07-04 01:14:49.334  5527  5540 W IPCThreadState: call to talkWithDriver in joinThreadPool returned error: -9 (Bad file descriptor), FD: -1
07-04 01:14:49.335  5527  5527 D AndroidRuntime: Shutting down VM
07-04 01:14:49.335  5527  5537 W IPCThreadState: call to talkWithDriver in joinThreadPool returned error: -9 (Bad file descriptor), FD: -1
07-04 01:14:49.339   708   708 W IPCThreadState: Sending oneway calls to frozen process.
07-04 01:14:49.342  1512  1537 I AiAiEcho: Settings changed for uri: content://settings/secure/accessibility_enabled
07-04 01:14:49.342   708   708 W IPCThreadState: Sending oneway calls to frozen process.
07-04 01:14:49.343   708   708 W IPCThreadState: Sending oneway calls to frozen process.
07-04 01:14:49.343  1512  2024 I AiAiEcho: Predicting[0]:  [CONTEXT sampling_count=5 ]
07-04 01:14:49.343  1512  2024 I AiAiEcho: EchoTargets: 
07-04 01:14:49.343  1512  2024 I AiAiEcho: Filtered by AiAi flag check: 
07-04 01:14:49.343  1512  2024 I AiAiEcho: [CONTEXT ratelimit_period="10 SECONDS" ]
07-04 01:14:49.343  1512  2024 I AiAiEcho: #remoteViewsTwiddler: feature disabled.
07-04 01:14:49.343   708   708 W IPCThreadState: Sending oneway calls to frozen process.
07-04 01:14:49.343   708   708 W IPCThreadState: Sending oneway calls to frozen process.
07-04 01:14:49.344  1512  2024 I AiAiEcho: Predicting[0]:  [CONTEXT sampling_count=5 ]
07-04 01:14:49.344  1512  2024 I AiAiEcho: EchoTargets: 
07-04 01:14:49.344  1512  2024 I AiAiEcho: Filtered by AiAi flag check: 
07-04 01:14:49.344  1512  2024 I AiAiEcho: [CONTEXT ratelimit_period="10 SECONDS" ]
07-04 01:14:49.344  1512  2024 I AiAiEcho: #remoteViewsTwiddler: feature disabled.
07-04 01:14:49.344   708   708 W IPCThreadState: Sending oneway calls to frozen process.
07-04 01:14:49.344   708   708 W IPCThreadState: Sending oneway calls to frozen process.
07-04 01:14:49.344  1512  2024 I AiAiEcho: #postPredictionTargets: Sending updates to UISurface home with targets# 0 (types=[])
07-04 01:14:49.344   708   708 W IPCThreadState: Sending oneway calls to frozen process.
07-04 01:14:49.344   708   708 W IPCThreadState: Sending oneway calls to frozen process.
07-04 01:14:49.345   708   708 W IPCThreadState: Sending oneway calls to frozen process.
07-04 01:14:49.345   708   708 W IPCThreadState: Sending oneway calls to frozen process.
07-04 01:14:49.345   708   708 W IPCThreadState: Sending oneway calls to frozen process.
07-04 01:14:49.345  1096  1096 D SsBaseTemplateCard: No text view can be set up
07-04 01:14:49.345  1096  1096 D SsBaseTemplateCard: Passed-in item info is null
07-04 01:14:49.345  1096  1096 D SsBaseTemplateCard: Passed-in item info is null
07-04 01:14:49.345  1096  1096 D SsBaseTemplateCard: Passed-in item info is null
07-04 01:14:49.345  1096  1096 I SsBaseTemplateCard: Secondary card pane is null
07-04 01:14:49.345  1512  2024 I AiAiEcho: #postPredictionTargets: Sending updates to UISurface lockscreen with targets# 0 (types=[])
07-04 01:14:49.346   962   962 W PageIndicator: Total number of pages invalid: 0. Assuming 1 page.
07-04 01:14:49.347   708   708 W IPCThreadState: Sending oneway calls to frozen process.
07-04 01:14:49.347   708   708 W IPCThreadState: Sending oneway calls to frozen process.
07-04 01:14:49.347   708   708 W IPCThreadState: Sending oneway calls to frozen process.
07-04 01:14:49.348   708   708 W IPCThreadState: Sending oneway calls to frozen process.
07-04 01:14:49.348   708   708 W IPCThreadState: Sending oneway calls to frozen process.
07-04 01:14:49.348   708   708 W IPCThreadState: Sending oneway calls to frozen process.
07-04 01:14:49.349   708   708 W IPCThreadState: Sending oneway calls to frozen process.
07-04 01:14:49.351  1461  1461 D WM-DelayedWorkTracker: Scheduling work 6260114c-2acd-492d-8f1b-13f05383ffaf
07-04 01:14:49.354  1461  1461 D WM-GreedyScheduler: Starting tracking for 6260114c-2acd-492d-8f1b-13f05383ffaf
07-04 01:14:49.355   708   708 D BatterySaverPolicy: accessibility changed to false, updating policy.
07-04 01:14:49.357  1461  1667 D WM-ConstraintTracker: BatteryNotLowTracker: initial state = true
07-04 01:14:49.357  1461  1667 D WM-BrdcstRcvrCnstrntTrc: BatteryNotLowTracker: registering receiver
07-04 01:14:49.360  1461  1667 D WM-GreedyScheduler: Constraints met: Scheduling work ID WorkGenerationalId(workSpecId=6260114c-2acd-492d-8f1b-13f05383ffaf, generation=0)
07-04 01:14:49.361  1461  1667 D WM-Processor: Processor: processing WorkGenerationalId(workSpecId=6260114c-2acd-492d-8f1b-13f05383ffaf, generation=0)
07-04 01:14:49.363  1461  1461 D WM-WorkerWrapper: Starting work for com.android.providers.media.photopicker.sync.ProactiveSyncWorker
07-04 01:14:49.364  1461  5541 I PSyncWorker: Starting proactive picker sync from sync source: 1
07-04 01:14:49.365  1461  5541 I PickerSyncTracker: Created new sync future java.util.concurrent.CompletableFuture@e22eff1[Not completed, 1 dependents]. Future map: {6260114c-2acd-492d-8f1b-13f05383ffaf=java.util.concurrent.CompletableFuture@e22eff1[Not completed, 1 dependents]}
07-04 01:14:49.365  1461  5541 D PickerSyncController: syncAllMediaFromProvider() LOCAL, auth=com.android.providers.media.photopicker, retry=true
07-04 01:14:49.365  1461  5541 D PickerSyncController: getSyncRequestParams() LOCAL, auth=com.android.providers.media.photopicker
07-04 01:14:49.366  1461  5541 D PickerSyncController:    Latest ID/Gen=4eb8212abf423e75:external_primary/543
07-04 01:14:49.367  1461  5541 D PickerSyncController:    Cached ID/Gen=4eb8212abf423e75:external_primary/527
07-04 01:14:49.367  1461  5541 D PickerSyncController:    RESULT=SyncRequestParams{type=MEDIA_INCREMENTAL, gen=527, latest=Bundle[{last_media_sync_generation=543, media_collection_id=4eb8212abf423e75:external_primary}], pageSize=1000}
07-04 01:14:49.367  1461  5541 I PickerSyncController: Executing SyncAdd. isLocal: true. authority: com.android.providers.media.photopicker
07-04 01:14:49.367  1461  5541 D PickerSyncLockManager: Trying to acquire lock com.android.providers.media.photopicker.sync.CloseableReentrantLock@cec4fdd[Unlocked]. Lock Name = CLOUD_PROVIDER_LOCK. Threads that may be waiting to acquire this lock = [] with timeout.
07-04 01:14:49.367  1461  5541 D CloseableReentrantLock: Successfully acquired lock com.android.providers.media.photopicker.sync.CloseableReentrantLock@cec4fdd[Locked by thread pool-4-thread-11]. Lock Name = CLOUD_PROVIDER_LOCK. Threads that may be waiting to acquire this lock = []
07-04 01:14:49.367  1461  5541 D CloseableReentrantLock: Successfully released lock com.android.providers.media.photopicker.sync.CloseableReentrantLock@cec4fdd[Unlocked]. Lock Name = CLOUD_PROVIDER_LOCK. Threads that may be waiting to acquire this lock = []
07-04 01:14:49.367  1461  5541 D ExternalDbFacade: Token received for queryMedia = null
07-04 01:14:49.367  1461  5541 D PickerSyncLockManager: Trying to acquire lock com.android.providers.media.photopicker.sync.CloseableReentrantLock@cec4fdd[Unlocked]. Lock Name = CLOUD_PROVIDER_LOCK. Threads that may be waiting to acquire this lock = [] with timeout.
07-04 01:14:49.367  1461  5541 D CloseableReentrantLock: Successfully acquired lock com.android.providers.media.photopicker.sync.CloseableReentrantLock@cec4fdd[Locked by thread pool-4-thread-11]. Lock Name = CLOUD_PROVIDER_LOCK. Threads that may be waiting to acquire this lock = []
07-04 01:14:49.367  1461  5541 D PickerSyncController: Clearing next page token for key: local_provider:media_add:resume
07-04 01:14:49.370  1461  5541 D CloseableReentrantLock: Successfully released lock com.android.providers.media.photopicker.sync.CloseableReentrantLock@cec4fdd[Unlocked]. Lock Name = CLOUD_PROVIDER_LOCK. Threads that may be waiting to acquire this lock = []
07-04 01:14:49.370  1461  5541 D PickerNotificationSender: Sending a notification for media update
07-04 01:14:49.373  1461  5541 D PickerNotificationSender: Sending a notification for merged album media update Favorites
07-04 01:14:49.374  1461  5541 D PickerNotificationSender: Sending a notification for album media update Favorites
07-04 01:14:49.374  1461  5541 D PickerNotificationSender: Sending a notification for merged album media update Videos
07-04 01:14:49.374  1461  5541 D PickerNotificationSender: Sending a notification for album media update Videos
07-04 01:14:49.375  1461  5541 I PickerSyncController: Paged sync successful. QueryArgs: Bundle[{android.provider.extra.SYNC_GENERATION=527, android.provider.extra.PAGE_SIZE=1000}] Total Rows: 0
07-04 01:14:49.375  1461  5541 I PickerSyncController: Executing SyncRemove. isLocal: true. authority: com.android.providers.media.photopicker
07-04 01:14:49.376  1461  5541 D PickerSyncLockManager: Trying to acquire lock com.android.providers.media.photopicker.sync.CloseableReentrantLock@cec4fdd[Unlocked]. Lock Name = CLOUD_PROVIDER_LOCK. Threads that may be waiting to acquire this lock = [] with timeout.
07-04 01:14:49.376  1461  5541 D CloseableReentrantLock: Successfully acquired lock com.android.providers.media.photopicker.sync.CloseableReentrantLock@cec4fdd[Locked by thread pool-4-thread-11]. Lock Name = CLOUD_PROVIDER_LOCK. Threads that may be waiting to acquire this lock = []
07-04 01:14:49.376  1461  5541 D CloseableReentrantLock: Successfully released lock com.android.providers.media.photopicker.sync.CloseableReentrantLock@cec4fdd[Unlocked]. Lock Name = CLOUD_PROVIDER_LOCK. Threads that may be waiting to acquire this lock = []
07-04 01:14:49.377  1461  5541 E PickerDbFacade: Could not get first date taken millis for media id: 66
07-04 01:14:49.377  1461  5541 W PickerDbFacade: Unable to promote cloud media with localId: 66
07-04 01:14:49.377  1461  5541 D PickerSyncLockManager: Trying to acquire lock com.android.providers.media.photopicker.sync.CloseableReentrantLock@cec4fdd[Unlocked]. Lock Name = CLOUD_PROVIDER_LOCK. Threads that may be waiting to acquire this lock = [] with timeout.
07-04 01:14:49.377  1461  5541 D CloseableReentrantLock: Successfully acquired lock com.android.providers.media.photopicker.sync.CloseableReentrantLock@cec4fdd[Locked by thread pool-4-thread-11]. Lock Name = CLOUD_PROVIDER_LOCK. Threads that may be waiting to acquire this lock = []
07-04 01:14:49.377  1461  5541 D PickerSyncController: Clearing next page token for key: local_provider:media_remove:resume
07-04 01:14:49.377  1461  5541 D CloseableReentrantLock: Successfully released lock com.android.providers.media.photopicker.sync.CloseableReentrantLock@cec4fdd[Unlocked]. Lock Name = CLOUD_PROVIDER_LOCK. Threads that may be waiting to acquire this lock = []
07-04 01:14:49.377  1461  5541 D PickerNotificationSender: Sending a notification for media update
07-04 01:14:49.379  1461  5541 D PickerNotificationSender: Sending a notification for merged album media update Favorites
07-04 01:14:49.379  1461  5541 D PickerNotificationSender: Sending a notification for album media update Favorites
07-04 01:14:49.380  1461  5541 D PickerNotificationSender: Sending a notification for merged album media update Videos
07-04 01:14:49.380  1461  5541 D PickerNotificationSender: Sending a notification for album media update Videos
07-04 01:14:49.381  1461  5541 I PickerSyncController: Paged sync successful. QueryArgs: Bundle[{android.provider.extra.SYNC_GENERATION=527, android.provider.extra.PAGE_SIZE=1000}] Total Rows: 0
07-04 01:14:49.382  1461  5541 I PickerSyncTracker: Marked sync future complete for work id: 6260114c-2acd-492d-8f1b-13f05383ffaf. Future map: {}
07-04 01:14:49.383  1461  5541 I PSyncWorker: Completed picker proactive sync complete from local provider.
07-04 01:14:49.384  1461  1667 I WM-WorkerWrapper: Worker result SUCCESS for Work [ id=6260114c-2acd-492d-8f1b-13f05383ffaf, tags={ com.android.providers.media.photopicker.sync.ProactiveSyncWorker } ]
07-04 01:14:49.385  1461  1461 D WM-Processor: Processor 6260114c-2acd-492d-8f1b-13f05383ffaf executed; reschedule = false
07-04 01:14:49.387  1461  1461 D WM-GreedyScheduler: Stopping tracking for WorkGenerationalId(workSpecId=6260114c-2acd-492d-8f1b-13f05383ffaf, generation=0)
07-04 01:14:49.396  1461  1667 D WM-GreedyScheduler: Cancelling work ID 6260114c-2acd-492d-8f1b-13f05383ffaf
07-04 01:14:49.397  1461  1667 D WM-GreedyScheduler: Ignoring {WorkSpec: 4ab35118-0008-4e0e-9667-4896f94f6ee7}. Requires device idle.
07-04 01:14:49.397  1461  1667 D WM-GreedyScheduler: Ignoring {WorkSpec: 5e0a924a-98f8-4d1c-b169-89fa94ec2302}. Requires device idle.
07-04 01:14:49.397  1461  1667 D WM-BrdcstRcvrCnstrntTrc: BatteryNotLowTracker: unregistering receiver
07-04 01:14:49.990   708  1870 W AppOps  : Noting op not finished: uid 10146 pkg com.google.android.gms code 113 startTime of in progress event=1783122480341
07-04 01:14:50.000   708  1457 W AppOps  : Noting op not finished: uid 10146 pkg com.google.android.gms code 79 startTime of in progress event=1783122496360
07-04 01:14:50.012  1294  2129 I ActivityScheduler: nextTriggerTime: 1892815, in 238100ms, detectorType: 39, FULL_TYPE alarmWindowMillis: 80000
07-04 01:14:50.290  1461  1726 W MediaProvider: Ignoring param:deletedata post U for external apps
07-04 01:14:50.293  1461  1726 I MediaProvider: Deleted 0 0 0 0 0 0 1 items on external_primary due to com.android.shell
07-04 01:14:50.373   708  1457 W ActivityTaskManager: callingPackage for (uid=2000, pid=5552) has no WPC
07-04 01:14:50.375   708  1457 V GrammaticalInflectionUtils: AttributionSource: AttributionSource { uid = 10220, packageName = null, attributionTag = null, token = android.os.Binder@1f74874, deviceId = 0, next = null } does not have READ_SYSTEM_GRAMMATICAL_GENDER permission.
07-04 01:14:50.376   708  1457 W OptProp : Cannot read opt property android.window.PROPERTY_COMPAT_ALLOW_USER_ASPECT_RATIO_OVERRIDE
07-04 01:14:50.376   708  1457 W OptProp : Cannot read opt property android.window.PROPERTY_COMPAT_ALLOW_USER_ASPECT_RATIO_FULLSCREEN_OVERRIDE
07-04 01:14:50.376   708  1457 W OptProp : Cannot read opt property android.window.PROPERTY_COMPAT_ALLOW_RESIZEABLE_ACTIVITY_OVERRIDES
07-04 01:14:50.376   708  1457 W OptProp : Cannot read opt property android.window.PROPERTY_COMPAT_ALLOW_MIN_ASPECT_RATIO_OVERRIDE
07-04 01:14:50.378   962   974 D KeyguardService: setOccluded(false)
07-04 01:14:50.378   708  1457 I ActivityTaskManager: START u0 {act=android.intent.action.VIEW dat=danio://qa/... flg=0x10000000 xflg=0x4 pkg=com.tiarnanlarkin.danio cmp=com.tiarnanlarkin.danio/.MainActivity} with LAUNCH_SINGLE_TOP from uid 2000 (BAL_ALLOW_PERMISSION) result code=3
07-04 01:14:50.379   563   577 I BpBinder: onLastStrongRef automatically unlinking death recipients: 
07-04 01:14:50.379   962   974 D KeyguardViewMediator: setOccluded(false)
07-04 01:14:50.381   962  1022 D WindowManagerShell: onActivityRestartAttempt: topActivity=ComponentInfo{com.tiarnanlarkin.danio/com.tiarnanlarkin.danio.MainActivity}, wasVisible=true
07-04 01:14:50.382   962   962 D KeyguardViewMediator: handleSetOccluded(false)
07-04 01:14:50.382   962   962 D KeyguardViewMediator: KeyguardViewMediator queue processing message: SET_OCCLUDED
07-04 01:14:50.386  4656  4656 I flutter : [QA] Deep link: danio://qa/lesson-quiz?state=selected-correct
07-04 01:14:50.395   708   739 W IPCThreadState: Sending oneway calls to frozen process.
07-04 01:14:50.396   708   739 W IPCThreadState: Sending oneway calls to frozen process.
07-04 01:14:50.396   708   739 W IPCThreadState: Sending oneway calls to frozen process.
07-04 01:14:50.396   708   739 W IPCThreadState: Sending oneway calls to frozen process.
07-04 01:14:50.396   708   739 W IPCThreadState: Sending oneway calls to frozen process.
07-04 01:14:50.396   708   739 W IPCThreadState: Sending oneway calls to frozen process.
07-04 01:14:50.396   708   739 W IPCThreadState: Sending oneway calls to frozen process.
07-04 01:14:50.396   708   739 W IPCThreadState: Sending oneway calls to frozen process.
07-04 01:14:50.396   708   739 W IPCThreadState: Sending oneway calls to frozen process.
07-04 01:14:50.396   708   739 W IPCThreadState: Sending oneway calls to frozen process.
07-04 01:14:50.396   708   739 W IPCThreadState: Sending oneway calls to frozen process.
07-04 01:14:50.396   708   739 W IPCThreadState: Sending oneway calls to frozen process.
07-04 01:14:50.396   708   739 W IPCThreadState: Sending oneway calls to frozen process.
07-04 01:14:50.396   708   739 W IPCThreadState: Sending oneway calls to frozen process.
07-04 01:14:50.396   708   739 W IPCThreadState: Sending oneway calls to frozen process.
07-04 01:14:50.396   708   739 W IPCThreadState: Sending oneway calls to frozen process.
07-04 01:14:50.396   708   739 W IPCThreadState: Sending oneway calls to frozen process.
07-04 01:14:50.396   708   739 W IPCThreadState: Sending oneway calls to frozen process.
07-04 01:14:50.396   708   739 W IPCThreadState: Sending oneway calls to frozen process.
07-04 01:14:50.396   708   739 W IPCThreadState: Sending oneway calls to frozen process.
07-04 01:14:50.396   708   739 W IPCThreadState: Sending oneway calls to frozen process.
07-04 01:14:50.396   708   739 W IPCThreadState: Sending oneway calls to frozen process.
07-04 01:14:50.396   708   739 W IPCThreadState: Sending oneway calls to frozen process.
07-04 01:14:50.396   708   739 W IPCThreadState: Sending oneway calls to frozen process.
07-04 01:14:50.397   708   739 W IPCThreadState: Sending oneway calls to frozen process.
07-04 01:14:50.397   708   739 W IPCThreadState: Sending oneway calls to frozen process.
07-04 01:14:50.397   708   739 W IPCThreadState: Sending oneway calls to frozen process.
07-04 01:14:50.397   708   739 W IPCThreadState: Sending oneway calls to frozen process.
07-04 01:14:50.397   708   739 W IPCThreadState: Sending oneway calls to frozen process.
07-04 01:14:50.397   708   739 W IPCThreadState: Sending oneway calls to frozen process.
07-04 01:14:50.397   708   739 W IPCThreadState: Sending oneway calls to frozen process.
07-04 01:14:50.397   708   739 W IPCThreadState: Sending oneway calls to frozen process.
07-04 01:14:50.397   708   739 W IPCThreadState: Sending oneway calls to frozen process.
07-04 01:14:50.397   708   739 W IPCThreadState: Sending oneway calls to frozen process.
07-04 01:14:50.397   708   739 W IPCThreadState: Sending oneway calls to frozen process.
07-04 01:14:50.397   708   739 W IPCThreadState: Sending oneway calls to frozen process.
07-04 01:14:50.397   708   739 W IPCThreadState: Sending oneway calls to frozen process.
07-04 01:14:50.397   708   739 W IPCThreadState: Sending oneway calls to frozen process.
07-04 01:14:50.397   708   739 W IPCThreadState: Sending oneway calls to frozen process.
07-04 01:14:50.397   708   739 W IPCThreadState: Sending oneway calls to frozen process.
07-04 01:14:50.397   708   739 W IPCThreadState: Sending oneway calls to frozen process.
07-04 01:14:50.465   708   863 D WifiClientModeImpl[26229:wlan0]: updateLinkLayerStatsRssiSpeedFrequencyCapabilities rssi=-50 TxLinkspeed=1 freq=2447 RxLinkSpeed=2
07-04 01:14:50.465   708   863 D WifiDataStall: tx tput in kbps: 11000
07-04 01:14:50.465   708   863 D WifiDataStall: rx tput in kbps: 11000
07-04 01:14:50.465   708   863 V WifiConfigManager: Updating scan detail cache freq=2447 BSSID=00:13:10:85:fe:01 RSSI=-50 for "AndroidWifi"NONE
07-04 01:14:50.466   708   863 D WifiThroughputPredictor:  utilization (LLS) 80 isBluetoothConnected: false final utilization: 80
07-04 01:14:50.466   708   863 D WifiThroughputPredictor:  BW: 0 RSSI: -50 Nss: 1 Mode: 1 symDur: 4000 snrDb 30 bitPerTone: 4500 rate: 54 throughput: 11
07-04 01:14:50.466   708   863 D WifiThroughputPredictor:  utilization (LLS) 80 isBluetoothConnected: false final utilization: 80
07-04 01:14:50.466   708   863 D WifiThroughputPredictor:  BW: 0 RSSI: -50 Nss: 1 Mode: 1 symDur: 4000 snrDb 30 bitPerTone: 4500 rate: 54 throughput: 11
07-04 01:14:50.466   708   863 D WifiThroughputPredictor:  utilization (LLS) 80 isBluetoothConnected: false final utilization: 80
07-04 01:14:50.466   708   863 D WifiThroughputPredictor:  BW: 0 RSSI: -50 Nss: 1 Mode: 1 symDur: 4000 snrDb 30 bitPerTone: 4500 rate: 54 throughput: 11
07-04 01:14:50.466   708   863 D WifiThroughputPredictor:  utilization (LLS) 80 isBluetoothConnected: false final utilization: 80
07-04 01:14:50.466   708   863 D WifiThroughputPredictor:  BW: 0 RSSI: -50 Nss: 1 Mode: 1 symDur: 4000 snrDb 30 bitPerTone: 4500 rate: 54 throughput: 11
07-04 01:14:50.467   708   863 D WifiScoreCard: BSSID update SIGNAL_POLL ID: 52320190 SSID: "AndroidWifi", BSSID: 00:13:10:85:fe:01, MAC: 02:15:b2:00:00:00, IP: /10.0.2.16, Security type: 0, Supplicant state: COMPLETED, Wi-Fi standard: legacy, RSSI: -50, Link speed: 1Mbps, Tx Link speed: 1Mbps, Max Supported Tx Link speed: 11Mbps, Rx Link speed: 2Mbps, Max Supported Rx Link speed: 11Mbps, Frequency: 2447MHz, Net ID: 0, Metered hint: false, score: 60, isUsable: true, CarrierMerged: false, SubscriptionId: -1, IsPrimary: 1, Trusted: true, Restricted: false, Ephemeral: false, OEM paid: false, OEM private: false, OSU AP: false, FQDN: <none>, Provider friendly name: <none>, Requesting package name: <none>"AndroidWifi"openMLO Information: , Is TID-To-Link negotiation supported by the AP: false, AP MLD Address: <none>, AP MLO Link Id: <none>, AP MLO Affiliated links: <none>, Vendor Data: <none>
07-04 01:14:50.467   708   863 D WifiScoreCard: txRate: 1 txSpeed: 1
07-04 01:14:50.467   708   863 D WifiScoreCard: network update SIGNAL_POLL "AndroidWifi" ID: 843735694 RSSI -50 txSpeed -1
07-04 01:14:50.467   708   863 D WifiClientModeImpl[26229:wlan0]:  ClientModeImpl$L2ConnectedState screen=on 1 0 "AndroidWifi" 00:13:10:85:fe:01 rssi=-50 f=2447 sc=60 link=1 tx=0.0, 0.0, 0.0 rx=0.0 bcn=0 [on:0 tx:0 rx:0 period:3007] from screen [on:0 period:712662627] score=60
07-04 01:14:50.564   708   757 I WifiService: isFeatureSupported uid=1000 returns [WIFI_FEATURE_INFRA, WIFI_FEATURE_P2P, WIFI_FEATURE_MOBILE_HOTSPOT, WIFI_FEATURE_WPA3_SAE, WIFI_FEATURE_WPA3_SUITE_B, WIFI_FEATURE_OWE, WIFI_FEATURE_DPP, WIFI_FEATURE_AP_RAND_MAC, WIFI_FEATURE_MBO, WIFI_FEATURE_FILS_SHA256, WIFI_FEATURE_FILS_SHA384, WIFI_FEATURE_SAE_PK, WIFI_FEATURE_DPP_ENROLLEE_RESPONDER, WIFI_FEATURE_PASSPOINT_TERMS_AND_CONDITIONS, WIFI_FEATURE_WFD_R2, WIFI_FEATURE_DECORATED_IDENTITY, WIFI_FEATURE_TRUST_ON_FIRST_USE, WIFI_FEATURE_SET_TLS_MINIMUM_VERSION, WIFI_FEATURE_TLS_V1_3, WIFI_FEATURE_WEP, WIFI_FEATURE_WPA_PERSONAL]
07-04 01:14:50.994   708  1457 W AppOps  : Noting op not finished: uid 10146 pkg com.google.android.gms code 113 startTime of in progress event=1783122480341
07-04 01:14:52.353   708   746 W IPCThreadState: Sending oneway calls to frozen process.
07-04 01:14:52.831   708  1870 D ActivityManager: sync unfroze 1459 com.google.android.gms for 6
07-04 01:14:52.858   708  1870 W ProcessStats: Tracking association SourceState{42b01ac com.google.android.gms.persistent/10146 ImpBg #3340} whose proc state 6 is better than process ProcessState{87fc55b com.google.android.gms/10146 pkg=com.google.android.gms} proc state 14 (0 skipped)
07-04 01:14:52.861  1294  5443 I NetworkScheduler.Stats: Task com.google.android.gms/com.google.android.gms.ipa.base.IpaGcmTaskService started execution. cause:9 exec_start_elapsed_seconds: 1657 [CONTEXT service_id=218 ]
07-04 01:14:52.875  1294  4337 I NetworkScheduler.Stats: Task com.google.android.gms/com.google.android.gms.ipa.base.IpaGcmTaskService finished executing. cause:9 result: 1 elapsed_millis: 48 uptime_millis: 48 exec_start_elapsed_seconds: 1657 [CONTEXT service_id=218 ]
07-04 01:14:53.126   948   948 D wpa_supplicant: nl80211: Drv Event 64 (NL80211_CMD_NOTIFY_CQM) received for wlan0
07-04 01:14:53.126   948   948 D wpa_supplicant: nl80211: Beacon loss event
07-04 01:14:53.126   948   948 D wpa_supplicant: wlan0: Event BEACON_LOSS (53) received
07-04 01:14:53.126   948   948 I wpa_supplicant: wlan0: CTRL-EVENT-BEACON-LOSS 
07-04 01:14:53.197  5556  5556 W screencap: Thread Pool max thread count is 0. Cannot cache binder as linkToDeath cannot be implemented. serviceName: SurfaceFlingerAIDL
07-04 01:14:53.199  5556  5556 W BpBinder: Linking to death on android.gui.ISurfaceComposer but there are no threads (yet?) listening to incoming transactions. See ProcessState::startThreadPool and ProcessState::setThreadPoolMaxThreadCount. Generally you should setup the binder threadpool before other initialization steps.
07-04 01:14:53.199  5556  5556 W ProcessState: Extra binder thread started, but 0 threads requested. Do not use *startThreadPool when zero threads are requested.
07-04 01:14:53.228   563  1175 E HwcComposer: getLuts failed Status(-8, EX_SERVICE_SPECIFIC): '8: '
07-04 01:14:53.228   563  1175 E HWComposer: getLuts: getLuts failed for display 4619827259835644672: UNSUPPORTED (8)
07-04 01:14:53.223     0     0 I servicemanager: Caller(pid=5556,uid=2000,sid=u:r:shell:s0) Found android.hardware.graphics.allocator.IAllocator/default in device VINTF manifest.
07-04 01:14:53.230     0     0 I servicemanager: Caller(pid=5556,uid=2000,sid=u:r:shell:s0) Found android.hardware.graphics.allocator.IAllocator/default in device VINTF manifest.
07-04 01:14:53.240     0     0 I servicemanager: Caller(pid=5556,uid=2000,sid=u:r:shell:s0) Found mapper/ranchu in device VINTF manifest.
07-04 01:14:53.322  1461  1726 W MediaProvider: isAppCloneUserPair for user 0: false
07-04 01:14:53.441   708  1560 I ActivityManager: Broadcasting: Intent { act=android.intent.action.MEDIA_SCANNER_SCAN_FILE dat=file:///... flg=0x400000 }
07-04 01:14:53.442   708  1560 I ActivityManager: Enqueued broadcast Intent { act=android.intent.action.MEDIA_SCANNER_SCAN_FILE dat=file:///... flg=0x400000 }: 0
07-04 01:14:53.444   708  1457 W JobInfo : Job 'com.google.android.providers.media.module/com.android.providers.media.MediaService#-300' has a deadline with no functional constraints. The deadline won't improve job execution latency. Consider removing the deadline.
07-04 01:14:53.449   708   736 I ActivityManager: Broadcast completed: result=0
07-04 01:14:53.452  1461  1961 I MediaProvider: Begin Intent { act=android.intent.action.MEDIA_SCANNER_SCAN_FILE dat=file:///... flg=0x1400010 cmp=com.google.android.providers.media.module/com.android.providers.media.MediaService }
07-04 01:14:53.459  1461  1961 I MediaProvider: End Intent { act=android.intent.action.MEDIA_SCANNER_SCAN_FILE dat=file:///... flg=0x1400010 cmp=com.google.android.providers.media.module/com.android.providers.media.MediaService }
07-04 01:14:53.468  1461  1666 D WM-SystemJobScheduler: Scheduling work ID ed5b55dc-1372-461f-b306-556692056fafJob ID 43
07-04 01:14:53.471   708   863 D WifiClientModeImpl[26229:wlan0]: updateLinkLayerStatsRssiSpeedFrequencyCapabilities rssi=-50 TxLinkspeed=1 freq=2447 RxLinkSpeed=2
07-04 01:14:53.471   708   863 D WifiDataStall: tx tput in kbps: 11000
07-04 01:14:53.474   708   863 D WifiDataStall: rx tput in kbps: 11000
07-04 01:14:53.475   708   863 V WifiConfigManager: Updating scan detail cache freq=2447 BSSID=00:13:10:85:fe:01 RSSI=-50 for "AndroidWifi"NONE
07-04 01:14:53.475   708   863 D WifiThroughputPredictor:  utilization (LLS) 80 isBluetoothConnected: false final utilization: 80
07-04 01:14:53.475  1461  1666 D WM-GreedyScheduler: Ignoring {WorkSpec: 4ab35118-0008-4e0e-9667-4896f94f6ee7}. Requires device idle.
07-04 01:14:53.475  1461  1666 D WM-GreedyScheduler: Ignoring {WorkSpec: 5e0a924a-98f8-4d1c-b169-89fa94ec2302}. Requires device idle.
07-04 01:14:53.475   708   863 D WifiThroughputPredictor:  BW: 0 RSSI: -50 Nss: 1 Mode: 1 symDur: 4000 snrDb 30 bitPerTone: 4500 rate: 54 throughput: 11
07-04 01:14:53.475   708   863 D WifiThroughputPredictor:  utilization (LLS) 80 isBluetoothConnected: false final utilization: 80
07-04 01:14:53.475   708   863 D WifiThroughputPredictor:  BW: 0 RSSI: -50 Nss: 1 Mode: 1 symDur: 4000 snrDb 30 bitPerTone: 4500 rate: 54 throughput: 11
07-04 01:14:53.475   708   863 D WifiThroughputPredictor:  utilization (LLS) 80 isBluetoothConnected: false final utilization: 80
07-04 01:14:53.475   708   863 D WifiThroughputPredictor:  BW: 0 RSSI: -50 Nss: 1 Mode: 1 symDur: 4000 snrDb 30 bitPerTone: 4500 rate: 54 throughput: 11
07-04 01:14:53.475   708   863 D WifiThroughputPredictor:  utilization (LLS) 80 isBluetoothConnected: false final utilization: 80
07-04 01:14:53.475   708   863 D WifiThroughputPredictor:  BW: 0 RSSI: -50 Nss: 1 Mode: 1 symDur: 4000 snrDb 30 bitPerTone: 4500 rate: 54 throughput: 11
07-04 01:14:53.475   708   863 D WifiScoreCard: BSSID update SIGNAL_POLL ID: 52320190 SSID: "AndroidWifi", BSSID: 00:13:10:85:fe:01, MAC: 02:15:b2:00:00:00, IP: /10.0.2.16, Security type: 0, Supplicant state: COMPLETED, Wi-Fi standard: legacy, RSSI: -50, Link speed: 1Mbps, Tx Link speed: 1Mbps, Max Supported Tx Link speed: 11Mbps, Rx Link speed: 2Mbps, Max Supported Rx Link speed: 11Mbps, Frequency: 2447MHz, Net ID: 0, Metered hint: false, score: 60, isUsable: true, CarrierMerged: false, SubscriptionId: -1, IsPrimary: 1, Trusted: true, Restricted: false, Ephemeral: false, OEM paid: false, OEM private: false, OSU AP: false, FQDN: <none>, Provider friendly name: <none>, Requesting package name: <none>"AndroidWifi"openMLO Information: , Is TID-To-Link negotiation supported by the AP: false, AP MLD Address: <none>, AP MLO Link Id: <none>, AP MLO Affiliated links: <none>, Vendor Data: <none>
07-04 01:14:53.475   708   863 D WifiScoreCard: txRate: 1 txSpeed: 1
07-04 01:14:53.475   708   863 D WifiScoreCard: network update SIGNAL_POLL "AndroidWifi" ID: 843735694 RSSI -50 txSpeed -1
07-04 01:14:53.475   708   863 D WifiClientModeImpl[26229:wlan0]:  ClientModeImpl$L2ConnectedState screen=on 1 0 "AndroidWifi" 00:13:10:85:fe:01 rssi=-50 f=2447 sc=60 link=1 tx=0.0, 0.0, 0.0 rx=0.0 bcn=0 [on:0 tx:0 rx:0 period:3008] from screen [on:0 period:712665635] score=60
07-04 01:14:53.592  1461  1724 W MediaProvider: Ignoring param:deletedata post U for external apps
07-04 01:14:53.595  1461  1724 I MediaProvider: Deleted 0 1 0 0 0 0 0 items on external_primary due to com.android.shell
07-04 01:14:53.772  5566  5566 D AndroidRuntime: >>>>>> START com.android.internal.os.RuntimeInit uid 2000 <<<<<<
07-04 01:14:53.780  5566  5566 I AndroidRuntime: Using default boot image
07-04 01:14:53.780  5566  5566 I AndroidRuntime: Leaving lock profiling enabled
07-04 01:14:53.784  5566  5566 I app_process: Core platform API reporting enabled, enforcing=false
07-04 01:14:53.786  5566  5566 I app_process: Using CollectorTypeCMC GC.
07-04 01:14:53.912  5566  5566 D nativeloader: InitDefaultPublicLibraries for_preload=1: libandroid.so:libaaudio.so:libamidi.so:libbinder_ndk.so:libc.so:libcamera2ndk.so:libdl.so:libEGL.so:libGLESv1_CM.so:libGLESv2.so:libGLESv3.so:libicu.so:libicui18n.so:libicuuc.so:libjnigraphics.so:liblog.so:libmediandk.so:libm.so:libnativehelper.so:libnativewindow.so:libOpenMAXAL.so:libOpenSLES.so:libRS.so:libstdc++.so:libsync.so:libvulkan.so:libwebviewchromium_plat_support.so:libz.so
07-04 01:14:53.928  5566  5566 D nativeloader: Load libicu_jni.so using APEX ns com_android_art for caller /apex/com.android.art/javalib/core-oj.jar: ok
07-04 01:14:53.929  5566  5566 D app_process: u_setTimeZoneFilesDirectory("/apex/com.android.tzdata/etc/tz/versioned/9/icu") succeeded. 
07-04 01:14:53.929  5566  5566 D app_process: I18n APEX ICU file found: /apex/com.android.i18n/etc/icu/icudt76l.dat
07-04 01:14:53.931  5566  5566 D nativeloader: Load libjavacore.so using APEX ns com_android_art for caller /apex/com.android.art/javalib/core-oj.jar: ok
07-04 01:14:53.932  5566  5566 D nativeloader: Load libopenjdk.so using APEX ns com_android_art for caller /apex/com.android.art/javalib/core-oj.jar: ok
07-04 01:14:53.935  5566  5566 W app_process: Unexpected CPU variant for x86: x86_64.
07-04 01:14:53.935  5566  5566 W app_process: Known variants: atom, sandybridge, silvermont, goldmont, goldmont-plus, goldmont-without-sha-xsaves, tremont, kabylake, alderlake, default
07-04 01:14:53.937  5566  5566 W app_process: ClassLoaderContext shared library size mismatch. Expected=2, found=0 (PCL[]{PCL[/system/framework/android.test.base.jar*2789897741]#PCL[/system/framework/android.test.mock.jar*3361312393]} | PCL[])
07-04 01:14:53.940  5566  5566 W app_process: ClassLoaderContext classpath size mismatch. expected=0, found=1 (PCL[]{PCL[/system/framework/android.test.runner.jar*895143020]#PCL[/system/framework/android.test.base.jar*2789897741]} | PCL[/system/framework/android.test.runner.jar*895143020])
07-04 01:14:53.981  5566  5566 D nativeloader: Load libframework-connectivity-tiramisu-jni.so using APEX ns com_android_tethering for caller /apex/com.android.tethering/javalib/framework-connectivity-t.jar: ok
07-04 01:14:53.983  5566  5566 D AndroidRuntime: Calling main entry com.android.commands.uiautomator.Launcher
07-04 01:14:53.992  5566  5566 I AconfigPackage: android.media.swcodec.flags is mapped to com.android.media.swcodec
07-04 01:14:53.993  5566  5566 I AconfigPackage: com.google.android.settings.simplemode.flags is mapped to system_ext
07-04 01:14:53.993  5566  5566 I AconfigPackage: com.google.android.systemui is mapped to system_ext
07-04 01:14:53.993  5566  5566 I AconfigPackage: com.google.android.apps.nexuslauncher is mapped to system_ext
07-04 01:14:53.993  5566  5566 I AconfigPackage: com.android.settings.accessibility is mapped to system_ext
07-04 01:14:53.994  5566  5566 I AconfigPackage: com.android.settings.flags is mapped to system_ext
07-04 01:14:53.994  5566  5566 I AconfigPackage: com.google.android.apps.miphone.aiai.matchmaker.overview.ui is mapped to system_ext
07-04 01:14:53.994  5566  5566 I AconfigPackage: com.google.android.settings.flags is mapped to system_ext
07-04 01:14:53.994  5566  5566 I AconfigPackage: com.android.launcher3 is mapped to system_ext
07-04 01:14:53.994  5566  5566 I AconfigPackage: com.android.wallpaper is mapped to system_ext
07-04 01:14:53.994  5566  5566 I AconfigPackage: com.android.settings.media_drm is mapped to system_ext
07-04 01:14:53.994  5566  5566 I AconfigPackage: com.android.systemui.accessibility.accessibilitymenu is mapped to system_ext
07-04 01:14:53.994  5566  5566 I AconfigPackage: com.android.settings.keyboard is mapped to system_ext
07-04 01:14:53.994  5566  5566 I AconfigPackage: com.android.server.policy.feature.flags is mapped to system_ext
07-04 01:14:53.994  5566  5566 I AconfigPackage: com.android.settings.factory_reset is mapped to system_ext
07-04 01:14:53.994  5566  5566 I AconfigPackage: com.google.android.haptics.flags is mapped to system_ext
07-04 01:14:53.994  5566  5566 I AconfigPackage: com.android.permission.flags is mapped to com.android.permission
07-04 01:14:53.994  5566  5566 I AconfigPackage: com.android.icu is mapped to com.android.i18n
07-04 01:14:53.994  5566  5566 I AconfigPackage: com.android.appsearch.flags is mapped to com.android.appsearch
07-04 01:14:53.994  5566  5566 I AconfigPackage: android.uprobestats.mainline.flags is mapped to com.android.uprobestats
07-04 01:14:53.994  5566  5566 I AconfigPackage: android.provider.flags is mapped to com.android.configinfrastructure
07-04 01:14:53.994  5566  5566 I AconfigPackage: com.android.server.deviceconfig is mapped to com.android.configinfrastructure
07-04 01:14:53.994  5566  5566 I AconfigPackage: com.android.nfc.flags is mapped to system
07-04 01:14:53.994  5566  5566 I AconfigPackage: android.app.admin.flags is mapped to system
07-04 01:14:53.994  5566  5566 I AconfigPackage: android.database.sqlite is mapped to system
07-04 01:14:53.994  5566  5566 I AconfigPackage: com.android.providers.calendar is mapped to system
07-04 01:14:53.994  5566  5566 I AconfigPackage: com.android.server.power.feature.flags is mapped to system
07-04 01:14:53.994  5566  5566 I AconfigPackage: com.android.media.performance.flags is mapped to system
07-04 01:14:53.994  5566  5566 I AconfigPackage: android.app.contextualsearch.flags is mapped to system
07-04 01:14:53.995  5566  5566 I AconfigPackage: android.app.ondeviceintelligence.flags is mapped to system
07-04 01:14:53.995  5566  5566 I AconfigPackage: com.android.media.projection.flags is mapped to system
07-04 01:14:53.995  5566  5566 I AconfigPackage: android.companion is mapped to system
07-04 01:14:53.995  5566  5566 I AconfigPackage: android.service.controls.flags is mapped to system
07-04 01:14:53.995  5566  5566 I AconfigPackage: com.android.text.flags is mapped to system
07-04 01:14:53.995  5566  5566 I AconfigPackage: com.android.providers.contactkeys.flags is mapped to system
07-04 01:14:53.995  5566  5566 I AconfigPackage: com.android.intentresolver is mapped to system
07-04 01:14:53.995  5566  5566 I AconfigPackage: android.companion.virtualdevice.flags is mapped to system
07-04 01:14:53.995  5566  5566 I AconfigPackage: android.uprobestats.flags is mapped to system
07-04 01:14:53.995  5566  5566 I AconfigPackage: com.android.net.thread.platform.flags is mapped to system
07-04 01:14:53.995  5566  5566 I AconfigPackage: android.view.contentprotection.flags is mapped to system
07-04 01:14:53.995  5566  5566 I AconfigPackage: com.android.server.dreams is mapped to system
07-04 01:14:53.995  5566  5566 I AconfigPackage: com.android.graphics.surfaceflinger.flags is mapped to system
07-04 01:14:53.995  5566  5566 I AconfigPackage: com.android.hardware.input is mapped to system
07-04 01:14:53.995  5566  5566 I AconfigPackage: android.sdk is mapped to system
07-04 01:14:53.995  5566  5566 I AconfigPackage: com.android.input.flags is mapped to system
07-04 01:14:53.995  5566  5566 I AconfigPackage: android.tracing is mapped to system
07-04 01:14:53.995  5566  5566 I AconfigPackage: com.android.server.biometrics is mapped to system
07-04 01:14:53.995  5566  5566 I AconfigPackage: android.view.contentcapture.flags is mapped to system
07-04 01:14:53.995  5566  5566 I AconfigPackage: android.app.job is mapped to system
07-04 01:14:53.995  5566  5566 I AconfigPackage: android.content.res is mapped to system
07-04 01:14:53.995  5566  5566 I AconfigPackage: android.net.platform.flags is mapped to system
07-04 01:14:53.995  5566  5566 I AconfigPackage: com.android.aconfig.flags is mapped to system
07-04 01:14:53.995  5566  5566 I AconfigPackage: com.android.graphics.flags is mapped to system
07-04 01:14:53.995  5566  5566 I AconfigPackage: android.server.app is mapped to system
07-04 01:14:53.995  5566  5566 I AconfigPackage: android.speech.flags is mapped to system
07-04 01:14:53.995  5566  5566 I AconfigPackage: com.android.server.stats is mapped to system
07-04 01:14:53.995  5566  5566 I AconfigPackage: android.hardware.biometrics is mapped to system
07-04 01:14:53.995  5566  5566 I AconfigPackage: android.car.feature is mapped to system
07-04 01:14:53.995  5566  5566 I AconfigPackage: android.adpf is mapped to system
07-04 01:14:53.995  5566  5566 I AconfigPackage: android.location.flags is mapped to system
07-04 01:14:53.995  5566  5566 I AconfigPackage: com.android.settingslib.flags is mapped to system
07-04 01:14:53.995  5566  5566 I AconfigPackage: com.android.managedprovisioning.flags is mapped to system
07-04 01:14:53.995  5566  5566 I AconfigPackage: android.app.assist.flags is mapped to system
07-04 01:14:53.995  5566  5566 I AconfigPackage: com.android.server.net is mapped to system
07-04 01:14:53.995  5566  5566 I AconfigPackage: com.android.settingslib.widget.flags is mapped to system
07-04 01:14:53.995  5566  5566 I AconfigPackage: com.android.internal.camera.flags is mapped to system
07-04 01:14:53.995  5566  5566 I AconfigPackage: com.android.hardware.libsensor.flags is mapped to system
07-04 01:14:53.995  5566  5566 I AconfigPackage: com.android.internal.jank is mapped to system
07-04 01:14:53.995  5566  5566 I AconfigPackage: com.android.providers.settings is mapped to system
07-04 01:14:53.996  5566  5566 I AconfigPackage: android.multiuser is mapped to system
07-04 01:14:53.996  5566  5566 I AconfigPackage: com.android.server.power.optimization is mapped to system
07-04 01:14:53.996  5566  5566 I AconfigPackage: com.android.calllogbackup is mapped to system
07-04 01:14:53.996  5566  5566 I AconfigPackage: com.android.media.flags is mapped to system
07-04 01:14:53.996  5566  5566 I AconfigPackage: com.android.server.flags is mapped to system
07-04 01:14:53.996  5566  5566 I AconfigPackage: com.android.graphics.libvulkan.flags is mapped to system
07-04 01:14:53.996  5566  5566 I AconfigPackage: android.app.appfunctions.flags is mapped to system
07-04 01:14:53.996  5566  5566 I AconfigPackage: android.app.smartspace.flags is mapped to system
07-04 01:14:53.996  5566  5566 I AconfigPackage: com.android.providers.contacts.flags is mapped to system
07-04 01:14:53.996  5566  5566 I AconfigPackage: com.android.shell.flags is mapped to system
07-04 01:14:53.996  5566  5566 I AconfigPackage: com.android.media.aaudio is mapped to system
07-04 01:14:53.996  5566  5566 I AconfigPackage: android.hardware.radio is mapped to system
07-04 01:14:53.996  5566  5566 I AconfigPackage: com.google.wear.services.infra.flags is mapped to system
07-04 01:14:53.996  5566  5566 I AconfigPackage: suspend_service.flags is mapped to system
07-04 01:14:53.996  5566  5566 I AconfigPackage: android.media.midi is mapped to system
07-04 01:14:53.996  5566  5566 I AconfigPackage: com.android.libcore.readonly is mapped to system
07-04 01:14:53.996  5566  5566 I AconfigPackage: com.android.settingslib.widget.selectorwithwidgetpreference.flags is mapped to system
07-04 01:14:53.996  5566  5566 I AconfigPackage: android.service.notification is mapped to system
07-04 01:14:53.996  5566  5566 I AconfigPackage: com.android.systemui.shared is mapped to system
07-04 01:14:53.996  5566  5566 I AconfigPackage: android.app.jank is mapped to system
07-04 01:14:53.996  5566  5566 I AconfigPackage: android.app.wearable is mapped to system
07-04 01:14:53.996  5566  5566 I AconfigPackage: com.android.media.audio is mapped to system
07-04 01:14:53.996  5566  5566 I AconfigPackage: android.service.chooser is mapped to system
07-04 01:14:53.996  5566  5566 I AconfigPackage: com.android.server.compat is mapped to system
07-04 01:14:53.996  5566  5566 I AconfigPackage: com.android.server.alarm is mapped to system
07-04 01:14:53.996  5566  5566 I AconfigPackage: com.android.apex.flags is mapped to system
07-04 01:14:53.996  5566  5566 I AconfigPackage: android.service.quickaccesswallet is mapped to system
07-04 01:14:53.996  5566  5566 I AconfigPackage: android.app.usage is mapped to system
07-04 01:14:53.996  5566  5566 I AconfigPackage: com.android.server.accessibility is mapped to system
07-04 01:14:53.996  5566  5566 I AconfigPackage: android.app.supervision.flags is mapped to system
07-04 01:14:53.996  5566  5566 I AconfigPackage: com.android.server.utils is mapped to system
07-04 01:14:53.996  5566  5566 I AconfigPackage: android.chre.flags is mapped to system
07-04 01:14:53.996  5566  5566 I AconfigPackage: android.content.flags is mapped to system
07-04 01:14:53.996  5566  5566 I AconfigPackage: android.media.codec is mapped to system
07-04 01:14:53.996  5566  5566 I AconfigPackage: com.android.internal.os is mapped to system
07-04 01:14:53.996  5566  5566 I AconfigPackage: com.android.nfc.nci.flags is mapped to system
07-04 01:14:53.996  5566  5566 I AconfigPackage: android.app is mapped to system
07-04 01:14:53.996  5566  5566 I AconfigPackage: android.security.keystore2 is mapped to system
07-04 01:14:53.996  5566  5566 I AconfigPackage: android.crashrecovery.flags is mapped to system
07-04 01:14:53.996  5566  5566 I AconfigPackage: com.android.tradeinmode.flags is mapped to system
07-04 01:14:53.996  5566  5566 I AconfigPackage: android.hardware.flags is mapped to system
07-04 01:14:53.996  5566  5566 I AconfigPackage: com.android.server.telecom.flags is mapped to system
07-04 01:14:53.996  5566  5566 I AconfigPackage: com.android.settingslib.media.flags is mapped to system
07-04 01:14:53.996  5566  5566 I AconfigPackage: com.android.server.policy is mapped to system
07-04 01:14:53.996  5566  5566 I AconfigPackage: android.media.audiopolicy is mapped to system
07-04 01:14:53.996  5566  5566 I AconfigPackage: com.android.egg.flags is mapped to system
07-04 01:14:53.996  5566  5566 I AconfigPackage: com.android.internal.compat.flags is mapped to system
07-04 01:14:53.996  5566  5566 I AconfigPackage: android.security is mapped to system
07-04 01:14:53.996  5566  5566 I AconfigPackage: android.service.autofill is mapped to system
07-04 01:14:53.996  5566  5566 I AconfigPackage: com.example.android.aconfig.demo.flags is mapped to system
07-04 01:14:53.996  5566  5566 I AconfigPackage: android.view.flags is mapped to system
07-04 01:14:53.996  5566  5566 I AconfigPackage: android.companion.virtual.flags is mapped to system
07-04 01:14:53.996  5566  5566 I AconfigPackage: com.android.aconfig_new_storage is mapped to system
07-04 01:14:53.996  5566  5566 I AconfigPackage: com.android.server.feature.flags is mapped to system
07-04 01:14:53.996  5566  5566 I AconfigPackage: com.android.systemui is mapped to system
07-04 01:14:53.996  5566  5566 I AconfigPackage: com.android.server.power.batterysaver is mapped to system
07-04 01:14:53.996  5566  5566 I AconfigPackage: android.widget.flags is mapped to system
07-04 01:14:53.996  5566  5566 I AconfigPackage: com.android.media.editing.flags is mapped to system
07-04 01:14:53.996  5566  5566 I AconfigPackage: com.android.media.codec.flags is mapped to system
07-04 01:14:53.996  5566  5566 I AconfigPackage: com.android.server.powerstats is mapped to system
07-04 01:14:53.996  5566  5566 I AconfigPackage: com.android.graphics.egl.flags is mapped to system
07-04 01:14:53.996  5566  5566 I AconfigPackage: com.android.media.audioserver is mapped to system
07-04 01:14:53.996  5566  5566 I AconfigPackage: com.android.server.deviceidle is mapped to system
07-04 01:14:53.996  5566  5566 I AconfigPackage: android.nfc is mapped to system
07-04 01:14:53.996  5566  5566 I AconfigPackage: android.permission.flags is mapped to system
07-04 01:14:53.996  5566  5566 I AconfigPackage: android.service.voice.flags is mapped to system
07-04 01:14:53.996  5566  5566 I AconfigPackage: android.content.pm is mapped to system
07-04 01:14:53.996  5566  5566 I AconfigPackage: com.android.server.power.hint is mapped to system
07-04 01:14:53.996  5566  5566 I AconfigPackage: android.os is mapped to system
07-04 01:14:53.996  5566  5566 I AconfigPackage: android.service.dreams is mapped to system
07-04 01:14:53.996  5566  5566 I AconfigPackage: com.android.graphics.libgui.flags is mapped to system
07-04 01:14:53.996  5566  5566 I AconfigPackage: android.hardware.usb.flags is mapped to system
07-04 01:14:53.996  5566  5566 I AconfigPackage: android.provider is mapped to system
07-04 01:14:53.996  5566  5566 I AconfigPackage: com.android.server.job is mapped to system
07-04 01:14:53.996  5566  5566 I AconfigPackage: com.android.internal.foldables.flags is mapped to system
07-04 01:14:53.996  5566  5566 I AconfigPackage: com.android.internal.telephony.flags is mapped to system
07-04 01:14:53.996  5566  5566 I AconfigPackage: android.webkit is mapped to system
07-04 01:14:53.996  5566  5566 I AconfigPackage: android.credentials.flags is mapped to system
07-04 01:14:53.996  5566  5566 I AconfigPackage: com.android.server.display.feature.flags is mapped to system
07-04 01:14:53.996  5566  5566 I AconfigPackage: com.android.server.notification is mapped to system
07-04 01:14:53.996  5566  5566 I AconfigPackage: android.appwidget.flags is mapped to system
07-04 01:14:53.996  5566  5566 I AconfigPackage: com.android.frameworks.sensorservice.flags is mapped to system
07-04 01:14:53.996  5566  5566 I AconfigPackage: com.android.printspooler.flags is mapped to system
07-04 01:14:53.996  5566  5566 I AconfigPackage: com.android.window.flags is mapped to system
07-04 01:14:53.996  5566  5566 I AconfigPackage: android.adaptiveauth is mapped to system
07-04 01:14:53.996  5566  5566 I AconfigPackage: android.net.wifi.flags is mapped to system
07-04 01:14:53.996  5566  5566 I AconfigPackage: android.media.tv.flags is mapped to system
07-04 01:14:53.996  5566  5566 I AconfigPackage: com.android.server.usb.flags is mapped to system
07-04 01:14:53.996  5566  5566 I AconfigPackage: android.os.vibrator is mapped to system
07-04 01:14:53.996  5566  5566 I AconfigPackage: android.hardware.devicestate.feature.flags is mapped to system
07-04 01:14:53.996  5566  5566 I AconfigPackage: com.android.server.usage is mapped to system
07-04 01:14:53.996  5566  5566 I AconfigPackage: android.server is mapped to system
07-04 01:14:53.996  5566  5566 I AconfigPackage: com.android.wm.shell is mapped to system
07-04 01:14:53.996  5566  5566 I AconfigPackage: android.view.inputmethod is mapped to system
07-04 01:14:53.997  5566  5566 I AconfigPackage: com.android.graphics.hwui.flags is mapped to system
07-04 01:14:53.997  5566  5566 I AconfigPackage: com.android.server.backup is mapped to system
07-04 01:14:53.997  5566  5566 I AconfigPackage: com.android.internal.pm.pkg.component.flags is mapped to system
07-04 01:14:53.997  5566  5566 I AconfigPackage: android.view.accessibility is mapped to system
07-04 01:14:53.997  5566  5566 I AconfigPackage: com.google.wear.sdk is mapped to system
07-04 01:14:53.997  5566  5566 I AconfigPackage: android.media.audio is mapped to system
07-04 01:14:53.997  5566  5566 I AconfigPackage: com.android.server.am is mapped to system
07-04 01:14:53.997  5566  5566 I AconfigPackage: com.android.media.playback.flags is mapped to system
07-04 01:14:54.003  5566  5566 I AconfigPackage: com.android.art.flags is mapped to com.android.art
07-04 01:14:54.003  5566  5566 I AconfigPackage: com.android.libcore is mapped to com.android.art
07-04 01:14:54.003  5566  5566 I AconfigPackage: com.android.media.extractor.flags is mapped to com.android.media
07-04 01:14:54.003  5566  5566 I AconfigPackage: com.android.media.mainline.flags is mapped to com.android.media
