07-04 01:15:26.251  5750  5750 I AconfigPackage: com.android.art.flags is mapped to com.android.art
07-04 01:15:26.251  5750  5750 I AconfigPackage: com.android.libcore is mapped to com.android.art
07-04 01:15:26.251  5750  5750 I AconfigPackage: com.android.media.extractor.flags is mapped to com.android.media
07-04 01:15:26.251  5750  5750 I AconfigPackage: com.android.media.mainline.flags is mapped to com.android.media
07-04 01:15:26.251  5750  5750 I AconfigPackage: com.android.wifi.flags is mapped to com.android.wifi
07-04 01:15:26.251  5750  5750 I AconfigPackage: com.android.org.conscrypt.flags is mapped to com.android.conscrypt
07-04 01:15:26.251  5750  5750 I AconfigPackage: com.android.healthfitness.flags is mapped to com.android.healthfitness
07-04 01:15:26.251  5750  5750 I AconfigPackage: com.google.android.input.twoshay.flags is mapped to vendor
07-04 01:15:26.251  5750  5750 I AconfigPackage: libgooglecamerahal.flags is mapped to vendor
07-04 01:15:26.251  5750  5750 I AconfigPackage: com.android.ipsec.flags is mapped to com.android.ipsec
07-04 01:15:26.251  5750  5750 I AconfigPackage: com.android.nfc.module.flags is mapped to com.android.nfcservices
07-04 01:15:26.251  5750  5750 I AconfigPackage: com.android.adservices.ondevicepersonalization.flags is mapped to com.android.ondevicepersonalization
07-04 01:15:26.252  5750  5750 I AconfigPackage: com.android.bluetooth.flags is mapped to com.android.bt
07-04 01:15:26.252  5750  5750 I AconfigPackage: com.android.devicelock.flags is mapped to com.android.devicelock
07-04 01:15:26.252  5750  5750 I AconfigPackage: android.os.profiling is mapped to com.android.profiling
07-04 01:15:26.252  5750  5750 I AconfigPackage: com.android.os.statsd.flags is mapped to com.android.os.statsd
07-04 01:15:26.252  5750  5750 I AconfigPackage: com.android.cellbroadcastreceiver.flags is mapped to com.android.cellbroadcast
07-04 01:15:26.252  5750  5750 I AconfigPackage: com.android.adservices.flags is mapped to com.android.adservices
07-04 01:15:26.252  5750  5750 I AconfigPackage: com.android.sdksandbox.flags is mapped to com.android.adservices
07-04 01:15:26.252  5750  5750 I AconfigPackage: com.android.uwb.flags is mapped to com.android.uwb
07-04 01:15:26.252  5750  5750 I AconfigPackage: com.android.ranging.flags is mapped to com.android.uwb
07-04 01:15:26.252  5750  5750 I AconfigPackage: android.graphics.pdf.flags is mapped to com.android.mediaprovider
07-04 01:15:26.252  5750  5750 I AconfigPackage: com.android.providers.media.flags is mapped to com.android.mediaprovider
07-04 01:15:26.252  5750  5750 I AconfigPackage: android.graphics.pdf.flags.readonly is mapped to com.android.mediaprovider
07-04 01:15:26.252  5750  5750 I AconfigPackage: com.android.net.ct.flags is mapped to com.android.tethering
07-04 01:15:26.252  5750  5750 I AconfigPackage: com.android.net.flags is mapped to com.android.tethering
07-04 01:15:26.252  5750  5750 I AconfigPackage: android.net.vcn is mapped to com.android.tethering
07-04 01:15:26.252  5750  5750 I AconfigPackage: com.android.nearby.flags is mapped to com.android.tethering
07-04 01:15:26.252  5750  5750 I AconfigPackage: android.net.http is mapped to com.android.tethering
07-04 01:15:26.252  5750  5750 I AconfigPackage: com.android.net.thread.flags is mapped to com.android.tethering
07-04 01:15:26.253  5750  5750 I AconfigPackage: com.android.system.virtualmachine.flags is mapped to com.android.virt
07-04 01:15:26.253  5750  5750 E FeatureFlagsImplExport: android.os.flagging.AconfigStorageReadException: ERROR_PACKAGE_NOT_FOUND: package android.xr cannot be found on the device
07-04 01:15:26.256  5750  5750 D UiAutomationConnection: Created on user UserHandle{0}
07-04 01:15:26.256  5750  5750 I UiAutomation: Initialized for user 0 on display 0
07-04 01:15:26.256  5750  5750 W UiAutomation: Created with deprecatead constructor, assumes DEFAULT_DISPLAY
07-04 01:15:26.258   708  1560 D AccessibilityManagerService: changeCurrentUserForTestAutomationIfNeededLocked(0): ignoring because device doesn't support visible background users
07-04 01:15:26.258   708  1560 I UiAutomationManager: Registering UiTestAutomationService (id=com.android.server.accessibility/UiAutomation, flags=0x0) when called by user 0
07-04 01:15:26.258   708  1560 V AccessibilityManagerService: onUserStateChangedLocked for userId: 0, forceUpdate: false
07-04 01:15:26.259   708  1560 W MagnificationConnectionManager: requestConnection duplicated request: connect=false, mConnectionState=DISCONNECTED
07-04 01:15:26.260  1512  2141 I AiAiEcho: Settings changed for uri: content://settings/secure/accessibility_enabled
07-04 01:15:26.261  1512  2024 I AiAiEcho: Predicting[0]:  [CONTEXT sampling_count=5 ]
07-04 01:15:26.261  1512  2024 I AiAiEcho: EchoTargets: 
07-04 01:15:26.261  1512  2024 I AiAiEcho: Filtered by AiAi flag check: 
07-04 01:15:26.261  1512  2024 I AiAiEcho: [CONTEXT ratelimit_period="10 SECONDS" ]
07-04 01:15:26.261  1512  2024 I AiAiEcho: #remoteViewsTwiddler: feature disabled.
07-04 01:15:26.262  1512  2024 I AiAiEcho: Predicting[0]:  [CONTEXT sampling_count=5 ]
07-04 01:15:26.262  1512  2024 I AiAiEcho: EchoTargets: 
07-04 01:15:26.262  1512  2024 I AiAiEcho: Filtered by AiAi flag check: 
07-04 01:15:26.262  1512  2024 I AiAiEcho: [CONTEXT ratelimit_period="10 SECONDS" ]
07-04 01:15:26.262  1512  2024 I AiAiEcho: #remoteViewsTwiddler: feature disabled.
07-04 01:15:26.264   708   708 W IPCThreadState: Sending oneway calls to frozen process.
07-04 01:15:26.264   708   708 W IPCThreadState: Sending oneway calls to frozen process.
07-04 01:15:26.264   708   708 W IPCThreadState: Sending oneway calls to frozen process.
07-04 01:15:26.264   708   708 W IPCThreadState: Sending oneway calls to frozen process.
07-04 01:15:26.264   708   708 W IPCThreadState: Sending oneway calls to frozen process.
07-04 01:15:26.265   708   708 W IPCThreadState: Sending oneway calls to frozen process.
07-04 01:15:26.265   708   708 W IPCThreadState: Sending oneway calls to frozen process.
07-04 01:15:26.265   708   708 W IPCThreadState: Sending oneway calls to frozen process.
07-04 01:15:26.265   708   708 W IPCThreadState: Sending oneway calls to frozen process.
07-04 01:15:26.265   708   708 W IPCThreadState: Sending oneway calls to frozen process.
07-04 01:15:26.265   708   708 W IPCThreadState: Sending oneway calls to frozen process.
07-04 01:15:26.265   708   708 W IPCThreadState: Sending oneway calls to frozen process.
07-04 01:15:26.265   708   708 W IPCThreadState: Sending oneway calls to frozen process.
07-04 01:15:26.265   708   708 W IPCThreadState: Sending oneway calls to frozen process.
07-04 01:15:26.267  5750  5762 V UiAutomation: Init UiAutomation@e40277a[id=36, displayId=0, flags=0]
07-04 01:15:26.268   708   708 W IPCThreadState: Sending oneway calls to frozen process.
07-04 01:15:26.268   708   708 W IPCThreadState: Sending oneway calls to frozen process.
07-04 01:15:26.269   708   708 W IPCThreadState: Sending oneway calls to frozen process.
07-04 01:15:26.270   708  1560 V AccessibilityManagerService: onUserStateChangedLocked for userId: 0, forceUpdate: false
07-04 01:15:26.270   708   708 W IPCThreadState: Sending oneway calls to frozen process.
07-04 01:15:26.270   708   708 D BatterySaverPolicy: accessibility changed to true, updating policy.
07-04 01:15:26.275   708  1560 W MagnificationConnectionManager: requestConnection duplicated request: connect=false, mConnectionState=DISCONNECTED
07-04 01:15:26.275  1512  1537 I AiAiEcho: Settings changed for uri: content://settings/secure/accessibility_enabled
07-04 01:15:26.275  1512  2024 I AiAiEcho: #postPredictionTargets: Sending updates to UISurface home with targets# 0 (types=[])
07-04 01:15:26.276  1512  2024 I AiAiEcho: #postPredictionTargets: Sending updates to UISurface lockscreen with targets# 0 (types=[])
07-04 01:15:26.278   708   708 W IPCThreadState: Sending oneway calls to frozen process.
07-04 01:15:26.278   708   708 W IPCThreadState: Sending oneway calls to frozen process.
07-04 01:15:26.282   708   708 W IPCThreadState: Sending oneway calls to frozen process.
07-04 01:15:26.283   708   708 W IPCThreadState: Sending oneway calls to frozen process.
07-04 01:15:26.283   708   708 W IPCThreadState: Sending oneway calls to frozen process.
07-04 01:15:26.283   708   708 W IPCThreadState: Sending oneway calls to frozen process.
07-04 01:15:26.283   708   708 W IPCThreadState: Sending oneway calls to frozen process.
07-04 01:15:26.284   708   708 W IPCThreadState: Sending oneway calls to frozen process.
07-04 01:15:26.284   708   708 W IPCThreadState: Sending oneway calls to frozen process.
07-04 01:15:26.284   708   708 W IPCThreadState: Sending oneway calls to frozen process.
07-04 01:15:26.284   708   708 W IPCThreadState: Sending oneway calls to frozen process.
07-04 01:15:26.285   708   708 W IPCThreadState: Sending oneway calls to frozen process.
07-04 01:15:26.307  1096  1096 D SsBaseTemplateCard: No text view can be set up
07-04 01:15:26.307  1096  1096 D SsBaseTemplateCard: Passed-in item info is null
07-04 01:15:26.307  1096  1096 D SsBaseTemplateCard: Passed-in item info is null
07-04 01:15:26.307  1096  1096 D SsBaseTemplateCard: Passed-in item info is null
07-04 01:15:26.307  1096  1096 I SsBaseTemplateCard: Secondary card pane is null
07-04 01:15:26.319   962   962 W PageIndicator: Total number of pages invalid: 0. Assuming 1 page.
07-04 01:15:26.320  1512  2024 I AiAiEcho: Predicting[0]:  [CONTEXT sampling_count=5 ]
07-04 01:15:26.320  1512  2024 I AiAiEcho: EchoTargets: 
07-04 01:15:26.320  1512  2024 I AiAiEcho: Filtered by AiAi flag check: 
07-04 01:15:26.320  1512  2024 I AiAiEcho: [CONTEXT ratelimit_period="10 SECONDS" ]
07-04 01:15:26.321  1512  2024 I AiAiEcho: #remoteViewsTwiddler: feature disabled.
07-04 01:15:26.321  1512  2024 I AiAiEcho: Predicting[0]:  [CONTEXT sampling_count=5 ]
07-04 01:15:26.321  1512  2024 I AiAiEcho: EchoTargets: 
07-04 01:15:26.321  1512  2024 I AiAiEcho: Filtered by AiAi flag check: 
07-04 01:15:26.321  1512  2024 I AiAiEcho: [CONTEXT ratelimit_period="10 SECONDS" ]
07-04 01:15:26.321  1512  2024 I AiAiEcho: #remoteViewsTwiddler: feature disabled.
07-04 01:15:26.331  1512  2024 I AiAiEcho: #postPredictionTargets: Sending updates to UISurface home with targets# 0 (types=[])
07-04 01:15:26.331  1096  1096 D SsBaseTemplateCard: No text view can be set up
07-04 01:15:26.332  1096  1096 D SsBaseTemplateCard: Passed-in item info is null
07-04 01:15:26.332  1096  1096 D SsBaseTemplateCard: Passed-in item info is null
07-04 01:15:26.332  1096  1096 D SsBaseTemplateCard: Passed-in item info is null
07-04 01:15:26.332  1096  1096 I SsBaseTemplateCard: Secondary card pane is null
07-04 01:15:26.338  1512  2024 I AiAiEcho: #postPredictionTargets: Sending updates to UISurface lockscreen with targets# 0 (types=[])
07-04 01:15:26.339   962   962 W PageIndicator: Total number of pages invalid: 0. Assuming 1 page.
07-04 01:15:26.561   708   863 D WifiClientModeImpl[26229:wlan0]: updateLinkLayerStatsRssiSpeedFrequencyCapabilities rssi=-50 TxLinkspeed=1 freq=2447 RxLinkSpeed=2
07-04 01:15:26.561   708   863 D WifiDataStall: tx tput in kbps: 11000
07-04 01:15:26.562   708   863 D WifiDataStall: rx tput in kbps: 11000
07-04 01:15:26.562   708   863 V WifiConfigManager: Updating scan detail cache freq=2447 BSSID=00:13:10:85:fe:01 RSSI=-50 for "AndroidWifi"NONE
07-04 01:15:26.562   708   863 D WifiThroughputPredictor:  utilization (LLS) 80 isBluetoothConnected: false final utilization: 80
07-04 01:15:26.562   708   863 D WifiThroughputPredictor:  BW: 0 RSSI: -50 Nss: 1 Mode: 1 symDur: 4000 snrDb 30 bitPerTone: 4500 rate: 54 throughput: 11
07-04 01:15:26.562   708   863 D WifiThroughputPredictor:  utilization (LLS) 80 isBluetoothConnected: false final utilization: 80
07-04 01:15:26.562   708   863 D WifiThroughputPredictor:  BW: 0 RSSI: -50 Nss: 1 Mode: 1 symDur: 4000 snrDb 30 bitPerTone: 4500 rate: 54 throughput: 11
07-04 01:15:26.562   708   863 D WifiThroughputPredictor:  utilization (LLS) 80 isBluetoothConnected: false final utilization: 80
07-04 01:15:26.562   708   863 D WifiThroughputPredictor:  BW: 0 RSSI: -50 Nss: 1 Mode: 1 symDur: 4000 snrDb 30 bitPerTone: 4500 rate: 54 throughput: 11
07-04 01:15:26.562   708   863 D WifiThroughputPredictor:  utilization (LLS) 80 isBluetoothConnected: false final utilization: 80
07-04 01:15:26.562   708   863 D WifiThroughputPredictor:  BW: 0 RSSI: -50 Nss: 1 Mode: 1 symDur: 4000 snrDb 30 bitPerTone: 4500 rate: 54 throughput: 11
07-04 01:15:26.564   708   863 D WifiScoreCard: BSSID update SIGNAL_POLL ID: 52320190 SSID: "AndroidWifi", BSSID: 00:13:10:85:fe:01, MAC: 02:15:b2:00:00:00, IP: /10.0.2.16, Security type: 0, Supplicant state: COMPLETED, Wi-Fi standard: legacy, RSSI: -50, Link speed: 1Mbps, Tx Link speed: 1Mbps, Max Supported Tx Link speed: 11Mbps, Rx Link speed: 2Mbps, Max Supported Rx Link speed: 11Mbps, Frequency: 2447MHz, Net ID: 0, Metered hint: false, score: 60, isUsable: true, CarrierMerged: false, SubscriptionId: -1, IsPrimary: 1, Trusted: true, Restricted: false, Ephemeral: false, OEM paid: false, OEM private: false, OSU AP: false, FQDN: <none>, Provider friendly name: <none>, Requesting package name: <none>"AndroidWifi"openMLO Information: , Is TID-To-Link negotiation supported by the AP: false, AP MLD Address: <none>, AP MLO Link Id: <none>, AP MLO Affiliated links: <none>, Vendor Data: <none>
07-04 01:15:26.564   708   863 D WifiScoreCard: txRate: 1 txSpeed: 1
07-04 01:15:26.564   708   863 D WifiScoreCard: network update SIGNAL_POLL "AndroidWifi" ID: 843735694 RSSI -50 txSpeed -1
07-04 01:15:26.564   708   863 D WifiClientModeImpl[26229:wlan0]:  ClientModeImpl$L2ConnectedState screen=on 1 0 "AndroidWifi" 00:13:10:85:fe:01 rssi=-50 f=2447 sc=60 link=1 tx=0.0, 0.0, 0.0 rx=0.0 bcn=0 [on:0 tx:0 rx:0 period:3006] from screen [on:0 period:712698724] score=60
07-04 01:15:26.784   708   746 W IPCThreadState: Sending oneway calls to frozen process.
07-04 01:15:27.263  1461  1461 D WM-DelayedWorkTracker: Scheduling work 3927d298-0e8c-4cc5-bfac-78496f643541
07-04 01:15:27.263  1461  1461 D WM-GreedyScheduler: Starting tracking for 3927d298-0e8c-4cc5-bfac-78496f643541
07-04 01:15:27.264  1461  1666 D WM-ConstraintTracker: BatteryNotLowTracker: initial state = true
07-04 01:15:27.266  1461  1666 D WM-BrdcstRcvrCnstrntTrc: BatteryNotLowTracker: registering receiver
07-04 01:15:27.268  1461  1666 D WM-GreedyScheduler: Constraints met: Scheduling work ID WorkGenerationalId(workSpecId=3927d298-0e8c-4cc5-bfac-78496f643541, generation=0)
07-04 01:15:27.269  1461  1666 D WM-Processor: Processor: processing WorkGenerationalId(workSpecId=3927d298-0e8c-4cc5-bfac-78496f643541, generation=0)
07-04 01:15:27.271  1461  1461 D WM-WorkerWrapper: Starting work for com.android.providers.media.photopicker.sync.ProactiveSyncWorker
07-04 01:15:27.271  1461  5296 I PSyncWorker: Starting proactive picker sync from sync source: 1
07-04 01:15:27.271  1461  5296 I PickerSyncTracker: Created new sync future java.util.concurrent.CompletableFuture@36cd617[Not completed, 1 dependents]. Future map: {3927d298-0e8c-4cc5-bfac-78496f643541=java.util.concurrent.CompletableFuture@36cd617[Not completed, 1 dependents]}
07-04 01:15:27.271  1461  5296 D PickerSyncController: syncAllMediaFromProvider() LOCAL, auth=com.android.providers.media.photopicker, retry=true
07-04 01:15:27.271  1461  5296 D PickerSyncController: getSyncRequestParams() LOCAL, auth=com.android.providers.media.photopicker
07-04 01:15:27.272  1461  1461 D WM-SystemJobService: onStartJob for WorkGenerationalId(workSpecId=3927d298-0e8c-4cc5-bfac-78496f643541, generation=0)
07-04 01:15:27.273  1461  5296 D PickerSyncController:    Latest ID/Gen=4eb8212abf423e75:external_primary/639
07-04 01:15:27.273  1461  5296 D PickerSyncController:    Cached ID/Gen=4eb8212abf423e75:external_primary/623
07-04 01:15:27.273  1461  5296 D PickerSyncController:    RESULT=SyncRequestParams{type=MEDIA_INCREMENTAL, gen=623, latest=Bundle[{last_media_sync_generation=639, media_collection_id=4eb8212abf423e75:external_primary}], pageSize=1000}
07-04 01:15:27.273  1461  1666 D WM-Processor: Work WorkGenerationalId(workSpecId=3927d298-0e8c-4cc5-bfac-78496f643541, generation=0) is already enqueued for processing
07-04 01:15:27.273  1461  5296 I PickerSyncController: Executing SyncAdd. isLocal: true. authority: com.android.providers.media.photopicker
07-04 01:15:27.273  1461  5296 D PickerSyncLockManager: Trying to acquire lock com.android.providers.media.photopicker.sync.CloseableReentrantLock@cec4fdd[Unlocked]. Lock Name = CLOUD_PROVIDER_LOCK. Threads that may be waiting to acquire this lock = [] with timeout.
07-04 01:15:27.273  1461  5296 D CloseableReentrantLock: Successfully acquired lock com.android.providers.media.photopicker.sync.CloseableReentrantLock@cec4fdd[Locked by thread pool-4-thread-4]. Lock Name = CLOUD_PROVIDER_LOCK. Threads that may be waiting to acquire this lock = []
07-04 01:15:27.273  1461  5296 D CloseableReentrantLock: Successfully released lock com.android.providers.media.photopicker.sync.CloseableReentrantLock@cec4fdd[Unlocked]. Lock Name = CLOUD_PROVIDER_LOCK. Threads that may be waiting to acquire this lock = []
07-04 01:15:27.273  1461  5296 D ExternalDbFacade: Token received for queryMedia = null
07-04 01:15:27.274  1461  5296 D PickerSyncLockManager: Trying to acquire lock com.android.providers.media.photopicker.sync.CloseableReentrantLock@cec4fdd[Unlocked]. Lock Name = CLOUD_PROVIDER_LOCK. Threads that may be waiting to acquire this lock = [] with timeout.
07-04 01:15:27.274  1461  5296 D CloseableReentrantLock: Successfully acquired lock com.android.providers.media.photopicker.sync.CloseableReentrantLock@cec4fdd[Locked by thread pool-4-thread-4]. Lock Name = CLOUD_PROVIDER_LOCK. Threads that may be waiting to acquire this lock = []
07-04 01:15:27.274  1461  5296 D PickerSyncController: Clearing next page token for key: local_provider:media_add:resume
07-04 01:15:27.274  1461  5296 D CloseableReentrantLock: Successfully released lock com.android.providers.media.photopicker.sync.CloseableReentrantLock@cec4fdd[Unlocked]. Lock Name = CLOUD_PROVIDER_LOCK. Threads that may be waiting to acquire this lock = []
07-04 01:15:27.274  1461  5296 D PickerNotificationSender: Sending a notification for media update
07-04 01:15:27.276  1461  5296 D PickerNotificationSender: Sending a notification for merged album media update Favorites
07-04 01:15:27.276  1461  5296 D PickerNotificationSender: Sending a notification for album media update Favorites
07-04 01:15:27.276  1461  5296 D PickerNotificationSender: Sending a notification for merged album media update Videos
07-04 01:15:27.276  1461  5296 D PickerNotificationSender: Sending a notification for album media update Videos
07-04 01:15:27.277  1461  5296 I PickerSyncController: Paged sync successful. QueryArgs: Bundle[{android.provider.extra.SYNC_GENERATION=623, android.provider.extra.PAGE_SIZE=1000}] Total Rows: 0
07-04 01:15:27.277  1461  5296 I PickerSyncController: Executing SyncRemove. isLocal: true. authority: com.android.providers.media.photopicker
07-04 01:15:27.277  1461  5296 D PickerSyncLockManager: Trying to acquire lock com.android.providers.media.photopicker.sync.CloseableReentrantLock@cec4fdd[Unlocked]. Lock Name = CLOUD_PROVIDER_LOCK. Threads that may be waiting to acquire this lock = [] with timeout.
07-04 01:15:27.277  1461  5296 D CloseableReentrantLock: Successfully acquired lock com.android.providers.media.photopicker.sync.CloseableReentrantLock@cec4fdd[Locked by thread pool-4-thread-4]. Lock Name = CLOUD_PROVIDER_LOCK. Threads that may be waiting to acquire this lock = []
07-04 01:15:27.277  1461  5296 D CloseableReentrantLock: Successfully released lock com.android.providers.media.photopicker.sync.CloseableReentrantLock@cec4fdd[Unlocked]. Lock Name = CLOUD_PROVIDER_LOCK. Threads that may be waiting to acquire this lock = []
07-04 01:15:27.278  1461  5296 E PickerDbFacade: Could not get first date taken millis for media id: 78
07-04 01:15:27.278  1461  5296 W PickerDbFacade: Unable to promote cloud media with localId: 78
07-04 01:15:27.278  1461  5296 D PickerSyncLockManager: Trying to acquire lock com.android.providers.media.photopicker.sync.CloseableReentrantLock@cec4fdd[Unlocked]. Lock Name = CLOUD_PROVIDER_LOCK. Threads that may be waiting to acquire this lock = [] with timeout.
07-04 01:15:27.278  1461  5296 D CloseableReentrantLock: Successfully acquired lock com.android.providers.media.photopicker.sync.CloseableReentrantLock@cec4fdd[Locked by thread pool-4-thread-4]. Lock Name = CLOUD_PROVIDER_LOCK. Threads that may be waiting to acquire this lock = []
07-04 01:15:27.278  1461  5296 D PickerSyncController: Clearing next page token for key: local_provider:media_remove:resume
07-04 01:15:27.278  1461  5296 D CloseableReentrantLock: Successfully released lock com.android.providers.media.photopicker.sync.CloseableReentrantLock@cec4fdd[Unlocked]. Lock Name = CLOUD_PROVIDER_LOCK. Threads that may be waiting to acquire this lock = []
07-04 01:15:27.278  1461  5296 D PickerNotificationSender: Sending a notification for media update
07-04 01:15:27.280  1461  5296 D PickerNotificationSender: Sending a notification for merged album media update Favorites
07-04 01:15:27.280  1461  5296 D PickerNotificationSender: Sending a notification for album media update Favorites
07-04 01:15:27.281  1461  5296 D PickerNotificationSender: Sending a notification for merged album media update Videos
07-04 01:15:27.281  1461  5296 D PickerNotificationSender: Sending a notification for album media update Videos
07-04 01:15:27.282  1461  5296 I PickerSyncController: Paged sync successful. QueryArgs: Bundle[{android.provider.extra.SYNC_GENERATION=623, android.provider.extra.PAGE_SIZE=1000}] Total Rows: 0
07-04 01:15:27.283  1461  5296 I PickerSyncTracker: Marked sync future complete for work id: 3927d298-0e8c-4cc5-bfac-78496f643541. Future map: {}
07-04 01:15:27.283  1461  5296 I PSyncWorker: Completed picker proactive sync complete from local provider.
07-04 01:15:27.284  1461  1608 I WM-WorkerWrapper: Worker result SUCCESS for Work [ id=3927d298-0e8c-4cc5-bfac-78496f643541, tags={ com.android.providers.media.photopicker.sync.ProactiveSyncWorker } ]
07-04 01:15:27.284  1461  1461 D WM-Processor: Processor 3927d298-0e8c-4cc5-bfac-78496f643541 executed; reschedule = false
07-04 01:15:27.285  1461  1461 D WM-GreedyScheduler: Stopping tracking for WorkGenerationalId(workSpecId=3927d298-0e8c-4cc5-bfac-78496f643541, generation=0)
07-04 01:15:27.285  1461  1461 D WM-SystemJobService: 3927d298-0e8c-4cc5-bfac-78496f643541 executed on JobScheduler
07-04 01:15:27.294  1461  1667 D WM-GreedyScheduler: Cancelling work ID 3927d298-0e8c-4cc5-bfac-78496f643541
07-04 01:15:27.295  1461  1667 D WM-GreedyScheduler: Ignoring {WorkSpec: 4ab35118-0008-4e0e-9667-4896f94f6ee7}. Requires device idle.
07-04 01:15:27.296  1461  1667 D WM-GreedyScheduler: Ignoring {WorkSpec: 5e0a924a-98f8-4d1c-b169-89fa94ec2302}. Requires device idle.
07-04 01:15:27.296  1461  1667 D WM-BrdcstRcvrCnstrntTrc: BatteryNotLowTracker: unregistering receiver
07-04 01:15:27.327  1461  2102 W MediaProvider: isAppCloneUserPair for user 0: false
07-04 01:15:27.332  5750  5750 W AccessibilityNodeInfoDumper: Fetch time: 17ms
07-04 01:15:27.333   708  1870 V AccessibilityManagerService: onUserStateChangedLocked for userId: 0, forceUpdate: false
07-04 01:15:27.335   708  1870 W MagnificationConnectionManager: requestConnection duplicated request: connect=false, mConnectionState=DISCONNECTED
07-04 01:15:27.335   708  1870 D AccessibilityManagerService: restoreCurrentUserForTestAutomationIfNeededLocked(): ignoring because device doesn't support visible background users
07-04 01:15:27.335  1512  1537 I AiAiEcho: Settings changed for uri: content://settings/secure/accessibility_enabled
07-04 01:15:27.336   708   708 W IPCThreadState: Sending oneway calls to frozen process.
07-04 01:15:27.336   708   708 W IPCThreadState: Sending oneway calls to frozen process.
07-04 01:15:27.336   708   708 W IPCThreadState: Sending oneway calls to frozen process.
07-04 01:15:27.336   708   708 W IPCThreadState: Sending oneway calls to frozen process.
07-04 01:15:27.336   708   708 W IPCThreadState: Sending oneway calls to frozen process.
07-04 01:15:27.338  5750  5759 W IPCThreadState: call to talkWithDriver in joinThreadPool returned error: -9 (Bad file descriptor), FD: -1
07-04 01:15:27.338   708   708 W IPCThreadState: Sending oneway calls to frozen process.
07-04 01:15:27.338   708   708 W IPCThreadState: Sending oneway calls to frozen process.
07-04 01:15:27.338   708   708 W IPCThreadState: Sending oneway calls to frozen process.
07-04 01:15:27.338   708   708 W IPCThreadState: Sending oneway calls to frozen process.
07-04 01:15:27.338   708   708 W IPCThreadState: Sending oneway calls to frozen process.
07-04 01:15:27.339  1512  2024 I AiAiEcho: Predicting[0]:  [CONTEXT sampling_count=5 ]
07-04 01:15:27.339  1512  2024 I AiAiEcho: EchoTargets: 
07-04 01:15:27.339  1512  2024 I AiAiEcho: Filtered by AiAi flag check: 
07-04 01:15:27.339  1512  2024 I AiAiEcho: [CONTEXT ratelimit_period="10 SECONDS" ]
07-04 01:15:27.340  1512  2024 I AiAiEcho: #remoteViewsTwiddler: feature disabled.
07-04 01:15:27.340  1512  2024 I AiAiEcho: Predicting[0]:  [CONTEXT sampling_count=5 ]
07-04 01:15:27.340  1512  2024 I AiAiEcho: EchoTargets: 
07-04 01:15:27.340  1512  2024 I AiAiEcho: Filtered by AiAi flag check: 
07-04 01:15:27.340  1512  2024 I AiAiEcho: [CONTEXT ratelimit_period="10 SECONDS" ]
07-04 01:15:27.340  1512  2024 I AiAiEcho: #remoteViewsTwiddler: feature disabled.
07-04 01:15:27.341  1512  2024 I AiAiEcho: #postPredictionTargets: Sending updates to UISurface home with targets# 0 (types=[])
07-04 01:15:27.341  1512  2024 I AiAiEcho: #postPredictionTargets: Sending updates to UISurface lockscreen with targets# 0 (types=[])
07-04 01:15:27.341  5750  5750 D AndroidRuntime: Shutting down VM
07-04 01:15:27.341   708   708 W IPCThreadState: Sending oneway calls to frozen process.
07-04 01:15:27.342   708   708 W IPCThreadState: Sending oneway calls to frozen process.
07-04 01:15:27.343   962   962 W PageIndicator: Total number of pages invalid: 0. Assuming 1 page.
07-04 01:15:27.343   708   708 W IPCThreadState: Sending oneway calls to frozen process.
07-04 01:15:27.343   708   708 W IPCThreadState: Sending oneway calls to frozen process.
07-04 01:15:27.343   708   708 W IPCThreadState: Sending oneway calls to frozen process.
07-04 01:15:27.343   708   708 W IPCThreadState: Sending oneway calls to frozen process.
07-04 01:15:27.344   708   708 W IPCThreadState: Sending oneway calls to frozen process.
07-04 01:15:27.344   708   708 W IPCThreadState: Sending oneway calls to frozen process.
07-04 01:15:27.344   708   708 D BatterySaverPolicy: accessibility changed to false, updating policy.
07-04 01:15:27.350  5750  5764 W IPCThreadState: call to talkWithDriver in joinThreadPool returned error: -9 (Bad file descriptor), FD: -1
07-04 01:15:27.367  5750  5760 W IPCThreadState: call to talkWithDriver in joinThreadPool returned error: -9 (Bad file descriptor), FD: -1
07-04 01:15:27.440  1096  1096 D SsBaseTemplateCard: No text view can be set up
07-04 01:15:27.440  1096  1096 D SsBaseTemplateCard: Passed-in item info is null
07-04 01:15:27.440  1096  1096 D SsBaseTemplateCard: Passed-in item info is null
07-04 01:15:27.440  1096  1096 D SsBaseTemplateCard: Passed-in item info is null
07-04 01:15:27.440  1096  1096 I SsBaseTemplateCard: Secondary card pane is null
07-04 01:15:28.194  4656  4669 I HWUI    : Davey! duration=839ms; Flags=0, FrameTimelineVsyncId=667711, IntendedVsync=1690982999690, Vsync=1690982999690, InputEventId=0, HandleInputStart=1690985759910, AnimationStart=1690985761061, PerformTraversalsStart=1690985761580, DrawStart=1690986488287, FrameDeadline=1690999666356, FrameStartTime=1690985756049, FrameInterval=16666666, WorkloadTarget=16666666, SyncQueued=1690986627728, SyncStart=1690988150999, IssueDrawCommandsStart=1690988178866, SwapBuffers=1690989415926, FrameCompleted=1691823853029, DequeueBufferDuration=3857, QueueBufferDuration=257662, GpuCompleted=1691823853029, SwapBuffersCompleted=1691046369360, DisplayPresentTime=0, CommandSubmissionCompleted=1690989415926, 
07-04 01:15:28.771  1461  1726 W MediaProvider: Ignoring param:deletedata post U for external apps
07-04 01:15:28.772  1461  1726 I MediaProvider: Deleted 0 0 0 0 0 0 1 items on external_primary due to com.android.shell
07-04 01:15:28.876   708  1864 W ActivityTaskManager: callingPackage for (uid=2000, pid=5770) has no WPC
07-04 01:15:28.876   708  1864 V GrammaticalInflectionUtils: AttributionSource: AttributionSource { uid = 10220, packageName = null, attributionTag = null, token = android.os.Binder@1f74874, deviceId = 0, next = null } does not have READ_SYSTEM_GRAMMATICAL_GENDER permission.
07-04 01:15:28.876   708  1864 W OptProp : Cannot read opt property android.window.PROPERTY_COMPAT_ALLOW_USER_ASPECT_RATIO_OVERRIDE
07-04 01:15:28.876   708  1864 W OptProp : Cannot read opt property android.window.PROPERTY_COMPAT_ALLOW_USER_ASPECT_RATIO_FULLSCREEN_OVERRIDE
07-04 01:15:28.876   708  1864 W OptProp : Cannot read opt property android.window.PROPERTY_COMPAT_ALLOW_RESIZEABLE_ACTIVITY_OVERRIDES
07-04 01:15:28.877   708  1864 W OptProp : Cannot read opt property android.window.PROPERTY_COMPAT_ALLOW_MIN_ASPECT_RATIO_OVERRIDE
07-04 01:15:28.879   962  1684 D KeyguardService: setOccluded(false)
07-04 01:15:28.879   962  1684 D KeyguardViewMediator: setOccluded(false)
07-04 01:15:28.880   962   962 D KeyguardViewMediator: handleSetOccluded(false)
07-04 01:15:28.880   962   962 D KeyguardViewMediator: KeyguardViewMediator queue processing message: SET_OCCLUDED
07-04 01:15:28.880   708  1864 I ActivityTaskManager: START u0 {act=android.intent.action.VIEW dat=danio://qa/... flg=0x10000000 xflg=0x4 pkg=com.tiarnanlarkin.danio cmp=com.tiarnanlarkin.danio/.MainActivity} with LAUNCH_SINGLE_TOP from uid 2000 (BAL_ALLOW_PERMISSION) result code=3
07-04 01:15:28.884   962  1022 D WindowManagerShell: onActivityRestartAttempt: topActivity=ComponentInfo{com.tiarnanlarkin.danio/com.tiarnanlarkin.danio.MainActivity}, wasVisible=true
07-04 01:15:28.887  4656  4656 I flutter : [QA] Deep link: danio://qa/glossary
07-04 01:15:28.910   708   739 W IPCThreadState: Sending oneway calls to frozen process.
07-04 01:15:28.910   708   739 W IPCThreadState: Sending oneway calls to frozen process.
07-04 01:15:28.910   708   739 W IPCThreadState: Sending oneway calls to frozen process.
07-04 01:15:28.910   708   739 W IPCThreadState: Sending oneway calls to frozen process.
07-04 01:15:28.911   708   739 W IPCThreadState: Sending oneway calls to frozen process.
07-04 01:15:28.911   708   739 W IPCThreadState: Sending oneway calls to frozen process.
07-04 01:15:28.911   708   739 W IPCThreadState: Sending oneway calls to frozen process.
07-04 01:15:28.911   708   739 W IPCThreadState: Sending oneway calls to frozen process.
07-04 01:15:28.911   708   739 W IPCThreadState: Sending oneway calls to frozen process.
07-04 01:15:28.911   708   739 W IPCThreadState: Sending oneway calls to frozen process.
07-04 01:15:28.911   708   739 W IPCThreadState: Sending oneway calls to frozen process.
07-04 01:15:28.911   708   739 W IPCThreadState: Sending oneway calls to frozen process.
07-04 01:15:28.911   708   739 W IPCThreadState: Sending oneway calls to frozen process.
07-04 01:15:28.911   708   739 W IPCThreadState: Sending oneway calls to frozen process.
07-04 01:15:28.911   708   739 W IPCThreadState: Sending oneway calls to frozen process.
07-04 01:15:28.911   708   739 W IPCThreadState: Sending oneway calls to frozen process.
07-04 01:15:28.912   708   739 W IPCThreadState: Sending oneway calls to frozen process.
07-04 01:15:28.912   708   739 W IPCThreadState: Sending oneway calls to frozen process.
07-04 01:15:28.912   708   739 W IPCThreadState: Sending oneway calls to frozen process.
07-04 01:15:28.912   708   739 W IPCThreadState: Sending oneway calls to frozen process.
07-04 01:15:28.912   708   739 W IPCThreadState: Sending oneway calls to frozen process.
07-04 01:15:28.912   708   739 W IPCThreadState: Sending oneway calls to frozen process.
07-04 01:15:28.912   708   739 W IPCThreadState: Sending oneway calls to frozen process.
07-04 01:15:28.912   708   739 W IPCThreadState: Sending oneway calls to frozen process.
07-04 01:15:28.912   708   739 W IPCThreadState: Sending oneway calls to frozen process.
07-04 01:15:28.912   708   739 W IPCThreadState: Sending oneway calls to frozen process.
07-04 01:15:28.912   708   739 W IPCThreadState: Sending oneway calls to frozen process.
07-04 01:15:28.912   708   739 W IPCThreadState: Sending oneway calls to frozen process.
07-04 01:15:28.912   708   739 W IPCThreadState: Sending oneway calls to frozen process.
07-04 01:15:28.912   708   739 W IPCThreadState: Sending oneway calls to frozen process.
07-04 01:15:28.912   708   739 W IPCThreadState: Sending oneway calls to frozen process.
07-04 01:15:28.912   708   739 W IPCThreadState: Sending oneway calls to frozen process.
07-04 01:15:28.912   708   739 W IPCThreadState: Sending oneway calls to frozen process.
07-04 01:15:28.912   708   739 W IPCThreadState: Sending oneway calls to frozen process.
07-04 01:15:28.912   708   739 W IPCThreadState: Sending oneway calls to frozen process.
07-04 01:15:28.912   708   739 W IPCThreadState: Sending oneway calls to frozen process.
07-04 01:15:28.912   708   739 W IPCThreadState: Sending oneway calls to frozen process.
07-04 01:15:28.912   708   739 W IPCThreadState: Sending oneway calls to frozen process.
07-04 01:15:28.912   708   739 W IPCThreadState: Sending oneway calls to frozen process.
07-04 01:15:28.912   708   739 W IPCThreadState: Sending oneway calls to frozen process.
07-04 01:15:28.912   708   739 W IPCThreadState: Sending oneway calls to frozen process.
07-04 01:15:29.129  4656  4669 I HWUI    : Davey! duration=1212ms; Flags=0, FrameTimelineVsyncId=668142, IntendedVsync=1692049666314, Vsync=1692066332980, InputEventId=0, HandleInputStart=1692071538183, AnimationStart=1692071539428, PerformTraversalsStart=1692071539989, DrawStart=1692071838540, FrameDeadline=1692066332980, FrameStartTime=1692071533400, FrameInterval=16666666, WorkloadTarget=16666666, SyncQueued=1692071906524, SyncStart=1692072094412, IssueDrawCommandsStart=1692072179626, SwapBuffers=1692072561207, FrameCompleted=1693262249690, DequeueBufferDuration=839808892, QueueBufferDuration=287512, GpuCompleted=1693262249690, SwapBuffersCompleted=1693184494542, DisplayPresentTime=0, CommandSubmissionCompleted=1692072561207, 
07-04 01:15:29.242  4656  4656 I nanlarkin.danio: AssetManager2(0x7a9a7ea7bd18) locale list changing from [] to [en-US]
07-04 01:15:29.584   708   863 D WifiClientModeImpl[26229:wlan0]: updateLinkLayerStatsRssiSpeedFrequencyCapabilities rssi=-50 TxLinkspeed=1 freq=2447 RxLinkSpeed=2
07-04 01:15:29.584   708   863 D WifiDataStall: tx tput in kbps: 11000
07-04 01:15:29.584   708   863 D WifiDataStall: rx tput in kbps: 11000
07-04 01:15:29.584   708   863 V WifiConfigManager: Updating scan detail cache freq=2447 BSSID=00:13:10:85:fe:01 RSSI=-50 for "AndroidWifi"NONE
07-04 01:15:29.585   708   863 D WifiThroughputPredictor:  utilization (LLS) 80 isBluetoothConnected: false final utilization: 80
07-04 01:15:29.585   708   863 D WifiThroughputPredictor:  BW: 0 RSSI: -50 Nss: 1 Mode: 1 symDur: 4000 snrDb 30 bitPerTone: 4500 rate: 54 throughput: 11
07-04 01:15:29.585   708   863 D WifiThroughputPredictor:  utilization (LLS) 80 isBluetoothConnected: false final utilization: 80
07-04 01:15:29.585   708   863 D WifiThroughputPredictor:  BW: 0 RSSI: -50 Nss: 1 Mode: 1 symDur: 4000 snrDb 30 bitPerTone: 4500 rate: 54 throughput: 11
07-04 01:15:29.585   708   863 D WifiThroughputPredictor:  utilization (LLS) 80 isBluetoothConnected: false final utilization: 80
07-04 01:15:29.585   708   863 D WifiThroughputPredictor:  BW: 0 RSSI: -50 Nss: 1 Mode: 1 symDur: 4000 snrDb 30 bitPerTone: 4500 rate: 54 throughput: 11
07-04 01:15:29.585   708   863 D WifiThroughputPredictor:  utilization (LLS) 80 isBluetoothConnected: false final utilization: 80
07-04 01:15:29.585   708   863 D WifiThroughputPredictor:  BW: 0 RSSI: -50 Nss: 1 Mode: 1 symDur: 4000 snrDb 30 bitPerTone: 4500 rate: 54 throughput: 11
07-04 01:15:29.585   708   863 D WifiScoreCard: BSSID update SIGNAL_POLL ID: 52320190 SSID: "AndroidWifi", BSSID: 00:13:10:85:fe:01, MAC: 02:15:b2:00:00:00, IP: /10.0.2.16, Security type: 0, Supplicant state: COMPLETED, Wi-Fi standard: legacy, RSSI: -50, Link speed: 1Mbps, Tx Link speed: 1Mbps, Max Supported Tx Link speed: 11Mbps, Rx Link speed: 2Mbps, Max Supported Rx Link speed: 11Mbps, Frequency: 2447MHz, Net ID: 0, Metered hint: false, score: 60, isUsable: true, CarrierMerged: false, SubscriptionId: -1, IsPrimary: 1, Trusted: true, Restricted: false, Ephemeral: false, OEM paid: false, OEM private: false, OSU AP: false, FQDN: <none>, Provider friendly name: <none>, Requesting package name: <none>"AndroidWifi"openMLO Information: , Is TID-To-Link negotiation supported by the AP: false, AP MLD Address: <none>, AP MLO Link Id: <none>, AP MLO Affiliated links: <none>, Vendor Data: <none>
07-04 01:15:29.586   708   863 D WifiScoreCard: txRate: 1 txSpeed: 1
07-04 01:15:29.586   708   863 D WifiScoreCard: network update SIGNAL_POLL "AndroidWifi" ID: 843735694 RSSI -50 txSpeed -1
07-04 01:15:29.586   708   863 D WifiClientModeImpl[26229:wlan0]:  ClientModeImpl$L2ConnectedState screen=on 1 0 "AndroidWifi" 00:13:10:85:fe:01 rssi=-50 f=2447 sc=60 link=1 tx=0.0, 0.0, 0.0 rx=0.0 bcn=0 [on:0 tx:0 rx:0 period:3022] from screen [on:0 period:712701746] score=60
07-04 01:15:29.595   708   869 D InetDiagMessage: Destroyed 0 sockets, proto=IPPROTO_TCP, family=AF_INET, states=14
07-04 01:15:29.596   708   869 D InetDiagMessage: Destroyed 0 sockets, proto=IPPROTO_TCP, family=AF_INET6, states=14
07-04 01:15:29.596   708   869 D InetDiagMessage: Destroyed live tcp sockets for uids={10161} in 1ms
07-04 01:15:29.596   708   869 D InetDiagMessage: Destroyed 0 sockets, proto=IPPROTO_TCP, family=AF_INET, states=14
07-04 01:15:29.596   708   869 D InetDiagMessage: Destroyed 0 sockets, proto=IPPROTO_TCP, family=AF_INET6, states=14
07-04 01:15:29.596   708   869 D InetDiagMessage: Destroyed live tcp sockets for uids={20161} in 0ms
07-04 01:15:29.681   563   577 I BpBinder: onLastStrongRef automatically unlinking death recipients: 
07-04 01:15:30.018   708   746 W IPCThreadState: Sending oneway calls to frozen process.
07-04 01:15:31.712  5773  5773 W screencap: Thread Pool max thread count is 0. Cannot cache binder as linkToDeath cannot be implemented. serviceName: SurfaceFlingerAIDL
07-04 01:15:31.712  5773  5773 W BpBinder: Linking to death on android.gui.ISurfaceComposer but there are no threads (yet?) listening to incoming transactions. See ProcessState::startThreadPool and ProcessState::setThreadPoolMaxThreadCount. Generally you should setup the binder threadpool before other initialization steps.
07-04 01:15:31.713  5773  5773 W ProcessState: Extra binder thread started, but 0 threads requested. Do not use *startThreadPool when zero threads are requested.
07-04 01:15:32.022   563  1175 E HwcComposer: getLuts failed Status(-8, EX_SERVICE_SPECIFIC): '8: '
07-04 01:15:32.022   563  1175 E HWComposer: getLuts: getLuts failed for display 4619827259835644672: UNSUPPORTED (8)
07-04 01:15:32.409   708   746 W IPCThreadState: Sending oneway calls to frozen process.
07-04 01:15:32.417     0     0 I servicemanager: Caller(pid=5773,uid=2000,sid=u:r:shell:s0) Found android.hardware.graphics.allocator.IAllocator/default in device VINTF manifest.
07-04 01:15:32.422     0     0 I servicemanager: Caller(pid=5773,uid=2000,sid=u:r:shell:s0) Found android.hardware.graphics.allocator.IAllocator/default in device VINTF manifest.
07-04 01:15:32.426     0     0 I servicemanager: Caller(pid=5773,uid=2000,sid=u:r:shell:s0) Found mapper/ranchu in device VINTF manifest.
07-04 01:15:32.591   708   863 D WifiClientModeImpl[26229:wlan0]: updateLinkLayerStatsRssiSpeedFrequencyCapabilities rssi=-50 TxLinkspeed=1 freq=2447 RxLinkSpeed=2
07-04 01:15:32.591   708   863 D WifiDataStall: tx tput in kbps: 11000
07-04 01:15:32.591   708   863 D WifiDataStall: rx tput in kbps: 11000
07-04 01:15:32.591   708   863 V WifiConfigManager: Updating scan detail cache freq=2447 BSSID=00:13:10:85:fe:01 RSSI=-50 for "AndroidWifi"NONE
07-04 01:15:32.591   708   863 D WifiThroughputPredictor:  utilization (LLS) 80 isBluetoothConnected: false final utilization: 80
07-04 01:15:32.591   708   863 D WifiThroughputPredictor:  BW: 0 RSSI: -50 Nss: 1 Mode: 1 symDur: 4000 snrDb 30 bitPerTone: 4500 rate: 54 throughput: 11
07-04 01:15:32.591   708   863 D WifiThroughputPredictor:  utilization (LLS) 80 isBluetoothConnected: false final utilization: 80
07-04 01:15:32.591   708   863 D WifiThroughputPredictor:  BW: 0 RSSI: -50 Nss: 1 Mode: 1 symDur: 4000 snrDb 30 bitPerTone: 4500 rate: 54 throughput: 11
07-04 01:15:32.592   708   863 D WifiThroughputPredictor:  utilization (LLS) 80 isBluetoothConnected: false final utilization: 80
07-04 01:15:32.592   708   863 D WifiThroughputPredictor:  BW: 0 RSSI: -50 Nss: 1 Mode: 1 symDur: 4000 snrDb 30 bitPerTone: 4500 rate: 54 throughput: 11
07-04 01:15:32.592   708   863 D WifiThroughputPredictor:  utilization (LLS) 80 isBluetoothConnected: false final utilization: 80
07-04 01:15:32.592   708   863 D WifiThroughputPredictor:  BW: 0 RSSI: -50 Nss: 1 Mode: 1 symDur: 4000 snrDb 30 bitPerTone: 4500 rate: 54 throughput: 11
07-04 01:15:32.593   708   863 D WifiScoreCard: BSSID update SIGNAL_POLL ID: 52320190 SSID: "AndroidWifi", BSSID: 00:13:10:85:fe:01, MAC: 02:15:b2:00:00:00, IP: /10.0.2.16, Security type: 0, Supplicant state: COMPLETED, Wi-Fi standard: legacy, RSSI: -50, Link speed: 1Mbps, Tx Link speed: 1Mbps, Max Supported Tx Link speed: 11Mbps, Rx Link speed: 2Mbps, Max Supported Rx Link speed: 11Mbps, Frequency: 2447MHz, Net ID: 0, Metered hint: false, score: 60, isUsable: true, CarrierMerged: false, SubscriptionId: -1, IsPrimary: 1, Trusted: true, Restricted: false, Ephemeral: false, OEM paid: false, OEM private: false, OSU AP: false, FQDN: <none>, Provider friendly name: <none>, Requesting package name: <none>"AndroidWifi"openMLO Information: , Is TID-To-Link negotiation supported by the AP: false, AP MLD Address: <none>, AP MLO Link Id: <none>, AP MLO Affiliated links: <none>, Vendor Data: <none>
07-04 01:15:32.594   708   863 D WifiScoreCard: txRate: 1 txSpeed: 1
07-04 01:15:32.594   708   863 D WifiScoreCard: network update SIGNAL_POLL "AndroidWifi" ID: 843735694 RSSI -50 txSpeed -1
07-04 01:15:32.594   708   863 D WifiClientModeImpl[26229:wlan0]:  ClientModeImpl$L2ConnectedState screen=on 1 0 "AndroidWifi" 00:13:10:85:fe:01 rssi=-50 f=2447 sc=60 link=1 tx=0.0, 0.0, 0.0 rx=0.0 bcn=0 [on:0 tx:0 rx:0 period:3008] from screen [on:0 period:712704754] score=60
07-04 01:15:32.714  1461  1726 W MediaProvider: isAppCloneUserPair for user 0: false
07-04 01:15:32.847   708  1457 D ActivityManager: sync unfroze 1459 com.google.android.gms for 6
07-04 01:15:32.858   708  1870 W ProcessStats: Tracking association SourceState{42b01ac com.google.android.gms.persistent/10146 ImpBg #3432} whose proc state 6 is better than process ProcessState{87fc55b com.google.android.gms/10146 pkg=com.google.android.gms} proc state 14 (0 skipped)
07-04 01:15:32.870  1294  4337 I NetworkScheduler.Stats: Task com.google.android.gms/com.google.android.gms.ipa.base.IpaGcmTaskService started execution. cause:9 exec_start_elapsed_seconds: 1697 [CONTEXT service_id=218 ]
07-04 01:15:32.884  1294  5443 I NetworkScheduler.Stats: Task com.google.android.gms/com.google.android.gms.ipa.base.IpaGcmTaskService finished executing. cause:9 result: 1 elapsed_millis: 41 uptime_millis: 41 exec_start_elapsed_seconds: 1697 [CONTEXT service_id=218 ]
07-04 01:15:32.920   708  1870 I ActivityManager: Broadcasting: Intent { act=android.intent.action.MEDIA_SCANNER_SCAN_FILE dat=file:///... flg=0x400000 }
07-04 01:15:32.921   708  1870 I ActivityManager: Enqueued broadcast Intent { act=android.intent.action.MEDIA_SCANNER_SCAN_FILE dat=file:///... flg=0x400000 }: 0
07-04 01:15:32.922   708  1457 W JobInfo : Job 'com.google.android.providers.media.module/com.android.providers.media.MediaService#-300' has a deadline with no functional constraints. The deadline won't improve job execution latency. Consider removing the deadline.
07-04 01:15:32.928   708   736 I ActivityManager: Broadcast completed: result=0
07-04 01:15:32.929  1461  1961 I MediaProvider: Begin Intent { act=android.intent.action.MEDIA_SCANNER_SCAN_FILE dat=file:///... flg=0x1400010 cmp=com.google.android.providers.media.module/com.android.providers.media.MediaService }
07-04 01:15:32.951  1461  1961 I MediaProvider: End Intent { act=android.intent.action.MEDIA_SCANNER_SCAN_FILE dat=file:///... flg=0x1400010 cmp=com.google.android.providers.media.module/com.android.providers.media.MediaService }
07-04 01:15:32.961  1461  1666 D WM-SystemJobScheduler: Scheduling work ID 0e26a75e-eb80-4119-a566-820166a618adJob ID 49
07-04 01:15:32.967  1461  1666 D WM-GreedyScheduler: Ignoring {WorkSpec: 4ab35118-0008-4e0e-9667-4896f94f6ee7}. Requires device idle.
07-04 01:15:32.967  1461  1666 D WM-GreedyScheduler: Ignoring {WorkSpec: 5e0a924a-98f8-4d1c-b169-89fa94ec2302}. Requires device idle.
07-04 01:15:33.141  1461  2102 W MediaProvider: Ignoring param:deletedata post U for external apps
07-04 01:15:33.145  1461  2102 I MediaProvider: Deleted 0 1 0 0 0 0 0 items on external_primary due to com.android.shell
07-04 01:15:33.315   948   948 D wpa_supplicant: nl80211: Drv Event 64 (NL80211_CMD_NOTIFY_CQM) received for wlan0
07-04 01:15:33.315   948   948 D wpa_supplicant: nl80211: Beacon loss event
07-04 01:15:33.315   948   948 D wpa_supplicant: wlan0: Event BEACON_LOSS (53) received
07-04 01:15:33.315   948   948 I wpa_supplicant: wlan0: CTRL-EVENT-BEACON-LOSS 
07-04 01:15:33.358  5784  5784 D AndroidRuntime: >>>>>> START com.android.internal.os.RuntimeInit uid 2000 <<<<<<
07-04 01:15:33.363  5784  5784 I AndroidRuntime: Using default boot image
07-04 01:15:33.363  5784  5784 I AndroidRuntime: Leaving lock profiling enabled
07-04 01:15:33.366  5784  5784 I app_process: Core platform API reporting enabled, enforcing=false
07-04 01:15:33.367  5784  5784 I app_process: Using CollectorTypeCMC GC.
07-04 01:15:33.525  5784  5784 D nativeloader: InitDefaultPublicLibraries for_preload=1: libandroid.so:libaaudio.so:libamidi.so:libbinder_ndk.so:libc.so:libcamera2ndk.so:libdl.so:libEGL.so:libGLESv1_CM.so:libGLESv2.so:libGLESv3.so:libicu.so:libicui18n.so:libicuuc.so:libjnigraphics.so:liblog.so:libmediandk.so:libm.so:libnativehelper.so:libnativewindow.so:libOpenMAXAL.so:libOpenSLES.so:libRS.so:libstdc++.so:libsync.so:libvulkan.so:libwebviewchromium_plat_support.so:libz.so
07-04 01:15:33.541  5784  5784 D nativeloader: Load libicu_jni.so using APEX ns com_android_art for caller /apex/com.android.art/javalib/core-oj.jar: ok
07-04 01:15:33.541  5784  5784 D app_process: u_setTimeZoneFilesDirectory("/apex/com.android.tzdata/etc/tz/versioned/9/icu") succeeded. 
07-04 01:15:33.542  5784  5784 D app_process: I18n APEX ICU file found: /apex/com.android.i18n/etc/icu/icudt76l.dat
07-04 01:15:33.543  5784  5784 D nativeloader: Load libjavacore.so using APEX ns com_android_art for caller /apex/com.android.art/javalib/core-oj.jar: ok
07-04 01:15:33.544  5784  5784 D nativeloader: Load libopenjdk.so using APEX ns com_android_art for caller /apex/com.android.art/javalib/core-oj.jar: ok
07-04 01:15:33.546  5784  5784 W app_process: Unexpected CPU variant for x86: x86_64.
07-04 01:15:33.546  5784  5784 W app_process: Known variants: atom, sandybridge, silvermont, goldmont, goldmont-plus, goldmont-without-sha-xsaves, tremont, kabylake, alderlake, default
07-04 01:15:33.548  5784  5784 W app_process: ClassLoaderContext shared library size mismatch. Expected=2, found=0 (PCL[]{PCL[/system/framework/android.test.base.jar*2789897741]#PCL[/system/framework/android.test.mock.jar*3361312393]} | PCL[])
07-04 01:15:33.549  5784  5784 W app_process: ClassLoaderContext classpath size mismatch. expected=0, found=1 (PCL[]{PCL[/system/framework/android.test.runner.jar*895143020]#PCL[/system/framework/android.test.base.jar*2789897741]} | PCL[/system/framework/android.test.runner.jar*895143020])
07-04 01:15:33.581  5784  5784 D nativeloader: Load libframework-connectivity-tiramisu-jni.so using APEX ns com_android_tethering for caller /apex/com.android.tethering/javalib/framework-connectivity-t.jar: ok
07-04 01:15:33.582  5784  5784 D AndroidRuntime: Calling main entry com.android.commands.uiautomator.Launcher
07-04 01:15:33.585  5784  5784 I AconfigPackage: android.media.swcodec.flags is mapped to com.android.media.swcodec
07-04 01:15:33.585  5784  5784 I AconfigPackage: com.google.android.settings.simplemode.flags is mapped to system_ext
07-04 01:15:33.585  5784  5784 I AconfigPackage: com.google.android.systemui is mapped to system_ext
07-04 01:15:33.585  5784  5784 I AconfigPackage: com.google.android.apps.nexuslauncher is mapped to system_ext
07-04 01:15:33.585  5784  5784 I AconfigPackage: com.android.settings.accessibility is mapped to system_ext
07-04 01:15:33.586  5784  5784 I AconfigPackage: com.android.settings.flags is mapped to system_ext
07-04 01:15:33.586  5784  5784 I AconfigPackage: com.google.android.apps.miphone.aiai.matchmaker.overview.ui is mapped to system_ext
07-04 01:15:33.586  5784  5784 I AconfigPackage: com.google.android.settings.flags is mapped to system_ext
07-04 01:15:33.586  5784  5784 I AconfigPackage: com.android.launcher3 is mapped to system_ext
