--------- beginning of main
07-04 03:07:02.704   708  1846 D SafetySourceDataValidat: No cert check requested for package com.google.android.permissioncontroller
07-04 03:07:02.708  1290  1366 D AccessibilitySourceService: enabled a11y services count 0
07-04 03:07:02.715  1290  1366 D AccessibilitySourceService: a11y source sending 0 issue to sc
07-04 03:07:02.723   708  1846 D SafetySourceDataValidat: No cert check requested for package com.google.android.permissioncontroller
07-04 03:07:02.726  1290  1366 D AccessibilitySourceService: enabled a11y services count 0
07-04 03:07:02.727  1290  1366 D AccessibilitySourceService: a11y source sending 0 issue to sc
07-04 03:07:02.727   708  1846 D SafetySourceDataValidat: No cert check requested for package com.google.android.permissioncontroller
07-04 03:07:02.733  1290  1366 D AccessibilitySourceService: enabled a11y services count 0
07-04 03:07:02.741  1290  1366 D AccessibilitySourceService: a11y source sending 0 issue to sc
07-04 03:07:02.747   708  1846 D SafetySourceDataValidat: No cert check requested for package com.google.android.permissioncontroller
07-04 03:07:02.755  1290  1366 D AccessibilitySourceService: enabled a11y services count 0
07-04 03:07:02.758  1290  1366 D AccessibilitySourceService: a11y source sending 0 issue to sc
07-04 03:07:02.759   708  1846 D SafetySourceDataValidat: No cert check requested for package com.google.android.permissioncontroller
07-04 03:07:02.772  1290  1366 D AccessibilitySourceService: enabled a11y services count 0
07-04 03:07:02.772  1290  1366 D AccessibilitySourceService: a11y source sending 0 issue to sc
07-04 03:07:02.772   708  1856 D SafetySourceDataValidat: No cert check requested for package com.google.android.permissioncontroller
07-04 03:07:02.777  1459  1475 W gle.android.gms: Reducing the number of considered missed Gc histogram windows from 251 to 100
07-04 03:07:02.777  1290  1366 D AccessibilitySourceService: enabled a11y services count 0
07-04 03:07:02.777  1290  1366 D AccessibilitySourceService: a11y source sending 0 issue to sc
07-04 03:07:02.778   708  1020 D SafetySourceDataValidat: No cert check requested for package com.google.android.permissioncontroller
07-04 03:07:02.781  1459  1479 W System  : A resource failed to call close. 
07-04 03:07:02.781  1459  1479 W System  : A resource failed to call SQLiteConnectionPool.close. 
07-04 03:07:02.782  1459  1479 W SQLiteConnectionPool: A SQLiteConnection object for database '/data/user/0/com.google.android.gms/databases/mobstore_gc_db_v0' was leaked!  Please fix your application to end transactions in progress properly and to close the database when it is no longer needed.
07-04 03:07:02.782  1459  1479 W System  : A resource failed to call SQLiteConnection.close. 
07-04 03:07:02.782  1290  1363 D AccessibilitySourceService: enabled a11y services count 0
07-04 03:07:02.782  1290  1363 D AccessibilitySourceService: a11y source sending 0 issue to sc
07-04 03:07:02.783   708  1856 D SafetySourceDataValidat: No cert check requested for package com.google.android.permissioncontroller
07-04 03:07:02.786  1290  1363 D AccessibilitySourceService: enabled a11y services count 0
07-04 03:07:02.786  1290  1363 D AccessibilitySourceService: a11y source sending 0 issue to sc
07-04 03:07:02.787   708  1856 D SafetySourceDataValidat: No cert check requested for package com.google.android.permissioncontroller
07-04 03:07:02.791  1290  1363 D AccessibilitySourceService: enabled a11y services count 0
07-04 03:07:02.791  1290  1363 D AccessibilitySourceService: a11y source sending 0 issue to sc
07-04 03:07:02.791   708  1020 D SafetySourceDataValidat: No cert check requested for package com.google.android.permissioncontroller
07-04 03:07:02.794  1290  1363 D AccessibilitySourceService: enabled a11y services count 0
07-04 03:07:02.794  1290  1363 D AccessibilitySourceService: a11y source sending 0 issue to sc
07-04 03:07:02.794   708  1846 D SafetySourceDataValidat: No cert check requested for package com.google.android.permissioncontroller
07-04 03:07:02.795 14083 14137 I EGL_emulation: Opening libGLESv1_CM_emulation.so
07-04 03:07:02.797 14083 14137 I EGL_emulation: Opening libGLESv2_emulation.so
07-04 03:07:02.803  1290  1363 D AccessibilitySourceService: enabled a11y services count 0
07-04 03:07:02.803  1290  1363 D AccessibilitySourceService: a11y source sending 0 issue to sc
07-04 03:07:02.803   708  1846 D SafetySourceDataValidat: No cert check requested for package com.google.android.permissioncontroller
07-04 03:07:02.805 14083 14137 W HWUI    : Failed to choose config with EGL_SWAP_BEHAVIOR_PRESERVED, retrying without...
07-04 03:07:02.806 14083 14137 W HWUI    : Failed to initialize 101010-2 format, error = EGL_SUCCESS
07-04 03:07:02.806  1290  1363 D AccessibilitySourceService: enabled a11y services count 0
07-04 03:07:02.807  1290  1363 D AccessibilitySourceService: a11y source sending 0 issue to sc
07-04 03:07:02.808   708  1846 D SafetySourceDataValidat: No cert check requested for package com.google.android.permissioncontroller
07-04 03:07:02.815  1290  1363 D AccessibilitySourceService: enabled a11y services count 0
07-04 03:07:02.815  1290  1363 D AccessibilitySourceService: a11y source sending 0 issue to sc
07-04 03:07:02.816   708  1846 D SafetySourceDataValidat: No cert check requested for package com.google.android.permissioncontroller
07-04 03:07:02.820  1290  1363 D AccessibilitySourceService: enabled a11y services count 0
07-04 03:07:02.820  1290  1363 D AccessibilitySourceService: a11y source sending 0 issue to sc
07-04 03:07:02.821   708  1846 D SafetySourceDataValidat: No cert check requested for package com.google.android.permissioncontroller
07-04 03:07:02.825  1290  1363 D AccessibilitySourceService: enabled a11y services count 0
07-04 03:07:02.825  1290  1363 D AccessibilitySourceService: a11y source sending 0 issue to sc
07-04 03:07:02.827   708  1846 D SafetySourceDataValidat: No cert check requested for package com.google.android.permissioncontroller
07-04 03:07:02.831  1290  1363 D AccessibilitySourceService: enabled a11y services count 0
07-04 03:07:02.832  1290  1363 D AccessibilitySourceService: a11y source sending 0 issue to sc
07-04 03:07:02.832   708  1846 D SafetySourceDataValidat: No cert check requested for package com.google.android.permissioncontroller
07-04 03:07:02.834  1290  1363 D AccessibilitySourceService: enabled a11y services count 0
07-04 03:07:02.834  1290  1363 D AccessibilitySourceService: a11y source sending 0 issue to sc
07-04 03:07:02.834   708  1846 D SafetySourceDataValidat: No cert check requested for package com.google.android.permissioncontroller
07-04 03:07:02.842  1290  1363 D AccessibilitySourceService: enabled a11y services count 0
07-04 03:07:02.842  1290  1363 D AccessibilitySourceService: a11y source sending 0 issue to sc
07-04 03:07:02.842   708  1846 D SafetySourceDataValidat: No cert check requested for package com.google.android.permissioncontroller
07-04 03:07:02.844  1290  1363 D AccessibilitySourceService: enabled a11y services count 0
07-04 03:07:02.844  1290  1363 D AccessibilitySourceService: a11y source sending 0 issue to sc
07-04 03:07:02.844   708  1846 D SafetySourceDataValidat: No cert check requested for package com.google.android.permissioncontroller
07-04 03:07:02.848  1290  1363 D AccessibilitySourceService: enabled a11y services count 0
07-04 03:07:02.848  1290  1363 D AccessibilitySourceService: a11y source sending 0 issue to sc
07-04 03:07:02.849   708  1856 D SafetySourceDataValidat: No cert check requested for package com.google.android.permissioncontroller
07-04 03:07:02.853  1290  1363 D AccessibilitySourceService: enabled a11y services count 0
07-04 03:07:02.853  1290  1363 D AccessibilitySourceService: a11y source sending 0 issue to sc
07-04 03:07:02.854   708  1856 D SafetySourceDataValidat: No cert check requested for package com.google.android.permissioncontroller
07-04 03:07:02.857  1290  1363 D AccessibilitySourceService: enabled a11y services count 0
07-04 03:07:02.857  1290  1363 D AccessibilitySourceService: a11y source sending 0 issue to sc
07-04 03:07:02.857   708  1856 D SafetySourceDataValidat: No cert check requested for package com.google.android.permissioncontroller
07-04 03:07:02.863  1290  1366 D AccessibilitySourceService: enabled a11y services count 0
07-04 03:07:02.863  1290  1366 D AccessibilitySourceService: a11y source sending 0 issue to sc
07-04 03:07:02.864   708  1856 D SafetySourceDataValidat: No cert check requested for package com.google.android.permissioncontroller
07-04 03:07:02.868  1418  2116 I .apps.wellbeing: AssetManager2(0x7a9a7ea24e78) locale list changing from [] to [en-US]
07-04 03:07:02.868  1290  1366 D AccessibilitySourceService: enabled a11y services count 0
07-04 03:07:02.869  1290  1366 D AccessibilitySourceService: a11y source sending 0 issue to sc
07-04 03:07:02.872  1418  2116 I .apps.wellbeing: AssetManager2(0x7a9a7ea23898) locale list changing from [] to [en-US]
07-04 03:07:02.872   708  1856 D SafetySourceDataValidat: No cert check requested for package com.google.android.permissioncontroller
07-04 03:07:02.875  1290  1366 D AccessibilitySourceService: enabled a11y services count 0
07-04 03:07:02.875  1290  1366 D AccessibilitySourceService: a11y source sending 0 issue to sc
07-04 03:07:02.876  1418  2116 I .apps.wellbeing: AssetManager2(0x7a9a7ea42338) locale list changing from [] to [en-US]
07-04 03:07:02.876   708  1856 D SafetySourceDataValidat: No cert check requested for package com.google.android.permissioncontroller
07-04 03:07:02.877  1418  2116 I .apps.wellbeing: AssetManager2(0x7a9a7ea2f0f8) locale list changing from [] to [en-US]
07-04 03:07:02.879  1290  1366 D AccessibilitySourceService: enabled a11y services count 0
07-04 03:07:02.879  1290  1366 D AccessibilitySourceService: a11y source sending 0 issue to sc
07-04 03:07:02.881   708  1856 D SafetySourceDataValidat: No cert check requested for package com.google.android.permissioncontroller
07-04 03:07:02.881  1418  2116 I .apps.wellbeing: AssetManager2(0x7a9a7ea42c98) locale list changing from [] to [en-US]
07-04 03:07:02.883  1418  2116 I .apps.wellbeing: AssetManager2(0x7a9a7ea2e798) locale list changing from [] to [en-US]
07-04 03:07:02.883  1290  1366 D AccessibilitySourceService: enabled a11y services count 0
07-04 03:07:02.884  1290  1366 D AccessibilitySourceService: a11y source sending 0 issue to sc
07-04 03:07:02.884   708  1856 D SafetySourceDataValidat: No cert check requested for package com.google.android.permissioncontroller
07-04 03:07:02.885  1290  1366 D AccessibilitySourceService: enabled a11y services count 0
07-04 03:07:02.885  1290  1366 D AccessibilitySourceService: a11y source sending 0 issue to sc
07-04 03:07:02.887  1418  2116 I .apps.wellbeing: AssetManager2(0x7a9a7ea289d8) locale list changing from [] to [en-US]
07-04 03:07:02.887   708  1856 D SafetySourceDataValidat: No cert check requested for package com.google.android.permissioncontroller
07-04 03:07:02.892  1290  1366 D AccessibilitySourceService: enabled a11y services count 0
07-04 03:07:02.892  1290  1366 D AccessibilitySourceService: a11y source sending 0 issue to sc
07-04 03:07:02.892   708  1856 D SafetySourceDataValidat: No cert check requested for package com.google.android.permissioncontroller
07-04 03:07:02.894 14083 14140 D nativeloader: Load /data/app/~~UNPn1yrH7IhB8IJyPb8-yA==/com.tiarnanlarkin.danio-WmlfrKq7g4_6GTxncUcFnQ==/base.apk!/lib/x86_64/libflutter.so using class loader ns clns-9 (caller=/data/app/~~UNPn1yrH7IhB8IJyPb8-yA==/com.tiarnanlarkin.danio-WmlfrKq7g4_6GTxncUcFnQ==/base.apk): ok
07-04 03:07:02.896  1418  2116 I .apps.wellbeing: AssetManager2(0x7a9a7ea400d8) locale list changing from [] to [en-US]
07-04 03:07:02.896 14083 14140 D FlutterJNI: flutter (null) was loaded normally!
07-04 03:07:02.901  1418  2116 I .apps.wellbeing: AssetManager2(0x7a9a7ea2af58) locale list changing from [] to [en-US]
07-04 03:07:02.901 14083 14142 D skia    : [SkFontMgr Android Parser] '/product/etc/fonts_customization.xml' could not be opened
07-04 03:07:02.905  1418  2116 I .apps.wellbeing: AssetManager2(0x7a9a7ea2f418) locale list changing from [] to [en-US]
07-04 03:07:02.916  1418  2116 I .apps.wellbeing: AssetManager2(0x7a9a7ea3fa98) locale list changing from [] to [en-US]
07-04 03:07:02.921  1418  2116 I .apps.wellbeing: AssetManager2(0x7a9a7ea43918) locale list changing from [] to [en-US]
07-04 03:07:02.926  1418  2116 I .apps.wellbeing: AssetManager2(0x7a9a7ea1d7b8) locale list changing from [] to [en-US]
07-04 03:07:02.933  1418  2116 I .apps.wellbeing: AssetManager2(0x7a9a7ea40718) locale list changing from [] to [en-US]
07-04 03:07:02.946  1418  2116 I .apps.wellbeing: AssetManager2(0x7a9a7ea25198) locale list changing from [] to [en-US]
07-04 03:07:02.956  1418  2116 I .apps.wellbeing: AssetManager2(0x7a9a7ea2ce98) locale list changing from [] to [en-US]
07-04 03:07:02.987  1418  2116 I .apps.wellbeing: AssetManager2(0x7a9a7ea42978) locale list changing from [] to [en-US]
07-04 03:07:03.030  1418  2116 I .apps.wellbeing: AssetManager2(0x7a9a7ea467f8) locale list changing from [] to [en-US]
07-04 03:07:03.042  1418  2116 I .apps.wellbeing: AssetManager2(0x7a9a7ea3f458) locale list changing from [] to [en-US]
07-04 03:07:03.048  1418  2116 I .apps.wellbeing: AssetManager2(0x7a9a7ea41078) locale list changing from [] to [en-US]
07-04 03:07:03.054  1418  2116 I .apps.wellbeing: AssetManager2(0x7a9a7ea3d1f8) locale list changing from [] to [en-US]
07-04 03:07:03.060  1418  2116 I .apps.wellbeing: AssetManager2(0x7a9a7ea26a98) locale list changing from [] to [en-US]
07-04 03:07:03.089  1418  2116 I .apps.wellbeing: AssetManager2(0x7a9a7ea225d8) locale list changing from [] to [en-US]
07-04 03:07:03.105  1418  2116 I .apps.wellbeing: AssetManager2(0x7a9a7ea20cd8) locale list changing from [] to [en-US]
07-04 03:07:03.108  1418  2116 I .apps.wellbeing: AssetManager2(0x7a9a7ea27718) locale list changing from [] to [en-US]
07-04 03:07:03.112  1418  2116 I .apps.wellbeing: AssetManager2(0x7a9a7ea21f98) locale list changing from [] to [en-US]
07-04 03:07:03.116  1418  2116 I .apps.wellbeing: AssetManager2(0x7a9a7ea228f8) locale list changing from [] to [en-US]
07-04 03:07:03.120  1418  2116 I .apps.wellbeing: AssetManager2(0x7a9a7ea351d8) locale list changing from [] to [en-US]
07-04 03:07:03.126  1418  2116 I .apps.wellbeing: AssetManager2(0x7a9a7ea41cf8) locale list changing from [] to [en-US]
07-04 03:07:03.137  1418  2116 I .apps.wellbeing: AssetManager2(0x7a9a7ea37a78) locale list changing from [] to [en-US]
07-04 03:07:03.146  1418  2116 I .apps.wellbeing: AssetManager2(0x7a9a7ea2db18) locale list changing from [] to [en-US]
07-04 03:07:03.158  1418  2116 I .apps.wellbeing: AssetManager2(0x7a9a7ea2c218) locale list changing from [] to [en-US]
07-04 03:07:03.168  1418  2116 I .apps.wellbeing: AssetManager2(0x7a9a7ea2bef8) locale list changing from [] to [en-US]
07-04 03:07:03.183  1418  2116 I .apps.wellbeing: AssetManager2(0x7a9a7ea3b8f8) locale list changing from [] to [en-US]
07-04 03:07:03.185  1418  2116 I .apps.wellbeing: AssetManager2(0x7a9a7ea29fb8) locale list changing from [] to [en-US]
07-04 03:07:03.196  1418  2116 I .apps.wellbeing: AssetManager2(0x7a9a7ea2a918) locale list changing from [] to [en-US]
07-04 03:07:03.199  1418  2116 I .apps.wellbeing: AssetManager2(0x7a9a7ea3eaf8) locale list changing from [] to [en-US]
07-04 03:07:03.237  1418  2116 I .apps.wellbeing: AssetManager2(0x7a9a7ea2ac38) locale list changing from [] to [en-US]
07-04 03:07:03.252  1418  2116 I .apps.wellbeing: AssetManager2(0x7a9a7ea21958) locale list changing from [] to [en-US]
07-04 03:07:03.258  1418  2116 I .apps.wellbeing: AssetManager2(0x7a9a7ea38a18) locale list changing from [] to [en-US]
07-04 03:07:03.265  1418  2116 I .apps.wellbeing: AssetManager2(0x7a9a7ea39378) locale list changing from [] to [en-US]
07-04 03:07:03.273  1418  2116 I .apps.wellbeing: AssetManager2(0x7a9a7ea46b18) locale list changing from [] to [en-US]
07-04 03:07:03.278  1418  2116 I .apps.wellbeing: AssetManager2(0x7a9a7ea21c78) locale list changing from [] to [en-US]
07-04 03:07:03.284  1418  2116 I .apps.wellbeing: AssetManager2(0x7a9a7ea435f8) locale list changing from [] to [en-US]
07-04 03:07:03.290  1418  2116 I .apps.wellbeing: AssetManager2(0x7a9a7ea43f58) locale list changing from [] to [en-US]
07-04 03:07:03.315  1418  2116 I .apps.wellbeing: AssetManager2(0x7a9a7ea448b8) locale list changing from [] to [en-US]
07-04 03:07:03.322  1418  2116 I .apps.wellbeing: AssetManager2(0x7a9a7ea403f8) locale list changing from [] to [en-US]
07-04 03:07:03.334  1418  2116 I .apps.wellbeing: AssetManager2(0x7a9a7ea43c38) locale list changing from [] to [en-US]
07-04 03:07:03.344  1418  2116 I .apps.wellbeing: AssetManager2(0x7a9a7ea3f138) locale list changing from [] to [en-US]
07-04 03:07:03.346  1418  2116 I .apps.wellbeing: AssetManager2(0x7a9a7ea45858) locale list changing from [] to [en-US]
07-04 03:07:03.377  1418  2116 I .apps.wellbeing: AssetManager2(0x7a9a7ea3fdb8) locale list changing from [] to [en-US]
07-04 03:07:03.382  1418  2116 I .apps.wellbeing: AssetManager2(0x7a9a7ea3c258) locale list changing from [] to [en-US]
07-04 03:07:03.385  1418  2116 I .apps.wellbeing: AssetManager2(0x7a9a7ea3b5d8) locale list changing from [] to [en-US]
07-04 03:07:03.393  1418  2116 I .apps.wellbeing: AssetManager2(0x7a9a7ea37d98) locale list changing from [] to [en-US]
07-04 03:07:03.405  1418  2116 I .apps.wellbeing: AssetManager2(0x7a9a7ea3e198) locale list changing from [] to [en-US]
07-04 03:07:03.410  1418  2116 I .apps.wellbeing: AssetManager2(0x7a9a7ea461b8) locale list changing from [] to [en-US]
07-04 03:07:03.433  1418  2116 I .apps.wellbeing: AssetManager2(0x7a9a7ea42fb8) locale list changing from [] to [en-US]
07-04 03:07:03.444  1418  2116 I .apps.wellbeing: AssetManager2(0x7a9a7ea31998) locale list changing from [] to [en-US]
07-04 03:07:03.456  1418  2116 I .apps.wellbeing: AssetManager2(0x7a9a7ea3af98) locale list changing from [] to [en-US]
07-04 03:07:03.462  1418  2116 I .apps.wellbeing: AssetManager2(0x7a9a7ea354f8) locale list changing from [] to [en-US]
07-04 03:07:03.470  1418  2116 I .apps.wellbeing: AssetManager2(0x7a9a7ea37758) locale list changing from [] to [en-US]
07-04 03:07:03.485  1418  2116 I .apps.wellbeing: AssetManager2(0x7a9a7ea3b2b8) locale list changing from [] to [en-US]
07-04 03:07:03.489  1418  2116 I .apps.wellbeing: AssetManager2(0x7a9a7ea322f8) locale list changing from [] to [en-US]
07-04 03:07:03.490  1418  2116 I .apps.wellbeing: AssetManager2(0x7a9a7ea3d838) locale list changing from [] to [en-US]
07-04 03:07:03.494  1418  2116 I .apps.wellbeing: AssetManager2(0x7a9a7ea380b8) locale list changing from [] to [en-US]
07-04 03:07:03.500  1418  2116 I .apps.wellbeing: AssetManager2(0x7a9a7ea20058) locale list changing from [] to [en-US]
07-04 03:07:03.504  1418  2116 I .apps.wellbeing: AssetManager2(0x7a9a7ea383d8) locale list changing from [] to [en-US]
07-04 03:07:03.506  1418  2116 I .apps.wellbeing: AssetManager2(0x7a9a7ea35818) locale list changing from [] to [en-US]
07-04 03:07:03.508  1418  2116 I .apps.wellbeing: AssetManager2(0x7a9a7ea34b98) locale list changing from [] to [en-US]
07-04 03:07:03.512  1418  2116 I .apps.wellbeing: AssetManager2(0x7a9a7ea34238) locale list changing from [] to [en-US]
07-04 03:07:03.515  1418  2116 I .apps.wellbeing: AssetManager2(0x7a9a7ea35b38) locale list changing from [] to [en-US]
07-04 03:07:03.519  1418  2116 I .apps.wellbeing: AssetManager2(0x7a9a7ea35e58) locale list changing from [] to [en-US]
07-04 03:07:03.526  1418  2116 I .apps.wellbeing: AssetManager2(0x7a9a7ea33298) locale list changing from [] to [en-US]
07-04 03:07:03.530  1418  2116 I .apps.wellbeing: AssetManager2(0x7a9a7ea26138) locale list changing from [] to [en-US]
07-04 03:07:03.531  1418  2116 I .apps.wellbeing: AssetManager2(0x7a9a7ea29978) locale list changing from [] to [en-US]
07-04 03:07:03.537  1418  2116 I .apps.wellbeing: AssetManager2(0x7a9a7ea2f738) locale list changing from [] to [en-US]
07-04 03:07:03.540  1418  2116 I .apps.wellbeing: AssetManager2(0x7a9a7ea32938) locale list changing from [] to [en-US]
07-04 03:07:03.545  1418  2116 I .apps.wellbeing: AssetManager2(0x7a9a7ea32618) locale list changing from [] to [en-US]
07-04 03:07:03.548  1418  2116 I .apps.wellbeing: AssetManager2(0x7a9a7ea36498) locale list changing from [] to [en-US]
07-04 03:07:03.552  1418  2116 I .apps.wellbeing: AssetManager2(0x7a9a7ea2cb78) locale list changing from [] to [en-US]
07-04 03:07:03.554  1418  2116 I .apps.wellbeing: AssetManager2(0x7a9a7ea2fa58) locale list changing from [] to [en-US]
07-04 03:07:03.555  1418  2116 I .apps.wellbeing: AssetManager2(0x7a9a7ea36ad8) locale list changing from [] to [en-US]
07-04 03:07:03.559  1418  2116 I .apps.wellbeing: AssetManager2(0x7a9a7ea335b8) locale list changing from [] to [en-US]
07-04 03:07:03.562  1418  2116 I .apps.wellbeing: AssetManager2(0x7a9a7ea31fd8) locale list changing from [] to [en-US]
07-04 03:07:03.567  1418  2116 I .apps.wellbeing: AssetManager2(0x7a9a7ea31678) locale list changing from [] to [en-US]
07-04 03:07:03.600  1418  2116 I .apps.wellbeing: AssetManager2(0x7a9a7ea33bf8) locale list changing from [] to [en-US]
07-04 03:07:03.605  1418  2116 I .apps.wellbeing: AssetManager2(0x7a9a7ea31038) locale list changing from [] to [en-US]
07-04 03:07:03.611  1418  2116 I .apps.wellbeing: AssetManager2(0x7a9a7ea2d4d8) locale list changing from [] to [en-US]
07-04 03:07:03.613 14083 14141 I ResourceExtractor: Extracted baseline resource assets/flutter_assets/kernel_blob.bin
07-04 03:07:03.614 14083 14141 I ResourceExtractor: Extracted baseline resource assets/flutter_assets/vm_snapshot_data
07-04 03:07:03.616  1418  2116 I .apps.wellbeing: AssetManager2(0x7a9a7ea26db8) locale list changing from [] to [en-US]
07-04 03:07:03.635  1418  2116 I .apps.wellbeing: AssetManager2(0x7a9a7ea34eb8) locale list changing from [] to [en-US]
07-04 03:07:03.639  1418  2116 I .apps.wellbeing: AssetManager2(0x7a9a7ea24838) locale list changing from [] to [en-US]
07-04 03:07:03.640  1418  2116 I .apps.wellbeing: AssetManager2(0x7a9a7ea37118) locale list changing from [] to [en-US]
07-04 03:07:03.641  1418  2116 I .apps.wellbeing: AssetManager2(0x7a9a7ea3d518) locale list changing from [] to [en-US]
07-04 03:07:03.648  1418  2116 I .apps.wellbeing: AssetManager2(0x7a9a7ea44598) locale list changing from [] to [en-US]
07-04 03:07:03.652  1418  2116 I .apps.wellbeing: AssetManager2(0x7a9a7ea257d8) locale list changing from [] to [en-US]
07-04 03:07:03.656  1418  2116 I .apps.wellbeing: AssetManager2(0x7a9a7ea2a2d8) locale list changing from [] to [en-US]
07-04 03:07:03.659  1418  2116 I .apps.wellbeing: AssetManager2(0x7a9a7ea2e478) locale list changing from [] to [en-US]
07-04 03:07:03.686  1418  2116 I .apps.wellbeing: AssetManager2(0x7a9a7ea27d58) locale list changing from [] to [en-US]
07-04 03:07:03.689  1418  2116 I .apps.wellbeing: AssetManager2(0x7a9a7ea2e158) locale list changing from [] to [en-US]
07-04 03:07:03.702  1418  2116 I .apps.wellbeing: AssetManager2(0x7a9a7ea24b58) locale list changing from [] to [en-US]
07-04 03:07:03.705  1418  2116 I .apps.wellbeing: AssetManager2(0x7a9a7ea367b8) locale list changing from [] to [en-US]
07-04 03:07:03.707 14083 14141 I ResourceExtractor: Extracted baseline resource assets/flutter_assets/isolate_snapshot_data
07-04 03:07:03.710   708  1856 D FileUtils: Rounded bytes from 2592600064 to 4000000000
07-04 03:07:03.734 14083 14083 I nanlarkin.danio: AssetManager2(0x7a9a7ea1fd38) locale list changing from [] to [en-US]
07-04 03:07:03.756  1418  2116 I .apps.wellbeing: AssetManager2(0x7a9a7ea48738) locale list changing from [] to [en-US]
07-04 03:07:03.747 14083 14083 W nanlarkin.danio: type=1400 audit(0.0:83): avc:  denied  { read } for  name="max_map_count" dev="proc" ino=18240 scontext=u:r:untrusted_app:s0:c220,c256,c512,c768 tcontext=u:object_r:proc_max_map_count:s0 tclass=file permissive=0 app=com.tiarnanlarkin.danio
07-04 03:07:03.768  1418  2116 I .apps.wellbeing: AssetManager2(0x7a9a7ea48418) locale list changing from [] to [en-US]
07-04 03:07:03.784  1418  2116 I .apps.wellbeing: AssetManager2(0x7a9a7ea493b8) locale list changing from [] to [en-US]
07-04 03:07:03.787 14083 14083 D DesktopModeFlags: Toggle override initialized to: OVERRIDE_UNSET
07-04 03:07:03.791  1418  2116 I .apps.wellbeing: AssetManager2(0x7a9a7ea4deb8) locale list changing from [] to [en-US]
07-04 03:07:03.802  1418  2116 I .apps.wellbeing: AssetManager2(0x7a9a7ea4d878) locale list changing from [] to [en-US]
07-04 03:07:03.818  1418  2116 I .apps.wellbeing: AssetManager2(0x7a9a7ea47798) locale list changing from [] to [en-US]
07-04 03:07:03.835  1418  2116 I .apps.wellbeing: AssetManager2(0x7a9a7ea4e818) locale list changing from [] to [en-US]
07-04 03:07:03.848  1418  2116 I .apps.wellbeing: AssetManager2(0x7a9a7ea4c5b8) locale list changing from [] to [en-US]
07-04 03:07:03.883  1418  2116 I .apps.wellbeing: AssetManager2(0x7a9a7ea28398) locale list changing from [] to [en-US]
07-04 03:07:03.886 14083 14145 I flutter : [IMPORTANT:flutter/shell/platform/android/android_context_gl_impeller.cc(104)] Using the Impeller rendering backend (OpenGLES).
07-04 03:07:03.902  1418  2116 I .apps.wellbeing: AssetManager2(0x7a9a7ea2d7f8) locale list changing from [] to [en-US]
07-04 03:07:03.908 14083 14151 I flutter : The Dart VM service is listening on http://127.0.0.1:33987/KqIZQvo4kSw=/
07-04 03:07:03.909  1418  2116 I .apps.wellbeing: AssetManager2(0x7a9a7ea2c538) locale list changing from [] to [en-US]
07-04 03:07:03.913  1418  2116 I .apps.wellbeing: AssetManager2(0x7a9a7ea30d18) locale list changing from [] to [en-US]
07-04 03:07:03.916  1418  2116 I .apps.wellbeing: AssetManager2(0x7a9a7ea39058) locale list changing from [] to [en-US]
07-04 03:07:03.919  1418  2116 I .apps.wellbeing: AssetManager2(0x7a9a7ea286b8) locale list changing from [] to [en-US]
07-04 03:07:03.923  1418  2116 I .apps.wellbeing: AssetManager2(0x7a9a7ea29658) locale list changing from [] to [en-US]
07-04 03:07:03.933  1418  2116 I .apps.wellbeing: AssetManager2(0x7a9a7ea270d8) locale list changing from [] to [en-US]
07-04 03:07:03.941  1418  2116 I .apps.wellbeing: AssetManager2(0x7a9a7ea3cbb8) locale list changing from [] to [en-US]
07-04 03:07:03.944  1418  2116 I .apps.wellbeing: AssetManager2(0x7a9a7ea48a58) locale list changing from [] to [en-US]
07-04 03:07:03.951  1418  2116 I .apps.wellbeing: AssetManager2(0x7a9a7ea27d58) locale list changing from [] to [en-US]
07-04 03:07:03.963  1418  2116 I .apps.wellbeing: AssetManager2(0x7a9a7ea2fd78) locale list changing from [] to [en-US]
07-04 03:07:03.972  1418  2116 I .apps.wellbeing: AssetManager2(0x7a9a7ea257d8) locale list changing from [] to [en-US]
07-04 03:07:03.977  1418  2116 I .apps.wellbeing: AssetManager2(0x7a9a7ea2a2d8) locale list changing from [] to [en-US]
07-04 03:07:03.981  1418  2116 I .apps.wellbeing: AssetManager2(0x7a9a7ea2b598) locale list changing from [] to [en-US]
07-04 03:07:03.986  1418  2116 I .apps.wellbeing: AssetManager2(0x7a9a7ea2d1b8) locale list changing from [] to [en-US]
07-04 03:07:03.991  1418  2116 I .apps.wellbeing: AssetManager2(0x7a9a7ea3bc18) locale list changing from [] to [en-US]
07-04 03:07:04.199 14083 14083 D com.llfbandit.app_links: Intent { act=android.intent.action.VIEW dat=danio://qa/... flg=0x10000000 xflg=0x4 pkg=com.tiarnanlarkin.danio cmp=com.tiarnanlarkin.danio/.MainActivity }
07-04 03:07:04.199 14083 14083 D com.llfbandit.app_links: Handled intent: action: android.intent.action.VIEW / data: danio://qa/smart
07-04 03:07:04.254 14083 14083 I nanlarkin.danio: hiddenapi: Accessing hidden method Landroid/view/accessibility/AccessibilityNodeInfo;->getSourceNodeId()J (runtime_flags=0, domain=platform, api=unsupported,test-api) from Lio/flutter/view/AccessibilityViewEmbedder$ReflectionAccessors; (domain=app) using reflection: allowed
07-04 03:07:04.254 14083 14083 I nanlarkin.danio: hiddenapi: Accessing hidden method Landroid/view/accessibility/AccessibilityRecord;->getSourceNodeId()J (runtime_flags=0, domain=platform, api=unsupported) from Lio/flutter/view/AccessibilityViewEmbedder$ReflectionAccessors; (domain=app) using reflection: allowed
07-04 03:07:04.254 14083 14083 I nanlarkin.danio: hiddenapi: Accessing hidden field Landroid/view/accessibility/AccessibilityNodeInfo;->mChildNodeIds:Landroid/util/LongArray; (runtime_flags=0, domain=platform, api=unsupported) from Lio/flutter/view/AccessibilityViewEmbedder$ReflectionAccessors; (domain=app) using reflection: allowed
07-04 03:07:04.254 14083 14083 I nanlarkin.danio: hiddenapi: Accessing hidden method Landroid/util/LongArray;->get(I)J (runtime_flags=0, domain=platform, api=unsupported) from Lio/flutter/view/AccessibilityViewEmbedder$ReflectionAccessors; (domain=app) using reflection: allowed
07-04 03:07:04.272 14083 14083 D FlutterRenderer: Width is zero. 0,0
07-04 03:07:04.282 14083 14083 D CompatChangeReporter: Compat change id reported: 377864165; UID 10220; state: ENABLED
07-04 03:07:04.307 14083 14083 W HWUI    : Unknown dataspace 0
--------- beginning of kernel
07-04 03:07:04.292     0     0 I servicemanager: Caller(pid=14083,uid=10220,sid=u:r:untrusted_app:s0:c220,c256,c512,c768) Found android.hardware.graphics.allocator.IAllocator/default in device VINTF manifest.
07-04 03:07:04.300     0     0 I servicemanager: Caller(pid=14083,uid=10220,sid=u:r:untrusted_app:s0:c220,c256,c512,c768) Found android.hardware.graphics.allocator.IAllocator/default in device VINTF manifest.
07-04 03:07:04.302     0     0 I servicemanager: Caller(pid=14083,uid=10220,sid=u:r:untrusted_app:s0:c220,c256,c512,c768) Found mapper/ranchu in device VINTF manifest.
--------- beginning of system
07-04 03:07:04.586   708  1856 D CoreBackPreview: Window{ff4eec2 u0 com.tiarnanlarkin.danio/com.tiarnanlarkin.danio.MainActivity}: Setting back callback OnBackInvokedCallbackInfo{mCallback=android.window.IOnBackInvokedCallback$Stub$Proxy@ca7350e, mPriority=-1, mIsAnimationCallback=false, mOverrideBehavior=0}
07-04 03:07:04.624 14083 14083 I WindowExtensionsImpl: Initializing Window Extensions, vendor API level=9, activity embedding enabled=true
07-04 03:07:04.646 14083 14083 D FlutterRenderer: Width is zero. 0,0
07-04 03:07:04.659 14083 14083 D FlutterJNI: Sending viewport metrics to the engine.
07-04 03:07:04.697 14083 14095 I nanlarkin.danio: Compiler allocated 5042KB to compile void android.view.ViewRootImpl.performTraversals()
07-04 03:07:04.779   708   863 D WifiClientModeImpl[26229:wlan0]: updateLinkLayerStatsRssiSpeedFrequencyCapabilities rssi=-50 TxLinkspeed=2 freq=2447 RxLinkSpeed=2
07-04 03:07:04.779   708   863 D WifiDataStall: tx tput in kbps: 11000
07-04 03:07:04.779   708   863 D WifiDataStall: rx tput in kbps: 11000
07-04 03:07:04.779   708   863 V WifiConfigManager: Updating scan detail cache freq=2447 BSSID=00:13:10:85:fe:01 RSSI=-50 for "AndroidWifi"NONE
07-04 03:07:04.779   708   863 D WifiThroughputPredictor:  utilization (LLS) 80 isBluetoothConnected: false final utilization: 80
07-04 03:07:04.779   708   863 D WifiThroughputPredictor:  BW: 0 RSSI: -50 Nss: 1 Mode: 1 symDur: 4000 snrDb 30 bitPerTone: 4500 rate: 54 throughput: 11
07-04 03:07:04.779   708   863 D WifiThroughputPredictor:  utilization (LLS) 80 isBluetoothConnected: false final utilization: 80
07-04 03:07:04.779   708   863 D WifiThroughputPredictor:  BW: 0 RSSI: -50 Nss: 1 Mode: 1 symDur: 4000 snrDb 30 bitPerTone: 4500 rate: 54 throughput: 11
07-04 03:07:04.779   708   863 D WifiThroughputPredictor:  utilization (LLS) 80 isBluetoothConnected: false final utilization: 80
07-04 03:07:04.779   708   863 D WifiThroughputPredictor:  BW: 0 RSSI: -50 Nss: 1 Mode: 1 symDur: 4000 snrDb 30 bitPerTone: 4500 rate: 54 throughput: 11
07-04 03:07:04.779   708   863 D WifiThroughputPredictor:  utilization (LLS) 80 isBluetoothConnected: false final utilization: 80
07-04 03:07:04.779   708   863 D WifiThroughputPredictor:  BW: 0 RSSI: -50 Nss: 1 Mode: 1 symDur: 4000 snrDb 30 bitPerTone: 4500 rate: 54 throughput: 11
07-04 03:07:04.780   708   863 D WifiScoreCard: BSSID update SIGNAL_POLL ID: 52320190 SSID: "AndroidWifi", BSSID: 00:13:10:85:fe:01, MAC: 02:15:b2:00:00:00, IP: /10.0.2.16, Security type: 0, Supplicant state: COMPLETED, Wi-Fi standard: legacy, RSSI: -50, Link speed: 2Mbps, Tx Link speed: 2Mbps, Max Supported Tx Link speed: 11Mbps, Rx Link speed: 2Mbps, Max Supported Rx Link speed: 11Mbps, Frequency: 2447MHz, Net ID: 0, Metered hint: false, score: 60, isUsable: true, CarrierMerged: false, SubscriptionId: -1, IsPrimary: 1, Trusted: true, Restricted: false, Ephemeral: false, OEM paid: false, OEM private: false, OSU AP: false, FQDN: <none>, Provider friendly name: <none>, Requesting package name: <none>"AndroidWifi"openMLO Information: , Is TID-To-Link negotiation supported by the AP: false, AP MLD Address: <none>, AP MLO Link Id: <none>, AP MLO Affiliated links: <none>, Vendor Data: <none>
07-04 03:07:04.780   708   863 D WifiScoreCard: txRate: 1 txSpeed: 2
07-04 03:07:04.780   708   863 D WifiScoreCard: network update SIGNAL_POLL "AndroidWifi" ID: 843735694 RSSI -50 txSpeed -1
07-04 03:07:04.780   708   863 D WifiClientModeImpl[26229:wlan0]:  ClientModeImpl$L2ConnectedState screen=on 5 0 "AndroidWifi" 00:13:10:85:fe:01 rssi=-50 f=2447 sc=60 link=2 tx=0.6, 0.0, 0.0 rx=0.6 bcn=0 [on:0 tx:0 rx:0 period:3006] from screen [on:0 period:719396940] score=60
07-04 03:07:05.038  1091  1307 D SatelliteController: iisInCarrierRoamingNbIotNtn: satellite is disabled
07-04 03:07:05.084   708  1658 E TaskPersister: File error accessing recents directory (directory doesn't exist?).
07-04 03:07:05.197   708  1846 W OptProp : Cannot read opt property android.window.PROPERTY_COMPAT_IGNORE_REQUESTED_ORIENTATION
07-04 03:07:05.197   708  1846 W OptProp : Cannot read opt property android.window.PROPERTY_COMPAT_ALLOW_IGNORING_ORIENTATION_REQUEST_WHEN_LOOP_DETECTED
07-04 03:07:05.231 14083 14083 I Choreographer: Skipped 35 frames!  The application may be doing too much work on its main thread.
07-04 03:07:05.864 14083 14083 D WindowLayoutComponentImpl: Register WindowLayoutInfoListener on Context=com.tiarnanlarkin.danio.MainActivity@1b49a1b, of which baseContext=android.app.ContextImpl@5c22682
07-04 03:07:05.900 14083 14083 I Choreographer: Skipped 39 frames!  The application may be doing too much work on its main thread.
07-04 03:07:05.958   708   736 I ActivityTaskManager: Displayed com.tiarnanlarkin.danio/.MainActivity for user 0: +4s514ms
07-04 03:07:05.958   708   736 I ActivityTaskManager: Fully drawn com.tiarnanlarkin.danio/.MainActivity: +4s514ms
07-04 03:07:06.343   487   525 I netd    : tetherGetStats() -> {[]} <1.16ms>
07-04 03:07:06.343  1096  1096 D BaseDepthController: setSurface:
07-04 03:07:06.343  1096  1096 D BaseDepthController: 	mWaitingOnSurfaceValidity: false
07-04 03:07:06.343  1096  1096 D BaseDepthController: 	mBaseSurface: null
07-04 03:07:06.343  1096  1096 D BaseDepthController: mSurface is null and mCurrentBlur is: 0
07-04 03:07:06.343  1096  1096 D StateManager: goToState - fromState: Normal, toState: Normal, partial trace:
07-04 03:07:06.343  1096  1096 D StateManager: 	at com.android.launcher3.statemanager.StateManager.moveToRestState(go/retraceme 43e00d9cd0eb17b3d9dd30fc1741b1c71445c4c0f7c8c9b81300265c86c5b873:4)
07-04 03:07:06.343  1096  1096 D StateManager: 	at com.android.launcher3.statemanager.StateManager.moveToRestState(go/retraceme 43e00d9cd0eb17b3d9dd30fc1741b1c71445c4c0f7c8c9b81300265c86c5b873:1)
07-04 03:07:06.343  1096  1096 D StateManager: 	at com.android.launcher3.statemanager.StatefulActivity.onStop(go/retraceme 43e00d9cd0eb17b3d9dd30fc1741b1c71445c4c0f7c8c9b81300265c86c5b873:34)
07-04 03:07:06.344  1096  1096 D StatsLog: LAUNCHER_ONSTOP
07-04 03:07:06.345  1096  1096 D StatsLog: LAUNCHER_GOOGLE_SEARCH_RESTORE_LIST_SIZE_AFTER_ACTIVITY_RESTART
07-04 03:07:06.345   708  1846 I AppWidgetServiceImpl: setAppWidgetHidden() 0
07-04 03:07:06.359   708   920 D BackgroundInstallControlService: Package event received: 0
07-04 03:07:06.424  1096  1109 W s.nexuslauncher: Reducing the number of considered missed Gc histogram windows from 233 to 100
07-04 03:07:06.426  1096  1111 W System  : A resource failed to call release. 
07-04 03:07:06.426  1096  1111 W System  : A resource failed to call release. 
07-04 03:07:06.426  1096  1111 W System  : A resource failed to call release. 
07-04 03:07:06.910   708   869 D InetDiagMessage: Destroyed 0 sockets, proto=IPPROTO_TCP, family=AF_INET, states=14
07-04 03:07:06.910   708   869 D InetDiagMessage: Destroyed 0 sockets, proto=IPPROTO_TCP, family=AF_INET6, states=14
07-04 03:07:06.910   708   869 D InetDiagMessage: Destroyed live tcp sockets for uids={10161} in 1ms
07-04 03:07:06.910   708   869 D InetDiagMessage: Destroyed 0 sockets, proto=IPPROTO_TCP, family=AF_INET, states=14
07-04 03:07:06.911   708   869 D InetDiagMessage: Destroyed 0 sockets, proto=IPPROTO_TCP, family=AF_INET6, states=14
07-04 03:07:06.911   708   869 D InetDiagMessage: Destroyed live tcp sockets for uids={20161} in 1ms
07-04 03:07:07.013  3652  3677 I IPCThreadState: oneway function results for code 2 on binder at 0x7a9a3ea59ae0 will be dropped but finished with status UNKNOWN_TRANSACTION
07-04 03:07:07.524 14083 14083 D FlutterJNI: Sending viewport metrics to the engine.
07-04 03:07:07.556 14083 14083 I flutter : [LocalJsonStorageService] ✅ Storage loaded successfully: 1 tanks, 2 livestock, 3 equipment
07-04 03:07:07.782   708   863 D WifiClientModeImpl[26229:wlan0]: updateLinkLayerStatsRssiSpeedFrequencyCapabilities rssi=-50 TxLinkspeed=1 freq=2447 RxLinkSpeed=2
07-04 03:07:07.783   708   863 D WifiDataStall: tx tput in kbps: 11000
07-04 03:07:07.783   708   863 D WifiDataStall: rx tput in kbps: 11000
07-04 03:07:07.783   708   863 V WifiConfigManager: Updating scan detail cache freq=2447 BSSID=00:13:10:85:fe:01 RSSI=-50 for "AndroidWifi"NONE
07-04 03:07:07.783   708   863 D WifiThroughputPredictor:  utilization (LLS) 80 isBluetoothConnected: false final utilization: 80
07-04 03:07:07.783   708   863 D WifiThroughputPredictor:  BW: 0 RSSI: -50 Nss: 1 Mode: 1 symDur: 4000 snrDb 30 bitPerTone: 4500 rate: 54 throughput: 11
07-04 03:07:07.783   708   863 D WifiThroughputPredictor:  utilization (LLS) 80 isBluetoothConnected: false final utilization: 80
07-04 03:07:07.783   708   863 D WifiThroughputPredictor:  BW: 0 RSSI: -50 Nss: 1 Mode: 1 symDur: 4000 snrDb 30 bitPerTone: 4500 rate: 54 throughput: 11
07-04 03:07:07.783   708   863 D WifiThroughputPredictor:  utilization (LLS) 80 isBluetoothConnected: false final utilization: 80
07-04 03:07:07.783   708   863 D WifiThroughputPredictor:  BW: 0 RSSI: -50 Nss: 1 Mode: 1 symDur: 4000 snrDb 30 bitPerTone: 4500 rate: 54 throughput: 11
07-04 03:07:07.783   708   863 D WifiThroughputPredictor:  utilization (LLS) 80 isBluetoothConnected: false final utilization: 80
07-04 03:07:07.783   708   863 D WifiThroughputPredictor:  BW: 0 RSSI: -50 Nss: 1 Mode: 1 symDur: 4000 snrDb 30 bitPerTone: 4500 rate: 54 throughput: 11
07-04 03:07:07.784   708   863 D WifiScoreCard: BSSID update SIGNAL_POLL ID: 52320190 SSID: "AndroidWifi", BSSID: 00:13:10:85:fe:01, MAC: 02:15:b2:00:00:00, IP: /10.0.2.16, Security type: 0, Supplicant state: COMPLETED, Wi-Fi standard: legacy, RSSI: -50, Link speed: 1Mbps, Tx Link speed: 1Mbps, Max Supported Tx Link speed: 11Mbps, Rx Link speed: 2Mbps, Max Supported Rx Link speed: 11Mbps, Frequency: 2447MHz, Net ID: 0, Metered hint: false, score: 60, isUsable: true, CarrierMerged: false, SubscriptionId: -1, IsPrimary: 1, Trusted: true, Restricted: false, Ephemeral: false, OEM paid: false, OEM private: false, OSU AP: false, FQDN: <none>, Provider friendly name: <none>, Requesting package name: <none>"AndroidWifi"openMLO Information: , Is TID-To-Link negotiation supported by the AP: false, AP MLD Address: <none>, AP MLO Link Id: <none>, AP MLO Affiliated links: <none>, Vendor Data: <none>
07-04 03:07:07.784   708   863 D WifiScoreCard: txRate: 1 txSpeed: 1
07-04 03:07:07.784   708   863 D WifiScoreCard: network update SIGNAL_POLL "AndroidWifi" ID: 843735694 RSSI -50 txSpeed -1
07-04 03:07:07.784   708   863 D WifiClientModeImpl[26229:wlan0]:  ClientModeImpl$L2ConnectedState screen=on 5 0 "AndroidWifi" 00:13:10:85:fe:01 rssi=-50 f=2447 sc=60 link=1 tx=0.2, 0.0, 0.0 rx=0.2 bcn=0 [on:0 tx:0 rx:0 period:3004] from screen [on:0 period:719399944] score=60
07-04 03:07:07.814   708  1856 D CoreBackPreview: Window{ff4eec2 u0 com.tiarnanlarkin.danio/com.tiarnanlarkin.danio.MainActivity}: Setting back callback OnBackInvokedCallbackInfo{mCallback=android.window.IOnBackInvokedCallback$Stub$Proxy@5527d3b, mPriority=0, mIsAnimationCallback=true, mOverrideBehavior=0}
07-04 03:07:07.815 14083 14083 W WindowOnBackDispatcher: sendCancelIfRunning: isInProgress=false callback=io.flutter.embedding.android.FlutterActivity$1@41ccee8
07-04 03:07:07.815   708  1856 D CoreBackPreview: Window{ff4eec2 u0 com.tiarnanlarkin.danio/com.tiarnanlarkin.danio.MainActivity}: Setting back callback OnBackInvokedCallbackInfo{mCallback=android.window.IOnBackInvokedCallback$Stub$Proxy@ce97c58, mPriority=-1, mIsAnimationCallback=false, mOverrideBehavior=0}
07-04 03:07:07.832 14083 14083 I flutter : [QA] Deep link: danio://qa/smart
07-04 03:07:08.047   708   831 I ImeTracker: com.tiarnanlarkin.danio:cc6e4e4e: onRequestHide at ORIGIN_SERVER reason HIDE_UNSPECIFIED_WINDOW fromUser false
07-04 03:07:08.052  1402  1402 I GoogleInputMethodService: GoogleInputMethodService.onFinishInput():2043 
07-04 03:07:08.053   708  1856 I ImeTracker: system_server:5a5af297: onRequestHide at ORIGIN_SERVER reason IME_REQUESTED_CHANGED_LISTENER fromUser false
07-04 03:07:08.054  1402  1402 I Module  : DeviceLockedStatusModuleProvider$Module.updateDeviceLockedStatus():100 repeatCheckTimes = 0, locked = false
07-04 03:07:08.054  1402  1402 I GoogleInputMethodService: GoogleInputMethodService.onStartInput():1293 onStartInput(EditorInfo{EditorInfo{packageName=com.tiarnanlarkin.danio, inputType=0, inputTypeString=NULL, enableLearning=false, autoCorrection=false, autoComplete=false, imeOptions=0, privateImeOptions=null, actionName=UNSPECIFIED, actionLabel=null, initialSelStart=-1, initialSelEnd=-1, initialCapsMode=0, label=null, fieldId=0, fieldName=null, extras=null, hintText=null, hintLocales=[]}}, false)
07-04 03:07:08.056 14083 14083 I Choreographer: Skipped 61 frames!  The application may be doing too much work on its main thread.
07-04 03:07:08.057  1402  1402 I EmojiCompatManager: EmojiCompatManager.getEmojiCompatIfLoaded():343 EmojiCompat.init() was never called.
07-04 03:07:08.057  1402  1402 I EmojiCompatManager: java.lang.IllegalStateException: EmojiCompat is not initialized. Please call EmojiCompat.init() first
07-04 03:07:08.057  1402  1402 I EmojiCompatManager: 	at asx.p(PG:6)
07-04 03:07:08.057  1402  1402 I EmojiCompatManager: 	at axb.b(PG:13)
07-04 03:07:08.057  1402  1402 I EmojiCompatManager: 	at jnr.b(PG:2)
07-04 03:07:08.057  1402  1402 I EmojiCompatManager: 	at jnr.c(PG:4)
07-04 03:07:08.057  1402  1402 I EmojiCompatManager: 	at jnr.f(PG:3)
07-04 03:07:08.057  1402  1402 I EmojiCompatManager: 	at jnx.c(PG:3)
07-04 03:07:08.057  1402  1402 I EmojiCompatManager: 	at kif.cz(PG:47)
07-04 03:07:08.057  1402  1402 I EmojiCompatManager: 	at lhl.run(PG:1025)
07-04 03:07:08.057  1402  1402 I EmojiCompatManager: 	at jaf.execute(PG:12)
07-04 03:07:08.057  1402  1402 I EmojiCompatManager: 	at nco.v(PG:13)
07-04 03:07:08.057  1402  1402 I EmojiCompatManager: 	at lhn.m(PG:96)
07-04 03:07:08.057  1402  1402 I EmojiCompatManager: 	at lhn.k(PG:25)
07-04 03:07:08.057  1402  1402 I EmojiCompatManager: 	at kgn.onStartInput(PG:250)
07-04 03:07:08.057  1402  1402 I EmojiCompatManager: 	at android.inputmethodservice.InputMethodService.doStartInput(InputMethodService.java:3521)
07-04 03:07:08.057  1402  1402 I EmojiCompatManager: 	at android.inputmethodservice.InputMethodService$InputMethodImpl.startInput(InputMethodService.java:879)
07-04 03:07:08.057  1402  1402 I EmojiCompatManager: 	at android.inputmethodservice.InputMethodService$InputMethodImpl.dispatchStartInput(InputMethodService.java:908)
07-04 03:07:08.057  1402  1402 I EmojiCompatManager: 	at android.inputmethodservice.IInputMethodWrapper.executeMessage(IInputMethodWrapper.java:201)
07-04 03:07:08.057  1402  1402 I EmojiCompatManager: 	at com.android.internal.os.HandlerCaller$MyHandler.handleMessage(HandlerCaller.java:44)
07-04 03:07:08.057  1402  1402 I EmojiCompatManager: 	at android.os.Handler.dispatchMessage(Handler.java:110)
07-04 03:07:08.057  1402  1402 I EmojiCompatManager: 	at android.os.Looper.loopOnce(Looper.java:248)
07-04 03:07:08.057  1402  1402 I EmojiCompatManager: 	at android.os.Looper.loop(Looper.java:338)
07-04 03:07:08.057  1402  1402 I EmojiCompatManager: 	at android.app.ActivityThread.main(ActivityThread.java:9067)
07-04 03:07:08.057  1402  1402 I EmojiCompatManager: 	at java.lang.reflect.Method.invoke(Native Method)
07-04 03:07:08.057  1402  1402 I EmojiCompatManager: 	at com.android.internal.os.RuntimeInit$MethodAndArgsCaller.run(RuntimeInit.java:593)
07-04 03:07:08.057  1402  1402 I EmojiCompatManager: 	at com.android.internal.os.ZygoteInit.main(ZygoteInit.java:932)
07-04 03:07:08.058  1402  1402 I Module  : DeviceLockedStatusModuleProvider$Module.updateDeviceLockedStatus():100 repeatCheckTimes = 1, locked = false
07-04 03:07:08.059   708  1856 W PackageConfigPersister: App-specific configuration not found for packageName: com.tiarnanlarkin.danio and userId: 0
07-04 03:07:08.060   708   739 I ImeTracker: system_server:5a5af297: onCancelled at PHASE_SERVER_SHOULD_HIDE
07-04 03:07:08.066 14083 14083 D FlutterJNI: Sending viewport metrics to the engine.
07-04 03:07:08.169   708  1020 D ConnectivityService: requestNetwork for uid/pid:10220/14083 activeRequest: null callbackRequest: 202 [NetworkRequest [ REQUEST id=203, [ Capabilities: INTERNET&NOT_RESTRICTED&TRUSTED&NOT_VCN_MANAGED&NOT_BANDWIDTH_CONSTRAINED Uid: 10220 RequestorUid: 10220 RequestorPkg: com.tiarnanlarkin.danio UnderlyingNetworks: Null] ]] callback flags: 0 order: 2147483647 isUidTracked: false declaredMethods: AVAIL|LOST|NC
07-04 03:07:08.174   708   869 D ConnectivityService: NetReassign [203 : null → 105] [c 0] [a 0] [i 1]
07-04 03:07:08.174   708   863 D WifiNetworkFactory: got request NetworkRequest [ REQUEST id=203, [ Capabilities: INTERNET&NOT_RESTRICTED&TRUSTED&NOT_VCN_MANAGED&NOT_BANDWIDTH_CONSTRAINED Uid: 10220 RequestorUid: 10220 RequestorPkg: com.tiarnanlarkin.danio UnderlyingNetworks: Null] ]
07-04 03:07:08.174   708   863 V WifiNetworkFactory: Accepted network request NetworkRequest [ REQUEST id=203, [ Capabilities: INTERNET&NOT_RESTRICTED&TRUSTED&NOT_VCN_MANAGED&NOT_BANDWIDTH_CONSTRAINED Uid: 10220 RequestorUid: 10220 RequestorPkg: com.tiarnanlarkin.danio UnderlyingNetworks: Null] ]
07-04 03:07:08.174   708   863 D UntrustedWifiNetworkFactory: got request NetworkRequest [ REQUEST id=203, [ Capabilities: INTERNET&NOT_RESTRICTED&TRUSTED&NOT_VCN_MANAGED&NOT_BANDWIDTH_CONSTRAINED Uid: 10220 RequestorUid: 10220 RequestorPkg: com.tiarnanlarkin.danio UnderlyingNetworks: Null] ]
07-04 03:07:08.174   708   863 D OemPaidWifiNetworkFactory: got request NetworkRequest [ REQUEST id=203, [ Capabilities: INTERNET&NOT_RESTRICTED&TRUSTED&NOT_VCN_MANAGED&NOT_BANDWIDTH_CONSTRAINED Uid: 10220 RequestorUid: 10220 RequestorPkg: com.tiarnanlarkin.danio UnderlyingNetworks: Null] ]
07-04 03:07:08.174   708   863 D MultiInternetWifiNetworkFactory: got request NetworkRequest [ REQUEST id=203, [ Capabilities: INTERNET&NOT_RESTRICTED&TRUSTED&NOT_VCN_MANAGED&NOT_BANDWIDTH_CONSTRAINED Uid: 10220 RequestorUid: 10220 RequestorPkg: com.tiarnanlarkin.danio UnderlyingNetworks: Null] ]
07-04 03:07:08.175 14083 14083 D InsetsController: hide(ime(), fromIme=false)
07-04 03:07:08.175 14083 14083 I ImeTracker: com.tiarnanlarkin.danio:cc6e4e4e: onCancelled at PHASE_CLIENT_ALREADY_HIDDEN
07-04 03:07:08.230   948   948 D wpa_supplicant: nl80211: Drv Event 64 (NL80211_CMD_NOTIFY_CQM) received for wlan0
07-04 03:07:08.230   948   948 D wpa_supplicant: nl80211: Beacon loss event
07-04 03:07:08.230   948   948 D wpa_supplicant: wlan0: Event BEACON_LOSS (53) received
07-04 03:07:08.230   948   948 I wpa_supplicant: wlan0: CTRL-EVENT-BEACON-LOSS 
07-04 03:07:08.261 14083 14169 D ProfileInstaller: Installing profile for com.tiarnanlarkin.danio
07-04 03:07:08.263 14083 14165 D SessionsDependencies: Dependency to CRASHLYTICS added.
07-04 03:07:08.277 14083 14165 I FirebaseApp: Device unlocked: initializing all Firebase APIs for app [DEFAULT]
07-04 03:07:08.336 14083 14165 D FirebaseSessions: Initializing Firebase Sessions SDK.
07-04 03:07:08.342 14083 14165 I FirebaseCrashlytics: Initializing Firebase Crashlytics 18.6.3 for com.tiarnanlarkin.danio
07-04 03:07:08.353 14083 14165 D SessionsDependencies: Subscriber CRASHLYTICS registered.
07-04 03:07:08.371 14083 14177 D SessionConfigFetcher: Fetching settings from server.
07-04 03:07:08.432   487 14182 I resolv  : GetAddrInfoHandler::run: {105 105 105 983145 10220 0}
07-04 03:07:08.433   487 14183 I resolv  : res_nmkquery: (QUERY, IN, AAAA)
07-04 03:07:08.435   487 14184 I resolv  : res_nmkquery: (QUERY, IN, A)
07-04 03:07:08.491   708  1020 D FileUtils: Rounded bytes from 2592600064 to 4000000000
07-04 03:07:08.501 14083 14175 I FirebaseCrashlytics: No version control information found
07-04 03:07:08.515 14083 14083 I flutter : [Main] Firebase initialised successfully
07-04 03:07:08.515 14083 14083 I flutter : [ConsentScreen] ConsentScreen: diagnostics consent=true
07-04 03:07:08.523 14083 14083 I flutter : [SupabaseService] [SupabaseService] Placeholder credentials detected - running in offline-only mode.
