07-04 03:49:37.755 15936 15936 W app_process: ClassLoaderContext shared library size mismatch. Expected=2, found=0 (PCL[]{PCL[/system/framework/android.test.base.jar*2789897741]#PCL[/system/framework/android.test.mock.jar*3361312393]} | PCL[])
07-04 03:49:37.756 15936 15936 W app_process: ClassLoaderContext classpath size mismatch. expected=0, found=1 (PCL[]{PCL[/system/framework/android.test.runner.jar*895143020]#PCL[/system/framework/android.test.base.jar*2789897741]} | PCL[/system/framework/android.test.runner.jar*895143020])
07-04 03:49:37.780 15936 15936 D nativeloader: Load libframework-connectivity-tiramisu-jni.so using APEX ns com_android_tethering for caller /apex/com.android.tethering/javalib/framework-connectivity-t.jar: ok
07-04 03:49:37.781 15936 15936 D AndroidRuntime: Calling main entry com.android.commands.uiautomator.Launcher
07-04 03:49:37.785 15936 15936 I AconfigPackage: android.media.swcodec.flags is mapped to com.android.media.swcodec
07-04 03:49:37.787 15936 15936 I AconfigPackage: com.google.android.settings.simplemode.flags is mapped to system_ext
07-04 03:49:37.787 15936 15936 I AconfigPackage: com.google.android.systemui is mapped to system_ext
07-04 03:49:37.787 15936 15936 I AconfigPackage: com.google.android.apps.nexuslauncher is mapped to system_ext
07-04 03:49:37.787 15936 15936 I AconfigPackage: com.android.settings.accessibility is mapped to system_ext
07-04 03:49:37.787 15936 15936 I AconfigPackage: com.android.settings.flags is mapped to system_ext
07-04 03:49:37.787 15936 15936 I AconfigPackage: com.google.android.apps.miphone.aiai.matchmaker.overview.ui is mapped to system_ext
07-04 03:49:37.787 15936 15936 I AconfigPackage: com.google.android.settings.flags is mapped to system_ext
07-04 03:49:37.787 15936 15936 I AconfigPackage: com.android.launcher3 is mapped to system_ext
07-04 03:49:37.787 15936 15936 I AconfigPackage: com.android.wallpaper is mapped to system_ext
07-04 03:49:37.787 15936 15936 I AconfigPackage: com.android.settings.media_drm is mapped to system_ext
07-04 03:49:37.787 15936 15936 I AconfigPackage: com.android.systemui.accessibility.accessibilitymenu is mapped to system_ext
07-04 03:49:37.787 15936 15936 I AconfigPackage: com.android.settings.keyboard is mapped to system_ext
07-04 03:49:37.787 15936 15936 I AconfigPackage: com.android.server.policy.feature.flags is mapped to system_ext
07-04 03:49:37.787 15936 15936 I AconfigPackage: com.android.settings.factory_reset is mapped to system_ext
07-04 03:49:37.787 15936 15936 I AconfigPackage: com.google.android.haptics.flags is mapped to system_ext
07-04 03:49:37.787 15936 15936 I AconfigPackage: com.android.permission.flags is mapped to com.android.permission
07-04 03:49:37.787 15936 15936 I AconfigPackage: com.android.icu is mapped to com.android.i18n
07-04 03:49:37.787 15936 15936 I AconfigPackage: com.android.appsearch.flags is mapped to com.android.appsearch
07-04 03:49:37.787 15936 15936 I AconfigPackage: android.uprobestats.mainline.flags is mapped to com.android.uprobestats
07-04 03:49:37.787 15936 15936 I AconfigPackage: android.provider.flags is mapped to com.android.configinfrastructure
07-04 03:49:37.787 15936 15936 I AconfigPackage: com.android.server.deviceconfig is mapped to com.android.configinfrastructure
07-04 03:49:37.788 15936 15936 I AconfigPackage: com.android.nfc.flags is mapped to system
07-04 03:49:37.788 15936 15936 I AconfigPackage: android.app.admin.flags is mapped to system
07-04 03:49:37.788 15936 15936 I AconfigPackage: android.database.sqlite is mapped to system
07-04 03:49:37.788 15936 15936 I AconfigPackage: com.android.providers.calendar is mapped to system
07-04 03:49:37.788 15936 15936 I AconfigPackage: com.android.server.power.feature.flags is mapped to system
07-04 03:49:37.788 15936 15936 I AconfigPackage: com.android.media.performance.flags is mapped to system
07-04 03:49:37.788 15936 15936 I AconfigPackage: android.app.contextualsearch.flags is mapped to system
07-04 03:49:37.788 15936 15936 I AconfigPackage: android.app.ondeviceintelligence.flags is mapped to system
07-04 03:49:37.788 15936 15936 I AconfigPackage: com.android.media.projection.flags is mapped to system
07-04 03:49:37.788 15936 15936 I AconfigPackage: android.companion is mapped to system
07-04 03:49:37.788 15936 15936 I AconfigPackage: android.service.controls.flags is mapped to system
07-04 03:49:37.788 15936 15936 I AconfigPackage: com.android.text.flags is mapped to system
07-04 03:49:37.788 15936 15936 I AconfigPackage: com.android.providers.contactkeys.flags is mapped to system
07-04 03:49:37.788 15936 15936 I AconfigPackage: com.android.intentresolver is mapped to system
07-04 03:49:37.788 15936 15936 I AconfigPackage: android.companion.virtualdevice.flags is mapped to system
07-04 03:49:37.788 15936 15936 I AconfigPackage: android.uprobestats.flags is mapped to system
07-04 03:49:37.788 15936 15936 I AconfigPackage: com.android.net.thread.platform.flags is mapped to system
07-04 03:49:37.788 15936 15936 I AconfigPackage: android.view.contentprotection.flags is mapped to system
07-04 03:49:37.788 15936 15936 I AconfigPackage: com.android.server.dreams is mapped to system
07-04 03:49:37.788 15936 15936 I AconfigPackage: com.android.graphics.surfaceflinger.flags is mapped to system
07-04 03:49:37.788 15936 15936 I AconfigPackage: com.android.hardware.input is mapped to system
07-04 03:49:37.788 15936 15936 I AconfigPackage: android.sdk is mapped to system
07-04 03:49:37.788 15936 15936 I AconfigPackage: com.android.input.flags is mapped to system
07-04 03:49:37.788 15936 15936 I AconfigPackage: android.tracing is mapped to system
07-04 03:49:37.788 15936 15936 I AconfigPackage: com.android.server.biometrics is mapped to system
07-04 03:49:37.788 15936 15936 I AconfigPackage: android.view.contentcapture.flags is mapped to system
07-04 03:49:37.788 15936 15936 I AconfigPackage: android.app.job is mapped to system
07-04 03:49:37.788 15936 15936 I AconfigPackage: android.content.res is mapped to system
07-04 03:49:37.788 15936 15936 I AconfigPackage: android.net.platform.flags is mapped to system
07-04 03:49:37.788 15936 15936 I AconfigPackage: com.android.aconfig.flags is mapped to system
07-04 03:49:37.788 15936 15936 I AconfigPackage: com.android.graphics.flags is mapped to system
07-04 03:49:37.788 15936 15936 I AconfigPackage: android.server.app is mapped to system
07-04 03:49:37.788 15936 15936 I AconfigPackage: android.speech.flags is mapped to system
07-04 03:49:37.788 15936 15936 I AconfigPackage: com.android.server.stats is mapped to system
07-04 03:49:37.788 15936 15936 I AconfigPackage: android.hardware.biometrics is mapped to system
07-04 03:49:37.788 15936 15936 I AconfigPackage: android.car.feature is mapped to system
07-04 03:49:37.788 15936 15936 I AconfigPackage: android.adpf is mapped to system
07-04 03:49:37.788 15936 15936 I AconfigPackage: android.location.flags is mapped to system
07-04 03:49:37.788 15936 15936 I AconfigPackage: com.android.settingslib.flags is mapped to system
07-04 03:49:37.788 15936 15936 I AconfigPackage: com.android.managedprovisioning.flags is mapped to system
07-04 03:49:37.788 15936 15936 I AconfigPackage: android.app.assist.flags is mapped to system
07-04 03:49:37.788 15936 15936 I AconfigPackage: com.android.server.net is mapped to system
07-04 03:49:37.788 15936 15936 I AconfigPackage: com.android.settingslib.widget.flags is mapped to system
07-04 03:49:37.788 15936 15936 I AconfigPackage: com.android.internal.camera.flags is mapped to system
07-04 03:49:37.788 15936 15936 I AconfigPackage: com.android.hardware.libsensor.flags is mapped to system
07-04 03:49:37.788 15936 15936 I AconfigPackage: com.android.internal.jank is mapped to system
07-04 03:49:37.788 15936 15936 I AconfigPackage: com.android.providers.settings is mapped to system
07-04 03:49:37.788 15936 15936 I AconfigPackage: android.multiuser is mapped to system
07-04 03:49:37.788 15936 15936 I AconfigPackage: com.android.server.power.optimization is mapped to system
07-04 03:49:37.788 15936 15936 I AconfigPackage: com.android.calllogbackup is mapped to system
07-04 03:49:37.788 15936 15936 I AconfigPackage: com.android.media.flags is mapped to system
07-04 03:49:37.788 15936 15936 I AconfigPackage: com.android.server.flags is mapped to system
07-04 03:49:37.788 15936 15936 I AconfigPackage: com.android.graphics.libvulkan.flags is mapped to system
07-04 03:49:37.788 15936 15936 I AconfigPackage: android.app.appfunctions.flags is mapped to system
07-04 03:49:37.788 15936 15936 I AconfigPackage: android.app.smartspace.flags is mapped to system
07-04 03:49:37.788 15936 15936 I AconfigPackage: com.android.providers.contacts.flags is mapped to system
07-04 03:49:37.788 15936 15936 I AconfigPackage: com.android.shell.flags is mapped to system
07-04 03:49:37.788 15936 15936 I AconfigPackage: com.android.media.aaudio is mapped to system
07-04 03:49:37.788 15936 15936 I AconfigPackage: android.hardware.radio is mapped to system
07-04 03:49:37.788 15936 15936 I AconfigPackage: com.google.wear.services.infra.flags is mapped to system
07-04 03:49:37.788 15936 15936 I AconfigPackage: suspend_service.flags is mapped to system
07-04 03:49:37.788 15936 15936 I AconfigPackage: android.media.midi is mapped to system
07-04 03:49:37.788 15936 15936 I AconfigPackage: com.android.libcore.readonly is mapped to system
07-04 03:49:37.788 15936 15936 I AconfigPackage: com.android.settingslib.widget.selectorwithwidgetpreference.flags is mapped to system
07-04 03:49:37.788 15936 15936 I AconfigPackage: android.service.notification is mapped to system
07-04 03:49:37.788 15936 15936 I AconfigPackage: com.android.systemui.shared is mapped to system
07-04 03:49:37.788 15936 15936 I AconfigPackage: android.app.jank is mapped to system
07-04 03:49:37.788 15936 15936 I AconfigPackage: android.app.wearable is mapped to system
07-04 03:49:37.788 15936 15936 I AconfigPackage: com.android.media.audio is mapped to system
07-04 03:49:37.788 15936 15936 I AconfigPackage: android.service.chooser is mapped to system
07-04 03:49:37.788 15936 15936 I AconfigPackage: com.android.server.compat is mapped to system
07-04 03:49:37.788 15936 15936 I AconfigPackage: com.android.server.alarm is mapped to system
07-04 03:49:37.788 15936 15936 I AconfigPackage: com.android.apex.flags is mapped to system
07-04 03:49:37.788 15936 15936 I AconfigPackage: android.service.quickaccesswallet is mapped to system
07-04 03:49:37.788 15936 15936 I AconfigPackage: android.app.usage is mapped to system
07-04 03:49:37.788 15936 15936 I AconfigPackage: com.android.server.accessibility is mapped to system
07-04 03:49:37.788 15936 15936 I AconfigPackage: android.app.supervision.flags is mapped to system
07-04 03:49:37.788 15936 15936 I AconfigPackage: com.android.server.utils is mapped to system
07-04 03:49:37.788 15936 15936 I AconfigPackage: android.chre.flags is mapped to system
07-04 03:49:37.788 15936 15936 I AconfigPackage: android.content.flags is mapped to system
07-04 03:49:37.788 15936 15936 I AconfigPackage: android.media.codec is mapped to system
07-04 03:49:37.788 15936 15936 I AconfigPackage: com.android.internal.os is mapped to system
07-04 03:49:37.788 15936 15936 I AconfigPackage: com.android.nfc.nci.flags is mapped to system
07-04 03:49:37.788 15936 15936 I AconfigPackage: android.app is mapped to system
07-04 03:49:37.788 15936 15936 I AconfigPackage: android.security.keystore2 is mapped to system
07-04 03:49:37.788 15936 15936 I AconfigPackage: android.crashrecovery.flags is mapped to system
07-04 03:49:37.788 15936 15936 I AconfigPackage: com.android.tradeinmode.flags is mapped to system
07-04 03:49:37.788 15936 15936 I AconfigPackage: android.hardware.flags is mapped to system
07-04 03:49:37.788 15936 15936 I AconfigPackage: com.android.server.telecom.flags is mapped to system
07-04 03:49:37.788 15936 15936 I AconfigPackage: com.android.settingslib.media.flags is mapped to system
07-04 03:49:37.788 15936 15936 I AconfigPackage: com.android.server.policy is mapped to system
07-04 03:49:37.788 15936 15936 I AconfigPackage: android.media.audiopolicy is mapped to system
07-04 03:49:37.788 15936 15936 I AconfigPackage: com.android.egg.flags is mapped to system
07-04 03:49:37.788 15936 15936 I AconfigPackage: com.android.internal.compat.flags is mapped to system
07-04 03:49:37.788 15936 15936 I AconfigPackage: android.security is mapped to system
07-04 03:49:37.788 15936 15936 I AconfigPackage: android.service.autofill is mapped to system
07-04 03:49:37.788 15936 15936 I AconfigPackage: com.example.android.aconfig.demo.flags is mapped to system
07-04 03:49:37.788 15936 15936 I AconfigPackage: android.view.flags is mapped to system
07-04 03:49:37.788 15936 15936 I AconfigPackage: android.companion.virtual.flags is mapped to system
07-04 03:49:37.788 15936 15936 I AconfigPackage: com.android.aconfig_new_storage is mapped to system
07-04 03:49:37.788 15936 15936 I AconfigPackage: com.android.server.feature.flags is mapped to system
07-04 03:49:37.788 15936 15936 I AconfigPackage: com.android.systemui is mapped to system
07-04 03:49:37.788 15936 15936 I AconfigPackage: com.android.server.power.batterysaver is mapped to system
07-04 03:49:37.788 15936 15936 I AconfigPackage: android.widget.flags is mapped to system
07-04 03:49:37.788 15936 15936 I AconfigPackage: com.android.media.editing.flags is mapped to system
07-04 03:49:37.788 15936 15936 I AconfigPackage: com.android.media.codec.flags is mapped to system
07-04 03:49:37.788 15936 15936 I AconfigPackage: com.android.server.powerstats is mapped to system
07-04 03:49:37.788 15936 15936 I AconfigPackage: com.android.graphics.egl.flags is mapped to system
07-04 03:49:37.788 15936 15936 I AconfigPackage: com.android.media.audioserver is mapped to system
07-04 03:49:37.788 15936 15936 I AconfigPackage: com.android.server.deviceidle is mapped to system
07-04 03:49:37.788 15936 15936 I AconfigPackage: android.nfc is mapped to system
07-04 03:49:37.788 15936 15936 I AconfigPackage: android.permission.flags is mapped to system
07-04 03:49:37.788 15936 15936 I AconfigPackage: android.service.voice.flags is mapped to system
07-04 03:49:37.788 15936 15936 I AconfigPackage: android.content.pm is mapped to system
07-04 03:49:37.788 15936 15936 I AconfigPackage: com.android.server.power.hint is mapped to system
07-04 03:49:37.788 15936 15936 I AconfigPackage: android.os is mapped to system
07-04 03:49:37.788 15936 15936 I AconfigPackage: android.service.dreams is mapped to system
07-04 03:49:37.788 15936 15936 I AconfigPackage: com.android.graphics.libgui.flags is mapped to system
07-04 03:49:37.788 15936 15936 I AconfigPackage: android.hardware.usb.flags is mapped to system
07-04 03:49:37.788 15936 15936 I AconfigPackage: android.provider is mapped to system
07-04 03:49:37.788 15936 15936 I AconfigPackage: com.android.server.job is mapped to system
07-04 03:49:37.789 15936 15936 I AconfigPackage: com.android.internal.foldables.flags is mapped to system
07-04 03:49:37.789 15936 15936 I AconfigPackage: com.android.internal.telephony.flags is mapped to system
07-04 03:49:37.789 15936 15936 I AconfigPackage: android.webkit is mapped to system
07-04 03:49:37.789 15936 15936 I AconfigPackage: android.credentials.flags is mapped to system
07-04 03:49:37.789 15936 15936 I AconfigPackage: com.android.server.display.feature.flags is mapped to system
07-04 03:49:37.789 15936 15936 I AconfigPackage: com.android.server.notification is mapped to system
07-04 03:49:37.789 15936 15936 I AconfigPackage: android.appwidget.flags is mapped to system
07-04 03:49:37.789 15936 15936 I AconfigPackage: com.android.frameworks.sensorservice.flags is mapped to system
07-04 03:49:37.789 15936 15936 I AconfigPackage: com.android.printspooler.flags is mapped to system
07-04 03:49:37.789 15936 15936 I AconfigPackage: com.android.window.flags is mapped to system
07-04 03:49:37.789 15936 15936 I AconfigPackage: android.adaptiveauth is mapped to system
07-04 03:49:37.789 15936 15936 I AconfigPackage: android.net.wifi.flags is mapped to system
07-04 03:49:37.789 15936 15936 I AconfigPackage: android.media.tv.flags is mapped to system
07-04 03:49:37.789 15936 15936 I AconfigPackage: com.android.server.usb.flags is mapped to system
07-04 03:49:37.789 15936 15936 I AconfigPackage: android.os.vibrator is mapped to system
07-04 03:49:37.789 15936 15936 I AconfigPackage: android.hardware.devicestate.feature.flags is mapped to system
07-04 03:49:37.789 15936 15936 I AconfigPackage: com.android.server.usage is mapped to system
07-04 03:49:37.789 15936 15936 I AconfigPackage: android.server is mapped to system
07-04 03:49:37.789 15936 15936 I AconfigPackage: com.android.wm.shell is mapped to system
07-04 03:49:37.789 15936 15936 I AconfigPackage: android.view.inputmethod is mapped to system
07-04 03:49:37.789 15936 15936 I AconfigPackage: com.android.graphics.hwui.flags is mapped to system
07-04 03:49:37.789 15936 15936 I AconfigPackage: com.android.server.backup is mapped to system
07-04 03:49:37.789 15936 15936 I AconfigPackage: com.android.internal.pm.pkg.component.flags is mapped to system
07-04 03:49:37.789 15936 15936 I AconfigPackage: android.view.accessibility is mapped to system
07-04 03:49:37.789 15936 15936 I AconfigPackage: com.google.wear.sdk is mapped to system
07-04 03:49:37.789 15936 15936 I AconfigPackage: android.media.audio is mapped to system
07-04 03:49:37.789 15936 15936 I AconfigPackage: com.android.server.am is mapped to system
07-04 03:49:37.789 15936 15936 I AconfigPackage: com.android.media.playback.flags is mapped to system
07-04 03:49:37.789 15936 15936 I AconfigPackage: com.android.art.flags is mapped to com.android.art
07-04 03:49:37.789 15936 15936 I AconfigPackage: com.android.libcore is mapped to com.android.art
07-04 03:49:37.789 15936 15936 I AconfigPackage: com.android.media.extractor.flags is mapped to com.android.media
07-04 03:49:37.789 15936 15936 I AconfigPackage: com.android.media.mainline.flags is mapped to com.android.media
07-04 03:49:37.789 15936 15936 I AconfigPackage: com.android.wifi.flags is mapped to com.android.wifi
07-04 03:49:37.789 15936 15936 I AconfigPackage: com.android.org.conscrypt.flags is mapped to com.android.conscrypt
07-04 03:49:37.789 15936 15936 I AconfigPackage: com.android.healthfitness.flags is mapped to com.android.healthfitness
07-04 03:49:37.789 15936 15936 I AconfigPackage: com.google.android.input.twoshay.flags is mapped to vendor
07-04 03:49:37.789 15936 15936 I AconfigPackage: libgooglecamerahal.flags is mapped to vendor
07-04 03:49:37.789 15936 15936 I AconfigPackage: com.android.ipsec.flags is mapped to com.android.ipsec
07-04 03:49:37.789 15936 15936 I AconfigPackage: com.android.nfc.module.flags is mapped to com.android.nfcservices
07-04 03:49:37.790 15936 15936 I AconfigPackage: com.android.adservices.ondevicepersonalization.flags is mapped to com.android.ondevicepersonalization
07-04 03:49:37.790 15936 15936 I AconfigPackage: com.android.bluetooth.flags is mapped to com.android.bt
07-04 03:49:37.790 15936 15936 I AconfigPackage: com.android.devicelock.flags is mapped to com.android.devicelock
07-04 03:49:37.790 15936 15936 I AconfigPackage: android.os.profiling is mapped to com.android.profiling
07-04 03:49:37.790 15936 15936 I AconfigPackage: com.android.os.statsd.flags is mapped to com.android.os.statsd
07-04 03:49:37.791 15936 15936 I AconfigPackage: com.android.cellbroadcastreceiver.flags is mapped to com.android.cellbroadcast
07-04 03:49:37.791 15936 15936 I AconfigPackage: com.android.adservices.flags is mapped to com.android.adservices
07-04 03:49:37.801 15936 15936 I AconfigPackage: com.android.sdksandbox.flags is mapped to com.android.adservices
07-04 03:49:37.802 15936 15936 I AconfigPackage: com.android.uwb.flags is mapped to com.android.uwb
07-04 03:49:37.802 15936 15936 I AconfigPackage: com.android.ranging.flags is mapped to com.android.uwb
07-04 03:49:37.802 15936 15936 I AconfigPackage: android.graphics.pdf.flags is mapped to com.android.mediaprovider
07-04 03:49:37.802 15936 15936 I AconfigPackage: com.android.providers.media.flags is mapped to com.android.mediaprovider
07-04 03:49:37.802 15936 15936 I AconfigPackage: android.graphics.pdf.flags.readonly is mapped to com.android.mediaprovider
07-04 03:49:37.802 15936 15936 I AconfigPackage: com.android.net.ct.flags is mapped to com.android.tethering
07-04 03:49:37.802 15936 15936 I AconfigPackage: com.android.net.flags is mapped to com.android.tethering
07-04 03:49:37.802 15936 15936 I AconfigPackage: android.net.vcn is mapped to com.android.tethering
07-04 03:49:37.802 15936 15936 I AconfigPackage: com.android.nearby.flags is mapped to com.android.tethering
07-04 03:49:37.802 15936 15936 I AconfigPackage: android.net.http is mapped to com.android.tethering
07-04 03:49:37.802 15936 15936 I AconfigPackage: com.android.net.thread.flags is mapped to com.android.tethering
07-04 03:49:37.802 15936 15936 I AconfigPackage: com.android.system.virtualmachine.flags is mapped to com.android.virt
07-04 03:49:37.802 15936 15936 E FeatureFlagsImplExport: android.os.flagging.AconfigStorageReadException: ERROR_PACKAGE_NOT_FOUND: package android.xr cannot be found on the device
07-04 03:49:37.807 15936 15936 D UiAutomationConnection: Created on user UserHandle{0}
07-04 03:49:37.807 15936 15936 I UiAutomation: Initialized for user 0 on display 0
07-04 03:49:37.807 15936 15936 W UiAutomation: Created with deprecatead constructor, assumes DEFAULT_DISPLAY
07-04 03:49:37.808   708  1839 D AccessibilityManagerService: changeCurrentUserForTestAutomationIfNeededLocked(0): ignoring because device doesn't support visible background users
07-04 03:49:37.809   708  1839 I UiAutomationManager: Registering UiTestAutomationService (id=com.android.server.accessibility/UiAutomation, flags=0x0) when called by user 0
07-04 03:49:37.809   708  1839 V AccessibilityManagerService: onUserStateChangedLocked for userId: 0, forceUpdate: false
07-04 03:49:37.810   708  1839 W MagnificationConnectionManager: requestConnection duplicated request: connect=false, mConnectionState=DISCONNECTED
07-04 03:49:37.811  1512  1530 I AiAiEcho: Settings changed for uri: content://settings/secure/accessibility_enabled
07-04 03:49:37.811  1512  2024 I AiAiEcho: Predicting[0]:  [CONTEXT sampling_count=5 ]
07-04 03:49:37.811  1512  2024 I AiAiEcho: EchoTargets:
07-04 03:49:37.811  1512  2024 I AiAiEcho: Filtered by AiAi flag check:
07-04 03:49:37.811  1512  2024 I AiAiEcho: [CONTEXT ratelimit_period="10 SECONDS" ]
07-04 03:49:37.811  1512  2024 I AiAiEcho: #remoteViewsTwiddler: feature disabled.
07-04 03:49:37.811  1512  2024 I AiAiEcho: #postPredictionTargets: Sending updates to UISurface home with targets# 0 (types=[])
07-04 03:49:37.811  1512  2024 I AiAiEcho: Predicting[0]:  [CONTEXT sampling_count=5 ]
07-04 03:49:37.811  1512  2024 I AiAiEcho: EchoTargets:
07-04 03:49:37.811  1512  2024 I AiAiEcho: Filtered by AiAi flag check:
07-04 03:49:37.811  1512  2024 I AiAiEcho: [CONTEXT ratelimit_period="10 SECONDS" ]
07-04 03:49:37.811  1512  2024 I AiAiEcho: #remoteViewsTwiddler: feature disabled.
07-04 03:49:37.811  1512  2024 I AiAiEcho: #postPredictionTargets: Sending updates to UISurface lockscreen with targets# 0 (types=[])
07-04 03:49:37.812   962   962 W PageIndicator: Total number of pages invalid: 0. Assuming 1 page.
07-04 03:49:37.812  1096  1096 D SsBaseTemplateCard: No text view can be set up
07-04 03:49:37.812  1096  1096 D SsBaseTemplateCard: Passed-in item info is null
07-04 03:49:37.812  1096  1096 D SsBaseTemplateCard: Passed-in item info is null
07-04 03:49:37.812  1096  1096 D SsBaseTemplateCard: Passed-in item info is null
07-04 03:49:37.812  1096  1096 I SsBaseTemplateCard: Secondary card pane is null
07-04 03:49:37.813   708   708 W IPCThreadState: Sending oneway calls to frozen process.
07-04 03:49:37.813   708   708 W IPCThreadState: Sending oneway calls to frozen process.
07-04 03:49:37.813   708   708 W IPCThreadState: Sending oneway calls to frozen process.
07-04 03:49:37.813   708   708 W IPCThreadState: Sending oneway calls to frozen process.
07-04 03:49:37.813   708   708 W IPCThreadState: Sending oneway calls to frozen process.
07-04 03:49:37.813   708   708 W IPCThreadState: Sending oneway calls to frozen process.
07-04 03:49:37.815   708   708 W IPCThreadState: Sending oneway calls to frozen process.
07-04 03:49:37.816   708   708 W IPCThreadState: Sending oneway calls to frozen process.
07-04 03:49:37.816   708   708 W IPCThreadState: Sending oneway calls to frozen process.
07-04 03:49:37.816   708   708 W IPCThreadState: Sending oneway calls to frozen process.
07-04 03:49:37.816   708   708 W IPCThreadState: Sending oneway calls to frozen process.
07-04 03:49:37.816   708   708 W IPCThreadState: Sending oneway calls to frozen process.
07-04 03:49:37.816   708   708 W IPCThreadState: Sending oneway calls to frozen process.
07-04 03:49:37.816   708   708 W IPCThreadState: Sending oneway calls to frozen process.
07-04 03:49:37.816   708   708 W IPCThreadState: Sending oneway calls to frozen process.
07-04 03:49:37.816   708   708 W IPCThreadState: Sending oneway calls to frozen process.
07-04 03:49:37.817   708   708 W IPCThreadState: Sending oneway calls to frozen process.
07-04 03:49:37.817   708   708 W IPCThreadState: Sending oneway calls to frozen process.
07-04 03:49:37.817   708   708 W IPCThreadState: Sending oneway calls to frozen process.
07-04 03:49:37.817   708   708 W IPCThreadState: Sending oneway calls to frozen process.
07-04 03:49:37.817   708   708 W IPCThreadState: Sending oneway calls to frozen process.
07-04 03:49:37.817   708   708 W IPCThreadState: Sending oneway calls to frozen process.
07-04 03:49:37.817   708   708 W IPCThreadState: Sending oneway calls to frozen process.
07-04 03:49:37.817   708   708 W IPCThreadState: Sending oneway calls to frozen process.
07-04 03:49:37.817   708   708 D BatterySaverPolicy: accessibility changed to true, updating policy.
07-04 03:49:37.817 15936 15947 V UiAutomation: Init UiAutomation@c88bf39[id=375, displayId=0, flags=0]
07-04 03:49:37.819   708  1839 V AccessibilityManagerService: onUserStateChangedLocked for userId: 0, forceUpdate: false
07-04 03:49:37.820   708  1839 W MagnificationConnectionManager: requestConnection duplicated request: connect=false, mConnectionState=DISCONNECTED
07-04 03:49:37.821  1512  2757 I AiAiEcho: Settings changed for uri: content://settings/secure/accessibility_enabled
07-04 03:49:37.822  1512  2024 I AiAiEcho: Predicting[0]:  [CONTEXT sampling_count=5 ]
07-04 03:49:37.822  1512  2024 I AiAiEcho: EchoTargets:
07-04 03:49:37.822  1512  2024 I AiAiEcho: Filtered by AiAi flag check:
07-04 03:49:37.822  1512  2024 I AiAiEcho: [CONTEXT ratelimit_period="10 SECONDS" ]
07-04 03:49:37.822   708   708 W IPCThreadState: Sending oneway calls to frozen process.
07-04 03:49:37.822  1512  2024 I AiAiEcho: #remoteViewsTwiddler: feature disabled.
07-04 03:49:37.822   708   708 W IPCThreadState: Sending oneway calls to frozen process.
07-04 03:49:37.822  1512  2024 I AiAiEcho: Predicting[0]:  [CONTEXT sampling_count=5 ]
07-04 03:49:37.825  1512  2024 I AiAiEcho: EchoTargets:
07-04 03:49:37.825  1512  2024 I AiAiEcho: Filtered by AiAi flag check:
07-04 03:49:37.825  1512  2024 I AiAiEcho: [CONTEXT ratelimit_period="10 SECONDS" ]
07-04 03:49:37.825  1512  2024 I AiAiEcho: #remoteViewsTwiddler: feature disabled.
07-04 03:49:37.825  1512  2024 I AiAiEcho: #postPredictionTargets: Sending updates to UISurface home with targets# 0 (types=[])
07-04 03:49:37.827  1512  2024 I AiAiEcho: #postPredictionTargets: Sending updates to UISurface lockscreen with targets# 0 (types=[])
07-04 03:49:37.826   708   708 W IPCThreadState: Sending oneway calls to frozen process.
07-04 03:49:37.827  1096  1096 D SsBaseTemplateCard: No text view can be set up
07-04 03:49:37.827   708   708 W IPCThreadState: Sending oneway calls to frozen process.
07-04 03:49:37.828  1096  1096 D SsBaseTemplateCard: Passed-in item info is null
07-04 03:49:37.828  1096  1096 D SsBaseTemplateCard: Passed-in item info is null
07-04 03:49:37.828   708   708 W IPCThreadState: Sending oneway calls to frozen process.
07-04 03:49:37.828   708   708 W IPCThreadState: Sending oneway calls to frozen process.
07-04 03:49:37.829   708   708 W IPCThreadState: Sending oneway calls to frozen process.
07-04 03:49:37.829   708   708 W IPCThreadState: Sending oneway calls to frozen process.
07-04 03:49:37.829   708   708 W IPCThreadState: Sending oneway calls to frozen process.
07-04 03:49:37.829   708   708 W IPCThreadState: Sending oneway calls to frozen process.
07-04 03:49:37.829   708   708 W IPCThreadState: Sending oneway calls to frozen process.
07-04 03:49:37.829   708   708 W IPCThreadState: Sending oneway calls to frozen process.
07-04 03:49:37.829   708   708 W IPCThreadState: Sending oneway calls to frozen process.
07-04 03:49:37.829   708   708 W IPCThreadState: Sending oneway calls to frozen process.
07-04 03:49:37.830  1096  1096 D SsBaseTemplateCard: Passed-in item info is null
07-04 03:49:37.830  1096  1096 I SsBaseTemplateCard: Secondary card pane is null
07-04 03:49:37.816     0     0 I binder_alloc: 2547: pid 708 spamming oneway? 3073 buffers allocated for a total size of 416104
07-04 03:49:37.833   708   708 W IPCThreadState: Sending oneway calls to frozen process.
07-04 03:49:37.835   708   708 W IPCThreadState: Sending oneway calls to frozen process.
07-04 03:49:37.840   962   962 W PageIndicator: Total number of pages invalid: 0. Assuming 1 page.
07-04 03:49:38.298   708   746 W IPCThreadState: Sending oneway calls to frozen process.
07-04 03:49:38.872 15936 15936 W AccessibilityNodeInfoDumper: Fetch time: 3ms
07-04 03:49:38.875   708  1262 V AccessibilityManagerService: onUserStateChangedLocked for userId: 0, forceUpdate: false
07-04 03:49:38.876   708  1262 W MagnificationConnectionManager: requestConnection duplicated request: connect=false, mConnectionState=DISCONNECTED
07-04 03:49:38.876   708  1262 D AccessibilityManagerService: restoreCurrentUserForTestAutomationIfNeededLocked(): ignoring because device doesn't support visible background users
07-04 03:49:38.877   708   708 W IPCThreadState: Sending oneway calls to frozen process.
07-04 03:49:38.877   708   708 W IPCThreadState: Sending oneway calls to frozen process.
07-04 03:49:38.877   708   708 W IPCThreadState: Sending oneway calls to frozen process.
07-04 03:49:38.877  1512  2757 I AiAiEcho: Settings changed for uri: content://settings/secure/accessibility_enabled
07-04 03:49:38.877   708   708 W IPCThreadState: Sending oneway calls to frozen process.
07-04 03:49:38.877   708   708 W IPCThreadState: Sending oneway calls to frozen process.
07-04 03:49:38.878  1512  2024 I AiAiEcho: Predicting[0]:  [CONTEXT sampling_count=5 ]
07-04 03:49:38.878  1512  2024 I AiAiEcho: EchoTargets:
07-04 03:49:38.878  1512  2024 I AiAiEcho: Filtered by AiAi flag check:
07-04 03:49:38.878  1512  2024 I AiAiEcho: [CONTEXT ratelimit_period="10 SECONDS" ]
07-04 03:49:38.878   708   708 W IPCThreadState: Sending oneway calls to frozen process.
07-04 03:49:38.878  1512  2024 I AiAiEcho: #remoteViewsTwiddler: feature disabled.
07-04 03:49:38.878  1512  2024 I AiAiEcho: Predicting[0]:  [CONTEXT sampling_count=5 ]
07-04 03:49:38.878  1512  2024 I AiAiEcho: EchoTargets:
07-04 03:49:38.878  1512  2024 I AiAiEcho: Filtered by AiAi flag check:
07-04 03:49:38.878  1512  2024 I AiAiEcho: [CONTEXT ratelimit_period="10 SECONDS" ]
07-04 03:49:38.878  1512  2024 I AiAiEcho: #remoteViewsTwiddler: feature disabled.
07-04 03:49:38.878 15936 15936 D AndroidRuntime: Shutting down VM
07-04 03:49:38.878  1512  2024 I AiAiEcho: #postPredictionTargets: Sending updates to UISurface home with targets# 0 (types=[])
07-04 03:49:38.878 15936 15945 W IPCThreadState: call to talkWithDriver in joinThreadPool returned error: -9 (Bad file descriptor), FD: -1
07-04 03:49:38.879 15936 15949 W IPCThreadState: call to talkWithDriver in joinThreadPool returned error: -9 (Bad file descriptor), FD: -1
07-04 03:49:38.879  1512  2024 I AiAiEcho: #postPredictionTargets: Sending updates to UISurface lockscreen with targets# 0 (types=[])
07-04 03:49:38.881   708   708 W IPCThreadState: Sending oneway calls to frozen process.
07-04 03:49:38.881 15936 15944 W IPCThreadState: call to talkWithDriver in joinThreadPool returned error: -9 (Bad file descriptor), FD: -1
07-04 03:49:38.881   708   708 W IPCThreadState: Sending oneway calls to frozen process.
07-04 03:49:38.881   708   708 W IPCThreadState: Sending oneway calls to frozen process.
07-04 03:49:38.881   708   708 W IPCThreadState: Sending oneway calls to frozen process.
07-04 03:49:38.881   708   708 W IPCThreadState: Sending oneway calls to frozen process.
07-04 03:49:38.881   708   708 W IPCThreadState: Sending oneway calls to frozen process.
07-04 03:49:38.881   708   708 W IPCThreadState: Sending oneway calls to frozen process.
07-04 03:49:38.881   708   708 W IPCThreadState: Sending oneway calls to frozen process.
07-04 03:49:38.881  1096  1096 D SsBaseTemplateCard: No text view can be set up
07-04 03:49:38.881  1096  1096 D SsBaseTemplateCard: Passed-in item info is null
07-04 03:49:38.881  1096  1096 D SsBaseTemplateCard: Passed-in item info is null
07-04 03:49:38.881  1096  1096 D SsBaseTemplateCard: Passed-in item info is null
07-04 03:49:38.881  1096  1096 I SsBaseTemplateCard: Secondary card pane is null
07-04 03:49:38.884 15936 15948 W IPCThreadState: call to talkWithDriver in joinThreadPool returned error: -9 (Bad file descriptor), FD: -1
07-04 03:49:38.865     0     0 I binder_alloc: 2547: pid 708 spamming oneway? 3074 buffers allocated for a total size of 416240
07-04 03:49:38.868     0     0 I binder_alloc: 2547: pid 708 spamming oneway? 3075 buffers allocated for a total size of 416376
07-04 03:49:38.887   708   708 W IPCThreadState: Sending oneway calls to frozen process.
07-04 03:49:38.888   708   708 W IPCThreadState: Sending oneway calls to frozen process.
07-04 03:49:38.892   708   708 W IPCThreadState: Sending oneway calls to frozen process.
07-04 03:49:38.892   708   708 W IPCThreadState: Sending oneway calls to frozen process.
07-04 03:49:38.893   708   708 W IPCThreadState: Sending oneway calls to frozen process.
07-04 03:49:38.893   708   708 W IPCThreadState: Sending oneway calls to frozen process.
07-04 03:49:38.893   708   708 W IPCThreadState: Sending oneway calls to frozen process.
07-04 03:49:38.894   708   708 W IPCThreadState: Sending oneway calls to frozen process.
07-04 03:49:38.894   962   962 W PageIndicator: Total number of pages invalid: 0. Assuming 1 page.
07-04 03:49:38.896   708   708 W IPCThreadState: Sending oneway calls to frozen process.
07-04 03:49:38.896   708   708 W IPCThreadState: Sending oneway calls to frozen process.
07-04 03:49:38.897   708   708 D BatterySaverPolicy: accessibility changed to false, updating policy.
07-04 03:49:38.881     0     0 I binder_alloc: 2547: pid 708 spamming oneway? 3076 buffers allocated for a total size of 416512
07-04 03:49:38.919  1461  1461 D WM-DelayedWorkTracker: Scheduling work 7dfdb953-5fd3-407e-a898-760ba46ac72d
07-04 03:49:38.920  1461  1461 D WM-GreedyScheduler: Starting tracking for 7dfdb953-5fd3-407e-a898-760ba46ac72d
07-04 03:49:38.922  1461  1667 D WM-ConstraintTracker: BatteryNotLowTracker: initial state = true
07-04 03:49:38.922  1461  1667 D WM-BrdcstRcvrCnstrntTrc: BatteryNotLowTracker: registering receiver
07-04 03:49:38.923  1461  1608 D WM-GreedyScheduler: Constraints met: Scheduling work ID WorkGenerationalId(workSpecId=7dfdb953-5fd3-407e-a898-760ba46ac72d, generation=0)
07-04 03:49:38.923  1461  1608 D WM-Processor: Processor: processing WorkGenerationalId(workSpecId=7dfdb953-5fd3-407e-a898-760ba46ac72d, generation=0)
07-04 03:49:38.925  1461  1461 D WM-WorkerWrapper: Starting work for com.android.providers.media.photopicker.sync.ProactiveSyncWorker
07-04 03:49:38.925  1461  5399 I PSyncWorker: Starting proactive picker sync from sync source: 1
07-04 03:49:38.925  1461  5399 I PickerSyncTracker: Created new sync future java.util.concurrent.CompletableFuture@6d05c55[Not completed, 1 dependents]. Future map: {7dfdb953-5fd3-407e-a898-760ba46ac72d=java.util.concurrent.CompletableFuture@6d05c55[Not completed, 1 dependents]}
07-04 03:49:38.925  1461  5399 D PickerSyncController: syncAllMediaFromProvider() LOCAL, auth=com.android.providers.media.photopicker, retry=true
07-04 03:49:38.925  1461  5399 D PickerSyncController: getSyncRequestParams() LOCAL, auth=com.android.providers.media.photopicker
07-04 03:49:38.927  1461  5399 D PickerSyncController:    Latest ID/Gen=4eb8212abf423e75:external_primary/1163
07-04 03:49:38.927  1461  5399 D PickerSyncController:    Cached ID/Gen=4eb8212abf423e75:external_primary/1151
07-04 03:49:38.927  1461  5399 D PickerSyncController:    RESULT=SyncRequestParams{type=MEDIA_INCREMENTAL, gen=1151, latest=Bundle[{last_media_sync_generation=1163, media_collection_id=4eb8212abf423e75:external_primary}], pageSize=1000}
07-04 03:49:38.927  1461  5399 I PickerSyncController: Executing SyncAdd. isLocal: true. authority: com.android.providers.media.photopicker
07-04 03:49:38.927  1461  5399 D PickerSyncLockManager: Trying to acquire lock com.android.providers.media.photopicker.sync.CloseableReentrantLock@cec4fdd[Unlocked]. Lock Name = CLOUD_PROVIDER_LOCK. Threads that may be waiting to acquire this lock = [] with timeout.
07-04 03:49:38.927  1461  5399 D CloseableReentrantLock: Successfully acquired lock com.android.providers.media.photopicker.sync.CloseableReentrantLock@cec4fdd[Locked by thread pool-4-thread-7]. Lock Name = CLOUD_PROVIDER_LOCK. Threads that may be waiting to acquire this lock = []
07-04 03:49:38.927  1461  5399 D CloseableReentrantLock: Successfully released lock com.android.providers.media.photopicker.sync.CloseableReentrantLock@cec4fdd[Unlocked]. Lock Name = CLOUD_PROVIDER_LOCK. Threads that may be waiting to acquire this lock = []
07-04 03:49:38.927  1461  5399 D ExternalDbFacade: Token received for queryMedia = null
07-04 03:49:38.927  1461  5399 D PickerSyncLockManager: Trying to acquire lock com.android.providers.media.photopicker.sync.CloseableReentrantLock@cec4fdd[Unlocked]. Lock Name = CLOUD_PROVIDER_LOCK. Threads that may be waiting to acquire this lock = [] with timeout.
07-04 03:49:38.927  1461  5399 D CloseableReentrantLock: Successfully acquired lock com.android.providers.media.photopicker.sync.CloseableReentrantLock@cec4fdd[Locked by thread pool-4-thread-7]. Lock Name = CLOUD_PROVIDER_LOCK. Threads that may be waiting to acquire this lock = []
07-04 03:49:38.928  1461  5399 D PickerSyncController: Clearing next page token for key: local_provider:media_add:resume
07-04 03:49:38.928  1461  5399 D CloseableReentrantLock: Successfully released lock com.android.providers.media.photopicker.sync.CloseableReentrantLock@cec4fdd[Unlocked]. Lock Name = CLOUD_PROVIDER_LOCK. Threads that may be waiting to acquire this lock = []
07-04 03:49:38.928  1461  5399 D PickerNotificationSender: Sending a notification for media update
07-04 03:49:38.928  1461  5399 D PickerNotificationSender: Sending a notification for merged album media update Favorites
07-04 03:49:38.928  1461  5399 D PickerNotificationSender: Sending a notification for album media update Favorites
07-04 03:49:38.929  1461  5399 D PickerNotificationSender: Sending a notification for merged album media update Videos
07-04 03:49:38.929  1461  5399 D PickerNotificationSender: Sending a notification for album media update Videos
07-04 03:49:38.930  1461  5399 I PickerSyncController: Paged sync successful. QueryArgs: Bundle[{android.provider.extra.SYNC_GENERATION=1151, android.provider.extra.PAGE_SIZE=1000}] Total Rows: 0
07-04 03:49:38.930  1461  5399 I PickerSyncController: Executing SyncRemove. isLocal: true. authority: com.android.providers.media.photopicker
07-04 03:49:38.930  1461  5399 D PickerSyncLockManager: Trying to acquire lock com.android.providers.media.photopicker.sync.CloseableReentrantLock@cec4fdd[Unlocked]. Lock Name = CLOUD_PROVIDER_LOCK. Threads that may be waiting to acquire this lock = [] with timeout.
07-04 03:49:38.930  1461  5399 D CloseableReentrantLock: Successfully acquired lock com.android.providers.media.photopicker.sync.CloseableReentrantLock@cec4fdd[Locked by thread pool-4-thread-7]. Lock Name = CLOUD_PROVIDER_LOCK. Threads that may be waiting to acquire this lock = []
07-04 03:49:38.930  1461  5399 D CloseableReentrantLock: Successfully released lock com.android.providers.media.photopicker.sync.CloseableReentrantLock@cec4fdd[Unlocked]. Lock Name = CLOUD_PROVIDER_LOCK. Threads that may be waiting to acquire this lock = []
07-04 03:49:38.931  1461  5399 E PickerDbFacade: Could not get first date taken millis for media id: 123
07-04 03:49:38.931  1461  5399 W PickerDbFacade: Unable to promote cloud media with localId: 123
07-04 03:49:38.933  1461  5399 D PickerSyncLockManager: Trying to acquire lock com.android.providers.media.photopicker.sync.CloseableReentrantLock@cec4fdd[Unlocked]. Lock Name = CLOUD_PROVIDER_LOCK. Threads that may be waiting to acquire this lock = [] with timeout.
07-04 03:49:38.933  1461  5399 D CloseableReentrantLock: Successfully acquired lock com.android.providers.media.photopicker.sync.CloseableReentrantLock@cec4fdd[Locked by thread pool-4-thread-7]. Lock Name = CLOUD_PROVIDER_LOCK. Threads that may be waiting to acquire this lock = []
07-04 03:49:38.934  1461  5399 D PickerSyncController: Clearing next page token for key: local_provider:media_remove:resume
07-04 03:49:38.934  1461  5399 D CloseableReentrantLock: Successfully released lock com.android.providers.media.photopicker.sync.CloseableReentrantLock@cec4fdd[Unlocked]. Lock Name = CLOUD_PROVIDER_LOCK. Threads that may be waiting to acquire this lock = []
07-04 03:49:38.934  1461  5399 D PickerNotificationSender: Sending a notification for media update
07-04 03:49:38.934  1461  5399 D PickerNotificationSender: Sending a notification for merged album media update Favorites
07-04 03:49:38.934  1461  5399 D PickerNotificationSender: Sending a notification for album media update Favorites
07-04 03:49:38.935  1461  5399 D PickerNotificationSender: Sending a notification for merged album media update Videos
07-04 03:49:38.935  1461  5399 D PickerNotificationSender: Sending a notification for album media update Videos
07-04 03:49:38.935  1461  5399 I PickerSyncController: Paged sync successful. QueryArgs: Bundle[{android.provider.extra.SYNC_GENERATION=1151, android.provider.extra.PAGE_SIZE=1000}] Total Rows: 0
07-04 03:49:38.936  1461  5399 I PickerSyncTracker: Marked sync future complete for work id: 7dfdb953-5fd3-407e-a898-760ba46ac72d. Future map: {}
07-04 03:49:38.936  1461  5399 I PSyncWorker: Completed picker proactive sync complete from local provider.
07-04 03:49:38.937  1461  1608 I WM-WorkerWrapper: Worker result SUCCESS for Work [ id=7dfdb953-5fd3-407e-a898-760ba46ac72d, tags={ com.android.providers.media.photopicker.sync.ProactiveSyncWorker } ]
07-04 03:49:38.938  1461  1461 D WM-Processor: Processor 7dfdb953-5fd3-407e-a898-760ba46ac72d executed; reschedule = false
07-04 03:49:38.938  1461  1461 D WM-GreedyScheduler: Stopping tracking for WorkGenerationalId(workSpecId=7dfdb953-5fd3-407e-a898-760ba46ac72d, generation=0)
07-04 03:49:38.940  1461  1667 D WM-GreedyScheduler: Cancelling work ID 7dfdb953-5fd3-407e-a898-760ba46ac72d
07-04 03:49:38.941  1461  1667 D WM-GreedyScheduler: Ignoring {WorkSpec: 4ab35118-0008-4e0e-9667-4896f94f6ee7}. Requires device idle.
07-04 03:49:38.941  1461  1667 D WM-GreedyScheduler: Ignoring {WorkSpec: 5e0a924a-98f8-4d1c-b169-89fa94ec2302}. Requires device idle.
07-04 03:49:38.941  1461  1666 D WM-BrdcstRcvrCnstrntTrc: BatteryNotLowTracker: unregistering receiver
07-04 03:49:39.811   708  1020 W ActivityTaskManager: callingPackage for (uid=2000, pid=15952) has no WPC
07-04 03:49:39.812   708  1020 V GrammaticalInflectionUtils: AttributionSource: AttributionSource { uid = 10220, packageName = null, attributionTag = null, token = android.os.Binder@1f74874, deviceId = 0, next = null } does not have READ_SYSTEM_GRAMMATICAL_GENDER permission.
07-04 03:49:39.812   708  1020 W OptProp : Cannot read opt property android.window.PROPERTY_COMPAT_ALLOW_USER_ASPECT_RATIO_OVERRIDE
07-04 03:49:39.812   708  1020 W OptProp : Cannot read opt property android.window.PROPERTY_COMPAT_ALLOW_USER_ASPECT_RATIO_FULLSCREEN_OVERRIDE
07-04 03:49:39.812   708  1020 W OptProp : Cannot read opt property android.window.PROPERTY_COMPAT_ALLOW_RESIZEABLE_ACTIVITY_OVERRIDES
07-04 03:49:39.812   708  1020 W OptProp : Cannot read opt property android.window.PROPERTY_COMPAT_ALLOW_MIN_ASPECT_RATIO_OVERRIDE
07-04 03:49:39.815   962   976 D KeyguardService: setOccluded(false)
07-04 03:49:39.815   962   976 D KeyguardViewMediator: setOccluded(false)
07-04 03:49:39.815   708  1020 I ActivityTaskManager: START u0 {act=android.intent.action.VIEW dat=danio://qa/... flg=0x10000000 xflg=0x4 pkg=com.tiarnanlarkin.danio cmp=com.tiarnanlarkin.danio/.MainActivity} with LAUNCH_SINGLE_TOP from uid 2000 (BAL_ALLOW_PERMISSION) result code=3
07-04 03:49:39.815   962   962 D KeyguardViewMediator: handleSetOccluded(false)
07-04 03:49:39.815   962   962 D KeyguardViewMediator: KeyguardViewMediator queue processing message: SET_OCCLUDED
07-04 03:49:39.819   563  1175 I BpBinder: onLastStrongRef automatically unlinking death recipients:
07-04 03:49:39.819   962  1022 D WindowManagerShell: onActivityRestartAttempt: topActivity=ComponentInfo{com.tiarnanlarkin.danio/com.tiarnanlarkin.danio.MainActivity}, wasVisible=true
07-04 03:49:39.820 14660 14715 D SessionLifecycleClient: Sending lifecycle 2 to service
07-04 03:49:39.821 14660 14660 I flutter : [QA] Deep link: danio://qa/vacation-guide
07-04 03:49:39.822 14660 14720 D SessionLifecycleService: Activity backgrounding at 10944523
07-04 03:49:39.824 14660 14707 D SessionLifecycleClient: Sending lifecycle 1 to service
07-04 03:49:39.825 14660 14720 D SessionLifecycleService: Activity foregrounding at 10944527.
07-04 03:49:39.931   708   863 D WifiClientModeImpl[26229:wlan0]: updateLinkLayerStatsRssiSpeedFrequencyCapabilities rssi=-50 TxLinkspeed=1 freq=2447 RxLinkSpeed=2
07-04 03:49:39.932   708   863 D WifiDataStall: tx tput in kbps: 11000
07-04 03:49:39.932   708   863 D WifiDataStall: rx tput in kbps: 11000
07-04 03:49:39.932   708   863 V WifiConfigManager: Updating scan detail cache freq=2447 BSSID=00:13:10:85:fe:01 RSSI=-50 for "AndroidWifi"NONE
07-04 03:49:39.932   708   863 D WifiThroughputPredictor:  utilization (LLS) 80 isBluetoothConnected: false final utilization: 80
07-04 03:49:39.932   708   863 D WifiThroughputPredictor:  BW: 0 RSSI: -50 Nss: 1 Mode: 1 symDur: 4000 snrDb 30 bitPerTone: 4500 rate: 54 throughput: 11
07-04 03:49:39.932   708   863 D WifiThroughputPredictor:  utilization (LLS) 80 isBluetoothConnected: false final utilization: 80
07-04 03:49:39.932   708   863 D WifiThroughputPredictor:  BW: 0 RSSI: -50 Nss: 1 Mode: 1 symDur: 4000 snrDb 30 bitPerTone: 4500 rate: 54 throughput: 11
07-04 03:49:39.932   708   863 D WifiThroughputPredictor:  utilization (LLS) 80 isBluetoothConnected: false final utilization: 80
07-04 03:49:39.932   708   863 D WifiThroughputPredictor:  BW: 0 RSSI: -50 Nss: 1 Mode: 1 symDur: 4000 snrDb 30 bitPerTone: 4500 rate: 54 throughput: 11
07-04 03:49:39.932   708   863 D WifiThroughputPredictor:  utilization (LLS) 80 isBluetoothConnected: false final utilization: 80
07-04 03:49:39.932   708   863 D WifiThroughputPredictor:  BW: 0 RSSI: -50 Nss: 1 Mode: 1 symDur: 4000 snrDb 30 bitPerTone: 4500 rate: 54 throughput: 11
07-04 03:49:39.932   708   863 D WifiScoreCard: BSSID update SIGNAL_POLL ID: 52320190 SSID: "AndroidWifi", BSSID: 00:13:10:85:fe:01, MAC: 02:15:b2:00:00:00, IP: /10.0.2.16, Security type: 0, Supplicant state: COMPLETED, Wi-Fi standard: legacy, RSSI: -50, Link speed: 1Mbps, Tx Link speed: 1Mbps, Max Supported Tx Link speed: 11Mbps, Rx Link speed: 2Mbps, Max Supported Rx Link speed: 11Mbps, Frequency: 2447MHz, Net ID: 0, Metered hint: false, score: 60, isUsable: true, CarrierMerged: false, SubscriptionId: -1, IsPrimary: 1, Trusted: true, Restricted: false, Ephemeral: false, OEM paid: false, OEM private: false, OSU AP: false, FQDN: <none>, Provider friendly name: <none>, Requesting package name: <none>"AndroidWifi"openMLO Information: , Is TID-To-Link negotiation supported by the AP: false, AP MLD Address: <none>, AP MLO Link Id: <none>, AP MLO Affiliated links: <none>, Vendor Data: <none>
07-04 03:49:39.932   708   863 D WifiScoreCard: txRate: 1 txSpeed: 1
07-04 03:49:39.932   708   863 D WifiScoreCard: network update SIGNAL_POLL "AndroidWifi" ID: 843735694 RSSI -50 txSpeed -1
07-04 03:49:39.933   708   863 D WifiClientModeImpl[26229:wlan0]:  ClientModeImpl$L2ConnectedState screen=on 5 0 "AndroidWifi" 00:13:10:85:fe:01 rssi=-50 f=2447 sc=60 link=1 tx=0.0, 0.0, 0.0 rx=0.0 bcn=0 [on:0 tx:0 rx:0 period:3003] from screen [on:0 period:721952092] score=60
07-04 03:49:40.141   708   812 D ActivityManager: freezing 1459 com.google.android.gms
07-04 03:49:40.290   948   948 D wpa_supplicant: nl80211: Drv Event 64 (NL80211_CMD_NOTIFY_CQM) received for wlan0
07-04 03:49:40.290   948   948 D wpa_supplicant: nl80211: Beacon loss event
07-04 03:49:40.290   948   948 D wpa_supplicant: wlan0: Event BEACON_LOSS (53) received
07-04 03:49:40.290   948   948 I wpa_supplicant: wlan0: CTRL-EVENT-BEACON-LOSS
07-04 03:49:41.749 15955 15955 W screencap: Thread Pool max thread count is 0. Cannot cache binder as linkToDeath cannot be implemented. serviceName: SurfaceFlingerAIDL
