07-04 01:15:05.522   708   863 D WifiClientModeImpl[26229:wlan0]:  ClientModeImpl$L2ConnectedState screen=on 1 0 "AndroidWifi" 00:13:10:85:fe:01 rssi=-50 f=2447 sc=60 link=1 tx=0.4, 0.0, 0.0 rx=0.4 bcn=0 [on:0 tx:0 rx:0 period:3014] from screen [on:0 period:712677682] score=60
07-04 01:15:05.617     0     0 W sched   : RT throttling activated
07-04 01:15:06.057   708   746 W IPCThreadState: Sending oneway calls to frozen process.
07-04 01:15:06.756   563   577 I BpBinder: onLastStrongRef automatically unlinking death recipients: 
07-04 01:15:08.039  5635  5635 W screencap: Thread Pool max thread count is 0. Cannot cache binder as linkToDeath cannot be implemented. serviceName: SurfaceFlingerAIDL
07-04 01:15:08.040  5635  5635 W BpBinder: Linking to death on android.gui.ISurfaceComposer but there are no threads (yet?) listening to incoming transactions. See ProcessState::startThreadPool and ProcessState::setThreadPoolMaxThreadCount. Generally you should setup the binder threadpool before other initialization steps.
07-04 01:15:08.040  5635  5635 W ProcessState: Extra binder thread started, but 0 threads requested. Do not use *startThreadPool when zero threads are requested.
07-04 01:15:08.143   563  1175 E HwcComposer: getLuts failed Status(-8, EX_SERVICE_SPECIFIC): '8: '
07-04 01:15:08.143   563  1175 E HWComposer: getLuts: getLuts failed for display 4619827259835644672: UNSUPPORTED (8)
07-04 01:15:08.257     0     0 I servicemanager: Caller(pid=5635,uid=2000,sid=u:r:shell:s0) Found android.hardware.graphics.allocator.IAllocator/default in device VINTF manifest.
07-04 01:15:08.261     0     0 I servicemanager: Caller(pid=5635,uid=2000,sid=u:r:shell:s0) Found android.hardware.graphics.allocator.IAllocator/default in device VINTF manifest.
07-04 01:15:08.264     0     0 I servicemanager: Caller(pid=5635,uid=2000,sid=u:r:shell:s0) Found mapper/ranchu in device VINTF manifest.
07-04 01:15:08.452  1461  1726 W MediaProvider: isAppCloneUserPair for user 0: false
07-04 01:15:08.526   708   863 D WifiClientModeImpl[26229:wlan0]: updateLinkLayerStatsRssiSpeedFrequencyCapabilities rssi=-50 TxLinkspeed=1 freq=2447 RxLinkSpeed=2
07-04 01:15:08.531   708   863 D WifiDataStall: tx tput in kbps: 11000
07-04 01:15:08.531   708   863 D WifiDataStall: rx tput in kbps: 11000
07-04 01:15:08.531   708   863 V WifiConfigManager: Updating scan detail cache freq=2447 BSSID=00:13:10:85:fe:01 RSSI=-50 for "AndroidWifi"NONE
07-04 01:15:08.531   708   863 D WifiThroughputPredictor:  utilization (LLS) 80 isBluetoothConnected: false final utilization: 80
07-04 01:15:08.531   708   863 D WifiThroughputPredictor:  BW: 0 RSSI: -50 Nss: 1 Mode: 1 symDur: 4000 snrDb 30 bitPerTone: 4500 rate: 54 throughput: 11
07-04 01:15:08.531   708   863 D WifiThroughputPredictor:  utilization (LLS) 80 isBluetoothConnected: false final utilization: 80
07-04 01:15:08.531   708   863 D WifiThroughputPredictor:  BW: 0 RSSI: -50 Nss: 1 Mode: 1 symDur: 4000 snrDb 30 bitPerTone: 4500 rate: 54 throughput: 11
07-04 01:15:08.531   708   863 D WifiThroughputPredictor:  utilization (LLS) 80 isBluetoothConnected: false final utilization: 80
07-04 01:15:08.531   708   863 D WifiThroughputPredictor:  BW: 0 RSSI: -50 Nss: 1 Mode: 1 symDur: 4000 snrDb 30 bitPerTone: 4500 rate: 54 throughput: 11
07-04 01:15:08.531   708   863 D WifiThroughputPredictor:  utilization (LLS) 80 isBluetoothConnected: false final utilization: 80
07-04 01:15:08.531   708   863 D WifiThroughputPredictor:  BW: 0 RSSI: -50 Nss: 1 Mode: 1 symDur: 4000 snrDb 30 bitPerTone: 4500 rate: 54 throughput: 11
07-04 01:15:08.532   708   863 D WifiScoreCard: BSSID update SIGNAL_POLL ID: 52320190 SSID: "AndroidWifi", BSSID: 00:13:10:85:fe:01, MAC: 02:15:b2:00:00:00, IP: /10.0.2.16, Security type: 0, Supplicant state: COMPLETED, Wi-Fi standard: legacy, RSSI: -50, Link speed: 1Mbps, Tx Link speed: 1Mbps, Max Supported Tx Link speed: 11Mbps, Rx Link speed: 2Mbps, Max Supported Rx Link speed: 11Mbps, Frequency: 2447MHz, Net ID: 0, Metered hint: false, score: 60, isUsable: true, CarrierMerged: false, SubscriptionId: -1, IsPrimary: 1, Trusted: true, Restricted: false, Ephemeral: false, OEM paid: false, OEM private: false, OSU AP: false, FQDN: <none>, Provider friendly name: <none>, Requesting package name: <none>"AndroidWifi"openMLO Information: , Is TID-To-Link negotiation supported by the AP: false, AP MLD Address: <none>, AP MLO Link Id: <none>, AP MLO Affiliated links: <none>, Vendor Data: <none>
07-04 01:15:08.532   708   863 D WifiScoreCard: txRate: 1 txSpeed: 1
07-04 01:15:08.532   708   863 D WifiScoreCard: network update SIGNAL_POLL "AndroidWifi" ID: 843735694 RSSI -50 txSpeed -1
07-04 01:15:08.535   708   863 D WifiClientModeImpl[26229:wlan0]:  ClientModeImpl$L2ConnectedState screen=on 1 0 "AndroidWifi" 00:13:10:85:fe:01 rssi=-50 f=2447 sc=60 link=1 tx=0.1, 0.0, 0.0 rx=0.1 bcn=0 [on:0 tx:0 rx:0 period:3013] from screen [on:0 period:712680695] score=60
07-04 01:15:08.571   708  1457 I ActivityManager: Broadcasting: Intent { act=android.intent.action.MEDIA_SCANNER_SCAN_FILE dat=file:///... flg=0x400000 }
07-04 01:15:08.572   708  1457 I ActivityManager: Enqueued broadcast Intent { act=android.intent.action.MEDIA_SCANNER_SCAN_FILE dat=file:///... flg=0x400000 }: 0
07-04 01:15:08.573   708  1215 W JobInfo : Job 'com.google.android.providers.media.module/com.android.providers.media.MediaService#-300' has a deadline with no functional constraints. The deadline won't improve job execution latency. Consider removing the deadline.
07-04 01:15:08.577   708   736 I ActivityManager: Broadcast completed: result=0
07-04 01:15:08.579  1461  1961 I MediaProvider: Begin Intent { act=android.intent.action.MEDIA_SCANNER_SCAN_FILE dat=file:///... flg=0x1400010 cmp=com.google.android.providers.media.module/com.android.providers.media.MediaService }
07-04 01:15:08.594  1461  1961 I MediaProvider: End Intent { act=android.intent.action.MEDIA_SCANNER_SCAN_FILE dat=file:///... flg=0x1400010 cmp=com.google.android.providers.media.module/com.android.providers.media.MediaService }
07-04 01:15:08.599  1461  1667 D WM-SystemJobScheduler: Scheduling work ID 9fa1f433-fcbb-4693-b7f8-25a36c95d020Job ID 45
07-04 01:15:08.611  1461  1667 D WM-GreedyScheduler: Ignoring {WorkSpec: 4ab35118-0008-4e0e-9667-4896f94f6ee7}. Requires device idle.
07-04 01:15:08.611  1461  1667 D WM-GreedyScheduler: Ignoring {WorkSpec: 5e0a924a-98f8-4d1c-b169-89fa94ec2302}. Requires device idle.
07-04 01:15:08.716  1461  2102 W MediaProvider: Ignoring param:deletedata post U for external apps
07-04 01:15:08.719  1461  2102 I MediaProvider: Deleted 0 1 0 0 0 0 0 items on external_primary due to com.android.shell
07-04 01:15:08.852  5645  5645 D AndroidRuntime: >>>>>> START com.android.internal.os.RuntimeInit uid 2000 <<<<<<
07-04 01:15:08.857  5645  5645 I AndroidRuntime: Using default boot image
07-04 01:15:08.857  5645  5645 I AndroidRuntime: Leaving lock profiling enabled
07-04 01:15:08.860  5645  5645 I app_process: Core platform API reporting enabled, enforcing=false
07-04 01:15:08.860  5645  5645 I app_process: Using CollectorTypeCMC GC.
07-04 01:15:08.951  5645  5645 D nativeloader: InitDefaultPublicLibraries for_preload=1: libandroid.so:libaaudio.so:libamidi.so:libbinder_ndk.so:libc.so:libcamera2ndk.so:libdl.so:libEGL.so:libGLESv1_CM.so:libGLESv2.so:libGLESv3.so:libicu.so:libicui18n.so:libicuuc.so:libjnigraphics.so:liblog.so:libmediandk.so:libm.so:libnativehelper.so:libnativewindow.so:libOpenMAXAL.so:libOpenSLES.so:libRS.so:libstdc++.so:libsync.so:libvulkan.so:libwebviewchromium_plat_support.so:libz.so
07-04 01:15:08.960  5645  5645 D nativeloader: Load libicu_jni.so using APEX ns com_android_art for caller /apex/com.android.art/javalib/core-oj.jar: ok
07-04 01:15:08.961  5645  5645 D app_process: u_setTimeZoneFilesDirectory("/apex/com.android.tzdata/etc/tz/versioned/9/icu") succeeded. 
07-04 01:15:08.961  5645  5645 D app_process: I18n APEX ICU file found: /apex/com.android.i18n/etc/icu/icudt76l.dat
07-04 01:15:08.962  5645  5645 D nativeloader: Load libjavacore.so using APEX ns com_android_art for caller /apex/com.android.art/javalib/core-oj.jar: ok
07-04 01:15:08.963  5645  5645 D nativeloader: Load libopenjdk.so using APEX ns com_android_art for caller /apex/com.android.art/javalib/core-oj.jar: ok
07-04 01:15:08.965  5645  5645 W app_process: Unexpected CPU variant for x86: x86_64.
07-04 01:15:08.965  5645  5645 W app_process: Known variants: atom, sandybridge, silvermont, goldmont, goldmont-plus, goldmont-without-sha-xsaves, tremont, kabylake, alderlake, default
07-04 01:15:08.967  5645  5645 W app_process: ClassLoaderContext shared library size mismatch. Expected=2, found=0 (PCL[]{PCL[/system/framework/android.test.base.jar*2789897741]#PCL[/system/framework/android.test.mock.jar*3361312393]} | PCL[])
07-04 01:15:08.967  5645  5645 W app_process: ClassLoaderContext classpath size mismatch. expected=0, found=1 (PCL[]{PCL[/system/framework/android.test.runner.jar*895143020]#PCL[/system/framework/android.test.base.jar*2789897741]} | PCL[/system/framework/android.test.runner.jar*895143020])
07-04 01:15:08.992  5645  5645 D nativeloader: Load libframework-connectivity-tiramisu-jni.so using APEX ns com_android_tethering for caller /apex/com.android.tethering/javalib/framework-connectivity-t.jar: ok
07-04 01:15:08.993  5645  5645 D AndroidRuntime: Calling main entry com.android.commands.uiautomator.Launcher
07-04 01:15:08.996  5645  5645 I AconfigPackage: android.media.swcodec.flags is mapped to com.android.media.swcodec
07-04 01:15:08.997  5645  5645 I AconfigPackage: com.google.android.settings.simplemode.flags is mapped to system_ext
07-04 01:15:08.997  5645  5645 I AconfigPackage: com.google.android.systemui is mapped to system_ext
07-04 01:15:08.997  5645  5645 I AconfigPackage: com.google.android.apps.nexuslauncher is mapped to system_ext
07-04 01:15:08.997  5645  5645 I AconfigPackage: com.android.settings.accessibility is mapped to system_ext
07-04 01:15:08.997  5645  5645 I AconfigPackage: com.android.settings.flags is mapped to system_ext
07-04 01:15:08.997  5645  5645 I AconfigPackage: com.google.android.apps.miphone.aiai.matchmaker.overview.ui is mapped to system_ext
07-04 01:15:08.997  5645  5645 I AconfigPackage: com.google.android.settings.flags is mapped to system_ext
07-04 01:15:08.997  5645  5645 I AconfigPackage: com.android.launcher3 is mapped to system_ext
07-04 01:15:08.997  5645  5645 I AconfigPackage: com.android.wallpaper is mapped to system_ext
07-04 01:15:08.997  5645  5645 I AconfigPackage: com.android.settings.media_drm is mapped to system_ext
07-04 01:15:08.997  5645  5645 I AconfigPackage: com.android.systemui.accessibility.accessibilitymenu is mapped to system_ext
07-04 01:15:08.997  5645  5645 I AconfigPackage: com.android.settings.keyboard is mapped to system_ext
07-04 01:15:08.997  5645  5645 I AconfigPackage: com.android.server.policy.feature.flags is mapped to system_ext
07-04 01:15:08.997  5645  5645 I AconfigPackage: com.android.settings.factory_reset is mapped to system_ext
07-04 01:15:08.997  5645  5645 I AconfigPackage: com.google.android.haptics.flags is mapped to system_ext
07-04 01:15:08.997  5645  5645 I AconfigPackage: com.android.permission.flags is mapped to com.android.permission
07-04 01:15:08.997  5645  5645 I AconfigPackage: com.android.icu is mapped to com.android.i18n
07-04 01:15:08.998  5645  5645 I AconfigPackage: com.android.appsearch.flags is mapped to com.android.appsearch
07-04 01:15:08.998  5645  5645 I AconfigPackage: android.uprobestats.mainline.flags is mapped to com.android.uprobestats
07-04 01:15:08.998  5645  5645 I AconfigPackage: android.provider.flags is mapped to com.android.configinfrastructure
07-04 01:15:08.998  5645  5645 I AconfigPackage: com.android.server.deviceconfig is mapped to com.android.configinfrastructure
07-04 01:15:08.998  5645  5645 I AconfigPackage: com.android.nfc.flags is mapped to system
07-04 01:15:08.998  5645  5645 I AconfigPackage: android.app.admin.flags is mapped to system
07-04 01:15:08.998  5645  5645 I AconfigPackage: android.database.sqlite is mapped to system
07-04 01:15:08.998  5645  5645 I AconfigPackage: com.android.providers.calendar is mapped to system
07-04 01:15:08.998  5645  5645 I AconfigPackage: com.android.server.power.feature.flags is mapped to system
07-04 01:15:08.998  5645  5645 I AconfigPackage: com.android.media.performance.flags is mapped to system
07-04 01:15:08.998  5645  5645 I AconfigPackage: android.app.contextualsearch.flags is mapped to system
07-04 01:15:08.998  5645  5645 I AconfigPackage: android.app.ondeviceintelligence.flags is mapped to system
07-04 01:15:08.998  5645  5645 I AconfigPackage: com.android.media.projection.flags is mapped to system
07-04 01:15:08.998  5645  5645 I AconfigPackage: android.companion is mapped to system
07-04 01:15:08.999  5645  5645 I AconfigPackage: android.service.controls.flags is mapped to system
07-04 01:15:08.999  5645  5645 I AconfigPackage: com.android.text.flags is mapped to system
07-04 01:15:08.999  5645  5645 I AconfigPackage: com.android.providers.contactkeys.flags is mapped to system
07-04 01:15:08.999  5645  5645 I AconfigPackage: com.android.intentresolver is mapped to system
07-04 01:15:08.999  5645  5645 I AconfigPackage: android.companion.virtualdevice.flags is mapped to system
07-04 01:15:08.999  5645  5645 I AconfigPackage: android.uprobestats.flags is mapped to system
07-04 01:15:08.999  5645  5645 I AconfigPackage: com.android.net.thread.platform.flags is mapped to system
07-04 01:15:08.999  5645  5645 I AconfigPackage: android.view.contentprotection.flags is mapped to system
07-04 01:15:08.999  5645  5645 I AconfigPackage: com.android.server.dreams is mapped to system
07-04 01:15:08.999  5645  5645 I AconfigPackage: com.android.graphics.surfaceflinger.flags is mapped to system
07-04 01:15:08.999  5645  5645 I AconfigPackage: com.android.hardware.input is mapped to system
07-04 01:15:08.999  5645  5645 I AconfigPackage: android.sdk is mapped to system
07-04 01:15:08.999  5645  5645 I AconfigPackage: com.android.input.flags is mapped to system
07-04 01:15:08.999  5645  5645 I AconfigPackage: android.tracing is mapped to system
07-04 01:15:08.999  5645  5645 I AconfigPackage: com.android.server.biometrics is mapped to system
07-04 01:15:08.999  5645  5645 I AconfigPackage: android.view.contentcapture.flags is mapped to system
07-04 01:15:08.999  5645  5645 I AconfigPackage: android.app.job is mapped to system
07-04 01:15:08.999  5645  5645 I AconfigPackage: android.content.res is mapped to system
07-04 01:15:08.999  5645  5645 I AconfigPackage: android.net.platform.flags is mapped to system
07-04 01:15:08.999  5645  5645 I AconfigPackage: com.android.aconfig.flags is mapped to system
07-04 01:15:08.999  5645  5645 I AconfigPackage: com.android.graphics.flags is mapped to system
07-04 01:15:08.999  5645  5645 I AconfigPackage: android.server.app is mapped to system
07-04 01:15:08.999  5645  5645 I AconfigPackage: android.speech.flags is mapped to system
07-04 01:15:08.999  5645  5645 I AconfigPackage: com.android.server.stats is mapped to system
07-04 01:15:08.999  5645  5645 I AconfigPackage: android.hardware.biometrics is mapped to system
07-04 01:15:08.999  5645  5645 I AconfigPackage: android.car.feature is mapped to system
07-04 01:15:08.999  5645  5645 I AconfigPackage: android.adpf is mapped to system
07-04 01:15:08.999  5645  5645 I AconfigPackage: android.location.flags is mapped to system
07-04 01:15:08.999  5645  5645 I AconfigPackage: com.android.settingslib.flags is mapped to system
07-04 01:15:08.999  5645  5645 I AconfigPackage: com.android.managedprovisioning.flags is mapped to system
07-04 01:15:08.999  5645  5645 I AconfigPackage: android.app.assist.flags is mapped to system
07-04 01:15:08.999  5645  5645 I AconfigPackage: com.android.server.net is mapped to system
07-04 01:15:08.999  5645  5645 I AconfigPackage: com.android.settingslib.widget.flags is mapped to system
07-04 01:15:08.999  5645  5645 I AconfigPackage: com.android.internal.camera.flags is mapped to system
07-04 01:15:08.999  5645  5645 I AconfigPackage: com.android.hardware.libsensor.flags is mapped to system
07-04 01:15:08.999  5645  5645 I AconfigPackage: com.android.internal.jank is mapped to system
07-04 01:15:08.999  5645  5645 I AconfigPackage: com.android.providers.settings is mapped to system
07-04 01:15:08.999  5645  5645 I AconfigPackage: android.multiuser is mapped to system
07-04 01:15:08.999  5645  5645 I AconfigPackage: com.android.server.power.optimization is mapped to system
07-04 01:15:08.999  5645  5645 I AconfigPackage: com.android.calllogbackup is mapped to system
07-04 01:15:08.999  5645  5645 I AconfigPackage: com.android.media.flags is mapped to system
07-04 01:15:08.999  5645  5645 I AconfigPackage: com.android.server.flags is mapped to system
07-04 01:15:08.999  5645  5645 I AconfigPackage: com.android.graphics.libvulkan.flags is mapped to system
07-04 01:15:08.999  5645  5645 I AconfigPackage: android.app.appfunctions.flags is mapped to system
07-04 01:15:08.999  5645  5645 I AconfigPackage: android.app.smartspace.flags is mapped to system
07-04 01:15:08.999  5645  5645 I AconfigPackage: com.android.providers.contacts.flags is mapped to system
07-04 01:15:08.999  5645  5645 I AconfigPackage: com.android.shell.flags is mapped to system
07-04 01:15:08.999  5645  5645 I AconfigPackage: com.android.media.aaudio is mapped to system
07-04 01:15:08.999  5645  5645 I AconfigPackage: android.hardware.radio is mapped to system
07-04 01:15:08.999  5645  5645 I AconfigPackage: com.google.wear.services.infra.flags is mapped to system
07-04 01:15:08.999  5645  5645 I AconfigPackage: suspend_service.flags is mapped to system
07-04 01:15:08.999  5645  5645 I AconfigPackage: android.media.midi is mapped to system
07-04 01:15:08.999  5645  5645 I AconfigPackage: com.android.libcore.readonly is mapped to system
07-04 01:15:08.999  5645  5645 I AconfigPackage: com.android.settingslib.widget.selectorwithwidgetpreference.flags is mapped to system
07-04 01:15:08.999  5645  5645 I AconfigPackage: android.service.notification is mapped to system
07-04 01:15:08.999  5645  5645 I AconfigPackage: com.android.systemui.shared is mapped to system
07-04 01:15:08.999  5645  5645 I AconfigPackage: android.app.jank is mapped to system
07-04 01:15:08.999  5645  5645 I AconfigPackage: android.app.wearable is mapped to system
07-04 01:15:08.999  5645  5645 I AconfigPackage: com.android.media.audio is mapped to system
07-04 01:15:08.999  5645  5645 I AconfigPackage: android.service.chooser is mapped to system
07-04 01:15:08.999  5645  5645 I AconfigPackage: com.android.server.compat is mapped to system
07-04 01:15:08.999  5645  5645 I AconfigPackage: com.android.server.alarm is mapped to system
07-04 01:15:08.999  5645  5645 I AconfigPackage: com.android.apex.flags is mapped to system
07-04 01:15:08.999  5645  5645 I AconfigPackage: android.service.quickaccesswallet is mapped to system
07-04 01:15:08.999  5645  5645 I AconfigPackage: android.app.usage is mapped to system
07-04 01:15:08.999  5645  5645 I AconfigPackage: com.android.server.accessibility is mapped to system
07-04 01:15:08.999  5645  5645 I AconfigPackage: android.app.supervision.flags is mapped to system
07-04 01:15:08.999  5645  5645 I AconfigPackage: com.android.server.utils is mapped to system
07-04 01:15:08.999  5645  5645 I AconfigPackage: android.chre.flags is mapped to system
07-04 01:15:08.999  5645  5645 I AconfigPackage: android.content.flags is mapped to system
07-04 01:15:08.999  5645  5645 I AconfigPackage: android.media.codec is mapped to system
07-04 01:15:08.999  5645  5645 I AconfigPackage: com.android.internal.os is mapped to system
07-04 01:15:08.999  5645  5645 I AconfigPackage: com.android.nfc.nci.flags is mapped to system
07-04 01:15:08.999  5645  5645 I AconfigPackage: android.app is mapped to system
07-04 01:15:08.999  5645  5645 I AconfigPackage: android.security.keystore2 is mapped to system
07-04 01:15:08.999  5645  5645 I AconfigPackage: android.crashrecovery.flags is mapped to system
07-04 01:15:08.999  5645  5645 I AconfigPackage: com.android.tradeinmode.flags is mapped to system
07-04 01:15:08.999  5645  5645 I AconfigPackage: android.hardware.flags is mapped to system
07-04 01:15:08.999  5645  5645 I AconfigPackage: com.android.server.telecom.flags is mapped to system
07-04 01:15:08.999  5645  5645 I AconfigPackage: com.android.settingslib.media.flags is mapped to system
07-04 01:15:08.999  5645  5645 I AconfigPackage: com.android.server.policy is mapped to system
07-04 01:15:08.999  5645  5645 I AconfigPackage: android.media.audiopolicy is mapped to system
07-04 01:15:08.999  5645  5645 I AconfigPackage: com.android.egg.flags is mapped to system
07-04 01:15:08.999  5645  5645 I AconfigPackage: com.android.internal.compat.flags is mapped to system
07-04 01:15:08.999  5645  5645 I AconfigPackage: android.security is mapped to system
07-04 01:15:08.999  5645  5645 I AconfigPackage: android.service.autofill is mapped to system
07-04 01:15:08.999  5645  5645 I AconfigPackage: com.example.android.aconfig.demo.flags is mapped to system
07-04 01:15:08.999  5645  5645 I AconfigPackage: android.view.flags is mapped to system
07-04 01:15:08.999  5645  5645 I AconfigPackage: android.companion.virtual.flags is mapped to system
07-04 01:15:08.999  5645  5645 I AconfigPackage: com.android.aconfig_new_storage is mapped to system
07-04 01:15:08.999  5645  5645 I AconfigPackage: com.android.server.feature.flags is mapped to system
07-04 01:15:08.999  5645  5645 I AconfigPackage: com.android.systemui is mapped to system
07-04 01:15:08.999  5645  5645 I AconfigPackage: com.android.server.power.batterysaver is mapped to system
07-04 01:15:08.999  5645  5645 I AconfigPackage: android.widget.flags is mapped to system
07-04 01:15:08.999  5645  5645 I AconfigPackage: com.android.media.editing.flags is mapped to system
07-04 01:15:08.999  5645  5645 I AconfigPackage: com.android.media.codec.flags is mapped to system
07-04 01:15:08.999  5645  5645 I AconfigPackage: com.android.server.powerstats is mapped to system
07-04 01:15:08.999  5645  5645 I AconfigPackage: com.android.graphics.egl.flags is mapped to system
07-04 01:15:08.999  5645  5645 I AconfigPackage: com.android.media.audioserver is mapped to system
07-04 01:15:08.999  5645  5645 I AconfigPackage: com.android.server.deviceidle is mapped to system
07-04 01:15:08.999  5645  5645 I AconfigPackage: android.nfc is mapped to system
07-04 01:15:08.999  5645  5645 I AconfigPackage: android.permission.flags is mapped to system
07-04 01:15:08.999  5645  5645 I AconfigPackage: android.service.voice.flags is mapped to system
07-04 01:15:08.999  5645  5645 I AconfigPackage: android.content.pm is mapped to system
07-04 01:15:08.999  5645  5645 I AconfigPackage: com.android.server.power.hint is mapped to system
07-04 01:15:08.999  5645  5645 I AconfigPackage: android.os is mapped to system
07-04 01:15:08.999  5645  5645 I AconfigPackage: android.service.dreams is mapped to system
07-04 01:15:08.999  5645  5645 I AconfigPackage: com.android.graphics.libgui.flags is mapped to system
07-04 01:15:08.999  5645  5645 I AconfigPackage: android.hardware.usb.flags is mapped to system
07-04 01:15:08.999  5645  5645 I AconfigPackage: android.provider is mapped to system
07-04 01:15:08.999  5645  5645 I AconfigPackage: com.android.server.job is mapped to system
07-04 01:15:08.999  5645  5645 I AconfigPackage: com.android.internal.foldables.flags is mapped to system
07-04 01:15:08.999  5645  5645 I AconfigPackage: com.android.internal.telephony.flags is mapped to system
07-04 01:15:08.999  5645  5645 I AconfigPackage: android.webkit is mapped to system
07-04 01:15:08.999  5645  5645 I AconfigPackage: android.credentials.flags is mapped to system
07-04 01:15:08.999  5645  5645 I AconfigPackage: com.android.server.display.feature.flags is mapped to system
07-04 01:15:08.999  5645  5645 I AconfigPackage: com.android.server.notification is mapped to system
07-04 01:15:08.999  5645  5645 I AconfigPackage: android.appwidget.flags is mapped to system
07-04 01:15:08.999  5645  5645 I AconfigPackage: com.android.frameworks.sensorservice.flags is mapped to system
07-04 01:15:08.999  5645  5645 I AconfigPackage: com.android.printspooler.flags is mapped to system
07-04 01:15:08.999  5645  5645 I AconfigPackage: com.android.window.flags is mapped to system
07-04 01:15:08.999  5645  5645 I AconfigPackage: android.adaptiveauth is mapped to system
07-04 01:15:08.999  5645  5645 I AconfigPackage: android.net.wifi.flags is mapped to system
07-04 01:15:08.999  5645  5645 I AconfigPackage: android.media.tv.flags is mapped to system
07-04 01:15:08.999  5645  5645 I AconfigPackage: com.android.server.usb.flags is mapped to system
07-04 01:15:08.999  5645  5645 I AconfigPackage: android.os.vibrator is mapped to system
07-04 01:15:08.999  5645  5645 I AconfigPackage: android.hardware.devicestate.feature.flags is mapped to system
07-04 01:15:08.999  5645  5645 I AconfigPackage: com.android.server.usage is mapped to system
07-04 01:15:08.999  5645  5645 I AconfigPackage: android.server is mapped to system
07-04 01:15:08.999  5645  5645 I AconfigPackage: com.android.wm.shell is mapped to system
07-04 01:15:08.999  5645  5645 I AconfigPackage: android.view.inputmethod is mapped to system
07-04 01:15:08.999  5645  5645 I AconfigPackage: com.android.graphics.hwui.flags is mapped to system
07-04 01:15:08.999  5645  5645 I AconfigPackage: com.android.server.backup is mapped to system
07-04 01:15:08.999  5645  5645 I AconfigPackage: com.android.internal.pm.pkg.component.flags is mapped to system
07-04 01:15:08.999  5645  5645 I AconfigPackage: android.view.accessibility is mapped to system
07-04 01:15:08.999  5645  5645 I AconfigPackage: com.google.wear.sdk is mapped to system
07-04 01:15:08.999  5645  5645 I AconfigPackage: android.media.audio is mapped to system
07-04 01:15:08.999  5645  5645 I AconfigPackage: com.android.server.am is mapped to system
07-04 01:15:09.000  5645  5645 I AconfigPackage: com.android.media.playback.flags is mapped to system
07-04 01:15:09.000  5645  5645 I AconfigPackage: com.android.art.flags is mapped to com.android.art
07-04 01:15:09.000  5645  5645 I AconfigPackage: com.android.libcore is mapped to com.android.art
07-04 01:15:09.000  5645  5645 I AconfigPackage: com.android.media.extractor.flags is mapped to com.android.media
07-04 01:15:09.000  5645  5645 I AconfigPackage: com.android.media.mainline.flags is mapped to com.android.media
07-04 01:15:09.000  5645  5645 I AconfigPackage: com.android.wifi.flags is mapped to com.android.wifi
07-04 01:15:09.001  5645  5645 I AconfigPackage: com.android.org.conscrypt.flags is mapped to com.android.conscrypt
07-04 01:15:09.001  5645  5645 I AconfigPackage: com.android.healthfitness.flags is mapped to com.android.healthfitness
07-04 01:15:09.001  5645  5645 I AconfigPackage: com.google.android.input.twoshay.flags is mapped to vendor
07-04 01:15:09.001  5645  5645 I AconfigPackage: libgooglecamerahal.flags is mapped to vendor
07-04 01:15:09.001  5645  5645 I AconfigPackage: com.android.ipsec.flags is mapped to com.android.ipsec
07-04 01:15:09.001  5645  5645 I AconfigPackage: com.android.nfc.module.flags is mapped to com.android.nfcservices
07-04 01:15:09.001  5645  5645 I AconfigPackage: com.android.adservices.ondevicepersonalization.flags is mapped to com.android.ondevicepersonalization
07-04 01:15:09.001  5645  5645 I AconfigPackage: com.android.bluetooth.flags is mapped to com.android.bt
07-04 01:15:09.001  5645  5645 I AconfigPackage: com.android.devicelock.flags is mapped to com.android.devicelock
07-04 01:15:09.001  5645  5645 I AconfigPackage: android.os.profiling is mapped to com.android.profiling
07-04 01:15:09.001  5645  5645 I AconfigPackage: com.android.os.statsd.flags is mapped to com.android.os.statsd
07-04 01:15:09.002  5645  5645 I AconfigPackage: com.android.cellbroadcastreceiver.flags is mapped to com.android.cellbroadcast
07-04 01:15:09.002  5645  5645 I AconfigPackage: com.android.adservices.flags is mapped to com.android.adservices
07-04 01:15:09.002  5645  5645 I AconfigPackage: com.android.sdksandbox.flags is mapped to com.android.adservices
07-04 01:15:09.002  5645  5645 I AconfigPackage: com.android.uwb.flags is mapped to com.android.uwb
07-04 01:15:09.002  5645  5645 I AconfigPackage: com.android.ranging.flags is mapped to com.android.uwb
07-04 01:15:09.002  5645  5645 I AconfigPackage: android.graphics.pdf.flags is mapped to com.android.mediaprovider
07-04 01:15:09.002  5645  5645 I AconfigPackage: com.android.providers.media.flags is mapped to com.android.mediaprovider
07-04 01:15:09.002  5645  5645 I AconfigPackage: android.graphics.pdf.flags.readonly is mapped to com.android.mediaprovider
07-04 01:15:09.002  5645  5645 I AconfigPackage: com.android.net.ct.flags is mapped to com.android.tethering
07-04 01:15:09.002  5645  5645 I AconfigPackage: com.android.net.flags is mapped to com.android.tethering
07-04 01:15:09.002  5645  5645 I AconfigPackage: android.net.vcn is mapped to com.android.tethering
07-04 01:15:09.002  5645  5645 I AconfigPackage: com.android.nearby.flags is mapped to com.android.tethering
07-04 01:15:09.002  5645  5645 I AconfigPackage: android.net.http is mapped to com.android.tethering
07-04 01:15:09.002  5645  5645 I AconfigPackage: com.android.net.thread.flags is mapped to com.android.tethering
07-04 01:15:09.002  5645  5645 I AconfigPackage: com.android.system.virtualmachine.flags is mapped to com.android.virt
07-04 01:15:09.003  5645  5645 E FeatureFlagsImplExport: android.os.flagging.AconfigStorageReadException: ERROR_PACKAGE_NOT_FOUND: package android.xr cannot be found on the device
07-04 01:15:09.004  5645  5645 D UiAutomationConnection: Created on user UserHandle{0}
07-04 01:15:09.005  5645  5645 I UiAutomation: Initialized for user 0 on display 0
07-04 01:15:09.005  5645  5645 W UiAutomation: Created with deprecatead constructor, assumes DEFAULT_DISPLAY
07-04 01:15:09.035   708  1560 D AccessibilityManagerService: changeCurrentUserForTestAutomationIfNeededLocked(0): ignoring because device doesn't support visible background users
07-04 01:15:09.036   708  1560 I UiAutomationManager: Registering UiTestAutomationService (id=com.android.server.accessibility/UiAutomation, flags=0x0) when called by user 0
07-04 01:15:09.036   708  1560 V AccessibilityManagerService: onUserStateChangedLocked for userId: 0, forceUpdate: false
07-04 01:15:09.038  1512  2757 I AiAiEcho: Settings changed for uri: content://settings/secure/accessibility_enabled
07-04 01:15:09.039  1512  2024 I AiAiEcho: Predicting[0]:  [CONTEXT sampling_count=5 ]
07-04 01:15:09.039   708  1560 W MagnificationConnectionManager: requestConnection duplicated request: connect=false, mConnectionState=DISCONNECTED
07-04 01:15:09.040  1512  2024 I AiAiEcho: EchoTargets: 
07-04 01:15:09.040  1512  2024 I AiAiEcho: Filtered by AiAi flag check: 
07-04 01:15:09.040  1512  2024 I AiAiEcho: [CONTEXT ratelimit_period="10 SECONDS" ]
07-04 01:15:09.042   708   708 W IPCThreadState: Sending oneway calls to frozen process.
07-04 01:15:09.042   708   708 W IPCThreadState: Sending oneway calls to frozen process.
07-04 01:15:09.042   708   708 W IPCThreadState: Sending oneway calls to frozen process.
07-04 01:15:09.042   708   708 W IPCThreadState: Sending oneway calls to frozen process.
07-04 01:15:09.043  5645  5657 V UiAutomation: Init UiAutomation@e3898c0[id=33, displayId=0, flags=0]
07-04 01:15:09.043  1512  2024 I AiAiEcho: #remoteViewsTwiddler: feature disabled.
07-04 01:15:09.043   708   708 W IPCThreadState: Sending oneway calls to frozen process.
07-04 01:15:09.043   708   708 W IPCThreadState: Sending oneway calls to frozen process.
07-04 01:15:09.044   708   708 W IPCThreadState: Sending oneway calls to frozen process.
07-04 01:15:09.044   708   708 W IPCThreadState: Sending oneway calls to frozen process.
07-04 01:15:09.044   708   708 W IPCThreadState: Sending oneway calls to frozen process.
07-04 01:15:09.045   708   708 W IPCThreadState: Sending oneway calls to frozen process.
07-04 01:15:09.045   708   708 W IPCThreadState: Sending oneway calls to frozen process.
07-04 01:15:09.045   708   708 W IPCThreadState: Sending oneway calls to frozen process.
07-04 01:15:09.045   708   708 W IPCThreadState: Sending oneway calls to frozen process.
07-04 01:15:09.045   708   708 W IPCThreadState: Sending oneway calls to frozen process.
07-04 01:15:09.046   708   708 W IPCThreadState: Sending oneway calls to frozen process.
07-04 01:15:09.046   708   708 W IPCThreadState: Sending oneway calls to frozen process.
07-04 01:15:09.046   708   708 W IPCThreadState: Sending oneway calls to frozen process.
07-04 01:15:09.046   708   708 W IPCThreadState: Sending oneway calls to frozen process.
07-04 01:15:09.046   708   708 W IPCThreadState: Sending oneway calls to frozen process.
07-04 01:15:09.046   708   708 W IPCThreadState: Sending oneway calls to frozen process.
07-04 01:15:09.046   708   708 W IPCThreadState: Sending oneway calls to frozen process.
07-04 01:15:09.046   708   708 D BatterySaverPolicy: accessibility changed to true, updating policy.
07-04 01:15:09.050   708  1215 V AccessibilityManagerService: onUserStateChangedLocked for userId: 0, forceUpdate: false
07-04 01:15:09.056   708  1215 W MagnificationConnectionManager: requestConnection duplicated request: connect=false, mConnectionState=DISCONNECTED
07-04 01:15:09.057   708   708 W IPCThreadState: Sending oneway calls to frozen process.
07-04 01:15:09.057   708   708 W IPCThreadState: Sending oneway calls to frozen process.
07-04 01:15:09.057   708   708 W IPCThreadState: Sending oneway calls to frozen process.
07-04 01:15:09.057   708   708 W IPCThreadState: Sending oneway calls to frozen process.
07-04 01:15:09.057   708   708 W IPCThreadState: Sending oneway calls to frozen process.
07-04 01:15:09.057   708   708 W IPCThreadState: Sending oneway calls to frozen process.
07-04 01:15:09.058   708   708 W IPCThreadState: Sending oneway calls to frozen process.
07-04 01:15:09.058   708   708 W IPCThreadState: Sending oneway calls to frozen process.
07-04 01:15:09.058   708   708 W IPCThreadState: Sending oneway calls to frozen process.
07-04 01:15:09.058  1512  2757 I AiAiEcho: Settings changed for uri: content://settings/secure/accessibility_enabled
07-04 01:15:09.058   708   708 W IPCThreadState: Sending oneway calls to frozen process.
07-04 01:15:09.058   708   708 W IPCThreadState: Sending oneway calls to frozen process.
07-04 01:15:09.058   708   708 W IPCThreadState: Sending oneway calls to frozen process.
07-04 01:15:09.058   708   708 W IPCThreadState: Sending oneway calls to frozen process.
07-04 01:15:09.058   708   708 W IPCThreadState: Sending oneway calls to frozen process.
07-04 01:15:09.060  1512  2024 I AiAiEcho: Predicting[0]:  [CONTEXT sampling_count=5 ]
07-04 01:15:09.060  1512  2024 I AiAiEcho: EchoTargets: 
07-04 01:15:09.060  1512  2024 I AiAiEcho: Filtered by AiAi flag check: 
07-04 01:15:09.060  1512  2024 I AiAiEcho: [CONTEXT ratelimit_period="10 SECONDS" ]
07-04 01:15:09.061  1512  2024 I AiAiEcho: #remoteViewsTwiddler: feature disabled.
07-04 01:15:09.069  1512  2024 I AiAiEcho: #postPredictionTargets: Sending updates to UISurface home with targets# 0 (types=[])
07-04 01:15:09.071  1096  1096 D SsBaseTemplateCard: No text view can be set up
07-04 01:15:09.072  1096  1096 D SsBaseTemplateCard: Passed-in item info is null
07-04 01:15:09.073  1096  1096 D SsBaseTemplateCard: Passed-in item info is null
07-04 01:15:09.073  1096  1096 D SsBaseTemplateCard: Passed-in item info is null
07-04 01:15:09.073  1096  1096 I SsBaseTemplateCard: Secondary card pane is null
07-04 01:15:09.074  1512  2024 I AiAiEcho: #postPredictionTargets: Sending updates to UISurface lockscreen with targets# 0 (types=[])
07-04 01:15:09.075  1512  2024 I AiAiEcho: Predicting[0]:  [CONTEXT sampling_count=5 ]
07-04 01:15:09.075  1512  2024 I AiAiEcho: EchoTargets: 
07-04 01:15:09.075  1512  2024 I AiAiEcho: Filtered by AiAi flag check: 
07-04 01:15:09.075  1512  2024 I AiAiEcho: [CONTEXT ratelimit_period="10 SECONDS" ]
07-04 01:15:09.077   962   962 W PageIndicator: Total number of pages invalid: 0. Assuming 1 page.
07-04 01:15:09.078  1512  2024 I AiAiEcho: #remoteViewsTwiddler: feature disabled.
07-04 01:15:09.078  1512  2024 I AiAiEcho: Predicting[0]:  [CONTEXT sampling_count=5 ]
07-04 01:15:09.078  1512  2024 I AiAiEcho: EchoTargets: 
07-04 01:15:09.078  1512  2024 I AiAiEcho: Filtered by AiAi flag check: 
07-04 01:15:09.078  1512  2024 I AiAiEcho: [CONTEXT ratelimit_period="10 SECONDS" ]
07-04 01:15:09.078  1512  2024 I AiAiEcho: #remoteViewsTwiddler: feature disabled.
07-04 01:15:09.079  1512  2024 I AiAiEcho: #postPredictionTargets: Sending updates to UISurface home with targets# 0 (types=[])
07-04 01:15:09.080  1096  1096 D SsBaseTemplateCard: No text view can be set up
07-04 01:15:09.080  1096  1096 D SsBaseTemplateCard: Passed-in item info is null
07-04 01:15:09.080  1096  1096 D SsBaseTemplateCard: Passed-in item info is null
07-04 01:15:09.080  1096  1096 D SsBaseTemplateCard: Passed-in item info is null
07-04 01:15:09.080  1096  1096 I SsBaseTemplateCard: Secondary card pane is null
07-04 01:15:09.080  1512  2024 I AiAiEcho: #postPredictionTargets: Sending updates to UISurface lockscreen with targets# 0 (types=[])
07-04 01:15:09.081   962   962 W PageIndicator: Total number of pages invalid: 0. Assuming 1 page.
07-04 01:15:09.251   948   948 D wpa_supplicant: nl80211: Drv Event 64 (NL80211_CMD_NOTIFY_CQM) received for wlan0
07-04 01:15:09.251   948   948 D wpa_supplicant: nl80211: Beacon loss event
07-04 01:15:09.251   948   948 D wpa_supplicant: wlan0: Event BEACON_LOSS (53) received
07-04 01:15:09.251   948   948 I wpa_supplicant: wlan0: CTRL-EVENT-BEACON-LOSS 
07-04 01:15:10.097  1461  1461 D WM-DelayedWorkTracker: Scheduling work 9fa1f433-fcbb-4693-b7f8-25a36c95d020
07-04 01:15:10.102  1461  1461 D WM-GreedyScheduler: Starting tracking for 9fa1f433-fcbb-4693-b7f8-25a36c95d020
07-04 01:15:10.103  1461  1608 D WM-ConstraintTracker: BatteryNotLowTracker: initial state = true
07-04 01:15:10.103  1461  1608 D WM-BrdcstRcvrCnstrntTrc: BatteryNotLowTracker: registering receiver
07-04 01:15:10.110  1461  1608 D WM-GreedyScheduler: Constraints met: Scheduling work ID WorkGenerationalId(workSpecId=9fa1f433-fcbb-4693-b7f8-25a36c95d020, generation=0)
07-04 01:15:10.111  1461  1608 D WM-Processor: Processor: processing WorkGenerationalId(workSpecId=9fa1f433-fcbb-4693-b7f8-25a36c95d020, generation=0)
07-04 01:15:10.115  1461  1461 D WM-WorkerWrapper: Starting work for com.android.providers.media.photopicker.sync.ProactiveSyncWorker
07-04 01:15:10.116  1461  3926 I PSyncWorker: Starting proactive picker sync from sync source: 1
07-04 01:15:10.116  1461  3926 I PickerSyncTracker: Created new sync future java.util.concurrent.CompletableFuture@19b39a4[Not completed, 1 dependents]. Future map: {9fa1f433-fcbb-4693-b7f8-25a36c95d020=java.util.concurrent.CompletableFuture@19b39a4[Not completed, 1 dependents]}
07-04 01:15:10.117  1461  3926 D PickerSyncController: syncAllMediaFromProvider() LOCAL, auth=com.android.providers.media.photopicker, retry=true
07-04 01:15:10.117  1461  3926 D PickerSyncController: getSyncRequestParams() LOCAL, auth=com.android.providers.media.photopicker
07-04 01:15:10.118  1461  3926 D PickerSyncController:    Latest ID/Gen=4eb8212abf423e75:external_primary/591
07-04 01:15:10.118  1461  3926 D PickerSyncController:    Cached ID/Gen=4eb8212abf423e75:external_primary/575
07-04 01:15:10.118  1461  3926 D PickerSyncController:    RESULT=SyncRequestParams{type=MEDIA_INCREMENTAL, gen=575, latest=Bundle[{last_media_sync_generation=591, media_collection_id=4eb8212abf423e75:external_primary}], pageSize=1000}
07-04 01:15:10.118  1461  3926 I PickerSyncController: Executing SyncAdd. isLocal: true. authority: com.android.providers.media.photopicker
07-04 01:15:10.118  1461  3926 D PickerSyncLockManager: Trying to acquire lock com.android.providers.media.photopicker.sync.CloseableReentrantLock@cec4fdd[Unlocked]. Lock Name = CLOUD_PROVIDER_LOCK. Threads that may be waiting to acquire this lock = [] with timeout.
07-04 01:15:10.118  1461  3926 D CloseableReentrantLock: Successfully acquired lock com.android.providers.media.photopicker.sync.CloseableReentrantLock@cec4fdd[Locked by thread pool-4-thread-1]. Lock Name = CLOUD_PROVIDER_LOCK. Threads that may be waiting to acquire this lock = []
07-04 01:15:10.118  1461  3926 D CloseableReentrantLock: Successfully released lock com.android.providers.media.photopicker.sync.CloseableReentrantLock@cec4fdd[Unlocked]. Lock Name = CLOUD_PROVIDER_LOCK. Threads that may be waiting to acquire this lock = []
07-04 01:15:10.118  1461  3926 D ExternalDbFacade: Token received for queryMedia = null
07-04 01:15:10.119  1461  3926 D PickerSyncLockManager: Trying to acquire lock com.android.providers.media.photopicker.sync.CloseableReentrantLock@cec4fdd[Unlocked]. Lock Name = CLOUD_PROVIDER_LOCK. Threads that may be waiting to acquire this lock = [] with timeout.
07-04 01:15:10.119  1461  3926 D CloseableReentrantLock: Successfully acquired lock com.android.providers.media.photopicker.sync.CloseableReentrantLock@cec4fdd[Locked by thread pool-4-thread-1]. Lock Name = CLOUD_PROVIDER_LOCK. Threads that may be waiting to acquire this lock = []
07-04 01:15:10.119  1461  3926 D PickerSyncController: Clearing next page token for key: local_provider:media_add:resume
07-04 01:15:10.120  1461  3926 D CloseableReentrantLock: Successfully released lock com.android.providers.media.photopicker.sync.CloseableReentrantLock@cec4fdd[Unlocked]. Lock Name = CLOUD_PROVIDER_LOCK. Threads that may be waiting to acquire this lock = []
07-04 01:15:10.120  1461  3926 D PickerNotificationSender: Sending a notification for media update
07-04 01:15:10.120  1461  3926 D PickerNotificationSender: Sending a notification for merged album media update Favorites
07-04 01:15:10.120  1461  3926 D PickerNotificationSender: Sending a notification for album media update Favorites
07-04 01:15:10.121  1461  3926 D PickerNotificationSender: Sending a notification for merged album media update Videos
07-04 01:15:10.122  1461  3926 D PickerNotificationSender: Sending a notification for album media update Videos
07-04 01:15:10.139  1461  3926 I PickerSyncController: Paged sync successful. QueryArgs: Bundle[{android.provider.extra.SYNC_GENERATION=575, android.provider.extra.PAGE_SIZE=1000}] Total Rows: 0
07-04 01:15:10.139  1461  3926 I PickerSyncController: Executing SyncRemove. isLocal: true. authority: com.android.providers.media.photopicker
07-04 01:15:10.142  1461  3926 D PickerSyncLockManager: Trying to acquire lock com.android.providers.media.photopicker.sync.CloseableReentrantLock@cec4fdd[Unlocked]. Lock Name = CLOUD_PROVIDER_LOCK. Threads that may be waiting to acquire this lock = [] with timeout.
07-04 01:15:10.142  1461  3926 D CloseableReentrantLock: Successfully acquired lock com.android.providers.media.photopicker.sync.CloseableReentrantLock@cec4fdd[Locked by thread pool-4-thread-1]. Lock Name = CLOUD_PROVIDER_LOCK. Threads that may be waiting to acquire this lock = []
07-04 01:15:10.142  1461  3926 D CloseableReentrantLock: Successfully released lock com.android.providers.media.photopicker.sync.CloseableReentrantLock@cec4fdd[Unlocked]. Lock Name = CLOUD_PROVIDER_LOCK. Threads that may be waiting to acquire this lock = []
07-04 01:15:10.144  1461  3926 E PickerDbFacade: Could not get first date taken millis for media id: 72
07-04 01:15:10.145  1461  3926 W PickerDbFacade: Unable to promote cloud media with localId: 72
07-04 01:15:10.145  1461  3926 D PickerSyncLockManager: Trying to acquire lock com.android.providers.media.photopicker.sync.CloseableReentrantLock@cec4fdd[Unlocked]. Lock Name = CLOUD_PROVIDER_LOCK. Threads that may be waiting to acquire this lock = [] with timeout.
07-04 01:15:10.145  1461  3926 D CloseableReentrantLock: Successfully acquired lock com.android.providers.media.photopicker.sync.CloseableReentrantLock@cec4fdd[Locked by thread pool-4-thread-1]. Lock Name = CLOUD_PROVIDER_LOCK. Threads that may be waiting to acquire this lock = []
07-04 01:15:10.145  1461  3926 D PickerSyncController: Clearing next page token for key: local_provider:media_remove:resume
07-04 01:15:10.145  1461  3926 D CloseableReentrantLock: Successfully released lock com.android.providers.media.photopicker.sync.CloseableReentrantLock@cec4fdd[Unlocked]. Lock Name = CLOUD_PROVIDER_LOCK. Threads that may be waiting to acquire this lock = []
07-04 01:15:10.145  1461  3926 D PickerNotificationSender: Sending a notification for media update
07-04 01:15:10.147  1461  3926 D PickerNotificationSender: Sending a notification for merged album media update Favorites
07-04 01:15:10.147  1461  3926 D PickerNotificationSender: Sending a notification for album media update Favorites
07-04 01:15:10.149  1461  3926 D PickerNotificationSender: Sending a notification for merged album media update Videos
07-04 01:15:10.149  1461  3926 D PickerNotificationSender: Sending a notification for album media update Videos
07-04 01:15:10.151  1461  3926 I PickerSyncController: Paged sync successful. QueryArgs: Bundle[{android.provider.extra.SYNC_GENERATION=575, android.provider.extra.PAGE_SIZE=1000}] Total Rows: 0
07-04 01:15:10.151  1461  3926 I PickerSyncTracker: Marked sync future complete for work id: 9fa1f433-fcbb-4693-b7f8-25a36c95d020. Future map: {}
07-04 01:15:10.151  1461  3926 I PSyncWorker: Completed picker proactive sync complete from local provider.
07-04 01:15:10.152  1461  1608 I WM-WorkerWrapper: Worker result SUCCESS for Work [ id=9fa1f433-fcbb-4693-b7f8-25a36c95d020, tags={ com.android.providers.media.photopicker.sync.ProactiveSyncWorker } ]
07-04 01:15:10.152  1461  1461 D WM-Processor: Processor 9fa1f433-fcbb-4693-b7f8-25a36c95d020 executed; reschedule = false
07-04 01:15:10.152  1461  1461 D WM-GreedyScheduler: Stopping tracking for WorkGenerationalId(workSpecId=9fa1f433-fcbb-4693-b7f8-25a36c95d020, generation=0)
07-04 01:15:10.153  1461  1726 W MediaProvider: isAppCloneUserPair for user 0: false
07-04 01:15:10.163  1461  1608 D WM-GreedyScheduler: Cancelling work ID 9fa1f433-fcbb-4693-b7f8-25a36c95d020
07-04 01:15:10.167  1461  1608 D WM-GreedyScheduler: Ignoring {WorkSpec: 4ab35118-0008-4e0e-9667-4896f94f6ee7}. Requires device idle.
07-04 01:15:10.167  1461  1608 D WM-GreedyScheduler: Ignoring {WorkSpec: 5e0a924a-98f8-4d1c-b169-89fa94ec2302}. Requires device idle.
07-04 01:15:10.167  1461  1608 D WM-BrdcstRcvrCnstrntTrc: BatteryNotLowTracker: unregistering receiver
07-04 01:15:10.174  5645  5645 W AccessibilityNodeInfoDumper: Fetch time: 26ms
07-04 01:15:10.186   708   724 V AccessibilityManagerService: onUserStateChangedLocked for userId: 0, forceUpdate: false
07-04 01:15:10.187   708   724 W MagnificationConnectionManager: requestConnection duplicated request: connect=false, mConnectionState=DISCONNECTED
07-04 01:15:10.187   708   724 D AccessibilityManagerService: restoreCurrentUserForTestAutomationIfNeededLocked(): ignoring because device doesn't support visible background users
07-04 01:15:10.188   708   708 W IPCThreadState: Sending oneway calls to frozen process.
07-04 01:15:10.188   708   708 W IPCThreadState: Sending oneway calls to frozen process.
07-04 01:15:10.188   708   708 W IPCThreadState: Sending oneway calls to frozen process.
07-04 01:15:10.188   708   708 W IPCThreadState: Sending oneway calls to frozen process.
07-04 01:15:10.188   708   708 W IPCThreadState: Sending oneway calls to frozen process.
07-04 01:15:10.188   708   708 W IPCThreadState: Sending oneway calls to frozen process.
07-04 01:15:10.193   708   708 W IPCThreadState: Sending oneway calls to frozen process.
07-04 01:15:10.194   708   708 W IPCThreadState: Sending oneway calls to frozen process.
07-04 01:15:10.194   708   708 W IPCThreadState: Sending oneway calls to frozen process.
07-04 01:15:10.194   708   708 W IPCThreadState: Sending oneway calls to frozen process.
07-04 01:15:10.194   708   708 W IPCThreadState: Sending oneway calls to frozen process.
07-04 01:15:10.194   708   708 W IPCThreadState: Sending oneway calls to frozen process.
07-04 01:15:10.194   708   708 W IPCThreadState: Sending oneway calls to frozen process.
07-04 01:15:10.194   708   708 W IPCThreadState: Sending oneway calls to frozen process.
07-04 01:15:10.194   708   708 W IPCThreadState: Sending oneway calls to frozen process.
07-04 01:15:10.194   708   708 W IPCThreadState: Sending oneway calls to frozen process.
07-04 01:15:10.194   708   708 W IPCThreadState: Sending oneway calls to frozen process.
07-04 01:15:10.194   708   708 W IPCThreadState: Sending oneway calls to frozen process.
07-04 01:15:10.194   708   708 W IPCThreadState: Sending oneway calls to frozen process.
07-04 01:15:10.194   708   708 W IPCThreadState: Sending oneway calls to frozen process.
07-04 01:15:10.195   708   708 W IPCThreadState: Sending oneway calls to frozen process.
07-04 01:15:10.196   708   708 D BatterySaverPolicy: accessibility changed to false, updating policy.
07-04 01:15:10.203  5645  5645 D AndroidRuntime: Shutting down VM
07-04 01:15:10.203  5645  5654 W IPCThreadState: call to talkWithDriver in joinThreadPool returned error: -9 (Bad file descriptor), FD: -1
07-04 01:15:10.204  5645  5655 W IPCThreadState: call to talkWithDriver in joinThreadPool returned error: -9 (Bad file descriptor), FD: -1
07-04 01:15:10.204  5645  5658 W IPCThreadState: call to talkWithDriver in joinThreadPool returned error: -9 (Bad file descriptor), FD: -1
07-04 01:15:10.209  1512  2141 I AiAiEcho: Settings changed for uri: content://settings/secure/accessibility_enabled
