07-04 04:38:31.660 21087 21087 I AconfigPackage: com.android.providers.calendar is mapped to system
07-04 04:38:31.661 21087 21087 I AconfigPackage: com.android.server.power.feature.flags is mapped to system
07-04 04:38:31.661 21087 21087 I AconfigPackage: com.android.media.performance.flags is mapped to system
07-04 04:38:31.661 21087 21087 I AconfigPackage: android.app.contextualsearch.flags is mapped to system
07-04 04:38:31.661 21087 21087 I AconfigPackage: android.app.ondeviceintelligence.flags is mapped to system
07-04 04:38:31.661 21087 21087 I AconfigPackage: com.android.media.projection.flags is mapped to system
07-04 04:38:31.661 21087 21087 I AconfigPackage: android.companion is mapped to system
07-04 04:38:31.661 21087 21087 I AconfigPackage: android.service.controls.flags is mapped to system
07-04 04:38:31.661 21087 21087 I AconfigPackage: com.android.text.flags is mapped to system
07-04 04:38:31.661 21087 21087 I AconfigPackage: com.android.providers.contactkeys.flags is mapped to system
07-04 04:38:31.661 21087 21087 I AconfigPackage: com.android.intentresolver is mapped to system
07-04 04:38:31.661 21087 21087 I AconfigPackage: android.companion.virtualdevice.flags is mapped to system
07-04 04:38:31.661 21087 21087 I AconfigPackage: android.uprobestats.flags is mapped to system
07-04 04:38:31.661 21087 21087 I AconfigPackage: com.android.net.thread.platform.flags is mapped to system
07-04 04:38:31.661 21087 21087 I AconfigPackage: android.view.contentprotection.flags is mapped to system
07-04 04:38:31.661 21087 21087 I AconfigPackage: com.android.server.dreams is mapped to system
07-04 04:38:31.661 21087 21087 I AconfigPackage: com.android.graphics.surfaceflinger.flags is mapped to system
07-04 04:38:31.661 21087 21087 I AconfigPackage: com.android.hardware.input is mapped to system
07-04 04:38:31.661 21087 21087 I AconfigPackage: android.sdk is mapped to system
07-04 04:38:31.661 21087 21087 I AconfigPackage: com.android.input.flags is mapped to system
07-04 04:38:31.661 21087 21087 I AconfigPackage: android.tracing is mapped to system
07-04 04:38:31.661 21087 21087 I AconfigPackage: com.android.server.biometrics is mapped to system
07-04 04:38:31.661 21087 21087 I AconfigPackage: android.view.contentcapture.flags is mapped to system
07-04 04:38:31.661 21087 21087 I AconfigPackage: android.app.job is mapped to system
07-04 04:38:31.661 21087 21087 I AconfigPackage: android.content.res is mapped to system
07-04 04:38:31.661 21087 21087 I AconfigPackage: android.net.platform.flags is mapped to system
07-04 04:38:31.661 21087 21087 I AconfigPackage: com.android.aconfig.flags is mapped to system
07-04 04:38:31.661 21087 21087 I AconfigPackage: com.android.graphics.flags is mapped to system
07-04 04:38:31.661 21087 21087 I AconfigPackage: android.server.app is mapped to system
07-04 04:38:31.661 21087 21087 I AconfigPackage: android.speech.flags is mapped to system
07-04 04:38:31.661 21087 21087 I AconfigPackage: com.android.server.stats is mapped to system
07-04 04:38:31.661 21087 21087 I AconfigPackage: android.hardware.biometrics is mapped to system
07-04 04:38:31.661 21087 21087 I AconfigPackage: android.car.feature is mapped to system
07-04 04:38:31.661 21087 21087 I AconfigPackage: android.adpf is mapped to system
07-04 04:38:31.661 21087 21087 I AconfigPackage: android.location.flags is mapped to system
07-04 04:38:31.661 21087 21087 I AconfigPackage: com.android.settingslib.flags is mapped to system
07-04 04:38:31.661 21087 21087 I AconfigPackage: com.android.managedprovisioning.flags is mapped to system
07-04 04:38:31.661 21087 21087 I AconfigPackage: android.app.assist.flags is mapped to system
07-04 04:38:31.661 21087 21087 I AconfigPackage: com.android.server.net is mapped to system
07-04 04:38:31.661 21087 21087 I AconfigPackage: com.android.settingslib.widget.flags is mapped to system
07-04 04:38:31.661 21087 21087 I AconfigPackage: com.android.internal.camera.flags is mapped to system
07-04 04:38:31.661 21087 21087 I AconfigPackage: com.android.hardware.libsensor.flags is mapped to system
07-04 04:38:31.661 21087 21087 I AconfigPackage: com.android.internal.jank is mapped to system
07-04 04:38:31.661 21087 21087 I AconfigPackage: com.android.providers.settings is mapped to system
07-04 04:38:31.661 21087 21087 I AconfigPackage: android.multiuser is mapped to system
07-04 04:38:31.661 21087 21087 I AconfigPackage: com.android.server.power.optimization is mapped to system
07-04 04:38:31.661 21087 21087 I AconfigPackage: com.android.calllogbackup is mapped to system
07-04 04:38:31.661 21087 21087 I AconfigPackage: com.android.media.flags is mapped to system
07-04 04:38:31.661 21087 21087 I AconfigPackage: com.android.server.flags is mapped to system
07-04 04:38:31.661 21087 21087 I AconfigPackage: com.android.graphics.libvulkan.flags is mapped to system
07-04 04:38:31.661 21087 21087 I AconfigPackage: android.app.appfunctions.flags is mapped to system
07-04 04:38:31.661 21087 21087 I AconfigPackage: android.app.smartspace.flags is mapped to system
07-04 04:38:31.661 21087 21087 I AconfigPackage: com.android.providers.contacts.flags is mapped to system
07-04 04:38:31.661 21087 21087 I AconfigPackage: com.android.shell.flags is mapped to system
07-04 04:38:31.661 21087 21087 I AconfigPackage: com.android.media.aaudio is mapped to system
07-04 04:38:31.661 21087 21087 I AconfigPackage: android.hardware.radio is mapped to system
07-04 04:38:31.661 21087 21087 I AconfigPackage: com.google.wear.services.infra.flags is mapped to system
07-04 04:38:31.661 21087 21087 I AconfigPackage: suspend_service.flags is mapped to system
07-04 04:38:31.661 21087 21087 I AconfigPackage: android.media.midi is mapped to system
07-04 04:38:31.661 21087 21087 I AconfigPackage: com.android.libcore.readonly is mapped to system
07-04 04:38:31.661 21087 21087 I AconfigPackage: com.android.settingslib.widget.selectorwithwidgetpreference.flags is mapped to system
07-04 04:38:31.661 21087 21087 I AconfigPackage: android.service.notification is mapped to system
07-04 04:38:31.662 21087 21087 I AconfigPackage: com.android.systemui.shared is mapped to system
07-04 04:38:31.662 21087 21087 I AconfigPackage: android.app.jank is mapped to system
07-04 04:38:31.662 21087 21087 I AconfigPackage: android.app.wearable is mapped to system
07-04 04:38:31.662 21087 21087 I AconfigPackage: com.android.media.audio is mapped to system
07-04 04:38:31.662 21087 21087 I AconfigPackage: android.service.chooser is mapped to system
07-04 04:38:31.662 21087 21087 I AconfigPackage: com.android.server.compat is mapped to system
07-04 04:38:31.662 21087 21087 I AconfigPackage: com.android.server.alarm is mapped to system
07-04 04:38:31.662 21087 21087 I AconfigPackage: com.android.apex.flags is mapped to system
07-04 04:38:31.662 21087 21087 I AconfigPackage: android.service.quickaccesswallet is mapped to system
07-04 04:38:31.662 21087 21087 I AconfigPackage: android.app.usage is mapped to system
07-04 04:38:31.662 21087 21087 I AconfigPackage: com.android.server.accessibility is mapped to system
07-04 04:38:31.662 21087 21087 I AconfigPackage: android.app.supervision.flags is mapped to system
07-04 04:38:31.662 21087 21087 I AconfigPackage: com.android.server.utils is mapped to system
07-04 04:38:31.662 21087 21087 I AconfigPackage: android.chre.flags is mapped to system
07-04 04:38:31.662 21087 21087 I AconfigPackage: android.content.flags is mapped to system
07-04 04:38:31.662 21087 21087 I AconfigPackage: android.media.codec is mapped to system
07-04 04:38:31.662 21087 21087 I AconfigPackage: com.android.internal.os is mapped to system
07-04 04:38:31.662 21087 21087 I AconfigPackage: com.android.nfc.nci.flags is mapped to system
07-04 04:38:31.662 21087 21087 I AconfigPackage: android.app is mapped to system
07-04 04:38:31.662 21087 21087 I AconfigPackage: android.security.keystore2 is mapped to system
07-04 04:38:31.662 21087 21087 I AconfigPackage: android.crashrecovery.flags is mapped to system
07-04 04:38:31.662 21087 21087 I AconfigPackage: com.android.tradeinmode.flags is mapped to system
07-04 04:38:31.662 21087 21087 I AconfigPackage: android.hardware.flags is mapped to system
07-04 04:38:31.662 21087 21087 I AconfigPackage: com.android.server.telecom.flags is mapped to system
07-04 04:38:31.662 21087 21087 I AconfigPackage: com.android.settingslib.media.flags is mapped to system
07-04 04:38:31.662 21087 21087 I AconfigPackage: com.android.server.policy is mapped to system
07-04 04:38:31.662 21087 21087 I AconfigPackage: android.media.audiopolicy is mapped to system
07-04 04:38:31.662 21087 21087 I AconfigPackage: com.android.egg.flags is mapped to system
07-04 04:38:31.662 21087 21087 I AconfigPackage: com.android.internal.compat.flags is mapped to system
07-04 04:38:31.662 21087 21087 I AconfigPackage: android.security is mapped to system
07-04 04:38:31.662 21087 21087 I AconfigPackage: android.service.autofill is mapped to system
07-04 04:38:31.662 21087 21087 I AconfigPackage: com.example.android.aconfig.demo.flags is mapped to system
07-04 04:38:31.662 21087 21087 I AconfigPackage: android.view.flags is mapped to system
07-04 04:38:31.662 21087 21087 I AconfigPackage: android.companion.virtual.flags is mapped to system
07-04 04:38:31.662 21087 21087 I AconfigPackage: com.android.aconfig_new_storage is mapped to system
07-04 04:38:31.662 21087 21087 I AconfigPackage: com.android.server.feature.flags is mapped to system
07-04 04:38:31.662 21087 21087 I AconfigPackage: com.android.systemui is mapped to system
07-04 04:38:31.662 21087 21087 I AconfigPackage: com.android.server.power.batterysaver is mapped to system
07-04 04:38:31.662 21087 21087 I AconfigPackage: android.widget.flags is mapped to system
07-04 04:38:31.662 21087 21087 I AconfigPackage: com.android.media.editing.flags is mapped to system
07-04 04:38:31.662 21087 21087 I AconfigPackage: com.android.media.codec.flags is mapped to system
07-04 04:38:31.662 21087 21087 I AconfigPackage: com.android.server.powerstats is mapped to system
07-04 04:38:31.662 21087 21087 I AconfigPackage: com.android.graphics.egl.flags is mapped to system
07-04 04:38:31.662 21087 21087 I AconfigPackage: com.android.media.audioserver is mapped to system
07-04 04:38:31.663 21087 21087 I AconfigPackage: com.android.server.deviceidle is mapped to system
07-04 04:38:31.663 21087 21087 I AconfigPackage: android.nfc is mapped to system
07-04 04:38:31.663 21087 21087 I AconfigPackage: android.permission.flags is mapped to system
07-04 04:38:31.663 21087 21087 I AconfigPackage: android.service.voice.flags is mapped to system
07-04 04:38:31.663 21087 21087 I AconfigPackage: android.content.pm is mapped to system
07-04 04:38:31.663 21087 21087 I AconfigPackage: com.android.server.power.hint is mapped to system
07-04 04:38:31.664 21087 21087 I AconfigPackage: android.os is mapped to system
07-04 04:38:31.664 21087 21087 I AconfigPackage: android.service.dreams is mapped to system
07-04 04:38:31.664 21087 21087 I AconfigPackage: com.android.graphics.libgui.flags is mapped to system
07-04 04:38:31.664 21087 21087 I AconfigPackage: android.hardware.usb.flags is mapped to system
07-04 04:38:31.664 21087 21087 I AconfigPackage: android.provider is mapped to system
07-04 04:38:31.664 21087 21087 I AconfigPackage: com.android.server.job is mapped to system
07-04 04:38:31.664 21087 21087 I AconfigPackage: com.android.internal.foldables.flags is mapped to system
07-04 04:38:31.664 21087 21087 I AconfigPackage: com.android.internal.telephony.flags is mapped to system
07-04 04:38:31.664 21087 21087 I AconfigPackage: android.webkit is mapped to system
07-04 04:38:31.664 21087 21087 I AconfigPackage: android.credentials.flags is mapped to system
07-04 04:38:31.664 21087 21087 I AconfigPackage: com.android.server.display.feature.flags is mapped to system
07-04 04:38:31.664 21087 21087 I AconfigPackage: com.android.server.notification is mapped to system
07-04 04:38:31.664 21087 21087 I AconfigPackage: android.appwidget.flags is mapped to system
07-04 04:38:31.664 21087 21087 I AconfigPackage: com.android.frameworks.sensorservice.flags is mapped to system
07-04 04:38:31.664 21087 21087 I AconfigPackage: com.android.printspooler.flags is mapped to system
07-04 04:38:31.664 21087 21087 I AconfigPackage: com.android.window.flags is mapped to system
07-04 04:38:31.664 21087 21087 I AconfigPackage: android.adaptiveauth is mapped to system
07-04 04:38:31.664 21087 21087 I AconfigPackage: android.net.wifi.flags is mapped to system
07-04 04:38:31.664 21087 21087 I AconfigPackage: android.media.tv.flags is mapped to system
07-04 04:38:31.664 21087 21087 I AconfigPackage: com.android.server.usb.flags is mapped to system
07-04 04:38:31.664 21087 21087 I AconfigPackage: android.os.vibrator is mapped to system
07-04 04:38:31.664 21087 21087 I AconfigPackage: android.hardware.devicestate.feature.flags is mapped to system
07-04 04:38:31.664 21087 21087 I AconfigPackage: com.android.server.usage is mapped to system
07-04 04:38:31.664 21087 21087 I AconfigPackage: android.server is mapped to system
07-04 04:38:31.664 21087 21087 I AconfigPackage: com.android.wm.shell is mapped to system
07-04 04:38:31.664 21087 21087 I AconfigPackage: android.view.inputmethod is mapped to system
07-04 04:38:31.664 21087 21087 I AconfigPackage: com.android.graphics.hwui.flags is mapped to system
07-04 04:38:31.664 21087 21087 I AconfigPackage: com.android.server.backup is mapped to system
07-04 04:38:31.664 21087 21087 I AconfigPackage: com.android.internal.pm.pkg.component.flags is mapped to system
07-04 04:38:31.664 21087 21087 I AconfigPackage: android.view.accessibility is mapped to system
07-04 04:38:31.664 21087 21087 I AconfigPackage: com.google.wear.sdk is mapped to system
07-04 04:38:31.664 21087 21087 I AconfigPackage: android.media.audio is mapped to system
07-04 04:38:31.664 21087 21087 I AconfigPackage: com.android.server.am is mapped to system
07-04 04:38:31.664 21087 21087 I AconfigPackage: com.android.media.playback.flags is mapped to system
07-04 04:38:31.664 21087 21087 I AconfigPackage: com.android.art.flags is mapped to com.android.art
07-04 04:38:31.664 21087 21087 I AconfigPackage: com.android.libcore is mapped to com.android.art
07-04 04:38:31.664 21087 21087 I AconfigPackage: com.android.media.extractor.flags is mapped to com.android.media
07-04 04:38:31.664 21087 21087 I AconfigPackage: com.android.media.mainline.flags is mapped to com.android.media
07-04 04:38:31.664 21087 21087 I AconfigPackage: com.android.wifi.flags is mapped to com.android.wifi
07-04 04:38:31.664 21087 21087 I AconfigPackage: com.android.org.conscrypt.flags is mapped to com.android.conscrypt
07-04 04:38:31.664 21087 21087 I AconfigPackage: com.android.healthfitness.flags is mapped to com.android.healthfitness
07-04 04:38:31.664 21087 21087 I AconfigPackage: com.google.android.input.twoshay.flags is mapped to vendor
07-04 04:38:31.664 21087 21087 I AconfigPackage: libgooglecamerahal.flags is mapped to vendor
07-04 04:38:31.664 21087 21087 I AconfigPackage: com.android.ipsec.flags is mapped to com.android.ipsec
07-04 04:38:31.664 21087 21087 I AconfigPackage: com.android.nfc.module.flags is mapped to com.android.nfcservices
07-04 04:38:31.664 21087 21087 I AconfigPackage: com.android.adservices.ondevicepersonalization.flags is mapped to com.android.ondevicepersonalization
07-04 04:38:31.664 21087 21087 I AconfigPackage: com.android.bluetooth.flags is mapped to com.android.bt
07-04 04:38:31.664 21087 21087 I AconfigPackage: com.android.devicelock.flags is mapped to com.android.devicelock
07-04 04:38:31.664 21087 21087 I AconfigPackage: android.os.profiling is mapped to com.android.profiling
07-04 04:38:31.665 21087 21087 I AconfigPackage: com.android.os.statsd.flags is mapped to com.android.os.statsd
07-04 04:38:31.665 21087 21087 I AconfigPackage: com.android.cellbroadcastreceiver.flags is mapped to com.android.cellbroadcast
07-04 04:38:31.665 21087 21087 I AconfigPackage: com.android.adservices.flags is mapped to com.android.adservices
07-04 04:38:31.665 21087 21087 I AconfigPackage: com.android.sdksandbox.flags is mapped to com.android.adservices
07-04 04:38:31.665 21087 21087 I AconfigPackage: com.android.uwb.flags is mapped to com.android.uwb
07-04 04:38:31.665 21087 21087 I AconfigPackage: com.android.ranging.flags is mapped to com.android.uwb
07-04 04:38:31.665 21087 21087 I AconfigPackage: android.graphics.pdf.flags is mapped to com.android.mediaprovider
07-04 04:38:31.665 21087 21087 I AconfigPackage: com.android.providers.media.flags is mapped to com.android.mediaprovider
07-04 04:38:31.665 21087 21087 I AconfigPackage: android.graphics.pdf.flags.readonly is mapped to com.android.mediaprovider
07-04 04:38:31.665 21087 21087 I AconfigPackage: com.android.net.ct.flags is mapped to com.android.tethering
07-04 04:38:31.665 21087 21087 I AconfigPackage: com.android.net.flags is mapped to com.android.tethering
07-04 04:38:31.665 21087 21087 I AconfigPackage: android.net.vcn is mapped to com.android.tethering
07-04 04:38:31.665 21087 21087 I AconfigPackage: com.android.nearby.flags is mapped to com.android.tethering
07-04 04:38:31.665 21087 21087 I AconfigPackage: android.net.http is mapped to com.android.tethering
07-04 04:38:31.665 21087 21087 I AconfigPackage: com.android.net.thread.flags is mapped to com.android.tethering
07-04 04:38:31.665 21087 21087 I AconfigPackage: com.android.system.virtualmachine.flags is mapped to com.android.virt
07-04 04:38:31.665 21087 21087 E FeatureFlagsImplExport: android.os.flagging.AconfigStorageReadException: ERROR_PACKAGE_NOT_FOUND: package android.xr cannot be found on the device
07-04 04:38:31.670 21087 21087 D UiAutomationConnection: Created on user UserHandle{0}
07-04 04:38:31.670 21087 21087 I UiAutomation: Initialized for user 0 on display 0
07-04 04:38:31.670 21087 21087 W UiAutomation: Created with deprecatead constructor, assumes DEFAULT_DISPLAY
07-04 04:38:31.671   708  1560 D AccessibilityManagerService: changeCurrentUserForTestAutomationIfNeededLocked(0): ignoring because device doesn't support visible background users
07-04 04:38:31.671   708  1560 I UiAutomationManager: Registering UiTestAutomationService (id=com.android.server.accessibility/UiAutomation, flags=0x0) when called by user 0
07-04 04:38:31.671   708  1560 V AccessibilityManagerService: onUserStateChangedLocked for userId: 0, forceUpdate: false
07-04 04:38:31.672   708  1560 W MagnificationConnectionManager: requestConnection duplicated request: connect=false, mConnectionState=DISCONNECTED
07-04 04:38:31.674  1512  2227 I AiAiEcho: Settings changed for uri: content://settings/secure/accessibility_enabled
07-04 04:38:31.674  1512  2024 I AiAiEcho: Predicting[0]:  [CONTEXT sampling_count=5 ]
07-04 04:38:31.675   708   708 W IPCThreadState: Sending oneway calls to frozen process.
07-04 04:38:31.675  1512  2024 I AiAiEcho: EchoTargets: 
07-04 04:38:31.675  1512  2024 I AiAiEcho: Filtered by AiAi flag check: 
07-04 04:38:31.675  1512  2024 I AiAiEcho: [CONTEXT ratelimit_period="10 SECONDS" ]
07-04 04:38:31.675  1512  2024 I AiAiEcho: #remoteViewsTwiddler: feature disabled.
07-04 04:38:31.675   708   708 W IPCThreadState: Sending oneway calls to frozen process.
07-04 04:38:31.675   708   708 W IPCThreadState: Sending oneway calls to frozen process.
07-04 04:38:31.675   708   708 W IPCThreadState: Sending oneway calls to frozen process.
07-04 04:38:31.675   708   708 W IPCThreadState: Sending oneway calls to frozen process.
07-04 04:38:31.675   708   708 W IPCThreadState: Sending oneway calls to frozen process.
07-04 04:38:31.675  1512  2024 I AiAiEcho: Predicting[0]:  [CONTEXT sampling_count=5 ]
07-04 04:38:31.678  1512  2024 I AiAiEcho: EchoTargets: 
07-04 04:38:31.678  1512  2024 I AiAiEcho: Filtered by AiAi flag check: 
07-04 04:38:31.678  1512  2024 I AiAiEcho: [CONTEXT ratelimit_period="10 SECONDS" ]
07-04 04:38:31.678 21087 21098 V UiAutomation: Init UiAutomation@1589fa7[id=424, displayId=0, flags=0]
07-04 04:38:31.678   708   708 W IPCThreadState: Sending oneway calls to frozen process.
07-04 04:38:31.678   708   708 W IPCThreadState: Sending oneway calls to frozen process.
07-04 04:38:31.678  1512  2024 I AiAiEcho: #remoteViewsTwiddler: feature disabled.
07-04 04:38:31.678   708   708 W IPCThreadState: Sending oneway calls to frozen process.
07-04 04:38:31.678   708   708 W IPCThreadState: Sending oneway calls to frozen process.
07-04 04:38:31.678   708   708 W IPCThreadState: Sending oneway calls to frozen process.
07-04 04:38:31.679   708   708 W IPCThreadState: Sending oneway calls to frozen process.
07-04 04:38:31.679   708   708 W IPCThreadState: Sending oneway calls to frozen process.
07-04 04:38:31.679   708   708 W IPCThreadState: Sending oneway calls to frozen process.
07-04 04:38:31.679  1512  2024 I AiAiEcho: #postPredictionTargets: Sending updates to UISurface home with targets# 0 (types=[])
07-04 04:38:31.680  1512  2024 I AiAiEcho: #postPredictionTargets: Sending updates to UISurface lockscreen with targets# 0 (types=[])
07-04 04:38:31.680   708  1051 V AccessibilityManagerService: onUserStateChangedLocked for userId: 0, forceUpdate: false
07-04 04:38:31.662     0     0 I binder_alloc: 2547: pid 708 spamming oneway? 3519 buffers allocated for a total size of 474392
07-04 04:38:31.683   708   708 W IPCThreadState: Sending oneway calls to frozen process.
07-04 04:38:31.666     0     0 I binder_alloc: 2547: pid 708 spamming oneway? 3520 buffers allocated for a total size of 474528
07-04 04:38:31.685   708  1051 W MagnificationConnectionManager: requestConnection duplicated request: connect=false, mConnectionState=DISCONNECTED
07-04 04:38:31.685   708   708 W IPCThreadState: Sending oneway calls to frozen process.
07-04 04:38:31.687   708   708 W IPCThreadState: Sending oneway calls to frozen process.
07-04 04:38:31.687   708   708 W IPCThreadState: Sending oneway calls to frozen process.
07-04 04:38:31.687   708   708 W IPCThreadState: Sending oneway calls to frozen process.
07-04 04:38:31.687   708   708 W IPCThreadState: Sending oneway calls to frozen process.
07-04 04:38:31.687   708   708 W IPCThreadState: Sending oneway calls to frozen process.
07-04 04:38:31.687   708   708 W IPCThreadState: Sending oneway calls to frozen process.
07-04 04:38:31.692  1512  2757 I AiAiEcho: Settings changed for uri: content://settings/secure/accessibility_enabled
07-04 04:38:31.693   708   708 W IPCThreadState: Sending oneway calls to frozen process.
07-04 04:38:31.695   708   708 W IPCThreadState: Sending oneway calls to frozen process.
07-04 04:38:31.695   708   708 W IPCThreadState: Sending oneway calls to frozen process.
07-04 04:38:31.695   708   708 W IPCThreadState: Sending oneway calls to frozen process.
07-04 04:38:31.695   708   708 W IPCThreadState: Sending oneway calls to frozen process.
07-04 04:38:31.695   708   708 W IPCThreadState: Sending oneway calls to frozen process.
07-04 04:38:31.695   708   708 W IPCThreadState: Sending oneway calls to frozen process.
07-04 04:38:31.695   708   708 W IPCThreadState: Sending oneway calls to frozen process.
07-04 04:38:31.698  1512  2024 I AiAiEcho: Predicting[0]:  [CONTEXT sampling_count=5 ]
07-04 04:38:31.698  1512  2024 I AiAiEcho: EchoTargets: 
07-04 04:38:31.698  1512  2024 I AiAiEcho: Filtered by AiAi flag check: 
07-04 04:38:31.698  1512  2024 I AiAiEcho: [CONTEXT ratelimit_period="10 SECONDS" ]
07-04 04:38:31.698  1512  2024 I AiAiEcho: #remoteViewsTwiddler: feature disabled.
07-04 04:38:31.698  1512  2024 I AiAiEcho: Predicting[0]:  [CONTEXT sampling_count=5 ]
07-04 04:38:31.698  1512  2024 I AiAiEcho: EchoTargets: 
07-04 04:38:31.698  1512  2024 I AiAiEcho: Filtered by AiAi flag check: 
07-04 04:38:31.698  1512  2024 I AiAiEcho: [CONTEXT ratelimit_period="10 SECONDS" ]
07-04 04:38:31.698  1512  2024 I AiAiEcho: #remoteViewsTwiddler: feature disabled.
07-04 04:38:31.698  1512  2024 I AiAiEcho: #postPredictionTargets: Sending updates to UISurface home with targets# 0 (types=[])
07-04 04:38:31.698  1512  2024 I AiAiEcho: #postPredictionTargets: Sending updates to UISurface lockscreen with targets# 0 (types=[])
07-04 04:38:31.674     0     0 I binder_alloc: 2547: pid 708 spamming oneway? 3521 buffers allocated for a total size of 474664
07-04 04:38:31.682     0     0 I binder_alloc: 2547: pid 708 spamming oneway? 3522 buffers allocated for a total size of 474800
07-04 04:38:31.708   708   708 W IPCThreadState: Sending oneway calls to frozen process.
07-04 04:38:31.709   708   708 W IPCThreadState: Sending oneway calls to frozen process.
07-04 04:38:31.709   708   708 W IPCThreadState: Sending oneway calls to frozen process.
07-04 04:38:31.709   708   708 W IPCThreadState: Sending oneway calls to frozen process.
07-04 04:38:31.710   708   708 W IPCThreadState: Sending oneway calls to frozen process.
07-04 04:38:31.710   708   708 W IPCThreadState: Sending oneway calls to frozen process.
07-04 04:38:31.710   708   708 W IPCThreadState: Sending oneway calls to frozen process.
07-04 04:38:31.710   708   708 W IPCThreadState: Sending oneway calls to frozen process.
07-04 04:38:31.713  1096  1096 D SsBaseTemplateCard: No text view can be set up
07-04 04:38:31.713   962   962 W PageIndicator: Total number of pages invalid: 0. Assuming 1 page.
07-04 04:38:31.713  1096  1096 D SsBaseTemplateCard: Passed-in item info is null
07-04 04:38:31.713  1096  1096 D SsBaseTemplateCard: Passed-in item info is null
07-04 04:38:31.713  1096  1096 D SsBaseTemplateCard: Passed-in item info is null
07-04 04:38:31.713  1096  1096 I SsBaseTemplateCard: Secondary card pane is null
07-04 04:38:31.713  1096  1096 D SsBaseTemplateCard: No text view can be set up
07-04 04:38:31.713  1096  1096 D SsBaseTemplateCard: Passed-in item info is null
07-04 04:38:31.713  1096  1096 D SsBaseTemplateCard: Passed-in item info is null
07-04 04:38:31.713  1096  1096 D SsBaseTemplateCard: Passed-in item info is null
07-04 04:38:31.713  1096  1096 I SsBaseTemplateCard: Secondary card pane is null
07-04 04:38:31.714   708   708 W IPCThreadState: Sending oneway calls to frozen process.
07-04 04:38:31.698     0     0 I binder_alloc: 2547: pid 708 spamming oneway? 3523 buffers allocated for a total size of 474936
07-04 04:38:31.714   708   708 W IPCThreadState: Sending oneway calls to frozen process.
07-04 04:38:31.714   708   708 D BatterySaverPolicy: accessibility changed to true, updating policy.
07-04 04:38:31.719   962   962 W PageIndicator: Total number of pages invalid: 0. Assuming 1 page.
07-04 04:38:32.563   708  1560 D ActivityManager: sync unfroze 1459 com.google.android.gms for 6
07-04 04:38:32.580  1294 20192 I NetworkScheduler.Stats: Task com.google.android.gms/com.google.android.gms.ipa.base.IpaGcmTaskService started execution. cause:9 exec_start_elapsed_seconds: 13877 [CONTEXT service_id=218 ]
07-04 04:38:32.591  1294 19287 I NetworkScheduler.Stats: Task com.google.android.gms/com.google.android.gms.ipa.base.IpaGcmTaskService finished executing. cause:9 result: 1 elapsed_millis: 29 uptime_millis: 29 exec_start_elapsed_seconds: 13877 [CONTEXT service_id=218 ]
07-04 04:38:32.691  1461  1461 D WM-DelayedWorkTracker: Scheduling work 588e243e-85e3-42f4-9587-ccd6832d7271
07-04 04:38:32.691  1461  1461 D WM-GreedyScheduler: Starting tracking for 588e243e-85e3-42f4-9587-ccd6832d7271
07-04 04:38:32.692  1461  1666 D WM-ConstraintTracker: BatteryNotLowTracker: initial state = true
07-04 04:38:32.692  1461  1666 D WM-BrdcstRcvrCnstrntTrc: BatteryNotLowTracker: registering receiver
07-04 04:38:32.694  1461  1666 D WM-GreedyScheduler: Constraints met: Scheduling work ID WorkGenerationalId(workSpecId=588e243e-85e3-42f4-9587-ccd6832d7271, generation=0)
07-04 04:38:32.695  1461  1666 D WM-Processor: Processor: processing WorkGenerationalId(workSpecId=588e243e-85e3-42f4-9587-ccd6832d7271, generation=0)
07-04 04:38:32.698  1461  1461 D WM-WorkerWrapper: Starting work for com.android.providers.media.photopicker.sync.ProactiveSyncWorker
07-04 04:38:32.699  1461  5227 I PSyncWorker: Starting proactive picker sync from sync source: 1
07-04 04:38:32.699  1461  5227 I PickerSyncTracker: Created new sync future java.util.concurrent.CompletableFuture@f6aeb2f[Not completed, 1 dependents]. Future map: {588e243e-85e3-42f4-9587-ccd6832d7271=java.util.concurrent.CompletableFuture@f6aeb2f[Not completed, 1 dependents]}
07-04 04:38:32.699  1461  5227 D PickerSyncController: syncAllMediaFromProvider() LOCAL, auth=com.android.providers.media.photopicker, retry=true
07-04 04:38:32.699  1461  5227 D PickerSyncController: getSyncRequestParams() LOCAL, auth=com.android.providers.media.photopicker
07-04 04:38:32.702  1461  5227 D PickerSyncController:    Latest ID/Gen=4eb8212abf423e75:external_primary/1727
07-04 04:38:32.702  1461  5227 D PickerSyncController:    Cached ID/Gen=4eb8212abf423e75:external_primary/1715
07-04 04:38:32.702  1461  5227 D PickerSyncController:    RESULT=SyncRequestParams{type=MEDIA_INCREMENTAL, gen=1715, latest=Bundle[{last_media_sync_generation=1727, media_collection_id=4eb8212abf423e75:external_primary}], pageSize=1000}
07-04 04:38:32.702  1461  5227 I PickerSyncController: Executing SyncAdd. isLocal: true. authority: com.android.providers.media.photopicker
07-04 04:38:32.702  1461  5227 D PickerSyncLockManager: Trying to acquire lock com.android.providers.media.photopicker.sync.CloseableReentrantLock@cec4fdd[Unlocked]. Lock Name = CLOUD_PROVIDER_LOCK. Threads that may be waiting to acquire this lock = [] with timeout.
07-04 04:38:32.702  1461  5227 D CloseableReentrantLock: Successfully acquired lock com.android.providers.media.photopicker.sync.CloseableReentrantLock@cec4fdd[Locked by thread pool-4-thread-2]. Lock Name = CLOUD_PROVIDER_LOCK. Threads that may be waiting to acquire this lock = []
07-04 04:38:32.702  1461  5227 D CloseableReentrantLock: Successfully released lock com.android.providers.media.photopicker.sync.CloseableReentrantLock@cec4fdd[Unlocked]. Lock Name = CLOUD_PROVIDER_LOCK. Threads that may be waiting to acquire this lock = []
07-04 04:38:32.702  1461  5227 D ExternalDbFacade: Token received for queryMedia = null
07-04 04:38:32.703  1461  5227 D PickerSyncLockManager: Trying to acquire lock com.android.providers.media.photopicker.sync.CloseableReentrantLock@cec4fdd[Unlocked]. Lock Name = CLOUD_PROVIDER_LOCK. Threads that may be waiting to acquire this lock = [] with timeout.
07-04 04:38:32.703  1461  5227 D CloseableReentrantLock: Successfully acquired lock com.android.providers.media.photopicker.sync.CloseableReentrantLock@cec4fdd[Locked by thread pool-4-thread-2]. Lock Name = CLOUD_PROVIDER_LOCK. Threads that may be waiting to acquire this lock = []
07-04 04:38:32.703  1461  5227 D PickerSyncController: Clearing next page token for key: local_provider:media_add:resume
07-04 04:38:32.703  1461  5227 D CloseableReentrantLock: Successfully released lock com.android.providers.media.photopicker.sync.CloseableReentrantLock@cec4fdd[Unlocked]. Lock Name = CLOUD_PROVIDER_LOCK. Threads that may be waiting to acquire this lock = []
07-04 04:38:32.703  1461  5227 D PickerNotificationSender: Sending a notification for media update
07-04 04:38:32.703  1461  5227 D PickerNotificationSender: Sending a notification for merged album media update Favorites
07-04 04:38:32.703  1461  5227 D PickerNotificationSender: Sending a notification for album media update Favorites
07-04 04:38:32.703  1461  5227 D PickerNotificationSender: Sending a notification for merged album media update Videos
07-04 04:38:32.703  1461  5227 D PickerNotificationSender: Sending a notification for album media update Videos
07-04 04:38:32.703  1461  5227 I PickerSyncController: Paged sync successful. QueryArgs: Bundle[{android.provider.extra.SYNC_GENERATION=1715, android.provider.extra.PAGE_SIZE=1000}] Total Rows: 0
07-04 04:38:32.704  1461  5227 I PickerSyncController: Executing SyncRemove. isLocal: true. authority: com.android.providers.media.photopicker
07-04 04:38:32.704  1461  5227 D PickerSyncLockManager: Trying to acquire lock com.android.providers.media.photopicker.sync.CloseableReentrantLock@cec4fdd[Unlocked]. Lock Name = CLOUD_PROVIDER_LOCK. Threads that may be waiting to acquire this lock = [] with timeout.
07-04 04:38:32.704  1461  5227 D CloseableReentrantLock: Successfully acquired lock com.android.providers.media.photopicker.sync.CloseableReentrantLock@cec4fdd[Locked by thread pool-4-thread-2]. Lock Name = CLOUD_PROVIDER_LOCK. Threads that may be waiting to acquire this lock = []
07-04 04:38:32.704  1461  5227 D CloseableReentrantLock: Successfully released lock com.android.providers.media.photopicker.sync.CloseableReentrantLock@cec4fdd[Unlocked]. Lock Name = CLOUD_PROVIDER_LOCK. Threads that may be waiting to acquire this lock = []
07-04 04:38:32.704  1461  5227 E PickerDbFacade: Could not get first date taken millis for media id: 146
07-04 04:38:32.704  1461  5227 W PickerDbFacade: Unable to promote cloud media with localId: 146
07-04 04:38:32.704  1461  5227 D PickerSyncLockManager: Trying to acquire lock com.android.providers.media.photopicker.sync.CloseableReentrantLock@cec4fdd[Unlocked]. Lock Name = CLOUD_PROVIDER_LOCK. Threads that may be waiting to acquire this lock = [] with timeout.
07-04 04:38:32.704  1461  5227 D CloseableReentrantLock: Successfully acquired lock com.android.providers.media.photopicker.sync.CloseableReentrantLock@cec4fdd[Locked by thread pool-4-thread-2]. Lock Name = CLOUD_PROVIDER_LOCK. Threads that may be waiting to acquire this lock = []
07-04 04:38:32.704  1461  5227 D PickerSyncController: Clearing next page token for key: local_provider:media_remove:resume
07-04 04:38:32.704  1461  5227 D CloseableReentrantLock: Successfully released lock com.android.providers.media.photopicker.sync.CloseableReentrantLock@cec4fdd[Unlocked]. Lock Name = CLOUD_PROVIDER_LOCK. Threads that may be waiting to acquire this lock = []
07-04 04:38:32.704  1461  5227 D PickerNotificationSender: Sending a notification for media update
07-04 04:38:32.704  1461  5227 D PickerNotificationSender: Sending a notification for merged album media update Favorites
07-04 04:38:32.704  1461  5227 D PickerNotificationSender: Sending a notification for album media update Favorites
07-04 04:38:32.704  1461  5227 D PickerNotificationSender: Sending a notification for merged album media update Videos
07-04 04:38:32.704  1461  5227 D PickerNotificationSender: Sending a notification for album media update Videos
07-04 04:38:32.704  1461  5227 I PickerSyncController: Paged sync successful. QueryArgs: Bundle[{android.provider.extra.SYNC_GENERATION=1715, android.provider.extra.PAGE_SIZE=1000}] Total Rows: 0
07-04 04:38:32.704  1461  5227 I PickerSyncTracker: Marked sync future complete for work id: 588e243e-85e3-42f4-9587-ccd6832d7271. Future map: {}
07-04 04:38:32.704  1461  5227 I PSyncWorker: Completed picker proactive sync complete from local provider.
07-04 04:38:32.707  1461  1666 I WM-WorkerWrapper: Worker result SUCCESS for Work [ id=588e243e-85e3-42f4-9587-ccd6832d7271, tags={ com.android.providers.media.photopicker.sync.ProactiveSyncWorker } ]
07-04 04:38:32.709  1461  1461 D WM-Processor: Processor 588e243e-85e3-42f4-9587-ccd6832d7271 executed; reschedule = false
07-04 04:38:32.709  1461  1461 D WM-GreedyScheduler: Stopping tracking for WorkGenerationalId(workSpecId=588e243e-85e3-42f4-9587-ccd6832d7271, generation=0)
07-04 04:38:32.722  1461  1608 D WM-GreedyScheduler: Cancelling work ID 588e243e-85e3-42f4-9587-ccd6832d7271
07-04 04:38:32.725  1461  1608 D WM-GreedyScheduler: Ignoring {WorkSpec: 4ab35118-0008-4e0e-9667-4896f94f6ee7}. Requires device idle.
07-04 04:38:32.725  1461  1608 D WM-GreedyScheduler: Ignoring {WorkSpec: 5e0a924a-98f8-4d1c-b169-89fa94ec2302}. Requires device idle.
07-04 04:38:32.725  1461  1608 D WM-BrdcstRcvrCnstrntTrc: BatteryNotLowTracker: unregistering receiver
07-04 04:38:32.803 21087 21087 W AccessibilityNodeInfoDumper: Fetch time: 1ms
07-04 04:38:32.807   708  1847 V AccessibilityManagerService: onUserStateChangedLocked for userId: 0, forceUpdate: false
07-04 04:38:32.810   708  1847 W MagnificationConnectionManager: requestConnection duplicated request: connect=false, mConnectionState=DISCONNECTED
07-04 04:38:32.810   708  1847 D AccessibilityManagerService: restoreCurrentUserForTestAutomationIfNeededLocked(): ignoring because device doesn't support visible background users
07-04 04:38:32.810  1512  2227 I AiAiEcho: Settings changed for uri: content://settings/secure/accessibility_enabled
07-04 04:38:32.811  1512  2024 I AiAiEcho: Predicting[0]:  [CONTEXT sampling_count=5 ]
07-04 04:38:32.811  1512  2024 I AiAiEcho: EchoTargets: 
07-04 04:38:32.811  1512  2024 I AiAiEcho: Filtered by AiAi flag check: 
07-04 04:38:32.811  1512  2024 I AiAiEcho: [CONTEXT ratelimit_period="10 SECONDS" ]
07-04 04:38:32.812  1512  2024 I AiAiEcho: #remoteViewsTwiddler: feature disabled.
07-04 04:38:32.812  1512  2024 I AiAiEcho: Predicting[0]:  [CONTEXT sampling_count=5 ]
07-04 04:38:32.812  1512  2024 I AiAiEcho: EchoTargets: 
07-04 04:38:32.812  1512  2024 I AiAiEcho: Filtered by AiAi flag check: 
07-04 04:38:32.812  1512  2024 I AiAiEcho: [CONTEXT ratelimit_period="10 SECONDS" ]
07-04 04:38:32.812  1512  2024 I AiAiEcho: #remoteViewsTwiddler: feature disabled.
07-04 04:38:32.812  1512  2024 I AiAiEcho: #postPredictionTargets: Sending updates to UISurface home with targets# 0 (types=[])
07-04 04:38:32.813  1512  2024 I AiAiEcho: #postPredictionTargets: Sending updates to UISurface lockscreen with targets# 0 (types=[])
07-04 04:38:32.814   708   708 W IPCThreadState: Sending oneway calls to frozen process.
07-04 04:38:32.814   708   708 W IPCThreadState: Sending oneway calls to frozen process.
07-04 04:38:32.814   708   708 W IPCThreadState: Sending oneway calls to frozen process.
07-04 04:38:32.814   708   708 W IPCThreadState: Sending oneway calls to frozen process.
07-04 04:38:32.814   708   708 W IPCThreadState: Sending oneway calls to frozen process.
07-04 04:38:32.814   708   708 W IPCThreadState: Sending oneway calls to frozen process.
07-04 04:38:32.801     0     0 I binder_alloc: 2547: pid 708 spamming oneway? 3524 buffers allocated for a total size of 475072
07-04 04:38:32.820 21087 21087 D AndroidRuntime: Shutting down VM
07-04 04:38:32.821   962   962 W PageIndicator: Total number of pages invalid: 0. Assuming 1 page.
07-04 04:38:32.821 21087 21099 W IPCThreadState: call to talkWithDriver in joinThreadPool returned error: -9 (Bad file descriptor), FD: -1
07-04 04:38:32.822 21087 21095 W IPCThreadState: call to talkWithDriver in joinThreadPool returned error: -9 (Bad file descriptor), FD: -1
07-04 04:38:32.822 21087 21096 W IPCThreadState: call to talkWithDriver in joinThreadPool returned error: -9 (Bad file descriptor), FD: -1
07-04 04:38:32.823   708   708 W IPCThreadState: Sending oneway calls to frozen process.
07-04 04:38:32.823  1096  1096 D SsBaseTemplateCard: No text view can be set up
07-04 04:38:32.824   708   708 W IPCThreadState: Sending oneway calls to frozen process.
07-04 04:38:32.824  1096  1096 D SsBaseTemplateCard: Passed-in item info is null
07-04 04:38:32.824  1096  1096 D SsBaseTemplateCard: Passed-in item info is null
07-04 04:38:32.824   708   708 W IPCThreadState: Sending oneway calls to frozen process.
07-04 04:38:32.825  1096  1096 D SsBaseTemplateCard: Passed-in item info is null
07-04 04:38:32.825  1096  1096 I SsBaseTemplateCard: Secondary card pane is null
07-04 04:38:32.825   708   708 W IPCThreadState: Sending oneway calls to frozen process.
07-04 04:38:32.825   708   708 W IPCThreadState: Sending oneway calls to frozen process.
07-04 04:38:32.825   708   708 W IPCThreadState: Sending oneway calls to frozen process.
07-04 04:38:32.825   708   708 W IPCThreadState: Sending oneway calls to frozen process.
07-04 04:38:32.825   708   708 W IPCThreadState: Sending oneway calls to frozen process.
07-04 04:38:32.828   708   708 W IPCThreadState: Sending oneway calls to frozen process.
07-04 04:38:32.828   708   708 W IPCThreadState: Sending oneway calls to frozen process.
07-04 04:38:32.812     0     0 I binder_alloc: 2547: pid 708 spamming oneway? 3525 buffers allocated for a total size of 475208
07-04 04:38:32.831   708   708 W IPCThreadState: Sending oneway calls to frozen process.
07-04 04:38:32.831   708   708 W IPCThreadState: Sending oneway calls to frozen process.
07-04 04:38:32.832   708   708 W IPCThreadState: Sending oneway calls to frozen process.
07-04 04:38:32.832   708   708 W IPCThreadState: Sending oneway calls to frozen process.
07-04 04:38:32.832   708   708 W IPCThreadState: Sending oneway calls to frozen process.
07-04 04:38:32.832   708   708 W IPCThreadState: Sending oneway calls to frozen process.
07-04 04:38:32.837   708   708 W IPCThreadState: Sending oneway calls to frozen process.
07-04 04:38:32.838   708   708 W IPCThreadState: Sending oneway calls to frozen process.
07-04 04:38:32.839   708   708 D BatterySaverPolicy: accessibility changed to false, updating policy.
07-04 04:38:32.820     0     0 I binder_alloc: 2547: pid 708 spamming oneway? 3526 buffers allocated for a total size of 475344
07-04 04:38:33.117   962  1065 E FrameTracker: force finish cuj, time out: J<DEFAULT_TASK_TO_TASK_ANIMATION>
07-04 04:38:33.177   708   757 I WifiService: isFeatureSupported uid=1000 returns [WIFI_FEATURE_INFRA, WIFI_FEATURE_P2P, WIFI_FEATURE_MOBILE_HOTSPOT, WIFI_FEATURE_WPA3_SAE, WIFI_FEATURE_WPA3_SUITE_B, WIFI_FEATURE_OWE, WIFI_FEATURE_DPP, WIFI_FEATURE_AP_RAND_MAC, WIFI_FEATURE_MBO, WIFI_FEATURE_FILS_SHA256, WIFI_FEATURE_FILS_SHA384, WIFI_FEATURE_SAE_PK, WIFI_FEATURE_DPP_ENROLLEE_RESPONDER, WIFI_FEATURE_PASSPOINT_TERMS_AND_CONDITIONS, WIFI_FEATURE_WFD_R2, WIFI_FEATURE_DECORATED_IDENTITY, WIFI_FEATURE_TRUST_ON_FIRST_USE, WIFI_FEATURE_SET_TLS_MINIMUM_VERSION, WIFI_FEATURE_TLS_V1_3, WIFI_FEATURE_WEP, WIFI_FEATURE_WPA_PERSONAL]
07-04 04:38:33.733   708  1051 I ActivityManager: Force stopping com.tiarnanlarkin.danio appid=10220 user=0: from pid 21105
07-04 04:38:33.740   708  1051 I ActivityManager: Killing 21016:com.tiarnanlarkin.danio/u0a220 (adj 0): stop com.tiarnanlarkin.danio due to from pid 21105
07-04 04:38:33.744   708  1051 W ActivityTaskManager: Force removing ActivityRecord{63205688 u0 com.tiarnanlarkin.danio/.MainActivity t106 f}}: app died, no saved state
07-04 04:38:33.745   708   869 D InetDiagMessage: Destroyed 0 sockets, proto=IPPROTO_TCP, family=AF_INET, states=14
07-04 04:38:33.747   563   611 W IPCThreadState: Sending oneway calls to frozen process.
07-04 04:38:33.748   708   869 D InetDiagMessage: Destroyed 0 sockets, proto=IPPROTO_TCP, family=AF_INET6, states=14
07-04 04:38:33.748   708   869 D InetDiagMessage: Destroyed live tcp sockets for uids={10220} in 5ms
07-04 04:38:33.750   962  1022 V WindowManagerShell: Transition requested (#168): android.os.BinderProxy@8089383 TransitionRequestInfo { type = CLOSE, triggerTask = TaskInfo{userId=0 taskId=106 effectiveUid=10220 displayId=0 isRunning=false baseIntent=Intent { act=android.intent.action.VIEW dat=danio://qa/... flg=0x10000000 pkg=com.tiarnanlarkin.danio cmp=com.tiarnanlarkin.danio/.MainActivity } baseActivity=null topActivity=null origActivity=null realActivity=ComponentInfo{com.tiarnanlarkin.danio/com.tiarnanlarkin.danio.MainActivity} numActivities=0 lastActiveTime=13866920 supportsMultiWindow=true resizeMode=1 isResizeable=true minWidth=-1 minHeight=-1 defaultMinSize=220 token=WCT{android.window.IWindowContainerToken$Stub$Proxy@2eae900} topActivityType=1 pictureInPictureParams=null shouldDockBigOverlays=false launchIntoPipHostTaskId=-1 lastParentTaskIdBeforePip=-1 displayCutoutSafeInsets=Rect(0, 0 - 0, 0) topActivityInfo=null launchCookies=[] positionInParent=Point(0, 0) parentTaskId=-1 isFocused=true isVisible=true isVisibleRequested=true isTopActivityNoDisplay=false isSleeping=false locusId=null displayAreaFeatureId=1 isTopActivityTransparent=false isActivityStackTransparent=true lastNonFullscreenBounds=Rect(276, 696 - 805, 1776) capturedLink=null capturedLinkTimestamp=0 requestedVisibleTypes=-9 topActivityRequestOpenInBrowserEducationTimestamp=0 appCompatTaskInfo=AppCompatTaskInfo { topActivityInSizeCompat=false eligibleForLetterboxEducation= false isLetterboxEducationEnabled= false isLetterboxDoubleTapEnabled= false eligibleForUserAspectRatioButton= false topActivityBoundsLetterboxed= false isFromLetterboxDoubleTap= false topActivityLetterboxVerticalPosition= -1 topActivityLetterboxHorizontalPosition= -1 topActivityLetterboxWidth=-1 topActivityLetterboxHeight=-1 topActivityAppBounds=Rect(0, 0 - 0, 0) isUserFullscreenOverrideEnabled=false isSystemFullscreenOverrideEnabled=false hasMinAspectRatioOverride=false topActivityLetterboxBounds=null cameraCompatTaskInfo=CameraCompatTaskInfo { freeformCameraCompatMode=undefined}} topActivityMainWindowFrame=null}, pipChange = null, remoteTransition = null, displayChange = null, flags = 0, debugId = 168 }
07-04 04:38:33.752   708   920 D BackgroundInstallControlService: Package event received: 0
07-04 04:38:33.754   563   699 I BpBinder: onLastStrongRef automatically unlinking death recipients: 
07-04 04:38:33.755   708   869 D InetDiagMessage: Destroyed 0 sockets, proto=IPPROTO_TCP, family=AF_INET, states=14
07-04 04:38:33.756   708   869 D InetDiagMessage: Destroyed 0 sockets, proto=IPPROTO_TCP, family=AF_INET6, states=14
07-04 04:38:33.756   708   869 D InetDiagMessage: Destroyed live tcp sockets for uids={20220} in 8ms
07-04 04:38:33.757   708   920 D BackgroundInstallControlService: Package event received: 0
07-04 04:38:33.757   708   920 D BackgroundInstallControlService: Package event received: 0
07-04 04:38:33.758  1096  1096 D StatsLog: LAUNCHER_ONRESUME
07-04 04:38:33.758   487   525 I netd    : tetherGetStats() -> {[]} <0.30ms>
07-04 04:38:33.759   708  1809 I AppWidgetServiceImpl: startListening() 0
07-04 04:38:33.760   708  1809 I AppWidgetServiceImpl: startListening() 0
07-04 04:38:33.760  1096  1145 D QuickstepModelDelegate: notifyAppTargetEvent action=1 launchLocation=workspace/0/[-1,-1]/[1,1]
07-04 04:38:33.760   962  1022 D WindowManagerShell: setLauncherKeepClearAreaHeight: visible=true, height=527
07-04 04:38:33.760   708  1051 W IPCThreadState: Sending oneway calls to frozen process.
07-04 04:38:33.761   708  1051 W IPCThreadState: Sending oneway calls to frozen process.
07-04 04:38:33.761   708  1051 W IPCThreadState: Sending oneway calls to frozen process.
07-04 04:38:33.761   708  1051 W IPCThreadState: Sending oneway calls to frozen process.
07-04 04:38:33.761   708  1051 W IPCThreadState: Sending oneway calls to frozen process.
07-04 04:38:33.761   708  1051 W IPCThreadState: Sending oneway calls to frozen process.
07-04 04:38:33.761   708  1051 W IPCThreadState: Sending oneway calls to frozen process.
07-04 04:38:33.761   708  1051 W IPCThreadState: Sending oneway calls to frozen process.
07-04 04:38:33.761   708  1051 W IPCThreadState: Sending oneway calls to frozen process.
07-04 04:38:33.761   708  1051 W IPCThreadState: Sending oneway calls to frozen process.
07-04 04:38:33.761   708  1051 W IPCThreadState: Sending oneway calls to frozen process.
07-04 04:38:33.763   708  1051 W IPCThreadState: Sending oneway calls to frozen process.
07-04 04:38:33.764   563   563 I BpBinder: onLastStrongRef automatically unlinking death recipients: 
07-04 04:38:33.764   708  1051 W IPCThreadState: Sending oneway calls to frozen process.
07-04 04:38:33.764   708  1051 W IPCThreadState: Sending oneway calls to frozen process.
07-04 04:38:33.764   708  1051 W IPCThreadState: Sending oneway calls to frozen process.
07-04 04:38:33.764   708  1051 W IPCThreadState: Sending oneway calls to frozen process.
07-04 04:38:33.764   708  1051 W IPCThreadState: Sending oneway calls to frozen process.
07-04 04:38:33.764   708  1051 W IPCThreadState: Sending oneway calls to frozen process.
07-04 04:38:33.765  1096  1096 D NexusLauncherModelDelegate: notifySmartspaceEvent: SmartspaceTargetEvent{mSmartspaceTarget=null, mSmartspaceActionId='null', mEventType=6}
07-04 04:38:33.766  1512  2024 I AiAiEcho: Predicting[0]:  [CONTEXT sampling_count=5 ]
07-04 04:38:33.767  1512  2024 I AiAiEcho: EchoTargets: 
07-04 04:38:33.767  1512  2024 I AiAiEcho: Filtered by AiAi flag check: 
07-04 04:38:33.767  1512  2024 I AiAiEcho: [CONTEXT ratelimit_period="10 SECONDS" ]
07-04 04:38:33.767  1512  2024 I AiAiEcho: #remoteViewsTwiddler: feature disabled.
07-04 04:38:33.767  1512  2024 I AiAiEcho: #postPredictionTargets: Sending updates to UISurface home with targets# 0 (types=[])
07-04 04:38:33.768   708  1051 W IPCThreadState: Sending oneway calls to frozen process.
07-04 04:38:33.769   708  1051 W IPCThreadState: Sending oneway calls to frozen process.
07-04 04:38:33.769   708  1051 W IPCThreadState: Sending oneway calls to frozen process.
07-04 04:38:33.769   708  1051 W IPCThreadState: Sending oneway calls to frozen process.
07-04 04:38:33.769   708  1051 W IPCThreadState: Sending oneway calls to frozen process.
07-04 04:38:33.769   708  1051 W IPCThreadState: Sending oneway calls to frozen process.
07-04 04:38:33.769   708  1051 W IPCThreadState: Sending oneway calls to frozen process.
07-04 04:38:33.769   708  1051 W IPCThreadState: Sending oneway calls to frozen process.
07-04 04:38:33.769   708  1051 W IPCThreadState: Sending oneway calls to frozen process.
07-04 04:38:33.751     0     0 I binder_alloc: 2547: pid 708 spamming oneway? 3527 buffers allocated for a total size of 475480
07-04 04:38:33.769   708  1051 W IPCThreadState: Sending oneway calls to frozen process.
07-04 04:38:33.769   708  1051 W IPCThreadState: Sending oneway calls to frozen process.
07-04 04:38:33.769   708  1051 W IPCThreadState: Sending oneway calls to frozen process.
07-04 04:38:33.769   708  1051 W IPCThreadState: Sending oneway calls to frozen process.
