07-04 03:07:24.382 14222 14222 I AconfigPackage: com.android.settings.flags is mapped to system_ext
07-04 03:07:24.382 14222 14222 I AconfigPackage: com.google.android.apps.miphone.aiai.matchmaker.overview.ui is mapped to system_ext
07-04 03:07:24.382 14222 14222 I AconfigPackage: com.google.android.settings.flags is mapped to system_ext
07-04 03:07:24.382 14222 14222 I AconfigPackage: com.android.launcher3 is mapped to system_ext
07-04 03:07:24.382 14222 14222 I AconfigPackage: com.android.wallpaper is mapped to system_ext
07-04 03:07:24.382 14222 14222 I AconfigPackage: com.android.settings.media_drm is mapped to system_ext
07-04 03:07:24.382 14222 14222 I AconfigPackage: com.android.systemui.accessibility.accessibilitymenu is mapped to system_ext
07-04 03:07:24.382 14222 14222 I AconfigPackage: com.android.settings.keyboard is mapped to system_ext
07-04 03:07:24.382 14222 14222 I AconfigPackage: com.android.server.policy.feature.flags is mapped to system_ext
07-04 03:07:24.382 14222 14222 I AconfigPackage: com.android.settings.factory_reset is mapped to system_ext
07-04 03:07:24.382 14222 14222 I AconfigPackage: com.google.android.haptics.flags is mapped to system_ext
07-04 03:07:24.382 14222 14222 I AconfigPackage: com.android.permission.flags is mapped to com.android.permission
07-04 03:07:24.382 14222 14222 I AconfigPackage: com.android.icu is mapped to com.android.i18n
07-04 03:07:24.382 14222 14222 I AconfigPackage: com.android.appsearch.flags is mapped to com.android.appsearch
07-04 03:07:24.382 14222 14222 I AconfigPackage: android.uprobestats.mainline.flags is mapped to com.android.uprobestats
07-04 03:07:24.383 14222 14222 I AconfigPackage: android.provider.flags is mapped to com.android.configinfrastructure
07-04 03:07:24.383 14222 14222 I AconfigPackage: com.android.server.deviceconfig is mapped to com.android.configinfrastructure
07-04 03:07:24.383 14222 14222 I AconfigPackage: com.android.nfc.flags is mapped to system
07-04 03:07:24.383 14222 14222 I AconfigPackage: android.app.admin.flags is mapped to system
07-04 03:07:24.383 14222 14222 I AconfigPackage: android.database.sqlite is mapped to system
07-04 03:07:24.383 14222 14222 I AconfigPackage: com.android.providers.calendar is mapped to system
07-04 03:07:24.383 14222 14222 I AconfigPackage: com.android.server.power.feature.flags is mapped to system
07-04 03:07:24.383 14222 14222 I AconfigPackage: com.android.media.performance.flags is mapped to system
07-04 03:07:24.383 14222 14222 I AconfigPackage: android.app.contextualsearch.flags is mapped to system
07-04 03:07:24.383 14222 14222 I AconfigPackage: android.app.ondeviceintelligence.flags is mapped to system
07-04 03:07:24.383 14222 14222 I AconfigPackage: com.android.media.projection.flags is mapped to system
07-04 03:07:24.383 14222 14222 I AconfigPackage: android.companion is mapped to system
07-04 03:07:24.383 14222 14222 I AconfigPackage: android.service.controls.flags is mapped to system
07-04 03:07:24.383 14222 14222 I AconfigPackage: com.android.text.flags is mapped to system
07-04 03:07:24.383 14222 14222 I AconfigPackage: com.android.providers.contactkeys.flags is mapped to system
07-04 03:07:24.383 14222 14222 I AconfigPackage: com.android.intentresolver is mapped to system
07-04 03:07:24.383 14222 14222 I AconfigPackage: android.companion.virtualdevice.flags is mapped to system
07-04 03:07:24.383 14222 14222 I AconfigPackage: android.uprobestats.flags is mapped to system
07-04 03:07:24.383 14222 14222 I AconfigPackage: com.android.net.thread.platform.flags is mapped to system
07-04 03:07:24.383 14222 14222 I AconfigPackage: android.view.contentprotection.flags is mapped to system
07-04 03:07:24.383 14222 14222 I AconfigPackage: com.android.server.dreams is mapped to system
07-04 03:07:24.383 14222 14222 I AconfigPackage: com.android.graphics.surfaceflinger.flags is mapped to system
07-04 03:07:24.383 14222 14222 I AconfigPackage: com.android.hardware.input is mapped to system
07-04 03:07:24.383 14222 14222 I AconfigPackage: android.sdk is mapped to system
07-04 03:07:24.383 14222 14222 I AconfigPackage: com.android.input.flags is mapped to system
07-04 03:07:24.383 14222 14222 I AconfigPackage: android.tracing is mapped to system
07-04 03:07:24.383 14222 14222 I AconfigPackage: com.android.server.biometrics is mapped to system
07-04 03:07:24.383 14222 14222 I AconfigPackage: android.view.contentcapture.flags is mapped to system
07-04 03:07:24.383 14222 14222 I AconfigPackage: android.app.job is mapped to system
07-04 03:07:24.383 14222 14222 I AconfigPackage: android.content.res is mapped to system
07-04 03:07:24.383 14222 14222 I AconfigPackage: android.net.platform.flags is mapped to system
07-04 03:07:24.383 14222 14222 I AconfigPackage: com.android.aconfig.flags is mapped to system
07-04 03:07:24.383 14222 14222 I AconfigPackage: com.android.graphics.flags is mapped to system
07-04 03:07:24.383 14222 14222 I AconfigPackage: android.server.app is mapped to system
07-04 03:07:24.383 14222 14222 I AconfigPackage: android.speech.flags is mapped to system
07-04 03:07:24.383 14222 14222 I AconfigPackage: com.android.server.stats is mapped to system
07-04 03:07:24.383 14222 14222 I AconfigPackage: android.hardware.biometrics is mapped to system
07-04 03:07:24.383 14222 14222 I AconfigPackage: android.car.feature is mapped to system
07-04 03:07:24.383 14222 14222 I AconfigPackage: android.adpf is mapped to system
07-04 03:07:24.383 14222 14222 I AconfigPackage: android.location.flags is mapped to system
07-04 03:07:24.383 14222 14222 I AconfigPackage: com.android.settingslib.flags is mapped to system
07-04 03:07:24.383 14222 14222 I AconfigPackage: com.android.managedprovisioning.flags is mapped to system
07-04 03:07:24.383 14222 14222 I AconfigPackage: android.app.assist.flags is mapped to system
07-04 03:07:24.383 14222 14222 I AconfigPackage: com.android.server.net is mapped to system
07-04 03:07:24.383 14222 14222 I AconfigPackage: com.android.settingslib.widget.flags is mapped to system
07-04 03:07:24.383 14222 14222 I AconfigPackage: com.android.internal.camera.flags is mapped to system
07-04 03:07:24.383 14222 14222 I AconfigPackage: com.android.hardware.libsensor.flags is mapped to system
07-04 03:07:24.383 14222 14222 I AconfigPackage: com.android.internal.jank is mapped to system
07-04 03:07:24.383 14222 14222 I AconfigPackage: com.android.providers.settings is mapped to system
07-04 03:07:24.383 14222 14222 I AconfigPackage: android.multiuser is mapped to system
07-04 03:07:24.383 14222 14222 I AconfigPackage: com.android.server.power.optimization is mapped to system
07-04 03:07:24.383 14222 14222 I AconfigPackage: com.android.calllogbackup is mapped to system
07-04 03:07:24.383 14222 14222 I AconfigPackage: com.android.media.flags is mapped to system
07-04 03:07:24.383 14222 14222 I AconfigPackage: com.android.server.flags is mapped to system
07-04 03:07:24.383 14222 14222 I AconfigPackage: com.android.graphics.libvulkan.flags is mapped to system
07-04 03:07:24.383 14222 14222 I AconfigPackage: android.app.appfunctions.flags is mapped to system
07-04 03:07:24.383 14222 14222 I AconfigPackage: android.app.smartspace.flags is mapped to system
07-04 03:07:24.383 14222 14222 I AconfigPackage: com.android.providers.contacts.flags is mapped to system
07-04 03:07:24.383 14222 14222 I AconfigPackage: com.android.shell.flags is mapped to system
07-04 03:07:24.383 14222 14222 I AconfigPackage: com.android.media.aaudio is mapped to system
07-04 03:07:24.383 14222 14222 I AconfigPackage: android.hardware.radio is mapped to system
07-04 03:07:24.383 14222 14222 I AconfigPackage: com.google.wear.services.infra.flags is mapped to system
07-04 03:07:24.383 14222 14222 I AconfigPackage: suspend_service.flags is mapped to system
07-04 03:07:24.383 14222 14222 I AconfigPackage: android.media.midi is mapped to system
07-04 03:07:24.383 14222 14222 I AconfigPackage: com.android.libcore.readonly is mapped to system
07-04 03:07:24.383 14222 14222 I AconfigPackage: com.android.settingslib.widget.selectorwithwidgetpreference.flags is mapped to system
07-04 03:07:24.383 14222 14222 I AconfigPackage: android.service.notification is mapped to system
07-04 03:07:24.383 14222 14222 I AconfigPackage: com.android.systemui.shared is mapped to system
07-04 03:07:24.383 14222 14222 I AconfigPackage: android.app.jank is mapped to system
07-04 03:07:24.383 14222 14222 I AconfigPackage: android.app.wearable is mapped to system
07-04 03:07:24.383 14222 14222 I AconfigPackage: com.android.media.audio is mapped to system
07-04 03:07:24.383 14222 14222 I AconfigPackage: android.service.chooser is mapped to system
07-04 03:07:24.383 14222 14222 I AconfigPackage: com.android.server.compat is mapped to system
07-04 03:07:24.383 14222 14222 I AconfigPackage: com.android.server.alarm is mapped to system
07-04 03:07:24.383 14222 14222 I AconfigPackage: com.android.apex.flags is mapped to system
07-04 03:07:24.383 14222 14222 I AconfigPackage: android.service.quickaccesswallet is mapped to system
07-04 03:07:24.383 14222 14222 I AconfigPackage: android.app.usage is mapped to system
07-04 03:07:24.383 14222 14222 I AconfigPackage: com.android.server.accessibility is mapped to system
07-04 03:07:24.383 14222 14222 I AconfigPackage: android.app.supervision.flags is mapped to system
07-04 03:07:24.383 14222 14222 I AconfigPackage: com.android.server.utils is mapped to system
07-04 03:07:24.383 14222 14222 I AconfigPackage: android.chre.flags is mapped to system
07-04 03:07:24.383 14222 14222 I AconfigPackage: android.content.flags is mapped to system
07-04 03:07:24.383 14222 14222 I AconfigPackage: android.media.codec is mapped to system
07-04 03:07:24.383 14222 14222 I AconfigPackage: com.android.internal.os is mapped to system
07-04 03:07:24.383 14222 14222 I AconfigPackage: com.android.nfc.nci.flags is mapped to system
07-04 03:07:24.383 14222 14222 I AconfigPackage: android.app is mapped to system
07-04 03:07:24.383 14222 14222 I AconfigPackage: android.security.keystore2 is mapped to system
07-04 03:07:24.383 14222 14222 I AconfigPackage: android.crashrecovery.flags is mapped to system
07-04 03:07:24.383 14222 14222 I AconfigPackage: com.android.tradeinmode.flags is mapped to system
07-04 03:07:24.383 14222 14222 I AconfigPackage: android.hardware.flags is mapped to system
07-04 03:07:24.383 14222 14222 I AconfigPackage: com.android.server.telecom.flags is mapped to system
07-04 03:07:24.383 14222 14222 I AconfigPackage: com.android.settingslib.media.flags is mapped to system
07-04 03:07:24.383 14222 14222 I AconfigPackage: com.android.server.policy is mapped to system
07-04 03:07:24.383 14222 14222 I AconfigPackage: android.media.audiopolicy is mapped to system
07-04 03:07:24.383 14222 14222 I AconfigPackage: com.android.egg.flags is mapped to system
07-04 03:07:24.383 14222 14222 I AconfigPackage: com.android.internal.compat.flags is mapped to system
07-04 03:07:24.383 14222 14222 I AconfigPackage: android.security is mapped to system
07-04 03:07:24.383 14222 14222 I AconfigPackage: android.service.autofill is mapped to system
07-04 03:07:24.383 14222 14222 I AconfigPackage: com.example.android.aconfig.demo.flags is mapped to system
07-04 03:07:24.383 14222 14222 I AconfigPackage: android.view.flags is mapped to system
07-04 03:07:24.383 14222 14222 I AconfigPackage: android.companion.virtual.flags is mapped to system
07-04 03:07:24.383 14222 14222 I AconfigPackage: com.android.aconfig_new_storage is mapped to system
07-04 03:07:24.383 14222 14222 I AconfigPackage: com.android.server.feature.flags is mapped to system
07-04 03:07:24.383 14222 14222 I AconfigPackage: com.android.systemui is mapped to system
07-04 03:07:24.383 14222 14222 I AconfigPackage: com.android.server.power.batterysaver is mapped to system
07-04 03:07:24.383 14222 14222 I AconfigPackage: android.widget.flags is mapped to system
07-04 03:07:24.383 14222 14222 I AconfigPackage: com.android.media.editing.flags is mapped to system
07-04 03:07:24.383 14222 14222 I AconfigPackage: com.android.media.codec.flags is mapped to system
07-04 03:07:24.383 14222 14222 I AconfigPackage: com.android.server.powerstats is mapped to system
07-04 03:07:24.383 14222 14222 I AconfigPackage: com.android.graphics.egl.flags is mapped to system
07-04 03:07:24.383 14222 14222 I AconfigPackage: com.android.media.audioserver is mapped to system
07-04 03:07:24.383 14222 14222 I AconfigPackage: com.android.server.deviceidle is mapped to system
07-04 03:07:24.383 14222 14222 I AconfigPackage: android.nfc is mapped to system
07-04 03:07:24.383 14222 14222 I AconfigPackage: android.permission.flags is mapped to system
07-04 03:07:24.383 14222 14222 I AconfigPackage: android.service.voice.flags is mapped to system
07-04 03:07:24.383 14222 14222 I AconfigPackage: android.content.pm is mapped to system
07-04 03:07:24.383 14222 14222 I AconfigPackage: com.android.server.power.hint is mapped to system
07-04 03:07:24.383 14222 14222 I AconfigPackage: android.os is mapped to system
07-04 03:07:24.383 14222 14222 I AconfigPackage: android.service.dreams is mapped to system
07-04 03:07:24.383 14222 14222 I AconfigPackage: com.android.graphics.libgui.flags is mapped to system
07-04 03:07:24.384 14222 14222 I AconfigPackage: android.hardware.usb.flags is mapped to system
07-04 03:07:24.384 14222 14222 I AconfigPackage: android.provider is mapped to system
07-04 03:07:24.384 14222 14222 I AconfigPackage: com.android.server.job is mapped to system
07-04 03:07:24.384 14222 14222 I AconfigPackage: com.android.internal.foldables.flags is mapped to system
07-04 03:07:24.384 14222 14222 I AconfigPackage: com.android.internal.telephony.flags is mapped to system
07-04 03:07:24.384 14222 14222 I AconfigPackage: android.webkit is mapped to system
07-04 03:07:24.384 14222 14222 I AconfigPackage: android.credentials.flags is mapped to system
07-04 03:07:24.384 14222 14222 I AconfigPackage: com.android.server.display.feature.flags is mapped to system
07-04 03:07:24.384 14222 14222 I AconfigPackage: com.android.server.notification is mapped to system
07-04 03:07:24.384 14222 14222 I AconfigPackage: android.appwidget.flags is mapped to system
07-04 03:07:24.384 14222 14222 I AconfigPackage: com.android.frameworks.sensorservice.flags is mapped to system
07-04 03:07:24.384 14222 14222 I AconfigPackage: com.android.printspooler.flags is mapped to system
07-04 03:07:24.384 14222 14222 I AconfigPackage: com.android.window.flags is mapped to system
07-04 03:07:24.384 14222 14222 I AconfigPackage: android.adaptiveauth is mapped to system
07-04 03:07:24.384 14222 14222 I AconfigPackage: android.net.wifi.flags is mapped to system
07-04 03:07:24.384 14222 14222 I AconfigPackage: android.media.tv.flags is mapped to system
07-04 03:07:24.384 14222 14222 I AconfigPackage: com.android.server.usb.flags is mapped to system
07-04 03:07:24.384 14222 14222 I AconfigPackage: android.os.vibrator is mapped to system
07-04 03:07:24.384 14222 14222 I AconfigPackage: android.hardware.devicestate.feature.flags is mapped to system
07-04 03:07:24.384 14222 14222 I AconfigPackage: com.android.server.usage is mapped to system
07-04 03:07:24.384 14222 14222 I AconfigPackage: android.server is mapped to system
07-04 03:07:24.384 14222 14222 I AconfigPackage: com.android.wm.shell is mapped to system
07-04 03:07:24.384 14222 14222 I AconfigPackage: android.view.inputmethod is mapped to system
07-04 03:07:24.384 14222 14222 I AconfigPackage: com.android.graphics.hwui.flags is mapped to system
07-04 03:07:24.384 14222 14222 I AconfigPackage: com.android.server.backup is mapped to system
07-04 03:07:24.384 14222 14222 I AconfigPackage: com.android.internal.pm.pkg.component.flags is mapped to system
07-04 03:07:24.384 14222 14222 I AconfigPackage: android.view.accessibility is mapped to system
07-04 03:07:24.384 14222 14222 I AconfigPackage: com.google.wear.sdk is mapped to system
07-04 03:07:24.384 14222 14222 I AconfigPackage: android.media.audio is mapped to system
07-04 03:07:24.384 14222 14222 I AconfigPackage: com.android.server.am is mapped to system
07-04 03:07:24.384 14222 14222 I AconfigPackage: com.android.media.playback.flags is mapped to system
07-04 03:07:24.384 14222 14222 I AconfigPackage: com.android.art.flags is mapped to com.android.art
07-04 03:07:24.384 14222 14222 I AconfigPackage: com.android.libcore is mapped to com.android.art
07-04 03:07:24.384 14222 14222 I AconfigPackage: com.android.media.extractor.flags is mapped to com.android.media
07-04 03:07:24.384 14222 14222 I AconfigPackage: com.android.media.mainline.flags is mapped to com.android.media
07-04 03:07:24.384 14222 14222 I AconfigPackage: com.android.wifi.flags is mapped to com.android.wifi
07-04 03:07:24.384 14222 14222 I AconfigPackage: com.android.org.conscrypt.flags is mapped to com.android.conscrypt
07-04 03:07:24.388 14222 14222 I AconfigPackage: com.android.healthfitness.flags is mapped to com.android.healthfitness
07-04 03:07:24.388 14222 14222 I AconfigPackage: com.google.android.input.twoshay.flags is mapped to vendor
07-04 03:07:24.388 14222 14222 I AconfigPackage: libgooglecamerahal.flags is mapped to vendor
07-04 03:07:24.388 14222 14222 I AconfigPackage: com.android.ipsec.flags is mapped to com.android.ipsec
07-04 03:07:24.389 14222 14222 I AconfigPackage: com.android.nfc.module.flags is mapped to com.android.nfcservices
07-04 03:07:24.389 14222 14222 I AconfigPackage: com.android.adservices.ondevicepersonalization.flags is mapped to com.android.ondevicepersonalization
07-04 03:07:24.389 14222 14222 I AconfigPackage: com.android.bluetooth.flags is mapped to com.android.bt
07-04 03:07:24.389 14222 14222 I AconfigPackage: com.android.devicelock.flags is mapped to com.android.devicelock
07-04 03:07:24.389 14222 14222 I AconfigPackage: android.os.profiling is mapped to com.android.profiling
07-04 03:07:24.389 14222 14222 I AconfigPackage: com.android.os.statsd.flags is mapped to com.android.os.statsd
07-04 03:07:24.389 14222 14222 I AconfigPackage: com.android.cellbroadcastreceiver.flags is mapped to com.android.cellbroadcast
07-04 03:07:24.389 14222 14222 I AconfigPackage: com.android.adservices.flags is mapped to com.android.adservices
07-04 03:07:24.389 14222 14222 I AconfigPackage: com.android.sdksandbox.flags is mapped to com.android.adservices
07-04 03:07:24.389 14222 14222 I AconfigPackage: com.android.uwb.flags is mapped to com.android.uwb
07-04 03:07:24.389 14222 14222 I AconfigPackage: com.android.ranging.flags is mapped to com.android.uwb
07-04 03:07:24.389 14222 14222 I AconfigPackage: android.graphics.pdf.flags is mapped to com.android.mediaprovider
07-04 03:07:24.389 14222 14222 I AconfigPackage: com.android.providers.media.flags is mapped to com.android.mediaprovider
07-04 03:07:24.389 14222 14222 I AconfigPackage: android.graphics.pdf.flags.readonly is mapped to com.android.mediaprovider
07-04 03:07:24.389 14222 14222 I AconfigPackage: com.android.net.ct.flags is mapped to com.android.tethering
07-04 03:07:24.389 14222 14222 I AconfigPackage: com.android.net.flags is mapped to com.android.tethering
07-04 03:07:24.389 14222 14222 I AconfigPackage: android.net.vcn is mapped to com.android.tethering
07-04 03:07:24.389 14222 14222 I AconfigPackage: com.android.nearby.flags is mapped to com.android.tethering
07-04 03:07:24.389 14222 14222 I AconfigPackage: android.net.http is mapped to com.android.tethering
07-04 03:07:24.389 14222 14222 I AconfigPackage: com.android.net.thread.flags is mapped to com.android.tethering
07-04 03:07:24.390 14222 14222 I AconfigPackage: com.android.system.virtualmachine.flags is mapped to com.android.virt
07-04 03:07:24.392 14222 14222 E FeatureFlagsImplExport: android.os.flagging.AconfigStorageReadException: ERROR_PACKAGE_NOT_FOUND: package android.xr cannot be found on the device
07-04 03:07:24.402 14222 14222 D UiAutomationConnection: Created on user UserHandle{0}
07-04 03:07:24.403 14222 14222 I UiAutomation: Initialized for user 0 on display 0
07-04 03:07:24.403 14222 14222 W UiAutomation: Created with deprecatead constructor, assumes DEFAULT_DISPLAY
07-04 03:07:24.404   708  1020 D AccessibilityManagerService: changeCurrentUserForTestAutomationIfNeededLocked(0): ignoring because device doesn't support visible background users
07-04 03:07:24.404   708  1020 I UiAutomationManager: Registering UiTestAutomationService (id=com.android.server.accessibility/UiAutomation, flags=0x0) when called by user 0
07-04 03:07:24.405   708  1020 V AccessibilityManagerService: onUserStateChangedLocked for userId: 0, forceUpdate: false
07-04 03:07:24.405   708  1020 W MagnificationConnectionManager: requestConnection duplicated request: connect=false, mConnectionState=DISCONNECTED
07-04 03:07:24.406   708   708 W IPCThreadState: Sending oneway calls to frozen process.
07-04 03:07:24.406   708   708 W IPCThreadState: Sending oneway calls to frozen process.
07-04 03:07:24.406   708   708 W IPCThreadState: Sending oneway calls to frozen process.
07-04 03:07:24.406   708   708 W IPCThreadState: Sending oneway calls to frozen process.
07-04 03:07:24.406   708   708 W IPCThreadState: Sending oneway calls to frozen process.
07-04 03:07:24.406   708   708 W IPCThreadState: Sending oneway calls to frozen process.
07-04 03:07:24.407   708   708 W IPCThreadState: Sending oneway calls to frozen process.
07-04 03:07:24.407   708   708 W IPCThreadState: Sending oneway calls to frozen process.
07-04 03:07:24.407   708   708 W IPCThreadState: Sending oneway calls to frozen process.
07-04 03:07:24.407   708   708 W IPCThreadState: Sending oneway calls to frozen process.
07-04 03:07:24.407   708   708 W IPCThreadState: Sending oneway calls to frozen process.
07-04 03:07:24.407   708   708 W IPCThreadState: Sending oneway calls to frozen process.
07-04 03:07:24.407   708   708 W IPCThreadState: Sending oneway calls to frozen process.
07-04 03:07:24.407   708   708 W IPCThreadState: Sending oneway calls to frozen process.
07-04 03:07:24.407   708   708 W IPCThreadState: Sending oneway calls to frozen process.
07-04 03:07:24.407   708   708 W IPCThreadState: Sending oneway calls to frozen process.
07-04 03:07:24.407   708   708 W IPCThreadState: Sending oneway calls to frozen process.
07-04 03:07:24.410   708   708 W IPCThreadState: Sending oneway calls to frozen process.
07-04 03:07:24.410   708   708 D BatterySaverPolicy: accessibility changed to true, updating policy.
07-04 03:07:24.410  1512  1537 I AiAiEcho: Settings changed for uri: content://settings/secure/accessibility_enabled
07-04 03:07:24.412  1512  2024 I AiAiEcho: Predicting[0]:  [CONTEXT sampling_count=5 ]
07-04 03:07:24.412  1512  2024 I AiAiEcho: EchoTargets: 
07-04 03:07:24.412  1512  2024 I AiAiEcho: Filtered by AiAi flag check: 
07-04 03:07:24.412  1512  2024 I AiAiEcho: [CONTEXT ratelimit_period="10 SECONDS" ]
07-04 03:07:24.412 14222 14234 V UiAutomation: Init UiAutomation@cd30350[id=338, displayId=0, flags=0]
07-04 03:07:24.412  1512  2024 I AiAiEcho: #remoteViewsTwiddler: feature disabled.
07-04 03:07:24.419  1512  2024 I AiAiEcho: Predicting[0]:  [CONTEXT sampling_count=5 ]
07-04 03:07:24.422  1512  2024 I AiAiEcho: EchoTargets: 
07-04 03:07:24.422  1512  2024 I AiAiEcho: Filtered by AiAi flag check: 
07-04 03:07:24.422  1512  2024 I AiAiEcho: [CONTEXT ratelimit_period="10 SECONDS" ]
07-04 03:07:24.422  1512  2024 I AiAiEcho: #remoteViewsTwiddler: feature disabled.
07-04 03:07:24.423  1512  2024 I AiAiEcho: #postPredictionTargets: Sending updates to UISurface home with targets# 0 (types=[])
07-04 03:07:24.423  1512  2024 I AiAiEcho: #postPredictionTargets: Sending updates to UISurface lockscreen with targets# 0 (types=[])
07-04 03:07:24.429  1096  1096 D SsBaseTemplateCard: No text view can be set up
07-04 03:07:24.429  1096  1096 D SsBaseTemplateCard: Passed-in item info is null
07-04 03:07:24.429  1096  1096 D SsBaseTemplateCard: Passed-in item info is null
07-04 03:07:24.429  1096  1096 D SsBaseTemplateCard: Passed-in item info is null
07-04 03:07:24.429  1096  1096 I SsBaseTemplateCard: Secondary card pane is null
07-04 03:07:24.431   708  1811 V AccessibilityManagerService: onUserStateChangedLocked for userId: 0, forceUpdate: false
07-04 03:07:24.431   708  1811 W MagnificationConnectionManager: requestConnection duplicated request: connect=false, mConnectionState=DISCONNECTED
07-04 03:07:24.432   708   708 W IPCThreadState: Sending oneway calls to frozen process.
07-04 03:07:24.432   708   708 W IPCThreadState: Sending oneway calls to frozen process.
07-04 03:07:24.432   708   708 W IPCThreadState: Sending oneway calls to frozen process.
07-04 03:07:24.432   708   708 W IPCThreadState: Sending oneway calls to frozen process.
07-04 03:07:24.435   962   962 W PageIndicator: Total number of pages invalid: 0. Assuming 1 page.
07-04 03:07:24.436   708   708 W IPCThreadState: Sending oneway calls to frozen process.
07-04 03:07:24.436   708   708 W IPCThreadState: Sending oneway calls to frozen process.
07-04 03:07:24.437   708   708 W IPCThreadState: Sending oneway calls to frozen process.
07-04 03:07:24.437   708   708 W IPCThreadState: Sending oneway calls to frozen process.
07-04 03:07:24.438   708   708 W IPCThreadState: Sending oneway calls to frozen process.
07-04 03:07:24.438   708   708 W IPCThreadState: Sending oneway calls to frozen process.
07-04 03:07:24.438  1512  1537 I AiAiEcho: Settings changed for uri: content://settings/secure/accessibility_enabled
07-04 03:07:24.438   708   708 W IPCThreadState: Sending oneway calls to frozen process.
07-04 03:07:24.439   708   708 W IPCThreadState: Sending oneway calls to frozen process.
07-04 03:07:24.439  1512  2024 I AiAiEcho: Predicting[0]:  [CONTEXT sampling_count=5 ]
07-04 03:07:24.439  1512  2024 I AiAiEcho: EchoTargets: 
07-04 03:07:24.439  1512  2024 I AiAiEcho: Filtered by AiAi flag check: 
07-04 03:07:24.439  1512  2024 I AiAiEcho: [CONTEXT ratelimit_period="10 SECONDS" ]
07-04 03:07:24.440  1512  2024 I AiAiEcho: #remoteViewsTwiddler: feature disabled.
07-04 03:07:24.442  1512  2024 I AiAiEcho: Predicting[0]:  [CONTEXT sampling_count=5 ]
07-04 03:07:24.442  1512  2024 I AiAiEcho: EchoTargets: 
07-04 03:07:24.442  1512  2024 I AiAiEcho: Filtered by AiAi flag check: 
07-04 03:07:24.442  1512  2024 I AiAiEcho: [CONTEXT ratelimit_period="10 SECONDS" ]
07-04 03:07:24.442  1512  2024 I AiAiEcho: #remoteViewsTwiddler: feature disabled.
07-04 03:07:24.442  1512  2024 I AiAiEcho: #postPredictionTargets: Sending updates to UISurface home with targets# 0 (types=[])
07-04 03:07:24.442  1512  2024 I AiAiEcho: #postPredictionTargets: Sending updates to UISurface lockscreen with targets# 0 (types=[])
07-04 03:07:24.443  1096  1096 D SsBaseTemplateCard: No text view can be set up
07-04 03:07:24.443  1096  1096 D SsBaseTemplateCard: Passed-in item info is null
07-04 03:07:24.443  1096  1096 D SsBaseTemplateCard: Passed-in item info is null
07-04 03:07:24.443  1096  1096 D SsBaseTemplateCard: Passed-in item info is null
07-04 03:07:24.443  1096  1096 I SsBaseTemplateCard: Secondary card pane is null
07-04 03:07:24.446   962   962 W PageIndicator: Total number of pages invalid: 0. Assuming 1 page.
07-04 03:07:24.873   708   757 I WifiService: isFeatureSupported uid=1000 returns [WIFI_FEATURE_INFRA, WIFI_FEATURE_P2P, WIFI_FEATURE_MOBILE_HOTSPOT, WIFI_FEATURE_WPA3_SAE, WIFI_FEATURE_WPA3_SUITE_B, WIFI_FEATURE_OWE, WIFI_FEATURE_DPP, WIFI_FEATURE_AP_RAND_MAC, WIFI_FEATURE_MBO, WIFI_FEATURE_FILS_SHA256, WIFI_FEATURE_FILS_SHA384, WIFI_FEATURE_SAE_PK, WIFI_FEATURE_DPP_ENROLLEE_RESPONDER, WIFI_FEATURE_PASSPOINT_TERMS_AND_CONDITIONS, WIFI_FEATURE_WFD_R2, WIFI_FEATURE_DECORATED_IDENTITY, WIFI_FEATURE_TRUST_ON_FIRST_USE, WIFI_FEATURE_SET_TLS_MINIMUM_VERSION, WIFI_FEATURE_TLS_V1_3, WIFI_FEATURE_WEP, WIFI_FEATURE_WPA_PERSONAL]
07-04 03:07:25.036  1091  1307 D SatelliteController: iisInCarrierRoamingNbIotNtn: satellite is disabled
07-04 03:07:25.526 14222 14222 W AccessibilityNodeInfoDumper: Fetch time: 4ms
07-04 03:07:25.528   708  1811 V AccessibilityManagerService: onUserStateChangedLocked for userId: 0, forceUpdate: false
07-04 03:07:25.528   708  1811 W MagnificationConnectionManager: requestConnection duplicated request: connect=false, mConnectionState=DISCONNECTED
07-04 03:07:25.529   708  1811 D AccessibilityManagerService: restoreCurrentUserForTestAutomationIfNeededLocked(): ignoring because device doesn't support visible background users
07-04 03:07:25.530  1461  1461 D WM-DelayedWorkTracker: Scheduling work e059333c-c30f-48bc-a81f-5af8403667fb
07-04 03:07:25.530  1461  1461 D WM-GreedyScheduler: Starting tracking for e059333c-c30f-48bc-a81f-5af8403667fb
07-04 03:07:25.531 14222 14222 D AndroidRuntime: Shutting down VM
07-04 03:07:25.532 14222 14232 W IPCThreadState: call to talkWithDriver in joinThreadPool returned error: -9 (Bad file descriptor), FD: -1
07-04 03:07:25.532   708   708 W IPCThreadState: Sending oneway calls to frozen process.
07-04 03:07:25.532   708   708 W IPCThreadState: Sending oneway calls to frozen process.
07-04 03:07:25.532 14222 14231 W IPCThreadState: call to talkWithDriver in joinThreadPool returned error: -9 (Bad file descriptor), FD: -1
07-04 03:07:25.533 14222 14235 W IPCThreadState: call to talkWithDriver in joinThreadPool returned error: -9 (Bad file descriptor), FD: -1
07-04 03:07:25.534  1461  1608 D WM-ConstraintTracker: BatteryNotLowTracker: initial state = true
07-04 03:07:25.535  1461  1608 D WM-BrdcstRcvrCnstrntTrc: BatteryNotLowTracker: registering receiver
07-04 03:07:25.536  1461  1666 D WM-GreedyScheduler: Constraints met: Scheduling work ID WorkGenerationalId(workSpecId=e059333c-c30f-48bc-a81f-5af8403667fb, generation=0)
07-04 03:07:25.536  1461  1608 D WM-Processor: Processor: processing WorkGenerationalId(workSpecId=e059333c-c30f-48bc-a81f-5af8403667fb, generation=0)
07-04 03:07:25.538   708   708 W IPCThreadState: Sending oneway calls to frozen process.
07-04 03:07:25.538   708   708 W IPCThreadState: Sending oneway calls to frozen process.
07-04 03:07:25.538   708   708 W IPCThreadState: Sending oneway calls to frozen process.
07-04 03:07:25.539  1461  1461 D WM-WorkerWrapper: Starting work for com.android.providers.media.photopicker.sync.ProactiveSyncWorker
07-04 03:07:25.539  1461  5473 I PSyncWorker: Starting proactive picker sync from sync source: 1
07-04 03:07:25.539  1461  5473 I PickerSyncTracker: Created new sync future java.util.concurrent.CompletableFuture@537d806[Not completed, 1 dependents]. Future map: {e059333c-c30f-48bc-a81f-5af8403667fb=java.util.concurrent.CompletableFuture@537d806[Not completed, 1 dependents]}
07-04 03:07:25.540  1461  5473 D PickerSyncController: syncAllMediaFromProvider() LOCAL, auth=com.android.providers.media.photopicker, retry=true
07-04 03:07:25.540  1461  5473 D PickerSyncController: getSyncRequestParams() LOCAL, auth=com.android.providers.media.photopicker
07-04 03:07:25.540   708   708 W IPCThreadState: Sending oneway calls to frozen process.
07-04 03:07:25.540   708   708 W IPCThreadState: Sending oneway calls to frozen process.
07-04 03:07:25.540   708   708 W IPCThreadState: Sending oneway calls to frozen process.
07-04 03:07:25.540   708   708 W IPCThreadState: Sending oneway calls to frozen process.
07-04 03:07:25.540   708   708 W IPCThreadState: Sending oneway calls to frozen process.
07-04 03:07:25.540   708   708 W IPCThreadState: Sending oneway calls to frozen process.
07-04 03:07:25.540   708   708 W IPCThreadState: Sending oneway calls to frozen process.
07-04 03:07:25.540   708   708 W IPCThreadState: Sending oneway calls to frozen process.
07-04 03:07:25.540   708   708 W IPCThreadState: Sending oneway calls to frozen process.
07-04 03:07:25.542  1461  5473 D PickerSyncController:    Latest ID/Gen=4eb8212abf423e75:external_primary/719
07-04 03:07:25.542  1461  5473 D PickerSyncController:    Cached ID/Gen=4eb8212abf423e75:external_primary/705
07-04 03:07:25.542  1461  5473 D PickerSyncController:    RESULT=SyncRequestParams{type=MEDIA_INCREMENTAL, gen=705, latest=Bundle[{last_media_sync_generation=719, media_collection_id=4eb8212abf423e75:external_primary}], pageSize=1000}
07-04 03:07:25.542  1461  5473 I PickerSyncController: Executing SyncAdd. isLocal: true. authority: com.android.providers.media.photopicker
07-04 03:07:25.543  1461  5473 D PickerSyncLockManager: Trying to acquire lock com.android.providers.media.photopicker.sync.CloseableReentrantLock@cec4fdd[Unlocked]. Lock Name = CLOUD_PROVIDER_LOCK. Threads that may be waiting to acquire this lock = [] with timeout.
07-04 03:07:25.543  1461  5473 D CloseableReentrantLock: Successfully acquired lock com.android.providers.media.photopicker.sync.CloseableReentrantLock@cec4fdd[Locked by thread pool-4-thread-9]. Lock Name = CLOUD_PROVIDER_LOCK. Threads that may be waiting to acquire this lock = []
07-04 03:07:25.543  1461  5473 D CloseableReentrantLock: Successfully released lock com.android.providers.media.photopicker.sync.CloseableReentrantLock@cec4fdd[Unlocked]. Lock Name = CLOUD_PROVIDER_LOCK. Threads that may be waiting to acquire this lock = []
07-04 03:07:25.543  1461  5473 D ExternalDbFacade: Token received for queryMedia = null
07-04 03:07:25.544  1461  5473 D PickerSyncLockManager: Trying to acquire lock com.android.providers.media.photopicker.sync.CloseableReentrantLock@cec4fdd[Unlocked]. Lock Name = CLOUD_PROVIDER_LOCK. Threads that may be waiting to acquire this lock = [] with timeout.
07-04 03:07:25.544  1461  5473 D CloseableReentrantLock: Successfully acquired lock com.android.providers.media.photopicker.sync.CloseableReentrantLock@cec4fdd[Locked by thread pool-4-thread-9]. Lock Name = CLOUD_PROVIDER_LOCK. Threads that may be waiting to acquire this lock = []
07-04 03:07:25.544  1461  5473 D PickerSyncController: Clearing next page token for key: local_provider:media_add:resume
07-04 03:07:25.544  1461  5473 D CloseableReentrantLock: Successfully released lock com.android.providers.media.photopicker.sync.CloseableReentrantLock@cec4fdd[Unlocked]. Lock Name = CLOUD_PROVIDER_LOCK. Threads that may be waiting to acquire this lock = []
07-04 03:07:25.544  1461  5473 D PickerNotificationSender: Sending a notification for media update
07-04 03:07:25.545  1461  5473 D PickerNotificationSender: Sending a notification for merged album media update Favorites
07-04 03:07:25.545  1461  5473 D PickerNotificationSender: Sending a notification for album media update Favorites
07-04 03:07:25.545  1461  5473 D PickerNotificationSender: Sending a notification for merged album media update Videos
07-04 03:07:25.545  1461  5473 D PickerNotificationSender: Sending a notification for album media update Videos
07-04 03:07:25.546  1461  5473 I PickerSyncController: Paged sync successful. QueryArgs: Bundle[{android.provider.extra.SYNC_GENERATION=705, android.provider.extra.PAGE_SIZE=1000}] Total Rows: 0
07-04 03:07:25.547  1461  5473 I PickerSyncController: Executing SyncRemove. isLocal: true. authority: com.android.providers.media.photopicker
07-04 03:07:25.547  1461  5473 D PickerSyncLockManager: Trying to acquire lock com.android.providers.media.photopicker.sync.CloseableReentrantLock@cec4fdd[Unlocked]. Lock Name = CLOUD_PROVIDER_LOCK. Threads that may be waiting to acquire this lock = [] with timeout.
07-04 03:07:25.547  1461  5473 D CloseableReentrantLock: Successfully acquired lock com.android.providers.media.photopicker.sync.CloseableReentrantLock@cec4fdd[Locked by thread pool-4-thread-9]. Lock Name = CLOUD_PROVIDER_LOCK. Threads that may be waiting to acquire this lock = []
07-04 03:07:25.547  1461  5473 D CloseableReentrantLock: Successfully released lock com.android.providers.media.photopicker.sync.CloseableReentrantLock@cec4fdd[Unlocked]. Lock Name = CLOUD_PROVIDER_LOCK. Threads that may be waiting to acquire this lock = []
07-04 03:07:25.548   708   708 W IPCThreadState: Sending oneway calls to frozen process.
07-04 03:07:25.549   708   708 W IPCThreadState: Sending oneway calls to frozen process.
07-04 03:07:25.550   708   708 W IPCThreadState: Sending oneway calls to frozen process.
07-04 03:07:25.550  1461  5473 W PickerDbFacade: Unable to promote cloud media with localId: 86
07-04 03:07:25.550  1512  2227 I AiAiEcho: Settings changed for uri: content://settings/secure/accessibility_enabled
07-04 03:07:25.552  1512  2024 I AiAiEcho: Predicting[0]:  [CONTEXT sampling_count=5 ]
07-04 03:07:25.554  1512  2024 I AiAiEcho: EchoTargets: 
07-04 03:07:25.554  1512  2024 I AiAiEcho: Filtered by AiAi flag check: 
07-04 03:07:25.554  1512  2024 I AiAiEcho: [CONTEXT ratelimit_period="10 SECONDS" ]
07-04 03:07:25.555  1512  2024 I AiAiEcho: #remoteViewsTwiddler: feature disabled.
07-04 03:07:25.555  1512  2024 I AiAiEcho: Predicting[0]:  [CONTEXT sampling_count=5 ]
07-04 03:07:25.555  1512  2024 I AiAiEcho: EchoTargets: 
07-04 03:07:25.555  1512  2024 I AiAiEcho: Filtered by AiAi flag check: 
07-04 03:07:25.555  1512  2024 I AiAiEcho: [CONTEXT ratelimit_period="10 SECONDS" ]
07-04 03:07:25.555   708   708 W IPCThreadState: Sending oneway calls to frozen process.
07-04 03:07:25.555   708   708 D BatterySaverPolicy: accessibility changed to false, updating policy.
07-04 03:07:25.556  1461  1461 D WM-SystemJobService: onStartJob for WorkGenerationalId(workSpecId=e059333c-c30f-48bc-a81f-5af8403667fb, generation=0)
07-04 03:07:25.558  1512  2024 I AiAiEcho: #remoteViewsTwiddler: feature disabled.
07-04 03:07:25.558  1512  2024 I AiAiEcho: #postPredictionTargets: Sending updates to UISurface home with targets# 0 (types=[])
07-04 03:07:25.558  1512  2024 I AiAiEcho: #postPredictionTargets: Sending updates to UISurface lockscreen with targets# 0 (types=[])
07-04 03:07:25.559   962   962 W PageIndicator: Total number of pages invalid: 0. Assuming 1 page.
07-04 03:07:25.559  1096  1096 D SsBaseTemplateCard: No text view can be set up
07-04 03:07:25.559  1096  1096 D SsBaseTemplateCard: Passed-in item info is null
07-04 03:07:25.559  1096  1096 D SsBaseTemplateCard: Passed-in item info is null
07-04 03:07:25.559  1096  1096 D SsBaseTemplateCard: Passed-in item info is null
07-04 03:07:25.559  1096  1096 I SsBaseTemplateCard: Secondary card pane is null
07-04 03:07:25.560  1461  1666 D WM-Processor: Work WorkGenerationalId(workSpecId=e059333c-c30f-48bc-a81f-5af8403667fb, generation=0) is already enqueued for processing
07-04 03:07:25.561  1461  5473 D PickerSyncLockManager: Trying to acquire lock com.android.providers.media.photopicker.sync.CloseableReentrantLock@cec4fdd[Unlocked]. Lock Name = CLOUD_PROVIDER_LOCK. Threads that may be waiting to acquire this lock = [] with timeout.
07-04 03:07:25.561  1461  5473 D CloseableReentrantLock: Successfully acquired lock com.android.providers.media.photopicker.sync.CloseableReentrantLock@cec4fdd[Locked by thread pool-4-thread-9]. Lock Name = CLOUD_PROVIDER_LOCK. Threads that may be waiting to acquire this lock = []
07-04 03:07:25.561  1461  5473 D PickerSyncController: Clearing next page token for key: local_provider:media_remove:resume
07-04 03:07:25.561  1461  5473 D CloseableReentrantLock: Successfully released lock com.android.providers.media.photopicker.sync.CloseableReentrantLock@cec4fdd[Unlocked]. Lock Name = CLOUD_PROVIDER_LOCK. Threads that may be waiting to acquire this lock = []
07-04 03:07:25.562  1461  5473 D PickerNotificationSender: Sending a notification for media update
07-04 03:07:25.562  1461  5473 D PickerNotificationSender: Sending a notification for merged album media update Favorites
07-04 03:07:25.563  1461  5473 D PickerNotificationSender: Sending a notification for album media update Favorites
07-04 03:07:25.564  1461  5473 D PickerNotificationSender: Sending a notification for merged album media update Videos
07-04 03:07:25.564  1461  5473 D PickerNotificationSender: Sending a notification for album media update Videos
07-04 03:07:25.564  1461  5473 I PickerSyncController: Paged sync successful. QueryArgs: Bundle[{android.provider.extra.SYNC_GENERATION=705, android.provider.extra.PAGE_SIZE=1000}] Total Rows: 1
07-04 03:07:25.564  1461  5473 I PickerSyncTracker: Marked sync future complete for work id: e059333c-c30f-48bc-a81f-5af8403667fb. Future map: {}
07-04 03:07:25.565  1461  5473 I PSyncWorker: Completed picker proactive sync complete from local provider.
07-04 03:07:25.566  1461  1608 I WM-WorkerWrapper: Worker result SUCCESS for Work [ id=e059333c-c30f-48bc-a81f-5af8403667fb, tags={ com.android.providers.media.photopicker.sync.ProactiveSyncWorker } ]
07-04 03:07:25.568  1461  1461 D WM-Processor: Processor e059333c-c30f-48bc-a81f-5af8403667fb executed; reschedule = false
07-04 03:07:25.569  1461  1461 D WM-GreedyScheduler: Stopping tracking for WorkGenerationalId(workSpecId=e059333c-c30f-48bc-a81f-5af8403667fb, generation=0)
07-04 03:07:25.570  1461  1461 D WM-SystemJobService: e059333c-c30f-48bc-a81f-5af8403667fb executed on JobScheduler
07-04 03:07:25.576  1461  1666 D WM-GreedyScheduler: Cancelling work ID e059333c-c30f-48bc-a81f-5af8403667fb
07-04 03:07:25.578  1461  1666 D WM-GreedyScheduler: Ignoring {WorkSpec: 4ab35118-0008-4e0e-9667-4896f94f6ee7}. Requires device idle.
07-04 03:07:25.578  1461  1666 D WM-GreedyScheduler: Ignoring {WorkSpec: 5e0a924a-98f8-4d1c-b169-89fa94ec2302}. Requires device idle.
07-04 03:07:25.578  1461  1666 D WM-BrdcstRcvrCnstrntTrc: BatteryNotLowTracker: unregistering receiver
07-04 03:07:25.813   708   863 D WifiClientModeImpl[26229:wlan0]: updateLinkLayerStatsRssiSpeedFrequencyCapabilities rssi=-50 TxLinkspeed=1 freq=2447 RxLinkSpeed=2
07-04 03:07:25.813   708   863 D WifiDataStall: tx tput in kbps: 11000
07-04 03:07:25.813   708   863 D WifiDataStall: rx tput in kbps: 11000
07-04 03:07:25.813   708   863 V WifiConfigManager: Updating scan detail cache freq=2447 BSSID=00:13:10:85:fe:01 RSSI=-50 for "AndroidWifi"NONE
07-04 03:07:25.813   708   863 D WifiThroughputPredictor:  utilization (LLS) 80 isBluetoothConnected: false final utilization: 80
07-04 03:07:25.813   708   863 D WifiThroughputPredictor:  BW: 0 RSSI: -50 Nss: 1 Mode: 1 symDur: 4000 snrDb 30 bitPerTone: 4500 rate: 54 throughput: 11
07-04 03:07:25.813   708   863 D WifiThroughputPredictor:  utilization (LLS) 80 isBluetoothConnected: false final utilization: 80
07-04 03:07:25.813   708   863 D WifiThroughputPredictor:  BW: 0 RSSI: -50 Nss: 1 Mode: 1 symDur: 4000 snrDb 30 bitPerTone: 4500 rate: 54 throughput: 11
07-04 03:07:25.813   708   863 D WifiThroughputPredictor:  utilization (LLS) 80 isBluetoothConnected: false final utilization: 80
07-04 03:07:25.813   708   863 D WifiThroughputPredictor:  BW: 0 RSSI: -50 Nss: 1 Mode: 1 symDur: 4000 snrDb 30 bitPerTone: 4500 rate: 54 throughput: 11
07-04 03:07:25.813   708   863 D WifiThroughputPredictor:  utilization (LLS) 80 isBluetoothConnected: false final utilization: 80
07-04 03:07:25.813   708   863 D WifiThroughputPredictor:  BW: 0 RSSI: -50 Nss: 1 Mode: 1 symDur: 4000 snrDb 30 bitPerTone: 4500 rate: 54 throughput: 11
07-04 03:07:25.814   708   863 D WifiScoreCard: BSSID update SIGNAL_POLL ID: 52320190 SSID: "AndroidWifi", BSSID: 00:13:10:85:fe:01, MAC: 02:15:b2:00:00:00, IP: /10.0.2.16, Security type: 0, Supplicant state: COMPLETED, Wi-Fi standard: legacy, RSSI: -50, Link speed: 1Mbps, Tx Link speed: 1Mbps, Max Supported Tx Link speed: 11Mbps, Rx Link speed: 2Mbps, Max Supported Rx Link speed: 11Mbps, Frequency: 2447MHz, Net ID: 0, Metered hint: false, score: 60, isUsable: true, CarrierMerged: false, SubscriptionId: -1, IsPrimary: 1, Trusted: true, Restricted: false, Ephemeral: false, OEM paid: false, OEM private: false, OSU AP: false, FQDN: <none>, Provider friendly name: <none>, Requesting package name: <none>"AndroidWifi"openMLO Information: , Is TID-To-Link negotiation supported by the AP: false, AP MLD Address: <none>, AP MLO Link Id: <none>, AP MLO Affiliated links: <none>, Vendor Data: <none>
07-04 03:07:25.814   708   863 D WifiScoreCard: txRate: 1 txSpeed: 1
07-04 03:07:25.814   708   863 D WifiScoreCard: network update SIGNAL_POLL "AndroidWifi" ID: 843735694 RSSI -50 txSpeed -1
07-04 03:07:25.814   708   863 D WifiClientModeImpl[26229:wlan0]:  ClientModeImpl$L2ConnectedState screen=on 5 0 "AndroidWifi" 00:13:10:85:fe:01 rssi=-50 f=2447 sc=60 link=1 tx=0.0, 0.0, 0.0 rx=0.0 bcn=0 [on:0 tx:0 rx:0 period:3004] from screen [on:0 period:719417974] score=60
07-04 03:07:26.354     0     0 I binder  : undelivered transaction 3457336, process died.
