07-04 03:49:20.281  1461  1667 D WM-GreedyScheduler: Constraints met: Scheduling work ID WorkGenerationalId(workSpecId=c9861254-acaa-4e74-976f-ed4b7fac7a16, generation=0)
07-04 03:49:20.282  1461  1667 D WM-Processor: Processor: processing WorkGenerationalId(workSpecId=c9861254-acaa-4e74-976f-ed4b7fac7a16, generation=0)
07-04 03:49:20.283  1461  1461 D WM-WorkerWrapper: Starting work for com.android.providers.media.photopicker.sync.ProactiveSyncWorker
07-04 03:49:20.283  1461  5260 I PSyncWorker: Starting proactive picker sync from sync source: 1
07-04 03:49:20.283  1461  5260 I PickerSyncTracker: Created new sync future java.util.concurrent.CompletableFuture@e969281[Not completed, 1 dependents]. Future map: {c9861254-acaa-4e74-976f-ed4b7fac7a16=java.util.concurrent.CompletableFuture@e969281[Not completed, 1 dependents]}
07-04 03:49:20.283  1461  5260 D PickerSyncController: syncAllMediaFromProvider() LOCAL, auth=com.android.providers.media.photopicker, retry=true
07-04 03:49:20.284  1461  5260 D PickerSyncController: getSyncRequestParams() LOCAL, auth=com.android.providers.media.photopicker
07-04 03:49:20.285  1461  5260 D PickerSyncController:    Latest ID/Gen=4eb8212abf423e75:external_primary/1115
07-04 03:49:20.285  1461  5260 D PickerSyncController:    Cached ID/Gen=4eb8212abf423e75:external_primary/1103
07-04 03:49:20.285  1461  5260 D PickerSyncController:    RESULT=SyncRequestParams{type=MEDIA_INCREMENTAL, gen=1103, latest=Bundle[{last_media_sync_generation=1115, media_collection_id=4eb8212abf423e75:external_primary}], pageSize=1000}
07-04 03:49:20.285  1461  5260 I PickerSyncController: Executing SyncAdd. isLocal: true. authority: com.android.providers.media.photopicker
07-04 03:49:20.285  1461  5260 D PickerSyncLockManager: Trying to acquire lock com.android.providers.media.photopicker.sync.CloseableReentrantLock@cec4fdd[Unlocked]. Lock Name = CLOUD_PROVIDER_LOCK. Threads that may be waiting to acquire this lock = [] with timeout.
07-04 03:49:20.285  1461  5260 D CloseableReentrantLock: Successfully acquired lock com.android.providers.media.photopicker.sync.CloseableReentrantLock@cec4fdd[Locked by thread pool-4-thread-3]. Lock Name = CLOUD_PROVIDER_LOCK. Threads that may be waiting to acquire this lock = []
07-04 03:49:20.285  1461  5260 D CloseableReentrantLock: Successfully released lock com.android.providers.media.photopicker.sync.CloseableReentrantLock@cec4fdd[Unlocked]. Lock Name = CLOUD_PROVIDER_LOCK. Threads that may be waiting to acquire this lock = []
07-04 03:49:20.286  1461  5260 D ExternalDbFacade: Token received for queryMedia = null
07-04 03:49:20.286  1461  5260 D PickerSyncLockManager: Trying to acquire lock com.android.providers.media.photopicker.sync.CloseableReentrantLock@cec4fdd[Unlocked]. Lock Name = CLOUD_PROVIDER_LOCK. Threads that may be waiting to acquire this lock = [] with timeout.
07-04 03:49:20.286  1461  5260 D CloseableReentrantLock: Successfully acquired lock com.android.providers.media.photopicker.sync.CloseableReentrantLock@cec4fdd[Locked by thread pool-4-thread-3]. Lock Name = CLOUD_PROVIDER_LOCK. Threads that may be waiting to acquire this lock = []
07-04 03:49:20.286  1461  5260 D PickerSyncController: Clearing next page token for key: local_provider:media_add:resume
07-04 03:49:20.286  1461  5260 D CloseableReentrantLock: Successfully released lock com.android.providers.media.photopicker.sync.CloseableReentrantLock@cec4fdd[Unlocked]. Lock Name = CLOUD_PROVIDER_LOCK. Threads that may be waiting to acquire this lock = []
07-04 03:49:20.286  1461  5260 D PickerNotificationSender: Sending a notification for media update
07-04 03:49:20.287  1461  5260 D PickerNotificationSender: Sending a notification for merged album media update Favorites
07-04 03:49:20.287  1461  5260 D PickerNotificationSender: Sending a notification for album media update Favorites
07-04 03:49:20.289  1461  5260 D PickerNotificationSender: Sending a notification for merged album media update Videos
07-04 03:49:20.289  1461  5260 D PickerNotificationSender: Sending a notification for album media update Videos
07-04 03:49:20.290  1461  5260 I PickerSyncController: Paged sync successful. QueryArgs: Bundle[{android.provider.extra.SYNC_GENERATION=1103, android.provider.extra.PAGE_SIZE=1000}] Total Rows: 0
07-04 03:49:20.293  1461  5260 I PickerSyncController: Executing SyncRemove. isLocal: true. authority: com.android.providers.media.photopicker
07-04 03:49:20.293  1461  5260 D PickerSyncLockManager: Trying to acquire lock com.android.providers.media.photopicker.sync.CloseableReentrantLock@cec4fdd[Unlocked]. Lock Name = CLOUD_PROVIDER_LOCK. Threads that may be waiting to acquire this lock = [] with timeout.
07-04 03:49:20.293  1461  5260 D CloseableReentrantLock: Successfully acquired lock com.android.providers.media.photopicker.sync.CloseableReentrantLock@cec4fdd[Locked by thread pool-4-thread-3]. Lock Name = CLOUD_PROVIDER_LOCK. Threads that may be waiting to acquire this lock = []
07-04 03:49:20.294  1461  5260 D CloseableReentrantLock: Successfully released lock com.android.providers.media.photopicker.sync.CloseableReentrantLock@cec4fdd[Unlocked]. Lock Name = CLOUD_PROVIDER_LOCK. Threads that may be waiting to acquire this lock = []
07-04 03:49:20.294  1461  5260 E PickerDbFacade: Could not get first date taken millis for media id: 119
07-04 03:49:20.294  1461  5260 W PickerDbFacade: Unable to promote cloud media with localId: 119
07-04 03:49:20.294  1461  5260 D PickerSyncLockManager: Trying to acquire lock com.android.providers.media.photopicker.sync.CloseableReentrantLock@cec4fdd[Unlocked]. Lock Name = CLOUD_PROVIDER_LOCK. Threads that may be waiting to acquire this lock = [] with timeout.
07-04 03:49:20.294  1461  5260 D CloseableReentrantLock: Successfully acquired lock com.android.providers.media.photopicker.sync.CloseableReentrantLock@cec4fdd[Locked by thread pool-4-thread-3]. Lock Name = CLOUD_PROVIDER_LOCK. Threads that may be waiting to acquire this lock = []
07-04 03:49:20.294  1461  5260 D PickerSyncController: Clearing next page token for key: local_provider:media_remove:resume
07-04 03:49:20.295  1461  5260 D CloseableReentrantLock: Successfully released lock com.android.providers.media.photopicker.sync.CloseableReentrantLock@cec4fdd[Unlocked]. Lock Name = CLOUD_PROVIDER_LOCK. Threads that may be waiting to acquire this lock = []
07-04 03:49:20.295  1461  5260 D PickerNotificationSender: Sending a notification for media update
07-04 03:49:20.303  1461  5260 D PickerNotificationSender: Sending a notification for merged album media update Favorites
07-04 03:49:20.303  1461  5260 D PickerNotificationSender: Sending a notification for album media update Favorites
07-04 03:49:20.304  1461  5260 D PickerNotificationSender: Sending a notification for merged album media update Videos
07-04 03:49:20.304  1461  5260 D PickerNotificationSender: Sending a notification for album media update Videos
07-04 03:49:20.305  1461  5260 I PickerSyncController: Paged sync successful. QueryArgs: Bundle[{android.provider.extra.SYNC_GENERATION=1103, android.provider.extra.PAGE_SIZE=1000}] Total Rows: 0
07-04 03:49:20.306  1461  5260 I PickerSyncTracker: Marked sync future complete for work id: c9861254-acaa-4e74-976f-ed4b7fac7a16. Future map: {}
07-04 03:49:20.306  1461  5260 I PSyncWorker: Completed picker proactive sync complete from local provider.
07-04 03:49:20.307  1461  1667 I WM-WorkerWrapper: Worker result SUCCESS for Work [ id=c9861254-acaa-4e74-976f-ed4b7fac7a16, tags={ com.android.providers.media.photopicker.sync.ProactiveSyncWorker } ]
07-04 03:49:20.311  1461  1461 D WM-Processor: Processor c9861254-acaa-4e74-976f-ed4b7fac7a16 executed; reschedule = false
07-04 03:49:20.311  1461  1461 D WM-GreedyScheduler: Stopping tracking for WorkGenerationalId(workSpecId=c9861254-acaa-4e74-976f-ed4b7fac7a16, generation=0)
07-04 03:49:20.315  1461  1608 D WM-GreedyScheduler: Cancelling work ID c9861254-acaa-4e74-976f-ed4b7fac7a16
07-04 03:49:20.315  1461  1608 D WM-GreedyScheduler: Ignoring {WorkSpec: 4ab35118-0008-4e0e-9667-4896f94f6ee7}. Requires device idle.
07-04 03:49:20.315  1461  1608 D WM-GreedyScheduler: Ignoring {WorkSpec: 5e0a924a-98f8-4d1c-b169-89fa94ec2302}. Requires device idle.
07-04 03:49:20.315  1461  1608 D WM-BrdcstRcvrCnstrntTrc: BatteryNotLowTracker: unregistering receiver
07-04 03:49:20.331 15810 15810 W AccessibilityNodeInfoDumper: Fetch time: 110ms
07-04 03:49:20.337   708  1262 V AccessibilityManagerService: onUserStateChangedLocked for userId: 0, forceUpdate: false
07-04 03:49:20.338   708  1262 W MagnificationConnectionManager: requestConnection duplicated request: connect=false, mConnectionState=DISCONNECTED
07-04 03:49:20.338   708  1262 D AccessibilityManagerService: restoreCurrentUserForTestAutomationIfNeededLocked(): ignoring because device doesn't support visible background users
07-04 03:49:20.338   708   708 W IPCThreadState: Sending oneway calls to frozen process.
07-04 03:49:20.339   708   708 W IPCThreadState: Sending oneway calls to frozen process.
07-04 03:49:20.339   708   708 W IPCThreadState: Sending oneway calls to frozen process.
07-04 03:49:20.339   708   708 W IPCThreadState: Sending oneway calls to frozen process.
07-04 03:49:20.339   708   708 W IPCThreadState: Sending oneway calls to frozen process.
07-04 03:49:20.339   708   708 W IPCThreadState: Sending oneway calls to frozen process.
07-04 03:49:20.339   708   708 W IPCThreadState: Sending oneway calls to frozen process.
07-04 03:49:20.339  1512  1530 I AiAiEcho: Settings changed for uri: content://settings/secure/accessibility_enabled
07-04 03:49:20.340   708   708 W IPCThreadState: Sending oneway calls to frozen process.
07-04 03:49:20.340  1512  2024 I AiAiEcho: Predicting[0]:  [CONTEXT sampling_count=5 ]
07-04 03:49:20.341   708   708 W IPCThreadState: Sending oneway calls to frozen process.
07-04 03:49:20.341   708   708 W IPCThreadState: Sending oneway calls to frozen process.
07-04 03:49:20.342  1512  2024 I AiAiEcho: EchoTargets:
07-04 03:49:20.342  1512  2024 I AiAiEcho: Filtered by AiAi flag check:
07-04 03:49:20.342  1512  2024 I AiAiEcho: [CONTEXT ratelimit_period="10 SECONDS" ]
07-04 03:49:20.342  1512  2024 I AiAiEcho: #remoteViewsTwiddler: feature disabled.
07-04 03:49:20.342   708   708 W IPCThreadState: Sending oneway calls to frozen process.
07-04 03:49:20.342  1512  2024 I AiAiEcho: Predicting[0]:  [CONTEXT sampling_count=5 ]
07-04 03:49:20.342  1512  2024 I AiAiEcho: EchoTargets:
07-04 03:49:20.342  1512  2024 I AiAiEcho: Filtered by AiAi flag check:
07-04 03:49:20.342  1512  2024 I AiAiEcho: [CONTEXT ratelimit_period="10 SECONDS" ]
07-04 03:49:20.342  1512  2024 I AiAiEcho: #remoteViewsTwiddler: feature disabled.
07-04 03:49:20.342  1512  2024 I AiAiEcho: #postPredictionTargets: Sending updates to UISurface home with targets# 0 (types=[])
07-04 03:49:20.342   708   708 W IPCThreadState: Sending oneway calls to frozen process.
07-04 03:49:20.342  1512  2024 I AiAiEcho: #postPredictionTargets: Sending updates to UISurface lockscreen with targets# 0 (types=[])
07-04 03:49:20.343   708   708 W IPCThreadState: Sending oneway calls to frozen process.
07-04 03:49:20.343   708   708 W IPCThreadState: Sending oneway calls to frozen process.
07-04 03:49:20.343   708   708 W IPCThreadState: Sending oneway calls to frozen process.
07-04 03:49:20.343   708   708 W IPCThreadState: Sending oneway calls to frozen process.
07-04 03:49:20.343   708   708 W IPCThreadState: Sending oneway calls to frozen process.
07-04 03:49:20.343   708   708 W IPCThreadState: Sending oneway calls to frozen process.
07-04 03:49:20.343   708   708 W IPCThreadState: Sending oneway calls to frozen process.
07-04 03:49:20.343   708   708 W IPCThreadState: Sending oneway calls to frozen process.
07-04 03:49:20.343   708   708 W IPCThreadState: Sending oneway calls to frozen process.
07-04 03:49:20.343  1096  1096 D SsBaseTemplateCard: No text view can be set up
07-04 03:49:20.343  1096  1096 D SsBaseTemplateCard: Passed-in item info is null
07-04 03:49:20.343   708   708 W IPCThreadState: Sending oneway calls to frozen process.
07-04 03:49:20.343  1096  1096 D SsBaseTemplateCard: Passed-in item info is null
07-04 03:49:20.343  1096  1096 D SsBaseTemplateCard: Passed-in item info is null
07-04 03:49:20.343  1096  1096 I SsBaseTemplateCard: Secondary card pane is null
07-04 03:49:20.343   708   708 W IPCThreadState: Sending oneway calls to frozen process.
07-04 03:49:20.343   708   708 W IPCThreadState: Sending oneway calls to frozen process.
07-04 03:49:20.343   708   708 D BatterySaverPolicy: accessibility changed to false, updating policy.
07-04 03:49:20.343 15810 15822 W IPCThreadState: call to talkWithDriver in joinThreadPool returned error: -9 (Bad file descriptor), FD: -1
07-04 03:49:20.343   962   962 W PageIndicator: Total number of pages invalid: 0. Assuming 1 page.
07-04 03:49:20.343 15810 15818 W IPCThreadState: call to talkWithDriver in joinThreadPool returned error: -9 (Bad file descriptor), FD: -1
07-04 03:49:20.344 15810 15819 W IPCThreadState: call to talkWithDriver in joinThreadPool returned error: -9 (Bad file descriptor), FD: -1
07-04 03:49:20.345 15810 15810 D AndroidRuntime: Shutting down VM
07-04 03:49:21.293   708  1565 W ActivityTaskManager: callingPackage for (uid=2000, pid=15827) has no WPC
07-04 03:49:21.295   708  1565 V GrammaticalInflectionUtils: AttributionSource: AttributionSource { uid = 10220, packageName = null, attributionTag = null, token = android.os.Binder@1f74874, deviceId = 0, next = null } does not have READ_SYSTEM_GRAMMATICAL_GENDER permission.
07-04 03:49:21.295   708  1565 W OptProp : Cannot read opt property android.window.PROPERTY_COMPAT_ALLOW_USER_ASPECT_RATIO_OVERRIDE
07-04 03:49:21.295   708  1565 W OptProp : Cannot read opt property android.window.PROPERTY_COMPAT_ALLOW_USER_ASPECT_RATIO_FULLSCREEN_OVERRIDE
07-04 03:49:21.295   708  1565 W OptProp : Cannot read opt property android.window.PROPERTY_COMPAT_ALLOW_RESIZEABLE_ACTIVITY_OVERRIDES
07-04 03:49:21.295   708  1565 W OptProp : Cannot read opt property android.window.PROPERTY_COMPAT_ALLOW_MIN_ASPECT_RATIO_OVERRIDE
07-04 03:49:21.298   962 10514 D KeyguardService: setOccluded(false)
07-04 03:49:21.299   708  1565 I ActivityTaskManager: START u0 {act=android.intent.action.VIEW dat=danio://qa/... flg=0x10000000 xflg=0x4 pkg=com.tiarnanlarkin.danio cmp=com.tiarnanlarkin.danio/.MainActivity} with LAUNCH_SINGLE_TOP from uid 2000 (BAL_ALLOW_PERMISSION) result code=3
07-04 03:49:21.299   962 10514 D KeyguardViewMediator: setOccluded(false)
07-04 03:49:21.301   962   962 D KeyguardViewMediator: handleSetOccluded(false)
07-04 03:49:21.303   962   962 D KeyguardViewMediator: KeyguardViewMediator queue processing message: SET_OCCLUDED
07-04 03:49:21.303   962  1022 D WindowManagerShell: onActivityRestartAttempt: topActivity=ComponentInfo{com.tiarnanlarkin.danio/com.tiarnanlarkin.danio.MainActivity}, wasVisible=true
07-04 03:49:21.304   563  1175 I BpBinder: onLastStrongRef automatically unlinking death recipients:
07-04 03:49:21.306 14660 14715 D SessionLifecycleClient: Sending lifecycle 2 to service
07-04 03:49:21.307 14660 14720 D SessionLifecycleService: Activity backgrounding at 10926009
07-04 03:49:21.307 14660 14660 I flutter : [QA] Deep link: danio://qa/breeding-guide
07-04 03:49:21.311 14660 14707 D SessionLifecycleClient: Sending lifecycle 1 to service
07-04 03:49:21.312 14660 14720 D SessionLifecycleService: Activity foregrounding at 10926014.
07-04 03:49:21.904   708   863 D WifiClientModeImpl[26229:wlan0]: updateLinkLayerStatsRssiSpeedFrequencyCapabilities rssi=-50 TxLinkspeed=1 freq=2447 RxLinkSpeed=2
07-04 03:49:21.904   708   863 D WifiDataStall: tx tput in kbps: 11000
07-04 03:49:21.904   708   863 D WifiDataStall: rx tput in kbps: 11000
07-04 03:49:21.904   708   863 V WifiConfigManager: Updating scan detail cache freq=2447 BSSID=00:13:10:85:fe:01 RSSI=-50 for "AndroidWifi"NONE
07-04 03:49:21.904   708   863 D WifiThroughputPredictor:  utilization (LLS) 80 isBluetoothConnected: false final utilization: 80
07-04 03:49:21.904   708   863 D WifiThroughputPredictor:  BW: 0 RSSI: -50 Nss: 1 Mode: 1 symDur: 4000 snrDb 30 bitPerTone: 4500 rate: 54 throughput: 11
07-04 03:49:21.904   708   863 D WifiThroughputPredictor:  utilization (LLS) 80 isBluetoothConnected: false final utilization: 80
07-04 03:49:21.904   708   863 D WifiThroughputPredictor:  BW: 0 RSSI: -50 Nss: 1 Mode: 1 symDur: 4000 snrDb 30 bitPerTone: 4500 rate: 54 throughput: 11
07-04 03:49:21.904   708   863 D WifiThroughputPredictor:  utilization (LLS) 80 isBluetoothConnected: false final utilization: 80
07-04 03:49:21.904   708   863 D WifiThroughputPredictor:  BW: 0 RSSI: -50 Nss: 1 Mode: 1 symDur: 4000 snrDb 30 bitPerTone: 4500 rate: 54 throughput: 11
07-04 03:49:21.904   708   863 D WifiThroughputPredictor:  utilization (LLS) 80 isBluetoothConnected: false final utilization: 80
07-04 03:49:21.904   708   863 D WifiThroughputPredictor:  BW: 0 RSSI: -50 Nss: 1 Mode: 1 symDur: 4000 snrDb 30 bitPerTone: 4500 rate: 54 throughput: 11
07-04 03:49:21.905   708   863 D WifiScoreCard: BSSID update SIGNAL_POLL ID: 52320190 SSID: "AndroidWifi", BSSID: 00:13:10:85:fe:01, MAC: 02:15:b2:00:00:00, IP: /10.0.2.16, Security type: 0, Supplicant state: COMPLETED, Wi-Fi standard: legacy, RSSI: -50, Link speed: 1Mbps, Tx Link speed: 1Mbps, Max Supported Tx Link speed: 11Mbps, Rx Link speed: 2Mbps, Max Supported Rx Link speed: 11Mbps, Frequency: 2447MHz, Net ID: 0, Metered hint: false, score: 60, isUsable: true, CarrierMerged: false, SubscriptionId: -1, IsPrimary: 1, Trusted: true, Restricted: false, Ephemeral: false, OEM paid: false, OEM private: false, OSU AP: false, FQDN: <none>, Provider friendly name: <none>, Requesting package name: <none>"AndroidWifi"openMLO Information: , Is TID-To-Link negotiation supported by the AP: false, AP MLD Address: <none>, AP MLO Link Id: <none>, AP MLO Affiliated links: <none>, Vendor Data: <none>
07-04 03:49:21.905   708   863 D WifiScoreCard: txRate: 1 txSpeed: 1
07-04 03:49:21.905   708   863 D WifiScoreCard: network update SIGNAL_POLL "AndroidWifi" ID: 843735694 RSSI -50 txSpeed -1
07-04 03:49:21.905   708   863 D WifiClientModeImpl[26229:wlan0]:  ClientModeImpl$L2ConnectedState screen=on 5 0 "AndroidWifi" 00:13:10:85:fe:01 rssi=-50 f=2447 sc=60 link=1 tx=0.0, 0.0, 0.0 rx=0.0 bcn=0 [on:0 tx:0 rx:0 period:3006] from screen [on:0 period:721934065] score=60
07-04 03:49:23.270 15830 15830 W screencap: Thread Pool max thread count is 0. Cannot cache binder as linkToDeath cannot be implemented. serviceName: SurfaceFlingerAIDL
07-04 03:49:23.271 15830 15830 W BpBinder: Linking to death on android.gui.ISurfaceComposer but there are no threads (yet?) listening to incoming transactions. See ProcessState::startThreadPool and ProcessState::setThreadPoolMaxThreadCount. Generally you should setup the binder threadpool before other initialization steps.
07-04 03:49:23.271 15830 15830 W ProcessState: Extra binder thread started, but 0 threads requested. Do not use *startThreadPool when zero threads are requested.
07-04 03:49:23.292   563   698 E HwcComposer: getLuts failed Status(-8, EX_SERVICE_SPECIFIC): '8: '
07-04 03:49:23.292   563   698 E HWComposer: getLuts: getLuts failed for display 4619827259835644672: UNSUPPORTED (8)
07-04 03:49:23.289     0     0 I servicemanager: Caller(pid=15830,uid=2000,sid=u:r:shell:s0) Found android.hardware.graphics.allocator.IAllocator/default in device VINTF manifest.
07-04 03:49:23.293     0     0 I servicemanager: Caller(pid=15830,uid=2000,sid=u:r:shell:s0) Found android.hardware.graphics.allocator.IAllocator/default in device VINTF manifest.
07-04 03:49:23.294     0     0 I servicemanager: Caller(pid=15830,uid=2000,sid=u:r:shell:s0) Found mapper/ranchu in device VINTF manifest.
07-04 03:49:23.382  1461  2884 W MediaProvider: isAppCloneUserPair for user 0: false
07-04 03:49:23.483   708  1846 I ActivityManager: Broadcasting: Intent { act=android.intent.action.MEDIA_SCANNER_SCAN_FILE dat=file:///... flg=0x400000 }
07-04 03:49:23.483   708  1846 I ActivityManager: Enqueued broadcast Intent { act=android.intent.action.MEDIA_SCANNER_SCAN_FILE dat=file:///... flg=0x400000 }: 0
07-04 03:49:23.484   708  1565 W JobInfo : Job 'com.google.android.providers.media.module/com.android.providers.media.MediaService#-300' has a deadline with no functional constraints. The deadline won't improve job execution latency. Consider removing the deadline.
07-04 03:49:23.487   708   736 I ActivityManager: Broadcast completed: result=0
07-04 03:49:23.488  1461  1961 I MediaProvider: Begin Intent { act=android.intent.action.MEDIA_SCANNER_SCAN_FILE dat=file:///... flg=0x1400010 cmp=com.google.android.providers.media.module/com.android.providers.media.MediaService }
07-04 03:49:23.490  1461  1961 D ExifInterface: Invalid image: ExifInterface got an unsupported or corrupted image file
07-04 03:49:23.490  1461  1961 D ExifInterface: java.io.IOException: Encountered corrupt PNG file.
07-04 03:49:23.490  1461  1961 D ExifInterface: 	at android.media.ExifInterface.getPngAttributes(ExifInterface.java:3444)
07-04 03:49:23.490  1461  1961 D ExifInterface: 	at android.media.ExifInterface.loadAttributes(ExifInterface.java:2008)
07-04 03:49:23.490  1461  1961 D ExifInterface: 	at android.media.ExifInterface.<init>(ExifInterface.java:1640)
07-04 03:49:23.490  1461  1961 D ExifInterface: 	at android.media.ExifInterface.<init>(ExifInterface.java:1591)
07-04 03:49:23.490  1461  1961 D ExifInterface: 	at com.android.providers.media.scan.ModernMediaScanner.scanItemImage(ModernMediaScanner.java:1713)
07-04 03:49:23.490  1461  1961 D ExifInterface: 	at com.android.providers.media.scan.ModernMediaScanner.scanItem(ModernMediaScanner.java:1306)
07-04 03:49:23.490  1461  1961 D ExifInterface: 	at com.android.providers.media.scan.ModernMediaScanner.-$$Nest$mscanItem(ModernMediaScanner.java:0)
07-04 03:49:23.490  1461  1961 D ExifInterface: 	at com.android.providers.media.scan.ModernMediaScanner$Scan.visitFile(ModernMediaScanner.java:1020)
07-04 03:49:23.490  1461  1961 D ExifInterface: 	at com.android.providers.media.scan.ModernMediaScanner$Scan.visitFile(ModernMediaScanner.java:501)
07-04 03:49:23.490  1461  1961 D ExifInterface: 	at java.nio.file.Files.walkFileTree(Files.java:2670)
07-04 03:49:23.490  1461  1961 D ExifInterface: 	at java.nio.file.Files.walkFileTree(Files.java:2742)
07-04 03:49:23.490  1461  1961 D ExifInterface: 	at com.android.providers.media.scan.ModernMediaScanner$Scan.walkFileTree(ModernMediaScanner.java:624)
07-04 03:49:23.490  1461  1961 D ExifInterface: 	at com.android.providers.media.scan.ModernMediaScanner$Scan.runInternal(ModernMediaScanner.java:583)
07-04 03:49:23.490  1461  1961 D ExifInterface: 	at com.android.providers.media.scan.ModernMediaScanner$Scan.run(ModernMediaScanner.java:572)
07-04 03:49:23.490  1461  1961 D ExifInterface: 	at com.android.providers.media.scan.ModernMediaScanner.scanFile(ModernMediaScanner.java:420)
07-04 03:49:23.490  1461  1961 D ExifInterface: 	at com.android.providers.media.MediaProvider.scanFile(MediaProvider.java:2396)
07-04 03:49:23.490  1461  1961 D ExifInterface: 	at com.android.providers.media.MediaService.onScanFile(MediaService.java:237)
07-04 03:49:23.490  1461  1961 D ExifInterface: 	at com.android.providers.media.MediaService.onHandleWork(MediaService.java:85)
07-04 03:49:23.490  1461  1961 D ExifInterface: 	at androidx.core.app.JobIntentService$CommandProcessor.doInBackground(JobIntentService.java:397)
07-04 03:49:23.490  1461  1961 D ExifInterface: 	at androidx.core.app.JobIntentService$CommandProcessor.doInBackground(JobIntentService.java:388)
07-04 03:49:23.490  1461  1961 D ExifInterface: 	at android.os.AsyncTask$3.call(AsyncTask.java:394)
07-04 03:49:23.490  1461  1961 D ExifInterface: 	at java.util.concurrent.FutureTask.run(FutureTask.java:317)
07-04 03:49:23.490  1461  1961 D ExifInterface: 	at java.util.concurrent.ThreadPoolExecutor.runWorker(ThreadPoolExecutor.java:1156)
07-04 03:49:23.490  1461  1961 D ExifInterface: 	at java.util.concurrent.ThreadPoolExecutor$Worker.run(ThreadPoolExecutor.java:651)
07-04 03:49:23.490  1461  1961 D ExifInterface: 	at java.lang.Thread.run(Thread.java:1119)
07-04 03:49:23.499  1461  1961 I MediaProvider: End Intent { act=android.intent.action.MEDIA_SCANNER_SCAN_FILE dat=file:///... flg=0x1400010 cmp=com.google.android.providers.media.module/com.android.providers.media.MediaService }
07-04 03:49:23.508  1461  1666 D WM-SystemJobScheduler: Scheduling work ID aa701a72-a041-4159-ae86-d849bc668280Job ID 87
07-04 03:49:23.510  1461  1666 D WM-GreedyScheduler: Ignoring {WorkSpec: 4ab35118-0008-4e0e-9667-4896f94f6ee7}. Requires device idle.
07-04 03:49:23.510  1461  1666 D WM-GreedyScheduler: Ignoring {WorkSpec: 5e0a924a-98f8-4d1c-b169-89fa94ec2302}. Requires device idle.
07-04 03:49:23.612  1461  1724 W MediaProvider: Ignoring param:deletedata post U for external apps
07-04 03:49:23.614  1461  1724 I MediaProvider: Deleted 0 1 0 0 0 0 0 items on external_primary due to com.android.shell
07-04 03:49:23.748 15842 15842 D AndroidRuntime: >>>>>> START com.android.internal.os.RuntimeInit uid 2000 <<<<<<
07-04 03:49:23.755 15842 15842 I AndroidRuntime: Using default boot image
07-04 03:49:23.755 15842 15842 I AndroidRuntime: Leaving lock profiling enabled
07-04 03:49:23.756 15842 15842 I app_process: Core platform API reporting enabled, enforcing=false
07-04 03:49:23.757 15842 15842 I app_process: Using CollectorTypeCMC GC.
07-04 03:49:23.838 15842 15842 D nativeloader: InitDefaultPublicLibraries for_preload=1: libandroid.so:libaaudio.so:libamidi.so:libbinder_ndk.so:libc.so:libcamera2ndk.so:libdl.so:libEGL.so:libGLESv1_CM.so:libGLESv2.so:libGLESv3.so:libicu.so:libicui18n.so:libicuuc.so:libjnigraphics.so:liblog.so:libmediandk.so:libm.so:libnativehelper.so:libnativewindow.so:libOpenMAXAL.so:libOpenSLES.so:libRS.so:libstdc++.so:libsync.so:libvulkan.so:libwebviewchromium_plat_support.so:libz.so
07-04 03:49:23.845 15842 15842 D nativeloader: Load libicu_jni.so using APEX ns com_android_art for caller /apex/com.android.art/javalib/core-oj.jar: ok
07-04 03:49:23.845 15842 15842 D app_process: u_setTimeZoneFilesDirectory("/apex/com.android.tzdata/etc/tz/versioned/9/icu") succeeded.
07-04 03:49:23.845 15842 15842 D app_process: I18n APEX ICU file found: /apex/com.android.i18n/etc/icu/icudt76l.dat
07-04 03:49:23.845 15842 15842 D nativeloader: Load libjavacore.so using APEX ns com_android_art for caller /apex/com.android.art/javalib/core-oj.jar: ok
07-04 03:49:23.846 15842 15842 D nativeloader: Load libopenjdk.so using APEX ns com_android_art for caller /apex/com.android.art/javalib/core-oj.jar: ok
07-04 03:49:23.848 15842 15842 W app_process: Unexpected CPU variant for x86: x86_64.
07-04 03:49:23.848 15842 15842 W app_process: Known variants: atom, sandybridge, silvermont, goldmont, goldmont-plus, goldmont-without-sha-xsaves, tremont, kabylake, alderlake, default
07-04 03:49:23.851 15842 15842 W app_process: ClassLoaderContext shared library size mismatch. Expected=2, found=0 (PCL[]{PCL[/system/framework/android.test.base.jar*2789897741]#PCL[/system/framework/android.test.mock.jar*3361312393]} | PCL[])
07-04 03:49:23.852 15842 15842 W app_process: ClassLoaderContext classpath size mismatch. expected=0, found=1 (PCL[]{PCL[/system/framework/android.test.runner.jar*895143020]#PCL[/system/framework/android.test.base.jar*2789897741]} | PCL[/system/framework/android.test.runner.jar*895143020])
07-04 03:49:23.877 15842 15842 D nativeloader: Load libframework-connectivity-tiramisu-jni.so using APEX ns com_android_tethering for caller /apex/com.android.tethering/javalib/framework-connectivity-t.jar: ok
07-04 03:49:23.877 15842 15842 D AndroidRuntime: Calling main entry com.android.commands.uiautomator.Launcher
07-04 03:49:23.880 15842 15842 I AconfigPackage: android.media.swcodec.flags is mapped to com.android.media.swcodec
07-04 03:49:23.881 15842 15842 I AconfigPackage: com.google.android.settings.simplemode.flags is mapped to system_ext
07-04 03:49:23.881 15842 15842 I AconfigPackage: com.google.android.systemui is mapped to system_ext
07-04 03:49:23.881 15842 15842 I AconfigPackage: com.google.android.apps.nexuslauncher is mapped to system_ext
07-04 03:49:23.881 15842 15842 I AconfigPackage: com.android.settings.accessibility is mapped to system_ext
07-04 03:49:23.881 15842 15842 I AconfigPackage: com.android.settings.flags is mapped to system_ext
07-04 03:49:23.881 15842 15842 I AconfigPackage: com.google.android.apps.miphone.aiai.matchmaker.overview.ui is mapped to system_ext
07-04 03:49:23.881 15842 15842 I AconfigPackage: com.google.android.settings.flags is mapped to system_ext
07-04 03:49:23.881 15842 15842 I AconfigPackage: com.android.launcher3 is mapped to system_ext
07-04 03:49:23.881 15842 15842 I AconfigPackage: com.android.wallpaper is mapped to system_ext
07-04 03:49:23.881 15842 15842 I AconfigPackage: com.android.settings.media_drm is mapped to system_ext
07-04 03:49:23.881 15842 15842 I AconfigPackage: com.android.systemui.accessibility.accessibilitymenu is mapped to system_ext
07-04 03:49:23.881 15842 15842 I AconfigPackage: com.android.settings.keyboard is mapped to system_ext
07-04 03:49:23.881 15842 15842 I AconfigPackage: com.android.server.policy.feature.flags is mapped to system_ext
07-04 03:49:23.881 15842 15842 I AconfigPackage: com.android.settings.factory_reset is mapped to system_ext
07-04 03:49:23.881 15842 15842 I AconfigPackage: com.google.android.haptics.flags is mapped to system_ext
07-04 03:49:23.881 15842 15842 I AconfigPackage: com.android.permission.flags is mapped to com.android.permission
07-04 03:49:23.882 15842 15842 I AconfigPackage: com.android.icu is mapped to com.android.i18n
07-04 03:49:23.882 15842 15842 I AconfigPackage: com.android.appsearch.flags is mapped to com.android.appsearch
07-04 03:49:23.882 15842 15842 I AconfigPackage: android.uprobestats.mainline.flags is mapped to com.android.uprobestats
07-04 03:49:23.882 15842 15842 I AconfigPackage: android.provider.flags is mapped to com.android.configinfrastructure
07-04 03:49:23.882 15842 15842 I AconfigPackage: com.android.server.deviceconfig is mapped to com.android.configinfrastructure
07-04 03:49:23.882 15842 15842 I AconfigPackage: com.android.nfc.flags is mapped to system
07-04 03:49:23.882 15842 15842 I AconfigPackage: android.app.admin.flags is mapped to system
07-04 03:49:23.882 15842 15842 I AconfigPackage: android.database.sqlite is mapped to system
07-04 03:49:23.882 15842 15842 I AconfigPackage: com.android.providers.calendar is mapped to system
07-04 03:49:23.882 15842 15842 I AconfigPackage: com.android.server.power.feature.flags is mapped to system
07-04 03:49:23.882 15842 15842 I AconfigPackage: com.android.media.performance.flags is mapped to system
07-04 03:49:23.882 15842 15842 I AconfigPackage: android.app.contextualsearch.flags is mapped to system
07-04 03:49:23.882 15842 15842 I AconfigPackage: android.app.ondeviceintelligence.flags is mapped to system
07-04 03:49:23.882 15842 15842 I AconfigPackage: com.android.media.projection.flags is mapped to system
07-04 03:49:23.882 15842 15842 I AconfigPackage: android.companion is mapped to system
07-04 03:49:23.882 15842 15842 I AconfigPackage: android.service.controls.flags is mapped to system
07-04 03:49:23.882 15842 15842 I AconfigPackage: com.android.text.flags is mapped to system
07-04 03:49:23.882 15842 15842 I AconfigPackage: com.android.providers.contactkeys.flags is mapped to system
07-04 03:49:23.882 15842 15842 I AconfigPackage: com.android.intentresolver is mapped to system
07-04 03:49:23.882 15842 15842 I AconfigPackage: android.companion.virtualdevice.flags is mapped to system
07-04 03:49:23.882 15842 15842 I AconfigPackage: android.uprobestats.flags is mapped to system
07-04 03:49:23.882 15842 15842 I AconfigPackage: com.android.net.thread.platform.flags is mapped to system
07-04 03:49:23.882 15842 15842 I AconfigPackage: android.view.contentprotection.flags is mapped to system
07-04 03:49:23.882 15842 15842 I AconfigPackage: com.android.server.dreams is mapped to system
07-04 03:49:23.882 15842 15842 I AconfigPackage: com.android.graphics.surfaceflinger.flags is mapped to system
07-04 03:49:23.882 15842 15842 I AconfigPackage: com.android.hardware.input is mapped to system
07-04 03:49:23.882 15842 15842 I AconfigPackage: android.sdk is mapped to system
07-04 03:49:23.882 15842 15842 I AconfigPackage: com.android.input.flags is mapped to system
07-04 03:49:23.882 15842 15842 I AconfigPackage: android.tracing is mapped to system
07-04 03:49:23.882 15842 15842 I AconfigPackage: com.android.server.biometrics is mapped to system
07-04 03:49:23.882 15842 15842 I AconfigPackage: android.view.contentcapture.flags is mapped to system
07-04 03:49:23.882 15842 15842 I AconfigPackage: android.app.job is mapped to system
07-04 03:49:23.882 15842 15842 I AconfigPackage: android.content.res is mapped to system
07-04 03:49:23.882 15842 15842 I AconfigPackage: android.net.platform.flags is mapped to system
07-04 03:49:23.882 15842 15842 I AconfigPackage: com.android.aconfig.flags is mapped to system
07-04 03:49:23.882 15842 15842 I AconfigPackage: com.android.graphics.flags is mapped to system
07-04 03:49:23.882 15842 15842 I AconfigPackage: android.server.app is mapped to system
07-04 03:49:23.882 15842 15842 I AconfigPackage: android.speech.flags is mapped to system
07-04 03:49:23.887 15842 15842 I AconfigPackage: com.android.server.stats is mapped to system
07-04 03:49:23.887 15842 15842 I AconfigPackage: android.hardware.biometrics is mapped to system
07-04 03:49:23.887 15842 15842 I AconfigPackage: android.car.feature is mapped to system
07-04 03:49:23.887 15842 15842 I AconfigPackage: android.adpf is mapped to system
07-04 03:49:23.887 15842 15842 I AconfigPackage: android.location.flags is mapped to system
07-04 03:49:23.887 15842 15842 I AconfigPackage: com.android.settingslib.flags is mapped to system
07-04 03:49:23.887 15842 15842 I AconfigPackage: com.android.managedprovisioning.flags is mapped to system
07-04 03:49:23.887 15842 15842 I AconfigPackage: android.app.assist.flags is mapped to system
07-04 03:49:23.887 15842 15842 I AconfigPackage: com.android.server.net is mapped to system
07-04 03:49:23.887 15842 15842 I AconfigPackage: com.android.settingslib.widget.flags is mapped to system
07-04 03:49:23.887 15842 15842 I AconfigPackage: com.android.internal.camera.flags is mapped to system
07-04 03:49:23.887 15842 15842 I AconfigPackage: com.android.hardware.libsensor.flags is mapped to system
07-04 03:49:23.887 15842 15842 I AconfigPackage: com.android.internal.jank is mapped to system
07-04 03:49:23.887 15842 15842 I AconfigPackage: com.android.providers.settings is mapped to system
07-04 03:49:23.887 15842 15842 I AconfigPackage: android.multiuser is mapped to system
07-04 03:49:23.887 15842 15842 I AconfigPackage: com.android.server.power.optimization is mapped to system
07-04 03:49:23.887 15842 15842 I AconfigPackage: com.android.calllogbackup is mapped to system
07-04 03:49:23.887 15842 15842 I AconfigPackage: com.android.media.flags is mapped to system
07-04 03:49:23.887 15842 15842 I AconfigPackage: com.android.server.flags is mapped to system
07-04 03:49:23.887 15842 15842 I AconfigPackage: com.android.graphics.libvulkan.flags is mapped to system
07-04 03:49:23.887 15842 15842 I AconfigPackage: android.app.appfunctions.flags is mapped to system
07-04 03:49:23.887 15842 15842 I AconfigPackage: android.app.smartspace.flags is mapped to system
07-04 03:49:23.887 15842 15842 I AconfigPackage: com.android.providers.contacts.flags is mapped to system
07-04 03:49:23.887 15842 15842 I AconfigPackage: com.android.shell.flags is mapped to system
07-04 03:49:23.887 15842 15842 I AconfigPackage: com.android.media.aaudio is mapped to system
07-04 03:49:23.887 15842 15842 I AconfigPackage: android.hardware.radio is mapped to system
07-04 03:49:23.887 15842 15842 I AconfigPackage: com.google.wear.services.infra.flags is mapped to system
07-04 03:49:23.887 15842 15842 I AconfigPackage: suspend_service.flags is mapped to system
07-04 03:49:23.887 15842 15842 I AconfigPackage: android.media.midi is mapped to system
07-04 03:49:23.887 15842 15842 I AconfigPackage: com.android.libcore.readonly is mapped to system
07-04 03:49:23.887 15842 15842 I AconfigPackage: com.android.settingslib.widget.selectorwithwidgetpreference.flags is mapped to system
07-04 03:49:23.887 15842 15842 I AconfigPackage: android.service.notification is mapped to system
07-04 03:49:23.887 15842 15842 I AconfigPackage: com.android.systemui.shared is mapped to system
07-04 03:49:23.887 15842 15842 I AconfigPackage: android.app.jank is mapped to system
07-04 03:49:23.887 15842 15842 I AconfigPackage: android.app.wearable is mapped to system
07-04 03:49:23.887 15842 15842 I AconfigPackage: com.android.media.audio is mapped to system
07-04 03:49:23.887 15842 15842 I AconfigPackage: android.service.chooser is mapped to system
07-04 03:49:23.887 15842 15842 I AconfigPackage: com.android.server.compat is mapped to system
07-04 03:49:23.887 15842 15842 I AconfigPackage: com.android.server.alarm is mapped to system
07-04 03:49:23.887 15842 15842 I AconfigPackage: com.android.apex.flags is mapped to system
07-04 03:49:23.887 15842 15842 I AconfigPackage: android.service.quickaccesswallet is mapped to system
07-04 03:49:23.887 15842 15842 I AconfigPackage: android.app.usage is mapped to system
07-04 03:49:23.887 15842 15842 I AconfigPackage: com.android.server.accessibility is mapped to system
07-04 03:49:23.887 15842 15842 I AconfigPackage: android.app.supervision.flags is mapped to system
07-04 03:49:23.887 15842 15842 I AconfigPackage: com.android.server.utils is mapped to system
07-04 03:49:23.887 15842 15842 I AconfigPackage: android.chre.flags is mapped to system
07-04 03:49:23.887 15842 15842 I AconfigPackage: android.content.flags is mapped to system
07-04 03:49:23.887 15842 15842 I AconfigPackage: android.media.codec is mapped to system
07-04 03:49:23.887 15842 15842 I AconfigPackage: com.android.internal.os is mapped to system
07-04 03:49:23.887 15842 15842 I AconfigPackage: com.android.nfc.nci.flags is mapped to system
07-04 03:49:23.887 15842 15842 I AconfigPackage: android.app is mapped to system
07-04 03:49:23.887 15842 15842 I AconfigPackage: android.security.keystore2 is mapped to system
07-04 03:49:23.887 15842 15842 I AconfigPackage: android.crashrecovery.flags is mapped to system
07-04 03:49:23.887 15842 15842 I AconfigPackage: com.android.tradeinmode.flags is mapped to system
07-04 03:49:23.887 15842 15842 I AconfigPackage: android.hardware.flags is mapped to system
07-04 03:49:23.887 15842 15842 I AconfigPackage: com.android.server.telecom.flags is mapped to system
07-04 03:49:23.887 15842 15842 I AconfigPackage: com.android.settingslib.media.flags is mapped to system
07-04 03:49:23.887 15842 15842 I AconfigPackage: com.android.server.policy is mapped to system
07-04 03:49:23.887 15842 15842 I AconfigPackage: android.media.audiopolicy is mapped to system
07-04 03:49:23.887 15842 15842 I AconfigPackage: com.android.egg.flags is mapped to system
07-04 03:49:23.887 15842 15842 I AconfigPackage: com.android.internal.compat.flags is mapped to system
07-04 03:49:23.887 15842 15842 I AconfigPackage: android.security is mapped to system
07-04 03:49:23.887 15842 15842 I AconfigPackage: android.service.autofill is mapped to system
07-04 03:49:23.887 15842 15842 I AconfigPackage: com.example.android.aconfig.demo.flags is mapped to system
07-04 03:49:23.887 15842 15842 I AconfigPackage: android.view.flags is mapped to system
07-04 03:49:23.888 15842 15842 I AconfigPackage: android.companion.virtual.flags is mapped to system
07-04 03:49:23.888 15842 15842 I AconfigPackage: com.android.aconfig_new_storage is mapped to system
07-04 03:49:23.888 15842 15842 I AconfigPackage: com.android.server.feature.flags is mapped to system
07-04 03:49:23.888 15842 15842 I AconfigPackage: com.android.systemui is mapped to system
07-04 03:49:23.888 15842 15842 I AconfigPackage: com.android.server.power.batterysaver is mapped to system
07-04 03:49:23.888 15842 15842 I AconfigPackage: android.widget.flags is mapped to system
07-04 03:49:23.888 15842 15842 I AconfigPackage: com.android.media.editing.flags is mapped to system
07-04 03:49:23.888 15842 15842 I AconfigPackage: com.android.media.codec.flags is mapped to system
07-04 03:49:23.888 15842 15842 I AconfigPackage: com.android.server.powerstats is mapped to system
07-04 03:49:23.888 15842 15842 I AconfigPackage: com.android.graphics.egl.flags is mapped to system
07-04 03:49:23.888 15842 15842 I AconfigPackage: com.android.media.audioserver is mapped to system
07-04 03:49:23.888 15842 15842 I AconfigPackage: com.android.server.deviceidle is mapped to system
07-04 03:49:23.888 15842 15842 I AconfigPackage: android.nfc is mapped to system
07-04 03:49:23.888 15842 15842 I AconfigPackage: android.permission.flags is mapped to system
07-04 03:49:23.888 15842 15842 I AconfigPackage: android.service.voice.flags is mapped to system
07-04 03:49:23.888 15842 15842 I AconfigPackage: android.content.pm is mapped to system
07-04 03:49:23.888 15842 15842 I AconfigPackage: com.android.server.power.hint is mapped to system
07-04 03:49:23.888 15842 15842 I AconfigPackage: android.os is mapped to system
07-04 03:49:23.888 15842 15842 I AconfigPackage: android.service.dreams is mapped to system
07-04 03:49:23.888 15842 15842 I AconfigPackage: com.android.graphics.libgui.flags is mapped to system
07-04 03:49:23.888 15842 15842 I AconfigPackage: android.hardware.usb.flags is mapped to system
07-04 03:49:23.888 15842 15842 I AconfigPackage: android.provider is mapped to system
07-04 03:49:23.888 15842 15842 I AconfigPackage: com.android.server.job is mapped to system
07-04 03:49:23.888 15842 15842 I AconfigPackage: com.android.internal.foldables.flags is mapped to system
07-04 03:49:23.888 15842 15842 I AconfigPackage: com.android.internal.telephony.flags is mapped to system
07-04 03:49:23.888 15842 15842 I AconfigPackage: android.webkit is mapped to system
07-04 03:49:23.888 15842 15842 I AconfigPackage: android.credentials.flags is mapped to system
07-04 03:49:23.888 15842 15842 I AconfigPackage: com.android.server.display.feature.flags is mapped to system
07-04 03:49:23.888 15842 15842 I AconfigPackage: com.android.server.notification is mapped to system
07-04 03:49:23.888 15842 15842 I AconfigPackage: android.appwidget.flags is mapped to system
07-04 03:49:23.888 15842 15842 I AconfigPackage: com.android.frameworks.sensorservice.flags is mapped to system
07-04 03:49:23.888 15842 15842 I AconfigPackage: com.android.printspooler.flags is mapped to system
07-04 03:49:23.888 15842 15842 I AconfigPackage: com.android.window.flags is mapped to system
07-04 03:49:23.888 15842 15842 I AconfigPackage: android.adaptiveauth is mapped to system
07-04 03:49:23.888 15842 15842 I AconfigPackage: android.net.wifi.flags is mapped to system
07-04 03:49:23.888 15842 15842 I AconfigPackage: android.media.tv.flags is mapped to system
07-04 03:49:23.888 15842 15842 I AconfigPackage: com.android.server.usb.flags is mapped to system
07-04 03:49:23.888 15842 15842 I AconfigPackage: android.os.vibrator is mapped to system
07-04 03:49:23.888 15842 15842 I AconfigPackage: android.hardware.devicestate.feature.flags is mapped to system
07-04 03:49:23.888 15842 15842 I AconfigPackage: com.android.server.usage is mapped to system
07-04 03:49:23.888 15842 15842 I AconfigPackage: android.server is mapped to system
07-04 03:49:23.888 15842 15842 I AconfigPackage: com.android.wm.shell is mapped to system
07-04 03:49:23.888 15842 15842 I AconfigPackage: android.view.inputmethod is mapped to system
07-04 03:49:23.888 15842 15842 I AconfigPackage: com.android.graphics.hwui.flags is mapped to system
07-04 03:49:23.888 15842 15842 I AconfigPackage: com.android.server.backup is mapped to system
07-04 03:49:23.888 15842 15842 I AconfigPackage: com.android.internal.pm.pkg.component.flags is mapped to system
07-04 03:49:23.888 15842 15842 I AconfigPackage: android.view.accessibility is mapped to system
07-04 03:49:23.888 15842 15842 I AconfigPackage: com.google.wear.sdk is mapped to system
07-04 03:49:23.888 15842 15842 I AconfigPackage: android.media.audio is mapped to system
07-04 03:49:23.888 15842 15842 I AconfigPackage: com.android.server.am is mapped to system
07-04 03:49:23.888 15842 15842 I AconfigPackage: com.android.media.playback.flags is mapped to system
07-04 03:49:23.888 15842 15842 I AconfigPackage: com.android.art.flags is mapped to com.android.art
07-04 03:49:23.888 15842 15842 I AconfigPackage: com.android.libcore is mapped to com.android.art
07-04 03:49:23.888 15842 15842 I AconfigPackage: com.android.media.extractor.flags is mapped to com.android.media
07-04 03:49:23.888 15842 15842 I AconfigPackage: com.android.media.mainline.flags is mapped to com.android.media
07-04 03:49:23.888 15842 15842 I AconfigPackage: com.android.wifi.flags is mapped to com.android.wifi
07-04 03:49:23.888 15842 15842 I AconfigPackage: com.android.org.conscrypt.flags is mapped to com.android.conscrypt
07-04 03:49:23.888 15842 15842 I AconfigPackage: com.android.healthfitness.flags is mapped to com.android.healthfitness
07-04 03:49:23.888 15842 15842 I AconfigPackage: com.google.android.input.twoshay.flags is mapped to vendor
07-04 03:49:23.888 15842 15842 I AconfigPackage: libgooglecamerahal.flags is mapped to vendor
07-04 03:49:23.888 15842 15842 I AconfigPackage: com.android.ipsec.flags is mapped to com.android.ipsec
07-04 03:49:23.888 15842 15842 I AconfigPackage: com.android.nfc.module.flags is mapped to com.android.nfcservices
07-04 03:49:23.889 15842 15842 I AconfigPackage: com.android.adservices.ondevicepersonalization.flags is mapped to com.android.ondevicepersonalization
07-04 03:49:23.889 15842 15842 I AconfigPackage: com.android.bluetooth.flags is mapped to com.android.bt
07-04 03:49:23.889 15842 15842 I AconfigPackage: com.android.devicelock.flags is mapped to com.android.devicelock
07-04 03:49:23.889 15842 15842 I AconfigPackage: android.os.profiling is mapped to com.android.profiling
07-04 03:49:23.889 15842 15842 I AconfigPackage: com.android.os.statsd.flags is mapped to com.android.os.statsd
07-04 03:49:23.889 15842 15842 I AconfigPackage: com.android.cellbroadcastreceiver.flags is mapped to com.android.cellbroadcast
07-04 03:49:23.889 15842 15842 I AconfigPackage: com.android.adservices.flags is mapped to com.android.adservices
07-04 03:49:23.889 15842 15842 I AconfigPackage: com.android.sdksandbox.flags is mapped to com.android.adservices
07-04 03:49:23.889 15842 15842 I AconfigPackage: com.android.uwb.flags is mapped to com.android.uwb
07-04 03:49:23.889 15842 15842 I AconfigPackage: com.android.ranging.flags is mapped to com.android.uwb
07-04 03:49:23.889 15842 15842 I AconfigPackage: android.graphics.pdf.flags is mapped to com.android.mediaprovider
07-04 03:49:23.889 15842 15842 I AconfigPackage: com.android.providers.media.flags is mapped to com.android.mediaprovider
07-04 03:49:23.889 15842 15842 I AconfigPackage: android.graphics.pdf.flags.readonly is mapped to com.android.mediaprovider
07-04 03:49:23.889 15842 15842 I AconfigPackage: com.android.net.ct.flags is mapped to com.android.tethering
07-04 03:49:23.889 15842 15842 I AconfigPackage: com.android.net.flags is mapped to com.android.tethering
07-04 03:49:23.889 15842 15842 I AconfigPackage: android.net.vcn is mapped to com.android.tethering
07-04 03:49:23.889 15842 15842 I AconfigPackage: com.android.nearby.flags is mapped to com.android.tethering
07-04 03:49:23.889 15842 15842 I AconfigPackage: android.net.http is mapped to com.android.tethering
07-04 03:49:23.889 15842 15842 I AconfigPackage: com.android.net.thread.flags is mapped to com.android.tethering
07-04 03:49:23.889 15842 15842 I AconfigPackage: com.android.system.virtualmachine.flags is mapped to com.android.virt
07-04 03:49:23.889 15842 15842 E FeatureFlagsImplExport: android.os.flagging.AconfigStorageReadException: ERROR_PACKAGE_NOT_FOUND: package android.xr cannot be found on the device
07-04 03:49:23.892 15842 15842 D UiAutomationConnection: Created on user UserHandle{0}
07-04 03:49:23.892 15842 15842 I UiAutomation: Initialized for user 0 on display 0
07-04 03:49:23.892 15842 15842 W UiAutomation: Created with deprecatead constructor, assumes DEFAULT_DISPLAY
07-04 03:49:23.893   708  1020 D AccessibilityManagerService: changeCurrentUserForTestAutomationIfNeededLocked(0): ignoring because device doesn't support visible background users
07-04 03:49:23.893   708  1020 I UiAutomationManager: Registering UiTestAutomationService (id=com.android.server.accessibility/UiAutomation, flags=0x0) when called by user 0
07-04 03:49:23.894   708  1020 V AccessibilityManagerService: onUserStateChangedLocked for userId: 0, forceUpdate: false
07-04 03:49:23.895   708  1020 W MagnificationConnectionManager: requestConnection duplicated request: connect=false, mConnectionState=DISCONNECTED
07-04 03:49:23.896  1512  2227 I AiAiEcho: Settings changed for uri: content://settings/secure/accessibility_enabled
07-04 03:49:23.896  1512  2024 I AiAiEcho: Predicting[0]:  [CONTEXT sampling_count=5 ]
07-04 03:49:23.896  1512  2024 I AiAiEcho: EchoTargets:
07-04 03:49:23.896  1512  2024 I AiAiEcho: Filtered by AiAi flag check:
07-04 03:49:23.896  1512  2024 I AiAiEcho: [CONTEXT ratelimit_period="10 SECONDS" ]
07-04 03:49:23.897   708   708 W IPCThreadState: Sending oneway calls to frozen process.
07-04 03:49:23.897   708   708 W IPCThreadState: Sending oneway calls to frozen process.
07-04 03:49:23.897  1512  2024 I AiAiEcho: #remoteViewsTwiddler: feature disabled.
07-04 03:49:23.897   708   708 W IPCThreadState: Sending oneway calls to frozen process.
