07-04 01:15:15.835  5685  5685 D AndroidRuntime: Shutting down VM
07-04 01:15:15.835  5685  5695 W IPCThreadState: call to talkWithDriver in joinThreadPool returned error: -9 (Bad file descriptor), FD: -1
07-04 01:15:15.835  5685  5696 W IPCThreadState: call to talkWithDriver in joinThreadPool returned error: -9 (Bad file descriptor), FD: -1
07-04 01:15:15.836  5685  5699 W IPCThreadState: call to talkWithDriver in joinThreadPool returned error: -9 (Bad file descriptor), FD: -1
07-04 01:15:15.836   708   708 W IPCThreadState: Sending oneway calls to frozen process.
07-04 01:15:15.837  1512  2141 I AiAiEcho: Settings changed for uri: content://settings/secure/accessibility_enabled
07-04 01:15:15.839  1512  2024 I AiAiEcho: Predicting[0]:  [CONTEXT sampling_count=5 ]
07-04 01:15:15.839  1512  2024 I AiAiEcho: EchoTargets: 
07-04 01:15:15.839  1512  2024 I AiAiEcho: Filtered by AiAi flag check: 
07-04 01:15:15.839  1512  2024 I AiAiEcho: [CONTEXT ratelimit_period="10 SECONDS" ]
07-04 01:15:15.839   708   708 W IPCThreadState: Sending oneway calls to frozen process.
07-04 01:15:15.839   708   708 W IPCThreadState: Sending oneway calls to frozen process.
07-04 01:15:15.840   708   708 W IPCThreadState: Sending oneway calls to frozen process.
07-04 01:15:15.840   708   708 W IPCThreadState: Sending oneway calls to frozen process.
07-04 01:15:15.841   708   708 W IPCThreadState: Sending oneway calls to frozen process.
07-04 01:15:15.841   708   708 W IPCThreadState: Sending oneway calls to frozen process.
07-04 01:15:15.842   708   708 W IPCThreadState: Sending oneway calls to frozen process.
07-04 01:15:15.842  1512  2024 I AiAiEcho: #remoteViewsTwiddler: feature disabled.
07-04 01:15:15.842   708   708 D BatterySaverPolicy: accessibility changed to false, updating policy.
07-04 01:15:15.843  1512  2024 I AiAiEcho: Predicting[0]:  [CONTEXT sampling_count=5 ]
07-04 01:15:15.843  1512  2024 I AiAiEcho: EchoTargets: 
07-04 01:15:15.843  1512  2024 I AiAiEcho: Filtered by AiAi flag check: 
07-04 01:15:15.843  1512  2024 I AiAiEcho: [CONTEXT ratelimit_period="10 SECONDS" ]
07-04 01:15:15.843  1512  2024 I AiAiEcho: #remoteViewsTwiddler: feature disabled.
07-04 01:15:15.844  1512  2024 I AiAiEcho: #postPredictionTargets: Sending updates to UISurface home with targets# 0 (types=[])
07-04 01:15:15.846  1512  2024 I AiAiEcho: #postPredictionTargets: Sending updates to UISurface lockscreen with targets# 0 (types=[])
07-04 01:15:15.846   962   962 W PageIndicator: Total number of pages invalid: 0. Assuming 1 page.
07-04 01:15:15.846  1096  1096 D SsBaseTemplateCard: No text view can be set up
07-04 01:15:15.846  1096  1096 D SsBaseTemplateCard: Passed-in item info is null
07-04 01:15:15.846  1096  1096 D SsBaseTemplateCard: Passed-in item info is null
07-04 01:15:15.846  1096  1096 D SsBaseTemplateCard: Passed-in item info is null
07-04 01:15:15.846  1096  1096 I SsBaseTemplateCard: Secondary card pane is null
07-04 01:15:15.878  1461  1461 D WM-DelayedWorkTracker: Scheduling work 910c1d55-10ca-4241-9463-6539cef80777
07-04 01:15:15.878  1461  1461 D WM-GreedyScheduler: Starting tracking for 910c1d55-10ca-4241-9463-6539cef80777
07-04 01:15:15.879  1461  1666 D WM-ConstraintTracker: BatteryNotLowTracker: initial state = true
07-04 01:15:15.879  1461  1666 D WM-BrdcstRcvrCnstrntTrc: BatteryNotLowTracker: registering receiver
07-04 01:15:15.881  1461  1666 D WM-GreedyScheduler: Constraints met: Scheduling work ID WorkGenerationalId(workSpecId=910c1d55-10ca-4241-9463-6539cef80777, generation=0)
07-04 01:15:15.883  1461  1608 D WM-Processor: Processor: processing WorkGenerationalId(workSpecId=910c1d55-10ca-4241-9463-6539cef80777, generation=0)
07-04 01:15:15.885  1461  1461 D WM-WorkerWrapper: Starting work for com.android.providers.media.photopicker.sync.ProactiveSyncWorker
07-04 01:15:15.885  1461  5227 I PSyncWorker: Starting proactive picker sync from sync source: 1
07-04 01:15:15.886  1461  5227 I PickerSyncTracker: Created new sync future java.util.concurrent.CompletableFuture@606881a[Not completed, 1 dependents]. Future map: {910c1d55-10ca-4241-9463-6539cef80777=java.util.concurrent.CompletableFuture@606881a[Not completed, 1 dependents]}
07-04 01:15:15.886  1461  5227 D PickerSyncController: syncAllMediaFromProvider() LOCAL, auth=com.android.providers.media.photopicker, retry=true
07-04 01:15:15.886  1461  5227 D PickerSyncController: getSyncRequestParams() LOCAL, auth=com.android.providers.media.photopicker
07-04 01:15:15.887  1461  5227 D PickerSyncController:    Latest ID/Gen=4eb8212abf423e75:external_primary/607
07-04 01:15:15.887  1461  5227 D PickerSyncController:    Cached ID/Gen=4eb8212abf423e75:external_primary/591
07-04 01:15:15.887  1461  5227 D PickerSyncController:    RESULT=SyncRequestParams{type=MEDIA_INCREMENTAL, gen=591, latest=Bundle[{last_media_sync_generation=607, media_collection_id=4eb8212abf423e75:external_primary}], pageSize=1000}
07-04 01:15:15.888  1461  5227 I PickerSyncController: Executing SyncAdd. isLocal: true. authority: com.android.providers.media.photopicker
07-04 01:15:15.888  1461  5227 D PickerSyncLockManager: Trying to acquire lock com.android.providers.media.photopicker.sync.CloseableReentrantLock@cec4fdd[Unlocked]. Lock Name = CLOUD_PROVIDER_LOCK. Threads that may be waiting to acquire this lock = [] with timeout.
07-04 01:15:15.888  1461  5227 D CloseableReentrantLock: Successfully acquired lock com.android.providers.media.photopicker.sync.CloseableReentrantLock@cec4fdd[Locked by thread pool-4-thread-2]. Lock Name = CLOUD_PROVIDER_LOCK. Threads that may be waiting to acquire this lock = []
07-04 01:15:15.888  1461  5227 D CloseableReentrantLock: Successfully released lock com.android.providers.media.photopicker.sync.CloseableReentrantLock@cec4fdd[Unlocked]. Lock Name = CLOUD_PROVIDER_LOCK. Threads that may be waiting to acquire this lock = []
07-04 01:15:15.888  1461  5227 D ExternalDbFacade: Token received for queryMedia = null
07-04 01:15:15.889  1461  5227 D PickerSyncLockManager: Trying to acquire lock com.android.providers.media.photopicker.sync.CloseableReentrantLock@cec4fdd[Unlocked]. Lock Name = CLOUD_PROVIDER_LOCK. Threads that may be waiting to acquire this lock = [] with timeout.
07-04 01:15:15.889  1461  5227 D CloseableReentrantLock: Successfully acquired lock com.android.providers.media.photopicker.sync.CloseableReentrantLock@cec4fdd[Locked by thread pool-4-thread-2]. Lock Name = CLOUD_PROVIDER_LOCK. Threads that may be waiting to acquire this lock = []
07-04 01:15:15.889  1461  5227 D PickerSyncController: Clearing next page token for key: local_provider:media_add:resume
07-04 01:15:15.889  1461  5227 D CloseableReentrantLock: Successfully released lock com.android.providers.media.photopicker.sync.CloseableReentrantLock@cec4fdd[Unlocked]. Lock Name = CLOUD_PROVIDER_LOCK. Threads that may be waiting to acquire this lock = []
07-04 01:15:15.889  1461  5227 D PickerNotificationSender: Sending a notification for media update
07-04 01:15:15.890  1461  5227 D PickerNotificationSender: Sending a notification for merged album media update Favorites
07-04 01:15:15.890  1461  5227 D PickerNotificationSender: Sending a notification for album media update Favorites
07-04 01:15:15.890  1461  5227 D PickerNotificationSender: Sending a notification for merged album media update Videos
07-04 01:15:15.890  1461  5227 D PickerNotificationSender: Sending a notification for album media update Videos
07-04 01:15:15.893  1461  5227 I PickerSyncController: Paged sync successful. QueryArgs: Bundle[{android.provider.extra.SYNC_GENERATION=591, android.provider.extra.PAGE_SIZE=1000}] Total Rows: 0
07-04 01:15:15.893  1461  5227 I PickerSyncController: Executing SyncRemove. isLocal: true. authority: com.android.providers.media.photopicker
07-04 01:15:15.893  1461  5227 D PickerSyncLockManager: Trying to acquire lock com.android.providers.media.photopicker.sync.CloseableReentrantLock@cec4fdd[Unlocked]. Lock Name = CLOUD_PROVIDER_LOCK. Threads that may be waiting to acquire this lock = [] with timeout.
07-04 01:15:15.893  1461  5227 D CloseableReentrantLock: Successfully acquired lock com.android.providers.media.photopicker.sync.CloseableReentrantLock@cec4fdd[Locked by thread pool-4-thread-2]. Lock Name = CLOUD_PROVIDER_LOCK. Threads that may be waiting to acquire this lock = []
07-04 01:15:15.893  1461  5227 D CloseableReentrantLock: Successfully released lock com.android.providers.media.photopicker.sync.CloseableReentrantLock@cec4fdd[Unlocked]. Lock Name = CLOUD_PROVIDER_LOCK. Threads that may be waiting to acquire this lock = []
07-04 01:15:15.894  1461  5227 E PickerDbFacade: Could not get first date taken millis for media id: 74
07-04 01:15:15.894  1461  5227 W PickerDbFacade: Unable to promote cloud media with localId: 74
07-04 01:15:15.894  1461  5227 D PickerSyncLockManager: Trying to acquire lock com.android.providers.media.photopicker.sync.CloseableReentrantLock@cec4fdd[Unlocked]. Lock Name = CLOUD_PROVIDER_LOCK. Threads that may be waiting to acquire this lock = [] with timeout.
07-04 01:15:15.894  1461  5227 D CloseableReentrantLock: Successfully acquired lock com.android.providers.media.photopicker.sync.CloseableReentrantLock@cec4fdd[Locked by thread pool-4-thread-2]. Lock Name = CLOUD_PROVIDER_LOCK. Threads that may be waiting to acquire this lock = []
07-04 01:15:15.894  1461  5227 D PickerSyncController: Clearing next page token for key: local_provider:media_remove:resume
07-04 01:15:15.894  1461  5227 D CloseableReentrantLock: Successfully released lock com.android.providers.media.photopicker.sync.CloseableReentrantLock@cec4fdd[Unlocked]. Lock Name = CLOUD_PROVIDER_LOCK. Threads that may be waiting to acquire this lock = []
07-04 01:15:15.895  1461  5227 D PickerNotificationSender: Sending a notification for media update
07-04 01:15:15.895  1461  5227 D PickerNotificationSender: Sending a notification for merged album media update Favorites
07-04 01:15:15.895  1461  5227 D PickerNotificationSender: Sending a notification for album media update Favorites
07-04 01:15:15.896  1461  5227 D PickerNotificationSender: Sending a notification for merged album media update Videos
07-04 01:15:15.896  1461  5227 D PickerNotificationSender: Sending a notification for album media update Videos
07-04 01:15:15.897  1461  5227 I PickerSyncController: Paged sync successful. QueryArgs: Bundle[{android.provider.extra.SYNC_GENERATION=591, android.provider.extra.PAGE_SIZE=1000}] Total Rows: 0
07-04 01:15:15.897  1461  5227 I PickerSyncTracker: Marked sync future complete for work id: 910c1d55-10ca-4241-9463-6539cef80777. Future map: {}
07-04 01:15:15.897  1461  5227 I PSyncWorker: Completed picker proactive sync complete from local provider.
07-04 01:15:15.898  1461  1666 I WM-WorkerWrapper: Worker result SUCCESS for Work [ id=910c1d55-10ca-4241-9463-6539cef80777, tags={ com.android.providers.media.photopicker.sync.ProactiveSyncWorker } ]
07-04 01:15:15.903  1461  1461 D WM-Processor: Processor 910c1d55-10ca-4241-9463-6539cef80777 executed; reschedule = false
07-04 01:15:15.903  1461  1461 D WM-GreedyScheduler: Stopping tracking for WorkGenerationalId(workSpecId=910c1d55-10ca-4241-9463-6539cef80777, generation=0)
07-04 01:15:15.907  1461  1666 D WM-GreedyScheduler: Cancelling work ID 910c1d55-10ca-4241-9463-6539cef80777
07-04 01:15:15.908  1461  1666 D WM-GreedyScheduler: Ignoring {WorkSpec: 4ab35118-0008-4e0e-9667-4896f94f6ee7}. Requires device idle.
07-04 01:15:15.908  1461  1666 D WM-GreedyScheduler: Ignoring {WorkSpec: 5e0a924a-98f8-4d1c-b169-89fa94ec2302}. Requires device idle.
07-04 01:15:15.908  1461  1666 D WM-BrdcstRcvrCnstrntTrc: BatteryNotLowTracker: unregistering receiver
07-04 01:15:16.767  1461  1724 W MediaProvider: Ignoring param:deletedata post U for external apps
07-04 01:15:16.770  1461  1724 I MediaProvider: Deleted 0 0 0 0 0 0 1 items on external_primary due to com.android.shell
07-04 01:15:16.836   708  1020 W ActivityTaskManager: callingPackage for (uid=2000, pid=5705) has no WPC
07-04 01:15:16.836   708  1020 V GrammaticalInflectionUtils: AttributionSource: AttributionSource { uid = 10220, packageName = null, attributionTag = null, token = android.os.Binder@1f74874, deviceId = 0, next = null } does not have READ_SYSTEM_GRAMMATICAL_GENDER permission.
07-04 01:15:16.836   708  1020 W OptProp : Cannot read opt property android.window.PROPERTY_COMPAT_ALLOW_USER_ASPECT_RATIO_OVERRIDE
07-04 01:15:16.836   708  1020 W OptProp : Cannot read opt property android.window.PROPERTY_COMPAT_ALLOW_USER_ASPECT_RATIO_FULLSCREEN_OVERRIDE
07-04 01:15:16.836   708  1020 W OptProp : Cannot read opt property android.window.PROPERTY_COMPAT_ALLOW_RESIZEABLE_ACTIVITY_OVERRIDES
07-04 01:15:16.837   708  1020 W OptProp : Cannot read opt property android.window.PROPERTY_COMPAT_ALLOW_MIN_ASPECT_RATIO_OVERRIDE
07-04 01:15:16.841   962  1871 D KeyguardService: setOccluded(false)
07-04 01:15:16.841   962  1871 D KeyguardViewMediator: setOccluded(false)
07-04 01:15:16.841   962   962 D KeyguardViewMediator: handleSetOccluded(false)
07-04 01:15:16.842   962   962 D KeyguardViewMediator: KeyguardViewMediator queue processing message: SET_OCCLUDED
07-04 01:15:16.843   708  1020 I ActivityTaskManager: START u0 {act=android.intent.action.VIEW dat=danio://qa/... flg=0x10000000 xflg=0x4 pkg=com.tiarnanlarkin.danio cmp=com.tiarnanlarkin.danio/.MainActivity} with LAUNCH_SINGLE_TOP from uid 2000 (BAL_ALLOW_PERMISSION) result code=3
07-04 01:15:16.844   563   577 I BpBinder: onLastStrongRef automatically unlinking death recipients: 
07-04 01:15:16.844   962  1022 D WindowManagerShell: onActivityRestartAttempt: topActivity=ComponentInfo{com.tiarnanlarkin.danio/com.tiarnanlarkin.danio.MainActivity}, wasVisible=true
07-04 01:15:16.847  4656  4656 I flutter : [QA] Deep link: danio://qa/plants
07-04 01:15:16.974   708   739 W IPCThreadState: Sending oneway calls to frozen process.
07-04 01:15:16.974   708   739 W IPCThreadState: Sending oneway calls to frozen process.
07-04 01:15:16.974   708   739 W IPCThreadState: Sending oneway calls to frozen process.
07-04 01:15:16.974   708   739 W IPCThreadState: Sending oneway calls to frozen process.
07-04 01:15:16.974   708   739 W IPCThreadState: Sending oneway calls to frozen process.
07-04 01:15:16.974   708   739 W IPCThreadState: Sending oneway calls to frozen process.
07-04 01:15:16.974   708   739 W IPCThreadState: Sending oneway calls to frozen process.
07-04 01:15:16.974   708   739 W IPCThreadState: Sending oneway calls to frozen process.
07-04 01:15:16.974   708   739 W IPCThreadState: Sending oneway calls to frozen process.
07-04 01:15:16.974   708   739 W IPCThreadState: Sending oneway calls to frozen process.
07-04 01:15:16.974   708   739 W IPCThreadState: Sending oneway calls to frozen process.
07-04 01:15:16.974   708   739 W IPCThreadState: Sending oneway calls to frozen process.
07-04 01:15:16.974   708   739 W IPCThreadState: Sending oneway calls to frozen process.
07-04 01:15:16.974   708   739 W IPCThreadState: Sending oneway calls to frozen process.
07-04 01:15:16.974   708   739 W IPCThreadState: Sending oneway calls to frozen process.
07-04 01:15:16.974   708   739 W IPCThreadState: Sending oneway calls to frozen process.
07-04 01:15:16.974   708   739 W IPCThreadState: Sending oneway calls to frozen process.
07-04 01:15:16.974   708   739 W IPCThreadState: Sending oneway calls to frozen process.
07-04 01:15:16.974   708   739 W IPCThreadState: Sending oneway calls to frozen process.
07-04 01:15:16.974   708   739 W IPCThreadState: Sending oneway calls to frozen process.
07-04 01:15:16.974   708   739 W IPCThreadState: Sending oneway calls to frozen process.
07-04 01:15:16.974   708   739 W IPCThreadState: Sending oneway calls to frozen process.
07-04 01:15:16.974   708   739 W IPCThreadState: Sending oneway calls to frozen process.
07-04 01:15:16.974   708   739 W IPCThreadState: Sending oneway calls to frozen process.
07-04 01:15:16.974   708   739 W IPCThreadState: Sending oneway calls to frozen process.
07-04 01:15:16.974   708   739 W IPCThreadState: Sending oneway calls to frozen process.
07-04 01:15:16.974   708   739 W IPCThreadState: Sending oneway calls to frozen process.
07-04 01:15:16.974   708   739 W IPCThreadState: Sending oneway calls to frozen process.
07-04 01:15:16.975   708   739 W IPCThreadState: Sending oneway calls to frozen process.
07-04 01:15:16.975   708   739 W IPCThreadState: Sending oneway calls to frozen process.
07-04 01:15:16.975   708   739 W IPCThreadState: Sending oneway calls to frozen process.
07-04 01:15:16.975   708   739 W IPCThreadState: Sending oneway calls to frozen process.
07-04 01:15:16.975   708   739 W IPCThreadState: Sending oneway calls to frozen process.
07-04 01:15:16.975   708   739 W IPCThreadState: Sending oneway calls to frozen process.
07-04 01:15:16.975   708   739 W IPCThreadState: Sending oneway calls to frozen process.
07-04 01:15:16.975   708   739 W IPCThreadState: Sending oneway calls to frozen process.
07-04 01:15:16.975   708   739 W IPCThreadState: Sending oneway calls to frozen process.
07-04 01:15:16.975   708   739 W IPCThreadState: Sending oneway calls to frozen process.
07-04 01:15:16.975   708   739 W IPCThreadState: Sending oneway calls to frozen process.
07-04 01:15:16.975   708   739 W IPCThreadState: Sending oneway calls to frozen process.
07-04 01:15:17.190   948   948 D wpa_supplicant: nl80211: Drv Event 64 (NL80211_CMD_NOTIFY_CQM) received for wlan0
07-04 01:15:17.190   948   948 D wpa_supplicant: nl80211: Beacon loss event
07-04 01:15:17.190   948   948 D wpa_supplicant: wlan0: Event BEACON_LOSS (53) received
07-04 01:15:17.190   948   948 I wpa_supplicant: wlan0: CTRL-EVENT-BEACON-LOSS 
07-04 01:15:17.545   708   863 D WifiClientModeImpl[26229:wlan0]: updateLinkLayerStatsRssiSpeedFrequencyCapabilities rssi=-50 TxLinkspeed=1 freq=2447 RxLinkSpeed=2
07-04 01:15:17.545   708   863 D WifiDataStall: tx tput in kbps: 11000
07-04 01:15:17.545   708   863 D WifiDataStall: rx tput in kbps: 11000
07-04 01:15:17.545   708   863 V WifiConfigManager: Updating scan detail cache freq=2447 BSSID=00:13:10:85:fe:01 RSSI=-50 for "AndroidWifi"NONE
07-04 01:15:17.546   708   863 D WifiThroughputPredictor:  utilization (LLS) 80 isBluetoothConnected: false final utilization: 80
07-04 01:15:17.546   708   863 D WifiThroughputPredictor:  BW: 0 RSSI: -50 Nss: 1 Mode: 1 symDur: 4000 snrDb 30 bitPerTone: 4500 rate: 54 throughput: 11
07-04 01:15:17.546   708   863 D WifiThroughputPredictor:  utilization (LLS) 80 isBluetoothConnected: false final utilization: 80
07-04 01:15:17.546   708   863 D WifiThroughputPredictor:  BW: 0 RSSI: -50 Nss: 1 Mode: 1 symDur: 4000 snrDb 30 bitPerTone: 4500 rate: 54 throughput: 11
07-04 01:15:17.546   708   863 D WifiThroughputPredictor:  utilization (LLS) 80 isBluetoothConnected: false final utilization: 80
07-04 01:15:17.546   708   863 D WifiThroughputPredictor:  BW: 0 RSSI: -50 Nss: 1 Mode: 1 symDur: 4000 snrDb 30 bitPerTone: 4500 rate: 54 throughput: 11
07-04 01:15:17.546   708   863 D WifiThroughputPredictor:  utilization (LLS) 80 isBluetoothConnected: false final utilization: 80
07-04 01:15:17.546   708   863 D WifiThroughputPredictor:  BW: 0 RSSI: -50 Nss: 1 Mode: 1 symDur: 4000 snrDb 30 bitPerTone: 4500 rate: 54 throughput: 11
07-04 01:15:17.546   708   863 D WifiScoreCard: BSSID update SIGNAL_POLL ID: 52320190 SSID: "AndroidWifi", BSSID: 00:13:10:85:fe:01, MAC: 02:15:b2:00:00:00, IP: /10.0.2.16, Security type: 0, Supplicant state: COMPLETED, Wi-Fi standard: legacy, RSSI: -50, Link speed: 1Mbps, Tx Link speed: 1Mbps, Max Supported Tx Link speed: 11Mbps, Rx Link speed: 2Mbps, Max Supported Rx Link speed: 11Mbps, Frequency: 2447MHz, Net ID: 0, Metered hint: false, score: 60, isUsable: true, CarrierMerged: false, SubscriptionId: -1, IsPrimary: 1, Trusted: true, Restricted: false, Ephemeral: false, OEM paid: false, OEM private: false, OSU AP: false, FQDN: <none>, Provider friendly name: <none>, Requesting package name: <none>"AndroidWifi"openMLO Information: , Is TID-To-Link negotiation supported by the AP: false, AP MLD Address: <none>, AP MLO Link Id: <none>, AP MLO Affiliated links: <none>, Vendor Data: <none>
07-04 01:15:17.546   708   863 D WifiScoreCard: txRate: 1 txSpeed: 1
07-04 01:15:17.546   708   863 D WifiScoreCard: network update SIGNAL_POLL "AndroidWifi" ID: 843735694 RSSI -50 txSpeed -1
07-04 01:15:17.546   708   863 D WifiClientModeImpl[26229:wlan0]:  ClientModeImpl$L2ConnectedState screen=on 1 0 "AndroidWifi" 00:13:10:85:fe:01 rssi=-50 f=2447 sc=60 link=1 tx=0.0, 0.0, 0.0 rx=0.0 bcn=0 [on:0 tx:0 rx:0 period:3007] from screen [on:0 period:712689706] score=60
07-04 01:15:18.212   708   757 I WifiService: isFeatureSupported uid=1000 returns [WIFI_FEATURE_INFRA, WIFI_FEATURE_P2P, WIFI_FEATURE_MOBILE_HOTSPOT, WIFI_FEATURE_WPA3_SAE, WIFI_FEATURE_WPA3_SUITE_B, WIFI_FEATURE_OWE, WIFI_FEATURE_DPP, WIFI_FEATURE_AP_RAND_MAC, WIFI_FEATURE_MBO, WIFI_FEATURE_FILS_SHA256, WIFI_FEATURE_FILS_SHA384, WIFI_FEATURE_SAE_PK, WIFI_FEATURE_DPP_ENROLLEE_RESPONDER, WIFI_FEATURE_PASSPOINT_TERMS_AND_CONDITIONS, WIFI_FEATURE_WFD_R2, WIFI_FEATURE_DECORATED_IDENTITY, WIFI_FEATURE_TRUST_ON_FIRST_USE, WIFI_FEATURE_SET_TLS_MINIMUM_VERSION, WIFI_FEATURE_TLS_V1_3, WIFI_FEATURE_WEP, WIFI_FEATURE_WPA_PERSONAL]
07-04 01:15:18.743   708   746 W IPCThreadState: Sending oneway calls to frozen process.
07-04 01:15:19.600  5708  5708 W screencap: Thread Pool max thread count is 0. Cannot cache binder as linkToDeath cannot be implemented. serviceName: SurfaceFlingerAIDL
07-04 01:15:19.601  5708  5708 W BpBinder: Linking to death on android.gui.ISurfaceComposer but there are no threads (yet?) listening to incoming transactions. See ProcessState::startThreadPool and ProcessState::setThreadPoolMaxThreadCount. Generally you should setup the binder threadpool before other initialization steps.
07-04 01:15:19.602  5708  5708 W ProcessState: Extra binder thread started, but 0 threads requested. Do not use *startThreadPool when zero threads are requested.
07-04 01:15:19.625   563  1175 E HwcComposer: getLuts failed Status(-8, EX_SERVICE_SPECIFIC): '8: '
07-04 01:15:19.625   563  1175 E HWComposer: getLuts: getLuts failed for display 4619827259835644672: UNSUPPORTED (8)
07-04 01:15:19.619     0     0 I servicemanager: Caller(pid=5708,uid=2000,sid=u:r:shell:s0) Found android.hardware.graphics.allocator.IAllocator/default in device VINTF manifest.
07-04 01:15:19.625     0     0 I servicemanager: Caller(pid=5708,uid=2000,sid=u:r:shell:s0) Found android.hardware.graphics.allocator.IAllocator/default in device VINTF manifest.
07-04 01:15:19.629     0     0 I servicemanager: Caller(pid=5708,uid=2000,sid=u:r:shell:s0) Found mapper/ranchu in device VINTF manifest.
07-04 01:15:19.712  1461  1724 W MediaProvider: isAppCloneUserPair for user 0: false
07-04 01:15:19.845   708  1457 I ActivityManager: Broadcasting: Intent { act=android.intent.action.MEDIA_SCANNER_SCAN_FILE dat=file:///... flg=0x400000 }
07-04 01:15:19.846   708  1457 I ActivityManager: Enqueued broadcast Intent { act=android.intent.action.MEDIA_SCANNER_SCAN_FILE dat=file:///... flg=0x400000 }: 0
07-04 01:15:19.850   708  1020 W JobInfo : Job 'com.google.android.providers.media.module/com.android.providers.media.MediaService#-300' has a deadline with no functional constraints. The deadline won't improve job execution latency. Consider removing the deadline.
07-04 01:15:19.857   708   736 I ActivityManager: Broadcast completed: result=0
07-04 01:15:19.861  1461  1961 I MediaProvider: Begin Intent { act=android.intent.action.MEDIA_SCANNER_SCAN_FILE dat=file:///... flg=0x1400010 cmp=com.google.android.providers.media.module/com.android.providers.media.MediaService }
07-04 01:15:19.883  1461  1961 I MediaProvider: End Intent { act=android.intent.action.MEDIA_SCANNER_SCAN_FILE dat=file:///... flg=0x1400010 cmp=com.google.android.providers.media.module/com.android.providers.media.MediaService }
07-04 01:15:19.895  1461  1666 D WM-SystemJobScheduler: Scheduling work ID 35f169d3-d94f-4f66-8a5f-d9a15d943f1dJob ID 47
07-04 01:15:19.898  1461  1666 D WM-GreedyScheduler: Ignoring {WorkSpec: 4ab35118-0008-4e0e-9667-4896f94f6ee7}. Requires device idle.
07-04 01:15:19.898  1461  1666 D WM-GreedyScheduler: Ignoring {WorkSpec: 5e0a924a-98f8-4d1c-b169-89fa94ec2302}. Requires device idle.
07-04 01:15:19.992  1461  2102 W MediaProvider: Ignoring param:deletedata post U for external apps
07-04 01:15:19.994  1461  2102 I MediaProvider: Deleted 0 1 0 0 0 0 0 items on external_primary due to com.android.shell
07-04 01:15:20.158  5718  5718 D AndroidRuntime: >>>>>> START com.android.internal.os.RuntimeInit uid 2000 <<<<<<
07-04 01:15:20.165  5718  5718 I AndroidRuntime: Using default boot image
07-04 01:15:20.165  5718  5718 I AndroidRuntime: Leaving lock profiling enabled
07-04 01:15:20.168  5718  5718 I app_process: Core platform API reporting enabled, enforcing=false
07-04 01:15:20.169  5718  5718 I app_process: Using CollectorTypeCMC GC.
07-04 01:15:20.270  5718  5718 D nativeloader: InitDefaultPublicLibraries for_preload=1: libandroid.so:libaaudio.so:libamidi.so:libbinder_ndk.so:libc.so:libcamera2ndk.so:libdl.so:libEGL.so:libGLESv1_CM.so:libGLESv2.so:libGLESv3.so:libicu.so:libicui18n.so:libicuuc.so:libjnigraphics.so:liblog.so:libmediandk.so:libm.so:libnativehelper.so:libnativewindow.so:libOpenMAXAL.so:libOpenSLES.so:libRS.so:libstdc++.so:libsync.so:libvulkan.so:libwebviewchromium_plat_support.so:libz.so
07-04 01:15:20.284  5718  5718 D nativeloader: Load libicu_jni.so using APEX ns com_android_art for caller /apex/com.android.art/javalib/core-oj.jar: ok
07-04 01:15:20.285  5718  5718 D app_process: u_setTimeZoneFilesDirectory("/apex/com.android.tzdata/etc/tz/versioned/9/icu") succeeded. 
07-04 01:15:20.285  5718  5718 D app_process: I18n APEX ICU file found: /apex/com.android.i18n/etc/icu/icudt76l.dat
07-04 01:15:20.287  5718  5718 D nativeloader: Load libjavacore.so using APEX ns com_android_art for caller /apex/com.android.art/javalib/core-oj.jar: ok
07-04 01:15:20.291  5718  5718 D nativeloader: Load libopenjdk.so using APEX ns com_android_art for caller /apex/com.android.art/javalib/core-oj.jar: ok
07-04 01:15:20.293  5718  5718 W app_process: Unexpected CPU variant for x86: x86_64.
07-04 01:15:20.293  5718  5718 W app_process: Known variants: atom, sandybridge, silvermont, goldmont, goldmont-plus, goldmont-without-sha-xsaves, tremont, kabylake, alderlake, default
07-04 01:15:20.296  5718  5718 W app_process: ClassLoaderContext shared library size mismatch. Expected=2, found=0 (PCL[]{PCL[/system/framework/android.test.base.jar*2789897741]#PCL[/system/framework/android.test.mock.jar*3361312393]} | PCL[])
07-04 01:15:20.298  5718  5718 W app_process: ClassLoaderContext classpath size mismatch. expected=0, found=1 (PCL[]{PCL[/system/framework/android.test.runner.jar*895143020]#PCL[/system/framework/android.test.base.jar*2789897741]} | PCL[/system/framework/android.test.runner.jar*895143020])
07-04 01:15:20.323  5718  5718 D nativeloader: Load libframework-connectivity-tiramisu-jni.so using APEX ns com_android_tethering for caller /apex/com.android.tethering/javalib/framework-connectivity-t.jar: ok
07-04 01:15:20.324  5718  5718 D AndroidRuntime: Calling main entry com.android.commands.uiautomator.Launcher
07-04 01:15:20.328  5718  5718 I AconfigPackage: android.media.swcodec.flags is mapped to com.android.media.swcodec
07-04 01:15:20.329  5718  5718 I AconfigPackage: com.google.android.settings.simplemode.flags is mapped to system_ext
07-04 01:15:20.329  5718  5718 I AconfigPackage: com.google.android.systemui is mapped to system_ext
07-04 01:15:20.329  5718  5718 I AconfigPackage: com.google.android.apps.nexuslauncher is mapped to system_ext
07-04 01:15:20.329  5718  5718 I AconfigPackage: com.android.settings.accessibility is mapped to system_ext
07-04 01:15:20.329  5718  5718 I AconfigPackage: com.android.settings.flags is mapped to system_ext
07-04 01:15:20.329  5718  5718 I AconfigPackage: com.google.android.apps.miphone.aiai.matchmaker.overview.ui is mapped to system_ext
07-04 01:15:20.330  5718  5718 I AconfigPackage: com.google.android.settings.flags is mapped to system_ext
07-04 01:15:20.331  5718  5718 I AconfigPackage: com.android.launcher3 is mapped to system_ext
07-04 01:15:20.331  5718  5718 I AconfigPackage: com.android.wallpaper is mapped to system_ext
07-04 01:15:20.331  5718  5718 I AconfigPackage: com.android.settings.media_drm is mapped to system_ext
07-04 01:15:20.331  5718  5718 I AconfigPackage: com.android.systemui.accessibility.accessibilitymenu is mapped to system_ext
07-04 01:15:20.331  5718  5718 I AconfigPackage: com.android.settings.keyboard is mapped to system_ext
07-04 01:15:20.331  5718  5718 I AconfigPackage: com.android.server.policy.feature.flags is mapped to system_ext
07-04 01:15:20.331  5718  5718 I AconfigPackage: com.android.settings.factory_reset is mapped to system_ext
07-04 01:15:20.331  5718  5718 I AconfigPackage: com.google.android.haptics.flags is mapped to system_ext
07-04 01:15:20.331  5718  5718 I AconfigPackage: com.android.permission.flags is mapped to com.android.permission
07-04 01:15:20.332  5718  5718 I AconfigPackage: com.android.icu is mapped to com.android.i18n
07-04 01:15:20.332  5718  5718 I AconfigPackage: com.android.appsearch.flags is mapped to com.android.appsearch
07-04 01:15:20.332  5718  5718 I AconfigPackage: android.uprobestats.mainline.flags is mapped to com.android.uprobestats
07-04 01:15:20.332  5718  5718 I AconfigPackage: android.provider.flags is mapped to com.android.configinfrastructure
07-04 01:15:20.332  5718  5718 I AconfigPackage: com.android.server.deviceconfig is mapped to com.android.configinfrastructure
07-04 01:15:20.332  5718  5718 I AconfigPackage: com.android.nfc.flags is mapped to system
07-04 01:15:20.332  5718  5718 I AconfigPackage: android.app.admin.flags is mapped to system
07-04 01:15:20.332  5718  5718 I AconfigPackage: android.database.sqlite is mapped to system
07-04 01:15:20.332  5718  5718 I AconfigPackage: com.android.providers.calendar is mapped to system
07-04 01:15:20.332  5718  5718 I AconfigPackage: com.android.server.power.feature.flags is mapped to system
07-04 01:15:20.332  5718  5718 I AconfigPackage: com.android.media.performance.flags is mapped to system
07-04 01:15:20.332  5718  5718 I AconfigPackage: android.app.contextualsearch.flags is mapped to system
07-04 01:15:20.332  5718  5718 I AconfigPackage: android.app.ondeviceintelligence.flags is mapped to system
07-04 01:15:20.332  5718  5718 I AconfigPackage: com.android.media.projection.flags is mapped to system
07-04 01:15:20.332  5718  5718 I AconfigPackage: android.companion is mapped to system
07-04 01:15:20.332  5718  5718 I AconfigPackage: android.service.controls.flags is mapped to system
07-04 01:15:20.332  5718  5718 I AconfigPackage: com.android.text.flags is mapped to system
07-04 01:15:20.332  5718  5718 I AconfigPackage: com.android.providers.contactkeys.flags is mapped to system
07-04 01:15:20.332  5718  5718 I AconfigPackage: com.android.intentresolver is mapped to system
07-04 01:15:20.332  5718  5718 I AconfigPackage: android.companion.virtualdevice.flags is mapped to system
07-04 01:15:20.332  5718  5718 I AconfigPackage: android.uprobestats.flags is mapped to system
07-04 01:15:20.332  5718  5718 I AconfigPackage: com.android.net.thread.platform.flags is mapped to system
07-04 01:15:20.332  5718  5718 I AconfigPackage: android.view.contentprotection.flags is mapped to system
07-04 01:15:20.332  5718  5718 I AconfigPackage: com.android.server.dreams is mapped to system
07-04 01:15:20.332  5718  5718 I AconfigPackage: com.android.graphics.surfaceflinger.flags is mapped to system
07-04 01:15:20.332  5718  5718 I AconfigPackage: com.android.hardware.input is mapped to system
07-04 01:15:20.332  5718  5718 I AconfigPackage: android.sdk is mapped to system
07-04 01:15:20.332  5718  5718 I AconfigPackage: com.android.input.flags is mapped to system
07-04 01:15:20.332  5718  5718 I AconfigPackage: android.tracing is mapped to system
07-04 01:15:20.332  5718  5718 I AconfigPackage: com.android.server.biometrics is mapped to system
07-04 01:15:20.332  5718  5718 I AconfigPackage: android.view.contentcapture.flags is mapped to system
07-04 01:15:20.332  5718  5718 I AconfigPackage: android.app.job is mapped to system
07-04 01:15:20.332  5718  5718 I AconfigPackage: android.content.res is mapped to system
07-04 01:15:20.332  5718  5718 I AconfigPackage: android.net.platform.flags is mapped to system
07-04 01:15:20.332  5718  5718 I AconfigPackage: com.android.aconfig.flags is mapped to system
07-04 01:15:20.332  5718  5718 I AconfigPackage: com.android.graphics.flags is mapped to system
07-04 01:15:20.332  5718  5718 I AconfigPackage: android.server.app is mapped to system
07-04 01:15:20.332  5718  5718 I AconfigPackage: android.speech.flags is mapped to system
07-04 01:15:20.332  5718  5718 I AconfigPackage: com.android.server.stats is mapped to system
07-04 01:15:20.332  5718  5718 I AconfigPackage: android.hardware.biometrics is mapped to system
07-04 01:15:20.332  5718  5718 I AconfigPackage: android.car.feature is mapped to system
07-04 01:15:20.332  5718  5718 I AconfigPackage: android.adpf is mapped to system
07-04 01:15:20.332  5718  5718 I AconfigPackage: android.location.flags is mapped to system
07-04 01:15:20.332  5718  5718 I AconfigPackage: com.android.settingslib.flags is mapped to system
07-04 01:15:20.332  5718  5718 I AconfigPackage: com.android.managedprovisioning.flags is mapped to system
07-04 01:15:20.332  5718  5718 I AconfigPackage: android.app.assist.flags is mapped to system
07-04 01:15:20.332  5718  5718 I AconfigPackage: com.android.server.net is mapped to system
07-04 01:15:20.332  5718  5718 I AconfigPackage: com.android.settingslib.widget.flags is mapped to system
07-04 01:15:20.332  5718  5718 I AconfigPackage: com.android.internal.camera.flags is mapped to system
07-04 01:15:20.332  5718  5718 I AconfigPackage: com.android.hardware.libsensor.flags is mapped to system
07-04 01:15:20.332  5718  5718 I AconfigPackage: com.android.internal.jank is mapped to system
07-04 01:15:20.332  5718  5718 I AconfigPackage: com.android.providers.settings is mapped to system
07-04 01:15:20.332  5718  5718 I AconfigPackage: android.multiuser is mapped to system
07-04 01:15:20.332  5718  5718 I AconfigPackage: com.android.server.power.optimization is mapped to system
07-04 01:15:20.332  5718  5718 I AconfigPackage: com.android.calllogbackup is mapped to system
07-04 01:15:20.332  5718  5718 I AconfigPackage: com.android.media.flags is mapped to system
07-04 01:15:20.332  5718  5718 I AconfigPackage: com.android.server.flags is mapped to system
07-04 01:15:20.332  5718  5718 I AconfigPackage: com.android.graphics.libvulkan.flags is mapped to system
07-04 01:15:20.332  5718  5718 I AconfigPackage: android.app.appfunctions.flags is mapped to system
07-04 01:15:20.332  5718  5718 I AconfigPackage: android.app.smartspace.flags is mapped to system
07-04 01:15:20.332  5718  5718 I AconfigPackage: com.android.providers.contacts.flags is mapped to system
07-04 01:15:20.333  5718  5718 I AconfigPackage: com.android.shell.flags is mapped to system
07-04 01:15:20.333  5718  5718 I AconfigPackage: com.android.media.aaudio is mapped to system
07-04 01:15:20.333  5718  5718 I AconfigPackage: android.hardware.radio is mapped to system
07-04 01:15:20.333  5718  5718 I AconfigPackage: com.google.wear.services.infra.flags is mapped to system
07-04 01:15:20.333  5718  5718 I AconfigPackage: suspend_service.flags is mapped to system
07-04 01:15:20.333  5718  5718 I AconfigPackage: android.media.midi is mapped to system
07-04 01:15:20.333  5718  5718 I AconfigPackage: com.android.libcore.readonly is mapped to system
07-04 01:15:20.333  5718  5718 I AconfigPackage: com.android.settingslib.widget.selectorwithwidgetpreference.flags is mapped to system
07-04 01:15:20.333  5718  5718 I AconfigPackage: android.service.notification is mapped to system
07-04 01:15:20.333  5718  5718 I AconfigPackage: com.android.systemui.shared is mapped to system
07-04 01:15:20.333  5718  5718 I AconfigPackage: android.app.jank is mapped to system
07-04 01:15:20.333  5718  5718 I AconfigPackage: android.app.wearable is mapped to system
07-04 01:15:20.333  5718  5718 I AconfigPackage: com.android.media.audio is mapped to system
07-04 01:15:20.333  5718  5718 I AconfigPackage: android.service.chooser is mapped to system
07-04 01:15:20.333  5718  5718 I AconfigPackage: com.android.server.compat is mapped to system
07-04 01:15:20.333  5718  5718 I AconfigPackage: com.android.server.alarm is mapped to system
07-04 01:15:20.333  5718  5718 I AconfigPackage: com.android.apex.flags is mapped to system
07-04 01:15:20.333  5718  5718 I AconfigPackage: android.service.quickaccesswallet is mapped to system
07-04 01:15:20.333  5718  5718 I AconfigPackage: android.app.usage is mapped to system
07-04 01:15:20.333  5718  5718 I AconfigPackage: com.android.server.accessibility is mapped to system
07-04 01:15:20.333  5718  5718 I AconfigPackage: android.app.supervision.flags is mapped to system
07-04 01:15:20.333  5718  5718 I AconfigPackage: com.android.server.utils is mapped to system
07-04 01:15:20.333  5718  5718 I AconfigPackage: android.chre.flags is mapped to system
07-04 01:15:20.333  5718  5718 I AconfigPackage: android.content.flags is mapped to system
07-04 01:15:20.333  5718  5718 I AconfigPackage: android.media.codec is mapped to system
07-04 01:15:20.333  5718  5718 I AconfigPackage: com.android.internal.os is mapped to system
07-04 01:15:20.333  5718  5718 I AconfigPackage: com.android.nfc.nci.flags is mapped to system
07-04 01:15:20.333  5718  5718 I AconfigPackage: android.app is mapped to system
07-04 01:15:20.333  5718  5718 I AconfigPackage: android.security.keystore2 is mapped to system
07-04 01:15:20.333  5718  5718 I AconfigPackage: android.crashrecovery.flags is mapped to system
07-04 01:15:20.333  5718  5718 I AconfigPackage: com.android.tradeinmode.flags is mapped to system
07-04 01:15:20.333  5718  5718 I AconfigPackage: android.hardware.flags is mapped to system
07-04 01:15:20.333  5718  5718 I AconfigPackage: com.android.server.telecom.flags is mapped to system
07-04 01:15:20.333  5718  5718 I AconfigPackage: com.android.settingslib.media.flags is mapped to system
07-04 01:15:20.333  5718  5718 I AconfigPackage: com.android.server.policy is mapped to system
07-04 01:15:20.333  5718  5718 I AconfigPackage: android.media.audiopolicy is mapped to system
07-04 01:15:20.333  5718  5718 I AconfigPackage: com.android.egg.flags is mapped to system
07-04 01:15:20.333  5718  5718 I AconfigPackage: com.android.internal.compat.flags is mapped to system
07-04 01:15:20.333  5718  5718 I AconfigPackage: android.security is mapped to system
07-04 01:15:20.333  5718  5718 I AconfigPackage: android.service.autofill is mapped to system
07-04 01:15:20.333  5718  5718 I AconfigPackage: com.example.android.aconfig.demo.flags is mapped to system
07-04 01:15:20.333  5718  5718 I AconfigPackage: android.view.flags is mapped to system
07-04 01:15:20.333  5718  5718 I AconfigPackage: android.companion.virtual.flags is mapped to system
07-04 01:15:20.333  5718  5718 I AconfigPackage: com.android.aconfig_new_storage is mapped to system
07-04 01:15:20.333  5718  5718 I AconfigPackage: com.android.server.feature.flags is mapped to system
07-04 01:15:20.333  5718  5718 I AconfigPackage: com.android.systemui is mapped to system
07-04 01:15:20.333  5718  5718 I AconfigPackage: com.android.server.power.batterysaver is mapped to system
07-04 01:15:20.333  5718  5718 I AconfigPackage: android.widget.flags is mapped to system
07-04 01:15:20.333  5718  5718 I AconfigPackage: com.android.media.editing.flags is mapped to system
07-04 01:15:20.333  5718  5718 I AconfigPackage: com.android.media.codec.flags is mapped to system
07-04 01:15:20.333  5718  5718 I AconfigPackage: com.android.server.powerstats is mapped to system
07-04 01:15:20.333  5718  5718 I AconfigPackage: com.android.graphics.egl.flags is mapped to system
07-04 01:15:20.333  5718  5718 I AconfigPackage: com.android.media.audioserver is mapped to system
07-04 01:15:20.333  5718  5718 I AconfigPackage: com.android.server.deviceidle is mapped to system
07-04 01:15:20.333  5718  5718 I AconfigPackage: android.nfc is mapped to system
07-04 01:15:20.333  5718  5718 I AconfigPackage: android.permission.flags is mapped to system
07-04 01:15:20.333  5718  5718 I AconfigPackage: android.service.voice.flags is mapped to system
07-04 01:15:20.333  5718  5718 I AconfigPackage: android.content.pm is mapped to system
07-04 01:15:20.333  5718  5718 I AconfigPackage: com.android.server.power.hint is mapped to system
07-04 01:15:20.333  5718  5718 I AconfigPackage: android.os is mapped to system
07-04 01:15:20.333  5718  5718 I AconfigPackage: android.service.dreams is mapped to system
07-04 01:15:20.333  5718  5718 I AconfigPackage: com.android.graphics.libgui.flags is mapped to system
07-04 01:15:20.333  5718  5718 I AconfigPackage: android.hardware.usb.flags is mapped to system
07-04 01:15:20.333  5718  5718 I AconfigPackage: android.provider is mapped to system
07-04 01:15:20.333  5718  5718 I AconfigPackage: com.android.server.job is mapped to system
07-04 01:15:20.333  5718  5718 I AconfigPackage: com.android.internal.foldables.flags is mapped to system
07-04 01:15:20.333  5718  5718 I AconfigPackage: com.android.internal.telephony.flags is mapped to system
07-04 01:15:20.333  5718  5718 I AconfigPackage: android.webkit is mapped to system
07-04 01:15:20.333  5718  5718 I AconfigPackage: android.credentials.flags is mapped to system
07-04 01:15:20.333  5718  5718 I AconfigPackage: com.android.server.display.feature.flags is mapped to system
07-04 01:15:20.333  5718  5718 I AconfigPackage: com.android.server.notification is mapped to system
07-04 01:15:20.333  5718  5718 I AconfigPackage: android.appwidget.flags is mapped to system
07-04 01:15:20.333  5718  5718 I AconfigPackage: com.android.frameworks.sensorservice.flags is mapped to system
07-04 01:15:20.333  5718  5718 I AconfigPackage: com.android.printspooler.flags is mapped to system
07-04 01:15:20.333  5718  5718 I AconfigPackage: com.android.window.flags is mapped to system
07-04 01:15:20.333  5718  5718 I AconfigPackage: android.adaptiveauth is mapped to system
07-04 01:15:20.333  5718  5718 I AconfigPackage: android.net.wifi.flags is mapped to system
07-04 01:15:20.333  5718  5718 I AconfigPackage: android.media.tv.flags is mapped to system
07-04 01:15:20.333  5718  5718 I AconfigPackage: com.android.server.usb.flags is mapped to system
07-04 01:15:20.333  5718  5718 I AconfigPackage: android.os.vibrator is mapped to system
07-04 01:15:20.333  5718  5718 I AconfigPackage: android.hardware.devicestate.feature.flags is mapped to system
07-04 01:15:20.333  5718  5718 I AconfigPackage: com.android.server.usage is mapped to system
07-04 01:15:20.333  5718  5718 I AconfigPackage: android.server is mapped to system
07-04 01:15:20.333  5718  5718 I AconfigPackage: com.android.wm.shell is mapped to system
07-04 01:15:20.333  5718  5718 I AconfigPackage: android.view.inputmethod is mapped to system
07-04 01:15:20.333  5718  5718 I AconfigPackage: com.android.graphics.hwui.flags is mapped to system
07-04 01:15:20.333  5718  5718 I AconfigPackage: com.android.server.backup is mapped to system
07-04 01:15:20.333  5718  5718 I AconfigPackage: com.android.internal.pm.pkg.component.flags is mapped to system
07-04 01:15:20.333  5718  5718 I AconfigPackage: android.view.accessibility is mapped to system
07-04 01:15:20.333  5718  5718 I AconfigPackage: com.google.wear.sdk is mapped to system
07-04 01:15:20.333  5718  5718 I AconfigPackage: android.media.audio is mapped to system
07-04 01:15:20.333  5718  5718 I AconfigPackage: com.android.server.am is mapped to system
07-04 01:15:20.333  5718  5718 I AconfigPackage: com.android.media.playback.flags is mapped to system
07-04 01:15:20.334  5718  5718 I AconfigPackage: com.android.art.flags is mapped to com.android.art
07-04 01:15:20.334  5718  5718 I AconfigPackage: com.android.libcore is mapped to com.android.art
07-04 01:15:20.334  5718  5718 I AconfigPackage: com.android.media.extractor.flags is mapped to com.android.media
07-04 01:15:20.334  5718  5718 I AconfigPackage: com.android.media.mainline.flags is mapped to com.android.media
07-04 01:15:20.334  5718  5718 I AconfigPackage: com.android.wifi.flags is mapped to com.android.wifi
07-04 01:15:20.334  5718  5718 I AconfigPackage: com.android.org.conscrypt.flags is mapped to com.android.conscrypt
07-04 01:15:20.351  5718  5718 I AconfigPackage: com.android.healthfitness.flags is mapped to com.android.healthfitness
07-04 01:15:20.351  5718  5718 I AconfigPackage: com.google.android.input.twoshay.flags is mapped to vendor
07-04 01:15:20.351  5718  5718 I AconfigPackage: libgooglecamerahal.flags is mapped to vendor
07-04 01:15:20.351  5718  5718 I AconfigPackage: com.android.ipsec.flags is mapped to com.android.ipsec
07-04 01:15:20.351  5718  5718 I AconfigPackage: com.android.nfc.module.flags is mapped to com.android.nfcservices
07-04 01:15:20.351  5718  5718 I AconfigPackage: com.android.adservices.ondevicepersonalization.flags is mapped to com.android.ondevicepersonalization
07-04 01:15:20.352  5718  5718 I AconfigPackage: com.android.bluetooth.flags is mapped to com.android.bt
07-04 01:15:20.352  5718  5718 I AconfigPackage: com.android.devicelock.flags is mapped to com.android.devicelock
07-04 01:15:20.352  5718  5718 I AconfigPackage: android.os.profiling is mapped to com.android.profiling
07-04 01:15:20.352  5718  5718 I AconfigPackage: com.android.os.statsd.flags is mapped to com.android.os.statsd
07-04 01:15:20.352  5718  5718 I AconfigPackage: com.android.cellbroadcastreceiver.flags is mapped to com.android.cellbroadcast
07-04 01:15:20.352  5718  5718 I AconfigPackage: com.android.adservices.flags is mapped to com.android.adservices
07-04 01:15:20.352  5718  5718 I AconfigPackage: com.android.sdksandbox.flags is mapped to com.android.adservices
07-04 01:15:20.352  5718  5718 I AconfigPackage: com.android.uwb.flags is mapped to com.android.uwb
07-04 01:15:20.352  5718  5718 I AconfigPackage: com.android.ranging.flags is mapped to com.android.uwb
07-04 01:15:20.352  5718  5718 I AconfigPackage: android.graphics.pdf.flags is mapped to com.android.mediaprovider
07-04 01:15:20.352  5718  5718 I AconfigPackage: com.android.providers.media.flags is mapped to com.android.mediaprovider
07-04 01:15:20.352  5718  5718 I AconfigPackage: android.graphics.pdf.flags.readonly is mapped to com.android.mediaprovider
07-04 01:15:20.352  5718  5718 I AconfigPackage: com.android.net.ct.flags is mapped to com.android.tethering
07-04 01:15:20.352  5718  5718 I AconfigPackage: com.android.net.flags is mapped to com.android.tethering
07-04 01:15:20.352  5718  5718 I AconfigPackage: android.net.vcn is mapped to com.android.tethering
07-04 01:15:20.352  5718  5718 I AconfigPackage: com.android.nearby.flags is mapped to com.android.tethering
07-04 01:15:20.352  5718  5718 I AconfigPackage: android.net.http is mapped to com.android.tethering
07-04 01:15:20.352  5718  5718 I AconfigPackage: com.android.net.thread.flags is mapped to com.android.tethering
07-04 01:15:20.352  5718  5718 I AconfigPackage: com.android.system.virtualmachine.flags is mapped to com.android.virt
07-04 01:15:20.352  5718  5718 E FeatureFlagsImplExport: android.os.flagging.AconfigStorageReadException: ERROR_PACKAGE_NOT_FOUND: package android.xr cannot be found on the device
07-04 01:15:20.356  5718  5718 D UiAutomationConnection: Created on user UserHandle{0}
07-04 01:15:20.357  5718  5718 I UiAutomation: Initialized for user 0 on display 0
07-04 01:15:20.357  5718  5718 W UiAutomation: Created with deprecatead constructor, assumes DEFAULT_DISPLAY
07-04 01:15:20.358   708   724 D AccessibilityManagerService: changeCurrentUserForTestAutomationIfNeededLocked(0): ignoring because device doesn't support visible background users
07-04 01:15:20.359   708   724 I UiAutomationManager: Registering UiTestAutomationService (id=com.android.server.accessibility/UiAutomation, flags=0x0) when called by user 0
07-04 01:15:20.359   708   724 V AccessibilityManagerService: onUserStateChangedLocked for userId: 0, forceUpdate: false
07-04 01:15:20.361   708   724 W MagnificationConnectionManager: requestConnection duplicated request: connect=false, mConnectionState=DISCONNECTED
07-04 01:15:20.361  1512  2141 I AiAiEcho: Settings changed for uri: content://settings/secure/accessibility_enabled
07-04 01:15:20.362  1512  2024 I AiAiEcho: Predicting[0]:  [CONTEXT sampling_count=5 ]
07-04 01:15:20.362  1512  2024 I AiAiEcho: EchoTargets: 
07-04 01:15:20.362  1512  2024 I AiAiEcho: Filtered by AiAi flag check: 
07-04 01:15:20.362  1512  2024 I AiAiEcho: [CONTEXT ratelimit_period="10 SECONDS" ]
07-04 01:15:20.362  1512  2024 I AiAiEcho: #remoteViewsTwiddler: feature disabled.
07-04 01:15:20.362  1512  2024 I AiAiEcho: Predicting[0]:  [CONTEXT sampling_count=5 ]
07-04 01:15:20.362  1512  2024 I AiAiEcho: EchoTargets: 
07-04 01:15:20.362  1512  2024 I AiAiEcho: Filtered by AiAi flag check: 
07-04 01:15:20.362  1512  2024 I AiAiEcho: [CONTEXT ratelimit_period="10 SECONDS" ]
07-04 01:15:20.363  1512  2024 I AiAiEcho: #remoteViewsTwiddler: feature disabled.
07-04 01:15:20.363   708   708 W IPCThreadState: Sending oneway calls to frozen process.
07-04 01:15:20.363   708   708 W IPCThreadState: Sending oneway calls to frozen process.
07-04 01:15:20.364  5718  5730 V UiAutomation: Init UiAutomation@8e84d3c[id=35, displayId=0, flags=0]
07-04 01:15:20.364  1512  2024 I AiAiEcho: #postPredictionTargets: Sending updates to UISurface home with targets# 0 (types=[])
