07-04 03:07:08.730   487 14184 I resolv  : res_nsend: used send_dg 67 terrno: 0
07-04 03:07:08.731   487 14183 I resolv  : res_nsend: used send_dg 79 terrno: 0
07-04 03:07:08.731   487 14183 I resolv  : doQuery: rcode=0, ancount=1, return value=79
07-04 03:07:08.731   487 14184 I resolv  : doQuery: rcode=0, ancount=1, return value=67
07-04 03:07:09.459   708  1020 W ActivityManager: stopServiceToken startId 8 is last, but have 1 remaining args
07-04 03:07:09.626 14083 14178 D SessionConfigFetcher: Fetched settings: {"settings_version":3,"cache_duration":193467,"features":{"collect_logged_exceptions":true,"collect_reports":true,"collect_analytics":false,"prompt_enabled":false,"push_enabled":false,"firebase_crashlytics_enabled":false,"collect_anrs":true,"collect_metric_kit":false,"collect_build_ids":true},"app":{"status":"activated","update_required":false,"report_upload_variant":2,"native_report_upload_variant":2},"fabric":{"org_id":"69b662ea5647115153b0bab8","bundle_id":"com.tiarnanlarkin.danio"},"on_demand_upload_rate_per_minute":10,"on_demand_backoff_base":1.2,"on_demand_backoff_step_duration_seconds":60,"app_quality":{"sessions_enabled":true,"sampling_rate":1,"session_timeout_seconds":1800},"on_demand_thread_recording_suspension_enabled":true}
07-04 03:07:09.779 14083 14173 D LifecycleServiceBinder: Binding service to application.
07-04 03:07:09.791 14083 14083 D SessionLifecycleService: Service bound to new client on process 14083
07-04 03:07:09.794 14083 14083 D SessionLifecycleClient: Connected to SessionLifecycleService. Queue size 0
07-04 03:07:09.796 14083 14191 D SessionLifecycleService: App has not yet foregrounded. Using previously stored session: null
07-04 03:07:09.796 14083 14191 D SessionLifecycleService: Client android.os.Messenger@f52ac33 bound at 8394494. Clients: 1
07-04 03:07:10.160   708  1020 W ActivityManager: stopServiceToken startId 14 is last, but have 1 remaining args
07-04 03:07:10.502 14193 14193 W screencap: Thread Pool max thread count is 0. Cannot cache binder as linkToDeath cannot be implemented. serviceName: SurfaceFlingerAIDL
07-04 03:07:10.503 14193 14193 W BpBinder: Linking to death on android.gui.ISurfaceComposer but there are no threads (yet?) listening to incoming transactions. See ProcessState::startThreadPool and ProcessState::setThreadPoolMaxThreadCount. Generally you should setup the binder threadpool before other initialization steps.
07-04 03:07:10.504 14193 14193 W ProcessState: Extra binder thread started, but 0 threads requested. Do not use *startThreadPool when zero threads are requested.
07-04 03:07:10.523   563   578 E HwcComposer: getLuts failed Status(-8, EX_SERVICE_SPECIFIC): '8: '
07-04 03:07:10.523   563   578 E HWComposer: getLuts: getLuts failed for display 4619827259835644672: UNSUPPORTED (8)
07-04 03:07:10.514     0     0 I servicemanager: Caller(pid=14193,uid=2000,sid=u:r:shell:s0) Found android.hardware.graphics.allocator.IAllocator/default in device VINTF manifest.
07-04 03:07:10.517     0     0 I servicemanager: Caller(pid=14193,uid=2000,sid=u:r:shell:s0) Found android.hardware.graphics.allocator.IAllocator/default in device VINTF manifest.
07-04 03:07:10.521     0     0 I servicemanager: Caller(pid=14193,uid=2000,sid=u:r:shell:s0) Found mapper/ranchu in device VINTF manifest.
07-04 03:07:10.655  1461  1726 W MediaProvider: isAppCloneUserPair for user 0: false
07-04 03:07:10.775  1294 14133 I NetworkScheduler.Stats: Task com.google.android.gms/com.google.android.gms.ipa.base.IpaGcmTaskService started execution. cause:9 exec_start_elapsed_seconds: 8395 [CONTEXT service_id=218 ]
07-04 03:07:10.788  1294 13827 I NetworkScheduler.Stats: Task com.google.android.gms/com.google.android.gms.ipa.base.IpaGcmTaskService finished executing. cause:9 result: 1 elapsed_millis: 53 uptime_millis: 53 exec_start_elapsed_seconds: 8395 [CONTEXT service_id=218 ]
07-04 03:07:10.790   708   863 D WifiClientModeImpl[26229:wlan0]: updateLinkLayerStatsRssiSpeedFrequencyCapabilities rssi=-50 TxLinkspeed=1 freq=2447 RxLinkSpeed=2
07-04 03:07:10.790   708   863 D WifiDataStall: tx tput in kbps: 11000
07-04 03:07:10.790   708   863 D WifiDataStall: rx tput in kbps: 11000
07-04 03:07:10.790   708   863 V WifiConfigManager: Updating scan detail cache freq=2447 BSSID=00:13:10:85:fe:01 RSSI=-50 for "AndroidWifi"NONE
07-04 03:07:10.790   708   863 D WifiThroughputPredictor:  utilization (LLS) 80 isBluetoothConnected: false final utilization: 80
07-04 03:07:10.790   708   863 D WifiThroughputPredictor:  BW: 0 RSSI: -50 Nss: 1 Mode: 1 symDur: 4000 snrDb 30 bitPerTone: 4500 rate: 54 throughput: 11
07-04 03:07:10.790   708   863 D WifiThroughputPredictor:  utilization (LLS) 80 isBluetoothConnected: false final utilization: 80
07-04 03:07:10.790   708   863 D WifiThroughputPredictor:  BW: 0 RSSI: -50 Nss: 1 Mode: 1 symDur: 4000 snrDb 30 bitPerTone: 4500 rate: 54 throughput: 11
07-04 03:07:10.790   708   863 D WifiThroughputPredictor:  utilization (LLS) 80 isBluetoothConnected: false final utilization: 80
07-04 03:07:10.791   708   863 D WifiThroughputPredictor:  BW: 0 RSSI: -50 Nss: 1 Mode: 1 symDur: 4000 snrDb 30 bitPerTone: 4500 rate: 54 throughput: 11
07-04 03:07:10.791   708   863 D WifiThroughputPredictor:  utilization (LLS) 80 isBluetoothConnected: false final utilization: 80
07-04 03:07:10.791   708   863 D WifiThroughputPredictor:  BW: 0 RSSI: -50 Nss: 1 Mode: 1 symDur: 4000 snrDb 30 bitPerTone: 4500 rate: 54 throughput: 11
07-04 03:07:10.791   708   863 D WifiScoreCard: BSSID update SIGNAL_POLL ID: 52320190 SSID: "AndroidWifi", BSSID: 00:13:10:85:fe:01, MAC: 02:15:b2:00:00:00, IP: /10.0.2.16, Security type: 0, Supplicant state: COMPLETED, Wi-Fi standard: legacy, RSSI: -50, Link speed: 1Mbps, Tx Link speed: 1Mbps, Max Supported Tx Link speed: 11Mbps, Rx Link speed: 2Mbps, Max Supported Rx Link speed: 11Mbps, Frequency: 2447MHz, Net ID: 0, Metered hint: false, score: 60, isUsable: true, CarrierMerged: false, SubscriptionId: -1, IsPrimary: 1, Trusted: true, Restricted: false, Ephemeral: false, OEM paid: false, OEM private: false, OSU AP: false, FQDN: <none>, Provider friendly name: <none>, Requesting package name: <none>"AndroidWifi"openMLO Information: , Is TID-To-Link negotiation supported by the AP: false, AP MLD Address: <none>, AP MLO Link Id: <none>, AP MLO Affiliated links: <none>, Vendor Data: <none>
07-04 03:07:10.791   708   863 D WifiScoreCard: txRate: 3 txSpeed: 1
07-04 03:07:10.791   708   863 D WifiScoreCard: network update SIGNAL_POLL "AndroidWifi" ID: 843735694 RSSI -50 txSpeed -1
07-04 03:07:10.792   708   863 D WifiClientModeImpl[26229:wlan0]:  ClientModeImpl$L2ConnectedState screen=on 5 0 "AndroidWifi" 00:13:10:85:fe:01 rssi=-50 f=2447 sc=60 link=1 tx=2.6, 0.0, 0.0 rx=2.4 bcn=0 [on:0 tx:0 rx:0 period:3007] from screen [on:0 period:719402952] score=60
07-04 03:07:10.806  1294  1332 I .gms.persistent: Waiting for a blocking GC ProfileSaver
07-04 03:07:10.864  1294  1332 I .gms.persistent: WaitForGcToComplete blocked ProfileSaver on Background for 57.139ms
07-04 03:07:10.956   708  1811 I ActivityManager: Broadcasting: Intent { act=android.intent.action.MEDIA_SCANNER_SCAN_FILE dat=file:///... flg=0x400000 }
07-04 03:07:10.959   708  1020 W JobInfo : Job 'com.google.android.providers.media.module/com.android.providers.media.MediaService#-300' has a deadline with no functional constraints. The deadline won't improve job execution latency. Consider removing the deadline.
07-04 03:07:10.959   708  1811 I ActivityManager: Enqueued broadcast Intent { act=android.intent.action.MEDIA_SCANNER_SCAN_FILE dat=file:///... flg=0x400000 }: 0
07-04 03:07:10.965   708   736 I ActivityManager: Broadcast completed: result=0
07-04 03:07:10.970  1461  1961 I MediaProvider: Begin Intent { act=android.intent.action.MEDIA_SCANNER_SCAN_FILE dat=file:///... flg=0x1400010 cmp=com.google.android.providers.media.module/com.android.providers.media.MediaService }
07-04 03:07:10.995  1461  1469 W FuseDaemon: Reducing the number of considered missed Gc histogram windows from 275 to 100
07-04 03:07:11.011  1461  1961 I MediaProvider: End Intent { act=android.intent.action.MEDIA_SCANNER_SCAN_FILE dat=file:///... flg=0x1400010 cmp=com.google.android.providers.media.module/com.android.providers.media.MediaService }
07-04 03:07:11.045  1461  1666 D WM-SystemJobScheduler: Scheduling work ID 52fb43fd-0302-4df9-9e9e-ed6a0d009ec4Job ID 52
07-04 03:07:11.052  1461  1666 D WM-GreedyScheduler: Ignoring {WorkSpec: 4ab35118-0008-4e0e-9667-4896f94f6ee7}. Requires device idle.
07-04 03:07:11.053  1461  1666 D WM-GreedyScheduler: Ignoring {WorkSpec: 5e0a924a-98f8-4d1c-b169-89fa94ec2302}. Requires device idle.
07-04 03:07:11.312   708   845 W JobInfo : Job 'com.google.android.apps.photos/com.google.android.libraries.social.async.BackgroundTaskJobService#1043' has a deadline with no functional constraints. The deadline won't improve job execution latency. Consider removing the deadline.
07-04 03:07:11.347   487   525 I netd    : tetherGetStats() -> {[]} <0.26ms>
07-04 03:07:12.143   708   812 D ActivityManager: freezing 3652 com.google.android.googlequicksearchbox:search
07-04 03:07:12.301  1290  1297 W ssioncontroller: Reducing the number of considered missed Gc histogram windows from 267 to 100
07-04 03:07:12.540  1461  1461 D WM-DelayedWorkTracker: Scheduling work 52fb43fd-0302-4df9-9e9e-ed6a0d009ec4
07-04 03:07:12.540  1461  1461 D WM-GreedyScheduler: Starting tracking for 52fb43fd-0302-4df9-9e9e-ed6a0d009ec4
07-04 03:07:12.541  1461  1667 D WM-ConstraintTracker: BatteryNotLowTracker: initial state = true
07-04 03:07:12.541  1461  1667 D WM-BrdcstRcvrCnstrntTrc: BatteryNotLowTracker: registering receiver
07-04 03:07:12.543  1461  1608 D WM-GreedyScheduler: Constraints met: Scheduling work ID WorkGenerationalId(workSpecId=52fb43fd-0302-4df9-9e9e-ed6a0d009ec4, generation=0)
07-04 03:07:12.544  1461  1608 D WM-Processor: Processor: processing WorkGenerationalId(workSpecId=52fb43fd-0302-4df9-9e9e-ed6a0d009ec4, generation=0)
07-04 03:07:12.547  1461  1461 D WM-WorkerWrapper: Starting work for com.android.providers.media.photopicker.sync.ProactiveSyncWorker
07-04 03:07:12.548  1461  5432 I PSyncWorker: Starting proactive picker sync from sync source: 1
07-04 03:07:12.548  1461  5432 I PickerSyncTracker: Created new sync future java.util.concurrent.CompletableFuture@bf9d473[Not completed, 1 dependents]. Future map: {52fb43fd-0302-4df9-9e9e-ed6a0d009ec4=java.util.concurrent.CompletableFuture@bf9d473[Not completed, 1 dependents]}
07-04 03:07:12.548  1461  5432 D PickerSyncController: syncAllMediaFromProvider() LOCAL, auth=com.android.providers.media.photopicker, retry=true
07-04 03:07:12.548  1461  5432 D PickerSyncController: getSyncRequestParams() LOCAL, auth=com.android.providers.media.photopicker
07-04 03:07:12.553  1461  5432 D PickerSyncController:    Latest ID/Gen=4eb8212abf423e75:external_primary/705
07-04 03:07:12.553  1461  5432 D PickerSyncController:    Cached ID/Gen=4eb8212abf423e75:external_primary/687
07-04 03:07:12.554  1461  5432 D PickerSyncController:    RESULT=SyncRequestParams{type=MEDIA_INCREMENTAL, gen=687, latest=Bundle[{last_media_sync_generation=705, media_collection_id=4eb8212abf423e75:external_primary}], pageSize=1000}
07-04 03:07:12.554  1461  5432 I PickerSyncController: Executing SyncAdd. isLocal: true. authority: com.android.providers.media.photopicker
07-04 03:07:12.554  1461  5432 D PickerSyncLockManager: Trying to acquire lock com.android.providers.media.photopicker.sync.CloseableReentrantLock@cec4fdd[Unlocked]. Lock Name = CLOUD_PROVIDER_LOCK. Threads that may be waiting to acquire this lock = [] with timeout.
07-04 03:07:12.554  1461  5432 D CloseableReentrantLock: Successfully acquired lock com.android.providers.media.photopicker.sync.CloseableReentrantLock@cec4fdd[Locked by thread pool-4-thread-8]. Lock Name = CLOUD_PROVIDER_LOCK. Threads that may be waiting to acquire this lock = []
07-04 03:07:12.554  1461  5432 D CloseableReentrantLock: Successfully released lock com.android.providers.media.photopicker.sync.CloseableReentrantLock@cec4fdd[Unlocked]. Lock Name = CLOUD_PROVIDER_LOCK. Threads that may be waiting to acquire this lock = []
07-04 03:07:12.554  1461  5432 D ExternalDbFacade: Token received for queryMedia = null
07-04 03:07:12.559  1461  5432 V PickerDbFacade: Failed to insert picker db media. ContentValues: _user_id=0 standard_mime_type_extension=0 size_bytes=156642 orientation=0 height=2400 owner_package_name=com.android.shell date_taken_ms=1783128065000 duration_ms=0 sync_generation=700 mime_type=image/png width=1080 is_favorite=0 local_id=18 is_visible=1
07-04 03:07:12.559  1461  5432 V PickerDbFacade: android.database.sqlite.SQLiteConstraintException: UNIQUE constraint failed: media.local_id, media.is_visible (code 2067 SQLITE_CONSTRAINT_UNIQUE)
07-04 03:07:12.559  1461  5432 V PickerDbFacade: 	at android.database.sqlite.SQLiteConnection.nativeExecuteForLastInsertedRowId(Native Method)
07-04 03:07:12.559  1461  5432 V PickerDbFacade: 	at android.database.sqlite.SQLiteConnection.executeForLastInsertedRowId(SQLiteConnection.java:985)
07-04 03:07:12.559  1461  5432 V PickerDbFacade: 	at android.database.sqlite.SQLiteSession.executeForLastInsertedRowId(SQLiteSession.java:825)
07-04 03:07:12.559  1461  5432 V PickerDbFacade: 	at android.database.sqlite.SQLiteStatement.executeInsert(SQLiteStatement.java:89)
07-04 03:07:12.559  1461  5432 V PickerDbFacade: 	at android.database.DatabaseUtils.executeInsert(DatabaseUtils.java:210)
07-04 03:07:12.559  1461  5432 V PickerDbFacade: 	at android.database.sqlite.SQLiteQueryBuilder.insert(SQLiteQueryBuilder.java:638)
07-04 03:07:12.559  1461  5432 V PickerDbFacade: 	at com.android.providers.media.photopicker.data.PickerDbFacade$AddMediaOperation.insertMedia(PickerDbFacade.java:644)
07-04 03:07:12.559  1461  5432 V PickerDbFacade: 	at com.android.providers.media.photopicker.data.PickerDbFacade$AddMediaOperation.upsertMedia(PickerDbFacade.java:658)
07-04 03:07:12.559  1461  5432 V PickerDbFacade: 	at com.android.providers.media.photopicker.data.PickerDbFacade$AddMediaOperation.executeInternal(PickerDbFacade.java:616)
07-04 03:07:12.559  1461  5432 V PickerDbFacade: 	at com.android.providers.media.photopicker.data.PickerDbFacade$DbWriteOperation.execute(PickerDbFacade.java:405)
07-04 03:07:12.559  1461  5432 V PickerDbFacade: 	at com.android.providers.media.photopicker.PickerSyncController.executePagedSync(PickerSyncController.java:1793)
07-04 03:07:12.559  1461  5432 V PickerDbFacade: 	at com.android.providers.media.photopicker.PickerSyncController.executePagedSync(PickerSyncController.java:1712)
07-04 03:07:12.559  1461  5432 V PickerDbFacade: 	at com.android.providers.media.photopicker.PickerSyncController.executeSyncAdd(PickerSyncController.java:1134)
07-04 03:07:12.559  1461  5432 V PickerDbFacade: 	at com.android.providers.media.photopicker.PickerSyncController.syncAllMediaFromProvider(PickerSyncController.java:978)
07-04 03:07:12.559  1461  5432 V PickerDbFacade: 	at com.android.providers.media.photopicker.PickerSyncController.syncAllMediaFromLocalProvider(PickerSyncController.java:401)
07-04 03:07:12.559  1461  5432 V PickerDbFacade: 	at com.android.providers.media.photopicker.sync.ProactiveSyncWorker.doWork(ProactiveSyncWorker.java:89)
07-04 03:07:12.559  1461  5432 V PickerDbFacade: 	at androidx.work.Worker$startWork$1.invoke(Worker.kt:64)
07-04 03:07:12.559  1461  5432 V PickerDbFacade: 	at androidx.work.Worker$startWork$1.invoke(Worker.kt:64)
07-04 03:07:12.559  1461  5432 V PickerDbFacade: 	at androidx.work.WorkerKt.future$lambda$2$lambda$1(Worker.kt:100)
07-04 03:07:12.559  1461  5432 V PickerDbFacade: 	at androidx.work.WorkerKt.$r8$lambda$06LNzu7McnKR6G06fSbfQ2BCegc(Worker.kt:0)
07-04 03:07:12.559  1461  5432 V PickerDbFacade: 	at androidx.work.WorkerKt$$ExternalSyntheticLambda2.run(R8$$SyntheticClass:0)
07-04 03:07:12.559  1461  5432 V PickerDbFacade: 	at java.util.concurrent.ThreadPoolExecutor.runWorker(ThreadPoolExecutor.java:1156)
07-04 03:07:12.559  1461  5432 V PickerDbFacade: 	at java.util.concurrent.ThreadPoolExecutor$Worker.run(ThreadPoolExecutor.java:651)
07-04 03:07:12.559  1461  5432 V PickerDbFacade: 	at java.lang.Thread.run(Thread.java:1119)
07-04 03:07:12.559  1461  5432 V PickerDbFacade: Retrying failed insert as update. ContentValues: _user_id=0 standard_mime_type_extension=0 size_bytes=156642 orientation=0 height=2400 owner_package_name=com.android.shell date_taken_ms=1783128065000 duration_ms=0 sync_generation=700 mime_type=image/png width=1080 is_favorite=0 local_id=18 is_visible=1
07-04 03:07:12.568  1461  5432 D PickerSyncLockManager: Trying to acquire lock com.android.providers.media.photopicker.sync.CloseableReentrantLock@cec4fdd[Unlocked]. Lock Name = CLOUD_PROVIDER_LOCK. Threads that may be waiting to acquire this lock = [] with timeout.
07-04 03:07:12.569  1461  5432 D CloseableReentrantLock: Successfully acquired lock com.android.providers.media.photopicker.sync.CloseableReentrantLock@cec4fdd[Locked by thread pool-4-thread-8]. Lock Name = CLOUD_PROVIDER_LOCK. Threads that may be waiting to acquire this lock = []
07-04 03:07:12.569  1461  5432 D PickerSyncController: Saving next page token: 1783128065000|18 for key: local_provider:media_add:resume
07-04 03:07:12.569  1461  5432 D CloseableReentrantLock: Successfully released lock com.android.providers.media.photopicker.sync.CloseableReentrantLock@cec4fdd[Unlocked]. Lock Name = CLOUD_PROVIDER_LOCK. Threads that may be waiting to acquire this lock = []
07-04 03:07:12.571  1461  5432 D PickerNotificationSender: Sending a notification for media update
07-04 03:07:12.573  1461  5432 D PickerNotificationSender: Sending a notification for merged album media update Favorites
07-04 03:07:12.573  1461  5432 D PickerNotificationSender: Sending a notification for album media update Favorites
07-04 03:07:12.573  1461  5432 D PickerNotificationSender: Sending a notification for merged album media update Videos
07-04 03:07:12.573  1461  5432 D PickerNotificationSender: Sending a notification for album media update Videos
07-04 03:07:12.573  1461  5432 D ExternalDbFacade: Token received for queryMedia = 1783128065000|18
07-04 03:07:12.576  1461  5432 D PickerSyncLockManager: Trying to acquire lock com.android.providers.media.photopicker.sync.CloseableReentrantLock@cec4fdd[Unlocked]. Lock Name = CLOUD_PROVIDER_LOCK. Threads that may be waiting to acquire this lock = [] with timeout.
07-04 03:07:12.576  1461  5432 D CloseableReentrantLock: Successfully acquired lock com.android.providers.media.photopicker.sync.CloseableReentrantLock@cec4fdd[Locked by thread pool-4-thread-8]. Lock Name = CLOUD_PROVIDER_LOCK. Threads that may be waiting to acquire this lock = []
07-04 03:07:12.576  1461  5432 D PickerSyncController: Clearing next page token for key: local_provider:media_add:resume
07-04 03:07:12.577  1461  5432 D CloseableReentrantLock: Successfully released lock com.android.providers.media.photopicker.sync.CloseableReentrantLock@cec4fdd[Unlocked]. Lock Name = CLOUD_PROVIDER_LOCK. Threads that may be waiting to acquire this lock = []
07-04 03:07:12.577  1461  5432 D PickerNotificationSender: Sending a notification for media update
07-04 03:07:12.580  1461  5432 D PickerNotificationSender: Sending a notification for merged album media update Favorites
07-04 03:07:12.582  1461  5432 D PickerNotificationSender: Sending a notification for album media update Favorites
07-04 03:07:12.587  1461  5432 D PickerNotificationSender: Sending a notification for merged album media update Videos
07-04 03:07:12.587  1461  5432 D PickerNotificationSender: Sending a notification for album media update Videos
07-04 03:07:12.588  1461  5432 I PickerSyncController: Paged sync successful. QueryArgs: Bundle[{android.provider.extra.PAGE_TOKEN=1783128065000|18, android.provider.extra.SYNC_GENERATION=687, android.provider.extra.PAGE_SIZE=1000}] Total Rows: 2
07-04 03:07:12.588  1461  5432 I PickerSyncController: Executing SyncRemove. isLocal: true. authority: com.android.providers.media.photopicker
07-04 03:07:12.588  1461  5432 D PickerSyncLockManager: Trying to acquire lock com.android.providers.media.photopicker.sync.CloseableReentrantLock@cec4fdd[Unlocked]. Lock Name = CLOUD_PROVIDER_LOCK. Threads that may be waiting to acquire this lock = [] with timeout.
07-04 03:07:12.588  1461  5432 D CloseableReentrantLock: Successfully acquired lock com.android.providers.media.photopicker.sync.CloseableReentrantLock@cec4fdd[Locked by thread pool-4-thread-8]. Lock Name = CLOUD_PROVIDER_LOCK. Threads that may be waiting to acquire this lock = []
07-04 03:07:12.588  1461  5432 D CloseableReentrantLock: Successfully released lock com.android.providers.media.photopicker.sync.CloseableReentrantLock@cec4fdd[Unlocked]. Lock Name = CLOUD_PROVIDER_LOCK. Threads that may be waiting to acquire this lock = []
07-04 03:07:12.591  1461  5432 D PickerSyncLockManager: Trying to acquire lock com.android.providers.media.photopicker.sync.CloseableReentrantLock@cec4fdd[Unlocked]. Lock Name = CLOUD_PROVIDER_LOCK. Threads that may be waiting to acquire this lock = [] with timeout.
07-04 03:07:12.591  1461  5432 D CloseableReentrantLock: Successfully acquired lock com.android.providers.media.photopicker.sync.CloseableReentrantLock@cec4fdd[Locked by thread pool-4-thread-8]. Lock Name = CLOUD_PROVIDER_LOCK. Threads that may be waiting to acquire this lock = []
07-04 03:07:12.591  1461  5432 D PickerSyncController: Clearing next page token for key: local_provider:media_remove:resume
07-04 03:07:12.591  1461  5432 D CloseableReentrantLock: Successfully released lock com.android.providers.media.photopicker.sync.CloseableReentrantLock@cec4fdd[Unlocked]. Lock Name = CLOUD_PROVIDER_LOCK. Threads that may be waiting to acquire this lock = []
07-04 03:07:12.591  1461  5432 D PickerNotificationSender: Sending a notification for media update
07-04 03:07:12.591  1461  5432 D PickerNotificationSender: Sending a notification for merged album media update Favorites
07-04 03:07:12.591  1461  5432 D PickerNotificationSender: Sending a notification for album media update Favorites
07-04 03:07:12.592  1461  5432 D PickerNotificationSender: Sending a notification for merged album media update Videos
07-04 03:07:12.592  1461  5432 D PickerNotificationSender: Sending a notification for album media update Videos
07-04 03:07:12.592  1461  5432 I PickerSyncController: Paged sync successful. QueryArgs: Bundle[{android.provider.extra.PAGE_TOKEN=1783128065000|18, android.provider.extra.SYNC_GENERATION=687, android.provider.extra.PAGE_SIZE=1000}] Total Rows: 0
07-04 03:07:12.592  1461  5432 I PickerSyncTracker: Marked sync future complete for work id: 52fb43fd-0302-4df9-9e9e-ed6a0d009ec4. Future map: {}
07-04 03:07:12.593  1461  5432 I PSyncWorker: Completed picker proactive sync complete from local provider.
07-04 03:07:12.594  1461  1608 I WM-WorkerWrapper: Worker result SUCCESS for Work [ id=52fb43fd-0302-4df9-9e9e-ed6a0d009ec4, tags={ com.android.providers.media.photopicker.sync.ProactiveSyncWorker } ]
07-04 03:07:12.595  1461  1461 D WM-Processor: Processor 52fb43fd-0302-4df9-9e9e-ed6a0d009ec4 executed; reschedule = false
07-04 03:07:12.595  1461  1461 D WM-GreedyScheduler: Stopping tracking for WorkGenerationalId(workSpecId=52fb43fd-0302-4df9-9e9e-ed6a0d009ec4, generation=0)
07-04 03:07:12.607  1461  1608 D WM-GreedyScheduler: Cancelling work ID 52fb43fd-0302-4df9-9e9e-ed6a0d009ec4
07-04 03:07:12.609  1461  1608 D WM-GreedyScheduler: Ignoring {WorkSpec: 4ab35118-0008-4e0e-9667-4896f94f6ee7}. Requires device idle.
07-04 03:07:12.609  1461  1608 D WM-GreedyScheduler: Ignoring {WorkSpec: 5e0a924a-98f8-4d1c-b169-89fa94ec2302}. Requires device idle.
07-04 03:07:12.609  1461  1608 D WM-BrdcstRcvrCnstrntTrc: BatteryNotLowTracker: unregistering receiver
07-04 03:07:13.793   708   863 D WifiClientModeImpl[26229:wlan0]: updateLinkLayerStatsRssiSpeedFrequencyCapabilities rssi=-50 TxLinkspeed=1 freq=2447 RxLinkSpeed=2
07-04 03:07:13.793   708   863 D WifiDataStall: tx tput in kbps: 11000
07-04 03:07:13.793   708   863 D WifiDataStall: rx tput in kbps: 11000
07-04 03:07:13.793   708   863 V WifiConfigManager: Updating scan detail cache freq=2447 BSSID=00:13:10:85:fe:01 RSSI=-50 for "AndroidWifi"NONE
07-04 03:07:13.793   708   863 D WifiThroughputPredictor:  utilization (LLS) 80 isBluetoothConnected: false final utilization: 80
07-04 03:07:13.793   708   863 D WifiThroughputPredictor:  BW: 0 RSSI: -50 Nss: 1 Mode: 1 symDur: 4000 snrDb 30 bitPerTone: 4500 rate: 54 throughput: 11
07-04 03:07:13.793   708   863 D WifiThroughputPredictor:  utilization (LLS) 80 isBluetoothConnected: false final utilization: 80
07-04 03:07:13.793   708   863 D WifiThroughputPredictor:  BW: 0 RSSI: -50 Nss: 1 Mode: 1 symDur: 4000 snrDb 30 bitPerTone: 4500 rate: 54 throughput: 11
07-04 03:07:13.793   708   863 D WifiThroughputPredictor:  utilization (LLS) 80 isBluetoothConnected: false final utilization: 80
07-04 03:07:13.793   708   863 D WifiThroughputPredictor:  BW: 0 RSSI: -50 Nss: 1 Mode: 1 symDur: 4000 snrDb 30 bitPerTone: 4500 rate: 54 throughput: 11
07-04 03:07:13.793   708   863 D WifiThroughputPredictor:  utilization (LLS) 80 isBluetoothConnected: false final utilization: 80
07-04 03:07:13.793   708   863 D WifiThroughputPredictor:  BW: 0 RSSI: -50 Nss: 1 Mode: 1 symDur: 4000 snrDb 30 bitPerTone: 4500 rate: 54 throughput: 11
07-04 03:07:13.794   708   863 D WifiScoreCard: BSSID update SIGNAL_POLL ID: 52320190 SSID: "AndroidWifi", BSSID: 00:13:10:85:fe:01, MAC: 02:15:b2:00:00:00, IP: /10.0.2.16, Security type: 0, Supplicant state: COMPLETED, Wi-Fi standard: legacy, RSSI: -50, Link speed: 1Mbps, Tx Link speed: 1Mbps, Max Supported Tx Link speed: 11Mbps, Rx Link speed: 2Mbps, Max Supported Rx Link speed: 11Mbps, Frequency: 2447MHz, Net ID: 0, Metered hint: false, score: 60, isUsable: true, CarrierMerged: false, SubscriptionId: -1, IsPrimary: 1, Trusted: true, Restricted: false, Ephemeral: false, OEM paid: false, OEM private: false, OSU AP: false, FQDN: <none>, Provider friendly name: <none>, Requesting package name: <none>"AndroidWifi"openMLO Information: , Is TID-To-Link negotiation supported by the AP: false, AP MLD Address: <none>, AP MLO Link Id: <none>, AP MLO Affiliated links: <none>, Vendor Data: <none>
07-04 03:07:13.794   708   863 D WifiScoreCard: txRate: 1 txSpeed: 1
07-04 03:07:13.794   708   863 D WifiScoreCard: network update SIGNAL_POLL "AndroidWifi" ID: 843735694 RSSI -50 txSpeed -1
07-04 03:07:13.794   708   863 D WifiClientModeImpl[26229:wlan0]:  ClientModeImpl$L2ConnectedState screen=on 5 0 "AndroidWifi" 00:13:10:85:fe:01 rssi=-50 f=2447 sc=60 link=1 tx=0.9, 0.0, 0.0 rx=0.8 bcn=0 [on:0 tx:0 rx:0 period:3002] from screen [on:0 period:719405954] score=60
07-04 03:07:15.035  1091  1307 D SatelliteController: iisInCarrierRoamingNbIotNtn: satellite is disabled
07-04 03:07:16.164   948   948 D wpa_supplicant: nl80211: Drv Event 64 (NL80211_CMD_NOTIFY_CQM) received for wlan0
07-04 03:07:16.164   948   948 D wpa_supplicant: nl80211: Beacon loss event
07-04 03:07:16.164   948   948 D wpa_supplicant: wlan0: Event BEACON_LOSS (53) received
07-04 03:07:16.164   948   948 I wpa_supplicant: wlan0: CTRL-EVENT-BEACON-LOSS 
07-04 03:07:16.347   708   869 D InetDiagMessage: Destroyed 0 sockets, proto=IPPROTO_TCP, family=AF_INET, states=14
07-04 03:07:16.348   708   869 D InetDiagMessage: Destroyed 0 sockets, proto=IPPROTO_TCP, family=AF_INET6, states=14
07-04 03:07:16.348   708   869 D InetDiagMessage: Destroyed live tcp sockets for uids={10161} in 1ms
07-04 03:07:16.348   708   869 D InetDiagMessage: Destroyed 0 sockets, proto=IPPROTO_TCP, family=AF_INET, states=14
07-04 03:07:16.348   708   869 D InetDiagMessage: Destroyed 0 sockets, proto=IPPROTO_TCP, family=AF_INET6, states=14
07-04 03:07:16.348   708   869 D InetDiagMessage: Destroyed live tcp sockets for uids={20161} in 0ms
07-04 03:07:16.798   708   863 D WifiClientModeImpl[26229:wlan0]: updateLinkLayerStatsRssiSpeedFrequencyCapabilities rssi=-50 TxLinkspeed=1 freq=2447 RxLinkSpeed=2
07-04 03:07:16.798   708   863 D WifiDataStall: tx tput in kbps: 11000
07-04 03:07:16.798   708   863 D WifiDataStall: rx tput in kbps: 11000
07-04 03:07:16.798   708   863 V WifiConfigManager: Updating scan detail cache freq=2447 BSSID=00:13:10:85:fe:01 RSSI=-50 for "AndroidWifi"NONE
07-04 03:07:16.798   708   863 D WifiThroughputPredictor:  utilization (LLS) 80 isBluetoothConnected: false final utilization: 80
07-04 03:07:16.798   708   863 D WifiThroughputPredictor:  BW: 0 RSSI: -50 Nss: 1 Mode: 1 symDur: 4000 snrDb 30 bitPerTone: 4500 rate: 54 throughput: 11
07-04 03:07:16.798   708   863 D WifiThroughputPredictor:  utilization (LLS) 80 isBluetoothConnected: false final utilization: 80
07-04 03:07:16.798   708   863 D WifiThroughputPredictor:  BW: 0 RSSI: -50 Nss: 1 Mode: 1 symDur: 4000 snrDb 30 bitPerTone: 4500 rate: 54 throughput: 11
07-04 03:07:16.798   708   863 D WifiThroughputPredictor:  utilization (LLS) 80 isBluetoothConnected: false final utilization: 80
07-04 03:07:16.798   708   863 D WifiThroughputPredictor:  BW: 0 RSSI: -50 Nss: 1 Mode: 1 symDur: 4000 snrDb 30 bitPerTone: 4500 rate: 54 throughput: 11
07-04 03:07:16.798   708   863 D WifiThroughputPredictor:  utilization (LLS) 80 isBluetoothConnected: false final utilization: 80
07-04 03:07:16.798   708   863 D WifiThroughputPredictor:  BW: 0 RSSI: -50 Nss: 1 Mode: 1 symDur: 4000 snrDb 30 bitPerTone: 4500 rate: 54 throughput: 11
07-04 03:07:16.798   708   863 D WifiScoreCard: BSSID update SIGNAL_POLL ID: 52320190 SSID: "AndroidWifi", BSSID: 00:13:10:85:fe:01, MAC: 02:15:b2:00:00:00, IP: /10.0.2.16, Security type: 0, Supplicant state: COMPLETED, Wi-Fi standard: legacy, RSSI: -50, Link speed: 1Mbps, Tx Link speed: 1Mbps, Max Supported Tx Link speed: 11Mbps, Rx Link speed: 2Mbps, Max Supported Rx Link speed: 11Mbps, Frequency: 2447MHz, Net ID: 0, Metered hint: false, score: 60, isUsable: true, CarrierMerged: false, SubscriptionId: -1, IsPrimary: 1, Trusted: true, Restricted: false, Ephemeral: false, OEM paid: false, OEM private: false, OSU AP: false, FQDN: <none>, Provider friendly name: <none>, Requesting package name: <none>"AndroidWifi"openMLO Information: , Is TID-To-Link negotiation supported by the AP: false, AP MLD Address: <none>, AP MLO Link Id: <none>, AP MLO Affiliated links: <none>, Vendor Data: <none>
07-04 03:07:16.798   708   863 D WifiScoreCard: txRate: 1 txSpeed: 1
07-04 03:07:16.798   708   863 D WifiScoreCard: network update SIGNAL_POLL "AndroidWifi" ID: 843735694 RSSI -50 txSpeed -1
07-04 03:07:16.798   708   863 D WifiClientModeImpl[26229:wlan0]:  ClientModeImpl$L2ConnectedState screen=on 5 0 "AndroidWifi" 00:13:10:85:fe:01 rssi=-50 f=2447 sc=60 link=1 tx=0.3, 0.0, 0.0 rx=0.3 bcn=0 [on:0 tx:0 rx:0 period:3004] from screen [on:0 period:719408958] score=60
07-04 03:07:17.634  1459  1459 D BoundBrokerSvc: onUnbind: Intent { act=com.google.android.gms.feedback.internal.IFeedbackService dat=chimera-action:/... xflg=0x4 cmp=com.google.android.gms/.chimera.GmsBoundBrokerService }
07-04 03:07:19.802   708   863 D WifiClientModeImpl[26229:wlan0]: updateLinkLayerStatsRssiSpeedFrequencyCapabilities rssi=-50 TxLinkspeed=1 freq=2447 RxLinkSpeed=2
07-04 03:07:19.803   708   863 D WifiDataStall: tx tput in kbps: 11000
07-04 03:07:19.803   708   863 D WifiDataStall: rx tput in kbps: 11000
07-04 03:07:19.803   708   863 V WifiConfigManager: Updating scan detail cache freq=2447 BSSID=00:13:10:85:fe:01 RSSI=-50 for "AndroidWifi"NONE
07-04 03:07:19.803   708   863 D WifiThroughputPredictor:  utilization (LLS) 80 isBluetoothConnected: false final utilization: 80
07-04 03:07:19.803   708   863 D WifiThroughputPredictor:  BW: 0 RSSI: -50 Nss: 1 Mode: 1 symDur: 4000 snrDb 30 bitPerTone: 4500 rate: 54 throughput: 11
07-04 03:07:19.803   708   863 D WifiThroughputPredictor:  utilization (LLS) 80 isBluetoothConnected: false final utilization: 80
07-04 03:07:19.803   708   863 D WifiThroughputPredictor:  BW: 0 RSSI: -50 Nss: 1 Mode: 1 symDur: 4000 snrDb 30 bitPerTone: 4500 rate: 54 throughput: 11
07-04 03:07:19.804   708   863 D WifiThroughputPredictor:  utilization (LLS) 80 isBluetoothConnected: false final utilization: 80
07-04 03:07:19.804   708   863 D WifiThroughputPredictor:  BW: 0 RSSI: -50 Nss: 1 Mode: 1 symDur: 4000 snrDb 30 bitPerTone: 4500 rate: 54 throughput: 11
07-04 03:07:19.804   708   863 D WifiThroughputPredictor:  utilization (LLS) 80 isBluetoothConnected: false final utilization: 80
07-04 03:07:19.804   708   863 D WifiThroughputPredictor:  BW: 0 RSSI: -50 Nss: 1 Mode: 1 symDur: 4000 snrDb 30 bitPerTone: 4500 rate: 54 throughput: 11
07-04 03:07:19.805   708   863 D WifiScoreCard: BSSID update SIGNAL_POLL ID: 52320190 SSID: "AndroidWifi", BSSID: 00:13:10:85:fe:01, MAC: 02:15:b2:00:00:00, IP: /10.0.2.16, Security type: 0, Supplicant state: COMPLETED, Wi-Fi standard: legacy, RSSI: -50, Link speed: 1Mbps, Tx Link speed: 1Mbps, Max Supported Tx Link speed: 11Mbps, Rx Link speed: 2Mbps, Max Supported Rx Link speed: 11Mbps, Frequency: 2447MHz, Net ID: 0, Metered hint: false, score: 60, isUsable: true, CarrierMerged: false, SubscriptionId: -1, IsPrimary: 1, Trusted: true, Restricted: false, Ephemeral: false, OEM paid: false, OEM private: false, OSU AP: false, FQDN: <none>, Provider friendly name: <none>, Requesting package name: <none>"AndroidWifi"openMLO Information: , Is TID-To-Link negotiation supported by the AP: false, AP MLD Address: <none>, AP MLO Link Id: <none>, AP MLO Affiliated links: <none>, Vendor Data: <none>
07-04 03:07:19.805   708   863 D WifiScoreCard: txRate: 1 txSpeed: 1
07-04 03:07:19.805   708   863 D WifiScoreCard: network update SIGNAL_POLL "AndroidWifi" ID: 843735694 RSSI -50 txSpeed -1
07-04 03:07:19.805   708   863 D WifiClientModeImpl[26229:wlan0]:  ClientModeImpl$L2ConnectedState screen=on 5 0 "AndroidWifi" 00:13:10:85:fe:01 rssi=-50 f=2447 sc=60 link=1 tx=0.1, 0.0, 0.0 rx=0.1 bcn=0 [on:0 tx:0 rx:0 period:3007] from screen [on:0 period:719411965] score=60
07-04 03:07:21.033   708  1846 W JobScheduler: Job didn't exist in JobStore: e36c605 #u0a161/1034 com.google.android.apps.photos/com.google.android.libraries.social.mediamonitor.MediaMonitorJobSchedulerService
07-04 03:07:21.053   708  1020 W UriGrantsManagerService: No permission grants found for com.google.android.apps.photos
07-04 03:07:21.053   708  1020 W UriGrantsManagerService: No permission grants found for com.google.android.apps.photos
07-04 03:07:21.054   487   525 I netd    : tetherGetStats() -> {[]} <0.38ms>
07-04 03:07:21.155   708  1846 W JobInfo : Job 'com.google.android.apps.photos/com.google.android.libraries.social.async.BackgroundTaskJobService#1043' has a deadline with no functional constraints. The deadline won't improve job execution latency. Consider removing the deadline.
07-04 03:07:21.208   708  1020 W UriGrantsManagerService: No permission grants found for com.google.android.apps.photos
07-04 03:07:21.209   708  1020 W UriGrantsManagerService: No permission grants found for com.google.android.apps.photos
07-04 03:07:21.229  1861 14206 I XmpUtil : XMP parse: only JPEG file is supported
07-04 03:07:21.258   708  1020 W UriGrantsManagerService: No permission grants found for com.google.android.apps.photos
07-04 03:07:21.258   708  1020 W UriGrantsManagerService: No permission grants found for com.google.android.apps.photos
07-04 03:07:21.299  1861  1878 W oid.apps.photos: Reducing the number of considered missed Gc histogram windows from 276 to 100
07-04 03:07:21.308   708  1020 D FileUtils: Rounded bytes from 2592600064 to 4000000000
07-04 03:07:21.343   708  1846 W JobInfo : Job 'com.google.android.apps.photos/com.google.android.libraries.social.async.BackgroundTaskJobService#1043' has a deadline with no functional constraints. The deadline won't improve job execution latency. Consider removing the deadline.
07-04 03:07:22.285   708   812 D ActivityManager: freezing 1290 com.google.android.permissioncontroller
07-04 03:07:22.287   708   869 D InetDiagMessage: Destroyed 0 sockets, proto=IPPROTO_TCP, family=AF_INET, states=14
07-04 03:07:22.288   708   869 D InetDiagMessage: Destroyed 0 sockets, proto=IPPROTO_TCP, family=AF_INET6, states=14
07-04 03:07:22.288   708   869 D InetDiagMessage: Destroyed live tcp sockets for uids={10212} in 2ms
07-04 03:07:22.808   708   863 D WifiClientModeImpl[26229:wlan0]: updateLinkLayerStatsRssiSpeedFrequencyCapabilities rssi=-50 TxLinkspeed=1 freq=2447 RxLinkSpeed=2
07-04 03:07:22.809   708   863 D WifiDataStall: tx tput in kbps: 11000
07-04 03:07:22.809   708   863 D WifiDataStall: rx tput in kbps: 11000
07-04 03:07:22.809   708   863 V WifiConfigManager: Updating scan detail cache freq=2447 BSSID=00:13:10:85:fe:01 RSSI=-50 for "AndroidWifi"NONE
07-04 03:07:22.809   708   863 D WifiThroughputPredictor:  utilization (LLS) 80 isBluetoothConnected: false final utilization: 80
07-04 03:07:22.809   708   863 D WifiThroughputPredictor:  BW: 0 RSSI: -50 Nss: 1 Mode: 1 symDur: 4000 snrDb 30 bitPerTone: 4500 rate: 54 throughput: 11
07-04 03:07:22.809   708   863 D WifiThroughputPredictor:  utilization (LLS) 80 isBluetoothConnected: false final utilization: 80
07-04 03:07:22.809   708   863 D WifiThroughputPredictor:  BW: 0 RSSI: -50 Nss: 1 Mode: 1 symDur: 4000 snrDb 30 bitPerTone: 4500 rate: 54 throughput: 11
07-04 03:07:22.809   708   863 D WifiThroughputPredictor:  utilization (LLS) 80 isBluetoothConnected: false final utilization: 80
07-04 03:07:22.809   708   863 D WifiThroughputPredictor:  BW: 0 RSSI: -50 Nss: 1 Mode: 1 symDur: 4000 snrDb 30 bitPerTone: 4500 rate: 54 throughput: 11
07-04 03:07:22.809   708   863 D WifiThroughputPredictor:  utilization (LLS) 80 isBluetoothConnected: false final utilization: 80
07-04 03:07:22.809   708   863 D WifiThroughputPredictor:  BW: 0 RSSI: -50 Nss: 1 Mode: 1 symDur: 4000 snrDb 30 bitPerTone: 4500 rate: 54 throughput: 11
07-04 03:07:22.809   708   863 D WifiScoreCard: BSSID update SIGNAL_POLL ID: 52320190 SSID: "AndroidWifi", BSSID: 00:13:10:85:fe:01, MAC: 02:15:b2:00:00:00, IP: /10.0.2.16, Security type: 0, Supplicant state: COMPLETED, Wi-Fi standard: legacy, RSSI: -50, Link speed: 1Mbps, Tx Link speed: 1Mbps, Max Supported Tx Link speed: 11Mbps, Rx Link speed: 2Mbps, Max Supported Rx Link speed: 11Mbps, Frequency: 2447MHz, Net ID: 0, Metered hint: false, score: 60, isUsable: true, CarrierMerged: false, SubscriptionId: -1, IsPrimary: 1, Trusted: true, Restricted: false, Ephemeral: false, OEM paid: false, OEM private: false, OSU AP: false, FQDN: <none>, Provider friendly name: <none>, Requesting package name: <none>"AndroidWifi"openMLO Information: , Is TID-To-Link negotiation supported by the AP: false, AP MLD Address: <none>, AP MLO Link Id: <none>, AP MLO Affiliated links: <none>, Vendor Data: <none>
07-04 03:07:22.809   708   863 D WifiScoreCard: txRate: 1 txSpeed: 1
07-04 03:07:22.809   708   863 D WifiScoreCard: network update SIGNAL_POLL "AndroidWifi" ID: 843735694 RSSI -50 txSpeed -1
07-04 03:07:22.810   708   863 D WifiClientModeImpl[26229:wlan0]:  ClientModeImpl$L2ConnectedState screen=on 5 0 "AndroidWifi" 00:13:10:85:fe:01 rssi=-50 f=2447 sc=60 link=1 tx=0.0, 0.0, 0.0 rx=0.0 bcn=0 [on:0 tx:0 rx:0 period:3005] from screen [on:0 period:719414970] score=60
07-04 03:07:23.491 14210 14210 W screencap: Thread Pool max thread count is 0. Cannot cache binder as linkToDeath cannot be implemented. serviceName: SurfaceFlingerAIDL
07-04 03:07:23.492 14210 14210 W BpBinder: Linking to death on android.gui.ISurfaceComposer but there are no threads (yet?) listening to incoming transactions. See ProcessState::startThreadPool and ProcessState::setThreadPoolMaxThreadCount. Generally you should setup the binder threadpool before other initialization steps.
07-04 03:07:23.492 14210 14210 W ProcessState: Extra binder thread started, but 0 threads requested. Do not use *startThreadPool when zero threads are requested.
07-04 03:07:23.509   563   578 E HwcComposer: getLuts failed Status(-8, EX_SERVICE_SPECIFIC): '8: '
07-04 03:07:23.509   563   578 E HWComposer: getLuts: getLuts failed for display 4619827259835644672: UNSUPPORTED (8)
07-04 03:07:23.505     0     0 I servicemanager: Caller(pid=14210,uid=2000,sid=u:r:shell:s0) Found android.hardware.graphics.allocator.IAllocator/default in device VINTF manifest.
07-04 03:07:23.508     0     0 I servicemanager: Caller(pid=14210,uid=2000,sid=u:r:shell:s0) Found android.hardware.graphics.allocator.IAllocator/default in device VINTF manifest.
07-04 03:07:23.510     0     0 I servicemanager: Caller(pid=14210,uid=2000,sid=u:r:shell:s0) Found mapper/ranchu in device VINTF manifest.
07-04 03:07:23.783   708  1846 I ActivityManager: Broadcasting: Intent { act=android.intent.action.MEDIA_SCANNER_SCAN_FILE dat=file:///... flg=0x400000 }
07-04 03:07:23.784   708  1846 I ActivityManager: Enqueued broadcast Intent { act=android.intent.action.MEDIA_SCANNER_SCAN_FILE dat=file:///... flg=0x400000 }: 0
07-04 03:07:23.789   708  1811 W JobInfo : Job 'com.google.android.providers.media.module/com.android.providers.media.MediaService#-300' has a deadline with no functional constraints. The deadline won't improve job execution latency. Consider removing the deadline.
07-04 03:07:23.793   708   736 I ActivityManager: Broadcast completed: result=0
07-04 03:07:23.794  1461  1961 I MediaProvider: Begin Intent { act=android.intent.action.MEDIA_SCANNER_SCAN_FILE dat=file:///... flg=0x1400010 cmp=com.google.android.providers.media.module/com.android.providers.media.MediaService }
07-04 03:07:23.806  1461  1961 D ExifInterface: Invalid image: ExifInterface got an unsupported or corrupted image file
07-04 03:07:23.806  1461  1961 D ExifInterface: java.io.EOFException
07-04 03:07:23.806  1461  1961 D ExifInterface: 	at android.media.ExifInterface$ByteOrderedDataInputStream.readShort(ExifInterface.java:5045)
07-04 03:07:23.806  1461  1961 D ExifInterface: 	at android.media.ExifInterface.readByteOrder(ExifInterface.java:3996)
07-04 03:07:23.806  1461  1961 D ExifInterface: 	at android.media.ExifInterface.parseTiffHeaders(ExifInterface.java:4016)
07-04 03:07:23.806  1461  1961 D ExifInterface: 	at android.media.ExifInterface.getRawAttributes(ExifInterface.java:2975)
07-04 03:07:23.806  1461  1961 D ExifInterface: 	at android.media.ExifInterface.loadAttributes(ExifInterface.java:2023)
07-04 03:07:23.806  1461  1961 D ExifInterface: 	at android.media.ExifInterface.<init>(ExifInterface.java:1640)
07-04 03:07:23.806  1461  1961 D ExifInterface: 	at android.media.ExifInterface.<init>(ExifInterface.java:1591)
07-04 03:07:23.806  1461  1961 D ExifInterface: 	at com.android.providers.media.scan.ModernMediaScanner.scanItemImage(ModernMediaScanner.java:1713)
07-04 03:07:23.806  1461  1961 D ExifInterface: 	at com.android.providers.media.scan.ModernMediaScanner.scanItem(ModernMediaScanner.java:1306)
07-04 03:07:23.806  1461  1961 D ExifInterface: 	at com.android.providers.media.scan.ModernMediaScanner.-$$Nest$mscanItem(ModernMediaScanner.java:0)
07-04 03:07:23.806  1461  1961 D ExifInterface: 	at com.android.providers.media.scan.ModernMediaScanner$Scan.visitFile(ModernMediaScanner.java:1020)
07-04 03:07:23.806  1461  1961 D ExifInterface: 	at com.android.providers.media.scan.ModernMediaScanner$Scan.visitFile(ModernMediaScanner.java:501)
07-04 03:07:23.806  1461  1961 D ExifInterface: 	at java.nio.file.Files.walkFileTree(Files.java:2670)
07-04 03:07:23.806  1461  1961 D ExifInterface: 	at java.nio.file.Files.walkFileTree(Files.java:2742)
07-04 03:07:23.806  1461  1961 D ExifInterface: 	at com.android.providers.media.scan.ModernMediaScanner$Scan.walkFileTree(ModernMediaScanner.java:624)
07-04 03:07:23.806  1461  1961 D ExifInterface: 	at com.android.providers.media.scan.ModernMediaScanner$Scan.runInternal(ModernMediaScanner.java:583)
07-04 03:07:23.806  1461  1961 D ExifInterface: 	at com.android.providers.media.scan.ModernMediaScanner$Scan.run(ModernMediaScanner.java:572)
07-04 03:07:23.806  1461  1961 D ExifInterface: 	at com.android.providers.media.scan.ModernMediaScanner.scanFile(ModernMediaScanner.java:420)
07-04 03:07:23.806  1461  1961 D ExifInterface: 	at com.android.providers.media.MediaProvider.scanFile(MediaProvider.java:2396)
07-04 03:07:23.806  1461  1961 D ExifInterface: 	at com.android.providers.media.MediaService.onScanFile(MediaService.java:237)
07-04 03:07:23.806  1461  1961 D ExifInterface: 	at com.android.providers.media.MediaService.onHandleWork(MediaService.java:85)
07-04 03:07:23.806  1461  1961 D ExifInterface: 	at androidx.core.app.JobIntentService$CommandProcessor.doInBackground(JobIntentService.java:397)
07-04 03:07:23.806  1461  1961 D ExifInterface: 	at androidx.core.app.JobIntentService$CommandProcessor.doInBackground(JobIntentService.java:388)
07-04 03:07:23.806  1461  1961 D ExifInterface: 	at android.os.AsyncTask$3.call(AsyncTask.java:394)
07-04 03:07:23.806  1461  1961 D ExifInterface: 	at java.util.concurrent.FutureTask.run(FutureTask.java:317)
07-04 03:07:23.806  1461  1961 D ExifInterface: 	at java.util.concurrent.ThreadPoolExecutor.runWorker(ThreadPoolExecutor.java:1156)
07-04 03:07:23.806  1461  1961 D ExifInterface: 	at java.util.concurrent.ThreadPoolExecutor$Worker.run(ThreadPoolExecutor.java:651)
07-04 03:07:23.806  1461  1961 D ExifInterface: 	at java.lang.Thread.run(Thread.java:1119)
07-04 03:07:23.837  1461  1961 I MediaProvider: End Intent { act=android.intent.action.MEDIA_SCANNER_SCAN_FILE dat=file:///... flg=0x1400010 cmp=com.google.android.providers.media.module/com.android.providers.media.MediaService }
07-04 03:07:23.981  1461  2884 W MediaProvider: Ignoring param:deletedata post U for external apps
07-04 03:07:24.009  1461  2884 I MediaProvider: Deleted 0 1 0 0 0 0 0 items on external_primary due to com.android.shell
07-04 03:07:24.038  1461  1608 D WM-SystemJobScheduler: Scheduling work ID e059333c-c30f-48bc-a81f-5af8403667fbJob ID 53
07-04 03:07:24.043  1461  1608 D WM-GreedyScheduler: Ignoring {WorkSpec: 4ab35118-0008-4e0e-9667-4896f94f6ee7}. Requires device idle.
07-04 03:07:24.043  1461  1608 D WM-GreedyScheduler: Ignoring {WorkSpec: 5e0a924a-98f8-4d1c-b169-89fa94ec2302}. Requires device idle.
07-04 03:07:24.098   948   948 D wpa_supplicant: nl80211: Drv Event 64 (NL80211_CMD_NOTIFY_CQM) received for wlan0
07-04 03:07:24.098   948   948 D wpa_supplicant: nl80211: Beacon loss event
07-04 03:07:24.098   948   948 D wpa_supplicant: wlan0: Event BEACON_LOSS (53) received
07-04 03:07:24.098   948   948 I wpa_supplicant: wlan0: CTRL-EVENT-BEACON-LOSS 
07-04 03:07:24.138 14222 14222 D AndroidRuntime: >>>>>> START com.android.internal.os.RuntimeInit uid 2000 <<<<<<
07-04 03:07:24.142 14222 14222 I AndroidRuntime: Using default boot image
07-04 03:07:24.142 14222 14222 I AndroidRuntime: Leaving lock profiling enabled
07-04 03:07:24.147 14222 14222 I app_process: Core platform API reporting enabled, enforcing=false
07-04 03:07:24.150 14222 14222 I app_process: Using CollectorTypeCMC GC.
07-04 03:07:24.302 14222 14222 D nativeloader: InitDefaultPublicLibraries for_preload=1: libandroid.so:libaaudio.so:libamidi.so:libbinder_ndk.so:libc.so:libcamera2ndk.so:libdl.so:libEGL.so:libGLESv1_CM.so:libGLESv2.so:libGLESv3.so:libicu.so:libicui18n.so:libicuuc.so:libjnigraphics.so:liblog.so:libmediandk.so:libm.so:libnativehelper.so:libnativewindow.so:libOpenMAXAL.so:libOpenSLES.so:libRS.so:libstdc++.so:libsync.so:libvulkan.so:libwebviewchromium_plat_support.so:libz.so
07-04 03:07:24.328 14222 14222 D nativeloader: Load libicu_jni.so using APEX ns com_android_art for caller /apex/com.android.art/javalib/core-oj.jar: ok
07-04 03:07:24.329 14222 14222 D app_process: u_setTimeZoneFilesDirectory("/apex/com.android.tzdata/etc/tz/versioned/9/icu") succeeded. 
07-04 03:07:24.329 14222 14222 D app_process: I18n APEX ICU file found: /apex/com.android.i18n/etc/icu/icudt76l.dat
07-04 03:07:24.332 14222 14222 D nativeloader: Load libjavacore.so using APEX ns com_android_art for caller /apex/com.android.art/javalib/core-oj.jar: ok
07-04 03:07:24.334 14222 14222 D nativeloader: Load libopenjdk.so using APEX ns com_android_art for caller /apex/com.android.art/javalib/core-oj.jar: ok
07-04 03:07:24.335 14222 14222 W app_process: Unexpected CPU variant for x86: x86_64.
07-04 03:07:24.335 14222 14222 W app_process: Known variants: atom, sandybridge, silvermont, goldmont, goldmont-plus, goldmont-without-sha-xsaves, tremont, kabylake, alderlake, default
07-04 03:07:24.339 14222 14222 W app_process: ClassLoaderContext shared library size mismatch. Expected=2, found=0 (PCL[]{PCL[/system/framework/android.test.base.jar*2789897741]#PCL[/system/framework/android.test.mock.jar*3361312393]} | PCL[])
07-04 03:07:24.342 14222 14222 W app_process: ClassLoaderContext classpath size mismatch. expected=0, found=1 (PCL[]{PCL[/system/framework/android.test.runner.jar*895143020]#PCL[/system/framework/android.test.base.jar*2789897741]} | PCL[/system/framework/android.test.runner.jar*895143020])
07-04 03:07:24.376 14222 14222 D nativeloader: Load libframework-connectivity-tiramisu-jni.so using APEX ns com_android_tethering for caller /apex/com.android.tethering/javalib/framework-connectivity-t.jar: ok
07-04 03:07:24.376 14222 14222 D AndroidRuntime: Calling main entry com.android.commands.uiautomator.Launcher
07-04 03:07:24.382 14222 14222 I AconfigPackage: android.media.swcodec.flags is mapped to com.android.media.swcodec
07-04 03:07:24.382 14222 14222 I AconfigPackage: com.google.android.settings.simplemode.flags is mapped to system_ext
07-04 03:07:24.382 14222 14222 I AconfigPackage: com.google.android.systemui is mapped to system_ext
07-04 03:07:24.382 14222 14222 I AconfigPackage: com.google.android.apps.nexuslauncher is mapped to system_ext
07-04 03:07:24.382 14222 14222 I AconfigPackage: com.android.settings.accessibility is mapped to system_ext
