07-04 04:38:22.266   962  1022 V WindowManagerShell:  Checking filter Pair{{types=[] flags=0x0] notFlags=0x0 checks=[{atype=dream independent=true modes=[OPEN,TO_FRONT] flags=NONE mustBeTask=false order=ANY topActivity=null launchCookie=null windowingMode=undefined},{atype=home independent=true modes=[CLOSE,TO_BACK] flags=NONE mustBeTask=false order=ANY topActivity=null launchCookie=null windowingMode=undefined}]} RemoteTransition { remoteTransition = android.window.IRemoteTransition$Stub$Proxy@2b17138, appThread = android.app.IApplicationThread$Stub$Proxy@f5c7511, debugName = LauncherToDream }}
07-04 04:38:22.266   962  1022 V WindowManagerShell:  Checking filter Pair{{types=[] flags=0x0] notFlags=0x100 checks=[{atype=home independent=true modes=[OPEN,TO_FRONT] flags=NONE mustBeTask=false order=TOP topActivity=ComponentInfo{com.google.android.apps.nexuslauncher/com.google.android.apps.nexuslauncher.NexusLauncherActivity} launchCookie=null windowingMode=undefined},{atype=standard independent=true modes=[CLOSE,TO_BACK] flags=NONE mustBeTask=false order=ANY topActivity=null launchCookie=null windowingMode=undefined},{NOT atype=undefined independent=true modes=[] flags=NONE mustBeTask=true order=ANY topActivity=null launchCookie=null customAnim=true windowingMode=undefined}]} RemoteTransition { remoteTransition = android.window.IRemoteTransition$Stub$Proxy@22f3676, appThread = android.app.IApplicationThread$Stub$Proxy@5f65477, debugName = QuickstepLaunchHome }}
07-04 04:38:22.266   962  1022 V WindowManagerShell:  Delegate animation for (#167) to null
07-04 04:38:22.266   962  1022 V WindowManagerShell: start default transition animation, info = {id=167 t=CLOSE f=0x0 trk=0 r=[0@Point(0, 0)] c=[{m=OPEN f=MOVE_TO_TOP leash=Surface(name=Task=106)/@0xc9ffaff sb=Rect(0, 0 - 1080, 2400) eb=Rect(0, 0 - 1080, 2400) epz=Point(1080, 2400) d=0 taskParent=-1},{m=CLOSE f=NONE leash=Surface(name=Task=105)/@0xed1c0cc sb=Rect(0, 0 - 1080, 2400) eb=Rect(0, 0 - 1080, 2400) epz=Point(1080, 2400) d=0 taskParent=-1}]}
07-04 04:38:22.267   962  1022 V WindowManagerShell: loadAnimation: anim=android.view.animation.AnimationSet@dc01db8 animAttr=0xb type=CLOSE isEntrance=false
07-04 04:38:22.267   962  1022 I ndroid.systemui: AssetManager2(0x7a9a7ea66eb8) locale list changing from [] to [en-US]
07-04 04:38:22.267   962  1022 I ndroid.systemui: AssetManager2(0x7a9a7ea5f7f8) locale list changing from [] to [en-US]
07-04 04:38:22.268   708   736 V WindowManager: Sent Transition (#167) createdAt=07-04 04:38:21.640 via request=TransitionRequestInfo { type = CLOSE, triggerTask = TaskInfo{userId=0 taskId=105 effectiveUid=10220 displayId=0 isRunning=false baseIntent=Intent { act=android.intent.action.VIEW dat=danio://qa/... flg=0x10000000 pkg=com.tiarnanlarkin.danio cmp=com.tiarnanlarkin.danio/.MainActivity } baseActivity=null topActivity=null origActivity=null realActivity=ComponentInfo{com.tiarnanlarkin.danio/com.tiarnanlarkin.danio.MainActivity} numActivities=0 lastActiveTime=13854350 supportsMultiWindow=true resizeMode=1 isResizeable=true minWidth=-1 minHeight=-1 defaultMinSize=220 token=WCT{RemoteToken{d4c1a67 Task{9e5269e #105 type=standard I=com.tiarnanlarkin.danio/.MainActivity}}} topActivityType=1 pictureInPictureParams=null shouldDockBigOverlays=false launchIntoPipHostTaskId=-1 lastParentTaskIdBeforePip=-1 displayCutoutSafeInsets=Rect(0, 0 - 0, 0) topActivityInfo=null launchCookies=[] positionInParent=Point(0, 0) parentTaskId=-1 isFocused=true isVisible=true isVisibleRequested=true isTopActivityNoDisplay=false isSleeping=false locusId=null displayAreaFeatureId=1 isTopActivityTransparent=false isActivityStackTransparent=true lastNonFullscreenBounds=Rect(276, 696 - 805, 1776) capturedLink=null capturedLinkTimestamp=0 requestedVisibleTypes=-9 topActivityRequestOpenInBrowserEducationTimestamp=0 appCompatTaskInfo=AppCompatTaskInfo { topActivityInSizeCompat=false eligibleForLetterboxEducation= false isLetterboxEducationEnabled= false isLetterboxDoubleTapEnabled= false eligibleForUserAspectRatioButton= false topActivityBoundsLetterboxed= false isFromLetterboxDoubleTap= false topActivityLetterboxVerticalPosition= -1 topActivityLetterboxHorizontalPosition= -1 topActivityLetterboxWidth=-1 topActivityLetterboxHeight=-1 topActivityAppBounds=Rect(0, 0 - 0, 0) isUserFullscreenOverrideEnabled=false isSystemFullscreenOverrideEnabled=false hasMinAspectRatioOverride=false topActivityLetterboxBounds=null cameraCompatTaskInfo=CameraCompatTaskInfo { freeformCameraCompatMode=undefined}} topActivityMainWindowFrame=null}, pipChange = null, remoteTransition = null, displayChange = null, flags = 0, debugId = 167 }
07-04 04:38:22.268   708   736 V WindowManager:     startWCT=WindowContainerTransaction { changes= {} hops= [] errorCallbackToken=null taskFragmentOrganizer=null }
07-04 04:38:22.268   962  1022 V WindowManagerShell: loadAnimation: anim=android.view.animation.AnimationSet@5856bcd animAttr=0xa type=CLOSE isEntrance=true
07-04 04:38:22.268   708   736 V WindowManager:     info={id=167 t=CLOSE f=0x0 trk=0 r=[0@Point(0, 0)] c=[
07-04 04:38:22.268   708   736 V WindowManager:         {WCT{RemoteToken{58ccff1 Task{e737511 #106 type=standard I=com.tiarnanlarkin.danio/.MainActivity}}} m=OPEN f=MOVE_TO_TOP leash=Surface(name=Task=106)/@0xb4770ac sb=Rect(0, 0 - 1080, 2400) eb=Rect(0, 0 - 1080, 2400) epz=Point(1080, 2400) d=0 taskParent=-1},
07-04 04:38:22.268   708   736 V WindowManager:         {WCT{RemoteToken{d4c1a67 Task{9e5269e #105 type=standard I=com.tiarnanlarkin.danio/.MainActivity}}} m=CLOSE f=NONE leash=Surface(name=Task=105)/@0x485ed81 sb=Rect(0, 0 - 1080, 2400) eb=Rect(0, 0 - 1080, 2400) epz=Point(1080, 2400) d=0 taskParent=-1}
07-04 04:38:22.268   708   736 V WindowManager:     ]}
07-04 04:38:22.270   962  1022 V WindowManagerShell:  animated by com.android.wm.shell.transition.DefaultTransitionHandler@f0f10f1
07-04 04:38:22.270 21016 21031 I EGL_emulation: Opening libGLESv1_CM_emulation.so
07-04 04:38:22.270   962  1022 W Looper  : Slow dispatch took 41ms wmshell.main app=com.android.systemui main=false group=TOP_APP h=android.os.Handler c=com.android.wm.shell.transition.Transitions$TransitionPlayerImpl$$ExternalSyntheticLambda0@c9cebd0 m=0
07-04 04:38:22.274 21016 21031 I EGL_emulation: Opening libGLESv2_emulation.so
07-04 04:38:22.274 21016 21016 I nanlarkin.danio: AssetManager2(0x7a9a7ea192f8) locale list changing from [] to [en-US]
07-04 04:38:22.348   520   520 I RanchuHwc: logCompositionFallbackIfChanged: layer 349 CompositionType fallback from 3 to 1
07-04 04:38:22.349   708   740 W ActivityTaskManager: Unable to send transaction to client proc com.tiarnanlarkin.danio: no app thread
07-04 04:38:22.353   962  1065 W Looper  : Slow delivery took 68ms wmshell.anim app=com.android.systemui main=false group=TOP_APP h=android.view.Choreographer$FrameHandler c=android.view.Choreographer$FrameDisplayEventReceiver@5f940df m=0
07-04 04:38:22.358  1096  1111 W System  : A resource failed to call release. 
07-04 04:38:22.358  1096  1111 W System  : A resource failed to call release. 
07-04 04:38:22.358  1096  1111 W System  : A resource failed to call release. 
07-04 04:38:22.358  1096  1111 W System  : A resource failed to call release. 
07-04 04:38:22.359  1096  1111 W System  : A resource failed to call release. 
07-04 04:38:22.360  1096  1111 W System  : A resource failed to call release. 
07-04 04:38:22.363 21016 21031 W HWUI    : Failed to choose config with EGL_SWAP_BEHAVIOR_PRESERVED, retrying without...
07-04 04:38:22.363 21016 21031 W HWUI    : Failed to initialize 101010-2 format, error = EGL_SUCCESS
07-04 04:38:22.367   962  1065 W Looper  : Drained
07-04 04:38:22.409 21016 21016 E ashmem  : Pinning is deprecated since Android Q. Please use trim or other methods.
07-04 04:38:22.448 21016 21033 D FlutterJNI: Beginning load of flutter...
07-04 04:38:22.460 21016 21034 I ResourceExtractor: Found extracted resources res_timestamp-1-1783135999634
07-04 04:38:22.496 21016 21033 D nativeloader: Load /data/app/~~gFrKTuFocaeGfouSAEMyyQ==/com.tiarnanlarkin.danio-hPc2L2b15lO9aKor3Xa1ag==/base.apk!/lib/x86_64/libflutter.so using class loader ns clns-9 (caller=/data/app/~~gFrKTuFocaeGfouSAEMyyQ==/com.tiarnanlarkin.danio-hPc2L2b15lO9aKor3Xa1ag==/base.apk): ok
07-04 04:38:22.497 21016 21033 D FlutterJNI: flutter (null) was loaded normally!
07-04 04:38:22.504 21016 21035 D skia    : [SkFontMgr Android Parser] '/product/etc/fonts_customization.xml' could not be opened
07-04 04:38:22.510   708  1809 D FileUtils: Rounded bytes from 2592600064 to 4000000000
07-04 04:38:22.553 21016 21016 I nanlarkin.danio: AssetManager2(0x7a9a7ea19938) locale list changing from [] to [en-US]
07-04 04:38:22.555   708   812 D ActivityManager: freezing 1459 com.google.android.gms
07-04 04:38:22.560 21016 21016 W nanlarkin.danio: type=1400 audit(0.0:152): avc:  denied  { read } for  name="max_map_count" dev="proc" ino=18240 scontext=u:r:untrusted_app:s0:c220,c256,c512,c768 tcontext=u:object_r:proc_max_map_count:s0 tclass=file permissive=0 app=com.tiarnanlarkin.danio
07-04 04:38:22.595 21016 21016 D DesktopModeFlags: Toggle override initialized to: OVERRIDE_UNSET
07-04 04:38:22.647 21016 21042 I flutter : The Dart VM service is listening on http://127.0.0.1:33579/ikvcuycdTns=/
07-04 04:38:22.705 21016 21036 I flutter : [IMPORTANT:flutter/shell/platform/android/android_context_gl_impeller.cc(104)] Using the Impeller rendering backend (OpenGLES).
07-04 04:38:22.859   962  1022 V WindowManagerShell: Transition animation finished (aborted=false), notifying core (#167) android.os.BinderProxy@21c36ca@0
07-04 04:38:22.864   708   736 V WindowManager: Finish Transition (#167): created at 07-04 04:38:21.640 collect-started=0.424ms request-sent=0.54ms started=14.689ms ready=578.588ms sent=586.393ms commit=121.587ms finished=1221.752ms
07-04 04:38:22.858     0     0 I binder  : 1847:708 cannot find target node
07-04 04:38:22.873     0     0 I binder  : 708:1847 transaction async to 0:0 failed 6046416/29189/-22, size 64-0 line 3348
07-04 04:38:22.891   708  1847 E IPCThreadState: Binder transaction failure. id: 6046416, BR_*: 29189, error: -22 (Invalid argument)
07-04 04:38:22.891   708  1847 W ActivityManager: pid 708 system sent binder code 7 with flags 1 to frozen apps and got error -32
07-04 04:38:22.891   708  1847 W WindowManager: Exception thrown during dispatchAppVisibility Window{c2d03d1 u0 com.tiarnanlarkin.danio/com.tiarnanlarkin.danio.MainActivity EXITING}
07-04 04:38:22.891   708  1847 W WindowManager: android.os.DeadObjectException
07-04 04:38:22.891   708  1847 W WindowManager: 	at android.os.BinderProxy.transactNative(Native Method)
07-04 04:38:22.891   708  1847 W WindowManager: 	at android.os.BinderProxy.transact(BinderProxy.java:592)
07-04 04:38:22.891   708  1847 W WindowManager: 	at android.view.IWindow$Stub$Proxy.dispatchAppVisibility(IWindow.java:557)
07-04 04:38:22.891   708  1847 W WindowManager: 	at com.android.server.wm.WindowState.sendAppVisibilityToClients(WindowState.java:3151)
07-04 04:38:22.891   708  1847 W WindowManager: 	at com.android.server.wm.WindowContainer.sendAppVisibilityToClients(WindowContainer.java:1311)
07-04 04:38:22.891   708  1847 W WindowManager: 	at com.android.server.wm.WindowToken.setClientVisible(WindowToken.java:389)
07-04 04:38:22.891   708  1847 W WindowManager: 	at com.android.server.wm.ActivityRecord.setClientVisible(ActivityRecord.java:6650)
07-04 04:38:22.891   708  1847 W WindowManager: 	at com.android.server.wm.ActivityRecord.commitVisibility(ActivityRecord.java:5561)
07-04 04:38:22.891   708  1847 W WindowManager: 	at com.android.server.wm.Transition.finishTransition(Transition.java:1391)
07-04 04:38:22.891   708  1847 W WindowManager: 	at com.android.server.wm.TransitionController.finishTransition(TransitionController.java:1029)
07-04 04:38:22.891   708  1847 W WindowManager: 	at com.android.server.wm.WindowOrganizerController.finishTransition(WindowOrganizerController.java:496)
07-04 04:38:22.891   708  1847 W WindowManager: 	at android.window.IWindowOrganizerController$Stub.onTransact(IWindowOrganizerController.java:261)
07-04 04:38:22.891   708  1847 W WindowManager: 	at com.android.server.wm.WindowOrganizerController.onTransact(WindowOrganizerController.java:223)
07-04 04:38:22.891   708  1847 W WindowManager: 	at android.os.Binder.execTransactInternal(Binder.java:1421)
07-04 04:38:22.891   708  1847 W WindowManager: 	at android.os.Binder.execTransact(Binder.java:1365)
07-04 04:38:22.892   708  1847 W Process : Unable to open /proc/20920/status
07-04 04:38:22.903   708  1847 I ImeTracker: system_server:ce0cbd33: onRequestHide at ORIGIN_SERVER reason IME_REQUESTED_CHANGED_LISTENER fromUser false
07-04 04:38:22.908   708   739 I ImeTracker: system_server:ce0cbd33: onCancelled at PHASE_SERVER_SHOULD_HIDE
07-04 04:38:22.909   962  1022 V WindowManagerShell: Track 0 became idle
07-04 04:38:22.909   962  1022 V WindowManagerShell: All active transition animations finished
07-04 04:38:22.909   962  1022 W Looper  : Slow dispatch took 53ms wmshell.main app=com.android.systemui main=false group=TOP_APP h=android.os.Handler c=com.android.wm.shell.transition.DefaultSurfaceAnimator$$ExternalSyntheticLambda0@15264e8 m=0
07-04 04:38:22.918  1096  1096 D RecentsView: onTaskRemoved: 105, not handling task stack changes
07-04 04:38:22.918  1096  1096 D RecentsView: onTaskRemoved: 105, not handling task stack changes
07-04 04:38:22.947   563   563 E BpTransactionCompletedListener: Failed to transact (-32)
07-04 04:38:22.948   563   563 E BpTransactionCompletedListener: Failed to transact (-32)
07-04 04:38:23.063 21016 21016 D com.llfbandit.app_links: Intent { act=android.intent.action.VIEW dat=danio://qa/... flg=0x10000000 xflg=0x4 pkg=com.tiarnanlarkin.danio cmp=com.tiarnanlarkin.danio/.MainActivity }
07-04 04:38:23.066 21016 21016 D com.llfbandit.app_links: Handled intent: action: android.intent.action.VIEW / data: danio://qa/story-play
07-04 04:38:23.108 21016 21016 I nanlarkin.danio: hiddenapi: Accessing hidden method Landroid/view/accessibility/AccessibilityNodeInfo;->getSourceNodeId()J (runtime_flags=0, domain=platform, api=unsupported,test-api) from Lio/flutter/view/AccessibilityViewEmbedder$ReflectionAccessors; (domain=app) using reflection: allowed
07-04 04:38:23.108 21016 21016 I nanlarkin.danio: hiddenapi: Accessing hidden method Landroid/view/accessibility/AccessibilityRecord;->getSourceNodeId()J (runtime_flags=0, domain=platform, api=unsupported) from Lio/flutter/view/AccessibilityViewEmbedder$ReflectionAccessors; (domain=app) using reflection: allowed
07-04 04:38:23.108 21016 21016 I nanlarkin.danio: hiddenapi: Accessing hidden field Landroid/view/accessibility/AccessibilityNodeInfo;->mChildNodeIds:Landroid/util/LongArray; (runtime_flags=0, domain=platform, api=unsupported) from Lio/flutter/view/AccessibilityViewEmbedder$ReflectionAccessors; (domain=app) using reflection: allowed
07-04 04:38:23.109 21016 21016 I nanlarkin.danio: hiddenapi: Accessing hidden method Landroid/util/LongArray;->get(I)J (runtime_flags=0, domain=platform, api=unsupported) from Lio/flutter/view/AccessibilityViewEmbedder$ReflectionAccessors; (domain=app) using reflection: allowed
07-04 04:38:23.120 21016 21016 D FlutterRenderer: Width is zero. 0,0
07-04 04:38:23.122 21016 21016 D CompatChangeReporter: Compat change id reported: 377864165; UID 10220; state: ENABLED
07-04 04:38:23.132 21016 21016 W HWUI    : Unknown dataspace 0
07-04 04:38:23.118     0     0 I servicemanager: Caller(pid=21016,uid=10220,sid=u:r:untrusted_app:s0:c220,c256,c512,c768) Found android.hardware.graphics.allocator.IAllocator/default in device VINTF manifest.
07-04 04:38:23.121     0     0 I servicemanager: Caller(pid=21016,uid=10220,sid=u:r:untrusted_app:s0:c220,c256,c512,c768) Found android.hardware.graphics.allocator.IAllocator/default in device VINTF manifest.
07-04 04:38:23.125     0     0 I servicemanager: Caller(pid=21016,uid=10220,sid=u:r:untrusted_app:s0:c220,c256,c512,c768) Found mapper/ranchu in device VINTF manifest.
07-04 04:38:23.321 21016 21016 I Choreographer: Skipped 65 frames!  The application may be doing too much work on its main thread.
07-04 04:38:23.324   708  1809 D CoreBackPreview: Window{b375309 u0 com.tiarnanlarkin.danio/com.tiarnanlarkin.danio.MainActivity}: Setting back callback OnBackInvokedCallbackInfo{mCallback=android.window.IOnBackInvokedCallback$Stub$Proxy@3328f2f, mPriority=-1, mIsAnimationCallback=false, mOverrideBehavior=0}
07-04 04:38:23.351 21016 21016 I WindowExtensionsImpl: Initializing Window Extensions, vendor API level=9, activity embedding enabled=true
07-04 04:38:23.368 21016 21016 D FlutterRenderer: Width is zero. 0,0
07-04 04:38:23.377 21016 21016 D FlutterJNI: Sending viewport metrics to the engine.
07-04 04:38:23.396 21016 21020 I nanlarkin.danio: Compiler allocated 5042KB to compile void android.view.ViewRootImpl.performTraversals()
07-04 04:38:23.802   708  1847 W OptProp : Cannot read opt property android.window.PROPERTY_COMPAT_IGNORE_REQUESTED_ORIENTATION
07-04 04:38:23.802   708  1847 W OptProp : Cannot read opt property android.window.PROPERTY_COMPAT_ALLOW_IGNORING_ORIENTATION_REQUEST_WHEN_LOOP_DETECTED
07-04 04:38:24.290 21016 21016 D WindowLayoutComponentImpl: Register WindowLayoutInfoListener on Context=com.tiarnanlarkin.danio.MainActivity@5002cff, of which baseContext=android.app.ContextImpl@6b98991
07-04 04:38:25.186  1091  1307 D SatelliteController: iisInCarrierRoamingNbIotNtn: satellite is disabled
07-04 04:38:25.223   708   863 D WifiClientModeImpl[26229:wlan0]: updateLinkLayerStatsRssiSpeedFrequencyCapabilities rssi=-50 TxLinkspeed=1 freq=2447 RxLinkSpeed=2
07-04 04:38:25.223   708   863 D WifiDataStall: tx tput in kbps: 11000
07-04 04:38:25.223   708   863 D WifiDataStall: rx tput in kbps: 11000
07-04 04:38:25.223   708   863 V WifiConfigManager: Updating scan detail cache freq=2447 BSSID=00:13:10:85:fe:01 RSSI=-50 for "AndroidWifi"NONE
07-04 04:38:25.224   708   863 D WifiThroughputPredictor:  utilization (LLS) 80 isBluetoothConnected: false final utilization: 80
07-04 04:38:25.224   708   863 D WifiThroughputPredictor:  BW: 0 RSSI: -50 Nss: 1 Mode: 1 symDur: 4000 snrDb 30 bitPerTone: 4500 rate: 54 throughput: 11
07-04 04:38:25.224   708   863 D WifiThroughputPredictor:  utilization (LLS) 80 isBluetoothConnected: false final utilization: 80
07-04 04:38:25.224   708   863 D WifiThroughputPredictor:  BW: 0 RSSI: -50 Nss: 1 Mode: 1 symDur: 4000 snrDb 30 bitPerTone: 4500 rate: 54 throughput: 11
07-04 04:38:25.224   708   863 D WifiThroughputPredictor:  utilization (LLS) 80 isBluetoothConnected: false final utilization: 80
07-04 04:38:25.224   708   863 D WifiThroughputPredictor:  BW: 0 RSSI: -50 Nss: 1 Mode: 1 symDur: 4000 snrDb 30 bitPerTone: 4500 rate: 54 throughput: 11
07-04 04:38:25.224   708   863 D WifiThroughputPredictor:  utilization (LLS) 80 isBluetoothConnected: false final utilization: 80
07-04 04:38:25.224   708   863 D WifiThroughputPredictor:  BW: 0 RSSI: -50 Nss: 1 Mode: 1 symDur: 4000 snrDb 30 bitPerTone: 4500 rate: 54 throughput: 11
07-04 04:38:25.227   708   863 D WifiScoreCard: BSSID update SIGNAL_POLL ID: 52320190 SSID: "AndroidWifi", BSSID: 00:13:10:85:fe:01, MAC: 02:15:b2:00:00:00, IP: /10.0.2.16, Security type: 0, Supplicant state: COMPLETED, Wi-Fi standard: legacy, RSSI: -50, Link speed: 1Mbps, Tx Link speed: 1Mbps, Max Supported Tx Link speed: 11Mbps, Rx Link speed: 2Mbps, Max Supported Rx Link speed: 11Mbps, Frequency: 2447MHz, Net ID: 0, Metered hint: false, score: 60, isUsable: true, CarrierMerged: false, SubscriptionId: -1, IsPrimary: 1, Trusted: true, Restricted: false, Ephemeral: false, OEM paid: false, OEM private: false, OSU AP: false, FQDN: <none>, Provider friendly name: <none>, Requesting package name: <none>"AndroidWifi"openMLO Information: , Is TID-To-Link negotiation supported by the AP: false, AP MLD Address: <none>, AP MLO Link Id: <none>, AP MLO Affiliated links: <none>, Vendor Data: <none>
07-04 04:38:25.227   708   863 D WifiScoreCard: txRate: 1 txSpeed: 1
07-04 04:38:25.227   708   863 D WifiScoreCard: network update SIGNAL_POLL "AndroidWifi" ID: 843735694 RSSI -50 txSpeed -1
07-04 04:38:25.227   708   863 D WifiClientModeImpl[26229:wlan0]:  ClientModeImpl$L2ConnectedState screen=on 6 0 "AndroidWifi" 00:13:10:85:fe:01 rssi=-50 f=2447 sc=60 link=1 tx=0.0, 0.0, 0.0 rx=0.0 bcn=0 [on:0 tx:0 rx:0 period:3006] from screen [on:0 period:724877387] score=60
07-04 04:38:25.485 21016 21016 I flutter : [LocalJsonStorageService] ✅ Storage loaded successfully: 1 tanks, 2 livestock, 3 equipment
07-04 04:38:25.499 21016 21016 D FlutterJNI: Sending viewport metrics to the engine.
07-04 04:38:25.501 21016 21016 I Choreographer: Skipped 70 frames!  The application may be doing too much work on its main thread.
07-04 04:38:25.507 21016 21016 D FlutterJNI: Sending viewport metrics to the engine.
07-04 04:38:25.561   708   736 I ActivityTaskManager: Displayed com.tiarnanlarkin.danio/.MainActivity for user 0: +3s787ms
07-04 04:38:25.561   708   736 I ActivityTaskManager: Fully drawn com.tiarnanlarkin.danio/.MainActivity: +3s787ms
07-04 04:38:25.562 21016 21026 I HWUI    : Davey! duration=1214ms; Flags=1, FrameTimelineVsyncId=5208119, IntendedVsync=13869032512568, Vsync=13870199179188, InputEventId=0, HandleInputStart=13870204577782, AnimationStart=13870204578416, PerformTraversalsStart=13870204579001, DrawStart=13870215869806, FrameDeadline=13869049179234, FrameStartTime=13870204410685, FrameInterval=16666666, WorkloadTarget=16666666, SyncQueued=13870216442993, SyncStart=13870218961528, IssueDrawCommandsStart=13870219376828, SwapBuffers=13870224998054, FrameCompleted=13870249824189, DequeueBufferDuration=20509460, QueueBufferDuration=967478, GpuCompleted=13870229225262, SwapBuffersCompleted=13870249824189, DisplayPresentTime=929, CommandSubmissionCompleted=13870224998054, 
07-04 04:38:25.563 21016 21016 W WindowOnBackDispatcher: sendCancelIfRunning: isInProgress=false callback=io.flutter.embedding.android.FlutterActivity$1@58453ef
07-04 04:38:25.564   708  1051 D CoreBackPreview: Window{b375309 u0 com.tiarnanlarkin.danio/com.tiarnanlarkin.danio.MainActivity}: Setting back callback OnBackInvokedCallbackInfo{mCallback=android.window.IOnBackInvokedCallback$Stub$Proxy@1243940, mPriority=0, mIsAnimationCallback=true, mOverrideBehavior=0}
07-04 04:38:25.564   708  1051 D CoreBackPreview: Window{b375309 u0 com.tiarnanlarkin.danio/com.tiarnanlarkin.danio.MainActivity}: Setting back callback OnBackInvokedCallbackInfo{mCallback=android.window.IOnBackInvokedCallback$Stub$Proxy@d5e1079, mPriority=-1, mIsAnimationCallback=false, mOverrideBehavior=0}
07-04 04:38:25.577 21016 21016 I flutter : [QA] Deep link: danio://qa/story-play
07-04 04:38:25.802   708  1658 E TaskPersister: File error accessing recents directory (directory doesn't exist?).
07-04 04:38:25.933   628   695 W IPCThreadState: Sending oneway calls to frozen process.
07-04 04:38:25.958   487   525 I netd    : tetherGetStats() -> {[]} <0.32ms>
07-04 04:38:25.981  1096  1096 D BaseDepthController: setSurface:
07-04 04:38:25.981  1096  1096 D BaseDepthController: 	mWaitingOnSurfaceValidity: false
07-04 04:38:25.981  1096  1096 D BaseDepthController: 	mBaseSurface: null
07-04 04:38:25.981  1096  1096 D BaseDepthController: mSurface is null and mCurrentBlur is: 0
07-04 04:38:25.982  1096  1096 D StateManager: goToState - fromState: Normal, toState: Normal, partial trace:
07-04 04:38:25.982  1096  1096 D StateManager: 	at com.android.launcher3.statemanager.StateManager.moveToRestState(go/retraceme 43e00d9cd0eb17b3d9dd30fc1741b1c71445c4c0f7c8c9b81300265c86c5b873:4)
07-04 04:38:25.982  1096  1096 D StateManager: 	at com.android.launcher3.statemanager.StateManager.moveToRestState(go/retraceme 43e00d9cd0eb17b3d9dd30fc1741b1c71445c4c0f7c8c9b81300265c86c5b873:1)
07-04 04:38:25.982  1096  1096 D StateManager: 	at com.android.launcher3.statemanager.StatefulActivity.onStop(go/retraceme 43e00d9cd0eb17b3d9dd30fc1741b1c71445c4c0f7c8c9b81300265c86c5b873:34)
07-04 04:38:25.984  1096  1096 D StatsLog: LAUNCHER_ONSTOP
07-04 04:38:25.987   708  1847 I AppWidgetServiceImpl: setAppWidgetHidden() 0
07-04 04:38:25.987  1096  1096 D StatsLog: LAUNCHER_GOOGLE_SEARCH_RESTORE_LIST_SIZE_AFTER_ACTIVITY_RESTART
07-04 04:38:25.988  1096  1096 D NexusLauncherModelDelegate: notifySmartspaceEvent: SmartspaceTargetEvent{mSmartspaceTarget=null, mSmartspaceActionId='null', mEventType=7}
07-04 04:38:25.999  1096  1096 D NexusLauncherModelDelegate: notifySmartspaceEvent: SmartspaceTargetEvent{mSmartspaceTarget=null, mSmartspaceActionId='null', mEventType=7}
07-04 04:38:26.009   708  1847 W IPCThreadState: Sending oneway calls to frozen process.
07-04 04:38:26.010   708  1847 W IPCThreadState: Sending oneway calls to frozen process.
07-04 04:38:26.014   708   920 D BackgroundInstallControlService: Package event received: 0
07-04 04:38:26.085   708  1847 D ConnectivityService: requestNetwork for uid/pid:10220/21016 activeRequest: null callbackRequest: 306 [NetworkRequest [ REQUEST id=307, [ Capabilities: INTERNET&NOT_RESTRICTED&TRUSTED&NOT_VCN_MANAGED&NOT_BANDWIDTH_CONSTRAINED Uid: 10220 RequestorUid: 10220 RequestorPkg: com.tiarnanlarkin.danio UnderlyingNetworks: Null] ]] callback flags: 0 order: 2147483647 isUidTracked: false declaredMethods: AVAIL|LOST|NC
07-04 04:38:26.088   708   869 D ConnectivityService: NetReassign [307 : null → 106] [c 0] [a 0] [i 1]
07-04 04:38:26.088   708   863 D WifiNetworkFactory: got request NetworkRequest [ REQUEST id=307, [ Capabilities: INTERNET&NOT_RESTRICTED&TRUSTED&NOT_VCN_MANAGED&NOT_BANDWIDTH_CONSTRAINED Uid: 10220 RequestorUid: 10220 RequestorPkg: com.tiarnanlarkin.danio UnderlyingNetworks: Null] ]
07-04 04:38:26.088   708   863 V WifiNetworkFactory: Accepted network request NetworkRequest [ REQUEST id=307, [ Capabilities: INTERNET&NOT_RESTRICTED&TRUSTED&NOT_VCN_MANAGED&NOT_BANDWIDTH_CONSTRAINED Uid: 10220 RequestorUid: 10220 RequestorPkg: com.tiarnanlarkin.danio UnderlyingNetworks: Null] ]
07-04 04:38:26.088   708   863 D UntrustedWifiNetworkFactory: got request NetworkRequest [ REQUEST id=307, [ Capabilities: INTERNET&NOT_RESTRICTED&TRUSTED&NOT_VCN_MANAGED&NOT_BANDWIDTH_CONSTRAINED Uid: 10220 RequestorUid: 10220 RequestorPkg: com.tiarnanlarkin.danio UnderlyingNetworks: Null] ]
07-04 04:38:26.088   708   863 D OemPaidWifiNetworkFactory: got request NetworkRequest [ REQUEST id=307, [ Capabilities: INTERNET&NOT_RESTRICTED&TRUSTED&NOT_VCN_MANAGED&NOT_BANDWIDTH_CONSTRAINED Uid: 10220 RequestorUid: 10220 RequestorPkg: com.tiarnanlarkin.danio UnderlyingNetworks: Null] ]
07-04 04:38:26.088   708   863 D MultiInternetWifiNetworkFactory: got request NetworkRequest [ REQUEST id=307, [ Capabilities: INTERNET&NOT_RESTRICTED&TRUSTED&NOT_VCN_MANAGED&NOT_BANDWIDTH_CONSTRAINED Uid: 10220 RequestorUid: 10220 RequestorPkg: com.tiarnanlarkin.danio UnderlyingNetworks: Null] ]
07-04 04:38:26.094 21016 21016 D FlutterJNI: Sending viewport metrics to the engine.
07-04 04:38:26.112   708  1847 D CoreBackPreview: Window{b375309 u0 com.tiarnanlarkin.danio/com.tiarnanlarkin.danio.MainActivity}: Setting back callback OnBackInvokedCallbackInfo{mCallback=android.window.IOnBackInvokedCallback$Stub$Proxy@679b617, mPriority=0, mIsAnimationCallback=true, mOverrideBehavior=0}
07-04 04:38:26.117   708   831 I ImeTracker: com.tiarnanlarkin.danio:1bce9d65: onRequestHide at ORIGIN_SERVER reason HIDE_UNSPECIFIED_WINDOW fromUser false
07-04 04:38:26.124  1402  1402 I GoogleInputMethodService: GoogleInputMethodService.onFinishInput():2043 
07-04 04:38:26.125   708  1847 I ImeTracker: system_server:2139e69b: onRequestHide at ORIGIN_SERVER reason IME_REQUESTED_CHANGED_LISTENER fromUser false
07-04 04:38:26.126  1402  1402 I Module  : DeviceLockedStatusModuleProvider$Module.updateDeviceLockedStatus():100 repeatCheckTimes = 0, locked = false
07-04 04:38:26.126  1402  1402 I GoogleInputMethodService: GoogleInputMethodService.onStartInput():1293 onStartInput(EditorInfo{EditorInfo{packageName=com.tiarnanlarkin.danio, inputType=0, inputTypeString=NULL, enableLearning=false, autoCorrection=false, autoComplete=false, imeOptions=0, privateImeOptions=null, actionName=UNSPECIFIED, actionLabel=null, initialSelStart=-1, initialSelEnd=-1, initialCapsMode=0, label=null, fieldId=0, fieldName=null, extras=null, hintText=null, hintLocales=[]}}, false)
07-04 04:38:26.130  1402  1402 I Module  : DeviceLockedStatusModuleProvider$Module.updateDeviceLockedStatus():100 repeatCheckTimes = 1, locked = false
07-04 04:38:26.130   708   739 I ImeTracker: system_server:2139e69b: onCancelled at PHASE_SERVER_SHOULD_HIDE
07-04 04:38:26.130   708  1051 W PackageConfigPersister: App-specific configuration not found for packageName: com.tiarnanlarkin.danio and userId: 0
07-04 04:38:26.340 21016 21016 D InsetsController: hide(ime(), fromIme=false)
07-04 04:38:26.340 21016 21016 I ImeTracker: com.tiarnanlarkin.danio:1bce9d65: onCancelled at PHASE_CLIENT_ALREADY_HIDDEN
07-04 04:38:26.369 21016 21016 D FlutterJNI: Sending viewport metrics to the engine.
07-04 04:38:26.382 21016 21051 D SessionsDependencies: Dependency to CRASHLYTICS added.
07-04 04:38:26.389 21016 21051 I FirebaseApp: Device unlocked: initializing all Firebase APIs for app [DEFAULT]
07-04 04:38:26.403 21016 21051 I FirebaseCrashlytics: Initializing Firebase Crashlytics 18.6.3 for com.tiarnanlarkin.danio
07-04 04:38:26.408 21016 21051 D SessionsDependencies: Subscriber CRASHLYTICS registered.
07-04 04:38:26.475   708  1809 D FileUtils: Rounded bytes from 2592600064 to 4000000000
07-04 04:38:26.503   708  1809 D FileUtils: Rounded bytes from 2592600064 to 4000000000
07-04 04:38:26.509 21016 21057 I FirebaseCrashlytics: No version control information found
07-04 04:38:26.537 21016 21051 D FirebaseSessions: Initializing Firebase Sessions SDK.
07-04 04:38:26.545 21016 21066 D LifecycleServiceBinder: Binding service to application.
07-04 04:38:26.557 21016 21016 I flutter : [Main] Firebase initialised successfully
07-04 04:38:26.560 21016 21016 I flutter : [ConsentScreen] ConsentScreen: diagnostics consent=true
07-04 04:38:26.572 21016 21016 D SessionLifecycleService: Service bound to new client on process 21016
07-04 04:38:26.583 21016 21072 D SessionLifecycleService: App has not yet foregrounded. Using previously stored session: null
07-04 04:38:26.584 21016 21072 D SessionLifecycleService: Client android.os.Messenger@7696e92 bound at 13871277. Clients: 1
07-04 04:38:26.599 21016 21016 D SessionLifecycleClient: Connected to SessionLifecycleService. Queue size 0
07-04 04:38:26.604 21016 21016 I flutter : [SupabaseService] [SupabaseService] Placeholder credentials detected - running in offline-only mode.
07-04 04:38:28.234   708   863 D WifiClientModeImpl[26229:wlan0]: updateLinkLayerStatsRssiSpeedFrequencyCapabilities rssi=-50 TxLinkspeed=1 freq=2447 RxLinkSpeed=2
07-04 04:38:28.234   708   863 D WifiDataStall: tx tput in kbps: 11000
07-04 04:38:28.234   708   863 D WifiDataStall: rx tput in kbps: 11000
07-04 04:38:28.234   708   863 V WifiConfigManager: Updating scan detail cache freq=2447 BSSID=00:13:10:85:fe:01 RSSI=-50 for "AndroidWifi"NONE
07-04 04:38:28.234   708   863 D WifiThroughputPredictor:  utilization (LLS) 80 isBluetoothConnected: false final utilization: 80
07-04 04:38:28.234   708   863 D WifiThroughputPredictor:  BW: 0 RSSI: -50 Nss: 1 Mode: 1 symDur: 4000 snrDb 30 bitPerTone: 4500 rate: 54 throughput: 11
07-04 04:38:28.234   708   863 D WifiThroughputPredictor:  utilization (LLS) 80 isBluetoothConnected: false final utilization: 80
07-04 04:38:28.234   708   863 D WifiThroughputPredictor:  BW: 0 RSSI: -50 Nss: 1 Mode: 1 symDur: 4000 snrDb 30 bitPerTone: 4500 rate: 54 throughput: 11
07-04 04:38:28.234   708   863 D WifiThroughputPredictor:  utilization (LLS) 80 isBluetoothConnected: false final utilization: 80
07-04 04:38:28.235   708   863 D WifiThroughputPredictor:  BW: 0 RSSI: -50 Nss: 1 Mode: 1 symDur: 4000 snrDb 30 bitPerTone: 4500 rate: 54 throughput: 11
07-04 04:38:28.235   708   863 D WifiThroughputPredictor:  utilization (LLS) 80 isBluetoothConnected: false final utilization: 80
07-04 04:38:28.235   708   863 D WifiThroughputPredictor:  BW: 0 RSSI: -50 Nss: 1 Mode: 1 symDur: 4000 snrDb 30 bitPerTone: 4500 rate: 54 throughput: 11
07-04 04:38:28.235   708   863 D WifiScoreCard: BSSID update SIGNAL_POLL ID: 52320190 SSID: "AndroidWifi", BSSID: 00:13:10:85:fe:01, MAC: 02:15:b2:00:00:00, IP: /10.0.2.16, Security type: 0, Supplicant state: COMPLETED, Wi-Fi standard: legacy, RSSI: -50, Link speed: 1Mbps, Tx Link speed: 1Mbps, Max Supported Tx Link speed: 11Mbps, Rx Link speed: 2Mbps, Max Supported Rx Link speed: 11Mbps, Frequency: 2447MHz, Net ID: 0, Metered hint: false, score: 60, isUsable: true, CarrierMerged: false, SubscriptionId: -1, IsPrimary: 1, Trusted: true, Restricted: false, Ephemeral: false, OEM paid: false, OEM private: false, OSU AP: false, FQDN: <none>, Provider friendly name: <none>, Requesting package name: <none>"AndroidWifi"openMLO Information: , Is TID-To-Link negotiation supported by the AP: false, AP MLD Address: <none>, AP MLO Link Id: <none>, AP MLO Affiliated links: <none>, Vendor Data: <none>
07-04 04:38:28.235   708   863 D WifiScoreCard: txRate: 1 txSpeed: 1
07-04 04:38:28.235   708   863 D WifiScoreCard: network update SIGNAL_POLL "AndroidWifi" ID: 843735694 RSSI -50 txSpeed -1
07-04 04:38:28.235   708   863 D WifiClientModeImpl[26229:wlan0]:  ClientModeImpl$L2ConnectedState screen=on 6 0 "AndroidWifi" 00:13:10:85:fe:01 rssi=-50 f=2447 sc=60 link=1 tx=0.0, 0.0, 0.0 rx=0.0 bcn=0 [on:0 tx:0 rx:0 period:3008] from screen [on:0 period:724880395] score=60
07-04 04:38:29.173 21016 21074 D ProfileInstaller: Installing profile for com.tiarnanlarkin.danio
07-04 04:38:29.177   708   746 W IPCThreadState: Sending oneway calls to frozen process.
07-04 04:38:29.190   948   948 D wpa_supplicant: nl80211: Drv Event 64 (NL80211_CMD_NOTIFY_CQM) received for wlan0
07-04 04:38:29.190   948   948 D wpa_supplicant: nl80211: Beacon loss event
07-04 04:38:29.190   948   948 D wpa_supplicant: wlan0: Event BEACON_LOSS (53) received
07-04 04:38:29.190   948   948 I wpa_supplicant: wlan0: CTRL-EVENT-BEACON-LOSS 
07-04 04:38:30.550   948   948 D wpa_supplicant: WNM: Send keep-alive to AP 00:13:10:85:fe:01
07-04 04:38:30.749 21075 21075 W screencap: Thread Pool max thread count is 0. Cannot cache binder as linkToDeath cannot be implemented. serviceName: SurfaceFlingerAIDL
07-04 04:38:30.750 21075 21075 W BpBinder: Linking to death on android.gui.ISurfaceComposer but there are no threads (yet?) listening to incoming transactions. See ProcessState::startThreadPool and ProcessState::setThreadPoolMaxThreadCount. Generally you should setup the binder threadpool before other initialization steps.
07-04 04:38:30.751 21075 21075 W ProcessState: Extra binder thread started, but 0 threads requested. Do not use *startThreadPool when zero threads are requested.
07-04 04:38:30.860   563  1175 E HwcComposer: getLuts failed Status(-8, EX_SERVICE_SPECIFIC): '8: '
07-04 04:38:30.860   563  1175 E HWComposer: getLuts: getLuts failed for display 4619827259835644672: UNSUPPORTED (8)
07-04 04:38:30.887     0     0 I servicemanager: Caller(pid=21075,uid=2000,sid=u:r:shell:s0) Found android.hardware.graphics.allocator.IAllocator/default in device VINTF manifest.
07-04 04:38:30.896     0     0 I servicemanager: Caller(pid=21075,uid=2000,sid=u:r:shell:s0) Found android.hardware.graphics.allocator.IAllocator/default in device VINTF manifest.
07-04 04:38:30.898     0     0 I servicemanager: Caller(pid=21075,uid=2000,sid=u:r:shell:s0) Found mapper/ranchu in device VINTF manifest.
07-04 04:38:30.977  1461  1724 W MediaProvider: isAppCloneUserPair for user 0: false
07-04 04:38:31.139   708  1809 I ActivityManager: Broadcasting: Intent { act=android.intent.action.MEDIA_SCANNER_SCAN_FILE dat=file:///... flg=0x400000 }
07-04 04:38:31.139   708  1809 I ActivityManager: Enqueued broadcast Intent { act=android.intent.action.MEDIA_SCANNER_SCAN_FILE dat=file:///... flg=0x400000 }: 0
07-04 04:38:31.157   708  1560 W JobInfo : Job 'com.google.android.providers.media.module/com.android.providers.media.MediaService#-300' has a deadline with no functional constraints. The deadline won't improve job execution latency. Consider removing the deadline.
07-04 04:38:31.163   708   736 I ActivityManager: Broadcast completed: result=0
07-04 04:38:31.165  1461  1961 I MediaProvider: Begin Intent { act=android.intent.action.MEDIA_SCANNER_SCAN_FILE dat=file:///... flg=0x1400010 cmp=com.google.android.providers.media.module/com.android.providers.media.MediaService }
07-04 04:38:31.166  1461  1961 D ExifInterface: Invalid image: ExifInterface got an unsupported or corrupted image file
07-04 04:38:31.166  1461  1961 D ExifInterface: java.io.EOFException
07-04 04:38:31.166  1461  1961 D ExifInterface: 	at android.media.ExifInterface$ByteOrderedDataInputStream.readShort(ExifInterface.java:5045)
07-04 04:38:31.166  1461  1961 D ExifInterface: 	at android.media.ExifInterface.readByteOrder(ExifInterface.java:3996)
07-04 04:38:31.166  1461  1961 D ExifInterface: 	at android.media.ExifInterface.parseTiffHeaders(ExifInterface.java:4016)
07-04 04:38:31.166  1461  1961 D ExifInterface: 	at android.media.ExifInterface.getRawAttributes(ExifInterface.java:2975)
07-04 04:38:31.166  1461  1961 D ExifInterface: 	at android.media.ExifInterface.loadAttributes(ExifInterface.java:2023)
07-04 04:38:31.166  1461  1961 D ExifInterface: 	at android.media.ExifInterface.<init>(ExifInterface.java:1640)
07-04 04:38:31.166  1461  1961 D ExifInterface: 	at android.media.ExifInterface.<init>(ExifInterface.java:1591)
07-04 04:38:31.166  1461  1961 D ExifInterface: 	at com.android.providers.media.scan.ModernMediaScanner.scanItemImage(ModernMediaScanner.java:1713)
07-04 04:38:31.166  1461  1961 D ExifInterface: 	at com.android.providers.media.scan.ModernMediaScanner.scanItem(ModernMediaScanner.java:1306)
07-04 04:38:31.166  1461  1961 D ExifInterface: 	at com.android.providers.media.scan.ModernMediaScanner.-$$Nest$mscanItem(ModernMediaScanner.java:0)
07-04 04:38:31.166  1461  1961 D ExifInterface: 	at com.android.providers.media.scan.ModernMediaScanner$Scan.visitFile(ModernMediaScanner.java:1020)
07-04 04:38:31.166  1461  1961 D ExifInterface: 	at com.android.providers.media.scan.ModernMediaScanner$Scan.visitFile(ModernMediaScanner.java:501)
07-04 04:38:31.166  1461  1961 D ExifInterface: 	at java.nio.file.Files.walkFileTree(Files.java:2670)
07-04 04:38:31.166  1461  1961 D ExifInterface: 	at java.nio.file.Files.walkFileTree(Files.java:2742)
07-04 04:38:31.166  1461  1961 D ExifInterface: 	at com.android.providers.media.scan.ModernMediaScanner$Scan.walkFileTree(ModernMediaScanner.java:624)
07-04 04:38:31.166  1461  1961 D ExifInterface: 	at com.android.providers.media.scan.ModernMediaScanner$Scan.runInternal(ModernMediaScanner.java:583)
07-04 04:38:31.166  1461  1961 D ExifInterface: 	at com.android.providers.media.scan.ModernMediaScanner$Scan.run(ModernMediaScanner.java:572)
07-04 04:38:31.166  1461  1961 D ExifInterface: 	at com.android.providers.media.scan.ModernMediaScanner.scanFile(ModernMediaScanner.java:420)
07-04 04:38:31.166  1461  1961 D ExifInterface: 	at com.android.providers.media.MediaProvider.scanFile(MediaProvider.java:2396)
07-04 04:38:31.166  1461  1961 D ExifInterface: 	at com.android.providers.media.MediaService.onScanFile(MediaService.java:237)
07-04 04:38:31.166  1461  1961 D ExifInterface: 	at com.android.providers.media.MediaService.onHandleWork(MediaService.java:85)
07-04 04:38:31.166  1461  1961 D ExifInterface: 	at androidx.core.app.JobIntentService$CommandProcessor.doInBackground(JobIntentService.java:397)
07-04 04:38:31.166  1461  1961 D ExifInterface: 	at androidx.core.app.JobIntentService$CommandProcessor.doInBackground(JobIntentService.java:388)
07-04 04:38:31.166  1461  1961 D ExifInterface: 	at android.os.AsyncTask$3.call(AsyncTask.java:394)
07-04 04:38:31.166  1461  1961 D ExifInterface: 	at java.util.concurrent.FutureTask.run(FutureTask.java:317)
07-04 04:38:31.166  1461  1961 D ExifInterface: 	at java.util.concurrent.ThreadPoolExecutor.runWorker(ThreadPoolExecutor.java:1156)
07-04 04:38:31.166  1461  1961 D ExifInterface: 	at java.util.concurrent.ThreadPoolExecutor$Worker.run(ThreadPoolExecutor.java:651)
07-04 04:38:31.166  1461  1961 D ExifInterface: 	at java.lang.Thread.run(Thread.java:1119)
07-04 04:38:31.171  1461  1961 D HWUI    : --- Failed to create image decoder with message 'unimplemented'
07-04 04:38:31.171  1461  1961 D HWUI    : --- Failed to create image decoder with message 'unimplemented'
07-04 04:38:31.177  1461  1961 I MediaProvider: End Intent { act=android.intent.action.MEDIA_SCANNER_SCAN_FILE dat=file:///... flg=0x1400010 cmp=com.google.android.providers.media.module/com.android.providers.media.MediaService }
07-04 04:38:31.184  1461  1667 D WM-SystemJobScheduler: Scheduling work ID 588e243e-85e3-42f4-9587-ccd6832d7271Job ID 137
07-04 04:38:31.189  1461  1667 D WM-GreedyScheduler: Ignoring {WorkSpec: 4ab35118-0008-4e0e-9667-4896f94f6ee7}. Requires device idle.
07-04 04:38:31.189  1461  1667 D WM-GreedyScheduler: Ignoring {WorkSpec: 5e0a924a-98f8-4d1c-b169-89fa94ec2302}. Requires device idle.
07-04 04:38:31.238   708   863 D WifiClientModeImpl[26229:wlan0]: updateLinkLayerStatsRssiSpeedFrequencyCapabilities rssi=-50 TxLinkspeed=2 freq=2447 RxLinkSpeed=2
07-04 04:38:31.239   708   863 D WifiDataStall: tx tput in kbps: 11000
07-04 04:38:31.239   708   863 D WifiDataStall: rx tput in kbps: 11000
07-04 04:38:31.239   708   863 V WifiConfigManager: Updating scan detail cache freq=2447 BSSID=00:13:10:85:fe:01 RSSI=-50 for "AndroidWifi"NONE
07-04 04:38:31.239   708   863 D WifiThroughputPredictor:  utilization (LLS) 80 isBluetoothConnected: false final utilization: 80
07-04 04:38:31.239   708   863 D WifiThroughputPredictor:  BW: 0 RSSI: -50 Nss: 1 Mode: 1 symDur: 4000 snrDb 30 bitPerTone: 4500 rate: 54 throughput: 11
07-04 04:38:31.239   708   863 D WifiThroughputPredictor:  utilization (LLS) 80 isBluetoothConnected: false final utilization: 80
07-04 04:38:31.239   708   863 D WifiThroughputPredictor:  BW: 0 RSSI: -50 Nss: 1 Mode: 1 symDur: 4000 snrDb 30 bitPerTone: 4500 rate: 54 throughput: 11
07-04 04:38:31.239   708   863 D WifiThroughputPredictor:  utilization (LLS) 80 isBluetoothConnected: false final utilization: 80
07-04 04:38:31.239   708   863 D WifiThroughputPredictor:  BW: 0 RSSI: -50 Nss: 1 Mode: 1 symDur: 4000 snrDb 30 bitPerTone: 4500 rate: 54 throughput: 11
07-04 04:38:31.239   708   863 D WifiThroughputPredictor:  utilization (LLS) 80 isBluetoothConnected: false final utilization: 80
07-04 04:38:31.239   708   863 D WifiThroughputPredictor:  BW: 0 RSSI: -50 Nss: 1 Mode: 1 symDur: 4000 snrDb 30 bitPerTone: 4500 rate: 54 throughput: 11
07-04 04:38:31.240   708   863 D WifiScoreCard: BSSID update SIGNAL_POLL ID: 52320190 SSID: "AndroidWifi", BSSID: 00:13:10:85:fe:01, MAC: 02:15:b2:00:00:00, IP: /10.0.2.16, Security type: 0, Supplicant state: COMPLETED, Wi-Fi standard: legacy, RSSI: -50, Link speed: 2Mbps, Tx Link speed: 2Mbps, Max Supported Tx Link speed: 11Mbps, Rx Link speed: 2Mbps, Max Supported Rx Link speed: 11Mbps, Frequency: 2447MHz, Net ID: 0, Metered hint: false, score: 60, isUsable: true, CarrierMerged: false, SubscriptionId: -1, IsPrimary: 1, Trusted: true, Restricted: false, Ephemeral: false, OEM paid: false, OEM private: false, OSU AP: false, FQDN: <none>, Provider friendly name: <none>, Requesting package name: <none>"AndroidWifi"openMLO Information: , Is TID-To-Link negotiation supported by the AP: false, AP MLD Address: <none>, AP MLO Link Id: <none>, AP MLO Affiliated links: <none>, Vendor Data: <none>
07-04 04:38:31.240   708   863 D WifiScoreCard: txRate: 1 txSpeed: 2
07-04 04:38:31.240   708   863 D WifiScoreCard: network update SIGNAL_POLL "AndroidWifi" ID: 843735694 RSSI -50 txSpeed -1
07-04 04:38:31.240   708   863 D WifiClientModeImpl[26229:wlan0]:  ClientModeImpl$L2ConnectedState screen=on 6 0 "AndroidWifi" 00:13:10:85:fe:01 rssi=-50 f=2447 sc=60 link=2 tx=0.0, 0.0, 0.0 rx=0.0 bcn=0 [on:0 tx:0 rx:0 period:3005] from screen [on:0 period:724883400] score=60
07-04 04:38:31.342  1461  2884 W MediaProvider: Ignoring param:deletedata post U for external apps
07-04 04:38:31.348  1461  2884 I MediaProvider: Deleted 0 1 0 0 0 0 0 items on external_primary due to com.android.shell
07-04 04:38:31.489 21087 21087 D AndroidRuntime: >>>>>> START com.android.internal.os.RuntimeInit uid 2000 <<<<<<
07-04 04:38:31.501 21087 21087 I AndroidRuntime: Using default boot image
07-04 04:38:31.501 21087 21087 I AndroidRuntime: Leaving lock profiling enabled
07-04 04:38:31.505 21087 21087 I app_process: Core platform API reporting enabled, enforcing=false
07-04 04:38:31.505 21087 21087 I app_process: Using CollectorTypeCMC GC.
07-04 04:38:31.604 21087 21087 D nativeloader: InitDefaultPublicLibraries for_preload=1: libandroid.so:libaaudio.so:libamidi.so:libbinder_ndk.so:libc.so:libcamera2ndk.so:libdl.so:libEGL.so:libGLESv1_CM.so:libGLESv2.so:libGLESv3.so:libicu.so:libicui18n.so:libicuuc.so:libjnigraphics.so:liblog.so:libmediandk.so:libm.so:libnativehelper.so:libnativewindow.so:libOpenMAXAL.so:libOpenSLES.so:libRS.so:libstdc++.so:libsync.so:libvulkan.so:libwebviewchromium_plat_support.so:libz.so
07-04 04:38:31.612 21087 21087 D nativeloader: Load libicu_jni.so using APEX ns com_android_art for caller /apex/com.android.art/javalib/core-oj.jar: ok
07-04 04:38:31.612 21087 21087 D app_process: u_setTimeZoneFilesDirectory("/apex/com.android.tzdata/etc/tz/versioned/9/icu") succeeded. 
07-04 04:38:31.612 21087 21087 D app_process: I18n APEX ICU file found: /apex/com.android.i18n/etc/icu/icudt76l.dat
07-04 04:38:31.613 21087 21087 D nativeloader: Load libjavacore.so using APEX ns com_android_art for caller /apex/com.android.art/javalib/core-oj.jar: ok
07-04 04:38:31.613 21087 21087 D nativeloader: Load libopenjdk.so using APEX ns com_android_art for caller /apex/com.android.art/javalib/core-oj.jar: ok
07-04 04:38:31.615 21087 21087 W app_process: Unexpected CPU variant for x86: x86_64.
07-04 04:38:31.615 21087 21087 W app_process: Known variants: atom, sandybridge, silvermont, goldmont, goldmont-plus, goldmont-without-sha-xsaves, tremont, kabylake, alderlake, default
07-04 04:38:31.616 21087 21087 W app_process: ClassLoaderContext shared library size mismatch. Expected=2, found=0 (PCL[]{PCL[/system/framework/android.test.base.jar*2789897741]#PCL[/system/framework/android.test.mock.jar*3361312393]} | PCL[])
07-04 04:38:31.617 21087 21087 W app_process: ClassLoaderContext classpath size mismatch. expected=0, found=1 (PCL[]{PCL[/system/framework/android.test.runner.jar*895143020]#PCL[/system/framework/android.test.base.jar*2789897741]} | PCL[/system/framework/android.test.runner.jar*895143020])
07-04 04:38:31.650 21087 21087 D nativeloader: Load libframework-connectivity-tiramisu-jni.so using APEX ns com_android_tethering for caller /apex/com.android.tethering/javalib/framework-connectivity-t.jar: ok
07-04 04:38:31.650 21087 21087 D AndroidRuntime: Calling main entry com.android.commands.uiautomator.Launcher
07-04 04:38:31.658 21087 21087 I AconfigPackage: android.media.swcodec.flags is mapped to com.android.media.swcodec
07-04 04:38:31.658 21087 21087 I AconfigPackage: com.google.android.settings.simplemode.flags is mapped to system_ext
07-04 04:38:31.658 21087 21087 I AconfigPackage: com.google.android.systemui is mapped to system_ext
07-04 04:38:31.658 21087 21087 I AconfigPackage: com.google.android.apps.nexuslauncher is mapped to system_ext
07-04 04:38:31.658 21087 21087 I AconfigPackage: com.android.settings.accessibility is mapped to system_ext
07-04 04:38:31.658 21087 21087 I AconfigPackage: com.android.settings.flags is mapped to system_ext
07-04 04:38:31.658 21087 21087 I AconfigPackage: com.google.android.apps.miphone.aiai.matchmaker.overview.ui is mapped to system_ext
07-04 04:38:31.658 21087 21087 I AconfigPackage: com.google.android.settings.flags is mapped to system_ext
07-04 04:38:31.658 21087 21087 I AconfigPackage: com.android.launcher3 is mapped to system_ext
07-04 04:38:31.658 21087 21087 I AconfigPackage: com.android.wallpaper is mapped to system_ext
07-04 04:38:31.658 21087 21087 I AconfigPackage: com.android.settings.media_drm is mapped to system_ext
07-04 04:38:31.658 21087 21087 I AconfigPackage: com.android.systemui.accessibility.accessibilitymenu is mapped to system_ext
07-04 04:38:31.658 21087 21087 I AconfigPackage: com.android.settings.keyboard is mapped to system_ext
07-04 04:38:31.658 21087 21087 I AconfigPackage: com.android.server.policy.feature.flags is mapped to system_ext
07-04 04:38:31.658 21087 21087 I AconfigPackage: com.android.settings.factory_reset is mapped to system_ext
07-04 04:38:31.658 21087 21087 I AconfigPackage: com.google.android.haptics.flags is mapped to system_ext
07-04 04:38:31.659 21087 21087 I AconfigPackage: com.android.permission.flags is mapped to com.android.permission
07-04 04:38:31.659 21087 21087 I AconfigPackage: com.android.icu is mapped to com.android.i18n
07-04 04:38:31.659 21087 21087 I AconfigPackage: com.android.appsearch.flags is mapped to com.android.appsearch
07-04 04:38:31.659 21087 21087 I AconfigPackage: android.uprobestats.mainline.flags is mapped to com.android.uprobestats
07-04 04:38:31.660 21087 21087 I AconfigPackage: android.provider.flags is mapped to com.android.configinfrastructure
07-04 04:38:31.660 21087 21087 I AconfigPackage: com.android.server.deviceconfig is mapped to com.android.configinfrastructure
07-04 04:38:31.660 21087 21087 I AconfigPackage: com.android.nfc.flags is mapped to system
07-04 04:38:31.660 21087 21087 I AconfigPackage: android.app.admin.flags is mapped to system
07-04 04:38:31.660 21087 21087 I AconfigPackage: android.database.sqlite is mapped to system
