07-04 03:49:23.897   708   708 W IPCThreadState: Sending oneway calls to frozen process.
07-04 03:49:23.897   708   708 W IPCThreadState: Sending oneway calls to frozen process.
07-04 03:49:23.897   708   708 W IPCThreadState: Sending oneway calls to frozen process.
07-04 03:49:23.897   708   708 W IPCThreadState: Sending oneway calls to frozen process.
07-04 03:49:23.897  1512  2024 I AiAiEcho: Predicting[0]:  [CONTEXT sampling_count=5 ]
07-04 03:49:23.897  1512  2024 I AiAiEcho: EchoTargets:
07-04 03:49:23.897  1512  2024 I AiAiEcho: Filtered by AiAi flag check:
07-04 03:49:23.897  1512  2024 I AiAiEcho: [CONTEXT ratelimit_period="10 SECONDS" ]
07-04 03:49:23.897  1512  2024 I AiAiEcho: #remoteViewsTwiddler: feature disabled.
07-04 03:49:23.898   708   708 W IPCThreadState: Sending oneway calls to frozen process.
07-04 03:49:23.898   708   708 W IPCThreadState: Sending oneway calls to frozen process.
07-04 03:49:23.898   708   708 W IPCThreadState: Sending oneway calls to frozen process.
07-04 03:49:23.898   708   708 W IPCThreadState: Sending oneway calls to frozen process.
07-04 03:49:23.898   708   708 W IPCThreadState: Sending oneway calls to frozen process.
07-04 03:49:23.898   708   708 W IPCThreadState: Sending oneway calls to frozen process.
07-04 03:49:23.898   708   708 W IPCThreadState: Sending oneway calls to frozen process.
07-04 03:49:23.898   708   708 W IPCThreadState: Sending oneway calls to frozen process.
07-04 03:49:23.898   708   708 W IPCThreadState: Sending oneway calls to frozen process.
07-04 03:49:23.898   708   708 W IPCThreadState: Sending oneway calls to frozen process.
07-04 03:49:23.898   708   708 W IPCThreadState: Sending oneway calls to frozen process.
07-04 03:49:23.898   708   708 W IPCThreadState: Sending oneway calls to frozen process.
07-04 03:49:23.898   708   708 W IPCThreadState: Sending oneway calls to frozen process.
07-04 03:49:23.898   708   708 W IPCThreadState: Sending oneway calls to frozen process.
07-04 03:49:23.898   708   708 W IPCThreadState: Sending oneway calls to frozen process.
07-04 03:49:23.898   708   708 W IPCThreadState: Sending oneway calls to frozen process.
07-04 03:49:23.898   708   708 W IPCThreadState: Sending oneway calls to frozen process.
07-04 03:49:23.898   708   708 D BatterySaverPolicy: accessibility changed to true, updating policy.
07-04 03:49:23.898  1512  2024 I AiAiEcho: #postPredictionTargets: Sending updates to UISurface home with targets# 0 (types=[])
07-04 03:49:23.899  1512  2024 I AiAiEcho: #postPredictionTargets: Sending updates to UISurface lockscreen with targets# 0 (types=[])
07-04 03:49:23.903 15842 15853 V UiAutomation: Init UiAutomation@111753[id=372, displayId=0, flags=0]
07-04 03:49:23.906   708  1215 V AccessibilityManagerService: onUserStateChangedLocked for userId: 0, forceUpdate: false
07-04 03:49:23.910   708  1215 W MagnificationConnectionManager: requestConnection duplicated request: connect=false, mConnectionState=DISCONNECTED
07-04 03:49:23.914   708   708 W IPCThreadState: Sending oneway calls to frozen process.
07-04 03:49:23.914   708   708 W IPCThreadState: Sending oneway calls to frozen process.
07-04 03:49:23.914   708   708 W IPCThreadState: Sending oneway calls to frozen process.
07-04 03:49:23.914   708   708 W IPCThreadState: Sending oneway calls to frozen process.
07-04 03:49:23.914   708   708 W IPCThreadState: Sending oneway calls to frozen process.
07-04 03:49:23.914   708   708 W IPCThreadState: Sending oneway calls to frozen process.
07-04 03:49:23.914   708   708 W IPCThreadState: Sending oneway calls to frozen process.
07-04 03:49:23.914   708   708 W IPCThreadState: Sending oneway calls to frozen process.
07-04 03:49:23.914   708   708 W IPCThreadState: Sending oneway calls to frozen process.
07-04 03:49:23.914   708   708 W IPCThreadState: Sending oneway calls to frozen process.
07-04 03:49:23.914   708   708 W IPCThreadState: Sending oneway calls to frozen process.
07-04 03:49:23.915   708   708 W IPCThreadState: Sending oneway calls to frozen process.
07-04 03:49:23.915   708   708 W IPCThreadState: Sending oneway calls to frozen process.
07-04 03:49:23.915   708   708 W IPCThreadState: Sending oneway calls to frozen process.
07-04 03:49:23.915   708   708 W IPCThreadState: Sending oneway calls to frozen process.
07-04 03:49:23.915   708   708 W IPCThreadState: Sending oneway calls to frozen process.
07-04 03:49:23.915  1512  2227 I AiAiEcho: Settings changed for uri: content://settings/secure/accessibility_enabled
07-04 03:49:23.916  1512  2024 I AiAiEcho: Predicting[0]:  [CONTEXT sampling_count=5 ]
07-04 03:49:23.916  1512  2024 I AiAiEcho: EchoTargets:
07-04 03:49:23.916  1512  2024 I AiAiEcho: Filtered by AiAi flag check:
07-04 03:49:23.916  1512  2024 I AiAiEcho: [CONTEXT ratelimit_period="10 SECONDS" ]
07-04 03:49:23.916  1512  2024 I AiAiEcho: #remoteViewsTwiddler: feature disabled.
07-04 03:49:23.916  1512  2024 I AiAiEcho: Predicting[0]:  [CONTEXT sampling_count=5 ]
07-04 03:49:23.916  1512  2024 I AiAiEcho: EchoTargets:
07-04 03:49:23.916  1512  2024 I AiAiEcho: Filtered by AiAi flag check:
07-04 03:49:23.916  1512  2024 I AiAiEcho: [CONTEXT ratelimit_period="10 SECONDS" ]
07-04 03:49:23.916  1512  2024 I AiAiEcho: #remoteViewsTwiddler: feature disabled.
07-04 03:49:23.916  1512  2024 I AiAiEcho: #postPredictionTargets: Sending updates to UISurface home with targets# 0 (types=[])
07-04 03:49:23.916  1512  2024 I AiAiEcho: #postPredictionTargets: Sending updates to UISurface lockscreen with targets# 0 (types=[])
07-04 03:49:23.918  1096  1096 D SsBaseTemplateCard: No text view can be set up
07-04 03:49:23.918  1096  1096 D SsBaseTemplateCard: Passed-in item info is null
07-04 03:49:23.918  1096  1096 D SsBaseTemplateCard: Passed-in item info is null
07-04 03:49:23.918  1096  1096 D SsBaseTemplateCard: Passed-in item info is null
07-04 03:49:23.918  1096  1096 I SsBaseTemplateCard: Secondary card pane is null
07-04 03:49:23.918  1096  1096 D SsBaseTemplateCard: No text view can be set up
07-04 03:49:23.918  1096  1096 D SsBaseTemplateCard: Passed-in item info is null
07-04 03:49:23.918  1096  1096 D SsBaseTemplateCard: Passed-in item info is null
07-04 03:49:23.918  1096  1096 D SsBaseTemplateCard: Passed-in item info is null
07-04 03:49:23.918  1096  1096 I SsBaseTemplateCard: Secondary card pane is null
07-04 03:49:23.930   962   962 W PageIndicator: Total number of pages invalid: 0. Assuming 1 page.
07-04 03:49:23.931   962   962 W PageIndicator: Total number of pages invalid: 0. Assuming 1 page.
07-04 03:49:24.161   948   948 D wpa_supplicant: nl80211: Drv Event 64 (NL80211_CMD_NOTIFY_CQM) received for wlan0
07-04 03:49:24.161   948   948 D wpa_supplicant: nl80211: Beacon loss event
07-04 03:49:24.161   948   948 D wpa_supplicant: wlan0: Event BEACON_LOSS (53) received
07-04 03:49:24.161   948   948 I wpa_supplicant: wlan0: CTRL-EVENT-BEACON-LOSS
07-04 03:49:24.329   708   746 W IPCThreadState: Sending oneway calls to frozen process.
07-04 03:49:24.906   708   863 D WifiClientModeImpl[26229:wlan0]: updateLinkLayerStatsRssiSpeedFrequencyCapabilities rssi=-50 TxLinkspeed=1 freq=2447 RxLinkSpeed=2
07-04 03:49:24.907   708   863 D WifiDataStall: tx tput in kbps: 11000
07-04 03:49:24.907   708   863 D WifiDataStall: rx tput in kbps: 11000
07-04 03:49:24.907   708   863 V WifiConfigManager: Updating scan detail cache freq=2447 BSSID=00:13:10:85:fe:01 RSSI=-50 for "AndroidWifi"NONE
07-04 03:49:24.907   708   863 D WifiThroughputPredictor:  utilization (LLS) 80 isBluetoothConnected: false final utilization: 80
07-04 03:49:24.907   708   863 D WifiThroughputPredictor:  BW: 0 RSSI: -50 Nss: 1 Mode: 1 symDur: 4000 snrDb 30 bitPerTone: 4500 rate: 54 throughput: 11
07-04 03:49:24.907   708   863 D WifiThroughputPredictor:  utilization (LLS) 80 isBluetoothConnected: false final utilization: 80
07-04 03:49:24.907   708   863 D WifiThroughputPredictor:  BW: 0 RSSI: -50 Nss: 1 Mode: 1 symDur: 4000 snrDb 30 bitPerTone: 4500 rate: 54 throughput: 11
07-04 03:49:24.907   708   863 D WifiThroughputPredictor:  utilization (LLS) 80 isBluetoothConnected: false final utilization: 80
07-04 03:49:24.907   708   863 D WifiThroughputPredictor:  BW: 0 RSSI: -50 Nss: 1 Mode: 1 symDur: 4000 snrDb 30 bitPerTone: 4500 rate: 54 throughput: 11
07-04 03:49:24.907   708   863 D WifiThroughputPredictor:  utilization (LLS) 80 isBluetoothConnected: false final utilization: 80
07-04 03:49:24.907   708   863 D WifiThroughputPredictor:  BW: 0 RSSI: -50 Nss: 1 Mode: 1 symDur: 4000 snrDb 30 bitPerTone: 4500 rate: 54 throughput: 11
07-04 03:49:24.908   708   863 D WifiScoreCard: BSSID update SIGNAL_POLL ID: 52320190 SSID: "AndroidWifi", BSSID: 00:13:10:85:fe:01, MAC: 02:15:b2:00:00:00, IP: /10.0.2.16, Security type: 0, Supplicant state: COMPLETED, Wi-Fi standard: legacy, RSSI: -50, Link speed: 1Mbps, Tx Link speed: 1Mbps, Max Supported Tx Link speed: 11Mbps, Rx Link speed: 2Mbps, Max Supported Rx Link speed: 11Mbps, Frequency: 2447MHz, Net ID: 0, Metered hint: false, score: 60, isUsable: true, CarrierMerged: false, SubscriptionId: -1, IsPrimary: 1, Trusted: true, Restricted: false, Ephemeral: false, OEM paid: false, OEM private: false, OSU AP: false, FQDN: <none>, Provider friendly name: <none>, Requesting package name: <none>"AndroidWifi"openMLO Information: , Is TID-To-Link negotiation supported by the AP: false, AP MLD Address: <none>, AP MLO Link Id: <none>, AP MLO Affiliated links: <none>, Vendor Data: <none>
07-04 03:49:24.908   708   863 D WifiScoreCard: txRate: 1 txSpeed: 1
07-04 03:49:24.908   708   863 D WifiScoreCard: network update SIGNAL_POLL "AndroidWifi" ID: 843735694 RSSI -50 txSpeed -1
07-04 03:49:24.908   708   863 D WifiClientModeImpl[26229:wlan0]:  ClientModeImpl$L2ConnectedState screen=on 5 0 "AndroidWifi" 00:13:10:85:fe:01 rssi=-50 f=2447 sc=60 link=1 tx=0.0, 0.0, 0.0 rx=0.0 bcn=0 [on:0 tx:0 rx:0 period:3003] from screen [on:0 period:721937068] score=60
07-04 03:49:24.958 15842 15842 W AccessibilityNodeInfoDumper: Fetch time: 6ms
07-04 03:49:24.960   708  1846 V AccessibilityManagerService: onUserStateChangedLocked for userId: 0, forceUpdate: false
07-04 03:49:24.961   708  1846 W MagnificationConnectionManager: requestConnection duplicated request: connect=false, mConnectionState=DISCONNECTED
07-04 03:49:24.961  1512  2227 I AiAiEcho: Settings changed for uri: content://settings/secure/accessibility_enabled
07-04 03:49:24.962   708  1846 D AccessibilityManagerService: restoreCurrentUserForTestAutomationIfNeededLocked(): ignoring because device doesn't support visible background users
07-04 03:49:24.962  1512  2024 I AiAiEcho: Predicting[0]:  [CONTEXT sampling_count=5 ]
07-04 03:49:24.962   708   708 W IPCThreadState: Sending oneway calls to frozen process.
07-04 03:49:24.962   708   708 W IPCThreadState: Sending oneway calls to frozen process.
07-04 03:49:24.962  1512  2024 I AiAiEcho: EchoTargets:
07-04 03:49:24.962  1512  2024 I AiAiEcho: Filtered by AiAi flag check:
07-04 03:49:24.962  1512  2024 I AiAiEcho: [CONTEXT ratelimit_period="10 SECONDS" ]
07-04 03:49:24.963   708   708 W IPCThreadState: Sending oneway calls to frozen process.
07-04 03:49:24.963  1512  2024 I AiAiEcho: #remoteViewsTwiddler: feature disabled.
07-04 03:49:24.963   708   708 W IPCThreadState: Sending oneway calls to frozen process.
07-04 03:49:24.963  1512  2024 I AiAiEcho: Predicting[0]:  [CONTEXT sampling_count=5 ]
07-04 03:49:24.963   708   708 W IPCThreadState: Sending oneway calls to frozen process.
07-04 03:49:24.963  1512  2024 I AiAiEcho: EchoTargets:
07-04 03:49:24.963  1512  2024 I AiAiEcho: Filtered by AiAi flag check:
07-04 03:49:24.963  1512  2024 I AiAiEcho: [CONTEXT ratelimit_period="10 SECONDS" ]
07-04 03:49:24.963   708   708 W IPCThreadState: Sending oneway calls to frozen process.
07-04 03:49:24.963  1512  2024 I AiAiEcho: #remoteViewsTwiddler: feature disabled.
07-04 03:49:24.963   708   708 W IPCThreadState: Sending oneway calls to frozen process.
07-04 03:49:24.963   708   708 W IPCThreadState: Sending oneway calls to frozen process.
07-04 03:49:24.963   708   708 W IPCThreadState: Sending oneway calls to frozen process.
07-04 03:49:24.964   708   708 W IPCThreadState: Sending oneway calls to frozen process.
07-04 03:49:24.964   708   708 W IPCThreadState: Sending oneway calls to frozen process.
07-04 03:49:24.964   708   708 W IPCThreadState: Sending oneway calls to frozen process.
07-04 03:49:24.964   708   708 W IPCThreadState: Sending oneway calls to frozen process.
07-04 03:49:24.964   708   708 W IPCThreadState: Sending oneway calls to frozen process.
07-04 03:49:24.964   708   708 W IPCThreadState: Sending oneway calls to frozen process.
07-04 03:49:24.964  1512  2024 I AiAiEcho: #postPredictionTargets: Sending updates to UISurface home with targets# 0 (types=[])
07-04 03:49:24.964   708   708 W IPCThreadState: Sending oneway calls to frozen process.
07-04 03:49:24.964   708   708 W IPCThreadState: Sending oneway calls to frozen process.
07-04 03:49:24.964   708   708 W IPCThreadState: Sending oneway calls to frozen process.
07-04 03:49:24.964   708   708 W IPCThreadState: Sending oneway calls to frozen process.
07-04 03:49:24.964   708   708 W IPCThreadState: Sending oneway calls to frozen process.
07-04 03:49:24.964   708   708 W IPCThreadState: Sending oneway calls to frozen process.
07-04 03:49:24.964   708   708 W IPCThreadState: Sending oneway calls to frozen process.
07-04 03:49:24.964  1512  2024 I AiAiEcho: #postPredictionTargets: Sending updates to UISurface lockscreen with targets# 0 (types=[])
07-04 03:49:24.964   708   708 W IPCThreadState: Sending oneway calls to frozen process.
07-04 03:49:24.964   708   708 W IPCThreadState: Sending oneway calls to frozen process.
07-04 03:49:24.964   708   708 D BatterySaverPolicy: accessibility changed to false, updating policy.
07-04 03:49:24.965 15842 15842 D AndroidRuntime: Shutting down VM
07-04 03:49:24.965 15842 15850 W IPCThreadState: call to talkWithDriver in joinThreadPool returned error: -9 (Bad file descriptor), FD: -1
07-04 03:49:24.966 15842 15855 W IPCThreadState: call to talkWithDriver in joinThreadPool returned error: -9 (Bad file descriptor), FD: -1
07-04 03:49:24.966 15842 15854 W IPCThreadState: call to talkWithDriver in joinThreadPool returned error: -9 (Bad file descriptor), FD: -1
07-04 03:49:24.968 15842 15851 W IPCThreadState: call to talkWithDriver in joinThreadPool returned error: -9 (Bad file descriptor), FD: -1
07-04 03:49:24.971  1096  1096 D SsBaseTemplateCard: No text view can be set up
07-04 03:49:24.971  1096  1096 D SsBaseTemplateCard: Passed-in item info is null
07-04 03:49:24.971  1096  1096 D SsBaseTemplateCard: Passed-in item info is null
07-04 03:49:24.972  1096  1096 D SsBaseTemplateCard: Passed-in item info is null
07-04 03:49:24.972  1096  1096 I SsBaseTemplateCard: Secondary card pane is null
07-04 03:49:24.972   962   962 W PageIndicator: Total number of pages invalid: 0. Assuming 1 page.
07-04 03:49:25.006  1461  1461 D WM-DelayedWorkTracker: Scheduling work aa701a72-a041-4159-ae86-d849bc668280
07-04 03:49:25.007  1461  1461 D WM-GreedyScheduler: Starting tracking for aa701a72-a041-4159-ae86-d849bc668280
07-04 03:49:25.007  1461  1667 D WM-ConstraintTracker: BatteryNotLowTracker: initial state = true
07-04 03:49:25.007  1461  1667 D WM-BrdcstRcvrCnstrntTrc: BatteryNotLowTracker: registering receiver
07-04 03:49:25.008  1461  1667 D WM-GreedyScheduler: Constraints met: Scheduling work ID WorkGenerationalId(workSpecId=aa701a72-a041-4159-ae86-d849bc668280, generation=0)
07-04 03:49:25.009  1461  1667 D WM-Processor: Processor: processing WorkGenerationalId(workSpecId=aa701a72-a041-4159-ae86-d849bc668280, generation=0)
07-04 03:49:25.011  1461  1461 D WM-WorkerWrapper: Starting work for com.android.providers.media.photopicker.sync.ProactiveSyncWorker
07-04 03:49:25.011  1461  5296 I PSyncWorker: Starting proactive picker sync from sync source: 1
07-04 03:49:25.011  1461  5296 I PickerSyncTracker: Created new sync future java.util.concurrent.CompletableFuture@196d6ac[Not completed, 1 dependents]. Future map: {aa701a72-a041-4159-ae86-d849bc668280=java.util.concurrent.CompletableFuture@196d6ac[Not completed, 1 dependents]}
07-04 03:49:25.011  1461  5296 D PickerSyncController: syncAllMediaFromProvider() LOCAL, auth=com.android.providers.media.photopicker, retry=true
07-04 03:49:25.011  1461  5296 D PickerSyncController: getSyncRequestParams() LOCAL, auth=com.android.providers.media.photopicker
07-04 03:49:25.012  1461  5296 D PickerSyncController:    Latest ID/Gen=4eb8212abf423e75:external_primary/1127
07-04 03:49:25.012  1461  5296 D PickerSyncController:    Cached ID/Gen=4eb8212abf423e75:external_primary/1115
07-04 03:49:25.012  1461  5296 D PickerSyncController:    RESULT=SyncRequestParams{type=MEDIA_INCREMENTAL, gen=1115, latest=Bundle[{last_media_sync_generation=1127, media_collection_id=4eb8212abf423e75:external_primary}], pageSize=1000}
07-04 03:49:25.012  1461  5296 I PickerSyncController: Executing SyncAdd. isLocal: true. authority: com.android.providers.media.photopicker
07-04 03:49:25.012  1461  5296 D PickerSyncLockManager: Trying to acquire lock com.android.providers.media.photopicker.sync.CloseableReentrantLock@cec4fdd[Unlocked]. Lock Name = CLOUD_PROVIDER_LOCK. Threads that may be waiting to acquire this lock = [] with timeout.
07-04 03:49:25.012  1461  5296 D CloseableReentrantLock: Successfully acquired lock com.android.providers.media.photopicker.sync.CloseableReentrantLock@cec4fdd[Locked by thread pool-4-thread-4]. Lock Name = CLOUD_PROVIDER_LOCK. Threads that may be waiting to acquire this lock = []
07-04 03:49:25.012  1461  5296 D CloseableReentrantLock: Successfully released lock com.android.providers.media.photopicker.sync.CloseableReentrantLock@cec4fdd[Unlocked]. Lock Name = CLOUD_PROVIDER_LOCK. Threads that may be waiting to acquire this lock = []
07-04 03:49:25.012  1461  5296 D ExternalDbFacade: Token received for queryMedia = null
07-04 03:49:25.013  1461  5296 D PickerSyncLockManager: Trying to acquire lock com.android.providers.media.photopicker.sync.CloseableReentrantLock@cec4fdd[Unlocked]. Lock Name = CLOUD_PROVIDER_LOCK. Threads that may be waiting to acquire this lock = [] with timeout.
07-04 03:49:25.013  1461  5296 D CloseableReentrantLock: Successfully acquired lock com.android.providers.media.photopicker.sync.CloseableReentrantLock@cec4fdd[Locked by thread pool-4-thread-4]. Lock Name = CLOUD_PROVIDER_LOCK. Threads that may be waiting to acquire this lock = []
07-04 03:49:25.013  1461  5296 D PickerSyncController: Clearing next page token for key: local_provider:media_add:resume
07-04 03:49:25.013  1461  5296 D CloseableReentrantLock: Successfully released lock com.android.providers.media.photopicker.sync.CloseableReentrantLock@cec4fdd[Unlocked]. Lock Name = CLOUD_PROVIDER_LOCK. Threads that may be waiting to acquire this lock = []
07-04 03:49:25.013  1461  5296 D PickerNotificationSender: Sending a notification for media update
07-04 03:49:25.014  1461  5296 D PickerNotificationSender: Sending a notification for merged album media update Favorites
07-04 03:49:25.014  1461  5296 D PickerNotificationSender: Sending a notification for album media update Favorites
07-04 03:49:25.014  1461  5296 D PickerNotificationSender: Sending a notification for merged album media update Videos
07-04 03:49:25.014  1461  5296 D PickerNotificationSender: Sending a notification for album media update Videos
07-04 03:49:25.014  1461  5296 I PickerSyncController: Paged sync successful. QueryArgs: Bundle[{android.provider.extra.SYNC_GENERATION=1115, android.provider.extra.PAGE_SIZE=1000}] Total Rows: 0
07-04 03:49:25.014  1461  5296 I PickerSyncController: Executing SyncRemove. isLocal: true. authority: com.android.providers.media.photopicker
07-04 03:49:25.015  1461  5296 D PickerSyncLockManager: Trying to acquire lock com.android.providers.media.photopicker.sync.CloseableReentrantLock@cec4fdd[Unlocked]. Lock Name = CLOUD_PROVIDER_LOCK. Threads that may be waiting to acquire this lock = [] with timeout.
07-04 03:49:25.015  1461  5296 D CloseableReentrantLock: Successfully acquired lock com.android.providers.media.photopicker.sync.CloseableReentrantLock@cec4fdd[Locked by thread pool-4-thread-4]. Lock Name = CLOUD_PROVIDER_LOCK. Threads that may be waiting to acquire this lock = []
07-04 03:49:25.015  1461  5296 D CloseableReentrantLock: Successfully released lock com.android.providers.media.photopicker.sync.CloseableReentrantLock@cec4fdd[Unlocked]. Lock Name = CLOUD_PROVIDER_LOCK. Threads that may be waiting to acquire this lock = []
07-04 03:49:25.015  1461  5296 E PickerDbFacade: Could not get first date taken millis for media id: 120
07-04 03:49:25.015  1461  5296 W PickerDbFacade: Unable to promote cloud media with localId: 120
07-04 03:49:25.015  1461  5296 D PickerSyncLockManager: Trying to acquire lock com.android.providers.media.photopicker.sync.CloseableReentrantLock@cec4fdd[Unlocked]. Lock Name = CLOUD_PROVIDER_LOCK. Threads that may be waiting to acquire this lock = [] with timeout.
07-04 03:49:25.015  1461  5296 D CloseableReentrantLock: Successfully acquired lock com.android.providers.media.photopicker.sync.CloseableReentrantLock@cec4fdd[Locked by thread pool-4-thread-4]. Lock Name = CLOUD_PROVIDER_LOCK. Threads that may be waiting to acquire this lock = []
07-04 03:49:25.015  1461  5296 D PickerSyncController: Clearing next page token for key: local_provider:media_remove:resume
07-04 03:49:25.016  1461  5296 D CloseableReentrantLock: Successfully released lock com.android.providers.media.photopicker.sync.CloseableReentrantLock@cec4fdd[Unlocked]. Lock Name = CLOUD_PROVIDER_LOCK. Threads that may be waiting to acquire this lock = []
07-04 03:49:25.016  1461  5296 D PickerNotificationSender: Sending a notification for media update
07-04 03:49:25.016  1461  5296 D PickerNotificationSender: Sending a notification for merged album media update Favorites
07-04 03:49:25.016  1461  5296 D PickerNotificationSender: Sending a notification for album media update Favorites
07-04 03:49:25.016  1461  5296 D PickerNotificationSender: Sending a notification for merged album media update Videos
07-04 03:49:25.017  1461  5296 D PickerNotificationSender: Sending a notification for album media update Videos
07-04 03:49:25.018  1461  5296 I PickerSyncController: Paged sync successful. QueryArgs: Bundle[{android.provider.extra.SYNC_GENERATION=1115, android.provider.extra.PAGE_SIZE=1000}] Total Rows: 0
07-04 03:49:25.018  1461  5296 I PickerSyncTracker: Marked sync future complete for work id: aa701a72-a041-4159-ae86-d849bc668280. Future map: {}
07-04 03:49:25.018  1461  5296 I PSyncWorker: Completed picker proactive sync complete from local provider.
07-04 03:49:25.019  1461  1608 I WM-WorkerWrapper: Worker result SUCCESS for Work [ id=aa701a72-a041-4159-ae86-d849bc668280, tags={ com.android.providers.media.photopicker.sync.ProactiveSyncWorker } ]
07-04 03:49:25.019  1461  1461 D WM-Processor: Processor aa701a72-a041-4159-ae86-d849bc668280 executed; reschedule = false
07-04 03:49:25.019  1461  1461 D WM-GreedyScheduler: Stopping tracking for WorkGenerationalId(workSpecId=aa701a72-a041-4159-ae86-d849bc668280, generation=0)
07-04 03:49:25.022  1461  1608 D WM-GreedyScheduler: Cancelling work ID aa701a72-a041-4159-ae86-d849bc668280
07-04 03:49:25.022  1461  1608 D WM-GreedyScheduler: Ignoring {WorkSpec: 4ab35118-0008-4e0e-9667-4896f94f6ee7}. Requires device idle.
07-04 03:49:25.022  1461  1608 D WM-GreedyScheduler: Ignoring {WorkSpec: 5e0a924a-98f8-4d1c-b169-89fa94ec2302}. Requires device idle.
07-04 03:49:25.023  1461  1608 D WM-BrdcstRcvrCnstrntTrc: BatteryNotLowTracker: unregistering receiver
07-04 03:49:25.096  1091  1307 D SatelliteController: iisInCarrierRoamingNbIotNtn: satellite is disabled
07-04 03:49:25.897   708  1565 W ActivityTaskManager: callingPackage for (uid=2000, pid=15858) has no WPC
07-04 03:49:25.898   708  1565 V GrammaticalInflectionUtils: AttributionSource: AttributionSource { uid = 10220, packageName = null, attributionTag = null, token = android.os.Binder@1f74874, deviceId = 0, next = null } does not have READ_SYSTEM_GRAMMATICAL_GENDER permission.
07-04 03:49:25.899   708  1565 W OptProp : Cannot read opt property android.window.PROPERTY_COMPAT_ALLOW_USER_ASPECT_RATIO_OVERRIDE
07-04 03:49:25.899   708  1565 W OptProp : Cannot read opt property android.window.PROPERTY_COMPAT_ALLOW_USER_ASPECT_RATIO_FULLSCREEN_OVERRIDE
07-04 03:49:25.899   708  1565 W OptProp : Cannot read opt property android.window.PROPERTY_COMPAT_ALLOW_RESIZEABLE_ACTIVITY_OVERRIDES
07-04 03:49:25.899   708  1565 W OptProp : Cannot read opt property android.window.PROPERTY_COMPAT_ALLOW_MIN_ASPECT_RATIO_OVERRIDE
07-04 03:49:25.902   962 10514 D KeyguardService: setOccluded(false)
07-04 03:49:25.903   962 10514 D KeyguardViewMediator: setOccluded(false)
07-04 03:49:25.903   563   698 I BpBinder: onLastStrongRef automatically unlinking death recipients:
07-04 03:49:25.903   962   962 D KeyguardViewMediator: handleSetOccluded(false)
07-04 03:49:25.904   962   962 D KeyguardViewMediator: KeyguardViewMediator queue processing message: SET_OCCLUDED
07-04 03:49:25.904   708  1565 I ActivityTaskManager: START u0 {act=android.intent.action.VIEW dat=danio://qa/... flg=0x10000000 xflg=0x4 pkg=com.tiarnanlarkin.danio cmp=com.tiarnanlarkin.danio/.MainActivity} with LAUNCH_SINGLE_TOP from uid 2000 (BAL_ALLOW_PERMISSION) result code=3
07-04 03:49:25.906 14660 14717 D SessionLifecycleClient: Sending lifecycle 2 to service
07-04 03:49:25.907   962  1022 D WindowManagerShell: onActivityRestartAttempt: topActivity=ComponentInfo{com.tiarnanlarkin.danio/com.tiarnanlarkin.danio.MainActivity}, wasVisible=true
07-04 03:49:25.907 14660 14720 D SessionLifecycleService: Activity backgrounding at 10930609
07-04 03:49:25.909 14660 14660 I flutter : [QA] Deep link: danio://qa/equipment-guide
07-04 03:49:25.914 14660 14715 D SessionLifecycleClient: Sending lifecycle 1 to service
07-04 03:49:25.914 14660 14720 D SessionLifecycleService: Activity foregrounding at 10930617.
07-04 03:49:27.871 15861 15861 W screencap: Thread Pool max thread count is 0. Cannot cache binder as linkToDeath cannot be implemented. serviceName: SurfaceFlingerAIDL
07-04 03:49:27.873 15861 15861 W BpBinder: Linking to death on android.gui.ISurfaceComposer but there are no threads (yet?) listening to incoming transactions. See ProcessState::startThreadPool and ProcessState::setThreadPoolMaxThreadCount. Generally you should setup the binder threadpool before other initialization steps.
07-04 03:49:27.873 15861 15861 W ProcessState: Extra binder thread started, but 0 threads requested. Do not use *startThreadPool when zero threads are requested.
07-04 03:49:27.899   563   698 E HwcComposer: getLuts failed Status(-8, EX_SERVICE_SPECIFIC): '8: '
07-04 03:49:27.900   563   698 E HWComposer: getLuts: getLuts failed for display 4619827259835644672: UNSUPPORTED (8)
07-04 03:49:27.893     0     0 I servicemanager: Caller(pid=15861,uid=2000,sid=u:r:shell:s0) Found android.hardware.graphics.allocator.IAllocator/default in device VINTF manifest.
07-04 03:49:27.912   708   863 D WifiClientModeImpl[26229:wlan0]: updateLinkLayerStatsRssiSpeedFrequencyCapabilities rssi=-50 TxLinkspeed=1 freq=2447 RxLinkSpeed=2
07-04 03:49:27.912   708   863 D WifiDataStall: tx tput in kbps: 11000
07-04 03:49:27.912   708   863 D WifiDataStall: rx tput in kbps: 11000
07-04 03:49:27.912   708   863 V WifiConfigManager: Updating scan detail cache freq=2447 BSSID=00:13:10:85:fe:01 RSSI=-50 for "AndroidWifi"NONE
07-04 03:49:27.912   708   863 D WifiThroughputPredictor:  utilization (LLS) 80 isBluetoothConnected: false final utilization: 80
07-04 03:49:27.912   708   863 D WifiThroughputPredictor:  BW: 0 RSSI: -50 Nss: 1 Mode: 1 symDur: 4000 snrDb 30 bitPerTone: 4500 rate: 54 throughput: 11
07-04 03:49:27.912   708   863 D WifiThroughputPredictor:  utilization (LLS) 80 isBluetoothConnected: false final utilization: 80
07-04 03:49:27.912   708   863 D WifiThroughputPredictor:  BW: 0 RSSI: -50 Nss: 1 Mode: 1 symDur: 4000 snrDb 30 bitPerTone: 4500 rate: 54 throughput: 11
07-04 03:49:27.912   708   863 D WifiThroughputPredictor:  utilization (LLS) 80 isBluetoothConnected: false final utilization: 80
07-04 03:49:27.912   708   863 D WifiThroughputPredictor:  BW: 0 RSSI: -50 Nss: 1 Mode: 1 symDur: 4000 snrDb 30 bitPerTone: 4500 rate: 54 throughput: 11
07-04 03:49:27.912   708   863 D WifiThroughputPredictor:  utilization (LLS) 80 isBluetoothConnected: false final utilization: 80
07-04 03:49:27.912   708   863 D WifiThroughputPredictor:  BW: 0 RSSI: -50 Nss: 1 Mode: 1 symDur: 4000 snrDb 30 bitPerTone: 4500 rate: 54 throughput: 11
07-04 03:49:27.913   708   863 D WifiScoreCard: BSSID update SIGNAL_POLL ID: 52320190 SSID: "AndroidWifi", BSSID: 00:13:10:85:fe:01, MAC: 02:15:b2:00:00:00, IP: /10.0.2.16, Security type: 0, Supplicant state: COMPLETED, Wi-Fi standard: legacy, RSSI: -50, Link speed: 1Mbps, Tx Link speed: 1Mbps, Max Supported Tx Link speed: 11Mbps, Rx Link speed: 2Mbps, Max Supported Rx Link speed: 11Mbps, Frequency: 2447MHz, Net ID: 0, Metered hint: false, score: 60, isUsable: true, CarrierMerged: false, SubscriptionId: -1, IsPrimary: 1, Trusted: true, Restricted: false, Ephemeral: false, OEM paid: false, OEM private: false, OSU AP: false, FQDN: <none>, Provider friendly name: <none>, Requesting package name: <none>"AndroidWifi"openMLO Information: , Is TID-To-Link negotiation supported by the AP: false, AP MLD Address: <none>, AP MLO Link Id: <none>, AP MLO Affiliated links: <none>, Vendor Data: <none>
07-04 03:49:27.913   708   863 D WifiScoreCard: txRate: 1 txSpeed: 1
07-04 03:49:27.913   708   863 D WifiScoreCard: network update SIGNAL_POLL "AndroidWifi" ID: 843735694 RSSI -50 txSpeed -1
07-04 03:49:27.913   708   863 D WifiClientModeImpl[26229:wlan0]:  ClientModeImpl$L2ConnectedState screen=on 5 0 "AndroidWifi" 00:13:10:85:fe:01 rssi=-50 f=2447 sc=60 link=1 tx=0.0, 0.0, 0.0 rx=0.0 bcn=0 [on:0 tx:0 rx:0 period:3005] from screen [on:0 period:721940073] score=60
07-04 03:49:27.897     0     0 I servicemanager: Caller(pid=15861,uid=2000,sid=u:r:shell:s0) Found android.hardware.graphics.allocator.IAllocator/default in device VINTF manifest.
07-04 03:49:27.899     0     0 I servicemanager: Caller(pid=15861,uid=2000,sid=u:r:shell:s0) Found mapper/ranchu in device VINTF manifest.
07-04 03:49:27.978  1461  1724 W MediaProvider: isAppCloneUserPair for user 0: false
07-04 03:49:28.086   708  1565 I ActivityManager: Broadcasting: Intent { act=android.intent.action.MEDIA_SCANNER_SCAN_FILE dat=file:///... flg=0x400000 }
07-04 03:49:28.087   708  1565 I ActivityManager: Enqueued broadcast Intent { act=android.intent.action.MEDIA_SCANNER_SCAN_FILE dat=file:///... flg=0x400000 }: 0
07-04 03:49:28.088   708  1846 W JobInfo : Job 'com.google.android.providers.media.module/com.android.providers.media.MediaService#-300' has a deadline with no functional constraints. The deadline won't improve job execution latency. Consider removing the deadline.
07-04 03:49:28.091   708   736 I ActivityManager: Broadcast completed: result=0
07-04 03:49:28.094  1461  1961 I MediaProvider: Begin Intent { act=android.intent.action.MEDIA_SCANNER_SCAN_FILE dat=file:///... flg=0x1400010 cmp=com.google.android.providers.media.module/com.android.providers.media.MediaService }
07-04 03:49:28.100  1461  1961 I MediaProvider: End Intent { act=android.intent.action.MEDIA_SCANNER_SCAN_FILE dat=file:///... flg=0x1400010 cmp=com.google.android.providers.media.module/com.android.providers.media.MediaService }
07-04 03:49:28.112  1461  1666 D WM-SystemJobScheduler: Scheduling work ID 3361c480-6d1a-4f68-a010-33d454831554Job ID 88
07-04 03:49:28.114  1461  1666 D WM-GreedyScheduler: Ignoring {WorkSpec: 4ab35118-0008-4e0e-9667-4896f94f6ee7}. Requires device idle.
07-04 03:49:28.114  1461  1666 D WM-GreedyScheduler: Ignoring {WorkSpec: 5e0a924a-98f8-4d1c-b169-89fa94ec2302}. Requires device idle.
07-04 03:49:28.268  1461  1726 W MediaProvider: Ignoring param:deletedata post U for external apps
07-04 03:49:28.282  1461  1726 I MediaProvider: Deleted 0 1 0 0 0 0 0 items on external_primary due to com.android.shell
07-04 03:49:28.413 15873 15873 D AndroidRuntime: >>>>>> START com.android.internal.os.RuntimeInit uid 2000 <<<<<<
07-04 03:49:28.421 15873 15873 I AndroidRuntime: Using default boot image
07-04 03:49:28.422 15873 15873 I AndroidRuntime: Leaving lock profiling enabled
07-04 03:49:28.423 15873 15873 I app_process: Core platform API reporting enabled, enforcing=false
07-04 03:49:28.423 15873 15873 I app_process: Using CollectorTypeCMC GC.
07-04 03:49:28.504 15873 15873 D nativeloader: InitDefaultPublicLibraries for_preload=1: libandroid.so:libaaudio.so:libamidi.so:libbinder_ndk.so:libc.so:libcamera2ndk.so:libdl.so:libEGL.so:libGLESv1_CM.so:libGLESv2.so:libGLESv3.so:libicu.so:libicui18n.so:libicuuc.so:libjnigraphics.so:liblog.so:libmediandk.so:libm.so:libnativehelper.so:libnativewindow.so:libOpenMAXAL.so:libOpenSLES.so:libRS.so:libstdc++.so:libsync.so:libvulkan.so:libwebviewchromium_plat_support.so:libz.so
07-04 03:49:28.511 15873 15873 D nativeloader: Load libicu_jni.so using APEX ns com_android_art for caller /apex/com.android.art/javalib/core-oj.jar: ok
07-04 03:49:28.511 15873 15873 D app_process: u_setTimeZoneFilesDirectory("/apex/com.android.tzdata/etc/tz/versioned/9/icu") succeeded.
07-04 03:49:28.511 15873 15873 D app_process: I18n APEX ICU file found: /apex/com.android.i18n/etc/icu/icudt76l.dat
07-04 03:49:28.512 15873 15873 D nativeloader: Load libjavacore.so using APEX ns com_android_art for caller /apex/com.android.art/javalib/core-oj.jar: ok
07-04 03:49:28.512 15873 15873 D nativeloader: Load libopenjdk.so using APEX ns com_android_art for caller /apex/com.android.art/javalib/core-oj.jar: ok
07-04 03:49:28.514 15873 15873 W app_process: Unexpected CPU variant for x86: x86_64.
07-04 03:49:28.514 15873 15873 W app_process: Known variants: atom, sandybridge, silvermont, goldmont, goldmont-plus, goldmont-without-sha-xsaves, tremont, kabylake, alderlake, default
07-04 03:49:28.515 15873 15873 W app_process: ClassLoaderContext shared library size mismatch. Expected=2, found=0 (PCL[]{PCL[/system/framework/android.test.base.jar*2789897741]#PCL[/system/framework/android.test.mock.jar*3361312393]} | PCL[])
07-04 03:49:28.515 15873 15873 W app_process: ClassLoaderContext classpath size mismatch. expected=0, found=1 (PCL[]{PCL[/system/framework/android.test.runner.jar*895143020]#PCL[/system/framework/android.test.base.jar*2789897741]} | PCL[/system/framework/android.test.runner.jar*895143020])
07-04 03:49:28.536 15873 15873 D nativeloader: Load libframework-connectivity-tiramisu-jni.so using APEX ns com_android_tethering for caller /apex/com.android.tethering/javalib/framework-connectivity-t.jar: ok
07-04 03:49:28.536 15873 15873 D AndroidRuntime: Calling main entry com.android.commands.uiautomator.Launcher
07-04 03:49:28.541 15873 15873 I AconfigPackage: android.media.swcodec.flags is mapped to com.android.media.swcodec
07-04 03:49:28.541 15873 15873 I AconfigPackage: com.google.android.settings.simplemode.flags is mapped to system_ext
07-04 03:49:28.541 15873 15873 I AconfigPackage: com.google.android.systemui is mapped to system_ext
07-04 03:49:28.541 15873 15873 I AconfigPackage: com.google.android.apps.nexuslauncher is mapped to system_ext
07-04 03:49:28.541 15873 15873 I AconfigPackage: com.android.settings.accessibility is mapped to system_ext
07-04 03:49:28.541 15873 15873 I AconfigPackage: com.android.settings.flags is mapped to system_ext
07-04 03:49:28.541 15873 15873 I AconfigPackage: com.google.android.apps.miphone.aiai.matchmaker.overview.ui is mapped to system_ext
07-04 03:49:28.541 15873 15873 I AconfigPackage: com.google.android.settings.flags is mapped to system_ext
07-04 03:49:28.541 15873 15873 I AconfigPackage: com.android.launcher3 is mapped to system_ext
07-04 03:49:28.541 15873 15873 I AconfigPackage: com.android.wallpaper is mapped to system_ext
07-04 03:49:28.541 15873 15873 I AconfigPackage: com.android.settings.media_drm is mapped to system_ext
07-04 03:49:28.541 15873 15873 I AconfigPackage: com.android.systemui.accessibility.accessibilitymenu is mapped to system_ext
07-04 03:49:28.541 15873 15873 I AconfigPackage: com.android.settings.keyboard is mapped to system_ext
07-04 03:49:28.541 15873 15873 I AconfigPackage: com.android.server.policy.feature.flags is mapped to system_ext
07-04 03:49:28.541 15873 15873 I AconfigPackage: com.android.settings.factory_reset is mapped to system_ext
07-04 03:49:28.541 15873 15873 I AconfigPackage: com.google.android.haptics.flags is mapped to system_ext
07-04 03:49:28.541 15873 15873 I AconfigPackage: com.android.permission.flags is mapped to com.android.permission
07-04 03:49:28.541 15873 15873 I AconfigPackage: com.android.icu is mapped to com.android.i18n
07-04 03:49:28.541 15873 15873 I AconfigPackage: com.android.appsearch.flags is mapped to com.android.appsearch
07-04 03:49:28.542 15873 15873 I AconfigPackage: android.uprobestats.mainline.flags is mapped to com.android.uprobestats
07-04 03:49:28.542 15873 15873 I AconfigPackage: android.provider.flags is mapped to com.android.configinfrastructure
07-04 03:49:28.542 15873 15873 I AconfigPackage: com.android.server.deviceconfig is mapped to com.android.configinfrastructure
07-04 03:49:28.542 15873 15873 I AconfigPackage: com.android.nfc.flags is mapped to system
07-04 03:49:28.542 15873 15873 I AconfigPackage: android.app.admin.flags is mapped to system
07-04 03:49:28.542 15873 15873 I AconfigPackage: android.database.sqlite is mapped to system
07-04 03:49:28.542 15873 15873 I AconfigPackage: com.android.providers.calendar is mapped to system
07-04 03:49:28.542 15873 15873 I AconfigPackage: com.android.server.power.feature.flags is mapped to system
07-04 03:49:28.542 15873 15873 I AconfigPackage: com.android.media.performance.flags is mapped to system
07-04 03:49:28.542 15873 15873 I AconfigPackage: android.app.contextualsearch.flags is mapped to system
07-04 03:49:28.542 15873 15873 I AconfigPackage: android.app.ondeviceintelligence.flags is mapped to system
07-04 03:49:28.542 15873 15873 I AconfigPackage: com.android.media.projection.flags is mapped to system
07-04 03:49:28.542 15873 15873 I AconfigPackage: android.companion is mapped to system
07-04 03:49:28.542 15873 15873 I AconfigPackage: android.service.controls.flags is mapped to system
07-04 03:49:28.542 15873 15873 I AconfigPackage: com.android.text.flags is mapped to system
07-04 03:49:28.542 15873 15873 I AconfigPackage: com.android.providers.contactkeys.flags is mapped to system
07-04 03:49:28.542 15873 15873 I AconfigPackage: com.android.intentresolver is mapped to system
07-04 03:49:28.542 15873 15873 I AconfigPackage: android.companion.virtualdevice.flags is mapped to system
07-04 03:49:28.542 15873 15873 I AconfigPackage: android.uprobestats.flags is mapped to system
07-04 03:49:28.543 15873 15873 I AconfigPackage: com.android.net.thread.platform.flags is mapped to system
07-04 03:49:28.543 15873 15873 I AconfigPackage: android.view.contentprotection.flags is mapped to system
07-04 03:49:28.543 15873 15873 I AconfigPackage: com.android.server.dreams is mapped to system
07-04 03:49:28.543 15873 15873 I AconfigPackage: com.android.graphics.surfaceflinger.flags is mapped to system
07-04 03:49:28.543 15873 15873 I AconfigPackage: com.android.hardware.input is mapped to system
07-04 03:49:28.543 15873 15873 I AconfigPackage: android.sdk is mapped to system
07-04 03:49:28.543 15873 15873 I AconfigPackage: com.android.input.flags is mapped to system
07-04 03:49:28.543 15873 15873 I AconfigPackage: android.tracing is mapped to system
07-04 03:49:28.543 15873 15873 I AconfigPackage: com.android.server.biometrics is mapped to system
07-04 03:49:28.543 15873 15873 I AconfigPackage: android.view.contentcapture.flags is mapped to system
07-04 03:49:28.543 15873 15873 I AconfigPackage: android.app.job is mapped to system
07-04 03:49:28.543 15873 15873 I AconfigPackage: android.content.res is mapped to system
07-04 03:49:28.543 15873 15873 I AconfigPackage: android.net.platform.flags is mapped to system
07-04 03:49:28.543 15873 15873 I AconfigPackage: com.android.aconfig.flags is mapped to system
07-04 03:49:28.543 15873 15873 I AconfigPackage: com.android.graphics.flags is mapped to system
07-04 03:49:28.543 15873 15873 I AconfigPackage: android.server.app is mapped to system
07-04 03:49:28.543 15873 15873 I AconfigPackage: android.speech.flags is mapped to system
07-04 03:49:28.543 15873 15873 I AconfigPackage: com.android.server.stats is mapped to system
07-04 03:49:28.543 15873 15873 I AconfigPackage: android.hardware.biometrics is mapped to system
07-04 03:49:28.543 15873 15873 I AconfigPackage: android.car.feature is mapped to system
07-04 03:49:28.543 15873 15873 I AconfigPackage: android.adpf is mapped to system
07-04 03:49:28.543 15873 15873 I AconfigPackage: android.location.flags is mapped to system
07-04 03:49:28.543 15873 15873 I AconfigPackage: com.android.settingslib.flags is mapped to system
07-04 03:49:28.543 15873 15873 I AconfigPackage: com.android.managedprovisioning.flags is mapped to system
07-04 03:49:28.543 15873 15873 I AconfigPackage: android.app.assist.flags is mapped to system
07-04 03:49:28.543 15873 15873 I AconfigPackage: com.android.server.net is mapped to system
07-04 03:49:28.543 15873 15873 I AconfigPackage: com.android.settingslib.widget.flags is mapped to system
07-04 03:49:28.543 15873 15873 I AconfigPackage: com.android.internal.camera.flags is mapped to system
07-04 03:49:28.543 15873 15873 I AconfigPackage: com.android.hardware.libsensor.flags is mapped to system
07-04 03:49:28.543 15873 15873 I AconfigPackage: com.android.internal.jank is mapped to system
07-04 03:49:28.543 15873 15873 I AconfigPackage: com.android.providers.settings is mapped to system
07-04 03:49:28.543 15873 15873 I AconfigPackage: android.multiuser is mapped to system
07-04 03:49:28.543 15873 15873 I AconfigPackage: com.android.server.power.optimization is mapped to system
07-04 03:49:28.543 15873 15873 I AconfigPackage: com.android.calllogbackup is mapped to system
07-04 03:49:28.543 15873 15873 I AconfigPackage: com.android.media.flags is mapped to system
07-04 03:49:28.543 15873 15873 I AconfigPackage: com.android.server.flags is mapped to system
07-04 03:49:28.543 15873 15873 I AconfigPackage: com.android.graphics.libvulkan.flags is mapped to system
07-04 03:49:28.543 15873 15873 I AconfigPackage: android.app.appfunctions.flags is mapped to system
07-04 03:49:28.543 15873 15873 I AconfigPackage: android.app.smartspace.flags is mapped to system
07-04 03:49:28.543 15873 15873 I AconfigPackage: com.android.providers.contacts.flags is mapped to system
07-04 03:49:28.543 15873 15873 I AconfigPackage: com.android.shell.flags is mapped to system
07-04 03:49:28.543 15873 15873 I AconfigPackage: com.android.media.aaudio is mapped to system
07-04 03:49:28.543 15873 15873 I AconfigPackage: android.hardware.radio is mapped to system
07-04 03:49:28.543 15873 15873 I AconfigPackage: com.google.wear.services.infra.flags is mapped to system
07-04 03:49:28.543 15873 15873 I AconfigPackage: suspend_service.flags is mapped to system
07-04 03:49:28.543 15873 15873 I AconfigPackage: android.media.midi is mapped to system
07-04 03:49:28.543 15873 15873 I AconfigPackage: com.android.libcore.readonly is mapped to system
07-04 03:49:28.543 15873 15873 I AconfigPackage: com.android.settingslib.widget.selectorwithwidgetpreference.flags is mapped to system
07-04 03:49:28.543 15873 15873 I AconfigPackage: android.service.notification is mapped to system
07-04 03:49:28.543 15873 15873 I AconfigPackage: com.android.systemui.shared is mapped to system
07-04 03:49:28.543 15873 15873 I AconfigPackage: android.app.jank is mapped to system
07-04 03:49:28.543 15873 15873 I AconfigPackage: android.app.wearable is mapped to system
07-04 03:49:28.543 15873 15873 I AconfigPackage: com.android.media.audio is mapped to system
07-04 03:49:28.543 15873 15873 I AconfigPackage: android.service.chooser is mapped to system
07-04 03:49:28.543 15873 15873 I AconfigPackage: com.android.server.compat is mapped to system
07-04 03:49:28.543 15873 15873 I AconfigPackage: com.android.server.alarm is mapped to system
07-04 03:49:28.543 15873 15873 I AconfigPackage: com.android.apex.flags is mapped to system
07-04 03:49:28.543 15873 15873 I AconfigPackage: android.service.quickaccesswallet is mapped to system
07-04 03:49:28.543 15873 15873 I AconfigPackage: android.app.usage is mapped to system
07-04 03:49:28.543 15873 15873 I AconfigPackage: com.android.server.accessibility is mapped to system
07-04 03:49:28.543 15873 15873 I AconfigPackage: android.app.supervision.flags is mapped to system
07-04 03:49:28.543 15873 15873 I AconfigPackage: com.android.server.utils is mapped to system
07-04 03:49:28.543 15873 15873 I AconfigPackage: android.chre.flags is mapped to system
07-04 03:49:28.543 15873 15873 I AconfigPackage: android.content.flags is mapped to system
07-04 03:49:28.543 15873 15873 I AconfigPackage: android.media.codec is mapped to system
07-04 03:49:28.543 15873 15873 I AconfigPackage: com.android.internal.os is mapped to system
07-04 03:49:28.543 15873 15873 I AconfigPackage: com.android.nfc.nci.flags is mapped to system
07-04 03:49:28.544 15873 15873 I AconfigPackage: android.app is mapped to system
07-04 03:49:28.544 15873 15873 I AconfigPackage: android.security.keystore2 is mapped to system
07-04 03:49:28.544 15873 15873 I AconfigPackage: android.crashrecovery.flags is mapped to system
07-04 03:49:28.544 15873 15873 I AconfigPackage: com.android.tradeinmode.flags is mapped to system
07-04 03:49:28.544 15873 15873 I AconfigPackage: android.hardware.flags is mapped to system
07-04 03:49:28.544 15873 15873 I AconfigPackage: com.android.server.telecom.flags is mapped to system
07-04 03:49:28.544 15873 15873 I AconfigPackage: com.android.settingslib.media.flags is mapped to system
07-04 03:49:28.544 15873 15873 I AconfigPackage: com.android.server.policy is mapped to system
07-04 03:49:28.544 15873 15873 I AconfigPackage: android.media.audiopolicy is mapped to system
07-04 03:49:28.544 15873 15873 I AconfigPackage: com.android.egg.flags is mapped to system
07-04 03:49:28.544 15873 15873 I AconfigPackage: com.android.internal.compat.flags is mapped to system
07-04 03:49:28.544 15873 15873 I AconfigPackage: android.security is mapped to system
07-04 03:49:28.544 15873 15873 I AconfigPackage: android.service.autofill is mapped to system
07-04 03:49:28.544 15873 15873 I AconfigPackage: com.example.android.aconfig.demo.flags is mapped to system
07-04 03:49:28.544 15873 15873 I AconfigPackage: android.view.flags is mapped to system
07-04 03:49:28.544 15873 15873 I AconfigPackage: android.companion.virtual.flags is mapped to system
07-04 03:49:28.544 15873 15873 I AconfigPackage: com.android.aconfig_new_storage is mapped to system
07-04 03:49:28.544 15873 15873 I AconfigPackage: com.android.server.feature.flags is mapped to system
07-04 03:49:28.544 15873 15873 I AconfigPackage: com.android.systemui is mapped to system
07-04 03:49:28.544 15873 15873 I AconfigPackage: com.android.server.power.batterysaver is mapped to system
07-04 03:49:28.544 15873 15873 I AconfigPackage: android.widget.flags is mapped to system
07-04 03:49:28.544 15873 15873 I AconfigPackage: com.android.media.editing.flags is mapped to system
07-04 03:49:28.544 15873 15873 I AconfigPackage: com.android.media.codec.flags is mapped to system
07-04 03:49:28.544 15873 15873 I AconfigPackage: com.android.server.powerstats is mapped to system
07-04 03:49:28.544 15873 15873 I AconfigPackage: com.android.graphics.egl.flags is mapped to system
07-04 03:49:28.544 15873 15873 I AconfigPackage: com.android.media.audioserver is mapped to system
07-04 03:49:28.544 15873 15873 I AconfigPackage: com.android.server.deviceidle is mapped to system
07-04 03:49:28.544 15873 15873 I AconfigPackage: android.nfc is mapped to system
07-04 03:49:28.544 15873 15873 I AconfigPackage: android.permission.flags is mapped to system
07-04 03:49:28.544 15873 15873 I AconfigPackage: android.service.voice.flags is mapped to system
07-04 03:49:28.544 15873 15873 I AconfigPackage: android.content.pm is mapped to system
07-04 03:49:28.544 15873 15873 I AconfigPackage: com.android.server.power.hint is mapped to system
07-04 03:49:28.544 15873 15873 I AconfigPackage: android.os is mapped to system
07-04 03:49:28.544 15873 15873 I AconfigPackage: android.service.dreams is mapped to system
07-04 03:49:28.544 15873 15873 I AconfigPackage: com.android.graphics.libgui.flags is mapped to system
07-04 03:49:28.544 15873 15873 I AconfigPackage: android.hardware.usb.flags is mapped to system
07-04 03:49:28.544 15873 15873 I AconfigPackage: android.provider is mapped to system
07-04 03:49:28.544 15873 15873 I AconfigPackage: com.android.server.job is mapped to system
07-04 03:49:28.544 15873 15873 I AconfigPackage: com.android.internal.foldables.flags is mapped to system
07-04 03:49:28.544 15873 15873 I AconfigPackage: com.android.internal.telephony.flags is mapped to system
07-04 03:49:28.544 15873 15873 I AconfigPackage: android.webkit is mapped to system
07-04 03:49:28.544 15873 15873 I AconfigPackage: android.credentials.flags is mapped to system
07-04 03:49:28.544 15873 15873 I AconfigPackage: com.android.server.display.feature.flags is mapped to system
07-04 03:49:28.544 15873 15873 I AconfigPackage: com.android.server.notification is mapped to system
07-04 03:49:28.544 15873 15873 I AconfigPackage: android.appwidget.flags is mapped to system
07-04 03:49:28.544 15873 15873 I AconfigPackage: com.android.frameworks.sensorservice.flags is mapped to system
