07-04 04:38:08.847   962  1022 V WindowManagerShell: Transition requested (#165): android.os.BinderProxy@1bb1e89 TransitionRequestInfo { type = CLOSE, triggerTask = TaskInfo{userId=0 taskId=104 effectiveUid=10220 displayId=0 isRunning=false baseIntent=Intent { act=android.intent.action.VIEW dat=danio://qa/... flg=0x10000000 pkg=com.tiarnanlarkin.danio cmp=com.tiarnanlarkin.danio/.MainActivity } baseActivity=null topActivity=null origActivity=null realActivity=ComponentInfo{com.tiarnanlarkin.danio/com.tiarnanlarkin.danio.MainActivity} numActivities=0 lastActiveTime=13842607 supportsMultiWindow=true resizeMode=1 isResizeable=true minWidth=-1 minHeight=-1 defaultMinSize=220 token=WCT{android.window.IWindowContainerToken$Stub$Proxy@6efee8e} topActivityType=1 pictureInPictureParams=null shouldDockBigOverlays=false launchIntoPipHostTaskId=-1 lastParentTaskIdBeforePip=-1 displayCutoutSafeInsets=Rect(0, 0 - 0, 0) topActivityInfo=null launchCookies=[] positionInParent=Point(0, 0) parentTaskId=-1 isFocused=true isVisible=true isVisibleRequested=true isTopActivityNoDisplay=false isSleeping=false locusId=null displayAreaFeatureId=1 isTopActivityTransparent=false isActivityStackTransparent=true lastNonFullscreenBounds=Rect(276, 696 - 805, 1776) capturedLink=null capturedLinkTimestamp=0 requestedVisibleTypes=-9 topActivityRequestOpenInBrowserEducationTimestamp=0 appCompatTaskInfo=AppCompatTaskInfo { topActivityInSizeCompat=false eligibleForLetterboxEducation= false isLetterboxEducationEnabled= false isLetterboxDoubleTapEnabled= false eligibleForUserAspectRatioButton= false topActivityBoundsLetterboxed= false isFromLetterboxDoubleTap= false topActivityLetterboxVerticalPosition= -1 topActivityLetterboxHorizontalPosition= -1 topActivityLetterboxWidth=-1 topActivityLetterboxHeight=-1 topActivityAppBounds=Rect(0, 0 - 0, 0) isUserFullscreenOverrideEnabled=false isSystemFullscreenOverrideEnabled=false hasMinAspectRatioOverride=false topActivityLetterboxBounds=null cameraCompatTaskInfo=CameraCompatTaskInfo { freeformCameraCompatMode=undefined}} topActivityMainWindowFrame=null}, pipChange = null, remoteTransition = null, displayChange = null, flags = 0, debugId = 165 }
07-04 04:38:08.854   487   525 I netd    : tetherGetStats() -> {[]} <0.51ms>
07-04 04:38:08.856   708   920 D BackgroundInstallControlService: Package event received: 0
07-04 04:38:08.860   563   611 W IPCThreadState: Sending oneway calls to frozen process.
07-04 04:38:08.863  1096  1096 D ViewRootImpl: Skipping stats log for color mode
07-04 04:38:08.863   708   920 D BackgroundInstallControlService: Package event received: 0
07-04 04:38:08.863   708   920 D BackgroundInstallControlService: Package event received: 0
07-04 04:38:08.863  1096  1096 D StatsLog: LAUNCHER_ONRESUME
07-04 04:38:08.864   708  1851 I AppWidgetServiceImpl: startListening() 0
07-04 04:38:08.864   708  1545 W IPCThreadState: Sending oneway calls to frozen process.
07-04 04:38:08.864   563   563 I BpBinder: onLastStrongRef automatically unlinking death recipients: 
07-04 04:38:08.865   708  1545 W IPCThreadState: Sending oneway calls to frozen process.
07-04 04:38:08.865  1096  1096 D NexusLauncherModelDelegate: notifySmartspaceEvent: SmartspaceTargetEvent{mSmartspaceTarget=null, mSmartspaceActionId='null', mEventType=6}
07-04 04:38:08.865   563   578 I BpBinder: onLastStrongRef automatically unlinking death recipients: 
07-04 04:38:08.866  1096  1145 D QuickstepModelDelegate: notifyAppTargetEvent action=1 launchLocation=workspace/0/[-1,-1]/[1,1]
07-04 04:38:08.866   962  1022 D WindowManagerShell: setLauncherKeepClearAreaHeight: visible=true, height=527
07-04 04:38:08.866   708  1545 W IPCThreadState: Sending oneway calls to frozen process.
07-04 04:38:08.867   708  1545 W IPCThreadState: Sending oneway calls to frozen process.
07-04 04:38:08.867   708  1545 W IPCThreadState: Sending oneway calls to frozen process.
07-04 04:38:08.867   708  1545 W IPCThreadState: Sending oneway calls to frozen process.
07-04 04:38:08.867   708  1545 W IPCThreadState: Sending oneway calls to frozen process.
07-04 04:38:08.867   708  1545 W IPCThreadState: Sending oneway calls to frozen process.
07-04 04:38:08.867   708  1545 W IPCThreadState: Sending oneway calls to frozen process.
07-04 04:38:08.867   708  1545 W IPCThreadState: Sending oneway calls to frozen process.
07-04 04:38:08.867   708  1545 W IPCThreadState: Sending oneway calls to frozen process.
07-04 04:38:08.867   708  1545 W IPCThreadState: Sending oneway calls to frozen process.
07-04 04:38:08.867   708  1545 W IPCThreadState: Sending oneway calls to frozen process.
07-04 04:38:08.867   708  1545 W IPCThreadState: Sending oneway calls to frozen process.
07-04 04:38:08.867   708  1545 W IPCThreadState: Sending oneway calls to frozen process.
07-04 04:38:08.867   708  1545 W IPCThreadState: Sending oneway calls to frozen process.
07-04 04:38:08.867   708  1545 W IPCThreadState: Sending oneway calls to frozen process.
07-04 04:38:08.867   708  1545 W IPCThreadState: Sending oneway calls to frozen process.
07-04 04:38:08.867   708  1561 I AppWidgetServiceImpl: startListening() 0
07-04 04:38:08.868   708  1545 W IPCThreadState: Sending oneway calls to frozen process.
07-04 04:38:08.868   708  1545 W IPCThreadState: Sending oneway calls to frozen process.
07-04 04:38:08.868   708  1545 W IPCThreadState: Sending oneway calls to frozen process.
07-04 04:38:08.868   708  1545 W IPCThreadState: Sending oneway calls to frozen process.
07-04 04:38:08.868   708  1545 W IPCThreadState: Sending oneway calls to frozen process.
07-04 04:38:08.868   708  1545 W IPCThreadState: Sending oneway calls to frozen process.
07-04 04:38:08.869   708  1545 W IPCThreadState: Sending oneway calls to frozen process.
07-04 04:38:08.869   708  1545 W IPCThreadState: Sending oneway calls to frozen process.
07-04 04:38:08.869   708  1545 W IPCThreadState: Sending oneway calls to frozen process.
07-04 04:38:08.869   708  1545 W IPCThreadState: Sending oneway calls to frozen process.
07-04 04:38:08.869   708  1545 W IPCThreadState: Sending oneway calls to frozen process.
07-04 04:38:08.869   708  1545 W IPCThreadState: Sending oneway calls to frozen process.
07-04 04:38:08.869   708  1545 W IPCThreadState: Sending oneway calls to frozen process.
07-04 04:38:08.869   708  1545 W IPCThreadState: Sending oneway calls to frozen process.
07-04 04:38:08.869   708  1545 W IPCThreadState: Sending oneway calls to frozen process.
07-04 04:38:08.869   708  1545 W IPCThreadState: Sending oneway calls to frozen process.
07-04 04:38:08.869   708  1545 W IPCThreadState: Sending oneway calls to frozen process.
07-04 04:38:08.869   708  1545 W IPCThreadState: Sending oneway calls to frozen process.
07-04 04:38:08.869   708  1545 W IPCThreadState: Sending oneway calls to frozen process.
07-04 04:38:08.869   708  1545 W IPCThreadState: Sending oneway calls to frozen process.
07-04 04:38:08.869   708  1545 W IPCThreadState: Sending oneway calls to frozen process.
07-04 04:38:08.869   708  1545 W IPCThreadState: Sending oneway calls to frozen process.
07-04 04:38:08.869   708  1545 W IPCThreadState: Sending oneway calls to frozen process.
07-04 04:38:08.854     0     0 I binder_alloc: 2547: pid 708 spamming oneway? 3509 buffers allocated for a total size of 473128
07-04 04:38:08.870   708  1545 I AppsFilter: interaction: PackageSetting{81f304a com.android.microdroid.empty_payload/10204} -> PackageSetting{9b32a16 com.tiarnanlarkin.danio/10220} BLOCKED
07-04 04:38:08.875  1096  1096 D BaseDepthController: setSurface:
07-04 04:38:08.875  1096  1096 D BaseDepthController: 	mWaitingOnSurfaceValidity: false
07-04 04:38:08.875  1096  1096 D BaseDepthController: 	mBaseSurface: Surface(name=com.google.android.apps.nexuslauncher/com.google.android.apps.nexuslauncher.NexusLauncherActivity)/@0x1234b86
07-04 04:38:08.876  1091  1091 D CarrierSvcBindHelper: onHandleForceStop: [com.tiarnanlarkin.danio]
07-04 04:38:08.877   708   898 I AppWidgetServiceImpl: Received broadcast: android.intent.action.PACKAGE_RESTARTED on user 0
07-04 04:38:08.879   708   898 I AppWidgetServiceImpl: Updating package stopped masked state for uid 10220 package com.tiarnanlarkin.danio isStopped true
07-04 04:38:08.880  1091  1091 D CarrierSvcBindHelper: No carrier app for: 0
07-04 04:38:08.898  1512  2024 I AiAiEcho: Predicting[0]:  [CONTEXT sampling_count=5 ]
07-04 04:38:08.898  1512  2024 I AiAiEcho: EchoTargets: 
07-04 04:38:08.898  1512  2024 I AiAiEcho: Filtered by AiAi flag check: 
07-04 04:38:08.898  1512  2024 I AiAiEcho: [CONTEXT ratelimit_period="10 SECONDS" ]
07-04 04:38:08.898  1512  2024 I AiAiEcho: #remoteViewsTwiddler: feature disabled.
07-04 04:38:08.899   708   822 W InputDispatcher: channel 'fc3e10b com.tiarnanlarkin.danio/com.tiarnanlarkin.danio.MainActivity' ~ Consumer closed input channel or an error occurred.  events=0x9
07-04 04:38:08.899   708   822 E InputDispatcher: channel 'fc3e10b com.tiarnanlarkin.danio/com.tiarnanlarkin.danio.MainActivity' ~ Channel is unrecoverably broken and will be disposed!
07-04 04:38:08.899   708   822 I WindowManager: WINDOW DIED Window{fc3e10b u0 com.tiarnanlarkin.danio/com.tiarnanlarkin.danio.MainActivity}
07-04 04:38:08.900  1512  2024 I AiAiEcho: #postPredictionTargets: Sending updates to UISurface home with targets# 0 (types=[])
07-04 04:38:08.903   572   572 I adbd    : Remote process closed the socket (on MSG_PEEK)
07-04 04:38:08.904   708  1560 V ActivityManager: Got obituary of 20820:com.tiarnanlarkin.danio
07-04 04:38:08.905   708  1561 I WindowManager: WIN DEATH: Window{fc3e10b u0 com.tiarnanlarkin.danio/com.tiarnanlarkin.danio.MainActivity EXITING}
07-04 04:38:08.890     0     0 I binder  : undelivered transaction 6038953, process died.
07-04 04:38:08.891     0     0 I binder  : undelivered transaction 6038925, process died.
07-04 04:38:08.906   708   869 D ConnectivityService: releasing NetworkRequest [ REQUEST id=303, [ Capabilities: INTERNET&NOT_RESTRICTED&TRUSTED&NOT_VCN_MANAGED&NOT_BANDWIDTH_CONSTRAINED Uid: 10220 RequestorUid: 10220 RequestorPkg: com.tiarnanlarkin.danio UnderlyingNetworks: Null] ] (release request)
07-04 04:38:08.909   708   739 W ActivityManager: setHasOverlayUi called on unknown pid: 20820
07-04 04:38:08.909   708  1560 I ImeTracker: com.tiarnanlarkin.danio:d49c8bf9: onRequestHide at ORIGIN_SERVER reason HIDE_REMOVE_CLIENT fromUser false
07-04 04:38:08.909   708  1560 I ImeTracker: com.tiarnanlarkin.danio:d49c8bf9: onCancelled at PHASE_SERVER_SHOULD_HIDE
07-04 04:38:08.911   708   749 I libprocessgroup: Removed cgroup /sys/fs/cgroup/apps/uid_10220/pid_20820
07-04 04:38:08.913   490   490 I Zygote  : Process 20820 exited due to signal 9 (Killed)
07-04 04:38:08.914   708   740 W ActivityTaskManager: Unable to send transaction to client proc com.tiarnanlarkin.danio: no app thread
07-04 04:38:08.916   708   739 V WindowManager: Unknown focus tokens, dropping reportFocusChanged
07-04 04:38:09.037  1096  1096 I NotificationListener: Handling notification state refresh for android#0
07-04 04:38:09.039  1096  1096 D SsBaseTemplateCard: No text view can be set up
07-04 04:38:09.039  1096  1096 D SsBaseTemplateCard: Passed-in item info is null
07-04 04:38:09.039  1096  1096 D SsBaseTemplateCard: Passed-in item info is null
07-04 04:38:09.039  1096  1096 D SsBaseTemplateCard: Passed-in item info is null
07-04 04:38:09.039  1096  1096 I SsBaseTemplateCard: Secondary card pane is null
07-04 04:38:09.041   962   974 V WindowManagerShell: onTransitionReady(transaction=3040836860238)
07-04 04:38:09.042   962  1022 V WindowManagerShell: onTransitionReady (#165) android.os.BinderProxy@1bb1e89: {id=165 t=CLOSE f=0x0 trk=0 r=[0@Point(0, 0)] c=[
07-04 04:38:09.042   962  1022 V WindowManagerShell:         {m=TO_FRONT f=SHOW_WALLPAPER|MOVE_TO_TOP leash=Surface(name=Task=1)/@0x3a25abc sb=Rect(0, 0 - 1080, 2400) eb=Rect(0, 0 - 1080, 2400) epz=Point(1080, 2400) d=0 taskParent=-1},
07-04 04:38:09.042   962  1022 V WindowManagerShell:         {m=CLOSE f=NONE leash=Surface(name=Task=104)/@0xd2e1a45 sb=Rect(0, 0 - 1080, 2400) eb=Rect(0, 0 - 1080, 2400) epz=Point(1080, 2400) d=0 taskParent=-1},
07-04 04:38:09.042   962  1022 V WindowManagerShell:         {m=TO_FRONT f=IS_WALLPAPER leash=Surface(name=WallpaperWindowToken{d6dfc9a showWhenLocked=false})/@0xf00659a sb=Rect(0, 0 - 1080, 2400) eb=Rect(0, 0 - 1080, 2400) epz=Point(1080, 2400) d=0}
07-04 04:38:09.042   962  1022 V WindowManagerShell:     ]}
07-04 04:38:09.042   962  1022 V WindowManagerShell: Playing animation for (#165) android.os.BinderProxy@1bb1e89@0
07-04 04:38:09.042   962  1022 V ShellRecents: RecentsTransitionHandler.startAnimation: no controller found
07-04 04:38:09.042   962  1022 V WindowManagerShell: Transition doesn't have explicit remote, search filters for match for {id=165 t=CLOSE f=0x0 trk=0 r=[0@Point(0, 0)] c=[{m=TO_FRONT f=SHOW_WALLPAPER|MOVE_TO_TOP leash=Surface(name=Task=1)/@0x3a25abc sb=Rect(0, 0 - 1080, 2400) eb=Rect(0, 0 - 1080, 2400) epz=Point(1080, 2400) d=0 taskParent=-1},{m=CLOSE f=NONE leash=Surface(name=Task=104)/@0xd2e1a45 sb=Rect(0, 0 - 1080, 2400) eb=Rect(0, 0 - 1080, 2400) epz=Point(1080, 2400) d=0 taskParent=-1},{m=TO_FRONT f=IS_WALLPAPER leash=Surface(name=WallpaperWindowToken{d6dfc9a showWhenLocked=false})/@0xf00659a sb=Rect(0, 0 - 1080, 2400) eb=Rect(0, 0 - 1080, 2400) epz=Point(1080, 2400) d=0}]}
07-04 04:38:09.043   962  1022 V WindowManagerShell:  Checking filter Pair{{types=[] flags=0x0] notFlags=0x0 checks=[{atype=undefined independent=true modes=[CLOSE,TO_BACK] flags=IN_TASK_WITH_EMBEDDED_ACTIVITY mustBeTask=false order=ANY topActivity=null launchCookie=null taskFragmentToken=android.os.BinderProxy@2412495 windowingMode=undefined}]} RemoteTransition { remoteTransition = android.window.IRemoteTransition$Stub$Proxy@f2029aa, appThread = android.app.IApplicationThread$Stub$Proxy@dfb99b, debugName = overlayBackTransition }}
07-04 04:38:09.043   962  1022 V WindowManagerShell:  Checking filter Pair{{types=[] flags=0x0] notFlags=0x0 checks=[{atype=dream independent=true modes=[OPEN,TO_FRONT] flags=NONE mustBeTask=false order=ANY topActivity=null launchCookie=null windowingMode=undefined},{atype=home independent=true modes=[CLOSE,TO_BACK] flags=NONE mustBeTask=false order=ANY topActivity=null launchCookie=null windowingMode=undefined}]} RemoteTransition { remoteTransition = android.window.IRemoteTransition$Stub$Proxy@2b17138, appThread = android.app.IApplicationThread$Stub$Proxy@f5c7511, debugName = LauncherToDream }}
07-04 04:38:09.043   962  1022 V WindowManagerShell:  Checking filter Pair{{types=[] flags=0x0] notFlags=0x100 checks=[{atype=home independent=true modes=[OPEN,TO_FRONT] flags=NONE mustBeTask=false order=TOP topActivity=ComponentInfo{com.google.android.apps.nexuslauncher/com.google.android.apps.nexuslauncher.NexusLauncherActivity} launchCookie=null windowingMode=undefined},{atype=standard independent=true modes=[CLOSE,TO_BACK] flags=NONE mustBeTask=false order=ANY topActivity=null launchCookie=null windowingMode=undefined},{NOT atype=undefined independent=true modes=[] flags=NONE mustBeTask=true order=ANY topActivity=null launchCookie=null customAnim=true windowingMode=undefined}]} RemoteTransition { remoteTransition = android.window.IRemoteTransition$Stub$Proxy@22f3676, appThread = android.app.IApplicationThread$Stub$Proxy@5f65477, debugName = QuickstepLaunchHome }}
07-04 04:38:09.043   962  1022 D RemoteTransitionHandler: Found filterPair{{types=[] flags=0x0] notFlags=0x100 checks=[{atype=home independent=true modes=[OPEN,TO_FRONT] flags=NONE mustBeTask=false order=TOP topActivity=ComponentInfo{com.google.android.apps.nexuslauncher/com.google.android.apps.nexuslauncher.NexusLauncherActivity} launchCookie=null windowingMode=undefined},{atype=standard independent=true modes=[CLOSE,TO_BACK] flags=NONE mustBeTask=false order=ANY topActivity=null launchCookie=null windowingMode=undefined},{NOT atype=undefined independent=true modes=[] flags=NONE mustBeTask=true order=ANY topActivity=null launchCookie=null customAnim=true windowingMode=undefined}]} RemoteTransition { remoteTransition = android.window.IRemoteTransition$Stub$Proxy@22f3676, appThread = android.app.IApplicationThread$Stub$Proxy@5f65477, debugName = QuickstepLaunchHome }}
07-04 04:38:09.043   962  1022 V WindowManagerShell:  Delegate animation for (#165) to RemoteTransition { remoteTransition = android.window.IRemoteTransition$Stub$Proxy@22f3676, appThread = android.app.IApplicationThread$Stub$Proxy@5f65477, debugName = QuickstepLaunchHome }
07-04 04:38:09.053  1096  1096 D StateManager: createAtomicAnimation - fromState: Background, toState: Normal, partial trace:
07-04 04:38:09.053  1096  1096 D StateManager: 	at com.android.quickstep.util.ScalingWorkspaceRevealAnim.<init>(go/retraceme 43e00d9cd0eb17b3d9dd30fc1741b1c71445c4c0f7c8c9b81300265c86c5b873:39)
07-04 04:38:09.053  1096  1096 D StateManager: 	at com.android.launcher3.QuickstepTransitionManager.createWallpaperOpenAnimations(go/retraceme 43e00d9cd0eb17b3d9dd30fc1741b1c71445c4c0f7c8c9b81300265c86c5b873:168)
07-04 04:38:09.053  1096  1096 D StateManager: 	at com.android.launcher3.QuickstepTransitionManager$WallpaperOpenLauncherAnimationRunner.onAnimationStart(go/retraceme 43e00d9cd0eb17b3d9dd30fc1741b1c71445c4c0f7c8c9b81300265c86c5b873:17)
07-04 04:38:09.054  1096  1096 D b/311077782: LauncherAnimationRunner.setAnimation
07-04 04:38:09.060  1096  1145 W HWUI    : Image decoding logging dropped!
07-04 04:38:09.090   708   736 V WindowManager: Sent Transition (#165) createdAt=07-04 04:38:08.846 via request=TransitionRequestInfo { type = CLOSE, triggerTask = TaskInfo{userId=0 taskId=104 effectiveUid=10220 displayId=0 isRunning=false baseIntent=Intent { act=android.intent.action.VIEW dat=danio://qa/... flg=0x10000000 pkg=com.tiarnanlarkin.danio cmp=com.tiarnanlarkin.danio/.MainActivity } baseActivity=null topActivity=null origActivity=null realActivity=ComponentInfo{com.tiarnanlarkin.danio/com.tiarnanlarkin.danio.MainActivity} numActivities=0 lastActiveTime=13842607 supportsMultiWindow=true resizeMode=1 isResizeable=true minWidth=-1 minHeight=-1 defaultMinSize=220 token=WCT{RemoteToken{1e78ded Task{63a333c #104 type=standard I=com.tiarnanlarkin.danio/.MainActivity}}} topActivityType=1 pictureInPictureParams=null shouldDockBigOverlays=false launchIntoPipHostTaskId=-1 lastParentTaskIdBeforePip=-1 displayCutoutSafeInsets=Rect(0, 0 - 0, 0) topActivityInfo=null launchCookies=[] positionInParent=Point(0, 0) parentTaskId=-1 isFocused=true isVisible=true isVisibleRequested=true isTopActivityNoDisplay=false isSleeping=false locusId=null displayAreaFeatureId=1 isTopActivityTransparent=false isActivityStackTransparent=true lastNonFullscreenBounds=Rect(276, 696 - 805, 1776) capturedLink=null capturedLinkTimestamp=0 requestedVisibleTypes=-9 topActivityRequestOpenInBrowserEducationTimestamp=0 appCompatTaskInfo=AppCompatTaskInfo { topActivityInSizeCompat=false eligibleForLetterboxEducation= false isLetterboxEducationEnabled= false isLetterboxDoubleTapEnabled= false eligibleForUserAspectRatioButton= false topActivityBoundsLetterboxed= false isFromLetterboxDoubleTap= false topActivityLetterboxVerticalPosition= -1 topActivityLetterboxHorizontalPosition= -1 topActivityLetterboxWidth=-1 topActivityLetterboxHeight=-1 topActivityAppBounds=Rect(0, 0 - 0, 0) isUserFullscreenOverrideEnabled=false isSystemFullscreenOverrideEnabled=false hasMinAspectRatioOverride=false topActivityLetterboxBounds=null cameraCompatTaskInfo=CameraCompatTaskInfo { freeformCameraCompatMode=undefined}} topActivityMainWindowFrame=null}, pipChange = null, remoteTransition = null, displayChange = null, flags = 0, debugId = 165 }
07-04 04:38:09.091   708   736 V WindowManager:     startWCT=WindowContainerTransaction { changes= {} hops= [] errorCallbackToken=null taskFragmentOrganizer=null }
07-04 04:38:09.092   708   736 V WindowManager:     info={id=165 t=CLOSE f=0x0 trk=0 r=[0@Point(0, 0)] c=[
07-04 04:38:09.092   708   736 V WindowManager:         {WCT{RemoteToken{da4b82b Task{cb40660 #1 type=home}}} m=TO_FRONT f=SHOW_WALLPAPER|MOVE_TO_TOP leash=Surface(name=Task=1)/@0x1065f04 sb=Rect(0, 0 - 1080, 2400) eb=Rect(0, 0 - 1080, 2400) epz=Point(1080, 2400) d=0 taskParent=-1},
07-04 04:38:09.092   708   736 V WindowManager:         {WCT{RemoteToken{1e78ded Task{63a333c #104 type=standard I=com.tiarnanlarkin.danio/.MainActivity}}} m=CLOSE f=NONE leash=Surface(name=Task=104)/@0xb0fd817 sb=Rect(0, 0 - 1080, 2400) eb=Rect(0, 0 - 1080, 2400) epz=Point(1080, 2400) d=0 taskParent=-1},
07-04 04:38:09.092   708   736 V WindowManager:         {m=TO_FRONT f=IS_WALLPAPER leash=Surface(name=WallpaperWindowToken{d6dfc9a showWhenLocked=false})/@0xf17cf17 sb=Rect(0, 0 - 1080, 2400) eb=Rect(0, 0 - 1080, 2400) epz=Point(1080, 2400) d=0}
07-04 04:38:09.092   708   736 V WindowManager:     ]}
07-04 04:38:09.092   708   831 I ImeTracker: com.google.android.apps.nexuslauncher:a26d9e78: onRequestHide at ORIGIN_SERVER reason HIDE_UNSPECIFIED_WINDOW fromUser false
07-04 04:38:09.094  1096  1096 D InsetsController: hide(ime(), fromIme=false)
07-04 04:38:09.094  1096  1096 I ImeTracker: com.google.android.apps.nexuslauncher:a26d9e78: onCancelled at PHASE_CLIENT_ALREADY_HIDDEN
07-04 04:38:09.096   708  1865 W ActivityTaskManager: callingPackage for (uid=2000, pid=20917) has no WPC
07-04 04:38:09.097   708  1865 V GrammaticalInflectionUtils: AttributionSource: AttributionSource { uid = 10220, packageName = null, attributionTag = null, token = android.os.Binder@1f74874, deviceId = 0, next = null } does not have READ_SYSTEM_GRAMMATICAL_GENDER permission.
07-04 04:38:09.097   708  1865 W OptProp : Cannot read opt property android.window.PROPERTY_COMPAT_ALLOW_USER_ASPECT_RATIO_OVERRIDE
07-04 04:38:09.097   708  1865 W OptProp : Cannot read opt property android.window.PROPERTY_COMPAT_ALLOW_USER_ASPECT_RATIO_FULLSCREEN_OVERRIDE
07-04 04:38:09.097   708  1865 W OptProp : Cannot read opt property android.window.PROPERTY_COMPAT_ALLOW_RESIZEABLE_ACTIVITY_OVERRIDES
07-04 04:38:09.097   708  1865 W OptProp : Cannot read opt property android.window.PROPERTY_COMPAT_ALLOW_MIN_ASPECT_RATIO_OVERRIDE
07-04 04:38:09.099   708  1865 W OptProp : Cannot read opt property android.window.PROPERTY_COMPAT_ALLOW_ORIENTATION_OVERRIDE
07-04 04:38:09.105   708  1865 I ActivityTaskManager: START u0 {act=android.intent.action.VIEW dat=danio://qa/... flg=0x10000000 xflg=0x4 pkg=com.tiarnanlarkin.danio cmp=com.tiarnanlarkin.danio/.MainActivity} with LAUNCH_SINGLE_TOP from uid 2000 (BAL_ALLOW_PERMISSION) result code=0
07-04 04:38:09.107  1402  1402 I GoogleInputMethodService: GoogleInputMethodService.onFinishInput():2043 
07-04 04:38:09.108  1402  1402 I Module  : DeviceLockedStatusModuleProvider$Module.updateDeviceLockedStatus():100 repeatCheckTimes = 0, locked = false
07-04 04:38:09.108   708  1839 I ImeTracker: system_server:779e8085: onRequestHide at ORIGIN_SERVER reason IME_REQUESTED_CHANGED_LISTENER fromUser false
07-04 04:38:09.108  1402  1402 I GoogleInputMethodService: GoogleInputMethodService.onStartInput():1293 onStartInput(EditorInfo{EditorInfo{packageName=com.google.android.apps.nexuslauncher, inputType=0, inputTypeString=NULL, enableLearning=false, autoCorrection=false, autoComplete=false, imeOptions=0, privateImeOptions=null, actionName=UNSPECIFIED, actionLabel=null, initialSelStart=-1, initialSelEnd=-1, initialCapsMode=0, label=null, fieldId=0, fieldName=null, extras=null, hintText=null, hintLocales=[]}}, false)
07-04 04:38:09.109  1402  1402 I Module  : DeviceLockedStatusModuleProvider$Module.updateDeviceLockedStatus():100 repeatCheckTimes = 1, locked = false
07-04 04:38:09.109   708  1839 W PackageConfigPersister: App-specific configuration not found for packageName: com.google.android.apps.nexuslauncher and userId: 0
07-04 04:38:09.111   962  1022 V WindowManagerShell:  animated by com.android.wm.shell.transition.RemoteTransitionHandler@c71c113
07-04 04:38:09.112   962  1022 W Looper  : Slow dispatch took 70ms wmshell.main app=com.android.systemui main=false group=FOREGROUND h=android.os.Handler c=com.android.wm.shell.transition.Transitions$TransitionPlayerImpl$$ExternalSyntheticLambda0@a614554 m=0
07-04 04:38:09.113   962  1022 V WindowManagerShell: Transition requested (#166): android.os.BinderProxy@1824cfd TransitionRequestInfo { type = OPEN, triggerTask = TaskInfo{userId=0 taskId=105 effectiveUid=10220 displayId=0 isRunning=true baseIntent=Intent { act=android.intent.action.VIEW dat=danio://qa/... flg=0x10000000 pkg=com.tiarnanlarkin.danio cmp=com.tiarnanlarkin.danio/.MainActivity } baseActivity=ComponentInfo{com.tiarnanlarkin.danio/com.tiarnanlarkin.danio.MainActivity} topActivity=ComponentInfo{com.tiarnanlarkin.danio/com.tiarnanlarkin.danio.MainActivity} origActivity=null realActivity=ComponentInfo{com.tiarnanlarkin.danio/com.tiarnanlarkin.danio.MainActivity} numActivities=1 lastActiveTime=13853807 supportsMultiWindow=true resizeMode=1 isResizeable=true minWidth=-1 minHeight=-1 defaultMinSize=220 token=WCT{android.window.IWindowContainerToken$Stub$Proxy@9e0df2} topActivityType=1 pictureInPictureParams=null shouldDockBigOverlays=false launchIntoPipHostTaskId=-1 lastParentTaskIdBeforePip=-1 displayCutoutSafeInsets=Rect(0, 136 - 0, 0) topActivityInfo=ActivityInfo{6b7dc43 com.tiarnanlarkin.danio.MainActivity} launchCookies=[] positionInParent=Point(0, 0) parentTaskId=-1 isFocused=false isVisible=false isVisibleRequested=false isTopActivityNoDisplay=false isSleeping=false locusId=null displayAreaFeatureId=1 isTopActivityTransparent=false isActivityStackTransparent=false lastNonFullscreenBounds=Rect(276, 696 - 805, 1776) capturedLink=null capturedLinkTimestamp=0 requestedVisibleTypes=-9 topActivityRequestOpenInBrowserEducationTimestamp=0 appCompatTaskInfo=AppCompatTaskInfo { topActivityInSizeCompat=false eligibleForLetterboxEducation= false isLetterboxEducationEnabled= true isLetterboxDoubleTapEnabled= false eligibleForUserAspectRatioButton= false topActivityBoundsLetterboxed= false isFromLetterboxDoubleTap= false topActivityLetterboxVerticalPosition= -1 topActivityLetterboxHorizontalPosition= -1 topActivityLetterboxWidth=-1 topActivityLetterboxHeight=-1 topActivityAppBounds=Rect(0, 0 - 1080, 2400) isUserFullscreenOverrideEnabled=false isSystemFullscreenOverrideEnabled=false hasMinAspectRatioOverride=false topActivityLetterboxBounds=null cameraCompatTaskInfo=CameraCompatTaskInfo { freeformCameraCompatMode=inactive}} topActivityMainWindowFrame=null}, pipChange = null, remoteTransition = null, displayChange = null, flags = 0, debugId = 166 }
07-04 04:38:09.113   962  1022 D ShellSplitScreen: logExit: no-op, mLoggerSessionId is null
07-04 04:38:09.113   708  1051 D CompatChangeReporter: Compat change id reported: 377864165; UID 10220; state: ENABLED
07-04 04:38:09.119   708   739 V GrammaticalInflectionUtils: AttributionSource: AttributionSource { uid = 10220, packageName = null, attributionTag = null, token = android.os.Binder@1f74874, deviceId = 0, next = null } does not have READ_SYSTEM_GRAMMATICAL_GENDER permission.
07-04 04:38:09.122   708   739 I ImeTracker: system_server:779e8085: onCancelled at PHASE_SERVER_SHOULD_HIDE
07-04 04:38:09.123   962  1098 D SplashScreenView: Build android.window.SplashScreenView{271f99f V.E...... ......ID 0,0-0,0}
07-04 04:38:09.123   962  1098 D SplashScreenView: Icon: view: android.widget.ImageView{48feaec V.ED..... ......I. 0,0-0,0 #1020542 android:id/splashscreen_icon_view} drawable: com.android.wm.shell.startingsurface.SplashscreenIconDrawableFactory$ImmobileIconDrawable@9631eb5 size: 504
07-04 04:38:09.123   962  1098 D SplashScreenView: Branding: view: android.view.View{78d694a G.ED..... ......I. 0,0-0,0 #1020541 android:id/splashscreen_branding_view} drawable: null size w: 0 h: 0
07-04 04:38:09.127   563   699 I BpBinder: onLastStrongRef automatically unlinking death recipients: 
07-04 04:38:09.127  1096  1096 W SplitSelectStateCtor: Missing session instanceIds
07-04 04:38:09.128  1096  1096 D StatsLog: LAUNCHER_SPLIT_SELECTION_EXIT_INTERRUPTED
07-04 04:38:09.130   708  1020 I AppsFilter: interaction: PackageSetting{81f304a com.android.microdroid.empty_payload/10204} -> PackageSetting{4625e11 com.tiarnanlarkin.danio/10220} BLOCKED
07-04 04:38:09.132   563   563 I BpBinder: onLastStrongRef automatically unlinking death recipients: 
07-04 04:38:09.139   708   920 D BackgroundInstallControlService: Package event received: 0
07-04 04:38:09.139   962  1022 D WindowManagerShell: setLauncherKeepClearAreaHeight: visible=false, height=527
07-04 04:38:09.140   708   740 W ActivityTaskManager: Unable to send transaction to client proc com.tiarnanlarkin.danio: no app thread
07-04 04:38:09.141   708   898 I AppWidgetServiceImpl: Received broadcast: android.intent.action.PACKAGE_UNSTOPPED on user 0
07-04 04:38:09.141   708   898 I AppWidgetServiceImpl: Updating package stopped masked state for uid 10220 package com.tiarnanlarkin.danio isStopped false
07-04 04:38:09.143   490   490 D Zygote  : Forked child process 20920
07-04 04:38:09.147   708   748 I ActivityManager: Start proc 20920:com.tiarnanlarkin.danio/u0a220 for next-top-activity {com.tiarnanlarkin.danio/com.tiarnanlarkin.danio.MainActivity}
07-04 04:38:09.147   708   748 I ActivityManager: ProcessObserver broadcast disabled
07-04 04:38:09.164 20920 20920 I nanlarkin.danio: Late-enabling -Xcheck:jni
07-04 04:38:09.188   628   695 W IPCThreadState: Sending oneway calls to frozen process.
07-04 04:38:09.216 20920 20920 I nanlarkin.danio: Using CollectorTypeCMC GC.
07-04 04:38:09.217 20920 20920 W nanlarkin.danio: Unexpected CPU variant for x86: x86_64.
07-04 04:38:09.217 20920 20920 W nanlarkin.danio: Known variants: atom, sandybridge, silvermont, goldmont, goldmont-plus, goldmont-without-sha-xsaves, tremont, kabylake, alderlake, default
07-04 04:38:09.228   572   597 I adbd    : jdwp connection from 20920
07-04 04:38:09.230 20920 20920 D nativeloader: Load libframework-connectivity-tiramisu-jni.so using APEX ns com_android_tethering for caller /apex/com.android.tethering/javalib/framework-connectivity-t.jar: ok
07-04 04:38:09.256   708   920 D BackgroundInstallControlService: Package event received: 0
07-04 04:38:09.274 20920 20920 D ApplicationLoaders: Returning zygote-cached class loader: /system_ext/framework/androidx.window.extensions.jar
07-04 04:38:09.274 20920 20920 D ApplicationLoaders: Returning zygote-cached class loader: /system_ext/framework/androidx.window.sidecar.jar
07-04 04:38:09.296   962   970 I ndroid.systemui: NativeAlloc concurrent mark compact GC freed 3498KB AllocSpace bytes, 5(100KB) LOS objects, 50% free, 20MB/40MB, paused 2.608ms,6.477ms total 188.578ms
07-04 04:38:09.419   708   736 V WindowManager: Sent Transition (#166) createdAt=07-04 04:38:09.098 via request=TransitionRequestInfo { type = OPEN, triggerTask = TaskInfo{userId=0 taskId=105 effectiveUid=10220 displayId=0 isRunning=true baseIntent=Intent { act=android.intent.action.VIEW dat=danio://qa/... flg=0x10000000 pkg=com.tiarnanlarkin.danio cmp=com.tiarnanlarkin.danio/.MainActivity } baseActivity=ComponentInfo{com.tiarnanlarkin.danio/com.tiarnanlarkin.danio.MainActivity} topActivity=ComponentInfo{com.tiarnanlarkin.danio/com.tiarnanlarkin.danio.MainActivity} origActivity=null realActivity=ComponentInfo{com.tiarnanlarkin.danio/com.tiarnanlarkin.danio.MainActivity} numActivities=1 lastActiveTime=13853807 supportsMultiWindow=true resizeMode=1 isResizeable=true minWidth=-1 minHeight=-1 defaultMinSize=220 token=WCT{RemoteToken{d4c1a67 Task{9e5269e #105 type=standard I=com.tiarnanlarkin.danio/.MainActivity}}} topActivityType=1 pictureInPictureParams=null shouldDockBigOverlays=false launchIntoPipHostTaskId=-1 lastParentTaskIdBeforePip=-1 displayCutoutSafeInsets=Rect(0, 136 - 0, 0) topActivityInfo=ActivityInfo{c1cd014 com.tiarnanlarkin.danio.MainActivity} launchCookies=[] positionInParent=Point(0, 0) parentTaskId=-1 isFocused=false isVisible=false isVisibleRequested=false isTopActivityNoDisplay=false isSleeping=false locusId=null displayAreaFeatureId=1 isTopActivityTransparent=false isActivityStackTransparent=false lastNonFullscreenBounds=Rect(276, 696 - 805, 1776) capturedLink=null capturedLinkTimestamp=0 requestedVisibleTypes=-9 topActivityRequestOpenInBrowserEducationTimestamp=0 appCompatTaskInfo=AppCompatTaskInfo { topActivityInSizeCompat=false eligibleForLetterboxEducation= false isLetterboxEducationEnabled= true isLetterboxDoubleTapEnabled= false eligibleForUserAspectRatioButton= false topActivityBoundsLetterboxed= false isFromLetterboxDoubleTap= false topActivityLetterboxVerticalPosition= -1 topActivityLetterboxHorizontalPosition= -1 topActivityLetterboxWidth=-1 topActivityLetterboxHeight=-1 topActivityAppBounds=Rect(0, 0 - 1080, 2400) isUserFullscreenOverrideEnabled=false isSystemFullscreenOverrideEnabled=false hasMinAspectRatioOverride=false topActivityLetterboxBounds=null cameraCompatTaskInfo=CameraCompatTaskInfo { freeformCameraCompatMode=inactive}} topActivityMainWindowFrame=null}, pipChange = null, remoteTransition = null, displayChange = null, flags = 0, debugId = 166 }
07-04 04:38:09.419   708   736 V WindowManager:     startWCT=WindowContainerTransaction { changes= {} hops= [] errorCallbackToken=null taskFragmentOrganizer=null }
07-04 04:38:09.419   708   736 V WindowManager:     info={id=166 t=OPEN f=0x0 trk=0 r=[0@Point(0, 0)] c=[
07-04 04:38:09.419   708   736 V WindowManager:         {WCT{RemoteToken{d4c1a67 Task{9e5269e #105 type=standard I=com.tiarnanlarkin.danio/.MainActivity}}} m=OPEN f=NONE leash=Surface(name=Task=105)/@0x485ed81 sb=Rect(0, 0 - 1080, 2400) eb=Rect(0, 0 - 1080, 2400) epz=Point(1080, 2400) d=0 taskParent=-1},
07-04 04:38:09.419   708   736 V WindowManager:         {WCT{RemoteToken{da4b82b Task{cb40660 #1 type=home}}} m=TO_BACK f=SHOW_WALLPAPER leash=Surface(name=Task=1)/@0x1065f04 sb=Rect(0, 0 - 1080, 2400) eb=Rect(0, 0 - 1080, 2400) epz=Point(1080, 2400) d=0 taskParent=-1},
07-04 04:38:09.419   708   736 V WindowManager:         {m=TO_BACK f=IS_WALLPAPER leash=Surface(name=WallpaperWindowToken{d6dfc9a showWhenLocked=false})/@0xf17cf17 sb=Rect(0, 0 - 1080, 2400) eb=Rect(0, 0 - 1080, 2400) epz=Point(1080, 2400) d=0}
07-04 04:38:09.419   708   736 V WindowManager:     ]}
07-04 04:38:09.430   962  1141 V WindowManagerShell: onTransitionReady(transaction=3040836860258)
07-04 04:38:09.434   962  1022 V WindowManagerShell: onTransitionReady (#166) android.os.BinderProxy@1824cfd: {id=166 t=OPEN f=0x0 trk=0 r=[0@Point(0, 0)] c=[
07-04 04:38:09.434   962  1022 V WindowManagerShell:         {m=OPEN f=NONE leash=Surface(name=Task=105)/@0xac4d86 sb=Rect(0, 0 - 1080, 2400) eb=Rect(0, 0 - 1080, 2400) epz=Point(1080, 2400) d=0 taskParent=-1},
07-04 04:38:09.434   962  1022 V WindowManagerShell:         {m=TO_BACK f=SHOW_WALLPAPER leash=Surface(name=Task=1)/@0x4a00647 sb=Rect(0, 0 - 1080, 2400) eb=Rect(0, 0 - 1080, 2400) epz=Point(1080, 2400) d=0 taskParent=-1},
07-04 04:38:09.434   962  1022 V WindowManagerShell:         {m=TO_BACK f=IS_WALLPAPER leash=Surface(name=WallpaperWindowToken{d6dfc9a showWhenLocked=false})/@0xbf67e74 sb=Rect(0, 0 - 1080, 2400) eb=Rect(0, 0 - 1080, 2400) epz=Point(1080, 2400) d=0}
07-04 04:38:09.434   962  1022 V WindowManagerShell:     ]}
07-04 04:38:09.434   962  1022 V WindowManagerShell: Transition (#166) android.os.BinderProxy@1824cfd@0 ready while (#165) android.os.BinderProxy@1bb1e89@0 is still animating. Notify the animating transition in case they can be merged
07-04 04:38:09.434   962  1022 V WindowManagerShell:    Merge into remote: RemoteTransition { remoteTransition = android.window.IRemoteTransition$Stub$Proxy@22f3676, appThread = android.app.IApplicationThread$Stub$Proxy@5f65477, debugName = QuickstepLaunchHome }
07-04 04:38:09.435   962  1022 V WindowManagerShell: Transition animation finished (aborted=false), notifying core (#165) android.os.BinderProxy@1bb1e89@0
07-04 04:38:09.440   708   736 V WindowManager: Finish Transition (#165): created at 07-04 04:38:08.846 collect-started=0.034ms request-sent=0.112ms started=13.61ms ready=24.481ms sent=194.262ms commit=34.358ms finished=592.705ms
07-04 04:38:09.443   708  1851 E IPCThreadState: Binder transaction failure. id: 6039895, BR_*: 29189, error: -22 (Invalid argument)
07-04 04:38:09.444   708  1851 W ActivityManager: pid 708 system sent binder code 7 with flags 1 to frozen apps and got error -32
07-04 04:38:09.444   708  1851 W WindowManager: Exception thrown during dispatchAppVisibility Window{fc3e10b u0 com.tiarnanlarkin.danio/com.tiarnanlarkin.danio.MainActivity EXITING}
07-04 04:38:09.444   708  1851 W WindowManager: android.os.DeadObjectException
07-04 04:38:09.444   708  1851 W WindowManager: 	at android.os.BinderProxy.transactNative(Native Method)
07-04 04:38:09.444   708  1851 W WindowManager: 	at android.os.BinderProxy.transact(BinderProxy.java:592)
07-04 04:38:09.444   708  1851 W WindowManager: 	at android.view.IWindow$Stub$Proxy.dispatchAppVisibility(IWindow.java:557)
07-04 04:38:09.444   708  1851 W WindowManager: 	at com.android.server.wm.WindowState.sendAppVisibilityToClients(WindowState.java:3151)
07-04 04:38:09.444   708  1851 W WindowManager: 	at com.android.server.wm.WindowContainer.sendAppVisibilityToClients(WindowContainer.java:1311)
07-04 04:38:09.444   708  1851 W WindowManager: 	at com.android.server.wm.WindowToken.setClientVisible(WindowToken.java:389)
07-04 04:38:09.444   708  1851 W WindowManager: 	at com.android.server.wm.ActivityRecord.setClientVisible(ActivityRecord.java:6650)
07-04 04:38:09.444   708  1851 W WindowManager: 	at com.android.server.wm.ActivityRecord.commitVisibility(ActivityRecord.java:5561)
07-04 04:38:09.444   708  1851 W WindowManager: 	at com.android.server.wm.Transition.finishTransition(Transition.java:1391)
07-04 04:38:09.444   708  1851 W WindowManager: 	at com.android.server.wm.TransitionController.finishTransition(TransitionController.java:1029)
07-04 04:38:09.444   708  1851 W WindowManager: 	at com.android.server.wm.WindowOrganizerController.finishTransition(WindowOrganizerController.java:496)
07-04 04:38:09.444   708  1851 W WindowManager: 	at android.window.IWindowOrganizerController$Stub.onTransact(IWindowOrganizerController.java:261)
07-04 04:38:09.444   708  1851 W WindowManager: 	at com.android.server.wm.WindowOrganizerController.onTransact(WindowOrganizerController.java:223)
07-04 04:38:09.444   708  1851 W WindowManager: 	at android.os.Binder.execTransactInternal(Binder.java:1421)
07-04 04:38:09.444   708  1851 W WindowManager: 	at android.os.Binder.execTransact(Binder.java:1365)
07-04 04:38:09.444   708  1851 W Process : Unable to open /proc/20820/status
07-04 04:38:09.427     0     0 I binder  : 1851:708 cannot find target node
07-04 04:38:09.429     0     0 I binder  : 708:1851 transaction async to 0:0 failed 6039895/29189/-22, size 64-0 line 3348
07-04 04:38:09.454   962  1022 V WindowManagerShell: Playing animation for (#166) android.os.BinderProxy@1824cfd@0
07-04 04:38:09.454   962  1022 V ShellRecents: RecentsTransitionHandler.startAnimation: no controller found
07-04 04:38:09.455   962  1022 V WindowManagerShell: Transition doesn't have explicit remote, search filters for match for {id=166 t=OPEN f=0x0 trk=0 r=[0@Point(0, 0)] c=[{m=OPEN f=NONE leash=Surface(name=Task=105)/@0xac4d86 sb=Rect(0, 0 - 1080, 2400) eb=Rect(0, 0 - 1080, 2400) epz=Point(1080, 2400) d=0 taskParent=-1},{m=TO_BACK f=SHOW_WALLPAPER leash=Surface(name=Task=1)/@0x4a00647 sb=Rect(0, 0 - 1080, 2400) eb=Rect(0, 0 - 1080, 2400) epz=Point(1080, 2400) d=0 taskParent=-1},{m=TO_BACK f=IS_WALLPAPER leash=Surface(name=WallpaperWindowToken{d6dfc9a showWhenLocked=false})/@0xbf67e74 sb=Rect(0, 0 - 1080, 2400) eb=Rect(0, 0 - 1080, 2400) epz=Point(1080, 2400) d=0}]}
07-04 04:38:09.455   962  1022 V WindowManagerShell:  Checking filter Pair{{types=[] flags=0x0] notFlags=0x0 checks=[{atype=undefined independent=true modes=[CLOSE,TO_BACK] flags=IN_TASK_WITH_EMBEDDED_ACTIVITY mustBeTask=false order=ANY topActivity=null launchCookie=null taskFragmentToken=android.os.BinderProxy@2412495 windowingMode=undefined}]} RemoteTransition { remoteTransition = android.window.IRemoteTransition$Stub$Proxy@f2029aa, appThread = android.app.IApplicationThread$Stub$Proxy@dfb99b, debugName = overlayBackTransition }}
07-04 04:38:09.456   962  1022 V WindowManagerShell:  Checking filter Pair{{types=[] flags=0x0] notFlags=0x0 checks=[{atype=dream independent=true modes=[OPEN,TO_FRONT] flags=NONE mustBeTask=false order=ANY topActivity=null launchCookie=null windowingMode=undefined},{atype=home independent=true modes=[CLOSE,TO_BACK] flags=NONE mustBeTask=false order=ANY topActivity=null launchCookie=null windowingMode=undefined}]} RemoteTransition { remoteTransition = android.window.IRemoteTransition$Stub$Proxy@2b17138, appThread = android.app.IApplicationThread$Stub$Proxy@f5c7511, debugName = LauncherToDream }}
07-04 04:38:09.462   962  1022 V WindowManagerShell:  Checking filter Pair{{types=[] flags=0x0] notFlags=0x100 checks=[{atype=home independent=true modes=[OPEN,TO_FRONT] flags=NONE mustBeTask=false order=TOP topActivity=ComponentInfo{com.google.android.apps.nexuslauncher/com.google.android.apps.nexuslauncher.NexusLauncherActivity} launchCookie=null windowingMode=undefined},{atype=standard independent=true modes=[CLOSE,TO_BACK] flags=NONE mustBeTask=false order=ANY topActivity=null launchCookie=null windowingMode=undefined},{NOT atype=undefined independent=true modes=[] flags=NONE mustBeTask=true order=ANY topActivity=null launchCookie=null customAnim=true windowingMode=undefined}]} RemoteTransition { remoteTransition = android.window.IRemoteTransition$Stub$Proxy@22f3676, appThread = android.app.IApplicationThread$Stub$Proxy@5f65477, debugName = QuickstepLaunchHome }}
07-04 04:38:09.462   962  1022 V WindowManagerShell:  Delegate animation for (#166) to null
07-04 04:38:09.462   962  1022 V WindowManagerShell: start default transition animation, info = {id=166 t=OPEN f=0x0 trk=0 r=[0@Point(0, 0)] c=[{m=OPEN f=NONE leash=Surface(name=Task=105)/@0xac4d86 sb=Rect(0, 0 - 1080, 2400) eb=Rect(0, 0 - 1080, 2400) epz=Point(1080, 2400) d=0 taskParent=-1},{m=TO_BACK f=SHOW_WALLPAPER leash=Surface(name=Task=1)/@0x4a00647 sb=Rect(0, 0 - 1080, 2400) eb=Rect(0, 0 - 1080, 2400) epz=Point(1080, 2400) d=0 taskParent=-1},{m=TO_BACK f=IS_WALLPAPER leash=Surface(name=WallpaperWindowToken{d6dfc9a showWhenLocked=false})/@0xbf67e74 sb=Rect(0, 0 - 1080, 2400) eb=Rect(0, 0 - 1080, 2400) epz=Point(1080, 2400) d=0}]}
07-04 04:38:09.462   962  1022 V WindowManagerShell: loadAnimation: anim=android.view.animation.AnimationSet@fccbfe3 animAttr=0x13 type=OPEN isEntrance=false
07-04 04:38:09.463   962  1022 V WindowManagerShell: loadAnimation: anim=android.view.animation.AnimationSet@9370de0 animAttr=0x12 type=OPEN isEntrance=true
07-04 04:38:09.464   962  1022 V WindowManagerShell:  animated by com.android.wm.shell.transition.DefaultTransitionHandler@f0f10f1
07-04 04:38:09.473   563   563 E BpTransactionCompletedListener: Failed to transact (-32)
07-04 04:38:09.473   563   563 E BpTransactionCompletedListener: Failed to transact (-32)
07-04 04:38:09.531  1096  1096 D RecentsView: onTaskRemoved: 104, not handling task stack changes
07-04 04:38:09.531  1096  1096 D RecentsView: onTaskRemoved: 104, not handling task stack changes
07-04 04:38:09.596 20920 20920 D nativeloader: Configuring clns-9 for other apk /data/app/~~gFrKTuFocaeGfouSAEMyyQ==/com.tiarnanlarkin.danio-hPc2L2b15lO9aKor3Xa1ag==/base.apk. target_sdk_version=36, uses_libraries=, library_path=/data/app/~~gFrKTuFocaeGfouSAEMyyQ==/com.tiarnanlarkin.danio-hPc2L2b15lO9aKor3Xa1ag==/lib/x86_64:/data/app/~~gFrKTuFocaeGfouSAEMyyQ==/com.tiarnanlarkin.danio-hPc2L2b15lO9aKor3Xa1ag==/base.apk!/lib/x86_64, permitted_path=/data:/mnt/expand:/data/user/0/com.tiarnanlarkin.danio
07-04 04:38:09.603 20920 20920 I nanlarkin.danio: AssetManager2(0x7a9a7ea19618) locale list changing from [] to [en-US]
07-04 04:38:09.615 20920 20920 V GraphicsEnvironment: Currently set values for:
07-04 04:38:09.615 20920 20920 V GraphicsEnvironment:   angle_gl_driver_selection_pkgs=[]
07-04 04:38:09.615 20920 20920 V GraphicsEnvironment:   angle_gl_driver_selection_values=[]
07-04 04:38:09.615 20920 20920 V GraphicsEnvironment: com.tiarnanlarkin.danio is not listed in per-application setting
07-04 04:38:09.615 20920 20920 V GraphicsEnvironment: ANGLE allowlist from config: com.dreamgames.royalmatch com.dts.freefiremax com.dxx.firenow com.gramgames.mergedragons com.ludo.king com.mojang.minecraftpe com.my.defense com.nintendo.zaka com.os.airforce com.playrix.fishdomdd.gplay io.teslatech.callbreak jp.konami.prospia net.peakgames.toonblast
07-04 04:38:09.615 20920 20920 V GraphicsEnvironment: com.tiarnanlarkin.danio is not listed in ANGLE allowlist or settings, returning default
07-04 04:38:09.616 20920 20920 V GraphicsEnvironment: Neither updatable production driver nor prerelease driver is supported.
07-04 04:38:09.646   708  1851 W OptProp : Cannot read opt property android.window.PROPERTY_COMPAT_ENABLE_FAKE_FOCUS
07-04 04:38:09.648   708   920 D BackgroundInstallControlService: Package event received: 0
07-04 04:38:09.648   708   920 D BackgroundInstallControlService: Package event received: 0
07-04 04:38:09.656 20920 20934 I DisplayManager: Choreographer implicitly registered for the refresh rate.
07-04 04:38:09.662 20920 20920 I nanlarkin.danio: AssetManager2(0x7a9a7ea1e118) locale list changing from [] to [en-US]
07-04 04:38:09.671 20920 20920 E ashmem  : Pinning is deprecated since Android Q. Please use trim or other methods.
07-04 04:38:09.693 20920 20936 D FlutterJNI: Beginning load of flutter...
07-04 04:38:09.696 20920 20937 I ResourceExtractor: Found extracted resources res_timestamp-1-1783135999634
07-04 04:38:09.698 20920 20934 I EGL_emulation: Opening libGLESv1_CM_emulation.so
07-04 04:38:09.699 20920 20934 I EGL_emulation: Opening libGLESv2_emulation.so
07-04 04:38:09.783   962  1065 W Looper  : Slow dispatch took 84ms wmshell.anim app=com.android.systemui main=false group=TOP_APP h=android.view.Choreographer$FrameHandler c=android.view.Choreographer$FrameDisplayEventReceiver@5f940df m=0
07-04 04:38:09.789 20920 20934 W HWUI    : Failed to choose config with EGL_SWAP_BEHAVIOR_PRESERVED, retrying without...
07-04 04:38:09.789 20920 20934 W HWUI    : Failed to initialize 101010-2 format, error = EGL_SUCCESS
07-04 04:38:09.939   962  1022 W Looper  : Slow delivery took 140ms wmshell.main app=com.android.systemui main=false group=TOP_APP h=android.os.Handler c=com.android.wm.shell.transition.DefaultSurfaceAnimator$$ExternalSyntheticLambda0@58fe555 m=0
07-04 04:38:09.939   962  1022 V WindowManagerShell: Transition animation finished (aborted=false), notifying core (#166) android.os.BinderProxy@1824cfd@0
07-04 04:38:09.941   708   736 V WindowManager: Finish Transition (#166): created at 07-04 04:38:09.098 collect-started=0.402ms request-sent=6.699ms started=16.656ms ready=314.585ms sent=319.186ms commit=56.943ms finished=842.901ms
07-04 04:38:09.944   962  1022 V WindowManagerShell: Track 0 became idle
07-04 04:38:09.944   962  1022 V WindowManagerShell: All active transition animations finished
07-04 04:38:09.957 20920 20936 D nativeloader: Load /data/app/~~gFrKTuFocaeGfouSAEMyyQ==/com.tiarnanlarkin.danio-hPc2L2b15lO9aKor3Xa1ag==/base.apk!/lib/x86_64/libflutter.so using class loader ns clns-9 (caller=/data/app/~~gFrKTuFocaeGfouSAEMyyQ==/com.tiarnanlarkin.danio-hPc2L2b15lO9aKor3Xa1ag==/base.apk): ok
07-04 04:38:09.966 20920 20936 D FlutterJNI: flutter (null) was loaded normally!
07-04 04:38:09.973 20920 20938 D skia    : [SkFontMgr Android Parser] '/product/etc/fonts_customization.xml' could not be opened
07-04 04:38:09.974   962  1022 W Looper  : Drained
07-04 04:38:09.975   708  1851 D FileUtils: Rounded bytes from 2592600064 to 4000000000
07-04 04:38:09.990  1096  1096 D VRI[NexusLauncherActivity]: visibilityChanged oldVisibility=true newVisibility=false
07-04 04:38:09.998  1096  1096 D NexusLauncherModelDelegate: notifySmartspaceEvent: SmartspaceTargetEvent{mSmartspaceTarget=null, mSmartspaceActionId='null', mEventType=7}
07-04 04:38:10.004 20920 20920 I nanlarkin.danio: AssetManager2(0x7a9a7ea26778) locale list changing from [] to [en-US]
07-04 04:38:10.020 20920 20920 W nanlarkin.danio: type=1400 audit(0.0:151): avc:  denied  { read } for  name="max_map_count" dev="proc" ino=18240 scontext=u:r:untrusted_app:s0:c220,c256,c512,c768 tcontext=u:object_r:proc_max_map_count:s0 tclass=file permissive=0 app=com.tiarnanlarkin.danio
07-04 04:38:10.069  1096  1096 D ScalingWorkspaceRevealAnim: alpha of workspace at the end of animation: 1.0
07-04 04:38:10.069 20920 20920 D DesktopModeFlags: Toggle override initialized to: OVERRIDE_UNSET
07-04 04:38:10.165 20920 20945 I flutter : The Dart VM service is listening on http://127.0.0.1:43885/jt9aNV-xzQs=/
07-04 04:38:10.183   708   720 I system_server: NativeAlloc concurrent mark compact GC freed 18MB AllocSpace bytes, 65(1300KB) LOS objects, 42% free, 32MB/56MB, paused 1.157ms,1.669ms total 221.282ms
07-04 04:38:10.196   708   863 D WifiClientModeImpl[26229:wlan0]: updateLinkLayerStatsRssiSpeedFrequencyCapabilities rssi=-50 TxLinkspeed=1 freq=2447 RxLinkSpeed=2
07-04 04:38:10.196   708   863 D WifiDataStall: tx tput in kbps: 11000
07-04 04:38:10.196   708   863 D WifiDataStall: rx tput in kbps: 11000
07-04 04:38:10.196   708   863 V WifiConfigManager: Updating scan detail cache freq=2447 BSSID=00:13:10:85:fe:01 RSSI=-50 for "AndroidWifi"NONE
07-04 04:38:10.196   708   863 D WifiThroughputPredictor:  utilization (LLS) 80 isBluetoothConnected: false final utilization: 80
07-04 04:38:10.196   708   863 D WifiThroughputPredictor:  BW: 0 RSSI: -50 Nss: 1 Mode: 1 symDur: 4000 snrDb 30 bitPerTone: 4500 rate: 54 throughput: 11
07-04 04:38:10.196   708   863 D WifiThroughputPredictor:  utilization (LLS) 80 isBluetoothConnected: false final utilization: 80
