07-04 03:49:28.544 15873 15873 I AconfigPackage: com.android.printspooler.flags is mapped to system
07-04 03:49:28.544 15873 15873 I AconfigPackage: com.android.window.flags is mapped to system
07-04 03:49:28.544 15873 15873 I AconfigPackage: android.adaptiveauth is mapped to system
07-04 03:49:28.544 15873 15873 I AconfigPackage: android.net.wifi.flags is mapped to system
07-04 03:49:28.544 15873 15873 I AconfigPackage: android.media.tv.flags is mapped to system
07-04 03:49:28.544 15873 15873 I AconfigPackage: com.android.server.usb.flags is mapped to system
07-04 03:49:28.544 15873 15873 I AconfigPackage: android.os.vibrator is mapped to system
07-04 03:49:28.544 15873 15873 I AconfigPackage: android.hardware.devicestate.feature.flags is mapped to system
07-04 03:49:28.544 15873 15873 I AconfigPackage: com.android.server.usage is mapped to system
07-04 03:49:28.544 15873 15873 I AconfigPackage: android.server is mapped to system
07-04 03:49:28.544 15873 15873 I AconfigPackage: com.android.wm.shell is mapped to system
07-04 03:49:28.544 15873 15873 I AconfigPackage: android.view.inputmethod is mapped to system
07-04 03:49:28.544 15873 15873 I AconfigPackage: com.android.graphics.hwui.flags is mapped to system
07-04 03:49:28.544 15873 15873 I AconfigPackage: com.android.server.backup is mapped to system
07-04 03:49:28.544 15873 15873 I AconfigPackage: com.android.internal.pm.pkg.component.flags is mapped to system
07-04 03:49:28.544 15873 15873 I AconfigPackage: android.view.accessibility is mapped to system
07-04 03:49:28.544 15873 15873 I AconfigPackage: com.google.wear.sdk is mapped to system
07-04 03:49:28.544 15873 15873 I AconfigPackage: android.media.audio is mapped to system
07-04 03:49:28.544 15873 15873 I AconfigPackage: com.android.server.am is mapped to system
07-04 03:49:28.544 15873 15873 I AconfigPackage: com.android.media.playback.flags is mapped to system
07-04 03:49:28.544 15873 15873 I AconfigPackage: com.android.art.flags is mapped to com.android.art
07-04 03:49:28.544 15873 15873 I AconfigPackage: com.android.libcore is mapped to com.android.art
07-04 03:49:28.544 15873 15873 I AconfigPackage: com.android.media.extractor.flags is mapped to com.android.media
07-04 03:49:28.545 15873 15873 I AconfigPackage: com.android.media.mainline.flags is mapped to com.android.media
07-04 03:49:28.545 15873 15873 I AconfigPackage: com.android.wifi.flags is mapped to com.android.wifi
07-04 03:49:28.545 15873 15873 I AconfigPackage: com.android.org.conscrypt.flags is mapped to com.android.conscrypt
07-04 03:49:28.545 15873 15873 I AconfigPackage: com.android.healthfitness.flags is mapped to com.android.healthfitness
07-04 03:49:28.545 15873 15873 I AconfigPackage: com.google.android.input.twoshay.flags is mapped to vendor
07-04 03:49:28.545 15873 15873 I AconfigPackage: libgooglecamerahal.flags is mapped to vendor
07-04 03:49:28.546 15873 15873 I AconfigPackage: com.android.ipsec.flags is mapped to com.android.ipsec
07-04 03:49:28.546 15873 15873 I AconfigPackage: com.android.nfc.module.flags is mapped to com.android.nfcservices
07-04 03:49:28.546 15873 15873 I AconfigPackage: com.android.adservices.ondevicepersonalization.flags is mapped to com.android.ondevicepersonalization
07-04 03:49:28.547 15873 15873 I AconfigPackage: com.android.bluetooth.flags is mapped to com.android.bt
07-04 03:49:28.547 15873 15873 I AconfigPackage: com.android.devicelock.flags is mapped to com.android.devicelock
07-04 03:49:28.547 15873 15873 I AconfigPackage: android.os.profiling is mapped to com.android.profiling
07-04 03:49:28.547 15873 15873 I AconfigPackage: com.android.os.statsd.flags is mapped to com.android.os.statsd
07-04 03:49:28.547 15873 15873 I AconfigPackage: com.android.cellbroadcastreceiver.flags is mapped to com.android.cellbroadcast
07-04 03:49:28.547 15873 15873 I AconfigPackage: com.android.adservices.flags is mapped to com.android.adservices
07-04 03:49:28.547 15873 15873 I AconfigPackage: com.android.sdksandbox.flags is mapped to com.android.adservices
07-04 03:49:28.547 15873 15873 I AconfigPackage: com.android.uwb.flags is mapped to com.android.uwb
07-04 03:49:28.547 15873 15873 I AconfigPackage: com.android.ranging.flags is mapped to com.android.uwb
07-04 03:49:28.547 15873 15873 I AconfigPackage: android.graphics.pdf.flags is mapped to com.android.mediaprovider
07-04 03:49:28.547 15873 15873 I AconfigPackage: com.android.providers.media.flags is mapped to com.android.mediaprovider
07-04 03:49:28.547 15873 15873 I AconfigPackage: android.graphics.pdf.flags.readonly is mapped to com.android.mediaprovider
07-04 03:49:28.547 15873 15873 I AconfigPackage: com.android.net.ct.flags is mapped to com.android.tethering
07-04 03:49:28.547 15873 15873 I AconfigPackage: com.android.net.flags is mapped to com.android.tethering
07-04 03:49:28.547 15873 15873 I AconfigPackage: android.net.vcn is mapped to com.android.tethering
07-04 03:49:28.547 15873 15873 I AconfigPackage: com.android.nearby.flags is mapped to com.android.tethering
07-04 03:49:28.547 15873 15873 I AconfigPackage: android.net.http is mapped to com.android.tethering
07-04 03:49:28.547 15873 15873 I AconfigPackage: com.android.net.thread.flags is mapped to com.android.tethering
07-04 03:49:28.547 15873 15873 I AconfigPackage: com.android.system.virtualmachine.flags is mapped to com.android.virt
07-04 03:49:28.548 15873 15873 E FeatureFlagsImplExport: android.os.flagging.AconfigStorageReadException: ERROR_PACKAGE_NOT_FOUND: package android.xr cannot be found on the device
07-04 03:49:28.550 15873 15873 D UiAutomationConnection: Created on user UserHandle{0}
07-04 03:49:28.550 15873 15873 I UiAutomation: Initialized for user 0 on display 0
07-04 03:49:28.550 15873 15873 W UiAutomation: Created with deprecatead constructor, assumes DEFAULT_DISPLAY
07-04 03:49:28.552   708  1846 D AccessibilityManagerService: changeCurrentUserForTestAutomationIfNeededLocked(0): ignoring because device doesn't support visible background users
07-04 03:49:28.552   708  1846 I UiAutomationManager: Registering UiTestAutomationService (id=com.android.server.accessibility/UiAutomation, flags=0x0) when called by user 0
07-04 03:49:28.552   708  1846 V AccessibilityManagerService: onUserStateChangedLocked for userId: 0, forceUpdate: false
07-04 03:49:28.552   708  1846 W MagnificationConnectionManager: requestConnection duplicated request: connect=false, mConnectionState=DISCONNECTED
07-04 03:49:28.554   708   708 W IPCThreadState: Sending oneway calls to frozen process.
07-04 03:49:28.554  1512  1530 I AiAiEcho: Settings changed for uri: content://settings/secure/accessibility_enabled
07-04 03:49:28.555   708   708 W IPCThreadState: Sending oneway calls to frozen process.
07-04 03:49:28.555   708   708 W IPCThreadState: Sending oneway calls to frozen process.
07-04 03:49:28.555   708   708 W IPCThreadState: Sending oneway calls to frozen process.
07-04 03:49:28.555   708   708 W IPCThreadState: Sending oneway calls to frozen process.
07-04 03:49:28.555   708   708 W IPCThreadState: Sending oneway calls to frozen process.
07-04 03:49:28.555   708   708 W IPCThreadState: Sending oneway calls to frozen process.
07-04 03:49:28.555   708   708 W IPCThreadState: Sending oneway calls to frozen process.
07-04 03:49:28.555   708   708 W IPCThreadState: Sending oneway calls to frozen process.
07-04 03:49:28.555   708   708 W IPCThreadState: Sending oneway calls to frozen process.
07-04 03:49:28.555   708   708 W IPCThreadState: Sending oneway calls to frozen process.
07-04 03:49:28.555  1512  2024 I AiAiEcho: Predicting[0]:  [CONTEXT sampling_count=5 ]
07-04 03:49:28.555   708   708 W IPCThreadState: Sending oneway calls to frozen process.
07-04 03:49:28.555  1512  2024 I AiAiEcho: EchoTargets:
07-04 03:49:28.555  1512  2024 I AiAiEcho: Filtered by AiAi flag check:
07-04 03:49:28.555  1512  2024 I AiAiEcho: [CONTEXT ratelimit_period="10 SECONDS" ]
07-04 03:49:28.555  1512  2024 I AiAiEcho: #remoteViewsTwiddler: feature disabled.
07-04 03:49:28.555  1512  2024 I AiAiEcho: Predicting[0]:  [CONTEXT sampling_count=5 ]
07-04 03:49:28.555  1512  2024 I AiAiEcho: EchoTargets:
07-04 03:49:28.555  1512  2024 I AiAiEcho: Filtered by AiAi flag check:
07-04 03:49:28.555  1512  2024 I AiAiEcho: [CONTEXT ratelimit_period="10 SECONDS" ]
07-04 03:49:28.555  1512  2024 I AiAiEcho: #remoteViewsTwiddler: feature disabled.
07-04 03:49:28.555  1512  2024 I AiAiEcho: #postPredictionTargets: Sending updates to UISurface home with targets# 0 (types=[])
07-04 03:49:28.555  1512  2024 I AiAiEcho: #postPredictionTargets: Sending updates to UISurface lockscreen with targets# 0 (types=[])
07-04 03:49:28.556   708   708 W IPCThreadState: Sending oneway calls to frozen process.
07-04 03:49:28.556   708   708 W IPCThreadState: Sending oneway calls to frozen process.
07-04 03:49:28.556   708   708 W IPCThreadState: Sending oneway calls to frozen process.
07-04 03:49:28.556   708   708 W IPCThreadState: Sending oneway calls to frozen process.
07-04 03:49:28.556   708   708 W IPCThreadState: Sending oneway calls to frozen process.
07-04 03:49:28.556   708   708 W IPCThreadState: Sending oneway calls to frozen process.
07-04 03:49:28.556   708   708 W IPCThreadState: Sending oneway calls to frozen process.
07-04 03:49:28.556   708   708 W IPCThreadState: Sending oneway calls to frozen process.
07-04 03:49:28.556   708   708 W IPCThreadState: Sending oneway calls to frozen process.
07-04 03:49:28.556   708   708 W IPCThreadState: Sending oneway calls to frozen process.
07-04 03:49:28.556   962   962 W PageIndicator: Total number of pages invalid: 0. Assuming 1 page.
07-04 03:49:28.556   708   708 W IPCThreadState: Sending oneway calls to frozen process.
07-04 03:49:28.556   708   708 W IPCThreadState: Sending oneway calls to frozen process.
07-04 03:49:28.556 15873 15884 V UiAutomation: Init UiAutomation@484f7dc[id=373, displayId=0, flags=0]
07-04 03:49:28.556   708   708 D BatterySaverPolicy: accessibility changed to true, updating policy.
07-04 03:49:28.563   708  1565 V AccessibilityManagerService: onUserStateChangedLocked for userId: 0, forceUpdate: false
07-04 03:49:28.566   708  1565 W MagnificationConnectionManager: requestConnection duplicated request: connect=false, mConnectionState=DISCONNECTED
07-04 03:49:28.567  1512  1530 I AiAiEcho: Settings changed for uri: content://settings/secure/accessibility_enabled
07-04 03:49:28.567   708   708 W IPCThreadState: Sending oneway calls to frozen process.
07-04 03:49:28.567   708   708 W IPCThreadState: Sending oneway calls to frozen process.
07-04 03:49:28.567   708   708 W IPCThreadState: Sending oneway calls to frozen process.
07-04 03:49:28.567   708   708 W IPCThreadState: Sending oneway calls to frozen process.
07-04 03:49:28.567   708   708 W IPCThreadState: Sending oneway calls to frozen process.
07-04 03:49:28.567   708   708 W IPCThreadState: Sending oneway calls to frozen process.
07-04 03:49:28.567   708   708 W IPCThreadState: Sending oneway calls to frozen process.
07-04 03:49:28.567   708   708 W IPCThreadState: Sending oneway calls to frozen process.
07-04 03:49:28.567   708   708 W IPCThreadState: Sending oneway calls to frozen process.
07-04 03:49:28.568   708   708 W IPCThreadState: Sending oneway calls to frozen process.
07-04 03:49:28.568   708   708 W IPCThreadState: Sending oneway calls to frozen process.
07-04 03:49:28.568   708   708 W IPCThreadState: Sending oneway calls to frozen process.
07-04 03:49:28.568   708   708 W IPCThreadState: Sending oneway calls to frozen process.
07-04 03:49:28.568  1512  2024 I AiAiEcho: Predicting[0]:  [CONTEXT sampling_count=5 ]
07-04 03:49:28.568  1512  2024 I AiAiEcho: EchoTargets:
07-04 03:49:28.568  1512  2024 I AiAiEcho: Filtered by AiAi flag check:
07-04 03:49:28.568  1512  2024 I AiAiEcho: [CONTEXT ratelimit_period="10 SECONDS" ]
07-04 03:49:28.568  1512  2024 I AiAiEcho: #remoteViewsTwiddler: feature disabled.
07-04 03:49:28.568  1512  2024 I AiAiEcho: Predicting[0]:  [CONTEXT sampling_count=5 ]
07-04 03:49:28.569  1512  2024 I AiAiEcho: EchoTargets:
07-04 03:49:28.569  1512  2024 I AiAiEcho: Filtered by AiAi flag check:
07-04 03:49:28.569  1512  2024 I AiAiEcho: [CONTEXT ratelimit_period="10 SECONDS" ]
07-04 03:49:28.569  1512  2024 I AiAiEcho: #remoteViewsTwiddler: feature disabled.
07-04 03:49:28.569  1512  2024 I AiAiEcho: #postPredictionTargets: Sending updates to UISurface home with targets# 0 (types=[])
07-04 03:49:28.569  1512  2024 I AiAiEcho: #postPredictionTargets: Sending updates to UISurface lockscreen with targets# 0 (types=[])
07-04 03:49:28.569   708   708 W IPCThreadState: Sending oneway calls to frozen process.
07-04 03:49:28.569   708   708 W IPCThreadState: Sending oneway calls to frozen process.
07-04 03:49:28.569   708   708 W IPCThreadState: Sending oneway calls to frozen process.
07-04 03:49:28.573  1096  1096 D SsBaseTemplateCard: No text view can be set up
07-04 03:49:28.573  1096  1096 D SsBaseTemplateCard: Passed-in item info is null
07-04 03:49:28.573  1096  1096 D SsBaseTemplateCard: Passed-in item info is null
07-04 03:49:28.573  1096  1096 D SsBaseTemplateCard: Passed-in item info is null
07-04 03:49:28.573  1096  1096 I SsBaseTemplateCard: Secondary card pane is null
07-04 03:49:28.573  1096  1096 D SsBaseTemplateCard: No text view can be set up
07-04 03:49:28.573  1096  1096 D SsBaseTemplateCard: Passed-in item info is null
07-04 03:49:28.573  1096  1096 D SsBaseTemplateCard: Passed-in item info is null
07-04 03:49:28.573  1096  1096 D SsBaseTemplateCard: Passed-in item info is null
07-04 03:49:28.573  1096  1096 I SsBaseTemplateCard: Secondary card pane is null
07-04 03:49:28.580   962   962 W PageIndicator: Total number of pages invalid: 0. Assuming 1 page.
07-04 03:49:28.906   708   746 W IPCThreadState: Sending oneway calls to frozen process.
07-04 03:49:29.600 15873 15873 W AccessibilityNodeInfoDumper: Fetch time: 2ms
07-04 03:49:29.605   708  1020 V AccessibilityManagerService: onUserStateChangedLocked for userId: 0, forceUpdate: false
07-04 03:49:29.606   708  1020 W MagnificationConnectionManager: requestConnection duplicated request: connect=false, mConnectionState=DISCONNECTED
07-04 03:49:29.606   708  1020 D AccessibilityManagerService: restoreCurrentUserForTestAutomationIfNeededLocked(): ignoring because device doesn't support visible background users
07-04 03:49:29.606   708   708 W IPCThreadState: Sending oneway calls to frozen process.
07-04 03:49:29.606   708   708 W IPCThreadState: Sending oneway calls to frozen process.
07-04 03:49:29.606   708   708 W IPCThreadState: Sending oneway calls to frozen process.
07-04 03:49:29.606   708   708 W IPCThreadState: Sending oneway calls to frozen process.
07-04 03:49:29.606   708   708 W IPCThreadState: Sending oneway calls to frozen process.
07-04 03:49:29.606  1512  2227 I AiAiEcho: Settings changed for uri: content://settings/secure/accessibility_enabled
07-04 03:49:29.606   708   708 W IPCThreadState: Sending oneway calls to frozen process.
07-04 03:49:29.607   708   708 W IPCThreadState: Sending oneway calls to frozen process.
07-04 03:49:29.607 15873 15873 D AndroidRuntime: Shutting down VM
07-04 03:49:29.607  1512  2024 I AiAiEcho: Predicting[0]:  [CONTEXT sampling_count=5 ]
07-04 03:49:29.607  1512  2024 I AiAiEcho: EchoTargets:
07-04 03:49:29.607  1512  2024 I AiAiEcho: Filtered by AiAi flag check:
07-04 03:49:29.607  1512  2024 I AiAiEcho: [CONTEXT ratelimit_period="10 SECONDS" ]
07-04 03:49:29.607  1512  2024 I AiAiEcho: #remoteViewsTwiddler: feature disabled.
07-04 03:49:29.608  1512  2024 I AiAiEcho: Predicting[0]:  [CONTEXT sampling_count=5 ]
07-04 03:49:29.608  1512  2024 I AiAiEcho: EchoTargets:
07-04 03:49:29.608  1512  2024 I AiAiEcho: Filtered by AiAi flag check:
07-04 03:49:29.608  1512  2024 I AiAiEcho: [CONTEXT ratelimit_period="10 SECONDS" ]
07-04 03:49:29.608  1512  2024 I AiAiEcho: #remoteViewsTwiddler: feature disabled.
07-04 03:49:29.608  1512  2024 I AiAiEcho: #postPredictionTargets: Sending updates to UISurface home with targets# 0 (types=[])
07-04 03:49:29.608 15873 15882 W IPCThreadState: call to talkWithDriver in joinThreadPool returned error: -9 (Bad file descriptor), FD: -1
07-04 03:49:29.609 15873 15881 W IPCThreadState: call to talkWithDriver in joinThreadPool returned error: -9 (Bad file descriptor), FD: -1
07-04 03:49:29.610   708   708 W IPCThreadState: Sending oneway calls to frozen process.
07-04 03:49:29.610  1461  1461 D WM-DelayedWorkTracker: Scheduling work 3361c480-6d1a-4f68-a010-33d454831554
07-04 03:49:29.610   708   708 W IPCThreadState: Sending oneway calls to frozen process.
07-04 03:49:29.610   708   708 W IPCThreadState: Sending oneway calls to frozen process.
07-04 03:49:29.610  1461  1461 D WM-GreedyScheduler: Starting tracking for 3361c480-6d1a-4f68-a010-33d454831554
07-04 03:49:29.610   708   708 W IPCThreadState: Sending oneway calls to frozen process.
07-04 03:49:29.610 15873 15886 W IPCThreadState: call to talkWithDriver in joinThreadPool returned error: -9 (Bad file descriptor), FD: -1
07-04 03:49:29.610   708   708 W IPCThreadState: Sending oneway calls to frozen process.
07-04 03:49:29.610   708   708 W IPCThreadState: Sending oneway calls to frozen process.
07-04 03:49:29.610   708   708 W IPCThreadState: Sending oneway calls to frozen process.
07-04 03:49:29.610   708   708 W IPCThreadState: Sending oneway calls to frozen process.
07-04 03:49:29.611   708   708 W IPCThreadState: Sending oneway calls to frozen process.
07-04 03:49:29.611 15873 15885 W IPCThreadState: call to talkWithDriver in joinThreadPool returned error: -9 (Bad file descriptor), FD: -1
07-04 03:49:29.611  1512  2024 I AiAiEcho: #postPredictionTargets: Sending updates to UISurface lockscreen with targets# 0 (types=[])
07-04 03:49:29.613  1096  1096 D SsBaseTemplateCard: No text view can be set up
07-04 03:49:29.613  1096  1096 D SsBaseTemplateCard: Passed-in item info is null
07-04 03:49:29.613  1096  1096 D SsBaseTemplateCard: Passed-in item info is null
07-04 03:49:29.613  1096  1096 D SsBaseTemplateCard: Passed-in item info is null
07-04 03:49:29.613  1096  1096 I SsBaseTemplateCard: Secondary card pane is null
07-04 03:49:29.614  1461  1667 D WM-ConstraintTracker: BatteryNotLowTracker: initial state = true
07-04 03:49:29.614  1461  1667 D WM-BrdcstRcvrCnstrntTrc: BatteryNotLowTracker: registering receiver
07-04 03:49:29.616  1461  1667 D WM-GreedyScheduler: Constraints met: Scheduling work ID WorkGenerationalId(workSpecId=3361c480-6d1a-4f68-a010-33d454831554, generation=0)
07-04 03:49:29.616  1461  1667 D WM-Processor: Processor: processing WorkGenerationalId(workSpecId=3361c480-6d1a-4f68-a010-33d454831554, generation=0)
07-04 03:49:29.618  1461  1461 D WM-WorkerWrapper: Starting work for com.android.providers.media.photopicker.sync.ProactiveSyncWorker
07-04 03:49:29.619  1461  5329 I PSyncWorker: Starting proactive picker sync from sync source: 1
07-04 03:49:29.619  1461  5329 I PickerSyncTracker: Created new sync future java.util.concurrent.CompletableFuture@c368162[Not completed, 1 dependents]. Future map: {3361c480-6d1a-4f68-a010-33d454831554=java.util.concurrent.CompletableFuture@c368162[Not completed, 1 dependents]}
07-04 03:49:29.619  1461  5329 D PickerSyncController: syncAllMediaFromProvider() LOCAL, auth=com.android.providers.media.photopicker, retry=true
07-04 03:49:29.619  1461  5329 D PickerSyncController: getSyncRequestParams() LOCAL, auth=com.android.providers.media.photopicker
07-04 03:49:29.619   708   708 W IPCThreadState: Sending oneway calls to frozen process.
07-04 03:49:29.619   708   708 W IPCThreadState: Sending oneway calls to frozen process.
07-04 03:49:29.620   708   708 W IPCThreadState: Sending oneway calls to frozen process.
07-04 03:49:29.620   708   708 W IPCThreadState: Sending oneway calls to frozen process.
07-04 03:49:29.621   708   708 W IPCThreadState: Sending oneway calls to frozen process.
07-04 03:49:29.621   708   708 W IPCThreadState: Sending oneway calls to frozen process.
07-04 03:49:29.621   708   708 W IPCThreadState: Sending oneway calls to frozen process.
07-04 03:49:29.621   708   708 W IPCThreadState: Sending oneway calls to frozen process.
07-04 03:49:29.621   708   708 D BatterySaverPolicy: accessibility changed to false, updating policy.
07-04 03:49:29.623  1461  5329 D PickerSyncController:    Latest ID/Gen=4eb8212abf423e75:external_primary/1139
07-04 03:49:29.623  1461  5329 D PickerSyncController:    Cached ID/Gen=4eb8212abf423e75:external_primary/1127
07-04 03:49:29.623  1461  5329 D PickerSyncController:    RESULT=SyncRequestParams{type=MEDIA_INCREMENTAL, gen=1127, latest=Bundle[{last_media_sync_generation=1139, media_collection_id=4eb8212abf423e75:external_primary}], pageSize=1000}
07-04 03:49:29.623  1461  5329 I PickerSyncController: Executing SyncAdd. isLocal: true. authority: com.android.providers.media.photopicker
07-04 03:49:29.623  1461  5329 D PickerSyncLockManager: Trying to acquire lock com.android.providers.media.photopicker.sync.CloseableReentrantLock@cec4fdd[Unlocked]. Lock Name = CLOUD_PROVIDER_LOCK. Threads that may be waiting to acquire this lock = [] with timeout.
07-04 03:49:29.623  1461  5329 D CloseableReentrantLock: Successfully acquired lock com.android.providers.media.photopicker.sync.CloseableReentrantLock@cec4fdd[Locked by thread pool-4-thread-5]. Lock Name = CLOUD_PROVIDER_LOCK. Threads that may be waiting to acquire this lock = []
07-04 03:49:29.623  1461  5329 D CloseableReentrantLock: Successfully released lock com.android.providers.media.photopicker.sync.CloseableReentrantLock@cec4fdd[Unlocked]. Lock Name = CLOUD_PROVIDER_LOCK. Threads that may be waiting to acquire this lock = []
07-04 03:49:29.623  1461  5329 D ExternalDbFacade: Token received for queryMedia = null
07-04 03:49:29.624  1461  5329 D PickerSyncLockManager: Trying to acquire lock com.android.providers.media.photopicker.sync.CloseableReentrantLock@cec4fdd[Unlocked]. Lock Name = CLOUD_PROVIDER_LOCK. Threads that may be waiting to acquire this lock = [] with timeout.
07-04 03:49:29.624  1461  5329 D CloseableReentrantLock: Successfully acquired lock com.android.providers.media.photopicker.sync.CloseableReentrantLock@cec4fdd[Locked by thread pool-4-thread-5]. Lock Name = CLOUD_PROVIDER_LOCK. Threads that may be waiting to acquire this lock = []
07-04 03:49:29.624  1461  5329 D PickerSyncController: Clearing next page token for key: local_provider:media_add:resume
07-04 03:49:29.624  1461  5329 D CloseableReentrantLock: Successfully released lock com.android.providers.media.photopicker.sync.CloseableReentrantLock@cec4fdd[Unlocked]. Lock Name = CLOUD_PROVIDER_LOCK. Threads that may be waiting to acquire this lock = []
07-04 03:49:29.624  1461  5329 D PickerNotificationSender: Sending a notification for media update
07-04 03:49:29.626  1461  5329 D PickerNotificationSender: Sending a notification for merged album media update Favorites
07-04 03:49:29.626  1461  5329 D PickerNotificationSender: Sending a notification for album media update Favorites
07-04 03:49:29.626  1461  5329 D PickerNotificationSender: Sending a notification for merged album media update Videos
07-04 03:49:29.626  1461  5329 D PickerNotificationSender: Sending a notification for album media update Videos
07-04 03:49:29.627   962   962 W PageIndicator: Total number of pages invalid: 0. Assuming 1 page.
07-04 03:49:29.627  1461  5329 I PickerSyncController: Paged sync successful. QueryArgs: Bundle[{android.provider.extra.SYNC_GENERATION=1127, android.provider.extra.PAGE_SIZE=1000}] Total Rows: 0
07-04 03:49:29.628  1461  5329 I PickerSyncController: Executing SyncRemove. isLocal: true. authority: com.android.providers.media.photopicker
07-04 03:49:29.628  1461  5329 D PickerSyncLockManager: Trying to acquire lock com.android.providers.media.photopicker.sync.CloseableReentrantLock@cec4fdd[Unlocked]. Lock Name = CLOUD_PROVIDER_LOCK. Threads that may be waiting to acquire this lock = [] with timeout.
07-04 03:49:29.628  1461  5329 D CloseableReentrantLock: Successfully acquired lock com.android.providers.media.photopicker.sync.CloseableReentrantLock@cec4fdd[Locked by thread pool-4-thread-5]. Lock Name = CLOUD_PROVIDER_LOCK. Threads that may be waiting to acquire this lock = []
07-04 03:49:29.628  1461  5329 D CloseableReentrantLock: Successfully released lock com.android.providers.media.photopicker.sync.CloseableReentrantLock@cec4fdd[Unlocked]. Lock Name = CLOUD_PROVIDER_LOCK. Threads that may be waiting to acquire this lock = []
07-04 03:49:29.628  1461  5329 E PickerDbFacade: Could not get first date taken millis for media id: 121
07-04 03:49:29.629  1461  5329 W PickerDbFacade: Unable to promote cloud media with localId: 121
07-04 03:49:29.629  1461  5329 D PickerSyncLockManager: Trying to acquire lock com.android.providers.media.photopicker.sync.CloseableReentrantLock@cec4fdd[Unlocked]. Lock Name = CLOUD_PROVIDER_LOCK. Threads that may be waiting to acquire this lock = [] with timeout.
07-04 03:49:29.629  1461  5329 D CloseableReentrantLock: Successfully acquired lock com.android.providers.media.photopicker.sync.CloseableReentrantLock@cec4fdd[Locked by thread pool-4-thread-5]. Lock Name = CLOUD_PROVIDER_LOCK. Threads that may be waiting to acquire this lock = []
07-04 03:49:29.629  1461  5329 D PickerSyncController: Clearing next page token for key: local_provider:media_remove:resume
07-04 03:49:29.629  1461  5329 D CloseableReentrantLock: Successfully released lock com.android.providers.media.photopicker.sync.CloseableReentrantLock@cec4fdd[Unlocked]. Lock Name = CLOUD_PROVIDER_LOCK. Threads that may be waiting to acquire this lock = []
07-04 03:49:29.629  1461  5329 D PickerNotificationSender: Sending a notification for media update
07-04 03:49:29.629  1461  5329 D PickerNotificationSender: Sending a notification for merged album media update Favorites
07-04 03:49:29.629  1461  5329 D PickerNotificationSender: Sending a notification for album media update Favorites
07-04 03:49:29.631  1461  5329 D PickerNotificationSender: Sending a notification for merged album media update Videos
07-04 03:49:29.631  1461  5329 D PickerNotificationSender: Sending a notification for album media update Videos
07-04 03:49:29.631  1461  5329 I PickerSyncController: Paged sync successful. QueryArgs: Bundle[{android.provider.extra.SYNC_GENERATION=1127, android.provider.extra.PAGE_SIZE=1000}] Total Rows: 0
07-04 03:49:29.631  1461  5329 I PickerSyncTracker: Marked sync future complete for work id: 3361c480-6d1a-4f68-a010-33d454831554. Future map: {}
07-04 03:49:29.631  1461  5329 I PSyncWorker: Completed picker proactive sync complete from local provider.
07-04 03:49:29.631  1461  1667 I WM-WorkerWrapper: Worker result SUCCESS for Work [ id=3361c480-6d1a-4f68-a010-33d454831554, tags={ com.android.providers.media.photopicker.sync.ProactiveSyncWorker } ]
07-04 03:49:29.632  1461  1461 D WM-Processor: Processor 3361c480-6d1a-4f68-a010-33d454831554 executed; reschedule = false
07-04 03:49:29.632  1461  1461 D WM-GreedyScheduler: Stopping tracking for WorkGenerationalId(workSpecId=3361c480-6d1a-4f68-a010-33d454831554, generation=0)
07-04 03:49:29.633  1461  1608 D WM-GreedyScheduler: Cancelling work ID 3361c480-6d1a-4f68-a010-33d454831554
07-04 03:49:29.633  1461  1608 D WM-GreedyScheduler: Ignoring {WorkSpec: 4ab35118-0008-4e0e-9667-4896f94f6ee7}. Requires device idle.
07-04 03:49:29.633  1461  1608 D WM-GreedyScheduler: Ignoring {WorkSpec: 5e0a924a-98f8-4d1c-b169-89fa94ec2302}. Requires device idle.
07-04 03:49:29.633  1461  1608 D WM-BrdcstRcvrCnstrntTrc: BatteryNotLowTracker: unregistering receiver
07-04 03:49:30.114  1294 15474 I NetworkScheduler.Stats: Task com.google.android.gms/com.google.android.gms.ipa.base.IpaGcmTaskService started execution. cause:9 exec_start_elapsed_seconds: 10934 [CONTEXT service_id=218 ]
07-04 03:49:30.125  1294 15760 I NetworkScheduler.Stats: Task com.google.android.gms/com.google.android.gms.ipa.base.IpaGcmTaskService finished executing. cause:9 result: 1 elapsed_millis: 20 uptime_millis: 20 exec_start_elapsed_seconds: 10934 [CONTEXT service_id=218 ]
07-04 03:49:30.590   708  1262 W ActivityTaskManager: callingPackage for (uid=2000, pid=15890) has no WPC
07-04 03:49:30.591   708  1262 V GrammaticalInflectionUtils: AttributionSource: AttributionSource { uid = 10220, packageName = null, attributionTag = null, token = android.os.Binder@1f74874, deviceId = 0, next = null } does not have READ_SYSTEM_GRAMMATICAL_GENDER permission.
07-04 03:49:30.591   708  1262 W OptProp : Cannot read opt property android.window.PROPERTY_COMPAT_ALLOW_USER_ASPECT_RATIO_OVERRIDE
07-04 03:49:30.591   708  1262 W OptProp : Cannot read opt property android.window.PROPERTY_COMPAT_ALLOW_USER_ASPECT_RATIO_FULLSCREEN_OVERRIDE
07-04 03:49:30.591   708  1262 W OptProp : Cannot read opt property android.window.PROPERTY_COMPAT_ALLOW_RESIZEABLE_ACTIVITY_OVERRIDES
07-04 03:49:30.591   708  1262 W OptProp : Cannot read opt property android.window.PROPERTY_COMPAT_ALLOW_MIN_ASPECT_RATIO_OVERRIDE
07-04 03:49:30.593   962  1148 D KeyguardService: setOccluded(false)
07-04 03:49:30.593   708  1262 I ActivityTaskManager: START u0 {act=android.intent.action.VIEW dat=danio://qa/... flg=0x10000000 xflg=0x4 pkg=com.tiarnanlarkin.danio cmp=com.tiarnanlarkin.danio/.MainActivity} with LAUNCH_SINGLE_TOP from uid 2000 (BAL_ALLOW_PERMISSION) result code=3
07-04 03:49:30.593   962  1148 D KeyguardViewMediator: setOccluded(false)
07-04 03:49:30.593   962   962 D KeyguardViewMediator: handleSetOccluded(false)
07-04 03:49:30.594   962   962 D KeyguardViewMediator: KeyguardViewMediator queue processing message: SET_OCCLUDED
07-04 03:49:30.595   962  1022 D WindowManagerShell: onActivityRestartAttempt: topActivity=ComponentInfo{com.tiarnanlarkin.danio/com.tiarnanlarkin.danio.MainActivity}, wasVisible=true
07-04 03:49:30.596   563  1175 I BpBinder: onLastStrongRef automatically unlinking death recipients:
07-04 03:49:30.597 14660 14714 D SessionLifecycleClient: Sending lifecycle 2 to service
07-04 03:49:30.597 14660 14720 D SessionLifecycleService: Activity backgrounding at 10935300
07-04 03:49:30.597 14660 14660 I flutter : [QA] Deep link: danio://qa/substrate-guide
07-04 03:49:30.603 14660 14717 D SessionLifecycleClient: Sending lifecycle 1 to service
07-04 03:49:30.603 14660 14720 D SessionLifecycleService: Activity foregrounding at 10935306.
07-04 03:49:30.708   708   739 W IPCThreadState: Sending oneway calls to frozen process.
07-04 03:49:30.708   708   739 W IPCThreadState: Sending oneway calls to frozen process.
07-04 03:49:30.708   708   739 W IPCThreadState: Sending oneway calls to frozen process.
07-04 03:49:30.708   708   739 W IPCThreadState: Sending oneway calls to frozen process.
07-04 03:49:30.708   708   739 W IPCThreadState: Sending oneway calls to frozen process.
07-04 03:49:30.708   708   739 W IPCThreadState: Sending oneway calls to frozen process.
07-04 03:49:30.708   708   739 W IPCThreadState: Sending oneway calls to frozen process.
07-04 03:49:30.708   708   739 W IPCThreadState: Sending oneway calls to frozen process.
07-04 03:49:30.708   708   739 W IPCThreadState: Sending oneway calls to frozen process.
07-04 03:49:30.708   708   739 W IPCThreadState: Sending oneway calls to frozen process.
07-04 03:49:30.708   708   739 W IPCThreadState: Sending oneway calls to frozen process.
07-04 03:49:30.708   708   739 W IPCThreadState: Sending oneway calls to frozen process.
07-04 03:49:30.708   708   739 W IPCThreadState: Sending oneway calls to frozen process.
07-04 03:49:30.708   708   739 W IPCThreadState: Sending oneway calls to frozen process.
07-04 03:49:30.708   708   739 W IPCThreadState: Sending oneway calls to frozen process.
07-04 03:49:30.708   708   739 W IPCThreadState: Sending oneway calls to frozen process.
07-04 03:49:30.708   708   739 W IPCThreadState: Sending oneway calls to frozen process.
07-04 03:49:30.708   708   739 W IPCThreadState: Sending oneway calls to frozen process.
07-04 03:49:30.708   708   739 W IPCThreadState: Sending oneway calls to frozen process.
07-04 03:49:30.708   708   739 W IPCThreadState: Sending oneway calls to frozen process.
07-04 03:49:30.708   708   739 W IPCThreadState: Sending oneway calls to frozen process.
07-04 03:49:30.708   708   739 W IPCThreadState: Sending oneway calls to frozen process.
07-04 03:49:30.708   708   739 W IPCThreadState: Sending oneway calls to frozen process.
07-04 03:49:30.708   708   739 W IPCThreadState: Sending oneway calls to frozen process.
07-04 03:49:30.708   708   739 W IPCThreadState: Sending oneway calls to frozen process.
07-04 03:49:30.708   708   739 W IPCThreadState: Sending oneway calls to frozen process.
07-04 03:49:30.708   708   739 W IPCThreadState: Sending oneway calls to frozen process.
07-04 03:49:30.708   708   739 W IPCThreadState: Sending oneway calls to frozen process.
07-04 03:49:30.708   708   739 W IPCThreadState: Sending oneway calls to frozen process.
07-04 03:49:30.708   708   739 W IPCThreadState: Sending oneway calls to frozen process.
07-04 03:49:30.708   708   739 W IPCThreadState: Sending oneway calls to frozen process.
07-04 03:49:30.708   708   739 W IPCThreadState: Sending oneway calls to frozen process.
07-04 03:49:30.708   708   739 W IPCThreadState: Sending oneway calls to frozen process.
07-04 03:49:30.708   708   739 W IPCThreadState: Sending oneway calls to frozen process.
07-04 03:49:30.708   708   739 W IPCThreadState: Sending oneway calls to frozen process.
07-04 03:49:30.708   708   739 W IPCThreadState: Sending oneway calls to frozen process.
07-04 03:49:30.708   708   739 W IPCThreadState: Sending oneway calls to frozen process.
07-04 03:49:30.708   708   739 W IPCThreadState: Sending oneway calls to frozen process.
07-04 03:49:30.708   708   739 W IPCThreadState: Sending oneway calls to frozen process.
07-04 03:49:30.708   708   739 W IPCThreadState: Sending oneway calls to frozen process.
07-04 03:49:30.708   708   739 W IPCThreadState: Sending oneway calls to frozen process.
07-04 03:49:30.708   708   739 W IPCThreadState: Sending oneway calls to frozen process.
07-04 03:49:30.919   708   863 D WifiClientModeImpl[26229:wlan0]: updateLinkLayerStatsRssiSpeedFrequencyCapabilities rssi=-50 TxLinkspeed=1 freq=2447 RxLinkSpeed=2
07-04 03:49:30.919   708   863 D WifiDataStall: tx tput in kbps: 11000
07-04 03:49:30.919   708   863 D WifiDataStall: rx tput in kbps: 11000
07-04 03:49:30.919   708   863 V WifiConfigManager: Updating scan detail cache freq=2447 BSSID=00:13:10:85:fe:01 RSSI=-50 for "AndroidWifi"NONE
07-04 03:49:30.919   708   863 D WifiThroughputPredictor:  utilization (LLS) 80 isBluetoothConnected: false final utilization: 80
07-04 03:49:30.919   708   863 D WifiThroughputPredictor:  BW: 0 RSSI: -50 Nss: 1 Mode: 1 symDur: 4000 snrDb 30 bitPerTone: 4500 rate: 54 throughput: 11
07-04 03:49:30.919   708   863 D WifiThroughputPredictor:  utilization (LLS) 80 isBluetoothConnected: false final utilization: 80
07-04 03:49:30.919   708   863 D WifiThroughputPredictor:  BW: 0 RSSI: -50 Nss: 1 Mode: 1 symDur: 4000 snrDb 30 bitPerTone: 4500 rate: 54 throughput: 11
07-04 03:49:30.919   708   863 D WifiThroughputPredictor:  utilization (LLS) 80 isBluetoothConnected: false final utilization: 80
07-04 03:49:30.919   708   863 D WifiThroughputPredictor:  BW: 0 RSSI: -50 Nss: 1 Mode: 1 symDur: 4000 snrDb 30 bitPerTone: 4500 rate: 54 throughput: 11
07-04 03:49:30.919   708   863 D WifiThroughputPredictor:  utilization (LLS) 80 isBluetoothConnected: false final utilization: 80
07-04 03:49:30.919   708   863 D WifiThroughputPredictor:  BW: 0 RSSI: -50 Nss: 1 Mode: 1 symDur: 4000 snrDb 30 bitPerTone: 4500 rate: 54 throughput: 11
07-04 03:49:30.920   708   863 D WifiScoreCard: BSSID update SIGNAL_POLL ID: 52320190 SSID: "AndroidWifi", BSSID: 00:13:10:85:fe:01, MAC: 02:15:b2:00:00:00, IP: /10.0.2.16, Security type: 0, Supplicant state: COMPLETED, Wi-Fi standard: legacy, RSSI: -50, Link speed: 1Mbps, Tx Link speed: 1Mbps, Max Supported Tx Link speed: 11Mbps, Rx Link speed: 2Mbps, Max Supported Rx Link speed: 11Mbps, Frequency: 2447MHz, Net ID: 0, Metered hint: false, score: 60, isUsable: true, CarrierMerged: false, SubscriptionId: -1, IsPrimary: 1, Trusted: true, Restricted: false, Ephemeral: false, OEM paid: false, OEM private: false, OSU AP: false, FQDN: <none>, Provider friendly name: <none>, Requesting package name: <none>"AndroidWifi"openMLO Information: , Is TID-To-Link negotiation supported by the AP: false, AP MLD Address: <none>, AP MLO Link Id: <none>, AP MLO Affiliated links: <none>, Vendor Data: <none>
07-04 03:49:30.920   708   863 D WifiScoreCard: txRate: 1 txSpeed: 1
07-04 03:49:30.920   708   863 D WifiScoreCard: network update SIGNAL_POLL "AndroidWifi" ID: 843735694 RSSI -50 txSpeed -1
07-04 03:49:30.920   708   863 D WifiClientModeImpl[26229:wlan0]:  ClientModeImpl$L2ConnectedState screen=on 5 0 "AndroidWifi" 00:13:10:85:fe:01 rssi=-50 f=2447 sc=60 link=1 tx=0.0, 0.0, 0.0 rx=0.0 bcn=0 [on:0 tx:0 rx:0 period:3007] from screen [on:0 period:721943080] score=60
07-04 03:49:32.354   948   948 D wpa_supplicant: nl80211: Drv Event 64 (NL80211_CMD_NOTIFY_CQM) received for wlan0
07-04 03:49:32.354   948   948 D wpa_supplicant: nl80211: Beacon loss event
07-04 03:49:32.354   948   948 D wpa_supplicant: wlan0: Event BEACON_LOSS (53) received
07-04 03:49:32.354   948   948 I wpa_supplicant: wlan0: CTRL-EVENT-BEACON-LOSS
07-04 03:49:32.554 15893 15893 W screencap: Thread Pool max thread count is 0. Cannot cache binder as linkToDeath cannot be implemented. serviceName: SurfaceFlingerAIDL
07-04 03:49:32.555 15893 15893 W BpBinder: Linking to death on android.gui.ISurfaceComposer but there are no threads (yet?) listening to incoming transactions. See ProcessState::startThreadPool and ProcessState::setThreadPoolMaxThreadCount. Generally you should setup the binder threadpool before other initialization steps.
07-04 03:49:32.555 15893 15893 W ProcessState: Extra binder thread started, but 0 threads requested. Do not use *startThreadPool when zero threads are requested.
07-04 03:49:32.575   563  1175 E HwcComposer: getLuts failed Status(-8, EX_SERVICE_SPECIFIC): '8: '
07-04 03:49:32.575   563  1175 E HWComposer: getLuts: getLuts failed for display 4619827259835644672: UNSUPPORTED (8)
07-04 03:49:32.574     0     0 I servicemanager: Caller(pid=15893,uid=2000,sid=u:r:shell:s0) Found android.hardware.graphics.allocator.IAllocator/default in device VINTF manifest.
07-04 03:49:32.586     0     0 I servicemanager: Caller(pid=15893,uid=2000,sid=u:r:shell:s0) Found android.hardware.graphics.allocator.IAllocator/default in device VINTF manifest.
07-04 03:49:32.595     0     0 I servicemanager: Caller(pid=15893,uid=2000,sid=u:r:shell:s0) Found mapper/ranchu in device VINTF manifest.
07-04 03:49:32.677  1461  1726 W MediaProvider: isAppCloneUserPair for user 0: false
07-04 03:49:32.776   708  1262 I ActivityManager: Broadcasting: Intent { act=android.intent.action.MEDIA_SCANNER_SCAN_FILE dat=file:///... flg=0x400000 }
07-04 03:49:32.777   708  1262 I ActivityManager: Enqueued broadcast Intent { act=android.intent.action.MEDIA_SCANNER_SCAN_FILE dat=file:///... flg=0x400000 }: 0
07-04 03:49:32.778   708  1215 W JobInfo : Job 'com.google.android.providers.media.module/com.android.providers.media.MediaService#-300' has a deadline with no functional constraints. The deadline won't improve job execution latency. Consider removing the deadline.
07-04 03:49:32.784   708   736 I ActivityManager: Broadcast completed: result=0
07-04 03:49:32.785  1461  1961 I MediaProvider: Begin Intent { act=android.intent.action.MEDIA_SCANNER_SCAN_FILE dat=file:///... flg=0x1400010 cmp=com.google.android.providers.media.module/com.android.providers.media.MediaService }
07-04 03:49:32.795  1461  1961 I MediaProvider: End Intent { act=android.intent.action.MEDIA_SCANNER_SCAN_FILE dat=file:///... flg=0x1400010 cmp=com.google.android.providers.media.module/com.android.providers.media.MediaService }
07-04 03:49:32.799  1461  1667 D WM-SystemJobScheduler: Scheduling work ID 4c2ad5f4-6a97-4ac9-b520-edcc310128f5Job ID 89
07-04 03:49:32.802  1461  1667 D WM-GreedyScheduler: Ignoring {WorkSpec: 4ab35118-0008-4e0e-9667-4896f94f6ee7}. Requires device idle.
07-04 03:49:32.805  1461  1667 D WM-GreedyScheduler: Ignoring {WorkSpec: 5e0a924a-98f8-4d1c-b169-89fa94ec2302}. Requires device idle.
07-04 03:49:32.924  1461  2884 W MediaProvider: Ignoring param:deletedata post U for external apps
07-04 03:49:32.925  1461  2884 I MediaProvider: Deleted 0 1 0 0 0 0 0 items on external_primary due to com.android.shell
07-04 03:49:33.054 15905 15905 D AndroidRuntime: >>>>>> START com.android.internal.os.RuntimeInit uid 2000 <<<<<<
07-04 03:49:33.058 15905 15905 I AndroidRuntime: Using default boot image
07-04 03:49:33.058 15905 15905 I AndroidRuntime: Leaving lock profiling enabled
07-04 03:49:33.060 15905 15905 I app_process: Core platform API reporting enabled, enforcing=false
07-04 03:49:33.060 15905 15905 I app_process: Using CollectorTypeCMC GC.
07-04 03:49:33.138 15905 15905 D nativeloader: InitDefaultPublicLibraries for_preload=1: libandroid.so:libaaudio.so:libamidi.so:libbinder_ndk.so:libc.so:libcamera2ndk.so:libdl.so:libEGL.so:libGLESv1_CM.so:libGLESv2.so:libGLESv3.so:libicu.so:libicui18n.so:libicuuc.so:libjnigraphics.so:liblog.so:libmediandk.so:libm.so:libnativehelper.so:libnativewindow.so:libOpenMAXAL.so:libOpenSLES.so:libRS.so:libstdc++.so:libsync.so:libvulkan.so:libwebviewchromium_plat_support.so:libz.so
07-04 03:49:33.149 15905 15905 D nativeloader: Load libicu_jni.so using APEX ns com_android_art for caller /apex/com.android.art/javalib/core-oj.jar: ok
07-04 03:49:33.150 15905 15905 D app_process: u_setTimeZoneFilesDirectory("/apex/com.android.tzdata/etc/tz/versioned/9/icu") succeeded.
07-04 03:49:33.150 15905 15905 D app_process: I18n APEX ICU file found: /apex/com.android.i18n/etc/icu/icudt76l.dat
07-04 03:49:33.151 15905 15905 D nativeloader: Load libjavacore.so using APEX ns com_android_art for caller /apex/com.android.art/javalib/core-oj.jar: ok
07-04 03:49:33.152 15905 15905 D nativeloader: Load libopenjdk.so using APEX ns com_android_art for caller /apex/com.android.art/javalib/core-oj.jar: ok
07-04 03:49:33.153 15905 15905 W app_process: Unexpected CPU variant for x86: x86_64.
07-04 03:49:33.153 15905 15905 W app_process: Known variants: atom, sandybridge, silvermont, goldmont, goldmont-plus, goldmont-without-sha-xsaves, tremont, kabylake, alderlake, default
07-04 03:49:33.156 15905 15905 W app_process: ClassLoaderContext shared library size mismatch. Expected=2, found=0 (PCL[]{PCL[/system/framework/android.test.base.jar*2789897741]#PCL[/system/framework/android.test.mock.jar*3361312393]} | PCL[])
07-04 03:49:33.156 15905 15905 W app_process: ClassLoaderContext classpath size mismatch. expected=0, found=1 (PCL[]{PCL[/system/framework/android.test.runner.jar*895143020]#PCL[/system/framework/android.test.base.jar*2789897741]} | PCL[/system/framework/android.test.runner.jar*895143020])
07-04 03:49:33.182 15905 15905 D nativeloader: Load libframework-connectivity-tiramisu-jni.so using APEX ns com_android_tethering for caller /apex/com.android.tethering/javalib/framework-connectivity-t.jar: ok
07-04 03:49:33.182 15905 15905 D AndroidRuntime: Calling main entry com.android.commands.uiautomator.Launcher
07-04 03:49:33.189 15905 15905 I AconfigPackage: android.media.swcodec.flags is mapped to com.android.media.swcodec
07-04 03:49:33.191 15905 15905 I AconfigPackage: com.google.android.settings.simplemode.flags is mapped to system_ext
07-04 03:49:33.191 15905 15905 I AconfigPackage: com.google.android.systemui is mapped to system_ext
07-04 03:49:33.191 15905 15905 I AconfigPackage: com.google.android.apps.nexuslauncher is mapped to system_ext
07-04 03:49:33.191 15905 15905 I AconfigPackage: com.android.settings.accessibility is mapped to system_ext
07-04 03:49:33.191 15905 15905 I AconfigPackage: com.android.settings.flags is mapped to system_ext
07-04 03:49:33.191 15905 15905 I AconfigPackage: com.google.android.apps.miphone.aiai.matchmaker.overview.ui is mapped to system_ext
07-04 03:49:33.191 15905 15905 I AconfigPackage: com.google.android.settings.flags is mapped to system_ext
07-04 03:49:33.191 15905 15905 I AconfigPackage: com.android.launcher3 is mapped to system_ext
07-04 03:49:33.191 15905 15905 I AconfigPackage: com.android.wallpaper is mapped to system_ext
07-04 03:49:33.191 15905 15905 I AconfigPackage: com.android.settings.media_drm is mapped to system_ext
07-04 03:49:33.191 15905 15905 I AconfigPackage: com.android.systemui.accessibility.accessibilitymenu is mapped to system_ext
07-04 03:49:33.191 15905 15905 I AconfigPackage: com.android.settings.keyboard is mapped to system_ext
07-04 03:49:33.191 15905 15905 I AconfigPackage: com.android.server.policy.feature.flags is mapped to system_ext
07-04 03:49:33.191 15905 15905 I AconfigPackage: com.android.settings.factory_reset is mapped to system_ext
07-04 03:49:33.191 15905 15905 I AconfigPackage: com.google.android.haptics.flags is mapped to system_ext
07-04 03:49:33.191 15905 15905 I AconfigPackage: com.android.permission.flags is mapped to com.android.permission
07-04 03:49:33.191 15905 15905 I AconfigPackage: com.android.icu is mapped to com.android.i18n
07-04 03:49:33.191 15905 15905 I AconfigPackage: com.android.appsearch.flags is mapped to com.android.appsearch
07-04 03:49:33.191 15905 15905 I AconfigPackage: android.uprobestats.mainline.flags is mapped to com.android.uprobestats
07-04 03:49:33.191 15905 15905 I AconfigPackage: android.provider.flags is mapped to com.android.configinfrastructure
07-04 03:49:33.191 15905 15905 I AconfigPackage: com.android.server.deviceconfig is mapped to com.android.configinfrastructure
07-04 03:49:33.191 15905 15905 I AconfigPackage: com.android.nfc.flags is mapped to system
07-04 03:49:33.191 15905 15905 I AconfigPackage: android.app.admin.flags is mapped to system
07-04 03:49:33.191 15905 15905 I AconfigPackage: android.database.sqlite is mapped to system
07-04 03:49:33.191 15905 15905 I AconfigPackage: com.android.providers.calendar is mapped to system
07-04 03:49:33.191 15905 15905 I AconfigPackage: com.android.server.power.feature.flags is mapped to system
07-04 03:49:33.191 15905 15905 I AconfigPackage: com.android.media.performance.flags is mapped to system
07-04 03:49:33.191 15905 15905 I AconfigPackage: android.app.contextualsearch.flags is mapped to system
07-04 03:49:33.191 15905 15905 I AconfigPackage: android.app.ondeviceintelligence.flags is mapped to system
07-04 03:49:33.191 15905 15905 I AconfigPackage: com.android.media.projection.flags is mapped to system
07-04 03:49:33.191 15905 15905 I AconfigPackage: android.companion is mapped to system
07-04 03:49:33.191 15905 15905 I AconfigPackage: android.service.controls.flags is mapped to system
07-04 03:49:33.191 15905 15905 I AconfigPackage: com.android.text.flags is mapped to system
07-04 03:49:33.191 15905 15905 I AconfigPackage: com.android.providers.contactkeys.flags is mapped to system
07-04 03:49:33.191 15905 15905 I AconfigPackage: com.android.intentresolver is mapped to system
07-04 03:49:33.191 15905 15905 I AconfigPackage: android.companion.virtualdevice.flags is mapped to system
07-04 03:49:33.191 15905 15905 I AconfigPackage: android.uprobestats.flags is mapped to system
07-04 03:49:33.191 15905 15905 I AconfigPackage: com.android.net.thread.platform.flags is mapped to system
07-04 03:49:33.191 15905 15905 I AconfigPackage: android.view.contentprotection.flags is mapped to system
07-04 03:49:33.191 15905 15905 I AconfigPackage: com.android.server.dreams is mapped to system
07-04 03:49:33.191 15905 15905 I AconfigPackage: com.android.graphics.surfaceflinger.flags is mapped to system
07-04 03:49:33.191 15905 15905 I AconfigPackage: com.android.hardware.input is mapped to system
07-04 03:49:33.191 15905 15905 I AconfigPackage: android.sdk is mapped to system
07-04 03:49:33.191 15905 15905 I AconfigPackage: com.android.input.flags is mapped to system
07-04 03:49:33.191 15905 15905 I AconfigPackage: android.tracing is mapped to system
07-04 03:49:33.191 15905 15905 I AconfigPackage: com.android.server.biometrics is mapped to system
07-04 03:49:33.191 15905 15905 I AconfigPackage: android.view.contentcapture.flags is mapped to system
07-04 03:49:33.191 15905 15905 I AconfigPackage: android.app.job is mapped to system
07-04 03:49:33.191 15905 15905 I AconfigPackage: android.content.res is mapped to system
07-04 03:49:33.191 15905 15905 I AconfigPackage: android.net.platform.flags is mapped to system
07-04 03:49:33.191 15905 15905 I AconfigPackage: com.android.aconfig.flags is mapped to system
07-04 03:49:33.191 15905 15905 I AconfigPackage: com.android.graphics.flags is mapped to system
07-04 03:49:33.191 15905 15905 I AconfigPackage: android.server.app is mapped to system
07-04 03:49:33.191 15905 15905 I AconfigPackage: android.speech.flags is mapped to system
07-04 03:49:33.191 15905 15905 I AconfigPackage: com.android.server.stats is mapped to system
07-04 03:49:33.191 15905 15905 I AconfigPackage: android.hardware.biometrics is mapped to system
07-04 03:49:33.191 15905 15905 I AconfigPackage: android.car.feature is mapped to system
07-04 03:49:33.191 15905 15905 I AconfigPackage: android.adpf is mapped to system
07-04 03:49:33.191 15905 15905 I AconfigPackage: android.location.flags is mapped to system
07-04 03:49:33.192 15905 15905 I AconfigPackage: com.android.settingslib.flags is mapped to system
07-04 03:49:33.192 15905 15905 I AconfigPackage: com.android.managedprovisioning.flags is mapped to system
07-04 03:49:33.192 15905 15905 I AconfigPackage: android.app.assist.flags is mapped to system
07-04 03:49:33.192 15905 15905 I AconfigPackage: com.android.server.net is mapped to system
