07-04 04:37:57.426  1402  1402 I GoogleInputMethodService: GoogleInputMethodService.onStartInput():1293 onStartInput(EditorInfo{EditorInfo{packageName=com.google.android.apps.nexuslauncher, inputType=0, inputTypeString=NULL, enableLearning=false, autoCorrection=false, autoComplete=false, imeOptions=0, privateImeOptions=null, actionName=UNSPECIFIED, actionLabel=null, initialSelStart=-1, initialSelEnd=-1, initialCapsMode=0, label=null, fieldId=0, fieldName=null, extras=null, hintText=null, hintLocales=[]}}, false)
07-04 04:37:57.427  1402  1402 I Module  : DeviceLockedStatusModuleProvider$Module.updateDeviceLockedStatus():100 repeatCheckTimes = 1, locked = false
07-04 04:37:57.428   708   787 W PackageConfigPersister: App-specific configuration not found for packageName: com.google.android.apps.nexuslauncher and userId: 0
07-04 04:37:57.434  1096  1096 W SplitSelectStateCtor: Missing session instanceIds
07-04 04:37:57.435  1096  1096 D StatsLog: LAUNCHER_SPLIT_SELECTION_EXIT_INTERRUPTED
07-04 04:37:57.435   708   787 I AppsFilter: interaction: PackageSetting{81f304a com.android.microdroid.empty_payload/10204} -> PackageSetting{c0badd4 com.tiarnanlarkin.danio/10220} BLOCKED
07-04 04:37:57.442   708   898 I AppWidgetServiceImpl: Received broadcast: android.intent.action.PACKAGE_UNSTOPPED on user 0
07-04 04:37:57.442   708   898 I AppWidgetServiceImpl: Updating package stopped masked state for uid 10220 package com.tiarnanlarkin.danio isStopped false
07-04 04:37:57.444 20820 20820 I nanlarkin.danio: Late-enabling -Xcheck:jni
07-04 04:37:57.449   962  1022 D WindowManagerShell: setLauncherKeepClearAreaHeight: visible=false, height=527
07-04 04:37:57.450   708   920 D BackgroundInstallControlService: Package event received: 0
07-04 04:37:57.450   708   740 W ActivityTaskManager: Unable to send transaction to client proc com.tiarnanlarkin.danio: no app thread
07-04 04:37:57.459   628   695 W IPCThreadState: Sending oneway calls to frozen process.
07-04 04:37:57.470 20820 20820 I nanlarkin.danio: Using CollectorTypeCMC GC.
07-04 04:37:57.471 20820 20820 W nanlarkin.danio: Unexpected CPU variant for x86: x86_64.
07-04 04:37:57.471 20820 20820 W nanlarkin.danio: Known variants: atom, sandybridge, silvermont, goldmont, goldmont-plus, goldmont-without-sha-xsaves, tremont, kabylake, alderlake, default
07-04 04:37:57.480 20820 20820 D nativeloader: Load libframework-connectivity-tiramisu-jni.so using APEX ns com_android_tethering for caller /apex/com.android.tethering/javalib/framework-connectivity-t.jar: ok
07-04 04:37:57.485   572   597 I adbd    : jdwp connection from 20820
07-04 04:37:57.491   708   920 D BackgroundInstallControlService: Package event received: 0
07-04 04:37:57.519 20820 20820 D ApplicationLoaders: Returning zygote-cached class loader: /system_ext/framework/androidx.window.extensions.jar
07-04 04:37:57.519 20820 20820 D ApplicationLoaders: Returning zygote-cached class loader: /system_ext/framework/androidx.window.sidecar.jar
07-04 04:37:57.552   563  1175 I BpBinder: onLastStrongRef automatically unlinking death recipients: 
07-04 04:37:57.712   708   736 V WindowManager: Sent Transition (#164) createdAt=07-04 04:37:57.375 via request=TransitionRequestInfo { type = OPEN, triggerTask = TaskInfo{userId=0 taskId=104 effectiveUid=10220 displayId=0 isRunning=true baseIntent=Intent { act=android.intent.action.VIEW dat=danio://qa/... flg=0x10000000 pkg=com.tiarnanlarkin.danio cmp=com.tiarnanlarkin.danio/.MainActivity } baseActivity=ComponentInfo{com.tiarnanlarkin.danio/com.tiarnanlarkin.danio.MainActivity} topActivity=ComponentInfo{com.tiarnanlarkin.danio/com.tiarnanlarkin.danio.MainActivity} origActivity=null realActivity=ComponentInfo{com.tiarnanlarkin.danio/com.tiarnanlarkin.danio.MainActivity} numActivities=1 lastActiveTime=13842092 supportsMultiWindow=true resizeMode=1 isResizeable=true minWidth=-1 minHeight=-1 defaultMinSize=220 token=WCT{RemoteToken{1e78ded Task{63a333c #104 type=standard I=com.tiarnanlarkin.danio/.MainActivity}}} topActivityType=1 pictureInPictureParams=null shouldDockBigOverlays=false launchIntoPipHostTaskId=-1 lastParentTaskIdBeforePip=-1 displayCutoutSafeInsets=Rect(0, 136 - 0, 0) topActivityInfo=ActivityInfo{f23d422 com.tiarnanlarkin.danio.MainActivity} launchCookies=[] positionInParent=Point(0, 0) parentTaskId=-1 isFocused=false isVisible=false isVisibleRequested=false isTopActivityNoDisplay=false isSleeping=false locusId=null displayAreaFeatureId=1 isTopActivityTransparent=false isActivityStackTransparent=false lastNonFullscreenBounds=Rect(276, 696 - 805, 1776) capturedLink=null capturedLinkTimestamp=0 requestedVisibleTypes=-9 topActivityRequestOpenInBrowserEducationTimestamp=0 appCompatTaskInfo=AppCompatTaskInfo { topActivityInSizeCompat=false eligibleForLetterboxEducation= false isLetterboxEducationEnabled= true isLetterboxDoubleTapEnabled= false eligibleForUserAspectRatioButton= false topActivityBoundsLetterboxed= false isFromLetterboxDoubleTap= false topActivityLetterboxVerticalPosition= -1 topActivityLetterboxHorizontalPosition= -1 topActivityLetterboxWidth=-1 topActivityLetterboxHeight=-1 topActivityAppBounds=Rect(0, 0 - 1080, 2400) isUserFullscreenOverrideEnabled=false isSystemFullscreenOverrideEnabled=false hasMinAspectRatioOverride=false topActivityLetterboxBounds=null cameraCompatTaskInfo=CameraCompatTaskInfo { freeformCameraCompatMode=inactive}} topActivityMainWindowFrame=null}, pipChange = null, remoteTransition = null, displayChange = null, flags = 0, debugId = 164 }
07-04 04:37:57.712   708   736 V WindowManager:     startWCT=WindowContainerTransaction { changes= {} hops= [] errorCallbackToken=null taskFragmentOrganizer=null }
07-04 04:37:57.712   708   736 V WindowManager:     info={id=164 t=OPEN f=0x0 trk=0 r=[0@Point(0, 0)] c=[
07-04 04:37:57.712   708   736 V WindowManager:         {WCT{RemoteToken{1e78ded Task{63a333c #104 type=standard I=com.tiarnanlarkin.danio/.MainActivity}}} m=OPEN f=NONE leash=Surface(name=Task=104)/@0xb0fd817 sb=Rect(0, 0 - 1080, 2400) eb=Rect(0, 0 - 1080, 2400) epz=Point(1080, 2400) d=0 taskParent=-1},
07-04 04:37:57.712   708   736 V WindowManager:         {WCT{RemoteToken{da4b82b Task{cb40660 #1 type=home}}} m=TO_BACK f=SHOW_WALLPAPER leash=Surface(name=Task=1)/@0x1065f04 sb=Rect(0, 0 - 1080, 2400) eb=Rect(0, 0 - 1080, 2400) epz=Point(1080, 2400) d=0 taskParent=-1},
07-04 04:37:57.712   708   736 V WindowManager:         {m=TO_BACK f=IS_WALLPAPER leash=Surface(name=WallpaperWindowToken{d6dfc9a showWhenLocked=false})/@0xf17cf17 sb=Rect(0, 0 - 1080, 2400) eb=Rect(0, 0 - 1080, 2400) epz=Point(1080, 2400) d=0}
07-04 04:37:57.712   708   736 V WindowManager:     ]}
07-04 04:37:57.713   962  1368 V WindowManagerShell: onTransitionReady(transaction=3040836860167)
07-04 04:37:57.714   962  1022 V WindowManagerShell: onTransitionReady (#164) android.os.BinderProxy@a82c72a: {id=164 t=OPEN f=0x0 trk=0 r=[0@Point(0, 0)] c=[
07-04 04:37:57.714   962  1022 V WindowManagerShell:         {m=OPEN f=NONE leash=Surface(name=Task=104)/@0xe734eda sb=Rect(0, 0 - 1080, 2400) eb=Rect(0, 0 - 1080, 2400) epz=Point(1080, 2400) d=0 taskParent=-1},
07-04 04:37:57.714   962  1022 V WindowManagerShell:         {m=TO_BACK f=SHOW_WALLPAPER leash=Surface(name=Task=1)/@0xfbb2f0b sb=Rect(0, 0 - 1080, 2400) eb=Rect(0, 0 - 1080, 2400) epz=Point(1080, 2400) d=0 taskParent=-1},
07-04 04:37:57.714   962  1022 V WindowManagerShell:         {m=TO_BACK f=IS_WALLPAPER leash=Surface(name=WallpaperWindowToken{d6dfc9a showWhenLocked=false})/@0x88a91e8 sb=Rect(0, 0 - 1080, 2400) eb=Rect(0, 0 - 1080, 2400) epz=Point(1080, 2400) d=0}
07-04 04:37:57.714   962  1022 V WindowManagerShell:     ]}
07-04 04:37:57.714   962  1022 V WindowManagerShell: Transition (#164) android.os.BinderProxy@a82c72a@0 ready while (#163) android.os.BinderProxy@6fdd59c@0 is still animating. Notify the animating transition in case they can be merged
07-04 04:37:57.716   962  1022 V WindowManagerShell:    Merge into remote: RemoteTransition { remoteTransition = android.window.IRemoteTransition$Stub$Proxy@22f3676, appThread = android.app.IApplicationThread$Stub$Proxy@5f65477, debugName = QuickstepLaunchHome }
07-04 04:37:57.718   962  1022 V WindowManagerShell: Transition animation finished (aborted=false), notifying core (#163) android.os.BinderProxy@6fdd59c@0
07-04 04:37:57.719   708   736 V WindowManager: Finish Transition (#163): created at 07-04 04:37:57.121 collect-started=0.023ms request-sent=1.829ms started=8.576ms ready=14.332ms sent=179.672ms commit=17.572ms finished=597.336ms
07-04 04:37:57.720   708  1851 E IPCThreadState: Binder transaction failure. id: 6033499, BR_*: 29189, error: -22 (Invalid argument)
07-04 04:37:57.720   708  1851 W ActivityManager: pid 708 system sent binder code 7 with flags 1 to frozen apps and got error -32
07-04 04:37:57.720   708  1851 W WindowManager: Exception thrown during dispatchAppVisibility Window{57840c1 u0 com.tiarnanlarkin.danio/com.tiarnanlarkin.danio.MainActivity EXITING}
07-04 04:37:57.720   708  1851 W WindowManager: android.os.DeadObjectException
07-04 04:37:57.720   708  1851 W WindowManager: 	at android.os.BinderProxy.transactNative(Native Method)
07-04 04:37:57.720   708  1851 W WindowManager: 	at android.os.BinderProxy.transact(BinderProxy.java:592)
07-04 04:37:57.720   708  1851 W WindowManager: 	at android.view.IWindow$Stub$Proxy.dispatchAppVisibility(IWindow.java:557)
07-04 04:37:57.720   708  1851 W WindowManager: 	at com.android.server.wm.WindowState.sendAppVisibilityToClients(WindowState.java:3151)
07-04 04:37:57.720   708  1851 W WindowManager: 	at com.android.server.wm.WindowContainer.sendAppVisibilityToClients(WindowContainer.java:1311)
07-04 04:37:57.720   708  1851 W WindowManager: 	at com.android.server.wm.WindowToken.setClientVisible(WindowToken.java:389)
07-04 04:37:57.720   708  1851 W WindowManager: 	at com.android.server.wm.ActivityRecord.setClientVisible(ActivityRecord.java:6650)
07-04 04:37:57.720   708  1851 W WindowManager: 	at com.android.server.wm.ActivityRecord.commitVisibility(ActivityRecord.java:5561)
07-04 04:37:57.720   708  1851 W WindowManager: 	at com.android.server.wm.Transition.finishTransition(Transition.java:1391)
07-04 04:37:57.720   708  1851 W WindowManager: 	at com.android.server.wm.TransitionController.finishTransition(TransitionController.java:1029)
07-04 04:37:57.720   708  1851 W WindowManager: 	at com.android.server.wm.WindowOrganizerController.finishTransition(WindowOrganizerController.java:496)
07-04 04:37:57.720   708  1851 W WindowManager: 	at android.window.IWindowOrganizerController$Stub.onTransact(IWindowOrganizerController.java:261)
07-04 04:37:57.720   708  1851 W WindowManager: 	at com.android.server.wm.WindowOrganizerController.onTransact(WindowOrganizerController.java:223)
07-04 04:37:57.720   708  1851 W WindowManager: 	at android.os.Binder.execTransactInternal(Binder.java:1421)
07-04 04:37:57.720   708  1851 W WindowManager: 	at android.os.Binder.execTransact(Binder.java:1365)
07-04 04:37:57.720   708  1851 W Process : Unable to open /proc/20723/status
07-04 04:37:57.724   962  1022 V WindowManagerShell: Playing animation for (#164) android.os.BinderProxy@a82c72a@0
07-04 04:37:57.724   962  1022 V ShellRecents: RecentsTransitionHandler.startAnimation: no controller found
07-04 04:37:57.725   962  1022 V WindowManagerShell: Transition doesn't have explicit remote, search filters for match for {id=164 t=OPEN f=0x0 trk=0 r=[0@Point(0, 0)] c=[{m=OPEN f=NONE leash=Surface(name=Task=104)/@0xe734eda sb=Rect(0, 0 - 1080, 2400) eb=Rect(0, 0 - 1080, 2400) epz=Point(1080, 2400) d=0 taskParent=-1},{m=TO_BACK f=SHOW_WALLPAPER leash=Surface(name=Task=1)/@0xfbb2f0b sb=Rect(0, 0 - 1080, 2400) eb=Rect(0, 0 - 1080, 2400) epz=Point(1080, 2400) d=0 taskParent=-1},{m=TO_BACK f=IS_WALLPAPER leash=Surface(name=WallpaperWindowToken{d6dfc9a showWhenLocked=false})/@0x88a91e8 sb=Rect(0, 0 - 1080, 2400) eb=Rect(0, 0 - 1080, 2400) epz=Point(1080, 2400) d=0}]}
07-04 04:37:57.725   962  1022 V WindowManagerShell:  Checking filter Pair{{types=[] flags=0x0] notFlags=0x0 checks=[{atype=undefined independent=true modes=[CLOSE,TO_BACK] flags=IN_TASK_WITH_EMBEDDED_ACTIVITY mustBeTask=false order=ANY topActivity=null launchCookie=null taskFragmentToken=android.os.BinderProxy@2412495 windowingMode=undefined}]} RemoteTransition { remoteTransition = android.window.IRemoteTransition$Stub$Proxy@f2029aa, appThread = android.app.IApplicationThread$Stub$Proxy@dfb99b, debugName = overlayBackTransition }}
07-04 04:37:57.725   962  1022 V WindowManagerShell:  Checking filter Pair{{types=[] flags=0x0] notFlags=0x0 checks=[{atype=dream independent=true modes=[OPEN,TO_FRONT] flags=NONE mustBeTask=false order=ANY topActivity=null launchCookie=null windowingMode=undefined},{atype=home independent=true modes=[CLOSE,TO_BACK] flags=NONE mustBeTask=false order=ANY topActivity=null launchCookie=null windowingMode=undefined}]} RemoteTransition { remoteTransition = android.window.IRemoteTransition$Stub$Proxy@2b17138, appThread = android.app.IApplicationThread$Stub$Proxy@f5c7511, debugName = LauncherToDream }}
07-04 04:37:57.725   962  1022 V WindowManagerShell:  Checking filter Pair{{types=[] flags=0x0] notFlags=0x100 checks=[{atype=home independent=true modes=[OPEN,TO_FRONT] flags=NONE mustBeTask=false order=TOP topActivity=ComponentInfo{com.google.android.apps.nexuslauncher/com.google.android.apps.nexuslauncher.NexusLauncherActivity} launchCookie=null windowingMode=undefined},{atype=standard independent=true modes=[CLOSE,TO_BACK] flags=NONE mustBeTask=false order=ANY topActivity=null launchCookie=null windowingMode=undefined},{NOT atype=undefined independent=true modes=[] flags=NONE mustBeTask=true order=ANY topActivity=null launchCookie=null customAnim=true windowingMode=undefined}]} RemoteTransition { remoteTransition = android.window.IRemoteTransition$Stub$Proxy@22f3676, appThread = android.app.IApplicationThread$Stub$Proxy@5f65477, debugName = QuickstepLaunchHome }}
07-04 04:37:57.725   962  1022 V WindowManagerShell:  Delegate animation for (#164) to null
07-04 04:37:57.725   962  1022 V WindowManagerShell: start default transition animation, info = {id=164 t=OPEN f=0x0 trk=0 r=[0@Point(0, 0)] c=[{m=OPEN f=NONE leash=Surface(name=Task=104)/@0xe734eda sb=Rect(0, 0 - 1080, 2400) eb=Rect(0, 0 - 1080, 2400) epz=Point(1080, 2400) d=0 taskParent=-1},{m=TO_BACK f=SHOW_WALLPAPER leash=Surface(name=Task=1)/@0xfbb2f0b sb=Rect(0, 0 - 1080, 2400) eb=Rect(0, 0 - 1080, 2400) epz=Point(1080, 2400) d=0 taskParent=-1},{m=TO_BACK f=IS_WALLPAPER leash=Surface(name=WallpaperWindowToken{d6dfc9a showWhenLocked=false})/@0x88a91e8 sb=Rect(0, 0 - 1080, 2400) eb=Rect(0, 0 - 1080, 2400) epz=Point(1080, 2400) d=0}]}
07-04 04:37:57.725   962  1022 V WindowManagerShell: loadAnimation: anim=android.view.animation.AnimationSet@16ae494 animAttr=0x13 type=OPEN isEntrance=false
07-04 04:37:57.725   962  1022 V WindowManagerShell: loadAnimation: anim=android.view.animation.AnimationSet@95bb600 animAttr=0x12 type=OPEN isEntrance=true
07-04 04:37:57.726   962  1022 V WindowManagerShell:  animated by com.android.wm.shell.transition.DefaultTransitionHandler@f0f10f1
07-04 04:37:57.706     0     0 I binder  : 1851:708 cannot find target node
07-04 04:37:57.706     0     0 I binder  : 708:1851 transaction async to 0:0 failed 6033499/29189/-22, size 64-0 line 3348
07-04 04:37:57.797   563   563 E BpTransactionCompletedListener: Failed to transact (-32)
07-04 04:37:57.798   563   563 E BpTransactionCompletedListener: Failed to transact (-32)
07-04 04:37:57.823  1096  1096 D RecentsView: onTaskRemoved: 103, not handling task stack changes
07-04 04:37:57.823  1096  1096 D RecentsView: onTaskRemoved: 103, not handling task stack changes
07-04 04:37:57.832 20820 20820 D nativeloader: Configuring clns-9 for other apk /data/app/~~gFrKTuFocaeGfouSAEMyyQ==/com.tiarnanlarkin.danio-hPc2L2b15lO9aKor3Xa1ag==/base.apk. target_sdk_version=36, uses_libraries=, library_path=/data/app/~~gFrKTuFocaeGfouSAEMyyQ==/com.tiarnanlarkin.danio-hPc2L2b15lO9aKor3Xa1ag==/lib/x86_64:/data/app/~~gFrKTuFocaeGfouSAEMyyQ==/com.tiarnanlarkin.danio-hPc2L2b15lO9aKor3Xa1ag==/base.apk!/lib/x86_64, permitted_path=/data:/mnt/expand:/data/user/0/com.tiarnanlarkin.danio
07-04 04:37:57.835 20820 20820 I nanlarkin.danio: AssetManager2(0x7a9a7ea19618) locale list changing from [] to [en-US]
07-04 04:37:57.840 20820 20820 V GraphicsEnvironment: Currently set values for:
07-04 04:37:57.840 20820 20820 V GraphicsEnvironment:   angle_gl_driver_selection_pkgs=[]
07-04 04:37:57.840 20820 20820 V GraphicsEnvironment:   angle_gl_driver_selection_values=[]
07-04 04:37:57.841 20820 20820 V GraphicsEnvironment: com.tiarnanlarkin.danio is not listed in per-application setting
07-04 04:37:57.841 20820 20820 V GraphicsEnvironment: ANGLE allowlist from config: com.dreamgames.royalmatch com.dts.freefiremax com.dxx.firenow com.gramgames.mergedragons com.ludo.king com.mojang.minecraftpe com.my.defense com.nintendo.zaka com.os.airforce com.playrix.fishdomdd.gplay io.teslatech.callbreak jp.konami.prospia net.peakgames.toonblast
07-04 04:37:57.841 20820 20820 V GraphicsEnvironment: com.tiarnanlarkin.danio is not listed in ANGLE allowlist or settings, returning default
07-04 04:37:57.841 20820 20820 V GraphicsEnvironment: Neither updatable production driver nor prerelease driver is supported.
07-04 04:37:57.904   708   787 W OptProp : Cannot read opt property android.window.PROPERTY_COMPAT_ENABLE_FAKE_FOCUS
07-04 04:37:57.909   708   920 D BackgroundInstallControlService: Package event received: 0
07-04 04:37:57.909   708   920 D BackgroundInstallControlService: Package event received: 0
07-04 04:37:57.912 20820 20835 I DisplayManager: Choreographer implicitly registered for the refresh rate.
07-04 04:37:57.929 20820 20820 I nanlarkin.danio: AssetManager2(0x7a9a7ea192f8) locale list changing from [] to [en-US]
07-04 04:37:57.944 20820 20820 E ashmem  : Pinning is deprecated since Android Q. Please use trim or other methods.
07-04 04:37:57.963 20820 20835 I EGL_emulation: Opening libGLESv1_CM_emulation.so
07-04 04:37:57.964 20820 20835 I EGL_emulation: Opening libGLESv2_emulation.so
07-04 04:37:58.050   962  1065 W Looper  : Slow dispatch took 86ms wmshell.anim app=com.android.systemui main=false group=TOP_APP h=android.view.Choreographer$FrameHandler c=android.view.Choreographer$FrameDisplayEventReceiver@5f940df m=0
07-04 04:37:58.051 20820 20837 D FlutterJNI: Beginning load of flutter...
07-04 04:37:58.057 20820 20835 W HWUI    : Failed to choose config with EGL_SWAP_BEHAVIOR_PRESERVED, retrying without...
07-04 04:37:58.057 20820 20835 W HWUI    : Failed to initialize 101010-2 format, error = EGL_SUCCESS
07-04 04:37:58.060 20820 20838 I ResourceExtractor: Found extracted resources res_timestamp-1-1783135999634
07-04 04:37:58.067   962  1022 V WindowManagerShell: Transition animation finished (aborted=false), notifying core (#164) android.os.BinderProxy@a82c72a@0
07-04 04:37:58.069   708   736 V WindowManager: Finish Transition (#164): created at 07-04 04:37:57.375 collect-started=0.012ms request-sent=15.665ms started=18.604ms ready=335.414ms sent=336.226ms commit=44.867ms finished=692.634ms
07-04 04:37:58.073   962  1022 V WindowManagerShell: Track 0 became idle
07-04 04:37:58.073   962  1022 V WindowManagerShell: All active transition animations finished
07-04 04:37:58.166   708   863 D WifiClientModeImpl[26229:wlan0]: updateLinkLayerStatsRssiSpeedFrequencyCapabilities rssi=-50 TxLinkspeed=1 freq=2447 RxLinkSpeed=2
07-04 04:37:58.166   708   863 D WifiDataStall: tx tput in kbps: 11000
07-04 04:37:58.166   708   863 D WifiDataStall: rx tput in kbps: 11000
07-04 04:37:58.166   708   863 V WifiConfigManager: Updating scan detail cache freq=2447 BSSID=00:13:10:85:fe:01 RSSI=-50 for "AndroidWifi"NONE
07-04 04:37:58.166   708   863 D WifiThroughputPredictor:  utilization (LLS) 80 isBluetoothConnected: false final utilization: 80
07-04 04:37:58.166   708   863 D WifiThroughputPredictor:  BW: 0 RSSI: -50 Nss: 1 Mode: 1 symDur: 4000 snrDb 30 bitPerTone: 4500 rate: 54 throughput: 11
07-04 04:37:58.166   708   863 D WifiThroughputPredictor:  utilization (LLS) 80 isBluetoothConnected: false final utilization: 80
07-04 04:37:58.166   708   863 D WifiThroughputPredictor:  BW: 0 RSSI: -50 Nss: 1 Mode: 1 symDur: 4000 snrDb 30 bitPerTone: 4500 rate: 54 throughput: 11
07-04 04:37:58.166   708   863 D WifiThroughputPredictor:  utilization (LLS) 80 isBluetoothConnected: false final utilization: 80
07-04 04:37:58.166   708   863 D WifiThroughputPredictor:  BW: 0 RSSI: -50 Nss: 1 Mode: 1 symDur: 4000 snrDb 30 bitPerTone: 4500 rate: 54 throughput: 11
07-04 04:37:58.166   708   863 D WifiThroughputPredictor:  utilization (LLS) 80 isBluetoothConnected: false final utilization: 80
07-04 04:37:58.166   708   863 D WifiThroughputPredictor:  BW: 0 RSSI: -50 Nss: 1 Mode: 1 symDur: 4000 snrDb 30 bitPerTone: 4500 rate: 54 throughput: 11
07-04 04:37:58.166   708   863 D WifiScoreCard: BSSID update SIGNAL_POLL ID: 52320190 SSID: "AndroidWifi", BSSID: 00:13:10:85:fe:01, MAC: 02:15:b2:00:00:00, IP: /10.0.2.16, Security type: 0, Supplicant state: COMPLETED, Wi-Fi standard: legacy, RSSI: -50, Link speed: 1Mbps, Tx Link speed: 1Mbps, Max Supported Tx Link speed: 11Mbps, Rx Link speed: 2Mbps, Max Supported Rx Link speed: 11Mbps, Frequency: 2447MHz, Net ID: 0, Metered hint: false, score: 60, isUsable: true, CarrierMerged: false, SubscriptionId: -1, IsPrimary: 1, Trusted: true, Restricted: false, Ephemeral: false, OEM paid: false, OEM private: false, OSU AP: false, FQDN: <none>, Provider friendly name: <none>, Requesting package name: <none>"AndroidWifi"openMLO Information: , Is TID-To-Link negotiation supported by the AP: false, AP MLD Address: <none>, AP MLO Link Id: <none>, AP MLO Affiliated links: <none>, Vendor Data: <none>
07-04 04:37:58.166   708   863 D WifiScoreCard: txRate: 1 txSpeed: 1
07-04 04:37:58.166   708   863 D WifiScoreCard: network update SIGNAL_POLL "AndroidWifi" ID: 843735694 RSSI -50 txSpeed -1
07-04 04:37:58.167   708   863 D WifiClientModeImpl[26229:wlan0]:  ClientModeImpl$L2ConnectedState screen=on 6 0 "AndroidWifi" 00:13:10:85:fe:01 rssi=-50 f=2447 sc=60 link=1 tx=0.0, 0.0, 0.0 rx=0.0 bcn=0 [on:0 tx:0 rx:0 period:3036] from screen [on:0 period:724850327] score=60
07-04 04:37:58.197  1096  1096 D VRI[NexusLauncherActivity]: visibilityChanged oldVisibility=true newVisibility=false
07-04 04:37:58.198  1096  1096 D NexusLauncherModelDelegate: notifySmartspaceEvent: SmartspaceTargetEvent{mSmartspaceTarget=null, mSmartspaceActionId='null', mEventType=7}
07-04 04:37:58.204 20820 20837 D nativeloader: Load /data/app/~~gFrKTuFocaeGfouSAEMyyQ==/com.tiarnanlarkin.danio-hPc2L2b15lO9aKor3Xa1ag==/base.apk!/lib/x86_64/libflutter.so using class loader ns clns-9 (caller=/data/app/~~gFrKTuFocaeGfouSAEMyyQ==/com.tiarnanlarkin.danio-hPc2L2b15lO9aKor3Xa1ag==/base.apk): ok
07-04 04:37:58.205 20820 20837 D FlutterJNI: flutter (null) was loaded normally!
07-04 04:37:58.216   708   787 D FileUtils: Rounded bytes from 2592600064 to 4000000000
07-04 04:37:58.228 20820 20839 D skia    : [SkFontMgr Android Parser] '/product/etc/fonts_customization.xml' could not be opened
07-04 04:37:58.232 20820 20820 I nanlarkin.danio: AssetManager2(0x7a9a7ea1fd38) locale list changing from [] to [en-US]
07-04 04:37:58.236 20820 20820 W nanlarkin.danio: type=1400 audit(0.0:150): avc:  denied  { read } for  name="max_map_count" dev="proc" ino=18240 scontext=u:r:untrusted_app:s0:c220,c256,c512,c768 tcontext=u:object_r:proc_max_map_count:s0 tclass=file permissive=0 app=com.tiarnanlarkin.danio
07-04 04:37:58.270 20820 20820 D DesktopModeFlags: Toggle override initialized to: OVERRIDE_UNSET
07-04 04:37:58.298  1096  1096 D ScalingWorkspaceRevealAnim: alpha of workspace at the end of animation: 1.0
07-04 04:37:58.355 20820 20846 I flutter : The Dart VM service is listening on http://127.0.0.1:39017/hRCBMXOspFI=/
07-04 04:37:58.364 20820 20840 I flutter : [IMPORTANT:flutter/shell/platform/android/android_context_gl_impeller.cc(104)] Using the Impeller rendering backend (OpenGLES).
07-04 04:37:58.559 20820 20820 D com.llfbandit.app_links: Intent { act=android.intent.action.VIEW dat=danio://qa/... flg=0x10000000 xflg=0x4 pkg=com.tiarnanlarkin.danio cmp=com.tiarnanlarkin.danio/.MainActivity }
07-04 04:37:58.559 20820 20820 D com.llfbandit.app_links: Handled intent: action: android.intent.action.VIEW / data: danio://qa/unlock-celebration
07-04 04:37:58.591 20820 20820 I nanlarkin.danio: hiddenapi: Accessing hidden method Landroid/view/accessibility/AccessibilityNodeInfo;->getSourceNodeId()J (runtime_flags=0, domain=platform, api=unsupported,test-api) from Lio/flutter/view/AccessibilityViewEmbedder$ReflectionAccessors; (domain=app) using reflection: allowed
07-04 04:37:58.592 20820 20820 I nanlarkin.danio: hiddenapi: Accessing hidden method Landroid/view/accessibility/AccessibilityRecord;->getSourceNodeId()J (runtime_flags=0, domain=platform, api=unsupported) from Lio/flutter/view/AccessibilityViewEmbedder$ReflectionAccessors; (domain=app) using reflection: allowed
07-04 04:37:58.592 20820 20820 I nanlarkin.danio: hiddenapi: Accessing hidden field Landroid/view/accessibility/AccessibilityNodeInfo;->mChildNodeIds:Landroid/util/LongArray; (runtime_flags=0, domain=platform, api=unsupported) from Lio/flutter/view/AccessibilityViewEmbedder$ReflectionAccessors; (domain=app) using reflection: allowed
07-04 04:37:58.592 20820 20820 I nanlarkin.danio: hiddenapi: Accessing hidden method Landroid/util/LongArray;->get(I)J (runtime_flags=0, domain=platform, api=unsupported) from Lio/flutter/view/AccessibilityViewEmbedder$ReflectionAccessors; (domain=app) using reflection: allowed
07-04 04:37:58.601 20820 20820 D FlutterRenderer: Width is zero. 0,0
07-04 04:37:58.603 20820 20820 D CompatChangeReporter: Compat change id reported: 377864165; UID 10220; state: ENABLED
07-04 04:37:58.612 20820 20820 W HWUI    : Unknown dataspace 0
07-04 04:37:58.597     0     0 I servicemanager: Caller(pid=20820,uid=10220,sid=u:r:untrusted_app:s0:c220,c256,c512,c768) Found android.hardware.graphics.allocator.IAllocator/default in device VINTF manifest.
07-04 04:37:58.600     0     0 I servicemanager: Caller(pid=20820,uid=10220,sid=u:r:untrusted_app:s0:c220,c256,c512,c768) Found android.hardware.graphics.allocator.IAllocator/default in device VINTF manifest.
07-04 04:37:58.603     0     0 I servicemanager: Caller(pid=20820,uid=10220,sid=u:r:untrusted_app:s0:c220,c256,c512,c768) Found mapper/ranchu in device VINTF manifest.
07-04 04:37:58.796 20820 20820 I Choreographer: Skipped 53 frames!  The application may be doing too much work on its main thread.
07-04 04:37:58.798   708   787 D CoreBackPreview: Window{fc3e10b u0 com.tiarnanlarkin.danio/com.tiarnanlarkin.danio.MainActivity}: Setting back callback OnBackInvokedCallbackInfo{mCallback=android.window.IOnBackInvokedCallback$Stub$Proxy@f8a0201, mPriority=-1, mIsAnimationCallback=false, mOverrideBehavior=0}
07-04 04:37:58.821 20820 20820 I WindowExtensionsImpl: Initializing Window Extensions, vendor API level=9, activity embedding enabled=true
07-04 04:37:58.832 20820 20820 D FlutterRenderer: Width is zero. 0,0
07-04 04:37:58.833 20820 20824 I nanlarkin.danio: Compiler allocated 5042KB to compile void android.view.ViewRootImpl.performTraversals()
07-04 04:37:58.838 20820 20820 D FlutterJNI: Sending viewport metrics to the engine.
07-04 04:37:59.267   708   787 W OptProp : Cannot read opt property android.window.PROPERTY_COMPAT_IGNORE_REQUESTED_ORIENTATION
07-04 04:37:59.267   708   787 W OptProp : Cannot read opt property android.window.PROPERTY_COMPAT_ALLOW_IGNORING_ORIENTATION_REQUEST_WHEN_LOOP_DETECTED
07-04 04:37:59.310 20820 20820 D WindowLayoutComponentImpl: Register WindowLayoutInfoListener on Context=com.tiarnanlarkin.danio.MainActivity@5002cff, of which baseContext=android.app.ContextImpl@6b98991
07-04 04:37:59.762 20820 20820 D FlutterJNI: Sending viewport metrics to the engine.
07-04 04:38:00.591 20820 20820 I flutter : [LocalJsonStorageService] ✅ Storage loaded successfully: 1 tanks, 2 livestock, 3 equipment
07-04 04:38:00.630 20820 20820 I Choreographer: Skipped 53 frames!  The application may be doing too much work on its main thread.
07-04 04:38:00.636 20820 20820 D FlutterJNI: Sending viewport metrics to the engine.
07-04 04:38:00.694 20820 20829 I HWUI    : Davey! duration=930ms; Flags=1, FrameTimelineVsyncId=5199401, IntendedVsync=13844449180218, Vsync=13845332513516, InputEventId=0, HandleInputStart=13845333616959, AnimationStart=13845333618667, PerformTraversalsStart=13845333619370, DrawStart=13845346612106, FrameDeadline=13844465846884, FrameStartTime=13845332961134, FrameInterval=16666666, WorkloadTarget=16666666, SyncQueued=13845347437595, SyncStart=13845351933310, IssueDrawCommandsStart=13845352840325, SwapBuffers=13845358485666, FrameCompleted=13845383965765, DequeueBufferDuration=21240557, QueueBufferDuration=1438940, GpuCompleted=13845366817494, SwapBuffersCompleted=13845383965765, DisplayPresentTime=134799404786480, CommandSubmissionCompleted=13845358485666, 
07-04 04:38:00.699   708   736 I ActivityTaskManager: Displayed com.tiarnanlarkin.danio/.MainActivity for user 0: +3s322ms
07-04 04:38:00.699   708   736 I ActivityTaskManager: Fully drawn com.tiarnanlarkin.danio/.MainActivity: +3s322ms
07-04 04:38:01.068   628   695 W IPCThreadState: Sending oneway calls to frozen process.
07-04 04:38:01.091   487   525 I netd    : tetherGetStats() -> {[]} <0.91ms>
07-04 04:38:01.115  1096  1096 D BaseDepthController: setSurface:
07-04 04:38:01.115  1096  1096 D BaseDepthController: 	mWaitingOnSurfaceValidity: false
07-04 04:38:01.115  1096  1096 D BaseDepthController: 	mBaseSurface: null
07-04 04:38:01.116  1096  1096 D BaseDepthController: mSurface is null and mCurrentBlur is: 0
07-04 04:38:01.116  1096  1096 D StateManager: goToState - fromState: Normal, toState: Normal, partial trace:
07-04 04:38:01.116  1096  1096 D StateManager: 	at com.android.launcher3.statemanager.StateManager.moveToRestState(go/retraceme 43e00d9cd0eb17b3d9dd30fc1741b1c71445c4c0f7c8c9b81300265c86c5b873:4)
07-04 04:38:01.116  1096  1096 D StateManager: 	at com.android.launcher3.statemanager.StateManager.moveToRestState(go/retraceme 43e00d9cd0eb17b3d9dd30fc1741b1c71445c4c0f7c8c9b81300265c86c5b873:1)
07-04 04:38:01.116  1096  1096 D StateManager: 	at com.android.launcher3.statemanager.StatefulActivity.onStop(go/retraceme 43e00d9cd0eb17b3d9dd30fc1741b1c71445c4c0f7c8c9b81300265c86c5b873:34)
07-04 04:38:01.117  1096  1096 D StatsLog: LAUNCHER_ONSTOP
07-04 04:38:01.117   708  1851 I AppWidgetServiceImpl: setAppWidgetHidden() 0
07-04 04:38:01.117  1096  1096 D StatsLog: LAUNCHER_GOOGLE_SEARCH_RESTORE_LIST_SIZE_AFTER_ACTIVITY_RESTART
07-04 04:38:01.165   708  1851 W IPCThreadState: Sending oneway calls to frozen process.
07-04 04:38:01.169   708   920 D BackgroundInstallControlService: Package event received: 0
07-04 04:38:01.175   708   863 D WifiClientModeImpl[26229:wlan0]: updateLinkLayerStatsRssiSpeedFrequencyCapabilities rssi=-50 TxLinkspeed=1 freq=2447 RxLinkSpeed=2
07-04 04:38:01.175   708   863 D WifiDataStall: tx tput in kbps: 11000
07-04 04:38:01.176   708   863 D WifiDataStall: rx tput in kbps: 11000
07-04 04:38:01.176   708   863 V WifiConfigManager: Updating scan detail cache freq=2447 BSSID=00:13:10:85:fe:01 RSSI=-50 for "AndroidWifi"NONE
07-04 04:38:01.176   708   863 D WifiThroughputPredictor:  utilization (LLS) 80 isBluetoothConnected: false final utilization: 80
07-04 04:38:01.176   708   863 D WifiThroughputPredictor:  BW: 0 RSSI: -50 Nss: 1 Mode: 1 symDur: 4000 snrDb 30 bitPerTone: 4500 rate: 54 throughput: 11
07-04 04:38:01.176   708   863 D WifiThroughputPredictor:  utilization (LLS) 80 isBluetoothConnected: false final utilization: 80
07-04 04:38:01.176   708   863 D WifiThroughputPredictor:  BW: 0 RSSI: -50 Nss: 1 Mode: 1 symDur: 4000 snrDb 30 bitPerTone: 4500 rate: 54 throughput: 11
07-04 04:38:01.176   708   863 D WifiThroughputPredictor:  utilization (LLS) 80 isBluetoothConnected: false final utilization: 80
07-04 04:38:01.176   708   863 D WifiThroughputPredictor:  BW: 0 RSSI: -50 Nss: 1 Mode: 1 symDur: 4000 snrDb 30 bitPerTone: 4500 rate: 54 throughput: 11
07-04 04:38:01.176   708   863 D WifiThroughputPredictor:  utilization (LLS) 80 isBluetoothConnected: false final utilization: 80
07-04 04:38:01.176   708   863 D WifiThroughputPredictor:  BW: 0 RSSI: -50 Nss: 1 Mode: 1 symDur: 4000 snrDb 30 bitPerTone: 4500 rate: 54 throughput: 11
07-04 04:38:01.176   708   863 D WifiScoreCard: BSSID update SIGNAL_POLL ID: 52320190 SSID: "AndroidWifi", BSSID: 00:13:10:85:fe:01, MAC: 02:15:b2:00:00:00, IP: /10.0.2.16, Security type: 0, Supplicant state: COMPLETED, Wi-Fi standard: legacy, RSSI: -50, Link speed: 1Mbps, Tx Link speed: 1Mbps, Max Supported Tx Link speed: 11Mbps, Rx Link speed: 2Mbps, Max Supported Rx Link speed: 11Mbps, Frequency: 2447MHz, Net ID: 0, Metered hint: false, score: 60, isUsable: true, CarrierMerged: false, SubscriptionId: -1, IsPrimary: 1, Trusted: true, Restricted: false, Ephemeral: false, OEM paid: false, OEM private: false, OSU AP: false, FQDN: <none>, Provider friendly name: <none>, Requesting package name: <none>"AndroidWifi"openMLO Information: , Is TID-To-Link negotiation supported by the AP: false, AP MLD Address: <none>, AP MLO Link Id: <none>, AP MLO Affiliated links: <none>, Vendor Data: <none>
07-04 04:38:01.176   708   863 D WifiScoreCard: txRate: 1 txSpeed: 1
07-04 04:38:01.176   708   863 D WifiScoreCard: network update SIGNAL_POLL "AndroidWifi" ID: 843735694 RSSI -50 txSpeed -1
07-04 04:38:01.176   708   863 D WifiClientModeImpl[26229:wlan0]:  ClientModeImpl$L2ConnectedState screen=on 6 0 "AndroidWifi" 00:13:10:85:fe:01 rssi=-50 f=2447 sc=60 link=1 tx=0.0, 0.0, 0.0 rx=0.0 bcn=0 [on:0 tx:0 rx:0 period:3009] from screen [on:0 period:724853336] score=60
07-04 04:38:01.281   708  1545 D CoreBackPreview: Window{fc3e10b u0 com.tiarnanlarkin.danio/com.tiarnanlarkin.danio.MainActivity}: Setting back callback OnBackInvokedCallbackInfo{mCallback=android.window.IOnBackInvokedCallback$Stub$Proxy@66459a9, mPriority=0, mIsAnimationCallback=true, mOverrideBehavior=0}
07-04 04:38:01.281 20820 20820 W WindowOnBackDispatcher: sendCancelIfRunning: isInProgress=false callback=io.flutter.embedding.android.FlutterActivity$1@58453ef
07-04 04:38:01.283   708  1545 D CoreBackPreview: Window{fc3e10b u0 com.tiarnanlarkin.danio/com.tiarnanlarkin.danio.MainActivity}: Setting back callback OnBackInvokedCallbackInfo{mCallback=android.window.IOnBackInvokedCallback$Stub$Proxy@dc1db2e, mPriority=-1, mIsAnimationCallback=false, mOverrideBehavior=0}
07-04 04:38:01.303 20820 20820 I flutter : [QA] Deep link: danio://qa/unlock-celebration
07-04 04:38:01.415   708  1658 E TaskPersister: File error accessing recents directory (directory doesn't exist?).
07-04 04:38:01.509   708   831 I ImeTracker: com.tiarnanlarkin.danio:854bbcb9: onRequestHide at ORIGIN_SERVER reason HIDE_UNSPECIFIED_WINDOW fromUser false
07-04 04:38:01.512  1402  1402 I GoogleInputMethodService: GoogleInputMethodService.onFinishInput():2043 
07-04 04:38:01.512  1402  1402 I Module  : DeviceLockedStatusModuleProvider$Module.updateDeviceLockedStatus():100 repeatCheckTimes = 0, locked = false
07-04 04:38:01.513  1402  1402 I GoogleInputMethodService: GoogleInputMethodService.onStartInput():1293 onStartInput(EditorInfo{EditorInfo{packageName=com.tiarnanlarkin.danio, inputType=0, inputTypeString=NULL, enableLearning=false, autoCorrection=false, autoComplete=false, imeOptions=0, privateImeOptions=null, actionName=UNSPECIFIED, actionLabel=null, initialSelStart=-1, initialSelEnd=-1, initialCapsMode=0, label=null, fieldId=0, fieldName=null, extras=null, hintText=null, hintLocales=[]}}, false)
07-04 04:38:01.513   708  1545 I ImeTracker: system_server:d94139f6: onRequestHide at ORIGIN_SERVER reason IME_REQUESTED_CHANGED_LISTENER fromUser false
07-04 04:38:01.513   708   739 I ImeTracker: system_server:d94139f6: onCancelled at PHASE_SERVER_SHOULD_HIDE
07-04 04:38:01.534  1402  1402 I Module  : DeviceLockedStatusModuleProvider$Module.updateDeviceLockedStatus():100 repeatCheckTimes = 1, locked = false
07-04 04:38:01.534   708  1851 W PackageConfigPersister: App-specific configuration not found for packageName: com.tiarnanlarkin.danio and userId: 0
07-04 04:38:01.554   708  1851 D CoreBackPreview: Window{fc3e10b u0 com.tiarnanlarkin.danio/com.tiarnanlarkin.danio.MainActivity}: Setting back callback OnBackInvokedCallbackInfo{mCallback=android.window.IOnBackInvokedCallback$Stub$Proxy@af680c7, mPriority=0, mIsAnimationCallback=true, mOverrideBehavior=0}
07-04 04:38:01.554 20820 20820 D FlutterJNI: Sending viewport metrics to the engine.
07-04 04:38:01.578   708  1851 D ConnectivityService: requestNetwork for uid/pid:10220/20820 activeRequest: null callbackRequest: 302 [NetworkRequest [ REQUEST id=303, [ Capabilities: INTERNET&NOT_RESTRICTED&TRUSTED&NOT_VCN_MANAGED&NOT_BANDWIDTH_CONSTRAINED Uid: 10220 RequestorUid: 10220 RequestorPkg: com.tiarnanlarkin.danio UnderlyingNetworks: Null] ]] callback flags: 0 order: 2147483647 isUidTracked: false declaredMethods: AVAIL|LOST|NC
07-04 04:38:01.579   708   869 D ConnectivityService: NetReassign [303 : null → 106] [c 0] [a 1] [i 0]
07-04 04:38:01.580   708   863 D WifiNetworkFactory: got request NetworkRequest [ REQUEST id=303, [ Capabilities: INTERNET&NOT_RESTRICTED&TRUSTED&NOT_VCN_MANAGED&NOT_BANDWIDTH_CONSTRAINED Uid: 10220 RequestorUid: 10220 RequestorPkg: com.tiarnanlarkin.danio UnderlyingNetworks: Null] ]
07-04 04:38:01.580   708   863 V WifiNetworkFactory: Accepted network request NetworkRequest [ REQUEST id=303, [ Capabilities: INTERNET&NOT_RESTRICTED&TRUSTED&NOT_VCN_MANAGED&NOT_BANDWIDTH_CONSTRAINED Uid: 10220 RequestorUid: 10220 RequestorPkg: com.tiarnanlarkin.danio UnderlyingNetworks: Null] ]
07-04 04:38:01.580   708   863 D UntrustedWifiNetworkFactory: got request NetworkRequest [ REQUEST id=303, [ Capabilities: INTERNET&NOT_RESTRICTED&TRUSTED&NOT_VCN_MANAGED&NOT_BANDWIDTH_CONSTRAINED Uid: 10220 RequestorUid: 10220 RequestorPkg: com.tiarnanlarkin.danio UnderlyingNetworks: Null] ]
07-04 04:38:01.580   708   863 D OemPaidWifiNetworkFactory: got request NetworkRequest [ REQUEST id=303, [ Capabilities: INTERNET&NOT_RESTRICTED&TRUSTED&NOT_VCN_MANAGED&NOT_BANDWIDTH_CONSTRAINED Uid: 10220 RequestorUid: 10220 RequestorPkg: com.tiarnanlarkin.danio UnderlyingNetworks: Null] ]
07-04 04:38:01.582   708   863 D MultiInternetWifiNetworkFactory: got request NetworkRequest [ REQUEST id=303, [ Capabilities: INTERNET&NOT_RESTRICTED&TRUSTED&NOT_VCN_MANAGED&NOT_BANDWIDTH_CONSTRAINED Uid: 10220 RequestorUid: 10220 RequestorPkg: com.tiarnanlarkin.danio UnderlyingNetworks: Null] ]
07-04 04:38:01.610 20820 20820 D InsetsController: hide(ime(), fromIme=false)
07-04 04:38:01.610 20820 20820 I ImeTracker: com.tiarnanlarkin.danio:854bbcb9: onCancelled at PHASE_CLIENT_ALREADY_HIDDEN
07-04 04:38:01.718 20820 20855 D SessionsDependencies: Dependency to CRASHLYTICS added.
07-04 04:38:01.720 20820 20855 I FirebaseApp: Device unlocked: initializing all Firebase APIs for app [DEFAULT]
07-04 04:38:01.733 20820 20855 I FirebaseCrashlytics: Initializing Firebase Crashlytics 18.6.3 for com.tiarnanlarkin.danio
07-04 04:38:01.743 20820 20855 D SessionsDependencies: Subscriber CRASHLYTICS registered.
07-04 04:38:01.810   708  1851 D FileUtils: Rounded bytes from 2592600064 to 4000000000
07-04 04:38:01.824 20820 20860 I FirebaseCrashlytics: No version control information found
07-04 04:38:01.876 20820 20855 D FirebaseSessions: Initializing Firebase Sessions SDK.
07-04 04:38:01.891 20820 20869 D LifecycleServiceBinder: Binding service to application.
07-04 04:38:01.911 20820 20820 D SessionLifecycleService: Service bound to new client on process 20820
07-04 04:38:01.917 20820 20873 D SessionLifecycleService: App has not yet foregrounded. Using previously stored session: null
07-04 04:38:01.918 20820 20873 D SessionLifecycleService: Client android.os.Messenger@73cfec7 bound at 13846614. Clients: 1
07-04 04:38:01.920 20820 20820 D SessionLifecycleClient: Connected to SessionLifecycleService. Queue size 0
07-04 04:38:01.923 20820 20820 I flutter : [Main] Firebase initialised successfully
07-04 04:38:01.923 20820 20820 I flutter : [ConsentScreen] ConsentScreen: diagnostics consent=true
07-04 04:38:01.928 20820 20820 I flutter : [SupabaseService] [SupabaseService] Placeholder credentials detected - running in offline-only mode.
07-04 04:38:02.546  1459 20877 I GmscoreIpa: Starting mediastore instant index [CONTEXT service_id=255 ]
07-04 04:38:04.180   708   863 D WifiClientModeImpl[26229:wlan0]: updateLinkLayerStatsRssiSpeedFrequencyCapabilities rssi=-50 TxLinkspeed=1 freq=2447 RxLinkSpeed=2
07-04 04:38:04.181   708   863 D WifiDataStall: tx tput in kbps: 11000
07-04 04:38:04.181   708   863 D WifiDataStall: rx tput in kbps: 11000
07-04 04:38:04.181   708   863 V WifiConfigManager: Updating scan detail cache freq=2447 BSSID=00:13:10:85:fe:01 RSSI=-50 for "AndroidWifi"NONE
07-04 04:38:04.181   708   863 D WifiThroughputPredictor:  utilization (LLS) 80 isBluetoothConnected: false final utilization: 80
07-04 04:38:04.181   708   863 D WifiThroughputPredictor:  BW: 0 RSSI: -50 Nss: 1 Mode: 1 symDur: 4000 snrDb 30 bitPerTone: 4500 rate: 54 throughput: 11
07-04 04:38:04.181   708   863 D WifiThroughputPredictor:  utilization (LLS) 80 isBluetoothConnected: false final utilization: 80
07-04 04:38:04.181   708   863 D WifiThroughputPredictor:  BW: 0 RSSI: -50 Nss: 1 Mode: 1 symDur: 4000 snrDb 30 bitPerTone: 4500 rate: 54 throughput: 11
07-04 04:38:04.181   708   863 D WifiThroughputPredictor:  utilization (LLS) 80 isBluetoothConnected: false final utilization: 80
07-04 04:38:04.181   708   863 D WifiThroughputPredictor:  BW: 0 RSSI: -50 Nss: 1 Mode: 1 symDur: 4000 snrDb 30 bitPerTone: 4500 rate: 54 throughput: 11
07-04 04:38:04.181   708   863 D WifiThroughputPredictor:  utilization (LLS) 80 isBluetoothConnected: false final utilization: 80
07-04 04:38:04.181   708   863 D WifiThroughputPredictor:  BW: 0 RSSI: -50 Nss: 1 Mode: 1 symDur: 4000 snrDb 30 bitPerTone: 4500 rate: 54 throughput: 11
07-04 04:38:04.181   708   863 D WifiScoreCard: BSSID update SIGNAL_POLL ID: 52320190 SSID: "AndroidWifi", BSSID: 00:13:10:85:fe:01, MAC: 02:15:b2:00:00:00, IP: /10.0.2.16, Security type: 0, Supplicant state: COMPLETED, Wi-Fi standard: legacy, RSSI: -50, Link speed: 1Mbps, Tx Link speed: 1Mbps, Max Supported Tx Link speed: 11Mbps, Rx Link speed: 2Mbps, Max Supported Rx Link speed: 11Mbps, Frequency: 2447MHz, Net ID: 0, Metered hint: false, score: 60, isUsable: true, CarrierMerged: false, SubscriptionId: -1, IsPrimary: 1, Trusted: true, Restricted: false, Ephemeral: false, OEM paid: false, OEM private: false, OSU AP: false, FQDN: <none>, Provider friendly name: <none>, Requesting package name: <none>"AndroidWifi"openMLO Information: , Is TID-To-Link negotiation supported by the AP: false, AP MLD Address: <none>, AP MLO Link Id: <none>, AP MLO Affiliated links: <none>, Vendor Data: <none>
07-04 04:38:04.181   708   863 D WifiScoreCard: txRate: 1 txSpeed: 1
07-04 04:38:04.181   708   863 D WifiScoreCard: network update SIGNAL_POLL "AndroidWifi" ID: 843735694 RSSI -50 txSpeed -1
07-04 04:38:04.181   708   863 D WifiClientModeImpl[26229:wlan0]:  ClientModeImpl$L2ConnectedState screen=on 6 0 "AndroidWifi" 00:13:10:85:fe:01 rssi=-50 f=2447 sc=60 link=1 tx=0.0, 0.0, 0.0 rx=0.0 bcn=0 [on:0 tx:0 rx:0 period:3005] from screen [on:0 period:724856341] score=60
07-04 04:38:04.240 20820 20879 D ProfileInstaller: Installing profile for com.tiarnanlarkin.danio
07-04 04:38:04.669   708   746 W IPCThreadState: Sending oneway calls to frozen process.
07-04 04:38:05.122   948   948 D wpa_supplicant: nl80211: Drv Event 64 (NL80211_CMD_NOTIFY_CQM) received for wlan0
07-04 04:38:05.123   948   948 D wpa_supplicant: nl80211: Beacon loss event
07-04 04:38:05.123   948   948 D wpa_supplicant: wlan0: Event BEACON_LOSS (53) received
07-04 04:38:05.123   948   948 I wpa_supplicant: wlan0: CTRL-EVENT-BEACON-LOSS 
07-04 04:38:05.179  1091  1307 D SatelliteController: iisInCarrierRoamingNbIotNtn: satellite is disabled
07-04 04:38:05.879 20880 20880 W screencap: Thread Pool max thread count is 0. Cannot cache binder as linkToDeath cannot be implemented. serviceName: SurfaceFlingerAIDL
07-04 04:38:05.879 20880 20880 W BpBinder: Linking to death on android.gui.ISurfaceComposer but there are no threads (yet?) listening to incoming transactions. See ProcessState::startThreadPool and ProcessState::setThreadPoolMaxThreadCount. Generally you should setup the binder threadpool before other initialization steps.
07-04 04:38:05.879 20880 20880 W ProcessState: Extra binder thread started, but 0 threads requested. Do not use *startThreadPool when zero threads are requested.
07-04 04:38:05.945   563   578 E HwcComposer: getLuts failed Status(-8, EX_SERVICE_SPECIFIC): '8: '
07-04 04:38:05.946   563   578 E HWComposer: getLuts: getLuts failed for display 4619827259835644672: UNSUPPORTED (8)
07-04 04:38:05.967     0     0 I servicemanager: Caller(pid=20880,uid=2000,sid=u:r:shell:s0) Found android.hardware.graphics.allocator.IAllocator/default in device VINTF manifest.
07-04 04:38:05.977     0     0 I servicemanager: Caller(pid=20880,uid=2000,sid=u:r:shell:s0) Found android.hardware.graphics.allocator.IAllocator/default in device VINTF manifest.
07-04 04:38:05.982     0     0 I servicemanager: Caller(pid=20880,uid=2000,sid=u:r:shell:s0) Found mapper/ranchu in device VINTF manifest.
07-04 04:38:06.095  1461  2884 W MediaProvider: isAppCloneUserPair for user 0: false
07-04 04:38:06.252   708  1851 I ActivityManager: Broadcasting: Intent { act=android.intent.action.MEDIA_SCANNER_SCAN_FILE dat=file:///... flg=0x400000 }
07-04 04:38:06.253   708  1851 I ActivityManager: Enqueued broadcast Intent { act=android.intent.action.MEDIA_SCANNER_SCAN_FILE dat=file:///... flg=0x400000 }: 0
07-04 04:38:06.255   708  1545 W JobInfo : Job 'com.google.android.providers.media.module/com.android.providers.media.MediaService#-300' has a deadline with no functional constraints. The deadline won't improve job execution latency. Consider removing the deadline.
07-04 04:38:06.262   708   736 I ActivityManager: Broadcast completed: result=0
07-04 04:38:06.273  1461  1961 I MediaProvider: Begin Intent { act=android.intent.action.MEDIA_SCANNER_SCAN_FILE dat=file:///... flg=0x1400010 cmp=com.google.android.providers.media.module/com.android.providers.media.MediaService }
07-04 04:38:06.292  1461  1961 I MediaProvider: End Intent { act=android.intent.action.MEDIA_SCANNER_SCAN_FILE dat=file:///... flg=0x1400010 cmp=com.google.android.providers.media.module/com.android.providers.media.MediaService }
07-04 04:38:06.316  1461  1667 D WM-SystemJobScheduler: Scheduling work ID 81e0cfb9-a966-45e0-b7bb-5fd5397876bdJob ID 135
07-04 04:38:06.317  1461  1667 D WM-GreedyScheduler: Ignoring {WorkSpec: 4ab35118-0008-4e0e-9667-4896f94f6ee7}. Requires device idle.
07-04 04:38:06.317  1461  1667 D WM-GreedyScheduler: Ignoring {WorkSpec: 5e0a924a-98f8-4d1c-b169-89fa94ec2302}. Requires device idle.
07-04 04:38:06.478  1461  2884 W MediaProvider: Ignoring param:deletedata post U for external apps
07-04 04:38:06.479  1461  2884 I MediaProvider: Deleted 0 1 0 0 0 0 0 items on external_primary due to com.android.shell
07-04 04:38:06.640 20892 20892 D AndroidRuntime: >>>>>> START com.android.internal.os.RuntimeInit uid 2000 <<<<<<
07-04 04:38:06.645 20892 20892 I AndroidRuntime: Using default boot image
07-04 04:38:06.645 20892 20892 I AndroidRuntime: Leaving lock profiling enabled
07-04 04:38:06.649 20892 20892 I app_process: Core platform API reporting enabled, enforcing=false
07-04 04:38:06.651 20892 20892 I app_process: Using CollectorTypeCMC GC.
07-04 04:38:06.726 20892 20892 D nativeloader: InitDefaultPublicLibraries for_preload=1: libandroid.so:libaaudio.so:libamidi.so:libbinder_ndk.so:libc.so:libcamera2ndk.so:libdl.so:libEGL.so:libGLESv1_CM.so:libGLESv2.so:libGLESv3.so:libicu.so:libicui18n.so:libicuuc.so:libjnigraphics.so:liblog.so:libmediandk.so:libm.so:libnativehelper.so:libnativewindow.so:libOpenMAXAL.so:libOpenSLES.so:libRS.so:libstdc++.so:libsync.so:libvulkan.so:libwebviewchromium_plat_support.so:libz.so
07-04 04:38:06.735 20892 20892 D nativeloader: Load libicu_jni.so using APEX ns com_android_art for caller /apex/com.android.art/javalib/core-oj.jar: ok
07-04 04:38:06.735 20892 20892 D app_process: u_setTimeZoneFilesDirectory("/apex/com.android.tzdata/etc/tz/versioned/9/icu") succeeded. 
07-04 04:38:06.735 20892 20892 D app_process: I18n APEX ICU file found: /apex/com.android.i18n/etc/icu/icudt76l.dat
07-04 04:38:06.736 20892 20892 D nativeloader: Load libjavacore.so using APEX ns com_android_art for caller /apex/com.android.art/javalib/core-oj.jar: ok
07-04 04:38:06.737 20892 20892 D nativeloader: Load libopenjdk.so using APEX ns com_android_art for caller /apex/com.android.art/javalib/core-oj.jar: ok
07-04 04:38:06.739 20892 20892 W app_process: Unexpected CPU variant for x86: x86_64.
07-04 04:38:06.739 20892 20892 W app_process: Known variants: atom, sandybridge, silvermont, goldmont, goldmont-plus, goldmont-without-sha-xsaves, tremont, kabylake, alderlake, default
07-04 04:38:06.740 20892 20892 W app_process: ClassLoaderContext shared library size mismatch. Expected=2, found=0 (PCL[]{PCL[/system/framework/android.test.base.jar*2789897741]#PCL[/system/framework/android.test.mock.jar*3361312393]} | PCL[])
07-04 04:38:06.740 20892 20892 W app_process: ClassLoaderContext classpath size mismatch. expected=0, found=1 (PCL[]{PCL[/system/framework/android.test.runner.jar*895143020]#PCL[/system/framework/android.test.base.jar*2789897741]} | PCL[/system/framework/android.test.runner.jar*895143020])
