--------- beginning of main
05-18 00:31:23.804 22446 22819 D InetDiagMessage: Destroyed 0 sockets, proto=IPPROTO_TCP, family=AF_INET, states=14
05-18 00:31:23.806 22446 22819 D InetDiagMessage: Destroyed 0 sockets, proto=IPPROTO_TCP, family=AF_INET6, states=14
05-18 00:31:23.806 22446 22819 D InetDiagMessage: Destroyed live tcp sockets for uids={20276} in 2ms
05-18 00:31:24.068 22446 24301 I NSLocationMonitor: getGPSUsingApps() called
05-18 00:31:24.068 24310  2497 I NSLocationManager_FLP: getGPSUsingApps, No change
--------- beginning of system
05-18 00:31:24.073 22446 24301 D FreecessHandler: freeze com.microsoft.office.outlook(10354) result : 9
05-18 00:31:24.158  1083  1083 D io_stats: !@   8,0 r 29748508 837537200 w 7270619 135819484 d 1135403 240216756 f 117304 405500 iot 2489860 0 th 0 0 0 pt 0 inp 0 0 116378.558
05-18 00:31:24.220 22446 22575 I ActivityManager: Changes in 10092 5 to 15, 144 to 0
05-18 00:31:24.380 22113 22557 I thermal_core: pivot(AP) : 329, skin : 336
05-18 00:31:24.380 22113 22557 I vendor.samsung.hardware.thermal-service: index = -5.800000
05-18 00:31:24.380 22113 22557 I vendor.samsung.hardware.thermal-service: 3 / 10
05-18 00:31:24.770 22446 22575 I ActivityManager: Changes in 10066 5 to 10, 144 to 0
05-18 00:31:24.996 22446 22988 D NetdEventListenerService: DNS Requested by 171, 10505(com.instagram.android), 4(FAIL), isBlocked=true, 0ms
05-18 00:31:25.000 10665 11195 E msys    : E[N mns:DGWClient]_LogError(280)=>Failed to resolve using system DNS resolver, getaddrinfo(): No address associated with hostname
05-18 00:31:25.180 22446 22988 D NetdEventListenerService: DNS Requested by 171, 10505(com.instagram.android), 4(FAIL), isBlocked=true, 0ms
05-18 00:31:25.185 10665 11195 E msys    : E[N mns:DGWClient]_LogError(280)=>Failed to resolve using system DNS resolver, getaddrinfo(): No address associated with hostname
05-18 00:31:25.382 22113 22557 I thermal_core: pivot(AP) : 328, skin : 336
05-18 00:31:25.382 22113 22557 I vendor.samsung.hardware.thermal-service: index = -6.200000
05-18 00:31:25.382 22113 22557 I vendor.samsung.hardware.thermal-service: 4 / 10
05-18 00:31:25.541 16913  7787 W HttpCallTransport: Fail read Http response and forward to Cello
05-18 00:31:25.542 22446 22988 D NetdEventListenerService: DNS Requested by 171, 10374(com.google.android.apps.docs), 4(FAIL), isBlocked=true, 0ms
05-18 00:31:25.542 16913 16976 E Cello   : [16976:NonCelloThread] authenticated_transport.cc:182:DumpToLog Request 0xb400007b55279120: 0 transport: UNAVAILABLE: From legacy status [type.googleapis.com/drive.ds.Status='UNAVAILABLE_WHILE_OFFLINE']
05-18 00:31:25.542 16913 16976 E Cello   : === Source Location Trace: ===
05-18 00:31:25.542 16913 16976 E Cello   : java/com/google/android/libraries/drive/core/impl/cello/jni/http_transport.cc:63
05-18 00:31:25.542 16913 16976 E Cello   :  reader: OK url: https://play.googleapis.com/log
05-18 00:31:25.542 16913 16976 E Cello   : [16976:NonCelloThread] authenticated_transport.cc:182:DumpToLog req.hdr 0xb400007b55279120: Content-Type=
05-18 00:31:25.542 16913 16976 E Cello   : [16976:NonCelloThread] authenticated_transport.cc:182:DumpToLog Response body 0xb400007b55279120: (no response body)
05-18 00:31:25.542 16913  8217 W HttpCallTransport: Fail read Http response and forward to Cello
05-18 00:31:25.542 16913  7769 W HttpCallTransport: Fail read Http response and forward to Cello
05-18 00:31:25.542 16913 16982 E Cello   : [16982:MetricsTransportThread-CELLO] metrics_transport.cc:234:SendRequest Request failed: drive::ds::Status::UNAVAILABLE_WHILE_OFFLINE
05-18 00:31:25.542 16913 16978 E Cello   : [16978:NonCelloThread] authenticated_transport.cc:182:DumpToLog Request 0xb400007b552825a0: 0 transport: UNAVAILABLE: From legacy status [type.googleapis.com/drive.ds.Status='UNAVAILABLE_WHILE_OFFLINE']
05-18 00:31:25.542 16913 16978 E Cello   : === Source Location Trace: ===
05-18 00:31:25.542 16913 16978 E Cello   : java/com/google/android/libraries/drive/core/impl/cello/jni/http_transport.cc:63
05-18 00:31:25.542 16913 16978 E Cello   :  reader: OK url: https://play.googleapis.com/log
05-18 00:31:25.542 16913 16978 E Cello   : [16978:NonCelloThread] authenticated_transport.cc:182:DumpToLog req.hdr 0xb400007b552825a0: Content-Type=
05-18 00:31:25.543 16913 16978 E Cello   : [16978:NonCelloThread] authenticated_transport.cc:182:DumpToLog Response body 0xb400007b552825a0: (no response body)
05-18 00:31:25.543 16913 17032 E Cello   : [17032:NonCelloThread] authenticated_transport.cc:182:DumpToLog Request 0xb400007b552834c0: 0 transport: UNAVAILABLE: From legacy status [type.googleapis.com/drive.ds.Status='UNAVAILABLE_WHILE_OFFLINE']
05-18 00:31:25.543 16913 17032 E Cello   : === Source Location Trace: ===
05-18 00:31:25.543 16913 17032 E Cello   : java/com/google/android/libraries/drive/core/impl/cello/jni/http_transport.cc:63
05-18 00:31:25.543 16913 17032 E Cello   :  reader: OK url: https://play.googleapis.com/log
05-18 00:31:25.543 16913 16984 E Cello   : [16984:MetricsTransportThread-CELLO] metrics_transport.cc:234:SendRequest Request failed: drive::ds::Status::UNAVAILABLE_WHILE_OFFLINE
05-18 00:31:25.543 16913 17032 E Cello   : [17032:NonCelloThread] authenticated_transport.cc:182:DumpToLog req.hdr 0xb400007b552834c0: Content-Type=
05-18 00:31:25.543 16913 17032 E Cello   : [17032:NonCelloThread] authenticated_transport.cc:182:DumpToLog Response body 0xb400007b552834c0: (no response body)
05-18 00:31:25.543 16913 17034 E Cello   : [17034:MetricsTransportThread-CELLO] metrics_transport.cc:234:SendRequest Request failed: drive::ds::Status::UNAVAILABLE_WHILE_OFFLINE
05-18 00:31:25.650 22446 22954 D WifiConnectivityMonitor.NetworkStatsAnalyzer: Backhaul result - RSSI:-41, CE:6, PE:5, TI:14, PTI:17, TW:0, PTW:0, Tx:65, Rx:107, TxS:31, RxS:23, RESULT:true, IC:0, ICT:5, WC:0, WCT:5, R:1, RC:0, IE:0, EC:0
05-18 00:31:25.661 22446 22988 D NetdEventListenerService: DNS Requested by 171, 10302(com.google.android.youtube), 4(FAIL), isBlocked=true, 0ms
05-18 00:31:25.919 22446 22988 D NetdEventListenerService: DNS Requested by 171, 10302(com.google.android.youtube), 4(FAIL), isBlocked=true, 0ms
05-18 00:31:25.970 22446 22988 D NetdEventListenerService: DNS Requested by 171, 10302(com.google.android.youtube), 4(FAIL), isBlocked=true, 0ms
05-18 00:31:26.038  1812  1577 I sensors-hal: handle_sns_std_sensor_event:90, light_cct: ts = 178469492912292 ns; value = [7, 7, 129, 154, 0, 408, 204, 2, 24064, 0, 1]
05-18 00:31:26.091 22446 22819 D InetDiagMessage: Destroyed 0 sockets, proto=IPPROTO_TCP, family=AF_INET, states=14
05-18 00:31:26.094 22446 22819 D InetDiagMessage: Destroyed 1 sockets, proto=IPPROTO_TCP, family=AF_INET6, states=14
05-18 00:31:26.094 22446 22819 D InetDiagMessage: Destroyed live tcp sockets for uids={10444} in 6ms
05-18 00:31:26.097 22446 22819 D InetDiagMessage: Destroyed 0 sockets, proto=IPPROTO_TCP, family=AF_INET, states=14
05-18 00:31:26.098 22446 22819 D InetDiagMessage: Destroyed 0 sockets, proto=IPPROTO_TCP, family=AF_INET6, states=14
05-18 00:31:26.099 22446 22819 D InetDiagMessage: Destroyed live tcp sockets for uids={20444} in 4ms
05-18 00:31:26.100 22446 22819 D InetDiagMessage: Destroyed 0 sockets, proto=IPPROTO_TCP, family=AF_INET, states=14
05-18 00:31:26.102 22446 22819 D InetDiagMessage: Destroyed 1 sockets, proto=IPPROTO_TCP, family=AF_INET6, states=14
05-18 00:31:26.102 22446 22819 D InetDiagMessage: Destroyed live tcp sockets for uids={10431} in 2ms
05-18 00:31:26.103 22446 22819 D InetDiagMessage: Destroyed 0 sockets, proto=IPPROTO_TCP, family=AF_INET, states=14
05-18 00:31:26.104 22446 22819 D InetDiagMessage: Destroyed 0 sockets, proto=IPPROTO_TCP, family=AF_INET6, states=14
05-18 00:31:26.104 22446 22819 D InetDiagMessage: Destroyed live tcp sockets for uids={20431} in 3ms
05-18 00:31:26.105 22446 22819 D InetDiagMessage: Destroyed 0 sockets, proto=IPPROTO_TCP, family=AF_INET, states=14
05-18 00:31:26.106 22446 22819 D InetDiagMessage: Destroyed 0 sockets, proto=IPPROTO_TCP, family=AF_INET6, states=14
05-18 00:31:26.106 22446 22819 D InetDiagMessage: Destroyed live tcp sockets for uids={10354} in 2ms
05-18 00:31:26.107 22446 22819 D InetDiagMessage: Destroyed 0 sockets, proto=IPPROTO_TCP, family=AF_INET, states=14
05-18 00:31:26.108 22446 22819 D InetDiagMessage: Destroyed 0 sockets, proto=IPPROTO_TCP, family=AF_INET6, states=14
05-18 00:31:26.108 22446 22819 D InetDiagMessage: Destroyed live tcp sockets for uids={20354} in 2ms
05-18 00:31:26.158  1083  1083 D io_stats: !@   8,0 r 29748521 837537680 w 7270665 135821232 d 1135403 240216756 f 117304 405500 iot 2489872 0 th 0 0 0 pt 0 inp 0 0 116380.558
05-18 00:31:26.158  1083  1083 D io_stats: !@ Read_top(KB): droid.apps.docs:low(16913) 436 android.youtube:low(8128) 44
05-18 00:31:26.158  1083  1083 D io_stats: !@ Write_top(KB): kworker/u17:0:/(26018) 1592 android.youtube:low(8128) 156 panyportal:auth:low(5834) 8
05-18 00:31:26.385 22113 22557 I thermal_core: pivot(AP) : 328, skin : 336
05-18 00:31:26.385 22113 22557 I vendor.samsung.hardware.thermal-service: index = -6.800000
05-18 00:31:26.385 22113 22557 I vendor.samsung.hardware.thermal-service: 5 / 10
05-18 00:31:26.550  8385  7789 I NearbyMediums: No BLE Fast/GATT advertisements found in the latest cycle.
05-18 00:31:26.551  8385  7789 I NearbyMediums: Current Tracked Scanning Clients are : {NearbyConnections.EnvironmentMonitor, NearbySharing, NearbyConnections.TxAdvertisement}
05-18 00:31:26.562  2382  2382 I CNSS    : /sys/wifi/max_chipset_log_size doesn't exist
05-18 00:31:26.622 22446 22799 E WifiStaIfaceAidlImpl: getCachedScanData failed with service-specific exception: android.os.ServiceSpecificException:  (code 4)
05-18 00:31:26.625 22446 27495 D SemWifiUsabilityStatsMonitor: onWifiUsabilityStats - seqNum 29463, isSameBssidAndFreq true
05-18 00:31:26.630 22446 22924 I SemWifiLinkQualityMonitor: Link stat: 181 / 5 / 1.50 (3) / 4803 / -41.0 || 100.0 : 4803.00 / 0.5 : 0.67 / 0.55 : 0.03 / G (G) || fe7926386295: 0.225 / 35.482 / N || N N / 0 0 / N 2.0 / N X 2 / 116381026 0 || 2026-05-18 00:31:26  / 0: 0 0 0 0 0 0 / 0: 0 0 0 0 0 0 / 0: 0 0 0 0 0 0
05-18 00:31:26.630 22446 22925 D InsDataManager: onOutageCountUpdate() - Outage Data: 0, LQ : N. Outage Triggered: false
05-18 00:31:26.630 22446 22925 D SemInsManager: {"bssid": "fe7926386295","rssi": -41.0,"latency": 0.22546761493763368,"outage_count": 0,"lq_callback_triggered": false,"outage_log": "Link stat: 181 / 5 / 1.50 (3) / 4803 / -41.0 || 100.0 : 4803.00 / 0.5 : 0.67 / 0.55 : 0.03 / G (G) || fe7926386295: 0.225 / 35.482 / N || N N / 0 0 / N 2.0 / N X 2 / 116381026 0 || 2026-05-18 00:31:26  / 0: 0 0 0 0 0 0 / 0: 0 0 0 0 0 0 / 0: 0 0 0 0 0 0""Magnetic Sensor Events size": "0""Pressure Sensor Events size": "0"}
05-18 00:31:26.632 22446 22942 D SGM:GameManager: identifyGamePackage. com.tiarnanlarkin.danio, mCurrentUserId: 0, callingMethodInfo: com.samsung.android.game.SemGameManager.isGamePackage(SemGameManager.java:105)
05-18 00:31:26.632 22446 22942 D SGM:SemGameManager: isGamePackage(), pkgName=com.tiarnanlarkin.danio, ret=false
05-18 00:31:26.634 23031 23167 D SatelliteController: isInCarrierRoamingNbIotNtn: satellite is disabled
05-18 00:31:26.635 23031 23167 V SatelliteController: getWwanIsInService: return true
05-18 00:31:26.675  1939  1939 I SurfaceFlinger: SFWD update time=116381075273153
05-18 00:31:27.082 22446 24301 I NSLocationMonitor: getGPSUsingApps() called
05-18 00:31:27.082 24310  2497 I NSLocationManager_FLP: getGPSUsingApps, No change
05-18 00:31:27.082 22446 28598 I AfterimageCompensationService: AfcThread mLuminance_sub : 800 , AfpcPeriodCount_sub : 51 , rotation : 0 , AOD : false
05-18 00:31:27.083 22446 28598 I SurfaceComposerClient: captureDisplay:Display-4630946872173396372
05-18 00:31:27.084  1836  2036 I SnapAlloc: Using graphics libs for alignment calculations
05-18 00:31:27.084  1939  2547 I SurfaceFlinger: Capture layer list: 	 Background for 13a8894 SurfaceView[com.tiarnanlarkin.danio/com.tiarnanlarkin.danio.MainActivity]@0#43500(seamlessTransition:0)
05-18 00:31:27.084  1939  2547 I SurfaceFlinger: Capture layer list: 	 13a8894 SurfaceView[com.tiarnanlarkin.danio/com.tiarnanlarkin.danio.MainActivity]@0(BLAST)#43499(seamlessTransition:0)
05-18 00:31:27.085  1939  2547 I SurfaceFlinger: Capture layer list: 	 com.tiarnanlarkin.danio/com.tiarnanlarkin.danio.MainActivity$_5198#43494(seamlessTransition:0)
05-18 00:31:27.085  1939  2547 I SurfaceFlinger: Capture layer list: 	 StatusBar$_23268#2485(seamlessTransition:0)
05-18 00:31:27.085  1939  2547 I SurfaceFlinger: Capture layer list: 	 com.sec.android.app.launcher/com.samsung.app.honeyspace.edge.edgepanel.app.CocktailBarService$_23916#43454(seamlessTransition:0)
05-18 00:31:27.085  1939  2547 I SurfaceFlinger: Capture layer list: 	 NavigationBar0$_23268#2481(seamlessTransition:0)
05-18 00:31:27.085  1939  2547 E HwcComposer: getLuts failed Status(-129, EX_TRANSACTION_FAILED): 'UNKNOWN_TRANSACTION: '
05-18 00:31:27.085  1939  2092 D RenderEngine: [SEC_SF_EFFECTS] drawLayersInternal,1483, Rendering layer ScreenCaptureFillLayer at index 0
05-18 00:31:27.085  1939  2092 D RenderEngine: [SEC_SF_EFFECTS] drawLayersInternal,1483, Rendering layer 13a8894 SurfaceView[com.tiarnanlarkin.danio/com.tiarnanlarkin.danio.MainActivity]@0(BLAST)#43499 at index 1
05-18 00:31:27.086  1939  2092 D RenderEngine: [SEC_SF_EFFECTS] drawLayersInternal,1483, Rendering layer com.tiarnanlarkin.danio/com.tiarnanlarkin.danio.MainActivity$_5198#43494 at index 2
05-18 00:31:27.086  1939  2092 D RenderEngine: [SEC_SF_EFFECTS] drawLayersInternal,1483, Rendering layer StatusBar$_23268#2485 at index 3
05-18 00:31:27.086  1939  2092 D RenderEngine: [SEC_SF_EFFECTS] drawLayersInternal,1483, Rendering layer com.sec.android.app.launcher/com.samsung.app.honeyspace.edge.edgepanel.app.CocktailBarService$_23916#43454 at index 4
05-18 00:31:27.086  1939  2092 D RenderEngine: [SEC_SF_EFFECTS] drawLayersInternal,1483, Rendering layer NavigationBar0$_23268#2481 at index 5
05-18 00:31:27.092 22446 28598 D system_server: mAFPC_SUB_Read - w = 1080, h = 2520, s = 8, f = 4, s_size = 10967040, luminance = 800, count = 51, captureOrientation = 0
05-18 00:31:27.094 22446 24301 D ActivityManager: FCA:process record failed for pid:4251
05-18 00:31:27.094 22446 24301 D ActivityManager: FCA:process record failed for pid:2679
05-18 00:31:27.094 22446 24301 D ActivityManager: FCA:process record failed for pid:17146
05-18 00:31:27.094 22446 24301 D ActivityManager: FCA:process record failed for pid:6147
05-18 00:31:27.094 22446 24301 D FreecessController: FZ : com.microsoft.windowsintune.companyportal(10444) [26489, 4251, 3418, 2679, 17146, 5834, 6147, 5817] reason: Bg [cached:O
05-18 00:31:27.094 22446 24301 D FreecessHandler: freeze com.microsoft.windowsintune.companyportal(10444) result : 0
05-18 00:31:27.094 22446 24301 W LocationManagerService: onFreezeStateChanged, uid[10444]=true
05-18 00:31:27.094 22446 24301 I PowerManagerService: [PWL] SetWakeLockEnableDisable uid = 10444 , disable= true
05-18 00:31:27.094 22446 24301 I PowerManagerService: [PWL] can not change uid =  10444
05-18 00:31:27.388 22113 22557 I thermal_core: pivot(AP) : 328, skin : 336
05-18 00:31:27.388 22113 22557 I vendor.samsung.hardware.thermal-service: index = -7.400000
05-18 00:31:27.388 22113 22557 I vendor.samsung.hardware.thermal-service: 6 / 10
05-18 00:31:27.615 22446 22954 I WifiConnectivityMonitor.NetworkStatsAnalyzer: pull out the line???
05-18 00:31:27.620 22446 22860 D UsbStatsMonitor: 0 0 0 0 0 0 0 0 0 0 0 0 1 0 0 0 0 0 0 0 0 0 0 0 0 0 0 0 0 0 0 0 0 0 0 0 0 0 0 0 0 0 0 0 0 0 0 0 0 0 0 0 0 0 0 0 0 283467841540
05-18 00:31:27.629  1871  1954 E BatteryDump: !@new_battery_dump : 3898,789,1100,3100,41,294,290,329,294,0,335,329,297,Charging,NO_CHARGING,Normal,Good,PDIC,0,Normal,0,0,10331,0x8000,0x10010000,0x0,0,0,430,v0004,0,1/1-5000-0-3000,0000,0000,00000000,3898,3915,0,365,424,0,233,0,412,990,0,
05-18 00:31:27.629 22113 22113 I seh_thermal_service: getTemperaturesWithType SehTemperatureType: 3
05-18 00:31:27.629 22446 29032 V [SS]SleepChargingTimeController: [isActivated]mSleepChargingStatus isNowSessionTime False => false
05-18 00:31:27.629  1871  1871 I sehhealth-service: updateLrpSysfs: write: 336
05-18 00:31:27.638  1812 23009 I sensors-hal: handle_sns_std_sensor_event:127, [SSC_LIGHT] A: 8(8),c:137,b:408,m:37,cl:204,l:8,s:1,l0:24096,l1:32,s0:500,s1:0,acl:3,opr:0.60,f(r):124,u(bl):100,if:124,wi:15,si:0,0(N:1)
05-18 00:31:27.924 22446  8735 D WifiConnectivityMonitor.DnsThread:  [|206]
05-18 00:31:27.924 22446 22954 D WifiConnectivityMonitor.NetworkStatsAnalyzer: DNS resultType : 0, responseTime : 206
05-18 00:31:27.924 22446 22952 D OpenNetworkQos[4.00]: updateBssidLatestDnsResultType - result: 0
05-18 00:31:27.925 22446 22952 D OpenNetworkQos[4.00]: updateBssidNoInternet: mBssidNoInternet = false
05-18 00:31:27.925 22446 22952 D OpenNetworkQos[4.00]: getOpenNetworkQosNoInternetStatus: false
05-18 00:31:27.925 22446 22952 D OpenNetworkQos[4.00]: getOpenNetworkQosScores: 26 0 0
05-18 00:31:27.925 22446 22952 D KNOX_MDM_SettingsProvider: isChangeAllowed() : name = wifi_wcm_qos_sharing_score_summary
05-18 00:31:27.925 22446 22952 I WifiProfileShare: network QoS data was changed (internet), updateQoSData networkType: true, qosData: false
05-18 00:31:27.925 22446 24256 V WifiProfileShare.Caster: update wips network, size: 0
05-18 00:31:27.925 22446 24256 D WifiProfileShare: nearby scanning settings run
05-18 00:31:27.925 22446 24256 D WifiProfileShare: network score provider settings enabled
05-18 00:31:27.925 22446 24256 D OpenNetworkQos[4.00]: getOpenNetworkQosScores: 26 0 0
05-18 00:31:27.925 22446 24256 D OpenNetworkQos[4.00]: getOpenNetworkQosNoInternetStatus: false
05-18 00:31:27.925 22446 24256 I WifiProfileShare.Caster: current network type: 0, score: [26, 0, 0]
05-18 00:31:27.926 22446 24256 V WifiProfileShare.Cache: update network score 24:41:fe:**:**:33
05-18 00:31:27.927 22446 24256 D WifiProfileShare.ScanMatcher: getMcfDataList size:4
05-18 00:31:27.927 22446 24256 I WifiProfileShare.Caster: qos data was updated , before:type:QOS, pBssid:38:d8:17, qosData:64 after:type:QOS, pBssid:38:d8:17, qosData:64
05-18 00:31:27.927 22446 24256 I [MCFSDK_android_1.3.7026]_4_McfCasterImpl: isNetworkEnabled - type : 1 ret : true
05-18 00:31:27.927 22446 24256 D WifiProfileShare.McfCast: -ME--- mIsNetworkEnabled :true
05-18 00:31:27.927 22446 24256 D WifiProfileShare.McfCast: updateQoSData ignored, same contents
05-18 00:31:27.928 22446 24256 D WifiProfileShare.MCF: success update QosData !
05-18 00:31:27.928 22446 24256 I [MCFSDK_android_1.3.7026]_4_McfCasterImpl: isNetworkEnabled - type : 1 ret : true
05-18 00:31:27.928 22446 24256 D WifiProfileShare.McfCast: -ME--- mIsNetworkEnabled :true
05-18 00:31:27.928 22446 24256 D WifiProfileShare.McfCast: -ME--- updatePasswordDate pwdData size:4
05-18 00:31:28.095 22446 24301 E FreecessController: can't read /proc/4251/comm/proc/4251/comm: open failed: ENOENT (No such file or directory)
05-18 00:31:28.095 22446 24301 E FreecessController: can't read /proc/17146/comm/proc/17146/comm: open failed: ENOENT (No such file or directory)
05-18 00:31:28.160  1083  1083 D io_stats: !@   8,0 r 29748521 837537680 w 7270668 135821244 d 1135403 240216756 f 117304 405500 iot 2489876 0 th 0 0 0 pt 0 inp 0 0 116382.559
05-18 00:31:28.391 22113 22557 I thermal_core: pivot(AP) : 328, skin : 336
05-18 00:31:28.391 22113 22557 I vendor.samsung.hardware.thermal-service: index = -7.800000
05-18 00:31:28.391 22113 22557 I vendor.samsung.hardware.thermal-service: 7 / 10
05-18 00:31:28.598  1812  1577 I sensors-hal: handle_sns_std_sensor_event:90, light_cct: ts = 178472052914196 ns; value = [7, 7, 129, 154, 0, 408, 204, 2, 24096, 15, 1]
05-18 00:31:28.816 22446 22713 D ActivityManager: freezing 27560 com.samsung.faceservice
05-18 00:31:28.820 22446 22819 D InetDiagMessage: Destroyed 0 sockets, proto=IPPROTO_TCP, family=AF_INET, states=14
05-18 00:31:28.823 22446 22819 D InetDiagMessage: Destroyed 0 sockets, proto=IPPROTO_TCP, family=AF_INET6, states=14
05-18 00:31:28.823 22446 22819 D InetDiagMessage: Destroyed live tcp sockets for uids={5004} in 6ms
05-18 00:31:28.947 22446 22723 D ActivityManager: Received BROADCAST intent 0x4894529 Key{broadcastIntent pkg=com.wallpaperscraft.wallpaper intent=xflg=0x4 cmp=com.wallpaperscraft.wallpaper/.lib.AlarmReceiver flags=0x4000000 u=0} requestCode=999 sent=0 from uid 1000
05-18 00:31:28.951 22446 22576 I ActivityManager: Changes in 10372 19 to 11, 0 to 128
05-18 00:31:28.957  4689  4689 D WallpaperManager: setStream calling package = com.wallpaperscraft.wallpaper, allowBackup = true, which = 2, type = 0, hasExtra = false
05-18 00:31:28.957  4689  4689 D WallpaperManager: setStream bitmap data = java.io.FileInputStream@6f943fa
05-18 00:31:28.957 22446 25225 D WALLPAPER_SVC:WallpaperManagerService: setWallpaper() name:null callingPackage = com.wallpaperscraft.wallpaper, screenOrientations = [] crops = [] allowBackup = true which = 0x2 wpType = 0 userId = 0 current userId = 0 extras = null isDexEnabled = false
05-18 00:31:28.958 22446 25225 D SecContentProvider: query(), uri = 18 selection = isWallpaperChangeAllowed
05-18 00:31:28.958 22446 25225 D SecContentProvider: called from com.wallpaperscraft.wallpaper
05-18 00:31:28.958 22446 25225 D RestrictionPolicy: isWallpaperChangeAllowed : true
05-18 00:31:28.958 22446 25225 D WALLPAPER_SVC:Knox: isWallpaperChangeAllowed true
05-18 00:31:28.958 22446 25225 D WALLPAPER_SVC:SubDisplayMode: getFolderStateBasedWhich state = 0
05-18 00:31:28.959 22446 25225 D WALLPAPER_SVC:WallpaperManagerService: getWallpaperSafeLocked, userId = 0, which = 18, caller = com.android.server.wallpaper.WallpaperManagerService.setWallpaper:447
05-18 00:31:28.959 22446 25225 D WALLPAPER_SVC:WallpaperData: getWallpaperFile: file = /data/system/users/0/wallpaper_lock_images/wallpaper_sub_display_lock_orig
05-18 00:31:28.959 22446 25225 D WALLPAPER_SVC:WallpaperManagerService: checkWallpaperData: userId = 0, which = 18, wpType = 0, wallpaperFile= /data/system/users/0/wallpaper_lock_images/wallpaper_sub_display_lock_orig
05-18 00:31:28.959 22446 25225 D WALLPAPER_SVC:WallpaperData: getWallpaperFile: file = /data/system/users/0/wallpaper_lock_images/wallpaper_sub_display_lock_orig
05-18 00:31:28.959 22446 25225 D WALLPAPER_SVC:SemWallpaperData: SemWallpaperData
05-18 00:31:28.959 22446 25225 D WALLPAPER_SVC:SemWallpaperData: clone:
05-18 00:31:28.959 22446 25225 D WALLPAPER_SVC:SemWallpaperData:     mTimeCreated=null
05-18 00:31:28.959 22446 25225 D WALLPAPER_SVC:SemWallpaperData:     mWidth=-1
05-18 00:31:28.959 22446 25225 D WALLPAPER_SVC:SemWallpaperData:     mHeight=-1
05-18 00:31:28.959 22446 25225 D WALLPAPER_SVC:SemWallpaperData:     mIsCopied=false
05-18 00:31:28.959 22446 25225 D WALLPAPER_SVC:SemWallpaperData:     mIsPreloaded=false
05-18 00:31:28.959 22446 25225 D WALLPAPER_SVC:SemWallpaperData:     mOrientation=1
05-18 00:31:28.959 22446 25225 D WALLPAPER_SVC:SemWallpaperData:     mWhich=0x11
05-18 00:31:28.959 22446 25225 D WALLPAPER_SVC:SemWallpaperData:     mWpType=0
05-18 00:31:28.959 22446 25225 D WALLPAPER_SVC:SemWallpaperData:     mUri=null
05-18 00:31:28.959 22446 25225 D WALLPAPER_SVC:SemWallpaperData:     mLastCallingPackage=com.wallpaperscraft.wallpaper
05-18 00:31:28.959 22446 25225 D WALLPAPER_SVC:SemWallpaperData:     mExternalParams=null
05-18 00:31:28.959 22446 25225 D WALLPAPER_SVC:SemWallpaperData:     mIsDesktopWallpaper=false
05-18 00:31:28.959 22446 25225 D WALLPAPER_SVC:SemWallpaperData:     mPrimarySemColors=[version:22, which:17, adaptive dim:0.0/ff000000, darkmode dim:0.15]
05-18 00:31:28.959 22446 25225 D WALLPAPER_SVC:SemWallpaperData: 	[SeedColors, [-6982055]]
05-18 00:31:28.959 22446 25225 D WALLPAPER_SVC:SemWallpaperData: 	[STATUSBAR, Rect(63, 26 - 1015, 107):0/ffffffff/1.0/0.1, 0.0/0.0/0.0, LIGHT/fffafafa, LIGHT/fffafafa]
05-18 00:31:28.959 22446 25225 D WALLPAPER_SVC:SemWallpaperData: 	[BODY, Rect(36, 175 - 1042, 2042):0/ffefefef/3.5006013/0.6344689, 19.354837/0.27192983/0.44705883]
05-18 00:31:28.959 22446 25225 D WALLPAPER_SVC:SemWallpaperData: 	[NAVIBAR, Rect(0, 2394 - 1078, 2520):0/ffefefef/2.6018386/0.49403727, 24.375/0.27826086/0.4509804]
05-18 00:31:28.959 22446 25225 D WALLPAPER_SVC:SemWallpaperData:     mDlsSemColors=null
05-18 00:31:28.959 22446 25225 D WALLPAPER_SVC:SemWallpaperData:     mSmartCropOriginalRect=null, mSmartCropRect=null
05-18 00:31:28.959 22446 25225 D WALLPAPER_SVC:SemWallpaperData:     mWallpaperHistory=
05-18 00:31:28.959 22446 25225 D WALLPAPER_SVC:SemWallpaperData: 	history - [time]::[callingPkg]::[type]::[contents]
05-18 00:31:28.959 22446 25225 D WALLPAPER_SVC:SemWallpaperData: 	17 May 2026 19:31:06::com.wallpaperscraft.wallpaper::image
05-18 00:31:28.959 22446 25225 D WALLPAPER_SVC:SemWallpaperData: 	17 May 2026 19:46:06::com.wallpaperscraft.wallpaper::image
05-18 00:31:28.959 22446 25225 D WALLPAPER_SVC:SemWallpaperData: 	17 May 2026 20:01:09::com.wallpaperscraft.wallpaper::image
05-18 00:31:28.959 22446 25225 D WALLPAPER_SVC:SemWallpaperData: 	17 May 2026 20:16:10::com.wallpaperscraft.wallpaper::image
05-18 00:31:28.959 22446 25225 D WALLPAPER_SVC:SemWallpaperData: 	17 May 2026 20:31:12::com.wallpaperscraft.wallpaper::image
05-18 00:31:28.959 22446 25225 D WALLPAPER_SVC:SemWallpaperData: 	17 May 2026 20:46:14::com.wallpaperscraft.wallpaper::image
05-18 00:31:28.959 22446 25225 D WALLPAPER_SVC:SemWallpaperData: 	17 May 2026 21:01:16::com.wallpaperscraft.wallpaper::image
05-18 00:31:28.959 22446 25225 D WALLPAPER_SVC:SemWallpaperData: 	17 May 2026 21:16:18::com.wallpaperscraft.wallpaper::image
05-18 00:31:28.959 22446 25225 D WALLPAPER_SVC:SemWallpaperData: 	17 May 2026 21:31:19::com.wallpaperscraft.wallpaper::image
05-18 00:31:28.959 22446 25225 D WALLPAPER_SVC:SemWallpaperData: 	17 May 2026 21:46:21::com.wallpaperscraft.wallpaper::image
05-18 00:31:28.959 22446 25225 D WALLPAPER_SVC:SemWallpaperData: 	17 May 2026 22:01:23::com.wallpaperscraft.wallpaper::image
05-18 00:31:28.959 22446 25225 D WALLPAPER_SVC:SemWallpaperData: 	17 May 2026 22:16:23::com.wallpaperscraft.wallpaper::image
05-18 00:31:28.959 22446 25225 D WALLPAPER_SVC:SemWallpaperData: 	17 May 2026 22:31:24::com.wallpaperscraft.wallpaper::image
05-18 00:31:28.959 22446 25225 D WALLPAPER_SVC:SemWallpaperData: 	17 May 2026 22:46:25::com.wallpaperscraft.wallpaper::image
05-18 00:31:28.959 22446 25225 D WALLPAPER_SVC:SemWallpaperData: 	17 May 2026 23:01:25::com.wallpaperscraft.wallpaper::image
05-18 00:31:28.959 22446 25225 D WALLPAPER_SVC:SemWallpaperData: 	17 May 2026 23:16:26::com.wallpaperscraft.wallpaper::image
05-18 00:31:28.959 22446 25225 D WALLPAPER_SVC:SemWallpaperData: 	17 May 2026 23:31:26::com.wallpaperscraft.wallpaper::image
05-18 00:31:28.959 22446 25225 D WALLPAPER_SVC:SemWallpaperData: 	17 May 2026 23:46:27::com.wallpaperscraft.wallpaper::image
05-18 00:31:28.959 22446 25225 D WALLPAPER_SVC:SemWallpaperData: 	18 May 2026 00:01:28::com.wallpaperscraft.wallpaper::image
05-18 00:31:28.959 22446 25225 D WALLPAPER_SVC:SemWallpaperData: 	18 May 2026 00:16:28::com.wallpaperscraft.wallpaper::image
05-18 00:31:28.959 22446 25225 D WALLPAPER_SVC:SemWallpaperData:     mLastClearCallstackWithNullPackage=null
05-18 00:31:28.959 22446 25225 I WallpaperManagerService: WallpaperDestinationChangeHandler: mode = 16
05-18 00:31:28.959 22446 25225 D WALLPAPER_SVC:SemWallpaperManagerService: setLegibilityColorsToWallpaperData: which=18, colorsBundle = null
05-18 00:31:28.959 22446 25225 I WALLPAPER_SVC:AssetFileManager: removeAssetFiles: dir = /data/system/users/0/wallpaper_assets/18
05-18 00:31:28.959 22446 22446 D WALLPAPER_SVC:DefaultWallpaper: setSettingsSystemUiTransparency : 0 name=sub_display_lockscreen_wallpaper_transparency
05-18 00:31:28.960 22446 22446 D KNOX_MDM_SettingsProvider: isChangeAllowed() : name = sub_display_lockscreen_wallpaper_transparency
05-18 00:31:28.960 22446 25225 I WALLPAPER_SVC:AssetFileManager: removeAssetFiles fail. dir not exists
05-18 00:31:28.960 22446 25225 D WALLPAPER_SVC:WallpaperData: getWallpaperFile: file = /data/system/users/0/wallpaper_lock_images/wallpaper_sub_display_lock_orig
05-18 00:31:28.968 22446 25225 D WALLPAPER_SVC:WallpaperData: getWallpaperFile: file = /data/system/users/0/wallpaper_lock_images/wallpaper_sub_display_lock_orig
05-18 00:31:28.970 22446 25225 D WALLPAPER_SVC:WallpaperData: getWallpaperFile: file = /data/system/users/0/wallpaper_lock_images/wallpaper_sub_display_lock_orig
05-18 00:31:28.970 22446 25225 V WallpaperManagerService: updateWallpaperBitmapLocked() : id=30535 name= file=wallpaper_sub_display_lock_orig
05-18 00:31:28.971 22446 25225 D WallpaperData: cleanUp
05-18 00:31:28.971 22446 25225 D WallpaperData: delete video thumbnail file. wpType=0
05-18 00:31:28.971 22446 25225 D WallpaperData: delete animated background file. wpType=0
05-18 00:31:28.971 22446 25225 D WallpaperData: delete motion background file. wpType=0
05-18 00:31:28.971 22446 25225 D WALLPAPER_SVC:WallpaperManagerService: setWallpaper: WallpaperData updated.
05-18 00:31:28.976 22446 22605 V WallpaperManagerService: Wallpaper file change: evt=8 path=wallpaper_sub_display_lock_orig sys=false lock=true imagePending=true mWhich=0x12 written=true isMigration=false isRestore=false isAppliedToLock=true needsUpdate=true
05-18 00:31:28.978 22446 22605 D WALLPAPER_SVC:ThumbnailFileManager: deleteThumbnailFile: which=18, rotation=0, success=true
05-18 00:31:28.979 22446 22605 D WallpaperCropper: WPMS.generateCrop
05-18 00:31:28.979 22446 22605 D WALLPAPER_SVC:WallpaperData: getWallpaperFile: file = /data/system/users/0/wallpaper_lock_images/wallpaper_sub_display_lock_orig
05-18 00:31:28.980 22446 22605 W WallpaperDisplayHelper: getDefaultDisplaySizes which = 18 , sizes = {0=Point(1080, 2520), 1=Point(2520, 1080)}
05-18 00:31:28.980 22446 22605 W WallpaperCropper: getCrop: foldedOrientation, newSuggestedCrops = {0=Rect(0, 0 - 1968, 2184)} , orientation = 0
05-18 00:31:28.980 22446 22605 W WallpaperCropper: getCrop: foldedOrientation, newSuggestedCrops = {1=Rect(0, 0 - 1968, 2184)} , orientation = 1
05-18 00:31:28.980 22446 22605 V WallpaperCropper: crop: w=1968 h=2184
05-18 00:31:28.980 22446 22605 V WallpaperCropper: defaultCrops: {0=Rect(0, 0 - 1872, 2184), 1=Rect(0, 670 - 1968, 1514)}
05-18 00:31:28.980 22446 22605 V WallpaperCropper: meas: w=1968 h=2184
05-18 00:31:28.980 22446 22605 V WallpaperCropper: crop?=false scale?=false
05-18 00:31:28.980 22446 22605 D WALLPAPER_SVC:WallpaperData: getWallpaperFile: file = /data/system/users/0/wallpaper_lock_images/wallpaper_sub_display_lock_orig
05-18 00:31:29.021 22446 22605 V WallpaperCropper: WPMS.generateCrop took to complete: 42ms
05-18 00:31:29.021 22446 22605 D WALLPAPER_SVC:WallpaperManagerService: bindComponentNow 18
05-18 00:31:29.022 22446 22605 V WallpaperManagerService: bindWallpaperComponentLocked: wallpaper.mWhich = 18, componentName = ComponentInfo{com.android.systemui/com.android.systemui.wallpapers.ImageWallpaper}, force = true
05-18 00:31:29.022 22446 22605 D WallpaperManagerService: WPMS.bindWallpaperComponentLocked-ComponentInfo{com.android.systemui/com.android.systemui.wallpapers.ImageWallpaper}
05-18 00:31:29.023 22446 22605 D WALLPAPER_SVC:WallpaperManagerService: appendConnectorInternal, displayId 0
05-18 00:31:29.029 22446 22605 D WALLPAPER_SVC:WallpaperManagerService: bindService request success connect : com.android.server.wallpaper.WallpaperManagerService$WallpaperConnection@bd5b44f
05-18 00:31:29.029 22446 22605 D WALLPAPER_SVC:WallpaperManagerService: maybeDetachLastWallpapers: newWallpaper.mWhich = 18, newWallpaper.mSystemWasBoth = false, homeUpdated = false, lockUpdated = true, systemWillBecomeLock = false
05-18 00:31:29.029 22446 22446 D WallpaperManagerService: WPMS.onServiceConnected-ComponentInfo{com.android.systemui/com.android.systemui.wallpapers.ImageWallpaper}
05-18 00:31:29.032 22446 22605 V WallpaperManagerService: Removing window token: android.os.Binder@5972799 , mDisplayId = 0
05-18 00:31:29.032 23268 23512 I WallpaperService: detach : engineWrapper = android.service.wallpaper.WallpaperService$IWallpaperEngineWrapper@121a447, which = 18 , size = 3
05-18 00:31:29.033 23268 23862 I ImageWallpaper_18[Image]: onSurfaceDestroyed
05-18 00:31:29.033 22446 22605 V WallpaperManagerService: WPMS.bindWallpaperComponentLocked-ComponentInfo{com.android.systemui/com.android.systemui.wallpapers.ImageWallpaper} took to complete: 11ms
05-18 00:31:29.033 22446 22605 D WallpaperManagerService: notifyLockWallpaperChanged type = 0
05-18 00:31:29.033 22446 22605 D WallpaperManagerService: notifyLockWallpaperChanged cb=android.app.IWallpaperManagerCallback$Stub$Proxy@669f453
05-18 00:31:29.033 22446 22605 D WallpaperManagerService: WPMS.saveSettingsLocked-0
05-18 00:31:29.033 23268 23512 I KeyguardWallpaperController: onSemWallpaperChanged: type = 0, which = 18
05-18 00:31:29.033 23268 23512 D WallpaperChangeNotifier: notify: which = 18
05-18 00:31:29.033 23268 23512 D WallpaperManager: semSetDLSWallpaperColors null, 18
05-18 00:31:29.033 22446 22731 D WallpaperManagerService: semSetDLSWallpaperColors: which = 18
05-18 00:31:29.033 22446 22605 D WALLPAPER_SVC:CMFWallpaper: deviceColor:db
05-18 00:31:29.034 22446 22605 I WallpaperResourcesInfo: getDefaultWallpaperType: which = 17 , type = 0
05-18 00:31:29.034 22446 22605 D WALLPAPER_SVC:CMFWallpaper: deviceColor:db
05-18 00:31:29.034 22446 22605 I WallpaperResourcesInfo: getDefaultWallpaperType: which = 18 , type = 8
05-18 00:31:29.035 22446 22605 V WallpaperManagerService: WPMS.saveSettingsLocked-0 took to complete: 2ms
05-18 00:31:29.035 22446 22605 D WallpaperManagerService: WPMS.saveSettingsLocked-0
05-18 00:31:29.035 22446 22605 D WALLPAPER_SVC:CMFWallpaper: deviceColor:db
05-18 00:31:29.035 22446 22605 I WallpaperResourcesInfo: getDefaultWallpaperType: which = 17 , type = 0
05-18 00:31:29.035 22446 22605 D WALLPAPER_SVC:CMFWallpaper: deviceColor:db
05-18 00:31:29.035 22446 22605 I WallpaperResourcesInfo: getDefaultWallpaperType: which = 18 , type = 8
05-18 00:31:29.036 22446 22605 V WallpaperManagerService: WPMS.saveSettingsLocked-0 took to complete: 0ms
05-18 00:31:29.036 22446 22446 W WallpaperManagerService: Wallpaper onServiceConnected : ComponentInfo{com.android.systemui/com.android.systemui.wallpapers.ImageWallpaper}
05-18 00:31:29.036 22446 22446 D WALLPAPER_SVC:WallpaperData: getWallpaperFile: file = /data/system/users/0/wallpaper_lock_images/wallpaper_sub_display_lock_orig
05-18 00:31:29.036 22446 22446 D WALLPAPER_SVC:WallpaperData: getWallpaperFile: file = /data/system/users/0/wallpaper_lock_images/wallpaper_sub_display_lock_orig
05-18 00:31:29.036 22446 22446 D WALLPAPER_SVC:WallpaperManagerService: Wallpaper onServiceConnected : WallpaperData@1cf3b99, id: 30535, which: 18, file mod: 1779060688968, info: null, engine(s): null, type = 0, userId = 0, uri= null, allowBackup= true, wallpaperComponent = ComponentInfo{com.android.systemui/com.android.systemui.wallpapers.ImageWallpaper}, nextWallpaperComponent = ComponentInfo{com.android.systemui/com.android.systemui.wallpapers.ImageWallpaper} mode = 16
05-18 00:31:29.036 22446 22446 D WALLPAPER_SVC:WallpaperManagerService: onServiceConnected needUpdateWallpaperData
05-18 00:31:29.036 22446 22446 D WallpaperManagerService: WPMS.attachServiceLocked
05-18 00:31:29.036 22446 22446 D WallpaperManagerService: WPMS.connectLocked-ComponentInfo{com.android.systemui/com.android.systemui.wallpapers.ImageWallpaper}
05-18 00:31:29.036 22446 22446 D WALLPAPER_SVC:WallpaperData: getWallpaperFile: file = /data/system/users/0/wallpaper_lock_images/wallpaper_sub_display_lock_orig
05-18 00:31:29.036 22446 22446 D WALLPAPER_SVC:WallpaperData: getWallpaperFile: file = /data/system/users/0/wallpaper_lock_images/wallpaper_sub_display_lock_orig
05-18 00:31:29.036 22446 22446 V WallpaperManagerService: Adding window token: android.os.Binder@4fbc5c8 , wallpaper = WallpaperData@1cf3b99, id: 30535, which: 18, file mod: 1779060688968, info: null, engine(s): null, type = 0, userId = 0, uri= null, allowBackup= true, wallpaperComponent = ComponentInfo{com.android.systemui/com.android.systemui.wallpapers.ImageWallpaper}, nextWallpaperComponent = ComponentInfo{com.android.systemui/com.android.systemui.wallpapers.ImageWallpaper}
05-18 00:31:29.036  1939  2547 I SurfaceFlinger: id=43550 createSurf, flag=84004, WallpaperWindowToken{6265661 showWhenLocked=false}#43550
05-18 00:31:29.037  1939  1939 I SurfaceFlinger: [WallpaperWindowToken{6265661 showWhenLocked=false}#43550] attach to parent LayerHierarchy{RequestedLayerState{Leaf:1:1#2364 parentId=2363} 5 children}
05-18 00:31:29.038 22446 22564 D SurfaceComposerClient: setCornerRadius ## 5b89254 com.tiarnanlarkin.danio/com.tiarnanlarkin.danio.MainActivity#43493 cornerRadius=0.000000
05-18 00:31:29.038 22446 22564 D SurfaceComposerClient: setCornerRadius ## 5b89254 com.tiarnanlarkin.danio/com.tiarnanlarkin.danio.MainActivity#43493 cornerRadius=0.000000
05-18 00:31:29.039 22446 22446 V WallpaperManagerService: WPMS.connectLocked-ComponentInfo{com.android.systemui/com.android.systemui.wallpapers.ImageWallpaper} took to complete: 2ms
05-18 00:31:29.039 22446 22446 V WallpaperManagerService: WPMS.attachServiceLocked took to complete: 2ms
05-18 00:31:29.039 22446 22446 D WALLPAPER_SVC:SemWallpaperData: SemWallpaperData
05-18 00:31:29.039 23268 27967 I WallpaperService: attach : engineWrapper = android.service.wallpaper.WallpaperService$IWallpaperEngineWrapper@6388593, which = 18 , size = 4
05-18 00:31:29.039 22446 22446 D WallpaperDataParser: .xml file : width=-1 height=-1 name= component=ComponentInfo{com.android.systemui/com.android.systemui.wallpapers.ImageWallpaper}
05-18 00:31:29.039 22446 22446 D WallpaperDataParser: service : width=-1 height=-1 name= component=ComponentInfo{com.android.systemui/com.android.systemui.wallpapers.ImageWallpaper}
05-18 00:31:29.039 22446 22446 D WallpaperData: Same Image Wallpaper!
05-18 00:31:29.039 22446 22446 D WallpaperManagerService: WPMS.saveSettingsLocked-0
05-18 00:31:29.039 22446 22446 D WALLPAPER_SVC:CMFWallpaper: deviceColor:db
05-18 00:31:29.039 22446 22446 I WallpaperResourcesInfo: getDefaultWallpaperType: which = 17 , type = 0
05-18 00:31:29.039 22446 22446 D WALLPAPER_SVC:CMFWallpaper: deviceColor:db
05-18 00:31:29.039 22446 22446 I WallpaperResourcesInfo: getDefaultWallpaperType: which = 18 , type = 8
05-18 00:31:29.040 23268 23862 I ImageWallpaper_18[Image]: Engine onDestroy: which=18, displayId=0
05-18 00:31:29.040 23268 23862 I ImageWallpaper[WallpaperAnimator]: release
05-18 00:31:29.040 23268 23862 D PluginWallpaperController: onWallpaperDestroyed: which = 18
05-18 00:31:29.041 22446 22446 V WallpaperManagerService: WPMS.saveSettingsLocked-0 took to complete: 1ms
05-18 00:31:29.041 23268 27967 D WallpaperService: setCurrentUserId: userId = 0
05-18 00:31:29.041 22446 22446 V WallpaperManagerService: WPMS.onServiceConnected-ComponentInfo{com.android.systemui/com.android.systemui.wallpapers.ImageWallpaper} took to complete: 12ms
05-18 00:31:29.041 22446 22605 V WallpaperManagerService: notifyWallpaperColorsChangedOnDisplay 18, needsExtraction = true
05-18 00:31:29.041 23268 23512 D PluginLockWallpaper: isDynamicWallpaper() required:1, final: 1, ret:false
05-18 00:31:29.041 22446 25191 D WALLPAPER_SVC:WallpaperData: getWallpaperFile: file = /data/system/users/0/wallpaper_lock_images/wallpaper_sub_display_lock_orig
05-18 00:31:29.041 22446 25191 D WALLPAPER_SVC:WallpaperData: getWallpaperFile: file = /data/system/users/0/wallpaper_lock_images/wallpaper_sub_display_lock_orig
05-18 00:31:29.041 22446 25191 W WallpaperManagerService: getWallpaperIdForUser wallpaper = WallpaperData@1cf3b99, id: 30535, which: 18, file mod: 1779060688968, info: null, engine(s): null, type = 0, userId = 0, uri= null, allowBackup= true, wallpaperComponent = ComponentInfo{com.android.systemui/com.android.systemui.wallpapers.ImageWallpaper}, nextWallpaperComponent = ComponentInfo{com.android.systemui/com.android.systemui.wallpapers.ImageWallpaper}
05-18 00:31:29.041 22446 22605 W BitmapFactory: Null Options, creating a new one.
05-18 00:31:29.041 23268 23768 D KeyguardWallpaperController: handleWallpaperChanged
05-18 00:31:29.041 23268 23862 D PluginWallpaperController: onWallpaperDestroyed: wallpaperId = 30535, mWallpaperId[1] = 30533
05-18 00:31:29.041 23268 23862 D InputTransport: Input channel destroyed: 'b04d637', fd=255
05-18 00:31:29.041 22446 25191 D WallpaperManagerService: semGetWallpaperType: which=18, return type=0 (called by userId= 0)
05-18 00:31:29.041 23268 23768 D KeyguardWallpaperController: getLockWallpaperType:
05-18 00:31:29.041 23268 23768 D KeyguardWallpaperController:  - isIncludePluginLock: false
05-18 00:31:29.041 23268 23768 D KeyguardWallpaperController:  - mService: android.app.IWallpaperManager$Stub$Proxy@8cfe3b0
05-18 00:31:29.041 23268 23768 D KeyguardWallpaperController:  - type[from WMS]: 0
05-18 00:31:29.041 23268 23768 D KeyguardWallpaperController:  - WallpaperUtils.getCurrentWhich(): 18
05-18 00:31:29.041 22446 22734 W InputDispatcher: channel 'b04d637 com.android.systemui.wallpapers.ImageWallpaper' ~ Consumer closed input channel or an error occurred.  events=0x9
05-18 00:31:29.041 22446 22734 E InputDispatcher: channel 'b04d637 com.android.systemui.wallpapers.ImageWallpaper' ~ Channel is unrecoverably broken and will be disposed!
05-18 00:31:29.041 23268 23768 D PluginLockWallpaper: isDynamicWallpaper() required:1, final: 1, ret:false
05-18 00:31:29.041 23268 23268 I WallpaperUtils: isNoSensorRequired: Lockscreen rotation is not allowed.
05-18 00:31:29.041 23268 23268 D NotificationShadeWindowController: setScreenOrientation noSensor : true
05-18 00:31:29.041 22446 22731 D WallpaperManagerService: isSystemAndLockPaired : mode=16, isPaired=false (called by userId= 0)
05-18 00:31:29.041 23268 23768 I WallpaperAnalytics: updateWallpaperStatus : which=18, sourceWhich=18
05-18 00:31:29.041 23268 23768 D PluginLockWallpaper: isDynamicWallpaper() required:1, final: 1, ret:false
05-18 00:31:29.041 22446 25225 D WallpaperManagerService: semGetWallpaperType: which=18, return type=0 (called by userId= 0)
05-18 00:31:29.041 23268 23768 I WallpaperAnalytics: setWallpaperStatus: WS0003_C = Image
05-18 00:31:29.041 23268 23768 D PluginLockWallpaper: isDynamicWallpaper() required:1, final: 1, ret:false
05-18 00:31:29.041 22446 25191 V WindowManager: Remove Window{b04d637 u0 com.android.systemui.wallpapers.ImageWallpaper}: mSurfaceControl=Surface(name=com.android.systemui.wallpapers.ImageWallpaper$_23268)/@0x4eb7674 mAnimatingExit=false mRemoveOnExit=false mHasSurface=true surfaceShowing=false animating=false app-animation=false callers=com.android.server.wm.Session.remove:16 android.view.IWindowSession$Stub.onTransact:804 com.android.server.wm.Session.onTransact:1 android.os.Binder.execTransactInternal:1462 android.os.Binder.execTransact:1401 <bottom of call stack>
05-18 00:31:29.041 22446 25191 D SurfaceComposerClient: setCornerRadius ## 5b89254 com.tiarnanlarkin.danio/com.tiarnanlarkin.danio.MainActivity#43493 cornerRadius=0.000000
05-18 00:31:29.042 23268 23768 D DlsStateShot: getDlsState: 2, userId=0
05-18 00:31:29.042 23268 23768 D DlsStateShot: isDlsEnabled: 0
05-18 00:31:29.042 22446 25225 D WallpaperManagerService: isSystemAndLockPaired : mode=16, isPaired=false (called by userId= 0)
05-18 00:31:29.042 23268 23768 D DlsStateShot: isDlsEnabled: 0
05-18 00:31:29.042 22446 25191 D SurfaceComposerClient: setCornerRadius ## 5b89254 com.tiarnanlarkin.danio/com.tiarnanlarkin.danio.MainActivity#43493 cornerRadius=0.000000
05-18 00:31:29.042 23268 23768 D SemWallpaperProperties: refresh: which=18, targetWhich=18, dlsEnabled=false, dlsState=2, userId=0
05-18 00:31:29.042 23268 23768 I WallpaperAnalytics: setWallpaperStatus: WS0004_C = Custom
05-18 00:31:29.042 22446 22734 D InputTransport: Input channel destroyed: 'b04d637', fd=450
05-18 00:31:29.042 22446 25191 D WallpaperManagerService: semGetWallpaperType: which=18, return type=0 (called by userId= 0)
05-18 00:31:29.044 23268 23862 I LiveWallpaperService_w18: onCreate: display monitor = com.samsung.android.wallpaper.live.sdk.service.displaymonitor.FullAodDisplayStateMonitor@5dbe7ef
05-18 00:31:29.044 23268 23862 I AbstractAodDisplayStateMonitor: start : 0, 0
05-18 00:31:29.044 23268 23862 I ImageWallpaper_18[Integrated]: onCreate
05-18 00:31:29.044 22446 25191 D WallpaperManagerService: semGetWallpaperType: which=18, return type=0 (called by userId= 0)
05-18 00:31:29.045 23268 23862 I ImageWallpaper_18[Image]: Engine onCreate: which=18, displayId=0
05-18 00:31:29.045 23268 23862 I ImageWallpaper_18[ImageSource]: isFixedOrientationWallpaper:  which=18, feature=false, isTablet=false, isFoldMainDisplay=false, isFoldSubDisplay=true, isCustomWallpaper=true, isPreview=false, isCustompackContainsVideo=false, isFixedOrientation=false
05-18 00:31:29.045 23268 23862 I WallpaperService: semSetFixedOrientation: fixed=false, update=false
05-18 00:31:29.045 23268 23862 D ImageWallpaper_18[ImageSource]: getImageSupplier: which=18, type=0
05-18 00:31:29.045  1939  1939 I SurfaceFlinger: [LayerHierarchy{RequestedLayerState{Wallpaper BBQ wrapper 18_lock#43458} no children}] reparent to OffscreenRoot
05-18 00:31:29.045  1939  1939 I SurfaceFlinger: [LayerHierarchy{RequestedLayerState{Wallpaper BBQ wrapper 18_lock#43458} no children}] RelativeParent to null
05-18 00:31:29.045  1939  1939 I SurfaceFlinger: id=43458 Removed Wallpaper BBQ wrapper 18_lock#43458 (193)
05-18 00:31:29.045 23268 23862 I WallpaperService: updateSurface lock forceRelayout=false forceReport=false redrawNeeded=false myWidth=-1 myHeight=-1 fixedSize=false x = 0 y = 0 mWidth=0 mHeight=0
05-18 00:31:29.045 23268 23862 I WallpaperService: maxBounds : Rect(0, 0 - 1080, 2520) , mDeviceHeight : 2520, mDeviceWidth : 1080,mDeviceRotation  : 0
05-18 00:31:29.046 22446 25191 D InputTransport: Input channel constructed: 'b24f3f ', fd=450
05-18 00:31:29.046 22446 25191 D InputTransport: Input channel constructed: 'b24f3f ', fd=1453
05-18 00:31:29.046 22446 25191 D InputTransport: Input channel constructed: 'b24f3f ', fd=1491
05-18 00:31:29.046 22446 25191 D InputTransport: Input channel destroyed: 'b24f3f ', fd=1453
05-18 00:31:29.046  1939  2547 I SurfaceFlinger: id=43551 createSurf, flag=84004, b24f3f com.android.systemui.wallpapers.ImageWallpaper#43551
05-18 00:31:29.046 22446 25191 D RestrictionPolicy: isScreenCaptureEnabled : ret=true userId=0
05-18 00:31:29.047 22446 25191 D InputTransport: Input channel destroyed: 'b24f3f ', fd=1491
05-18 00:31:29.047 23268 23862 D InputTransport: Input channel constructed: 'b24f3f ', fd=255
05-18 00:31:29.047 23268 23862 I WallpaperService: updateSurface: invoke Session.relayout
05-18 00:31:29.047 22446 22731 I WindowManager: Relayout Window{b24f3f u0 com.android.systemui.wallpapers.ImageWallpaper}: viewVisibility=0 req=-1x-1 ty=2013 d0
05-18 00:31:29.047  1939  2547 I SurfaceFlinger: id=43552 createSurf, flag=44004, com.android.systemui.wallpapers.ImageWallpaper$_23268#43552
05-18 00:31:29.048 22446 22731 D WindowManager: makeSurface duration=1 name=com.android.systemui.wallpapers.ImageWallpaper$_23268
05-18 00:31:29.048 22446 22731 D SurfaceComposerClient: setCornerRadius ## 5b89254 com.tiarnanlarkin.danio/com.tiarnanlarkin.danio.MainActivity#43493 cornerRadius=0.000000
05-18 00:31:29.048 22446 22731 D SurfaceComposerClient: setCornerRadius ## 5b89254 com.tiarnanlarkin.danio/com.tiarnanlarkin.danio.MainActivity#43493 cornerRadius=0.000000
05-18 00:31:29.048 22446 22731 I WindowManager: Relayout hash=b24f3f, pid=23268, syncId=-1: mAttrs={(0,0)(fillxfill) gr=TOP START CENTER layoutInDisplayCutoutMode=always ty=WALLPAPER fmt=RGBX_8888 wanim=0x1030328
05-18 00:31:29.048 22446 22731 I WindowManager:   fl=10318
05-18 00:31:29.048 22446 22731 I WindowManager:   pfl=10000014
05-18 00:31:29.048 22446 22731 I WindowManager:   bhv=1
05-18 00:31:29.048 22446 22731 I WindowManager:   frameRateBoostOnTouch=true
05-18 00:31:29.048 22446 22731 I WindowManager:   dvrrWindowFrameRateHint=true naviIconColor=0}
05-18 00:31:29.049  1939  2547 I SurfaceFlinger: id=43553 createSurf, flag=44000, Wallpaper BBQ wrapper 18_lock#43553
05-18 00:31:29.049 23268 23862 W libc    : Access denied finding property "vendor.gpp.create_frc_extension"
05-18 00:31:29.049 23268 23862 I BufferQueueProducer: [](id:5ae400000713,api:0,p:-2059354160,c:23268) setDequeueTimeout:2077252342
05-18 00:31:29.049 23268 23862 I BLASTBufferQueue_Java: new BLASTBufferQueue, mName= Wallpaper mNativeObject= 0xb400007b35b45ed0 caller= android.service.wallpaper.WallpaperService$Engine.getOrCreateBLASTSurface:2921 android.service.wallpaper.WallpaperService$Engine.updateSurface:1682 android.service.wallpaper.WallpaperService$Engine.attach:1994 android.service.wallpaper.WallpaperService$IWallpaperEngineWrapper.doAttachEngine:3361 android.service.wallpaper.WallpaperService$IWallpaperEngineWrapper.executeMessage:3405 com.android.internal.os.HandlerCaller$MyHandler.handleMessage:44 android.os.Handler.dispatchMessage:110 android.os.Looper.loopOnce:273 android.os.Looper.loop:363 android.os.HandlerThread.run:85
05-18 00:31:29.049 23268 23862 I BLASTBufferQueue_Java: update, w= 1080 h= 2520 mName = Wallpaper mNativeObject= 0xb400007b35b45ed0 sc.mNativeObject= 0xb400007a65288090 format= 2 caller= android.service.wallpaper.WallpaperService$Engine.getOrCreateBLASTSurface:2924 android.service.wallpaper.WallpaperService$Engine.updateSurface:1682 android.service.wallpaper.WallpaperService$Engine.attach:1994 android.service.wallpaper.WallpaperService$IWallpaperEngineWrapper.doAttachEngine:3361 android.service.wallpaper.WallpaperService$IWallpaperEngineWrapper.executeMessage:3405 com.android.internal.os.HandlerCaller$MyHandler.handleMessage:44
05-18 00:31:29.049 23268 23862 W libc    : Access denied finding property "vendor.gpp.create_frc_extension"
