05-18 00:31:29.049 23268 23862 I ImageWallpaper_18[Image]:  onSurfaceCreated: Rect(0, 0 - 1080, 2520)
05-18 00:31:29.049 23268 23862 I ImageWallpaper_18[Image]: onSurfaceChanged: width = 1080, height = 2520
05-18 00:31:29.049 23268 23862 I ImageWallpaper_18[Integrated]: setVisibleRectOfSurface: frame=Rect(0, 0 - 1080, 2520), visibleRect=null
05-18 00:31:29.049 23268 23862 I BLASTBufferQueue_Java: syncNextTransaction, mName= Wallpaper acquireSingleBuffer= true mNativeObject= 0xb400007b35b45ed0 callback= com.android.systemui.wallpapers.ImageWallpaper$IntegratedEngine$2$$ExternalSyntheticLambda0@985a7da caller= android.graphics.BLASTBufferQueue.syncNextTransaction:203 com.android.systemui.wallpaper.engines.WallpaperEngine.setVisibleRectOfSurface:107 com.android.systemui.wallpaper.engines.image.ImageEngine.onSurfaceRedrawNeeded:16 com.android.systemui.wallpapers.ImageWallpaper$IntegratedEngine.onSurfaceRedrawNeeded:6 android.service.wallpaper.WallpaperService$Engine.updateSurface:1827 android.service.wallpaper.WallpaperService$Engine.attach:1994
05-18 00:31:29.049 23268 23862 I BLASTBufferQueue: [Wallpaper#1811](f:0,a:0,s:0) syncNextTransaction callback: 1, acquireSingleBuffer: 1, mTransactionReadyCallback: 0
05-18 00:31:29.049 23268 23862 I ImageWallpaper_18[Image]: onSurfaceRedrawNeeded: srcWhich=18, surfaceFrame=Rect(0, 0 - 1080, 2520)
05-18 00:31:29.049 23268 23862 D ImageDarkModeFilter: isNightMode : Window = 17App = 17
05-18 00:31:29.049 23268 23862 D ImageDarkModeFilter: isNightMode: false ui_mode false
05-18 00:31:29.049 23268 23862 I ImageWallpaper_18[Image]: onSurfaceRedrawNeeded: displayId=0, lastDrawn=(null), toDraw=(which=18, 1080x2520, darkMode=false)
05-18 00:31:29.049 23268 23862 D ImageWallpaper_18[ImageSource]: getImageSupplier: which=18, type=0
05-18 00:31:29.049 23268 23862 D WallpaperManager: peekWallpaperBitmap: which =18, useCache = false
05-18 00:31:29.050 23268 23862 D WallpaperManager: getCurrentWallpaperLocked userId=0 by : com.android.systemui
05-18 00:31:29.050 22446 25191 D WALLPAPER_SVC:WallpaperManagerService: getWallpaper: which = 18, wallpaperUserId = 0, wpType = 0, isDexEnabled = false, getCropped = true, includeCopiedFile = false
05-18 00:31:29.051 22446 25191 D WALLPAPER_SVC:WallpaperManagerService: getWallpaper: which=18, isCopied=false
05-18 00:31:29.053  1939  1939 I SurfaceFlinger: destroyed Wallpaper BBQ wrapper 18_lock#43458 form LifecycleManager
05-18 00:31:29.053  1939  1939 I SurfaceFlinger: [Wallpaper BBQ wrapper 18_lock#43553] attach to parent LayerHierarchy{RequestedLayerState{com.android.systemui.wallpapers.ImageWallpaper$_23268#43552 parentId=43551} 1 children}
05-18 00:31:29.053  1939  1939 I SurfaceFlinger: [LayerHierarchy{RequestedLayerState{com.android.systemui.wallpapers.ImageWallpaper$_23268#43457} no children}] reparent to OffscreenRoot
05-18 00:31:29.053  1939  1939 I SurfaceFlinger: [LayerHierarchy{RequestedLayerState{com.android.systemui.wallpapers.ImageWallpaper$_23268#43457} no children}] RelativeParent to null
05-18 00:31:29.053  1939  1939 I SurfaceFlinger: [LayerHierarchy{RequestedLayerState{b04d637 com.android.systemui.wallpapers.ImageWallpaper#43456} no children}] reparent to OffscreenRoot
05-18 00:31:29.053  1939  1939 I SurfaceFlinger: [LayerHierarchy{RequestedLayerState{b04d637 com.android.systemui.wallpapers.ImageWallpaper#43456} no children}] RelativeParent to null
05-18 00:31:29.053  1939  1939 I SurfaceFlinger: [LayerHierarchy{RequestedLayerState{WallpaperWindowToken{8c2aa5e showWhenLocked=false}#43455} no children}] reparent to OffscreenRoot
05-18 00:31:29.053  1939  1939 I SurfaceFlinger: [LayerHierarchy{RequestedLayerState{WallpaperWindowToken{8c2aa5e showWhenLocked=false}#43455} no children}] RelativeParent to null
05-18 00:31:29.053  1939  1939 I SurfaceFlinger: [b24f3f com.android.systemui.wallpapers.ImageWallpaper#43551] attach to parent LayerHierarchy{RequestedLayerState{WallpaperWindowToken{6265661 showWhenLocked=false}#43550 parentId=2364} 1 children}
05-18 00:31:29.053  1939  1939 I SurfaceFlinger: [com.android.systemui.wallpapers.ImageWallpaper$_23268#43552] attach to parent LayerHierarchy{RequestedLayerState{b24f3f com.android.systemui.wallpapers.ImageWallpaper#43551 parentId=43550} 1 children}
05-18 00:31:29.053  1939  1939 I SurfaceFlinger: id=43458 onLayerDestroyed from LayerHierarchyBuilder(RequestedLayerState{Wallpaper BBQ wrapper 18_lock#43458 !handle})
05-18 00:31:29.054  1939  1939 I Layer   : id=43458 Destroyed Wallpaper BBQ wrapper 18_lock#43458
05-18 00:31:29.054  1939  1939 I SurfaceFlinger: id=43455 Removed WallpaperWindowToken{8c2aa5e showWhenLocked=false}#43455 (195)
05-18 00:31:29.054  1939  1939 I SurfaceFlinger: id=43456 Removed b04d637 com.android.systemui.wallpapers.ImageWallpaper#43456 (195)
05-18 00:31:29.054  1939  1939 I SurfaceFlinger: id=43457 Removed com.android.systemui.wallpapers.ImageWallpaper$_23268#43457 (195)
05-18 00:31:29.061  1939  1939 I SurfaceFlinger: RequestedLayer [b24f3f com.android.systemui.wallpapers.ImageWallpaper#43551] hidden!! flag  from(1) --> to(0)
05-18 00:31:29.061  1939  1939 I SurfaceFlinger: destroyed com.android.systemui.wallpapers.ImageWallpaper$_23268#43457 form LifecycleManager
05-18 00:31:29.061  1939  1939 I SurfaceFlinger: destroyed b04d637 com.android.systemui.wallpapers.ImageWallpaper#43456 form LifecycleManager
05-18 00:31:29.061  1939  1939 I SurfaceFlinger: destroyed WallpaperWindowToken{8c2aa5e showWhenLocked=false}#43455 form LifecycleManager
05-18 00:31:29.061  1939  1939 I SurfaceFlinger: id=43457 onLayerDestroyed from LayerHierarchyBuilder(RequestedLayerState{com.android.systemui.wallpapers.ImageWallpaper$_23268#43457 !handle})
05-18 00:31:29.061  1939  1939 I SurfaceFlinger: id=43456 onLayerDestroyed from LayerHierarchyBuilder(RequestedLayerState{b04d637 com.android.systemui.wallpapers.ImageWallpaper#43456 !handle})
05-18 00:31:29.061  1939  1939 I SurfaceFlinger: id=43455 onLayerDestroyed from LayerHierarchyBuilder(RequestedLayerState{WallpaperWindowToken{8c2aa5e showWhenLocked=false}#43455 !handle})
05-18 00:31:29.062  1939  1939 I Layer   : id=43457 Destroyed com.android.systemui.wallpapers.ImageWallpaper$_23268#43457
05-18 00:31:29.062  1939  1939 I Layer   : id=43456 Destroyed b04d637 com.android.systemui.wallpapers.ImageWallpaper#43456
05-18 00:31:29.062  1939  1939 I Layer   : id=43455 Destroyed WallpaperWindowToken{8c2aa5e showWhenLocked=false}#43455
05-18 00:31:29.076 23268 23862 I ImageSmartCropper:  getSettingKey 1
05-18 00:31:29.076 23268 23862 D DlsStateShot: getDlsState: 2, userId=0
05-18 00:31:29.076 23268 23862 D DlsStateShot: isDlsEnabled: 0
05-18 00:31:29.076 22446 22731 D WallpaperManagerService: isSystemAndLockPaired : mode=16, isPaired=false (called by userId= 0)
05-18 00:31:29.076 23268 23862 D DlsStateShot: isDlsEnabled: 0
05-18 00:31:29.076 23268 23862 D SemWallpaperProperties: refresh: which=18, targetWhich=18, dlsEnabled=false, dlsState=2, userId=0
05-18 00:31:29.076 23268 23862 D ImageSmartCropper: updateSmartCropRect
05-18 00:31:29.076 23268 23862 D ImageSmartCropper: bmpWidth : 1968, bmpHeight : 2184
05-18 00:31:29.076 23268 23862 D ImageSmartCropper: deviceWidth : 1080, deviceHeight : 2520
05-18 00:31:29.076 22446 25191 D WifiDisplayAdapter: getWifiDisplayStatusLocked: result=WifiDisplayStatus{featureState=2, scanState=0, activeDisplayState=0, activeDisplay=null, displays=[], sessionInfo=WifiDisplaySessionInfo:
05-18 00:31:29.076 22446 25191 D WifiDisplayAdapter:     Client/Owner: Client
05-18 00:31:29.076 22446 25191 D WifiDisplayAdapter:     GroupId:
05-18 00:31:29.076 22446 25191 D WifiDisplayAdapter:     Passphrase:
05-18 00:31:29.076 22446 25191 D WifiDisplayAdapter:     SessionId: 0
05-18 00:31:29.076 22446 25191 D WifiDisplayAdapter:     IP Address: }
05-18 00:31:29.076 23268 23862 D ImageSmartCropper: SmartView is not connected
05-18 00:31:29.076 23268 23862 I SAIV_FACE_FD_JNI: SAIV_HPRFACE_FD_VERSION : FLD2.1_11
05-18 00:31:29.077 23268 23862 W libc    : Access denied finding property "persist.vendor.fl.debug"
05-18 00:31:29.077 23268 23862 I FaceLandmarkSolution: init E (2.1.61), M 50
05-18 00:31:29.077 23268 23862 I FaceLandmarkSolution: init debug flag 0
05-18 00:31:29.083 22446 22605 D WALLPAPER_SVC:LegibilityColor: getColorExtractor cancel
05-18 00:31:29.084 22446 22605 I WALLPAPER_SVC:LegibilityColor: makeColorExtractor: 12
05-18 00:31:29.084 22446 22605 D WallpaperManagerService: WPMS.saveSettingsLocked-0
05-18 00:31:29.084 22446 31986 D WALLPAPER_SVC:LegibilityColor: extractColor start which = 18, landscape = false
05-18 00:31:29.084 22446 22605 D WALLPAPER_SVC:CMFWallpaper: deviceColor:db
05-18 00:31:29.084 22446 22605 I WallpaperResourcesInfo: getDefaultWallpaperType: which = 17 , type = 0
05-18 00:31:29.084 22446 22605 D WALLPAPER_SVC:CMFWallpaper: deviceColor:db
05-18 00:31:29.084 22446 22605 I WallpaperResourcesInfo: getDefaultWallpaperType: which = 18 , type = 8
05-18 00:31:29.085 22446 22605 V WallpaperManagerService: WPMS.saveSettingsLocked-0 took to complete: 2ms
05-18 00:31:29.085 22446 31986 D WALLPAPER_SVC:WallpaperManagerService: calcSemWallpaperColors: which = 18, sourceWhich = 18, rotation = 0
05-18 00:31:29.086 22446 22605 D WALLPAPER_SVC:WallpaperManagerService: notifySemColorListeners colors == null
05-18 00:31:29.086 22446 31986 I WALLPAPER_SVC:SemWallpaperManagerService: getThumbnailFile: which = 18, userId = 0, rotation = 0, wpId = 30535
05-18 00:31:29.086 22446 31986 I WALLPAPER_SVC:ProviderRequester: requestThumbnail : ComponentInfo{com.android.systemui/com.android.systemui.wallpapers.ImageWallpaper}, id=30535, which=18, srcWhich=18, user=0, rotation=0, params=0 fields
05-18 00:31:29.086 23268 23268 D Tonal   : Tonal Palette - index: 6. Main color: ff01b6e6
05-18 00:31:29.086 23268 23268 D Tonal   : Colors: ff001c23, ff00303d, ff004956, ff016274, ff01899a, ff0198c0, ff01b6e6, ff3ac8ed, ff50cefe, ff6fd3fe, ff92d8ff, ffc5e9ff, ffe8f8ff
05-18 00:31:29.086 23268 23268 D Tonal   : Gradients:
05-18 00:31:29.086 23268 23268 D Tonal   : 	Normal GradientColors(ff01b6e6, ff01b6e6)
05-18 00:31:29.086 23268 23268 D Tonal   : 	Dark GradientColors(ff016274, ff016274)
05-18 00:31:29.086 23268 23268 D Tonal   : 	Extra dark: GradientColors(ff004956, ff004956)
05-18 00:31:29.088 23268 23512 D LiveWallpaperProvider: dispatchCall : get_thumbnail
05-18 00:31:29.088 22446 31986 D WallpaperManagerService: semGetWallpaperType: which=18, return type=0 (called by userId= 0)
05-18 00:31:29.088 22446 31986 D WallpaperManagerService: semGetWallpaperType: which=18, return type=0 (called by userId= 0)
05-18 00:31:29.088 23268 23512 D ImageWallpaper_18[ImageSource]: getImageSupplier: which=18, type=0
05-18 00:31:29.088 23268 23512 D WallpaperManager: peekWallpaperBitmap: which =18, useCache = false
05-18 00:31:29.089 23268 23512 D WallpaperManager: getCurrentWallpaperLocked userId=0 by : com.android.systemui
05-18 00:31:29.089 22446 31986 D WALLPAPER_SVC:WallpaperManagerService: getWallpaper: which = 18, wallpaperUserId = 0, wpType = 0, isDexEnabled = false, getCropped = true, includeCopiedFile = false
05-18 00:31:29.089 22446 31986 D WALLPAPER_SVC:WallpaperManagerService: getWallpaper: which=18, isCopied=false
05-18 00:31:29.090 23268 23862 E ArcSoft_C: ARC_FL_PrjLibKey={ArcSoft_Solution_21,ArcSoft_Solution_26,ArcSoft_Solution_27,ArcSoft_Solution_48}
05-18 00:31:29.090 23268 23862 I FaceLandmarkSolution: FL Engine version : ArcSoft_FaceLandmark_2.0.125231001.680_#22007-1-B57121-R465334
05-18 00:31:29.093 23268 23862 W libc    : Access denied finding property "vendor.fl.dump"
05-18 00:31:29.093 23268 23862 I FaceLandmarkSolution: init X
05-18 00:31:29.093 23268 23862 I FaceLandmarkSolution: set_parameter E
05-18 00:31:29.093 23268 23862 I FaceLandmarkSolution: set_parameter X
05-18 00:31:29.093 23268 23862 I FaceLandmarkSolution: set_parameter E
05-18 00:31:29.093 23268 23862 I FaceLandmarkSolution: set_parameter X
05-18 00:31:29.093 23268 23862 I FaceLandmarkSolution: set_parameter E
05-18 00:31:29.093 23268 23862 I FaceLandmarkSolution: set_parameter X
05-18 00:31:29.093 23268 23862 D ImageSmartCropper: deviceRatio: 0.42857143, landBitmapWidth : 1968, landBitmapHeight : 843
05-18 00:31:29.095 23268 23268 D SystemUIService: SYSUI_RAM_OPTIMIZATION onTrimMemory=20
05-18 00:31:29.095 23268 23268 D CentralSurfaces: SYSUI_RAM_OPTIMIZATION onTrimMemory=20
05-18 00:31:29.095 23268 23537 D HWUI    : CacheManager::trimMemory(20)
05-18 00:31:29.102 22446 22547 I system_server: Background young concurrent mark compact GC freed 44MB AllocSpace bytes, 173(4252KB) LOS objects, 19% free, 170MB/212MB, paused 1.279ms,5.454ms total 122.122ms
05-18 00:31:29.113 23268 23512 I ImageSmartCropper:  getSettingKey 1
05-18 00:31:29.113 23268 23512 D DlsStateShot: getDlsState: 2, userId=0
05-18 00:31:29.113 23268 23512 D DlsStateShot: isDlsEnabled: 0
05-18 00:31:29.113 22446 31986 D WallpaperManagerService: isSystemAndLockPaired : mode=16, isPaired=false (called by userId= 0)
05-18 00:31:29.113 23268 23512 D DlsStateShot: isDlsEnabled: 0
05-18 00:31:29.113 23268 23512 D SemWallpaperProperties: refresh: which=18, targetWhich=18, dlsEnabled=false, dlsState=2, userId=0
05-18 00:31:29.113 23268 23512 D ImageSmartCropper: updateSmartCropRect
05-18 00:31:29.113 23268 23512 D ImageSmartCropper: bmpWidth : 1968, bmpHeight : 2184
05-18 00:31:29.113 23268 23512 D ImageSmartCropper: deviceWidth : 1080, deviceHeight : 2520
05-18 00:31:29.113 22446 31986 D WifiDisplayAdapter: getWifiDisplayStatusLocked: result=WifiDisplayStatus{featureState=2, scanState=0, activeDisplayState=0, activeDisplay=null, displays=[], sessionInfo=WifiDisplaySessionInfo:
05-18 00:31:29.113 22446 31986 D WifiDisplayAdapter:     Client/Owner: Client
05-18 00:31:29.113 22446 31986 D WifiDisplayAdapter:     GroupId:
05-18 00:31:29.113 22446 31986 D WifiDisplayAdapter:     Passphrase:
05-18 00:31:29.113 22446 31986 D WifiDisplayAdapter:     SessionId: 0
05-18 00:31:29.113 22446 31986 D WifiDisplayAdapter:     IP Address: }
05-18 00:31:29.113 23268 23512 D ImageSmartCropper: SmartView is not connected
05-18 00:31:29.113 23268 23512 I SAIV_FACE_FD_JNI: SAIV_HPRFACE_FD_VERSION : FLD2.1_11
05-18 00:31:29.113 23268 23512 W libc    : Access denied finding property "persist.vendor.fl.debug"
05-18 00:31:29.113 23268 23512 I FaceLandmarkSolution: init E (2.1.61), M 50
05-18 00:31:29.113 23268 23512 I FaceLandmarkSolution: init debug flag 0
05-18 00:31:29.125 23268 23512 E ArcSoft_C: ARC_FL_PrjLibKey={ArcSoft_Solution_21,ArcSoft_Solution_26,ArcSoft_Solution_27,ArcSoft_Solution_48}
05-18 00:31:29.125 23268 23512 I FaceLandmarkSolution: FL Engine version : ArcSoft_FaceLandmark_2.0.125231001.680_#22007-1-B57121-R465334
05-18 00:31:29.128 23268 23512 W libc    : Access denied finding property "vendor.fl.dump"
05-18 00:31:29.128 23268 23512 I FaceLandmarkSolution: init X
05-18 00:31:29.128 23268 23512 I FaceLandmarkSolution: set_parameter E
05-18 00:31:29.128 23268 23512 I FaceLandmarkSolution: set_parameter X
05-18 00:31:29.128 23268 23512 I FaceLandmarkSolution: set_parameter E
05-18 00:31:29.128 23268 23512 I FaceLandmarkSolution: set_parameter X
05-18 00:31:29.128 23268 23512 I FaceLandmarkSolution: set_parameter E
05-18 00:31:29.128 23268 23512 I FaceLandmarkSolution: set_parameter X
05-18 00:31:29.128 23268 23512 D ImageSmartCropper: deviceRatio: 0.42857143, landBitmapWidth : 1968, landBitmapHeight : 843
05-18 00:31:29.130 23268 23862 I FaceLandmarkSolution: Detection 1channel
05-18 00:31:29.130 23268 23862 I FaceLandmarkSolution: Processing Buffer - Frame Size : 0x0 -> 1968x2184(1968x2184)
05-18 00:31:29.133 23268 23862 I FaceLandmarkSolution: run_detection E
05-18 00:31:29.140 23268 23862 I FaceLandmarkSolution: run_detection X : Detected Face : 0
05-18 00:31:29.141 23268 23862 D ImageSmartCropper: Number of faces = 0
05-18 00:31:29.141 23268 23862 I FaceLandmarkSolution: release E
05-18 00:31:29.146 23268 23862 I FaceLandmarkSolution: release X
05-18 00:31:29.146 23268 23862 I [SCE_3] : [SmartCropping v3.0] native version is 2024-04-26-01 [native_smartcropper.cpp]
05-18 00:31:29.146 23268 23862 I [SCE_3] : [SmartCropping v3.0] DB path is /system/saiv/smartcropping_2.0/db
05-18 00:31:29.146 23268 23862 I [SCE_3] : smart_cropping in srcb_Smartcrop_Init() : -5476376616098516416 & its size is 8
05-18 00:31:29.146 23268 23862 I [SCE_3] : SmartCropper Handle after srcb_Smartcrop_Init() : -5476376616098516416 & its size is 8
05-18 00:31:29.146 23268 23862 I [SCE_3] : long bytes num: 8
05-18 00:31:29.146 23268 23862 I [SCE_3] : jlong bytes num: 8
05-18 00:31:29.148 23268 23862 I [SCE_3] : filepathname: /system/saiv/smartcropping_2.0/db/.
05-18 00:31:29.148 23268 23862 I [SCE_3] : filepathname: /system/saiv/smartcropping_2.0/db/..
05-18 00:31:29.148 23268 23862 I [SCE_3] : filepathname: /system/saiv/smartcropping_2.0/db/smartcrop_saliency_deploy.prototxt
05-18 00:31:29.148 23268 23862 I [SCE_3] : o_f_d loading start
05-18 00:31:29.148 23268 23862 I [SCE_3] : o_f_d loading success
05-18 00:31:29.148 23268 23862 I [SCE_3] : filepathname: /system/saiv/smartcropping_2.0/db/smartcrop_saliency_train
05-18 00:31:29.148 23268 23862 I [SCE_3] : o_f_t loading start
05-18 00:31:29.156 23268 23862 I [SCE_3] : o_f_t loading success
05-18 00:31:29.156 23268 23862 I [SCE_3] : DB file count : 2
05-18 00:31:29.171 23268 23512 I FaceLandmarkSolution: Detection 1channel
05-18 00:31:29.171 23268 23512 I FaceLandmarkSolution: Processing Buffer - Frame Size : 0x0 -> 1968x2184(1968x2184)
05-18 00:31:29.171 23268 23862 I [SCE_3] : native init exit
05-18 00:31:29.171 23268 23862 I [SCE_3] : SmartCropper Handle is -5476376616098516416
05-18 00:31:29.171 23268 23862 I [SCE_3] : SmartCropper Handle is -5476376616098516416 & its size is 8
05-18 00:31:29.171 23268 23862 I [SCE_3] : address(jlong): -5476376616098516416
05-18 00:31:29.174 23268 23512 I FaceLandmarkSolution: run_detection E
05-18 00:31:29.181 23268 23512 I FaceLandmarkSolution: run_detection X : Detected Face : 0
05-18 00:31:29.182 23268 23512 D ImageSmartCropper: Number of faces = 0
05-18 00:31:29.182 23268 23512 I FaceLandmarkSolution: release E
05-18 00:31:29.187 23268 23862 I SCE_v2.0: This is SCE v2.02
05-18 00:31:29.187 23268 23862 I [SCE_3] : [SmartCropping v3.0] native version is 2024-04-26-01
05-18 00:31:29.187 23268 23862 I [SCE_3] : srcb_format_input_int:4096, size: 1968*2184
05-18 00:31:29.187 23268 23512 I FaceLandmarkSolution: release X
05-18 00:31:29.187 23268 23512 I [SCE_3] : [SmartCropping v3.0] native version is 2024-04-26-01 [native_smartcropper.cpp]
05-18 00:31:29.187 23268 23512 I [SCE_3] : [SmartCropping v3.0] DB path is /system/saiv/smartcropping_2.0/db
05-18 00:31:29.187 23268 23512 I [SCE_3] : smart_cropping in srcb_Smartcrop_Init() : -5476376616092537472 & its size is 8
05-18 00:31:29.187 23268 23512 I [SCE_3] : SmartCropper Handle after srcb_Smartcrop_Init() : -5476376616092537472 & its size is 8
05-18 00:31:29.187 23268 23512 I [SCE_3] : long bytes num: 8
05-18 00:31:29.187 23268 23512 I [SCE_3] : jlong bytes num: 8
05-18 00:31:29.187 23268 23512 I [SCE_3] : filepathname: /system/saiv/smartcropping_2.0/db/.
05-18 00:31:29.187 23268 23512 I [SCE_3] : filepathname: /system/saiv/smartcropping_2.0/db/..
05-18 00:31:29.187 23268 23512 I [SCE_3] : filepathname: /system/saiv/smartcropping_2.0/db/smartcrop_saliency_deploy.prototxt
05-18 00:31:29.187 23268 23512 I [SCE_3] : o_f_d loading start
05-18 00:31:29.187 23268 23512 I [SCE_3] : o_f_d loading success
05-18 00:31:29.187 23268 23512 I [SCE_3] : filepathname: /system/saiv/smartcropping_2.0/db/smartcrop_saliency_train
05-18 00:31:29.187 23268 23512 I [SCE_3] : o_f_t loading start
05-18 00:31:29.193 23031 23167 D SatelliteController: isInCarrierRoamingNbIotNtn: satellite is disabled
05-18 00:31:29.193 23031 23167 V SatelliteController: getWwanIsInService: return true
05-18 00:31:29.194 23268 23512 I [SCE_3] : o_f_t loading success
05-18 00:31:29.194 23268 23512 I [SCE_3] : DB file count : 2
05-18 00:31:29.196 23268 23862 I [SCE_3] : convert_ARGB32_to_BGR24 end
05-18 00:31:29.196 23268 23862 I [SCE_3] : [smartcropapp.cpp] clear previous image info
05-18 00:31:29.196 23268 23862 I [SCE_3] : [smartcropapp.cpp] procimg rows:0, cols:0, buffer size:0
05-18 00:31:29.196 23268 23862 I [SCE_3] : [smartcropapp.cpp] procimg_released
05-18 00:31:29.198 23268 23862 I SCE_Native: Processing Time on SetIntImage() : 11.86 ms
05-18 00:31:29.200 23268 23862 I [SCE_3] : [smartcropapp.cpp] detectSaliencyBox() is called
05-18 00:31:29.200 23268 23862 I [SCE_3] : [Detection.cpp] Detection::detectSaliencyBox() is called
05-18 00:31:29.209 23268 23512 I [SCE_3] : native init exit
05-18 00:31:29.209 23268 23512 I [SCE_3] : SmartCropper Handle is -5476376616092537472
05-18 00:31:29.209 23268 23512 I [SCE_3] : SmartCropper Handle is -5476376616092537472 & its size is 8
05-18 00:31:29.209 23268 23512 I [SCE_3] : address(jlong): -5476376616092537472
05-18 00:31:29.211 23268 23862 I [SCE_3] : [Detection.cpp] Detection_getFeatureLayers: top_vects_size:49,feature layer index:48
05-18 00:31:29.211 23268 23862 I [SCE_3] : [Detection.cpp] (detectSaliencyBox()) CnnMaxVal is 1.0000 on CNN Feature Map
05-18 00:31:29.211 23268 23862 I [SCE_3] : [Detection.cpp] getGassianMatrix_reversed(HQ) function is called to apply gaussian weight
05-18 00:31:29.211 23268 23862 I [SCE_3] : [Detection.cpp] Gaussian center point is GaussCntX=13.50, GaussCntY=13.50
05-18 00:31:29.211 23268 23862 I SCE_Native: [Detection.cpp] gaussian decay value it 1.00
05-18 00:31:29.211 23268 23862 I [SCE_3] : [Detection.cpp] gaussian weight for CNN on gaussian_matrix_type=1
05-18 00:31:29.211 23268 23862 I [SCE_3] : [Detection.cpp] (detectSaliencyBox()) extractBndBoxContour() is called with peak : 0.70 & factor : 0.40 on CNN widh MODE=0
05-18 00:31:29.211 23268 23862 I [SCE_3] : [Detection.cpp] extractBndBoxContour(): threshold is 0.40
05-18 00:31:29.212 23268 23862 I [SCE_3] : [findSingleObjectRect()] roi [0](l,t,r,b) is (140, 936, 1827, 1638)
05-18 00:31:29.212 23268 23862 I [SCE_3] : [findSingleObjectRect()] scaledroi [0](l,t,r,b) is (1, 12, 25, 21)
05-18 00:31:29.212 23268 23862 I [SCE_3] : [findSingleObjectRect()] before maxobject is : x: 140, y: 936, w: 1687,  h: 702
05-18 00:31:29.212 23268 23862 I [SCE_3] : [findSingleObjectRect()] after maxobject is : x: 140, y: 936, w: 1687,  h: 702
05-18 00:31:29.212 23268 23862 I [SCE_3] : [findSingleObjectRect()] [MIN_SIZE_REVISION] ROI rect is x:140, y:936, w:1687, h:702
05-18 00:31:29.212 23268 23862 I [SCE_3] : [findSingleObjectRect()] [MIN_SIZE_REVISION] shortObj: 702, longObj: 1687, shortImg: 1968
05-18 00:31:29.212 23268 23862 I [SCE_3] : [findSingleObjectRect()] [ROI] final result of object rect is x:140, y:936, w:1687, h:702
05-18 00:31:29.212 23268 23862 I [SCE_3] : [smartcropapp.cpp] [Processing Time] findSingleObjectRect() is 0.09ms
05-18 00:31:29.212 23268 23862 I SCE_Native: Processing Time on findObjectRect() : 12.05 ms
05-18 00:31:29.212 23268 23862 I [SCE_3] : object rect: 140, 936, 1827, 1638
05-18 00:31:29.212 23268 23862 D ImageSmartCropper: [ findObjectRect() ] : Rect(140, 936 - 1827, 1638)
05-18 00:31:29.212 23268 23862 I [SCE_3] : [smartcropapp.cpp] procimg rows:480, cols:432, buffer size:207360
05-18 00:31:29.212 23268 23862 I [SCE_3] : [smartcropapp.cpp] procimg_released
05-18 00:31:29.212 23268 23862 D ImageSmartCropper: recognizedRect: Rect(140, 936 - 1827, 1638)
05-18 00:31:29.212 23268 23862 D ImageSmartCropper: [ findCropRect() of Real Image] : Rect(0, 866 - 1968, 1709)
05-18 00:31:29.212 23268 23862 I ImageWallpaper[WallpaperManagerImageSupplier]: extractSmartCropRect: wpSize=1968x2184, smartCropRect=Rect(0, 866 - 1968, 1709), elapsed=135
05-18 00:31:29.212 23268 23862 I ImageWallpaper[WallpaperManagerImageSupplier]: getWallpaperImage: 162ms
05-18 00:31:29.212 23268 23862 I ImageWallpaper_18[ImageSource]: loadWallpaper: 1968x2184 crops=Rect(0, 0 - 1968, 2184) Rect(0, 866 - 1968, 1709)
05-18 00:31:29.212 23268 23862 D ImageWallpaper[DownScaledSourceBitmapManager]: createDownScaledSourceBitmap: longDisplay=2520, shortBmpLen=1968, scale=0.6402439
05-18 00:31:29.221 23268 23862 I IntelligentCropHelper: selectProperCropHint: baseW = 1080, baseH = 2520, Rect(0, 0 - 1968, 2184)
05-18 00:31:29.221 23268 23862 D ImageWallpaper_18[ImageSource]: getImageSupplier: which=18, type=0
05-18 00:31:29.221 23268 23862 D ImageDarkModeFilter: isNightMode : Window = 17App = 17
05-18 00:31:29.221 23268 23862 D ImageDarkModeFilter: isNightMode: false ui_mode false
05-18 00:31:29.222 23268 23862 I ImageWallpaper_18[Image]: drawFrameOnCanvas : which=18, bmpW=1968, bmpH=2184, bmpScale=1.0, src=Rect(0, 0 - 1968, 2184), dest=Rect(0, 0 - 1080, 2520), dimColor=null, customCanvas=false
05-18 00:31:29.222 23268 23537 D NativeCustomFrequencyManager: [NativeCFMS] BpCustomFrequencyManager::BpCustomFrequencyManager()
05-18 00:31:29.223 22109 22109 I SS_POWER_HINT_SESSION: SS_ADPF 23268-10049-1d10 PowerHintSession createHintSession : , 23535, 23536, 23862, 23537 : 16666667
05-18 00:31:29.223 22106 22129 I HYPER-HAL: [RequestManager.cpp]acquire(): Acquired ID : 772517668  [22109 / 17197]    HINT :      list : [TID_LOW_LATENCY / 1] [TID / 23535] [TID / 23536] [TID / 23862] [TID / 23537]
05-18 00:31:29.224 23268 23512 I SCE_v2.0: This is SCE v2.02
05-18 00:31:29.224 22446 22731 D HintManagerService: SystemUI make new AppHintSession but force pause
05-18 00:31:29.224 23268 23512 I [SCE_3] : [SmartCropping v3.0] native version is 2024-04-26-01
05-18 00:31:29.224 23268 23512 I [SCE_3] : srcb_format_input_int:4096, size: 1968*2184
05-18 00:31:29.224 22106 22129 I HYPER-HAL: [RequestManager.cpp]acquire(): Acquired ID : 772517668  [22109 / 17197]    HINT :      list : [TID_LOW_LATENCY / 0] [TID / 23535] [TID / 23536] [TID / 23862] [TID / 23537]
05-18 00:31:29.224 22106 22129 I HYPER-HAL: [RequestManager.cpp]releaseLocked(): Released ID : 772517668
05-18 00:31:29.224 22106 22129 I HYPER-HAL: [RequestManager.cpp]acquire(): Acquired ID : 772556976  [22109 / 17198]    HINT :      list : [UCLAMP_MIN_BOOST / 0] [TIMEOUT / 50] [TID / 23535] [TID / 23536] [TID / 23862] [TID / 23537]
05-18 00:31:29.231 23268 23512 I [SCE_3] : convert_ARGB32_to_BGR24 end
05-18 00:31:29.231 23268 23512 I [SCE_3] : [smartcropapp.cpp] clear previous image info
05-18 00:31:29.231 23268 23512 I [SCE_3] : [smartcropapp.cpp] procimg rows:0, cols:0, buffer size:0
05-18 00:31:29.231 23268 23512 I [SCE_3] : [smartcropapp.cpp] procimg_released
05-18 00:31:29.233 23268 23512 I SCE_Native: Processing Time on SetIntImage() : 9.63 ms
05-18 00:31:29.234 23268 23512 I [SCE_3] : [smartcropapp.cpp] detectSaliencyBox() is called
05-18 00:31:29.234 23268 23512 I [SCE_3] : [Detection.cpp] Detection::detectSaliencyBox() is called
05-18 00:31:29.244 23268 23537 I BLASTBufferQueue: [Wallpaper#1811](f:0,a:0,s:0) onFrameAvailable-start syncTransactionSet=true
05-18 00:31:29.244 23268 23537 I BLASTBufferQueue: [Wallpaper#1811](f:0,a:0,s:0) onFrameAvailable the first frame is available
05-18 00:31:29.244 23268 23537 I BLASTBufferQueue: [Wallpaper#1811](f:0,a:0,s:0) onFrameAvailable framenumber=1 syncTransactionSet=true
05-18 00:31:29.244 23268 23537 I BLASTBufferQueue: [Wallpaper#1811](f:1,a:0,s:0) onFrameAvailable framenumber=1 syncTransactionSet=true
05-18 00:31:29.244 23268 23537 I BLASTBufferQueue: [Wallpaper#1811](f:0,a:1,s:1) mergePendingTransactions t: 99935300097672, frameNumber: 1
05-18 00:31:29.244 23268 23537 I BLASTBufferQueue: [Wallpaper#1811](f:0,a:1,s:1) acquireNextBufferLocked t: 99935300097672, mLastAppliedFrameNumber: 0
05-18 00:31:29.244 23268 23537 I BLASTBufferQueue: [Wallpaper#1811](f:0,a:1,s:1) acquireNextBufferLocked size=1080x2520 mFrameNumber=1 applyTransaction=false mTimestamp=116383644399246(auto) mPendingTransactions.size=0 graphicBufferId=99935299061651 transform=0
05-18 00:31:29.244 23268 23537 I ImageWallpaper_18[Integrated]: setVisibleRectOfSurface: frame=Rect(0, 0 - 1080, 2520), transaction ready. delay=195
05-18 00:31:29.244 23268 23537 I SurfaceComposerClient: setTransactionState with buffer. layerId: 43553, bufferData(ID: 99935299061651, frameNumber: 1, barrierFrameNumber: 0)
05-18 00:31:29.244 23268 23537 I SurfaceComposerClient: apply transaction with the first frame. layerId: 43553, bufferData(ID: 99935299061651, frameNumber: 1)
05-18 00:31:29.244  1939  2857 I SurfaceFlinger: [Wallpaper BBQ wrapper 18_lock#43553] setTransactionState with the first frame. bufferData(ID: 99935299061651, frameNumber: 1)
05-18 00:31:29.245 23268 23537 D HWUI    : CFMS:: SetUp Pid : 23268    Tid : 23537
05-18 00:31:29.246 23268 23862 I ImageWallpaper_18[Image]: drawFrameOnCanvas : elapsed=197, bmpPrepareDur=172, filterApplyDur=0, drawDur=25, drawnState=(which=18, 1080x2520, darkMode=false)
05-18 00:31:29.246 23268 23512 I [SCE_3] : [Detection.cpp] Detection_getFeatureLayers: top_vects_size:49,feature layer index:48
05-18 00:31:29.246 23268 23512 I [SCE_3] : [Detection.cpp] (detectSaliencyBox()) CnnMaxVal is 1.0000 on CNN Feature Map
05-18 00:31:29.246 23268 23512 I [SCE_3] : [Detection.cpp] getGassianMatrix_reversed(HQ) function is called to apply gaussian weight
05-18 00:31:29.246 23268 23512 I [SCE_3] : [Detection.cpp] Gaussian center point is GaussCntX=13.50, GaussCntY=13.50
05-18 00:31:29.246 23268 23512 I SCE_Native: [Detection.cpp] gaussian decay value it 1.00
05-18 00:31:29.247 23268 23512 I [SCE_3] : [Detection.cpp] gaussian weight for CNN on gaussian_matrix_type=1
05-18 00:31:29.247 23268 23512 I [SCE_3] : [Detection.cpp] (detectSaliencyBox()) extractBndBoxContour() is called with peak : 0.70 & factor : 0.40 on CNN widh MODE=0
05-18 00:31:29.247 23268 23512 I [SCE_3] : [Detection.cpp] extractBndBoxContour(): threshold is 0.40
05-18 00:31:29.247 23268 23512 I [SCE_3] : [findSingleObjectRect()] roi [0](l,t,r,b) is (140, 936, 1827, 1638)
05-18 00:31:29.247 23268 23512 I [SCE_3] : [findSingleObjectRect()] scaledroi [0](l,t,r,b) is (1, 12, 25, 21)
05-18 00:31:29.247 23268 23512 I [SCE_3] : [findSingleObjectRect()] before maxobject is : x: 140, y: 936, w: 1687,  h: 702
05-18 00:31:29.247 23268 23512 I [SCE_3] : [findSingleObjectRect()] after maxobject is : x: 140, y: 936, w: 1687,  h: 702
05-18 00:31:29.247 23268 23512 I [SCE_3] : [findSingleObjectRect()] [MIN_SIZE_REVISION] ROI rect is x:140, y:936, w:1687, h:702
05-18 00:31:29.247 23268 23512 I [SCE_3] : [findSingleObjectRect()] [MIN_SIZE_REVISION] shortObj: 702, longObj: 1687, shortImg: 1968
05-18 00:31:29.247 23268 23512 I [SCE_3] : [findSingleObjectRect()] [ROI] final result of object rect is x:140, y:936, w:1687, h:702
05-18 00:31:29.247 23268 23512 I [SCE_3] : [smartcropapp.cpp] [Processing Time] findSingleObjectRect() is 0.08ms
05-18 00:31:29.247 23268 23512 I SCE_Native: Processing Time on findObjectRect() : 12.44 ms
05-18 00:31:29.247 23268 23512 I [SCE_3] : object rect: 140, 936, 1827, 1638
05-18 00:31:29.247 23268 23512 D ImageSmartCropper: [ findObjectRect() ] : Rect(140, 936 - 1827, 1638)
05-18 00:31:29.247 23268 23512 I [SCE_3] : [smartcropapp.cpp] procimg rows:480, cols:432, buffer size:207360
05-18 00:31:29.247 23268 23512 I [SCE_3] : [smartcropapp.cpp] procimg_released
05-18 00:31:29.247 23268 23512 D ImageSmartCropper: recognizedRect: Rect(140, 936 - 1827, 1638)
05-18 00:31:29.247 23268 23512 D ImageSmartCropper: [ findCropRect() of Real Image] : Rect(0, 866 - 1968, 1709)
05-18 00:31:29.247 23268 23512 I ImageWallpaper[WallpaperManagerImageSupplier]: extractSmartCropRect: wpSize=1968x2184, smartCropRect=Rect(0, 866 - 1968, 1709), elapsed=133
05-18 00:31:29.247 23268 23512 I ImageWallpaper[WallpaperManagerImageSupplier]: getWallpaperImage: 158ms
05-18 00:31:29.247 23268 23512 I ImageWallpaper_18[ImageSource]: loadWallpaper: 1968x2184 crops=Rect(0, 0 - 1968, 2184) Rect(0, 866 - 1968, 1709)
05-18 00:31:29.247 23268 23512 I ImageWallpaper_18[ImageSource]: isFixedOrientationWallpaper:  which=18, feature=false, isTablet=false, isFoldMainDisplay=false, isFoldSubDisplay=true, isCustomWallpaper=true, isPreview=false, isCustompackContainsVideo=false, isFixedOrientation=false
05-18 00:31:29.247 23268 23512 I IntelligentCropHelper: selectProperCropHint: baseW = 1080, baseH = 2520, Rect(0, 0 - 1968, 2184)
05-18 00:31:29.247 23268 23512 D GraphicsUtils: getCenterCropRect: imgWidth=1968, imgHeight=2184, widthToFit=1080, heightToFit=2520, result=Rect(516, 0 - 1452, 2184)
05-18 00:31:29.249 23268 23862 D WallpaperService: reportEngineShown: shouldWait=false
05-18 00:31:29.249 22446 25191 D KNOX_MDM_SettingsProvider: isChangeAllowed() : name = wallpaper_finish_drawing
05-18 00:31:29.249 22446 25191 D KNOX_MDM_SettingsProvider: edmUri: content://com.sec.knox.provider/RestrictionPolicy3
05-18 00:31:29.249 22446 25191 D KNOX_MDM_SettingsProvider: projectionArgs: isSettingsChangesAllowed
05-18 00:31:29.249 22446 25191 D KNOX_MDM_SettingsProvider: selectionArgs: false
05-18 00:31:29.249 22446 25191 D KNOX_MDM_SettingsProvider: selectionArgs: 10049
05-18 00:31:29.249 22446 25191 D SecContentProvider: query(), uri = 17 selection = isSettingsChangesAllowed
05-18 00:31:29.249 22446 25191 D SecContentProvider: called from android.uid.systemui:10049
05-18 00:31:29.249 22446 25191 D RestrictionPolicy: isSettingsChangesAllowedAsUser, userId 0 : true
05-18 00:31:29.249 22446 25191 D KNOX_MDM_SettingsProvider: ret = 1
05-18 00:31:29.249 22446 25191 D SettingsProvider: PUT_ret(/system/wallpaper_finish_drawing), callingPackage:com.android.systemui
05-18 00:31:29.249 23268 23862 I ImageWallpaper_18[Image]: finishRendering
05-18 00:31:29.249 23268 23862 I ImageWallpaper_18[Image]:  onVisibilityChanged: visible=true , displayId=0
05-18 00:31:29.249 22446 25191 D SyntheticPasswordManager.SDP: Inside fromBytes() - result.pinLength : -1
05-18 00:31:29.249 22446 25191 D SyntheticPasswordManager.SDP: 2. result.secureMode : 0
05-18 00:31:29.249 23268 23862 D ImageWallpaper[WallpaperAnimator]: onEngineVisibilityChanged: visible = true, which = 18, isFullAodShown = false, isMultipack = false, mKeyguardState = false
05-18 00:31:29.249 23268 23862 D ImageWallpaper[WallpaperAnimator]: playDownScale
05-18 00:31:29.249 23268 23862 D ImageWallpaper[WallpaperAnimator]: startAnimation: 1.025 -> 1.0
05-18 00:31:29.249 23268 23862 I ImageWallpaper[WallpaperAnimator]: release
05-18 00:31:29.249 23268 23862 I ImageWallpaper_18[Image]:  onVisibilityChanged: visible=false , displayId=0
05-18 00:31:29.249 22446 25191 D SyntheticPasswordManager.SDP: Inside fromBytes() - result.pinLength : -1
05-18 00:31:29.249 22446 25191 D SyntheticPasswordManager.SDP: 2. result.secureMode : 0
05-18 00:31:29.249 23268 23862 D ImageWallpaper[WallpaperAnimator]: onEngineVisibilityChanged: visible = false, which = 18, isFullAodShown = false, isMultipack = false, mKeyguardState = false
05-18 00:31:29.249 23268 23862 D ImageWallpaper[WallpaperAnimator]: changeToUpScaleImmediately
05-18 00:31:29.249 23268 23862 I ImageWallpaper[WallpaperAnimator]: release
05-18 00:31:29.250 23268 23862 D WallpaperService: updateSurface onVisibilityChanged visible: false
05-18 00:31:29.250 23268 23862 D WallpaperService: updateSurface : finish redrawing reserve to redraw after visible cause currently not visible.
05-18 00:31:29.250 23268 23862 I WallpaperService: updateSurface: invoke Session.finishDrawing
05-18 00:31:29.250 22446 25191 D WindowManager: finishDrawingWindow: Window{b24f3f u0 com.android.systemui.wallpapers.ImageWallpaper} mDrawState=DRAW_PENDING seqId=2147483647
05-18 00:31:29.250 23268 23862 D WallpaperService: reportEngineShown: shouldWait=true
05-18 00:31:29.250 23268 23862 I ImageWallpaper_17[Image]: onCommand: action = android.wallpaper.aodstate
05-18 00:31:29.250 22446 22564 D SurfaceComposerClient: setCornerRadius ## 5b89254 com.tiarnanlarkin.danio/com.tiarnanlarkin.danio.MainActivity#43493 cornerRadius=0.000000
05-18 00:31:29.250 22446 22564 D SurfaceComposerClient: setCornerRadius ## 5b89254 com.tiarnanlarkin.danio/com.tiarnanlarkin.danio.MainActivity#43493 cornerRadius=0.000000
05-18 00:31:29.250 22446 22731 D WallpaperManagerService: WPMS.mReply.sendResult
05-18 00:31:29.251 22446 22731 D WALLPAPER_SVC:WallpaperManagerService: notifyWallpaperChanged: ACTION_WALLPAPER_CHANGED. which = 18, type = 0
05-18 00:31:29.251 22446 22731 V WallpaperManagerService: WPMS.mReply.sendResult took to complete: 1ms
05-18 00:31:29.251 23268 23862 D WallpaperService: Wallpaper has updated the surface:null
05-18 00:31:29.251  4689  4689 D WallpaperManager: Wallpaper set completion.
05-18 00:31:29.251  4689  4689 I WallpaperManager: setStreamWithCrops: finished. which=2, userId=0
05-18 00:31:29.251  4689  4689 D WallpaperManager: isNeedToClearBackupData(), pkgName = com.wallpaperscraft.wallpaper
05-18 00:31:29.251  4689  4689 D WallpaperManager: isNeedToClearBackupData(), pkgName = com.wallpaperscraft.wallpaper
05-18 00:31:29.251  4689  4689 D WallpaperManager: needClear = true
05-18 00:31:29.251  4689  4689 D WallpaperManager: semClearBackupWallpapers: which = 2
05-18 00:31:29.251 23916 23916 I HoneySpace.WidgetBlurManager: Clear blur bitmap cache by changing wallpaper
05-18 00:31:29.251 22446 22731 D WALLPAPER_SVC:SemWallpaperManagerService: removeSnapshotByWhich: whiches = [6]
05-18 00:31:29.251 23916 23916 I HoneySpace.SearchUI: onReceive: WallpaperChanged
05-18 00:31:29.252 23268 27967 I BLASTBufferQueue: [Wallpaper#1811](f:0,a:1,s:1) transactionCommittedCallback
05-18 00:31:29.252 23268 27967 I BLASTBufferQueue: [Wallpaper#1811](f:0,a:1,s:0) transactionCommittedCallback mSyncedFrameNumbers.erase(1)
05-18 00:31:29.253 23268 23268 I KeyguardWallpaperController: onReceive: system wallpaper has been changed. which = 18
05-18 00:31:29.253 23268 23512 D BitmapUtils: getSizeLimitedCenterCropBitmap: , src=1968x2184 Rect(0, 0 - 1968, 2184), adjusted=Rect(0, 0 - 1968, 2184), center=Rect(516, 0 - 1452, 2184), scale=1.0, out=936x2184
05-18 00:31:29.253 23268 23768 D PluginLockWallpaper: isDynamicWallpaper() required:1, final: 1, ret:false
05-18 00:31:29.253 22446 25191 D WallpaperManagerService: isSystemAndLockPaired : mode=16, isPaired=false (called by userId= 0)
05-18 00:31:29.253 22446 22671 D WallpaperManagerService: isSystemAndLockPaired : mode=16, isPaired=false (called by userId= 0)
05-18 00:31:29.253 23268 23768 I WallpaperAnalytics: updateWallpaperStatus : which=18, sourceWhich=18
05-18 00:31:29.254 23268 23768 D PluginLockWallpaper: isDynamicWallpaper() required:1, final: 1, ret:false
05-18 00:31:29.254 22446 22671 D WallpaperManagerService: semGetWallpaperType: which=18, return type=0 (called by userId= 0)
05-18 00:31:29.254 23268 23268 D AODAmbientWallpaperHelper: onReceive: action ACTION_WALLPAPER_CHANGED
05-18 00:31:29.254 23268 23512 I ImageWallpaper[ProviderCallDispatcher]: onGetThumbnail: wpId=30535, which=18, srcWhich=18, rotation=0, size=936x2184, elapsed=166
05-18 00:31:29.254 23268 23768 I WallpaperAnalytics: setWallpaperStatus: WS0003_C = Image
05-18 00:31:29.255 23268 23768 D PluginLockWallpaper: isDynamicWallpaper() required:1, final: 1, ret:false
05-18 00:31:29.255 23268 23768 D DlsStateShot: getDlsState: 2, userId=0
05-18 00:31:29.255 23268 23768 D DlsStateShot: isDlsEnabled: 0
05-18 00:31:29.255 22446 22671 D WallpaperManagerService: isSystemAndLockPaired : mode=16, isPaired=false (called by userId= 0)
05-18 00:31:29.255 23268 23768 D DlsStateShot: isDlsEnabled: 0
05-18 00:31:29.255 23268 23768 D SemWallpaperProperties: refresh: which=18, targetWhich=18, dlsEnabled=false, dlsState=2, userId=0
05-18 00:31:29.255 23268 23768 I WallpaperAnalytics: setWallpaperStatus: WS0004_C = Custom
05-18 00:31:29.255 23268 23268 D AODAmbientWallpaperHelper: updateWonderLandWallpaperState: isFolded=true, isMainWonderLandWallpaper=false, isSubWonderLandWallpaper=false mainWallpaperClassName=, subWallpaperClassName=com.android.systemui.wallpapers.ImageWallpaper
05-18 00:31:29.255 23268 23268 D AODAmbientWallpaperHelper: isWonderLandAmbientWallpaper: isFolded=true, isMainWonderLandWallpaper=false, isSubWonderLandWallpaper=false
05-18 00:31:29.255  4689  4689 D WallpaperManager: setStream calling package = com.wallpaperscraft.wallpaper, allowBackup = true, which = 1, type = 0, hasExtra = false
05-18 00:31:29.255  4689  4689 D WallpaperManager: setStream bitmap data = java.io.FileInputStream@43ecfa1
05-18 00:31:29.255 22446 22731 D WALLPAPER_SVC:WallpaperManagerService: setWallpaper() name:null callingPackage = com.wallpaperscraft.wallpaper, screenOrientations = [] crops = [] allowBackup = true which = 0x1 wpType = 0 userId = 0 current userId = 0 extras = null isDexEnabled = false
05-18 00:31:29.255 22446 31986 I WALLPAPER_SVC:ProviderRequester: invokeProviderCall : get_thumbnail, elapsed=170
05-18 00:31:29.255 22446 31986 I WALLPAPER_SVC:PreloadedLiveWallpaperHelper: fetchThumbnailFile : finished. which=18, elapsed=170ms
05-18 00:31:29.255 22446 31986 I WALLPAPER_SVC:ThumbnailFileManager: writeThumbnailFile: which=18, userId=0, rotation=0
05-18 00:31:29.255 22446 22731 D SecContentProvider: query(), uri = 18 selection = isWallpaperChangeAllowed
05-18 00:31:29.255 22446 22731 D SecContentProvider: called from com.wallpaperscraft.wallpaper
05-18 00:31:29.255 22446 22731 D RestrictionPolicy: isWallpaperChangeAllowed : true
05-18 00:31:29.255 22446 22731 D WALLPAPER_SVC:Knox: isWallpaperChangeAllowed true
05-18 00:31:29.256 22446 22731 D WALLPAPER_SVC:SubDisplayMode: getFolderStateBasedWhich state = 0
05-18 00:31:29.256 22446 22446 D WALLPAPER_SVC:DefaultWallpaper: setSettingsSystemUiTransparency : 0 name=sub_display_system_wallpaper_transparency
05-18 00:31:29.256 22446 22731 D WALLPAPER_SVC:WallpaperManagerService: getWallpaperSafeLocked, userId = 0, which = 17, caller = com.android.server.wallpaper.WallpaperManagerService.setWallpaper:447
05-18 00:31:29.256 22446 22446 D KNOX_MDM_SettingsProvider: isChangeAllowed() : name = sub_display_system_wallpaper_transparency
05-18 00:31:29.256 22446 22731 D WALLPAPER_SVC:WallpaperData: getWallpaperFile: file = /data/system/users/0/wallpaper_sub_display_orig
05-18 00:31:29.256 22446 22731 D WALLPAPER_SVC:WallpaperManagerService: checkWallpaperData: userId = 0, which = 17, wpType = 0, wallpaperFile= /data/system/users/0/wallpaper_sub_display_orig
05-18 00:31:29.256 22446 22731 D WALLPAPER_SVC:WallpaperData: getWallpaperFile: file = /data/system/users/0/wallpaper_sub_display_orig
05-18 00:31:29.256 22446 22731 D WALLPAPER_SVC:SemWallpaperData: SemWallpaperData
05-18 00:31:29.256 22446 22731 D WALLPAPER_SVC:SemWallpaperData: clone:
05-18 00:31:29.256 22446 22731 D WALLPAPER_SVC:SemWallpaperData:     mTimeCreated=null
05-18 00:31:29.256 22446 22731 D WALLPAPER_SVC:SemWallpaperData:     mWidth=-1
05-18 00:31:29.256 22446 22731 D WALLPAPER_SVC:SemWallpaperData:     mHeight=-1
05-18 00:31:29.256 22446 22731 D WALLPAPER_SVC:SemWallpaperData:     mIsCopied=false
05-18 00:31:29.256 22446 22731 D WALLPAPER_SVC:SemWallpaperData:     mIsPreloaded=false
05-18 00:31:29.256 22446 22731 D WALLPAPER_SVC:SemWallpaperData:     mOrientation=1
05-18 00:31:29.256 22446 22731 D WALLPAPER_SVC:SemWallpaperData:     mWhich=0x11
05-18 00:31:29.256 22446 22731 D WALLPAPER_SVC:SemWallpaperData:     mWpType=0
05-18 00:31:29.256 22446 22731 D WALLPAPER_SVC:SemWallpaperData:     mUri=null
05-18 00:31:29.256 22446 22731 D WALLPAPER_SVC:SemWallpaperData:     mLastCallingPackage=com.wallpaperscraft.wallpaper
05-18 00:31:29.256 22446 22731 D WALLPAPER_SVC:SemWallpaperData:     mExternalParams=null
05-18 00:31:29.256 22446 22731 D WALLPAPER_SVC:SemWallpaperData:     mIsDesktopWallpaper=false
05-18 00:31:29.256 22446 22731 D WALLPAPER_SVC:SemWallpaperData:     mPrimarySemColors=[version:22, which:17, adaptive dim:0.0/ff000000, darkmode dim:0.15]
05-18 00:31:29.256 22446 22731 D WALLPAPER_SVC:SemWallpaperData: 	[SeedColors, [-6982055]]
05-18 00:31:29.256 22446 22731 D WALLPAPER_SVC:SemWallpaperData: 	[STATUSBAR, Rect(63, 26 - 1015, 107):0/ffffffff/1.0/0.1, 0.0/0.0/0.0, LIGHT/fffafafa, LIGHT/fffafafa]
05-18 00:31:29.256 22446 22731 D WALLPAPER_SVC:SemWallpaperData: 	[BODY, Rect(36, 175 - 1042, 2042):0/ffefefef/3.5006013/0.6344689, 19.354837/0.27192983/0.44705883]
05-18 00:31:29.256 22446 22731 D WALLPAPER_SVC:SemWallpaperData: 	[NAVIBAR, Rect(0, 2394 - 1078, 2520):0/ffefefef/2.6018386/0.49403727, 24.375/0.27826086/0.4509804]
05-18 00:31:29.256 22446 22731 D WALLPAPER_SVC:SemWallpaperData:     mDlsSemColors=null
05-18 00:31:29.256 22446 22731 D WALLPAPER_SVC:SemWallpaperData:     mSmartCropOriginalRect=null, mSmartCropRect=null
05-18 00:31:29.256 22446 22731 D WALLPAPER_SVC:SemWallpaperData:     mWallpaperHistory=
05-18 00:31:29.256 22446 22731 D WALLPAPER_SVC:SemWallpaperData: 	history - [time]::[callingPkg]::[type]::[contents]
05-18 00:31:29.256 22446 22731 D WALLPAPER_SVC:SemWallpaperData: 	17 May 2026 19:31:06::com.wallpaperscraft.wallpaper::image
05-18 00:31:29.256 22446 22731 D WALLPAPER_SVC:SemWallpaperData: 	17 May 2026 19:46:06::com.wallpaperscraft.wallpaper::image
05-18 00:31:29.256 22446 22731 D WALLPAPER_SVC:SemWallpaperData: 	17 May 2026 20:01:09::com.wallpaperscraft.wallpaper::image
05-18 00:31:29.256 22446 22731 D WALLPAPER_SVC:SemWallpaperData: 	17 May 2026 20:16:10::com.wallpaperscraft.wallpaper::image
05-18 00:31:29.256 22446 22731 D WALLPAPER_SVC:SemWallpaperData: 	17 May 2026 20:31:12::com.wallpaperscraft.wallpaper::image
05-18 00:31:29.256 22446 22731 D WALLPAPER_SVC:SemWallpaperData: 	17 May 2026 20:46:14::com.wallpaperscraft.wallpaper::image
05-18 00:31:29.256 22446 22731 D WALLPAPER_SVC:SemWallpaperData: 	17 May 2026 21:01:16::com.wallpaperscraft.wallpaper::image
05-18 00:31:29.256 22446 22731 D WALLPAPER_SVC:SemWallpaperData: 	17 May 2026 21:16:18::com.wallpaperscraft.wallpaper::image
05-18 00:31:29.256 22446 22731 D WALLPAPER_SVC:SemWallpaperData: 	17 May 2026 21:31:19::com.wallpaperscraft.wallpaper::image
05-18 00:31:29.256 22446 22731 D WALLPAPER_SVC:SemWallpaperData: 	17 May 2026 21:46:21::com.wallpaperscraft.wallpaper::image
05-18 00:31:29.256 22446 22731 D WALLPAPER_SVC:SemWallpaperData: 	17 May 2026 22:01:23::com.wallpaperscraft.wallpaper::image
05-18 00:31:29.256 22446 22731 D WALLPAPER_SVC:SemWallpaperData: 	17 May 2026 22:16:23::com.wallpaperscraft.wallpaper::image
05-18 00:31:29.256 22446 22731 D WALLPAPER_SVC:SemWallpaperData: 	17 May 2026 22:31:24::com.wallpaperscraft.wallpaper::image
05-18 00:31:29.256 22446 22731 D WALLPAPER_SVC:SemWallpaperData: 	17 May 2026 22:46:25::com.wallpaperscraft.wallpaper::image
05-18 00:31:29.256 22446 22731 D WALLPAPER_SVC:SemWallpaperData: 	17 May 2026 23:01:25::com.wallpaperscraft.wallpaper::image
05-18 00:31:29.256 22446 22731 D WALLPAPER_SVC:SemWallpaperData: 	17 May 2026 23:16:26::com.wallpaperscraft.wallpaper::image
05-18 00:31:29.256 22446 22731 D WALLPAPER_SVC:SemWallpaperData: 	17 May 2026 23:31:26::com.wallpaperscraft.wallpaper::image
05-18 00:31:29.256 22446 22731 D WALLPAPER_SVC:SemWallpaperData: 	17 May 2026 23:46:27::com.wallpaperscraft.wallpaper::image
05-18 00:31:29.256 22446 22731 D WALLPAPER_SVC:SemWallpaperData: 	18 May 2026 00:01:28::com.wallpaperscraft.wallpaper::image
05-18 00:31:29.256 22446 22731 D WALLPAPER_SVC:SemWallpaperData: 	18 May 2026 00:16:28::com.wallpaperscraft.wallpaper::image
05-18 00:31:29.256 22446 22731 D WALLPAPER_SVC:SemWallpaperData:     mLastClearCallstackWithNullPackage=null
05-18 00:31:29.256 22446 22731 I WallpaperManagerService: WallpaperDestinationChangeHandler: mode = 16
05-18 00:31:29.256 22446 22731 D WALLPAPER_SVC:SemWallpaperManagerService: setLegibilityColorsToWallpaperData: which=17, colorsBundle = null
05-18 00:31:29.256 22446 22731 I WALLPAPER_SVC:AssetFileManager: removeAssetFiles: dir = /data/system/users/0/wallpaper_assets/17
05-18 00:31:29.256 22446 22731 I WALLPAPER_SVC:AssetFileManager: removeAssetFiles fail. dir not exists
05-18 00:31:29.256 22446 22731 D WALLPAPER_SVC:WallpaperData: getWallpaperFile: file = /data/system/users/0/wallpaper_sub_display_orig
05-18 00:31:29.256 23916 23916 I HoneySpace.BlurScrollBackgroundView: Update blurBackground - position: Point(41, 211), size: 418x441, hashCode: #e77e2db, id: 71638
05-18 00:31:29.256 23916 23916 I HoneySpace.BlurBackgroundView: Update blurBackground - position: Point(41, 211), size: 418x441, hashCode: #9462fea, id: 71638, withAnimation: true
05-18 00:31:29.256 23916 23916 I HoneySpace.BlurScrollBackgroundView: Update blurBackground - position: Point(541, 757), size: 418x168, hashCode: #819ea4, id: 65
05-18 00:31:29.256 23916 23916 I HoneySpace.BlurBackgroundView: Update blurBackground - position: Point(541, 757), size: 418x168, hashCode: #c5eb40d, id: 65, withAnimation: true
05-18 00:31:29.256 23916 23916 I HoneySpace.BlurBackgroundView: Update blurBackground - position: Point(41, 211), size: 918x441, hashCode: #7a57c6, id: 62, withAnimation: true
05-18 00:31:29.256 23916 23916 I HoneySpace.BlurScrollBackgroundView: Update blurBackground - position: Point(41, 211), size: 918x441, hashCode: #d6509a1, id: 62
05-18 00:31:29.256 22446 22731 D WALLPAPER_SVC:WallpaperData: getWallpaperFile: file = /data/system/users/0/wallpaper_sub_display_orig
05-18 00:31:29.257 22446 22731 D WALLPAPER_SVC:WallpaperData: getWallpaperFile: file = /data/system/users/0/wallpaper_sub_display_orig
05-18 00:31:29.257 22446 22731 V WallpaperManagerService: updateWallpaperBitmapLocked() : id=30536 name= file=wallpaper_sub_display_orig
05-18 00:31:29.257 22446 22731 D WallpaperData: cleanUp
05-18 00:31:29.257 22446 22731 D WallpaperData: delete video thumbnail file. wpType=0
05-18 00:31:29.257 22446 22731 D WallpaperData: delete animated background file. wpType=0
05-18 00:31:29.257 22446 22731 D WallpaperData: delete motion background file. wpType=0
05-18 00:31:29.257 22446 22731 D WALLPAPER_SVC:WallpaperManagerService: setWallpaper: WallpaperData updated.
