05-18 00:31:29.453 23268 23512 I SCE_v2.0: This is SCE v2.02
05-18 00:31:29.453 23268 23512 I [SCE_3] : [SmartCropping v3.0] native version is 2024-04-26-01
05-18 00:31:29.454 23268 23512 I [SCE_3] : srcb_format_input_int:4096, size: 1968*2184
05-18 00:31:29.454 23268 23862 I WallpaperService: updateSurface system forceRelayout=false forceReport=false redrawNeeded=false myWidth=1968 myHeight=2184 fixedSize=true x = 0 y = 0 mWidth=0 mHeight=0
05-18 00:31:29.454 23268 23862 I WallpaperService: maxBounds : Rect(0, 0 - 1080, 2520) , mDeviceHeight : 2520, mDeviceWidth : 1080,mDeviceRotation  : 0
05-18 00:31:29.455 22446 22731 D InputTransport: Input channel constructed: '4bbef01', fd=1191
05-18 00:31:29.455 22446 22731 D InputTransport: Input channel constructed: '4bbef01', fd=1301
05-18 00:31:29.455 22446 22731 D InputTransport: Input channel constructed: '4bbef01', fd=1328
05-18 00:31:29.455 22446 22731 D InputTransport: Input channel destroyed: '4bbef01', fd=1301
05-18 00:31:29.455  1939  4909 I SurfaceFlinger: id=43555 createSurf, flag=84004, 4bbef01 com.android.systemui.wallpapers.ImageWallpaper#43555
05-18 00:31:29.455 22446 22731 D RestrictionPolicy: isScreenCaptureEnabled : ret=true userId=0
05-18 00:31:29.455 22446 22731 D InputTransport: Input channel destroyed: '4bbef01', fd=1328
05-18 00:31:29.455 23268 23862 D InputTransport: Input channel constructed: '4bbef01', fd=518
05-18 00:31:29.456 23268 23862 I WallpaperService: updateSurface: invoke Session.relayout
05-18 00:31:29.456 22446 22731 I WindowManager: Relayout Window{4bbef01 u0 com.android.systemui.wallpapers.ImageWallpaper}: viewVisibility=0 req=1968x2184 ty=2013 d0
05-18 00:31:29.456  1939  4909 I SurfaceFlinger: id=43556 createSurf, flag=44004, com.android.systemui.wallpapers.ImageWallpaper$_23268#43556
05-18 00:31:29.456 22446 22731 D WindowManager: makeSurface duration=0 name=com.android.systemui.wallpapers.ImageWallpaper$_23268
05-18 00:31:29.456 22446 22731 D SurfaceComposerClient: setCornerRadius ## 5b89254 com.tiarnanlarkin.danio/com.tiarnanlarkin.danio.MainActivity#43493 cornerRadius=0.000000
05-18 00:31:29.456 22446 22731 W WallpaperCropper: getCrop: foldedOrientation, newSuggestedCrops = {0=Rect(0, 0 - 1968, 2184)} , orientation = 0
05-18 00:31:29.456 22446 22731 D SurfaceComposerClient: setCornerRadius ## 5b89254 com.tiarnanlarkin.danio/com.tiarnanlarkin.danio.MainActivity#43493 cornerRadius=0.000000
05-18 00:31:29.456 22446 22731 W WallpaperCropper: getCrop: foldedOrientation, newSuggestedCrops = {0=Rect(0, 0 - 1968, 2184)} , orientation = 0
05-18 00:31:29.457 22446 22731 I WindowManager: Relayout hash=4bbef01, pid=23268, syncId=-1: mAttrs={(0,0)(2271x2520) gr=TOP START CENTER layoutInDisplayCutoutMode=always ty=WALLPAPER fmt=RGBX_8888 wanim=0x1030328
05-18 00:31:29.457 22446 22731 I WindowManager:   fl=14318
05-18 00:31:29.457 22446 22731 I WindowManager:   pfl=10000014
05-18 00:31:29.457 22446 22731 I WindowManager:   bhv=1
05-18 00:31:29.457 22446 22731 I WindowManager:   frameRateBoostOnTouch=true
05-18 00:31:29.457 22446 22731 I WindowManager:   dvrrWindowFrameRateHint=true naviIconColor=0}
05-18 00:31:29.457  1939  4909 I SurfaceFlinger: id=43557 createSurf, flag=44000, Wallpaper BBQ wrapper 17_system#43557
05-18 00:31:29.457 23268 23862 W libc    : Access denied finding property "vendor.gpp.create_frc_extension"
05-18 00:31:29.457 23268 23862 I BufferQueueProducer: [](id:5ae400000714,api:0,p:-2060163728,c:23268) setDequeueTimeout:2077252342
05-18 00:31:29.457 23268 23862 I BLASTBufferQueue_Java: new BLASTBufferQueue, mName= Wallpaper mNativeObject= 0xb400007b35533e10 caller= android.service.wallpaper.WallpaperService$Engine.getOrCreateBLASTSurface:2921 android.service.wallpaper.WallpaperService$Engine.updateSurface:1682 android.service.wallpaper.WallpaperService$Engine.attach:1994 android.service.wallpaper.WallpaperService$IWallpaperEngineWrapper.doAttachEngine:3361 android.service.wallpaper.WallpaperService$IWallpaperEngineWrapper.executeMessage:3405 com.android.internal.os.HandlerCaller$MyHandler.handleMessage:44 android.os.Handler.dispatchMessage:110 android.os.Looper.loopOnce:273 android.os.Looper.loop:363 android.os.HandlerThread.run:85
05-18 00:31:29.457 23268 23862 I BLASTBufferQueue_Java: update, w= 1968 h= 2184 mName = Wallpaper mNativeObject= 0xb400007b35533e10 sc.mNativeObject= 0xb400007a652ce290 format= 2 caller= android.service.wallpaper.WallpaperService$Engine.getOrCreateBLASTSurface:2924 android.service.wallpaper.WallpaperService$Engine.updateSurface:1682 android.service.wallpaper.WallpaperService$Engine.attach:1994 android.service.wallpaper.WallpaperService$IWallpaperEngineWrapper.doAttachEngine:3361 android.service.wallpaper.WallpaperService$IWallpaperEngineWrapper.executeMessage:3405 com.android.internal.os.HandlerCaller$MyHandler.handleMessage:44
05-18 00:31:29.457 23268 23862 W libc    : Access denied finding property "vendor.gpp.create_frc_extension"
05-18 00:31:29.457 23268 23862 I ImageWallpaper_17[Image]:  onSurfaceCreated: Rect(0, 0 - 1968, 2184)
05-18 00:31:29.457 23268 23862 I ImageWallpaper_17[Image]: onSurfaceChanged: width = 1968, height = 2184
05-18 00:31:29.457 23268 23862 I ImageWallpaper_17[Integrated]: setVisibleRectOfSurface: frame=Rect(0, 0 - 1968, 2184), visibleRect=null
05-18 00:31:29.457 23268 23862 I BLASTBufferQueue_Java: syncNextTransaction, mName= Wallpaper acquireSingleBuffer= true mNativeObject= 0xb400007b35533e10 callback= com.android.systemui.wallpapers.ImageWallpaper$IntegratedEngine$2$$ExternalSyntheticLambda0@e880437 caller= android.graphics.BLASTBufferQueue.syncNextTransaction:203 com.android.systemui.wallpaper.engines.WallpaperEngine.setVisibleRectOfSurface:107 com.android.systemui.wallpaper.engines.image.ImageEngine.onSurfaceRedrawNeeded:16 com.android.systemui.wallpapers.ImageWallpaper$IntegratedEngine.onSurfaceRedrawNeeded:6 android.service.wallpaper.WallpaperService$Engine.updateSurface:1827 android.service.wallpaper.WallpaperService$Engine.attach:1994
05-18 00:31:29.457 23268 23862 I BLASTBufferQueue: [Wallpaper#1812](f:0,a:0,s:0) syncNextTransaction callback: 1, acquireSingleBuffer: 1, mTransactionReadyCallback: 0
05-18 00:31:29.457 23268 23862 I ImageWallpaper_17[Image]: onSurfaceRedrawNeeded: srcWhich=17, surfaceFrame=Rect(0, 0 - 1968, 2184)
05-18 00:31:29.457 23268 23862 D SystemWallpaperColors: getColor: which = 17
05-18 00:31:29.457 23268 23862 D ImageDarkModeFilter: isNightMode : Window = 17App = 17
05-18 00:31:29.457 23268 23862 D ImageDarkModeFilter: isNightMode: false ui_mode false
05-18 00:31:29.457 23268 23862 I ImageWallpaper_17[Image]: onSurfaceRedrawNeeded: displayId=0, lastDrawn=(null), toDraw=(which=17, 1968x2184, darkMode=false)
05-18 00:31:29.457 23268 23862 I IntelligentCropHelper: selectProperCropHint: baseW = 1968, baseH = 2184, Rect(0, 0 - 1968, 2184)
05-18 00:31:29.457 23268 23862 D ImageWallpaper_17[ImageSource]: getImageSupplier: which=17, type=0
05-18 00:31:29.457 23268 23862 D SystemWallpaperColors: getColor: which = 17
05-18 00:31:29.457 23268 23862 D ImageDarkModeFilter: isNightMode : Window = 17App = 17
05-18 00:31:29.457 23268 23862 D ImageDarkModeFilter: isNightMode: false ui_mode false
05-18 00:31:29.457 23268 23862 I ImageWallpaper_17[Image]: drawFrameOnCanvas : which=17, bmpW=1260, bmpH=1398, bmpScale=0.6402439, src=Rect(0, 0 - 1260, 1398), dest=Rect(0, 0 - 1968, 2184), dimColor=null, customCanvas=false
05-18 00:31:29.458 23268 23537 D NativeCustomFrequencyManager: [NativeCFMS] BpCustomFrequencyManager::BpCustomFrequencyManager()
05-18 00:31:29.458 22109 22109 I SS_POWER_HINT_SESSION: SS_ADPF 23268-10049-1d10 PowerHintSession createHintSession : , 23535, 23536, 23862, 23537 : 16666667
05-18 00:31:29.459 22106 22129 I HYPER-HAL: [RequestManager.cpp]acquire(): Acquired ID : 772596285  [22109 / 17199]    HINT :      list : [TID_LOW_LATENCY / 1] [TID / 23535] [TID / 23536] [TID / 23862] [TID / 23537]
05-18 00:31:29.459 22446 22731 D HintManagerService: SystemUI make new AppHintSession but force pause
05-18 00:31:29.459  1939  1939 I SurfaceFlinger: [4bbef01 com.android.systemui.wallpapers.ImageWallpaper#43555] attach to parent LayerHierarchy{RequestedLayerState{WallpaperWindowToken{e88591f showWhenLocked=false}#43554 parentId=2364 z=3} 1 children}
05-18 00:31:29.459  1939  1939 I SurfaceFlinger: [com.android.systemui.wallpapers.ImageWallpaper$_23268#43556] attach to parent LayerHierarchy{RequestedLayerState{4bbef01 com.android.systemui.wallpapers.ImageWallpaper#43555 parentId=43554} 1 children}
05-18 00:31:29.459  1939  1939 I SurfaceFlinger: [Wallpaper BBQ wrapper 17_system#43557] attach to parent LayerHierarchy{RequestedLayerState{com.android.systemui.wallpapers.ImageWallpaper$_23268#43556 parentId=43555} 1 children}
05-18 00:31:29.460 23268 23512 I [SCE_3] : convert_ARGB32_to_BGR24 end
05-18 00:31:29.460 23268 23512 I [SCE_3] : [smartcropapp.cpp] clear previous image info
05-18 00:31:29.460 22106 22129 I HYPER-HAL: [RequestManager.cpp]acquire(): Acquired ID : 772596285  [22109 / 17199]    HINT :      list : [TID_LOW_LATENCY / 0] [TID / 23535] [TID / 23536] [TID / 23862] [TID / 23537]
05-18 00:31:29.460 23268 23512 I [SCE_3] : [smartcropapp.cpp] procimg rows:0, cols:0, buffer size:0
05-18 00:31:29.460 23268 23512 I [SCE_3] : [smartcropapp.cpp] procimg_released
05-18 00:31:29.460 22106 22129 I HYPER-HAL: [RequestManager.cpp]releaseLocked(): Released ID : 772596285
05-18 00:31:29.461 22106 22129 I HYPER-HAL: [RequestManager.cpp]acquire(): Acquired ID : 772635595  [22109 / 17200]    HINT :      list : [UCLAMP_MIN_BOOST / 0] [TIMEOUT / 50] [TID / 23535] [TID / 23536] [TID / 23862] [TID / 23537]
05-18 00:31:29.462 23268 23512 I SCE_Native: Processing Time on SetIntImage() : 8.97 ms
05-18 00:31:29.463 23268 23512 I [SCE_3] : [smartcropapp.cpp] detectSaliencyBox() is called
05-18 00:31:29.463 23268 23512 I [SCE_3] : [Detection.cpp] Detection::detectSaliencyBox() is called
05-18 00:31:29.466 23268 23537 I BLASTBufferQueue: [Wallpaper#1812](f:0,a:0,s:0) onFrameAvailable-start syncTransactionSet=true
05-18 00:31:29.466 23268 23537 I BLASTBufferQueue: [Wallpaper#1812](f:0,a:0,s:0) onFrameAvailable the first frame is available
05-18 00:31:29.466 23268 23537 I BLASTBufferQueue: [Wallpaper#1812](f:0,a:0,s:0) onFrameAvailable framenumber=1 syncTransactionSet=true
05-18 00:31:29.466 23268 23537 I BLASTBufferQueue: [Wallpaper#1812](f:1,a:0,s:0) onFrameAvailable framenumber=1 syncTransactionSet=true
05-18 00:31:29.466 23268 23537 I BLASTBufferQueue: [Wallpaper#1812](f:0,a:1,s:1) mergePendingTransactions t: 99935300097682, frameNumber: 1
05-18 00:31:29.466 23268 23537 I BLASTBufferQueue: [Wallpaper#1812](f:0,a:1,s:1) acquireNextBufferLocked t: 99935300097682, mLastAppliedFrameNumber: 0
05-18 00:31:29.466 23268 23537 I BLASTBufferQueue: [Wallpaper#1812](f:0,a:1,s:1) acquireNextBufferLocked size=1968x2184 mFrameNumber=1 applyTransaction=false mTimestamp=116383866875965(auto) mPendingTransactions.size=0 graphicBufferId=99935299061652 transform=0
05-18 00:31:29.466 23268 23537 I ImageWallpaper_17[Integrated]: setVisibleRectOfSurface: frame=Rect(0, 0 - 1968, 2184), transaction ready. delay=9
05-18 00:31:29.467 23268 23537 I SurfaceComposerClient: setTransactionState with buffer. layerId: 43557, bufferData(ID: 99935299061652, frameNumber: 1, barrierFrameNumber: 0)
05-18 00:31:29.467 23268 23537 I SurfaceComposerClient: apply transaction with the first frame. layerId: 43557, bufferData(ID: 99935299061652, frameNumber: 1)
05-18 00:31:29.467  1939  4909 I SurfaceFlinger: [Wallpaper BBQ wrapper 17_system#43557] setTransactionState with the first frame. bufferData(ID: 99935299061652, frameNumber: 1)
05-18 00:31:29.467 23268 23537 D HWUI    : CFMS:: SetUp Pid : 23268    Tid : 23537
05-18 00:31:29.467  1939  1939 I SurfaceFlinger: RequestedLayer [4bbef01 com.android.systemui.wallpapers.ImageWallpaper#43555] hidden!! flag  from(1) --> to(0)
05-18 00:31:29.468 23268 27967 I BLASTBufferQueue: [Wallpaper#1812](f:0,a:1,s:1) transactionCommittedCallback
05-18 00:31:29.468 23268 27967 I BLASTBufferQueue: [Wallpaper#1812](f:0,a:1,s:0) transactionCommittedCallback mSyncedFrameNumbers.erase(1)
05-18 00:31:29.469 23268 23862 I ImageWallpaper_17[Image]: drawFrameOnCanvas : elapsed=11, bmpPrepareDur=0, filterApplyDur=0, drawDur=11, drawnState=(which=17, 1968x2184, darkMode=false)
05-18 00:31:29.469 23268 23862 I ImageWallpaper_17[Image]:  onVisibilityChanged: visible=true , displayId=0
05-18 00:31:29.469 22446 25191 D SyntheticPasswordManager.SDP: Inside fromBytes() - result.pinLength : -1
05-18 00:31:29.469 22446 25191 D SyntheticPasswordManager.SDP: 2. result.secureMode : 0
05-18 00:31:29.469 23268 23862 I ImageWallpaper_17[Image]:  onVisibilityChanged: visible=false , displayId=0
05-18 00:31:29.469 22446 25191 D SyntheticPasswordManager.SDP: Inside fromBytes() - result.pinLength : -1
05-18 00:31:29.469 22446 25191 D SyntheticPasswordManager.SDP: 2. result.secureMode : 0
05-18 00:31:29.469 23268 23862 D WallpaperService: updateSurface onVisibilityChanged visible: false
05-18 00:31:29.469 23268 23862 D WallpaperService: updateSurface : finish redrawing reserve to redraw after visible cause currently not visible.
05-18 00:31:29.469 23268 23862 I WallpaperService: updateSurface: invoke Session.finishDrawing
05-18 00:31:29.469 23268 23862 D WallpaperService: reportEngineShown: shouldWait=true
05-18 00:31:29.469 22446 25191 D WindowManager: finishDrawingWindow: Window{4bbef01 u0 com.android.systemui.wallpapers.ImageWallpaper} mDrawState=DRAW_PENDING seqId=2147483647
05-18 00:31:29.469 23268 23862 I WallpaperService: updateSurface system forceRelayout=true forceReport=false redrawNeeded=false myWidth=1968 myHeight=2184 fixedSize=true x = 0 y = 0 mWidth=1968 mHeight=2184
05-18 00:31:29.469 23268 23862 I WallpaperService: maxBounds : Rect(0, 0 - 1080, 2520) , mDeviceHeight : 2520, mDeviceWidth : 1080,mDeviceRotation  : 0
05-18 00:31:29.469 23268 23862 I WallpaperService: updateSurface: invoke Session.relayout
05-18 00:31:29.469 22446 22564 D SurfaceComposerClient: setCornerRadius ## 5b89254 com.tiarnanlarkin.danio/com.tiarnanlarkin.danio.MainActivity#43493 cornerRadius=0.000000
05-18 00:31:29.469 22446 22564 D SurfaceComposerClient: setCornerRadius ## 5b89254 com.tiarnanlarkin.danio/com.tiarnanlarkin.danio.MainActivity#43493 cornerRadius=0.000000
05-18 00:31:29.470 22446 25191 I WindowManager: Relayout Window{4bbef01 u0 com.android.systemui.wallpapers.ImageWallpaper}: viewVisibility=0 req=1968x2184 ty=2013 d0
05-18 00:31:29.470 22446 25191 D SurfaceComposerClient: setCornerRadius ## 5b89254 com.tiarnanlarkin.danio/com.tiarnanlarkin.danio.MainActivity#43493 cornerRadius=0.000000
05-18 00:31:29.470 22446 25191 D SurfaceComposerClient: setCornerRadius ## 5b89254 com.tiarnanlarkin.danio/com.tiarnanlarkin.danio.MainActivity#43493 cornerRadius=0.000000
05-18 00:31:29.470 22446 25191 W WallpaperCropper: getCrop: foldedOrientation, newSuggestedCrops = {0=Rect(0, 0 - 1968, 2184)} , orientation = 0
05-18 00:31:29.470 22446 25191 I WindowManager: Relayout hash=4bbef01, pid=23268, syncId=-1: mAttrs={(0,0)(2271x2520) gr=TOP START CENTER layoutInDisplayCutoutMode=always ty=WALLPAPER fmt=RGBX_8888 wanim=0x1030328
05-18 00:31:29.470 22446 25191 I WindowManager:   fl=14318
05-18 00:31:29.470 22446 25191 I WindowManager:   pfl=14
05-18 00:31:29.470 22446 25191 I WindowManager:   bhv=1
05-18 00:31:29.470 22446 25191 I WindowManager:   frameRateBoostOnTouch=true
05-18 00:31:29.470 22446 25191 I WindowManager:   dvrrWindowFrameRateHint=true naviIconColor=0}
05-18 00:31:29.470 23268 23862 I BLASTBufferQueue_Java: update, w= 1968 h= 2184 mName = Wallpaper mNativeObject= 0xb400007b35533e10 sc.mNativeObject= 0xb400007a652ce290 format= 2 caller= android.service.wallpaper.WallpaperService$Engine.getOrCreateBLASTSurface:2929 android.service.wallpaper.WallpaperService$Engine.updateSurface:1682 android.service.wallpaper.WallpaperService$IWallpaperEngineWrapper.executeMessage:3428 com.android.internal.os.HandlerCaller$MyHandler.handleMessage:44 android.os.Handler.dispatchMessage:110 android.os.Looper.loopOnce:273
05-18 00:31:29.470 23268 23862 I ImageWallpaper_17[Integrated]: setVisibleRectOfSurface: frame=Rect(0, 0 - 1968, 2184), visibleRect=null
05-18 00:31:29.470 23268 23862 I BLASTBufferQueue_Java: syncNextTransaction, mName= Wallpaper acquireSingleBuffer= true mNativeObject= 0xb400007b35533e10 callback= com.android.systemui.wallpapers.ImageWallpaper$IntegratedEngine$2$$ExternalSyntheticLambda0@f2286c2 caller= android.graphics.BLASTBufferQueue.syncNextTransaction:203 com.android.systemui.wallpaper.engines.WallpaperEngine.setVisibleRectOfSurface:107 com.android.systemui.wallpaper.engines.image.ImageEngine.onSurfaceRedrawNeeded:16 com.android.systemui.wallpapers.ImageWallpaper$IntegratedEngine.onSurfaceRedrawNeeded:6 android.service.wallpaper.WallpaperService$Engine.updateSurface:1827 android.service.wallpaper.WallpaperService$IWallpaperEngineWrapper.executeMessage:3428
05-18 00:31:29.470 23268 23862 I BLASTBufferQueue: [Wallpaper#1812](f:0,a:1,s:0) syncNextTransaction callback: 1, acquireSingleBuffer: 1, mTransactionReadyCallback: 0
05-18 00:31:29.470 23268 23862 I ImageWallpaper_17[Image]: onSurfaceRedrawNeeded: srcWhich=17, surfaceFrame=Rect(0, 0 - 1968, 2184)
05-18 00:31:29.470 23268 23862 D SystemWallpaperColors: getColor: which = 17
05-18 00:31:29.470 23268 23862 D ImageDarkModeFilter: isNightMode : Window = 17App = 17
05-18 00:31:29.470 23268 23862 D ImageDarkModeFilter: isNightMode: false ui_mode false
05-18 00:31:29.470 23268 23862 I ImageWallpaper_17[Image]: onSurfaceRedrawNeeded: displayId=0, lastDrawn=(which=17, 1968x2184, darkMode=false), toDraw=(which=17, 1968x2184, darkMode=false)
05-18 00:31:29.470 23268 23862 I ImageWallpaper_17[Image]: onSurfaceRedrawNeeded: not need redraw
05-18 00:31:29.471 23268 23862 D WallpaperService: updateSurface : finish redrawing reserve to redraw after visible cause currently not visible.
05-18 00:31:29.471 23268 23862 I WallpaperService: updateSurface: invoke Session.finishDrawing
05-18 00:31:29.471 23268 23862 D WallpaperService: reportEngineShown: shouldWait=true
05-18 00:31:29.471 23268 23862 D ImageWallpaper_17[ImageSource]: getImageSupplier: which=17, type=0
05-18 00:31:29.471 22446 25191 D WindowManager: finishDrawingWindow: Window{4bbef01 u0 com.android.systemui.wallpapers.ImageWallpaper} mDrawState=READY_TO_SHOW seqId=2147483647
05-18 00:31:29.471 23268 23862 D WallpaperManager: peekWallpaperBitmap: which =17, useCache = false
05-18 00:31:29.471 23268 23862 D WallpaperManager: getCurrentWallpaperLocked userId=0 by : com.android.systemui
05-18 00:31:29.471 22446 25191 D WALLPAPER_SVC:WallpaperManagerService: getWallpaper: which = 17, wallpaperUserId = 0, wpType = 0, isDexEnabled = false, getCropped = true, includeCopiedFile = false
05-18 00:31:29.471 22446 25191 D WALLPAPER_SVC:WallpaperManagerService: getWallpaper: which=17, isCopied=false
05-18 00:31:29.474 23268 23512 I [SCE_3] : [Detection.cpp] Detection_getFeatureLayers: top_vects_size:49,feature layer index:48
05-18 00:31:29.475 23268 23512 I [SCE_3] : [Detection.cpp] (detectSaliencyBox()) CnnMaxVal is 1.0000 on CNN Feature Map
05-18 00:31:29.475 23268 23512 I [SCE_3] : [Detection.cpp] getGassianMatrix_reversed(HQ) function is called to apply gaussian weight
05-18 00:31:29.475 23268 23512 I [SCE_3] : [Detection.cpp] Gaussian center point is GaussCntX=13.50, GaussCntY=13.50
05-18 00:31:29.475 23268 23512 I SCE_Native: [Detection.cpp] gaussian decay value it 1.00
05-18 00:31:29.475 23268 23512 I [SCE_3] : [Detection.cpp] gaussian weight for CNN on gaussian_matrix_type=1
05-18 00:31:29.475 23268 23512 I [SCE_3] : [Detection.cpp] (detectSaliencyBox()) extractBndBoxContour() is called with peak : 0.70 & factor : 0.40 on CNN widh MODE=0
05-18 00:31:29.475 23268 23512 I [SCE_3] : [Detection.cpp] extractBndBoxContour(): threshold is 0.40
05-18 00:31:29.475 23268 23512 I [SCE_3] : [findSingleObjectRect()] roi [0](l,t,r,b) is (140, 936, 1827, 1638)
05-18 00:31:29.475 23268 23512 I [SCE_3] : [findSingleObjectRect()] scaledroi [0](l,t,r,b) is (1, 12, 25, 21)
05-18 00:31:29.475 23268 23512 I [SCE_3] : [findSingleObjectRect()] before maxobject is : x: 140, y: 936, w: 1687,  h: 702
05-18 00:31:29.475 23268 23512 I [SCE_3] : [findSingleObjectRect()] after maxobject is : x: 140, y: 936, w: 1687,  h: 702
05-18 00:31:29.475 23268 23512 I [SCE_3] : [findSingleObjectRect()] [MIN_SIZE_REVISION] ROI rect is x:140, y:936, w:1687, h:702
05-18 00:31:29.475 23268 23512 I [SCE_3] : [findSingleObjectRect()] [MIN_SIZE_REVISION] shortObj: 702, longObj: 1687, shortImg: 1968
05-18 00:31:29.475 23268 23512 I [SCE_3] : [findSingleObjectRect()] [ROI] final result of object rect is x:140, y:936, w:1687, h:702
05-18 00:31:29.475 23268 23512 I [SCE_3] : [smartcropapp.cpp] [Processing Time] findSingleObjectRect() is 0.09ms
05-18 00:31:29.475 23268 23512 I SCE_Native: Processing Time on findObjectRect() : 11.90 ms
05-18 00:31:29.475 23268 23512 I [SCE_3] : object rect: 140, 936, 1827, 1638
05-18 00:31:29.475 23268 23512 D ImageSmartCropper: [ findObjectRect() ] : Rect(140, 936 - 1827, 1638)
05-18 00:31:29.475 23268 23512 I [SCE_3] : [smartcropapp.cpp] procimg rows:480, cols:432, buffer size:207360
05-18 00:31:29.475 23268 23512 I [SCE_3] : [smartcropapp.cpp] procimg_released
05-18 00:31:29.475 23268 23512 D ImageSmartCropper: recognizedRect: Rect(140, 936 - 1827, 1638)
05-18 00:31:29.475 23268 23512 D ImageSmartCropper: [ findCropRect() of Real Image] : Rect(0, 866 - 1968, 1709)
05-18 00:31:29.475 23268 23512 I ImageWallpaper[WallpaperManagerImageSupplier]: extractSmartCropRect: wpSize=1968x2184, smartCropRect=Rect(0, 866 - 1968, 1709), elapsed=118
05-18 00:31:29.475 23268 23512 I ImageWallpaper[WallpaperManagerImageSupplier]: getWallpaperImage: 141ms
05-18 00:31:29.475 23268 23512 I ImageWallpaper_17[ImageSource]: loadWallpaper: 1968x2184 crops=Rect(0, 0 - 1968, 2184) Rect(0, 866 - 1968, 1709)
05-18 00:31:29.475 23268 23512 I ImageWallpaper_17[ImageSource]: isFixedOrientationWallpaper:  which=17, feature=false, isTablet=false, isFoldMainDisplay=false, isFoldSubDisplay=true, isCustomWallpaper=true, isPreview=false, isCustompackContainsVideo=false, isFixedOrientation=false
05-18 00:31:29.475 23268 23512 I IntelligentCropHelper: selectProperCropHint: baseW = 1080, baseH = 2520, Rect(0, 0 - 1968, 2184)
05-18 00:31:29.475 23268 23512 D GraphicsUtils: getCenterCropRect: imgWidth=1968, imgHeight=2184, widthToFit=1080, heightToFit=2520, result=Rect(516, 0 - 1452, 2184)
05-18 00:31:29.480 23268 23512 D BitmapUtils: getSizeLimitedCenterCropBitmap: , src=1968x2184 Rect(0, 0 - 1968, 2184), adjusted=Rect(0, 0 - 1968, 2184), center=Rect(516, 0 - 1452, 2184), scale=1.0, out=936x2184
05-18 00:31:29.481  7214 28770 I gle.android.gms: Explicit concurrent mark compact GC freed 4239KB AllocSpace bytes, 14(656KB) LOS objects, 35% free, 28MB/44MB, paused 330us,1.952ms total 87.526ms
05-18 00:31:29.482 23268 23512 I ImageWallpaper[ProviderCallDispatcher]: onGetThumbnail: wpId=30536, which=17, srcWhich=17, rotation=0, size=936x2184, elapsed=148
05-18 00:31:29.482 22446 31986 I WALLPAPER_SVC:ProviderRequester: invokeProviderCall : get_thumbnail, elapsed=150
05-18 00:31:29.482 22446 31986 I WALLPAPER_SVC:PreloadedLiveWallpaperHelper: fetchThumbnailFile : finished. which=17, elapsed=150ms
05-18 00:31:29.482 22446 31986 I WALLPAPER_SVC:ThumbnailFileManager: writeThumbnailFile: which=17, userId=0, rotation=0
05-18 00:31:29.491 23268 23862 I ImageWallpaper[WallpaperManagerImageSupplier]: getWallpaperImage: 21ms
05-18 00:31:29.491 23268 23862 I ImageWallpaper_17[ImageSource]: loadWallpaper: 1968x2184 crops=Rect(0, 0 - 1968, 2184) Rect(0, 866 - 1968, 1709)
05-18 00:31:29.491 23268 23862 I IntelligentCropHelper: selectProperCropHint: baseW = 1968, baseH = 2184, Rect(0, 0 - 1968, 2184)
05-18 00:31:29.491 23268 23862 D ImageWallpaper_17[ImageSource]: getImageSupplier: which=17, type=0
05-18 00:31:29.491 23268 23862 D SystemWallpaperColors: getColor: which = 17
05-18 00:31:29.491 23268 23862 D ImageDarkModeFilter: isNightMode : Window = 17App = 17
05-18 00:31:29.491 23268 23862 D ImageDarkModeFilter: isNightMode: false ui_mode false
05-18 00:31:29.491 23268 23862 I ImageWallpaper_17[Image]: drawFrameOnCanvas : which=17, bmpW=1968, bmpH=2184, bmpScale=1.0, src=Rect(0, 0 - 1968, 2184), dest=Rect(0, 0 - 1968, 2184), dimColor=null, customCanvas=false
05-18 00:31:29.491 23268 23537 D NativeCustomFrequencyManager: [NativeCFMS] BpCustomFrequencyManager::BpCustomFrequencyManager()
05-18 00:31:29.493 22109 22109 I SS_POWER_HINT_SESSION: SS_ADPF 23268-10049-a50 PowerHintSession createHintSession : , 23535, 23536, 23862, 23537 : 16666667
05-18 00:31:29.494 22106 22129 I HYPER-HAL: [RequestManager.cpp]acquire(): Acquired ID : 772674906  [22109 / 17201]    HINT :      list : [TID_LOW_LATENCY / 1] [TID / 23535] [TID / 23536] [TID / 23862] [TID / 23537]
05-18 00:31:29.494 22446 25225 D HintManagerService: SystemUI make new AppHintSession but force pause
05-18 00:31:29.494 22106 22129 I HYPER-HAL: [RequestManager.cpp]acquire(): Acquired ID : 772674906  [22109 / 17201]    HINT :      list : [TID_LOW_LATENCY / 0] [TID / 23535] [TID / 23536] [TID / 23862] [TID / 23537]
05-18 00:31:29.494 22106 22129 I HYPER-HAL: [RequestManager.cpp]releaseLocked(): Released ID : 772674906
05-18 00:31:29.494 22106 22129 I HYPER-HAL: [RequestManager.cpp]acquire(): Acquired ID : 772714218  [22109 / 17202]    HINT :      list : [UCLAMP_MIN_BOOST / 0] [TIMEOUT / 50] [TID / 23535] [TID / 23536] [TID / 23862] [TID / 23537]
05-18 00:31:29.494 23268 23537 I BLASTBufferQueue: [Wallpaper#1812](f:0,a:1,s:0) onFrameAvailable-start syncTransactionSet=true
05-18 00:31:29.494 23268 23537 I BLASTBufferQueue: [Wallpaper#1812](f:0,a:1,s:0) onFrameAvailable framenumber=2 syncTransactionSet=true
05-18 00:31:29.494 23268 23537 I BLASTBufferQueue: [Wallpaper#1812](f:1,a:1,s:0) onFrameAvailable framenumber=2 syncTransactionSet=true
05-18 00:31:29.494 23268 23537 I BLASTBufferQueue: [Wallpaper#1812](f:0,a:2,s:1) mergePendingTransactions t: 99935300097686, frameNumber: 2
05-18 00:31:29.494 23268 23537 I BLASTBufferQueue: [Wallpaper#1812](f:0,a:2,s:1) acquireNextBufferLocked t: 99935300097686, mLastAppliedFrameNumber: 0
05-18 00:31:29.494 23268 23537 I BLASTBufferQueue: [Wallpaper#1812](f:0,a:2,s:1) acquireNextBufferLocked size=1968x2184 mFrameNumber=2 applyTransaction=false mTimestamp=116383894624402(auto) mPendingTransactions.size=0 graphicBufferId=99935299061653 transform=0
05-18 00:31:29.494 23268 23537 I ImageWallpaper_17[Integrated]: setVisibleRectOfSurface: frame=Rect(0, 0 - 1968, 2184), transaction ready. delay=24
05-18 00:31:29.494 23268 23537 I SurfaceComposerClient: setTransactionState with buffer. layerId: 43557, bufferData(ID: 99935299061653, frameNumber: 2, barrierFrameNumber: 0)
05-18 00:31:29.494 23268 23537 D HWUI    : CFMS:: SetUp Pid : 23268    Tid : 23537
05-18 00:31:29.498 23268 23862 I ImageWallpaper_17[Image]: drawFrameOnCanvas : elapsed=27, bmpPrepareDur=21, filterApplyDur=0, drawDur=6, drawnState=(which=17, 1968x2184, darkMode=false)
05-18 00:31:29.499 23268 23862 D WallpaperService: reportEngineShown: shouldWait=false
05-18 00:31:29.499 22446 25225 D KNOX_MDM_SettingsProvider: isChangeAllowed() : name = wallpaper_finish_drawing
05-18 00:31:29.499 22446 25225 D KNOX_MDM_SettingsProvider: edmUri: content://com.sec.knox.provider/RestrictionPolicy3
05-18 00:31:29.499 22446 25225 D KNOX_MDM_SettingsProvider: projectionArgs: isSettingsChangesAllowed
05-18 00:31:29.499 22446 25225 D KNOX_MDM_SettingsProvider: selectionArgs: false
05-18 00:31:29.499 22446 25225 D KNOX_MDM_SettingsProvider: selectionArgs: 10049
05-18 00:31:29.499 22446 25225 D SecContentProvider: query(), uri = 17 selection = isSettingsChangesAllowed
05-18 00:31:29.499 22446 25225 D SecContentProvider: called from android.uid.systemui:10049
05-18 00:31:29.499 22446 25225 D RestrictionPolicy: isSettingsChangesAllowedAsUser, userId 0 : true
05-18 00:31:29.499 22446 25225 D KNOX_MDM_SettingsProvider: ret = 1
05-18 00:31:29.499 22446 25225 D SettingsProvider: PUT_ret(/system/wallpaper_finish_drawing), callingPackage:com.android.systemui
05-18 00:31:29.499 23268 23862 I ImageWallpaper_17[Image]: finishRendering
05-18 00:31:29.500 22446 25225 D WallpaperManagerService: WPMS.mReply.sendResult
05-18 00:31:29.500 22446 25225 D WALLPAPER_SVC:WallpaperManagerService: notifyWallpaperChanged: ACTION_WALLPAPER_CHANGED. which = 17, type = 0
05-18 00:31:29.500  4689  4689 D WallpaperManager: Wallpaper set completion.
05-18 00:31:29.500  4689  4689 I WallpaperManager: setStreamWithCrops: finished. which=1, userId=0
05-18 00:31:29.500  4689  4689 D WallpaperManager: isNeedToClearBackupData(), pkgName = com.wallpaperscraft.wallpaper
05-18 00:31:29.500  4689  4689 D WallpaperManager: isNeedToClearBackupData(), pkgName = com.wallpaperscraft.wallpaper
05-18 00:31:29.500  4689  4689 D WallpaperManager: needClear = true
05-18 00:31:29.500  4689  4689 D WallpaperManager: semClearBackupWallpapers: which = 1
05-18 00:31:29.500 22446 22671 D WALLPAPER_SVC:SemWallpaperManagerService: removeSnapshotByWhich: whiches = [5]
05-18 00:31:29.500 22446 25225 V WallpaperManagerService: WPMS.mReply.sendResult took to complete: 1ms
05-18 00:31:29.500 23268 23862 D WallpaperService: Wallpaper has updated the surface:null
05-18 00:31:29.500 23268 23268 I KeyguardWallpaperController: onReceive: system wallpaper has been changed. which = 17
05-18 00:31:29.500 23916 23916 I HoneySpace.WidgetBlurManager: Clear blur bitmap cache by changing wallpaper
05-18 00:31:29.500 23268 23268 D AODAmbientWallpaperHelper: onReceive: action ACTION_WALLPAPER_CHANGED
05-18 00:31:29.500 22446 25225 D WallpaperManagerService: isSystemAndLockPaired : mode=16, isPaired=false (called by userId= 0)
05-18 00:31:29.500 23268 23768 I WallpaperAnalytics: updateWallpaperStatus : which=17, sourceWhich=17
05-18 00:31:29.500 22446 22731 D WallpaperManagerService: semGetWallpaperType: which=17, return type=0 (called by userId= 0)
05-18 00:31:29.500 23916 23916 I HoneySpace.SearchUI: onReceive: WallpaperChanged
05-18 00:31:29.500 23268 23768 I WallpaperAnalytics: setWallpaperStatus: WS0001_C = Image
05-18 00:31:29.500 23268 23268 D AODAmbientWallpaperHelper: updateWonderLandWallpaperState: isFolded=true, isMainWonderLandWallpaper=false, isSubWonderLandWallpaper=false mainWallpaperClassName=, subWallpaperClassName=com.android.systemui.wallpapers.ImageWallpaper
05-18 00:31:29.500 23268 23268 D AODAmbientWallpaperHelper: isWonderLandAmbientWallpaper: isFolded=true, isMainWonderLandWallpaper=false, isSubWonderLandWallpaper=false
05-18 00:31:29.500 23268 23768 D DlsStateShot: getDlsState: 2, userId=0
05-18 00:31:29.500 22446 25191 D WallpaperManagerService: isSystemAndLockPaired : mode=16, isPaired=false (called by userId= 0)
05-18 00:31:29.500 23268 23768 D SemWallpaperProperties: refresh: which=17, targetWhich=17, dlsEnabled=false, dlsState=2, userId=0
05-18 00:31:29.500 23268 23768 I WallpaperAnalytics: setWallpaperStatus: WS0002_C = Custom
05-18 00:31:29.501 23916 23916 I HoneySpace.BlurScrollBackgroundView: Update blurBackground - position: Point(41, 211), size: 418x441, hashCode: #e77e2db, id: 71638
05-18 00:31:29.501 23916 23916 I HoneySpace.BlurScrollBackgroundView: Update blurBackground - position: Point(541, 757), size: 418x168, hashCode: #819ea4, id: 65
05-18 00:31:29.501 23916 23916 I HoneySpace.BlurBackgroundView: Update blurBackground - position: Point(541, 757), size: 418x168, hashCode: #c5eb40d, id: 65, withAnimation: true
05-18 00:31:29.501 23916 23916 I HoneySpace.BlurScrollBackgroundView: Update blurBackground - position: Point(41, 211), size: 918x441, hashCode: #d6509a1, id: 62
05-18 00:31:29.501 23916 23916 I HoneySpace.BlurBackgroundView: Update blurBackground - position: Point(41, 211), size: 918x441, hashCode: #7a57c6, id: 62, withAnimation: true
05-18 00:31:29.501 23916 23916 I HoneySpace.BlurBackgroundView: Update blurBackground - position: Point(41, 211), size: 418x441, hashCode: #9462fea, id: 71638, withAnimation: true
05-18 00:31:29.501 23268 23512 I BLASTBufferQueue: [Wallpaper#1812](f:0,a:2,s:1) transactionCommittedCallback
05-18 00:31:29.501 23268 23512 I BLASTBufferQueue: [Wallpaper#1812](f:0,a:2,s:0) transactionCommittedCallback mSyncedFrameNumbers.erase(2)
05-18 00:31:29.502 22446 31986 W BitmapFactory: Null Options, creating a new one.
05-18 00:31:29.503 23268  8770 I BitmapUtils: encodeBitmapToPipe: encoder: result=success, 21ms
05-18 00:31:29.503 22446 25225 I ActivityManager: Changes in 10372 11 to 19, 128 to 0
05-18 00:31:29.503 22446 11341 D PerProcessNandswap$NandswapHandler: nandswap start for non-activity com.samsung.android.scs(pid 27044) action:14 adj:905 type:1
05-18 00:31:29.511 22106  8769 I HYPER-HAL: [RequestManager.cpp]releaseLocked(): Released ID : 772635595
05-18 00:31:29.513 22446 31986 D WALLPAPER_SVC:WallpaperManagerService: calcSemWallpaperColors: sourceWhich=17, bitmap=936x2184
05-18 00:31:29.513 22446 31986 I WallpaperColorOverrideAreas: Parsing color area : null
05-18 00:31:29.513 22446 31986 D SemWallpaperColorsArea: getDisplayId 0
05-18 00:31:29.513 22446 31986 D SemWallpaperColorsArea: getDisplaySize() which:17, displayId: 0, size: Point(1080, 2520)
05-18 00:31:29.513 22446 31986 D SemWallpaperColorsArea: getDisplaySize() ratio: 2.3333333, isSubDisplay:true
05-18 00:31:29.513 22446 31986 D SemWallpaperColorsArea: SemWallpaperColorsArea [1080, 2520] which: 17 rotation: 0 has Base: false
05-18 00:31:29.513 22446 31986 D SemWallpaperColorsArea: SemWallpaperColorsArea which = 17, mDensity : 2.625, 1080x2520,411x960,41,48, 10
05-18 00:31:29.513 22446 31986 I SemWallpaperColorsArea: Get custom area. display type = 2, rotation = 0, area = 0 areaFlag = 0 rect = Rect(24, 10 - 387, 41)
05-18 00:31:29.513 22446 31986 I SemWallpaperColorsArea: Final area : Rect(63, 26 - 1015, 107)
05-18 00:31:29.513 22446 31986 I SemWallpaperColorsArea: Get custom area. display type = 2, rotation = 0, area = 1 areaFlag = 0 rect = Rect(14, 67 - 397, 778)
05-18 00:31:29.513 22446 31986 I SemWallpaperColorsArea: Final area : Rect(36, 175 - 1042, 2042)
05-18 00:31:29.513 22446 31986 I SemWallpaperColorsArea: Get custom area. display type = 2, rotation = 0, area = 6 areaFlag = 0 rect = Rect(0, 912 - 411, 960)
05-18 00:31:29.513 22446 31986 I SemWallpaperColorsArea: Final area : Rect(0, 2394 - 1078, 2520)
05-18 00:31:29.513 22446 31986 I SemWallpaperColorsArea: Get custom area. display type = 2, rotation = 0, area = 0 areaFlag = 32 rect = Rect(24, 10 - 387, 41)
05-18 00:31:29.513 22446 31986 I SemWallpaperColorsArea: Final area : Rect(54, 22 - 879, 92)
05-18 00:31:29.514 22446 31986 D SemWallpaperColors: fromBitmap 825, 70, major = null, indicator = true
05-18 00:31:29.514 22446 31986 I SemWallpaperColorsArea: Get custom area. display type = 2, rotation = 0, area = 0 areaFlag = 32 rect = Rect(24, 10 - 387, 41)
05-18 00:31:29.514 22446 31986 I SemWallpaperColorsArea: Final area : Rect(63, 26 - 1015, 107)
05-18 00:31:29.514 22446 31986 I SemWallpaperColorsArea: Get custom area. display type = 2, rotation = 0, area = 0 areaFlag = 32 rect = Rect(24, 10 - 387, 41)
05-18 00:31:29.514 22446 31986 I SemWallpaperColorsArea: Final area : Rect(63, 26 - 1015, 107)
05-18 00:31:29.515 22446 31986 I ColorExtractor: ColorExtractor Memory Usage 0
05-18 00:31:29.515 22446 31986 I ColorExtractor: ColorExtractor Memory Usage 0
05-18 00:31:29.515 22446 31986 I LegibilityLogic: Content Luminance = 1.0
05-18 00:31:29.517 22446 31986 I ColorExtractor: ColorExtractor Memory Usage 0
05-18 00:31:29.517 22446 31986 I LegibilityLogic: Content Luminance = 1.0
05-18 00:31:29.519 22446 31986 D SemWallpaperColors: edgeCase 0, ffffffff
05-18 00:31:29.519 22446 31986 I SemWallpaperColorsArea: Get custom area. display type = 2, rotation = 0, area = 1 areaFlag = 64 rect = Rect(14, 67 - 397, 778)
05-18 00:31:29.519 22446 31986 I SemWallpaperColorsArea: Final area : Rect(31, 151 - 903, 1769)
05-18 00:31:29.521 22446 31986 D SemWallpaperColors: fromBitmap 872, 1618, major = null, indicator = false
05-18 00:31:29.522 22446 31986 I ColorExtractor: ColorExtractor Memory Usage 0
05-18 00:31:29.522 22446 31986 I LegibilityLogic: Content Luminance = 1.0
05-18 00:31:29.523 22446 31986 D SemWallpaperColors: resolution = FHDsize min = 2.0, max = 6.0, opacity min = 0.4, max = 0.9
05-18 00:31:29.523 22446 31986 D SemWallpaperColors: colorType=0, rgb=-592138, shadowData=3.3638432/0.61310047 avgHSV= [192.88591, 0.723301, 0.80784315]
05-18 00:31:29.523 22446 31986 I SemWallpaperColorsArea: Get custom area. display type = 2, rotation = 0, area = 6 areaFlag = 128 rect = Rect(0, 912 - 411, 960)
05-18 00:31:29.523 22446 31986 I SemWallpaperColorsArea: Final area : Rect(0, 2074 - 934, 2184)
05-18 00:31:29.523 22446 31986 D SemWallpaperColors: fromBitmap 934, 110, major = null, indicator = false
05-18 00:31:29.524 22446 31986 I ColorExtractor: ColorExtractor Memory Usage 0
05-18 00:31:29.524 22446 31986 I LegibilityLogic: Content Luminance = 0.0
05-18 00:31:29.525 22446 31986 D SemWallpaperColors: resolution = FHDsize min = 2.0, max = 6.0, opacity min = 0.3, max = 0.9
05-18 00:31:29.525 22446 31986 D SemWallpaperColors: colorType=1, rgb=-13882324, shadowData=2.5210614/0.397699 avgHSV= [191.89655, 1.0, 0.9098039]
05-18 00:31:29.525 22446 31986 D SemWallpaperColors: calcAdaptiveDim, 0.0, ff000000
05-18 00:31:29.525 22446 31986 D SemWallpaperColors: calcDarkModeDim, 0.25
05-18 00:31:29.525 22446 31986 I ColorPaletteExtractor: kMeansHsv input bitmap size = 98 x 229 | ClusterGroups Num = 88
05-18 00:31:29.530 22446 31986 I ColorPaletteExtractor: ColorExtractor Memory Usage 0 length: 22442
05-18 00:31:29.530 22446 31986 D WALLPAPER_SVC:LegibilityColor: extractColor end which = 17
05-18 00:31:29.530 22446 31986 D WALLPAPER_SVC:LegibilityColor: getWallpaperColorPath, path = /data/system/users/0/wallpaper_colors_info/home_sub.xml
05-18 00:31:29.531 22446 31986 D WALLPAPER_SVC:WallpaperManagerService: saveSemWallpaperColors 17, /data/system/users/0/wallpaper_colors_info/home_sub.xml
05-18 00:31:29.531 22446 31986 D SemWallpaperColors: save /data/system/users/0/wallpaper_colors_info/home_sub.xml
05-18 00:31:29.532 22446 31986 D SemWallpaperColors: save done
05-18 00:31:29.532 22446 31986 D WallpaperManagerService: getHighlightFilterState : which=17, filterState=1, callerUserId= 0
05-18 00:31:29.532 22446 31986 D WALLPAPER_SVC:LegibilityColor: setWhiteBgSettings which: 17, userId : 0, homeBodyColor : 0
05-18 00:31:29.532 22446 22446 D WALLPAPER_SVC:LegibilityColor: userId: 0
05-18 00:31:29.532 22446 31986 D WALLPAPER_SVC:WallpaperManagerService: notifySemColorListeners: 17, 0, 0
05-18 00:31:29.532 22446 31986 D WALLPAPER_SVC:LegibilityColor: notifyColor end which = 17
05-18 00:31:29.532 22446 22446 D KNOX_MDM_SettingsProvider: isChangeAllowed() : name = need_dark_navigationbar
05-18 00:31:29.532 22446 22446 D KNOX_MDM_SettingsProvider: WALLPAPER_FONT_THEME : need_dark_navigationbar is allowed
05-18 00:31:29.532 23268 23512 D SemWallpaperColorsArea: SemWallpaperColorsArea [1080, 2520] which: 17 rotation: 0 has Base: false
05-18 00:31:29.532 23268 27967 D SemWallpaperColorsArea: SemWallpaperColorsArea [1080, 2520] which: 17 rotation: 0 has Base: false
05-18 00:31:29.532 23268 23512 D SemWallpaperColorsArea: SemWallpaperColorsArea which = 17, mDensity : 2.625, 1080x2520,411x960,41,48, 10
05-18 00:31:29.532 23268 23512 I SemWallpaperColorsArea: Final area : Rect(63, 26 - 1015, 107)
05-18 00:31:29.532 23268 23512 I SemWallpaperColorsArea: Final area : Rect(36, 175 - 1042, 2042)
05-18 00:31:29.532 23268 23512 I SemWallpaperColorsArea: Final area : Rect(0, 2394 - 1078, 2520)
05-18 00:31:29.532 23268 27967 D SemWallpaperColorsArea: SemWallpaperColorsArea which = 17, mDensity : 2.625, 1080x2520,411x960,41,48, 10
05-18 00:31:29.532 23268 27967 I SemWallpaperColorsArea: Final area : Rect(63, 26 - 1015, 107)
05-18 00:31:29.532 23268 27967 I SemWallpaperColorsArea: Final area : Rect(36, 175 - 1042, 2042)
05-18 00:31:29.532 23268 27967 I SemWallpaperColorsArea: Final area : Rect(0, 2394 - 1078, 2520)
05-18 00:31:29.532 23268 27967 I KeyguardWallpaperController: set system color which = 17, opacity = 0.25
05-18 00:31:29.532 23268 27967 D SystemWallpaperColors: setColor: which = 17
05-18 00:31:29.532 23268 23512 D WallpaperManager: onSemWallpaperColorsChanged [version:22, which:17, adaptive dim:0.0/ff000000, darkmode dim:0.25]
05-18 00:31:29.532 23268 23512 D WallpaperManager: 	[SeedColors, [-16664602, -2948069, -861686]]
05-18 00:31:29.532 23268 23512 D WallpaperManager: 	[STATUSBAR, Rect(63, 26 - 1015, 107):0/ffffffff/1.0/0.1, 0.0/0.0/0.0]
05-18 00:31:29.532 23268 23512 D WallpaperManager: 	[BODY, Rect(36, 175 - 1042, 2042):0/fff6f6f6/3.3638432/0.61310047, 192.88591/0.723301/0.80784315]
05-18 00:31:29.532 23268 23512 D WallpaperManager: 	[NAVIBAR, Rect(0, 2394 - 1078, 2520):1/ff2c2c2c/2.5210614/0.397699, 191.89655/1.0/0.9098039], which=17
05-18 00:31:29.532 23268 27967 I SystemWallpaperColors: setColor : put color for which 17, color = [version:22, which:17, adaptive dim:0.0/ff000000, darkmode dim:0.25]
05-18 00:31:29.532 23268 27967 I SystemWallpaperColors: 	[SeedColors, [-16664602, -2948069, -861686]]
05-18 00:31:29.532 23268 27967 I SystemWallpaperColors: 	[STATUSBAR, Rect(63, 26 - 1015, 107):0/ffffffff/1.0/0.1, 0.0/0.0/0.0]
05-18 00:31:29.532 23268 27967 I SystemWallpaperColors: 	[BODY, Rect(36, 175 - 1042, 2042):0/fff6f6f6/3.3638432/0.61310047, 192.88591/0.723301/0.80784315]
05-18 00:31:29.532 23268 27967 I SystemWallpaperColors: 	[NAVIBAR, Rect(0, 2394 - 1078, 2520):1/ff2c2c2c/2.5210614/0.397699, 191.89655/1.0/0.9098039]
05-18 00:31:29.532 23268 27967 I KeyguardWallpaperController: onSemWallpaperColorsChanged: Not for lockscreen. which = 17
05-18 00:31:29.532 23268 23268 D ColoredBGHelper: onColorsChanged which = 17
05-18 00:31:29.532 23268 23268 D ColoredBackgroundRepository: notifyWallPaperColorChanged called
05-18 00:31:29.532 22446 22446 D SettingsProvider: PUT_ret(/system/need_dark_navigationbar), callingPackage:android
05-18 00:31:29.532 22446 22446 D WALLPAPER_SVC:LegibilityColor: set need_dark_navigationbar :1
05-18 00:31:29.532 23268 23268 D WallpaperManager: getSeedColors: which = 1, fromGoogle = false
05-18 00:31:29.532 23268 23268 D WallpaperManager: semGetWallpaperColors: which = 1
05-18 00:31:29.532 22446 25225 D WALLPAPER_SVC:SubDisplayMode: getFolderStateBasedWhich state = 0
05-18 00:31:29.532 22446 22446 D WALLPAPER_SVC:DefaultWallpaper: send ChangedIntent complete
05-18 00:31:29.532 23268 23268 D SemWallpaperColorsArea: SemWallpaperColorsArea [1080, 2520] which: 17 rotation: 0 has Base: false
05-18 00:31:29.533 23268 23268 D SemWallpaperColorsArea: SemWallpaperColorsArea which = 17, mDensity : 2.625, 1080x2520,411x960,41,48, 10
05-18 00:31:29.533 23268 23268 I SemWallpaperColorsArea: Final area : Rect(63, 26 - 1015, 107)
05-18 00:31:29.533 23268 23268 I SemWallpaperColorsArea: Final area : Rect(36, 175 - 1042, 2042)
05-18 00:31:29.533 23268 23268 I SemWallpaperColorsArea: Final area : Rect(0, 2394 - 1078, 2520)
05-18 00:31:29.533 23268 23268 D ColoredBackgroundWallpaperInteractor: home MatchingColor : 0xff005b73
05-18 00:31:29.533 23268 23268 D WallpaperManager: getSeedColors: which = 2, fromGoogle = false
05-18 00:31:29.533 23268 23268 D WallpaperManager: semGetWallpaperColors: which = 2
05-18 00:31:29.533 22446 22671 D WALLPAPER_SVC:SubDisplayMode: getFolderStateBasedWhich state = 0
05-18 00:31:29.533 23268 23268 D SemWallpaperColorsArea: SemWallpaperColorsArea [1080, 2520] which: 18 rotation: 0 has Base: false
05-18 00:31:29.533 23268 23268 D SemWallpaperColorsArea: SemWallpaperColorsArea which = 18, mDensity : 2.625, 1080x2520,411x960,41,48, 10
05-18 00:31:29.533 23268 23268 I SemWallpaperColorsArea: Final area : Rect(63, 26 - 1015, 107)
05-18 00:31:29.533 23268 23268 I SemWallpaperColorsArea: Final area : Rect(105, 504 - 973, 774)
05-18 00:31:29.533 23268 23268 I SemWallpaperColorsArea: Final area : Rect(105, 1257 - 973, 1309)
05-18 00:31:29.533 23268 23268 I SemWallpaperColorsArea: Final area : Rect(105, 1464 - 973, 1968)
05-18 00:31:29.533 23268 23268 I SemWallpaperColorsArea: Final area : Rect(105, 2254 - 973, 2430)
05-18 00:31:29.533 23268 23268 I SemWallpaperColorsArea: Final area : Rect(0, 0 - 1078, 2520)
05-18 00:31:29.533 23268 23268 D ColoredBackgroundWallpaperInteractor: lock MatchingColor : 0xff005b73
05-18 00:31:29.533 23268 23268 D ColoredBackgroundRepository: bgColorOverlaid = true, extractColor = 0xff432a0c, alpha = 51, alphaAppliedColor = 0x33432a0c
05-18 00:31:29.533 23916   661 I HoneySpace.GlobalSettingDataSourceImpl: Setting need_dark_navigationbar changed to 1
05-18 00:31:29.533 23916   661 I HoneySpace.WhiteBgColorUpdater: darkNavigationBar = true
05-18 00:31:29.533 23916 23916 I HoneySpace.WorkspacePot: get white bg flag darkNavigationBar=true
05-18 00:31:29.533 23916 23916 I HoneySpace.WhiteBgColorUpdater: changeWhiteBgSystemUIColor, com.android.internal.policy.DecorView{97d9bd I.E...... R.....ID 0,0-1080,2520 aid=0}[LauncherActivity], type = 3, supportWhiteBg = true, forced = false, fromHoneyType = workspace, darkStatusBar = 0, darkNavigationBar = true
05-18 00:31:29.533 23916 23916 I HoneySpace.WhiteBgColorChanger: changeNavigationBarColor, view = com.android.internal.policy.DecorView{97d9bd I.E...... R.....ID 0,0-1080,2520 aid=0}[LauncherActivity], isDarkColor = true
05-18 00:31:29.533 22446 22446 D WALLPAPER_SVC:DefaultWallpaper: send wallpaperChangedIntent
05-18 00:31:29.534 22446 22671 I WindowManager: Relayout Window{e8c74d5 u0 com.sec.android.app.launcher/com.sec.android.app.launcher.activities.LauncherActivity}: viewVisibility=8 req=1080x2520 ty=1 d0
05-18 00:31:29.534 22446 22671 D SurfaceComposerClient: setCornerRadius ## 5b89254 com.tiarnanlarkin.danio/com.tiarnanlarkin.danio.MainActivity#43493 cornerRadius=0.000000
05-18 00:31:29.534 22446 22671 D SurfaceComposerClient: setCornerRadius ## 5b89254 com.tiarnanlarkin.danio/com.tiarnanlarkin.danio.MainActivity#43493 cornerRadius=0.000000
05-18 00:31:29.534 22446 22576 D ActivityManager: sync unfroze 29970 com.samsung.android.scpm for 3
05-18 00:31:29.535 22446 22576 D ActivityManager: sync unfroze 28165 com.samsung.android.lool for 3
05-18 00:31:29.535 22446 22671 I WindowManager: Relayout hash=e8c74d5, pid=23916, syncId=-1: mAttrs={(0,0)(fillxfill) sim={adjust=nothing} layoutInDisplayCutoutMode=always ty=BASE_APPLICATION fmt=TRANSPARENT wanim=0x1030306
05-18 00:31:29.535 22446 22671 I WindowManager:   fl=81910100
05-18 00:31:29.535 22446 22671 I WindowManager:   pfl=10008840
05-18 00:31:29.535 22446 22671 I WindowManager:   apr=10
05-18 00:31:29.535 22446 22671 I WindowManager:   bhv=2
05-18 00:31:29.535 22446 22671 I WindowManager:   fitSides=0
05-18 00:31:29.535 22446 22671 I WindowManager:   frameRateBoostOnTouch=true
05-18 00:31:29.535 22446 22671 I WindowManager:   dvrrWindowFrameRateHint=true screenDimDuration=200000 naviIconColor=0}
05-18 00:31:29.535 23916 23916 I VRI[LauncherActivity]@a3222e4: Relayout returned: old=(0,0,1080,2520) new=(0,0,1080,2520) relayoutAsync=false req=(1080,2520)8 dur=1 res=0x0 s={false 0x0} ch=false seqId=0
05-18 00:31:29.535 22446 22576 I ActivityManager: Changes in 10357 19 to 11, 0 to 128
05-18 00:31:29.535 22446 22576 I ActivityManager: Changes in 10132 19 to 11, 0 to 128
05-18 00:31:29.535 22446 22576 I ActivityManager: Changes in 5009 19 to 11, 0 to 128
05-18 00:31:29.536 22087 28534 I CameraService: onUidStateChanged: uid=5009, procState is changed. (19 -> 11)
05-18 00:31:29.536 26418 26418 I GWT:AppWidgetReceiver: [intelligence] [appwidget-1.0.24] onReceive: action=com.sec.android.intent.action.WALLPAPER_CHANGED this=com.samsung.android.settings.intelligence.widget.ListTypeBatteryWidget
05-18 00:31:29.536 26418 26418 D AppWidgetProvider: onReceive:com.sec.android.intent.action.WALLPAPER_CHANGED
05-18 00:31:29.536 26418 26418 I BatteryWidget/GlanceBaseWidgetReceiver: onReceive() action : com.sec.android.intent.action.WALLPAPER_CHANGED
05-18 00:31:29.536 29570 29570 I GWT:AppWidgetReceiver: [clockpackage] [appwidget-1.0.27] onReceive: action=com.sec.android.intent.action.WALLPAPER_CHANGED this=com.sec.android.widgetapp.digitalclock.DigitalClockWidgetProvider
05-18 00:31:29.536 28165 28165 W SmApplication: onTrimMemory : 40
05-18 00:31:29.537 28165 28165 I DC.AppIconCache: clear icon cache
05-18 00:31:29.537 28165 28165 W SmApplication: onTrimMemory : 40
05-18 00:31:29.537 29570 29570 I DigitalClockIntegratedWidgetProvider: onReceive() action: com.sec.android.intent.action.WALLPAPER_CHANGED
05-18 00:31:29.537 28165 28165 I DC.AppIconCache: clear icon cache
05-18 00:31:29.537 22087 28534 W IPCThreadState: Sending oneway calls to frozen process.
05-18 00:31:29.537 22087 28534 W IPCThreadState: Sending oneway calls to frozen process.
05-18 00:31:29.537 22087 28534 W IPCThreadState: Sending oneway calls to frozen process.
05-18 00:31:29.537 22087 28534 W IPCThreadState: Sending oneway calls to frozen process.
05-18 00:31:29.537 29570 29570 I GWT:GlanceAppWidgetManager: [clockpackage] getGlanceIdByProvider / class ah.q
05-18 00:31:29.537 29570 29570 I GWT:GlanceAppWidgetManager: [clockpackage] get receiver list / 2
05-18 00:31:29.537 29570 29570 I GWT:GlanceAppWidgetManager: [clockpackage] widget ids / 0
05-18 00:31:29.537 29570 29570 I GWT:AppWidgetReceiver: [clockpackage] [appwidget-1.0.27] onReceive: action=com.sec.android.intent.action.WALLPAPER_CHANGED this=com.sec.android.widgetapp.digitalclock.DigitalClockIntegratedWidgetProvider
05-18 00:31:29.537 29570 29570 I DigitalClockIntegratedWidgetProvider: onReceive() action: com.sec.android.intent.action.WALLPAPER_CHANGED
