05-18 00:31:29.537 26418 26418 I GWT:AppWidgetReceiver: [intelligence] [appwidget-1.0.24] onReceive: action=com.sec.android.intent.action.WALLPAPER_CHANGED this=com.samsung.android.settings.intelligence.widget.GridTypeBatteryWidget
05-18 00:31:29.537 26418 26418 D AppWidgetProvider: onReceive:com.sec.android.intent.action.WALLPAPER_CHANGED
05-18 00:31:29.537 26418 26418 I BatteryWidget/GlanceBaseWidgetReceiver: onReceive() action : com.sec.android.intent.action.WALLPAPER_CHANGED
05-18 00:31:29.538 29570 29570 I GWT:GlanceAppWidgetManager: [clockpackage] getGlanceIdByProvider / class ah.q
05-18 00:31:29.538 18139 18139 I GWT:AppWidgetReceiver: [routines] [appwidget-1.0.27] onReceive: action=com.sec.android.intent.action.WALLPAPER_CHANGED this=com.samsung.android.app.routines.domainmodel.widget.lockscreenbriefwidget.LockScreenSingleRoutineWidgetProvider
05-18 00:31:29.538 29570 29570 I GWT:GlanceAppWidgetManager: [clockpackage] get receiver list / 2
05-18 00:31:29.538 18139 18139 I Routine@Ui[4.9.06.0]: SingleRoutineWidgetProvider: onReceive: com.sec.android.intent.action.WALLPAPER_CHANGED
05-18 00:31:29.538 29570 29570 I GWT:GlanceAppWidgetManager: [clockpackage] widget ids / 0
05-18 00:31:29.538 29570 29570 I GWT:AppWidgetReceiver: [clockpackage] [appwidget-1.0.27] onReceive: action=com.sec.android.intent.action.WALLPAPER_CHANGED this=com.sec.android.widgetapp.analogclock.AnalogClockWidgetProvider
05-18 00:31:29.538 29570 29570 I AnalogClockIntegratedWidgetProvider: action : {com.sec.android.intent.action.WALLPAPER_CHANGED}
05-18 00:31:29.538 26418 26418 I GWT:AppWidgetReceiver: [intelligence] [appwidget-1.0.24] onReceive: action=com.sec.android.intent.action.WALLPAPER_CHANGED this=com.samsung.android.settings.intelligence.widget.GlanceCircleWidgetReceiver
05-18 00:31:29.538 26418 26418 D AppWidgetProvider: onReceive:com.sec.android.intent.action.WALLPAPER_CHANGED
05-18 00:31:29.538 26418 26418 I BatteryWidget/GlanceBaseWidgetReceiver: onReceive() action : com.sec.android.intent.action.WALLPAPER_CHANGED
05-18 00:31:29.538 29570 29570 I GWT:GlanceAppWidgetManager: [clockpackage] getGlanceIdByProvider / class zg.e0
05-18 00:31:29.538 29570 29570 I GWT:GlanceAppWidgetManager: [clockpackage] get receiver list / 2
05-18 00:31:29.538 29570 29570 I GWT:GlanceAppWidgetManager: [clockpackage] widget ids / 0
05-18 00:31:29.538 29570 29570 I GWT:AppWidgetReceiver: [clockpackage] [appwidget-1.0.27] onReceive: action=com.sec.android.intent.action.WALLPAPER_CHANGED this=com.sec.android.widgetapp.analogclock.AnalogClockIntegratedWidgetProvider
05-18 00:31:29.538 29570 29570 I AnalogClockIntegratedWidgetProvider: action : {com.sec.android.intent.action.WALLPAPER_CHANGED}
05-18 00:31:29.538 26418 26418 I GWT:AppWidgetReceiver: [intelligence] [appwidget-1.0.24] onReceive: action=com.sec.android.intent.action.WALLPAPER_CHANGED this=com.samsung.android.settings.intelligence.widget.GlanceListWidgetReceiver
05-18 00:31:29.538 26418 26418 D AppWidgetProvider: onReceive:com.sec.android.intent.action.WALLPAPER_CHANGED
05-18 00:31:29.538 26418 26418 I BatteryWidget/GlanceBaseWidgetReceiver: onReceive() action : com.sec.android.intent.action.WALLPAPER_CHANGED
05-18 00:31:29.538 29570 29570 I GWT:AppWidgetReceiver: [clockpackage] [appwidget-1.0.27] onReceive: action=com.sec.android.intent.action.WALLPAPER_CHANGED this=com.sec.android.widgetapp.dualclockdigital.DualClockDigitalWidgetProvider
05-18 00:31:29.538 29570 29570 I HELL-PowerController: acquirePartial
05-18 00:31:29.538 26418 26418 I GWT:AppWidgetReceiver: [intelligence] [appwidget-1.0.24] onReceive: action=com.sec.android.intent.action.WALLPAPER_CHANGED this=com.samsung.android.settings.intelligence.widget.CoverArcWidgetReceiver
05-18 00:31:29.538 26418 26418 D AppWidgetProvider: onReceive:com.sec.android.intent.action.WALLPAPER_CHANGED
05-18 00:31:29.538 26418 26418 I BatteryWidget/GlanceBaseWidgetReceiver: onReceive() action : com.sec.android.intent.action.WALLPAPER_CHANGED
05-18 00:31:29.538 26418 26418 I GWT:AppWidgetReceiver: [intelligence] [appwidget-1.0.24] onReceive: action=com.sec.android.intent.action.WALLPAPER_CHANGED this=com.samsung.android.settings.intelligence.widget.CoverListWidgetReceiver
05-18 00:31:29.538 26418 26418 D AppWidgetProvider: onReceive:com.sec.android.intent.action.WALLPAPER_CHANGED
05-18 00:31:29.538 26418 26418 I BatteryWidget/GlanceBaseWidgetReceiver: onReceive() action : com.sec.android.intent.action.WALLPAPER_CHANGED
05-18 00:31:29.539 18139 18139 I GWT:AppWidgetReceiver: [routines] [appwidget-1.0.27] onReceive: action=com.sec.android.intent.action.WALLPAPER_CHANGED this=com.samsung.android.app.routines.domainmodel.widget.singlewidget.SingleRoutineWidgetProvider
05-18 00:31:29.539 18139 18139 I Routine@Ui[4.9.06.0]: SingleRoutineWidgetProvider: onReceive: com.sec.android.intent.action.WALLPAPER_CHANGED
05-18 00:31:29.539 22446 22671 I ActivityManager: Changes in 10132 11 to 19, 128 to 0
05-18 00:31:29.539 18139 18139 I GWT:AppWidgetReceiver: [routines] [appwidget-1.0.27] onReceive: action=com.sec.android.intent.action.WALLPAPER_CHANGED this=com.samsung.android.app.routines.domainmodel.widget.singlewidget.SingleModeWidgetProvider
05-18 00:31:29.539 18139 18139 I Routine@Ui[4.9.06.0]: SingleRoutineWidgetProvider: onReceive: com.sec.android.intent.action.WALLPAPER_CHANGED
05-18 00:31:29.539 29570 29570 I BaseAppDualClockWidgetProvider: onReceive() / action = com.sec.android.intent.action.WALLPAPER_CHANGED
05-18 00:31:29.539 29570 29570 I BaseAppDualClockWidgetProvider: onReceiveAppWidgetProvider action com.sec.android.intent.action.WALLPAPER_CHANGED
05-18 00:31:29.539 29970 29970 I [SCPMV2][SystemMonitorReceiver]: onReceive: android.intent.action.BATTERY_CHANGED
05-18 00:31:29.539 22446 22576 I ActivityManager: Changes in 10121 19 to 11, 0 to 128
05-18 00:31:29.540 18211 18211 I GWT:AppWidgetReceiver: [camera] [appwidget-1.0.12] onReceive: action=com.sec.android.intent.action.WALLPAPER_CHANGED this=com.sec.android.app.camera.setting.launcherwidget.CameraWidget
05-18 00:31:29.540 18211 18211 I CameraWidget: onReceive action : com.sec.android.intent.action.WALLPAPER_CHANGED
05-18 00:31:29.540 18211 18211 I CameraWidget: updateAllGlanceAppWidget : onReceive-5
05-18 00:31:29.540 29570 29570 I GWT:GlanceAppWidgetManager: [clockpackage] getGlanceIdByProvider / class bh.h1
05-18 00:31:29.540 29570 29570 I GWT:GlanceAppWidgetManager: [clockpackage] get receiver list / 2
05-18 00:31:29.540 18139 18139 I GWT:AppWidgetReceiver: [routines] [appwidget-1.0.27] onReceive: action=com.sec.android.intent.action.WALLPAPER_CHANGED this=com.samsung.android.app.routines.domainmodel.widget.groupwidget.GroupRoutineWidgetProvider
05-18 00:31:29.540 18139 18139 I Routine@Ui[4.9.06.0]: GroupRoutineWidgetProvider: onReceive: com.sec.android.intent.action.WALLPAPER_CHANGED
05-18 00:31:29.540 29570 29570 I GWT:GlanceAppWidgetManager: [clockpackage] widget ids / 0
05-18 00:31:29.540 29570 29570 I GWT:AppWidgetReceiver: [clockpackage] [appwidget-1.0.27] onReceive: action=com.sec.android.intent.action.WALLPAPER_CHANGED this=com.sec.android.widgetapp.dualclockdigital.BaseAppDualClockWidgetProvider
05-18 00:31:29.540 29570 29570 I HELL-PowerController: acquirePartial
05-18 00:31:29.540 22446 25225 I ActivityManager: Changes in 10121 11 to 19, 128 to 0
05-18 00:31:29.540 29570 29570 I BaseAppDualClockWidgetProvider: onReceive() / action = com.sec.android.intent.action.WALLPAPER_CHANGED
05-18 00:31:29.540 29570 29570 I BaseAppDualClockWidgetProvider: onReceiveAppWidgetProvider action com.sec.android.intent.action.WALLPAPER_CHANGED
05-18 00:31:29.540 22446 22576 I ActivityManager: Changes in 10126 19 to 11, 0 to 128
05-18 00:31:29.541 18250 18250 I GWT:AppWidgetReceiver: [magnifier] [appwidget-1.0.10] onReceive: action=com.sec.android.intent.action.WALLPAPER_CHANGED this=com.sec.android.app.magnifier.MagnifierAppWidget
05-18 00:31:29.541 18250 18250 I MagnifierAppWidget: onReceive action : com.sec.android.intent.action.WALLPAPER_CHANGED
05-18 00:31:29.541 24310 24378 I RequestManager_FLP: onOpChanged, op=0 / packageName=com.sec.android.app.camera
05-18 00:31:29.541 18139 18139 I Routine@Ui[4.9.06.0]: Routine: onTrimMemory: level : 40
05-18 00:31:29.541 29570 29570 I GWT:GlanceAppWidgetManager: [clockpackage] getGlanceIdByProvider / class bh.h1
05-18 00:31:29.541 29570 29570 I GWT:GlanceAppWidgetManager: [clockpackage] get receiver list / 2
05-18 00:31:29.541 29570 29570 I GWT:GlanceAppWidgetManager: [clockpackage] widget ids / 0
05-18 00:31:29.541 29570 29570 I AlarmMultiCoverWidgetProvider2X2: onReceive() action: com.sec.android.intent.action.WALLPAPER_CHANGED
05-18 00:31:29.541 29570 29570 I AlarmMultiCoverWidgetProviderBaseNew: onReceive() action: com.sec.android.intent.action.WALLPAPER_CHANGED
05-18 00:31:29.541 29570 29570 I GWT:AppWidgetReceiver: [clockpackage] [appwidget-1.0.27] onReceive: action=com.sec.android.intent.action.WALLPAPER_CHANGED this=com.sec.android.app.clockpackage.alarmwidget.AlarmMultiCoverWidgetProvider2X2
05-18 00:31:29.541 22446 22576 I ActivityManager: Changes in 10239 19 to 11, 0 to 128
05-18 00:31:29.541 22446 25225 I ActivityManager: Changes in 10126 11 to 19, 128 to 0
05-18 00:31:29.541  2948  2948 I [WEATHER]SourceFile: {[9E1876B7D31F54A1BD257CAC5C92EC97CC030B17BBF114D826C529742101DF83AFDECEFB5228628EE9D6257034D9E1B7C8933B0E1F536EEFCB93C033CE24ED9F0CE3FAECCED2C86EF694FFBD4D2661300511B5F1B6E78C51FF5B5FB34D3B0D8B9A9A44E89AF88E56FA9C254DA9E7D1D1]}
05-18 00:31:29.542  2948  2948 I [WEATHER]SourceFile: {[59682FFB40DA8060A52AE78B14923E5C0398A67EB4786D5B3837A16BF66D4BCAFE42BC4DB976ACFC6FC0F4B1ADC050DF]}
05-18 00:31:29.542 22446 22576 I ActivityManager: Changes in 10181 19 to 11, 0 to 128
05-18 00:31:29.542  2948  2948 I GWT:GAppWidgetManager: [daemonapp] getGlanceIdByProvider / class com.sec.android.daemonapp.home.HomeAppWidget
05-18 00:31:29.542  2948  2948 I GWT:GAppWidgetManager: [daemonapp] get receiver list / 0
05-18 00:31:29.543 22446 22671 I ActivityManager: Changes in 10239 11 to 19, 128 to 0
05-18 00:31:29.543 29570 29570 I AlarmMultiCoverWidgetProvider4X2: onReceive() action: com.sec.android.intent.action.WALLPAPER_CHANGED
05-18 00:31:29.543 29570 29570 I AlarmMultiCoverWidgetProviderBaseNew: onReceive() action: com.sec.android.intent.action.WALLPAPER_CHANGED
05-18 00:31:29.543 29570 29570 I GWT:AppWidgetReceiver: [clockpackage] [appwidget-1.0.27] onReceive: action=com.sec.android.intent.action.WALLPAPER_CHANGED this=com.sec.android.app.clockpackage.alarmwidget.AlarmMultiCoverWidgetProvider4X2
05-18 00:31:29.543 22446 22576 I ActivityManager: Changes in 10397 19 to 11, 0 to 128
05-18 00:31:29.543 22446 22671 I ActivityManager: Changes in 10357 11 to 19, 128 to 0
05-18 00:31:29.543 18286 18286 I SENL$BaseWidgetUtils: isSupportedOneUI7WidgetEnabled# oneUIVersion : 80000
05-18 00:31:29.544 18286 18286 I GWT:AppWidgetReceiver: [notes] [appwidget-2.0.12] onReceive: action=com.sec.android.intent.action.WALLPAPER_CHANGED this=com.samsung.android.app.notes.widget.WidgetToolBarProvider
05-18 00:31:29.544 18286 18286 I SENL$WidgetToolBarProvider: onReceive# com.sec.android.intent.action.WALLPAPER_CHANGED
05-18 00:31:29.544 18266 18266 I RuntimePermissions - PermissionsUtil: [ECW] permission : -1
05-18 00:31:29.544 18286 18286 I SENL$WidgetToolBarProvider: onUpdate# appWidgetIds: []
05-18 00:31:29.544 18286 18286 I SENL$BaseWidgetUtils: isSupportedOneUI7WidgetEnabled# oneUIVersion : 80000
05-18 00:31:29.544 22446 22576 I ActivityManager: Changes in 10346 19 to 11, 0 to 128
05-18 00:31:29.544 18266 18266 I BaseWidgetProvider: [ECW] onUpdate() 0 widgets
05-18 00:31:29.544 18286 18313 I GWT:BroadcastReceiver: [notes] Finish broadcast ReceiverData{intent=Intent { act=com.sec.android.intent.action.WALLPAPER_CHANGED flg=0x1000010 xflg=0x4 cmp=com.samsung.android.app.notes/.widget.WidgetToolBarProvider } packageName=com.samsung.android.app.notes resultCode=-1 resultData=null resultExtras=null sentFromUid=-1 sentFromPackage=null mOptions=null}
05-18 00:31:29.544 18266 18266 I RuntimePermissions - PermissionsUtil: [ECW] permission : -1
05-18 00:31:29.544 18266 18266 I GlanceAppWidgetReceiver: onReceive: action=com.sec.android.intent.action.WALLPAPER_CHANGED this=com.sec.android.widgetapp.easymodecontactswidget.SeniorFavoriteWidgetProviderLarge
05-18 00:31:29.544 22106  8774 I HYPER-HAL: [RequestManager.cpp]releaseLocked(): Released ID : 772714218
05-18 00:31:29.544 28165 28165 I GWT:AppWidgetReceiver: [lool] [appwidget-1.1.19] onReceive: action=com.sec.android.intent.action.WALLPAPER_CHANGED this=com.samsung.android.sm.widgetapp.SMWidgetOneButton
05-18 00:31:29.544 18266 18281 I CoroutineBroadcastReceiver: Cancel parent coroutine scope
05-18 00:31:29.544 18266 18281 I CoroutineBroadcastReceiver: Finish broadcast ReceiverData{intent=Intent { act=com.sec.android.intent.action.WALLPAPER_CHANGED flg=0x1000010 xflg=0x4 cmp=com.sec.android.widgetapp.easymodecontactswidget/.SeniorFavoriteWidgetProviderLarge } packageName=com.sec.android.widgetapp.easymodecontactswidget resultCode=-1 resultData=null resultExtras=null sentFromUid=-1 sentFromPackage=null mOptions=null}
05-18 00:31:29.544 22446 22671 I ActivityManager: Changes in 10181 11 to 19, 128 to 0
05-18 00:31:29.545 22446 22576 I ActivityManager: Changes in 10355 19 to 11, 0 to 128
05-18 00:31:29.545 22446 22671 I AppWidgetServiceImpl: cannot find widget for appWidgetId=0 uid=10346 packageName=com.samsung.android.app.reminder
05-18 00:31:29.545 18286 18286 I SENL$BaseWidgetUtils: isSupportedOneUI7WidgetEnabled# oneUIVersion : 80000
05-18 00:31:29.545 18286 18286 I GWT:AppWidgetReceiver: [notes] [appwidget-2.0.12] onReceive: action=com.sec.android.intent.action.WALLPAPER_CHANGED this=com.samsung.android.app.notes.widget.lockbrief.WidgetCreatorLockBriefProvider
05-18 00:31:29.545 18286 18286 I SENL$WidgetToolBarProvider: onReceive# com.sec.android.intent.action.WALLPAPER_CHANGED
05-18 00:31:29.545 18286 18286 I SENL$WidgetToolBarProvider: onUpdate# appWidgetIds: []
05-18 00:31:29.545 18286 18286 I SENL$BaseWidgetUtils: isSupportedOneUI7WidgetEnabled# oneUIVersion : 80000
05-18 00:31:29.545 28165 28165 I SmWidget.Provider: ----onReceive---- : com.sec.android.intent.action.WALLPAPER_CHANGED
05-18 00:31:29.545 18286 18313 I GWT:BroadcastReceiver: [notes] Finish broadcast ReceiverData{intent=Intent { act=com.sec.android.intent.action.WALLPAPER_CHANGED flg=0x1000010 xflg=0x4 cmp=com.samsung.android.app.notes/.widget.lockbrief.WidgetCreatorLockBriefProvider } packageName=com.samsung.android.app.notes resultCode=-1 resultData=null resultExtras=null sentFromUid=-1 sentFromPackage=null mOptions=null}
05-18 00:31:29.545 18286 18286 I SENL$BaseWidgetUtils: isSupportedOneUI7WidgetEnabled# oneUIVersion : 80000
05-18 00:31:29.545 18286 18286 I GWT:AppWidgetReceiver: [notes] [appwidget-2.0.12] onReceive: action=com.sec.android.intent.action.WALLPAPER_CHANGED this=com.samsung.android.app.notes.widget.glance.single.WidgetSingleGlanceProvider
05-18 00:31:29.545 18286 18286 I SENL$NotesWidget$WidgetSingleGlanceProvider: onReceive# action: com.sec.android.intent.action.WALLPAPER_CHANGED, RequestTime: 1779060689545, PreviousEventTime: 0, providerName: WidgetProvider
05-18 00:31:29.545 18286 25396 I GWT:BroadcastReceiver: [notes] Finish broadcast null
05-18 00:31:29.545 22446 25225 I AppWidgetServiceImpl: cannot find widget for appWidgetId=0 uid=10346 packageName=com.samsung.android.app.reminder
05-18 00:31:29.545 22446 22731 I AppWidgetServiceImpl: getInstalledProvidersForProfiles lock in com.samsung.android.app.reminder
05-18 00:31:29.545 18310 18310 I Reminder$ReminderCoverWidget4x2Provider: onReceive : action = com.sec.android.intent.action.WALLPAPER_CHANGED, widgetId = 0, isDex: false
05-18 00:31:29.545 22446 22731 I AppWidgetServiceImpl: getInstalledProvidersForProfiles lock exit 2
05-18 00:31:29.546 18286 18286 I SENL$NotesWidget$WidgetListProvider: onReceive# action : com.sec.android.intent.action.WALLPAPER_CHANGED, provider: WidgetListProvider
05-18 00:31:29.546 18286 18286 I SENL$BaseWidgetUtils: isSupportedOneUI7WidgetEnabled# oneUIVersion : 80000
05-18 00:31:29.546 18286 18286 I SENL$BaseWidgetUtils: isSupportedOneUI7WidgetEnabled# oneUIVersion : 80000
05-18 00:31:29.546 18286 18286 I GWT:AppWidgetReceiver: [notes] [appwidget-2.0.12] onReceive: action=com.sec.android.intent.action.WALLPAPER_CHANGED this=com.samsung.android.app.notes.widget.WidgetListProvider
05-18 00:31:29.546 22446 25225 I AppWidgetServiceImpl: cannot find widget for appWidgetId=0 uid=10346 packageName=com.samsung.android.app.reminder
05-18 00:31:29.546 18286 18286 I GWT:AppWidgetReceiver: [notes] [appwidget-2.0.12] onReceive: action=com.sec.android.intent.action.WALLPAPER_CHANGED this=com.samsung.android.app.notes.widget.cover.WidgetSingleMediumCoverProvider
05-18 00:31:29.546 18286 18286 I SENL$NotesWidget$WidgetSingleGlanceProvider: onReceive# action: com.sec.android.intent.action.WALLPAPER_CHANGED, RequestTime: 1779060689546, PreviousEventTime: 0, providerName: WidgetSingleMediumCoverProvider
05-18 00:31:29.546 22446 22575 I AppWidgetServiceImpl: handleSaveMessage 0
05-18 00:31:29.546 18286 18313 I GWT:BroadcastReceiver: [notes] Finish broadcast ReceiverData{intent=Intent { act=com.sec.android.intent.action.WALLPAPER_CHANGED flg=0x1000010 xflg=0x4 cmp=com.samsung.android.app.notes/.widget.cover.WidgetSingleMediumCoverProvider } packageName=com.samsung.android.app.notes resultCode=-1 resultData=null resultExtras=null sentFromUid=-1 sentFromPackage=null mOptions=null}
05-18 00:31:29.546 18286 18286 I GWT:AppWidgetReceiver: [notes] [appwidget-2.0.12] onReceive: action=com.sec.android.intent.action.WALLPAPER_CHANGED this=com.samsung.android.app.notes.widget.cover.WidgetSingleLargeCoverProvider
05-18 00:31:29.546 18286 18286 I SENL$NotesWidget$WidgetSingleGlanceProvider: onReceive# action: com.sec.android.intent.action.WALLPAPER_CHANGED, RequestTime: 1779060689546, PreviousEventTime: 0, providerName: WidgetSingleLargeCoverProvider
05-18 00:31:29.547 22446 25225 I AppWidgetServiceImpl: getInstalledProvidersForProfiles lock in com.samsung.android.calendar
05-18 00:31:29.547 22446 25225 I AppWidgetServiceImpl: getInstalledProvidersForProfiles lock exit 4
05-18 00:31:29.547 22446 22671 I AppWidgetServiceImpl: cannot find widget for appWidgetId=0 uid=10355 packageName=com.samsung.android.calendar
05-18 00:31:29.547 22446 25191 I AppWidgetServiceImpl: cannot find widget for appWidgetId=0 uid=10346 packageName=com.samsung.android.app.reminder
05-18 00:31:29.547 22446 25253 I AppWidgetServiceImpl: getInstalledProvidersForProfiles lock in com.samsung.android.app.reminder
05-18 00:31:29.547 18310 18310 I Reminder$ReminderCoverWidget2x2Provider: onReceive : action = com.sec.android.intent.action.WALLPAPER_CHANGED, widgetId = 0, isDex: false
05-18 00:31:29.547 22446 25253 I AppWidgetServiceImpl: getInstalledProvidersForProfiles lock exit 2
05-18 00:31:29.547 22446 22731 I AppWidgetServiceImpl: cannot find widget for appWidgetId=0 uid=10355 packageName=com.samsung.android.calendar
05-18 00:31:29.547 28165 28165 I SMWidgetUtils: getInstalledWidgetIds : 2
05-18 00:31:29.547 22446 25227 I AppWidgetServiceImpl: cannot find widget for appWidgetId=0 uid=10346 packageName=com.samsung.android.app.reminder
05-18 00:31:29.547 18286 25396 I GWT:BroadcastReceiver: [notes] Finish broadcast ReceiverData{intent=Intent { act=com.sec.android.intent.action.WALLPAPER_CHANGED flg=0x1000010 xflg=0x4 cmp=com.samsung.android.app.notes/.widget.cover.WidgetSingleLargeCoverProvider } packageName=com.samsung.android.app.notes resultCode=-1 resultData=null resultExtras=null sentFromUid=-1 sentFromPackage=null mOptions=null}
05-18 00:31:29.547 22446 25253 I AppWidgetServiceImpl: cannot find widget for appWidgetId=0 uid=10346 packageName=com.samsung.android.app.reminder
05-18 00:31:29.547 22446 25227 I AppWidgetServiceImpl: getInstalledProvidersForProfiles lock in com.samsung.android.app.reminder
05-18 00:31:29.547 18310 18310 I Reminder$ReminderWidgetProvider: onReceive : action = com.sec.android.intent.action.WALLPAPER_CHANGED, widgetId = 0, isDex: false
05-18 00:31:29.547 22446 25227 I AppWidgetServiceImpl: getInstalledProvidersForProfiles lock exit 2
05-18 00:31:29.548 22446 25227 I AppWidgetServiceImpl: cannot find widget for appWidgetId=0 uid=10346 packageName=com.samsung.android.app.reminder
05-18 00:31:29.548 22446 25227 I AppWidgetServiceImpl: cannot find widget for appWidgetId=0 uid=10346 packageName=com.samsung.android.app.reminder
05-18 00:31:29.548 22446 25253 I AppWidgetServiceImpl: cannot find widget for appWidgetId=0 uid=10346 packageName=com.samsung.android.app.reminder
05-18 00:31:29.548 18342 18342 I SamsungCalendar$DexHelper: isDesktopWindowing called
05-18 00:31:29.548 18342 18342 I SamsungCalendar$DexHelper: displayId : 0
05-18 00:31:29.548 22446 25227 I AppWidgetServiceImpl: cannot find widget for appWidgetId=0 uid=10346 packageName=com.samsung.android.app.reminder
05-18 00:31:29.548 22446 25227 I AppWidgetServiceImpl: cannot find widget for appWidgetId=0 uid=10346 packageName=com.samsung.android.app.reminder
05-18 00:31:29.548 18286 18286 I GWT:AppWidgetReceiver: [notes] [appwidget-2.0.12] onReceive: action=com.sec.android.intent.action.WALLPAPER_CHANGED this=com.samsung.android.app.notes.widget.lockbrief.single.WidgetSingleLockBriefProvider
05-18 00:31:29.548 18286 18286 I SENL$NotesWidget$WidgetSingleGlanceProvider: onReceive# action: com.sec.android.intent.action.WALLPAPER_CHANGED, RequestTime: 1779060689548, PreviousEventTime: 0, providerName: WidgetSingleLockBriefProvider
05-18 00:31:29.548 22446 25253 I AppWidgetServiceImpl: cannot find widget for appWidgetId=0 uid=10346 packageName=com.samsung.android.app.reminder
05-18 00:31:29.548 22446 25253 I AppWidgetServiceImpl: cannot find widget for appWidgetId=0 uid=10346 packageName=com.samsung.android.app.reminder
05-18 00:31:29.548 22446 25253 I AppWidgetServiceImpl: cannot find widget for appWidgetId=0 uid=10346 packageName=com.samsung.android.app.reminder
05-18 00:31:29.548 18286 18313 I GWT:BroadcastReceiver: [notes] Finish broadcast ReceiverData{intent=Intent { act=com.sec.android.intent.action.WALLPAPER_CHANGED flg=0x1000010 xflg=0x4 cmp=com.samsung.android.app.notes/.widget.lockbrief.single.WidgetSingleLockBriefProvider } packageName=com.samsung.android.app.notes resultCode=-1 resultData=null resultExtras=null sentFromUid=-1 sentFromPackage=null mOptions=null}
05-18 00:31:29.548 28165 28165 W ContextImpl: Calling a method in the system process without a qualified user: android.app.ContextImpl.startService:2068 android.content.ContextWrapper.startService:872 hd.c.b:28 jh.u.onReceive:74 android.app.ActivityThread.handleReceiver:5586
05-18 00:31:29.548 22446 22575 I AppWidgetServiceImpl: handleSaveMessage 0
05-18 00:31:29.549 22446 25253 I AppWidgetServiceImpl: cannot find widget for appWidgetId=0 uid=10346 packageName=com.samsung.android.app.reminder
05-18 00:31:29.549 22446 25253 I AppWidgetServiceImpl: cannot find widget for appWidgetId=0 uid=10346 packageName=com.samsung.android.app.reminder
05-18 00:31:29.549 22087 22147 I CameraService: onUidStateChanged: uid=5009, procState is changed. (11 -> 10)
05-18 00:31:29.549 22446 25253 I AppWidgetServiceImpl: cannot find widget for appWidgetId=0 uid=10346 packageName=com.samsung.android.app.reminder
05-18 00:31:29.549 22446 25253 I AppWidgetServiceImpl: cannot find widget for appWidgetId=0 uid=10346 packageName=com.samsung.android.app.reminder
05-18 00:31:29.549 22446 25253 I AppWidgetServiceImpl: cannot find widget for appWidgetId=0 uid=10346 packageName=com.samsung.android.app.reminder
05-18 00:31:29.549 22087 22147 W IPCThreadState: Sending oneway calls to frozen process.
05-18 00:31:29.549 22087 22147 W IPCThreadState: Sending oneway calls to frozen process.
05-18 00:31:29.549 22446 25253 I AppWidgetServiceImpl: cannot find widget for appWidgetId=0 uid=10346 packageName=com.samsung.android.app.reminder
05-18 00:31:29.549 22446 25253 I AppWidgetServiceImpl: cannot find widget for appWidgetId=0 uid=10346 packageName=com.samsung.android.app.reminder
05-18 00:31:29.549 22087 22147 W IPCThreadState: Sending oneway calls to frozen process.
05-18 00:31:29.549 22087 22147 W IPCThreadState: Sending oneway calls to frozen process.
05-18 00:31:29.550 22446 22731 I AppWidgetServiceImpl: cannot find widget for appWidgetId=0 uid=10346 packageName=com.samsung.android.app.reminder
05-18 00:31:29.550 22446 25227 I AppWidgetServiceImpl: cannot find widget for appWidgetId=0 uid=10346 packageName=com.samsung.android.app.reminder
05-18 00:31:29.550 22446 22731 I AppWidgetServiceImpl: cannot find widget for appWidgetId=0 uid=10346 packageName=com.samsung.android.app.reminder
05-18 00:31:29.550 18310 18310 I Reminder$ReminderRepository: getRemindersForList spaceId: null, listType: 1
05-18 00:31:29.550 18310 18310 I Reminder$ReminderCache: getReminderList targetCache:1 -1
05-18 00:31:29.550 18310 18310 I Reminder$ListWidgetDataStore: loadCompletedData :: 0
05-18 00:31:29.550 22446 22731 I AppWidgetServiceImpl: cannot find widget for appWidgetId=0 uid=10346 packageName=com.samsung.android.app.reminder
05-18 00:31:29.551 22446 22731 I AppWidgetServiceImpl: cannot find widget for appWidgetId=0 uid=10346 packageName=com.samsung.android.app.reminder
05-18 00:31:29.551 18310 18310 I Reminder$ReminderRepository: getCompleteRemindersForList spaceId: null, listType: 2
05-18 00:31:29.551 18310 18310 I Reminder$ReminderCache: getReminderList targetCache:2 -1
05-18 00:31:29.551 22446 22731 I AppWidgetServiceImpl: cannot find widget for appWidgetId=0 uid=10346 packageName=com.samsung.android.app.reminder
05-18 00:31:29.551 22446 22731 I AppWidgetServiceImpl: cannot find widget for appWidgetId=0 uid=10346 packageName=com.samsung.android.app.reminder
05-18 00:31:29.551 22446 22731 I AppWidgetServiceImpl: cannot find widget for appWidgetId=0 uid=10346 packageName=com.samsung.android.app.reminder
05-18 00:31:29.551 22446 22731 I AppWidgetServiceImpl: cannot find widget for appWidgetId=0 uid=10346 packageName=com.samsung.android.app.reminder
05-18 00:31:29.551 22446 22731 I AppWidgetServiceImpl: cannot find widget for appWidgetId=0 uid=10346 packageName=com.samsung.android.app.reminder
05-18 00:31:29.552 22446 25227 I AppWidgetServiceImpl: cannot find widget for appWidgetId=0 uid=10346 packageName=com.samsung.android.app.reminder
05-18 00:31:29.552 22446 25227 I AppWidgetServiceImpl: cannot find widget for appWidgetId=0 uid=10346 packageName=com.samsung.android.app.reminder
05-18 00:31:29.552 28165 28165 I SmWidget.Glance.Service: ---onCreate Service---
05-18 00:31:29.552 22446 25227 I AppWidgetServiceImpl: cannot find widget for appWidgetId=0 uid=10346 packageName=com.samsung.android.app.reminder
05-18 00:31:29.552 22446 25227 D AppWidgetServiceImpl: com.samsung.android.app.reminder.remote.widget.ReminderWidgetProvider preview API Record : 2 / 174871413
05-18 00:31:29.552 22446 25227 D AppWidgetServiceImpl: All preview data has been used for preview state / preview size : 5 / 26, 3
05-18 00:31:29.552 22446 25227 D AppWidgetServiceImpl: updateTemplatePreviewCategoriesLocked 26, 10
05-18 00:31:29.553 22446 25227 I AppWidgetServiceImpl: cannot find widget for appWidgetId=0 uid=10346 packageName=com.samsung.android.app.reminder
05-18 00:31:29.553 22446 25227 I AppWidgetServiceImpl: cannot find widget for appWidgetId=0 uid=10346 packageName=com.samsung.android.app.reminder
05-18 00:31:29.553 22446 25227 I AppWidgetServiceImpl: getInstalledProvidersForProfiles lock in com.samsung.android.app.reminder
05-18 00:31:29.553 22446 25227 I AppWidgetServiceImpl: getInstalledProvidersForProfiles lock exit 2
05-18 00:31:29.553 18310 18310 I Reminder$SelectedReminderWidgetProvider: onReceive : action = com.sec.android.intent.action.WALLPAPER_CHANGED, widgetId = 0, isDex: false
05-18 00:31:29.553 22446 22575 I AppWidgetServiceImpl: handleSaveMessage 0
05-18 00:31:29.553 22446 22731 I ActivityManager: Changes in 10346 11 to 19, 128 to 0
05-18 00:31:29.553 22446 11341 D PerProcessNandswap$NandswapHandler: nandswap end for non-activity com.samsung.android.scs(pid 27044) ret:18410823680 adj:905
05-18 00:31:29.554 18342 18342 I SamsungCalendar$MonthWidgetPresenter: doQueryAndUpdateView widgetId = 0
05-18 00:31:29.554 18342 18342 I SamsungCalendar$MonthWidgetPresenter: Loading pen bitmap is completed
05-18 00:31:29.554 18342 18342 I SamsungCalendar$ViewModelImpl: getDataListByDateByPeriod: [2026/4/27 0:0:0 - 2026/6/1 0:0:0 / false] includingReminder : true
05-18 00:31:29.555 18286 18286 I SENL$NotesWidget$WidgetListProvider: onReceive# action : com.sec.android.intent.action.WALLPAPER_CHANGED, provider: WidgetListLockBriefProvider
05-18 00:31:29.555 18286 18286 I SENL$BaseWidgetUtils: isSupportedOneUI7WidgetEnabled# oneUIVersion : 80000
05-18 00:31:29.555 22446 25253 I ActivityManager: Changes in 10117 19 to 11, 0 to 128
05-18 00:31:29.555 18342  8778 I SamsungCalendar$CrossProfileCalendar: isAcrossProfilesGranted : false(3)
05-18 00:31:29.555 18286 18286 I SENL$BaseWidgetUtils: isSupportedOneUI7WidgetEnabled# oneUIVersion : 80000
05-18 00:31:29.555 18286 18286 I GWT:AppWidgetReceiver: [notes] [appwidget-2.0.12] onReceive: action=com.sec.android.intent.action.WALLPAPER_CHANGED this=com.samsung.android.app.notes.widget.lockbrief.list.WidgetListLockBriefProvider
05-18 00:31:29.555 18342 18342 I SamsungCalendar$ListWidgetProvider: onReceive : action = com.sec.android.intent.action.WALLPAPER_CHANGED, widgetId = 0
05-18 00:31:29.555 28165 28165 I SmWidget.Glance.Service: onStartCommand(): com.samsung.android.sm.DELAYED_WIDGET_UPDATE
05-18 00:31:29.555 22446 25191 I AppWidgetServiceImpl: getInstalledProvidersForProfiles lock in com.samsung.android.calendar
05-18 00:31:29.555 22446 25191 I AppWidgetServiceImpl: getInstalledProvidersForProfiles lock exit 4
05-18 00:31:29.555 18342 18342 I SamsungCalendar$ListWidgetDataStore: loadData
05-18 00:31:29.555 18342 18342 I SamsungCalendar$StickerUtils:  isSupportingStickerCenter: API version = 15
05-18 00:31:29.555 18342 18342 I SamsungCalendar$ViewModelImpl: getDataListByDateByPeriod: [2026/5/18 0:0:0 - 2026/5/31 0:0:0 / false] includingReminder : true
05-18 00:31:29.555 28165 28165 I SmWidget.Glance.Service: scan result status : NONE
05-18 00:31:29.555 22446 22731 I ActivityManager: Changes in 10346 19 to 11, 0 to 128
05-18 00:31:29.555 22446 22575 I AppWidgetServiceImpl: handleSaveMessage 0
05-18 00:31:29.556 22446 25227 I ActivityManager: Changes in 10397 11 to 19, 128 to 0
05-18 00:31:29.556 28165 28165 I SmWidget.Glance.UpdateMgr: result stat : NONE
05-18 00:31:29.556 28165 28165 I GWT:AppWidgetReceiver: [lool] [appwidget-1.1.19] onReceive: action=com.sec.android.intent.action.WALLPAPER_CHANGED this=com.samsung.android.sm.widgetapp.SMWidgetComplex
05-18 00:31:29.556 28165 28165 I SmWidget.Provider: ----onReceive---- : com.sec.android.intent.action.WALLPAPER_CHANGED
05-18 00:31:29.556 18342  8778 I SamsungCalendar$CrossProfileCalendar: isAcrossProfilesGranted : false(3)
05-18 00:31:29.556 18342 18342 I DexWidgetReceiver: onReceive : action = com.sec.android.intent.action.WALLPAPER_CHANGED
05-18 00:31:29.556 18342 18342 I SamsungCalendar$ViewModelImpl: getDataListByDateByPeriod: [2026/5/18 0:31:29 - 2026/5/18 0:31:29 / false] includingReminder : true
05-18 00:31:29.557 18310   471 I Reminder$ReminderProvider: query uri [content://com.samsung.android.app.reminder/open/reminder_time_view] from com.samsung.android.calendar
05-18 00:31:29.557 18310   471 I Reminder$ReminderProviderUtils: [getIdSelection] uri match failed: ((remind_time >= 1777244400000 AND remind_time < 1780354800000) OR (start_time >= 1777244400000 AND start_time < 1780354800000) OR (end_time >= 1777244400000 AND end_time < 1780354800000)) AND visible = 1 AND is_deleted_for_cloud=0 AND is_deleted_for_gear=0 AND is_deleted_for_group_share=0
05-18 00:31:29.557 18342  8784 I SamsungCalendar$CrossProfileCalendar: isAcrossProfilesGranted : false(3)
05-18 00:31:29.557 28165 28165 I SMWidgetUtils: getInstalledWidgetIds : 2
05-18 00:31:29.557 28165 28165 W ContextImpl: Calling a method in the system process without a qualified user: android.app.ContextImpl.startService:2068 android.content.ContextWrapper.startService:872 hd.c.b:28 jh.u.onReceive:74 android.app.ActivityThread.handleReceiver:5586
05-18 00:31:29.557 18342 18342 I GWT:AppWidgetReceiver: [calendar] [appwidget-1.1.21] onReceive: action=com.sec.android.intent.action.WALLPAPER_CHANGED this=com.android.calendar.widget.today.TodayWidgetProvider
05-18 00:31:29.557 18342 18342 I SamsungCalendar$TodayWidgetProvider: onReceive : action = com.sec.android.intent.action.WALLPAPER_CHANGED | widgetId = 0
05-18 00:31:29.557 18310 18534 I Reminder$ReminderProvider: query uri [content://com.samsung.android.app.reminder/open/reminder_time_view] from com.samsung.android.calendar
05-18 00:31:29.557 18310 18534 I Reminder$ReminderProviderUtils: [getIdSelection] uri match failed: ((remind_time >= 1779058800000 AND remind_time < 1780268400000) OR (start_time >= 1779058800000 AND start_time < 1780268400000) OR (end_time >= 1779058800000 AND end_time < 1780268400000)) AND visible = 1 AND is_deleted_for_cloud=0 AND is_deleted_for_gear=0 AND is_deleted_for_group_share=0
05-18 00:31:29.557 18342 18342 I SamsungCalendar$TodayWidgetProvider: widgetId: 62 | noSelectedCalendars: false
05-18 00:31:29.557 18342 18342 I SamsungCalendar$ViewModelImpl: getDataListByDateByPeriod: [2026/5/18 0:31:29 - 2026/5/18 0:31:29 / false] includingReminder : true
05-18 00:31:29.557 18342  8779 I SamsungCalendar$ViewModelImpl: Reminder data query complete
05-18 00:31:29.558 28165 28165 I SmWidget.Glance.Service: onStartCommand(): com.samsung.android.sm.DELAYED_WIDGET_UPDATE
05-18 00:31:29.558 18342  8781 I SamsungCalendar$ViewModelImpl: Reminder data query complete
05-18 00:31:29.558 28165 28165 I GWT:AppWidgetReceiver: [lool] [appwidget-1.1.19] onReceive: action=com.sec.android.intent.action.WALLPAPER_CHANGED this=com.samsung.android.sm.widgetapp.SMGlanceWidgetProvider
05-18 00:31:29.558 28165 28165 I SmWidget.Provider: ----onReceive---- : com.sec.android.intent.action.WALLPAPER_CHANGED
05-18 00:31:29.558 28165 28165 I SMWidgetUtils: getInstalledWidgetIds : 2
05-18 00:31:29.558 28165 28165 W ContextImpl: Calling a method in the system process without a qualified user: android.app.ContextImpl.startService:2068 android.content.ContextWrapper.startService:872 hd.c.b:28 jh.u.onReceive:74 android.app.ActivityThread.handleReceiver:5586
05-18 00:31:29.558 18310   471 I Reminder$ReminderProvider: query uri [content://com.samsung.android.app.reminder/open/reminder_time_view] from com.samsung.android.calendar
05-18 00:31:29.558 22446 22671 I ActivityManager: Changes in 10355 11 to 19, 128 to 0
05-18 00:31:29.558 18310   471 I Reminder$ReminderProviderUtils: [getIdSelection] uri match failed: ((remind_time >= 1779058800000 AND remind_time < 1779145200000) OR (start_time >= 1779058800000 AND start_time < 1779145200000) OR (end_time >= 1779058800000 AND end_time < 1779145200000)) AND visible = 1 AND is_deleted_for_cloud=0 AND is_deleted_for_gear=0 AND is_deleted_for_group_share=0
05-18 00:31:29.558 22446 22671 I ActivityManager: Changes in 10346 11 to 19, 128 to 0
05-18 00:31:29.558 22446 22671 I ActivityManager: Changes in 10117 11 to 19, 128 to 0
05-18 00:31:29.558 18342  8779 I SamsungCalendar$CrossProfileCalendar: isAcrossProfilesGranted : false(3)
05-18 00:31:29.559 18310 18534 I Reminder$ReminderProvider: query uri [content://com.samsung.android.app.reminder/open/reminder_time_view] from com.samsung.android.calendar
05-18 00:31:29.559 18310 18534 I Reminder$ReminderProviderUtils: [getIdSelection] uri match failed: ((remind_time >= 1779058800000 AND remind_time < 1779145200000) OR (start_time >= 1779058800000 AND start_time < 1779145200000) OR (end_time >= 1779058800000 AND end_time < 1779145200000)) AND visible = 1 AND is_deleted_for_cloud=0 AND is_deleted_for_gear=0 AND is_deleted_for_group_share=0
05-18 00:31:29.559 18310 18310 I Reminder$ReminderCache: trimMemory 40
05-18 00:31:29.559 18310 18310 I Reminder$ReminderCache: trimMemory 40
05-18 00:31:29.559 18286 18286 I SENL$MemoApplication$ActivityLifecycleTracker: onTrimMemory, level : 40
05-18 00:31:29.559 18286 18286 I SENL$MemoApplication: onTrimMemory: 40
05-18 00:31:29.559 18342 18342 I SamsungCalendar$CalendarApplication: onTrimMemory level : 40
05-18 00:31:29.559 28165 28165 I SmWidget.Glance.Service: onStartCommand(): com.samsung.android.sm.DELAYED_WIDGET_UPDATE
05-18 00:31:29.559 18342  8787 I SamsungCalendar$ViewModelImpl: Reminder data query complete
05-18 00:31:29.559 22446 22731 I ActivityManager: Changes in 5009 10 to 10, 128 to 0
05-18 00:31:29.559 18342  8785 I SamsungCalendar$ViewModelImpl: Reminder data query complete
05-18 00:31:29.561 18342  8776 I SamsungCalendar$ViewModelImpl: Time to check attached files : 0
05-18 00:31:29.561 18342  8777 I SamsungCalendar$ViewModelImpl: Time to check attached files : 0
05-18 00:31:29.561 18342  8778 I SamsungCalendar$ViewModelImpl: Time to check attached files : 0
05-18 00:31:29.561 18342  8778 I SamsungCalendar$ViewModelImpl: Query period : [2026/5/18 0:31:29 - 2026/5/18 0:31:29 / false], E : 0 (H : 0), T : 0, R : 0, C : 0
05-18 00:31:29.561 18342  8784 I SamsungCalendar$ViewModelImpl: Time to check attached files : 0
05-18 00:31:29.561 18342  8784 I SamsungCalendar$ViewModelImpl: Query period : [2026/5/18 0:31:29 - 2026/5/18 0:31:29 / false], E : 0 (H : 0), T : 0, R : 0, C : 0
05-18 00:31:29.561 18342 18342 I SamsungCalendar$TodayWidgetProvider: widgetId: 62 | eventSize: 0
05-18 00:31:29.561 22446 22731 D WifiDisplayAdapter: isFitToActiveDisplayLocked : false
05-18 00:31:29.561 18342 18342 I SamsungCalendar$WidgetDarkModeUtils: darkModeStatus from bundle : 16
05-18 00:31:29.562 18342 18342 I WeekdayColorParser: getWeekdayString weekdayString empty :
05-18 00:31:29.562 18342 18342 E SpannableStringBuilder: SPAN_EXCLUSIVE_EXCLUSIVE spans cannot have a zero length
05-18 00:31:29.562 18342 18342 E SpannableStringBuilder: SPAN_EXCLUSIVE_EXCLUSIVE spans cannot have a zero length
05-18 00:31:29.562 18342 18342 E SpannableStringBuilder: SPAN_EXCLUSIVE_EXCLUSIVE spans cannot have a zero length
05-18 00:31:29.562 18342 18342 E SpannableStringBuilder: SPAN_EXCLUSIVE_EXCLUSIVE spans cannot have a zero length
05-18 00:31:29.562 18342  8777 I SamsungCalendar$ViewModelImpl: Query period : [2026/5/18 0:0:0 - 2026/5/31 0:0:0 / false], E : 11 (H : 0), T : 0, R : 0, C : 0
05-18 00:31:29.562 18342  8776 I SamsungCalendar$ViewModelImpl: Query period : [2026/4/27 0:0:0 - 2026/6/1 0:0:0 / false], E : 21 (H : 0), T : 0, R : 0, C : 0
05-18 00:31:29.563 18342 18342 I SamsungCalendar$ListWidgetAdapterModelImpl: updateData
05-18 00:31:29.563 18342 18342 I SamsungCalendar$Holiday: [LegalHolidayInitializer] LegalHoliday is not supported.
05-18 00:31:29.563 22446 24366 I AppWidgetServiceImpl: cannot find widget for appWidgetId=0 uid=10355 packageName=com.samsung.android.calendar
05-18 00:31:29.563 22446 24366 I AppWidgetServiceImpl: cannot find widget for appWidgetId=0 uid=10355 packageName=com.samsung.android.calendar
05-18 00:31:29.563 18342 18342 I SamsungCalendar$WidgetUtils: WidgetSize column: 0 row: 0
05-18 00:31:29.564 22446 22731 D WifiDisplayAdapter: isFitToActiveDisplayLocked : false
05-18 00:31:29.564 22446 22731 I AppWidgetServiceImpl: cannot find widget for appWidgetId=0 uid=10355 packageName=com.samsung.android.calendar
05-18 00:31:29.564 22446 22731 I AppWidgetServiceImpl: cannot find widget for appWidgetId=0 uid=10355 packageName=com.samsung.android.calendar
05-18 00:31:29.565 18342 18342 I SamsungCalendar$WidgetUtils: WidgetSize column: 0 row: 0
05-18 00:31:29.565 18342 18342 I SamsungCalendar$ViewModelImpl: getDataListByDateByPeriod: [2026/5/18 0:31:29 - 2026/5/19 0:31:29 / false] includingReminder : true
05-18 00:31:29.565 18342  8783 I SamsungCalendar$CrossProfileCalendar: isAcrossProfilesGranted : false(3)
05-18 00:31:29.565 18342 18342 I GWT:GlanceStateDefinition: [calendar] getDataStore: appWidget-62, file exist: true, PreferenceStateDefinition type: true
05-18 00:31:29.566 18310   471 I Reminder$ReminderProvider: query uri [content://com.samsung.android.app.reminder/open/reminder_time_view] from com.samsung.android.calendar
05-18 00:31:29.566 18310   471 I Reminder$ReminderProviderUtils: [getIdSelection] uri match failed: ((remind_time >= 1779058800000 AND remind_time < 1779231600000) OR (start_time >= 1779058800000 AND start_time < 1779231600000) OR (end_time >= 1779058800000 AND end_time < 1779231600000)) AND visible = 1 AND is_deleted_for_cloud=0 AND is_deleted_for_gear=0 AND is_deleted_for_group_share=0
05-18 00:31:29.566 18342  8781 I SamsungCalendar$ViewModelImpl: Reminder data query complete
05-18 00:31:29.566 18342  8786 I Kumiho-Kumiho: getPackageName: com.samsung.android.calendar
05-18 00:31:29.566 18342  8780 I SamsungCalendar$ViewModelImpl: Time to check attached files : 0
05-18 00:31:29.566 18342  8780 I SamsungCalendar$ViewModelImpl: Query period : [2026/5/18 0:31:29 - 2026/5/19 0:31:29 / false], E : 1 (H : 0), T : 0, R : 0, C : 0
05-18 00:31:29.566 18342 18342 I SamsungCalendar$ViewModelImpl: getDataListByDateByPeriod: [2026/5/19 0:31:29 - 2026/5/19 0:31:29 / false] includingReminder : true
05-18 00:31:29.567 22446 24366 I AppWidgetServiceImpl: getAppWidgetInfo() 62, from 0
05-18 00:31:29.567 18342  8779 I SamsungCalendar$CrossProfileCalendar: isAcrossProfilesGranted : false(3)
05-18 00:31:29.567 18310   471 I Reminder$ReminderProvider: query uri [content://com.samsung.android.app.reminder/open/reminder_time_view] from com.samsung.android.calendar
05-18 00:31:29.567 18310   471 I Reminder$ReminderProviderUtils: [getIdSelection] uri match failed: ((remind_time >= 1779145200000 AND remind_time < 1779231600000) OR (start_time >= 1779145200000 AND start_time < 1779231600000) OR (end_time >= 1779145200000 AND end_time < 1779231600000)) AND visible = 1 AND is_deleted_for_cloud=0 AND is_deleted_for_gear=0 AND is_deleted_for_group_share=0
05-18 00:31:29.567 18342  8777 I SamsungCalendar$ViewModelImpl: Reminder data query complete
05-18 00:31:29.568 18342 18342 I GWT:SessionManager: [calendar] isSessionRunning(appWidget-62)==false(false, false)
05-18 00:31:29.568 18342 18342 I GWT:AppWidget: [calendar] Update AppWidgetId(appWidgetId=62) widget / isRunning : false
05-18 00:31:29.568 18342  8787 I SamsungCalendar$ViewModelImpl: Time to check attached files : 0
05-18 00:31:29.568 18342  8787 I SamsungCalendar$ViewModelImpl: Query period : [2026/5/19 0:31:29 - 2026/5/19 0:31:29 / false], E : 1 (H : 0), T : 0, R : 0, C : 0
05-18 00:31:29.568 18342 18342 I SamsungCalendar$ViewModelImpl: getDataListByDateByPeriod: [2026/5/18 0:31:29 - 2026/5/18 0:31:29 / false] includingReminder : true
05-18 00:31:29.568 18342  8783 I SamsungCalendar$CrossProfileCalendar: isAcrossProfilesGranted : false(3)
05-18 00:31:29.568 18310   471 I Reminder$ReminderProvider: query uri [content://com.samsung.android.app.reminder/open/reminder_time_view] from com.samsung.android.calendar
05-18 00:31:29.568 18310   471 I Reminder$ReminderProviderUtils: [getIdSelection] uri match failed: ((remind_time >= 1779058800000 AND remind_time < 1779145200000) OR (start_time >= 1779058800000 AND start_time < 1779145200000) OR (end_time >= 1779058800000 AND end_time < 1779145200000)) AND visible = 1 AND is_deleted_for_cloud=0 AND is_deleted_for_gear=0 AND is_deleted_for_group_share=0
05-18 00:31:29.569 18342  8780 I SamsungCalendar$ViewModelImpl: Reminder data query complete
05-18 00:31:29.569 18342  8781 I SamsungCalendar$ViewModelImpl: Time to check attached files : 0
05-18 00:31:29.569 18342  8778 I SamsungCalendar$ViewModelImpl: Query period : [2026/5/18 0:31:29 - 2026/5/18 0:31:29 / false], E : 0 (H : 0), T : 0, R : 0, C : 0
05-18 00:31:29.569 22446 22731 I AppWidgetServiceImpl: cannot find widget for appWidgetId=0 uid=10355 packageName=com.samsung.android.calendar
05-18 00:31:29.569 18342  8786 I Kumiho-Kumiho: getPackageName: com.samsung.android.calendar
05-18 00:31:29.569 18342  8786 I Kumiho-Kumiho: getPackageName: com.samsung.android.calendar
05-18 00:31:29.571 18342 18385 W JobInfo : Requested important-while-foreground flag for job12043 is ignored and takes no effect
05-18 00:31:29.572 18342  8786 I Kumiho-Kumiho: getPackageName: com.samsung.android.calendar
05-18 00:31:29.572 18342  8786 I Kumiho-Kumiho: getPackageName: com.samsung.android.calendar
05-18 00:31:29.572 22446 24366 I AppWidgetServiceImpl: cannot find widget for appWidgetId=0 uid=10355 packageName=com.samsung.android.calendar
05-18 00:31:29.573 22446 22731 I ActivityManager: Changes in 10355 19 to 8, 0 to 128
05-18 00:31:29.573 22446 22731 I ActivityManager: Changes in 10346 19 to 8, 0 to 128
05-18 00:31:29.573 22446 22731 I ActivityManager: Changes in 10117 19 to 8, 0 to 128
05-18 00:31:29.575 18342  8786 I Kumiho-Kumiho: getPackageName: com.samsung.android.calendar
05-18 00:31:29.575 18342  8786 I Kumiho-Kumiho: getPackageName: com.samsung.android.calendar
05-18 00:31:29.575 22446 24366 I AppWidgetServiceImpl: cannot find widget for appWidgetId=0 uid=10355 packageName=com.samsung.android.calendar
05-18 00:31:29.577 18342  8786 I Kumiho-Kumiho: getPackageName: com.samsung.android.calendar
05-18 00:31:29.577 18342  8786 I Kumiho-Kumiho: getPackageName: com.samsung.android.calendar
05-18 00:31:29.578 22446 24366 D AppWidgetServiceImpl: com.android.calendar.widget.list.ListWidgetProvider preview API Record : 2 / 174871624
05-18 00:31:29.578 22446 24366 D AppWidgetServiceImpl: All preview data has been used for preview state / preview size : 3 / 26, 1
05-18 00:31:29.578 22446 24366 D AppWidgetServiceImpl: updateTemplatePreviewCategoriesLocked 26, 8
05-18 00:31:29.578 22446 24366 D AppWidgetServiceImpl: com.android.calendar.widget.list.ListWidgetProvider preview API Record : 1 / 178473036
05-18 00:31:29.578 22446 24366 D AppWidgetServiceImpl: All preview data has been used for preview state / preview size : 1 / 8, 2
05-18 00:31:29.578 22446 24366 D AppWidgetServiceImpl: updateTemplatePreviewCategoriesLocked 26, 8
05-18 00:31:29.579 18342  8786 I Kumiho-Kumiho: getPackageName: com.samsung.android.calendar
05-18 00:31:29.579 18342  8786 I Kumiho-Kumiho: getPackageName: com.samsung.android.calendar
05-18 00:31:29.579 18342 18342 I GWT:SessionManager: [calendar] startSession appWidget-62 ENQUEUED + RUNNING : 1 / 1
05-18 00:31:29.580 18342 18342 I GWT:GlanceStateDefinition: [calendar] getDataStore: preview-g-small, file exist: true, PreferenceStateDefinition type: true
05-18 00:31:29.581 18342 18342 I GWT:SessionWorker: [calendar] doWork appWidget-62 start 0
05-18 00:31:29.581 18342 18342 I GWT:GlanceStateDefinition: [calendar] getDataStore: appWidget-62, file exist: true, PreferenceStateDefinition type: true
05-18 00:31:29.581 18342  8786 I Kumiho-Kumiho: getPackageName: com.samsung.android.calendar
05-18 00:31:29.581 22446 24366 I AppWidgetServiceImpl: getAppWidgetInfo() 62, from 0
05-18 00:31:29.581 18342  8786 I Kumiho-Kumiho: getPackageName: com.samsung.android.calendar
05-18 00:31:29.582 18342 18342 I GWT:GlanceStateDefinition: [calendar] getDataStore: preview-g-medium, file exist: true, PreferenceStateDefinition type: true
05-18 00:31:29.582 18342 18342 I GWT:GlanceStateDefinition: [calendar] getDataStore: preview-g-large, file exist: true, PreferenceStateDefinition type: true
05-18 00:31:29.583 18342 18342 I GWT:PreviewState: [calendar] isUpdateAvailable : true
05-18 00:31:29.584 18342 18342 I GWT:PreviewState: [calendar] request update preview size / mixed
05-18 00:31:29.584 18342 18342 I GWT:PreviewState: [calendar] updateAppWidgetPreview / Da.g@2bb6571, class com.android.calendar.widget.today.TodayWidgetProvider, AppWidgetProviderInfo(UserHandle{0}/ComponentInfo{com.samsung.android.calendar/com.android.calendar.widget.today.TodayWidgetProvider})
05-18 00:31:29.584 18342 18342 I GWT:GlanceStateDefinition: [calendar] getDataStore: preview-g-small, file exist: true, PreferenceStateDefinition type: true
05-18 00:31:29.584 18342  8786 I Kumiho-Kumiho: getPackageName: com.samsung.android.calendar
05-18 00:31:29.584 18342  8786 I Kumiho-Kumiho: getPackageName: com.samsung.android.calendar
05-18 00:31:29.584 18342 18342 I GWT:GlanceStateDefinition: [calendar] getDataStore: preview-g-medium, file exist: true, PreferenceStateDefinition type: true
05-18 00:31:29.585 18342 18342 I GWT:GlanceStateDefinition: [calendar] getDataStore: preview-g-large, file exist: true, PreferenceStateDefinition type: true
05-18 00:31:29.585 18342 18342 I GWT:CoroutineSession: [calendar] runComposition Da.g widget / l2.o@918cf56
05-18 00:31:29.585 18342 18342 I GWT:GlanceStateDefinition: [calendar] getDataStore: preview-g-small, file exist: true, PreferenceStateDefinition type: true
05-18 00:31:29.585 18342 18342 I GWT:GlanceStateDefinition: [calendar] getDataStore: preview-g-medium, file exist: true, PreferenceStateDefinition type: true
05-18 00:31:29.585 18342 18342 I GWT:GlanceStateDefinition: [calendar] getDataStore: preview-g-large, file exist: true, PreferenceStateDefinition type: true
05-18 00:31:29.587 18342  8786 I Kumiho-Kumiho: getPackageName: com.samsung.android.calendar
05-18 00:31:29.587 22446 22731 D ActivityManager: sync unfroze 25413 com.samsung.android.stickercenter for 7
05-18 00:31:29.588 25413  4934 I StickerCenter: StickerProvider query():: uri=content://com.samsung.android.stickercenter.provider/sticker/TypeE/*, projection?=true, selection=null, selectionArgs?=false sortOrder : null
05-18 00:31:29.590 25413  4934 E StickerCenter: StickerRepository There is no result of query. return null
05-18 00:31:29.590 25413  4934 I StickerCenter: StickerProvider query():: uri=content://com.samsung.android.stickercenter.provider/sticker/TypeB2/*, projection?=true, selection=null, selectionArgs?=false sortOrder : null
