05-18 01:23:02.768 22092 22102 I PAL: API: pal_set_param: 1377: Enter: param id 3002
05-18 01:23:02.768 22092 22102 I PAL: ResourceManager: getActiveStream_l: 6569: no active streams found for device 3 ret -2
05-18 01:23:02.769 22086 22850 E ConversionHelperAidl: Function: parseAndSetVendorParameters Line: 94 Failed
05-18 01:23:02.769 22086 22850 E ConversionHelperAidl: Function: parseAndSetVendorParameters Line: 94 Failed
05-18 01:23:02.769 24930 26001 I AudioManager: setParameters keyValuePairs = g_hw_speaker_amp_temp_rcv=32
05-18 01:23:02.770 22086 22850 D AudioFlinger: setParameters: filtered dev setParameters keyvalue g_hw_speaker_amp_temp_rcv=32
05-18 01:23:02.770 22092 24232 D AHAL_HFP_QTI: hfp_set_parameters enter
05-18 01:23:02.770 22092 24232 D AHAL_HFP_QTI: hfp_set_parameters Exit
05-18 01:23:02.770 22092 24232 D AHAL_SecModulePrimary: processSetVendorParameters: configured g_hw_speaker_amp_temp_rcv
05-18 01:23:02.770 22092 24232 D AHAL_SecModulePrimary: processSetVendorParameters: handler set on Feature:0
05-18 01:23:02.770 22092 24232 D AHAL_SecModulePrimary: onSetSECGenericParameters set temperature for g_hw_speaker_amp_temp_rcv: 32
05-18 01:23:02.770 22092 24232 I PAL: API: pal_set_param: 1377: Enter: param id 3001
05-18 01:23:02.770 22092 24232 I PAL: ResourceManager: getActiveStream_l: 6569: no active streams found for device 3 ret -2
05-18 01:23:02.772 22086 22850 E ConversionHelperAidl: Function: parseAndSetVendorParameters Line: 94 Failed
05-18 01:23:02.772 22086 22850 E ConversionHelperAidl: Function: parseAndSetVendorParameters Line: 94 Failed
05-18 01:23:03.129  1812 12252 I sensors-hal: handle_sns_std_sensor_event:90, light_cct: ts = 181566584288661 ns; value = [9, 9, 127, 153, 0, 408, 235, 2, 27648, 15, 1]
05-18 01:23:03.351 22446 22819 D InetDiagMessage: Destroyed 0 sockets, proto=IPPROTO_TCP, family=AF_INET, states=14
05-18 01:23:03.356 22446 22819 D InetDiagMessage: Destroyed 2 sockets, proto=IPPROTO_TCP, family=AF_INET6, states=14
05-18 01:23:03.356 22446 22819 D InetDiagMessage: Destroyed live tcp sockets for uids={10431} in 9ms
05-18 01:23:03.358 22446 22819 D InetDiagMessage: Destroyed 0 sockets, proto=IPPROTO_TCP, family=AF_INET, states=14
05-18 01:23:03.362 22446 22819 D InetDiagMessage: Destroyed 0 sockets, proto=IPPROTO_TCP, family=AF_INET6, states=14
05-18 01:23:03.362 22446 22819 D InetDiagMessage: Destroyed live tcp sockets for uids={20431} in 6ms
05-18 01:23:03.561  1083  1083 D io_stats: !@   8,0 r 30081009 844087796 w 7356003 138157752 d 1142144 242777332 f 118889 410859 iot 2520508 0 th 0 0 0 pt 0 inp 0 0 119477.961
05-18 01:23:03.561  1083  1083 D io_stats: !@ Read_top(KB): com.tplink.tpm5:low(7746) 48
05-18 01:23:03.561  1083  1083 D io_stats: !@ Write_top(KB): nordvpn.android:low(30259) 288 f2fs_ckpt-254:6:/(1411) 184 kworker/u17:4:/(21308) 140
05-18 01:23:03.588 23031 23167 D SatelliteController: isInCarrierRoamingNbIotNtn: satellite is disabled
05-18 01:23:03.589 23031 23167 V SatelliteController: getWwanIsInService: return true
05-18 01:23:03.767 22113 22557 I thermal_core: pivot(AP) : 394, skin : 389
05-18 01:23:03.767 22113 22557 I vendor.samsung.hardware.thermal-service: index = 5.200000
05-18 01:23:03.767 22113 22557 I vendor.samsung.hardware.thermal-service: 1 / 2
05-18 01:23:03.781  1871  1954 E BatteryDump: !@new_battery_dump : 3983,520,1100,1800,58,359,354,393,359,0,389,393,360,Charging,NO_CHARGING,Normal,Good,PDIC,0,Normal,0,0,10287,0x8000,0x10010000,0x0,0,0,411,v0004,0,1/1-5000-0-3000,0000,0000,00000000,3983,4014,0,305,215,0,233,0,576,990,0,
05-18 01:23:03.783 22113 22113 I seh_thermal_service: getTemperaturesWithType SehTemperatureType: 3
05-18 01:23:03.783  1871  1871 I sehhealth-service: updateLrpSysfs: write: 389
05-18 01:23:03.783 22446 29032 V [SS]SleepChargingTimeController: [isActivated]mSleepChargingStatus isNowSessionTime False => false
05-18 01:23:04.390 22446 22922 I SemWifiServiceDetector: Service det. suspended: T / T / 14636
05-18 01:23:04.583 22446 22988 D NetdEventListenerService: DNS Requested by 171, 10366(com.spotify.music), 4(FAIL), isBlocked=true, 0ms
05-18 01:23:04.770 22113 22557 I thermal_core: pivot(AP) : 394, skin : 389
05-18 01:23:04.770 22113 22557 I vendor.samsung.hardware.thermal-service: index = 5.400000
05-18 01:23:04.770 22113 22557 I vendor.samsung.hardware.thermal-service: 2 / 2
05-18 01:23:04.815 22092 24232 D AHAL_ModulePrimary_QTI: getVendorParameters: id count: 1
05-18 01:23:04.815 22092 24232 I PAL: ResourceManager: getActiveStream_l: 6569: no active streams found for device 3 ret -2
05-18 01:23:04.815 22092 24232 D AHAL_SecModulePrimary: onGetSECGenericParameters get temperature for g_hw_speaker_amp_temp_rcv: 0
05-18 01:23:04.815 22092 22102 D AHAL_ModulePrimary_QTI: getVendorParameters: id count: 1
05-18 01:23:04.815 22092 22102 I PAL: ResourceManager: getActiveStream_l: 6569: no active streams found for device 3 ret -2
05-18 01:23:04.815 22092 22102 D AHAL_SecModulePrimary: onGetSECGenericParameters get temperature for g_hw_speaker_amp_temp_spk: 0
05-18 01:23:04.817 24930 26001 I SDHMS:x : SIOP:: AP:394 BAT:359 USB:354 CHG:393 PA:388 CP:388 WIFI:395 CF:393 BLK:0 SUBBAT:360 LRPTHM:377 SKIN:383 SKINF:388 SKINB:389 LRP:383 LRF:388 LRB:389 APT:388 APR:389 RCV:325 SPK:325 CAPR:383 CRCV:324 CSPK:334 CAMT:390 UPSPK:360 DNSPK:360 VAP02:396 VAP05:394 AMB2:311 HIGH:0 AVGCUR:724 AVGSYS:394 POWER:2890
05-18 01:23:04.817 24930 26001 I AudioManager: setParameters keyValuePairs = g_hw_speaker_amp_temp_spk=33
05-18 01:23:04.818 22086 22850 D AudioFlinger: setParameters: filtered dev setParameters keyvalue g_hw_speaker_amp_temp_spk=33
05-18 01:23:04.818 22092 22102 D AHAL_HFP_QTI: hfp_set_parameters enter
05-18 01:23:04.818 22092 22102 D AHAL_HFP_QTI: hfp_set_parameters Exit
05-18 01:23:04.819 22092 22102 D AHAL_SecModulePrimary: processSetVendorParameters: configured g_hw_speaker_amp_temp_spk
05-18 01:23:04.819 22092 22102 D AHAL_SecModulePrimary: processSetVendorParameters: handler set on Feature:0
05-18 01:23:04.819 22092 22102 D AHAL_SecModulePrimary: onSetSECGenericParameters set temperature for g_hw_speaker_amp_temp_spk: 33
05-18 01:23:04.819 22092 22102 I PAL: API: pal_set_param: 1377: Enter: param id 3002
05-18 01:23:04.819 22092 22102 I PAL: ResourceManager: getActiveStream_l: 6569: no active streams found for device 3 ret -2
05-18 01:23:04.820 22086 22850 E ConversionHelperAidl: Function: parseAndSetVendorParameters Line: 94 Failed
05-18 01:23:04.820 22086 22850 E ConversionHelperAidl: Function: parseAndSetVendorParameters Line: 94 Failed
05-18 01:23:04.821 24930 26001 I AudioManager: setParameters keyValuePairs = g_hw_speaker_amp_temp_rcv=32
05-18 01:23:04.821 22086 22850 D AudioFlinger: setParameters: filtered dev setParameters keyvalue g_hw_speaker_amp_temp_rcv=32
05-18 01:23:04.822 22092 24232 D AHAL_HFP_QTI: hfp_set_parameters enter
05-18 01:23:04.822 22092 24232 D AHAL_HFP_QTI: hfp_set_parameters Exit
05-18 01:23:04.822 22092 24232 D AHAL_SecModulePrimary: processSetVendorParameters: configured g_hw_speaker_amp_temp_rcv
05-18 01:23:04.822 22092 24232 D AHAL_SecModulePrimary: processSetVendorParameters: handler set on Feature:0
05-18 01:23:04.822 22092 24232 D AHAL_SecModulePrimary: onSetSECGenericParameters set temperature for g_hw_speaker_amp_temp_rcv: 32
05-18 01:23:04.822 22092 24232 I PAL: API: pal_set_param: 1377: Enter: param id 3001
05-18 01:23:04.822 22092 24232 I PAL: ResourceManager: getActiveStream_l: 6569: no active streams found for device 3 ret -2
05-18 01:23:04.823 22086 22850 E ConversionHelperAidl: Function: parseAndSetVendorParameters Line: 94 Failed
05-18 01:23:04.823 22086 22850 E ConversionHelperAidl: Function: parseAndSetVendorParameters Line: 94 Failed
05-18 01:23:04.971 22446 22954 D WifiConnectivityMonitor.NetworkStatsAnalyzer: Backhaul result - RSSI:-41, CE:7, PE:7, TI:12, PTI:12, TW:0, PTW:0, Tx:49, Rx:56, TxS:43, RxS:32, RESULT:true, IC:0, ICT:5, WC:0, WCT:5, R:4, RC:0, IE:0, EC:0
05-18 01:23:05.069 22446 22799 E WifiStaIfaceAidlImpl: getCachedScanData failed with service-specific exception: android.os.ServiceSpecificException:  (code 4)
05-18 01:23:05.071 22446 27495 D SemWifiUsabilityStatsMonitor: onWifiUsabilityStats - seqNum 30450, isSameBssidAndFreq true
05-18 01:23:05.072 22446 22924 I SemWifiLinkQualityMonitor: Link stat: 257 / 21 / 1.50 (3) / 5187 / -44.0 || 100.0 : 5187.00 / 0.5 : 0.67 / 0.55 : 0.08 / G (G) || fe7926386295: 0.238 / 33.570 / N || N N / 0 0 / N 2.0 / N X 2 / 119479471 0 || 2026-05-18 01:23:04  / 0: 0 0 0 0 0 0 / 0: 0 0 0 0 0 0 / 0: 0 0 0 0 0 0
05-18 01:23:05.072 22446 22925 D InsDataManager: onOutageCountUpdate() - Outage Data: 0, LQ : N. Outage Triggered: false
05-18 01:23:05.073 22446 22925 D SemInsManager: {"bssid": "fe7926386295","rssi": -44.0,"latency": 0.23830497364663283,"outage_count": 0,"lq_callback_triggered": false,"outage_log": "Link stat: 257 / 21 / 1.50 (3) / 5187 / -44.0 || 100.0 : 5187.00 / 0.5 : 0.67 / 0.55 : 0.08 / G (G) || fe7926386295: 0.238 / 33.570 / N || N N / 0 0 / N 2.0 / N X 2 / 119479471 0 || 2026-05-18 01:23:04  / 0: 0 0 0 0 0 0 / 0: 0 0 0 0 0 0 / 0: 0 0 0 0 0 0""Magnetic Sensor Events size": "0""Pressure Sensor Events size": "0"}
05-18 01:23:05.073 22446 22942 D SGM:GameManager: identifyGamePackage. com.tiarnanlarkin.danio, mCurrentUserId: 0, callingMethodInfo: com.samsung.android.game.SemGameManager.isGamePackage(SemGameManager.java:105)
05-18 01:23:05.073 22446 22942 D SGM:SemGameManager: isGamePackage(), pkgName=com.tiarnanlarkin.danio, ret=false
05-18 01:23:05.482 22446 22547 I system_server: Background concurrent mark compact GC freed 45MB AllocSpace bytes, 181(3828KB) LOS objects, 22% free, 166MB/214MB, paused 1.824ms,7.409ms total 511.281ms
05-18 01:23:05.495 22446 22548 I BpBinder: onLastStrongRef automatically unlinking death recipients:
05-18 01:23:05.561  1083  1083 D io_stats: !@   8,0 r 30081010 844087860 w 7356005 138157760 d 1142144 242777332 f 118889 410859 iot 2520512 0 th 0 0 0 pt 0 inp 0 0 119479.961
05-18 01:23:05.690  1812 12252 I sensors-hal: handle_sns_std_sensor_event:90, light_cct: ts = 181569144287463 ns; value = [9, 9, 127, 153, 0, 408, 235, 2, 27616, 0, 1]
05-18 01:23:05.818 22113 22557 I thermal_core: pivot(AP) : 396, skin : 389
05-18 01:23:05.818 22113 22557 I vendor.samsung.hardware.thermal-service: index = 5.800000
05-18 01:23:05.818 22113 22557 I vendor.samsung.hardware.thermal-service: 1 / 2
