05-25 02:09:21.261   755   906 I HalDevMgr: bestIfaceCreationProposal is null, requestIface=STA, existingIface=[name=wlan0 type=STA]
05-25 02:09:23.808  1139  1263 D SatelliteController: iisInCarrierRoamingNbIotNtn: satellite is disabled
05-25 02:09:23.808   755  2150 W libbinder.IPCThreadState: Sending oneway calls to frozen process.
05-25 02:09:23.808  1139  1263 D SatelliteController: getCarrierRoamingNtnConnectType: Falling back to global carrier config connect type: 0
05-25 02:09:24.265   755   906 I HalDevMgr: bestIfaceCreationProposal is null, requestIface=STA, existingIface=[name=wlan0 type=STA]
05-25 02:09:27.270   755   906 I HalDevMgr: bestIfaceCreationProposal is null, requestIface=STA, existingIface=[name=wlan0 type=STA]
05-25 02:09:30.277   755   906 I HalDevMgr: bestIfaceCreationProposal is null, requestIface=STA, existingIface=[name=wlan0 type=STA]
05-25 02:09:32.159  1529  1699 D PickerSyncController: Attempting to enable cloud media queries.
05-25 02:09:32.162  1529  1699 D PickerSyncLockManager: Trying to acquire lock com.android.providers.media.photopicker.sync.CloseableReentrantLock@2b95f9f[Unlocked]. Lock Name = CLOUD_SYNC_LOCK. Threads that may be waiting to acquire this lock = [] with timeout.
05-25 02:09:32.162  1529  1699 D CloseableReentrantLock: Successfully acquired lock com.android.providers.media.photopicker.sync.CloseableReentrantLock@2b95f9f[Locked by thread com.android.providers.media.internal.modules.utils.BackgroundThread]. Lock Name = CLOUD_SYNC_LOCK. Threads that may be waiting to acquire this lock = []
05-25 02:09:32.162  1529  1699 D PickerSyncLockManager: Trying to acquire lock com.android.providers.media.photopicker.sync.CloseableReentrantLock@cffd47[Unlocked]. Lock Name = CLOUD_PROVIDER_LOCK. Threads that may be waiting to acquire this lock = [] with timeout.
05-25 02:09:32.162  1529  1699 D CloseableReentrantLock: Successfully acquired lock com.android.providers.media.photopicker.sync.CloseableReentrantLock@cffd47[Locked by thread com.android.providers.media.internal.modules.utils.BackgroundThread]. Lock Name = CLOUD_PROVIDER_LOCK. Threads that may be waiting to acquire this lock = []
05-25 02:09:32.162  1529  1699 D CloseableReentrantLock: Successfully released lock com.android.providers.media.photopicker.sync.CloseableReentrantLock@cffd47[Unlocked]. Lock Name = CLOUD_PROVIDER_LOCK. Threads that may be waiting to acquire this lock = []
05-25 02:09:32.162  1529  1699 D PickerSyncLockManager: Trying to acquire lock com.android.providers.media.photopicker.sync.CloseableReentrantLock@cffd47[Unlocked]. Lock Name = CLOUD_PROVIDER_LOCK. Threads that may be waiting to acquire this lock = [] with timeout.
05-25 02:09:32.162  1529  1699 D CloseableReentrantLock: Successfully acquired lock com.android.providers.media.photopicker.sync.CloseableReentrantLock@cffd47[Locked by thread com.android.providers.media.internal.modules.utils.BackgroundThread]. Lock Name = CLOUD_PROVIDER_LOCK. Threads that may be waiting to acquire this lock = []
05-25 02:09:32.162  1529  1699 D PickerSyncController: getSyncRequestParams() CLOUD, auth=com.google.android.apps.photos.cloudpicker
05-25 02:09:32.164   755  1928 D OomAdjuster: Not killing cached processes
05-25 02:09:32.174   755  1928 D ActivityManager: sync unfroze 2368 com.google.android.apps.photos for 7
05-25 02:09:32.176   755   966 D BackgroundInstallControlService: Package event received: 0
05-25 02:09:32.188  2368  2904 W JobInfo : Requested important-while-foreground flag for job555000106 is ignored and takes no effect
05-25 02:09:32.192   755  1928 W ProcessStats: Tracking association SourceState{c5f387 system/1000 ImpBg #2124} whose proc state 6 is better than process ProcessState{1341b4b com.google.android.apps.photos/10162 pkg=com.google.android.apps.photos} proc state 14 (10 skipped)
05-25 02:09:32.198   755  1928 D ConnectivityService: requestNetwork for uid/pid:10162/2368 activeRequest: null callbackRequest: 183 [NetworkRequest [ REQUEST id=184, [ Capabilities: INTERNET&NOT_RESTRICTED&TRUSTED&NOT_VCN_MANAGED&NOT_BANDWIDTH_CONSTRAINED Uid: 10162 RequestorUid: 10162 RequestorPkg: com.google.android.apps.photos UnderlyingNetworks: Null] ]] callback flags: 0 order: 2147483647 isUidTracked: false declaredMethods: AVAIL|LOST|NC|BLK
05-25 02:09:32.200   755   916 D ConnectivityService: NetReassign [184 : null → 100] [c 1] [a 0] [i 1]
05-25 02:09:32.200   755   906 D WifiNetworkFactory: got request NetworkRequest [ REQUEST id=184, [ Capabilities: INTERNET&NOT_RESTRICTED&TRUSTED&NOT_VCN_MANAGED&NOT_BANDWIDTH_CONSTRAINED Uid: 10162 RequestorUid: 10162 RequestorPkg: com.google.android.apps.photos UnderlyingNetworks: Null] ]
05-25 02:09:32.200   755   906 D UntrustedWifiNetworkFactory: got request NetworkRequest [ REQUEST id=184, [ Capabilities: INTERNET&NOT_RESTRICTED&TRUSTED&NOT_VCN_MANAGED&NOT_BANDWIDTH_CONSTRAINED Uid: 10162 RequestorUid: 10162 RequestorPkg: com.google.android.apps.photos UnderlyingNetworks: Null] ]
05-25 02:09:32.200   755   906 D OemPaidWifiNetworkFactory: got request NetworkRequest [ REQUEST id=184, [ Capabilities: INTERNET&NOT_RESTRICTED&TRUSTED&NOT_VCN_MANAGED&NOT_BANDWIDTH_CONSTRAINED Uid: 10162 RequestorUid: 10162 RequestorPkg: com.google.android.apps.photos UnderlyingNetworks: Null] ]
05-25 02:09:32.200   755   906 D MultiInternetWifiNetworkFactory: got request NetworkRequest [ REQUEST id=184, [ Capabilities: INTERNET&NOT_RESTRICTED&TRUSTED&NOT_VCN_MANAGED&NOT_BANDWIDTH_CONSTRAINED Uid: 10162 RequestorUid: 10162 RequestorPkg: com.google.android.apps.photos UnderlyingNetworks: Null] ]
05-25 02:09:32.248  2368  5027 W libc    : Access denied finding property "ro.debuggable"
05-25 02:09:32.249  1529  1699 D PickerSyncController:    Latest ID/Gen=null/0
05-25 02:09:32.249  1529  1699 D PickerSyncController:    Cached ID/Gen=null/-1
05-25 02:09:32.249  1529  1699 D CloseableReentrantLock: Successfully released lock com.android.providers.media.photopicker.sync.CloseableReentrantLock@cffd47[Unlocked]. Lock Name = CLOUD_PROVIDER_LOCK. Threads that may be waiting to acquire this lock = []
05-25 02:09:32.249  1529  1699 D CloseableReentrantLock: Successfully released lock com.android.providers.media.photopicker.sync.CloseableReentrantLock@2b95f9f[Unlocked]. Lock Name = CLOUD_SYNC_LOCK. Threads that may be waiting to acquire this lock = []
05-25 02:09:32.249  1529  1699 D PickerSyncController: Error occurred, remaining retry count: 0
05-25 02:09:32.249  1529  1699 D PickerSyncController: java.lang.IllegalStateException: Unexpected Latest Media Collection Info: ID/Gen=null/0
05-25 02:09:32.249  1529  1699 D PickerSyncController: 	at com.android.providers.media.photopicker.PickerSyncController.getSyncRequestParamsLocked(PickerSyncController.java:1583)
05-25 02:09:32.249  1529  1699 D PickerSyncController: 	at com.android.providers.media.photopicker.PickerSyncController.getSyncRequestParams(PickerSyncController.java:1543)
05-25 02:09:32.249  1529  1699 D PickerSyncController: 	at com.android.providers.media.photopicker.PickerSyncController.maybeEnableCloudMediaQueries(PickerSyncController.java:356)
05-25 02:09:32.249  1529  1699 D PickerSyncController: 	at com.android.providers.media.photopicker.PickerSyncController.lambda$tryEnablingCloudMediaQueries$0(PickerSyncController.java:287)
05-25 02:09:32.249  1529  1699 D PickerSyncController: 	at com.android.providers.media.photopicker.PickerSyncController.$r8$lambda$igHbLHRBgFxI5G0Bp5TN28PcQJ4(PickerSyncController.java:0)
05-25 02:09:32.249  1529  1699 D PickerSyncController: 	at com.android.providers.media.photopicker.PickerSyncController$$ExternalSyntheticLambda1.run(R8$$SyntheticClass:0)
05-25 02:09:32.249  1529  1699 D PickerSyncController: 	at android.os.Handler.handleCallback(Handler.java:1070)
05-25 02:09:32.249  1529  1699 D PickerSyncController: 	at android.os.Handler.dispatchMessage(Handler.java:125)
05-25 02:09:32.249  1529  1699 D PickerSyncController: 	at android.os.Looper.dispatchMessage(Looper.java:333)
05-25 02:09:32.249  1529  1699 D PickerSyncController: 	at android.os.Looper.loopOnce(Looper.java:263)
05-25 02:09:32.249  1529  1699 D PickerSyncController: 	at android.os.Looper.loop(Looper.java:367)
05-25 02:09:32.249  1529  1699 D PickerSyncController: 	at android.os.HandlerThread.run(HandlerThread.java:139)
05-25 02:09:33.280   755   906 I HalDevMgr: bestIfaceCreationProposal is null, requestIface=STA, existingIface=[name=wlan0 type=STA]
05-25 02:09:33.808  1139  1263 D SatelliteController: iisInCarrierRoamingNbIotNtn: satellite is disabled
05-25 02:09:33.808  1139  1263 D SatelliteController: getCarrierRoamingNtnConnectType: Falling back to global carrier config connect type: 0
05-25 02:09:33.808   755  1928 W libbinder.IPCThreadState: Sending oneway calls to frozen process.
05-25 02:09:36.286   755   906 I HalDevMgr: bestIfaceCreationProposal is null, requestIface=STA, existingIface=[name=wlan0 type=STA]
05-25 02:09:38.255   755   785 D OomAdjuster: Not killing cached processes
05-25 02:09:39.291   755   906 I HalDevMgr: bestIfaceCreationProposal is null, requestIface=STA, existingIface=[name=wlan0 type=STA]
05-25 02:09:42.295   755   906 I HalDevMgr: bestIfaceCreationProposal is null, requestIface=STA, existingIface=[name=wlan0 type=STA]
05-25 02:09:43.265   755   916 D InetDiagMessage: Destroyed 0 sockets, proto=IPPROTO_TCP, family=AF_INET, states=14
05-25 02:09:43.265   755   916 D InetDiagMessage: Destroyed 0 sockets, proto=IPPROTO_TCP, family=AF_INET6, states=14
05-25 02:09:43.265   755   916 D InetDiagMessage: Destroyed live tcp sockets for uids={10162} in 1ms
05-25 02:09:43.265   755   916 D InetDiagMessage: Destroyed 0 sockets, proto=IPPROTO_TCP, family=AF_INET, states=14
05-25 02:09:43.265   755   916 D InetDiagMessage: Destroyed 0 sockets, proto=IPPROTO_TCP, family=AF_INET6, states=14
05-25 02:09:43.265   755   916 D InetDiagMessage: Destroyed live tcp sockets for uids={20162} in 0ms
05-25 02:09:43.808  1139  1263 D SatelliteController: iisInCarrierRoamingNbIotNtn: satellite is disabled
05-25 02:09:43.808   755  1931 W libbinder.IPCThreadState: Sending oneway calls to frozen process.
05-25 02:09:43.809  1139  1263 D SatelliteController: getCarrierRoamingNtnConnectType: Falling back to global carrier config connect type: 0
05-25 02:09:45.302   755   906 I HalDevMgr: bestIfaceCreationProposal is null, requestIface=STA, existingIface=[name=wlan0 type=STA]
05-25 02:09:47.244   755  1251 D OomAdjuster: Not killing cached processes
05-25 02:09:48.309   755   906 I HalDevMgr: bestIfaceCreationProposal is null, requestIface=STA, existingIface=[name=wlan0 type=STA]
05-25 02:09:51.315   755   906 I HalDevMgr: bestIfaceCreationProposal is null, requestIface=STA, existingIface=[name=wlan0 type=STA]
05-25 02:09:53.808  1139  1263 D SatelliteController: iisInCarrierRoamingNbIotNtn: satellite is disabled
05-25 02:09:53.808   755  1251 W libbinder.IPCThreadState: Sending oneway calls to frozen process.
05-25 02:09:53.809  1139  1263 D SatelliteController: getCarrierRoamingNtnConnectType: Falling back to global carrier config connect type: 0
05-25 02:09:54.320   755   906 I HalDevMgr: bestIfaceCreationProposal is null, requestIface=STA, existingIface=[name=wlan0 type=STA]
05-25 02:09:55.741   755  2150 D TelephonyManager: requestModemActivityInfo: Sending result to app: ModemActivityInfo{ mTimestamp=598249 mSleepTimeMs=42 mIdleTimeMs=14 mActivityStatsTechSpecificInfo=[{mRat=UNKNOWN,mFrequencyRange=UNKNOWN,mTxTimeMs[]=[1, 3, 6, 8, 9],mRxTimeMs=9}]}
05-25 02:09:57.325   755   906 I HalDevMgr: bestIfaceCreationProposal is null, requestIface=STA, existingIface=[name=wlan0 type=STA]
05-25 02:09:58.277   755   786 D OomAdjuster: Not killing cached processes
05-25 02:10:00.330   755   906 I HalDevMgr: bestIfaceCreationProposal is null, requestIface=STA, existingIface=[name=wlan0 type=STA]
05-25 02:10:03.336   755   906 I HalDevMgr: bestIfaceCreationProposal is null, requestIface=STA, existingIface=[name=wlan0 type=STA]
05-25 02:10:03.808  1139  1263 D SatelliteController: iisInCarrierRoamingNbIotNtn: satellite is disabled
05-25 02:10:03.808   755  2150 W libbinder.IPCThreadState: Sending oneway calls to frozen process.
05-25 02:10:03.808  1139  1263 D SatelliteController: getCarrierRoamingNtnConnectType: Falling back to global carrier config connect type: 0
05-25 02:10:06.343   755   906 I HalDevMgr: bestIfaceCreationProposal is null, requestIface=STA, existingIface=[name=wlan0 type=STA]
05-25 02:10:08.295   755   854 D ActivityManager: freezing 2368 com.google.android.apps.photos
05-25 02:10:08.297   755   916 D InetDiagMessage: Destroyed 0 sockets, proto=IPPROTO_TCP, family=AF_INET, states=14
05-25 02:10:08.297   755   916 D InetDiagMessage: Destroyed 0 sockets, proto=IPPROTO_TCP, family=AF_INET6, states=14
05-25 02:10:08.297   755   916 D InetDiagMessage: Destroyed live tcp sockets for uids={10162} in 1ms
05-25 02:10:09.344   755   906 I HalDevMgr: bestIfaceCreationProposal is null, requestIface=STA, existingIface=[name=wlan0 type=STA]
05-25 02:10:12.350   755   906 I HalDevMgr: bestIfaceCreationProposal is null, requestIface=STA, existingIface=[name=wlan0 type=STA]
05-25 02:10:13.809   755  2150 W libbinder.IPCThreadState: Sending oneway calls to frozen process.
05-25 02:10:13.809  1139  1263 D SatelliteController: iisInCarrierRoamingNbIotNtn: satellite is disabled
05-25 02:10:13.810  1139  1263 D SatelliteController: getCarrierRoamingNtnConnectType: Falling back to global carrier config connect type: 0
05-25 02:10:14.311   984   984 W ot-daemon: [WARN]-UTILS---: Some telemetries are not populated
05-25 02:10:15.353   755   906 I HalDevMgr: bestIfaceCreationProposal is null, requestIface=STA, existingIface=[name=wlan0 type=STA]
05-25 02:10:18.358   755   906 I HalDevMgr: bestIfaceCreationProposal is null, requestIface=STA, existingIface=[name=wlan0 type=STA]
05-25 02:10:19.070   755   966 D BackgroundInstallControlService: Package event received: 0
05-25 02:10:20.469   755   845 D ActivityManager: sync unfroze 2368 com.google.android.apps.photos for 6
05-25 02:10:20.478   755  2150 W ProcessStats: Tracking association SourceState{3bfe547 system/1000 ImpBg #2137} whose proc state 6 is better than process ProcessState{1341b4b com.google.android.apps.photos/10162 pkg=com.google.android.apps.photos} proc state 14 (5 skipped)
05-25 02:10:20.510  1334  5574 I NetworkScheduler.Stats: (REDACTED) Task %s/%s started execution. cause:%s exec_start_elapsed_seconds: %s
05-25 02:10:20.511  1334  5574 I TapAndPay: deviceSupportsHce has detected emulator [CONTEXT service_id=79 ]
05-25 02:10:20.512  1334  5574 I TapAndPay: NfcAdapter is null while obtaining CardEmulation instance. [CONTEXT service_id=79 ]
05-25 02:10:20.520  1334  5574 I NetworkScheduler.Stats: (REDACTED) Task %s/%s finished executing. cause:%s result: %s elapsed_millis: %s uptime_millis: %s exec_start_elapsed_seconds: %s
05-25 02:10:21.025  1540  1819 I dfcq    : (REDACTED) Probing voice interaction service recovery for condition(%s).
05-25 02:10:21.025  1540  1819 I dfcq    : (REDACTED) Skipping voice interaction service recovery(%s) for condition(%s).
05-25 02:10:21.025  1540  1819 I dfcq    : (REDACTED) Skipping voice interaction service recovery(%s) for condition(%s).
05-25 02:10:21.364   755   906 I HalDevMgr: bestIfaceCreationProposal is null, requestIface=STA, existingIface=[name=wlan0 type=STA]
05-25 02:10:23.808  1139  1263 D SatelliteController: iisInCarrierRoamingNbIotNtn: satellite is disabled
05-25 02:10:23.809   755   771 W libbinder.IPCThreadState: Sending oneway calls to frozen process.
05-25 02:10:23.809  1139  1263 D SatelliteController: getCarrierRoamingNtnConnectType: Falling back to global carrier config connect type: 0
05-25 02:10:24.369   755   906 I HalDevMgr: bestIfaceCreationProposal is null, requestIface=STA, existingIface=[name=wlan0 type=STA]
05-25 02:10:25.050   755   966 D BackgroundInstallControlService: Package event received: 0
05-25 02:10:25.505   755   916 D InetDiagMessage: Destroyed 0 sockets, proto=IPPROTO_TCP, family=AF_INET, states=14
05-25 02:10:25.505   755   916 D InetDiagMessage: Destroyed 0 sockets, proto=IPPROTO_TCP, family=AF_INET6, states=14
05-25 02:10:25.505   755   916 D InetDiagMessage: Destroyed live tcp sockets for uids={10162} in 1ms
05-25 02:10:25.505   755   916 D InetDiagMessage: Destroyed 0 sockets, proto=IPPROTO_TCP, family=AF_INET, states=14
05-25 02:10:25.506   755   916 D InetDiagMessage: Destroyed 0 sockets, proto=IPPROTO_TCP, family=AF_INET6, states=14
05-25 02:10:25.506   755   916 D InetDiagMessage: Destroyed live tcp sockets for uids={20162} in 1ms
05-25 02:10:27.374   755   906 I HalDevMgr: bestIfaceCreationProposal is null, requestIface=STA, existingIface=[name=wlan0 type=STA]
05-25 02:10:27.493   755   966 D BackgroundInstallControlService: Package event received: 0
05-25 02:10:28.076   755   966 D BackgroundInstallControlService: Package event received: 0
05-25 02:10:29.735  1012  1207 D ControlsListingControllerImpl: Subscribing callback, service count: 0
05-25 02:10:29.735  1012  1207 D ControlsListingControllerImpl: Unsubscribing callback
05-25 02:10:30.070  1012  1207 I QuickAccessWalletTile: QAW service is unavailable, recreating the wallet client.
05-25 02:10:30.380   755   906 I HalDevMgr: bestIfaceCreationProposal is null, requestIface=STA, existingIface=[name=wlan0 type=STA]
05-25 02:10:30.544   755   854 D ActivityManager: freezing 2368 com.google.android.apps.photos
05-25 02:10:30.548   755   916 D InetDiagMessage: Destroyed 0 sockets, proto=IPPROTO_TCP, family=AF_INET, states=14
05-25 02:10:30.549   755   916 D InetDiagMessage: Destroyed 0 sockets, proto=IPPROTO_TCP, family=AF_INET6, states=14
05-25 02:10:30.549   755   916 D InetDiagMessage: Destroyed live tcp sockets for uids={10162} in 2ms
05-25 02:10:33.385   755   906 I HalDevMgr: bestIfaceCreationProposal is null, requestIface=STA, existingIface=[name=wlan0 type=STA]
05-25 02:10:33.808  1139  1263 D SatelliteController: iisInCarrierRoamingNbIotNtn: satellite is disabled
05-25 02:10:33.809  1139  1263 D SatelliteController: getCarrierRoamingNtnConnectType: Falling back to global carrier config connect type: 0
05-25 02:10:33.809   755  2150 W libbinder.IPCThreadState: Sending oneway calls to frozen process.
05-25 02:10:36.391   755   906 I HalDevMgr: bestIfaceCreationProposal is null, requestIface=STA, existingIface=[name=wlan0 type=STA]
05-25 02:10:39.395   755   906 I HalDevMgr: bestIfaceCreationProposal is null, requestIface=STA, existingIface=[name=wlan0 type=STA]
05-25 02:10:42.400   755   906 I HalDevMgr: bestIfaceCreationProposal is null, requestIface=STA, existingIface=[name=wlan0 type=STA]
05-25 02:10:43.808  1139  1263 D SatelliteController: iisInCarrierRoamingNbIotNtn: satellite is disabled
05-25 02:10:43.809  1139  1263 D SatelliteController: getCarrierRoamingNtnConnectType: Falling back to global carrier config connect type: 0
05-25 02:10:43.809   755  2150 W libbinder.IPCThreadState: Sending oneway calls to frozen process.
05-25 02:10:45.404   755   906 I HalDevMgr: bestIfaceCreationProposal is null, requestIface=STA, existingIface=[name=wlan0 type=STA]
05-25 02:10:48.411   755   906 I HalDevMgr: bestIfaceCreationProposal is null, requestIface=STA, existingIface=[name=wlan0 type=STA]
05-25 02:10:51.417   755   906 I HalDevMgr: bestIfaceCreationProposal is null, requestIface=STA, existingIface=[name=wlan0 type=STA]
05-25 02:10:53.809  1139  1263 D SatelliteController: iisInCarrierRoamingNbIotNtn: satellite is disabled
05-25 02:10:53.809   755  2150 W libbinder.IPCThreadState: Sending oneway calls to frozen process.
05-25 02:10:53.809  1139  1263 D SatelliteController: getCarrierRoamingNtnConnectType: Falling back to global carrier config connect type: 0
05-25 02:10:54.420   755   906 I HalDevMgr: bestIfaceCreationProposal is null, requestIface=STA, existingIface=[name=wlan0 type=STA]
05-25 02:10:57.424   755   906 I HalDevMgr: bestIfaceCreationProposal is null, requestIface=STA, existingIface=[name=wlan0 type=STA]
05-25 02:10:58.200   755  2150 D WifiNl80211Manager: Scan result ready event
05-25 02:10:58.200   755  2150 D WifiNative: Scan result ready event
05-25 02:10:58.201  1334  2535 I WifiScanner: onFullResults
05-25 02:10:58.201  1334  1505 I WifiScanner: onFullResults
05-25 02:10:58.202   755   906 I HalDevMgr: bestIfaceCreationProposal is null, requestIface=STA, existingIface=[name=wlan0 type=STA]
05-25 02:11:00.429   755   906 I HalDevMgr: bestIfaceCreationProposal is null, requestIface=STA, existingIface=[name=wlan0 type=STA]
05-25 02:11:03.434   755   906 I HalDevMgr: bestIfaceCreationProposal is null, requestIface=STA, existingIface=[name=wlan0 type=STA]
05-25 02:11:03.809  1139  1263 D SatelliteController: iisInCarrierRoamingNbIotNtn: satellite is disabled
05-25 02:11:03.809   755  2150 W libbinder.IPCThreadState: Sending oneway calls to frozen process.
05-25 02:11:03.809  1139  1263 D SatelliteController: getCarrierRoamingNtnConnectType: Falling back to global carrier config connect type: 0
05-25 02:11:06.440   755   906 I HalDevMgr: bestIfaceCreationProposal is null, requestIface=STA, existingIface=[name=wlan0 type=STA]
05-25 02:11:09.447   755   906 I HalDevMgr: bestIfaceCreationProposal is null, requestIface=STA, existingIface=[name=wlan0 type=STA]
05-25 02:11:12.452   755   906 I HalDevMgr: bestIfaceCreationProposal is null, requestIface=STA, existingIface=[name=wlan0 type=STA]
05-25 02:11:13.809  1139  1263 D SatelliteController: iisInCarrierRoamingNbIotNtn: satellite is disabled
05-25 02:11:13.809  1139  1263 D SatelliteController: getCarrierRoamingNtnConnectType: Falling back to global carrier config connect type: 0
05-25 02:11:13.809   755   771 W libbinder.IPCThreadState: Sending oneway calls to frozen process.
05-25 02:11:15.458   755   906 I HalDevMgr: bestIfaceCreationProposal is null, requestIface=STA, existingIface=[name=wlan0 type=STA]
05-25 02:11:18.464   755   906 I HalDevMgr: bestIfaceCreationProposal is null, requestIface=STA, existingIface=[name=wlan0 type=STA]
05-25 02:11:21.469   755   906 I HalDevMgr: bestIfaceCreationProposal is null, requestIface=STA, existingIface=[name=wlan0 type=STA]
05-25 02:11:23.809  1139  1263 D SatelliteController: iisInCarrierRoamingNbIotNtn: satellite is disabled
05-25 02:11:23.809   755   771 W libbinder.IPCThreadState: Sending oneway calls to frozen process.
05-25 02:11:23.810  1139  1263 D SatelliteController: getCarrierRoamingNtnConnectType: Falling back to global carrier config connect type: 0
05-25 02:11:24.474   755   906 I HalDevMgr: bestIfaceCreationProposal is null, requestIface=STA, existingIface=[name=wlan0 type=STA]
05-25 02:11:27.480   755   906 I HalDevMgr: bestIfaceCreationProposal is null, requestIface=STA, existingIface=[name=wlan0 type=STA]
05-25 02:11:30.485   755   906 I HalDevMgr: bestIfaceCreationProposal is null, requestIface=STA, existingIface=[name=wlan0 type=STA]
05-25 02:11:33.491   755   906 I HalDevMgr: bestIfaceCreationProposal is null, requestIface=STA, existingIface=[name=wlan0 type=STA]
05-25 02:11:33.810  1139  1263 D SatelliteController: iisInCarrierRoamingNbIotNtn: satellite is disabled
05-25 02:11:33.810   755   771 W libbinder.IPCThreadState: Sending oneway calls to frozen process.
05-25 02:11:33.811  1139  1263 D SatelliteController: getCarrierRoamingNtnConnectType: Falling back to global carrier config connect type: 0
05-25 02:11:36.497   755   906 I HalDevMgr: bestIfaceCreationProposal is null, requestIface=STA, existingIface=[name=wlan0 type=STA]
05-25 02:11:37.459  1086  1248 W AlarmManager: Unrecognized alarm listener com.android.networkstack.android.net.ip.IpClientLinkObserver$Dhcp6PdPreferredPrefixAlarmListener@53f750b
05-25 02:11:37.459  1086  1248 D ApfFilter: (wlan0): Adding RA fe80::2 -> ff02::1 1800s fec0::/64 86400s/14400s 
05-25 02:11:39.500   755   906 I HalDevMgr: bestIfaceCreationProposal is null, requestIface=STA, existingIface=[name=wlan0 type=STA]
05-25 02:11:42.505   755   906 I HalDevMgr: bestIfaceCreationProposal is null, requestIface=STA, existingIface=[name=wlan0 type=STA]
05-25 02:11:43.809  1139  1263 D SatelliteController: iisInCarrierRoamingNbIotNtn: satellite is disabled
05-25 02:11:43.810   755  1865 W libbinder.IPCThreadState: Sending oneway calls to frozen process.
05-25 02:11:43.810  1139  1263 D SatelliteController: getCarrierRoamingNtnConnectType: Falling back to global carrier config connect type: 0
05-25 02:11:45.513   755   906 I HalDevMgr: bestIfaceCreationProposal is null, requestIface=STA, existingIface=[name=wlan0 type=STA]
05-25 02:11:48.520   755   906 I HalDevMgr: bestIfaceCreationProposal is null, requestIface=STA, existingIface=[name=wlan0 type=STA]
05-25 02:11:51.526   755   906 I HalDevMgr: bestIfaceCreationProposal is null, requestIface=STA, existingIface=[name=wlan0 type=STA]
05-25 02:11:53.809  1139  1263 D SatelliteController: iisInCarrierRoamingNbIotNtn: satellite is disabled
05-25 02:11:53.809   755  1865 W libbinder.IPCThreadState: Sending oneway calls to frozen process.
05-25 02:11:53.809  1139  1263 D SatelliteController: getCarrierRoamingNtnConnectType: Falling back to global carrier config connect type: 0
05-25 02:11:54.528   755   906 I HalDevMgr: bestIfaceCreationProposal is null, requestIface=STA, existingIface=[name=wlan0 type=STA]
05-25 02:11:57.533   755   906 I HalDevMgr: bestIfaceCreationProposal is null, requestIface=STA, existingIface=[name=wlan0 type=STA]
05-25 02:12:00.539   755   906 I HalDevMgr: bestIfaceCreationProposal is null, requestIface=STA, existingIface=[name=wlan0 type=STA]
05-25 02:12:03.547   755   906 I HalDevMgr: bestIfaceCreationProposal is null, requestIface=STA, existingIface=[name=wlan0 type=STA]
05-25 02:12:03.809  1139  1263 D SatelliteController: iisInCarrierRoamingNbIotNtn: satellite is disabled
05-25 02:12:03.809   755  1865 W libbinder.IPCThreadState: Sending oneway calls to frozen process.
05-25 02:12:03.810  1139  1263 D SatelliteController: getCarrierRoamingNtnConnectType: Falling back to global carrier config connect type: 0
05-25 02:12:06.554   755   906 I HalDevMgr: bestIfaceCreationProposal is null, requestIface=STA, existingIface=[name=wlan0 type=STA]
05-25 02:12:09.558   755   906 I HalDevMgr: bestIfaceCreationProposal is null, requestIface=STA, existingIface=[name=wlan0 type=STA]
05-25 02:12:12.565   755   906 I HalDevMgr: bestIfaceCreationProposal is null, requestIface=STA, existingIface=[name=wlan0 type=STA]
05-25 02:12:13.809  1139  1263 D SatelliteController: iisInCarrierRoamingNbIotNtn: satellite is disabled
05-25 02:12:13.809   755   771 W libbinder.IPCThreadState: Sending oneway calls to frozen process.
05-25 02:12:13.809  1139  1263 D SatelliteController: getCarrierRoamingNtnConnectType: Falling back to global carrier config connect type: 0
05-25 02:12:15.571   755   906 I HalDevMgr: bestIfaceCreationProposal is null, requestIface=STA, existingIface=[name=wlan0 type=STA]
05-25 02:12:18.576   755   906 I HalDevMgr: bestIfaceCreationProposal is null, requestIface=STA, existingIface=[name=wlan0 type=STA]
05-25 02:12:21.577   755   906 I HalDevMgr: bestIfaceCreationProposal is null, requestIface=STA, existingIface=[name=wlan0 type=STA]
05-25 02:12:23.809  1139  1263 D SatelliteController: iisInCarrierRoamingNbIotNtn: satellite is disabled
05-25 02:12:23.810  1139  1263 D SatelliteController: getCarrierRoamingNtnConnectType: Falling back to global carrier config connect type: 0
05-25 02:12:23.810   755   771 W libbinder.IPCThreadState: Sending oneway calls to frozen process.
05-25 02:12:24.580   755   906 I HalDevMgr: bestIfaceCreationProposal is null, requestIface=STA, existingIface=[name=wlan0 type=STA]
05-25 02:12:24.768  1097  1277 I bluetooth: system/gd/hci/le_address_manager.cc:581 GetNextPrivateAddressIntervalRange: client=LeAddressManager, nonwake=7m25s, wake=13m9s
05-25 02:12:24.770  1097  1277 I bluetooth: system/gd/hci/le_address_manager.cc:782 OnCommandComplete: Received command complete with op_code LE_SET_RANDOM_ADDRESS(0x2005)
05-25 02:12:24.770  1097  1277 I bluetooth: system/gd/hci/le_address_manager.cc:802 OnCommandComplete: update random address : xx:xx:xx:xx:50:8b
05-25 02:12:24.770  1097  1277 I bluetooth: system/gd/hci/le_address_manager.cc:397 resume_registered_clients: Resuming registered clients
05-25 02:12:24.770  1097  1277 I bluetooth: system/gd/hci/le_scanning_manager_impl.cc:623 stop_scan: Scanning already stopped, return!
05-25 02:12:27.587   755   906 I HalDevMgr: bestIfaceCreationProposal is null, requestIface=STA, existingIface=[name=wlan0 type=STA]
05-25 02:12:30.592   755   906 I HalDevMgr: bestIfaceCreationProposal is null, requestIface=STA, existingIface=[name=wlan0 type=STA]
05-25 02:12:33.597   755   906 I HalDevMgr: bestIfaceCreationProposal is null, requestIface=STA, existingIface=[name=wlan0 type=STA]
05-25 02:12:33.810  1139  1263 D SatelliteController: iisInCarrierRoamingNbIotNtn: satellite is disabled
05-25 02:12:33.812  1139  1263 D SatelliteController: getCarrierRoamingNtnConnectType: Falling back to global carrier config connect type: 0
05-25 02:12:33.813   755   771 W libbinder.IPCThreadState: Sending oneway calls to frozen process.
05-25 02:12:36.603   755   906 I HalDevMgr: bestIfaceCreationProposal is null, requestIface=STA, existingIface=[name=wlan0 type=STA]
05-25 02:12:39.611   755   906 I HalDevMgr: bestIfaceCreationProposal is null, requestIface=STA, existingIface=[name=wlan0 type=STA]
05-25 02:12:39.944   755   797 D AppOpHistoryHelper: MetricHandler reporting 20 records.
05-25 02:12:40.407   755  1368 W AppOps  : Noting op not finished: uid 10147 pkg com.google.android.gms code 113 startTime of in progress event=1779670820651
05-25 02:12:40.411   755   771 W AppOps  : Noting op not finished: uid 10147 pkg com.google.android.gms code 79 startTime of in progress event=1779670833327
05-25 02:12:40.424  1334  1632 I ActivityScheduler: nextTriggerTime: 1001032, in 238100ms, detectorType: 39, FULL_TYPE alarmWindowMillis: 80000
05-25 02:12:41.412   755  1368 W AppOps  : Noting op not finished: uid 10147 pkg com.google.android.gms code 113 startTime of in progress event=1779670820651
05-25 02:12:42.618   755   906 I HalDevMgr: bestIfaceCreationProposal is null, requestIface=STA, existingIface=[name=wlan0 type=STA]
05-25 02:12:43.810   755  1368 W libbinder.IPCThreadState: Sending oneway calls to frozen process.
05-25 02:12:43.810  1139  1263 D SatelliteController: iisInCarrierRoamingNbIotNtn: satellite is disabled
05-25 02:12:43.811  1139  1263 D SatelliteController: getCarrierRoamingNtnConnectType: Falling back to global carrier config connect type: 0
05-25 02:12:45.622   755   906 I HalDevMgr: bestIfaceCreationProposal is null, requestIface=STA, existingIface=[name=wlan0 type=STA]
05-25 02:12:48.627   755   906 I HalDevMgr: bestIfaceCreationProposal is null, requestIface=STA, existingIface=[name=wlan0 type=STA]
05-25 02:12:51.633   755   906 I HalDevMgr: bestIfaceCreationProposal is null, requestIface=STA, existingIface=[name=wlan0 type=STA]
05-25 02:12:53.810  1139  1263 D SatelliteController: iisInCarrierRoamingNbIotNtn: satellite is disabled
05-25 02:12:53.810  1139  1263 D SatelliteController: getCarrierRoamingNtnConnectType: Falling back to global carrier config connect type: 0
05-25 02:12:53.810   755  1865 W libbinder.IPCThreadState: Sending oneway calls to frozen process.
05-25 02:12:54.637   755   906 I HalDevMgr: bestIfaceCreationProposal is null, requestIface=STA, existingIface=[name=wlan0 type=STA]
05-25 02:12:57.643   755   906 I HalDevMgr: bestIfaceCreationProposal is null, requestIface=STA, existingIface=[name=wlan0 type=STA]
05-25 02:13:00.644   755   906 I HalDevMgr: bestIfaceCreationProposal is null, requestIface=STA, existingIface=[name=wlan0 type=STA]
05-25 02:13:03.648   755   906 I HalDevMgr: bestIfaceCreationProposal is null, requestIface=STA, existingIface=[name=wlan0 type=STA]
05-25 02:13:03.813  1139  1263 D SatelliteController: iisInCarrierRoamingNbIotNtn: satellite is disabled
05-25 02:13:03.813   755  1865 W libbinder.IPCThreadState: Sending oneway calls to frozen process.
05-25 02:13:03.814  1139  1263 D SatelliteController: getCarrierRoamingNtnConnectType: Falling back to global carrier config connect type: 0
05-25 02:13:06.654   755   906 I HalDevMgr: bestIfaceCreationProposal is null, requestIface=STA, existingIface=[name=wlan0 type=STA]
05-25 02:13:09.659   755   906 I HalDevMgr: bestIfaceCreationProposal is null, requestIface=STA, existingIface=[name=wlan0 type=STA]
05-25 02:13:12.664   755   906 I HalDevMgr: bestIfaceCreationProposal is null, requestIface=STA, existingIface=[name=wlan0 type=STA]
05-25 02:13:13.449  2189  2189 I abb     : StartCommandInProcess(73657474696e67730067657400676c6f settings.get.glo [truncated])
05-25 02:13:13.448   755   755 W binder:755_10: type=1400 audit(0.0:22): avc:  denied  { getopt } for  scontext=u:r:system_server:s0 tcontext=u:r:shell:s0 tclass=unix_stream_socket permissive=0
05-25 02:13:13.448   755   755 W binder:755_10: type=1400 audit(0.0:23): avc:  denied  { getopt } for  scontext=u:r:system_server:s0 tcontext=u:r:shell:s0 tclass=unix_stream_socket permissive=0
05-25 02:13:13.454  2189  2189 I abb     : StartCommandInProcess(7061636b61676500696e7374616c6c00 package.install. [truncated])
05-25 02:13:13.448   755   755 W binder:755_10: type=1400 audit(0.0:24): avc:  denied  { getopt } for  scontext=u:r:system_server:s0 tcontext=u:r:shell:s0 tclass=unix_stream_socket permissive=0
05-25 02:13:13.462   755   822 W libbinder.IPCThreadState: Sending oneway calls to frozen process.
05-25 02:13:13.463   755   822 W libbinder.IPCThreadState: Sending oneway calls to frozen process.
05-25 02:13:13.469   755  5617 V Configuration: Updating configuration, locales updated from [] to [en_US]
05-25 02:13:13.469   755  5617 V Configuration: Updating configuration, locales updated from [] to [en_US]
05-25 02:13:13.469   755  5617 V Configuration: Updating configuration, locales updated from [] to [en_US]
05-25 02:13:13.470   755  5617 V Configuration: Updating configuration, locales updated from [] to [en_US]
05-25 02:13:13.470   755  5617 V Configuration: Updating configuration, locales updated from [] to [en_US]
05-25 02:13:13.470   755  5617 V Configuration: Updating configuration, locales updated from [] to [en_US]
05-25 02:13:13.470   755  5617 V Configuration: Updating configuration, locales updated from [] to [en_US]
05-25 02:13:13.470   755  5617 D IntervalStats: Unable to parse usage stats packages: [266]
05-25 02:13:13.470   755  5617 V Configuration: Updating configuration, locales updated from [] to [en_US]
05-25 02:13:13.470   755  5617 V Configuration: Updating configuration, locales updated from [] to [en_US]
05-25 02:13:13.470   755  5617 V Configuration: Updating configuration, locales updated from [] to [en_US]
05-25 02:13:13.470   755  5617 V Configuration: Updating configuration, locales updated from [] to [en_US]
05-25 02:13:13.470   755  5617 V Configuration: Updating configuration, locales updated from [] to [en_US]
05-25 02:13:13.470   755  5617 V Configuration: Updating configuration, locales updated from [] to [en_US]
05-25 02:13:13.471   755  5617 V Configuration: Updating configuration, locales updated from [] to [en_US]
05-25 02:13:13.471   755  5617 D IntervalStats: Unable to parse usage stats packages: [245, 267, 268, 269, 270, 271, 272, 273]
05-25 02:13:13.475   755   966 D BackgroundInstallControlService: Package event received: 0
05-25 02:13:13.475   755   966 D BackgroundInstallControlService: Package event received: 0
05-25 02:13:13.481   755   822 W libbinder.IPCThreadState: Sending oneway calls to frozen process.
05-25 02:13:13.539   755   822 W libbinder.IPCThreadState: Sending oneway calls to frozen process.
05-25 02:13:13.559   755   822 W libbinder.IPCThreadState: Sending oneway calls to frozen process.
05-25 02:13:13.583   755   822 W libbinder.IPCThreadState: Sending oneway calls to frozen process.
05-25 02:13:13.601   755   822 W libbinder.IPCThreadState: Sending oneway calls to frozen process.
05-25 02:13:13.624   755   822 W libbinder.IPCThreadState: Sending oneway calls to frozen process.
05-25 02:13:13.648   755   822 W libbinder.IPCThreadState: Sending oneway calls to frozen process.
05-25 02:13:13.694   755   822 W libbinder.IPCThreadState: Sending oneway calls to frozen process.
05-25 02:13:13.701   755   822 W libbinder.IPCThreadState: Sending oneway calls to frozen process.
05-25 02:13:13.742   755   822 W libbinder.IPCThreadState: Sending oneway calls to frozen process.
05-25 02:13:13.751   755   822 W libbinder.IPCThreadState: Sending oneway calls to frozen process.
05-25 02:13:13.802   755   822 W libbinder.IPCThreadState: Sending oneway calls to frozen process.
05-25 02:13:13.811  1139  1263 D SatelliteController: iisInCarrierRoamingNbIotNtn: satellite is disabled
05-25 02:13:13.812   755  1923 W libbinder.IPCThreadState: Sending oneway calls to frozen process.
05-25 02:13:13.812  1139  1263 D SatelliteController: getCarrierRoamingNtnConnectType: Falling back to global carrier config connect type: 0
05-25 02:13:13.833   755   822 W libbinder.IPCThreadState: Sending oneway calls to frozen process.
05-25 02:13:13.915   755   822 W libbinder.IPCThreadState: Sending oneway calls to frozen process.
05-25 02:13:14.007   755   822 W libbinder.IPCThreadState: Sending oneway calls to frozen process.
05-25 02:13:14.044   755   822 W libbinder.IPCThreadState: Sending oneway calls to frozen process.
05-25 02:13:14.176   755   822 W libbinder.IPCThreadState: Sending oneway calls to frozen process.
05-25 02:13:14.253   755   822 W libbinder.IPCThreadState: Sending oneway calls to frozen process.
05-25 02:13:14.382   755   822 W libbinder.IPCThreadState: Sending oneway calls to frozen process.
05-25 02:13:14.437   755   822 W libbinder.IPCThreadState: Sending oneway calls to frozen process.
05-25 02:13:14.464   755   822 W libbinder.IPCThreadState: Sending oneway calls to frozen process.
05-25 02:13:14.519   755   822 W libbinder.IPCThreadState: Sending oneway calls to frozen process.
05-25 02:13:14.542   755   822 W libbinder.IPCThreadState: Sending oneway calls to frozen process.
05-25 02:13:14.566   755   822 W libbinder.IPCThreadState: Sending oneway calls to frozen process.
05-25 02:13:14.692   755   822 W libbinder.IPCThreadState: Sending oneway calls to frozen process.
05-25 02:13:14.756   755   822 W libbinder.IPCThreadState: Sending oneway calls to frozen process.
05-25 02:13:14.786   755   822 W libbinder.IPCThreadState: Sending oneway calls to frozen process.
05-25 02:13:14.824   755   822 W libbinder.IPCThreadState: Sending oneway calls to frozen process.
05-25 02:13:14.926   755   822 W libbinder.IPCThreadState: Sending oneway calls to frozen process.
05-25 02:13:15.067   755   822 W libbinder.IPCThreadState: Sending oneway calls to frozen process.
05-25 02:13:15.222   755   822 W libbinder.IPCThreadState: Sending oneway calls to frozen process.
05-25 02:13:15.362   755   822 W libbinder.IPCThreadState: Sending oneway calls to frozen process.
05-25 02:13:15.406   755   822 W libbinder.IPCThreadState: Sending oneway calls to frozen process.
05-25 02:13:15.468   755   822 W libbinder.IPCThreadState: Sending oneway calls to frozen process.
05-25 02:13:15.495   755   822 W libbinder.IPCThreadState: Sending oneway calls to frozen process.
05-25 02:13:15.535   755   822 W libbinder.IPCThreadState: Sending oneway calls to frozen process.
05-25 02:13:15.601   755   822 W libbinder.IPCThreadState: Sending oneway calls to frozen process.
05-25 02:13:15.646   755   822 W libbinder.IPCThreadState: Sending oneway calls to frozen process.
05-25 02:13:15.670   755   906 I HalDevMgr: bestIfaceCreationProposal is null, requestIface=STA, existingIface=[name=wlan0 type=STA]
05-25 02:13:15.706   755   822 W libbinder.IPCThreadState: Sending oneway calls to frozen process.
05-25 02:13:15.721   755   822 W libbinder.IPCThreadState: Sending oneway calls to frozen process.
05-25 02:13:15.878   755   822 W libbinder.IPCThreadState: Sending oneway calls to frozen process.
05-25 02:13:15.910   755   822 W libbinder.IPCThreadState: Sending oneway calls to frozen process.
05-25 02:13:15.938   755   822 W libbinder.IPCThreadState: Sending oneway calls to frozen process.
05-25 02:13:15.959   755   822 W libbinder.IPCThreadState: Sending oneway calls to frozen process.
05-25 02:13:16.041   755   822 W libbinder.IPCThreadState: Sending oneway calls to frozen process.
05-25 02:13:16.064   755   822 W libbinder.IPCThreadState: Sending oneway calls to frozen process.
05-25 02:13:16.099   755   822 W libbinder.IPCThreadState: Sending oneway calls to frozen process.
05-25 02:13:16.237   755   822 W libbinder.IPCThreadState: Sending oneway calls to frozen process.
05-25 02:13:16.271   755   822 W libbinder.IPCThreadState: Sending oneway calls to frozen process.
05-25 02:13:16.348   755   822 W libbinder.IPCThreadState: Sending oneway calls to frozen process.
05-25 02:13:16.365   755   822 W libbinder.IPCThreadState: Sending oneway calls to frozen process.
05-25 02:13:16.470   755   822 W libbinder.IPCThreadState: Sending oneway calls to frozen process.
05-25 02:13:16.503   755   822 W libbinder.IPCThreadState: Sending oneway calls to frozen process.
05-25 02:13:16.563   755   822 W libbinder.IPCThreadState: Sending oneway calls to frozen process.
05-25 02:13:16.707   755   822 W libbinder.IPCThreadState: Sending oneway calls to frozen process.
05-25 02:13:16.759   755   822 W libbinder.IPCThreadState: Sending oneway calls to frozen process.
05-25 02:13:16.772   755   822 W libbinder.IPCThreadState: Sending oneway calls to frozen process.
05-25 02:13:16.798   755   822 W libbinder.IPCThreadState: Sending oneway calls to frozen process.
05-25 02:13:16.876   755   822 W libbinder.IPCThreadState: Sending oneway calls to frozen process.
05-25 02:13:17.015   755   822 W libbinder.IPCThreadState: Sending oneway calls to frozen process.
05-25 02:13:17.140   755   822 W libbinder.IPCThreadState: Sending oneway calls to frozen process.
05-25 02:13:17.218   755   822 W libbinder.IPCThreadState: Sending oneway calls to frozen process.
05-25 02:13:17.223   755   822 W libbinder.IPCThreadState: Sending oneway calls to frozen process.
05-25 02:13:17.255   755   822 W libbinder.IPCThreadState: Sending oneway calls to frozen process.
05-25 02:13:17.312   755   822 W libbinder.IPCThreadState: Sending oneway calls to frozen process.
05-25 02:13:17.438   755   822 W libbinder.IPCThreadState: Sending oneway calls to frozen process.
05-25 02:13:17.470   755   822 W libbinder.IPCThreadState: Sending oneway calls to frozen process.
05-25 02:13:17.503   755   822 W libbinder.IPCThreadState: Sending oneway calls to frozen process.
05-25 02:13:17.560   755   822 W libbinder.IPCThreadState: Sending oneway calls to frozen process.
05-25 02:13:17.606   755   822 W libbinder.IPCThreadState: Sending oneway calls to frozen process.
05-25 02:13:17.733   755   822 W libbinder.IPCThreadState: Sending oneway calls to frozen process.
05-25 02:13:17.856   755   822 W libbinder.IPCThreadState: Sending oneway calls to frozen process.
05-25 02:13:17.998   755   822 W libbinder.IPCThreadState: Sending oneway calls to frozen process.
05-25 02:13:18.049   755   822 W libbinder.IPCThreadState: Sending oneway calls to frozen process.
05-25 02:13:18.075   755   822 W libbinder.IPCThreadState: Sending oneway calls to frozen process.
05-25 02:13:18.076   755  1865 E SystemServiceRegistry: No service published for: persistent_data_block
05-25 02:13:18.076   755  1865 E SystemServiceRegistry: android.os.ServiceManager$ServiceNotFoundException: No service published for: persistent_data_block
05-25 02:13:18.076   755  1865 E SystemServiceRegistry: 	at android.os.ServiceManager.getServiceOrThrow(ServiceManager.java:203)
05-25 02:13:18.076   755  1865 E SystemServiceRegistry: 	at android.app.SystemServiceRegistry$86.createService(SystemServiceRegistry.java:1201)
05-25 02:13:18.076   755  1865 E SystemServiceRegistry: 	at android.app.SystemServiceRegistry$86.createService(SystemServiceRegistry.java:1198)
05-25 02:13:18.076   755  1865 E SystemServiceRegistry: 	at android.app.SystemServiceRegistry$StaticServiceFetcher.getService(SystemServiceRegistry.java:2610)
05-25 02:13:18.076   755  1865 E SystemServiceRegistry: 	at android.app.SystemServiceRegistry.getSystemService(SystemServiceRegistry.java:2063)
05-25 02:13:18.076   755  1865 E SystemServiceRegistry: 	at android.app.ContextImpl.getSystemService(ContextImpl.java:2434)
05-25 02:13:18.076   755  1865 E SystemServiceRegistry: 	at android.content.Context.getSystemService(Context.java:4901)
05-25 02:13:18.076   755  1865 E SystemServiceRegistry: 	at com.android.server.pm.PackageInstallerSession.markAsSealed(PackageInstallerSession.java:2573)
05-25 02:13:18.076   755  1865 E SystemServiceRegistry: 	at com.android.server.pm.PackageInstallerSession.commit(PackageInstallerSession.java:2323)
05-25 02:13:18.076   755  1865 E SystemServiceRegistry: 	at android.content.pm.PackageInstaller$Session.commit(PackageInstaller.java:2343)
05-25 02:13:18.076   755  1865 E SystemServiceRegistry: 	at com.android.server.pm.PackageManagerShellCommand.doCommitSession(PackageManagerShellCommand.java:4390)
05-25 02:13:18.076   755  1865 E SystemServiceRegistry: 	at com.android.server.pm.PackageManagerShellCommand.doRunInstall(PackageManagerShellCommand.java:1651)
05-25 02:13:18.076   755  1865 E SystemServiceRegistry: 	at com.android.server.pm.PackageManagerShellCommand.runInstall(PackageManagerShellCommand.java:1572)
05-25 02:13:18.076   755  1865 E SystemServiceRegistry: 	at com.android.server.pm.PackageManagerShellCommand.onCommand(PackageManagerShellCommand.java:246)
05-25 02:13:18.076   755  1865 E SystemServiceRegistry: 	at com.android.modules.utils.BasicShellCommandHandler.exec(BasicShellCommandHandler.java:97)
05-25 02:13:18.076   755  1865 E SystemServiceRegistry: 	at android.os.ShellCommand.exec(ShellCommand.java:38)
05-25 02:13:18.076   755  1865 E SystemServiceRegistry: 	at com.android.server.pm.PackageManagerService$IPackageManagerImpl.onShellCommand(PackageManagerService.java:6721)
05-25 02:13:18.076   755  1865 E SystemServiceRegistry: 	at android.os.Binder.shellCommand(Binder.java:1183)
05-25 02:13:18.076   755  1865 E SystemServiceRegistry: 	at android.os.Binder.onTransact(Binder.java:961)
05-25 02:13:18.076   755  1865 E SystemServiceRegistry: 	at android.content.pm.IPackageManager$Stub.onTransact(IPackageManager.java:4666)
05-25 02:13:18.076   755  1865 E SystemServiceRegistry: 	at com.android.server.pm.PackageManagerService$IPackageManagerImpl.onTransact(PackageManagerService.java:6705)
05-25 02:13:18.076   755  1865 E SystemServiceRegistry: 	at android.os.Binder.execTransactInternal(Binder.java:1478)
05-25 02:13:18.076   755  1865 E SystemServiceRegistry: 	at android.os.Binder.execTransact(Binder.java:1418)
05-25 02:13:18.076   755  1865 E SystemServiceRegistry: Manager wrapper not available: persistent_data_block
05-25 02:13:18.077   755   822 W libbinder.IPCThreadState: Sending oneway calls to frozen process.
05-25 02:13:18.072   755   755 W binder:755_10: type=1400 audit(0.0:25): avc:  denied  { getopt } for  scontext=u:r:system_server:s0 tcontext=u:r:shell:s0 tclass=unix_stream_socket permissive=0
05-25 02:13:18.149   755   822 W libbinder.IPCThreadState: Sending oneway calls to frozen process.
05-25 02:13:18.150   755   822 W libbinder.IPCThreadState: Sending oneway calls to frozen process.
05-25 02:13:18.150   755  6158 D FileSystemUtils: Total number of LOAD segments 3
05-25 02:13:18.150   755  6158 D FileSystemUtils: Size before punching holes st_blocks: 315688, st_blksize: 4096, st_size: 161620866
05-25 02:13:18.150   755  6158 D FileSystemUtils: Punching holes for length:13044 content which should be zero: 0000000000000000000000000000000000000000000000000000000000000000000000000000000000000000000000000000000000000000000000000000000000000000000000000000000000000000000000000000000000000000000000000000000000000000000000000000000000000000000000000000000000000000000000000000000000000000000000000000000000000000000000000000000000000000000000000000000000000000000000000000000000000000000000000000000000000000000000000000000000000000000000000000000000000000000000000000000000000000000000000000000000000000000000000000000000000000000000000000000000000000000000000000000000000000000000000000000000000000000000000000000000000000000000000000000000000000000000000000000000000000000000000000000000000000000000000000000000000000000000000000000000000000000000000000000000000000000000000000000000000000000000000000000000000000000000000000000000000000000000000000000000000000000000000000000000000000000000000000000000000000000000000000000000000000000000000000000000000000000000000
05-25 02:13:18.150   755  6158 D FileSystemUtils: Punching hole in file - start: 30314496 len:12288
