--------- beginning of system
05-25 02:04:57.097   755  1251 W ActivityTaskManager: callingPackage for (uid=2000, pid=5540) has no WPC
05-25 02:04:57.098   755  1251 V WindowManager: DesktopModeLaunchParamsModifier: phase= 0 task=null activity=null display-area-from-current-params=null display-area-from-default-fallback=DefaultTaskDisplayArea@179034865 display-id=0 task-display-area-windowing-mode=1 suggested-display-area=DefaultTaskDisplayArea@179034865 task null, skipping
05-25 02:04:57.098   755  1251 V WindowManager: TaskLaunchParamsModifier:phase=0 task=null activity=null display-area-from-current-params=null display-area-from-default-fallback=DefaultTaskDisplayArea@179034865 display-id=0 task-display-area-windowing-mode=1 suggested-display-area=DefaultTaskDisplayArea@179034865
--------- beginning of main
05-25 02:04:57.100   755  1251 V GrammaticalInflectionUtils: AttributionSource: android.content.AttributionSource@f3022897 does not have READ_SYSTEM_GRAMMATICAL_GENDER permission.
05-25 02:04:57.101   755  1251 V WindowManager: DesktopModeLaunchParamsModifier: phase= 0 task=null activity=ActivityRecord{9073155 u0 com.tiarnanlarkin.danio/.MainActivity display-area-from-current-params=null display-area-for-record=DefaultTaskDisplayArea@179034865 display-id=0 task-display-area-windowing-mode=1 suggested-display-area=DefaultTaskDisplayArea@179034865 task null, skipping
05-25 02:04:57.101   755  1251 V WindowManager: TaskLaunchParamsModifier:phase=0 task=null activity=ActivityRecord{9073155 u0 com.tiarnanlarkin.danio/.MainActivity t-1} display-area-from-current-params=null display-area-for-record=DefaultTaskDisplayArea@179034865 display-id=0 task-display-area-windowing-mode=1 suggested-display-area=DefaultTaskDisplayArea@179034865
05-25 02:04:57.101   755  1251 V WindowManager: DesktopModeLaunchParamsModifier: phase= 3 task=Task{c8ebe3c #6 type=standard I=com.tiarnanlarkin.danio/.MainActivity} activity=ActivityRecord{9073155 u0 com.tiarnanlarkin.danio/.MainActivity t-1} display-from-task=0 display-id=0 task-display-area-windowing-mode=1 suggested-display-area=DefaultTaskDisplayArea@179034865 not entering desktop mode, skipping
05-25 02:04:57.101   755  1251 V WindowManager: TaskLaunchParamsModifier:phase=3 task=Task{c8ebe3c #6 type=standard I=com.tiarnanlarkin.danio/.MainActivity} activity=ActivityRecord{9073155 u0 com.tiarnanlarkin.danio/.MainActivity t-1} display-from-task=0 display-id=0 task-display-area-windowing-mode=1 suggested-display-area=DefaultTaskDisplayArea@179034865 inherit-from-task=fullscreen non-freeform-task-display-area display-area=DefaultTaskDisplayArea@179034865 skip-bounds-fullscreen
05-25 02:04:57.102   755  1251 V WindowManager: DesktopModeLaunchParamsModifier: phase= 3 task=Task{c8ebe3c #6 type=standard I=com.tiarnanlarkin.danio/.MainActivity} activity=ActivityRecord{9073155 u0 com.tiarnanlarkin.danio/.MainActivity t-1} display-from-task=0 display-id=0 task-display-area-windowing-mode=1 suggested-display-area=DefaultTaskDisplayArea@179034865 not entering desktop mode, skipping
05-25 02:04:57.102   755  1251 V WindowManager: TaskLaunchParamsModifier:phase=3 task=Task{c8ebe3c #6 type=standard I=com.tiarnanlarkin.danio/.MainActivity} activity=ActivityRecord{9073155 u0 com.tiarnanlarkin.danio/.MainActivity t-1} display-from-task=0 display-id=0 task-display-area-windowing-mode=1 suggested-display-area=DefaultTaskDisplayArea@179034865 inherit-from-task=fullscreen non-freeform-task-display-area display-area=DefaultTaskDisplayArea@179034865 skip-bounds-fullscreen
05-25 02:04:57.103   620  1257 I libbinder.BpBinder: onLastStrongRef automatically unlinking death recipients for descriptor: '(not cached)'
05-25 02:04:57.103  1012  1189 D KeyguardService: setOccluded(false)
05-25 02:04:57.103  1012  1189 D KeyguardViewMediator: setOccluded(false)
05-25 02:04:57.103  1012  1012 D KeyguardViewMediator: handleSetOccluded(false)
05-25 02:04:57.104  1012  1012 D KeyguardViewMediator: KeyguardViewMediator queue processing message: SET_OCCLUDED
05-25 02:04:57.104   755  1251 I ActivityTaskManager: START u0 {act=android.intent.action.VIEW dat=danio://qa/... flg=0x10000000 xflg=0x4 pkg=com.tiarnanlarkin.danio cmp=com.tiarnanlarkin.danio/.MainActivity} with LAUNCH_SINGLE_TOP from uid 2000 (com.android.shell) (BAL_ALLOW_PERMISSION) result code=3
05-25 02:04:57.105  1012  1069 D WindowManagerShell: onActivityRestartAttempt: topActivity=ComponentInfo{com.tiarnanlarkin.danio/com.tiarnanlarkin.danio.MainActivity}, wasVisible=true, displayId=0, pipDisplayLayoutState#displayId=0
05-25 02:04:57.111  3689  3689 D com.llfbandit.app_links: Intent { act=android.intent.action.VIEW dat=danio://qa/... flg=0x10000000 xflg=0x4 pkg=com.tiarnanlarkin.danio cmp=com.tiarnanlarkin.danio/.MainActivity }
05-25 02:04:57.111  3689  3689 D com.llfbandit.app_links: Handled intent: action: android.intent.action.VIEW / data: danio://qa/tank
05-25 02:04:57.119  3689  3689 I flutter : [QA] Deep link: danio://qa/tank
05-25 02:04:57.150   755   778 D OomAdjuster: Not killing cached processes
05-25 02:04:57.151   755   966 D BackgroundInstallControlService: Package event received: 0
05-25 02:04:57.151   755   966 D BackgroundInstallControlService: Package event received: 0
05-25 02:04:57.151   755   966 D BackgroundInstallControlService: Package event received: 0
05-25 02:04:57.151   755   966 D BackgroundInstallControlService: Package event received: 0
05-25 02:04:59.815   755   906 I HalDevMgr: bestIfaceCreationProposal is null, requestIface=STA, existingIface=[name=wlan0 type=STA]
05-25 02:05:00.276  5547  5547 D AndroidRuntime: >>>>>> START com.android.internal.os.RuntimeInit uid 2000 <<<<<<
05-25 02:05:00.280  5547  5547 I AndroidRuntime: Using default boot image
05-25 02:05:00.280  5547  5547 I AndroidRuntime: Leaving lock profiling enabled
05-25 02:05:00.282  5547  5547 I app_process: Using CollectorTypeCMC GC.
05-25 02:05:00.340  5547  5547 D nativeloader: InitDefaultPublicLibraries for_preload=1: libandroid.so:libaaudio.so:libamidi.so:libbinder_ndk.so:libc.so:libcamera2ndk.so:libdl.so:libEGL.so:libGLESv1_CM.so:libGLESv2.so:libGLESv3.so:libicu.so:libicui18n.so:libicuuc.so:libjnigraphics.so:liblog.so:libmediandk.so:libm.so:libnativehelper.so:libnativewindow.so:libOpenMAXAL.so:libOpenSLES.so:libRS.so:libstdc++.so:libsync.so:libvulkan.so:libwebviewchromium_plat_support.so:libz.so
05-25 02:05:00.346  5547  5547 D nativeloader: Load libicu_jni.so using APEX ns com_android_art for caller /apex/com.android.art/javalib/core-oj.jar: ok
05-25 02:05:00.346  5547  5547 D app_process: u_setTimeZoneFilesDirectory("/apex/com.android.tzdata/etc/tz/versioned/9/icu") succeeded. 
05-25 02:05:00.346  5547  5547 D app_process: I18n APEX ICU file found: /apex/com.android.i18n/etc/icu/icudt76l.dat
05-25 02:05:00.347  5547  5547 D nativeloader: Load libjavacore.so using APEX ns com_android_art for caller /apex/com.android.art/javalib/core-oj.jar: ok
05-25 02:05:00.348  5547  5547 D nativeloader: Load libopenjdk.so using APEX ns com_android_art for caller /apex/com.android.art/javalib/core-oj.jar: ok
05-25 02:05:00.348  5547  5547 I app_process: Priority-to-niceness mapping: 19, 16, 13, 10, 0, -2, -4, -5, -6, -8
05-25 02:05:00.349  5547  5547 W app_process: Unexpected CPU variant for x86: x86_64.
05-25 02:05:00.349  5547  5547 W app_process: Known variants: atom, sandybridge, silvermont, goldmont, goldmont-plus, goldmont-without-sha-xsaves, tremont, kabylake, alderlake, default
05-25 02:05:00.350  5547  5547 W app_process: ClassLoaderContext shared library size mismatch. Expected=2, found=0 (PCL[]{PCL[/system/framework/android.test.base.jar*1653369819]#PCL[/system/framework/android.test.mock.jar*1009639922]} | PCL[])
05-25 02:05:00.350  5547  5547 W app_process: ClassLoaderContext classpath size mismatch. expected=0, found=1 (PCL[]{PCL[/system/framework/android.test.runner.jar*3954641918]{PCL[/system/framework/android.test.base.jar*1653369819]#PCL[/system/framework/android.test.mock.jar*1009639922]}#PCL[/system/framework/android.test.base.jar*1653369819]} | PCL[/system/framework/android.test.runner.jar*3954641918])
05-25 02:05:00.366  5547  5547 D nativeloader: Load libframework-connectivity-tiramisu-jni.so using APEX ns com_android_tethering for caller /apex/com.android.tethering/javalib/framework-connectivity-t.jar: ok
05-25 02:05:00.366  5547  5547 D AndroidRuntime: Calling main entry com.android.commands.uiautomator.Launcher
05-25 02:05:00.370  5547  5547 I AconfigPackage: android.media.swcodec.flags is mapped to com.android.media.swcodec
05-25 02:05:00.370  5547  5547 I AconfigPackage: com.android.permission.flags is mapped to com.android.permission
05-25 02:05:00.370  5547  5547 I AconfigPackage: com.android.permissioncontroller.flags is mapped to com.android.permission
05-25 02:05:00.370  5547  5547 I AconfigPackage: com.android.icu is mapped to com.android.i18n
05-25 02:05:00.370  5547  5547 I AconfigPackage: com.android.appsearch.flags is mapped to com.android.appsearch
05-25 02:05:00.370  5547  5547 I AconfigPackage: android.uprobestats.mainline.flags is mapped to com.android.uprobestats
05-25 02:05:00.371  5547  5547 I AconfigPackage: com.android.crashrecovery.flags is mapped to com.android.crashrecovery
05-25 02:05:00.371  5547  5547 I AconfigPackage: android.provider.flags is mapped to com.android.configinfrastructure
05-25 02:05:00.371  5547  5547 I AconfigPackage: com.android.server.deviceconfig is mapped to com.android.configinfrastructure
05-25 02:05:00.371  5547  5547 I AconfigPackage: com.android.compos.flags is mapped to com.android.compos
05-25 02:05:00.371  5547  5547 I AconfigPackage: com.android.art.flags is mapped to com.android.art
05-25 02:05:00.371  5547  5547 I AconfigPackage: com.android.art.rw.flags is mapped to com.android.art
05-25 02:05:00.371  5547  5547 I AconfigPackage: com.android.libcore is mapped to com.android.art
05-25 02:05:00.371  5547  5547 I AconfigPackage: com.android.telephony.flags is mapped to com.android.telephonycore
05-25 02:05:00.371  5547  5547 I AconfigPackage: com.android.media.extractor.flags is mapped to com.android.media
05-25 02:05:00.371  5547  5547 I AconfigPackage: com.android.media.mainline.flags is mapped to com.android.media
05-25 02:05:00.371  5547  5547 I AconfigPackage: com.android.wifi.flags is mapped to com.android.wifi
05-25 02:05:00.371  5547  5547 I AconfigPackage: com.android.org.conscrypt.flags is mapped to com.android.conscrypt
05-25 02:05:00.371  5547  5547 I AconfigPackage: com.android.org.conscrypt.net.flags is mapped to com.android.conscrypt
05-25 02:05:00.371  5547  5547 I AconfigPackage: com.android.healthfitness.flags is mapped to com.android.healthfitness
05-25 02:05:00.372  5547  5547 I AconfigPackage: com.android.ipsec.flags is mapped to com.android.ipsec
05-25 02:05:00.372  5547  5547 I AconfigPackage: com.android.nfc.module.flags is mapped to com.android.nfcservices
05-25 02:05:00.372  5547  5547 I AconfigPackage: com.android.adservices.ondevicepersonalization.flags is mapped to com.android.ondevicepersonalization
05-25 02:05:00.372  5547  5547 I AconfigPackage: com.android.adbd.flags is mapped to com.android.adbd
05-25 02:05:00.372  5547  5547 I AconfigPackage: com.android.bluetooth.flags is mapped to com.android.bt
05-25 02:05:00.372  5547  5547 I AconfigPackage: com.android.devicelock.flags is mapped to com.android.devicelock
05-25 02:05:00.372  5547  5547 I AconfigPackage: android.os.profiling is mapped to com.android.profiling
05-25 02:05:00.372  5547  5547 I AconfigPackage: android.os.profiling.anomaly.flags is mapped to com.android.profiling
05-25 02:05:00.372  5547  5547 I AconfigPackage: com.android.os.statsd.flags is mapped to com.android.os.statsd
05-25 02:05:00.372  5547  5547 I AconfigPackage: com.android.rkpd.flags is mapped to com.android.rkpd
05-25 02:05:00.372  5547  5547 I AconfigPackage: com.android.cellbroadcastreceiver.flags is mapped to com.android.cellbroadcast
05-25 02:05:00.372  5547  5547 I AconfigPackage: com.android.adservices.flags is mapped to com.android.adservices
05-25 02:05:00.372  5547  5547 I AconfigPackage: com.android.sdksandbox.flags is mapped to com.android.adservices
05-25 02:05:00.372  5547  5547 I AconfigPackage: com.android.uwb.flags is mapped to com.android.uwb
05-25 02:05:00.372  5547  5547 I AconfigPackage: com.android.ranging.flags is mapped to com.android.uwb
05-25 02:05:00.372  5547  5547 I AconfigPackage: android.graphics.pdf.flags is mapped to com.android.mediaprovider
05-25 02:05:00.372  5547  5547 I AconfigPackage: com.android.providers.media.flags is mapped to com.android.mediaprovider
05-25 02:05:00.372  5547  5547 I AconfigPackage: android.graphics.pdf.flags.readonly is mapped to com.android.mediaprovider
05-25 02:05:00.372  5547  5547 I AconfigPackage: com.android.tethering.mainline.beta is mapped to com.android.tethering
05-25 02:05:00.372  5547  5547 I AconfigPackage: android.net.http is mapped to com.android.tethering
05-25 02:05:00.373  5547  5547 I AconfigPackage: com.android.tethering.readonly.flags is mapped to com.android.tethering
05-25 02:05:00.373  5547  5547 I AconfigPackage: android.net.vcn is mapped to com.android.tethering
05-25 02:05:00.373  5547  5547 I AconfigPackage: com.android.net.flags is mapped to com.android.tethering
05-25 02:05:00.373  5547  5547 I AconfigPackage: com.android.tethering.beta.test is mapped to com.android.tethering
05-25 02:05:00.373  5547  5547 I AconfigPackage: com.android.nearby.flags is mapped to com.android.tethering
05-25 02:05:00.373  5547  5547 I AconfigPackage: com.android.net.ct.flags is mapped to com.android.tethering
05-25 02:05:00.373  5547  5547 I AconfigPackage: com.android.net.thread.flags is mapped to com.android.tethering
05-25 02:05:00.373  5547  5547 I AconfigPackage: com.android.system.virtualmachine.flags is mapped to com.android.virt
05-25 02:05:00.373  5547  5547 E FeatureFlagsImplExport: android.os.flagging.AconfigStorageReadException: ERROR_PACKAGE_NOT_FOUND: package android.xr cannot be found on the device
05-25 02:05:00.374  5547  5547 D UiAutomationConnection: Created on user UserHandle{0}
05-25 02:05:00.374  5547  5547 I UiAutomation: Initialized for user 0 on display 0
05-25 02:05:00.374  5547  5547 W UiAutomation: Created with deprecatead constructor, assumes DEFAULT_DISPLAY
05-25 02:05:00.375   755  1865 D AccessibilityManagerService: changeCurrentUserForTestAutomationIfNeededLocked(0): ignoring because device doesn't support visible background users
05-25 02:05:00.375   755  1865 I UiAutomationManager: Registering UiTestAutomationService (id=com.android.server.accessibility/UiAutomation, flags=0x0) when called by user 0
05-25 02:05:00.375   755  1865 V AccessibilityManagerService: onUserStateChangedLocked for userId: 0, forceUpdate: false
05-25 02:05:00.376   755  1865 V AccessibilityUserState: updateShortcutTargets: type:accessibility_shortcut_target_service, current:{}, new:{}
05-25 02:05:00.376   755  1865 V AccessibilityUserState: updateShortcutTargets: type:accessibility_button_targets, current:{}, new:{}
05-25 02:05:00.376   755  1865 V AccessibilityUserState: updateShortcutTargets: type:accessibility_gesture_targets, current:{}, new:{}
05-25 02:05:00.376   755  1865 V AccessibilityUserState: updateShortcutTargets: type:accessibility_qs_targets, current:{}, new:{}
05-25 02:05:00.376   755  1865 V AccessibilityUserState: updateShortcutTargets: type:accessibility_key_gesture_targets, current:{}, new:{}
05-25 02:05:00.376   755  1865 W MagnificationConnectionManager: requestConnection duplicated request: connect=false, mConnectionState=DISCONNECTED
05-25 02:05:00.376  1546  2095 I AiAiEcho: Settings changed for uri: content://settings/secure/accessibility_enabled
05-25 02:05:00.378   755   755 W libbinder.IPCThreadState: Sending oneway calls to frozen process.
05-25 02:05:00.378   755   755 W libbinder.IPCThreadState: Sending oneway calls to frozen process.
05-25 02:05:00.378   755   755 W libbinder.IPCThreadState: Sending oneway calls to frozen process.
05-25 02:05:00.378   755   755 W libbinder.IPCThreadState: Sending oneway calls to frozen process.
05-25 02:05:00.378  1546  1927 I AiAiEcho: Predicting[0]:  [CONTEXT sampling_count=5 ]
05-25 02:05:00.378   755   755 W libbinder.IPCThreadState: Sending oneway calls to frozen process.
05-25 02:05:00.378  1546  1927 I AiAiEcho: EchoTargets: 
05-25 02:05:00.378  1546  1927 I AiAiEcho: Filtered by AiAi flag check: 
05-25 02:05:00.378  1546  1927 I AiAiEcho: [CONTEXT ratelimit_period="10 SECONDS" ]
05-25 02:05:00.379  1546  1927 I AiAiEcho: #remoteViewsTwiddler: feature disabled.
05-25 02:05:00.379  1546  1927 I AiAiEcho: Predicting[0]:  [CONTEXT sampling_count=5 ]
05-25 02:05:00.379  1546  1927 I AiAiEcho: EchoTargets: 
05-25 02:05:00.379  1546  1927 I AiAiEcho: Filtered by AiAi flag check: 
05-25 02:05:00.379  1546  1927 I AiAiEcho: [CONTEXT ratelimit_period="10 SECONDS" ]
05-25 02:05:00.379  1546  1927 I AiAiEcho: #remoteViewsTwiddler: feature disabled.
05-25 02:05:00.379  1546  1927 I AiAiEcho: #postPredictionTargets: Sending updates to UISurface lockscreen with targets# 0 (types=[])
05-25 02:05:00.379   755   755 W libbinder.IPCThreadState: Sending oneway calls to frozen process.
05-25 02:05:00.379   755   755 W libbinder.IPCThreadState: Sending oneway calls to frozen process.
05-25 02:05:00.379   755   755 W libbinder.IPCThreadState: Sending oneway calls to frozen process.
05-25 02:05:00.379   755   755 W libbinder.IPCThreadState: Sending oneway calls to frozen process.
05-25 02:05:00.379   755   755 W libbinder.IPCThreadState: Sending oneway calls to frozen process.
05-25 02:05:00.379   755   755 W libbinder.IPCThreadState: Sending oneway calls to frozen process.
05-25 02:05:00.379  1546  1927 I AiAiEcho: #postPredictionTargets: Sending updates to UISurface home with targets# 0 (types=[])
05-25 02:05:00.379   755   755 W libbinder.IPCThreadState: Sending oneway calls to frozen process.
05-25 02:05:00.379   755   755 W libbinder.IPCThreadState: Sending oneway calls to frozen process.
05-25 02:05:00.379   755   755 W libbinder.IPCThreadState: Sending oneway calls to frozen process.
05-25 02:05:00.379   755   755 W libbinder.IPCThreadState: Sending oneway calls to frozen process.
05-25 02:05:00.380   755   755 W libbinder.IPCThreadState: Sending oneway calls to frozen process.
05-25 02:05:00.380   755   755 W libbinder.IPCThreadState: Sending oneway calls to frozen process.
05-25 02:05:00.380   755   755 W libbinder.IPCThreadState: Sending oneway calls to frozen process.
05-25 02:05:00.380  1012  1012 W SsPagerDots: Total number of pages invalid: 0. Assuming 1 page.
05-25 02:05:00.380   755   755 W libbinder.IPCThreadState: Sending oneway calls to frozen process.
05-25 02:05:00.380   755   755 W libbinder.IPCThreadState: Sending oneway calls to frozen process.
05-25 02:05:00.380   755   755 W libbinder.IPCThreadState: Sending oneway calls to frozen process.
05-25 02:05:00.380   755   755 D BatterySaverPolicy: accessibility changed to true, updating policy.
05-25 02:05:00.381   755  2150 V AccessibilityManagerService: onUserStateChangedLocked for userId: 0, forceUpdate: false
05-25 02:05:00.383   755  2150 V AccessibilityUserState: updateShortcutTargets: type:accessibility_shortcut_target_service, current:{}, new:{}
05-25 02:05:00.383   755  2150 V AccessibilityUserState: updateShortcutTargets: type:accessibility_button_targets, current:{}, new:{}
05-25 02:05:00.383   755  2150 V AccessibilityUserState: updateShortcutTargets: type:accessibility_gesture_targets, current:{}, new:{}
05-25 02:05:00.383   755  2150 V AccessibilityUserState: updateShortcutTargets: type:accessibility_qs_targets, current:{}, new:{}
05-25 02:05:00.383   755  2150 V AccessibilityUserState: updateShortcutTargets: type:accessibility_key_gesture_targets, current:{}, new:{}
05-25 02:05:00.383   755  2150 W MagnificationConnectionManager: requestConnection duplicated request: connect=false, mConnectionState=DISCONNECTED
05-25 02:05:00.383  1546  2095 I AiAiEcho: Settings changed for uri: content://settings/secure/accessibility_enabled
05-25 02:05:00.384  1546  1927 I AiAiEcho: Predicting[0]:  [CONTEXT sampling_count=5 ]
05-25 02:05:00.384  1546  1927 I AiAiEcho: EchoTargets: 
05-25 02:05:00.384  1546  1927 I AiAiEcho: Filtered by AiAi flag check: 
05-25 02:05:00.384  1546  1927 I AiAiEcho: [CONTEXT ratelimit_period="10 SECONDS" ]
05-25 02:05:00.384   755   755 W libbinder.IPCThreadState: Sending oneway calls to frozen process.
05-25 02:05:00.384   755   755 W libbinder.IPCThreadState: Sending oneway calls to frozen process.
05-25 02:05:00.384   755   755 W libbinder.IPCThreadState: Sending oneway calls to frozen process.
05-25 02:05:00.384   755   755 W libbinder.IPCThreadState: Sending oneway calls to frozen process.
05-25 02:05:00.384   755   755 W libbinder.IPCThreadState: Sending oneway calls to frozen process.
05-25 02:05:00.384  1546  1927 I AiAiEcho: #remoteViewsTwiddler: feature disabled.
05-25 02:05:00.384   755   755 W libbinder.IPCThreadState: Sending oneway calls to frozen process.
05-25 02:05:00.384   755   755 W libbinder.IPCThreadState: Sending oneway calls to frozen process.
05-25 02:05:00.384   755   755 W libbinder.IPCThreadState: Sending oneway calls to frozen process.
05-25 02:05:00.384   755   755 W libbinder.IPCThreadState: Sending oneway calls to frozen process.
05-25 02:05:00.384   755   755 W libbinder.IPCThreadState: Sending oneway calls to frozen process.
05-25 02:05:00.384   755   755 W libbinder.IPCThreadState: Sending oneway calls to frozen process.
05-25 02:05:00.384  1546  1927 I AiAiEcho: Predicting[0]:  [CONTEXT sampling_count=5 ]
05-25 02:05:00.384   755   755 W libbinder.IPCThreadState: Sending oneway calls to frozen process.
05-25 02:05:00.384   755   755 W libbinder.IPCThreadState: Sending oneway calls to frozen process.
05-25 02:05:00.384   755   755 W libbinder.IPCThreadState: Sending oneway calls to frozen process.
05-25 02:05:00.384  1546  1927 I AiAiEcho: EchoTargets: 
05-25 02:05:00.384  1546  1927 I AiAiEcho: Filtered by AiAi flag check: 
05-25 02:05:00.384  1546  1927 I AiAiEcho: [CONTEXT ratelimit_period="10 SECONDS" ]
05-25 02:05:00.385  1546  1927 I AiAiEcho: #remoteViewsTwiddler: feature disabled.
05-25 02:05:00.385  1546  1927 I AiAiEcho: #postPredictionTargets: Sending updates to UISurface lockscreen with targets# 0 (types=[])
05-25 02:05:00.385  1546  1927 I AiAiEcho: #postPredictionTargets: Sending updates to UISurface home with targets# 0 (types=[])
05-25 02:05:00.389   755  1251 D AccessibilityManagerService: .getAccessibilityShortcutTargets {shortcutType=32, userId=0}
05-25 02:05:00.389  1012  1012 W SsPagerDots: Total number of pages invalid: 0. Assuming 1 page.
05-25 02:05:01.405  5547  5547 W AccessibilityNodeInfoDumper: Fetch time: 1ms
05-25 02:05:01.407   755  1251 V AccessibilityManagerService: onUserStateChangedLocked for userId: 0, forceUpdate: false
05-25 02:05:01.407   755  1251 V AccessibilityUserState: updateShortcutTargets: type:accessibility_shortcut_target_service, current:{}, new:{}
05-25 02:05:01.407   755  1251 V AccessibilityUserState: updateShortcutTargets: type:accessibility_button_targets, current:{}, new:{}
05-25 02:05:01.407   755  1251 V AccessibilityUserState: updateShortcutTargets: type:accessibility_gesture_targets, current:{}, new:{}
05-25 02:05:01.407   755  1251 V AccessibilityUserState: updateShortcutTargets: type:accessibility_qs_targets, current:{}, new:{}
05-25 02:05:01.407   755  1251 V AccessibilityUserState: updateShortcutTargets: type:accessibility_key_gesture_targets, current:{}, new:{}
05-25 02:05:01.407   755  1251 W MagnificationConnectionManager: requestConnection duplicated request: connect=false, mConnectionState=DISCONNECTED
05-25 02:05:01.408   755  1251 D AccessibilityManagerService: restoreCurrentUserForTestAutomationIfNeededLocked(): ignoring because device doesn't support visible background users
05-25 02:05:01.408  1546  3178 I AiAiEcho: Settings changed for uri: content://settings/secure/accessibility_enabled
05-25 02:05:01.408   755   755 W libbinder.IPCThreadState: Sending oneway calls to frozen process.
05-25 02:05:01.408   755   755 W libbinder.IPCThreadState: Sending oneway calls to frozen process.
05-25 02:05:01.408   755   755 W libbinder.IPCThreadState: Sending oneway calls to frozen process.
05-25 02:05:01.408   755   755 W libbinder.IPCThreadState: Sending oneway calls to frozen process.
05-25 02:05:01.408   755   755 W libbinder.IPCThreadState: Sending oneway calls to frozen process.
05-25 02:05:01.408   755   755 W libbinder.IPCThreadState: Sending oneway calls to frozen process.
05-25 02:05:01.408   755   755 W libbinder.IPCThreadState: Sending oneway calls to frozen process.
05-25 02:05:01.408   755   755 W libbinder.IPCThreadState: Sending oneway calls to frozen process.
05-25 02:05:01.408   755   755 W libbinder.IPCThreadState: Sending oneway calls to frozen process.
05-25 02:05:01.408   755   755 W libbinder.IPCThreadState: Sending oneway calls to frozen process.
05-25 02:05:01.408   755   755 W libbinder.IPCThreadState: Sending oneway calls to frozen process.
05-25 02:05:01.408   755   755 W libbinder.IPCThreadState: Sending oneway calls to frozen process.
05-25 02:05:01.408  1546  1927 I AiAiEcho: Predicting[0]:  [CONTEXT sampling_count=5 ]
05-25 02:05:01.409  1546  1927 I AiAiEcho: EchoTargets: 
05-25 02:05:01.409  1546  1927 I AiAiEcho: Filtered by AiAi flag check: 
05-25 02:05:01.409  1546  1927 I AiAiEcho: [CONTEXT ratelimit_period="10 SECONDS" ]
05-25 02:05:01.409   755   755 W libbinder.IPCThreadState: Sending oneway calls to frozen process.
05-25 02:05:01.409   755   755 W libbinder.IPCThreadState: Sending oneway calls to frozen process.
05-25 02:05:01.410  1546  1927 I AiAiEcho: #remoteViewsTwiddler: feature disabled.
05-25 02:05:01.410  5547  5547 D AndroidRuntime: Shutting down VM
05-25 02:05:01.410  5547  5555 W libbinder.IPCThreadState: call to talkWithDriver in joinThreadPool returned error: -9 (Bad file descriptor), FD: -1
05-25 02:05:01.410  5547  5556 W libbinder.IPCThreadState: call to talkWithDriver in joinThreadPool returned error: -9 (Bad file descriptor), FD: -1
05-25 02:05:01.411  1546  1927 I AiAiEcho: Predicting[0]:  [CONTEXT sampling_count=5 ]
05-25 02:05:01.413   755   755 W libbinder.IPCThreadState: Sending oneway calls to frozen process.
05-25 02:05:01.413  1546  1927 I AiAiEcho: EchoTargets: 
05-25 02:05:01.413  1546  1927 I AiAiEcho: Filtered by AiAi flag check: 
05-25 02:05:01.413  1546  1927 I AiAiEcho: [CONTEXT ratelimit_period="10 SECONDS" ]
05-25 02:05:01.413   755   755 W libbinder.IPCThreadState: Sending oneway calls to frozen process.
05-25 02:05:01.413  1546  1927 I AiAiEcho: #remoteViewsTwiddler: feature disabled.
05-25 02:05:01.414   755   755 W libbinder.IPCThreadState: Sending oneway calls to frozen process.
05-25 02:05:01.414   755   755 W libbinder.IPCThreadState: Sending oneway calls to frozen process.
05-25 02:05:01.414   755   755 W libbinder.IPCThreadState: Sending oneway calls to frozen process.
05-25 02:05:01.414  1546  1927 I AiAiEcho: #postPredictionTargets: Sending updates to UISurface lockscreen with targets# 0 (types=[])
05-25 02:05:01.414   755   755 W libbinder.IPCThreadState: Sending oneway calls to frozen process.
05-25 02:05:01.414   755   755 W libbinder.IPCThreadState: Sending oneway calls to frozen process.
05-25 02:05:01.414   755   755 D BatterySaverPolicy: accessibility changed to false, updating policy.
05-25 02:05:01.415  1546  1927 I AiAiEcho: #postPredictionTargets: Sending updates to UISurface home with targets# 0 (types=[])
05-25 02:05:01.418  1012  1012 W SsPagerDots: Total number of pages invalid: 0. Assuming 1 page.
05-25 02:05:02.823   755   906 I HalDevMgr: bestIfaceCreationProposal is null, requestIface=STA, existingIface=[name=wlan0 type=STA]
05-25 02:05:03.801  1139  1263 D SatelliteController: iisInCarrierRoamingNbIotNtn: satellite is disabled
05-25 02:05:03.801  1139  1263 D SatelliteController: getCarrierRoamingNtnConnectType: Falling back to global carrier config connect type: 0
05-25 02:05:03.802   755  1251 W libbinder.IPCThreadState: Sending oneway calls to frozen process.
05-25 02:05:05.830   755   906 I HalDevMgr: bestIfaceCreationProposal is null, requestIface=STA, existingIface=[name=wlan0 type=STA]
05-25 02:05:08.836   755   906 I HalDevMgr: bestIfaceCreationProposal is null, requestIface=STA, existingIface=[name=wlan0 type=STA]
05-25 02:05:09.647   755   755 I ResourceTimer: GetResourceValue count=5347 pvalues=1000,10000,13000,21000
05-25 02:05:09.647   755   755 I ResourceTimer: RetrieveAttributes count=5295 pvalues=1000,2000,2000,10000
05-25 02:05:10.427   755   785 W libbinder.IPCThreadState: Sending oneway calls to frozen process.
05-25 02:05:10.427   755   785 W libbinder.IPCThreadState: Sending oneway calls to frozen process.
05-25 02:05:11.413   755   785 W libbinder.IPCThreadState: Sending oneway calls to frozen process.
05-25 02:05:11.841   755   906 I HalDevMgr: bestIfaceCreationProposal is null, requestIface=STA, existingIface=[name=wlan0 type=STA]
05-25 02:05:13.802  1139  1263 D SatelliteController: iisInCarrierRoamingNbIotNtn: satellite is disabled
05-25 02:05:13.802  1139  1263 D SatelliteController: getCarrierRoamingNtnConnectType: Falling back to global carrier config connect type: 0
05-25 02:05:13.802   755  1251 W libbinder.IPCThreadState: Sending oneway calls to frozen process.
05-25 02:05:14.491   755   777 D AppOpHistoryDbHelper: getRecentlyUsedPackageNames sql: SELECT DISTINCT package_name FROM app_op_accesses WHERE access_time + (CASE WHEN access_duration = -1 THEN 0 ELSE access_duration END) >= ?  AND access_time <= ?  AND (op_flags & ? ) != 0 AND op_code IN  ( 0, 1, 25, 26, 27, 120, 136, 149, 150, 152 )
05-25 02:05:14.492   755   777 D AppOpHistoryQueryHelper: No binding for In operator
05-25 02:05:14.496   755   777 D AppOpHistoryDbHelper: Read 2 packages from app_op_history_short_interval.db
05-25 02:05:14.496   755   777 D AppOpHistoryDbHelper: getRecentlyUsedPackageNames sql: SELECT DISTINCT package_name FROM app_op_accesses WHERE access_time + (CASE WHEN access_duration = -1 THEN 0 ELSE access_duration END) >= ?  AND access_time <= ?  AND (op_flags & ? ) != 0 AND op_code IN  ( 4, 5, 6, 7, 8, 9, 11, 13, 14, 16, 18, 19, 20, 21, 23, 24, 43, 51, 52, 53, 54, 56, 57, 59, 60, 61, 62, 65, 66, 68, 69, 74, 75, 77, 79, 80, 81, 83, 85, 90, 92, 93, 95, 103, 105, 107, 110, 111, 112, 114, 116, 123, 127, 131, 133, 139, 151, 153, 163, 164 )
05-25 02:05:14.516   755   777 D AppOpHistoryQueryHelper: No binding for In operator
05-25 02:05:14.518   755   777 D AppOpHistoryDbHelper: Read 24 packages from app_op_history_long_interval.db
05-25 02:05:14.843   755   906 I HalDevMgr: bestIfaceCreationProposal is null, requestIface=STA, existingIface=[name=wlan0 type=STA]
05-25 02:05:17.849   755   906 I HalDevMgr: bestIfaceCreationProposal is null, requestIface=STA, existingIface=[name=wlan0 type=STA]
05-25 02:05:20.854   755   906 I HalDevMgr: bestIfaceCreationProposal is null, requestIface=STA, existingIface=[name=wlan0 type=STA]
05-25 02:05:21.028  1540  1819 I dfcq    : (REDACTED) Probing voice interaction service recovery for condition(%s).
05-25 02:05:21.028  1540  1819 I dfcq    : (REDACTED) Skipping voice interaction service recovery(%s) for condition(%s).
05-25 02:05:21.028  1540  1819 I dfcq    : (REDACTED) Skipping voice interaction service recovery(%s) for condition(%s).
05-25 02:05:22.398  1097  1296 W ScanManager: Moving filtered scan to downgraded scan for ScanClient(scannerId=1, scanModeApp=SCAN_MODE_BALANCED, scanModeUsed=SCAN_MODE_BALANCED, appScanStats.appName=com.google.android.gms)
05-25 02:05:22.410  1097  1296 I bt_shim_scanner: system/main/shim/le_scanning_manager.cc:150 Scan: in shim layer stopped
05-25 02:05:22.420  1097  1277 I bluetooth: system/gd/hci/le_address_manager.cc:277 unregister_client: Client unregistered
05-25 02:05:22.420  1097  1277 I bluetooth: system/gd/hci/le_address_manager.cc:292 unregister_client: Cancelled address rotation alarm
05-25 02:05:22.424  1097  1296 I bt_shim_scanner: system/main/shim/le_scanning_manager.cc:319 SetScanParameters: in shim layer, scannerId1m=1, scannerIdCoded=0
05-25 02:05:22.424  1097  1296 I bt_shim_scanner: system/main/shim/le_scanning_manager.cc:150 Scan: in shim layer started
05-25 02:05:22.431  1097  1277 I bluetooth: system/gd/hci/le_scanning_manager_impl.cc:623 stop_scan: Scanning already stopped, return!
05-25 02:05:22.437  1097  1277 I bluetooth: system/gd/hci/le_address_manager.cc:581 GetNextPrivateAddressIntervalRange: client=LeAddressManager, nonwake=7m2s, wake=13m15s
05-25 02:05:22.437  1097  1277 I bluetooth: system/gd/hci/le_address_manager.cc:258 register_client: Scheduled address rotation for first client registered
05-25 02:05:22.437  1097  1277 I bluetooth: system/gd/hci/le_address_manager.cc:262 register_client: Client registered
05-25 02:05:23.803   755  2150 W libbinder.IPCThreadState: Sending oneway calls to frozen process.
05-25 02:05:23.803  1139  1263 D SatelliteController: iisInCarrierRoamingNbIotNtn: satellite is disabled
05-25 02:05:23.803  1139  1263 D SatelliteController: getCarrierRoamingNtnConnectType: Falling back to global carrier config connect type: 0
05-25 02:05:23.862   755   906 I HalDevMgr: bestIfaceCreationProposal is null, requestIface=STA, existingIface=[name=wlan0 type=STA]
05-25 02:05:25.591   755   775 I GnssLocationProvider: WakeLock acquired by handleDownloadPsdsData()
05-25 02:05:25.591   755  5564 E GnssPsdsDownloader: No Long-Term PSDS servers were specified in the GnssConfiguration
05-25 02:05:26.869   755   906 I HalDevMgr: bestIfaceCreationProposal is null, requestIface=STA, existingIface=[name=wlan0 type=STA]
05-25 02:05:29.874   755   906 I HalDevMgr: bestIfaceCreationProposal is null, requestIface=STA, existingIface=[name=wlan0 type=STA]
05-25 02:05:31.076  1334  1471 I FusedOrientationManager: Registering orientation client. [CONTEXT service_id=6 ]
05-25 02:05:31.080   755  1923 D OomAdjuster: Not killing cached processes
05-25 02:05:31.080  1071  5565 D android.hardware.gnss-service.ranchu: GnssHwConn:workerThread:70
05-25 02:05:31.080  1071  5565 D android.hardware.gnss-service.ranchu: GnssHwListener:consume:87 sz=64
05-25 02:05:31.080  1071  5565 D android.hardware.gnss-service.ranchu: GnssHwListener:consume:87 sz=64
05-25 02:05:31.080  1071  5565 D android.hardware.gnss-service.ranchu: Gnss:onGnssLocationCb:311
05-25 02:05:31.080  1071  5565 D android.hardware.gnss-service.ranchu: Gnss:onGnssLocationCb:321
05-25 02:05:31.080  1071  5565 D android.hardware.gnss-service.ranchu: GnssHwListener:consume:87 sz=64
05-25 02:05:31.080  1071  5565 D android.hardware.gnss-service.ranchu: GnssHwListener:consume:87 sz=64
05-25 02:05:31.080  1071  5565 D android.hardware.gnss-service.ranchu: Gnss:onGnssLocationCb:311
05-25 02:05:31.080  1071  5565 D android.hardware.gnss-service.ranchu: Gnss:onGnssLocationCb:321
05-25 02:05:31.080  1071  5565 D android.hardware.gnss-service.ranchu: GnssHwListener:consume:87 sz=64
05-25 02:05:31.080  1071  5565 D android.hardware.gnss-service.ranchu: GnssHwListener:consume:87 sz=64
05-25 02:05:31.080  1071  5565 D android.hardware.gnss-service.ranchu: Gnss:onGnssLocationCb:311
05-25 02:05:31.080  1071  5565 D android.hardware.gnss-service.ranchu: Gnss:onGnssLocationCb:321
05-25 02:05:31.080  1071  5565 D android.hardware.gnss-service.ranchu: GnssHwListener:consume:87 sz=64
05-25 02:05:31.080  1071  5565 D android.hardware.gnss-service.ranchu: GnssHwListener:consume:87 sz=64
05-25 02:05:31.080  1071  5565 D android.hardware.gnss-service.ranchu: Gnss:onGnssLocationCb:311
05-25 02:05:31.080  1071  5565 D android.hardware.gnss-service.ranchu: Gnss:onGnssLocationCb:321
05-25 02:05:31.080  1071  5565 D android.hardware.gnss-service.ranchu: GnssHwListener:consume:87 sz=64
05-25 02:05:31.080  1071  5565 D android.hardware.gnss-service.ranchu: GnssHwListener:consume:87 sz=64
05-25 02:05:31.080  1071  5565 D android.hardware.gnss-service.ranchu: Gnss:onGnssLocationCb:311
05-25 02:05:31.080  1071  5565 D android.hardware.gnss-service.ranchu: Gnss:onGnssLocationCb:321
05-25 02:05:31.080  1071  5565 D android.hardware.gnss-service.ranchu: GnssHwListener:consume:87 sz=64
05-25 02:05:31.080  1071  5565 D android.hardware.gnss-service.ranchu: GnssHwListener:consume:87 sz=64
05-25 02:05:31.080  1071  5565 D android.hardware.gnss-service.ranchu: Gnss:onGnssLocationCb:311
05-25 02:05:31.080  1071  5565 D android.hardware.gnss-service.ranchu: Gnss:onGnssLocationCb:321
05-25 02:05:31.080  1071  5565 D android.hardware.gnss-service.ranchu: GnssHwListener:consume:87 sz=64
05-25 02:05:31.080  1071  5565 D android.hardware.gnss-service.ranchu: GnssHwListener:consume:87 sz=64
05-25 02:05:31.080  1071  5565 D android.hardware.gnss-service.ranchu: Gnss:onGnssLocationCb:311
05-25 02:05:31.080  1071  5565 D android.hardware.gnss-service.ranchu: Gnss:onGnssLocationCb:321
05-25 02:05:31.080  1071  5565 D android.hardware.gnss-service.ranchu: GnssHwListener:consume:87 sz=64
05-25 02:05:31.080  1071  5565 D android.hardware.gnss-service.ranchu: GnssHwListener:consume:87 sz=64
05-25 02:05:31.080  1071  5565 D android.hardware.gnss-service.ranchu: Gnss:onGnssLocationCb:311
05-25 02:05:31.080  1071  5565 D android.hardware.gnss-service.ranchu: Gnss:onGnssLocationCb:321
05-25 02:05:31.080  1071  5565 D android.hardware.gnss-service.ranchu: GnssHwListener:consume:87 sz=64
05-25 02:05:31.080  1071  5565 D android.hardware.gnss-service.ranchu: GnssHwListener:consume:87 sz=64
05-25 02:05:31.080  1071  5565 D android.hardware.gnss-service.ranchu: Gnss:onGnssLocationCb:311
05-25 02:05:31.080  1071  5565 D android.hardware.gnss-service.ranchu: Gnss:onGnssLocationCb:321
05-25 02:05:31.080  1071  5565 D android.hardware.gnss-service.ranchu: GnssHwListener:consume:87 sz=64
05-25 02:05:31.080  1071  5565 D android.hardware.gnss-service.ranchu: GnssHwListener:consume:87 sz=64
05-25 02:05:31.080  1071  5565 D android.hardware.gnss-service.ranchu: Gnss:onGnssLocationCb:311
05-25 02:05:31.080  1071  5565 D android.hardware.gnss-service.ranchu: Gnss:onGnssLocationCb:321
05-25 02:05:31.080  1071  5565 D android.hardware.gnss-service.ranchu: GnssHwListener:consume:87 sz=64
05-25 02:05:31.080  1071  5565 D android.hardware.gnss-service.ranchu: GnssHwListener:consume:87 sz=64
05-25 02:05:31.080  1071  5565 D android.hardware.gnss-service.ranchu: Gnss:onGnssLocationCb:311
05-25 02:05:31.080  1071  5565 D android.hardware.gnss-service.ranchu: Gnss:onGnssLocationCb:321
05-25 02:05:31.080  1071  5565 D android.hardware.gnss-service.ranchu: GnssHwListener:consume:87 sz=64
05-25 02:05:31.080  1071  5565 D android.hardware.gnss-service.ranchu: GnssHwListener:consume:87 sz=64
05-25 02:05:31.080  1071  5565 D android.hardware.gnss-service.ranchu: Gnss:onGnssLocationCb:311
05-25 02:05:31.080  1071  5565 D android.hardware.gnss-service.ranchu: Gnss:onGnssLocationCb:321
05-25 02:05:31.080  1071  5565 D android.hardware.gnss-service.ranchu: GnssHwListener:consume:87 sz=64
05-25 02:05:31.080  1071  5565 D android.hardware.gnss-service.ranchu: GnssHwListener:consume:87 sz=64
05-25 02:05:31.080  1071  5565 D android.hardware.gnss-service.ranchu: Gnss:onGnssLocationCb:311
05-25 02:05:31.080  1071  5565 D android.hardware.gnss-service.ranchu: Gnss:onGnssLocationCb:321
05-25 02:05:31.080  1071  5565 D android.hardware.gnss-service.ranchu: GnssHwListener:consume:87 sz=64
05-25 02:05:31.080  1071  5565 D android.hardware.gnss-service.ranchu: GnssHwListener:consume:87 sz=64
05-25 02:05:31.080  1071  5565 D android.hardware.gnss-service.ranchu: Gnss:onGnssLocationCb:311
05-25 02:05:31.080  1071  5565 D android.hardware.gnss-service.ranchu: Gnss:onGnssLocationCb:321
05-25 02:05:31.080  1071  5565 D android.hardware.gnss-service.ranchu: GnssHwListener:consume:87 sz=64
05-25 02:05:31.080  1071  5565 D android.hardware.gnss-service.ranchu: GnssHwListener:consume:87 sz=64
05-25 02:05:31.080  1071  5565 D android.hardware.gnss-service.ranchu: Gnss:onGnssLocationCb:311
05-25 02:05:31.080  1071  5565 D android.hardware.gnss-service.ranchu: Gnss:onGnssLocationCb:321
05-25 02:05:31.080  1071  5565 D android.hardware.gnss-service.ranchu: GnssHwListener:consume:87 sz=64
05-25 02:05:31.080  1071  5565 D android.hardware.gnss-service.ranchu: GnssHwListener:consume:87 sz=64
05-25 02:05:31.080  1071  5565 D android.hardware.gnss-service.ranchu: Gnss:onGnssLocationCb:311
05-25 02:05:31.080  1071  5565 D android.hardware.gnss-service.ranchu: Gnss:onGnssLocationCb:321
05-25 02:05:31.080  1071  5565 D android.hardware.gnss-service.ranchu: GnssHwListener:consume:87 sz=64
05-25 02:05:31.080  1071  5565 D android.hardware.gnss-service.ranchu: GnssHwListener:consume:87 sz=64
05-25 02:05:31.080  1071  5565 D android.hardware.gnss-service.ranchu: Gnss:onGnssLocationCb:311
05-25 02:05:31.080  1071  5565 D android.hardware.gnss-service.ranchu: Gnss:onGnssLocationCb:321
05-25 02:05:31.080  1071  5565 D android.hardware.gnss-service.ranchu: GnssHwListener:consume:87 sz=64
05-25 02:05:31.080  1071  5565 D android.hardware.gnss-service.ranchu: GnssHwListener:consume:87 sz=64
05-25 02:05:31.080  1071  5565 D android.hardware.gnss-service.ranchu: Gnss:onGnssLocationCb:311
05-25 02:05:31.080  1071  5565 D android.hardware.gnss-service.ranchu: Gnss:onGnssLocationCb:321
05-25 02:05:31.080  1071  5565 D android.hardware.gnss-service.ranchu: GnssHwListener:consume:87 sz=64
05-25 02:05:31.080  1071  5565 D android.hardware.gnss-service.ranchu: GnssHwListener:consume:87 sz=64
05-25 02:05:31.080  1071  5565 D android.hardware.gnss-service.ranchu: Gnss:onGnssLocationCb:311
05-25 02:05:31.080  1071  5565 D android.hardware.gnss-service.ranchu: Gnss:onGnssLocationCb:321
05-25 02:05:31.080  1071  5565 D android.hardware.gnss-service.ranchu: GnssHwListener:consume:87 sz=64
05-25 02:05:31.080  1071  5565 D android.hardware.gnss-service.ranchu: GnssHwListener:consume:87 sz=64
05-25 02:05:31.080  1071  5565 D android.hardware.gnss-service.ranchu: Gnss:onGnssLocationCb:311
05-25 02:05:31.080  1071  5565 D android.hardware.gnss-service.ranchu: Gnss:onGnssLocationCb:321
05-25 02:05:31.080  1071  5565 D android.hardware.gnss-service.ranchu: GnssHwListener:consume:87 sz=64
05-25 02:05:31.080  1071  5565 D android.hardware.gnss-service.ranchu: GnssHwListener:consume:87 sz=64
05-25 02:05:31.080  1071  5565 D android.hardware.gnss-service.ranchu: Gnss:onGnssLocationCb:311
05-25 02:05:31.080  1071  5565 D android.hardware.gnss-service.ranchu: Gnss:onGnssLocationCb:321
05-25 02:05:31.080  1071  5565 D android.hardware.gnss-service.ranchu: GnssHwListener:consume:87 sz=64
05-25 02:05:31.080  1071  5565 D android.hardware.gnss-service.ranchu: GnssHwListener:consume:87 sz=64
05-25 02:05:31.080  1071  5565 D android.hardware.gnss-service.ranchu: Gnss:onGnssLocationCb:311
05-25 02:05:31.080  1071  5565 D android.hardware.gnss-service.ranchu: Gnss:onGnssLocationCb:321
05-25 02:05:31.080  1071  5565 D android.hardware.gnss-service.ranchu: GnssHwListener:consume:87 sz=64
05-25 02:05:31.080  1071  5565 D android.hardware.gnss-service.ranchu: GnssHwListener:consume:87 sz=64
05-25 02:05:31.080  1071  5565 D android.hardware.gnss-service.ranchu: Gnss:onGnssLocationCb:311
05-25 02:05:31.080  1071  5565 D android.hardware.gnss-service.ranchu: Gnss:onGnssLocationCb:321
05-25 02:05:31.080  1071  5565 D android.hardware.gnss-service.ranchu: GnssHwListener:consume:87 sz=64
05-25 02:05:31.080  1071  5565 D android.hardware.gnss-service.ranchu: GnssHwListener:consume:87 sz=64
05-25 02:05:31.080  1071  5565 D android.hardware.gnss-service.ranchu: Gnss:onGnssLocationCb:311
05-25 02:05:31.080  1071  5565 D android.hardware.gnss-service.ranchu: Gnss:onGnssLocationCb:321
05-25 02:05:31.080  1071  5565 D android.hardware.gnss-service.ranchu: GnssHwListener:consume:87 sz=64
05-25 02:05:31.080  1071  5565 D android.hardware.gnss-service.ranchu: GnssHwListener:consume:87 sz=64
05-25 02:05:31.080  1071  5565 D android.hardware.gnss-service.ranchu: Gnss:onGnssLocationCb:311
05-25 02:05:31.080  1071  5565 D android.hardware.gnss-service.ranchu: Gnss:onGnssLocationCb:321
05-25 02:05:31.080  1071  5565 D android.hardware.gnss-service.ranchu: GnssHwListener:consume:87 sz=64
05-25 02:05:31.080  1071  5565 D android.hardware.gnss-service.ranchu: GnssHwListener:consume:87 sz=64
05-25 02:05:31.080  1071  5565 D android.hardware.gnss-service.ranchu: Gnss:onGnssLocationCb:311
05-25 02:05:31.080  1071  5565 D android.hardware.gnss-service.ranchu: Gnss:onGnssLocationCb:321
05-25 02:05:31.080  1071  5565 D android.hardware.gnss-service.ranchu: GnssHwListener:consume:87 sz=64
05-25 02:05:31.080  1071  5565 D android.hardware.gnss-service.ranchu: GnssHwListener:consume:87 sz=64
05-25 02:05:31.080  1071  5565 D android.hardware.gnss-service.ranchu: Gnss:onGnssLocationCb:311
05-25 02:05:31.080  1071  5565 D android.hardware.gnss-service.ranchu: Gnss:onGnssLocationCb:321
05-25 02:05:31.080  1071  5565 D android.hardware.gnss-service.ranchu: GnssHwListener:consume:87 sz=64
05-25 02:05:31.080  1071  5565 D android.hardware.gnss-service.ranchu: GnssHwListener:consume:87 sz=64
05-25 02:05:31.080  1071  5565 D android.hardware.gnss-service.ranchu: Gnss:onGnssLocationCb:311
05-25 02:05:31.080  1071  5565 D android.hardware.gnss-service.ranchu: Gnss:onGnssLocationCb:321
05-25 02:05:31.080  1071  5565 D android.hardware.gnss-service.ranchu: GnssHwListener:consume:87 sz=64
05-25 02:05:31.080  1071  5565 D android.hardware.gnss-service.ranchu: GnssHwListener:consume:87 sz=64
05-25 02:05:31.080  1071  5565 D android.hardware.gnss-service.ranchu: Gnss:onGnssLocationCb:311
05-25 02:05:31.080  1071  5565 D android.hardware.gnss-service.ranchu: Gnss:onGnssLocationCb:321
05-25 02:05:31.080  1071  5565 D android.hardware.gnss-service.ranchu: GnssHwListener:consume:87 sz=64
05-25 02:05:31.080  1071  5565 D android.hardware.gnss-service.ranchu: GnssHwListener:consume:87 sz=64
05-25 02:05:31.080  1071  5565 D android.hardware.gnss-service.ranchu: Gnss:onGnssLocationCb:311
05-25 02:05:31.080  1071  5565 D android.hardware.gnss-service.ranchu: Gnss:onGnssLocationCb:321
05-25 02:05:31.080  1071  5565 D android.hardware.gnss-service.ranchu: GnssHwListener:consume:87 sz=64
05-25 02:05:31.080  1071  5565 D android.hardware.gnss-service.ranchu: GnssHwListener:consume:87 sz=64
05-25 02:05:31.080  1071  5565 D android.hardware.gnss-service.ranchu: Gnss:onGnssLocationCb:311
05-25 02:05:31.080  1071  5565 D android.hardware.gnss-service.ranchu: Gnss:onGnssLocationCb:321
05-25 02:05:31.080  1071  5565 D android.hardware.gnss-service.ranchu: GnssHwListener:consume:87 sz=64
05-25 02:05:31.080  1071  5565 D android.hardware.gnss-service.ranchu: GnssHwListener:consume:87 sz=64
05-25 02:05:31.080  1071  5565 D android.hardware.gnss-service.ranchu: Gnss:onGnssLocationCb:311
05-25 02:05:31.080  1071  5565 D android.hardware.gnss-service.ranchu: Gnss:onGnssLocationCb:321
05-25 02:05:31.080  1071  5565 D android.hardware.gnss-service.ranchu: GnssHwListener:consume:87 sz=64
05-25 02:05:31.080  1071  5565 D android.hardware.gnss-service.ranchu: GnssHwListener:consume:87 sz=64
05-25 02:05:31.080  1071  5565 D android.hardware.gnss-service.ranchu: Gnss:onGnssLocationCb:311
05-25 02:05:31.080  1071  5565 D android.hardware.gnss-service.ranchu: Gnss:onGnssLocationCb:321
05-25 02:05:31.080  1071  5565 D android.hardware.gnss-service.ranchu: GnssHwListener:consume:87 sz=64
05-25 02:05:31.080  1071  5565 D android.hardware.gnss-service.ranchu: GnssHwListener:consume:87 sz=64
05-25 02:05:31.080  1071  5565 D android.hardware.gnss-service.ranchu: Gnss:onGnssLocationCb:311
05-25 02:05:31.080  1071  5565 D android.hardware.gnss-service.ranchu: Gnss:onGnssLocationCb:321
05-25 02:05:31.080  1071  5565 D android.hardware.gnss-service.ranchu: GnssHwListener:consume:87 sz=64
05-25 02:05:31.080  1071  5565 D android.hardware.gnss-service.ranchu: GnssHwListener:consume:87 sz=64
05-25 02:05:31.080  1071  5565 D android.hardware.gnss-service.ranchu: Gnss:onGnssLocationCb:311
05-25 02:05:31.080  1071  5565 D android.hardware.gnss-service.ranchu: Gnss:onGnssLocationCb:321
05-25 02:05:31.080  1071  5565 D android.hardware.gnss-service.ranchu: GnssHwListener:consume:87 sz=64
05-25 02:05:31.080  1071  5565 D android.hardware.gnss-service.ranchu: GnssHwListener:consume:87 sz=64
05-25 02:05:31.080  1071  5565 D android.hardware.gnss-service.ranchu: Gnss:onGnssLocationCb:311
05-25 02:05:31.080  1071  5565 D android.hardware.gnss-service.ranchu: Gnss:onGnssLocationCb:321
05-25 02:05:31.080  1071  5565 D android.hardware.gnss-service.ranchu: GnssHwListener:consume:87 sz=64
05-25 02:05:31.080  1071  5565 D android.hardware.gnss-service.ranchu: GnssHwListener:consume:87 sz=64
05-25 02:05:31.080  1071  5565 D android.hardware.gnss-service.ranchu: Gnss:onGnssLocationCb:311
05-25 02:05:31.080  1071  5565 D android.hardware.gnss-service.ranchu: Gnss:onGnssLocationCb:321
05-25 02:05:31.080  1071  5565 D android.hardware.gnss-service.ranchu: GnssHwListener:consume:87 sz=64
05-25 02:05:31.080  1071  5565 D android.hardware.gnss-service.ranchu: GnssHwListener:consume:87 sz=64
05-25 02:05:31.080  1071  5565 D android.hardware.gnss-service.ranchu: Gnss:onGnssLocationCb:311
05-25 02:05:31.080  1071  5565 D android.hardware.gnss-service.ranchu: Gnss:onGnssLocationCb:321
05-25 02:05:31.080  1071  5565 D android.hardware.gnss-service.ranchu: GnssHwListener:consume:87 sz=64
05-25 02:05:31.080  1071  5565 D android.hardware.gnss-service.ranchu: GnssHwListener:consume:87 sz=64
05-25 02:05:31.080  1071  5565 D android.hardware.gnss-service.ranchu: Gnss:onGnssLocationCb:311
05-25 02:05:31.080  1071  5565 D android.hardware.gnss-service.ranchu: Gnss:onGnssLocationCb:321
05-25 02:05:31.080  1071  5565 D android.hardware.gnss-service.ranchu: GnssHwListener:consume:87 sz=64
