05-25 02:57:05.551  1546  1927 I AiAiEcho: #postPredictionTargets: Sending updates to UISurface lockscreen with targets# 0 (types=[])
05-25 02:57:05.552  1546  1927 I AiAiEcho: #postPredictionTargets: Sending updates to UISurface home with targets# 0 (types=[])
05-25 02:57:05.552   755  2205 V AccessibilityUserState: updateShortcutTargets: type:accessibility_shortcut_target_service, current:{}, new:{}
05-25 02:57:05.552   755  2205 V AccessibilityUserState: updateShortcutTargets: type:accessibility_button_targets, current:{}, new:{}
05-25 02:57:05.552   755  2205 V AccessibilityUserState: updateShortcutTargets: type:accessibility_gesture_targets, current:{}, new:{}
05-25 02:57:05.552   755  2205 V AccessibilityUserState: updateShortcutTargets: type:accessibility_qs_targets, current:{}, new:{}
05-25 02:57:05.552   755  2205 V AccessibilityUserState: updateShortcutTargets: type:accessibility_key_gesture_targets, current:{}, new:{}
05-25 02:57:05.552   755  2205 W MagnificationConnectionManager: requestConnection duplicated request: connect=false, mConnectionState=DISCONNECTED
05-25 02:57:05.553  1546  3179 I AiAiEcho: Settings changed for uri: content://settings/secure/accessibility_enabled
05-25 02:57:05.554  1546  1927 I AiAiEcho: Predicting[0]:  [CONTEXT sampling_count=5 ]
05-25 02:57:05.554   755   755 W libbinder.IPCThreadState: Sending oneway calls to frozen process.
05-25 02:57:05.554  1546  1927 I AiAiEcho: EchoTargets: 
05-25 02:57:05.554  1546  1927 I AiAiEcho: Filtered by AiAi flag check: 
05-25 02:57:05.554  1546  1927 I AiAiEcho: [CONTEXT ratelimit_period="10 SECONDS" ]
05-25 02:57:05.554   755   755 W libbinder.IPCThreadState: Sending oneway calls to frozen process.
05-25 02:57:05.554  1546  1927 I AiAiEcho: #remoteViewsTwiddler: feature disabled.
05-25 02:57:05.554   755   755 W libbinder.IPCThreadState: Sending oneway calls to frozen process.
05-25 02:57:05.554   755   755 W libbinder.IPCThreadState: Sending oneway calls to frozen process.
05-25 02:57:05.554   755   755 W libbinder.IPCThreadState: Sending oneway calls to frozen process.
05-25 02:57:05.554   755   755 W libbinder.IPCThreadState: Sending oneway calls to frozen process.
05-25 02:57:05.555  1546  1927 I AiAiEcho: Predicting[0]:  [CONTEXT sampling_count=5 ]
05-25 02:57:05.555  1546  1927 I AiAiEcho: EchoTargets: 
05-25 02:57:05.555  1546  1927 I AiAiEcho: Filtered by AiAi flag check: 
05-25 02:57:05.555  1546  1927 I AiAiEcho: [CONTEXT ratelimit_period="10 SECONDS" ]
05-25 02:57:05.555  1546  1927 I AiAiEcho: #remoteViewsTwiddler: feature disabled.
05-25 02:57:05.555   755   755 W libbinder.IPCThreadState: Sending oneway calls to frozen process.
05-25 02:57:05.555   755   755 W libbinder.IPCThreadState: Sending oneway calls to frozen process.
05-25 02:57:05.555   755   755 W libbinder.IPCThreadState: Sending oneway calls to frozen process.
05-25 02:57:05.555   755   755 W libbinder.IPCThreadState: Sending oneway calls to frozen process.
05-25 02:57:05.555   755   755 W libbinder.IPCThreadState: Sending oneway calls to frozen process.
05-25 02:57:05.555   755   755 W libbinder.IPCThreadState: Sending oneway calls to frozen process.
05-25 02:57:05.555   755   755 W libbinder.IPCThreadState: Sending oneway calls to frozen process.
05-25 02:57:05.555   755   755 W libbinder.IPCThreadState: Sending oneway calls to frozen process.
05-25 02:57:05.555   755   755 W libbinder.IPCThreadState: Sending oneway calls to frozen process.
05-25 02:57:05.556   755   755 W libbinder.IPCThreadState: Sending oneway calls to frozen process.
05-25 02:57:05.557  1546  1927 I AiAiEcho: #postPredictionTargets: Sending updates to UISurface lockscreen with targets# 0 (types=[])
05-25 02:57:05.557  1546  1927 I AiAiEcho: #postPredictionTargets: Sending updates to UISurface home with targets# 0 (types=[])
05-25 02:57:05.558  1012  1012 W SsPagerDots: Total number of pages invalid: 0. Assuming 1 page.
05-25 02:57:05.559   755  2205 D AccessibilityManagerService: .getAccessibilityShortcutTargets {shortcutType=32, userId=0}
05-25 02:57:05.559  1012  1012 W SsPagerDots: Total number of pages invalid: 0. Assuming 1 page.
05-25 02:57:06.574 10217 10217 W AccessibilityNodeInfoDumper: Fetch time: 1ms
05-25 02:57:06.575   755  3184 V AccessibilityManagerService: onUserStateChangedLocked for userId: 0, forceUpdate: false
05-25 02:57:06.576   755  3184 V AccessibilityUserState: updateShortcutTargets: type:accessibility_shortcut_target_service, current:{}, new:{}
05-25 02:57:06.576   755  3184 V AccessibilityUserState: updateShortcutTargets: type:accessibility_button_targets, current:{}, new:{}
05-25 02:57:06.576   755  3184 V AccessibilityUserState: updateShortcutTargets: type:accessibility_gesture_targets, current:{}, new:{}
05-25 02:57:06.576   755  3184 V AccessibilityUserState: updateShortcutTargets: type:accessibility_qs_targets, current:{}, new:{}
05-25 02:57:06.576   755  3184 V AccessibilityUserState: updateShortcutTargets: type:accessibility_key_gesture_targets, current:{}, new:{}
05-25 02:57:06.576   755  3184 W MagnificationConnectionManager: requestConnection duplicated request: connect=false, mConnectionState=DISCONNECTED
05-25 02:57:06.576   755  3184 D AccessibilityManagerService: restoreCurrentUserForTestAutomationIfNeededLocked(): ignoring because device doesn't support visible background users
05-25 02:57:06.577   755   755 W libbinder.IPCThreadState: Sending oneway calls to frozen process.
05-25 02:57:06.577   755   755 W libbinder.IPCThreadState: Sending oneway calls to frozen process.
05-25 02:57:06.577   755   755 W libbinder.IPCThreadState: Sending oneway calls to frozen process.
05-25 02:57:06.577   755   755 W libbinder.IPCThreadState: Sending oneway calls to frozen process.
05-25 02:57:06.577   755   755 W libbinder.IPCThreadState: Sending oneway calls to frozen process.
05-25 02:57:06.577   755   755 W libbinder.IPCThreadState: Sending oneway calls to frozen process.
05-25 02:57:06.578  1546  2094 I AiAiEcho: Settings changed for uri: content://settings/secure/accessibility_enabled
05-25 02:57:06.578  1546  1927 I AiAiEcho: Predicting[0]:  [CONTEXT sampling_count=5 ]
05-25 02:57:06.578  1546  1927 I AiAiEcho: EchoTargets: 
05-25 02:57:06.578  1546  1927 I AiAiEcho: Filtered by AiAi flag check: 
05-25 02:57:06.578  1546  1927 I AiAiEcho: [CONTEXT ratelimit_period="10 SECONDS" ]
05-25 02:57:06.578  1546  1927 I AiAiEcho: #remoteViewsTwiddler: feature disabled.
05-25 02:57:06.578  1546  1927 I AiAiEcho: Predicting[0]:  [CONTEXT sampling_count=5 ]
05-25 02:57:06.578 10217 10217 D AndroidRuntime: Shutting down VM
05-25 02:57:06.578  1546  1927 I AiAiEcho: EchoTargets: 
05-25 02:57:06.578  1546  1927 I AiAiEcho: Filtered by AiAi flag check: 
05-25 02:57:06.578  1546  1927 I AiAiEcho: [CONTEXT ratelimit_period="10 SECONDS" ]
05-25 02:57:06.578   755   755 W libbinder.IPCThreadState: Sending oneway calls to frozen process.
05-25 02:57:06.578  1546  1927 I AiAiEcho: #remoteViewsTwiddler: feature disabled.
05-25 02:57:06.578   755   755 W libbinder.IPCThreadState: Sending oneway calls to frozen process.
05-25 02:57:06.579   755   755 W libbinder.IPCThreadState: Sending oneway calls to frozen process.
05-25 02:57:06.579   755   755 W libbinder.IPCThreadState: Sending oneway calls to frozen process.
05-25 02:57:06.579   755   755 W libbinder.IPCThreadState: Sending oneway calls to frozen process.
05-25 02:57:06.579   755   755 W libbinder.IPCThreadState: Sending oneway calls to frozen process.
05-25 02:57:06.579   755   755 W libbinder.IPCThreadState: Sending oneway calls to frozen process.
05-25 02:57:06.579  1546  1927 I AiAiEcho: #postPredictionTargets: Sending updates to UISurface lockscreen with targets# 0 (types=[])
05-25 02:57:06.579 10217 10225 W libbinder.IPCThreadState: call to talkWithDriver in joinThreadPool returned error: -9 (Bad file descriptor), FD: -1
05-25 02:57:06.579   755   755 W libbinder.IPCThreadState: Sending oneway calls to frozen process.
05-25 02:57:06.579 10217 10226 W libbinder.IPCThreadState: call to talkWithDriver in joinThreadPool returned error: -9 (Bad file descriptor), FD: -1
05-25 02:57:06.580  1546  1927 I AiAiEcho: #postPredictionTargets: Sending updates to UISurface home with targets# 0 (types=[])
05-25 02:57:06.581  1012  1012 W SsPagerDots: Total number of pages invalid: 0. Assuming 1 page.
05-25 02:57:06.581   755   755 W libbinder.IPCThreadState: Sending oneway calls to frozen process.
05-25 02:57:06.581   755   755 W libbinder.IPCThreadState: Sending oneway calls to frozen process.
05-25 02:57:06.582   755   755 W libbinder.IPCThreadState: Sending oneway calls to frozen process.
05-25 02:57:06.582   755   755 W libbinder.IPCThreadState: Sending oneway calls to frozen process.
05-25 02:57:06.582   755   755 W libbinder.IPCThreadState: Sending oneway calls to frozen process.
05-25 02:57:06.582   755   755 W libbinder.IPCThreadState: Sending oneway calls to frozen process.
05-25 02:57:06.582   755   755 W libbinder.IPCThreadState: Sending oneway calls to frozen process.
05-25 02:57:06.582   755   755 W libbinder.IPCThreadState: Sending oneway calls to frozen process.
05-25 02:57:06.582   755   755 W libbinder.IPCThreadState: Sending oneway calls to frozen process.
05-25 02:57:06.582   755   755 W libbinder.IPCThreadState: Sending oneway calls to frozen process.
05-25 02:57:06.582   755   755 D BatterySaverPolicy: accessibility changed to false, updating policy.
