--------- beginning of main
05-25 04:31:05.031 D/AndroidRuntime(17592): >>>>>> START com.android.internal.os.RuntimeInit uid 2000 <<<<<<
05-25 04:31:05.034 I/AndroidRuntime(17592): Using default boot image
05-25 04:31:05.034 I/AndroidRuntime(17592): Leaving lock profiling enabled
05-25 04:31:05.036 I/app_process(17592): Using CollectorTypeCMC GC.
05-25 04:31:05.099 D/nativeloader(17592): InitDefaultPublicLibraries for_preload=1: libandroid.so:libaaudio.so:libamidi.so:libbinder_ndk.so:libc.so:libcamera2ndk.so:libdl.so:libEGL.so:libGLESv1_CM.so:libGLESv2.so:libGLESv3.so:libicu.so:libicui18n.so:libicuuc.so:libjnigraphics.so:liblog.so:libmediandk.so:libm.so:libnativehelper.so:libnativewindow.so:libOpenMAXAL.so:libOpenSLES.so:libRS.so:libstdc++.so:libsync.so:libvulkan.so:libwebviewchromium_plat_support.so:libz.so
05-25 04:31:05.107 D/nativeloader(17592): Load libicu_jni.so using APEX ns com_android_art for caller /apex/com.android.art/javalib/core-oj.jar: ok
05-25 04:31:05.107 D/app_process(17592): u_setTimeZoneFilesDirectory("/apex/com.android.tzdata/etc/tz/versioned/9/icu") succeeded. 
05-25 04:31:05.107 D/app_process(17592): I18n APEX ICU file found: /apex/com.android.i18n/etc/icu/icudt76l.dat
05-25 04:31:05.107 D/nativeloader(17592): Load libjavacore.so using APEX ns com_android_art for caller /apex/com.android.art/javalib/core-oj.jar: ok
05-25 04:31:05.108 D/nativeloader(17592): Load libopenjdk.so using APEX ns com_android_art for caller /apex/com.android.art/javalib/core-oj.jar: ok
05-25 04:31:05.109 I/app_process(17592): Priority-to-niceness mapping: 19, 16, 13, 10, 0, -2, -4, -5, -6, -8
05-25 04:31:05.109 W/app_process(17592): Unexpected CPU variant for x86: x86_64.
05-25 04:31:05.109 W/app_process(17592): Known variants: atom, sandybridge, silvermont, goldmont, goldmont-plus, goldmont-without-sha-xsaves, tremont, kabylake, alderlake, default
05-25 04:31:05.124 D/nativeloader(17592): Load libframework-connectivity-tiramisu-jni.so using APEX ns com_android_tethering for caller /apex/com.android.tethering/javalib/framework-connectivity-t.jar: ok
05-25 04:31:05.124 D/AndroidRuntime(17592): Calling main entry com.android.commands.monkey.Monkey
05-25 04:31:05.125 D/nativeloader(17592): Load /system/lib64/libmonkey_jni.so using ns default for caller /system/framework/monkey.jar in same partition (is_bridged=0): ok
05-25 04:31:05.125 W/Monkey  (17592): args: [-p, com.tiarnanlarkin.danio, -c, android.intent.category.LAUNCHER, 1]
05-25 04:31:05.128 I/AconfigPackage(17592): android.media.swcodec.flags is mapped to com.android.media.swcodec
05-25 04:31:05.128 I/AconfigPackage(17592): com.android.permission.flags is mapped to com.android.permission
05-25 04:31:05.128 I/AconfigPackage(17592): com.android.permissioncontroller.flags is mapped to com.android.permission
05-25 04:31:05.128 I/AconfigPackage(17592): com.android.icu is mapped to com.android.i18n
05-25 04:31:05.128 I/AconfigPackage(17592): com.android.appsearch.flags is mapped to com.android.appsearch
05-25 04:31:05.128 I/AconfigPackage(17592): android.uprobestats.mainline.flags is mapped to com.android.uprobestats
05-25 04:31:05.128 I/AconfigPackage(17592): com.android.crashrecovery.flags is mapped to com.android.crashrecovery
05-25 04:31:05.129 I/AconfigPackage(17592): android.provider.flags is mapped to com.android.configinfrastructure
05-25 04:31:05.129 I/AconfigPackage(17592): com.android.server.deviceconfig is mapped to com.android.configinfrastructure
05-25 04:31:05.129 I/AconfigPackage(17592): com.android.compos.flags is mapped to com.android.compos
05-25 04:31:05.129 I/AconfigPackage(17592): com.android.art.flags is mapped to com.android.art
05-25 04:31:05.129 I/AconfigPackage(17592): com.android.art.rw.flags is mapped to com.android.art
05-25 04:31:05.129 I/AconfigPackage(17592): com.android.libcore is mapped to com.android.art
05-25 04:31:05.129 I/AconfigPackage(17592): com.android.telephony.flags is mapped to com.android.telephonycore
05-25 04:31:05.129 I/AconfigPackage(17592): com.android.media.extractor.flags is mapped to com.android.media
05-25 04:31:05.129 I/AconfigPackage(17592): com.android.media.mainline.flags is mapped to com.android.media
05-25 04:31:05.129 I/AconfigPackage(17592): com.android.wifi.flags is mapped to com.android.wifi
05-25 04:31:05.129 I/AconfigPackage(17592): com.android.org.conscrypt.flags is mapped to com.android.conscrypt
05-25 04:31:05.129 I/AconfigPackage(17592): com.android.org.conscrypt.net.flags is mapped to com.android.conscrypt
05-25 04:31:05.129 I/AconfigPackage(17592): com.android.healthfitness.flags is mapped to com.android.healthfitness
05-25 04:31:05.129 I/AconfigPackage(17592): com.android.ipsec.flags is mapped to com.android.ipsec
05-25 04:31:05.129 I/AconfigPackage(17592): com.android.nfc.module.flags is mapped to com.android.nfcservices
05-25 04:31:05.130 I/AconfigPackage(17592): com.android.adservices.ondevicepersonalization.flags is mapped to com.android.ondevicepersonalization
05-25 04:31:05.130 I/AconfigPackage(17592): com.android.adbd.flags is mapped to com.android.adbd
05-25 04:31:05.130 I/AconfigPackage(17592): com.android.bluetooth.flags is mapped to com.android.bt
05-25 04:31:05.130 I/AconfigPackage(17592): com.android.devicelock.flags is mapped to com.android.devicelock
05-25 04:31:05.130 I/AconfigPackage(17592): android.os.profiling is mapped to com.android.profiling
05-25 04:31:05.130 I/AconfigPackage(17592): android.os.profiling.anomaly.flags is mapped to com.android.profiling
05-25 04:31:05.130 I/AconfigPackage(17592): com.android.os.statsd.flags is mapped to com.android.os.statsd
05-25 04:31:05.130 I/AconfigPackage(17592): com.android.rkpd.flags is mapped to com.android.rkpd
05-25 04:31:05.130 I/AconfigPackage(17592): com.android.cellbroadcastreceiver.flags is mapped to com.android.cellbroadcast
05-25 04:31:05.130 I/AconfigPackage(17592): com.android.adservices.flags is mapped to com.android.adservices
05-25 04:31:05.130 I/AconfigPackage(17592): com.android.sdksandbox.flags is mapped to com.android.adservices
05-25 04:31:05.130 I/AconfigPackage(17592): com.android.uwb.flags is mapped to com.android.uwb
05-25 04:31:05.130 I/AconfigPackage(17592): com.android.ranging.flags is mapped to com.android.uwb
05-25 04:31:05.131 I/AconfigPackage(17592): android.graphics.pdf.flags is mapped to com.android.mediaprovider
05-25 04:31:05.131 I/AconfigPackage(17592): com.android.providers.media.flags is mapped to com.android.mediaprovider
05-25 04:31:05.131 I/AconfigPackage(17592): android.graphics.pdf.flags.readonly is mapped to com.android.mediaprovider
05-25 04:31:05.131 I/AconfigPackage(17592): com.android.tethering.mainline.beta is mapped to com.android.tethering
05-25 04:31:05.131 I/AconfigPackage(17592): android.net.http is mapped to com.android.tethering
05-25 04:31:05.131 I/AconfigPackage(17592): com.android.tethering.readonly.flags is mapped to com.android.tethering
05-25 04:31:05.131 I/AconfigPackage(17592): android.net.vcn is mapped to com.android.tethering
05-25 04:31:05.131 I/AconfigPackage(17592): com.android.net.flags is mapped to com.android.tethering
05-25 04:31:05.131 I/AconfigPackage(17592): com.android.tethering.beta.test is mapped to com.android.tethering
05-25 04:31:05.131 I/AconfigPackage(17592): com.android.nearby.flags is mapped to com.android.tethering
05-25 04:31:05.131 I/AconfigPackage(17592): com.android.net.ct.flags is mapped to com.android.tethering
05-25 04:31:05.131 I/AconfigPackage(17592): com.android.net.thread.flags is mapped to com.android.tethering
05-25 04:31:05.131 I/AconfigPackage(17592): com.android.system.virtualmachine.flags is mapped to com.android.virt
05-25 04:31:05.131 E/FeatureFlagsImplExport(17592): android.os.flagging.AconfigStorageReadException: ERROR_PACKAGE_NOT_FOUND: package android.xr cannot be found on the device
05-25 04:31:05.134 W/Monkey  (17592):  arg: "-p"
05-25 04:31:05.135 W/Monkey  (17592):  arg: "com.tiarnanlarkin.danio"
05-25 04:31:05.135 W/Monkey  (17592):  arg: "-c"
05-25 04:31:05.135 W/Monkey  (17592):  arg: "android.intent.category.LAUNCHER"
05-25 04:31:05.135 D/EventHub(  755): No input device configuration file found for device 'Monkey touch'.
05-25 04:31:05.135 W/Monkey  (17592):  arg: "1"
05-25 04:31:05.135 I/EventHub(  755): usingClockIoctl=true
05-25 04:31:05.135 W/Monkey  (17592): data="com.tiarnanlarkin.danio"
05-25 04:31:05.135 I/EventHub(  755): New device: id=28, fd=634, path='/dev/input/event14', name='Monkey touch', classes=TOUCH | TOUCH_MT, configuration='', keyLayout='', keyCharacterMap='', builtinKeyboard=false, 
05-25 04:31:05.135 W/Monkey  (17592): data="android.intent.category.LAUNCHER"
05-25 04:31:05.136 I/InputReader(  755): Device reconfigured: id=28, name='Monkey touch', size 1080x2400, orientation Rotation0, mode DIRECT, display id 0
05-25 04:31:05.136 I/InputReader(  755): Device added: id=28, eventHubId=28, name='Monkey touch', descriptor='e1fe28b90f915c7d1febbd52c1ef84b3c4cbed9f',sources=TOUCHSCREEN
--------- beginning of system
05-25 04:31:05.143 W/ActivityManager(  755): registerReceiverWithFeature: no app for null
05-25 04:31:05.148 D/WindowManager(  755): Direct invocation of sendNewConfiguration: Display{#0 state=ON size=1080x2400 ROTATION_0}
05-25 04:31:05.149 W/libbinder.IPCThreadState(  755): Sending oneway calls to frozen process.
05-25 04:31:05.150 I/PkDeviceHelper( 1440): PkDeviceHelper.refreshDevices():87 refreshing devices
05-25 04:31:05.150 I/PkDeviceHelper( 1440): PkDeviceHelper.addDevice():125 device qwerty2 added
05-25 04:31:05.150 I/PkDeviceHelper( 1440): PkDeviceHelper.addDevice():125 device AT Translated Set 2 keyboard added
05-25 04:31:05.152 W/ActivityTaskManager(  755): callingPackage for (uid=2000, pid=17592) has no WPC
05-25 04:31:05.153 V/WindowManager(  755): DesktopModeLaunchParamsModifier: phase= 0 task=null activity=null display-area-from-current-params=null display-area-from-default-fallback=DefaultTaskDisplayArea@179034865 display-id=0 task-display-area-windowing-mode=1 suggested-display-area=DefaultTaskDisplayArea@179034865 task null, skipping
05-25 04:31:05.153 V/WindowManager(  755): TaskLaunchParamsModifier:phase=0 task=null activity=null display-area-from-current-params=null display-area-from-default-fallback=DefaultTaskDisplayArea@179034865 display-id=0 task-display-area-windowing-mode=1 suggested-display-area=DefaultTaskDisplayArea@179034865
05-25 04:31:05.154 V/GrammaticalInflectionUtils(  755): AttributionSource: android.content.AttributionSource@f3022897 does not have READ_SYSTEM_GRAMMATICAL_GENDER permission.
05-25 04:31:05.154 V/WindowManager(  755): DesktopModeLaunchParamsModifier: phase= 0 task=null activity=ActivityRecord{113979813 u0 com.tiarnanlarkin.danio/.MainActivity display-area-from-current-params=null display-area-from-default-fallback=DefaultTaskDisplayArea@179034865 display-id=0 task-display-area-windowing-mode=1 suggested-display-area=DefaultTaskDisplayArea@179034865 task null, skipping
05-25 04:31:05.154 V/WindowManager(  755): TaskLaunchParamsModifier:phase=0 task=null activity=ActivityRecord{113979813 u0 com.tiarnanlarkin.danio/.MainActivity t-1} display-area-from-current-params=null display-area-from-default-fallback=DefaultTaskDisplayArea@179034865 display-id=0 task-display-area-windowing-mode=1 suggested-display-area=DefaultTaskDisplayArea@179034865
05-25 04:31:05.154 V/WindowManager(  755): DesktopModeLaunchParamsModifier: phase= 3 task=null activity=ActivityRecord{113979813 u0 com.tiarnanlarkin.danio/.MainActivity t-1} display-area-from-current-params=null display-area-from-default-fallback=DefaultTaskDisplayArea@179034865 display-id=0 task-display-area-windowing-mode=1 suggested-display-area=DefaultTaskDisplayArea@179034865 task null, skipping
05-25 04:31:05.155 V/WindowManager(  755): TaskLaunchParamsModifier:phase=3 task=null activity=ActivityRecord{113979813 u0 com.tiarnanlarkin.danio/.MainActivity t-1} display-area-from-current-params=null display-area-from-default-fallback=DefaultTaskDisplayArea@179034865 display-id=0 task-display-area-windowing-mode=1 suggested-display-area=DefaultTaskDisplayArea@179034865 non-freeform-task-display-area display-area=DefaultTaskDisplayArea@179034865 skip-bounds-fullscreen
05-25 04:31:05.156 I/HalDevMgr(  755): bestIfaceCreationProposal is null, requestIface=STA, existingIface=[name=wlan0 type=STA]
05-25 04:31:05.156 V/WindowManager(  755): DesktopModeLaunchParamsModifier: phase= 3 task=Task{842997a #29 type=standard I=com.tiarnanlarkin.danio/.MainActivity} activity=ActivityRecord{113979813 u0 com.tiarnanlarkin.danio/.MainActivity t-1} display-from-task=0 display-id=0 task-display-area-windowing-mode=1 suggested-display-area=DefaultTaskDisplayArea@179034865 not entering desktop mode, skipping
05-25 04:31:05.156 V/WindowManager(  755): TaskLaunchParamsModifier:phase=3 task=Task{842997a #29 type=standard I=com.tiarnanlarkin.danio/.MainActivity} activity=ActivityRecord{113979813 u0 com.tiarnanlarkin.danio/.MainActivity t-1} display-from-task=0 display-id=0 task-display-area-windowing-mode=1 suggested-display-area=DefaultTaskDisplayArea@179034865 inherit-from-task=fullscreen non-freeform-task-display-area display-area=DefaultTaskDisplayArea@179034865 skip-bounds-fullscreen
05-25 04:31:05.157 I/libbinder.BpBinder(  620): onLastStrongRef automatically unlinking death recipients for descriptor: '(not cached)'
05-25 04:31:05.159 D/CompatChangeReporter(  755): Compat change id reported: 377864165; UID 10219; state: ENABLED
05-25 04:31:05.160 I/ActivityTaskManager(  755): START u0 {act=android.intent.action.MAIN cat=[android.intent.category.LAUNCHER] flg=0x10200000 cmp=com.tiarnanlarkin.danio/.MainActivity} with LAUNCH_SINGLE_TOP from uid 2000 (com.android.shell) (BAL_ALLOW_PERMISSION) result code=0
05-25 04:31:05.160 I/Monkey  (17592): Events injected: 1
05-25 04:31:05.161 D/BaseActivity( 1151): Launcher flags updated: [state_started|state_resumed|state_deferred_resumed|state_window_focused] -[state_user_active]
05-25 04:31:05.161 D/BaseActivity( 1151): Launcher flags updated: [state_started|state_window_focused] -[state_resumed|state_deferred_resumed]
05-25 04:31:05.162 W/SplitSelectStateCtor( 1151): Missing session instanceIds
05-25 04:31:05.162 D/StatsLog( 1151): LAUNCHER_SPLIT_SELECTION_EXIT_INTERRUPTED
05-25 04:31:05.163 D/WindowManagerShell( 1012): setLauncherKeepClearAreaHeight: visible=false, height=495
05-25 04:31:05.164 V/WindowManagerShell( 1012): Transition requested (#57): android.os.BinderProxy@285ab03 TransitionRequestInfo { type = OPEN, triggerTask = TaskInfo{userId=0 taskId=29 effectiveUid=10219 displayId=0 isRunning=true baseIntent=Intent { act=android.intent.action.MAIN cat=[android.intent.category.LAUNCHER] flg=0x10200000 cmp=com.tiarnanlarkin.danio/.MainActivity } baseActivity=ComponentInfo{com.tiarnanlarkin.danio/com.tiarnanlarkin.danio.MainActivity} topActivity=ComponentInfo{com.tiarnanlarkin.danio/com.tiarnanlarkin.danio.MainActivity} origActivity=null realActivity=ComponentInfo{com.tiarnanlarkin.danio/com.tiarnanlarkin.danio.MainActivity} numActivities=1 lastActiveTime=9067668 supportsMultiWindow=true resizeMode=1 isResizeable=true minWidth=-1 minHeight=-1 defaultMinSize=220 token=WCT{android.os.BinderProxy@456ea80} topActivityType=1 pictureInPictureParams=null shouldDockBigOverlays=false launchIntoPipHostTaskId=-1 lastParentTaskIdBeforePip=-1 displayCutoutSafeInsets=Rect(0, 0 - 0, 0) topActivityInfo=ActivityInfo{37508b9 com.tiarnanlarkin.danio.MainActivity} launchCookies=[] positionInParent=Point(0, 0) parentTaskId=-1 isFocused=false isVisible=false isVisibleRequested=false isTopActivityNoDisplay=false isSleeping=false locusId=null displayAreaFeatureId=1 isTopActivityTransparent=false isActivityStackTransparent=false lastNonFullscreenBounds=null capturedLink=null capturedLinkTimestamp=0 requestedVisibleTypes=503 topActivityRequestOpenInBrowserEducationTimestamp=0 appCompatTaskInfo=AppCompatTaskInfo { topActivityInSizeCompat=false isLeafTask= true eligibleForLetterboxEducation= false isLetterboxEducationEnabled= true isLetterboxDoubleTapEnabled= false eligibleForUserAspectRatioButton= false topActivityBoundsLetterboxed= false isFromLetterboxDoubleTap= false topActivityLetterboxVerticalPosition= -1 topActivityLetterboxHorizontalPosition= -1 topActivityLetterboxWidth=-1 topActivityLetterboxHeight=-1 topActivityAppBounds=Rect(0, 0 - 1080, 2400) isUserFullscreenOverrideEnabled=false isSystemFullscreenOverrideEnabled=false hasMinAspectRatioOverride=false topActivityLetterboxBounds=null cameraCompatTaskInfo=CameraCompatTaskInfo { cameraCompatMode=inactive0} topNonResizableActivityAspectRatio=-1.0} topActivityMainWindowFrame=null isAppBubble=false}, pipChange = null, remoteTransition = null, displayChange = null, requestedLocation = null, userChange = null, windowingLayerChange = null, flags = 0, debugId = 57 }
05-25 04:31:05.164 D/ShellSplitScreen( 1012): logExit: no-op, mLoggerSessionId is null
05-25 04:31:05.164 W/libbinder.IPCThreadState(  663): Sending oneway calls to frozen process.
05-25 04:31:05.167 V/WindowManager(  755): Defer transition id=57 for TaskFragmentTransaction=android.os.Binder@fe6da34
05-25 04:31:05.167 V/WindowManager(  755): deferTransitionReady deferReadyDepth=1 stack=com.android.server.wm.TransitionController.deferTransitionReady:1061 com.android.server.wm.TaskFragmentOrganizerController$TaskFragmentOrganizerState.dispatchTransaction:517 com.android.server.wm.TaskFragmentOrganizerController.dispatchPendingEvents:1259 com.android.server.wm.TaskFragmentOrganizerController.dispatchPendingEvents:1228 com.android.server.wm.RootWindowContainer.performSurfacePlacement:777 
05-25 04:31:05.168 D/RecentsView( 1151): onTaskDisplayChanged: 29, new displayId = 0
05-25 04:31:05.169 V/WindowManager(  755): Continue transition id=57 for TaskFragmentTransaction=android.os.Binder@fe6da34
05-25 04:31:05.169 V/WindowManager(  755): continueTransitionReady deferReadyDepth=0 stack=com.android.server.wm.TransitionController.continueTransitionReady:1071 com.android.server.wm.TaskFragmentOrganizerController$TaskFragmentOrganizerState.onTransactionFinished:546 com.android.server.wm.TaskFragmentOrganizerController.onTransactionHandled:740 android.window.ITaskFragmentOrganizerController$Stub.onTransact:225 android.os.Binder.execTransactInternal:1473 
05-25 04:31:05.170 V/GrammaticalInflectionUtils(  755): AttributionSource: android.content.AttributionSource@f3022897 does not have READ_SYSTEM_GRAMMATICAL_GENDER permission.
05-25 04:31:05.175 I/Monkey  (17592): ## Network stats: elapsed time=19ms (0ms mobile, 0ms wifi, 19ms not connected)
05-25 04:31:05.175 D/b/417220811( 1151): invalidateLoadedTasks - previous requestLoadId: -1
05-25 04:31:05.176 I/app_process(17592): System.exit called, status: 0
05-25 04:31:05.176 I/AndroidRuntime(17592): VM exiting with result code 0.
05-25 04:31:05.176 D/b/417220811( 1151): invalidateLoadedTasks - previous requestLoadId: -1
05-25 04:31:05.176 D/BackgroundInstallControlService(  755): Package event received: 0
05-25 04:31:05.179 D/Zygote  (  545): Forked child process 17604
05-25 04:31:05.181 I/ActivityManager(  755): Start proc 17604:com.tiarnanlarkin.danio/u0a219 for next-top-activity {com.tiarnanlarkin.danio/com.tiarnanlarkin.danio.MainActivity}
05-25 04:31:05.185 I/EventHub(  755): Removing device Monkey touch due to epoll hang-up event.
05-25 04:31:05.185 I/EventHub(  755): Removed device: path=/dev/input/event14 name=Monkey touch id=28 fd=634 classes=TOUCH | TOUCH_MT
05-25 04:31:05.186 I/Zygote  (17604): Process 17604 created for com.tiarnanlarkin.danio
05-25 04:31:05.186 I/nanlarkin.danio(17604): Late-enabling -Xcheck:jni
05-25 04:31:05.216 D/BaseActivity( 1151): Launcher flags updated: [state_started] -[state_window_focused]
05-25 04:31:05.215 I/nanlarkin.danio(17604): Using CollectorTypeCMC GC.
05-25 04:31:05.216 W/nanlarkin.danio(17604): Unexpected CPU variant for x86: x86_64.
05-25 04:31:05.216 W/nanlarkin.danio(17604): Known variants: atom, sandybridge, silvermont, goldmont, goldmont-plus, goldmont-without-sha-xsaves, tremont, kabylake, alderlake, default
05-25 04:31:05.219 I/adbd    (  627): jdwp connection from 17604
05-25 04:31:05.222 I/InputReader(  755): Device removed: id=28, eventHubId=28, name='Monkey touch', descriptor='e1fe28b90f915c7d1febbd52c1ef84b3c4cbed9f', sources=TOUCHSCREEN
05-25 04:31:05.235 D/nativeloader(17604): Load libframework-connectivity-tiramisu-jni.so using APEX ns com_android_tethering for caller /apex/com.android.tethering/javalib/framework-connectivity-t.jar: ok
05-25 04:31:05.235 I/EventHub(  755): Removing device '/dev/input/event14' due to inotify event
05-25 04:31:05.238 D/NavigationModeController( 1012): getCurrentUserContext: contextUser=0 currentUser=0
05-25 04:31:05.242 W/libbinder.IPCThreadState(  755): Sending oneway calls to frozen process.
05-25 04:31:05.249 I/PkDeviceHelper( 1440): PkDeviceHelper.refreshDevices():87 refreshing devices
05-25 04:31:05.249 I/PkDeviceHelper( 1440): PkDeviceHelper.addDevice():125 device qwerty2 added
05-25 04:31:05.249 I/PkDeviceHelper( 1440): PkDeviceHelper.addDevice():125 device AT Translated Set 2 keyboard added
05-25 04:31:05.250 V/WindowManager(  755): Sent Transition (#57) createdAt=05-25 04:31:05.154 via request=TransitionRequestInfo { type = OPEN, triggerTask = TaskInfo{userId=0 taskId=29 effectiveUid=10219 displayId=0 isRunning=true baseIntent=Intent { act=android.intent.action.MAIN cat=[android.intent.category.LAUNCHER] flg=0x10200000 cmp=com.tiarnanlarkin.danio/.MainActivity } baseActivity=ComponentInfo{com.tiarnanlarkin.danio/com.tiarnanlarkin.danio.MainActivity} topActivity=ComponentInfo{com.tiarnanlarkin.danio/com.tiarnanlarkin.danio.MainActivity} origActivity=null realActivity=ComponentInfo{com.tiarnanlarkin.danio/com.tiarnanlarkin.danio.MainActivity} numActivities=1 lastActiveTime=9067668 supportsMultiWindow=true resizeMode=1 isResizeable=true minWidth=-1 minHeight=-1 defaultMinSize=220 token=WCT{RemoteToken{cd73bcc Task{842997a #29 type=standard I=com.tiarnanlarkin.danio/.MainActivity}}} topActivityType=1 pictureInPictureParams=null shouldDockBigOverlays=false launchIntoPipHostTaskId=-1 lastParentTaskIdBeforePip=-1 displayCutoutSafeInsets=Rect(0, 0 - 0, 0) topActivityInfo=ActivityInfo{7a4ce15 com.tiarnanlarkin.danio.MainActivity} launchCookies=[] positionInParent=Point(0, 0) parentTaskId=-1 isFocused=false isVisible=false isVisibleRequested=false isTopActivityNoDisplay=false isSleeping=false locusId=null displayAreaFeatureId=1 isTopActivityTransparent=false isActivityStackTransparent=false lastNonFullscreenBounds=null capturedLink=null capturedLinkTimestamp=0 requestedVisibleTypes=503 topActivityRequestOpenInBrowserEducationTimestamp=0 appCompatTaskInfo=AppCompatTaskInfo { topActivityInSizeCompat=false isLeafTask= true eligibleForLetterboxEducation= false isLetterboxEducationEnabled= true isLetterboxDoubleTapEnabled= false eligibleForUserAspectRatioButton= false topActivityBoundsLetterboxed= false isFromLetterboxDoubleTap= false topActivityLetterboxVerticalPosition= -1 topActivityLetterboxHorizontalPosition= -1 topActivityLetterboxWidth=-1 topActivityLetterboxHeight=-1 topActivityAppBounds=Rect(0, 0 - 1080, 2400) isUserFullscreenOverrideEnabled=false isSystemFullscreenOverrideEnabled=false hasMinAspectRatioOverride=false topActivityLetterboxBounds=null cameraCompatTaskInfo=CameraCompatTaskInfo { cameraCompatMode=inactive0} topNonResizableActivityAspectRatio=-1.0} topActivityMainWindowFrame=null isAppBubble=false}, pipChange = null, remoteTransition = null, displayChange = null, requestedLocation = null, userChange = null, windowingLayerChange = null, flags = 0, debugId = 57 }
05-25 04:31:05.250 V/WindowManager(  755):     startWCT=WindowContainerTransaction { changes= {} hops= [] errorCallbackToken=null taskFragmentOrganizer=null }
05-25 04:31:05.250 V/WindowManager(  755):     info={id=57 t=OPEN f=0x0 trk=0 r=[0@Point(0, 0)] c=[
05-25 04:31:05.250 V/WindowManager(  755):         {WCT{RemoteToken{cd73bcc Task{842997a #29 type=standard I=com.tiarnanlarkin.danio/.MainActivity}}} m=OPEN f=NONE leash=Surface(name=Task=29#1146)/@0xe81051e sb=Rect(0, 0 - 1080, 2400) eb=Rect(0, 0 - 1080, 2400) epz=Point(1080, 2400) d=0 taskParent=-1 winMode=1 userId=0},
05-25 04:31:05.250 V/WindowManager(  755):         {WCT{RemoteToken{9b18a9 Task{dee529 #1 type=home}}} m=TO_BACK f=SHOW_WALLPAPER leash=Surface(name=Task=1#42)/@0xd1a2fc4 sb=Rect(0, 0 - 1080, 2400) eb=Rect(0, 0 - 1080, 2400) epz=Point(1080, 2400) d=0 taskParent=-1 winMode=1 userId=0},
05-25 04:31:05.250 V/WindowManager(  755):         {m=TO_BACK f=IS_WALLPAPER leash=Surface(name=WallpaperWindowToken{6b1c075}#58)/@0xe496ad7 sb=Rect(0, 0 - 1080, 2400) eb=Rect(0, 0 - 1080, 2400) epz=Point(1080, 2400) d=0}
05-25 04:31:05.250 V/WindowManager(  755):     ]}
05-25 04:31:05.251 V/WindowManagerShell( 1012): onTransitionReady(transaction=3242700324357)
05-25 04:31:05.251 V/WindowManagerShell( 1012): onTransitionReady (#57) android.os.BinderProxy@285ab03: {id=57 t=OPEN f=0x0 trk=0 r=[0@Point(0, 0)] c=[
05-25 04:31:05.251 V/WindowManagerShell( 1012):         {m=OPEN f=NONE leash=Surface(name=Task=29#1146)/@0x198e9ae sb=Rect(0, 0 - 1080, 2400) eb=Rect(0, 0 - 1080, 2400) epz=Point(1080, 2400) d=0 taskParent=-1 winMode=1 userId=0},
05-25 04:31:05.251 V/WindowManagerShell( 1012):         {m=TO_BACK f=SHOW_WALLPAPER leash=Surface(name=Task=1#42)/@0xfe2b34f sb=Rect(0, 0 - 1080, 2400) eb=Rect(0, 0 - 1080, 2400) epz=Point(1080, 2400) d=0 taskParent=-1 winMode=1 userId=0},
05-25 04:31:05.251 V/WindowManagerShell( 1012):         {m=TO_BACK f=IS_WALLPAPER leash=Surface(name=WallpaperWindowToken{6b1c075}#58)/@0x4429adc sb=Rect(0, 0 - 1080, 2400) eb=Rect(0, 0 - 1080, 2400) epz=Point(1080, 2400) d=0}
05-25 04:31:05.251 V/WindowManagerShell( 1012):     ]}
05-25 04:31:05.252 V/WindowManagerShell( 1012): Playing animation for (#57) android.os.BinderProxy@285ab03@0
05-25 04:31:05.253 V/ShellRecents( 1012): RecentsTransitionHandler.startAnimation: no controller found
05-25 04:31:05.253 V/WindowManagerShell( 1012): Transition doesn't have explicit remote, search filters for match for {id=57 t=OPEN f=0x0 trk=0 r=[0@Point(0, 0)] c=[{m=OPEN f=NONE leash=Surface(name=Task=29#1146)/@0x198e9ae sb=Rect(0, 0 - 1080, 2400) eb=Rect(0, 0 - 1080, 2400) epz=Point(1080, 2400) d=0 taskParent=-1 winMode=1 userId=0},{m=TO_BACK f=SHOW_WALLPAPER leash=Surface(name=Task=1#42)/@0xfe2b34f sb=Rect(0, 0 - 1080, 2400) eb=Rect(0, 0 - 1080, 2400) epz=Point(1080, 2400) d=0 taskParent=-1 winMode=1 userId=0},{m=TO_BACK f=IS_WALLPAPER leash=Surface(name=WallpaperWindowToken{6b1c075}#58)/@0x4429adc sb=Rect(0, 0 - 1080, 2400) eb=Rect(0, 0 - 1080, 2400) epz=Point(1080, 2400) d=0}]}
05-25 04:31:05.253 V/WindowManagerShell( 1012):  Checking filter Pair{{types=[] flags=0x0] notFlags=0x0 checks=[{atype=undefined independent=true modes=[CLOSE,TO_BACK] flags=IN_TASK_WITH_EMBEDDED_ACTIVITY mustBeTask=false order=ANY topActivity=null launchCookie=null taskFragmentToken=android.os.BinderProxy@783bfea windowingMode=undefined isCrossDisplayMove=false}]} RemoteTransition { remoteTransition = android.window.IRemoteTransition$Stub$Proxy@8e32db, appThread = android.app.IApplicationThread$Stub$Proxy@6c9178, debugName = overlayBackTransition }}
05-25 04:31:05.253 V/WindowManagerShell( 1012):  Checking filter Pair{{types=[] flags=0x0] notFlags=0x0 checks=[{atype=dream independent=true modes=[OPEN,TO_FRONT] flags=NONE mustBeTask=false order=ANY topActivity=null launchCookie=null windowingMode=undefined isCrossDisplayMove=false},{atype=home independent=true modes=[CLOSE,TO_BACK] flags=NONE mustBeTask=false order=ANY topActivity=null launchCookie=null windowingMode=undefined isCrossDisplayMove=false}]} RemoteTransition { remoteTransition = android.window.IRemoteTransition$Stub$Proxy@d5cb051, appThread = android.app.IApplicationThread$Stub$Proxy@dd5f0b6, debugName = LauncherToDream }}
05-25 04:31:05.253 V/WindowManagerShell( 1012):  Checking filter Pair{{types=[] flags=0x0] notFlags=0x100 checks=[{atype=home independent=true modes=[OPEN,TO_FRONT] flags=NONE mustBeTask=false order=TOP topActivity=ComponentInfo{com.google.android.apps.nexuslauncher/com.google.android.apps.nexuslauncher.NexusLauncherActivity} launchCookie=null windowingMode=undefined isCrossDisplayMove=false},{atype=standard independent=true modes=[CLOSE,TO_BACK] flags=NONE mustBeTask=false order=ANY topActivity=null launchCookie=null windowingMode=undefined isCrossDisplayMove=false},{NOT atype=undefined independent=true modes=[] flags=NONE mustBeTask=true order=ANY topActivity=null launchCookie=null customAnim=true windowingMode=undefined isCrossDisplayMove=false}]} RemoteTransition { remoteTransition = android.window.IRemoteTransition$Stub$Proxy@63321b7, appThread = android.app.IApplicationThread$Stub$Proxy@2954d24, debugName = QuickstepLaunchHome }}
05-25 04:31:05.253 V/WindowManagerShell( 1012):  Delegate animation for (#57) to null
05-25 04:31:05.253 V/WindowManagerShell( 1012): start default transition animation, info = {id=57 t=OPEN f=0x0 trk=0 r=[0@Point(0, 0)] c=[{m=OPEN f=NONE leash=Surface(name=Task=29#1146)/@0x198e9ae sb=Rect(0, 0 - 1080, 2400) eb=Rect(0, 0 - 1080, 2400) epz=Point(1080, 2400) d=0 taskParent=-1 winMode=1 userId=0},{m=TO_BACK f=SHOW_WALLPAPER leash=Surface(name=Task=1#42)/@0xfe2b34f sb=Rect(0, 0 - 1080, 2400) eb=Rect(0, 0 - 1080, 2400) epz=Point(1080, 2400) d=0 taskParent=-1 winMode=1 userId=0},{m=TO_BACK f=IS_WALLPAPER leash=Surface(name=WallpaperWindowToken{6b1c075}#58)/@0x4429adc sb=Rect(0, 0 - 1080, 2400) eb=Rect(0, 0 - 1080, 2400) epz=Point(1080, 2400) d=0}]}
05-25 04:31:05.253 V/WindowManagerShell( 1012): loadAnimation: anim=android.view.animation.AnimationSet@2cc88c8 animAttr=0x13 type=OPEN isEntrance=false
05-25 04:31:05.254 V/WindowManagerShell( 1012): loadAnimation: anim=android.view.animation.AnimationSet@2856974 animAttr=0x12 type=OPEN isEntrance=true
05-25 04:31:05.255 D/BackgroundInstallControlService(  755): Package event received: 0
05-25 04:31:05.255 V/WindowManagerShell( 1012):  animated by com.android.wm.shell.transition.DefaultTransitionHandler@7b0dc0f
05-25 04:31:05.255 V/ShellTaskOrganizer( 1012): Task appeared taskId=29 listener=FullscreenTaskListener
05-25 04:31:05.255 V/ShellTaskOrganizer( 1012): Fullscreen Task Appeared: #29
05-25 04:31:05.257 D/b/417220811( 1151): invalidateLoadedTasks - previous requestLoadId: -1
05-25 04:31:05.260 W/PermissionService(  755): getPermissionFlags: Unknown user -1
05-25 04:31:05.260 W/PermissionService(  755): getPermissionFlags: Unknown user -1
05-25 04:31:05.282 D/b/417220811( 1151): invalidateLoadedTasks - previous requestLoadId: -1
05-25 04:31:05.290 D/ApplicationLoaders(17604): Returning zygote-cached class loader: /system_ext/framework/androidx.window.extensions.jar
05-25 04:31:05.290 D/ApplicationLoaders(17604): Returning zygote-cached class loader: /system_ext/framework/androidx.window.sidecar.jar
05-25 04:31:05.469 W/AiAiEcho( 1546): LyftNotificationParser Ridesharing ETA not enabled
05-25 04:31:05.469 I/AiAiEcho( 1546): SmartspaceNotificationPredictor no parser can handle this notification or notification is invalid
05-25 04:31:05.565 V/WindowManagerShell( 1012): Transition animation finished (aborted=false), notifying core (#57) android.os.BinderProxy@285ab03@0
05-25 04:31:05.567 V/WindowManager(  755): Finish Transition (#57): created at 05-25 04:31:05.154 collect-started=0.06ms request-sent=4.929ms started=14.839ms ready=83.804ms sent=95.049ms commit=11.653ms finished=412.654ms
05-25 04:31:05.568 D/VRI[NexusLauncherActivity]( 1151): visibilityChanged oldVisibility=true newVisibility=false
05-25 04:31:05.569 D/WallpaperService( 1012): onVisibilityChanged(false): com.android.systemui.wallpapers.ImageWallpaper$CanvasEngine@ca2f989
05-25 04:31:05.570 V/WindowManagerShell( 1012): Track 0 became idle
05-25 04:31:05.570 V/WindowManagerShell( 1012): All active transition animations finished
05-25 04:31:05.573 D/nativeloader(17604): Configuring clns-9 for other apk /data/app/~~_ULMhUq5H4t0dzIYWVzDyw==/com.tiarnanlarkin.danio-PRa0aoY4HbjuNpvfW_ZTyQ==/base.apk. target_sdk_version=36, uses_libraries=, library_path=/data/app/~~_ULMhUq5H4t0dzIYWVzDyw==/com.tiarnanlarkin.danio-PRa0aoY4HbjuNpvfW_ZTyQ==/lib/x86_64:/data/app/~~_ULMhUq5H4t0dzIYWVzDyw==/com.tiarnanlarkin.danio-PRa0aoY4HbjuNpvfW_ZTyQ==/base.apk!/lib/x86_64, permitted_path=/data:/mnt/expand:/data/user/0/com.tiarnanlarkin.danio
05-25 04:31:05.577 D/NexusLauncherModelDelegate( 1151): notifySmartspaceEvent: SmartspaceTargetEvent{mSmartspaceTarget=null, mSmartspaceActionId='null', mEventType=7}
05-25 04:31:05.584 V/GraphicsEnvironment(17604): Currently set values for:
05-25 04:31:05.584 V/GraphicsEnvironment(17604):   angle_gl_driver_selection_pkgs=[]
05-25 04:31:05.584 V/GraphicsEnvironment(17604):   angle_gl_driver_selection_values=[]
05-25 04:31:05.584 V/GraphicsEnvironment(17604): com.tiarnanlarkin.danio is not listed in per-application setting
05-25 04:31:05.584 V/GraphicsEnvironment(17604): ANGLE allowlist from config: com.dreamgames.royalmatch com.dts.freefiremax com.dxx.firenow com.gramgames.mergedragons com.ludo.king com.mojang.minecraftpe com.my.defense com.nintendo.zaka com.os.airforce com.playrix.fishdomdd.gplay io.teslatech.callbreak jp.konami.prospia net.peakgames.toonblast
05-25 04:31:05.584 V/GraphicsEnvironment(17604): No special selections for ANGLE, returning default driver choice
05-25 04:31:05.584 V/GraphicsEnvironment(17604): Neither updatable production driver nor prerelease driver is supported.
05-25 04:31:05.604 D/BackgroundInstallControlService(  755): Package event received: 0
05-25 04:31:05.605 D/BackgroundInstallControlService(  755): Package event received: 0
05-25 04:31:05.608 I/DisplayManager(17604): Choreographer implicitly registered for the refresh rate.
05-25 04:31:05.622 E/ashmem  (17604): Pinning is deprecated since Android Q. Please use trim or other methods.
05-25 04:31:05.638 D/FlutterJNI(17604): Beginning load of flutter...
05-25 04:31:05.640 I/ResourceExtractor(17604): Found extracted resources res_timestamp-1-1779678688870
05-25 04:31:05.640 I/ResourceExtractor(17604): Resource version mismatch res_timestamp-1-1779679834883
05-25 04:31:05.751 D/nativeloader(17604): Load /data/app/~~_ULMhUq5H4t0dzIYWVzDyw==/com.tiarnanlarkin.danio-PRa0aoY4HbjuNpvfW_ZTyQ==/base.apk!/lib/x86_64/libflutter.so using class loader ns clns-9 (caller=/data/app/~~_ULMhUq5H4t0dzIYWVzDyw==/com.tiarnanlarkin.danio-PRa0aoY4HbjuNpvfW_ZTyQ==/base.apk): ok
05-25 04:31:05.752 I/GFXSTREAM(17604): [eglDisplay.cpp(297)] Opening libGLESv1_CM_emulation.so
05-25 04:31:05.753 D/FlutterJNI(17604): flutter (null) was loaded normally!
05-25 04:31:05.755 I/GFXSTREAM(17604): [eglDisplay.cpp(297)] Opening libGLESv2_emulation.so
05-25 04:31:05.762 W/HWUI    (17604): Failed to choose config with EGL_SWAP_BEHAVIOR_PRESERVED, retrying without...
05-25 04:31:05.762 W/HWUI    (17604): Failed to initialize 101010-2 format, error = EGL_SUCCESS
05-25 04:31:06.180 I/ResourceExtractor(17604): Extracted baseline resource assets/flutter_assets/kernel_blob.bin
05-25 04:31:06.181 I/ResourceExtractor(17604): Extracted baseline resource assets/flutter_assets/vm_snapshot_data
05-25 04:31:06.227 I/ResourceExtractor(17604): Extracted baseline resource assets/flutter_assets/isolate_snapshot_data
05-25 04:31:06.230 D/FileUtils(  755): Rounded bytes from 4104835072 to 8000000000
05-25 04:31:06.244 W/nanlarkin.danio(17604): type=1400 audit(0.0:148): avc:  denied  { read } for  name="max_map_count" dev="proc" ino=18116 scontext=u:r:untrusted_app:s0:c219,c256,c512,c768 tcontext=u:object_r:proc_max_map_count:s0 tclass=file permissive=0 app=com.tiarnanlarkin.danio
05-25 04:31:06.259 D/DesktopExperienceFlags(17604): Toggle override initialized to: false
05-25 04:31:06.260 D/DesktopModeFlags(17604): Toggle override initialized to: OVERRIDE_UNSET
05-25 04:31:06.318 I/flutter (17604): [IMPORTANT:flutter/shell/platform/android/android_context_gl_impeller.cc(104)] Using the Impeller rendering backend (OpenGLES).
05-25 04:31:06.321 I/flutter (17604): The Dart VM service is listening on http://127.0.0.1:41383/eYFH-Ojo4ew=/
05-25 04:31:06.505 D/com.llfbandit.app_links(17604): Intent { act=android.intent.action.MAIN cat=[android.intent.category.LAUNCHER] flg=0x10200000 cmp=com.tiarnanlarkin.danio/.MainActivity }
05-25 04:31:06.549 I/nanlarkin.danio(17604): hiddenapi: Accessing hidden method Landroid/view/accessibility/AccessibilityNodeInfo;->getSourceNodeId()J (runtime_flags=0, domain=platform, api=unsupported,test-api) from Lio/flutter/view/AccessibilityViewEmbedder$ReflectionAccessors; (domain=app, TargetSdkVersion=36) using reflection: allowed
05-25 04:31:06.550 I/nanlarkin.danio(17604): hiddenapi: Accessing hidden method Landroid/view/accessibility/AccessibilityRecord;->getSourceNodeId()J (runtime_flags=0, domain=platform, api=unsupported) from Lio/flutter/view/AccessibilityViewEmbedder$ReflectionAccessors; (domain=app, TargetSdkVersion=36) using reflection: allowed
05-25 04:31:06.550 I/nanlarkin.danio(17604): hiddenapi: Accessing hidden field Landroid/view/accessibility/AccessibilityNodeInfo;->mChildNodeIds:Landroid/util/LongArray; (runtime_flags=0, domain=platform, api=unsupported) from Lio/flutter/view/AccessibilityViewEmbedder$ReflectionAccessors; (domain=app, TargetSdkVersion=36) using reflection: allowed
05-25 04:31:06.550 I/nanlarkin.danio(17604): hiddenapi: Accessing hidden method Landroid/util/LongArray;->get(I)J (runtime_flags=0, domain=platform, api=unsupported) from Lio/flutter/view/AccessibilityViewEmbedder$ReflectionAccessors; (domain=app, TargetSdkVersion=36) using reflection: allowed
05-25 04:31:06.562 D/FlutterRenderer(17604): Width is zero. 0,0
05-25 04:31:06.564 D/CompatChangeReporter(17604): Compat change id reported: 377864165; UID 10219; state: ENABLED
05-25 04:31:06.576 W/HWUI    (17604): Unknown dataspace 0
05-25 04:31:06.763 I/Choreographer(17604): Skipped 69 frames!  The application may be doing too much work on its main thread.
05-25 04:31:06.765 D/WindowOnBackDispatcher(17604): setTopOnBackInvokedCallback (unwrapped): android.app.Activity$$ExternalSyntheticLambda0@e0256e2
05-25 04:31:06.766 D/CoreBackPreview(  755): Window{3295171 u0 com.tiarnanlarkin.danio/com.tiarnanlarkin.danio.MainActivity}: Setting back callback OnBackInvokedCallbackInfo{mCallback=android.window.IOnBackInvokedCallback$Stub$Proxy@f36b8c4, mPriority=-1, mIsAnimationCallback=false, mOverrideBehavior=0}
05-25 04:31:06.809 I/WindowExtensionsImpl(17604): Initializing Window Extensions, vendor API level=9, activity embedding enabled=true
05-25 04:31:06.834 D/VRI[MainActivity](17604): WindowInsets changed: 1080x2400 statusBars:[0,63,0,0] navigationBars:[0,0,0,63] mandatorySystemGestures:[0,63,0,84] 
05-25 04:31:06.834 D/FlutterRenderer(17604): Width is zero. 0,0
05-25 04:31:06.852 D/FlutterRenderer(17604): Width is zero. 0,0
05-25 04:31:06.854 D/FlutterJNI(17604): Sending viewport metrics to the engine.
05-25 04:31:06.922 I/nanlarkin.danio(17604): Compiler allocated 5087KB to compile void android.view.ViewRootImpl.performTraversals()
05-25 04:31:07.281 D/FlutterJNI(17604): Sending viewport metrics to the engine.
05-25 04:31:07.675 D/WindowLayoutComponentImpl(17604): Register WindowLayoutInfoListener on Context=com.tiarnanlarkin.danio.MainActivity@fadecaf, of which baseContext=android.app.ContextImpl@7c8c2a7
05-25 04:31:08.163 I/HalDevMgr(  755): bestIfaceCreationProposal is null, requestIface=STA, existingIface=[name=wlan0 type=STA]
05-25 04:31:08.286 I/Choreographer(17604): Skipped 59 frames!  The application may be doing too much work on its main thread.
05-25 04:31:08.354 I/flutter (17604): [LocalJsonStorageService] ✅ Storage loaded successfully: 5 tanks, 0 livestock, 0 equipment
05-25 04:31:08.658 D/FlutterJNI(17604): Sending viewport metrics to the engine.
05-25 04:31:08.701 D/WindowOnBackDispatcher(17604): setTopOnBackInvokedCallback (unwrapped): io.flutter.embedding.android.FlutterActivity$1@b0f31f9
05-25 04:31:08.702 D/CoreBackPreview(  755): Window{3295171 u0 com.tiarnanlarkin.danio/com.tiarnanlarkin.danio.MainActivity}: Setting back callback OnBackInvokedCallbackInfo{mCallback=android.window.IOnBackInvokedCallback$Stub$Proxy@55d8b65, mPriority=0, mIsAnimationCallback=true, mOverrideBehavior=0}
05-25 04:31:08.702 D/WindowOnBackDispatcher(17604): setTopOnBackInvokedCallback (unwrapped): android.app.Activity$$ExternalSyntheticLambda0@e0256e2
05-25 04:31:08.702 D/CoreBackPreview(  755): Window{3295171 u0 com.tiarnanlarkin.danio/com.tiarnanlarkin.danio.MainActivity}: Setting back callback OnBackInvokedCallbackInfo{mCallback=android.window.IOnBackInvokedCallback$Stub$Proxy@e6b503a, mPriority=-1, mIsAnimationCallback=false, mOverrideBehavior=0}
05-25 04:31:08.714 D/FlutterJNI(17604): Sending viewport metrics to the engine.
05-25 04:31:08.771 I/ActivityTaskManager(  755): Displayed com.tiarnanlarkin.danio/.MainActivity for user 0: +3s618ms
05-25 04:31:08.771 I/ActivityTaskManager(  755): Fully drawn com.tiarnanlarkin.danio/.MainActivity: +3s618ms
05-25 04:31:08.832 D/ConnectivityService(  755): requestNetwork for uid/pid:10219/17604 activeRequest: null callbackRequest: 317 [NetworkRequest [ REQUEST id=318, [ Capabilities: INTERNET&NOT_RESTRICTED&TRUSTED&NOT_VCN_MANAGED&NOT_BANDWIDTH_CONSTRAINED Uid: 10219 RequestorUid: 10219 RequestorPkg: com.tiarnanlarkin.danio UnderlyingNetworks: Null] ]] callback flags: 0 order: 2147483647 isUidTracked: false declaredMethods: AVAIL|LOST|NC
05-25 04:31:08.834 D/WifiNetworkFactory(  755): got request NetworkRequest [ REQUEST id=318, [ Capabilities: INTERNET&NOT_RESTRICTED&TRUSTED&NOT_VCN_MANAGED&NOT_BANDWIDTH_CONSTRAINED Uid: 10219 RequestorUid: 10219 RequestorPkg: com.tiarnanlarkin.danio UnderlyingNetworks: Null] ]
05-25 04:31:08.834 D/UntrustedWifiNetworkFactory(  755): got request NetworkRequest [ REQUEST id=318, [ Capabilities: INTERNET&NOT_RESTRICTED&TRUSTED&NOT_VCN_MANAGED&NOT_BANDWIDTH_CONSTRAINED Uid: 10219 RequestorUid: 10219 RequestorPkg: com.tiarnanlarkin.danio UnderlyingNetworks: Null] ]
05-25 04:31:08.834 D/ConnectivityService(  755): NetReassign [318 : null → 102] [c 1] [a 0] [i 0]
05-25 04:31:08.834 D/OemPaidWifiNetworkFactory(  755): got request NetworkRequest [ REQUEST id=318, [ Capabilities: INTERNET&NOT_RESTRICTED&TRUSTED&NOT_VCN_MANAGED&NOT_BANDWIDTH_CONSTRAINED Uid: 10219 RequestorUid: 10219 RequestorPkg: com.tiarnanlarkin.danio UnderlyingNetworks: Null] ]
05-25 04:31:08.834 D/MultiInternetWifiNetworkFactory(  755): got request NetworkRequest [ REQUEST id=318, [ Capabilities: INTERNET&NOT_RESTRICTED&TRUSTED&NOT_VCN_MANAGED&NOT_BANDWIDTH_CONSTRAINED Uid: 10219 RequestorUid: 10219 RequestorPkg: com.tiarnanlarkin.danio UnderlyingNetworks: Null] ]
05-25 04:31:08.849 I/ImeTracker(  755): com.tiarnanlarkin.danio:b7d76e: onRequestHide at ORIGIN_SERVER reason HIDE_UNSPECIFIED_WINDOW fromUser false
05-25 04:31:08.852 I/GoogleInputMethodService( 1440): GoogleInputMethodService.onFinishInput():2259 
05-25 04:31:08.853 I/ImeTracker(  755): system_server:c13487d5: onRequestHide at ORIGIN_SERVER reason IME_REQUESTED_CHANGED_LISTENER fromUser false
05-25 04:31:08.853 I/Module  ( 1440): DeviceLockedStatusModuleProvider$Module.updateDeviceLockedStatus():103 repeatCheckTimes = 0, locked = false
05-25 04:31:08.853 I/GoogleInputMethodService( 1440): GoogleInputMethodService.onStartInput():1446 onStartInput(EditorInfo{EditorInfo{packageName=com.tiarnanlarkin.danio, inputType=0, inputTypeString=NULL, enableLearning=false, autoCorrection=false, autoComplete=false, imeOptions=0, privateImeOptions=null, actionName=UNSPECIFIED, actionLabel=null, initialSelStart=-1, initialSelEnd=-1, initialCapsMode=0, label=null, fieldId=0, fieldName=null, extras=null, hintText=null, hintLocales=[]}}, false)
05-25 04:31:08.853 I/ImeTracker(  755): system_server:c13487d5: onCancelled at PHASE_SERVER_SHOULD_HIDE
05-25 04:31:08.854 I/AndroidIME( 1440): LatinIMEBase.updateInputViewCoverNavigation():322 Update input view padding, isNavbarOverInputWindow=true, bottom inset=126
05-25 04:31:08.854 I/Module  ( 1440): DeviceLockedStatusModuleProvider$Module.updateDeviceLockedStatus():103 repeatCheckTimes = 1, locked = false
05-25 04:31:08.855 W/PackageConfigPersister(  755): App-specific configuration not found for packageName: com.tiarnanlarkin.danio and userId: 0
05-25 04:31:08.860 D/InsetsController(17604): hide(ime())
05-25 04:31:08.860 I/ImeTracker(17604): com.tiarnanlarkin.danio:b7d76e: onCancelled at PHASE_CLIENT_ALREADY_HIDDEN
05-25 04:31:08.864 D/BaseActivity( 1151): Launcher flags updated: [] -[state_started]
05-25 04:31:08.864 D/BaseDepthController( 1151): setSurface:
05-25 04:31:08.864 D/BaseDepthController( 1151): 	mWaitingOnSurfaceValidity: false
05-25 04:31:08.864 D/BaseDepthController( 1151): 	mBaseSurface: null
05-25 04:31:08.864 D/BaseDepthController( 1151): mSurface is null and mCurrentBlur is: 0
05-25 04:31:08.865 D/LauncherStateManager( 1151): StateManager.goToState: fromState: Normal, toState: Normal, partial trace:
05-25 04:31:08.865 D/LauncherStateManager( 1151): 	at com.android.launcher3.statemanager.StateManager.moveToRestState(go/retraceme 7101499b44b219b757f6885b35ae099b24fc769225595efcaaacae5b0f94500b:6)
05-25 04:31:08.865 D/LauncherStateManager( 1151): 	at com.android.launcher3.statemanager.StateManager.moveToRestState(go/retraceme 7101499b44b219b757f6885b35ae099b24fc769225595efcaaacae5b0f94500b:2)
05-25 04:31:08.865 D/LauncherStateManager( 1151): 	at com.android.launcher3.statemanager.StatefulActivity.onStop(go/retraceme 7101499b44b219b757f6885b35ae099b24fc769225595efcaaacae5b0f94500b:32)
05-25 04:31:08.865 D/LauncherStateManager( 1151): StateManager.onRepeatStateSetAborted: state: Normal
05-25 04:31:08.865 D/ActivityContext( 1151): hideKeyboard
05-25 04:31:08.865 D/ActivityContext( 1151): isImeShown: false
05-25 04:31:08.865 D/StatsLog( 1151): LAUNCHER_ONSTOP
05-25 04:31:08.865 D/StatsLog( 1151): LAUNCHER_GOOGLE_SEARCH_RESTORE_LIST_SIZE_AFTER_ACTIVITY_RESTART
05-25 04:31:08.884 D/BackgroundInstallControlService(  755): Package event received: 0
05-25 04:31:08.890 D/SessionsDependencies(17604): Dependency to CRASHLYTICS added.
05-25 04:31:08.892 I/FirebaseApp(17604): Device unlocked: initializing all Firebase APIs for app [DEFAULT]
05-25 04:31:08.897 I/FirebaseCrashlytics(17604): Initializing Firebase Crashlytics 18.6.3 for com.tiarnanlarkin.danio
05-25 04:31:08.899 W/s.nexuslauncher( 1151): Reducing the number of considered missed Gc histogram windows from 115 to 100
05-25 04:31:08.901 D/SessionsDependencies(17604): Subscriber CRASHLYTICS registered.
05-25 04:31:08.903 W/System  ( 1151): A resource failed to call release. 
05-25 04:31:08.903 W/System  ( 1151): A resource failed to call release. 
05-25 04:31:08.903 W/System  ( 1151): A resource failed to call release. 
05-25 04:31:08.968 D/FileUtils(  755): Rounded bytes from 4104835072 to 8000000000
05-25 04:31:08.981 I/FirebaseCrashlytics(17604): No version control information found
05-25 04:31:09.022 D/FirebaseSessions(17604): Initializing Firebase Sessions SDK.
05-25 04:31:09.037 D/LifecycleServiceBinder(17604): Binding service to application.
05-25 04:31:09.042 D/SessionLifecycleService(17604): Service bound to new client on process 17604
05-25 04:31:09.044 D/SessionLifecycleClient(17604): Connected to SessionLifecycleService. Queue size 0
05-25 04:31:09.050 D/SessionLifecycleService(17604): App has not yet foregrounded. Using previously stored session: null
05-25 04:31:09.050 D/SessionLifecycleService(17604): Client android.os.Messenger@901b57b bound at 9071551. Clients: 1
05-25 04:31:09.050 I/flutter (17604): [Main] Firebase initialised successfully
05-25 04:31:09.052 I/flutter (17604): [ConsentScreen] ConsentScreen: diagnostics consent=true
05-25 04:31:09.068 I/flutter (17604): [SupabaseService] [SupabaseService] Placeholder credentials detected - running in offline-only mode.
05-25 04:31:09.151 W/libbinder.IPCThreadState(  663): Sending oneway calls to frozen process.
05-25 04:31:09.171 E/TaskPersister(  755): File error accessing recents directory (directory doesn't exist?).
05-25 04:31:11.165 I/HalDevMgr(  755): bestIfaceCreationProposal is null, requestIface=STA, existingIface=[name=wlan0 type=STA]
05-25 04:31:11.292 D/ActivityManager(  755): freezing 2490 com.android.vending
05-25 04:31:11.293 D/InetDiagMessage(  755): Destroyed 0 sockets, proto=IPPROTO_TCP, family=AF_INET, states=14
05-25 04:31:11.295 D/InetDiagMessage(  755): Destroyed 0 sockets, proto=IPPROTO_TCP, family=AF_INET6, states=14
05-25 04:31:11.295 D/InetDiagMessage(  755): Destroyed live tcp sockets for uids={10145} in 2ms
05-25 04:31:11.936 D/ProfileInstaller(17604): Installing profile for com.tiarnanlarkin.danio
05-25 04:31:12.087 D/ActivityManager(  755): freezing 2218 com.google.android.apps.wellbeing
05-25 04:31:12.089 D/InetDiagMessage(  755): Destroyed 0 sockets, proto=IPPROTO_TCP, family=AF_INET, states=14
05-25 04:31:12.090 D/InetDiagMessage(  755): Destroyed 0 sockets, proto=IPPROTO_TCP, family=AF_INET6, states=14
05-25 04:31:12.090 D/InetDiagMessage(  755): Destroyed live tcp sockets for uids={10151} in 1ms
05-25 04:31:12.542 D/WindowOnBackDispatcher(17604): setTopOnBackInvokedCallback (unwrapped): io.flutter.embedding.android.FlutterActivity$1@b0f31f9
05-25 04:31:12.544 D/CoreBackPreview(  755): Window{3295171 u0 com.tiarnanlarkin.danio/com.tiarnanlarkin.danio.MainActivity}: Setting back callback OnBackInvokedCallbackInfo{mCallback=android.window.IOnBackInvokedCallback$Stub$Proxy@2ef739a, mPriority=0, mIsAnimationCallback=true, mOverrideBehavior=0}
05-25 04:31:13.996 D/SatelliteController( 1139): iisInCarrierRoamingNbIotNtn: satellite is disabled
05-25 04:31:13.997 W/libbinder.IPCThreadState(  755): Sending oneway calls to frozen process.
05-25 04:31:13.998 D/SatelliteController( 1139): getCarrierRoamingNtnConnectType: Falling back to global carrier config connect type: 0
