05-25 02:44:31.727  9128  9128 D nativeloader: InitDefaultPublicLibraries for_preload=1: libandroid.so:libaaudio.so:libamidi.so:libbinder_ndk.so:libc.so:libcamera2ndk.so:libdl.so:libEGL.so:libGLESv1_CM.so:libGLESv2.so:libGLESv3.so:libicu.so:libicui18n.so:libicuuc.so:libjnigraphics.so:liblog.so:libmediandk.so:libm.so:libnativehelper.so:libnativewindow.so:libOpenMAXAL.so:libOpenSLES.so:libRS.so:libstdc++.so:libsync.so:libvulkan.so:libwebviewchromium_plat_support.so:libz.so
05-25 02:44:31.728   755   785 W libbinder.IPCThreadState: Sending oneway calls to frozen process.
05-25 02:44:31.735  9128  9128 D nativeloader: Load libicu_jni.so using APEX ns com_android_art for caller /apex/com.android.art/javalib/core-oj.jar: ok
05-25 02:44:31.735  9128  9128 D app_process: u_setTimeZoneFilesDirectory("/apex/com.android.tzdata/etc/tz/versioned/9/icu") succeeded. 
05-25 02:44:31.735  9128  9128 D app_process: I18n APEX ICU file found: /apex/com.android.i18n/etc/icu/icudt76l.dat
05-25 02:44:31.735  9128  9128 D nativeloader: Load libjavacore.so using APEX ns com_android_art for caller /apex/com.android.art/javalib/core-oj.jar: ok
05-25 02:44:31.736  9128  9128 D nativeloader: Load libopenjdk.so using APEX ns com_android_art for caller /apex/com.android.art/javalib/core-oj.jar: ok
05-25 02:44:31.736  9128  9128 I app_process: Priority-to-niceness mapping: 19, 16, 13, 10, 0, -2, -4, -5, -6, -8
05-25 02:44:31.736  9128  9128 W app_process: Unexpected CPU variant for x86: x86_64.
05-25 02:44:31.736  9128  9128 W app_process: Known variants: atom, sandybridge, silvermont, goldmont, goldmont-plus, goldmont-without-sha-xsaves, tremont, kabylake, alderlake, default
05-25 02:44:31.737  9128  9128 W app_process: ClassLoaderContext shared library size mismatch. Expected=2, found=0 (PCL[]{PCL[/system/framework/android.test.base.jar*1653369819]#PCL[/system/framework/android.test.mock.jar*1009639922]} | PCL[])
05-25 02:44:31.738  9128  9128 W app_process: ClassLoaderContext classpath size mismatch. expected=0, found=1 (PCL[]{PCL[/system/framework/android.test.runner.jar*3954641918]{PCL[/system/framework/android.test.base.jar*1653369819]#PCL[/system/framework/android.test.mock.jar*1009639922]}#PCL[/system/framework/android.test.base.jar*1653369819]} | PCL[/system/framework/android.test.runner.jar*3954641918])
05-25 02:44:31.757  9128  9128 D nativeloader: Load libframework-connectivity-tiramisu-jni.so using APEX ns com_android_tethering for caller /apex/com.android.tethering/javalib/framework-connectivity-t.jar: ok
05-25 02:44:31.757  9128  9128 D AndroidRuntime: Calling main entry com.android.commands.uiautomator.Launcher
05-25 02:44:31.764  9128  9128 I AconfigPackage: android.media.swcodec.flags is mapped to com.android.media.swcodec
05-25 02:44:31.764  9128  9128 I AconfigPackage: com.android.permission.flags is mapped to com.android.permission
05-25 02:44:31.764  9128  9128 I AconfigPackage: com.android.permissioncontroller.flags is mapped to com.android.permission
05-25 02:44:31.764  9128  9128 I AconfigPackage: com.android.icu is mapped to com.android.i18n
05-25 02:44:31.764  9128  9128 I AconfigPackage: com.android.appsearch.flags is mapped to com.android.appsearch
05-25 02:44:31.764  9128  9128 I AconfigPackage: android.uprobestats.mainline.flags is mapped to com.android.uprobestats
05-25 02:44:31.764  9128  9128 I AconfigPackage: com.android.crashrecovery.flags is mapped to com.android.crashrecovery
05-25 02:44:31.764  9128  9128 I AconfigPackage: android.provider.flags is mapped to com.android.configinfrastructure
05-25 02:44:31.764  9128  9128 I AconfigPackage: com.android.server.deviceconfig is mapped to com.android.configinfrastructure
05-25 02:44:31.764  9128  9128 I AconfigPackage: com.android.compos.flags is mapped to com.android.compos
05-25 02:44:31.765  9128  9128 I AconfigPackage: com.android.art.flags is mapped to com.android.art
05-25 02:44:31.765  9128  9128 I AconfigPackage: com.android.art.rw.flags is mapped to com.android.art
05-25 02:44:31.765  9128  9128 I AconfigPackage: com.android.libcore is mapped to com.android.art
05-25 02:44:31.765  9128  9128 I AconfigPackage: com.android.telephony.flags is mapped to com.android.telephonycore
05-25 02:44:31.765  9128  9128 I AconfigPackage: com.android.media.extractor.flags is mapped to com.android.media
05-25 02:44:31.765  9128  9128 I AconfigPackage: com.android.media.mainline.flags is mapped to com.android.media
05-25 02:44:31.765  9128  9128 I AconfigPackage: com.android.wifi.flags is mapped to com.android.wifi
05-25 02:44:31.765  9128  9128 I AconfigPackage: com.android.org.conscrypt.flags is mapped to com.android.conscrypt
05-25 02:44:31.765  9128  9128 I AconfigPackage: com.android.org.conscrypt.net.flags is mapped to com.android.conscrypt
05-25 02:44:31.765  9128  9128 I AconfigPackage: com.android.healthfitness.flags is mapped to com.android.healthfitness
05-25 02:44:31.765  9128  9128 I AconfigPackage: com.android.ipsec.flags is mapped to com.android.ipsec
05-25 02:44:31.765  9128  9128 I AconfigPackage: com.android.nfc.module.flags is mapped to com.android.nfcservices
05-25 02:44:31.765  9128  9128 I AconfigPackage: com.android.adservices.ondevicepersonalization.flags is mapped to com.android.ondevicepersonalization
05-25 02:44:31.765  9128  9128 I AconfigPackage: com.android.adbd.flags is mapped to com.android.adbd
05-25 02:44:31.766  9128  9128 I AconfigPackage: com.android.bluetooth.flags is mapped to com.android.bt
05-25 02:44:31.766  9128  9128 I AconfigPackage: com.android.devicelock.flags is mapped to com.android.devicelock
05-25 02:44:31.766  9128  9128 I AconfigPackage: android.os.profiling is mapped to com.android.profiling
05-25 02:44:31.766  9128  9128 I AconfigPackage: android.os.profiling.anomaly.flags is mapped to com.android.profiling
05-25 02:44:31.766  9128  9128 I AconfigPackage: com.android.os.statsd.flags is mapped to com.android.os.statsd
05-25 02:44:31.766  9128  9128 I AconfigPackage: com.android.rkpd.flags is mapped to com.android.rkpd
05-25 02:44:31.766  9128  9128 I AconfigPackage: com.android.cellbroadcastreceiver.flags is mapped to com.android.cellbroadcast
05-25 02:44:31.766  9128  9128 I AconfigPackage: com.android.adservices.flags is mapped to com.android.adservices
05-25 02:44:31.766  9128  9128 I AconfigPackage: com.android.sdksandbox.flags is mapped to com.android.adservices
05-25 02:44:31.766  9128  9128 I AconfigPackage: com.android.uwb.flags is mapped to com.android.uwb
05-25 02:44:31.766  9128  9128 I AconfigPackage: com.android.ranging.flags is mapped to com.android.uwb
05-25 02:44:31.766  9128  9128 I AconfigPackage: android.graphics.pdf.flags is mapped to com.android.mediaprovider
05-25 02:44:31.766  9128  9128 I AconfigPackage: com.android.providers.media.flags is mapped to com.android.mediaprovider
05-25 02:44:31.766  9128  9128 I AconfigPackage: android.graphics.pdf.flags.readonly is mapped to com.android.mediaprovider
05-25 02:44:31.766  9128  9128 I AconfigPackage: com.android.tethering.mainline.beta is mapped to com.android.tethering
05-25 02:44:31.766  9128  9128 I AconfigPackage: android.net.http is mapped to com.android.tethering
05-25 02:44:31.766  9128  9128 I AconfigPackage: com.android.tethering.readonly.flags is mapped to com.android.tethering
05-25 02:44:31.766  9128  9128 I AconfigPackage: android.net.vcn is mapped to com.android.tethering
05-25 02:44:31.766  9128  9128 I AconfigPackage: com.android.net.flags is mapped to com.android.tethering
05-25 02:44:31.766  9128  9128 I AconfigPackage: com.android.tethering.beta.test is mapped to com.android.tethering
05-25 02:44:31.766  9128  9128 I AconfigPackage: com.android.nearby.flags is mapped to com.android.tethering
05-25 02:44:31.766  9128  9128 I AconfigPackage: com.android.net.ct.flags is mapped to com.android.tethering
05-25 02:44:31.766  9128  9128 I AconfigPackage: com.android.net.thread.flags is mapped to com.android.tethering
05-25 02:44:31.767  9128  9128 I AconfigPackage: com.android.system.virtualmachine.flags is mapped to com.android.virt
05-25 02:44:31.767  9128  9128 E FeatureFlagsImplExport: android.os.flagging.AconfigStorageReadException: ERROR_PACKAGE_NOT_FOUND: package android.xr cannot be found on the device
05-25 02:44:31.768  9128  9128 D UiAutomationConnection: Created on user UserHandle{0}
05-25 02:44:31.768  9128  9128 I UiAutomation: Initialized for user 0 on display 0
05-25 02:44:31.768  9128  9128 W UiAutomation: Created with deprecatead constructor, assumes DEFAULT_DISPLAY
05-25 02:44:31.769   755  3185 D AccessibilityManagerService: changeCurrentUserForTestAutomationIfNeededLocked(0): ignoring because device doesn't support visible background users
05-25 02:44:31.769   755  3185 I UiAutomationManager: Registering UiTestAutomationService (id=com.android.server.accessibility/UiAutomation, flags=0x0) when called by user 0
05-25 02:44:31.769   755  3185 V AccessibilityManagerService: onUserStateChangedLocked for userId: 0, forceUpdate: false
05-25 02:44:31.770   755  3185 V AccessibilityUserState: updateShortcutTargets: type:accessibility_shortcut_target_service, current:{}, new:{}
05-25 02:44:31.770   755  3185 V AccessibilityUserState: updateShortcutTargets: type:accessibility_button_targets, current:{}, new:{}
05-25 02:44:31.770   755  3185 V AccessibilityUserState: updateShortcutTargets: type:accessibility_gesture_targets, current:{}, new:{}
05-25 02:44:31.770   755  3185 V AccessibilityUserState: updateShortcutTargets: type:accessibility_qs_targets, current:{}, new:{}
05-25 02:44:31.770   755  3185 V AccessibilityUserState: updateShortcutTargets: type:accessibility_key_gesture_targets, current:{}, new:{}
05-25 02:44:31.770  1546  3179 I AiAiEcho: Settings changed for uri: content://settings/secure/accessibility_enabled
05-25 02:44:31.770   755  3185 W MagnificationConnectionManager: requestConnection duplicated request: connect=false, mConnectionState=DISCONNECTED
05-25 02:44:31.771  1546  1927 I AiAiEcho: Predicting[0]:  [CONTEXT sampling_count=5 ]
05-25 02:44:31.771  1546  1927 I AiAiEcho: EchoTargets: 
05-25 02:44:31.771  1546  1927 I AiAiEcho: Filtered by AiAi flag check: 
05-25 02:44:31.771  1546  1927 I AiAiEcho: [CONTEXT ratelimit_period="10 SECONDS" ]
05-25 02:44:31.771  1546  1927 I AiAiEcho: #remoteViewsTwiddler: feature disabled.
05-25 02:44:31.771  1546  1927 I AiAiEcho: Predicting[0]:  [CONTEXT sampling_count=5 ]
05-25 02:44:31.771  1546  1927 I AiAiEcho: EchoTargets: 
05-25 02:44:31.771  1546  1927 I AiAiEcho: Filtered by AiAi flag check: 
05-25 02:44:31.771  1546  1927 I AiAiEcho: [CONTEXT ratelimit_period="10 SECONDS" ]
05-25 02:44:31.771   755   755 W libbinder.IPCThreadState: Sending oneway calls to frozen process.
05-25 02:44:31.771   755   755 W libbinder.IPCThreadState: Sending oneway calls to frozen process.
05-25 02:44:31.771   755   755 W libbinder.IPCThreadState: Sending oneway calls to frozen process.
05-25 02:44:31.771   755   755 W libbinder.IPCThreadState: Sending oneway calls to frozen process.
05-25 02:44:31.771  1546  1927 I AiAiEcho: #remoteViewsTwiddler: feature disabled.
05-25 02:44:31.771   755   755 W libbinder.IPCThreadState: Sending oneway calls to frozen process.
05-25 02:44:31.772   755   755 W libbinder.IPCThreadState: Sending oneway calls to frozen process.
05-25 02:44:31.772  1546  1927 I AiAiEcho: #postPredictionTargets: Sending updates to UISurface lockscreen with targets# 0 (types=[])
05-25 02:44:31.772   755   755 W libbinder.IPCThreadState: Sending oneway calls to frozen process.
05-25 02:44:31.772   755   755 W libbinder.IPCThreadState: Sending oneway calls to frozen process.
05-25 02:44:31.772   755   755 W libbinder.IPCThreadState: Sending oneway calls to frozen process.
05-25 02:44:31.772  1546  1927 I AiAiEcho: #postPredictionTargets: Sending updates to UISurface home with targets# 0 (types=[])
05-25 02:44:31.772   755   755 W libbinder.IPCThreadState: Sending oneway calls to frozen process.
05-25 02:44:31.772   755   755 W libbinder.IPCThreadState: Sending oneway calls to frozen process.
05-25 02:44:31.772   755   755 W libbinder.IPCThreadState: Sending oneway calls to frozen process.
05-25 02:44:31.772   755   755 W libbinder.IPCThreadState: Sending oneway calls to frozen process.
05-25 02:44:31.772   755   755 W libbinder.IPCThreadState: Sending oneway calls to frozen process.
05-25 02:44:31.773   755  3185 V AccessibilityManagerService: onUserStateChangedLocked for userId: 0, forceUpdate: false
05-25 02:44:31.774   755  3185 V AccessibilityUserState: updateShortcutTargets: type:accessibility_shortcut_target_service, current:{}, new:{}
05-25 02:44:31.774   755  3185 V AccessibilityUserState: updateShortcutTargets: type:accessibility_button_targets, current:{}, new:{}
05-25 02:44:31.774   755  3185 V AccessibilityUserState: updateShortcutTargets: type:accessibility_gesture_targets, current:{}, new:{}
05-25 02:44:31.774   755  3185 V AccessibilityUserState: updateShortcutTargets: type:accessibility_qs_targets, current:{}, new:{}
05-25 02:44:31.774   755  3185 V AccessibilityUserState: updateShortcutTargets: type:accessibility_key_gesture_targets, current:{}, new:{}
05-25 02:44:31.774   755  3185 W MagnificationConnectionManager: requestConnection duplicated request: connect=false, mConnectionState=DISCONNECTED
05-25 02:44:31.775   755   755 W libbinder.IPCThreadState: Sending oneway calls to frozen process.
05-25 02:44:31.775   755   755 W libbinder.IPCThreadState: Sending oneway calls to frozen process.
05-25 02:44:31.775   755   755 W libbinder.IPCThreadState: Sending oneway calls to frozen process.
05-25 02:44:31.775   755   755 W libbinder.IPCThreadState: Sending oneway calls to frozen process.
05-25 02:44:31.775  1546  2094 I AiAiEcho: Settings changed for uri: content://settings/secure/accessibility_enabled
05-25 02:44:31.775   755   755 W libbinder.IPCThreadState: Sending oneway calls to frozen process.
05-25 02:44:31.776   755   755 W libbinder.IPCThreadState: Sending oneway calls to frozen process.
05-25 02:44:31.776   755   755 W libbinder.IPCThreadState: Sending oneway calls to frozen process.
05-25 02:44:31.776   755   755 W libbinder.IPCThreadState: Sending oneway calls to frozen process.
05-25 02:44:31.776  1546  1927 I AiAiEcho: Predicting[0]:  [CONTEXT sampling_count=5 ]
05-25 02:44:31.776  1546  1927 I AiAiEcho: EchoTargets: 
05-25 02:44:31.776  1546  1927 I AiAiEcho: Filtered by AiAi flag check: 
05-25 02:44:31.776  1546  1927 I AiAiEcho: [CONTEXT ratelimit_period="10 SECONDS" ]
05-25 02:44:31.776  1546  1927 I AiAiEcho: #remoteViewsTwiddler: feature disabled.
05-25 02:44:31.776   755   755 W libbinder.IPCThreadState: Sending oneway calls to frozen process.
05-25 02:44:31.776   755   755 W libbinder.IPCThreadState: Sending oneway calls to frozen process.
05-25 02:44:31.776   755   755 W libbinder.IPCThreadState: Sending oneway calls to frozen process.
05-25 02:44:31.776   755   755 W libbinder.IPCThreadState: Sending oneway calls to frozen process.
05-25 02:44:31.776   755   755 W libbinder.IPCThreadState: Sending oneway calls to frozen process.
05-25 02:44:31.776   755   755 W libbinder.IPCThreadState: Sending oneway calls to frozen process.
05-25 02:44:31.776   755   755 W libbinder.IPCThreadState: Sending oneway calls to frozen process.
05-25 02:44:31.777  1546  1927 I AiAiEcho: Predicting[0]:  [CONTEXT sampling_count=5 ]
05-25 02:44:31.777  1546  1927 I AiAiEcho: EchoTargets: 
05-25 02:44:31.777  1546  1927 I AiAiEcho: Filtered by AiAi flag check: 
05-25 02:44:31.777  1546  1927 I AiAiEcho: [CONTEXT ratelimit_period="10 SECONDS" ]
05-25 02:44:31.777   755   755 W libbinder.IPCThreadState: Sending oneway calls to frozen process.
05-25 02:44:31.777  1546  1927 I AiAiEcho: #remoteViewsTwiddler: feature disabled.
05-25 02:44:31.777  1546  1927 I AiAiEcho: #postPredictionTargets: Sending updates to UISurface lockscreen with targets# 0 (types=[])
05-25 02:44:31.777   755   755 W libbinder.IPCThreadState: Sending oneway calls to frozen process.
05-25 02:44:31.777   755   755 W libbinder.IPCThreadState: Sending oneway calls to frozen process.
05-25 02:44:31.777   755   755 W libbinder.IPCThreadState: Sending oneway calls to frozen process.
05-25 02:44:31.777   755   755 W libbinder.IPCThreadState: Sending oneway calls to frozen process.
05-25 02:44:31.777   755   755 W libbinder.IPCThreadState: Sending oneway calls to frozen process.
05-25 02:44:31.777   755   755 W libbinder.IPCThreadState: Sending oneway calls to frozen process.
05-25 02:44:31.777   755   755 W libbinder.IPCThreadState: Sending oneway calls to frozen process.
05-25 02:44:31.778   755   755 W libbinder.IPCThreadState: Sending oneway calls to frozen process.
05-25 02:44:31.778  1546  1927 I AiAiEcho: #postPredictionTargets: Sending updates to UISurface home with targets# 0 (types=[])
05-25 02:44:31.779   755   755 W libbinder.IPCThreadState: Sending oneway calls to frozen process.
05-25 02:44:31.779   755   755 W libbinder.IPCThreadState: Sending oneway calls to frozen process.
05-25 02:44:31.779   755   755 D BatterySaverPolicy: accessibility changed to true, updating policy.
05-25 02:44:31.782  1012  1012 W SsPagerDots: Total number of pages invalid: 0. Assuming 1 page.
05-25 02:44:31.783   755  2209 D AccessibilityManagerService: .getAccessibilityShortcutTargets {shortcutType=32, userId=0}
05-25 02:44:31.783  1012  1012 W SsPagerDots: Total number of pages invalid: 0. Assuming 1 page.
05-25 02:44:32.295   553  4294 D android.hardware.audio@7.1-impl.ranchu: threadLoop: entering standby, frames: 5722880
05-25 02:44:32.295   553  4294 D android.hardware.audio@7.1-impl.ranchu: ~TinyalsaSink: joining consumeThread
05-25 02:44:32.313   553  9111 D android.hardware.audio@7.1-impl.ranchu: consumeThread: exiting
05-25 02:44:32.313   553  4294 D android.hardware.audio@7.1-impl.ranchu: ~TinyalsaSink: stopping PCM stream
05-25 02:44:32.399   755  2205 W AppOps  : Noting op not finished: uid 10147 pkg com.google.android.gms code 113 startTime of in progress event=1779670820651
05-25 02:44:32.402   755  2209 W AppOps  : Noting op not finished: uid 10147 pkg com.google.android.gms code 79 startTime of in progress event=1779670833327
05-25 02:44:32.408  1334  1632 I ActivityScheduler: nextTriggerTime: 2913017, in 238100ms, detectorType: 39, FULL_TYPE alarmWindowMillis: 80000
05-25 02:44:32.790  9128  9128 W AccessibilityNodeInfoDumper: Fetch time: 1ms
05-25 02:44:32.791   755  3185 V AccessibilityManagerService: onUserStateChangedLocked for userId: 0, forceUpdate: false
05-25 02:44:32.792   755  3185 V AccessibilityUserState: updateShortcutTargets: type:accessibility_shortcut_target_service, current:{}, new:{}
05-25 02:44:32.792   755  3185 V AccessibilityUserState: updateShortcutTargets: type:accessibility_button_targets, current:{}, new:{}
05-25 02:44:32.792   755  3185 V AccessibilityUserState: updateShortcutTargets: type:accessibility_gesture_targets, current:{}, new:{}
05-25 02:44:32.792   755  3185 V AccessibilityUserState: updateShortcutTargets: type:accessibility_qs_targets, current:{}, new:{}
05-25 02:44:32.792   755  3185 V AccessibilityUserState: updateShortcutTargets: type:accessibility_key_gesture_targets, current:{}, new:{}
05-25 02:44:32.792   755  3185 W MagnificationConnectionManager: requestConnection duplicated request: connect=false, mConnectionState=DISCONNECTED
05-25 02:44:32.792   755  3185 D AccessibilityManagerService: restoreCurrentUserForTestAutomationIfNeededLocked(): ignoring because device doesn't support visible background users
05-25 02:44:32.793  1546  2094 I AiAiEcho: Settings changed for uri: content://settings/secure/accessibility_enabled
05-25 02:44:32.793   755   755 W libbinder.IPCThreadState: Sending oneway calls to frozen process.
05-25 02:44:32.794   755   755 W libbinder.IPCThreadState: Sending oneway calls to frozen process.
05-25 02:44:32.794   755   755 W libbinder.IPCThreadState: Sending oneway calls to frozen process.
05-25 02:44:32.794   755   755 W libbinder.IPCThreadState: Sending oneway calls to frozen process.
05-25 02:44:32.794   755   755 W libbinder.IPCThreadState: Sending oneway calls to frozen process.
05-25 02:44:32.794   755   755 W libbinder.IPCThreadState: Sending oneway calls to frozen process.
05-25 02:44:32.794  9128  9137 W libbinder.IPCThreadState: call to talkWithDriver in joinThreadPool returned error: -9 (Bad file descriptor), FD: -1
05-25 02:44:32.794   755   755 W libbinder.IPCThreadState: Sending oneway calls to frozen process.
05-25 02:44:32.794   755   755 W libbinder.IPCThreadState: Sending oneway calls to frozen process.
05-25 02:44:32.794   755   755 W libbinder.IPCThreadState: Sending oneway calls to frozen process.
05-25 02:44:32.794   755   755 W libbinder.IPCThreadState: Sending oneway calls to frozen process.
05-25 02:44:32.794   755   755 W libbinder.IPCThreadState: Sending oneway calls to frozen process.
05-25 02:44:32.795   755   755 W libbinder.IPCThreadState: Sending oneway calls to frozen process.
05-25 02:44:32.795   755   755 W libbinder.IPCThreadState: Sending oneway calls to frozen process.
05-25 02:44:32.795  9128  9128 D AndroidRuntime: Shutting down VM
05-25 02:44:32.795  9128  9136 W libbinder.IPCThreadState: call to talkWithDriver in joinThreadPool returned error: -9 (Bad file descriptor), FD: -1
05-25 02:44:32.796   755   755 W libbinder.IPCThreadState: Sending oneway calls to frozen process.
05-25 02:44:32.796   755   755 W libbinder.IPCThreadState: Sending oneway calls to frozen process.
05-25 02:44:32.796   755   755 W libbinder.IPCThreadState: Sending oneway calls to frozen process.
05-25 02:44:32.796   755   755 W libbinder.IPCThreadState: Sending oneway calls to frozen process.
05-25 02:44:32.796   755   755 W libbinder.IPCThreadState: Sending oneway calls to frozen process.
05-25 02:44:32.796   755   755 W libbinder.IPCThreadState: Sending oneway calls to frozen process.
05-25 02:44:32.796   755   755 W libbinder.IPCThreadState: Sending oneway calls to frozen process.
05-25 02:44:32.796   755   755 W libbinder.IPCThreadState: Sending oneway calls to frozen process.
05-25 02:44:32.796  1546  1927 I AiAiEcho: Predicting[0]:  [CONTEXT sampling_count=5 ]
05-25 02:44:32.796  1546  1927 I AiAiEcho: EchoTargets: 
05-25 02:44:32.796  1546  1927 I AiAiEcho: Filtered by AiAi flag check: 
05-25 02:44:32.796  1546  1927 I AiAiEcho: [CONTEXT ratelimit_period="10 SECONDS" ]
05-25 02:44:32.796   755   755 W libbinder.IPCThreadState: Sending oneway calls to frozen process.
05-25 02:44:32.796   755   755 W libbinder.IPCThreadState: Sending oneway calls to frozen process.
05-25 02:44:32.796   755   755 W libbinder.IPCThreadState: Sending oneway calls to frozen process.
05-25 02:44:32.796  1546  1927 I AiAiEcho: #remoteViewsTwiddler: feature disabled.
05-25 02:44:32.796   755   755 D BatterySaverPolicy: accessibility changed to false, updating policy.
05-25 02:44:32.797  1546  1927 I AiAiEcho: Predicting[0]:  [CONTEXT sampling_count=5 ]
05-25 02:44:32.797  1546  1927 I AiAiEcho: EchoTargets: 
05-25 02:44:32.797  1546  1927 I AiAiEcho: Filtered by AiAi flag check: 
05-25 02:44:32.797  1546  1927 I AiAiEcho: [CONTEXT ratelimit_period="10 SECONDS" ]
05-25 02:44:32.798  1546  1927 I AiAiEcho: #remoteViewsTwiddler: feature disabled.
05-25 02:44:32.798  1546  1927 I AiAiEcho: #postPredictionTargets: Sending updates to UISurface lockscreen with targets# 0 (types=[])
05-25 02:44:32.798  1546  1927 I AiAiEcho: #postPredictionTargets: Sending updates to UISurface home with targets# 0 (types=[])
05-25 02:44:32.800  1012  1012 W SsPagerDots: Total number of pages invalid: 0. Assuming 1 page.
05-25 02:44:33.042  1529  1529 D WM-DelayedWorkTracker: Scheduling work 926e1851-d40c-4c28-bae6-220780e22e27
05-25 02:44:33.042  1529  1529 D WM-GreedyScheduler: Starting tracking for 926e1851-d40c-4c28-bae6-220780e22e27
05-25 02:44:33.043  1529  1727 D WM-ConstraintTracker: BatteryNotLowTracker: initial state = true
05-25 02:44:33.043  1529  1727 D WM-BrdcstRcvrCnstrntTrc: BatteryNotLowTracker: registering receiver
05-25 02:44:33.044  1529  1727 D WM-GreedyScheduler: Constraints met: Scheduling work ID WorkGenerationalId(workSpecId=926e1851-d40c-4c28-bae6-220780e22e27, generation=0)
05-25 02:44:33.045  1529  1727 D WM-Processor: Processor: processing WorkGenerationalId(workSpecId=926e1851-d40c-4c28-bae6-220780e22e27, generation=0)
05-25 02:44:33.047  1529  1529 D WM-WorkerWrapper: Starting work for com.android.providers.media.photopicker.sync.ProactiveSyncWorker
05-25 02:44:33.048  1529  9143 I PSyncWorker: Starting proactive picker sync from sync source: 1
05-25 02:44:33.048  1529  9143 I PickerSyncTracker: Created new sync future java.util.concurrent.CompletableFuture@8f76f9a[Not completed, 1 dependents]. Future map: {926e1851-d40c-4c28-bae6-220780e22e27=java.util.concurrent.CompletableFuture@8f76f9a[Not completed, 1 dependents]}
05-25 02:44:33.048  1529  9143 D PickerSyncController: syncAllMediaFromProvider() LOCAL, auth=com.android.providers.media.photopicker, retry=true
05-25 02:44:33.048  1529  9143 D PickerSyncController: getSyncRequestParams() LOCAL, auth=com.android.providers.media.photopicker
05-25 02:44:33.049  1529  9143 D PickerSyncController:    Latest ID/Gen=92835bc8fd6dde81:external_primary/2760
05-25 02:44:33.049  1529  9143 D PickerSyncController:    Cached ID/Gen=92835bc8fd6dde81:external_primary/2751
05-25 02:44:33.049  1529  9143 D PickerSyncController:    RESULT=SyncRequestParams{type=MEDIA_INCREMENTAL, gen=2751, latest=Bundle[{last_media_sync_generation=2760, media_collection_id=92835bc8fd6dde81:external_primary}], pageSize=1000}
05-25 02:44:33.049  1529  9143 I PickerSyncController: Executing SyncAdd. isLocal: true. authority: com.android.providers.media.photopicker
05-25 02:44:33.049  1529  9143 D PickerSyncLockManager: Trying to acquire lock com.android.providers.media.photopicker.sync.CloseableReentrantLock@cffd47[Unlocked]. Lock Name = CLOUD_PROVIDER_LOCK. Threads that may be waiting to acquire this lock = [] with timeout.
05-25 02:44:33.049  1529  9143 D CloseableReentrantLock: Successfully acquired lock com.android.providers.media.photopicker.sync.CloseableReentrantLock@cffd47[Locked by thread pool-4-thread-104]. Lock Name = CLOUD_PROVIDER_LOCK. Threads that may be waiting to acquire this lock = []
05-25 02:44:33.049  1529  9143 D CloseableReentrantLock: Successfully released lock com.android.providers.media.photopicker.sync.CloseableReentrantLock@cffd47[Unlocked]. Lock Name = CLOUD_PROVIDER_LOCK. Threads that may be waiting to acquire this lock = []
05-25 02:44:33.049  1529  9143 D ExternalDbFacade: Token received for queryMedia = null
05-25 02:44:33.050  1529  9143 D PickerSyncLockManager: Trying to acquire lock com.android.providers.media.photopicker.sync.CloseableReentrantLock@cffd47[Unlocked]. Lock Name = CLOUD_PROVIDER_LOCK. Threads that may be waiting to acquire this lock = [] with timeout.
05-25 02:44:33.050  1529  9143 D CloseableReentrantLock: Successfully acquired lock com.android.providers.media.photopicker.sync.CloseableReentrantLock@cffd47[Locked by thread pool-4-thread-104]. Lock Name = CLOUD_PROVIDER_LOCK. Threads that may be waiting to acquire this lock = []
05-25 02:44:33.050  1529  9143 D PickerSyncController: Saving next page token: 1779673471000|250 for key: local_provider:media_add:resume
05-25 02:44:33.050  1529  9143 D CloseableReentrantLock: Successfully released lock com.android.providers.media.photopicker.sync.CloseableReentrantLock@cffd47[Unlocked]. Lock Name = CLOUD_PROVIDER_LOCK. Threads that may be waiting to acquire this lock = []
05-25 02:44:33.051  1529  9143 D PickerNotificationSender: Sending a notification for media update
05-25 02:44:33.051  1529  9143 D PickerNotificationSender: Sending a notification for merged album media update Videos
05-25 02:44:33.051  1529  9143 D PickerNotificationSender: Sending a notification for album media update Videos
05-25 02:44:33.051  1529  9143 D PickerNotificationSender: Sending a notification for merged album media update Favorites
05-25 02:44:33.051  1529  9143 D PickerNotificationSender: Sending a notification for album media update Favorites
05-25 02:44:33.052  1529  9143 D ExternalDbFacade: Token received for queryMedia = 1779673471000|250
05-25 02:44:33.052  1529  9143 D PickerSyncLockManager: Trying to acquire lock com.android.providers.media.photopicker.sync.CloseableReentrantLock@cffd47[Unlocked]. Lock Name = CLOUD_PROVIDER_LOCK. Threads that may be waiting to acquire this lock = [] with timeout.
05-25 02:44:33.052  1529  9143 D CloseableReentrantLock: Successfully acquired lock com.android.providers.media.photopicker.sync.CloseableReentrantLock@cffd47[Locked by thread pool-4-thread-104]. Lock Name = CLOUD_PROVIDER_LOCK. Threads that may be waiting to acquire this lock = []
05-25 02:44:33.052  1529  9143 D PickerSyncController: Clearing next page token for key: local_provider:media_add:resume
05-25 02:44:33.052  1529  9143 D CloseableReentrantLock: Successfully released lock com.android.providers.media.photopicker.sync.CloseableReentrantLock@cffd47[Unlocked]. Lock Name = CLOUD_PROVIDER_LOCK. Threads that may be waiting to acquire this lock = []
05-25 02:44:33.052  1529  9143 D PickerNotificationSender: Sending a notification for media update
05-25 02:44:33.053  1529  9143 D PickerNotificationSender: Sending a notification for merged album media update Videos
05-25 02:44:33.053  1529  9143 D PickerNotificationSender: Sending a notification for album media update Videos
05-25 02:44:33.053  1529  9143 D PickerNotificationSender: Sending a notification for merged album media update Favorites
05-25 02:44:33.053  1529  9143 D PickerNotificationSender: Sending a notification for album media update Favorites
05-25 02:44:33.053  1529  9143 I PickerSyncController: Paged sync successful. QueryArgs: Bundle[{android.provider.extra.PAGE_TOKEN=1779673471000|250, android.provider.extra.SYNC_GENERATION=2751, android.provider.extra.PAGE_SIZE=1000}] Total Rows: 1
05-25 02:44:33.054  1529  9143 I PickerSyncController: Executing SyncRemove. isLocal: true. authority: com.android.providers.media.photopicker
05-25 02:44:33.054  1529  9143 D PickerSyncLockManager: Trying to acquire lock com.android.providers.media.photopicker.sync.CloseableReentrantLock@cffd47[Unlocked]. Lock Name = CLOUD_PROVIDER_LOCK. Threads that may be waiting to acquire this lock = [] with timeout.
05-25 02:44:33.054  1529  9143 D CloseableReentrantLock: Successfully acquired lock com.android.providers.media.photopicker.sync.CloseableReentrantLock@cffd47[Locked by thread pool-4-thread-104]. Lock Name = CLOUD_PROVIDER_LOCK. Threads that may be waiting to acquire this lock = []
05-25 02:44:33.054  1529  9143 D CloseableReentrantLock: Successfully released lock com.android.providers.media.photopicker.sync.CloseableReentrantLock@cffd47[Unlocked]. Lock Name = CLOUD_PROVIDER_LOCK. Threads that may be waiting to acquire this lock = []
05-25 02:44:33.054  1529  9143 D PickerSyncLockManager: Trying to acquire lock com.android.providers.media.photopicker.sync.CloseableReentrantLock@cffd47[Unlocked]. Lock Name = CLOUD_PROVIDER_LOCK. Threads that may be waiting to acquire this lock = [] with timeout.
05-25 02:44:33.054  1529  9143 D CloseableReentrantLock: Successfully acquired lock com.android.providers.media.photopicker.sync.CloseableReentrantLock@cffd47[Locked by thread pool-4-thread-104]. Lock Name = CLOUD_PROVIDER_LOCK. Threads that may be waiting to acquire this lock = []
05-25 02:44:33.054  1529  9143 D PickerSyncController: Clearing next page token for key: local_provider:media_remove:resume
05-25 02:44:33.054  1529  9143 D CloseableReentrantLock: Successfully released lock com.android.providers.media.photopicker.sync.CloseableReentrantLock@cffd47[Unlocked]. Lock Name = CLOUD_PROVIDER_LOCK. Threads that may be waiting to acquire this lock = []
05-25 02:44:33.054  1529  9143 D PickerNotificationSender: Sending a notification for media update
05-25 02:44:33.054  1529  9143 D PickerNotificationSender: Sending a notification for merged album media update Videos
05-25 02:44:33.055  1529  9143 D PickerNotificationSender: Sending a notification for album media update Videos
05-25 02:44:33.055  1529  9143 D PickerNotificationSender: Sending a notification for merged album media update Favorites
05-25 02:44:33.055  1529  9143 D PickerNotificationSender: Sending a notification for album media update Favorites
05-25 02:44:33.055  1529  9143 I PickerSyncController: Paged sync successful. QueryArgs: Bundle[{android.provider.extra.PAGE_TOKEN=1779673471000|250, android.provider.extra.SYNC_GENERATION=2751, android.provider.extra.PAGE_SIZE=1000}] Total Rows: 0
05-25 02:44:33.055  1529  9143 I PickerSyncTracker: Marked sync future complete for work id: 926e1851-d40c-4c28-bae6-220780e22e27. Future map: {}
05-25 02:44:33.055  1529  9143 I PSyncWorker: Completed picker proactive sync complete from local provider.
05-25 02:44:33.056  1529  1874 I WM-WorkerWrapper: Worker result SUCCESS for Work [ id=926e1851-d40c-4c28-bae6-220780e22e27, tags={ com.android.providers.media.photopicker.sync.ProactiveSyncWorker } ]
05-25 02:44:33.056  1529  1529 D WM-Processor: Processor 926e1851-d40c-4c28-bae6-220780e22e27 executed; reschedule = false
05-25 02:44:33.056  1529  1529 D WM-GreedyScheduler: Stopping tracking for WorkGenerationalId(workSpecId=926e1851-d40c-4c28-bae6-220780e22e27, generation=0)
05-25 02:44:33.058  1529  1874 D WM-GreedyScheduler: Cancelling work ID 926e1851-d40c-4c28-bae6-220780e22e27
05-25 02:44:33.058  1529  1874 D WM-GreedyScheduler: Ignoring {WorkSpec: fce74054-5d75-49ac-b1fb-61b1c63b64d1}. Requires device idle.
05-25 02:44:33.058  1529  1874 D WM-GreedyScheduler: Ignoring {WorkSpec: 748d3965-3023-45a6-9a32-baafa7d90ebf}. Requires device idle.
05-25 02:44:33.058  1529  1874 D WM-GreedyScheduler: Ignoring {WorkSpec: bbc248da-5aec-4565-83d8-ed90ba3a683c}. Requires device idle.
05-25 02:44:33.058  1529  1874 D WM-GreedyScheduler: Ignoring {WorkSpec: a7b8fc44-3a39-43d5-96b8-cef5bb529d35}. Requires device idle.
05-25 02:44:33.058  1529  1874 D WM-BrdcstRcvrCnstrntTrc: BatteryNotLowTracker: unregistering receiver
05-25 02:44:33.400   755  2150 W AppOps  : Noting op not finished: uid 10147 pkg com.google.android.gms code 113 startTime of in progress event=1779670820651
05-25 02:44:33.665  1440  1440 I StylusModule: StylusModule.onUpdateToolType():774 Update tool type = 0
05-25 02:44:33.854  1139  1263 D SatelliteController: iisInCarrierRoamingNbIotNtn: satellite is disabled
05-25 02:44:33.855   755  1052 W libbinder.IPCThreadState: Sending oneway calls to frozen process.
05-25 02:44:33.855  1139  1263 D SatelliteController: getCarrierRoamingNtnConnectType: Falling back to global carrier config connect type: 0
05-25 02:44:33.989   755   906 I HalDevMgr: bestIfaceCreationProposal is null, requestIface=STA, existingIface=[name=wlan0 type=STA]
05-25 02:44:34.723  1012  1069 D ShellBackPreview: Finishing gesture with event action: 1
05-25 02:44:34.723  1012  1069 D ShellBackPreview: onGestureFinished called while no gesture is started
05-25 02:44:34.729   755  2150 W AS.PlaybackActivityMon: No piid assigned for invalid/internal port id 15
05-25 02:44:34.764   755  2150 D ActivityManager: sync unfroze 1484 com.google.android.gms for 6
05-25 02:44:34.776   755  1052 W ProcessStats: Tracking association SourceState{1e895c9 com.google.android.gms.persistent/10147 ImpBg #3297} whose proc state 6 is better than process ProcessState{2a8527d com.google.android.gms/10147 pkg=com.google.android.gms} proc state 14 (0 skipped)
05-25 02:44:34.776  1334  7698 I NetworkScheduler.Stats: (REDACTED) Task %s/%s started execution. cause:%s exec_start_elapsed_seconds: %s
05-25 02:44:34.786  1484  9155 I GmscoreIpa: Starting mediastore instant index [CONTEXT service_id=255 ]
05-25 02:44:34.787  1334  7699 I NetworkScheduler.Stats: (REDACTED) Task %s/%s finished executing. cause:%s result: %s elapsed_millis: %s uptime_millis: %s exec_start_elapsed_seconds: %s
05-25 02:44:35.153   755   785 W libbinder.IPCThreadState: Sending oneway calls to frozen process.
05-25 02:44:35.158   755   785 W libbinder.IPCThreadState: Sending oneway calls to frozen process.
05-25 02:44:35.791   755  2150 W AS.PlaybackActivityMon: No piid assigned for invalid/internal port id 15
05-25 02:44:35.822   615   709 D AudioFlinger: mixer(0x762b98748790) throttle end: throttle time(35)
05-25 02:44:36.189   755   785 W libbinder.IPCThreadState: Sending oneway calls to frozen process.
05-25 02:44:36.890  9164  9164 W libbinder.BackendUnifiedServiceManager: Thread Pool max thread count is 0. Cannot cache binder as linkToDeath cannot be implemented. serviceName: SurfaceFlingerAIDL
05-25 02:44:36.890  9164  9164 W libbinder.BpBinder: Linking to death on android.gui.ISurfaceComposer but there are no threads (yet?) listening to incoming transactions. See ProcessState::startThreadPool and ProcessState::setThreadPoolMaxThreadCount. Generally you should setup the binder threadpool before other initialization steps.
05-25 02:44:36.891  9164  9164 W libbinder.ProcessState: Extra binder thread started, but 0 threads requested. Do not use *startThreadPool when zero threads are requested.
05-25 02:44:36.970  1529  8155 W MediaProvider: isAppCloneUserPair for user 0: false
05-25 02:44:36.997   755   906 I HalDevMgr: bestIfaceCreationProposal is null, requestIface=STA, existingIface=[name=wlan0 type=STA]
05-25 02:44:37.102   755  2150 I ActivityManager: Broadcasting: Intent { act=android.intent.action.MEDIA_SCANNER_SCAN_FILE dat=file:///... flg=0x400000 }
05-25 02:44:37.103   755  2150 I ActivityManager: Enqueued broadcast Intent { act=android.intent.action.MEDIA_SCANNER_SCAN_FILE dat=file:///... flg=0x400000 }: 0
05-25 02:44:37.105  1529  1529 I MediaServiceV2: Creating work for intent Intent { act=android.intent.action.MEDIA_SCANNER_SCAN_FILE dat=file:///... flg=0x1400010 cmp=com.google.android.providers.media.module/com.android.providers.media.MediaServiceV2 }
05-25 02:44:37.106  1529  1529 I MediaServiceV2: Work enqueued for intent: Intent { act=android.intent.action.MEDIA_SCANNER_SCAN_FILE dat=file:///... flg=0x1400010 cmp=com.google.android.providers.media.module/com.android.providers.media.MediaServiceV2 }
05-25 02:44:37.106   755   775 I ActivityManager: Broadcast completed: result=0
05-25 02:44:37.115  1529  1868 W JobInfo : Requested important-while-foreground flag for job695 is ignored and takes no effect
05-25 02:44:37.115  1529  1868 D WM-SystemJobScheduler: Scheduling work ID ce6f7f71-5bfd-4fe8-93a7-d25281916de7Job ID 695
05-25 02:44:37.119  1529  1868 D WM-GreedyScheduler: Ignoring {WorkSpec: fce74054-5d75-49ac-b1fb-61b1c63b64d1}. Requires device idle.
05-25 02:44:37.119  1529  1868 D WM-GreedyScheduler: Ignoring {WorkSpec: 748d3965-3023-45a6-9a32-baafa7d90ebf}. Requires device idle.
05-25 02:44:37.119  1529  1868 D WM-GreedyScheduler: Ignoring {WorkSpec: bbc248da-5aec-4565-83d8-ed90ba3a683c}. Requires device idle.
05-25 02:44:37.119  1529  1868 D WM-GreedyScheduler: Ignoring {WorkSpec: a7b8fc44-3a39-43d5-96b8-cef5bb529d35}. Requires device idle.
05-25 02:44:37.119  1529  1868 D WM-GreedyScheduler: Starting work for ce6f7f71-5bfd-4fe8-93a7-d25281916de7
05-25 02:44:37.119  1529  1529 D WM-SystemJobService: onStartJob for WorkGenerationalId(workSpecId=ce6f7f71-5bfd-4fe8-93a7-d25281916de7, generation=0)
05-25 02:44:37.119  1529  1868 D WM-Processor: Processor: processing WorkGenerationalId(workSpecId=ce6f7f71-5bfd-4fe8-93a7-d25281916de7, generation=0)
05-25 02:44:37.120  1529  1868 D WM-Processor: Work WorkGenerationalId(workSpecId=ce6f7f71-5bfd-4fe8-93a7-d25281916de7, generation=0) is already enqueued for processing
05-25 02:44:37.121  1529  1529 D WM-WorkerWrapper: Starting work for com.android.providers.media.MediaServiceV2
05-25 02:44:37.121  1529  9171 I MediaServiceV2: Work initiated for action [ android.intent.action.MEDIA_SCANNER_SCAN_FILE ]
05-25 02:44:37.127  1529  9171 I MediaServiceV2: Work ended for action [ android.intent.action.MEDIA_SCANNER_SCAN_FILE ]
05-25 02:44:37.139  1529  1868 D WM-SystemJobScheduler: Scheduling work ID 8c1a0e59-80b3-4eb1-9aa9-1383c396164fJob ID 696
05-25 02:44:37.140  1529  1868 D WM-GreedyScheduler: Ignoring {WorkSpec: fce74054-5d75-49ac-b1fb-61b1c63b64d1}. Requires device idle.
05-25 02:44:37.140  1529  1868 D WM-GreedyScheduler: Ignoring {WorkSpec: 748d3965-3023-45a6-9a32-baafa7d90ebf}. Requires device idle.
05-25 02:44:37.140  1529  1868 D WM-GreedyScheduler: Ignoring {WorkSpec: bbc248da-5aec-4565-83d8-ed90ba3a683c}. Requires device idle.
05-25 02:44:37.140  1529  1868 D WM-GreedyScheduler: Ignoring {WorkSpec: a7b8fc44-3a39-43d5-96b8-cef5bb529d35}. Requires device idle.
05-25 02:44:37.141  1529  1868 I WM-WorkerWrapper: Worker result SUCCESS for Work [ id=ce6f7f71-5bfd-4fe8-93a7-d25281916de7, tags={ com.android.providers.media.MediaServiceV2 } ]
05-25 02:44:37.141  1529  1529 D WM-Processor: Processor ce6f7f71-5bfd-4fe8-93a7-d25281916de7 executed; reschedule = false
05-25 02:44:37.141  1529  1529 D WM-SystemJobService: ce6f7f71-5bfd-4fe8-93a7-d25281916de7 executed on JobScheduler
05-25 02:44:37.142  1529  1874 D WM-GreedyScheduler: Cancelling work ID ce6f7f71-5bfd-4fe8-93a7-d25281916de7
05-25 02:44:37.143  1529  1874 D WM-GreedyScheduler: Ignoring {WorkSpec: fce74054-5d75-49ac-b1fb-61b1c63b64d1}. Requires device idle.
05-25 02:44:37.143  1529  1874 D WM-GreedyScheduler: Ignoring {WorkSpec: 748d3965-3023-45a6-9a32-baafa7d90ebf}. Requires device idle.
05-25 02:44:37.143  1529  1874 D WM-GreedyScheduler: Ignoring {WorkSpec: bbc248da-5aec-4565-83d8-ed90ba3a683c}. Requires device idle.
05-25 02:44:37.143  1529  1874 D WM-GreedyScheduler: Ignoring {WorkSpec: a7b8fc44-3a39-43d5-96b8-cef5bb529d35}. Requires device idle.
05-25 02:44:37.257  9175  9175 D AndroidRuntime: >>>>>> START com.android.internal.os.RuntimeInit uid 2000 <<<<<<
05-25 02:44:37.260  9175  9175 I AndroidRuntime: Using default boot image
05-25 02:44:37.260  9175  9175 I AndroidRuntime: Leaving lock profiling enabled
05-25 02:44:37.262  9175  9175 I app_process: Using CollectorTypeCMC GC.
05-25 02:44:37.321  9175  9175 D nativeloader: InitDefaultPublicLibraries for_preload=1: libandroid.so:libaaudio.so:libamidi.so:libbinder_ndk.so:libc.so:libcamera2ndk.so:libdl.so:libEGL.so:libGLESv1_CM.so:libGLESv2.so:libGLESv3.so:libicu.so:libicui18n.so:libicuuc.so:libjnigraphics.so:liblog.so:libmediandk.so:libm.so:libnativehelper.so:libnativewindow.so:libOpenMAXAL.so:libOpenSLES.so:libRS.so:libstdc++.so:libsync.so:libvulkan.so:libwebviewchromium_plat_support.so:libz.so
05-25 02:44:37.328  9175  9175 D nativeloader: Load libicu_jni.so using APEX ns com_android_art for caller /apex/com.android.art/javalib/core-oj.jar: ok
05-25 02:44:37.328  9175  9175 D app_process: u_setTimeZoneFilesDirectory("/apex/com.android.tzdata/etc/tz/versioned/9/icu") succeeded. 
05-25 02:44:37.328  9175  9175 D app_process: I18n APEX ICU file found: /apex/com.android.i18n/etc/icu/icudt76l.dat
05-25 02:44:37.328  9175  9175 D nativeloader: Load libjavacore.so using APEX ns com_android_art for caller /apex/com.android.art/javalib/core-oj.jar: ok
05-25 02:44:37.329  9175  9175 D nativeloader: Load libopenjdk.so using APEX ns com_android_art for caller /apex/com.android.art/javalib/core-oj.jar: ok
05-25 02:44:37.330  9175  9175 I app_process: Priority-to-niceness mapping: 19, 16, 13, 10, 0, -2, -4, -5, -6, -8
05-25 02:44:37.330  9175  9175 W app_process: Unexpected CPU variant for x86: x86_64.
05-25 02:44:37.330  9175  9175 W app_process: Known variants: atom, sandybridge, silvermont, goldmont, goldmont-plus, goldmont-without-sha-xsaves, tremont, kabylake, alderlake, default
05-25 02:44:37.332  9175  9175 W app_process: ClassLoaderContext shared library size mismatch. Expected=2, found=0 (PCL[]{PCL[/system/framework/android.test.base.jar*1653369819]#PCL[/system/framework/android.test.mock.jar*1009639922]} | PCL[])
05-25 02:44:37.332  9175  9175 W app_process: ClassLoaderContext classpath size mismatch. expected=0, found=1 (PCL[]{PCL[/system/framework/android.test.runner.jar*3954641918]{PCL[/system/framework/android.test.base.jar*1653369819]#PCL[/system/framework/android.test.mock.jar*1009639922]}#PCL[/system/framework/android.test.base.jar*1653369819]} | PCL[/system/framework/android.test.runner.jar*3954641918])
05-25 02:44:37.347  9175  9175 D nativeloader: Load libframework-connectivity-tiramisu-jni.so using APEX ns com_android_tethering for caller /apex/com.android.tethering/javalib/framework-connectivity-t.jar: ok
05-25 02:44:37.348  9175  9175 D AndroidRuntime: Calling main entry com.android.commands.uiautomator.Launcher
05-25 02:44:37.354  9175  9175 I AconfigPackage: android.media.swcodec.flags is mapped to com.android.media.swcodec
05-25 02:44:37.354  9175  9175 I AconfigPackage: com.android.permission.flags is mapped to com.android.permission
05-25 02:44:37.354  9175  9175 I AconfigPackage: com.android.permissioncontroller.flags is mapped to com.android.permission
05-25 02:44:37.354  9175  9175 I AconfigPackage: com.android.icu is mapped to com.android.i18n
05-25 02:44:37.354  9175  9175 I AconfigPackage: com.android.appsearch.flags is mapped to com.android.appsearch
05-25 02:44:37.354  9175  9175 I AconfigPackage: android.uprobestats.mainline.flags is mapped to com.android.uprobestats
05-25 02:44:37.354  9175  9175 I AconfigPackage: com.android.crashrecovery.flags is mapped to com.android.crashrecovery
05-25 02:44:37.354  9175  9175 I AconfigPackage: android.provider.flags is mapped to com.android.configinfrastructure
05-25 02:44:37.354  9175  9175 I AconfigPackage: com.android.server.deviceconfig is mapped to com.android.configinfrastructure
05-25 02:44:37.354  9175  9175 I AconfigPackage: com.android.compos.flags is mapped to com.android.compos
05-25 02:44:37.354  9175  9175 I AconfigPackage: com.android.art.flags is mapped to com.android.art
05-25 02:44:37.354  9175  9175 I AconfigPackage: com.android.art.rw.flags is mapped to com.android.art
05-25 02:44:37.354  9175  9175 I AconfigPackage: com.android.libcore is mapped to com.android.art
05-25 02:44:37.354  9175  9175 I AconfigPackage: com.android.telephony.flags is mapped to com.android.telephonycore
05-25 02:44:37.354  9175  9175 I AconfigPackage: com.android.media.extractor.flags is mapped to com.android.media
05-25 02:44:37.354  9175  9175 I AconfigPackage: com.android.media.mainline.flags is mapped to com.android.media
05-25 02:44:37.355  9175  9175 I AconfigPackage: com.android.wifi.flags is mapped to com.android.wifi
05-25 02:44:37.355  9175  9175 I AconfigPackage: com.android.org.conscrypt.flags is mapped to com.android.conscrypt
05-25 02:44:37.355  9175  9175 I AconfigPackage: com.android.org.conscrypt.net.flags is mapped to com.android.conscrypt
05-25 02:44:37.355  9175  9175 I AconfigPackage: com.android.healthfitness.flags is mapped to com.android.healthfitness
05-25 02:44:37.355  9175  9175 I AconfigPackage: com.android.ipsec.flags is mapped to com.android.ipsec
05-25 02:44:37.355  9175  9175 I AconfigPackage: com.android.nfc.module.flags is mapped to com.android.nfcservices
05-25 02:44:37.355  9175  9175 I AconfigPackage: com.android.adservices.ondevicepersonalization.flags is mapped to com.android.ondevicepersonalization
05-25 02:44:37.355  9175  9175 I AconfigPackage: com.android.adbd.flags is mapped to com.android.adbd
05-25 02:44:37.355  9175  9175 I AconfigPackage: com.android.bluetooth.flags is mapped to com.android.bt
05-25 02:44:37.355  9175  9175 I AconfigPackage: com.android.devicelock.flags is mapped to com.android.devicelock
05-25 02:44:37.355  9175  9175 I AconfigPackage: android.os.profiling is mapped to com.android.profiling
05-25 02:44:37.355  9175  9175 I AconfigPackage: android.os.profiling.anomaly.flags is mapped to com.android.profiling
05-25 02:44:37.355  9175  9175 I AconfigPackage: com.android.os.statsd.flags is mapped to com.android.os.statsd
05-25 02:44:37.355  9175  9175 I AconfigPackage: com.android.rkpd.flags is mapped to com.android.rkpd
05-25 02:44:37.355  9175  9175 I AconfigPackage: com.android.cellbroadcastreceiver.flags is mapped to com.android.cellbroadcast
05-25 02:44:37.355  9175  9175 I AconfigPackage: com.android.adservices.flags is mapped to com.android.adservices
05-25 02:44:37.355  9175  9175 I AconfigPackage: com.android.sdksandbox.flags is mapped to com.android.adservices
05-25 02:44:37.355  9175  9175 I AconfigPackage: com.android.uwb.flags is mapped to com.android.uwb
05-25 02:44:37.355  9175  9175 I AconfigPackage: com.android.ranging.flags is mapped to com.android.uwb
05-25 02:44:37.355  9175  9175 I AconfigPackage: android.graphics.pdf.flags is mapped to com.android.mediaprovider
05-25 02:44:37.355  9175  9175 I AconfigPackage: com.android.providers.media.flags is mapped to com.android.mediaprovider
05-25 02:44:37.355  9175  9175 I AconfigPackage: android.graphics.pdf.flags.readonly is mapped to com.android.mediaprovider
05-25 02:44:37.355  9175  9175 I AconfigPackage: com.android.tethering.mainline.beta is mapped to com.android.tethering
05-25 02:44:37.355  9175  9175 I AconfigPackage: android.net.http is mapped to com.android.tethering
05-25 02:44:37.355  9175  9175 I AconfigPackage: com.android.tethering.readonly.flags is mapped to com.android.tethering
05-25 02:44:37.355  9175  9175 I AconfigPackage: android.net.vcn is mapped to com.android.tethering
05-25 02:44:37.355  9175  9175 I AconfigPackage: com.android.net.flags is mapped to com.android.tethering
05-25 02:44:37.355  9175  9175 I AconfigPackage: com.android.tethering.beta.test is mapped to com.android.tethering
05-25 02:44:37.355  9175  9175 I AconfigPackage: com.android.nearby.flags is mapped to com.android.tethering
05-25 02:44:37.355  9175  9175 I AconfigPackage: com.android.net.ct.flags is mapped to com.android.tethering
