05-25 03:13:46.408  1440  1440 W TooltipLifecycleManager: TooltipLifecycleManager.dismissTooltips():153 Tooltip with id spell_check_add_to_dictionary not found in tooltipManager.
05-25 03:13:46.413 11587 11587 D FlutterJNI: Sending viewport metrics to the engine.
05-25 03:13:46.427 11587 11587 D FlutterJNI: Sending viewport metrics to the engine.
05-25 03:13:46.491 11587 11587 D FlutterJNI: Sending viewport metrics to the engine.
05-25 03:13:46.494 11587 11587 D FlutterJNI: Sending viewport metrics to the engine.
05-25 03:13:46.511 11587 11587 D FlutterJNI: Sending viewport metrics to the engine.
05-25 03:13:46.544 11587 11587 D FlutterJNI: Sending viewport metrics to the engine.
05-25 03:13:46.573 11587 11587 D FlutterJNI: Sending viewport metrics to the engine.
05-25 03:13:46.577 11587 11587 D FlutterJNI: Sending viewport metrics to the engine.
05-25 03:13:46.595 11587 11587 D FlutterJNI: Sending viewport metrics to the engine.
05-25 03:13:46.615 11587 11587 I ImeTracker: com.tiarnanlarkin.danio:84e0e8eb: onShown
05-25 03:13:46.615 11587 11587 D FlutterJNI: Sending viewport metrics to the engine.
05-25 03:13:46.616 11587 11587 D FlutterJNI: Sending viewport metrics to the engine.
05-25 03:13:46.620   755   785 W libbinder.IPCThreadState: Sending oneway calls to frozen process.
05-25 03:13:47.171  1440  1440 I StylusModule: StylusModule.onUpdateToolType():774 Update tool type = 0
05-25 03:13:47.179  1440  1440 I KeyboardModeUtils: KeyboardModeUtils.getKeyboardBottomOffset():432 inch: 0.000000 ydpi: 420.000000 adjustKeyboardBottomByDisplaySize: false currentDensityDpi: 420 defaultDensityDpi: 420 keyboardBottomToScreenPx: 0 keyboardBottomToNavBarPx: -126 navBarHeight: 126
05-25 03:13:47.180  1440  1440 I BaseKeyboardSizeHelper: BaseKeyboardSizeHelper.calculateMaxKeyboardBodyHeight():73 leave 281 height for app when ime window height:2211, header height:116 and isFullscreenMode:false, so the max keyboard body height is:1814
05-25 03:13:47.180  1440  1440 I BaseKeyboardSizeHelper: BaseKeyboardSizeHelper.calculateMaxKeyboardBodyHeight():73 leave 281 height for app when ime window height:2211, header height:116 and isFullscreenMode:false, so the max keyboard body height is:1814
05-25 03:13:47.200  1440  1440 I Delight5Decoder: Delight5DecoderWrapper.setKeyboardLayout():551 setKeyboardLayout()
05-25 03:13:47.202  1440  1440 W LatinPrimeKeyboard: LatinPrimeKeyboard.consumeEvent():390 consumeEvent() : UPDATE_DYNAMIC_KEYS, no dynamic layout
05-25 03:13:47.211  1440  1440 I KeyboardModeUtils: KeyboardModeUtils.getKeyboardBottomOffset():432 inch: 0.000000 ydpi: 420.000000 adjustKeyboardBottomByDisplaySize: false currentDensityDpi: 420 defaultDensityDpi: 420 keyboardBottomToScreenPx: 0 keyboardBottomToNavBarPx: -126 navBarHeight: 126
05-25 03:13:47.211  1440  1440 I BaseKeyboardSizeHelper: BaseKeyboardSizeHelper.calculateMaxKeyboardBodyHeight():73 leave 281 height for app when ime window height:2211, header height:116 and isFullscreenMode:false, so the max keyboard body height is:1814
05-25 03:13:47.212  1440  1440 I BaseKeyboardSizeHelper: BaseKeyboardSizeHelper.calculateMaxKeyboardBodyHeight():73 leave 281 height for app when ime window height:2211, header height:116 and isFullscreenMode:false, so the max keyboard body height is:1814
05-25 03:13:47.245  1440  1440 I KeyboardModeUtils: KeyboardModeUtils.getKeyboardBottomOffset():432 inch: 0.000000 ydpi: 420.000000 adjustKeyboardBottomByDisplaySize: false currentDensityDpi: 420 defaultDensityDpi: 420 keyboardBottomToScreenPx: 0 keyboardBottomToNavBarPx: -126 navBarHeight: 126
05-25 03:13:47.245  1440  1440 I BaseKeyboardSizeHelper: BaseKeyboardSizeHelper.calculateMaxKeyboardBodyHeight():73 leave 281 height for app when ime window height:2211, header height:116 and isFullscreenMode:false, so the max keyboard body height is:1814
05-25 03:13:47.245  1440  1440 I BaseKeyboardSizeHelper: BaseKeyboardSizeHelper.calculateMaxKeyboardBodyHeight():73 leave 281 height for app when ime window height:2211, header height:116 and isFullscreenMode:false, so the max keyboard body height is:1814
05-25 03:13:47.247  1440  1440 I StylusModule: StylusModule.onUpdateToolType():774 Update tool type = 0
05-25 03:13:47.260  1440  1440 W LatinPrimeKeyboard: LatinPrimeKeyboard.consumeEvent():390 consumeEvent() : UPDATE_DYNAMIC_KEYS, no dynamic layout
05-25 03:13:47.262  1440  1440 I KeyboardModeUtils: KeyboardModeUtils.getKeyboardBottomOffset():432 inch: 0.000000 ydpi: 420.000000 adjustKeyboardBottomByDisplaySize: false currentDensityDpi: 420 defaultDensityDpi: 420 keyboardBottomToScreenPx: 0 keyboardBottomToNavBarPx: -126 navBarHeight: 126
05-25 03:13:47.262  1440  1440 I BaseKeyboardSizeHelper: BaseKeyboardSizeHelper.calculateMaxKeyboardBodyHeight():73 leave 281 height for app when ime window height:2211, header height:116 and isFullscreenMode:false, so the max keyboard body height is:1814
05-25 03:13:47.263  1440  1440 I BaseKeyboardSizeHelper: BaseKeyboardSizeHelper.calculateMaxKeyboardBodyHeight():73 leave 281 height for app when ime window height:2211, header height:116 and isFullscreenMode:false, so the max keyboard body height is:1814
05-25 03:13:47.283  1440  1440 I KeyboardModeUtils: KeyboardModeUtils.getKeyboardBottomOffset():432 inch: 0.000000 ydpi: 420.000000 adjustKeyboardBottomByDisplaySize: false currentDensityDpi: 420 defaultDensityDpi: 420 keyboardBottomToScreenPx: 0 keyboardBottomToNavBarPx: -126 navBarHeight: 126
05-25 03:13:47.283  1440  1440 I BaseKeyboardSizeHelper: BaseKeyboardSizeHelper.calculateMaxKeyboardBodyHeight():73 leave 281 height for app when ime window height:2211, header height:116 and isFullscreenMode:false, so the max keyboard body height is:1814
05-25 03:13:47.283  1440  1440 I BaseKeyboardSizeHelper: BaseKeyboardSizeHelper.calculateMaxKeyboardBodyHeight():73 leave 281 height for app when ime window height:2211, header height:116 and isFullscreenMode:false, so the max keyboard body height is:1814
05-25 03:13:47.298  1440  1440 I StylusModule: StylusModule.onUpdateToolType():774 Update tool type = 0
05-25 03:13:47.298  1440  1440 I KeyboardModeUtils: KeyboardModeUtils.getKeyboardBottomOffset():432 inch: 0.000000 ydpi: 420.000000 adjustKeyboardBottomByDisplaySize: false currentDensityDpi: 420 defaultDensityDpi: 420 keyboardBottomToScreenPx: 0 keyboardBottomToNavBarPx: -126 navBarHeight: 126
05-25 03:13:47.299  1440  1440 I BaseKeyboardSizeHelper: BaseKeyboardSizeHelper.calculateMaxKeyboardBodyHeight():73 leave 281 height for app when ime window height:2211, header height:116 and isFullscreenMode:false, so the max keyboard body height is:1814
05-25 03:13:47.299  1440  1440 I BaseKeyboardSizeHelper: BaseKeyboardSizeHelper.calculateMaxKeyboardBodyHeight():73 leave 281 height for app when ime window height:2211, header height:116 and isFullscreenMode:false, so the max keyboard body height is:1814
05-25 03:13:47.315  1440  1440 I KeyboardModeUtils: KeyboardModeUtils.getKeyboardBottomOffset():432 inch: 0.000000 ydpi: 420.000000 adjustKeyboardBottomByDisplaySize: false currentDensityDpi: 420 defaultDensityDpi: 420 keyboardBottomToScreenPx: 0 keyboardBottomToNavBarPx: -126 navBarHeight: 126
05-25 03:13:47.315  1440  1440 I BaseKeyboardSizeHelper: BaseKeyboardSizeHelper.calculateMaxKeyboardBodyHeight():73 leave 281 height for app when ime window height:2211, header height:116 and isFullscreenMode:false, so the max keyboard body height is:1814
05-25 03:13:47.315  1440  1440 I BaseKeyboardSizeHelper: BaseKeyboardSizeHelper.calculateMaxKeyboardBodyHeight():73 leave 281 height for app when ime window height:2211, header height:116 and isFullscreenMode:false, so the max keyboard body height is:1814
05-25 03:13:47.328  1440  1440 I KeyboardModeUtils: KeyboardModeUtils.getKeyboardBottomOffset():432 inch: 0.000000 ydpi: 420.000000 adjustKeyboardBottomByDisplaySize: false currentDensityDpi: 420 defaultDensityDpi: 420 keyboardBottomToScreenPx: 0 keyboardBottomToNavBarPx: -126 navBarHeight: 126
05-25 03:13:47.328  1440  1440 I BaseKeyboardSizeHelper: BaseKeyboardSizeHelper.calculateMaxKeyboardBodyHeight():73 leave 281 height for app when ime window height:2211, header height:116 and isFullscreenMode:false, so the max keyboard body height is:1814
05-25 03:13:47.328  1440  1440 I BaseKeyboardSizeHelper: BaseKeyboardSizeHelper.calculateMaxKeyboardBodyHeight():73 leave 281 height for app when ime window height:2211, header height:116 and isFullscreenMode:false, so the max keyboard body height is:1814
05-25 03:13:47.335  1440  1440 W LatinPrimeKeyboard: LatinPrimeKeyboard.consumeEvent():390 consumeEvent() : UPDATE_DYNAMIC_KEYS, no dynamic layout
05-25 03:13:47.347  1440  1440 I KeyboardModeUtils: KeyboardModeUtils.getKeyboardBottomOffset():432 inch: 0.000000 ydpi: 420.000000 adjustKeyboardBottomByDisplaySize: false currentDensityDpi: 420 defaultDensityDpi: 420 keyboardBottomToScreenPx: 0 keyboardBottomToNavBarPx: -126 navBarHeight: 126
05-25 03:13:47.348  1440  1440 I BaseKeyboardSizeHelper: BaseKeyboardSizeHelper.calculateMaxKeyboardBodyHeight():73 leave 281 height for app when ime window height:2211, header height:116 and isFullscreenMode:false, so the max keyboard body height is:1814
05-25 03:13:47.348  1440  1440 I BaseKeyboardSizeHelper: BaseKeyboardSizeHelper.calculateMaxKeyboardBodyHeight():73 leave 281 height for app when ime window height:2211, header height:116 and isFullscreenMode:false, so the max keyboard body height is:1814
05-25 03:13:47.361  1440  1440 I KeyboardModeUtils: KeyboardModeUtils.getKeyboardBottomOffset():432 inch: 0.000000 ydpi: 420.000000 adjustKeyboardBottomByDisplaySize: false currentDensityDpi: 420 defaultDensityDpi: 420 keyboardBottomToScreenPx: 0 keyboardBottomToNavBarPx: -126 navBarHeight: 126
05-25 03:13:47.361  1440  1440 I BaseKeyboardSizeHelper: BaseKeyboardSizeHelper.calculateMaxKeyboardBodyHeight():73 leave 281 height for app when ime window height:2211, header height:116 and isFullscreenMode:false, so the max keyboard body height is:1814
05-25 03:13:47.361  1440  1440 I BaseKeyboardSizeHelper: BaseKeyboardSizeHelper.calculateMaxKeyboardBodyHeight():73 leave 281 height for app when ime window height:2211, header height:116 and isFullscreenMode:false, so the max keyboard body height is:1814
05-25 03:13:47.378  1440  1440 I KeyboardModeUtils: KeyboardModeUtils.getKeyboardBottomOffset():432 inch: 0.000000 ydpi: 420.000000 adjustKeyboardBottomByDisplaySize: false currentDensityDpi: 420 defaultDensityDpi: 420 keyboardBottomToScreenPx: 0 keyboardBottomToNavBarPx: -126 navBarHeight: 126
05-25 03:13:47.378  1440  1440 I BaseKeyboardSizeHelper: BaseKeyboardSizeHelper.calculateMaxKeyboardBodyHeight():73 leave 281 height for app when ime window height:2211, header height:116 and isFullscreenMode:false, so the max keyboard body height is:1814
05-25 03:13:47.379  1440  1440 I BaseKeyboardSizeHelper: BaseKeyboardSizeHelper.calculateMaxKeyboardBodyHeight():73 leave 281 height for app when ime window height:2211, header height:116 and isFullscreenMode:false, so the max keyboard body height is:1814
05-25 03:13:47.398  1440  1440 I native  : I0000 00:00:1779675227.398628    1440 input-context-store.cc:279] Using roll back input context for operation: [DecodeTouch] rolled back operation: [OverrideDecodedCandidates] reason: client [60] vs decoder [62]
05-25 03:13:47.399  1440  1440 W InputContextProxy: InputContextProxy.applyClientDiffInternal():933 Ignore [FetchSuggestions] diff due to stale request: 107<109, inputStateId=62, lastInputStateId=63
05-25 03:13:47.561  1440  1440 I KeyboardModeUtils: KeyboardModeUtils.getKeyboardBottomOffset():432 inch: 0.000000 ydpi: 420.000000 adjustKeyboardBottomByDisplaySize: false currentDensityDpi: 420 defaultDensityDpi: 420 keyboardBottomToScreenPx: 0 keyboardBottomToNavBarPx: -126 navBarHeight: 126
05-25 03:13:47.561  1440  1440 I BaseKeyboardSizeHelper: BaseKeyboardSizeHelper.calculateMaxKeyboardBodyHeight():73 leave 281 height for app when ime window height:2211, header height:116 and isFullscreenMode:false, so the max keyboard body height is:1814
05-25 03:13:47.562  1440  1440 I BaseKeyboardSizeHelper: BaseKeyboardSizeHelper.calculateMaxKeyboardBodyHeight():73 leave 281 height for app when ime window height:2211, header height:116 and isFullscreenMode:false, so the max keyboard body height is:1814
05-25 03:13:47.692   755   785 W libbinder.IPCThreadState: Sending oneway calls to frozen process.
05-25 03:13:47.692   755   785 W libbinder.IPCThreadState: Sending oneway calls to frozen process.
05-25 03:13:47.976 11587 11587 I ImeTracker: com.tiarnanlarkin.danio:59c79a6c: onRequestHide at ORIGIN_CLIENT reason HIDE_SOFT_INPUT fromUser false
05-25 03:13:47.976 11587 11587 D InsetsController: hide(ime())
05-25 03:13:47.977 11587 11587 D WindowOnBackDispatcher: setTopOnBackInvokedCallback (unwrapped): io.flutter.embedding.android.FlutterActivity$1@6f0874a
05-25 03:13:47.977   755  1185 D CoreBackPreview: Window{c037531 u0 com.tiarnanlarkin.danio/com.tiarnanlarkin.danio.MainActivity}: Setting back callback OnBackInvokedCallbackInfo{mCallback=android.window.IOnBackInvokedCallback$Stub$Proxy@63fb164, mPriority=0, mIsAnimationCallback=true, mOverrideBehavior=0}
05-25 03:13:47.977 11587 11587 D InsetsController: Setting requestedVisibleTypes to 503 (was 511)
05-25 03:13:47.980   755  1185 I ImeTracker: system_server:1b4e67aa: onRequestShow at ORIGIN_SERVER reason IME_REQUESTED_CHANGED_LISTENER fromUser false
05-25 03:13:47.980 11587 11587 D CompatChangeReporter: Compat change id reported: 395521150; UID 10219; state: ENABLED
05-25 03:13:47.981  1012  1069 D Bubbles : BubbleController.BubblesImeListener.onImeVisibilityChanged visible=falserunnable=null stackView=null
05-25 03:13:47.984   755   778 I ImeTracker: system_server:1b4e67aa: onCancelled at PHASE_SERVER_ALREADY_VISIBLE
05-25 03:13:47.994 11587 11587 D VRI[MainActivity]: WindowInsets changed: ime:null 
05-25 03:13:47.996 11587 11587 D FlutterJNI: Sending viewport metrics to the engine.
05-25 03:13:48.011   755   779 I ImeTracker: system_server:f3cb7c0c: onRequestShow at ORIGIN_SERVER reason CONTROLS_CHANGED fromUser false
05-25 03:13:48.011 11587 11587 D FlutterJNI: Sending viewport metrics to the engine.
05-25 03:13:48.014 11587 11587 I ImeTracker: system_server:f3cb7c0c: onCancelled at PHASE_CLIENT_ON_CONTROLS_CHANGED
05-25 03:13:48.028 11587 11587 D FlutterJNI: Sending viewport metrics to the engine.
05-25 03:13:48.044 11587 11587 D FlutterJNI: Sending viewport metrics to the engine.
05-25 03:13:48.061 11587 11587 D FlutterJNI: Sending viewport metrics to the engine.
05-25 03:13:48.079 11587 11587 D FlutterJNI: Sending viewport metrics to the engine.
05-25 03:13:48.098 11587 11587 D FlutterJNI: Sending viewport metrics to the engine.
05-25 03:13:48.115 11587 11587 D FlutterJNI: Sending viewport metrics to the engine.
05-25 03:13:48.127 11587 11587 D FlutterJNI: Sending viewport metrics to the engine.
05-25 03:13:48.180 11587 11587 D FlutterJNI: Sending viewport metrics to the engine.
05-25 03:13:48.194 11587 11587 D FlutterJNI: Sending viewport metrics to the engine.
05-25 03:13:48.240 11587 11587 D FlutterJNI: Sending viewport metrics to the engine.
05-25 03:13:48.244 11587 11587 D FlutterJNI: Sending viewport metrics to the engine.
05-25 03:13:48.312   755  1928 I ImeTracker: com.tiarnanlarkin.danio:59c79a6c: onFailed at PHASE_WM_NOTIFY_HIDE_ANIMATION_FINISHED
05-25 03:13:48.312 11587 11587 D FlutterJNI: Sending viewport metrics to the engine.
05-25 03:13:48.314  1440  1440 I GoogleInputMethodService: GoogleInputMethodService.onFinishInputView():1661 onFinishInputView(false)
05-25 03:13:48.314 11587 11587 D FlutterJNI: Sending viewport metrics to the engine.
05-25 03:13:48.314  1440  1440 W SupplementaryKeyboardsWrapper: SupplementaryKeyboardsWrapper.deactivateKeyboard():162 keyboard composing_text_consumer is not activated before!
05-25 03:13:48.314  1440  1440 I GlobeKeyExtension: GlobeKeyExtension.onDeactivate():154 
05-25 03:13:48.315  1440  1440 W TooltipLifecycleManager: TooltipLifecycleManager.dismissTooltips():153 Tooltip with id spell_check_add_to_dictionary not found in tooltipManager.
05-25 03:13:48.315  1440  1440 I VoiceInputManagerWrapper: VoiceInputManagerWrapper.shutdown():131 shutdown()
05-25 03:13:48.315  1440  1440 I UniversalDictationUiProvider: UniversalDictationUiProvider.onDeactivate():69 onDeactivate() [UD]
05-25 03:13:48.315  1440  1440 I InputBundle: InputBundle.consumeEvent():1051 Skip consuming an event as keyboard status is INACTIVE
05-25 03:13:48.316  1440  1440 I AndroidIME: AbstractIme.onDeactivate():213 LatinIme.onDeactivate()
05-25 03:13:48.317  1440  1820 W ModuleManager: ModuleManager.loadModule():634 Module pyg is not available
05-25 03:13:48.317  1440  1820 I NebulaeTrainingCacheMetricsProcessor: NebulaeTrainingCacheMetricsProcessor.processEndSession():616 End training cache session: com.tiarnanlarkin.danio_1/
05-25 03:13:48.318  1440  1440 I PrimesLoggerHolder: FrameMetricServiceImpl.stopAsFuture():213 Measurement not found: OnConfigurationChanged
05-25 03:13:48.318  1440  1440 W TooltipLifecycleManager: TooltipLifecycleManager.dismissTooltips():153 Tooltip with id undo_access_point_promotion_banner not found in tooltipManager.
05-25 03:13:48.318  1440  1440 D ImeBackCallbackSender: Unregister OnBackInvokedCallback at app window (packageName=com.tiarnanlarkin.danio)
05-25 03:13:48.318  1440  1820 I OnDeviceWmrCalculator: OnDeviceWmrCalculator.calculateWmr():94 WMR: 0.0000 (0 / 3)
05-25 03:13:48.318   755  1052 I ImeTracker: com.tiarnanlarkin.danio:59c79a6c: onFinished on previously finished token at PHASE_NOT_SET with STATUS_SUCCESS
05-25 03:13:48.319  1440  1440 I ImeTracker: com.tiarnanlarkin.danio:59c79a6c: onHidden
05-25 03:13:48.320  1440  1440 I GoogleInputMethodService: GoogleInputMethodService.onStartInput():1446 onStartInput(EditorInfo{EditorInfo{packageName=com.tiarnanlarkin.danio, inputType=0, inputTypeString=NULL, enableLearning=false, autoCorrection=false, autoComplete=false, imeOptions=0, privateImeOptions=null, actionName=UNSPECIFIED, actionLabel=null, initialSelStart=-1, initialSelEnd=-1, initialCapsMode=0, label=null, fieldId=0, fieldName=null, extras=null, hintText=null, hintLocales=[]}}, true)
05-25 03:13:48.320  1440  1440 W SessionManager: SessionManager.beginSession():72 Try to begin an already begun session [INPUT_SESSION], end it first
05-25 03:13:48.320  1440  1440 I AndroidIME: LatinIMEBase.updateInputViewCoverNavigation():322 Update input view padding, isNavbarOverInputWindow=true, bottom inset=126
05-25 03:13:48.320  1440  1440 I Module  : DeviceLockedStatusModuleProvider$Module.updateDeviceLockedStatus():103 repeatCheckTimes = 1, locked = false
05-25 03:13:48.321   755  1052 W PackageConfigPersister: App-specific configuration not found for packageName: com.tiarnanlarkin.danio and userId: 0
05-25 03:13:48.328  1440  1440 I KeyboardModeUtils: KeyboardModeUtils.getKeyboardBottomOffset():432 inch: 0.000000 ydpi: 420.000000 adjustKeyboardBottomByDisplaySize: false currentDensityDpi: 420 defaultDensityDpi: 420 keyboardBottomToScreenPx: 0 keyboardBottomToNavBarPx: -126 navBarHeight: 126
05-25 03:13:48.328  1440  1440 I BaseKeyboardSizeHelper: BaseKeyboardSizeHelper.calculateMaxKeyboardBodyHeight():73 leave 281 height for app when ime window height:2211, header height:116 and isFullscreenMode:false, so the max keyboard body height is:1814
05-25 03:13:48.329  1440  1440 I BaseKeyboardSizeHelper: BaseKeyboardSizeHelper.calculateMaxKeyboardBodyHeight():73 leave 281 height for app when ime window height:2211, header height:116 and isFullscreenMode:false, so the max keyboard body height is:1814
05-25 03:13:48.567 11782 11782 D AndroidRuntime: >>>>>> START com.android.internal.os.RuntimeInit uid 2000 <<<<<<
05-25 03:13:48.570 11782 11782 I AndroidRuntime: Using default boot image
05-25 03:13:48.570 11782 11782 I AndroidRuntime: Leaving lock profiling enabled
05-25 03:13:48.571 11782 11782 I app_process: Using CollectorTypeCMC GC.
05-25 03:13:48.626 11782 11782 D nativeloader: InitDefaultPublicLibraries for_preload=1: libandroid.so:libaaudio.so:libamidi.so:libbinder_ndk.so:libc.so:libcamera2ndk.so:libdl.so:libEGL.so:libGLESv1_CM.so:libGLESv2.so:libGLESv3.so:libicu.so:libicui18n.so:libicuuc.so:libjnigraphics.so:liblog.so:libmediandk.so:libm.so:libnativehelper.so:libnativewindow.so:libOpenMAXAL.so:libOpenSLES.so:libRS.so:libstdc++.so:libsync.so:libvulkan.so:libwebviewchromium_plat_support.so:libz.so
05-25 03:13:48.634 11782 11782 D nativeloader: Load libicu_jni.so using APEX ns com_android_art for caller /apex/com.android.art/javalib/core-oj.jar: ok
05-25 03:13:48.634 11782 11782 D app_process: u_setTimeZoneFilesDirectory("/apex/com.android.tzdata/etc/tz/versioned/9/icu") succeeded. 
05-25 03:13:48.634 11782 11782 D app_process: I18n APEX ICU file found: /apex/com.android.i18n/etc/icu/icudt76l.dat
05-25 03:13:48.635 11782 11782 D nativeloader: Load libjavacore.so using APEX ns com_android_art for caller /apex/com.android.art/javalib/core-oj.jar: ok
05-25 03:13:48.635 11782 11782 D nativeloader: Load libopenjdk.so using APEX ns com_android_art for caller /apex/com.android.art/javalib/core-oj.jar: ok
05-25 03:13:48.636 11782 11782 I app_process: Priority-to-niceness mapping: 19, 16, 13, 10, 0, -2, -4, -5, -6, -8
05-25 03:13:48.636 11782 11782 W app_process: Unexpected CPU variant for x86: x86_64.
05-25 03:13:48.636 11782 11782 W app_process: Known variants: atom, sandybridge, silvermont, goldmont, goldmont-plus, goldmont-without-sha-xsaves, tremont, kabylake, alderlake, default
05-25 03:13:48.637 11782 11782 W app_process: ClassLoaderContext shared library size mismatch. Expected=2, found=0 (PCL[]{PCL[/system/framework/android.test.base.jar*1653369819]#PCL[/system/framework/android.test.mock.jar*1009639922]} | PCL[])
05-25 03:13:48.637 11782 11782 W app_process: ClassLoaderContext classpath size mismatch. expected=0, found=1 (PCL[]{PCL[/system/framework/android.test.runner.jar*3954641918]{PCL[/system/framework/android.test.base.jar*1653369819]#PCL[/system/framework/android.test.mock.jar*1009639922]}#PCL[/system/framework/android.test.base.jar*1653369819]} | PCL[/system/framework/android.test.runner.jar*3954641918])
05-25 03:13:48.653 11782 11782 D nativeloader: Load libframework-connectivity-tiramisu-jni.so using APEX ns com_android_tethering for caller /apex/com.android.tethering/javalib/framework-connectivity-t.jar: ok
05-25 03:13:48.654 11782 11782 D AndroidRuntime: Calling main entry com.android.commands.uiautomator.Launcher
05-25 03:13:48.657 11782 11782 I AconfigPackage: android.media.swcodec.flags is mapped to com.android.media.swcodec
05-25 03:13:48.657 11782 11782 I AconfigPackage: com.android.permission.flags is mapped to com.android.permission
05-25 03:13:48.657 11782 11782 I AconfigPackage: com.android.permissioncontroller.flags is mapped to com.android.permission
05-25 03:13:48.657 11782 11782 I AconfigPackage: com.android.icu is mapped to com.android.i18n
05-25 03:13:48.657 11782 11782 I AconfigPackage: com.android.appsearch.flags is mapped to com.android.appsearch
05-25 03:13:48.657 11782 11782 I AconfigPackage: android.uprobestats.mainline.flags is mapped to com.android.uprobestats
05-25 03:13:48.657 11782 11782 I AconfigPackage: com.android.crashrecovery.flags is mapped to com.android.crashrecovery
05-25 03:13:48.657 11782 11782 I AconfigPackage: android.provider.flags is mapped to com.android.configinfrastructure
05-25 03:13:48.657 11782 11782 I AconfigPackage: com.android.server.deviceconfig is mapped to com.android.configinfrastructure
05-25 03:13:48.657 11782 11782 I AconfigPackage: com.android.compos.flags is mapped to com.android.compos
05-25 03:13:48.658 11782 11782 I AconfigPackage: com.android.art.flags is mapped to com.android.art
05-25 03:13:48.658 11782 11782 I AconfigPackage: com.android.art.rw.flags is mapped to com.android.art
05-25 03:13:48.658 11782 11782 I AconfigPackage: com.android.libcore is mapped to com.android.art
05-25 03:13:48.658 11782 11782 I AconfigPackage: com.android.telephony.flags is mapped to com.android.telephonycore
05-25 03:13:48.658 11782 11782 I AconfigPackage: com.android.media.extractor.flags is mapped to com.android.media
05-25 03:13:48.658 11782 11782 I AconfigPackage: com.android.media.mainline.flags is mapped to com.android.media
05-25 03:13:48.658 11782 11782 I AconfigPackage: com.android.wifi.flags is mapped to com.android.wifi
05-25 03:13:48.658 11782 11782 I AconfigPackage: com.android.org.conscrypt.flags is mapped to com.android.conscrypt
05-25 03:13:48.658 11782 11782 I AconfigPackage: com.android.org.conscrypt.net.flags is mapped to com.android.conscrypt
05-25 03:13:48.658 11782 11782 I AconfigPackage: com.android.healthfitness.flags is mapped to com.android.healthfitness
05-25 03:13:48.658 11782 11782 I AconfigPackage: com.android.ipsec.flags is mapped to com.android.ipsec
05-25 03:13:48.658 11782 11782 I AconfigPackage: com.android.nfc.module.flags is mapped to com.android.nfcservices
05-25 03:13:48.658 11782 11782 I AconfigPackage: com.android.adservices.ondevicepersonalization.flags is mapped to com.android.ondevicepersonalization
05-25 03:13:48.658 11782 11782 I AconfigPackage: com.android.adbd.flags is mapped to com.android.adbd
05-25 03:13:48.658 11782 11782 I AconfigPackage: com.android.bluetooth.flags is mapped to com.android.bt
05-25 03:13:48.658 11782 11782 I AconfigPackage: com.android.devicelock.flags is mapped to com.android.devicelock
05-25 03:13:48.658 11782 11782 I AconfigPackage: android.os.profiling is mapped to com.android.profiling
05-25 03:13:48.658 11782 11782 I AconfigPackage: android.os.profiling.anomaly.flags is mapped to com.android.profiling
05-25 03:13:48.658 11782 11782 I AconfigPackage: com.android.os.statsd.flags is mapped to com.android.os.statsd
05-25 03:13:48.658 11782 11782 I AconfigPackage: com.android.rkpd.flags is mapped to com.android.rkpd
05-25 03:13:48.658 11782 11782 I AconfigPackage: com.android.cellbroadcastreceiver.flags is mapped to com.android.cellbroadcast
05-25 03:13:48.658 11782 11782 I AconfigPackage: com.android.adservices.flags is mapped to com.android.adservices
05-25 03:13:48.658 11782 11782 I AconfigPackage: com.android.sdksandbox.flags is mapped to com.android.adservices
05-25 03:13:48.658 11782 11782 I AconfigPackage: com.android.uwb.flags is mapped to com.android.uwb
05-25 03:13:48.658 11782 11782 I AconfigPackage: com.android.ranging.flags is mapped to com.android.uwb
05-25 03:13:48.659 11782 11782 I AconfigPackage: android.graphics.pdf.flags is mapped to com.android.mediaprovider
05-25 03:13:48.659 11782 11782 I AconfigPackage: com.android.providers.media.flags is mapped to com.android.mediaprovider
05-25 03:13:48.659 11782 11782 I AconfigPackage: android.graphics.pdf.flags.readonly is mapped to com.android.mediaprovider
05-25 03:13:48.659 11782 11782 I AconfigPackage: com.android.tethering.mainline.beta is mapped to com.android.tethering
05-25 03:13:48.659 11782 11782 I AconfigPackage: android.net.http is mapped to com.android.tethering
05-25 03:13:48.659 11782 11782 I AconfigPackage: com.android.tethering.readonly.flags is mapped to com.android.tethering
05-25 03:13:48.659 11782 11782 I AconfigPackage: android.net.vcn is mapped to com.android.tethering
05-25 03:13:48.659 11782 11782 I AconfigPackage: com.android.net.flags is mapped to com.android.tethering
05-25 03:13:48.659 11782 11782 I AconfigPackage: com.android.tethering.beta.test is mapped to com.android.tethering
05-25 03:13:48.659 11782 11782 I AconfigPackage: com.android.nearby.flags is mapped to com.android.tethering
05-25 03:13:48.659 11782 11782 I AconfigPackage: com.android.net.ct.flags is mapped to com.android.tethering
05-25 03:13:48.659 11782 11782 I AconfigPackage: com.android.net.thread.flags is mapped to com.android.tethering
05-25 03:13:48.659 11782 11782 I AconfigPackage: com.android.system.virtualmachine.flags is mapped to com.android.virt
05-25 03:13:48.659 11782 11782 E FeatureFlagsImplExport: android.os.flagging.AconfigStorageReadException: ERROR_PACKAGE_NOT_FOUND: package android.xr cannot be found on the device
05-25 03:13:48.664 11782 11782 D UiAutomationConnection: Created on user UserHandle{0}
05-25 03:13:48.664 11782 11782 I UiAutomation: Initialized for user 0 on display 0
05-25 03:13:48.664 11782 11782 W UiAutomation: Created with deprecatead constructor, assumes DEFAULT_DISPLAY
05-25 03:13:48.665   755  1928 D AccessibilityManagerService: changeCurrentUserForTestAutomationIfNeededLocked(0): ignoring because device doesn't support visible background users
05-25 03:13:48.665   755  1928 I UiAutomationManager: Registering UiTestAutomationService (id=com.android.server.accessibility/UiAutomation, flags=0x0) when called by user 0
05-25 03:13:48.665   755  1928 V AccessibilityManagerService: onUserStateChangedLocked for userId: 0, forceUpdate: false
05-25 03:13:48.666   755  1928 V AccessibilityUserState: updateShortcutTargets: type:accessibility_shortcut_target_service, current:{}, new:{}
05-25 03:13:48.666   755  1928 V AccessibilityUserState: updateShortcutTargets: type:accessibility_button_targets, current:{}, new:{}
05-25 03:13:48.666   755  1928 V AccessibilityUserState: updateShortcutTargets: type:accessibility_gesture_targets, current:{}, new:{}
05-25 03:13:48.666   755  1928 V AccessibilityUserState: updateShortcutTargets: type:accessibility_qs_targets, current:{}, new:{}
05-25 03:13:48.666   755  1928 V AccessibilityUserState: updateShortcutTargets: type:accessibility_key_gesture_targets, current:{}, new:{}
05-25 03:13:48.666   755  1928 W MagnificationConnectionManager: requestConnection duplicated request: connect=false, mConnectionState=DISCONNECTED
05-25 03:13:48.666  1546  2094 I AiAiEcho: Settings changed for uri: content://settings/secure/accessibility_enabled
05-25 03:13:48.667  1546  1927 I AiAiEcho: Predicting[0]:  [CONTEXT sampling_count=5 ]
05-25 03:13:48.667  1546  1927 I AiAiEcho: EchoTargets: 
05-25 03:13:48.667  1546  1927 I AiAiEcho: Filtered by AiAi flag check: 
05-25 03:13:48.667  1546  1927 I AiAiEcho: [CONTEXT ratelimit_period="10 SECONDS" ]
05-25 03:13:48.667  1546  1927 I AiAiEcho: #remoteViewsTwiddler: feature disabled.
05-25 03:13:48.668  1546  1927 I AiAiEcho: Predicting[0]:  [CONTEXT sampling_count=5 ]
05-25 03:13:48.668  1546  1927 I AiAiEcho: EchoTargets: 
05-25 03:13:48.668  1546  1927 I AiAiEcho: Filtered by AiAi flag check: 
05-25 03:13:48.668  1546  1927 I AiAiEcho: [CONTEXT ratelimit_period="10 SECONDS" ]
05-25 03:13:48.668  1546  1927 I AiAiEcho: #remoteViewsTwiddler: feature disabled.
05-25 03:13:48.668  1546  1927 I AiAiEcho: #postPredictionTargets: Sending updates to UISurface lockscreen with targets# 0 (types=[])
05-25 03:13:48.668  1546  1927 I AiAiEcho: #postPredictionTargets: Sending updates to UISurface home with targets# 0 (types=[])
05-25 03:13:48.668   755   755 W libbinder.IPCThreadState: Sending oneway calls to frozen process.
05-25 03:13:48.668  1012  1012 W SsPagerDots: Total number of pages invalid: 0. Assuming 1 page.
05-25 03:13:48.668   755   755 W libbinder.IPCThreadState: Sending oneway calls to frozen process.
05-25 03:13:48.669   755   755 W libbinder.IPCThreadState: Sending oneway calls to frozen process.
05-25 03:13:48.669   755   755 W libbinder.IPCThreadState: Sending oneway calls to frozen process.
05-25 03:13:48.669   755   755 W libbinder.IPCThreadState: Sending oneway calls to frozen process.
05-25 03:13:48.669   755   755 W libbinder.IPCThreadState: Sending oneway calls to frozen process.
05-25 03:13:48.670   755   755 W libbinder.IPCThreadState: Sending oneway calls to frozen process.
05-25 03:13:48.670   755   755 W libbinder.IPCThreadState: Sending oneway calls to frozen process.
05-25 03:13:48.670   755   755 W libbinder.IPCThreadState: Sending oneway calls to frozen process.
05-25 03:13:48.670   755   755 W libbinder.IPCThreadState: Sending oneway calls to frozen process.
05-25 03:13:48.670   755   755 W libbinder.IPCThreadState: Sending oneway calls to frozen process.
05-25 03:13:48.670   755   755 W libbinder.IPCThreadState: Sending oneway calls to frozen process.
05-25 03:13:48.670   755   755 W libbinder.IPCThreadState: Sending oneway calls to frozen process.
05-25 03:13:48.670   755   755 W libbinder.IPCThreadState: Sending oneway calls to frozen process.
05-25 03:13:48.671   755   755 W libbinder.IPCThreadState: Sending oneway calls to frozen process.
05-25 03:13:48.671   755   755 W libbinder.IPCThreadState: Sending oneway calls to frozen process.
05-25 03:13:48.671   755   755 W libbinder.IPCThreadState: Sending oneway calls to frozen process.
05-25 03:13:48.671   755   755 W libbinder.IPCThreadState: Sending oneway calls to frozen process.
05-25 03:13:48.671   755   755 W libbinder.IPCThreadState: Sending oneway calls to frozen process.
05-25 03:13:48.671   755   755 W libbinder.IPCThreadState: Sending oneway calls to frozen process.
05-25 03:13:48.671   755   755 W libbinder.IPCThreadState: Sending oneway calls to frozen process.
05-25 03:13:48.671   755   755 W libbinder.IPCThreadState: Sending oneway calls to frozen process.
05-25 03:13:48.671   755   755 W libbinder.IPCThreadState: Sending oneway calls to frozen process.
05-25 03:13:48.671   755   755 W libbinder.IPCThreadState: Sending oneway calls to frozen process.
05-25 03:13:48.672   755   755 D BatterySaverPolicy: accessibility changed to true, updating policy.
05-25 03:13:48.673   755  1185 V AccessibilityManagerService: onUserStateChangedLocked for userId: 0, forceUpdate: false
05-25 03:13:48.673   755  1185 V AccessibilityUserState: updateShortcutTargets: type:accessibility_shortcut_target_service, current:{}, new:{}
05-25 03:13:48.673   755  1185 V AccessibilityUserState: updateShortcutTargets: type:accessibility_button_targets, current:{}, new:{}
05-25 03:13:48.673   755  1185 V AccessibilityUserState: updateShortcutTargets: type:accessibility_gesture_targets, current:{}, new:{}
05-25 03:13:48.673   755  1185 V AccessibilityUserState: updateShortcutTargets: type:accessibility_qs_targets, current:{}, new:{}
05-25 03:13:48.673   755  1185 V AccessibilityUserState: updateShortcutTargets: type:accessibility_key_gesture_targets, current:{}, new:{}
05-25 03:13:48.673   755  1185 W MagnificationConnectionManager: requestConnection duplicated request: connect=false, mConnectionState=DISCONNECTED
05-25 03:13:48.674  1546  3179 I AiAiEcho: Settings changed for uri: content://settings/secure/accessibility_enabled
05-25 03:13:48.674   755   755 W libbinder.IPCThreadState: Sending oneway calls to frozen process.
05-25 03:13:48.674   755   755 W libbinder.IPCThreadState: Sending oneway calls to frozen process.
05-25 03:13:48.674   755   755 W libbinder.IPCThreadState: Sending oneway calls to frozen process.
05-25 03:13:48.674   755   755 W libbinder.IPCThreadState: Sending oneway calls to frozen process.
05-25 03:13:48.674   755   755 W libbinder.IPCThreadState: Sending oneway calls to frozen process.
05-25 03:13:48.674   755   755 W libbinder.IPCThreadState: Sending oneway calls to frozen process.
05-25 03:13:48.674   755   755 W libbinder.IPCThreadState: Sending oneway calls to frozen process.
05-25 03:13:48.674   755   755 W libbinder.IPCThreadState: Sending oneway calls to frozen process.
05-25 03:13:48.674   755   755 W libbinder.IPCThreadState: Sending oneway calls to frozen process.
05-25 03:13:48.674   755   755 W libbinder.IPCThreadState: Sending oneway calls to frozen process.
05-25 03:13:48.674   755   755 W libbinder.IPCThreadState: Sending oneway calls to frozen process.
05-25 03:13:48.674   755   755 W libbinder.IPCThreadState: Sending oneway calls to frozen process.
05-25 03:13:48.674   755   755 W libbinder.IPCThreadState: Sending oneway calls to frozen process.
05-25 03:13:48.674   755   755 W libbinder.IPCThreadState: Sending oneway calls to frozen process.
05-25 03:13:48.674   755   755 W libbinder.IPCThreadState: Sending oneway calls to frozen process.
05-25 03:13:48.674   755   755 W libbinder.IPCThreadState: Sending oneway calls to frozen process.
05-25 03:13:48.675  1546  1927 I AiAiEcho: Predicting[0]:  [CONTEXT sampling_count=5 ]
05-25 03:13:48.675  1546  1927 I AiAiEcho: EchoTargets: 
05-25 03:13:48.675  1546  1927 I AiAiEcho: Filtered by AiAi flag check: 
05-25 03:13:48.675  1546  1927 I AiAiEcho: [CONTEXT ratelimit_period="10 SECONDS" ]
05-25 03:13:48.675  1546  1927 I AiAiEcho: #remoteViewsTwiddler: feature disabled.
05-25 03:13:48.675  1546  1927 I AiAiEcho: Predicting[0]:  [CONTEXT sampling_count=5 ]
05-25 03:13:48.675  1546  1927 I AiAiEcho: EchoTargets: 
05-25 03:13:48.675  1546  1927 I AiAiEcho: Filtered by AiAi flag check: 
05-25 03:13:48.675  1546  1927 I AiAiEcho: [CONTEXT ratelimit_period="10 SECONDS" ]
05-25 03:13:48.676  1546  1927 I AiAiEcho: #remoteViewsTwiddler: feature disabled.
05-25 03:13:48.677  1546  1927 I AiAiEcho: #postPredictionTargets: Sending updates to UISurface lockscreen with targets# 0 (types=[])
05-25 03:13:48.678  1546  1927 I AiAiEcho: #postPredictionTargets: Sending updates to UISurface home with targets# 0 (types=[])
05-25 03:13:48.681   755  1185 D AccessibilityManagerService: .getAccessibilityShortcutTargets {shortcutType=32, userId=0}
05-25 03:13:48.681  1012  1012 W SsPagerDots: Total number of pages invalid: 0. Assuming 1 page.
05-25 03:13:48.730   755   785 W libbinder.IPCThreadState: Sending oneway calls to frozen process.
05-25 03:13:48.828  1440  1440 W TooltipLifecycleManager: TooltipLifecycleManager.dismissTooltips():153 Tooltip with id undo_access_point_promotion_banner not found in tooltipManager.
05-25 03:13:48.835   755  1185 I ImeTracker: system_server:83594cb4: onRequestHide at ORIGIN_SERVER reason IME_REQUESTED_CHANGED_LISTENER fromUser false
05-25 03:13:48.835   755   778 I ImeTracker: system_server:83594cb4: onCancelled at PHASE_SERVER_SHOULD_HIDE
05-25 03:13:49.075   755   906 I HalDevMgr: bestIfaceCreationProposal is null, requestIface=STA, existingIface=[name=wlan0 type=STA]
05-25 03:13:49.825 11782 11782 W AccessibilityNodeInfoDumper: Fetch time: 1ms
05-25 03:13:49.827   755  1865 V AccessibilityManagerService: onUserStateChangedLocked for userId: 0, forceUpdate: false
05-25 03:13:49.830   755  1865 V AccessibilityUserState: updateShortcutTargets: type:accessibility_shortcut_target_service, current:{}, new:{}
05-25 03:13:49.830   755  1865 V AccessibilityUserState: updateShortcutTargets: type:accessibility_button_targets, current:{}, new:{}
05-25 03:13:49.830   755  1865 V AccessibilityUserState: updateShortcutTargets: type:accessibility_gesture_targets, current:{}, new:{}
05-25 03:13:49.830   755  1865 V AccessibilityUserState: updateShortcutTargets: type:accessibility_qs_targets, current:{}, new:{}
05-25 03:13:49.830  1546  3179 I AiAiEcho: Settings changed for uri: content://settings/secure/accessibility_enabled
05-25 03:13:49.830   755  1865 V AccessibilityUserState: updateShortcutTargets: type:accessibility_key_gesture_targets, current:{}, new:{}
05-25 03:13:49.830   755  1865 W MagnificationConnectionManager: requestConnection duplicated request: connect=false, mConnectionState=DISCONNECTED
05-25 03:13:49.830   755  1865 D AccessibilityManagerService: restoreCurrentUserForTestAutomationIfNeededLocked(): ignoring because device doesn't support visible background users
05-25 03:13:49.830   755   755 W libbinder.IPCThreadState: Sending oneway calls to frozen process.
05-25 03:13:49.830   755   755 W libbinder.IPCThreadState: Sending oneway calls to frozen process.
05-25 03:13:49.830   755   755 W libbinder.IPCThreadState: Sending oneway calls to frozen process.
05-25 03:13:49.830   755   755 W libbinder.IPCThreadState: Sending oneway calls to frozen process.
05-25 03:13:49.830   755   755 W libbinder.IPCThreadState: Sending oneway calls to frozen process.
05-25 03:13:49.830   755   755 W libbinder.IPCThreadState: Sending oneway calls to frozen process.
05-25 03:13:49.831  1546  1927 I AiAiEcho: Predicting[0]:  [CONTEXT sampling_count=5 ]
05-25 03:13:49.831  1546  1927 I AiAiEcho: EchoTargets: 
05-25 03:13:49.831  1546  1927 I AiAiEcho: Filtered by AiAi flag check: 
05-25 03:13:49.831  1546  1927 I AiAiEcho: [CONTEXT ratelimit_period="10 SECONDS" ]
05-25 03:13:49.831  1546  1927 I AiAiEcho: #remoteViewsTwiddler: feature disabled.
05-25 03:13:49.831   755   755 W libbinder.IPCThreadState: Sending oneway calls to frozen process.
05-25 03:13:49.831   755   755 W libbinder.IPCThreadState: Sending oneway calls to frozen process.
05-25 03:13:49.831   755   755 W libbinder.IPCThreadState: Sending oneway calls to frozen process.
05-25 03:13:49.831  1546  1927 I AiAiEcho: Predicting[0]:  [CONTEXT sampling_count=5 ]
05-25 03:13:49.831  1546  1927 I AiAiEcho: EchoTargets: 
05-25 03:13:49.831  1546  1927 I AiAiEcho: Filtered by AiAi flag check: 
05-25 03:13:49.831  1546  1927 I AiAiEcho: [CONTEXT ratelimit_period="10 SECONDS" ]
05-25 03:13:49.831  1546  1927 I AiAiEcho: #remoteViewsTwiddler: feature disabled.
05-25 03:13:49.832   755   755 W libbinder.IPCThreadState: Sending oneway calls to frozen process.
05-25 03:13:49.832   755   755 W libbinder.IPCThreadState: Sending oneway calls to frozen process.
05-25 03:13:49.832   755   755 W libbinder.IPCThreadState: Sending oneway calls to frozen process.
05-25 03:13:49.832   755   755 W libbinder.IPCThreadState: Sending oneway calls to frozen process.
05-25 03:13:49.832   755   755 W libbinder.IPCThreadState: Sending oneway calls to frozen process.
05-25 03:13:49.832   755   755 W libbinder.IPCThreadState: Sending oneway calls to frozen process.
05-25 03:13:49.832   755   755 W libbinder.IPCThreadState: Sending oneway calls to frozen process.
05-25 03:13:49.832   755   755 W libbinder.IPCThreadState: Sending oneway calls to frozen process.
05-25 03:13:49.832  1546  1927 I AiAiEcho: #postPredictionTargets: Sending updates to UISurface lockscreen with targets# 0 (types=[])
05-25 03:13:49.833   755   755 W libbinder.IPCThreadState: Sending oneway calls to frozen process.
05-25 03:13:49.833 11782 11782 D AndroidRuntime: Shutting down VM
05-25 03:13:49.833   755   755 W libbinder.IPCThreadState: Sending oneway calls to frozen process.
05-25 03:13:49.833 11782 11790 W libbinder.IPCThreadState: call to talkWithDriver in joinThreadPool returned error: -9 (Bad file descriptor), FD: -1
05-25 03:13:49.833   755   755 W libbinder.IPCThreadState: Sending oneway calls to frozen process.
05-25 03:13:49.833   755   755 W libbinder.IPCThreadState: Sending oneway calls to frozen process.
05-25 03:13:49.833   755   755 W libbinder.IPCThreadState: Sending oneway calls to frozen process.
05-25 03:13:49.834   755   755 W libbinder.IPCThreadState: Sending oneway calls to frozen process.
05-25 03:13:49.834  1546  1927 I AiAiEcho: #postPredictionTargets: Sending updates to UISurface home with targets# 0 (types=[])
05-25 03:13:49.834   755   755 W libbinder.IPCThreadState: Sending oneway calls to frozen process.
05-25 03:13:49.834   755   755 D BatterySaverPolicy: accessibility changed to false, updating policy.
05-25 03:13:49.834 11782 11791 W libbinder.IPCThreadState: call to talkWithDriver in joinThreadPool returned error: -9 (Bad file descriptor), FD: -1
05-25 03:13:49.834 11782 11794 W libbinder.IPCThreadState: call to talkWithDriver in joinThreadPool returned error: -9 (Bad file descriptor), FD: -1
05-25 03:13:49.835  1012  1012 W SsPagerDots: Total number of pages invalid: 0. Assuming 1 page.
05-25 03:13:51.952   755   845 D ActivityManager: sync unfroze 2368 com.google.android.apps.photos for 6
05-25 03:13:51.958  2368  2904 W JobInfo : Requested important-while-foreground flag for job555000122 is ignored and takes no effect
05-25 03:13:51.967   755  2205 D ConnectivityService: requestNetwork for uid/pid:10162/2368 activeRequest: null callbackRequest: 245 [NetworkRequest [ REQUEST id=246, [ Capabilities: INTERNET&NOT_RESTRICTED&TRUSTED&NOT_VCN_MANAGED&NOT_BANDWIDTH_CONSTRAINED Uid: 10162 RequestorUid: 10162 RequestorPkg: com.google.android.apps.photos UnderlyingNetworks: Null] ]] callback flags: 0 order: 2147483647 isUidTracked: false declaredMethods: AVAIL|LOST|NC|BLK
05-25 03:13:51.969   755  2205 W JobInfo : Job 'com.google.android.apps.photos/com.google.android.libraries.social.async.BackgroundTaskJobService#1043' has a deadline with no functional constraints. The deadline won't improve job execution latency. Consider removing the deadline.
05-25 03:13:51.969   755   906 D WifiNetworkFactory: got request NetworkRequest [ REQUEST id=246, [ Capabilities: INTERNET&NOT_RESTRICTED&TRUSTED&NOT_VCN_MANAGED&NOT_BANDWIDTH_CONSTRAINED Uid: 10162 RequestorUid: 10162 RequestorPkg: com.google.android.apps.photos UnderlyingNetworks: Null] ]
05-25 03:13:51.969   755   906 D UntrustedWifiNetworkFactory: got request NetworkRequest [ REQUEST id=246, [ Capabilities: INTERNET&NOT_RESTRICTED&TRUSTED&NOT_VCN_MANAGED&NOT_BANDWIDTH_CONSTRAINED Uid: 10162 RequestorUid: 10162 RequestorPkg: com.google.android.apps.photos UnderlyingNetworks: Null] ]
05-25 03:13:51.969   755   906 D OemPaidWifiNetworkFactory: got request NetworkRequest [ REQUEST id=246, [ Capabilities: INTERNET&NOT_RESTRICTED&TRUSTED&NOT_VCN_MANAGED&NOT_BANDWIDTH_CONSTRAINED Uid: 10162 RequestorUid: 10162 RequestorPkg: com.google.android.apps.photos UnderlyingNetworks: Null] ]
05-25 03:13:51.969   755   906 D MultiInternetWifiNetworkFactory: got request NetworkRequest [ REQUEST id=246, [ Capabilities: INTERNET&NOT_RESTRICTED&TRUSTED&NOT_VCN_MANAGED&NOT_BANDWIDTH_CONSTRAINED Uid: 10162 RequestorUid: 10162 RequestorPkg: com.google.android.apps.photos UnderlyingNetworks: Null] ]
05-25 03:13:51.970   755   916 D ConnectivityService: NetReassign [246 : null → 100] [c 0] [a 2] [i 1]
05-25 03:13:51.970  2368  2368 D ActivityThread: Package [com.tiarnanlarkin.danio] reported as REPLACED, but missing application info. Assuming REMOVED.
05-25 03:13:51.970  2368  2368 D ActivityThread: Package [com.tiarnanlarkin.danio] reported as REPLACED, but missing application info. Assuming REMOVED.
05-25 03:13:51.991   755  2205 W JobScheduler: Job didn't exist in JobStore: 9a9f56c #u0a162/1034 com.google.android.apps.photos/com.google.android.libraries.social.mediamonitor.MediaMonitorJobSchedulerService
05-25 03:13:51.999   755  2205 W UriGrantsManagerService: No permission grants found for com.google.android.apps.photos
05-25 03:13:51.999   755  2205 W UriGrantsManagerService: No permission grants found for com.google.android.apps.photos
05-25 03:13:52.075   755  1052 W UriGrantsManagerService: No permission grants found for com.google.android.apps.photos
05-25 03:13:52.075   755  1052 W UriGrantsManagerService: No permission grants found for com.google.android.apps.photos
05-25 03:13:52.080   755   906 I HalDevMgr: bestIfaceCreationProposal is null, requestIface=STA, existingIface=[name=wlan0 type=STA]
05-25 03:13:52.099  2368 11803 I XmpUtil : XMP parse: only JPEG file is supported
05-25 03:13:52.099  2368 11804 I XmpUtil : XMP parse: only JPEG file is supported
05-25 03:13:52.141   755  1185 W UriGrantsManagerService: No permission grants found for com.google.android.apps.photos
05-25 03:13:52.142   755  1185 W UriGrantsManagerService: No permission grants found for com.google.android.apps.photos
05-25 03:13:52.142   755   785 W libbinder.IPCThreadState: Sending oneway calls to frozen process.
05-25 03:13:52.142   755   785 W libbinder.IPCThreadState: Sending oneway calls to frozen process.
05-25 03:13:52.825 11807 11807 W libbinder.BackendUnifiedServiceManager: Thread Pool max thread count is 0. Cannot cache binder as linkToDeath cannot be implemented. serviceName: SurfaceFlingerAIDL
05-25 03:13:52.825 11807 11807 W libbinder.BpBinder: Linking to death on android.gui.ISurfaceComposer but there are no threads (yet?) listening to incoming transactions. See ProcessState::startThreadPool and ProcessState::setThreadPoolMaxThreadCount. Generally you should setup the binder threadpool before other initialization steps.
05-25 03:13:52.825 11807 11807 W libbinder.ProcessState: Extra binder thread started, but 0 threads requested. Do not use *startThreadPool when zero threads are requested.
05-25 03:13:52.915  1529  5580 W MediaProvider: isAppCloneUserPair for user 0: false
05-25 03:13:53.004   755  1052 I ActivityManager: Broadcasting: Intent { act=android.intent.action.MEDIA_SCANNER_SCAN_FILE dat=file:///... flg=0x400000 }
05-25 03:13:53.005   755  1052 I ActivityManager: Enqueued broadcast Intent { act=android.intent.action.MEDIA_SCANNER_SCAN_FILE dat=file:///... flg=0x400000 }: 0
05-25 03:13:53.006  1529  1529 I MediaServiceV2: Creating work for intent Intent { act=android.intent.action.MEDIA_SCANNER_SCAN_FILE dat=file:///... flg=0x1400010 cmp=com.google.android.providers.media.module/com.android.providers.media.MediaServiceV2 }
05-25 03:13:53.006  1529  1529 I MediaServiceV2: Work enqueued for intent: Intent { act=android.intent.action.MEDIA_SCANNER_SCAN_FILE dat=file:///... flg=0x1400010 cmp=com.google.android.providers.media.module/com.android.providers.media.MediaServiceV2 }
05-25 03:13:53.006   755   775 I ActivityManager: Broadcast completed: result=0
05-25 03:13:53.010  1529  1727 W JobInfo : Requested important-while-foreground flag for job765 is ignored and takes no effect
05-25 03:13:53.010  1529  1727 D WM-SystemJobScheduler: Scheduling work ID 5df6ec40-df0f-4744-b5f8-e529331eb22cJob ID 765
05-25 03:13:53.016  1529  1529 D WM-SystemJobService: onStartJob for WorkGenerationalId(workSpecId=5df6ec40-df0f-4744-b5f8-e529331eb22c, generation=0)
05-25 03:13:53.016  1529  1727 D WM-GreedyScheduler: Ignoring {WorkSpec: fce74054-5d75-49ac-b1fb-61b1c63b64d1}. Requires device idle.
05-25 03:13:53.016  1529  1727 D WM-GreedyScheduler: Ignoring {WorkSpec: 748d3965-3023-45a6-9a32-baafa7d90ebf}. Requires device idle.
05-25 03:13:53.016  1529  1727 D WM-GreedyScheduler: Ignoring {WorkSpec: bbc248da-5aec-4565-83d8-ed90ba3a683c}. Requires device idle.
