05-25 02:07:16.829  6015  6015 D nativeloader: InitDefaultPublicLibraries for_preload=1: libandroid.so:libaaudio.so:libamidi.so:libbinder_ndk.so:libc.so:libcamera2ndk.so:libdl.so:libEGL.so:libGLESv1_CM.so:libGLESv2.so:libGLESv3.so:libicu.so:libicui18n.so:libicuuc.so:libjnigraphics.so:liblog.so:libmediandk.so:libm.so:libnativehelper.so:libnativewindow.so:libOpenMAXAL.so:libOpenSLES.so:libRS.so:libstdc++.so:libsync.so:libvulkan.so:libwebviewchromium_plat_support.so:libz.so
05-25 02:07:16.835  6015  6015 D nativeloader: Load libicu_jni.so using APEX ns com_android_art for caller /apex/com.android.art/javalib/core-oj.jar: ok
05-25 02:07:16.835  6015  6015 D app_process: u_setTimeZoneFilesDirectory("/apex/com.android.tzdata/etc/tz/versioned/9/icu") succeeded. 
05-25 02:07:16.835  6015  6015 D app_process: I18n APEX ICU file found: /apex/com.android.i18n/etc/icu/icudt76l.dat
05-25 02:07:16.835  6015  6015 D nativeloader: Load libjavacore.so using APEX ns com_android_art for caller /apex/com.android.art/javalib/core-oj.jar: ok
05-25 02:07:16.835  6015  6015 D nativeloader: Load libopenjdk.so using APEX ns com_android_art for caller /apex/com.android.art/javalib/core-oj.jar: ok
05-25 02:07:16.836  6015  6015 I app_process: Priority-to-niceness mapping: 19, 16, 13, 10, 0, -2, -4, -5, -6, -8
05-25 02:07:16.836  6015  6015 W app_process: Unexpected CPU variant for x86: x86_64.
05-25 02:07:16.836  6015  6015 W app_process: Known variants: atom, sandybridge, silvermont, goldmont, goldmont-plus, goldmont-without-sha-xsaves, tremont, kabylake, alderlake, default
05-25 02:07:16.837  6015  6015 W app_process: ClassLoaderContext shared library size mismatch. Expected=2, found=0 (PCL[]{PCL[/system/framework/android.test.base.jar*1653369819]#PCL[/system/framework/android.test.mock.jar*1009639922]} | PCL[])
05-25 02:07:16.838  6015  6015 W app_process: ClassLoaderContext classpath size mismatch. expected=0, found=1 (PCL[]{PCL[/system/framework/android.test.runner.jar*3954641918]{PCL[/system/framework/android.test.base.jar*1653369819]#PCL[/system/framework/android.test.mock.jar*1009639922]}#PCL[/system/framework/android.test.base.jar*1653369819]} | PCL[/system/framework/android.test.runner.jar*3954641918])
05-25 02:07:16.851  6015  6015 D nativeloader: Load libframework-connectivity-tiramisu-jni.so using APEX ns com_android_tethering for caller /apex/com.android.tethering/javalib/framework-connectivity-t.jar: ok
05-25 02:07:16.851  6015  6015 D AndroidRuntime: Calling main entry com.android.commands.uiautomator.Launcher
05-25 02:07:16.853  6015  6015 I AconfigPackage: android.media.swcodec.flags is mapped to com.android.media.swcodec
05-25 02:07:16.853  6015  6015 I AconfigPackage: com.android.permission.flags is mapped to com.android.permission
05-25 02:07:16.853  6015  6015 I AconfigPackage: com.android.permissioncontroller.flags is mapped to com.android.permission
05-25 02:07:16.854  6015  6015 I AconfigPackage: com.android.icu is mapped to com.android.i18n
05-25 02:07:16.854  6015  6015 I AconfigPackage: com.android.appsearch.flags is mapped to com.android.appsearch
05-25 02:07:16.854  6015  6015 I AconfigPackage: android.uprobestats.mainline.flags is mapped to com.android.uprobestats
05-25 02:07:16.854  6015  6015 I AconfigPackage: com.android.crashrecovery.flags is mapped to com.android.crashrecovery
05-25 02:07:16.854  6015  6015 I AconfigPackage: android.provider.flags is mapped to com.android.configinfrastructure
05-25 02:07:16.854  6015  6015 I AconfigPackage: com.android.server.deviceconfig is mapped to com.android.configinfrastructure
05-25 02:07:16.854  6015  6015 I AconfigPackage: com.android.compos.flags is mapped to com.android.compos
05-25 02:07:16.854  6015  6015 I AconfigPackage: com.android.art.flags is mapped to com.android.art
05-25 02:07:16.854  6015  6015 I AconfigPackage: com.android.art.rw.flags is mapped to com.android.art
05-25 02:07:16.854  6015  6015 I AconfigPackage: com.android.libcore is mapped to com.android.art
05-25 02:07:16.854  6015  6015 I AconfigPackage: com.android.telephony.flags is mapped to com.android.telephonycore
05-25 02:07:16.854  6015  6015 I AconfigPackage: com.android.media.extractor.flags is mapped to com.android.media
05-25 02:07:16.854  6015  6015 I AconfigPackage: com.android.media.mainline.flags is mapped to com.android.media
05-25 02:07:16.854  6015  6015 I AconfigPackage: com.android.wifi.flags is mapped to com.android.wifi
05-25 02:07:16.854  6015  6015 I AconfigPackage: com.android.org.conscrypt.flags is mapped to com.android.conscrypt
05-25 02:07:16.854  6015  6015 I AconfigPackage: com.android.org.conscrypt.net.flags is mapped to com.android.conscrypt
05-25 02:07:16.855  6015  6015 I AconfigPackage: com.android.healthfitness.flags is mapped to com.android.healthfitness
05-25 02:07:16.855  6015  6015 I AconfigPackage: com.android.ipsec.flags is mapped to com.android.ipsec
05-25 02:07:16.855  6015  6015 I AconfigPackage: com.android.nfc.module.flags is mapped to com.android.nfcservices
05-25 02:07:16.855  6015  6015 I AconfigPackage: com.android.adservices.ondevicepersonalization.flags is mapped to com.android.ondevicepersonalization
05-25 02:07:16.855  6015  6015 I AconfigPackage: com.android.adbd.flags is mapped to com.android.adbd
05-25 02:07:16.855  6015  6015 I AconfigPackage: com.android.bluetooth.flags is mapped to com.android.bt
05-25 02:07:16.856  6015  6015 I AconfigPackage: com.android.devicelock.flags is mapped to com.android.devicelock
05-25 02:07:16.856  6015  6015 I AconfigPackage: android.os.profiling is mapped to com.android.profiling
05-25 02:07:16.856  6015  6015 I AconfigPackage: android.os.profiling.anomaly.flags is mapped to com.android.profiling
05-25 02:07:16.856  6015  6015 I AconfigPackage: com.android.os.statsd.flags is mapped to com.android.os.statsd
05-25 02:07:16.856  6015  6015 I AconfigPackage: com.android.rkpd.flags is mapped to com.android.rkpd
05-25 02:07:16.856  6015  6015 I AconfigPackage: com.android.cellbroadcastreceiver.flags is mapped to com.android.cellbroadcast
05-25 02:07:16.856  6015  6015 I AconfigPackage: com.android.adservices.flags is mapped to com.android.adservices
05-25 02:07:16.856  6015  6015 I AconfigPackage: com.android.sdksandbox.flags is mapped to com.android.adservices
05-25 02:07:16.856  6015  6015 I AconfigPackage: com.android.uwb.flags is mapped to com.android.uwb
05-25 02:07:16.856  6015  6015 I AconfigPackage: com.android.ranging.flags is mapped to com.android.uwb
05-25 02:07:16.857  6015  6015 I AconfigPackage: android.graphics.pdf.flags is mapped to com.android.mediaprovider
05-25 02:07:16.857  6015  6015 I AconfigPackage: com.android.providers.media.flags is mapped to com.android.mediaprovider
05-25 02:07:16.857  6015  6015 I AconfigPackage: android.graphics.pdf.flags.readonly is mapped to com.android.mediaprovider
05-25 02:07:16.857  6015  6015 I AconfigPackage: com.android.tethering.mainline.beta is mapped to com.android.tethering
05-25 02:07:16.857  6015  6015 I AconfigPackage: android.net.http is mapped to com.android.tethering
05-25 02:07:16.857  6015  6015 I AconfigPackage: com.android.tethering.readonly.flags is mapped to com.android.tethering
05-25 02:07:16.857  6015  6015 I AconfigPackage: android.net.vcn is mapped to com.android.tethering
05-25 02:07:16.857  6015  6015 I AconfigPackage: com.android.net.flags is mapped to com.android.tethering
05-25 02:07:16.857  6015  6015 I AconfigPackage: com.android.tethering.beta.test is mapped to com.android.tethering
05-25 02:07:16.857  6015  6015 I AconfigPackage: com.android.nearby.flags is mapped to com.android.tethering
05-25 02:07:16.857  6015  6015 I AconfigPackage: com.android.net.ct.flags is mapped to com.android.tethering
05-25 02:07:16.857  6015  6015 I AconfigPackage: com.android.net.thread.flags is mapped to com.android.tethering
05-25 02:07:16.857  6015  6015 I AconfigPackage: com.android.system.virtualmachine.flags is mapped to com.android.virt
05-25 02:07:16.857  6015  6015 E FeatureFlagsImplExport: android.os.flagging.AconfigStorageReadException: ERROR_PACKAGE_NOT_FOUND: package android.xr cannot be found on the device
05-25 02:07:16.858  6015  6015 D UiAutomationConnection: Created on user UserHandle{0}
05-25 02:07:16.858  6015  6015 I UiAutomation: Initialized for user 0 on display 0
05-25 02:07:16.858  6015  6015 W UiAutomation: Created with deprecatead constructor, assumes DEFAULT_DISPLAY
05-25 02:07:16.859   755  1928 D AccessibilityManagerService: changeCurrentUserForTestAutomationIfNeededLocked(0): ignoring because device doesn't support visible background users
05-25 02:07:16.859   755  1928 I UiAutomationManager: Registering UiTestAutomationService (id=com.android.server.accessibility/UiAutomation, flags=0x0) when called by user 0
05-25 02:07:16.859   755  1928 V AccessibilityManagerService: onUserStateChangedLocked for userId: 0, forceUpdate: false
05-25 02:07:16.860   755  1928 V AccessibilityUserState: updateShortcutTargets: type:accessibility_shortcut_target_service, current:{}, new:{}
05-25 02:07:16.860   755  1928 V AccessibilityUserState: updateShortcutTargets: type:accessibility_button_targets, current:{}, new:{}
05-25 02:07:16.860   755  1928 V AccessibilityUserState: updateShortcutTargets: type:accessibility_gesture_targets, current:{}, new:{}
05-25 02:07:16.860   755  1928 V AccessibilityUserState: updateShortcutTargets: type:accessibility_qs_targets, current:{}, new:{}
05-25 02:07:16.860   755  1928 V AccessibilityUserState: updateShortcutTargets: type:accessibility_key_gesture_targets, current:{}, new:{}
05-25 02:07:16.860   755  1928 W MagnificationConnectionManager: requestConnection duplicated request: connect=false, mConnectionState=DISCONNECTED
05-25 02:07:16.861  1546  3179 I AiAiEcho: Settings changed for uri: content://settings/secure/accessibility_enabled
05-25 02:07:16.861  1546  1927 I AiAiEcho: Predicting[0]:  [CONTEXT sampling_count=5 ]
05-25 02:07:16.861  1546  1927 I AiAiEcho: EchoTargets: 
05-25 02:07:16.861  1546  1927 I AiAiEcho: Filtered by AiAi flag check: 
05-25 02:07:16.861  1546  1927 I AiAiEcho: [CONTEXT ratelimit_period="10 SECONDS" ]
05-25 02:07:16.862   755   755 W libbinder.IPCThreadState: Sending oneway calls to frozen process.
05-25 02:07:16.862   755   755 W libbinder.IPCThreadState: Sending oneway calls to frozen process.
05-25 02:07:16.862   755   755 W libbinder.IPCThreadState: Sending oneway calls to frozen process.
05-25 02:07:16.862  1546  1927 I AiAiEcho: #remoteViewsTwiddler: feature disabled.
05-25 02:07:16.862   755   755 W libbinder.IPCThreadState: Sending oneway calls to frozen process.
05-25 02:07:16.862   755   755 W libbinder.IPCThreadState: Sending oneway calls to frozen process.
05-25 02:07:16.862   755   755 W libbinder.IPCThreadState: Sending oneway calls to frozen process.
05-25 02:07:16.862  1546  1927 I AiAiEcho: Predicting[0]:  [CONTEXT sampling_count=5 ]
05-25 02:07:16.862  1546  1927 I AiAiEcho: EchoTargets: 
05-25 02:07:16.862  1546  1927 I AiAiEcho: Filtered by AiAi flag check: 
05-25 02:07:16.862  1546  1927 I AiAiEcho: [CONTEXT ratelimit_period="10 SECONDS" ]
05-25 02:07:16.862  1546  1927 I AiAiEcho: #remoteViewsTwiddler: feature disabled.
05-25 02:07:16.862  1546  1927 I AiAiEcho: #postPredictionTargets: Sending updates to UISurface lockscreen with targets# 0 (types=[])
05-25 02:07:16.862   755   755 W libbinder.IPCThreadState: Sending oneway calls to frozen process.
05-25 02:07:16.863   755   755 W libbinder.IPCThreadState: Sending oneway calls to frozen process.
05-25 02:07:16.863   755   755 W libbinder.IPCThreadState: Sending oneway calls to frozen process.
05-25 02:07:16.863   755   755 W libbinder.IPCThreadState: Sending oneway calls to frozen process.
05-25 02:07:16.863   755  1928 V AccessibilityManagerService: onUserStateChangedLocked for userId: 0, forceUpdate: false
05-25 02:07:16.863   755   755 W libbinder.IPCThreadState: Sending oneway calls to frozen process.
05-25 02:07:16.863  1012  1012 W SsPagerDots: Total number of pages invalid: 0. Assuming 1 page.
05-25 02:07:16.863  1546  1927 I AiAiEcho: #postPredictionTargets: Sending updates to UISurface home with targets# 0 (types=[])
05-25 02:07:16.863   755  1928 V AccessibilityUserState: updateShortcutTargets: type:accessibility_shortcut_target_service, current:{}, new:{}
05-25 02:07:16.864   755  1928 V AccessibilityUserState: updateShortcutTargets: type:accessibility_button_targets, current:{}, new:{}
05-25 02:07:16.864   755  1928 V AccessibilityUserState: updateShortcutTargets: type:accessibility_gesture_targets, current:{}, new:{}
05-25 02:07:16.864   755  1928 V AccessibilityUserState: updateShortcutTargets: type:accessibility_qs_targets, current:{}, new:{}
05-25 02:07:16.864   755  1928 V AccessibilityUserState: updateShortcutTargets: type:accessibility_key_gesture_targets, current:{}, new:{}
05-25 02:07:16.864   755  1928 W MagnificationConnectionManager: requestConnection duplicated request: connect=false, mConnectionState=DISCONNECTED
05-25 02:07:16.864   755   755 W libbinder.IPCThreadState: Sending oneway calls to frozen process.
05-25 02:07:16.864   755   755 W libbinder.IPCThreadState: Sending oneway calls to frozen process.
05-25 02:07:16.864  1546  3179 I AiAiEcho: Settings changed for uri: content://settings/secure/accessibility_enabled
05-25 02:07:16.865  1546  1927 I AiAiEcho: Predicting[0]:  [CONTEXT sampling_count=5 ]
05-25 02:07:16.865  1546  1927 I AiAiEcho: EchoTargets: 
05-25 02:07:16.865  1546  1927 I AiAiEcho: Filtered by AiAi flag check: 
05-25 02:07:16.865  1546  1927 I AiAiEcho: [CONTEXT ratelimit_period="10 SECONDS" ]
05-25 02:07:16.865  1546  1927 I AiAiEcho: #remoteViewsTwiddler: feature disabled.
05-25 02:07:16.865   755   755 W libbinder.IPCThreadState: Sending oneway calls to frozen process.
05-25 02:07:16.866  1546  1927 I AiAiEcho: Predicting[0]:  [CONTEXT sampling_count=5 ]
05-25 02:07:16.866  1546  1927 I AiAiEcho: EchoTargets: 
05-25 02:07:16.866  1546  1927 I AiAiEcho: Filtered by AiAi flag check: 
05-25 02:07:16.866  1546  1927 I AiAiEcho: [CONTEXT ratelimit_period="10 SECONDS" ]
05-25 02:07:16.866   755   755 W libbinder.IPCThreadState: Sending oneway calls to frozen process.
05-25 02:07:16.866   755   755 W libbinder.IPCThreadState: Sending oneway calls to frozen process.
05-25 02:07:16.866   755   755 W libbinder.IPCThreadState: Sending oneway calls to frozen process.
05-25 02:07:16.866   755   755 W libbinder.IPCThreadState: Sending oneway calls to frozen process.
05-25 02:07:16.867   755   755 W libbinder.IPCThreadState: Sending oneway calls to frozen process.
05-25 02:07:16.867  1546  1927 I AiAiEcho: #remoteViewsTwiddler: feature disabled.
05-25 02:07:16.867   755   755 W libbinder.IPCThreadState: Sending oneway calls to frozen process.
05-25 02:07:16.867   755   755 W libbinder.IPCThreadState: Sending oneway calls to frozen process.
05-25 02:07:16.867  1546  1927 I AiAiEcho: #postPredictionTargets: Sending updates to UISurface lockscreen with targets# 0 (types=[])
05-25 02:07:16.867   755   755 W libbinder.IPCThreadState: Sending oneway calls to frozen process.
05-25 02:07:16.867   755   755 W libbinder.IPCThreadState: Sending oneway calls to frozen process.
05-25 02:07:16.867   755   755 W libbinder.IPCThreadState: Sending oneway calls to frozen process.
05-25 02:07:16.867   755   755 W libbinder.IPCThreadState: Sending oneway calls to frozen process.
05-25 02:07:16.867   755   755 W libbinder.IPCThreadState: Sending oneway calls to frozen process.
05-25 02:07:16.867   755   755 W libbinder.IPCThreadState: Sending oneway calls to frozen process.
05-25 02:07:16.867  1546  1927 I AiAiEcho: #postPredictionTargets: Sending updates to UISurface home with targets# 0 (types=[])
05-25 02:07:16.868   755   755 W libbinder.IPCThreadState: Sending oneway calls to frozen process.
05-25 02:07:16.868   755   755 W libbinder.IPCThreadState: Sending oneway calls to frozen process.
05-25 02:07:16.868   755   755 W libbinder.IPCThreadState: Sending oneway calls to frozen process.
05-25 02:07:16.868   755   755 W libbinder.IPCThreadState: Sending oneway calls to frozen process.
05-25 02:07:16.868   755   755 W libbinder.IPCThreadState: Sending oneway calls to frozen process.
05-25 02:07:16.868   755   755 W libbinder.IPCThreadState: Sending oneway calls to frozen process.
05-25 02:07:16.868   755   755 W libbinder.IPCThreadState: Sending oneway calls to frozen process.
05-25 02:07:16.868   755   755 W libbinder.IPCThreadState: Sending oneway calls to frozen process.
05-25 02:07:16.868   755   755 D BatterySaverPolicy: accessibility changed to true, updating policy.
05-25 02:07:16.870  1012  1012 W SsPagerDots: Total number of pages invalid: 0. Assuming 1 page.
05-25 02:07:16.870   755  2150 D AccessibilityManagerService: .getAccessibilityShortcutTargets {shortcutType=32, userId=0}
05-25 02:07:16.877  1151  1151 D SsBaseTemplateCard: Passed-in item info is null
05-25 02:07:16.877  1151  1151 D SsBaseTemplateCard: Passed-in item info is null
05-25 02:07:16.877  1151  1151 D SsBaseTemplateCard: Passed-in item info is null
05-25 02:07:16.877  1151  1151 D SsBaseTemplateCard: Passed-in item info is null
05-25 02:07:16.877  1151  1151 I SsBaseTemplateCard: Secondary card pane is null
05-25 02:07:16.894  1151  1151 D SsBaseTemplateCard: Passed-in item info is null
05-25 02:07:16.894  1151  1151 D SsBaseTemplateCard: Passed-in item info is null
05-25 02:07:16.894  1151  1151 D SsBaseTemplateCard: Passed-in item info is null
05-25 02:07:16.894  1151  1151 D SsBaseTemplateCard: Passed-in item info is null
05-25 02:07:16.894  1151  1151 I SsBaseTemplateCard: Secondary card pane is null
05-25 02:07:17.488   755   916 D InetDiagMessage: Destroyed 0 sockets, proto=IPPROTO_TCP, family=AF_INET, states=14
05-25 02:07:17.488   755   916 D InetDiagMessage: Destroyed 0 sockets, proto=IPPROTO_TCP, family=AF_INET6, states=14
05-25 02:07:17.488   755   916 D InetDiagMessage: Destroyed live tcp sockets for uids={10162} in 1ms
05-25 02:07:17.488   755   916 D InetDiagMessage: Destroyed 0 sockets, proto=IPPROTO_TCP, family=AF_INET, states=14
05-25 02:07:17.488   755   916 D InetDiagMessage: Destroyed 0 sockets, proto=IPPROTO_TCP, family=AF_INET6, states=14
05-25 02:07:17.488   755   916 D InetDiagMessage: Destroyed live tcp sockets for uids={20162} in 0ms
05-25 02:07:17.976  6015  6015 W AccessibilityNodeInfoDumper: Fetch time: 3ms
05-25 02:07:17.978   755  2150 V AccessibilityManagerService: onUserStateChangedLocked for userId: 0, forceUpdate: false
05-25 02:07:17.979   755  2150 V AccessibilityUserState: updateShortcutTargets: type:accessibility_shortcut_target_service, current:{}, new:{}
05-25 02:07:17.979   755  2150 V AccessibilityUserState: updateShortcutTargets: type:accessibility_button_targets, current:{}, new:{}
05-25 02:07:17.979   755  2150 V AccessibilityUserState: updateShortcutTargets: type:accessibility_gesture_targets, current:{}, new:{}
05-25 02:07:17.979   755  2150 V AccessibilityUserState: updateShortcutTargets: type:accessibility_qs_targets, current:{}, new:{}
05-25 02:07:17.979   755  2150 V AccessibilityUserState: updateShortcutTargets: type:accessibility_key_gesture_targets, current:{}, new:{}
05-25 02:07:17.979   755  2150 W MagnificationConnectionManager: requestConnection duplicated request: connect=false, mConnectionState=DISCONNECTED
05-25 02:07:17.979   755  2150 D AccessibilityManagerService: restoreCurrentUserForTestAutomationIfNeededLocked(): ignoring because device doesn't support visible background users
05-25 02:07:17.979  1546  3179 I AiAiEcho: Settings changed for uri: content://settings/secure/accessibility_enabled
05-25 02:07:17.979   755   755 W libbinder.IPCThreadState: Sending oneway calls to frozen process.
05-25 02:07:17.979   755   755 W libbinder.IPCThreadState: Sending oneway calls to frozen process.
05-25 02:07:17.979   755   755 W libbinder.IPCThreadState: Sending oneway calls to frozen process.
05-25 02:07:17.979   755   755 W libbinder.IPCThreadState: Sending oneway calls to frozen process.
05-25 02:07:17.979   755   755 W libbinder.IPCThreadState: Sending oneway calls to frozen process.
05-25 02:07:17.979   755   755 W libbinder.IPCThreadState: Sending oneway calls to frozen process.
05-25 02:07:17.979   755   755 W libbinder.IPCThreadState: Sending oneway calls to frozen process.
05-25 02:07:17.980   755   755 W libbinder.IPCThreadState: Sending oneway calls to frozen process.
05-25 02:07:17.980   755   755 W libbinder.IPCThreadState: Sending oneway calls to frozen process.
05-25 02:07:17.980   755   755 W libbinder.IPCThreadState: Sending oneway calls to frozen process.
05-25 02:07:17.980   755   755 W libbinder.IPCThreadState: Sending oneway calls to frozen process.
05-25 02:07:17.980   755   755 W libbinder.IPCThreadState: Sending oneway calls to frozen process.
05-25 02:07:17.980   755   755 W libbinder.IPCThreadState: Sending oneway calls to frozen process.
05-25 02:07:17.980   755   755 W libbinder.IPCThreadState: Sending oneway calls to frozen process.
05-25 02:07:17.980  1546  1927 I AiAiEcho: Predicting[0]:  [CONTEXT sampling_count=5 ]
05-25 02:07:17.980  1546  1927 I AiAiEcho: EchoTargets: 
05-25 02:07:17.980  1546  1927 I AiAiEcho: Filtered by AiAi flag check: 
05-25 02:07:17.980  1546  1927 I AiAiEcho: [CONTEXT ratelimit_period="10 SECONDS" ]
05-25 02:07:17.981  1546  1927 I AiAiEcho: #remoteViewsTwiddler: feature disabled.
05-25 02:07:17.981   755   755 W libbinder.IPCThreadState: Sending oneway calls to frozen process.
05-25 02:07:17.981  1546  1927 I AiAiEcho: Predicting[0]:  [CONTEXT sampling_count=5 ]
05-25 02:07:17.981  1546  1927 I AiAiEcho: EchoTargets: 
05-25 02:07:17.981  1546  1927 I AiAiEcho: Filtered by AiAi flag check: 
05-25 02:07:17.981  1546  1927 I AiAiEcho: [CONTEXT ratelimit_period="10 SECONDS" ]
05-25 02:07:17.981   755   755 W libbinder.IPCThreadState: Sending oneway calls to frozen process.
05-25 02:07:17.981   755   755 W libbinder.IPCThreadState: Sending oneway calls to frozen process.
05-25 02:07:17.981   755   755 W libbinder.IPCThreadState: Sending oneway calls to frozen process.
05-25 02:07:17.981  1546  1927 I AiAiEcho: #remoteViewsTwiddler: feature disabled.
05-25 02:07:17.981   755   755 W libbinder.IPCThreadState: Sending oneway calls to frozen process.
05-25 02:07:17.981   755   755 W libbinder.IPCThreadState: Sending oneway calls to frozen process.
05-25 02:07:17.981   755   755 W libbinder.IPCThreadState: Sending oneway calls to frozen process.
05-25 02:07:17.981  1546  1927 I AiAiEcho: #postPredictionTargets: Sending updates to UISurface lockscreen with targets# 0 (types=[])
05-25 02:07:17.981   755   755 D BatterySaverPolicy: accessibility changed to false, updating policy.
05-25 02:07:17.982  1546  1927 I AiAiEcho: #postPredictionTargets: Sending updates to UISurface home with targets# 0 (types=[])
05-25 02:07:17.982  6015  6023 W libbinder.IPCThreadState: call to talkWithDriver in joinThreadPool returned error: -9 (Bad file descriptor), FD: -1
05-25 02:07:17.982  6015  6024 W libbinder.IPCThreadState: call to talkWithDriver in joinThreadPool returned error: -9 (Bad file descriptor), FD: -1
05-25 02:07:17.982  6015  6027 W libbinder.IPCThreadState: call to talkWithDriver in joinThreadPool returned error: -9 (Bad file descriptor), FD: -1
05-25 02:07:17.982  6015  6015 D AndroidRuntime: Shutting down VM
05-25 02:07:17.984  1012  1012 W SsPagerDots: Total number of pages invalid: 0. Assuming 1 page.
05-25 02:07:17.993  1151  1151 D SsBaseTemplateCard: Passed-in item info is null
05-25 02:07:17.993  1151  1151 D SsBaseTemplateCard: Passed-in item info is null
05-25 02:07:17.993  1151  1151 D SsBaseTemplateCard: Passed-in item info is null
05-25 02:07:17.993  1151  1151 D SsBaseTemplateCard: Passed-in item info is null
05-25 02:07:17.993  1151  1151 I SsBaseTemplateCard: Secondary card pane is null
05-25 02:07:18.043   755   906 I HalDevMgr: bestIfaceCreationProposal is null, requestIface=STA, existingIface=[name=wlan0 type=STA]
05-25 02:07:20.998   755  1368 D OomAdjuster: Not killing cached processes
05-25 02:07:21.007  1484  6028 I GmscoreIpa: Starting mediastore instant index [CONTEXT service_id=255 ]
05-25 02:07:21.048   755   906 I HalDevMgr: bestIfaceCreationProposal is null, requestIface=STA, existingIface=[name=wlan0 type=STA]
05-25 02:07:21.732   755  1368 W AppOps  : Noting op not finished: uid 10147 pkg com.google.android.gms code 113 startTime of in progress event=1779670820651
05-25 02:07:21.735   755  1251 W AppOps  : Noting op not finished: uid 10147 pkg com.google.android.gms code 79 startTime of in progress event=1779670833327
05-25 02:07:21.742  1334  1632 I ActivityScheduler: nextTriggerTime: 682351, in 238100ms, detectorType: 39, FULL_TYPE alarmWindowMillis: 80000
05-25 02:07:22.488   755   854 D ActivityManager: freezing 2368 com.google.android.apps.photos
05-25 02:07:22.489   755   916 D InetDiagMessage: Destroyed 0 sockets, proto=IPPROTO_TCP, family=AF_INET, states=14
05-25 02:07:22.490   755   916 D InetDiagMessage: Destroyed 0 sockets, proto=IPPROTO_TCP, family=AF_INET6, states=14
05-25 02:07:22.490   755   916 D InetDiagMessage: Destroyed live tcp sockets for uids={10162} in 1ms
05-25 02:07:22.735   755  1931 W AppOps  : Noting op not finished: uid 10147 pkg com.google.android.gms code 113 startTime of in progress event=1779670820651
05-25 02:07:23.805  1139  1263 D SatelliteController: iisInCarrierRoamingNbIotNtn: satellite is disabled
05-25 02:07:23.806  1139  1263 D SatelliteController: getCarrierRoamingNtnConnectType: Falling back to global carrier config connect type: 0
05-25 02:07:23.806   755  1931 W libbinder.IPCThreadState: Sending oneway calls to frozen process.
05-25 02:07:24.053   755   906 I HalDevMgr: bestIfaceCreationProposal is null, requestIface=STA, existingIface=[name=wlan0 type=STA]
05-25 02:07:26.042   755  1251 D OomAdjuster: Not killing cached processes
05-25 02:07:26.880   755   785 W libbinder.IPCThreadState: Sending oneway calls to frozen process.
05-25 02:07:26.880   755   785 W libbinder.IPCThreadState: Sending oneway calls to frozen process.
05-25 02:07:27.058   755   906 I HalDevMgr: bestIfaceCreationProposal is null, requestIface=STA, existingIface=[name=wlan0 type=STA]
05-25 02:07:27.986   755   785 W libbinder.IPCThreadState: Sending oneway calls to frozen process.
05-25 02:07:30.063   755   906 I HalDevMgr: bestIfaceCreationProposal is null, requestIface=STA, existingIface=[name=wlan0 type=STA]
05-25 02:07:33.068   755   906 I HalDevMgr: bestIfaceCreationProposal is null, requestIface=STA, existingIface=[name=wlan0 type=STA]
05-25 02:07:33.805  1139  1263 D SatelliteController: iisInCarrierRoamingNbIotNtn: satellite is disabled
05-25 02:07:33.806  1139  1263 D SatelliteController: getCarrierRoamingNtnConnectType: Falling back to global carrier config connect type: 0
05-25 02:07:33.806   755  1931 W libbinder.IPCThreadState: Sending oneway calls to frozen process.
05-25 02:07:36.075   755   906 I HalDevMgr: bestIfaceCreationProposal is null, requestIface=STA, existingIface=[name=wlan0 type=STA]
05-25 02:07:36.780   755  1931 D OomAdjuster: Not killing cached processes
05-25 02:07:38.026   755   854 D ActivityManager: freezing 1484 com.google.android.gms
05-25 02:07:39.077   755   906 I HalDevMgr: bestIfaceCreationProposal is null, requestIface=STA, existingIface=[name=wlan0 type=STA]
05-25 02:07:42.082   755   906 I HalDevMgr: bestIfaceCreationProposal is null, requestIface=STA, existingIface=[name=wlan0 type=STA]
05-25 02:07:43.806  1139  1263 D SatelliteController: iisInCarrierRoamingNbIotNtn: satellite is disabled
05-25 02:07:43.806  1139  1263 D SatelliteController: getCarrierRoamingNtnConnectType: Falling back to global carrier config connect type: 0
05-25 02:07:43.806   755  1931 W libbinder.IPCThreadState: Sending oneway calls to frozen process.
05-25 02:07:45.088   755   906 I HalDevMgr: bestIfaceCreationProposal is null, requestIface=STA, existingIface=[name=wlan0 type=STA]
05-25 02:07:48.093   755   906 I HalDevMgr: bestIfaceCreationProposal is null, requestIface=STA, existingIface=[name=wlan0 type=STA]
05-25 02:07:51.098   755   906 I HalDevMgr: bestIfaceCreationProposal is null, requestIface=STA, existingIface=[name=wlan0 type=STA]
05-25 02:07:53.806  1139  1263 D SatelliteController: iisInCarrierRoamingNbIotNtn: satellite is disabled
05-25 02:07:53.806   755  1931 W libbinder.IPCThreadState: Sending oneway calls to frozen process.
05-25 02:07:53.808  1139  1263 D SatelliteController: getCarrierRoamingNtnConnectType: Falling back to global carrier config connect type: 0
05-25 02:07:54.105   755   906 I HalDevMgr: bestIfaceCreationProposal is null, requestIface=STA, existingIface=[name=wlan0 type=STA]
05-25 02:07:57.112   755   906 I HalDevMgr: bestIfaceCreationProposal is null, requestIface=STA, existingIface=[name=wlan0 type=STA]
05-25 02:08:00.117   755   906 I HalDevMgr: bestIfaceCreationProposal is null, requestIface=STA, existingIface=[name=wlan0 type=STA]
05-25 02:08:03.124   755   906 I HalDevMgr: bestIfaceCreationProposal is null, requestIface=STA, existingIface=[name=wlan0 type=STA]
05-25 02:08:03.806  1139  1263 D SatelliteController: iisInCarrierRoamingNbIotNtn: satellite is disabled
05-25 02:08:03.806   755  1251 W libbinder.IPCThreadState: Sending oneway calls to frozen process.
05-25 02:08:03.806  1139  1263 D SatelliteController: getCarrierRoamingNtnConnectType: Falling back to global carrier config connect type: 0
05-25 02:08:05.359   755  1251 W ActivityTaskManager: callingPackage for (uid=2000, pid=6035) has no WPC
05-25 02:08:05.360   755  1251 V WindowManager: DesktopModeLaunchParamsModifier: phase= 0 task=null activity=null display-area-from-current-params=null display-area-from-default-fallback=DefaultTaskDisplayArea@179034865 display-id=0 task-display-area-windowing-mode=1 suggested-display-area=DefaultTaskDisplayArea@179034865 task null, skipping
05-25 02:08:05.360   755  1251 V WindowManager: TaskLaunchParamsModifier:phase=0 task=null activity=null display-area-from-current-params=null display-area-from-default-fallback=DefaultTaskDisplayArea@179034865 display-id=0 task-display-area-windowing-mode=1 suggested-display-area=DefaultTaskDisplayArea@179034865
05-25 02:08:05.361   755  1251 V GrammaticalInflectionUtils: AttributionSource: android.content.AttributionSource@f3022897 does not have READ_SYSTEM_GRAMMATICAL_GENDER permission.
05-25 02:08:05.361   755  1251 V WindowManager: DesktopModeLaunchParamsModifier: phase= 0 task=null activity=ActivityRecord{236945286 u0 com.tiarnanlarkin.danio/.MainActivity display-area-from-current-params=null display-area-from-default-fallback=DefaultTaskDisplayArea@179034865 display-id=0 task-display-area-windowing-mode=1 suggested-display-area=DefaultTaskDisplayArea@179034865 task null, skipping
05-25 02:08:05.361   755  1251 V WindowManager: TaskLaunchParamsModifier:phase=0 task=null activity=ActivityRecord{236945286 u0 com.tiarnanlarkin.danio/.MainActivity t-1} display-area-from-current-params=null display-area-from-default-fallback=DefaultTaskDisplayArea@179034865 display-id=0 task-display-area-windowing-mode=1 suggested-display-area=DefaultTaskDisplayArea@179034865
05-25 02:08:05.361   755  1251 V WindowManager: DesktopModeLaunchParamsModifier: phase= 3 task=null activity=ActivityRecord{236945286 u0 com.tiarnanlarkin.danio/.MainActivity t-1} display-area-from-current-params=null display-area-from-default-fallback=DefaultTaskDisplayArea@179034865 display-id=0 task-display-area-windowing-mode=1 suggested-display-area=DefaultTaskDisplayArea@179034865 task null, skipping
05-25 02:08:05.361   755  1251 V WindowManager: TaskLaunchParamsModifier:phase=3 task=null activity=ActivityRecord{236945286 u0 com.tiarnanlarkin.danio/.MainActivity t-1} display-area-from-current-params=null display-area-from-default-fallback=DefaultTaskDisplayArea@179034865 display-id=0 task-display-area-windowing-mode=1 suggested-display-area=DefaultTaskDisplayArea@179034865 non-freeform-task-display-area display-area=DefaultTaskDisplayArea@179034865 skip-bounds-fullscreen
05-25 02:08:05.364   755  1251 V WindowManager: DesktopModeLaunchParamsModifier: phase= 3 task=Task{3e85047 #7 type=standard I=com.tiarnanlarkin.danio/.MainActivity} activity=ActivityRecord{236945286 u0 com.tiarnanlarkin.danio/.MainActivity t-1} display-from-task=0 display-id=0 task-display-area-windowing-mode=1 suggested-display-area=DefaultTaskDisplayArea@179034865 not entering desktop mode, skipping
05-25 02:08:05.364   755  1251 V WindowManager: TaskLaunchParamsModifier:phase=3 task=Task{3e85047 #7 type=standard I=com.tiarnanlarkin.danio/.MainActivity} activity=ActivityRecord{236945286 u0 com.tiarnanlarkin.danio/.MainActivity t-1} display-from-task=0 display-id=0 task-display-area-windowing-mode=1 suggested-display-area=DefaultTaskDisplayArea@179034865 inherit-from-task=fullscreen non-freeform-task-display-area display-area=DefaultTaskDisplayArea@179034865 skip-bounds-fullscreen
05-25 02:08:05.365   620  1257 I libbinder.BpBinder: onLastStrongRef automatically unlinking death recipients for descriptor: '(not cached)'
05-25 02:08:05.367   755  1251 I ActivityTaskManager: START u0 {act=android.intent.action.VIEW dat=danio://qa/... flg=0x10000000 xflg=0x4 pkg=com.tiarnanlarkin.danio cmp=com.tiarnanlarkin.danio/.MainActivity} with LAUNCH_SINGLE_TOP from uid 2000 (com.android.shell) (BAL_ALLOW_PERMISSION) result code=0
05-25 02:08:05.367  1012  1069 V WindowManagerShell: Transition requested (#11): android.os.BinderProxy@b60820a TransitionRequestInfo { type = OPEN, triggerTask = TaskInfo{userId=0 taskId=7 effectiveUid=10219 displayId=0 isRunning=true baseIntent=Intent { act=android.intent.action.VIEW dat=danio://qa/... flg=0x10000000 pkg=com.tiarnanlarkin.danio cmp=com.tiarnanlarkin.danio/.MainActivity } baseActivity=ComponentInfo{com.tiarnanlarkin.danio/com.tiarnanlarkin.danio.MainActivity} topActivity=ComponentInfo{com.tiarnanlarkin.danio/com.tiarnanlarkin.danio.MainActivity} origActivity=null realActivity=ComponentInfo{com.tiarnanlarkin.danio/com.tiarnanlarkin.danio.MainActivity} numActivities=1 lastActiveTime=487875 supportsMultiWindow=true resizeMode=1 isResizeable=true minWidth=-1 minHeight=-1 defaultMinSize=220 token=WCT{android.os.BinderProxy@d729a7b} topActivityType=1 pictureInPictureParams=null shouldDockBigOverlays=false launchIntoPipHostTaskId=-1 lastParentTaskIdBeforePip=-1 displayCutoutSafeInsets=Rect(0, 0 - 0, 0) topActivityInfo=ActivityInfo{aff7098 com.tiarnanlarkin.danio.MainActivity} launchCookies=[] positionInParent=Point(0, 0) parentTaskId=-1 isFocused=false isVisible=false isVisibleRequested=false isTopActivityNoDisplay=false isSleeping=false locusId=null displayAreaFeatureId=1 isTopActivityTransparent=false isActivityStackTransparent=false lastNonFullscreenBounds=null capturedLink=null capturedLinkTimestamp=0 requestedVisibleTypes=503 topActivityRequestOpenInBrowserEducationTimestamp=0 appCompatTaskInfo=AppCompatTaskInfo { topActivityInSizeCompat=false isLeafTask= true eligibleForLetterboxEducation= false isLetterboxEducationEnabled= true isLetterboxDoubleTapEnabled= false eligibleForUserAspectRatioButton= false topActivityBoundsLetterboxed= false isFromLetterboxDoubleTap= false topActivityLetterboxVerticalPosition= -1 topActivityLetterboxHorizontalPosition= -1 topActivityLetterboxWidth=-1 topActivityLetterboxHeight=-1 topActivityAppBounds=Rect(0, 0 - 1080, 2400) isUserFullscreenOverrideEnabled=false isSystemFullscreenOverrideEnabled=false hasMinAspectRatioOverride=false topActivityLetterboxBounds=null cameraCompatTaskInfo=CameraCompatTaskInfo { cameraCompatMode=inactive0} topNonResizableActivityAspectRatio=-1.0} topActivityMainWindowFrame=null isAppBubble=false}, pipChange = null, remoteTransition = null, displayChange = null, requestedLocation = null, userChange = null, windowingLayerChange = null, flags = 0, debugId = 11 }
05-25 02:08:05.367  1012  1069 D ShellSplitScreen: logExit: no-op, mLoggerSessionId is null
05-25 02:08:05.368   755  1931 D CompatChangeReporter: Compat change id reported: 377864165; UID 10219; state: ENABLED
05-25 02:08:05.368  1151  1151 D BaseActivity: Launcher flags updated: [state_started|state_resumed|state_deferred_resumed|state_window_focused] -[state_user_active]
05-25 02:08:05.369  1151  1151 D BaseActivity: Launcher flags updated: [state_started|state_window_focused] -[state_resumed|state_deferred_resumed]
05-25 02:08:05.369  1012  1069 D WindowManagerShell: setLauncherKeepClearAreaHeight: visible=false, height=495
05-25 02:08:05.369  1151  1151 W SplitSelectStateCtor: Missing session instanceIds
05-25 02:08:05.369  1151  1151 D StatsLog: LAUNCHER_SPLIT_SELECTION_EXIT_INTERRUPTED
05-25 02:08:05.369   755  1928 D OomAdjuster: Not killing cached processes
05-25 02:08:05.371   755   966 D BackgroundInstallControlService: Package event received: 0
05-25 02:08:05.373   755  1368 W libbinder.IPCThreadState: Sending oneway calls to frozen process.
05-25 02:08:05.373   755  1368 D ActivityManager: quick sync unfreeze 3689 for 1
05-25 02:08:05.385   755  1368 V WindowManager: Defer transition id=11 for TaskFragmentTransaction=android.os.Binder@7e40e12
05-25 02:08:05.385   755  1368 V WindowManager: deferTransitionReady deferReadyDepth=1 stack=com.android.server.wm.TransitionController.deferTransitionReady:1061 com.android.server.wm.TaskFragmentOrganizerController$TaskFragmentOrganizerState.dispatchTransaction:517 com.android.server.wm.TaskFragmentOrganizerController.dispatchPendingEvents:1259 com.android.server.wm.TaskFragmentOrganizerController.dispatchPendingEvents:1228 com.android.server.wm.RootWindowContainer.performSurfacePlacement:777 
05-25 02:08:05.386  1151  1151 D RecentsView: onTaskDisplayChanged: 7, new displayId = 0
05-25 02:08:05.386  1151  1151 D b/417220811: invalidateLoadedTasks - previous requestLoadId: -1
05-25 02:08:05.388  3689  3711 I GFXSTREAM: [eglDisplay.cpp(297)] Opening libGLESv1_CM_emulation.so
05-25 02:08:05.389   755  1928 V WindowManager: Continue transition id=11 for TaskFragmentTransaction=android.os.Binder@7e40e12
05-25 02:08:05.389   755  1928 V WindowManager: continueTransitionReady deferReadyDepth=0 stack=com.android.server.wm.TransitionController.continueTransitionReady:1071 com.android.server.wm.TaskFragmentOrganizerController$TaskFragmentOrganizerState.onTransactionFinished:546 com.android.server.wm.TaskFragmentOrganizerController.onTransactionHandled:740 android.window.ITaskFragmentOrganizerController$Stub.onTransact:225 android.os.Binder.execTransactInternal:1473 
05-25 02:08:05.391  3689  3711 I GFXSTREAM: [eglDisplay.cpp(297)] Opening libGLESv2_emulation.so
05-25 02:08:05.392   755   778 D ActivityManager: sync unfroze 3689 com.tiarnanlarkin.danio for 1
05-25 02:08:05.393   755   966 D BackgroundInstallControlService: Package event received: 0
05-25 02:08:05.398   755   966 D BackgroundInstallControlService: Package event received: 0
05-25 02:08:05.398   755   966 D BackgroundInstallControlService: Package event received: 0
05-25 02:08:05.433  1151  1151 D BaseActivity: Launcher flags updated: [state_started] -[state_window_focused]
05-25 02:08:05.443  3689  3711 W HWUI    : Failed to choose config with EGL_SWAP_BEHAVIOR_PRESERVED, retrying without...
05-25 02:08:05.443  3689  3711 W HWUI    : Failed to initialize 101010-2 format, error = EGL_SUCCESS
05-25 02:08:05.475  1012  4178 V WindowManagerShell: onTransitionReady(transaction=3242700311999)
05-25 02:08:05.477   755   775 V WindowManager: Sent Transition (#11) createdAt=05-25 02:08:05.361 via request=TransitionRequestInfo { type = OPEN, triggerTask = TaskInfo{userId=0 taskId=7 effectiveUid=10219 displayId=0 isRunning=true baseIntent=Intent { act=android.intent.action.VIEW dat=danio://qa/... flg=0x10000000 pkg=com.tiarnanlarkin.danio cmp=com.tiarnanlarkin.danio/.MainActivity } baseActivity=ComponentInfo{com.tiarnanlarkin.danio/com.tiarnanlarkin.danio.MainActivity} topActivity=ComponentInfo{com.tiarnanlarkin.danio/com.tiarnanlarkin.danio.MainActivity} origActivity=null realActivity=ComponentInfo{com.tiarnanlarkin.danio/com.tiarnanlarkin.danio.MainActivity} numActivities=1 lastActiveTime=487875 supportsMultiWindow=true resizeMode=1 isResizeable=true minWidth=-1 minHeight=-1 defaultMinSize=220 token=WCT{RemoteToken{66b7f55 Task{3e85047 #7 type=standard I=com.tiarnanlarkin.danio/.MainActivity}}} topActivityType=1 pictureInPictureParams=null shouldDockBigOverlays=false launchIntoPipHostTaskId=-1 lastParentTaskIdBeforePip=-1 displayCutoutSafeInsets=Rect(0, 0 - 0, 0) topActivityInfo=ActivityInfo{d4f4d6a com.tiarnanlarkin.danio.MainActivity} launchCookies=[] positionInParent=Point(0, 0) parentTaskId=-1 isFocused=false isVisible=false isVisibleRequested=false isTopActivityNoDisplay=false isSleeping=false locusId=null displayAreaFeatureId=1 isTopActivityTransparent=false isActivityStackTransparent=false lastNonFullscreenBounds=null capturedLink=null capturedLinkTimestamp=0 requestedVisibleTypes=503 topActivityRequestOpenInBrowserEducationTimestamp=0 appCompatTaskInfo=AppCompatTaskInfo { topActivityInSizeCompat=false isLeafTask= true eligibleForLetterboxEducation= false isLetterboxEducationEnabled= true isLetterboxDoubleTapEnabled= false eligibleForUserAspectRatioButton= false topActivityBoundsLetterboxed= false isFromLetterboxDoubleTap= false topActivityLetterboxVerticalPosition= -1 topActivityLetterboxHorizontalPosition= -1 topActivityLetterboxWidth=-1 topActivityLetterboxHeight=-1 topActivityAppBounds=Rect(0, 0 - 1080, 2400) isUserFullscreenOverrideEnabled=false isSystemFullscreenOverrideEnabled=false hasMinAspectRatioOverride=false topActivityLetterboxBounds=null cameraCompatTaskInfo=CameraCompatTaskInfo { cameraCompatMode=inactive0} topNonResizableActivityAspectRatio=-1.0} topActivityMainWindowFrame=null isAppBubble=false}, pipChange = null, remoteTransition = null, displayChange = null, requestedLocation = null, userChange = null, windowingLayerChange = null, flags = 0, debugId = 11 }
05-25 02:08:05.477   755   775 V WindowManager:     startWCT=WindowContainerTransaction { changes= {} hops= [] errorCallbackToken=null taskFragmentOrganizer=null }
05-25 02:08:05.477   755   775 V WindowManager:     info={id=11 t=OPEN f=0x0 trk=0 r=[0@Point(0, 0)] c=[
05-25 02:08:05.477   755   775 V WindowManager:         {WCT{RemoteToken{66b7f55 Task{3e85047 #7 type=standard I=com.tiarnanlarkin.danio/.MainActivity}}} m=OPEN f=NONE leash=Surface(name=Task=7#223)/@0x249013f sb=Rect(0, 0 - 1080, 2400) eb=Rect(0, 0 - 1080, 2400) epz=Point(1080, 2400) d=0 taskParent=-1 winMode=1 userId=0},
05-25 02:08:05.477   755   775 V WindowManager:         {WCT{RemoteToken{9b18a9 Task{dee529 #1 type=home}}} m=TO_BACK f=SHOW_WALLPAPER leash=Surface(name=Task=1#42)/@0xd1a2fc4 sb=Rect(0, 0 - 1080, 2400) eb=Rect(0, 0 - 1080, 2400) epz=Point(1080, 2400) d=0 taskParent=-1 winMode=1 userId=0},
05-25 02:08:05.477   755   775 V WindowManager:         {m=TO_BACK f=IS_WALLPAPER leash=Surface(name=WallpaperWindowToken{6b1c075}#58)/@0xe496ad7 sb=Rect(0, 0 - 1080, 2400) eb=Rect(0, 0 - 1080, 2400) epz=Point(1080, 2400) d=0}
05-25 02:08:05.477   755   775 V WindowManager:     ]}
05-25 02:08:05.477  1012  1069 V WindowManagerShell: onTransitionReady (#11) android.os.BinderProxy@b60820a: {id=11 t=OPEN f=0x0 trk=0 r=[0@Point(0, 0)] c=[
05-25 02:08:05.477  1012  1069 V WindowManagerShell:         {m=OPEN f=NONE leash=Surface(name=Task=7#223)/@0x5e72fe0 sb=Rect(0, 0 - 1080, 2400) eb=Rect(0, 0 - 1080, 2400) epz=Point(1080, 2400) d=0 taskParent=-1 winMode=1 userId=0},
05-25 02:08:05.477  1012  1069 V WindowManagerShell:         {m=TO_BACK f=SHOW_WALLPAPER leash=Surface(name=Task=1#42)/@0xb45d299 sb=Rect(0, 0 - 1080, 2400) eb=Rect(0, 0 - 1080, 2400) epz=Point(1080, 2400) d=0 taskParent=-1 winMode=1 userId=0},
05-25 02:08:05.477  1012  1069 V WindowManagerShell:         {m=TO_BACK f=IS_WALLPAPER leash=Surface(name=WallpaperWindowToken{6b1c075}#58)/@0xe3b795e sb=Rect(0, 0 - 1080, 2400) eb=Rect(0, 0 - 1080, 2400) epz=Point(1080, 2400) d=0}
05-25 02:08:05.477  1012  1069 V WindowManagerShell:     ]}
05-25 02:08:05.478  1012  1069 V WindowManagerShell: Playing animation for (#11) android.os.BinderProxy@b60820a@0
05-25 02:08:05.478  1012  1069 V ShellRecents: RecentsTransitionHandler.startAnimation: no controller found
05-25 02:08:05.478  1012  1069 V WindowManagerShell: Transition doesn't have explicit remote, search filters for match for {id=11 t=OPEN f=0x0 trk=0 r=[0@Point(0, 0)] c=[{m=OPEN f=NONE leash=Surface(name=Task=7#223)/@0x5e72fe0 sb=Rect(0, 0 - 1080, 2400) eb=Rect(0, 0 - 1080, 2400) epz=Point(1080, 2400) d=0 taskParent=-1 winMode=1 userId=0},{m=TO_BACK f=SHOW_WALLPAPER leash=Surface(name=Task=1#42)/@0xb45d299 sb=Rect(0, 0 - 1080, 2400) eb=Rect(0, 0 - 1080, 2400) epz=Point(1080, 2400) d=0 taskParent=-1 winMode=1 userId=0},{m=TO_BACK f=IS_WALLPAPER leash=Surface(name=WallpaperWindowToken{6b1c075}#58)/@0xe3b795e sb=Rect(0, 0 - 1080, 2400) eb=Rect(0, 0 - 1080, 2400) epz=Point(1080, 2400) d=0}]}
05-25 02:08:05.478  1012  1069 V WindowManagerShell:  Checking filter Pair{{types=[] flags=0x0] notFlags=0x0 checks=[{atype=undefined independent=true modes=[CLOSE,TO_BACK] flags=IN_TASK_WITH_EMBEDDED_ACTIVITY mustBeTask=false order=ANY topActivity=null launchCookie=null taskFragmentToken=android.os.BinderProxy@783bfea windowingMode=undefined isCrossDisplayMove=false}]} RemoteTransition { remoteTransition = android.window.IRemoteTransition$Stub$Proxy@8e32db, appThread = android.app.IApplicationThread$Stub$Proxy@6c9178, debugName = overlayBackTransition }}
05-25 02:08:05.478  1012  1069 V WindowManagerShell:  Checking filter Pair{{types=[] flags=0x0] notFlags=0x0 checks=[{atype=dream independent=true modes=[OPEN,TO_FRONT] flags=NONE mustBeTask=false order=ANY topActivity=null launchCookie=null windowingMode=undefined isCrossDisplayMove=false},{atype=home independent=true modes=[CLOSE,TO_BACK] flags=NONE mustBeTask=false order=ANY topActivity=null launchCookie=null windowingMode=undefined isCrossDisplayMove=false}]} RemoteTransition { remoteTransition = android.window.IRemoteTransition$Stub$Proxy@d5cb051, appThread = android.app.IApplicationThread$Stub$Proxy@dd5f0b6, debugName = LauncherToDream }}
05-25 02:08:05.478  1012  1069 V WindowManagerShell:  Checking filter Pair{{types=[] flags=0x0] notFlags=0x100 checks=[{atype=home independent=true modes=[OPEN,TO_FRONT] flags=NONE mustBeTask=false order=TOP topActivity=ComponentInfo{com.google.android.apps.nexuslauncher/com.google.android.apps.nexuslauncher.NexusLauncherActivity} launchCookie=null windowingMode=undefined isCrossDisplayMove=false},{atype=standard independent=true modes=[CLOSE,TO_BACK] flags=NONE mustBeTask=false order=ANY topActivity=null launchCookie=null windowingMode=undefined isCrossDisplayMove=false},{NOT atype=undefined independent=true modes=[] flags=NONE mustBeTask=true order=ANY topActivity=null launchCookie=null customAnim=true windowingMode=undefined isCrossDisplayMove=false}]} RemoteTransition { remoteTransition = android.window.IRemoteTransition$Stub$Proxy@63321b7, appThread = android.app.IApplicationThread$Stub$Proxy@2954d24, debugName = QuickstepLaunchHome }}
05-25 02:08:05.478  1012  1069 V WindowManagerShell:  Delegate animation for (#11) to null
05-25 02:08:05.478  1012  1069 V WindowManagerShell: start default transition animation, info = {id=11 t=OPEN f=0x0 trk=0 r=[0@Point(0, 0)] c=[{m=OPEN f=NONE leash=Surface(name=Task=7#223)/@0x5e72fe0 sb=Rect(0, 0 - 1080, 2400) eb=Rect(0, 0 - 1080, 2400) epz=Point(1080, 2400) d=0 taskParent=-1 winMode=1 userId=0},{m=TO_BACK f=SHOW_WALLPAPER leash=Surface(name=Task=1#42)/@0xb45d299 sb=Rect(0, 0 - 1080, 2400) eb=Rect(0, 0 - 1080, 2400) epz=Point(1080, 2400) d=0 taskParent=-1 winMode=1 userId=0},{m=TO_BACK f=IS_WALLPAPER leash=Surface(name=WallpaperWindowToken{6b1c075}#58)/@0xe3b795e sb=Rect(0, 0 - 1080, 2400) eb=Rect(0, 0 - 1080, 2400) epz=Point(1080, 2400) d=0}]}
05-25 02:08:05.478  1012  1069 V WindowManagerShell: loadAnimation: anim=android.view.animation.AnimationSet@abf6a0c animAttr=0x13 type=OPEN isEntrance=false
05-25 02:08:05.479  1012  1069 V WindowManagerShell: loadAnimation: anim=android.view.animation.AnimationSet@717ff55 animAttr=0x12 type=OPEN isEntrance=true
05-25 02:08:05.479  1012  1069 V WindowManagerShell:  animated by com.android.wm.shell.transition.DefaultTransitionHandler@7b0dc0f
05-25 02:08:05.480  1012  1069 V ShellTaskOrganizer: Task appeared taskId=7 listener=FullscreenTaskListener
05-25 02:08:05.481  1012  1069 V ShellTaskOrganizer: Fullscreen Task Appeared: #7
05-25 02:08:05.612  3689  6039 I flutter : [IMPORTANT:flutter/shell/platform/android/android_context_gl_impeller.cc(104)] Using the Impeller rendering backend (OpenGLES).
05-25 02:08:05.620  1151  1151 D b/417220811: invalidateLoadedTasks - previous requestLoadId: -1
05-25 02:08:05.620  1151  1151 D b/417220811: invalidateLoadedTasks - previous requestLoadId: -1
05-25 02:08:05.663   755  6044 I GFXSTREAM: [eglDisplay.cpp(297)] Opening libGLESv1_CM_emulation.so
05-25 02:08:05.664   755  6044 I GFXSTREAM: [eglDisplay.cpp(297)] Opening libGLESv2_emulation.so
05-25 02:08:05.670   755  6044 W HWUI    : Failed to choose config with EGL_SWAP_BEHAVIOR_PRESERVED, retrying without...
05-25 02:08:05.670   755  6044 W HWUI    : Failed to initialize 101010-2 format, error = EGL_SUCCESS
05-25 02:08:05.794  1012  1069 V WindowManagerShell: Transition animation finished (aborted=false), notifying core (#11) android.os.BinderProxy@b60820a@0
05-25 02:08:05.796   755   775 V WindowManager: Finish Transition (#11): created at 05-25 02:08:05.361 collect-started=0.025ms request-sent=5.583ms started=6.844ms ready=28.483ms sent=113.029ms commit=30.493ms finished=434.081ms
05-25 02:08:05.796  1012  1348 D WallpaperService: onVisibilityChanged(false): com.android.systemui.wallpapers.ImageWallpaper$CanvasEngine@ca2f989
