05-25 03:09:21.058 11383 11383 D nativeloader: Load libframework-connectivity-tiramisu-jni.so using APEX ns com_android_tethering for caller /apex/com.android.tethering/javalib/framework-connectivity-t.jar: ok
05-25 03:09:21.059 11383 11383 D AndroidRuntime: Calling main entry com.android.commands.uiautomator.Launcher
05-25 03:09:21.063 11383 11383 I AconfigPackage: android.media.swcodec.flags is mapped to com.android.media.swcodec
05-25 03:09:21.063 11383 11383 I AconfigPackage: com.android.permission.flags is mapped to com.android.permission
05-25 03:09:21.063 11383 11383 I AconfigPackage: com.android.permissioncontroller.flags is mapped to com.android.permission
05-25 03:09:21.063 11383 11383 I AconfigPackage: com.android.icu is mapped to com.android.i18n
05-25 03:09:21.064 11383 11383 I AconfigPackage: com.android.appsearch.flags is mapped to com.android.appsearch
05-25 03:09:21.064 11383 11383 I AconfigPackage: android.uprobestats.mainline.flags is mapped to com.android.uprobestats
05-25 03:09:21.064 11383 11383 I AconfigPackage: com.android.crashrecovery.flags is mapped to com.android.crashrecovery
05-25 03:09:21.064 11383 11383 I AconfigPackage: android.provider.flags is mapped to com.android.configinfrastructure
05-25 03:09:21.064 11383 11383 I AconfigPackage: com.android.server.deviceconfig is mapped to com.android.configinfrastructure
05-25 03:09:21.064 11383 11383 I AconfigPackage: com.android.compos.flags is mapped to com.android.compos
05-25 03:09:21.065 11383 11383 I AconfigPackage: com.android.art.flags is mapped to com.android.art
05-25 03:09:21.065 11383 11383 I AconfigPackage: com.android.art.rw.flags is mapped to com.android.art
05-25 03:09:21.065 11383 11383 I AconfigPackage: com.android.libcore is mapped to com.android.art
05-25 03:09:21.065 11383 11383 I AconfigPackage: com.android.telephony.flags is mapped to com.android.telephonycore
05-25 03:09:21.065 11383 11383 I AconfigPackage: com.android.media.extractor.flags is mapped to com.android.media
05-25 03:09:21.065 11383 11383 I AconfigPackage: com.android.media.mainline.flags is mapped to com.android.media
05-25 03:09:21.065 11383 11383 I AconfigPackage: com.android.wifi.flags is mapped to com.android.wifi
05-25 03:09:21.065 11383 11383 I AconfigPackage: com.android.org.conscrypt.flags is mapped to com.android.conscrypt
05-25 03:09:21.065 11383 11383 I AconfigPackage: com.android.org.conscrypt.net.flags is mapped to com.android.conscrypt
05-25 03:09:21.065 11383 11383 I AconfigPackage: com.android.healthfitness.flags is mapped to com.android.healthfitness
05-25 03:09:21.066 11383 11383 I AconfigPackage: com.android.ipsec.flags is mapped to com.android.ipsec
05-25 03:09:21.066 11383 11383 I AconfigPackage: com.android.nfc.module.flags is mapped to com.android.nfcservices
05-25 03:09:21.066 11383 11383 I AconfigPackage: com.android.adservices.ondevicepersonalization.flags is mapped to com.android.ondevicepersonalization
05-25 03:09:21.066 11383 11383 I AconfigPackage: com.android.adbd.flags is mapped to com.android.adbd
05-25 03:09:21.067 11383 11383 I AconfigPackage: com.android.bluetooth.flags is mapped to com.android.bt
05-25 03:09:21.067 11383 11383 I AconfigPackage: com.android.devicelock.flags is mapped to com.android.devicelock
05-25 03:09:21.067 11383 11383 I AconfigPackage: android.os.profiling is mapped to com.android.profiling
05-25 03:09:21.067 11383 11383 I AconfigPackage: android.os.profiling.anomaly.flags is mapped to com.android.profiling
05-25 03:09:21.067 11383 11383 I AconfigPackage: com.android.os.statsd.flags is mapped to com.android.os.statsd
05-25 03:09:21.067 11383 11383 I AconfigPackage: com.android.rkpd.flags is mapped to com.android.rkpd
05-25 03:09:21.067 11383 11383 I AconfigPackage: com.android.cellbroadcastreceiver.flags is mapped to com.android.cellbroadcast
05-25 03:09:21.067 11383 11383 I AconfigPackage: com.android.adservices.flags is mapped to com.android.adservices
05-25 03:09:21.067 11383 11383 I AconfigPackage: com.android.sdksandbox.flags is mapped to com.android.adservices
05-25 03:09:21.067 11383 11383 I AconfigPackage: com.android.uwb.flags is mapped to com.android.uwb
05-25 03:09:21.067 11383 11383 I AconfigPackage: com.android.ranging.flags is mapped to com.android.uwb
05-25 03:09:21.067 11383 11383 I AconfigPackage: android.graphics.pdf.flags is mapped to com.android.mediaprovider
05-25 03:09:21.067 11383 11383 I AconfigPackage: com.android.providers.media.flags is mapped to com.android.mediaprovider
05-25 03:09:21.067 11383 11383 I AconfigPackage: android.graphics.pdf.flags.readonly is mapped to com.android.mediaprovider
05-25 03:09:21.068 11383 11383 I AconfigPackage: com.android.tethering.mainline.beta is mapped to com.android.tethering
05-25 03:09:21.068 11383 11383 I AconfigPackage: android.net.http is mapped to com.android.tethering
05-25 03:09:21.068 11383 11383 I AconfigPackage: com.android.tethering.readonly.flags is mapped to com.android.tethering
05-25 03:09:21.068 11383 11383 I AconfigPackage: android.net.vcn is mapped to com.android.tethering
05-25 03:09:21.068 11383 11383 I AconfigPackage: com.android.net.flags is mapped to com.android.tethering
05-25 03:09:21.068 11383 11383 I AconfigPackage: com.android.tethering.beta.test is mapped to com.android.tethering
05-25 03:09:21.068 11383 11383 I AconfigPackage: com.android.nearby.flags is mapped to com.android.tethering
05-25 03:09:21.068 11383 11383 I AconfigPackage: com.android.net.ct.flags is mapped to com.android.tethering
05-25 03:09:21.068 11383 11383 I AconfigPackage: com.android.net.thread.flags is mapped to com.android.tethering
05-25 03:09:21.068 11383 11383 I AconfigPackage: com.android.system.virtualmachine.flags is mapped to com.android.virt
05-25 03:09:21.068 11383 11383 E FeatureFlagsImplExport: android.os.flagging.AconfigStorageReadException: ERROR_PACKAGE_NOT_FOUND: package android.xr cannot be found on the device
05-25 03:09:21.070 11383 11383 D UiAutomationConnection: Created on user UserHandle{0}
05-25 03:09:21.070 11383 11383 I UiAutomation: Initialized for user 0 on display 0
05-25 03:09:21.070 11383 11383 W UiAutomation: Created with deprecatead constructor, assumes DEFAULT_DISPLAY
05-25 03:09:21.071   755   771 D AccessibilityManagerService: changeCurrentUserForTestAutomationIfNeededLocked(0): ignoring because device doesn't support visible background users
05-25 03:09:21.071   755   771 I UiAutomationManager: Registering UiTestAutomationService (id=com.android.server.accessibility/UiAutomation, flags=0x0) when called by user 0
05-25 03:09:21.071   755   771 V AccessibilityManagerService: onUserStateChangedLocked for userId: 0, forceUpdate: false
05-25 03:09:21.072   755   771 V AccessibilityUserState: updateShortcutTargets: type:accessibility_shortcut_target_service, current:{}, new:{}
05-25 03:09:21.072   755   771 V AccessibilityUserState: updateShortcutTargets: type:accessibility_button_targets, current:{}, new:{}
05-25 03:09:21.072   755   771 V AccessibilityUserState: updateShortcutTargets: type:accessibility_gesture_targets, current:{}, new:{}
05-25 03:09:21.072   755   771 V AccessibilityUserState: updateShortcutTargets: type:accessibility_qs_targets, current:{}, new:{}
05-25 03:09:21.072   755   771 V AccessibilityUserState: updateShortcutTargets: type:accessibility_key_gesture_targets, current:{}, new:{}
05-25 03:09:21.072   755   771 W MagnificationConnectionManager: requestConnection duplicated request: connect=false, mConnectionState=DISCONNECTED
05-25 03:09:21.072   755   755 W libbinder.IPCThreadState: Sending oneway calls to frozen process.
05-25 03:09:21.072   755   755 W libbinder.IPCThreadState: Sending oneway calls to frozen process.
05-25 03:09:21.072   755   755 W libbinder.IPCThreadState: Sending oneway calls to frozen process.
05-25 03:09:21.072   755   755 W libbinder.IPCThreadState: Sending oneway calls to frozen process.
05-25 03:09:21.072   755   755 W libbinder.IPCThreadState: Sending oneway calls to frozen process.
05-25 03:09:21.073   755   755 W libbinder.IPCThreadState: Sending oneway calls to frozen process.
05-25 03:09:21.073   755   755 W libbinder.IPCThreadState: Sending oneway calls to frozen process.
05-25 03:09:21.073   755   755 W libbinder.IPCThreadState: Sending oneway calls to frozen process.
05-25 03:09:21.073   755   755 W libbinder.IPCThreadState: Sending oneway calls to frozen process.
05-25 03:09:21.073   755   755 W libbinder.IPCThreadState: Sending oneway calls to frozen process.
05-25 03:09:21.073   755   755 W libbinder.IPCThreadState: Sending oneway calls to frozen process.
05-25 03:09:21.073   755   755 W libbinder.IPCThreadState: Sending oneway calls to frozen process.
05-25 03:09:21.073   755   755 W libbinder.IPCThreadState: Sending oneway calls to frozen process.
05-25 03:09:21.073  1546  2094 I AiAiEcho: Settings changed for uri: content://settings/secure/accessibility_enabled
05-25 03:09:21.073   755   755 W libbinder.IPCThreadState: Sending oneway calls to frozen process.
05-25 03:09:21.074   755   755 W libbinder.IPCThreadState: Sending oneway calls to frozen process.
05-25 03:09:21.074   755   755 W libbinder.IPCThreadState: Sending oneway calls to frozen process.
05-25 03:09:21.074   755   755 W libbinder.IPCThreadState: Sending oneway calls to frozen process.
05-25 03:09:21.074   755   755 W libbinder.IPCThreadState: Sending oneway calls to frozen process.
05-25 03:09:21.074  1546  1927 I AiAiEcho: Predicting[0]:  [CONTEXT sampling_count=5 ]
05-25 03:09:21.074   755   755 W libbinder.IPCThreadState: Sending oneway calls to frozen process.
05-25 03:09:21.074   755   755 W libbinder.IPCThreadState: Sending oneway calls to frozen process.
05-25 03:09:21.074   755   755 W libbinder.IPCThreadState: Sending oneway calls to frozen process.
05-25 03:09:21.074  1546  1927 I AiAiEcho: EchoTargets: 
05-25 03:09:21.074  1546  1927 I AiAiEcho: Filtered by AiAi flag check: 
05-25 03:09:21.074  1546  1927 I AiAiEcho: [CONTEXT ratelimit_period="10 SECONDS" ]
05-25 03:09:21.074   755   755 W libbinder.IPCThreadState: Sending oneway calls to frozen process.
05-25 03:09:21.074   755   755 W libbinder.IPCThreadState: Sending oneway calls to frozen process.
05-25 03:09:21.074  1546  1927 I AiAiEcho: #remoteViewsTwiddler: feature disabled.
05-25 03:09:21.074   755   755 W libbinder.IPCThreadState: Sending oneway calls to frozen process.
05-25 03:09:21.074   755   755 D BatterySaverPolicy: accessibility changed to true, updating policy.
05-25 03:09:21.075  1546  1927 I AiAiEcho: Predicting[0]:  [CONTEXT sampling_count=5 ]
05-25 03:09:21.075  1546  1927 I AiAiEcho: EchoTargets: 
05-25 03:09:21.075  1546  1927 I AiAiEcho: Filtered by AiAi flag check: 
05-25 03:09:21.075  1546  1927 I AiAiEcho: [CONTEXT ratelimit_period="10 SECONDS" ]
05-25 03:09:21.075  1546  1927 I AiAiEcho: #remoteViewsTwiddler: feature disabled.
05-25 03:09:21.075  1546  1927 I AiAiEcho: #postPredictionTargets: Sending updates to UISurface lockscreen with targets# 0 (types=[])
05-25 03:09:21.076  1546  1927 I AiAiEcho: #postPredictionTargets: Sending updates to UISurface home with targets# 0 (types=[])
05-25 03:09:21.076   755  1185 V AccessibilityManagerService: onUserStateChangedLocked for userId: 0, forceUpdate: false
05-25 03:09:21.077  1012  1012 W SsPagerDots: Total number of pages invalid: 0. Assuming 1 page.
05-25 03:09:21.078   755  1185 V AccessibilityUserState: updateShortcutTargets: type:accessibility_shortcut_target_service, current:{}, new:{}
05-25 03:09:21.078   755  1185 V AccessibilityUserState: updateShortcutTargets: type:accessibility_button_targets, current:{}, new:{}
05-25 03:09:21.078   755  1185 V AccessibilityUserState: updateShortcutTargets: type:accessibility_gesture_targets, current:{}, new:{}
05-25 03:09:21.078   755  1185 V AccessibilityUserState: updateShortcutTargets: type:accessibility_qs_targets, current:{}, new:{}
05-25 03:09:21.078   755  1185 V AccessibilityUserState: updateShortcutTargets: type:accessibility_key_gesture_targets, current:{}, new:{}
05-25 03:09:21.078   755  1185 W MagnificationConnectionManager: requestConnection duplicated request: connect=false, mConnectionState=DISCONNECTED
05-25 03:09:21.078   755   755 W libbinder.IPCThreadState: Sending oneway calls to frozen process.
05-25 03:09:21.078   755   755 W libbinder.IPCThreadState: Sending oneway calls to frozen process.
05-25 03:09:21.079   755   755 W libbinder.IPCThreadState: Sending oneway calls to frozen process.
05-25 03:09:21.079   755   755 W libbinder.IPCThreadState: Sending oneway calls to frozen process.
05-25 03:09:21.079   755   755 W libbinder.IPCThreadState: Sending oneway calls to frozen process.
05-25 03:09:21.079   755   755 W libbinder.IPCThreadState: Sending oneway calls to frozen process.
05-25 03:09:21.081  1546  2094 I AiAiEcho: Settings changed for uri: content://settings/secure/accessibility_enabled
05-25 03:09:21.081   755   755 W libbinder.IPCThreadState: Sending oneway calls to frozen process.
05-25 03:09:21.081   755   755 W libbinder.IPCThreadState: Sending oneway calls to frozen process.
05-25 03:09:21.081   755   755 W libbinder.IPCThreadState: Sending oneway calls to frozen process.
05-25 03:09:21.081  1546  1927 I AiAiEcho: Predicting[0]:  [CONTEXT sampling_count=5 ]
05-25 03:09:21.081   755   755 W libbinder.IPCThreadState: Sending oneway calls to frozen process.
05-25 03:09:21.081   755   755 W libbinder.IPCThreadState: Sending oneway calls to frozen process.
05-25 03:09:21.081   755   755 W libbinder.IPCThreadState: Sending oneway calls to frozen process.
05-25 03:09:21.081   755   755 W libbinder.IPCThreadState: Sending oneway calls to frozen process.
05-25 03:09:21.081  1546  1927 I AiAiEcho: EchoTargets: 
05-25 03:09:21.081  1546  1927 I AiAiEcho: Filtered by AiAi flag check: 
05-25 03:09:21.081  1546  1927 I AiAiEcho: [CONTEXT ratelimit_period="10 SECONDS" ]
05-25 03:09:21.081  1546  1927 I AiAiEcho: #remoteViewsTwiddler: feature disabled.
05-25 03:09:21.082  1546  1927 I AiAiEcho: Predicting[0]:  [CONTEXT sampling_count=5 ]
05-25 03:09:21.082  1546  1927 I AiAiEcho: EchoTargets: 
05-25 03:09:21.082  1546  1927 I AiAiEcho: Filtered by AiAi flag check: 
05-25 03:09:21.082  1546  1927 I AiAiEcho: [CONTEXT ratelimit_period="10 SECONDS" ]
05-25 03:09:21.082  1546  1927 I AiAiEcho: #remoteViewsTwiddler: feature disabled.
05-25 03:09:21.082  1546  1927 I AiAiEcho: #postPredictionTargets: Sending updates to UISurface lockscreen with targets# 0 (types=[])
05-25 03:09:21.082  1546  1927 I AiAiEcho: #postPredictionTargets: Sending updates to UISurface home with targets# 0 (types=[])
05-25 03:09:21.082   755   755 W libbinder.IPCThreadState: Sending oneway calls to frozen process.
05-25 03:09:21.083   755   755 W libbinder.IPCThreadState: Sending oneway calls to frozen process.
05-25 03:09:21.083   755   755 W libbinder.IPCThreadState: Sending oneway calls to frozen process.
05-25 03:09:21.083   755   796 E BluetoothPowerStatsCollector: Cannot acquire BluetoothActivityEnergyInfo
05-25 03:09:21.083   755   796 E BluetoothPowerStatsCollector: java.util.concurrent.ExecutionException: java.lang.RuntimeException: error: 11
05-25 03:09:21.083   755   796 E BluetoothPowerStatsCollector: 	at java.util.concurrent.CompletableFuture.reportGet(CompletableFuture.java:372)
05-25 03:09:21.083   755   796 E BluetoothPowerStatsCollector: 	at java.util.concurrent.CompletableFuture.get(CompletableFuture.java:2072)
05-25 03:09:21.083   755   796 E BluetoothPowerStatsCollector: 	at com.android.server.power.stats.BluetoothPowerStatsCollector.collectBluetoothActivityInfo(BluetoothPowerStatsCollector.java:191)
05-25 03:09:21.083   755   796 E BluetoothPowerStatsCollector: 	at com.android.server.power.stats.BluetoothPowerStatsCollector.collectStats(BluetoothPowerStatsCollector.java:155)
05-25 03:09:21.083   755   796 E BluetoothPowerStatsCollector: 	at com.android.server.power.stats.PowerStatsCollector.collectAndDeliverStats(PowerStatsCollector.java:196)
05-25 03:09:21.083   755   796 E BluetoothPowerStatsCollector: 	at com.android.server.power.stats.PowerStatsCollector.lambda$schedule$0(PowerStatsCollector.java:166)
05-25 03:09:21.083   755   796 E BluetoothPowerStatsCollector: 	at com.android.server.power.stats.PowerStatsCollector.$r8$lambda$G7G_yFY7rV7oxQbQHnZ5FHX8eBk(PowerStatsCollector.java:0)
05-25 03:09:21.083   755   796 E BluetoothPowerStatsCollector: 	at com.android.server.power.stats.PowerStatsCollector$$ExternalSyntheticLambda1.run(R8$$SyntheticClass:0)
05-25 03:09:21.083   755   796 E BluetoothPowerStatsCollector: 	at android.os.Handler.handleCallback(Handler.java:1070)
05-25 03:09:21.083   755   796 E BluetoothPowerStatsCollector: 	at android.os.Handler.dispatchMessage(Handler.java:125)
05-25 03:09:21.083   755   796 E BluetoothPowerStatsCollector: 	at android.os.Looper.dispatchMessage(Looper.java:333)
05-25 03:09:21.083   755   796 E BluetoothPowerStatsCollector: 	at android.os.Looper.loopOnce(Looper.java:263)
05-25 03:09:21.083   755   796 E BluetoothPowerStatsCollector: 	at android.os.Looper.loop(Looper.java:367)
05-25 03:09:21.083   755   796 E BluetoothPowerStatsCollector: 	at android.os.HandlerThread.run(HandlerThread.java:139)
05-25 03:09:21.083   755   796 E BluetoothPowerStatsCollector: Caused by: java.lang.RuntimeException: error: 11
05-25 03:09:21.083   755   796 E BluetoothPowerStatsCollector: 	at com.android.server.power.stats.BluetoothPowerStatsCollector$1.onBluetoothActivityEnergyInfoError(BluetoothPowerStatsCollector.java:180)
05-25 03:09:21.083   755   796 E BluetoothPowerStatsCollector: 	at android.bluetooth.BluetoothAdapter$OnBluetoothActivityEnergyInfoProxy.lambda$onBluetoothActivityEnergyInfoAvailable$0(BluetoothAdapter.java:1010)
05-25 03:09:21.083   755   796 E BluetoothPowerStatsCollector: 	at android.bluetooth.BluetoothAdapter$OnBluetoothActivityEnergyInfoProxy.$r8$lambda$ks_hN9Vo_x2Jp1k5f-s67WiAd4A(Unknown Source:0)
05-25 03:09:21.083   755   796 E BluetoothPowerStatsCollector: 	at android.bluetooth.BluetoothAdapter$OnBluetoothActivityEnergyInfoProxy$$ExternalSyntheticLambda0.run(D8$$SyntheticClass:0)
05-25 03:09:21.083   755   796 E BluetoothPowerStatsCollector: 	at android.bluetooth.BluetoothUtils.lambda$executeFromBinder$0(BluetoothUtils.java:346)
05-25 03:09:21.083   755   796 E BluetoothPowerStatsCollector: 	at android.bluetooth.BluetoothUtils$$ExternalSyntheticLambda1.run(D8$$SyntheticClass:0)
05-25 03:09:21.083   755   796 E BluetoothPowerStatsCollector: 	at com.android.server.SystemServerInitThreadPool$$ExternalSyntheticLambda0.execute(R8$$SyntheticClass:0)
05-25 03:09:21.083   755   796 E BluetoothPowerStatsCollector: 	at android.bluetooth.BluetoothUtils.executeFromBinder(BluetoothUtils.java:346)
05-25 03:09:21.083   755   796 E BluetoothPowerStatsCollector: 	at android.bluetooth.BluetoothAdapter$OnBluetoothActivityEnergyInfoProxy.onBluetoothActivityEnergyInfoAvailable(BluetoothAdapter.java:1008)
05-25 03:09:21.083   755   796 E BluetoothPowerStatsCollector: 	at android.bluetooth.IBluetoothActivityEnergyInfoListener$Stub.onTransact(IBluetoothActivityEnergyInfoListener.java:98)
05-25 03:09:21.083   755   796 E BluetoothPowerStatsCollector: 	at android.os.Binder.execTransactInternal(Binder.java:1478)
05-25 03:09:21.083   755   796 E BluetoothPowerStatsCollector: 	at android.os.Binder.execTransact(Binder.java:1418)
05-25 03:09:21.084   755  1185 D AccessibilityManagerService: .getAccessibilityShortcutTargets {shortcutType=32, userId=0}
05-25 03:09:21.085  1012  1012 W SsPagerDots: Total number of pages invalid: 0. Assuming 1 page.
05-25 03:09:21.609   755   906 I HalDevMgr: bestIfaceCreationProposal is null, requestIface=STA, existingIface=[name=wlan0 type=STA]
05-25 03:09:21.618   755  2571 I AppSearchIcing: icing-search-engine.cc:2327: Persisting data to disk with mode 3
05-25 03:09:21.619   755  2571 I AppSearchIcing: icing-search-engine.cc:2340: PersistToDisk completed.
05-25 03:09:21.683  1484  1484 D BoundBrokerSvc: onUnbind: Intent { act=com.google.firebase.dynamiclinks.service.START xflg=0x4 pkg=com.google.android.gms }
05-25 03:09:22.099 11383 11383 W AccessibilityNodeInfoDumper: Fetch time: 2ms
05-25 03:09:22.099   755  1052 V AccessibilityManagerService: onUserStateChangedLocked for userId: 0, forceUpdate: false
05-25 03:09:22.100   755  1052 V AccessibilityUserState: updateShortcutTargets: type:accessibility_shortcut_target_service, current:{}, new:{}
05-25 03:09:22.100   755  1052 V AccessibilityUserState: updateShortcutTargets: type:accessibility_button_targets, current:{}, new:{}
05-25 03:09:22.100   755  1052 V AccessibilityUserState: updateShortcutTargets: type:accessibility_gesture_targets, current:{}, new:{}
05-25 03:09:22.100   755  1052 V AccessibilityUserState: updateShortcutTargets: type:accessibility_qs_targets, current:{}, new:{}
05-25 03:09:22.100   755  1052 V AccessibilityUserState: updateShortcutTargets: type:accessibility_key_gesture_targets, current:{}, new:{}
05-25 03:09:22.100   755  1052 W MagnificationConnectionManager: requestConnection duplicated request: connect=false, mConnectionState=DISCONNECTED
05-25 03:09:22.100   755  1052 D AccessibilityManagerService: restoreCurrentUserForTestAutomationIfNeededLocked(): ignoring because device doesn't support visible background users
05-25 03:09:22.101 11383 11383 D AndroidRuntime: Shutting down VM
05-25 03:09:22.101   755   755 W libbinder.IPCThreadState: Sending oneway calls to frozen process.
05-25 03:09:22.101   755   755 W libbinder.IPCThreadState: Sending oneway calls to frozen process.
05-25 03:09:22.101   755   755 W libbinder.IPCThreadState: Sending oneway calls to frozen process.
05-25 03:09:22.101   755   755 W libbinder.IPCThreadState: Sending oneway calls to frozen process.
05-25 03:09:22.101   755   755 W libbinder.IPCThreadState: Sending oneway calls to frozen process.
05-25 03:09:22.101  1546  3179 I AiAiEcho: Settings changed for uri: content://settings/secure/accessibility_enabled
05-25 03:09:22.101   755   755 W libbinder.IPCThreadState: Sending oneway calls to frozen process.
05-25 03:09:22.102 11383 11391 W libbinder.IPCThreadState: call to talkWithDriver in joinThreadPool returned error: -9 (Bad file descriptor), FD: -1
05-25 03:09:22.102   755   755 W libbinder.IPCThreadState: Sending oneway calls to frozen process.
05-25 03:09:22.102 11383 11395 W libbinder.IPCThreadState: call to talkWithDriver in joinThreadPool returned error: -9 (Bad file descriptor), FD: -1
05-25 03:09:22.102 11383 11392 W libbinder.IPCThreadState: call to talkWithDriver in joinThreadPool returned error: -9 (Bad file descriptor), FD: -1
05-25 03:09:22.102   755   755 W libbinder.IPCThreadState: Sending oneway calls to frozen process.
05-25 03:09:22.103   755   755 W libbinder.IPCThreadState: Sending oneway calls to frozen process.
05-25 03:09:22.103   755   755 W libbinder.IPCThreadState: Sending oneway calls to frozen process.
05-25 03:09:22.103   755   755 W libbinder.IPCThreadState: Sending oneway calls to frozen process.
05-25 03:09:22.103   755   755 W libbinder.IPCThreadState: Sending oneway calls to frozen process.
05-25 03:09:22.103   755   755 W libbinder.IPCThreadState: Sending oneway calls to frozen process.
05-25 03:09:22.103  1546  1927 I AiAiEcho: Predicting[0]:  [CONTEXT sampling_count=5 ]
05-25 03:09:22.103  1546  1927 I AiAiEcho: EchoTargets: 
05-25 03:09:22.103  1546  1927 I AiAiEcho: Filtered by AiAi flag check: 
05-25 03:09:22.103  1546  1927 I AiAiEcho: [CONTEXT ratelimit_period="10 SECONDS" ]
05-25 03:09:22.103   755   755 W libbinder.IPCThreadState: Sending oneway calls to frozen process.
05-25 03:09:22.103  1546  1927 I AiAiEcho: #remoteViewsTwiddler: feature disabled.
05-25 03:09:22.104   755   755 W libbinder.IPCThreadState: Sending oneway calls to frozen process.
05-25 03:09:22.104   755   755 W libbinder.IPCThreadState: Sending oneway calls to frozen process.
05-25 03:09:22.104   755   755 W libbinder.IPCThreadState: Sending oneway calls to frozen process.
05-25 03:09:22.104   755   755 W libbinder.IPCThreadState: Sending oneway calls to frozen process.
05-25 03:09:22.104  1546  1927 I AiAiEcho: Predicting[0]:  [CONTEXT sampling_count=5 ]
05-25 03:09:22.104   755   755 W libbinder.IPCThreadState: Sending oneway calls to frozen process.
05-25 03:09:22.104   755   755 W libbinder.IPCThreadState: Sending oneway calls to frozen process.
05-25 03:09:22.104  1546  1927 I AiAiEcho: EchoTargets: 
05-25 03:09:22.104  1546  1927 I AiAiEcho: Filtered by AiAi flag check: 
05-25 03:09:22.104  1546  1927 I AiAiEcho: [CONTEXT ratelimit_period="10 SECONDS" ]
05-25 03:09:22.104   755   755 W libbinder.IPCThreadState: Sending oneway calls to frozen process.
05-25 03:09:22.104  1546  1927 I AiAiEcho: #remoteViewsTwiddler: feature disabled.
05-25 03:09:22.104   755   755 W libbinder.IPCThreadState: Sending oneway calls to frozen process.
05-25 03:09:22.104   755   755 W libbinder.IPCThreadState: Sending oneway calls to frozen process.
05-25 03:09:22.104   755   755 W libbinder.IPCThreadState: Sending oneway calls to frozen process.
05-25 03:09:22.104   755   755 D BatterySaverPolicy: accessibility changed to false, updating policy.
05-25 03:09:22.104  1546  1927 I AiAiEcho: #postPredictionTargets: Sending updates to UISurface lockscreen with targets# 0 (types=[])
05-25 03:09:22.104  1546  1927 I AiAiEcho: #postPredictionTargets: Sending updates to UISurface home with targets# 0 (types=[])
05-25 03:09:22.107  1012  1012 W SsPagerDots: Total number of pages invalid: 0. Assuming 1 page.
05-25 03:09:22.362  1529  1529 D WM-DelayedWorkTracker: Scheduling work 5d670f27-80b4-48e7-a715-52a3ecb15f1c
05-25 03:09:22.363  1529  1529 D WM-GreedyScheduler: Starting tracking for 5d670f27-80b4-48e7-a715-52a3ecb15f1c
05-25 03:09:22.363  1529  1874 D WM-ConstraintTracker: BatteryNotLowTracker: initial state = true
05-25 03:09:22.363  1529  1874 D WM-BrdcstRcvrCnstrntTrc: BatteryNotLowTracker: registering receiver
05-25 03:09:22.364  1529  1874 D WM-GreedyScheduler: Constraints met: Scheduling work ID WorkGenerationalId(workSpecId=5d670f27-80b4-48e7-a715-52a3ecb15f1c, generation=0)
05-25 03:09:22.365  1529  1874 D WM-Processor: Processor: processing WorkGenerationalId(workSpecId=5d670f27-80b4-48e7-a715-52a3ecb15f1c, generation=0)
05-25 03:09:22.366  1529  1529 D WM-WorkerWrapper: Starting work for com.android.providers.media.photopicker.sync.ProactiveSyncWorker
05-25 03:09:22.366  1529 11399 I PSyncWorker: Starting proactive picker sync from sync source: 1
05-25 03:09:22.366  1529 11399 I PickerSyncTracker: Created new sync future java.util.concurrent.CompletableFuture@8262a0d[Not completed, 1 dependents]. Future map: {5d670f27-80b4-48e7-a715-52a3ecb15f1c=java.util.concurrent.CompletableFuture@8262a0d[Not completed, 1 dependents]}
05-25 03:09:22.367  1529 11399 D PickerSyncController: syncAllMediaFromProvider() LOCAL, auth=com.android.providers.media.photopicker, retry=true
05-25 03:09:22.367  1529 11399 D PickerSyncController: getSyncRequestParams() LOCAL, auth=com.android.providers.media.photopicker
05-25 03:09:22.369  1529 11399 D PickerSyncController:    Latest ID/Gen=92835bc8fd6dde81:external_primary/3042
05-25 03:09:22.369  1529 11399 D PickerSyncController:    Cached ID/Gen=92835bc8fd6dde81:external_primary/3033
05-25 03:09:22.369  1529 11399 D PickerSyncController:    RESULT=SyncRequestParams{type=MEDIA_INCREMENTAL, gen=3033, latest=Bundle[{last_media_sync_generation=3042, media_collection_id=92835bc8fd6dde81:external_primary}], pageSize=1000}
05-25 03:09:22.369  1529 11399 I PickerSyncController: Executing SyncAdd. isLocal: true. authority: com.android.providers.media.photopicker
05-25 03:09:22.369  1529 11399 D PickerSyncLockManager: Trying to acquire lock com.android.providers.media.photopicker.sync.CloseableReentrantLock@cffd47[Unlocked]. Lock Name = CLOUD_PROVIDER_LOCK. Threads that may be waiting to acquire this lock = [] with timeout.
05-25 03:09:22.369  1529 11399 D CloseableReentrantLock: Successfully acquired lock com.android.providers.media.photopicker.sync.CloseableReentrantLock@cffd47[Locked by thread pool-4-thread-168]. Lock Name = CLOUD_PROVIDER_LOCK. Threads that may be waiting to acquire this lock = []
05-25 03:09:22.369  1529 11399 D CloseableReentrantLock: Successfully released lock com.android.providers.media.photopicker.sync.CloseableReentrantLock@cffd47[Unlocked]. Lock Name = CLOUD_PROVIDER_LOCK. Threads that may be waiting to acquire this lock = []
05-25 03:09:22.369  1529 11399 D ExternalDbFacade: Token received for queryMedia = null
05-25 03:09:22.370  1529 11399 D PickerSyncLockManager: Trying to acquire lock com.android.providers.media.photopicker.sync.CloseableReentrantLock@cffd47[Unlocked]. Lock Name = CLOUD_PROVIDER_LOCK. Threads that may be waiting to acquire this lock = [] with timeout.
05-25 03:09:22.370  1529 11399 D CloseableReentrantLock: Successfully acquired lock com.android.providers.media.photopicker.sync.CloseableReentrantLock@cffd47[Locked by thread pool-4-thread-168]. Lock Name = CLOUD_PROVIDER_LOCK. Threads that may be waiting to acquire this lock = []
05-25 03:09:22.370  1529 11399 D PickerSyncController: Saving next page token: 1779674960000|280 for key: local_provider:media_add:resume
05-25 03:09:22.370  1529 11399 D CloseableReentrantLock: Successfully released lock com.android.providers.media.photopicker.sync.CloseableReentrantLock@cffd47[Unlocked]. Lock Name = CLOUD_PROVIDER_LOCK. Threads that may be waiting to acquire this lock = []
05-25 03:09:22.371  1529 11399 D PickerNotificationSender: Sending a notification for media update
05-25 03:09:22.371  1529 11399 D PickerNotificationSender: Sending a notification for merged album media update Videos
05-25 03:09:22.371  1529 11399 D PickerNotificationSender: Sending a notification for album media update Videos
05-25 03:09:22.372  1529 11399 D PickerNotificationSender: Sending a notification for merged album media update Favorites
05-25 03:09:22.372  1529 11399 D PickerNotificationSender: Sending a notification for album media update Favorites
05-25 03:09:22.372  1529 11399 D ExternalDbFacade: Token received for queryMedia = 1779674960000|280
05-25 03:09:22.372  1529 11399 D PickerSyncLockManager: Trying to acquire lock com.android.providers.media.photopicker.sync.CloseableReentrantLock@cffd47[Unlocked]. Lock Name = CLOUD_PROVIDER_LOCK. Threads that may be waiting to acquire this lock = [] with timeout.
05-25 03:09:22.372  1529 11399 D CloseableReentrantLock: Successfully acquired lock com.android.providers.media.photopicker.sync.CloseableReentrantLock@cffd47[Locked by thread pool-4-thread-168]. Lock Name = CLOUD_PROVIDER_LOCK. Threads that may be waiting to acquire this lock = []
05-25 03:09:22.372  1529 11399 D PickerSyncController: Clearing next page token for key: local_provider:media_add:resume
05-25 03:09:22.372  1529 11399 D CloseableReentrantLock: Successfully released lock com.android.providers.media.photopicker.sync.CloseableReentrantLock@cffd47[Unlocked]. Lock Name = CLOUD_PROVIDER_LOCK. Threads that may be waiting to acquire this lock = []
05-25 03:09:22.372  1529 11399 D PickerNotificationSender: Sending a notification for media update
05-25 03:09:22.373  1529 11399 D PickerNotificationSender: Sending a notification for merged album media update Videos
05-25 03:09:22.373  1529 11399 D PickerNotificationSender: Sending a notification for album media update Videos
05-25 03:09:22.373  1529 11399 D PickerNotificationSender: Sending a notification for merged album media update Favorites
05-25 03:09:22.373  1529 11399 D PickerNotificationSender: Sending a notification for album media update Favorites
05-25 03:09:22.373  1529 11399 I PickerSyncController: Paged sync successful. QueryArgs: Bundle[{android.provider.extra.PAGE_TOKEN=1779674960000|280, android.provider.extra.SYNC_GENERATION=3033, android.provider.extra.PAGE_SIZE=1000}] Total Rows: 1
05-25 03:09:22.373  1529 11399 I PickerSyncController: Executing SyncRemove. isLocal: true. authority: com.android.providers.media.photopicker
05-25 03:09:22.373  1529 11399 D PickerSyncLockManager: Trying to acquire lock com.android.providers.media.photopicker.sync.CloseableReentrantLock@cffd47[Unlocked]. Lock Name = CLOUD_PROVIDER_LOCK. Threads that may be waiting to acquire this lock = [] with timeout.
05-25 03:09:22.373  1529 11399 D CloseableReentrantLock: Successfully acquired lock com.android.providers.media.photopicker.sync.CloseableReentrantLock@cffd47[Locked by thread pool-4-thread-168]. Lock Name = CLOUD_PROVIDER_LOCK. Threads that may be waiting to acquire this lock = []
05-25 03:09:22.373  1529 11399 D CloseableReentrantLock: Successfully released lock com.android.providers.media.photopicker.sync.CloseableReentrantLock@cffd47[Unlocked]. Lock Name = CLOUD_PROVIDER_LOCK. Threads that may be waiting to acquire this lock = []
05-25 03:09:22.373  1529 11399 D PickerSyncLockManager: Trying to acquire lock com.android.providers.media.photopicker.sync.CloseableReentrantLock@cffd47[Unlocked]. Lock Name = CLOUD_PROVIDER_LOCK. Threads that may be waiting to acquire this lock = [] with timeout.
05-25 03:09:22.373  1529 11399 D CloseableReentrantLock: Successfully acquired lock com.android.providers.media.photopicker.sync.CloseableReentrantLock@cffd47[Locked by thread pool-4-thread-168]. Lock Name = CLOUD_PROVIDER_LOCK. Threads that may be waiting to acquire this lock = []
05-25 03:09:22.373  1529 11399 D PickerSyncController: Clearing next page token for key: local_provider:media_remove:resume
05-25 03:09:22.373  1529 11399 D CloseableReentrantLock: Successfully released lock com.android.providers.media.photopicker.sync.CloseableReentrantLock@cffd47[Unlocked]. Lock Name = CLOUD_PROVIDER_LOCK. Threads that may be waiting to acquire this lock = []
05-25 03:09:22.373  1529 11399 D PickerNotificationSender: Sending a notification for media update
05-25 03:09:22.373  1529 11399 D PickerNotificationSender: Sending a notification for merged album media update Videos
05-25 03:09:22.373  1529 11399 D PickerNotificationSender: Sending a notification for album media update Videos
05-25 03:09:22.374  1529 11399 D PickerNotificationSender: Sending a notification for merged album media update Favorites
05-25 03:09:22.374  1529 11399 D PickerNotificationSender: Sending a notification for album media update Favorites
05-25 03:09:22.374  1529 11399 I PickerSyncController: Paged sync successful. QueryArgs: Bundle[{android.provider.extra.PAGE_TOKEN=1779674960000|280, android.provider.extra.SYNC_GENERATION=3033, android.provider.extra.PAGE_SIZE=1000}] Total Rows: 0
05-25 03:09:22.374  1529 11399 I PickerSyncTracker: Marked sync future complete for work id: 5d670f27-80b4-48e7-a715-52a3ecb15f1c. Future map: {}
05-25 03:09:22.374  1529 11399 I PSyncWorker: Completed picker proactive sync complete from local provider.
05-25 03:09:22.375  1529  1727 I WM-WorkerWrapper: Worker result SUCCESS for Work [ id=5d670f27-80b4-48e7-a715-52a3ecb15f1c, tags={ com.android.providers.media.photopicker.sync.ProactiveSyncWorker } ]
05-25 03:09:22.375  1529  1529 D WM-Processor: Processor 5d670f27-80b4-48e7-a715-52a3ecb15f1c executed; reschedule = false
05-25 03:09:22.375  1529  1529 D WM-GreedyScheduler: Stopping tracking for WorkGenerationalId(workSpecId=5d670f27-80b4-48e7-a715-52a3ecb15f1c, generation=0)
05-25 03:09:22.377  1529  1727 D WM-GreedyScheduler: Cancelling work ID 5d670f27-80b4-48e7-a715-52a3ecb15f1c
05-25 03:09:22.378  1529  1727 D WM-GreedyScheduler: Ignoring {WorkSpec: fce74054-5d75-49ac-b1fb-61b1c63b64d1}. Requires device idle.
05-25 03:09:22.378  1529  1727 D WM-GreedyScheduler: Ignoring {WorkSpec: 748d3965-3023-45a6-9a32-baafa7d90ebf}. Requires device idle.
05-25 03:09:22.378  1529  1727 D WM-GreedyScheduler: Ignoring {WorkSpec: bbc248da-5aec-4565-83d8-ed90ba3a683c}. Requires device idle.
05-25 03:09:22.378  1529  1727 D WM-GreedyScheduler: Ignoring {WorkSpec: a7b8fc44-3a39-43d5-96b8-cef5bb529d35}. Requires device idle.
05-25 03:09:22.378  1529  1727 D WM-BrdcstRcvrCnstrntTrc: BatteryNotLowTracker: unregistering receiver
05-25 03:09:23.010 11402 11402 D AndroidRuntime: >>>>>> START com.android.internal.os.RuntimeInit uid 2000 <<<<<<
05-25 03:09:23.013 11402 11402 I AndroidRuntime: Using default boot image
05-25 03:09:23.013 11402 11402 I AndroidRuntime: Leaving lock profiling enabled
05-25 03:09:23.015 11402 11402 I app_process: Using CollectorTypeCMC GC.
05-25 03:09:23.072 11402 11402 D nativeloader: InitDefaultPublicLibraries for_preload=1: libandroid.so:libaaudio.so:libamidi.so:libbinder_ndk.so:libc.so:libcamera2ndk.so:libdl.so:libEGL.so:libGLESv1_CM.so:libGLESv2.so:libGLESv3.so:libicu.so:libicui18n.so:libicuuc.so:libjnigraphics.so:liblog.so:libmediandk.so:libm.so:libnativehelper.so:libnativewindow.so:libOpenMAXAL.so:libOpenSLES.so:libRS.so:libstdc++.so:libsync.so:libvulkan.so:libwebviewchromium_plat_support.so:libz.so
05-25 03:09:23.078 11402 11402 D nativeloader: Load libicu_jni.so using APEX ns com_android_art for caller /apex/com.android.art/javalib/core-oj.jar: ok
05-25 03:09:23.078 11402 11402 D app_process: u_setTimeZoneFilesDirectory("/apex/com.android.tzdata/etc/tz/versioned/9/icu") succeeded. 
05-25 03:09:23.078 11402 11402 D app_process: I18n APEX ICU file found: /apex/com.android.i18n/etc/icu/icudt76l.dat
05-25 03:09:23.079 11402 11402 D nativeloader: Load libjavacore.so using APEX ns com_android_art for caller /apex/com.android.art/javalib/core-oj.jar: ok
05-25 03:09:23.080 11402 11402 D nativeloader: Load libopenjdk.so using APEX ns com_android_art for caller /apex/com.android.art/javalib/core-oj.jar: ok
05-25 03:09:23.080 11402 11402 I app_process: Priority-to-niceness mapping: 19, 16, 13, 10, 0, -2, -4, -5, -6, -8
05-25 03:09:23.081 11402 11402 W app_process: Unexpected CPU variant for x86: x86_64.
05-25 03:09:23.081 11402 11402 W app_process: Known variants: atom, sandybridge, silvermont, goldmont, goldmont-plus, goldmont-without-sha-xsaves, tremont, kabylake, alderlake, default
05-25 03:09:23.082 11402 11402 W app_process: ClassLoaderContext shared library size mismatch. Expected=2, found=0 (PCL[]{PCL[/system/framework/android.test.base.jar*1653369819]#PCL[/system/framework/android.test.mock.jar*1009639922]} | PCL[])
05-25 03:09:23.082 11402 11402 W app_process: ClassLoaderContext classpath size mismatch. expected=0, found=1 (PCL[]{PCL[/system/framework/android.test.runner.jar*3954641918]{PCL[/system/framework/android.test.base.jar*1653369819]#PCL[/system/framework/android.test.mock.jar*1009639922]}#PCL[/system/framework/android.test.base.jar*1653369819]} | PCL[/system/framework/android.test.runner.jar*3954641918])
05-25 03:09:23.100 11402 11402 D nativeloader: Load libframework-connectivity-tiramisu-jni.so using APEX ns com_android_tethering for caller /apex/com.android.tethering/javalib/framework-connectivity-t.jar: ok
05-25 03:09:23.101 11402 11402 D AndroidRuntime: Calling main entry com.android.commands.uiautomator.Launcher
05-25 03:09:23.105 11402 11402 I AconfigPackage: android.media.swcodec.flags is mapped to com.android.media.swcodec
05-25 03:09:23.105 11402 11402 I AconfigPackage: com.android.permission.flags is mapped to com.android.permission
05-25 03:09:23.105 11402 11402 I AconfigPackage: com.android.permissioncontroller.flags is mapped to com.android.permission
05-25 03:09:23.105 11402 11402 I AconfigPackage: com.android.icu is mapped to com.android.i18n
05-25 03:09:23.105 11402 11402 I AconfigPackage: com.android.appsearch.flags is mapped to com.android.appsearch
05-25 03:09:23.106 11402 11402 I AconfigPackage: android.uprobestats.mainline.flags is mapped to com.android.uprobestats
05-25 03:09:23.106 11402 11402 I AconfigPackage: com.android.crashrecovery.flags is mapped to com.android.crashrecovery
05-25 03:09:23.106 11402 11402 I AconfigPackage: android.provider.flags is mapped to com.android.configinfrastructure
05-25 03:09:23.106 11402 11402 I AconfigPackage: com.android.server.deviceconfig is mapped to com.android.configinfrastructure
05-25 03:09:23.106 11402 11402 I AconfigPackage: com.android.compos.flags is mapped to com.android.compos
05-25 03:09:23.106 11402 11402 I AconfigPackage: com.android.art.flags is mapped to com.android.art
05-25 03:09:23.106 11402 11402 I AconfigPackage: com.android.art.rw.flags is mapped to com.android.art
05-25 03:09:23.106 11402 11402 I AconfigPackage: com.android.libcore is mapped to com.android.art
05-25 03:09:23.106 11402 11402 I AconfigPackage: com.android.telephony.flags is mapped to com.android.telephonycore
05-25 03:09:23.107 11402 11402 I AconfigPackage: com.android.media.extractor.flags is mapped to com.android.media
05-25 03:09:23.107 11402 11402 I AconfigPackage: com.android.media.mainline.flags is mapped to com.android.media
05-25 03:09:23.107 11402 11402 I AconfigPackage: com.android.wifi.flags is mapped to com.android.wifi
05-25 03:09:23.107 11402 11402 I AconfigPackage: com.android.org.conscrypt.flags is mapped to com.android.conscrypt
05-25 03:09:23.107 11402 11402 I AconfigPackage: com.android.org.conscrypt.net.flags is mapped to com.android.conscrypt
05-25 03:09:23.107 11402 11402 I AconfigPackage: com.android.healthfitness.flags is mapped to com.android.healthfitness
05-25 03:09:23.107 11402 11402 I AconfigPackage: com.android.ipsec.flags is mapped to com.android.ipsec
05-25 03:09:23.108 11402 11402 I AconfigPackage: com.android.nfc.module.flags is mapped to com.android.nfcservices
05-25 03:09:23.108 11402 11402 I AconfigPackage: com.android.adservices.ondevicepersonalization.flags is mapped to com.android.ondevicepersonalization
05-25 03:09:23.108 11402 11402 I AconfigPackage: com.android.adbd.flags is mapped to com.android.adbd
05-25 03:09:23.108 11402 11402 I AconfigPackage: com.android.bluetooth.flags is mapped to com.android.bt
05-25 03:09:23.108 11402 11402 I AconfigPackage: com.android.devicelock.flags is mapped to com.android.devicelock
05-25 03:09:23.109 11402 11402 I AconfigPackage: android.os.profiling is mapped to com.android.profiling
05-25 03:09:23.109 11402 11402 I AconfigPackage: android.os.profiling.anomaly.flags is mapped to com.android.profiling
05-25 03:09:23.109 11402 11402 I AconfigPackage: com.android.os.statsd.flags is mapped to com.android.os.statsd
05-25 03:09:23.109 11402 11402 I AconfigPackage: com.android.rkpd.flags is mapped to com.android.rkpd
05-25 03:09:23.109 11402 11402 I AconfigPackage: com.android.cellbroadcastreceiver.flags is mapped to com.android.cellbroadcast
05-25 03:09:23.109 11402 11402 I AconfigPackage: com.android.adservices.flags is mapped to com.android.adservices
05-25 03:09:23.110 11402 11402 I AconfigPackage: com.android.sdksandbox.flags is mapped to com.android.adservices
05-25 03:09:23.110 11402 11402 I AconfigPackage: com.android.uwb.flags is mapped to com.android.uwb
05-25 03:09:23.110 11402 11402 I AconfigPackage: com.android.ranging.flags is mapped to com.android.uwb
05-25 03:09:23.110 11402 11402 I AconfigPackage: android.graphics.pdf.flags is mapped to com.android.mediaprovider
05-25 03:09:23.110 11402 11402 I AconfigPackage: com.android.providers.media.flags is mapped to com.android.mediaprovider
05-25 03:09:23.110 11402 11402 I AconfigPackage: android.graphics.pdf.flags.readonly is mapped to com.android.mediaprovider
05-25 03:09:23.110 11402 11402 I AconfigPackage: com.android.tethering.mainline.beta is mapped to com.android.tethering
05-25 03:09:23.110 11402 11402 I AconfigPackage: android.net.http is mapped to com.android.tethering
05-25 03:09:23.110 11402 11402 I AconfigPackage: com.android.tethering.readonly.flags is mapped to com.android.tethering
05-25 03:09:23.110 11402 11402 I AconfigPackage: android.net.vcn is mapped to com.android.tethering
05-25 03:09:23.110 11402 11402 I AconfigPackage: com.android.net.flags is mapped to com.android.tethering
05-25 03:09:23.110 11402 11402 I AconfigPackage: com.android.tethering.beta.test is mapped to com.android.tethering
05-25 03:09:23.110 11402 11402 I AconfigPackage: com.android.nearby.flags is mapped to com.android.tethering
05-25 03:09:23.110 11402 11402 I AconfigPackage: com.android.net.ct.flags is mapped to com.android.tethering
05-25 03:09:23.110 11402 11402 I AconfigPackage: com.android.net.thread.flags is mapped to com.android.tethering
05-25 03:09:23.110 11402 11402 I AconfigPackage: com.android.system.virtualmachine.flags is mapped to com.android.virt
05-25 03:09:23.110 11402 11402 E FeatureFlagsImplExport: android.os.flagging.AconfigStorageReadException: ERROR_PACKAGE_NOT_FOUND: package android.xr cannot be found on the device
05-25 03:09:23.116 11402 11402 D UiAutomationConnection: Created on user UserHandle{0}
05-25 03:09:23.116 11402 11402 I UiAutomation: Initialized for user 0 on display 0
05-25 03:09:23.116 11402 11402 W UiAutomation: Created with deprecatead constructor, assumes DEFAULT_DISPLAY
05-25 03:09:23.117   755  2205 D AccessibilityManagerService: changeCurrentUserForTestAutomationIfNeededLocked(0): ignoring because device doesn't support visible background users
05-25 03:09:23.117   755  2205 I UiAutomationManager: Registering UiTestAutomationService (id=com.android.server.accessibility/UiAutomation, flags=0x0) when called by user 0
05-25 03:09:23.117   755  2205 V AccessibilityManagerService: onUserStateChangedLocked for userId: 0, forceUpdate: false
05-25 03:09:23.118   755  2205 V AccessibilityUserState: updateShortcutTargets: type:accessibility_shortcut_target_service, current:{}, new:{}
05-25 03:09:23.118   755  2205 V AccessibilityUserState: updateShortcutTargets: type:accessibility_button_targets, current:{}, new:{}
05-25 03:09:23.118   755  2205 V AccessibilityUserState: updateShortcutTargets: type:accessibility_gesture_targets, current:{}, new:{}
05-25 03:09:23.118   755  2205 V AccessibilityUserState: updateShortcutTargets: type:accessibility_qs_targets, current:{}, new:{}
05-25 03:09:23.118   755  2205 V AccessibilityUserState: updateShortcutTargets: type:accessibility_key_gesture_targets, current:{}, new:{}
05-25 03:09:23.118   755  2205 W MagnificationConnectionManager: requestConnection duplicated request: connect=false, mConnectionState=DISCONNECTED
05-25 03:09:23.118  1546  2094 I AiAiEcho: Settings changed for uri: content://settings/secure/accessibility_enabled
05-25 03:09:23.118  1546  1927 I AiAiEcho: Predicting[0]:  [CONTEXT sampling_count=5 ]
05-25 03:09:23.118  1546  1927 I AiAiEcho: EchoTargets: 
05-25 03:09:23.118  1546  1927 I AiAiEcho: Filtered by AiAi flag check: 
05-25 03:09:23.118  1546  1927 I AiAiEcho: [CONTEXT ratelimit_period="10 SECONDS" ]
05-25 03:09:23.118  1546  1927 I AiAiEcho: #remoteViewsTwiddler: feature disabled.
05-25 03:09:23.118  1546  1927 I AiAiEcho: Predicting[0]:  [CONTEXT sampling_count=5 ]
05-25 03:09:23.119  1546  1927 I AiAiEcho: EchoTargets: 
05-25 03:09:23.119  1546  1927 I AiAiEcho: Filtered by AiAi flag check: 
05-25 03:09:23.119  1546  1927 I AiAiEcho: [CONTEXT ratelimit_period="10 SECONDS" ]
05-25 03:09:23.119   755   755 W libbinder.IPCThreadState: Sending oneway calls to frozen process.
05-25 03:09:23.119   755   755 W libbinder.IPCThreadState: Sending oneway calls to frozen process.
05-25 03:09:23.119   755   755 W libbinder.IPCThreadState: Sending oneway calls to frozen process.
05-25 03:09:23.119   755   755 W libbinder.IPCThreadState: Sending oneway calls to frozen process.
05-25 03:09:23.119   755   755 W libbinder.IPCThreadState: Sending oneway calls to frozen process.
05-25 03:09:23.119   755   755 W libbinder.IPCThreadState: Sending oneway calls to frozen process.
05-25 03:09:23.119   755   755 W libbinder.IPCThreadState: Sending oneway calls to frozen process.
05-25 03:09:23.119  1546  1927 I AiAiEcho: #remoteViewsTwiddler: feature disabled.
05-25 03:09:23.120   755   755 W libbinder.IPCThreadState: Sending oneway calls to frozen process.
05-25 03:09:23.120  1546  1927 I AiAiEcho: #postPredictionTargets: Sending updates to UISurface lockscreen with targets# 0 (types=[])
05-25 03:09:23.120   755   755 W libbinder.IPCThreadState: Sending oneway calls to frozen process.
05-25 03:09:23.120   755   755 W libbinder.IPCThreadState: Sending oneway calls to frozen process.
05-25 03:09:23.120   755   755 W libbinder.IPCThreadState: Sending oneway calls to frozen process.
05-25 03:09:23.120   755   755 W libbinder.IPCThreadState: Sending oneway calls to frozen process.
05-25 03:09:23.120   755   755 W libbinder.IPCThreadState: Sending oneway calls to frozen process.
05-25 03:09:23.120  1012  1012 W SsPagerDots: Total number of pages invalid: 0. Assuming 1 page.
05-25 03:09:23.120   755  2205 V AccessibilityManagerService: onUserStateChangedLocked for userId: 0, forceUpdate: false
05-25 03:09:23.121  1546  1927 I AiAiEcho: #postPredictionTargets: Sending updates to UISurface home with targets# 0 (types=[])
05-25 03:09:23.121   755  2205 V AccessibilityUserState: updateShortcutTargets: type:accessibility_shortcut_target_service, current:{}, new:{}
05-25 03:09:23.122   755  2205 V AccessibilityUserState: updateShortcutTargets: type:accessibility_button_targets, current:{}, new:{}
05-25 03:09:23.122   755  2205 V AccessibilityUserState: updateShortcutTargets: type:accessibility_gesture_targets, current:{}, new:{}
05-25 03:09:23.122   755  2205 V AccessibilityUserState: updateShortcutTargets: type:accessibility_qs_targets, current:{}, new:{}
05-25 03:09:23.122   755  2205 V AccessibilityUserState: updateShortcutTargets: type:accessibility_key_gesture_targets, current:{}, new:{}
05-25 03:09:23.122   755  2205 W MagnificationConnectionManager: requestConnection duplicated request: connect=false, mConnectionState=DISCONNECTED
05-25 03:09:23.122  1546  2094 I AiAiEcho: Settings changed for uri: content://settings/secure/accessibility_enabled
05-25 03:09:23.122  1546  1927 I AiAiEcho: Predicting[0]:  [CONTEXT sampling_count=5 ]
05-25 03:09:23.122  1546  1927 I AiAiEcho: EchoTargets: 
05-25 03:09:23.122  1546  1927 I AiAiEcho: Filtered by AiAi flag check: 
