05-25 03:09:14.508  1529  1529 D WM-GreedyScheduler: Stopping tracking for WorkGenerationalId(workSpecId=d5ae4ccf-1457-4229-8ba5-4c6b59daf430, generation=0)
05-25 03:09:14.513  1529  1868 D WM-GreedyScheduler: Cancelling work ID d5ae4ccf-1457-4229-8ba5-4c6b59daf430
05-25 03:09:14.513  1529  1868 D WM-GreedyScheduler: Ignoring {WorkSpec: fce74054-5d75-49ac-b1fb-61b1c63b64d1}. Requires device idle.
05-25 03:09:14.513  1529  1868 D WM-GreedyScheduler: Ignoring {WorkSpec: 748d3965-3023-45a6-9a32-baafa7d90ebf}. Requires device idle.
05-25 03:09:14.513  1529  1868 D WM-GreedyScheduler: Ignoring {WorkSpec: bbc248da-5aec-4565-83d8-ed90ba3a683c}. Requires device idle.
05-25 03:09:14.513  1529  1868 D WM-GreedyScheduler: Ignoring {WorkSpec: a7b8fc44-3a39-43d5-96b8-cef5bb529d35}. Requires device idle.
05-25 03:09:14.514  1529  1868 D WM-BrdcstRcvrCnstrntTrc: BatteryNotLowTracker: unregistering receiver
05-25 03:09:14.542   755   785 W libbinder.IPCThreadState: Sending oneway calls to frozen process.
05-25 03:09:14.547   755   785 W libbinder.IPCThreadState: Sending oneway calls to frozen process.
05-25 03:09:15.105   755  1188 W AS.PlaybackActivityMon: No piid assigned for invalid/internal port id 15
05-25 03:09:15.106   615   709 D AudioFlinger: mixer(0x762b98748790) throttle end: throttle time(37)
05-25 03:09:15.588   755   785 W libbinder.IPCThreadState: Sending oneway calls to frozen process.
05-25 03:09:15.597   755   906 I HalDevMgr: bestIfaceCreationProposal is null, requestIface=STA, existingIface=[name=wlan0 type=STA]
05-25 03:09:16.195 11338 11338 W libbinder.BackendUnifiedServiceManager: Thread Pool max thread count is 0. Cannot cache binder as linkToDeath cannot be implemented. serviceName: SurfaceFlingerAIDL
05-25 03:09:16.196 11338 11338 W libbinder.BpBinder: Linking to death on android.gui.ISurfaceComposer but there are no threads (yet?) listening to incoming transactions. See ProcessState::startThreadPool and ProcessState::setThreadPoolMaxThreadCount. Generally you should setup the binder threadpool before other initialization steps.
05-25 03:09:16.196 11338 11338 W libbinder.ProcessState: Extra binder thread started, but 0 threads requested. Do not use *startThreadPool when zero threads are requested.
05-25 03:09:16.279  1529  5580 W MediaProvider: isAppCloneUserPair for user 0: false
05-25 03:09:16.371   755  1928 I ActivityManager: Broadcasting: Intent { act=android.intent.action.MEDIA_SCANNER_SCAN_FILE dat=file:///... flg=0x400000 }
05-25 03:09:16.372   755  1928 I ActivityManager: Enqueued broadcast Intent { act=android.intent.action.MEDIA_SCANNER_SCAN_FILE dat=file:///... flg=0x400000 }: 0
05-25 03:09:16.373  1529  1529 I MediaServiceV2: Creating work for intent Intent { act=android.intent.action.MEDIA_SCANNER_SCAN_FILE dat=file:///... flg=0x1400010 cmp=com.google.android.providers.media.module/com.android.providers.media.MediaServiceV2 }
05-25 03:09:16.374  1529  1529 I MediaServiceV2: Work enqueued for intent: Intent { act=android.intent.action.MEDIA_SCANNER_SCAN_FILE dat=file:///... flg=0x1400010 cmp=com.google.android.providers.media.module/com.android.providers.media.MediaServiceV2 }
05-25 03:09:16.375   755   775 I ActivityManager: Broadcast completed: result=0
05-25 03:09:16.384  1529  1874 W JobInfo : Requested important-while-foreground flag for job755 is ignored and takes no effect
05-25 03:09:16.384  1529  1874 D WM-SystemJobScheduler: Scheduling work ID f951c52f-ce06-4d8e-8e31-3aa74c5067adJob ID 755
05-25 03:09:16.388  1529  1874 D WM-GreedyScheduler: Ignoring {WorkSpec: fce74054-5d75-49ac-b1fb-61b1c63b64d1}. Requires device idle.
05-25 03:09:16.388  1529  1874 D WM-GreedyScheduler: Ignoring {WorkSpec: 748d3965-3023-45a6-9a32-baafa7d90ebf}. Requires device idle.
05-25 03:09:16.388  1529  1874 D WM-GreedyScheduler: Ignoring {WorkSpec: bbc248da-5aec-4565-83d8-ed90ba3a683c}. Requires device idle.
05-25 03:09:16.388  1529  1874 D WM-GreedyScheduler: Ignoring {WorkSpec: a7b8fc44-3a39-43d5-96b8-cef5bb529d35}. Requires device idle.
05-25 03:09:16.388  1529  1874 D WM-GreedyScheduler: Starting work for f951c52f-ce06-4d8e-8e31-3aa74c5067ad
05-25 03:09:16.389  1529  1874 D WM-Processor: Processor: processing WorkGenerationalId(workSpecId=f951c52f-ce06-4d8e-8e31-3aa74c5067ad, generation=0)
05-25 03:09:16.389  1529  1529 D WM-SystemJobService: onStartJob for WorkGenerationalId(workSpecId=f951c52f-ce06-4d8e-8e31-3aa74c5067ad, generation=0)
05-25 03:09:16.390  1529  1529 D WM-WorkerWrapper: Starting work for com.android.providers.media.MediaServiceV2
05-25 03:09:16.390  1529  1874 D WM-Processor: Work WorkGenerationalId(workSpecId=f951c52f-ce06-4d8e-8e31-3aa74c5067ad, generation=0) is already enqueued for processing
05-25 03:09:16.391  1529 11345 I MediaServiceV2: Work initiated for action [ android.intent.action.MEDIA_SCANNER_SCAN_FILE ]
05-25 03:09:16.402  1529 11345 I MediaServiceV2: Work ended for action [ android.intent.action.MEDIA_SCANNER_SCAN_FILE ]
05-25 03:09:16.403  1529  1874 I WM-WorkerWrapper: Worker result SUCCESS for Work [ id=f951c52f-ce06-4d8e-8e31-3aa74c5067ad, tags={ com.android.providers.media.MediaServiceV2 } ]
05-25 03:09:16.404  1529  1529 D WM-Processor: Processor f951c52f-ce06-4d8e-8e31-3aa74c5067ad executed; reschedule = false
05-25 03:09:16.404  1529  1529 D WM-SystemJobService: f951c52f-ce06-4d8e-8e31-3aa74c5067ad executed on JobScheduler
05-25 03:09:16.405  1529  1874 D WM-SystemJobScheduler: Scheduling work ID c1afb3d3-8405-4624-94c8-0268c0758d67Job ID 756
05-25 03:09:16.406  1529  1874 D WM-GreedyScheduler: Ignoring {WorkSpec: fce74054-5d75-49ac-b1fb-61b1c63b64d1}. Requires device idle.
05-25 03:09:16.406  1529  1874 D WM-GreedyScheduler: Ignoring {WorkSpec: 748d3965-3023-45a6-9a32-baafa7d90ebf}. Requires device idle.
05-25 03:09:16.406  1529  1874 D WM-GreedyScheduler: Ignoring {WorkSpec: bbc248da-5aec-4565-83d8-ed90ba3a683c}. Requires device idle.
05-25 03:09:16.406  1529  1874 D WM-GreedyScheduler: Ignoring {WorkSpec: a7b8fc44-3a39-43d5-96b8-cef5bb529d35}. Requires device idle.
05-25 03:09:16.407  1529  1874 D WM-GreedyScheduler: Cancelling work ID f951c52f-ce06-4d8e-8e31-3aa74c5067ad
05-25 03:09:16.407  1529  1874 D WM-GreedyScheduler: Ignoring {WorkSpec: fce74054-5d75-49ac-b1fb-61b1c63b64d1}. Requires device idle.
05-25 03:09:16.407  1529  1874 D WM-GreedyScheduler: Ignoring {WorkSpec: 748d3965-3023-45a6-9a32-baafa7d90ebf}. Requires device idle.
05-25 03:09:16.407  1529  1874 D WM-GreedyScheduler: Ignoring {WorkSpec: bbc248da-5aec-4565-83d8-ed90ba3a683c}. Requires device idle.
05-25 03:09:16.407  1529  1874 D WM-GreedyScheduler: Ignoring {WorkSpec: a7b8fc44-3a39-43d5-96b8-cef5bb529d35}. Requires device idle.
05-25 03:09:16.524 11349 11349 D AndroidRuntime: >>>>>> START com.android.internal.os.RuntimeInit uid 2000 <<<<<<
05-25 03:09:16.527 11349 11349 I AndroidRuntime: Using default boot image
05-25 03:09:16.527 11349 11349 I AndroidRuntime: Leaving lock profiling enabled
05-25 03:09:16.529 11349 11349 I app_process: Using CollectorTypeCMC GC.
05-25 03:09:16.589 11349 11349 D nativeloader: InitDefaultPublicLibraries for_preload=1: libandroid.so:libaaudio.so:libamidi.so:libbinder_ndk.so:libc.so:libcamera2ndk.so:libdl.so:libEGL.so:libGLESv1_CM.so:libGLESv2.so:libGLESv3.so:libicu.so:libicui18n.so:libicuuc.so:libjnigraphics.so:liblog.so:libmediandk.so:libm.so:libnativehelper.so:libnativewindow.so:libOpenMAXAL.so:libOpenSLES.so:libRS.so:libstdc++.so:libsync.so:libvulkan.so:libwebviewchromium_plat_support.so:libz.so
05-25 03:09:16.597 11349 11349 D nativeloader: Load libicu_jni.so using APEX ns com_android_art for caller /apex/com.android.art/javalib/core-oj.jar: ok
05-25 03:09:16.597 11349 11349 D app_process: u_setTimeZoneFilesDirectory("/apex/com.android.tzdata/etc/tz/versioned/9/icu") succeeded. 
05-25 03:09:16.598 11349 11349 D app_process: I18n APEX ICU file found: /apex/com.android.i18n/etc/icu/icudt76l.dat
05-25 03:09:16.598 11349 11349 D nativeloader: Load libjavacore.so using APEX ns com_android_art for caller /apex/com.android.art/javalib/core-oj.jar: ok
05-25 03:09:16.599 11349 11349 D nativeloader: Load libopenjdk.so using APEX ns com_android_art for caller /apex/com.android.art/javalib/core-oj.jar: ok
05-25 03:09:16.600 11349 11349 I app_process: Priority-to-niceness mapping: 19, 16, 13, 10, 0, -2, -4, -5, -6, -8
05-25 03:09:16.600 11349 11349 W app_process: Unexpected CPU variant for x86: x86_64.
05-25 03:09:16.600 11349 11349 W app_process: Known variants: atom, sandybridge, silvermont, goldmont, goldmont-plus, goldmont-without-sha-xsaves, tremont, kabylake, alderlake, default
05-25 03:09:16.601 11349 11349 W app_process: ClassLoaderContext shared library size mismatch. Expected=2, found=0 (PCL[]{PCL[/system/framework/android.test.base.jar*1653369819]#PCL[/system/framework/android.test.mock.jar*1009639922]} | PCL[])
05-25 03:09:16.602 11349 11349 W app_process: ClassLoaderContext classpath size mismatch. expected=0, found=1 (PCL[]{PCL[/system/framework/android.test.runner.jar*3954641918]{PCL[/system/framework/android.test.base.jar*1653369819]#PCL[/system/framework/android.test.mock.jar*1009639922]}#PCL[/system/framework/android.test.base.jar*1653369819]} | PCL[/system/framework/android.test.runner.jar*3954641918])
05-25 03:09:16.617 11349 11349 D nativeloader: Load libframework-connectivity-tiramisu-jni.so using APEX ns com_android_tethering for caller /apex/com.android.tethering/javalib/framework-connectivity-t.jar: ok
05-25 03:09:16.618 11349 11349 D AndroidRuntime: Calling main entry com.android.commands.uiautomator.Launcher
05-25 03:09:16.621 11349 11349 I AconfigPackage: android.media.swcodec.flags is mapped to com.android.media.swcodec
05-25 03:09:16.621 11349 11349 I AconfigPackage: com.android.permission.flags is mapped to com.android.permission
05-25 03:09:16.621 11349 11349 I AconfigPackage: com.android.permissioncontroller.flags is mapped to com.android.permission
05-25 03:09:16.621 11349 11349 I AconfigPackage: com.android.icu is mapped to com.android.i18n
05-25 03:09:16.621 11349 11349 I AconfigPackage: com.android.appsearch.flags is mapped to com.android.appsearch
05-25 03:09:16.621 11349 11349 I AconfigPackage: android.uprobestats.mainline.flags is mapped to com.android.uprobestats
05-25 03:09:16.622 11349 11349 I AconfigPackage: com.android.crashrecovery.flags is mapped to com.android.crashrecovery
05-25 03:09:16.622 11349 11349 I AconfigPackage: android.provider.flags is mapped to com.android.configinfrastructure
05-25 03:09:16.622 11349 11349 I AconfigPackage: com.android.server.deviceconfig is mapped to com.android.configinfrastructure
05-25 03:09:16.622 11349 11349 I AconfigPackage: com.android.compos.flags is mapped to com.android.compos
05-25 03:09:16.622 11349 11349 I AconfigPackage: com.android.art.flags is mapped to com.android.art
05-25 03:09:16.622 11349 11349 I AconfigPackage: com.android.art.rw.flags is mapped to com.android.art
05-25 03:09:16.622 11349 11349 I AconfigPackage: com.android.libcore is mapped to com.android.art
05-25 03:09:16.622 11349 11349 I AconfigPackage: com.android.telephony.flags is mapped to com.android.telephonycore
05-25 03:09:16.622 11349 11349 I AconfigPackage: com.android.media.extractor.flags is mapped to com.android.media
05-25 03:09:16.623 11349 11349 I AconfigPackage: com.android.media.mainline.flags is mapped to com.android.media
05-25 03:09:16.623 11349 11349 I AconfigPackage: com.android.wifi.flags is mapped to com.android.wifi
05-25 03:09:16.623 11349 11349 I AconfigPackage: com.android.org.conscrypt.flags is mapped to com.android.conscrypt
05-25 03:09:16.623 11349 11349 I AconfigPackage: com.android.org.conscrypt.net.flags is mapped to com.android.conscrypt
05-25 03:09:16.623 11349 11349 I AconfigPackage: com.android.healthfitness.flags is mapped to com.android.healthfitness
05-25 03:09:16.623 11349 11349 I AconfigPackage: com.android.ipsec.flags is mapped to com.android.ipsec
05-25 03:09:16.624 11349 11349 I AconfigPackage: com.android.nfc.module.flags is mapped to com.android.nfcservices
05-25 03:09:16.624 11349 11349 I AconfigPackage: com.android.adservices.ondevicepersonalization.flags is mapped to com.android.ondevicepersonalization
05-25 03:09:16.625 11349 11349 I AconfigPackage: com.android.adbd.flags is mapped to com.android.adbd
05-25 03:09:16.625 11349 11349 I AconfigPackage: com.android.bluetooth.flags is mapped to com.android.bt
05-25 03:09:16.625 11349 11349 I AconfigPackage: com.android.devicelock.flags is mapped to com.android.devicelock
05-25 03:09:16.625 11349 11349 I AconfigPackage: android.os.profiling is mapped to com.android.profiling
05-25 03:09:16.625 11349 11349 I AconfigPackage: android.os.profiling.anomaly.flags is mapped to com.android.profiling
05-25 03:09:16.626 11349 11349 I AconfigPackage: com.android.os.statsd.flags is mapped to com.android.os.statsd
05-25 03:09:16.626 11349 11349 I AconfigPackage: com.android.rkpd.flags is mapped to com.android.rkpd
05-25 03:09:16.626 11349 11349 I AconfigPackage: com.android.cellbroadcastreceiver.flags is mapped to com.android.cellbroadcast
05-25 03:09:16.626 11349 11349 I AconfigPackage: com.android.adservices.flags is mapped to com.android.adservices
05-25 03:09:16.626 11349 11349 I AconfigPackage: com.android.sdksandbox.flags is mapped to com.android.adservices
05-25 03:09:16.626 11349 11349 I AconfigPackage: com.android.uwb.flags is mapped to com.android.uwb
05-25 03:09:16.626 11349 11349 I AconfigPackage: com.android.ranging.flags is mapped to com.android.uwb
05-25 03:09:16.627 11349 11349 I AconfigPackage: android.graphics.pdf.flags is mapped to com.android.mediaprovider
05-25 03:09:16.627 11349 11349 I AconfigPackage: com.android.providers.media.flags is mapped to com.android.mediaprovider
05-25 03:09:16.627 11349 11349 I AconfigPackage: android.graphics.pdf.flags.readonly is mapped to com.android.mediaprovider
05-25 03:09:16.627 11349 11349 I AconfigPackage: com.android.tethering.mainline.beta is mapped to com.android.tethering
05-25 03:09:16.627 11349 11349 I AconfigPackage: android.net.http is mapped to com.android.tethering
05-25 03:09:16.627 11349 11349 I AconfigPackage: com.android.tethering.readonly.flags is mapped to com.android.tethering
05-25 03:09:16.627 11349 11349 I AconfigPackage: android.net.vcn is mapped to com.android.tethering
05-25 03:09:16.627 11349 11349 I AconfigPackage: com.android.net.flags is mapped to com.android.tethering
05-25 03:09:16.627 11349 11349 I AconfigPackage: com.android.tethering.beta.test is mapped to com.android.tethering
05-25 03:09:16.627 11349 11349 I AconfigPackage: com.android.nearby.flags is mapped to com.android.tethering
05-25 03:09:16.627 11349 11349 I AconfigPackage: com.android.net.ct.flags is mapped to com.android.tethering
05-25 03:09:16.627 11349 11349 I AconfigPackage: com.android.net.thread.flags is mapped to com.android.tethering
05-25 03:09:16.627 11349 11349 I AconfigPackage: com.android.system.virtualmachine.flags is mapped to com.android.virt
05-25 03:09:16.627 11349 11349 E FeatureFlagsImplExport: android.os.flagging.AconfigStorageReadException: ERROR_PACKAGE_NOT_FOUND: package android.xr cannot be found on the device
05-25 03:09:16.632 11349 11349 D UiAutomationConnection: Created on user UserHandle{0}
05-25 03:09:16.632 11349 11349 I UiAutomation: Initialized for user 0 on display 0
05-25 03:09:16.632 11349 11349 W UiAutomation: Created with deprecatead constructor, assumes DEFAULT_DISPLAY
05-25 03:09:16.633   755  1928 D AccessibilityManagerService: changeCurrentUserForTestAutomationIfNeededLocked(0): ignoring because device doesn't support visible background users
05-25 03:09:16.633   755  1928 I UiAutomationManager: Registering UiTestAutomationService (id=com.android.server.accessibility/UiAutomation, flags=0x0) when called by user 0
05-25 03:09:16.633   755  1928 V AccessibilityManagerService: onUserStateChangedLocked for userId: 0, forceUpdate: false
05-25 03:09:16.634   755  1928 V AccessibilityUserState: updateShortcutTargets: type:accessibility_shortcut_target_service, current:{}, new:{}
05-25 03:09:16.634   755  1928 V AccessibilityUserState: updateShortcutTargets: type:accessibility_button_targets, current:{}, new:{}
05-25 03:09:16.634   755  1928 V AccessibilityUserState: updateShortcutTargets: type:accessibility_gesture_targets, current:{}, new:{}
05-25 03:09:16.634   755  1928 V AccessibilityUserState: updateShortcutTargets: type:accessibility_qs_targets, current:{}, new:{}
05-25 03:09:16.634   755  1928 V AccessibilityUserState: updateShortcutTargets: type:accessibility_key_gesture_targets, current:{}, new:{}
05-25 03:09:16.634   755  1928 W MagnificationConnectionManager: requestConnection duplicated request: connect=false, mConnectionState=DISCONNECTED
05-25 03:09:16.635  1546  3179 I AiAiEcho: Settings changed for uri: content://settings/secure/accessibility_enabled
05-25 03:09:16.635  1546  1927 I AiAiEcho: Predicting[0]:  [CONTEXT sampling_count=5 ]
05-25 03:09:16.635  1546  1927 I AiAiEcho: EchoTargets: 
05-25 03:09:16.635  1546  1927 I AiAiEcho: Filtered by AiAi flag check: 
05-25 03:09:16.635  1546  1927 I AiAiEcho: [CONTEXT ratelimit_period="10 SECONDS" ]
05-25 03:09:16.635   755   755 W libbinder.IPCThreadState: Sending oneway calls to frozen process.
05-25 03:09:16.636   755   755 W libbinder.IPCThreadState: Sending oneway calls to frozen process.
05-25 03:09:16.636   755   755 W libbinder.IPCThreadState: Sending oneway calls to frozen process.
05-25 03:09:16.636   755   755 W libbinder.IPCThreadState: Sending oneway calls to frozen process.
05-25 03:09:16.636   755   755 W libbinder.IPCThreadState: Sending oneway calls to frozen process.
05-25 03:09:16.636  1546  1927 I AiAiEcho: #remoteViewsTwiddler: feature disabled.
05-25 03:09:16.636   755   755 W libbinder.IPCThreadState: Sending oneway calls to frozen process.
05-25 03:09:16.636   755   755 W libbinder.IPCThreadState: Sending oneway calls to frozen process.
05-25 03:09:16.636  1546  1927 I AiAiEcho: Predicting[0]:  [CONTEXT sampling_count=5 ]
05-25 03:09:16.636   755   755 W libbinder.IPCThreadState: Sending oneway calls to frozen process.
05-25 03:09:16.636   755   755 W libbinder.IPCThreadState: Sending oneway calls to frozen process.
05-25 03:09:16.636   755   755 W libbinder.IPCThreadState: Sending oneway calls to frozen process.
05-25 03:09:16.636   755   755 W libbinder.IPCThreadState: Sending oneway calls to frozen process.
05-25 03:09:16.636   755   755 W libbinder.IPCThreadState: Sending oneway calls to frozen process.
05-25 03:09:16.636   755   755 W libbinder.IPCThreadState: Sending oneway calls to frozen process.
05-25 03:09:16.637   755   755 W libbinder.IPCThreadState: Sending oneway calls to frozen process.
05-25 03:09:16.637   755   755 W libbinder.IPCThreadState: Sending oneway calls to frozen process.
05-25 03:09:16.637   755   755 W libbinder.IPCThreadState: Sending oneway calls to frozen process.
05-25 03:09:16.637  1546  1927 I AiAiEcho: EchoTargets: 
05-25 03:09:16.637  1546  1927 I AiAiEcho: Filtered by AiAi flag check: 
05-25 03:09:16.637  1546  1927 I AiAiEcho: [CONTEXT ratelimit_period="10 SECONDS" ]
05-25 03:09:16.637   755   755 W libbinder.IPCThreadState: Sending oneway calls to frozen process.
05-25 03:09:16.637   755   755 W libbinder.IPCThreadState: Sending oneway calls to frozen process.
05-25 03:09:16.637   755   755 W libbinder.IPCThreadState: Sending oneway calls to frozen process.
05-25 03:09:16.637   755   755 W libbinder.IPCThreadState: Sending oneway calls to frozen process.
05-25 03:09:16.637   755   755 W libbinder.IPCThreadState: Sending oneway calls to frozen process.
05-25 03:09:16.637  1546  1927 I AiAiEcho: #remoteViewsTwiddler: feature disabled.
05-25 03:09:16.637   755   755 W libbinder.IPCThreadState: Sending oneway calls to frozen process.
05-25 03:09:16.637  1546  1927 I AiAiEcho: #postPredictionTargets: Sending updates to UISurface lockscreen with targets# 0 (types=[])
05-25 03:09:16.637   755   755 W libbinder.IPCThreadState: Sending oneway calls to frozen process.
05-25 03:09:16.637   755   755 W libbinder.IPCThreadState: Sending oneway calls to frozen process.
05-25 03:09:16.637   755   755 D BatterySaverPolicy: accessibility changed to true, updating policy.
05-25 03:09:16.638  1546  1927 I AiAiEcho: #postPredictionTargets: Sending updates to UISurface home with targets# 0 (types=[])
05-25 03:09:16.638   755  1188 V AccessibilityManagerService: onUserStateChangedLocked for userId: 0, forceUpdate: false
05-25 03:09:16.639   755  1188 V AccessibilityUserState: updateShortcutTargets: type:accessibility_shortcut_target_service, current:{}, new:{}
05-25 03:09:16.639   755  1188 V AccessibilityUserState: updateShortcutTargets: type:accessibility_button_targets, current:{}, new:{}
05-25 03:09:16.639   755  1188 V AccessibilityUserState: updateShortcutTargets: type:accessibility_gesture_targets, current:{}, new:{}
05-25 03:09:16.639   755  1188 V AccessibilityUserState: updateShortcutTargets: type:accessibility_qs_targets, current:{}, new:{}
05-25 03:09:16.639   755  1188 V AccessibilityUserState: updateShortcutTargets: type:accessibility_key_gesture_targets, current:{}, new:{}
05-25 03:09:16.639   755  1188 W MagnificationConnectionManager: requestConnection duplicated request: connect=false, mConnectionState=DISCONNECTED
05-25 03:09:16.640  1546  3179 I AiAiEcho: Settings changed for uri: content://settings/secure/accessibility_enabled
05-25 03:09:16.640   755   755 W libbinder.IPCThreadState: Sending oneway calls to frozen process.
05-25 03:09:16.640   755   755 W libbinder.IPCThreadState: Sending oneway calls to frozen process.
05-25 03:09:16.640   755   755 W libbinder.IPCThreadState: Sending oneway calls to frozen process.
05-25 03:09:16.640   755   755 W libbinder.IPCThreadState: Sending oneway calls to frozen process.
05-25 03:09:16.640   755   755 W libbinder.IPCThreadState: Sending oneway calls to frozen process.
05-25 03:09:16.641  1546  1927 I AiAiEcho: Predicting[0]:  [CONTEXT sampling_count=5 ]
05-25 03:09:16.641  1546  1927 I AiAiEcho: EchoTargets: 
05-25 03:09:16.641  1546  1927 I AiAiEcho: Filtered by AiAi flag check: 
05-25 03:09:16.641  1546  1927 I AiAiEcho: [CONTEXT ratelimit_period="10 SECONDS" ]
05-25 03:09:16.641  1546  1927 I AiAiEcho: #remoteViewsTwiddler: feature disabled.
05-25 03:09:16.641  1546  1927 I AiAiEcho: Predicting[0]:  [CONTEXT sampling_count=5 ]
05-25 03:09:16.641  1546  1927 I AiAiEcho: EchoTargets: 
05-25 03:09:16.641  1546  1927 I AiAiEcho: Filtered by AiAi flag check: 
05-25 03:09:16.641  1546  1927 I AiAiEcho: [CONTEXT ratelimit_period="10 SECONDS" ]
05-25 03:09:16.641  1546  1927 I AiAiEcho: #remoteViewsTwiddler: feature disabled.
05-25 03:09:16.641  1546  1927 I AiAiEcho: #postPredictionTargets: Sending updates to UISurface lockscreen with targets# 0 (types=[])
05-25 03:09:16.641   755   755 W libbinder.IPCThreadState: Sending oneway calls to frozen process.
05-25 03:09:16.641  1546  1927 I AiAiEcho: #postPredictionTargets: Sending updates to UISurface home with targets# 0 (types=[])
05-25 03:09:16.642   755   755 W libbinder.IPCThreadState: Sending oneway calls to frozen process.
05-25 03:09:16.643   755   755 W libbinder.IPCThreadState: Sending oneway calls to frozen process.
05-25 03:09:16.643   755   755 W libbinder.IPCThreadState: Sending oneway calls to frozen process.
05-25 03:09:16.643   755   755 W libbinder.IPCThreadState: Sending oneway calls to frozen process.
05-25 03:09:16.643   755   755 W libbinder.IPCThreadState: Sending oneway calls to frozen process.
05-25 03:09:16.643   755   755 W libbinder.IPCThreadState: Sending oneway calls to frozen process.
05-25 03:09:16.643   755   755 W libbinder.IPCThreadState: Sending oneway calls to frozen process.
05-25 03:09:16.643   755   755 W libbinder.IPCThreadState: Sending oneway calls to frozen process.
05-25 03:09:16.644   755   755 W libbinder.IPCThreadState: Sending oneway calls to frozen process.
05-25 03:09:16.644   755   755 W libbinder.IPCThreadState: Sending oneway calls to frozen process.
05-25 03:09:16.648  1012  1012 W SsPagerDots: Total number of pages invalid: 0. Assuming 1 page.
05-25 03:09:16.648  1012  1012 W SsPagerDots: Total number of pages invalid: 0. Assuming 1 page.
05-25 03:09:16.649   755  1928 D AccessibilityManagerService: .getAccessibilityShortcutTargets {shortcutType=32, userId=0}
05-25 03:09:17.670 11349 11349 W AccessibilityNodeInfoDumper: Fetch time: 2ms
05-25 03:09:17.672   755  1052 V AccessibilityManagerService: onUserStateChangedLocked for userId: 0, forceUpdate: false
05-25 03:09:17.673  1546  3179 I AiAiEcho: Settings changed for uri: content://settings/secure/accessibility_enabled
05-25 03:09:17.673   755  1052 V AccessibilityUserState: updateShortcutTargets: type:accessibility_shortcut_target_service, current:{}, new:{}
05-25 03:09:17.673   755  1052 V AccessibilityUserState: updateShortcutTargets: type:accessibility_button_targets, current:{}, new:{}
05-25 03:09:17.673   755  1052 V AccessibilityUserState: updateShortcutTargets: type:accessibility_gesture_targets, current:{}, new:{}
05-25 03:09:17.673   755  1052 V AccessibilityUserState: updateShortcutTargets: type:accessibility_qs_targets, current:{}, new:{}
05-25 03:09:17.673   755  1052 V AccessibilityUserState: updateShortcutTargets: type:accessibility_key_gesture_targets, current:{}, new:{}
05-25 03:09:17.673   755  1052 W MagnificationConnectionManager: requestConnection duplicated request: connect=false, mConnectionState=DISCONNECTED
05-25 03:09:17.673   755  1052 D AccessibilityManagerService: restoreCurrentUserForTestAutomationIfNeededLocked(): ignoring because device doesn't support visible background users
05-25 03:09:17.674  1546  1927 I AiAiEcho: Predicting[0]:  [CONTEXT sampling_count=5 ]
05-25 03:09:17.674  1546  1927 I AiAiEcho: EchoTargets: 
05-25 03:09:17.674  1546  1927 I AiAiEcho: Filtered by AiAi flag check: 
05-25 03:09:17.674  1546  1927 I AiAiEcho: [CONTEXT ratelimit_period="10 SECONDS" ]
05-25 03:09:17.674  1546  1927 I AiAiEcho: #remoteViewsTwiddler: feature disabled.
05-25 03:09:17.674   755   755 W libbinder.IPCThreadState: Sending oneway calls to frozen process.
05-25 03:09:17.674   755   755 W libbinder.IPCThreadState: Sending oneway calls to frozen process.
05-25 03:09:17.674   755   755 W libbinder.IPCThreadState: Sending oneway calls to frozen process.
05-25 03:09:17.674   755   755 W libbinder.IPCThreadState: Sending oneway calls to frozen process.
05-25 03:09:17.674   755   755 W libbinder.IPCThreadState: Sending oneway calls to frozen process.
05-25 03:09:17.674  1546  1927 I AiAiEcho: Predicting[0]:  [CONTEXT sampling_count=5 ]
05-25 03:09:17.674   755   755 W libbinder.IPCThreadState: Sending oneway calls to frozen process.
05-25 03:09:17.674  1546  1927 I AiAiEcho: EchoTargets: 
05-25 03:09:17.674  1546  1927 I AiAiEcho: Filtered by AiAi flag check: 
05-25 03:09:17.674  1546  1927 I AiAiEcho: [CONTEXT ratelimit_period="10 SECONDS" ]
05-25 03:09:17.674  1546  1927 I AiAiEcho: #remoteViewsTwiddler: feature disabled.
05-25 03:09:17.675 11349 11349 D AndroidRuntime: Shutting down VM
05-25 03:09:17.675  1546  1927 I AiAiEcho: #postPredictionTargets: Sending updates to UISurface lockscreen with targets# 0 (types=[])
05-25 03:09:17.675   755   755 W libbinder.IPCThreadState: Sending oneway calls to frozen process.
05-25 03:09:17.675   755   755 W libbinder.IPCThreadState: Sending oneway calls to frozen process.
05-25 03:09:17.675   755   755 W libbinder.IPCThreadState: Sending oneway calls to frozen process.
05-25 03:09:17.675   755   755 W libbinder.IPCThreadState: Sending oneway calls to frozen process.
05-25 03:09:17.675   755   755 W libbinder.IPCThreadState: Sending oneway calls to frozen process.
05-25 03:09:17.675   755   755 W libbinder.IPCThreadState: Sending oneway calls to frozen process.
05-25 03:09:17.675   755   755 W libbinder.IPCThreadState: Sending oneway calls to frozen process.
05-25 03:09:17.675 11349 11358 W libbinder.IPCThreadState: call to talkWithDriver in joinThreadPool returned error: -9 (Bad file descriptor), FD: -1
05-25 03:09:17.675 11349 11357 W libbinder.IPCThreadState: call to talkWithDriver in joinThreadPool returned error: -9 (Bad file descriptor), FD: -1
05-25 03:09:17.676 11349 11361 W libbinder.IPCThreadState: call to talkWithDriver in joinThreadPool returned error: -9 (Bad file descriptor), FD: -1
05-25 03:09:17.677   755   755 W libbinder.IPCThreadState: Sending oneway calls to frozen process.
05-25 03:09:17.677   755   755 W libbinder.IPCThreadState: Sending oneway calls to frozen process.
05-25 03:09:17.677  1546  1927 I AiAiEcho: #postPredictionTargets: Sending updates to UISurface home with targets# 0 (types=[])
05-25 03:09:17.678   755   755 W libbinder.IPCThreadState: Sending oneway calls to frozen process.
05-25 03:09:17.678   755   755 W libbinder.IPCThreadState: Sending oneway calls to frozen process.
05-25 03:09:17.678   755   755 W libbinder.IPCThreadState: Sending oneway calls to frozen process.
05-25 03:09:17.678   755   755 W libbinder.IPCThreadState: Sending oneway calls to frozen process.
05-25 03:09:17.678   755   755 W libbinder.IPCThreadState: Sending oneway calls to frozen process.
05-25 03:09:17.678   755   755 W libbinder.IPCThreadState: Sending oneway calls to frozen process.
05-25 03:09:17.678   755   755 W libbinder.IPCThreadState: Sending oneway calls to frozen process.
05-25 03:09:17.678   755   755 W libbinder.IPCThreadState: Sending oneway calls to frozen process.
05-25 03:09:17.679   755   755 W libbinder.IPCThreadState: Sending oneway calls to frozen process.
05-25 03:09:17.679   755   755 D BatterySaverPolicy: accessibility changed to false, updating policy.
05-25 03:09:17.685  1012  1012 W SsPagerDots: Total number of pages invalid: 0. Assuming 1 page.
05-25 03:09:17.905  1529  1529 D WM-DelayedWorkTracker: Scheduling work c1afb3d3-8405-4624-94c8-0268c0758d67
05-25 03:09:17.905  1529  1529 D WM-GreedyScheduler: Starting tracking for c1afb3d3-8405-4624-94c8-0268c0758d67
05-25 03:09:17.906  1529  1874 D WM-ConstraintTracker: BatteryNotLowTracker: initial state = true
05-25 03:09:17.906  1529  1874 D WM-BrdcstRcvrCnstrntTrc: BatteryNotLowTracker: registering receiver
05-25 03:09:17.907  1529  1529 D WM-SystemJobService: onStartJob for WorkGenerationalId(workSpecId=c1afb3d3-8405-4624-94c8-0268c0758d67, generation=0)
05-25 03:09:17.908  1529  1874 D WM-Processor: Processor: processing WorkGenerationalId(workSpecId=c1afb3d3-8405-4624-94c8-0268c0758d67, generation=0)
05-25 03:09:17.909  1529  1529 D WM-WorkerWrapper: Starting work for com.android.providers.media.photopicker.sync.ProactiveSyncWorker
05-25 03:09:17.909  1529  1874 D WM-GreedyScheduler: Constraints met: Scheduling work ID WorkGenerationalId(workSpecId=c1afb3d3-8405-4624-94c8-0268c0758d67, generation=0)
05-25 03:09:17.909  1529 11363 I PSyncWorker: Starting proactive picker sync from sync source: 1
05-25 03:09:17.910  1529  1874 D WM-Processor: Work WorkGenerationalId(workSpecId=c1afb3d3-8405-4624-94c8-0268c0758d67, generation=0) is already enqueued for processing
05-25 03:09:17.910  1529 11363 I PickerSyncTracker: Created new sync future java.util.concurrent.CompletableFuture@39fc647[Not completed, 1 dependents]. Future map: {c1afb3d3-8405-4624-94c8-0268c0758d67=java.util.concurrent.CompletableFuture@39fc647[Not completed, 1 dependents]}
05-25 03:09:17.912  1529 11363 D PickerSyncController: syncAllMediaFromProvider() LOCAL, auth=com.android.providers.media.photopicker, retry=true
05-25 03:09:17.912  1529 11363 D PickerSyncController: getSyncRequestParams() LOCAL, auth=com.android.providers.media.photopicker
05-25 03:09:17.912  1529 11363 D PickerSyncController:    Latest ID/Gen=92835bc8fd6dde81:external_primary/3033
05-25 03:09:17.913  1529 11363 D PickerSyncController:    Cached ID/Gen=92835bc8fd6dde81:external_primary/3024
05-25 03:09:17.913  1529 11363 D PickerSyncController:    RESULT=SyncRequestParams{type=MEDIA_INCREMENTAL, gen=3024, latest=Bundle[{last_media_sync_generation=3033, media_collection_id=92835bc8fd6dde81:external_primary}], pageSize=1000}
05-25 03:09:17.913  1529 11363 I PickerSyncController: Executing SyncAdd. isLocal: true. authority: com.android.providers.media.photopicker
05-25 03:09:17.913  1529 11363 D PickerSyncLockManager: Trying to acquire lock com.android.providers.media.photopicker.sync.CloseableReentrantLock@cffd47[Unlocked]. Lock Name = CLOUD_PROVIDER_LOCK. Threads that may be waiting to acquire this lock = [] with timeout.
05-25 03:09:17.913  1529 11363 D CloseableReentrantLock: Successfully acquired lock com.android.providers.media.photopicker.sync.CloseableReentrantLock@cffd47[Locked by thread pool-4-thread-166]. Lock Name = CLOUD_PROVIDER_LOCK. Threads that may be waiting to acquire this lock = []
05-25 03:09:17.913  1529 11363 D CloseableReentrantLock: Successfully released lock com.android.providers.media.photopicker.sync.CloseableReentrantLock@cffd47[Unlocked]. Lock Name = CLOUD_PROVIDER_LOCK. Threads that may be waiting to acquire this lock = []
05-25 03:09:17.913  1529 11363 D ExternalDbFacade: Token received for queryMedia = null
05-25 03:09:17.914  1529 11363 D PickerSyncLockManager: Trying to acquire lock com.android.providers.media.photopicker.sync.CloseableReentrantLock@cffd47[Unlocked]. Lock Name = CLOUD_PROVIDER_LOCK. Threads that may be waiting to acquire this lock = [] with timeout.
05-25 03:09:17.914  1529 11363 D CloseableReentrantLock: Successfully acquired lock com.android.providers.media.photopicker.sync.CloseableReentrantLock@cffd47[Locked by thread pool-4-thread-166]. Lock Name = CLOUD_PROVIDER_LOCK. Threads that may be waiting to acquire this lock = []
05-25 03:09:17.914  1529 11363 D PickerSyncController: Saving next page token: 1779674956000|279 for key: local_provider:media_add:resume
05-25 03:09:17.914  1529 11363 D CloseableReentrantLock: Successfully released lock com.android.providers.media.photopicker.sync.CloseableReentrantLock@cffd47[Unlocked]. Lock Name = CLOUD_PROVIDER_LOCK. Threads that may be waiting to acquire this lock = []
05-25 03:09:17.914  1529 11363 D PickerNotificationSender: Sending a notification for media update
05-25 03:09:17.915  1529 11363 D PickerNotificationSender: Sending a notification for merged album media update Videos
05-25 03:09:17.915  1529 11363 D PickerNotificationSender: Sending a notification for album media update Videos
05-25 03:09:17.915  1529 11363 D PickerNotificationSender: Sending a notification for merged album media update Favorites
05-25 03:09:17.915  1529 11363 D PickerNotificationSender: Sending a notification for album media update Favorites
05-25 03:09:17.916  1529 11363 D ExternalDbFacade: Token received for queryMedia = 1779674956000|279
05-25 03:09:17.916  1529 11363 D PickerSyncLockManager: Trying to acquire lock com.android.providers.media.photopicker.sync.CloseableReentrantLock@cffd47[Unlocked]. Lock Name = CLOUD_PROVIDER_LOCK. Threads that may be waiting to acquire this lock = [] with timeout.
05-25 03:09:17.916  1529 11363 D CloseableReentrantLock: Successfully acquired lock com.android.providers.media.photopicker.sync.CloseableReentrantLock@cffd47[Locked by thread pool-4-thread-166]. Lock Name = CLOUD_PROVIDER_LOCK. Threads that may be waiting to acquire this lock = []
05-25 03:09:17.916  1529 11363 D PickerSyncController: Clearing next page token for key: local_provider:media_add:resume
05-25 03:09:17.916  1529 11363 D CloseableReentrantLock: Successfully released lock com.android.providers.media.photopicker.sync.CloseableReentrantLock@cffd47[Unlocked]. Lock Name = CLOUD_PROVIDER_LOCK. Threads that may be waiting to acquire this lock = []
05-25 03:09:17.916  1529 11363 D PickerNotificationSender: Sending a notification for media update
05-25 03:09:17.916  1529 11363 D PickerNotificationSender: Sending a notification for merged album media update Videos
05-25 03:09:17.917  1529 11363 D PickerNotificationSender: Sending a notification for album media update Videos
05-25 03:09:17.917  1529 11363 D PickerNotificationSender: Sending a notification for merged album media update Favorites
05-25 03:09:17.917  1529 11363 D PickerNotificationSender: Sending a notification for album media update Favorites
05-25 03:09:17.917  1529 11363 I PickerSyncController: Paged sync successful. QueryArgs: Bundle[{android.provider.extra.PAGE_TOKEN=1779674956000|279, android.provider.extra.SYNC_GENERATION=3024, android.provider.extra.PAGE_SIZE=1000}] Total Rows: 1
05-25 03:09:17.917  1529 11363 I PickerSyncController: Executing SyncRemove. isLocal: true. authority: com.android.providers.media.photopicker
05-25 03:09:17.917  1529 11363 D PickerSyncLockManager: Trying to acquire lock com.android.providers.media.photopicker.sync.CloseableReentrantLock@cffd47[Unlocked]. Lock Name = CLOUD_PROVIDER_LOCK. Threads that may be waiting to acquire this lock = [] with timeout.
05-25 03:09:17.917  1529 11363 D CloseableReentrantLock: Successfully acquired lock com.android.providers.media.photopicker.sync.CloseableReentrantLock@cffd47[Locked by thread pool-4-thread-166]. Lock Name = CLOUD_PROVIDER_LOCK. Threads that may be waiting to acquire this lock = []
05-25 03:09:17.917  1529 11363 D CloseableReentrantLock: Successfully released lock com.android.providers.media.photopicker.sync.CloseableReentrantLock@cffd47[Unlocked]. Lock Name = CLOUD_PROVIDER_LOCK. Threads that may be waiting to acquire this lock = []
05-25 03:09:17.918  1529 11363 D PickerSyncLockManager: Trying to acquire lock com.android.providers.media.photopicker.sync.CloseableReentrantLock@cffd47[Unlocked]. Lock Name = CLOUD_PROVIDER_LOCK. Threads that may be waiting to acquire this lock = [] with timeout.
05-25 03:09:17.918  1529 11363 D CloseableReentrantLock: Successfully acquired lock com.android.providers.media.photopicker.sync.CloseableReentrantLock@cffd47[Locked by thread pool-4-thread-166]. Lock Name = CLOUD_PROVIDER_LOCK. Threads that may be waiting to acquire this lock = []
05-25 03:09:17.918  1529 11363 D PickerSyncController: Clearing next page token for key: local_provider:media_remove:resume
05-25 03:09:17.918  1529 11363 D CloseableReentrantLock: Successfully released lock com.android.providers.media.photopicker.sync.CloseableReentrantLock@cffd47[Unlocked]. Lock Name = CLOUD_PROVIDER_LOCK. Threads that may be waiting to acquire this lock = []
05-25 03:09:17.918  1529 11363 D PickerNotificationSender: Sending a notification for media update
05-25 03:09:17.918  1529 11363 D PickerNotificationSender: Sending a notification for merged album media update Videos
05-25 03:09:17.918  1529 11363 D PickerNotificationSender: Sending a notification for album media update Videos
05-25 03:09:17.918  1529 11363 D PickerNotificationSender: Sending a notification for merged album media update Favorites
05-25 03:09:17.918  1529 11363 D PickerNotificationSender: Sending a notification for album media update Favorites
05-25 03:09:17.918  1529 11363 I PickerSyncController: Paged sync successful. QueryArgs: Bundle[{android.provider.extra.PAGE_TOKEN=1779674956000|279, android.provider.extra.SYNC_GENERATION=3024, android.provider.extra.PAGE_SIZE=1000}] Total Rows: 0
05-25 03:09:17.919  1529 11363 I PickerSyncTracker: Marked sync future complete for work id: c1afb3d3-8405-4624-94c8-0268c0758d67. Future map: {}
05-25 03:09:17.919  1529 11363 I PSyncWorker: Completed picker proactive sync complete from local provider.
05-25 03:09:17.919  1529  1874 I WM-WorkerWrapper: Worker result SUCCESS for Work [ id=c1afb3d3-8405-4624-94c8-0268c0758d67, tags={ com.android.providers.media.photopicker.sync.ProactiveSyncWorker } ]
05-25 03:09:17.920  1529  1529 D WM-Processor: Processor c1afb3d3-8405-4624-94c8-0268c0758d67 executed; reschedule = false
05-25 03:09:17.920  1529  1529 D WM-GreedyScheduler: Stopping tracking for WorkGenerationalId(workSpecId=c1afb3d3-8405-4624-94c8-0268c0758d67, generation=0)
05-25 03:09:17.920  1529  1529 D WM-SystemJobService: c1afb3d3-8405-4624-94c8-0268c0758d67 executed on JobScheduler
05-25 03:09:17.922  1529  1874 D WM-GreedyScheduler: Cancelling work ID c1afb3d3-8405-4624-94c8-0268c0758d67
05-25 03:09:17.923  1529  1874 D WM-GreedyScheduler: Ignoring {WorkSpec: fce74054-5d75-49ac-b1fb-61b1c63b64d1}. Requires device idle.
05-25 03:09:17.923  1529  1874 D WM-GreedyScheduler: Ignoring {WorkSpec: 748d3965-3023-45a6-9a32-baafa7d90ebf}. Requires device idle.
05-25 03:09:17.923  1529  1874 D WM-GreedyScheduler: Ignoring {WorkSpec: bbc248da-5aec-4565-83d8-ed90ba3a683c}. Requires device idle.
05-25 03:09:17.923  1529  1874 D WM-GreedyScheduler: Ignoring {WorkSpec: a7b8fc44-3a39-43d5-96b8-cef5bb529d35}. Requires device idle.
05-25 03:09:17.924  1529  1727 D WM-BrdcstRcvrCnstrntTrc: BatteryNotLowTracker: unregistering receiver
05-25 03:09:18.040  1440  1820 I ProtoXDBBufferWrapper: ProtoXDBBufferWrapper.flushToStorage():158 Flushed 6 data item(s) to storage.
05-25 03:09:18.158   553  4294 D android.hardware.audio@7.1-impl.ranchu: threadLoop: entering standby, frames: 7602944
05-25 03:09:18.158   553  4294 D android.hardware.audio@7.1-impl.ranchu: ~TinyalsaSink: joining consumeThread
05-25 03:09:18.162   553 11337 D android.hardware.audio@7.1-impl.ranchu: consumeThread: exiting
05-25 03:09:18.162   553  4294 D android.hardware.audio@7.1-impl.ranchu: ~TinyalsaSink: stopping PCM stream
05-25 03:09:18.602   755   906 I HalDevMgr: bestIfaceCreationProposal is null, requestIface=STA, existingIface=[name=wlan0 type=STA]
05-25 03:09:18.775   755   785 W libbinder.IPCThreadState: Sending oneway calls to frozen process.
05-25 03:09:18.775   755   785 W libbinder.IPCThreadState: Sending oneway calls to frozen process.
05-25 03:09:19.239  1334 10416 I NetworkScheduler.Stats: (REDACTED) Task %s/%s started execution. cause:%s exec_start_elapsed_seconds: %s
05-25 03:09:19.242  1334 11085 I NetworkScheduler.Stats: (REDACTED) Task %s/%s finished executing. cause:%s result: %s elapsed_millis: %s uptime_millis: %s exec_start_elapsed_seconds: %s
05-25 03:09:19.807   755   785 W libbinder.IPCThreadState: Sending oneway calls to frozen process.
05-25 03:09:20.643 11372 11372 W libbinder.BackendUnifiedServiceManager: Thread Pool max thread count is 0. Cannot cache binder as linkToDeath cannot be implemented. serviceName: SurfaceFlingerAIDL
05-25 03:09:20.643 11372 11372 W libbinder.BpBinder: Linking to death on android.gui.ISurfaceComposer but there are no threads (yet?) listening to incoming transactions. See ProcessState::startThreadPool and ProcessState::setThreadPoolMaxThreadCount. Generally you should setup the binder threadpool before other initialization steps.
05-25 03:09:20.644 11372 11372 W libbinder.ProcessState: Extra binder thread started, but 0 threads requested. Do not use *startThreadPool when zero threads are requested.
05-25 03:09:20.733  1529  1788 W MediaProvider: isAppCloneUserPair for user 0: false
05-25 03:09:20.823   755   771 I ActivityManager: Broadcasting: Intent { act=android.intent.action.MEDIA_SCANNER_SCAN_FILE dat=file:///... flg=0x400000 }
05-25 03:09:20.824   755   771 I ActivityManager: Enqueued broadcast Intent { act=android.intent.action.MEDIA_SCANNER_SCAN_FILE dat=file:///... flg=0x400000 }: 0
05-25 03:09:20.826  1529  1529 I MediaServiceV2: Creating work for intent Intent { act=android.intent.action.MEDIA_SCANNER_SCAN_FILE dat=file:///... flg=0x1400010 cmp=com.google.android.providers.media.module/com.android.providers.media.MediaServiceV2 }
05-25 03:09:20.826  1529  1529 I MediaServiceV2: Work enqueued for intent: Intent { act=android.intent.action.MEDIA_SCANNER_SCAN_FILE dat=file:///... flg=0x1400010 cmp=com.google.android.providers.media.module/com.android.providers.media.MediaServiceV2 }
05-25 03:09:20.827   755   775 I ActivityManager: Broadcast completed: result=0
05-25 03:09:20.831  1529  1868 W JobInfo : Requested important-while-foreground flag for job757 is ignored and takes no effect
05-25 03:09:20.832  1529  1868 D WM-SystemJobScheduler: Scheduling work ID 1c60bbe0-73ad-46b4-b4a3-fdc8f045dca2Job ID 757
05-25 03:09:20.837  1529  1529 D WM-SystemJobService: onStartJob for WorkGenerationalId(workSpecId=1c60bbe0-73ad-46b4-b4a3-fdc8f045dca2, generation=0)
05-25 03:09:20.837  1529  1868 D WM-GreedyScheduler: Ignoring {WorkSpec: fce74054-5d75-49ac-b1fb-61b1c63b64d1}. Requires device idle.
05-25 03:09:20.837  1529  1868 D WM-GreedyScheduler: Ignoring {WorkSpec: 748d3965-3023-45a6-9a32-baafa7d90ebf}. Requires device idle.
05-25 03:09:20.837  1529  1868 D WM-GreedyScheduler: Ignoring {WorkSpec: bbc248da-5aec-4565-83d8-ed90ba3a683c}. Requires device idle.
05-25 03:09:20.837  1529  1868 D WM-GreedyScheduler: Ignoring {WorkSpec: a7b8fc44-3a39-43d5-96b8-cef5bb529d35}. Requires device idle.
05-25 03:09:20.837  1529  1868 D WM-GreedyScheduler: Starting work for 1c60bbe0-73ad-46b4-b4a3-fdc8f045dca2
05-25 03:09:20.839  1529  1727 D WM-Processor: Processor: processing WorkGenerationalId(workSpecId=1c60bbe0-73ad-46b4-b4a3-fdc8f045dca2, generation=0)
05-25 03:09:20.839  1529  1727 D WM-Processor: Work WorkGenerationalId(workSpecId=1c60bbe0-73ad-46b4-b4a3-fdc8f045dca2, generation=0) is already enqueued for processing
05-25 03:09:20.840  1529  1529 D WM-WorkerWrapper: Starting work for com.android.providers.media.MediaServiceV2
05-25 03:09:20.841  1529 11379 I MediaServiceV2: Work initiated for action [ android.intent.action.MEDIA_SCANNER_SCAN_FILE ]
05-25 03:09:20.847  1529 11379 I MediaServiceV2: Work ended for action [ android.intent.action.MEDIA_SCANNER_SCAN_FILE ]
05-25 03:09:20.848  1529  1874 I WM-WorkerWrapper: Worker result SUCCESS for Work [ id=1c60bbe0-73ad-46b4-b4a3-fdc8f045dca2, tags={ com.android.providers.media.MediaServiceV2 } ]
05-25 03:09:20.849  1529  1529 D WM-Processor: Processor 1c60bbe0-73ad-46b4-b4a3-fdc8f045dca2 executed; reschedule = false
05-25 03:09:20.850  1529  1529 D WM-SystemJobService: 1c60bbe0-73ad-46b4-b4a3-fdc8f045dca2 executed on JobScheduler
05-25 03:09:20.854  1529  1868 D WM-GreedyScheduler: Cancelling work ID 1c60bbe0-73ad-46b4-b4a3-fdc8f045dca2
05-25 03:09:20.857  1529  1868 D WM-GreedyScheduler: Ignoring {WorkSpec: fce74054-5d75-49ac-b1fb-61b1c63b64d1}. Requires device idle.
05-25 03:09:20.857  1529  1868 D WM-GreedyScheduler: Ignoring {WorkSpec: 748d3965-3023-45a6-9a32-baafa7d90ebf}. Requires device idle.
05-25 03:09:20.857  1529  1868 D WM-GreedyScheduler: Ignoring {WorkSpec: bbc248da-5aec-4565-83d8-ed90ba3a683c}. Requires device idle.
05-25 03:09:20.857  1529  1868 D WM-GreedyScheduler: Ignoring {WorkSpec: a7b8fc44-3a39-43d5-96b8-cef5bb529d35}. Requires device idle.
05-25 03:09:20.860  1529  1874 D WM-SystemJobScheduler: Scheduling work ID 5d670f27-80b4-48e7-a715-52a3ecb15f1cJob ID 758
05-25 03:09:20.861  1529  1874 D WM-GreedyScheduler: Ignoring {WorkSpec: fce74054-5d75-49ac-b1fb-61b1c63b64d1}. Requires device idle.
05-25 03:09:20.861  1529  1874 D WM-GreedyScheduler: Ignoring {WorkSpec: 748d3965-3023-45a6-9a32-baafa7d90ebf}. Requires device idle.
05-25 03:09:20.861  1529  1874 D WM-GreedyScheduler: Ignoring {WorkSpec: bbc248da-5aec-4565-83d8-ed90ba3a683c}. Requires device idle.
05-25 03:09:20.861  1529  1874 D WM-GreedyScheduler: Ignoring {WorkSpec: a7b8fc44-3a39-43d5-96b8-cef5bb529d35}. Requires device idle.
05-25 03:09:20.969 11383 11383 D AndroidRuntime: >>>>>> START com.android.internal.os.RuntimeInit uid 2000 <<<<<<
05-25 03:09:20.973 11383 11383 I AndroidRuntime: Using default boot image
05-25 03:09:20.973 11383 11383 I AndroidRuntime: Leaving lock profiling enabled
05-25 03:09:20.974 11383 11383 I app_process: Using CollectorTypeCMC GC.
05-25 03:09:21.032 11383 11383 D nativeloader: InitDefaultPublicLibraries for_preload=1: libandroid.so:libaaudio.so:libamidi.so:libbinder_ndk.so:libc.so:libcamera2ndk.so:libdl.so:libEGL.so:libGLESv1_CM.so:libGLESv2.so:libGLESv3.so:libicu.so:libicui18n.so:libicuuc.so:libjnigraphics.so:liblog.so:libmediandk.so:libm.so:libnativehelper.so:libnativewindow.so:libOpenMAXAL.so:libOpenSLES.so:libRS.so:libstdc++.so:libsync.so:libvulkan.so:libwebviewchromium_plat_support.so:libz.so
05-25 03:09:21.039 11383 11383 D nativeloader: Load libicu_jni.so using APEX ns com_android_art for caller /apex/com.android.art/javalib/core-oj.jar: ok
05-25 03:09:21.039 11383 11383 D app_process: u_setTimeZoneFilesDirectory("/apex/com.android.tzdata/etc/tz/versioned/9/icu") succeeded. 
05-25 03:09:21.039 11383 11383 D app_process: I18n APEX ICU file found: /apex/com.android.i18n/etc/icu/icudt76l.dat
05-25 03:09:21.040 11383 11383 D nativeloader: Load libjavacore.so using APEX ns com_android_art for caller /apex/com.android.art/javalib/core-oj.jar: ok
05-25 03:09:21.040 11383 11383 D nativeloader: Load libopenjdk.so using APEX ns com_android_art for caller /apex/com.android.art/javalib/core-oj.jar: ok
05-25 03:09:21.041 11383 11383 I app_process: Priority-to-niceness mapping: 19, 16, 13, 10, 0, -2, -4, -5, -6, -8
05-25 03:09:21.041 11383 11383 W app_process: Unexpected CPU variant for x86: x86_64.
05-25 03:09:21.041 11383 11383 W app_process: Known variants: atom, sandybridge, silvermont, goldmont, goldmont-plus, goldmont-without-sha-xsaves, tremont, kabylake, alderlake, default
05-25 03:09:21.042 11383 11383 W app_process: ClassLoaderContext shared library size mismatch. Expected=2, found=0 (PCL[]{PCL[/system/framework/android.test.base.jar*1653369819]#PCL[/system/framework/android.test.mock.jar*1009639922]} | PCL[])
05-25 03:09:21.042 11383 11383 W app_process: ClassLoaderContext classpath size mismatch. expected=0, found=1 (PCL[]{PCL[/system/framework/android.test.runner.jar*3954641918]{PCL[/system/framework/android.test.base.jar*1653369819]#PCL[/system/framework/android.test.mock.jar*1009639922]}#PCL[/system/framework/android.test.base.jar*1653369819]} | PCL[/system/framework/android.test.runner.jar*3954641918])
