05-25 04:52:40.543 W/libbinder.IPCThreadState(  755): Sending oneway calls to frozen process.
05-25 04:52:40.543 W/libbinder.IPCThreadState(  755): Sending oneway calls to frozen process.
05-25 04:52:40.543 W/libbinder.IPCThreadState(  755): Sending oneway calls to frozen process.
05-25 04:52:40.544 W/libbinder.IPCThreadState(  755): Sending oneway calls to frozen process.
05-25 04:52:40.544 W/libbinder.IPCThreadState(  755): Sending oneway calls to frozen process.
05-25 04:52:40.544 D/BatterySaverPolicy(  755): accessibility changed to false, updating policy.
05-25 04:52:40.548 I/HalDevMgr(  755): bestIfaceCreationProposal is null, requestIface=STA, existingIface=[name=wlan0 type=STA]
05-25 04:52:40.682 D/WM-DelayedWorkTracker( 1529): Scheduling work 3d1a5971-caf3-499e-98f3-1af3221a5c3d
05-25 04:52:40.683 D/WM-GreedyScheduler( 1529): Starting tracking for 3d1a5971-caf3-499e-98f3-1af3221a5c3d
05-25 04:52:40.683 D/WM-ConstraintTracker( 1529): BatteryNotLowTracker: initial state = true
05-25 04:52:40.683 D/WM-BrdcstRcvrCnstrntTrc( 1529): BatteryNotLowTracker: registering receiver
05-25 04:52:40.685 D/WM-GreedyScheduler( 1529): Constraints met: Scheduling work ID WorkGenerationalId(workSpecId=3d1a5971-caf3-499e-98f3-1af3221a5c3d, generation=0)
05-25 04:52:40.685 D/WM-Processor( 1529): Processor: processing WorkGenerationalId(workSpecId=3d1a5971-caf3-499e-98f3-1af3221a5c3d, generation=0)
05-25 04:52:40.688 D/WM-WorkerWrapper( 1529): Starting work for com.android.providers.media.photopicker.sync.ProactiveSyncWorker
05-25 04:52:40.688 I/PSyncWorker( 1529): Starting proactive picker sync from sync source: 1
05-25 04:52:40.688 I/PickerSyncTracker( 1529): Created new sync future java.util.concurrent.CompletableFuture@3201b9[Not completed, 1 dependents]. Future map: {3d1a5971-caf3-499e-98f3-1af3221a5c3d=java.util.concurrent.CompletableFuture@3201b9[Not completed, 1 dependents]}
05-25 04:52:40.689 D/PickerSyncController( 1529): syncAllMediaFromProvider() LOCAL, auth=com.android.providers.media.photopicker, retry=true
05-25 04:52:40.689 D/PickerSyncController( 1529): getSyncRequestParams() LOCAL, auth=com.android.providers.media.photopicker
05-25 04:52:40.690 D/WM-SystemJobService( 1529): onStartJob for WorkGenerationalId(workSpecId=3d1a5971-caf3-499e-98f3-1af3221a5c3d, generation=0)
05-25 04:52:40.691 D/WM-Processor( 1529): Work WorkGenerationalId(workSpecId=3d1a5971-caf3-499e-98f3-1af3221a5c3d, generation=0) is already enqueued for processing
05-25 04:52:40.691 D/PickerSyncController( 1529):    Latest ID/Gen=92835bc8fd6dde81:external_primary/3918
05-25 04:52:40.691 D/PickerSyncController( 1529):    Cached ID/Gen=92835bc8fd6dde81:external_primary/3909
05-25 04:52:40.691 D/PickerSyncController( 1529):    RESULT=SyncRequestParams{type=MEDIA_INCREMENTAL, gen=3909, latest=Bundle[{last_media_sync_generation=3918, media_collection_id=92835bc8fd6dde81:external_primary}], pageSize=1000}
05-25 04:52:40.691 I/PickerSyncController( 1529): Executing SyncAdd. isLocal: true. authority: com.android.providers.media.photopicker
05-25 04:52:40.691 D/PickerSyncLockManager( 1529): Trying to acquire lock com.android.providers.media.photopicker.sync.CloseableReentrantLock@cffd47[Unlocked]. Lock Name = CLOUD_PROVIDER_LOCK. Threads that may be waiting to acquire this lock = [] with timeout.
05-25 04:52:40.691 D/CloseableReentrantLock( 1529): Successfully acquired lock com.android.providers.media.photopicker.sync.CloseableReentrantLock@cffd47[Locked by thread pool-4-thread-363]. Lock Name = CLOUD_PROVIDER_LOCK. Threads that may be waiting to acquire this lock = []
05-25 04:52:40.691 D/CloseableReentrantLock( 1529): Successfully released lock com.android.providers.media.photopicker.sync.CloseableReentrantLock@cffd47[Unlocked]. Lock Name = CLOUD_PROVIDER_LOCK. Threads that may be waiting to acquire this lock = []
05-25 04:52:40.691 D/ExternalDbFacade( 1529): Token received for queryMedia = null
05-25 04:52:40.699 D/PickerSyncLockManager( 1529): Trying to acquire lock com.android.providers.media.photopicker.sync.CloseableReentrantLock@cffd47[Unlocked]. Lock Name = CLOUD_PROVIDER_LOCK. Threads that may be waiting to acquire this lock = [] with timeout.
05-25 04:52:40.700 D/CloseableReentrantLock( 1529): Successfully acquired lock com.android.providers.media.photopicker.sync.CloseableReentrantLock@cffd47[Locked by thread pool-4-thread-363]. Lock Name = CLOUD_PROVIDER_LOCK. Threads that may be waiting to acquire this lock = []
05-25 04:52:40.700 D/PickerSyncController( 1529): Saving next page token: 1779681159000|377 for key: local_provider:media_add:resume
05-25 04:52:40.700 D/CloseableReentrantLock( 1529): Successfully released lock com.android.providers.media.photopicker.sync.CloseableReentrantLock@cffd47[Unlocked]. Lock Name = CLOUD_PROVIDER_LOCK. Threads that may be waiting to acquire this lock = []
05-25 04:52:40.701 D/PickerNotificationSender( 1529): Sending a notification for media update
05-25 04:52:40.701 D/PickerNotificationSender( 1529): Sending a notification for merged album media update Videos
05-25 04:52:40.702 D/PickerNotificationSender( 1529): Sending a notification for album media update Videos
05-25 04:52:40.702 D/PickerNotificationSender( 1529): Sending a notification for merged album media update Favorites
05-25 04:52:40.702 D/PickerNotificationSender( 1529): Sending a notification for album media update Favorites
05-25 04:52:40.702 D/ExternalDbFacade( 1529): Token received for queryMedia = 1779681159000|377
05-25 04:52:40.704 D/PickerSyncLockManager( 1529): Trying to acquire lock com.android.providers.media.photopicker.sync.CloseableReentrantLock@cffd47[Unlocked]. Lock Name = CLOUD_PROVIDER_LOCK. Threads that may be waiting to acquire this lock = [] with timeout.
05-25 04:52:40.704 D/CloseableReentrantLock( 1529): Successfully acquired lock com.android.providers.media.photopicker.sync.CloseableReentrantLock@cffd47[Locked by thread pool-4-thread-363]. Lock Name = CLOUD_PROVIDER_LOCK. Threads that may be waiting to acquire this lock = []
05-25 04:52:40.704 D/PickerSyncController( 1529): Clearing next page token for key: local_provider:media_add:resume
05-25 04:52:40.704 D/CloseableReentrantLock( 1529): Successfully released lock com.android.providers.media.photopicker.sync.CloseableReentrantLock@cffd47[Unlocked]. Lock Name = CLOUD_PROVIDER_LOCK. Threads that may be waiting to acquire this lock = []
05-25 04:52:40.704 D/PickerNotificationSender( 1529): Sending a notification for media update
05-25 04:52:40.704 D/PickerNotificationSender( 1529): Sending a notification for merged album media update Videos
05-25 04:52:40.704 D/PickerNotificationSender( 1529): Sending a notification for album media update Videos
05-25 04:52:40.704 D/PickerNotificationSender( 1529): Sending a notification for merged album media update Favorites
05-25 04:52:40.704 D/PickerNotificationSender( 1529): Sending a notification for album media update Favorites
05-25 04:52:40.705 I/PickerSyncController( 1529): Paged sync successful. QueryArgs: Bundle[{android.provider.extra.PAGE_TOKEN=1779681159000|377, android.provider.extra.SYNC_GENERATION=3909, android.provider.extra.PAGE_SIZE=1000}] Total Rows: 1
05-25 04:52:40.705 I/PickerSyncController( 1529): Executing SyncRemove. isLocal: true. authority: com.android.providers.media.photopicker
05-25 04:52:40.705 D/PickerSyncLockManager( 1529): Trying to acquire lock com.android.providers.media.photopicker.sync.CloseableReentrantLock@cffd47[Unlocked]. Lock Name = CLOUD_PROVIDER_LOCK. Threads that may be waiting to acquire this lock = [] with timeout.
05-25 04:52:40.705 D/CloseableReentrantLock( 1529): Successfully acquired lock com.android.providers.media.photopicker.sync.CloseableReentrantLock@cffd47[Locked by thread pool-4-thread-363]. Lock Name = CLOUD_PROVIDER_LOCK. Threads that may be waiting to acquire this lock = []
05-25 04:52:40.705 D/CloseableReentrantLock( 1529): Successfully released lock com.android.providers.media.photopicker.sync.CloseableReentrantLock@cffd47[Unlocked]. Lock Name = CLOUD_PROVIDER_LOCK. Threads that may be waiting to acquire this lock = []
05-25 04:52:40.705 D/PickerSyncLockManager( 1529): Trying to acquire lock com.android.providers.media.photopicker.sync.CloseableReentrantLock@cffd47[Unlocked]. Lock Name = CLOUD_PROVIDER_LOCK. Threads that may be waiting to acquire this lock = [] with timeout.
05-25 04:52:40.706 D/CloseableReentrantLock( 1529): Successfully acquired lock com.android.providers.media.photopicker.sync.CloseableReentrantLock@cffd47[Locked by thread pool-4-thread-363]. Lock Name = CLOUD_PROVIDER_LOCK. Threads that may be waiting to acquire this lock = []
05-25 04:52:40.706 D/PickerSyncController( 1529): Clearing next page token for key: local_provider:media_remove:resume
05-25 04:52:40.706 D/CloseableReentrantLock( 1529): Successfully released lock com.android.providers.media.photopicker.sync.CloseableReentrantLock@cffd47[Unlocked]. Lock Name = CLOUD_PROVIDER_LOCK. Threads that may be waiting to acquire this lock = []
05-25 04:52:40.706 D/PickerNotificationSender( 1529): Sending a notification for media update
05-25 04:52:40.706 D/PickerNotificationSender( 1529): Sending a notification for merged album media update Videos
05-25 04:52:40.706 D/PickerNotificationSender( 1529): Sending a notification for album media update Videos
05-25 04:52:40.706 D/PickerNotificationSender( 1529): Sending a notification for merged album media update Favorites
05-25 04:52:40.707 D/PickerNotificationSender( 1529): Sending a notification for album media update Favorites
05-25 04:52:40.707 I/PickerSyncController( 1529): Paged sync successful. QueryArgs: Bundle[{android.provider.extra.PAGE_TOKEN=1779681159000|377, android.provider.extra.SYNC_GENERATION=3909, android.provider.extra.PAGE_SIZE=1000}] Total Rows: 0
05-25 04:52:40.707 I/PickerSyncTracker( 1529): Marked sync future complete for work id: 3d1a5971-caf3-499e-98f3-1af3221a5c3d. Future map: {}
05-25 04:52:40.707 I/PSyncWorker( 1529): Completed picker proactive sync complete from local provider.
05-25 04:52:40.708 I/WM-WorkerWrapper( 1529): Worker result SUCCESS for Work [ id=3d1a5971-caf3-499e-98f3-1af3221a5c3d, tags={ com.android.providers.media.photopicker.sync.ProactiveSyncWorker } ]
05-25 04:52:40.708 D/WM-Processor( 1529): Processor 3d1a5971-caf3-499e-98f3-1af3221a5c3d executed; reschedule = false
05-25 04:52:40.708 D/WM-GreedyScheduler( 1529): Stopping tracking for WorkGenerationalId(workSpecId=3d1a5971-caf3-499e-98f3-1af3221a5c3d, generation=0)
05-25 04:52:40.708 D/WM-SystemJobService( 1529): 3d1a5971-caf3-499e-98f3-1af3221a5c3d executed on JobScheduler
05-25 04:52:40.710 D/WM-GreedyScheduler( 1529): Cancelling work ID 3d1a5971-caf3-499e-98f3-1af3221a5c3d
05-25 04:52:40.710 D/WM-GreedyScheduler( 1529): Ignoring {WorkSpec: fce74054-5d75-49ac-b1fb-61b1c63b64d1}. Requires device idle.
05-25 04:52:40.710 D/WM-GreedyScheduler( 1529): Ignoring {WorkSpec: 748d3965-3023-45a6-9a32-baafa7d90ebf}. Requires device idle.
05-25 04:52:40.710 D/WM-GreedyScheduler( 1529): Ignoring {WorkSpec: bbc248da-5aec-4565-83d8-ed90ba3a683c}. Requires device idle.
05-25 04:52:40.710 D/WM-GreedyScheduler( 1529): Ignoring {WorkSpec: a7b8fc44-3a39-43d5-96b8-cef5bb529d35}. Requires device idle.
05-25 04:52:40.711 D/WM-BrdcstRcvrCnstrntTrc( 1529): BatteryNotLowTracker: unregistering receiver
05-25 04:52:41.456 D/AndroidRuntime(19870): >>>>>> START com.android.internal.os.RuntimeInit uid 2000 <<<<<<
05-25 04:52:41.459 I/AndroidRuntime(19870): Using default boot image
05-25 04:52:41.459 I/AndroidRuntime(19870): Leaving lock profiling enabled
05-25 04:52:41.460 I/app_process(19870): Using CollectorTypeCMC GC.
05-25 04:52:41.525 D/nativeloader(19870): InitDefaultPublicLibraries for_preload=1: libandroid.so:libaaudio.so:libamidi.so:libbinder_ndk.so:libc.so:libcamera2ndk.so:libdl.so:libEGL.so:libGLESv1_CM.so:libGLESv2.so:libGLESv3.so:libicu.so:libicui18n.so:libicuuc.so:libjnigraphics.so:liblog.so:libmediandk.so:libm.so:libnativehelper.so:libnativewindow.so:libOpenMAXAL.so:libOpenSLES.so:libRS.so:libstdc++.so:libsync.so:libvulkan.so:libwebviewchromium_plat_support.so:libz.so
05-25 04:52:41.534 D/nativeloader(19870): Load libicu_jni.so using APEX ns com_android_art for caller /apex/com.android.art/javalib/core-oj.jar: ok
05-25 04:52:41.535 D/app_process(19870): u_setTimeZoneFilesDirectory("/apex/com.android.tzdata/etc/tz/versioned/9/icu") succeeded. 
05-25 04:52:41.535 D/app_process(19870): I18n APEX ICU file found: /apex/com.android.i18n/etc/icu/icudt76l.dat
05-25 04:52:41.535 D/nativeloader(19870): Load libjavacore.so using APEX ns com_android_art for caller /apex/com.android.art/javalib/core-oj.jar: ok
05-25 04:52:41.537 D/nativeloader(19870): Load libopenjdk.so using APEX ns com_android_art for caller /apex/com.android.art/javalib/core-oj.jar: ok
05-25 04:52:41.537 I/app_process(19870): Priority-to-niceness mapping: 19, 16, 13, 10, 0, -2, -4, -5, -6, -8
05-25 04:52:41.538 W/app_process(19870): Unexpected CPU variant for x86: x86_64.
05-25 04:52:41.538 W/app_process(19870): Known variants: atom, sandybridge, silvermont, goldmont, goldmont-plus, goldmont-without-sha-xsaves, tremont, kabylake, alderlake, default
05-25 04:52:41.539 W/app_process(19870): ClassLoaderContext shared library size mismatch. Expected=2, found=0 (PCL[]{PCL[/system/framework/android.test.base.jar*1653369819]#PCL[/system/framework/android.test.mock.jar*1009639922]} | PCL[])
05-25 04:52:41.539 W/app_process(19870): ClassLoaderContext classpath size mismatch. expected=0, found=1 (PCL[]{PCL[/system/framework/android.test.runner.jar*3954641918]{PCL[/system/framework/android.test.base.jar*1653369819]#PCL[/system/framework/android.test.mock.jar*1009639922]}#PCL[/system/framework/android.test.base.jar*1653369819]} | PCL[/system/framework/android.test.runner.jar*3954641918])
05-25 04:52:41.555 D/nativeloader(19870): Load libframework-connectivity-tiramisu-jni.so using APEX ns com_android_tethering for caller /apex/com.android.tethering/javalib/framework-connectivity-t.jar: ok
05-25 04:52:41.556 D/AndroidRuntime(19870): Calling main entry com.android.commands.uiautomator.Launcher
05-25 04:52:41.560 I/AconfigPackage(19870): android.media.swcodec.flags is mapped to com.android.media.swcodec
05-25 04:52:41.560 I/AconfigPackage(19870): com.android.permission.flags is mapped to com.android.permission
05-25 04:52:41.560 I/AconfigPackage(19870): com.android.permissioncontroller.flags is mapped to com.android.permission
05-25 04:52:41.561 I/AconfigPackage(19870): com.android.icu is mapped to com.android.i18n
05-25 04:52:41.561 I/AconfigPackage(19870): com.android.appsearch.flags is mapped to com.android.appsearch
05-25 04:52:41.561 I/AconfigPackage(19870): android.uprobestats.mainline.flags is mapped to com.android.uprobestats
05-25 04:52:41.561 I/AconfigPackage(19870): com.android.crashrecovery.flags is mapped to com.android.crashrecovery
05-25 04:52:41.561 I/AconfigPackage(19870): android.provider.flags is mapped to com.android.configinfrastructure
05-25 04:52:41.562 I/AconfigPackage(19870): com.android.server.deviceconfig is mapped to com.android.configinfrastructure
05-25 04:52:41.562 I/AconfigPackage(19870): com.android.compos.flags is mapped to com.android.compos
05-25 04:52:41.562 I/AconfigPackage(19870): com.android.art.flags is mapped to com.android.art
05-25 04:52:41.562 I/AconfigPackage(19870): com.android.art.rw.flags is mapped to com.android.art
05-25 04:52:41.562 I/AconfigPackage(19870): com.android.libcore is mapped to com.android.art
05-25 04:52:41.562 I/AconfigPackage(19870): com.android.telephony.flags is mapped to com.android.telephonycore
05-25 04:52:41.562 I/AconfigPackage(19870): com.android.media.extractor.flags is mapped to com.android.media
05-25 04:52:41.562 I/AconfigPackage(19870): com.android.media.mainline.flags is mapped to com.android.media
05-25 04:52:41.563 I/AconfigPackage(19870): com.android.wifi.flags is mapped to com.android.wifi
05-25 04:52:41.563 I/AconfigPackage(19870): com.android.org.conscrypt.flags is mapped to com.android.conscrypt
05-25 04:52:41.563 I/AconfigPackage(19870): com.android.org.conscrypt.net.flags is mapped to com.android.conscrypt
05-25 04:52:41.563 I/AconfigPackage(19870): com.android.healthfitness.flags is mapped to com.android.healthfitness
05-25 04:52:41.563 I/AconfigPackage(19870): com.android.ipsec.flags is mapped to com.android.ipsec
05-25 04:52:41.564 I/AconfigPackage(19870): com.android.nfc.module.flags is mapped to com.android.nfcservices
05-25 04:52:41.564 I/AconfigPackage(19870): com.android.adservices.ondevicepersonalization.flags is mapped to com.android.ondevicepersonalization
05-25 04:52:41.564 I/AconfigPackage(19870): com.android.adbd.flags is mapped to com.android.adbd
05-25 04:52:41.564 I/AconfigPackage(19870): com.android.bluetooth.flags is mapped to com.android.bt
05-25 04:52:41.564 I/AconfigPackage(19870): com.android.devicelock.flags is mapped to com.android.devicelock
05-25 04:52:41.564 I/AconfigPackage(19870): android.os.profiling is mapped to com.android.profiling
05-25 04:52:41.564 I/AconfigPackage(19870): android.os.profiling.anomaly.flags is mapped to com.android.profiling
05-25 04:52:41.564 I/AconfigPackage(19870): com.android.os.statsd.flags is mapped to com.android.os.statsd
05-25 04:52:41.564 I/AconfigPackage(19870): com.android.rkpd.flags is mapped to com.android.rkpd
05-25 04:52:41.565 I/AconfigPackage(19870): com.android.cellbroadcastreceiver.flags is mapped to com.android.cellbroadcast
05-25 04:52:41.565 I/AconfigPackage(19870): com.android.adservices.flags is mapped to com.android.adservices
05-25 04:52:41.565 I/AconfigPackage(19870): com.android.sdksandbox.flags is mapped to com.android.adservices
05-25 04:52:41.565 I/AconfigPackage(19870): com.android.uwb.flags is mapped to com.android.uwb
05-25 04:52:41.565 I/AconfigPackage(19870): com.android.ranging.flags is mapped to com.android.uwb
05-25 04:52:41.565 I/AconfigPackage(19870): android.graphics.pdf.flags is mapped to com.android.mediaprovider
05-25 04:52:41.565 I/AconfigPackage(19870): com.android.providers.media.flags is mapped to com.android.mediaprovider
05-25 04:52:41.565 I/AconfigPackage(19870): android.graphics.pdf.flags.readonly is mapped to com.android.mediaprovider
05-25 04:52:41.566 I/AconfigPackage(19870): com.android.tethering.mainline.beta is mapped to com.android.tethering
05-25 04:52:41.566 I/AconfigPackage(19870): android.net.http is mapped to com.android.tethering
05-25 04:52:41.566 I/AconfigPackage(19870): com.android.tethering.readonly.flags is mapped to com.android.tethering
05-25 04:52:41.566 I/AconfigPackage(19870): android.net.vcn is mapped to com.android.tethering
05-25 04:52:41.566 I/AconfigPackage(19870): com.android.net.flags is mapped to com.android.tethering
05-25 04:52:41.566 I/AconfigPackage(19870): com.android.tethering.beta.test is mapped to com.android.tethering
05-25 04:52:41.566 I/AconfigPackage(19870): com.android.nearby.flags is mapped to com.android.tethering
05-25 04:52:41.566 I/AconfigPackage(19870): com.android.net.ct.flags is mapped to com.android.tethering
05-25 04:52:41.566 I/AconfigPackage(19870): com.android.net.thread.flags is mapped to com.android.tethering
05-25 04:52:41.566 I/AconfigPackage(19870): com.android.system.virtualmachine.flags is mapped to com.android.virt
05-25 04:52:41.566 E/FeatureFlagsImplExport(19870): android.os.flagging.AconfigStorageReadException: ERROR_PACKAGE_NOT_FOUND: package android.xr cannot be found on the device
05-25 04:52:41.568 D/UiAutomationConnection(19870): Created on user UserHandle{0}
05-25 04:52:41.568 I/UiAutomation(19870): Initialized for user 0 on display 0
05-25 04:52:41.568 W/UiAutomation(19870): Created with deprecatead constructor, assumes DEFAULT_DISPLAY
05-25 04:52:41.569 D/AccessibilityManagerService(  755): changeCurrentUserForTestAutomationIfNeededLocked(0): ignoring because device doesn't support visible background users
05-25 04:52:41.569 I/UiAutomationManager(  755): Registering UiTestAutomationService (id=com.android.server.accessibility/UiAutomation, flags=0x0) when called by user 0
05-25 04:52:41.569 V/AccessibilityManagerService(  755): onUserStateChangedLocked for userId: 0, forceUpdate: false
05-25 04:52:41.570 V/AccessibilityUserState(  755): updateShortcutTargets: type:accessibility_shortcut_target_service, current:{}, new:{}
05-25 04:52:41.570 V/AccessibilityUserState(  755): updateShortcutTargets: type:accessibility_button_targets, current:{}, new:{}
05-25 04:52:41.570 V/AccessibilityUserState(  755): updateShortcutTargets: type:accessibility_gesture_targets, current:{}, new:{}
05-25 04:52:41.570 V/AccessibilityUserState(  755): updateShortcutTargets: type:accessibility_qs_targets, current:{}, new:{}
05-25 04:52:41.570 V/AccessibilityUserState(  755): updateShortcutTargets: type:accessibility_key_gesture_targets, current:{}, new:{}
05-25 04:52:41.570 W/MagnificationConnectionManager(  755): requestConnection duplicated request: connect=false, mConnectionState=DISCONNECTED
05-25 04:52:41.571 W/libbinder.IPCThreadState(  755): Sending oneway calls to frozen process.
05-25 04:52:41.571 I/AiAiEcho( 1546): Settings changed for uri: content://settings/secure/accessibility_enabled
05-25 04:52:41.572 I/AiAiEcho( 1546): Predicting[0]:  [CONTEXT sampling_count=5 ]
05-25 04:52:41.572 I/AiAiEcho( 1546): EchoTargets: 
05-25 04:52:41.572 I/AiAiEcho( 1546): Filtered by AiAi flag check: 
05-25 04:52:41.572 I/AiAiEcho( 1546): [CONTEXT ratelimit_period="10 SECONDS" ]
05-25 04:52:41.572 I/AiAiEcho( 1546): #remoteViewsTwiddler: feature disabled.
05-25 04:52:41.572 I/AiAiEcho( 1546): Predicting[0]:  [CONTEXT sampling_count=5 ]
05-25 04:52:41.572 I/AiAiEcho( 1546): EchoTargets: 
05-25 04:52:41.572 I/AiAiEcho( 1546): Filtered by AiAi flag check: 
05-25 04:52:41.572 I/AiAiEcho( 1546): [CONTEXT ratelimit_period="10 SECONDS" ]
05-25 04:52:41.572 I/AiAiEcho( 1546): #remoteViewsTwiddler: feature disabled.
05-25 04:52:41.572 I/AiAiEcho( 1546): #postPredictionTargets: Sending updates to UISurface lockscreen with targets# 0 (types=[])
05-25 04:52:41.573 I/AiAiEcho( 1546): #postPredictionTargets: Sending updates to UISurface home with targets# 0 (types=[])
05-25 04:52:41.575 W/libbinder.IPCThreadState(  755): Sending oneway calls to frozen process.
05-25 04:52:41.575 W/libbinder.IPCThreadState(  755): Sending oneway calls to frozen process.
05-25 04:52:41.575 W/libbinder.IPCThreadState(  755): Sending oneway calls to frozen process.
05-25 04:52:41.575 W/libbinder.IPCThreadState(  755): Sending oneway calls to frozen process.
05-25 04:52:41.575 W/SsPagerDots( 1012): Total number of pages invalid: 0. Assuming 1 page.
05-25 04:52:41.575 W/libbinder.IPCThreadState(  755): Sending oneway calls to frozen process.
05-25 04:52:41.576 W/libbinder.IPCThreadState(  755): Sending oneway calls to frozen process.
05-25 04:52:41.576 W/libbinder.IPCThreadState(  755): Sending oneway calls to frozen process.
05-25 04:52:41.577 W/libbinder.IPCThreadState(  755): Sending oneway calls to frozen process.
05-25 04:52:41.577 V/AccessibilityManagerService(  755): onUserStateChangedLocked for userId: 0, forceUpdate: false
05-25 04:52:41.579 W/libbinder.IPCThreadState(  755): Sending oneway calls to frozen process.
05-25 04:52:41.579 W/libbinder.IPCThreadState(  755): Sending oneway calls to frozen process.
05-25 04:52:41.579 W/libbinder.IPCThreadState(  755): Sending oneway calls to frozen process.
05-25 04:52:41.579 W/libbinder.IPCThreadState(  755): Sending oneway calls to frozen process.
05-25 04:52:41.580 V/AccessibilityUserState(  755): updateShortcutTargets: type:accessibility_shortcut_target_service, current:{}, new:{}
05-25 04:52:41.580 V/AccessibilityUserState(  755): updateShortcutTargets: type:accessibility_button_targets, current:{}, new:{}
05-25 04:52:41.580 V/AccessibilityUserState(  755): updateShortcutTargets: type:accessibility_gesture_targets, current:{}, new:{}
05-25 04:52:41.580 V/AccessibilityUserState(  755): updateShortcutTargets: type:accessibility_qs_targets, current:{}, new:{}
05-25 04:52:41.582 I/AiAiEcho( 1546): Settings changed for uri: content://settings/secure/accessibility_enabled
05-25 04:52:41.582 V/AccessibilityUserState(  755): updateShortcutTargets: type:accessibility_key_gesture_targets, current:{}, new:{}
05-25 04:52:41.582 W/MagnificationConnectionManager(  755): requestConnection duplicated request: connect=false, mConnectionState=DISCONNECTED
05-25 04:52:41.582 W/libbinder.IPCThreadState(  755): Sending oneway calls to frozen process.
05-25 04:52:41.582 W/libbinder.IPCThreadState(  755): Sending oneway calls to frozen process.
05-25 04:52:41.583 W/libbinder.IPCThreadState(  755): Sending oneway calls to frozen process.
05-25 04:52:41.584 I/AiAiEcho( 1546): Predicting[0]:  [CONTEXT sampling_count=5 ]
05-25 04:52:41.584 I/AiAiEcho( 1546): EchoTargets: 
05-25 04:52:41.584 I/AiAiEcho( 1546): Filtered by AiAi flag check: 
05-25 04:52:41.584 I/AiAiEcho( 1546): [CONTEXT ratelimit_period="10 SECONDS" ]
05-25 04:52:41.584 I/AiAiEcho( 1546): #remoteViewsTwiddler: feature disabled.
05-25 04:52:41.584 I/AiAiEcho( 1546): Predicting[0]:  [CONTEXT sampling_count=5 ]
05-25 04:52:41.584 I/AiAiEcho( 1546): EchoTargets: 
05-25 04:52:41.584 I/AiAiEcho( 1546): Filtered by AiAi flag check: 
05-25 04:52:41.584 I/AiAiEcho( 1546): [CONTEXT ratelimit_period="10 SECONDS" ]
05-25 04:52:41.585 I/AiAiEcho( 1546): #remoteViewsTwiddler: feature disabled.
05-25 04:52:41.585 I/AiAiEcho( 1546): #postPredictionTargets: Sending updates to UISurface lockscreen with targets# 0 (types=[])
05-25 04:52:41.585 I/AiAiEcho( 1546): #postPredictionTargets: Sending updates to UISurface home with targets# 0 (types=[])
05-25 04:52:41.585 W/libbinder.IPCThreadState(  755): Sending oneway calls to frozen process.
05-25 04:52:41.589 W/libbinder.IPCThreadState(  755): Sending oneway calls to frozen process.
05-25 04:52:41.589 W/libbinder.IPCThreadState(  755): Sending oneway calls to frozen process.
05-25 04:52:41.589 W/libbinder.IPCThreadState(  755): Sending oneway calls to frozen process.
05-25 04:52:41.589 W/libbinder.IPCThreadState(  755): Sending oneway calls to frozen process.
05-25 04:52:41.589 W/libbinder.IPCThreadState(  755): Sending oneway calls to frozen process.
05-25 04:52:41.589 W/libbinder.IPCThreadState(  755): Sending oneway calls to frozen process.
05-25 04:52:41.589 W/libbinder.IPCThreadState(  755): Sending oneway calls to frozen process.
05-25 04:52:41.589 W/libbinder.IPCThreadState(  755): Sending oneway calls to frozen process.
05-25 04:52:41.592 W/libbinder.IPCThreadState(  755): Sending oneway calls to frozen process.
05-25 04:52:41.592 W/libbinder.IPCThreadState(  755): Sending oneway calls to frozen process.
05-25 04:52:41.592 W/libbinder.IPCThreadState(  755): Sending oneway calls to frozen process.
05-25 04:52:41.592 W/SsPagerDots( 1012): Total number of pages invalid: 0. Assuming 1 page.
05-25 04:52:41.592 W/libbinder.IPCThreadState(  755): Sending oneway calls to frozen process.
05-25 04:52:41.592 W/libbinder.IPCThreadState(  755): Sending oneway calls to frozen process.
05-25 04:52:41.593 W/libbinder.IPCThreadState(  755): Sending oneway calls to frozen process.
05-25 04:52:41.593 W/libbinder.IPCThreadState(  755): Sending oneway calls to frozen process.
05-25 04:52:41.593 W/libbinder.IPCThreadState(  755): Sending oneway calls to frozen process.
05-25 04:52:41.595 W/libbinder.IPCThreadState(  755): Sending oneway calls to frozen process.
05-25 04:52:41.595 W/libbinder.IPCThreadState(  755): Sending oneway calls to frozen process.
05-25 04:52:41.595 W/libbinder.IPCThreadState(  755): Sending oneway calls to frozen process.
05-25 04:52:41.595 W/libbinder.IPCThreadState(  755): Sending oneway calls to frozen process.
05-25 04:52:41.595 W/libbinder.IPCThreadState(  755): Sending oneway calls to frozen process.
05-25 04:52:41.595 W/libbinder.IPCThreadState(  755): Sending oneway calls to frozen process.
05-25 04:52:41.595 W/libbinder.IPCThreadState(  755): Sending oneway calls to frozen process.
05-25 04:52:41.595 D/BatterySaverPolicy(  755): accessibility changed to true, updating policy.
05-25 04:52:41.598 D/AccessibilityManagerService(  755): .getAccessibilityShortcutTargets {shortcutType=32, userId=0}
05-25 04:52:42.606 W/AccessibilityNodeInfoDumper(19870): Fetch time: 1ms
05-25 04:52:42.609 V/AccessibilityManagerService(  755): onUserStateChangedLocked for userId: 0, forceUpdate: false
05-25 04:52:42.611 I/AiAiEcho( 1546): Settings changed for uri: content://settings/secure/accessibility_enabled
05-25 04:52:42.611 V/AccessibilityUserState(  755): updateShortcutTargets: type:accessibility_shortcut_target_service, current:{}, new:{}
05-25 04:52:42.611 V/AccessibilityUserState(  755): updateShortcutTargets: type:accessibility_button_targets, current:{}, new:{}
05-25 04:52:42.611 V/AccessibilityUserState(  755): updateShortcutTargets: type:accessibility_gesture_targets, current:{}, new:{}
05-25 04:52:42.611 V/AccessibilityUserState(  755): updateShortcutTargets: type:accessibility_qs_targets, current:{}, new:{}
05-25 04:52:42.611 V/AccessibilityUserState(  755): updateShortcutTargets: type:accessibility_key_gesture_targets, current:{}, new:{}
05-25 04:52:42.611 W/MagnificationConnectionManager(  755): requestConnection duplicated request: connect=false, mConnectionState=DISCONNECTED
05-25 04:52:42.611 D/AccessibilityManagerService(  755): restoreCurrentUserForTestAutomationIfNeededLocked(): ignoring because device doesn't support visible background users
05-25 04:52:42.612 W/libbinder.IPCThreadState(  755): Sending oneway calls to frozen process.
05-25 04:52:42.612 I/AiAiEcho( 1546): Predicting[0]:  [CONTEXT sampling_count=5 ]
05-25 04:52:42.612 I/AiAiEcho( 1546): EchoTargets: 
05-25 04:52:42.612 I/AiAiEcho( 1546): Filtered by AiAi flag check: 
05-25 04:52:42.612 I/AiAiEcho( 1546): [CONTEXT ratelimit_period="10 SECONDS" ]
05-25 04:52:42.612 I/AiAiEcho( 1546): #remoteViewsTwiddler: feature disabled.
05-25 04:52:42.612 I/AiAiEcho( 1546): Predicting[0]:  [CONTEXT sampling_count=5 ]
05-25 04:52:42.612 I/AiAiEcho( 1546): EchoTargets: 
05-25 04:52:42.612 I/AiAiEcho( 1546): Filtered by AiAi flag check: 
05-25 04:52:42.612 I/AiAiEcho( 1546): [CONTEXT ratelimit_period="10 SECONDS" ]
05-25 04:52:42.612 I/AiAiEcho( 1546): #remoteViewsTwiddler: feature disabled.
05-25 04:52:42.612 I/AiAiEcho( 1546): #postPredictionTargets: Sending updates to UISurface lockscreen with targets# 0 (types=[])
05-25 04:52:42.612 I/AiAiEcho( 1546): #postPredictionTargets: Sending updates to UISurface home with targets# 0 (types=[])
05-25 04:52:42.613 W/SsPagerDots( 1012): Total number of pages invalid: 0. Assuming 1 page.
05-25 04:52:42.614 D/AndroidRuntime(19870): Shutting down VM
05-25 04:52:42.614 W/libbinder.IPCThreadState(19870): call to talkWithDriver in joinThreadPool returned error: -9 (Bad file descriptor), FD: -1
05-25 04:52:42.614 W/libbinder.IPCThreadState(19870): call to talkWithDriver in joinThreadPool returned error: -9 (Bad file descriptor), FD: -1
05-25 04:52:42.615 W/libbinder.IPCThreadState(  755): Sending oneway calls to frozen process.
05-25 04:52:42.615 W/libbinder.IPCThreadState(  755): Sending oneway calls to frozen process.
05-25 04:52:42.615 W/libbinder.IPCThreadState(  755): Sending oneway calls to frozen process.
05-25 04:52:42.615 W/libbinder.IPCThreadState(  755): Sending oneway calls to frozen process.
05-25 04:52:42.615 W/libbinder.IPCThreadState(  755): Sending oneway calls to frozen process.
05-25 04:52:42.616 W/libbinder.IPCThreadState(  755): Sending oneway calls to frozen process.
05-25 04:52:42.616 W/libbinder.IPCThreadState(  755): Sending oneway calls to frozen process.
05-25 04:52:42.616 W/libbinder.IPCThreadState(  755): Sending oneway calls to frozen process.
05-25 04:52:42.618 W/libbinder.IPCThreadState(  755): Sending oneway calls to frozen process.
05-25 04:52:42.618 W/libbinder.IPCThreadState(  755): Sending oneway calls to frozen process.
05-25 04:52:42.618 W/libbinder.IPCThreadState(  755): Sending oneway calls to frozen process.
05-25 04:52:42.618 W/libbinder.IPCThreadState(  755): Sending oneway calls to frozen process.
05-25 04:52:42.618 W/libbinder.IPCThreadState(  755): Sending oneway calls to frozen process.
05-25 04:52:42.618 W/libbinder.IPCThreadState(  755): Sending oneway calls to frozen process.
05-25 04:52:42.618 W/libbinder.IPCThreadState(  755): Sending oneway calls to frozen process.
05-25 04:52:42.619 W/libbinder.IPCThreadState(  755): Sending oneway calls to frozen process.
05-25 04:52:42.619 W/libbinder.IPCThreadState(  755): Sending oneway calls to frozen process.
05-25 04:52:42.619 W/libbinder.IPCThreadState(  755): Sending oneway calls to frozen process.
05-25 04:52:42.619 W/libbinder.IPCThreadState(  755): Sending oneway calls to frozen process.
05-25 04:52:42.619 W/libbinder.IPCThreadState(  755): Sending oneway calls to frozen process.
05-25 04:52:42.619 W/libbinder.IPCThreadState(  755): Sending oneway calls to frozen process.
05-25 04:52:42.620 W/libbinder.IPCThreadState(  755): Sending oneway calls to frozen process.
05-25 04:52:42.620 W/libbinder.IPCThreadState(  755): Sending oneway calls to frozen process.
05-25 04:52:42.620 D/BatterySaverPolicy(  755): accessibility changed to false, updating policy.
