05-25 03:01:34.708   755   775 V WindowManager: Sent Transition (#31) createdAt=05-25 03:01:34.622 via request=TransitionRequestInfo { type = OPEN, triggerTask = TaskInfo{userId=0 taskId=16 effectiveUid=10219 displayId=0 isRunning=true baseIntent=Intent { act=android.intent.action.MAIN cat=[android.intent.category.LAUNCHER] flg=0x10200000 cmp=com.tiarnanlarkin.danio/.MainActivity } baseActivity=ComponentInfo{com.tiarnanlarkin.danio/com.tiarnanlarkin.danio.MainActivity} topActivity=ComponentInfo{com.tiarnanlarkin.danio/com.tiarnanlarkin.danio.MainActivity} origActivity=null realActivity=ComponentInfo{com.tiarnanlarkin.danio/com.tiarnanlarkin.danio.MainActivity} numActivities=1 lastActiveTime=3697138 supportsMultiWindow=true resizeMode=1 isResizeable=true minWidth=-1 minHeight=-1 defaultMinSize=220 token=WCT{RemoteToken{7bffb2d Task{2b92a13 #16 type=standard I=com.tiarnanlarkin.danio/.MainActivity}}} topActivityType=1 pictureInPictureParams=null shouldDockBigOverlays=false launchIntoPipHostTaskId=-1 lastParentTaskIdBeforePip=-1 displayCutoutSafeInsets=Rect(0, 0 - 0, 0) topActivityInfo=ActivityInfo{d13d862 com.tiarnanlarkin.danio.MainActivity} launchCookies=[] positionInParent=Point(0, 0) parentTaskId=-1 isFocused=false isVisible=false isVisibleRequested=false isTopActivityNoDisplay=false isSleeping=false locusId=null displayAreaFeatureId=1 isTopActivityTransparent=false isActivityStackTransparent=false lastNonFullscreenBounds=null capturedLink=null capturedLinkTimestamp=0 requestedVisibleTypes=503 topActivityRequestOpenInBrowserEducationTimestamp=0 appCompatTaskInfo=AppCompatTaskInfo { topActivityInSizeCompat=false isLeafTask= true eligibleForLetterboxEducation= false isLetterboxEducationEnabled= true isLetterboxDoubleTapEnabled= false eligibleForUserAspectRatioButton= false topActivityBoundsLetterboxed= false isFromLetterboxDoubleTap= false topActivityLetterboxVerticalPosition= -1 topActivityLetterboxHorizontalPosition= -1 topActivityLetterboxWidth=-1 topActivityLetterboxHeight=-1 topActivityAppBounds=Rect(0, 0 - 1080, 2400) isUserFullscreenOverrideEnabled=false isSystemFullscreenOverrideEnabled=false hasMinAspectRatioOverride=false topActivityLetterboxBounds=null cameraCompatTaskInfo=CameraCompatTaskInfo { cameraCompatMode=inactive0} topNonResizableActivityAspectRatio=-1.0} topActivityMainWindowFrame=null isAppBubble=false}, pipChange = null, remoteTransition = null, displayChange = null, requestedLocation = null, userChange = null, windowingLayerChange = null, flags = 0, debugId = 31 }
05-25 03:01:34.709   755   775 V WindowManager:     startWCT=WindowContainerTransaction { changes= {} hops= [] errorCallbackToken=null taskFragmentOrganizer=null }
05-25 03:01:34.709   755   775 V WindowManager:     info={id=31 t=OPEN f=0x0 trk=0 r=[0@Point(0, 0)] c=[
05-25 03:01:34.709   755   775 V WindowManager:         {WCT{RemoteToken{7bffb2d Task{2b92a13 #16 type=standard I=com.tiarnanlarkin.danio/.MainActivity}}} m=OPEN f=NONE leash=Surface(name=Task=16#575)/@0xb3b120a sb=Rect(0, 0 - 1080, 2400) eb=Rect(0, 0 - 1080, 2400) epz=Point(1080, 2400) d=0 taskParent=-1 winMode=1 userId=0},
05-25 03:01:34.709   755   775 V WindowManager:         {WCT{RemoteToken{9b18a9 Task{dee529 #1 type=home}}} m=TO_BACK f=SHOW_WALLPAPER leash=Surface(name=Task=1#42)/@0xd1a2fc4 sb=Rect(0, 0 - 1080, 2400) eb=Rect(0, 0 - 1080, 2400) epz=Point(1080, 2400) d=0 taskParent=-1 winMode=1 userId=0},
05-25 03:01:34.709   755   775 V WindowManager:         {m=TO_BACK f=IS_WALLPAPER leash=Surface(name=WallpaperWindowToken{6b1c075}#58)/@0xe496ad7 sb=Rect(0, 0 - 1080, 2400) eb=Rect(0, 0 - 1080, 2400) epz=Point(1080, 2400) d=0}
05-25 03:01:34.709   755   775 V WindowManager:     ]}
05-25 03:01:34.710  1012  1069 V WindowManagerShell: onTransitionReady (#31) android.os.BinderProxy@20833bd: {id=31 t=OPEN f=0x0 trk=0 r=[0@Point(0, 0)] c=[
05-25 03:01:34.710  1012  1069 V WindowManagerShell:         {m=OPEN f=NONE leash=Surface(name=Task=16#575)/@0xaa630f3 sb=Rect(0, 0 - 1080, 2400) eb=Rect(0, 0 - 1080, 2400) epz=Point(1080, 2400) d=0 taskParent=-1 winMode=1 userId=0},
05-25 03:01:34.710  1012  1069 V WindowManagerShell:         {m=TO_BACK f=SHOW_WALLPAPER leash=Surface(name=Task=1#42)/@0xa9f11b0 sb=Rect(0, 0 - 1080, 2400) eb=Rect(0, 0 - 1080, 2400) epz=Point(1080, 2400) d=0 taskParent=-1 winMode=1 userId=0},
05-25 03:01:34.710  1012  1069 V WindowManagerShell:         {m=TO_BACK f=IS_WALLPAPER leash=Surface(name=WallpaperWindowToken{6b1c075}#58)/@0xb3e5829 sb=Rect(0, 0 - 1080, 2400) eb=Rect(0, 0 - 1080, 2400) epz=Point(1080, 2400) d=0}
05-25 03:01:34.710  1012  1069 V WindowManagerShell:     ]}
05-25 03:01:34.712  1012  1069 V WindowManagerShell: Transition (#31) android.os.BinderProxy@20833bd@0 ready while (#30) android.os.BinderProxy@99a8149@0 is still animating. Notify the animating transition in case they can be merged
05-25 03:01:34.712  1012  1069 V WindowManagerShell:    Requesting merge (#31) into remote: RemoteTransition { remoteTransition = android.window.IRemoteTransition$Stub$Proxy@63321b7, appThread = android.app.IApplicationThread$Stub$Proxy@2954d24, debugName = QuickstepLaunchHome }
05-25 03:01:34.712  1012  1069 V ShellTaskOrganizer: Task appeared taskId=16 listener=FullscreenTaskListener
05-25 03:01:34.712  1012  1069 V ShellTaskOrganizer: Fullscreen Task Appeared: #16
05-25 03:01:34.713  1012  1012 D NavigationModeController: getCurrentUserContext: contextUser=0 currentUser=0
05-25 03:01:34.714   755   778 W libbinder.IPCThreadState: Sending oneway calls to frozen process.
05-25 03:01:34.714  1151  1151 D BaseActivity: Launcher flags updated: [state_started] -[state_window_focused]
05-25 03:01:34.714   755   778 W libbinder.IPCThreadState: Sending oneway calls to frozen process.
05-25 03:01:34.715  1151  1151 V BaseDepthController: Applying blur: 0 to Surface(name=com.google.android.apps.nexuslauncher/com.google.android.apps.nexuslauncher.NexusLauncherActivity#567)/@0xcebc56f applyImmediately: false
05-25 03:01:34.715  1151  1151 D BaseDepthController: shouldBlurWorkspace: false targetState: Normal currentStableState: Normal mCurrentBlur: 0 mLauncher.getDepthBlurTargets(): [com.android.launcher3.Workspace{e9bdd45 V.ED..... ........ 0,0-1080,2400 #7f0a049d app:id/workspace}, com.android.launcher3.Hotseat{965127c V.ED..... .......D 0,1905-1080,2400 #7f0a01ee app:id/hotseat}]
05-25 03:01:34.718   755   778 W PermissionService: getPermissionFlags: Unknown user -1
05-25 03:01:34.718   755   778 W PermissionService: getPermissionFlags: Unknown user -1
05-25 03:01:34.720  1440  1440 I PkDeviceHelper: PkDeviceHelper.refreshDevices():87 refreshing devices
05-25 03:01:34.720  1440  1440 I PkDeviceHelper: PkDeviceHelper.addDevice():125 device qwerty2 added
05-25 03:01:34.720  1440  1440 I PkDeviceHelper: PkDeviceHelper.addDevice():125 device AT Translated Set 2 keyboard added
05-25 03:01:34.721  1012  1190 V WindowManagerShell: Received remote transition finished callback for (#30)
05-25 03:01:34.722  1012  1069 V WindowManagerShell: Transition animation finished (aborted=false), notifying core (#30) android.os.BinderProxy@99a8149@0
05-25 03:01:34.726   755   775 V WindowManager: Finish Transition (#30): created at 05-25 03:01:34.230 collect-started=0.097ms request-sent=0.169ms started=5.806ms ready=7.071ms sent=60.343ms commit=24.729ms finished=495.101ms
05-25 03:01:34.726 10324 10324 D ApplicationLoaders: Returning zygote-cached class loader: /system_ext/framework/androidx.window.extensions.jar
05-25 03:01:34.726 10324 10324 D ApplicationLoaders: Returning zygote-cached class loader: /system_ext/framework/androidx.window.sidecar.jar
05-25 03:01:34.731   755  3184 E libbinder.IPCThreadState: Binder transaction failure. id: 2201523, cmd: BR_DEAD_REPLY (29189), error: -22 (Invalid argument)
05-25 03:01:34.731   755  3184 W ActivityManager: pid 755 system sent binder code 7 with flags 1 and got error -32
05-25 03:01:34.731   755  3184 W WindowManager: Exception thrown during dispatchAppVisibility Window{4186880 u0 com.tiarnanlarkin.danio/com.tiarnanlarkin.danio.MainActivity EXITING}
05-25 03:01:34.731   755  3184 W WindowManager: android.os.DeadObjectException
05-25 03:01:34.731   755  3184 W WindowManager: 	at android.os.BinderProxy.transactNative(Native Method)
05-25 03:01:34.731   755  3184 W WindowManager: 	at android.os.BinderProxy.transact(BinderProxy.java:599)
05-25 03:01:34.731   755  3184 W WindowManager: 	at android.view.IWindow$Stub$Proxy.dispatchAppVisibility(IWindow.java:535)
05-25 03:01:34.731   755  3184 W WindowManager: 	at com.android.server.wm.WindowState.sendAppVisibilityToClients(WindowState.java:3266)
05-25 03:01:34.731   755  3184 W WindowManager: 	at com.android.server.wm.WindowContainer.sendAppVisibilityToClients(WindowContainer.java:1218)
05-25 03:01:34.731   755  3184 W WindowManager: 	at com.android.server.wm.WindowToken.setClientVisible(WindowToken.java:394)
05-25 03:01:34.731   755  3184 W WindowManager: 	at com.android.server.wm.ActivityRecord.commitVisibility(ActivityRecord.java:5626)
05-25 03:01:34.731   755  3184 W WindowManager: 	at com.android.server.wm.Transition.finishTransition(Transition.java:1500)
05-25 03:01:34.731   755  3184 W WindowManager: 	at com.android.server.wm.TransitionController.finishTransition(TransitionController.java:1096)
05-25 03:01:34.731   755  3184 W WindowManager: 	at com.android.server.wm.WindowOrganizerController.finishTransition(WindowOrganizerController.java:518)
05-25 03:01:34.731   755  3184 W WindowManager: 	at android.window.IWindowOrganizerController$Stub.onTransact(IWindowOrganizerController.java:270)
05-25 03:01:34.731   755  3184 W WindowManager: 	at com.android.server.wm.WindowOrganizerController.onTransact(WindowOrganizerController.java:233)
05-25 03:01:34.731   755  3184 W WindowManager: 	at android.os.Binder.execTransactInternal(Binder.java:1478)
05-25 03:01:34.731   755  3184 W WindowManager: 	at android.os.Binder.execTransact(Binder.java:1418)
05-25 03:01:34.731   755  3184 W Process : Unable to open /proc/9765/status
05-25 03:01:34.733  1151  1151 D b/417220811: invalidateLoadedTasks - previous requestLoadId: -1
05-25 03:01:34.736  1012  1069 V WindowManagerShell: Playing animation for (#31) android.os.BinderProxy@20833bd@0
05-25 03:01:34.736  1012  1069 V ShellRecents: RecentsTransitionHandler.startAnimation: no controller found
05-25 03:01:34.736  1012  1069 V WindowManagerShell: Transition doesn't have explicit remote, search filters for match for {id=31 t=OPEN f=0x0 trk=0 r=[0@Point(0, 0)] c=[{m=OPEN f=NONE leash=Surface(name=Task=16#575)/@0xaa630f3 sb=Rect(0, 0 - 1080, 2400) eb=Rect(0, 0 - 1080, 2400) epz=Point(1080, 2400) d=0 taskParent=-1 winMode=1 userId=0},{m=TO_BACK f=SHOW_WALLPAPER leash=Surface(name=Task=1#42)/@0xa9f11b0 sb=Rect(0, 0 - 1080, 2400) eb=Rect(0, 0 - 1080, 2400) epz=Point(1080, 2400) d=0 taskParent=-1 winMode=1 userId=0},{m=TO_BACK f=IS_WALLPAPER leash=Surface(name=WallpaperWindowToken{6b1c075}#58)/@0xb3e5829 sb=Rect(0, 0 - 1080, 2400) eb=Rect(0, 0 - 1080, 2400) epz=Point(1080, 2400) d=0}]}
05-25 03:01:34.737  1012  1069 V WindowManagerShell:  Checking filter Pair{{types=[] flags=0x0] notFlags=0x0 checks=[{atype=undefined independent=true modes=[CLOSE,TO_BACK] flags=IN_TASK_WITH_EMBEDDED_ACTIVITY mustBeTask=false order=ANY topActivity=null launchCookie=null taskFragmentToken=android.os.BinderProxy@783bfea windowingMode=undefined isCrossDisplayMove=false}]} RemoteTransition { remoteTransition = android.window.IRemoteTransition$Stub$Proxy@8e32db, appThread = android.app.IApplicationThread$Stub$Proxy@6c9178, debugName = overlayBackTransition }}
05-25 03:01:34.737  1012  1069 V WindowManagerShell:  Checking filter Pair{{types=[] flags=0x0] notFlags=0x0 checks=[{atype=dream independent=true modes=[OPEN,TO_FRONT] flags=NONE mustBeTask=false order=ANY topActivity=null launchCookie=null windowingMode=undefined isCrossDisplayMove=false},{atype=home independent=true modes=[CLOSE,TO_BACK] flags=NONE mustBeTask=false order=ANY topActivity=null launchCookie=null windowingMode=undefined isCrossDisplayMove=false}]} RemoteTransition { remoteTransition = android.window.IRemoteTransition$Stub$Proxy@d5cb051, appThread = android.app.IApplicationThread$Stub$Proxy@dd5f0b6, debugName = LauncherToDream }}
05-25 03:01:34.737  1012  1069 V WindowManagerShell:  Checking filter Pair{{types=[] flags=0x0] notFlags=0x100 checks=[{atype=home independent=true modes=[OPEN,TO_FRONT] flags=NONE mustBeTask=false order=TOP topActivity=ComponentInfo{com.google.android.apps.nexuslauncher/com.google.android.apps.nexuslauncher.NexusLauncherActivity} launchCookie=null windowingMode=undefined isCrossDisplayMove=false},{atype=standard independent=true modes=[CLOSE,TO_BACK] flags=NONE mustBeTask=false order=ANY topActivity=null launchCookie=null windowingMode=undefined isCrossDisplayMove=false},{NOT atype=undefined independent=true modes=[] flags=NONE mustBeTask=true order=ANY topActivity=null launchCookie=null customAnim=true windowingMode=undefined isCrossDisplayMove=false}]} RemoteTransition { remoteTransition = android.window.IRemoteTransition$Stub$Proxy@63321b7, appThread = android.app.IApplicationThread$Stub$Proxy@2954d24, debugName = QuickstepLaunchHome }}
05-25 03:01:34.737  1012  1069 V WindowManagerShell:  Delegate animation for (#31) to null
05-25 03:01:34.737  1012  1069 V WindowManagerShell: start default transition animation, info = {id=31 t=OPEN f=0x0 trk=0 r=[0@Point(0, 0)] c=[{m=OPEN f=NONE leash=Surface(name=Task=16#575)/@0xaa630f3 sb=Rect(0, 0 - 1080, 2400) eb=Rect(0, 0 - 1080, 2400) epz=Point(1080, 2400) d=0 taskParent=-1 winMode=1 userId=0},{m=TO_BACK f=SHOW_WALLPAPER leash=Surface(name=Task=1#42)/@0xa9f11b0 sb=Rect(0, 0 - 1080, 2400) eb=Rect(0, 0 - 1080, 2400) epz=Point(1080, 2400) d=0 taskParent=-1 winMode=1 userId=0},{m=TO_BACK f=IS_WALLPAPER leash=Surface(name=WallpaperWindowToken{6b1c075}#58)/@0xb3e5829 sb=Rect(0, 0 - 1080, 2400) eb=Rect(0, 0 - 1080, 2400) epz=Point(1080, 2400) d=0}]}
05-25 03:01:34.737  1012  1069 V WindowManagerShell: loadAnimation: anim=android.view.animation.AnimationSet@91a20ba animAttr=0x13 type=OPEN isEntrance=false
05-25 03:01:34.737  1012  1069 V WindowManagerShell: loadAnimation: anim=android.view.animation.AnimationSet@7b98e86 animAttr=0x12 type=OPEN isEntrance=true
05-25 03:01:34.739  1012  1069 V WindowManagerShell:  animated by com.android.wm.shell.transition.DefaultTransitionHandler@7b0dc0f
05-25 03:01:34.745  1151  1151 V BaseDepthController: Applying blur: 0 to Surface(name=com.google.android.apps.nexuslauncher/com.google.android.apps.nexuslauncher.NexusLauncherActivity#567)/@0xcebc56f applyImmediately: false
05-25 03:01:34.745  1151  1151 D BaseDepthController: shouldBlurWorkspace: false targetState: Normal currentStableState: Normal mCurrentBlur: 0 mLauncher.getDepthBlurTargets(): [com.android.launcher3.Workspace{e9bdd45 V.ED..... ........ 0,0-1080,2400 #7f0a049d app:id/workspace}, com.android.launcher3.Hotseat{965127c V.ED..... .......D 0,1905-1080,2400 #7f0a01ee app:id/hotseat}]
05-25 03:01:34.751  1012  1069 V ShellTaskOrganizer: Task vanished taskId=15
05-25 03:01:34.751  1012  1069 V ShellTaskOrganizer: Fullscreen Task Vanished: #15
05-25 03:01:34.752  1012  1069 D ShellDesktopMode: AppToWebRepository: Task 15 is vanishing. Removing task data from repository
05-25 03:01:34.752  1151  1151 D b/417220811: invalidateLoadedTasks - previous requestLoadId: -1
05-25 03:01:34.752  1151  1151 D RecentsView: onTaskRemoved: 15, not handling task stack changes
05-25 03:01:34.753  1151  1151 D RecentsView: onTaskRemoved: 15, not handling task stack changes
05-25 03:01:34.753  1151  1151 D b/417220811: invalidateLoadedTasks - previous requestLoadId: -1
05-25 03:01:34.758   755  1052 W WindowManager: takeTaskSnapshot: taskId=15 not found or not visible
05-25 03:01:34.760   620   620 E BpTransactionCompletedListener: Failed to transact (-32)
05-25 03:01:34.760   620   620 E BpTransactionCompletedListener: Failed to transact (-32)
05-25 03:01:34.761  1151  1151 V BaseDepthController: Applying blur: 0 to Surface(name=com.google.android.apps.nexuslauncher/com.google.android.apps.nexuslauncher.NexusLauncherActivity#567)/@0xcebc56f applyImmediately: false
05-25 03:01:34.761  1151  1151 D BaseDepthController: shouldBlurWorkspace: false targetState: Normal currentStableState: Normal mCurrentBlur: 0 mLauncher.getDepthBlurTargets(): [com.android.launcher3.Workspace{e9bdd45 V.ED..... ........ 0,0-1080,2400 #7f0a049d app:id/workspace}, com.android.launcher3.Hotseat{965127c V.ED..... ........ 0,1905-1080,2400 #7f0a01ee app:id/hotseat}]
05-25 03:01:34.776  1151  1151 V BaseDepthController: Applying blur: 0 to Surface(name=com.google.android.apps.nexuslauncher/com.google.android.apps.nexuslauncher.NexusLauncherActivity#567)/@0xcebc56f applyImmediately: false
05-25 03:01:34.777  1151  1151 D BaseDepthController: shouldBlurWorkspace: false targetState: Normal currentStableState: Normal mCurrentBlur: 0 mLauncher.getDepthBlurTargets(): [com.android.launcher3.Workspace{e9bdd45 V.ED..... ........ 0,0-1080,2400 #7f0a049d app:id/workspace}, com.android.launcher3.Hotseat{965127c V.ED..... ........ 0,1905-1080,2400 #7f0a01ee app:id/hotseat}]
05-25 03:01:34.781   755  3184 W WindowManager: takeTaskSnapshot: taskId=15 not found or not visible
05-25 03:01:34.795  1151  1151 V BaseDepthController: Applying blur: 0 to Surface(name=com.google.android.apps.nexuslauncher/com.google.android.apps.nexuslauncher.NexusLauncherActivity#567)/@0xcebc56f applyImmediately: false
05-25 03:01:34.795  1151  1151 D BaseDepthController: shouldBlurWorkspace: false targetState: Normal currentStableState: Normal mCurrentBlur: 0 mLauncher.getDepthBlurTargets(): [com.android.launcher3.Workspace{e9bdd45 V.ED..... ........ 0,0-1080,2400 #7f0a049d app:id/workspace}, com.android.launcher3.Hotseat{965127c V.ED..... ........ 0,1905-1080,2400 #7f0a01ee app:id/hotseat}]
05-25 03:01:34.800  1151  1160 W System  : A resource failed to call release. 
05-25 03:01:34.813  1151  1151 V BaseDepthController: Applying blur: 0 to Surface(name=com.google.android.apps.nexuslauncher/com.google.android.apps.nexuslauncher.NexusLauncherActivity#567)/@0xcebc56f applyImmediately: false
05-25 03:01:34.813  1151  1151 D BaseDepthController: shouldBlurWorkspace: false targetState: Normal currentStableState: Normal mCurrentBlur: 0 mLauncher.getDepthBlurTargets(): [com.android.launcher3.Workspace{e9bdd45 V.ED..... ........ 0,0-1080,2400 #7f0a049d app:id/workspace}, com.android.launcher3.Hotseat{965127c V.ED..... ........ 0,1905-1080,2400 #7f0a01ee app:id/hotseat}]
05-25 03:01:34.827  1151  1151 V BaseDepthController: Applying blur: 0 to Surface(name=com.google.android.apps.nexuslauncher/com.google.android.apps.nexuslauncher.NexusLauncherActivity#567)/@0xcebc56f applyImmediately: false
05-25 03:01:34.827  1151  1151 D BaseDepthController: shouldBlurWorkspace: false targetState: Normal currentStableState: Normal mCurrentBlur: 0 mLauncher.getDepthBlurTargets(): [com.android.launcher3.Workspace{e9bdd45 V.ED..... ........ 0,0-1080,2400 #7f0a049d app:id/workspace}, com.android.launcher3.Hotseat{965127c V.ED..... ........ 0,1905-1080,2400 #7f0a01ee app:id/hotseat}]
05-25 03:01:34.844  1151  1151 V BaseDepthController: Applying blur: 0 to Surface(name=com.google.android.apps.nexuslauncher/com.google.android.apps.nexuslauncher.NexusLauncherActivity#567)/@0xcebc56f applyImmediately: false
05-25 03:01:34.844  1151  1151 D BaseDepthController: shouldBlurWorkspace: false targetState: Normal currentStableState: Normal mCurrentBlur: 0 mLauncher.getDepthBlurTargets(): [com.android.launcher3.Workspace{e9bdd45 V.ED..... ........ 0,0-1080,2400 #7f0a049d app:id/workspace}, com.android.launcher3.Hotseat{965127c V.ED..... ........ 0,1905-1080,2400 #7f0a01ee app:id/hotseat}]
05-25 03:01:34.861  1151  1151 V BaseDepthController: Applying blur: 0 to Surface(name=com.google.android.apps.nexuslauncher/com.google.android.apps.nexuslauncher.NexusLauncherActivity#567)/@0xcebc56f applyImmediately: false
05-25 03:01:34.862  1151  1151 D BaseDepthController: shouldBlurWorkspace: false targetState: Normal currentStableState: Normal mCurrentBlur: 0 mLauncher.getDepthBlurTargets(): [com.android.launcher3.Workspace{e9bdd45 V.ED..... ........ 0,0-1080,2400 #7f0a049d app:id/workspace}, com.android.launcher3.Hotseat{965127c V.ED..... ........ 0,1905-1080,2400 #7f0a01ee app:id/hotseat}]
05-25 03:01:34.877  1151  1151 V BaseDepthController: Applying blur: 0 to Surface(name=com.google.android.apps.nexuslauncher/com.google.android.apps.nexuslauncher.NexusLauncherActivity#567)/@0xcebc56f applyImmediately: false
05-25 03:01:34.877  1151  1151 D BaseDepthController: shouldBlurWorkspace: false targetState: Normal currentStableState: Normal mCurrentBlur: 0 mLauncher.getDepthBlurTargets(): [com.android.launcher3.Workspace{e9bdd45 V.ED..... ........ 0,0-1080,2400 #7f0a049d app:id/workspace}, com.android.launcher3.Hotseat{965127c V.ED..... ........ 0,1905-1080,2400 #7f0a01ee app:id/hotseat}]
05-25 03:01:34.893  1151  1151 V BaseDepthController: Applying blur: 0 to Surface(name=com.google.android.apps.nexuslauncher/com.google.android.apps.nexuslauncher.NexusLauncherActivity#567)/@0xcebc56f applyImmediately: false
05-25 03:01:34.894  1151  1151 D BaseDepthController: shouldBlurWorkspace: false targetState: Normal currentStableState: Normal mCurrentBlur: 0 mLauncher.getDepthBlurTargets(): [com.android.launcher3.Workspace{e9bdd45 V.ED..... ........ 0,0-1080,2400 #7f0a049d app:id/workspace}, com.android.launcher3.Hotseat{965127c V.ED..... ........ 0,1905-1080,2400 #7f0a01ee app:id/hotseat}]
05-25 03:01:34.911  1151  1151 V BaseDepthController: Applying blur: 0 to Surface(name=com.google.android.apps.nexuslauncher/com.google.android.apps.nexuslauncher.NexusLauncherActivity#567)/@0xcebc56f applyImmediately: false
05-25 03:01:34.911  1151  1151 D BaseDepthController: shouldBlurWorkspace: false targetState: Normal currentStableState: Normal mCurrentBlur: 0 mLauncher.getDepthBlurTargets(): [com.android.launcher3.Workspace{e9bdd45 V.ED..... ........ 0,0-1080,2400 #7f0a049d app:id/workspace}, com.android.launcher3.Hotseat{965127c V.ED..... ........ 0,1905-1080,2400 #7f0a01ee app:id/hotseat}]
05-25 03:01:34.924   755   966 D BackgroundInstallControlService: Package event received: 0
05-25 03:01:34.925   755   755 V NotificationHistory: Attempted to add notif for locked/gone/disabled user 0
05-25 03:01:34.931  1546  2111 W AiAiEcho: LyftNotificationParser Ridesharing ETA not enabled
05-25 03:01:34.931  1546  2111 I AiAiEcho: SmartspaceNotificationPredictor no parser can handle this notification or notification is invalid
05-25 03:01:34.946  1151  1151 V BaseDepthController: Applying blur: 0 to Surface(name=com.google.android.apps.nexuslauncher/com.google.android.apps.nexuslauncher.NexusLauncherActivity#567)/@0xcebc56f applyImmediately: false
05-25 03:01:34.947  1151  1151 D BaseDepthController: shouldBlurWorkspace: false targetState: Normal currentStableState: Normal mCurrentBlur: 0 mLauncher.getDepthBlurTargets(): [com.android.launcher3.Workspace{e9bdd45 V.ED..... ........ 0,0-1080,2400 #7f0a049d app:id/workspace}, com.android.launcher3.Hotseat{965127c V.ED..... ........ 0,1905-1080,2400 #7f0a01ee app:id/hotseat}]
05-25 03:01:34.960  1151  1151 V BaseDepthController: Applying blur: 0 to Surface(name=com.google.android.apps.nexuslauncher/com.google.android.apps.nexuslauncher.NexusLauncherActivity#567)/@0xcebc56f applyImmediately: false
05-25 03:01:34.960  1151  1151 D BaseDepthController: shouldBlurWorkspace: false targetState: Normal currentStableState: Normal mCurrentBlur: 0 mLauncher.getDepthBlurTargets(): [com.android.launcher3.Workspace{e9bdd45 V.ED..... ........ 0,0-1080,2400 #7f0a049d app:id/workspace}, com.android.launcher3.Hotseat{965127c V.ED..... ........ 0,1905-1080,2400 #7f0a01ee app:id/hotseat}]
05-25 03:01:35.023  1151  1151 V BaseDepthController: Applying blur: 0 to Surface(name=com.google.android.apps.nexuslauncher/com.google.android.apps.nexuslauncher.NexusLauncherActivity#567)/@0xcebc56f applyImmediately: false
05-25 03:01:35.023  1151  1151 D BaseDepthController: shouldBlurWorkspace: false targetState: Normal currentStableState: Normal mCurrentBlur: 0 mLauncher.getDepthBlurTargets(): [com.android.launcher3.Workspace{e9bdd45 V.ED..... ........ 0,0-1080,2400 #7f0a049d app:id/workspace}, com.android.launcher3.Hotseat{965127c V.ED..... ........ 0,1905-1080,2400 #7f0a01ee app:id/hotseat}]
05-25 03:01:35.034  1151  1151 V BaseDepthController: Applying blur: 0 to Surface(name=com.google.android.apps.nexuslauncher/com.google.android.apps.nexuslauncher.NexusLauncherActivity#567)/@0xcebc56f applyImmediately: false
05-25 03:01:35.034  1151  1151 D BaseDepthController: shouldBlurWorkspace: false targetState: Normal currentStableState: Normal mCurrentBlur: 0 mLauncher.getDepthBlurTargets(): [com.android.launcher3.Workspace{e9bdd45 V.ED..... ........ 0,0-1080,2400 #7f0a049d app:id/workspace}, com.android.launcher3.Hotseat{965127c V.ED..... ........ 0,1905-1080,2400 #7f0a01ee app:id/hotseat}]
05-25 03:01:35.037  1012 10340 W HWUI    : Failed to choose config with EGL_SWAP_BEHAVIOR_PRESERVED, retrying without...
05-25 03:01:35.037  1012 10340 W HWUI    : Failed to initialize 101010-2 format, error = EGL_SUCCESS
05-25 03:01:35.055  1012  1069 V WindowManagerShell: Transition animation finished (aborted=false), notifying core (#31) android.os.BinderProxy@20833bd@0
05-25 03:01:35.075 10324 10324 D nativeloader: Configuring clns-9 for other apk /data/app/~~bxGE44ltLdsjS_TsFy3LPw==/com.tiarnanlarkin.danio-pYx5xOL31uYyyOs53mWbXQ==/base.apk. target_sdk_version=36, uses_libraries=, library_path=/data/app/~~bxGE44ltLdsjS_TsFy3LPw==/com.tiarnanlarkin.danio-pYx5xOL31uYyyOs53mWbXQ==/lib/x86_64:/data/app/~~bxGE44ltLdsjS_TsFy3LPw==/com.tiarnanlarkin.danio-pYx5xOL31uYyyOs53mWbXQ==/base.apk!/lib/x86_64, permitted_path=/data:/mnt/expand:/data/user/0/com.tiarnanlarkin.danio
05-25 03:01:35.090   755   775 V WindowManager: Finish Transition (#31): created at 05-25 03:01:34.622 collect-started=0.091ms request-sent=7.256ms started=12.486ms ready=78.767ms sent=81.63ms commit=40.363ms finished=467.723ms
05-25 03:01:35.092  1012  1348 D WallpaperService: onVisibilityChanged(false): com.android.systemui.wallpapers.ImageWallpaper$CanvasEngine@ca2f989
05-25 03:01:35.092  1012  1069 V WindowManagerShell: Track 0 became idle
05-25 03:01:35.092  1012  1069 V WindowManagerShell: All active transition animations finished
05-25 03:01:35.093 10324 10324 V GraphicsEnvironment: Currently set values for:
05-25 03:01:35.093 10324 10324 V GraphicsEnvironment:   angle_gl_driver_selection_pkgs=[]
05-25 03:01:35.093 10324 10324 V GraphicsEnvironment:   angle_gl_driver_selection_values=[]
05-25 03:01:35.093 10324 10324 V GraphicsEnvironment: com.tiarnanlarkin.danio is not listed in per-application setting
05-25 03:01:35.093 10324 10324 V GraphicsEnvironment: ANGLE allowlist from config: com.dreamgames.royalmatch com.dts.freefiremax com.dxx.firenow com.gramgames.mergedragons com.ludo.king com.mojang.minecraftpe com.my.defense com.nintendo.zaka com.os.airforce com.playrix.fishdomdd.gplay io.teslatech.callbreak jp.konami.prospia net.peakgames.toonblast
05-25 03:01:35.093 10324 10324 V GraphicsEnvironment: No special selections for ANGLE, returning default driver choice
05-25 03:01:35.093 10324 10324 V GraphicsEnvironment: Neither updatable production driver nor prerelease driver is supported.
05-25 03:01:35.094  1151  1151 D VRI[NexusLauncherActivity]: visibilityChanged oldVisibility=true newVisibility=false
05-25 03:01:35.094  1151  1151 V BaseDepthController: Applying blur: 0 to Surface(name=com.google.android.apps.nexuslauncher/com.google.android.apps.nexuslauncher.NexusLauncherActivity#567)/@0xcebc56f applyImmediately: false
05-25 03:01:35.094  1151  1151 D BaseDepthController: shouldBlurWorkspace: false targetState: Normal currentStableState: Normal mCurrentBlur: 0 mLauncher.getDepthBlurTargets(): [com.android.launcher3.Workspace{e9bdd45 V.ED..... ........ 0,0-1080,2400 #7f0a049d app:id/workspace}, com.android.launcher3.Hotseat{965127c V.ED..... ........ 0,1905-1080,2400 #7f0a01ee app:id/hotseat}]
05-25 03:01:35.095  1151  1151 D NexusLauncherModelDelegate: notifySmartspaceEvent: SmartspaceTargetEvent{mSmartspaceTarget=null, mSmartspaceActionId='null', mEventType=7}
05-25 03:01:35.097   755   989 W ImageReader_JNI: Unable to acquire a buffer item, very likely client tried to acquire more than maxImages buffers
05-25 03:01:35.125 10324 10343 I DisplayManager: Choreographer implicitly registered for the refresh rate.
05-25 03:01:35.135 10324 10324 E ashmem  : Pinning is deprecated since Android Q. Please use trim or other methods.
05-25 03:01:35.154   755   966 D BackgroundInstallControlService: Package event received: 0
05-25 03:01:35.154   755   966 D BackgroundInstallControlService: Package event received: 0
05-25 03:01:35.161  1151  1151 D BaseDepthController: mSurface is not valid
05-25 03:01:35.164 10324 10345 D FlutterJNI: Beginning load of flutter...
05-25 03:01:35.170 10324 10346 I ResourceExtractor: Found extracted resources res_timestamp-1-1779673908088
05-25 03:01:35.179  1012  1241 I PluginActionManager[com.android.systemui.action.PLUGIN_NOTIFICATION_MENU_ROW]: Found 0 plugins
05-25 03:01:35.250 10324 10345 D nativeloader: Load /data/app/~~bxGE44ltLdsjS_TsFy3LPw==/com.tiarnanlarkin.danio-pYx5xOL31uYyyOs53mWbXQ==/base.apk!/lib/x86_64/libflutter.so using class loader ns clns-9 (caller=/data/app/~~bxGE44ltLdsjS_TsFy3LPw==/com.tiarnanlarkin.danio-pYx5xOL31uYyyOs53mWbXQ==/base.apk): ok
05-25 03:01:35.252 10324 10343 I GFXSTREAM: [eglDisplay.cpp(297)] Opening libGLESv1_CM_emulation.so
05-25 03:01:35.253 10324 10345 D FlutterJNI: flutter (null) was loaded normally!
05-25 03:01:35.254 10324 10343 I GFXSTREAM: [eglDisplay.cpp(297)] Opening libGLESv2_emulation.so
05-25 03:01:35.256   755  3184 D FileUtils: Rounded bytes from 4104835072 to 8000000000
05-25 03:01:35.263 10324 10343 W HWUI    : Failed to choose config with EGL_SWAP_BEHAVIOR_PRESERVED, retrying without...
05-25 03:01:35.263 10324 10343 W HWUI    : Failed to initialize 101010-2 format, error = EGL_SUCCESS
05-25 03:01:35.272 10324 10324 W nanlarkin.danio: type=1400 audit(0.0:51): avc:  denied  { read } for  name="max_map_count" dev="proc" ino=18116 scontext=u:r:untrusted_app:s0:c219,c256,c512,c768 tcontext=u:object_r:proc_max_map_count:s0 tclass=file permissive=0 app=com.tiarnanlarkin.danio
05-25 03:01:35.297 10324 10324 D DesktopExperienceFlags: Toggle override initialized to: false
05-25 03:01:35.297 10324 10324 D DesktopModeFlags: Toggle override initialized to: OVERRIDE_UNSET
05-25 03:01:35.311  1151  1151 D ScalingWorkspaceRevealAnim: onAnimationEnd, workspace and hotseat are visible
05-25 03:01:35.311  1151  1151 D BaseDepthController: mSurface is not valid
05-25 03:01:35.344 10324 10355 I flutter : The Dart VM service is listening on http://127.0.0.1:35209/tGsIwVxc9Lc=/
05-25 03:01:35.369 10324 10348 I flutter : [IMPORTANT:flutter/shell/platform/android/android_context_gl_impeller.cc(104)] Using the Impeller rendering backend (OpenGLES).
05-25 03:01:35.659 10324 10324 D com.llfbandit.app_links: Intent { act=android.intent.action.MAIN cat=[android.intent.category.LAUNCHER] flg=0x10200000 cmp=com.tiarnanlarkin.danio/.MainActivity }
05-25 03:01:35.707 10324 10324 I nanlarkin.danio: hiddenapi: Accessing hidden method Landroid/view/accessibility/AccessibilityNodeInfo;->getSourceNodeId()J (runtime_flags=0, domain=platform, api=unsupported,test-api) from Lio/flutter/view/AccessibilityViewEmbedder$ReflectionAccessors; (domain=app, TargetSdkVersion=36) using reflection: allowed
05-25 03:01:35.707 10324 10324 I nanlarkin.danio: hiddenapi: Accessing hidden method Landroid/view/accessibility/AccessibilityRecord;->getSourceNodeId()J (runtime_flags=0, domain=platform, api=unsupported) from Lio/flutter/view/AccessibilityViewEmbedder$ReflectionAccessors; (domain=app, TargetSdkVersion=36) using reflection: allowed
05-25 03:01:35.707 10324 10324 I nanlarkin.danio: hiddenapi: Accessing hidden field Landroid/view/accessibility/AccessibilityNodeInfo;->mChildNodeIds:Landroid/util/LongArray; (runtime_flags=0, domain=platform, api=unsupported) from Lio/flutter/view/AccessibilityViewEmbedder$ReflectionAccessors; (domain=app, TargetSdkVersion=36) using reflection: allowed
05-25 03:01:35.707 10324 10324 I nanlarkin.danio: hiddenapi: Accessing hidden method Landroid/util/LongArray;->get(I)J (runtime_flags=0, domain=platform, api=unsupported) from Lio/flutter/view/AccessibilityViewEmbedder$ReflectionAccessors; (domain=app, TargetSdkVersion=36) using reflection: allowed
05-25 03:01:35.719 10324 10324 D FlutterRenderer: Width is zero. 0,0
05-25 03:01:35.722 10324 10324 D CompatChangeReporter: Compat change id reported: 377864165; UID 10219; state: ENABLED
05-25 03:01:35.736 10324 10324 W HWUI    : Unknown dataspace 0
05-25 03:01:35.806   755   906 I HalDevMgr: bestIfaceCreationProposal is null, requestIface=STA, existingIface=[name=wlan0 type=STA]
05-25 03:01:35.946 10324 10324 D WindowOnBackDispatcher: setTopOnBackInvokedCallback (unwrapped): android.app.Activity$$ExternalSyntheticLambda0@d0bdb56
05-25 03:01:35.946   755  3184 D CoreBackPreview: Window{b2b2e40 u0 com.tiarnanlarkin.danio/com.tiarnanlarkin.danio.MainActivity}: Setting back callback OnBackInvokedCallbackInfo{mCallback=android.window.IOnBackInvokedCallback$Stub$Proxy@7c2db1f, mPriority=-1, mIsAnimationCallback=false, mOverrideBehavior=0}
05-25 03:01:35.990 10324 10324 I WindowExtensionsImpl: Initializing Window Extensions, vendor API level=9, activity embedding enabled=true
05-25 03:01:36.012 10324 10324 D VRI[MainActivity]: WindowInsets changed: 1080x2400 statusBars:[0,63,0,0] navigationBars:[0,0,0,63] mandatorySystemGestures:[0,63,0,84] 
05-25 03:01:36.013 10324 10324 D FlutterRenderer: Width is zero. 0,0
05-25 03:01:36.023 10324 10324 D FlutterRenderer: Width is zero. 0,0
05-25 03:01:36.025 10324 10324 D FlutterJNI: Sending viewport metrics to the engine.
05-25 03:01:36.180 10324 10329 I nanlarkin.danio: Compiler allocated 5087KB to compile void android.view.ViewRootImpl.performTraversals()
05-25 03:01:36.525 10324 10324 D FlutterJNI: Sending viewport metrics to the engine.
05-25 03:01:36.984 10324 10324 D WindowLayoutComponentImpl: Register WindowLayoutInfoListener on Context=com.tiarnanlarkin.danio.MainActivity@aefbe53, of which baseContext=android.app.ContextImpl@840039a
05-25 03:01:37.038   755   775 I ActivityTaskManager: Displayed com.tiarnanlarkin.danio/.MainActivity for user 0: +2s417ms
05-25 03:01:37.038   755   775 I ActivityTaskManager: Fully drawn com.tiarnanlarkin.danio/.MainActivity: +2s417ms
05-25 03:01:37.413   663   745 W libbinder.IPCThreadState: Sending oneway calls to frozen process.
05-25 03:01:37.425  1151  1151 D BaseActivity: Launcher flags updated: [] -[state_started]
05-25 03:01:37.425  1151  1151 D BaseDepthController: setSurface:
05-25 03:01:37.425  1151  1151 D BaseDepthController: 	mWaitingOnSurfaceValidity: true
05-25 03:01:37.425  1151  1151 D BaseDepthController: 	mBaseSurface: null
05-25 03:01:37.425  1151  1151 D BaseDepthController: mSurface is null and mCurrentBlur is: 0
05-25 03:01:37.425  1151  1151 D BaseDepthController: setEarlyWakeup: false
05-25 03:01:37.426  1151  1151 D LauncherStateManager: StateManager.goToState: fromState: Normal, toState: Normal, partial trace:
05-25 03:01:37.426  1151  1151 D LauncherStateManager: 	at com.android.launcher3.statemanager.StateManager.moveToRestState(go/retraceme 7101499b44b219b757f6885b35ae099b24fc769225595efcaaacae5b0f94500b:6)
05-25 03:01:37.426  1151  1151 D LauncherStateManager: 	at com.android.launcher3.statemanager.StateManager.moveToRestState(go/retraceme 7101499b44b219b757f6885b35ae099b24fc769225595efcaaacae5b0f94500b:2)
05-25 03:01:37.426  1151  1151 D LauncherStateManager: 	at com.android.launcher3.statemanager.StatefulActivity.onStop(go/retraceme 7101499b44b219b757f6885b35ae099b24fc769225595efcaaacae5b0f94500b:32)
05-25 03:01:37.426  1151  1151 D LauncherStateManager: StateManager.onRepeatStateSetAborted: state: Normal
05-25 03:01:37.426  1151  1151 D ActivityContext: hideKeyboard
05-25 03:01:37.426  1151  1151 D ActivityContext: isImeShown: false
05-25 03:01:37.426  1151  1151 D StatsLog: LAUNCHER_ONSTOP
05-25 03:01:37.427  1151  1151 D StatsLog: LAUNCHER_GOOGLE_SEARCH_RESTORE_LIST_SIZE_AFTER_ACTIVITY_RESTART
05-25 03:01:37.442   755   966 D BackgroundInstallControlService: Package event received: 0
05-25 03:01:37.475  1012  1131 W FrameTracker: Missed SF frame:JANK_COMPOSER, 1649532, 4068507, CUJ=J<SPLASHSCREEN_EXIT_ANIM>
05-25 03:01:37.475  1012  1131 W FrameTracker: Missed SF frame:JANK_COMPOSER, 1649548, 5335247, CUJ=J<SPLASHSCREEN_EXIT_ANIM>
05-25 03:01:37.475  1012  1131 W FrameTracker: Missed SF frame:JANK_COMPOSER, 1649556, 4427364, CUJ=J<SPLASHSCREEN_EXIT_ANIM>
05-25 03:01:37.475  1012  1131 W FrameTracker: Missed SF frame:JANK_COMPOSER, 1649564, 4042058, CUJ=J<SPLASHSCREEN_EXIT_ANIM>
05-25 03:01:37.475  1012  1131 W FrameTracker: Missed SF frame:JANK_COMPOSER, 1649628, 4245335, CUJ=J<SPLASHSCREEN_EXIT_ANIM>
05-25 03:01:37.475  1012  1131 W FrameTracker: Missed SF frame:JANK_COMPOSER, 1649636, 4014126, CUJ=J<SPLASHSCREEN_EXIT_ANIM>
05-25 03:01:37.475  1012  1131 W FrameTracker: Missed SF frame:JANK_COMPOSER, 1649675, 5391522, CUJ=J<SPLASHSCREEN_EXIT_ANIM>
05-25 03:01:37.517  1012  1022 W System  : A resource failed to call release. 
05-25 03:01:37.517  1012  1022 W System  : A resource failed to call release. 
05-25 03:01:37.517  1012  1022 W System  : A resource failed to call release. 
05-25 03:01:37.517  1012  1022 W System  : A resource failed to call release. 
05-25 03:01:37.517  1012  1022 W System  : A resource failed to call release. 
05-25 03:01:37.517  1012  1022 W System  : A resource failed to call release. 
05-25 03:01:37.517  1012  1022 W System  : A resource failed to call release. 
05-25 03:01:37.517  1012  1022 W System  : A resource failed to call release. 
05-25 03:01:37.926 10324 10324 I flutter : [LocalJsonStorageService] ✅ Storage loaded successfully: 1 tanks, 0 livestock, 0 equipment
05-25 03:01:37.930 10324 10324 D FlutterJNI: Sending viewport metrics to the engine.
05-25 03:01:38.021 10324 10324 D WindowOnBackDispatcher: setTopOnBackInvokedCallback (unwrapped): io.flutter.embedding.android.FlutterActivity$1@b0f31f9
05-25 03:01:38.022   755  1925 D CoreBackPreview: Window{b2b2e40 u0 com.tiarnanlarkin.danio/com.tiarnanlarkin.danio.MainActivity}: Setting back callback OnBackInvokedCallbackInfo{mCallback=android.window.IOnBackInvokedCallback$Stub$Proxy@303f488, mPriority=0, mIsAnimationCallback=true, mOverrideBehavior=0}
05-25 03:01:38.022 10324 10324 D WindowOnBackDispatcher: setTopOnBackInvokedCallback (unwrapped): android.app.Activity$$ExternalSyntheticLambda0@d0bdb56
05-25 03:01:38.022   755  1925 D CoreBackPreview: Window{b2b2e40 u0 com.tiarnanlarkin.danio/com.tiarnanlarkin.danio.MainActivity}: Setting back callback OnBackInvokedCallbackInfo{mCallback=android.window.IOnBackInvokedCallback$Stub$Proxy@660be21, mPriority=-1, mIsAnimationCallback=false, mOverrideBehavior=0}
05-25 03:01:38.036   755   873 I ImeTracker: com.tiarnanlarkin.danio:e54b78ae: onRequestHide at ORIGIN_SERVER reason HIDE_UNSPECIFIED_WINDOW fromUser false
05-25 03:01:38.036 10324 10324 D FlutterJNI: Sending viewport metrics to the engine.
05-25 03:01:38.040  1440  1440 I GoogleInputMethodService: GoogleInputMethodService.onFinishInput():2259 
05-25 03:01:38.040  1440  1440 I Module  : DeviceLockedStatusModuleProvider$Module.updateDeviceLockedStatus():103 repeatCheckTimes = 0, locked = false
05-25 03:01:38.040  1440  1440 I GoogleInputMethodService: GoogleInputMethodService.onStartInput():1446 onStartInput(EditorInfo{EditorInfo{packageName=com.tiarnanlarkin.danio, inputType=0, inputTypeString=NULL, enableLearning=false, autoCorrection=false, autoComplete=false, imeOptions=0, privateImeOptions=null, actionName=UNSPECIFIED, actionLabel=null, initialSelStart=-1, initialSelEnd=-1, initialCapsMode=0, label=null, fieldId=0, fieldName=null, extras=null, hintText=null, hintLocales=[]}}, false)
05-25 03:01:38.041  1440  1440 I AndroidIME: LatinIMEBase.updateInputViewCoverNavigation():322 Update input view padding, isNavbarOverInputWindow=true, bottom inset=126
05-25 03:01:38.041  1440  1440 I Module  : DeviceLockedStatusModuleProvider$Module.updateDeviceLockedStatus():103 repeatCheckTimes = 1, locked = false
05-25 03:01:38.042   755  1052 I ImeTracker: system_server:6f77e96b: onRequestHide at ORIGIN_SERVER reason IME_REQUESTED_CHANGED_LISTENER fromUser false
05-25 03:01:38.042   755  1925 W PackageConfigPersister: App-specific configuration not found for packageName: com.tiarnanlarkin.danio and userId: 0
05-25 03:01:38.042   755   778 I ImeTracker: system_server:6f77e96b: onCancelled at PHASE_SERVER_SHOULD_HIDE
05-25 03:01:38.118 10324 10324 D InsetsController: hide(ime())
05-25 03:01:38.118 10324 10324 I ImeTracker: com.tiarnanlarkin.danio:e54b78ae: onCancelled at PHASE_CLIENT_ALREADY_HIDDEN
05-25 03:01:38.121   755  3184 D ConnectivityService: requestNetwork for uid/pid:10219/10324 activeRequest: null callbackRequest: 231 [NetworkRequest [ REQUEST id=232, [ Capabilities: INTERNET&NOT_RESTRICTED&TRUSTED&NOT_VCN_MANAGED&NOT_BANDWIDTH_CONSTRAINED Uid: 10219 RequestorUid: 10219 RequestorPkg: com.tiarnanlarkin.danio UnderlyingNetworks: Null] ]] callback flags: 0 order: 2147483647 isUidTracked: false declaredMethods: AVAIL|LOST|NC
05-25 03:01:38.124   755   916 D ConnectivityService: NetReassign [232 : null → 100] [c 1] [a 1] [i 1]
05-25 03:01:38.125   755   906 D WifiNetworkFactory: got request NetworkRequest [ REQUEST id=232, [ Capabilities: INTERNET&NOT_RESTRICTED&TRUSTED&NOT_VCN_MANAGED&NOT_BANDWIDTH_CONSTRAINED Uid: 10219 RequestorUid: 10219 RequestorPkg: com.tiarnanlarkin.danio UnderlyingNetworks: Null] ]
05-25 03:01:38.125   755   906 D UntrustedWifiNetworkFactory: got request NetworkRequest [ REQUEST id=232, [ Capabilities: INTERNET&NOT_RESTRICTED&TRUSTED&NOT_VCN_MANAGED&NOT_BANDWIDTH_CONSTRAINED Uid: 10219 RequestorUid: 10219 RequestorPkg: com.tiarnanlarkin.danio UnderlyingNetworks: Null] ]
05-25 03:01:38.125   755   906 D OemPaidWifiNetworkFactory: got request NetworkRequest [ REQUEST id=232, [ Capabilities: INTERNET&NOT_RESTRICTED&TRUSTED&NOT_VCN_MANAGED&NOT_BANDWIDTH_CONSTRAINED Uid: 10219 RequestorUid: 10219 RequestorPkg: com.tiarnanlarkin.danio UnderlyingNetworks: Null] ]
05-25 03:01:38.125   755   906 D MultiInternetWifiNetworkFactory: got request NetworkRequest [ REQUEST id=232, [ Capabilities: INTERNET&NOT_RESTRICTED&TRUSTED&NOT_VCN_MANAGED&NOT_BANDWIDTH_CONSTRAINED Uid: 10219 RequestorUid: 10219 RequestorPkg: com.tiarnanlarkin.danio UnderlyingNetworks: Null] ]
05-25 03:01:38.146   755  1625 E TaskPersister: File error accessing recents directory (directory doesn't exist?).
05-25 03:01:38.173 10324 10366 D SessionsDependencies: Dependency to CRASHLYTICS added.
05-25 03:01:38.183 10324 10366 I FirebaseApp: Device unlocked: initializing all Firebase APIs for app [DEFAULT]
05-25 03:01:38.236 10324 10366 D FirebaseSessions: Initializing Firebase Sessions SDK.
05-25 03:01:38.237 10324 10366 I FirebaseCrashlytics: Initializing Firebase Crashlytics 18.6.3 for com.tiarnanlarkin.danio
05-25 03:01:38.241 10324 10366 D SessionsDependencies: Subscriber CRASHLYTICS registered.
05-25 03:01:38.246 10324 10373 D LifecycleServiceBinder: Binding service to application.
05-25 03:01:38.249   755  1052 D WifiNl80211Manager: Scan result ready event
05-25 03:01:38.249   755  1052 D WifiNative: Scan result ready event
05-25 03:01:38.249  1334  9642 I WifiScanner: onFullResults
05-25 03:01:38.249  1334  2049 I WifiScanner: onFullResults
05-25 03:01:38.252   755   906 I HalDevMgr: bestIfaceCreationProposal is null, requestIface=STA, existingIface=[name=wlan0 type=STA]
05-25 03:01:38.256 10324 10324 D SessionLifecycleService: Service bound to new client on process 10324
05-25 03:01:38.259 10324 10376 D SessionLifecycleService: App has not yet foregrounded. Using previously stored session: null
05-25 03:01:38.259 10324 10376 D SessionLifecycleService: Client android.os.Messenger@d391d53 bound at 3700765. Clients: 1
05-25 03:01:38.260 10324 10324 D SessionLifecycleClient: Connected to SessionLifecycleService. Queue size 0
05-25 03:01:38.291   755  3184 D FileUtils: Rounded bytes from 4104835072 to 8000000000
05-25 03:01:38.303 10324 10324 I flutter : [Main] Firebase initialised successfully
05-25 03:01:38.304 10324 10324 I flutter : [ConsentScreen] ConsentScreen: diagnostics consent=true
05-25 03:01:38.306 10324 10374 I FirebaseCrashlytics: No version control information found
05-25 03:01:38.322 10324 10324 I flutter : [SupabaseService] [SupabaseService] Placeholder credentials detected - running in offline-only mode.
05-25 03:01:38.808   755   906 I HalDevMgr: bestIfaceCreationProposal is null, requestIface=STA, existingIface=[name=wlan0 type=STA]
05-25 03:01:39.007 10387 10387 D AndroidRuntime: >>>>>> START com.android.internal.os.RuntimeInit uid 2000 <<<<<<
05-25 03:01:39.011 10387 10387 I AndroidRuntime: Using default boot image
05-25 03:01:39.011 10387 10387 I AndroidRuntime: Leaving lock profiling enabled
05-25 03:01:39.013 10387 10387 I app_process: Using CollectorTypeCMC GC.
05-25 03:01:39.078 10387 10387 D nativeloader: InitDefaultPublicLibraries for_preload=1: libandroid.so:libaaudio.so:libamidi.so:libbinder_ndk.so:libc.so:libcamera2ndk.so:libdl.so:libEGL.so:libGLESv1_CM.so:libGLESv2.so:libGLESv3.so:libicu.so:libicui18n.so:libicuuc.so:libjnigraphics.so:liblog.so:libmediandk.so:libm.so:libnativehelper.so:libnativewindow.so:libOpenMAXAL.so:libOpenSLES.so:libRS.so:libstdc++.so:libsync.so:libvulkan.so:libwebviewchromium_plat_support.so:libz.so
05-25 03:01:39.086 10387 10387 D nativeloader: Load libicu_jni.so using APEX ns com_android_art for caller /apex/com.android.art/javalib/core-oj.jar: ok
05-25 03:01:39.086 10387 10387 D app_process: u_setTimeZoneFilesDirectory("/apex/com.android.tzdata/etc/tz/versioned/9/icu") succeeded. 
05-25 03:01:39.086 10387 10387 D app_process: I18n APEX ICU file found: /apex/com.android.i18n/etc/icu/icudt76l.dat
05-25 03:01:39.087 10387 10387 D nativeloader: Load libjavacore.so using APEX ns com_android_art for caller /apex/com.android.art/javalib/core-oj.jar: ok
05-25 03:01:39.087 10387 10387 D nativeloader: Load libopenjdk.so using APEX ns com_android_art for caller /apex/com.android.art/javalib/core-oj.jar: ok
05-25 03:01:39.089 10387 10387 I app_process: Priority-to-niceness mapping: 19, 16, 13, 10, 0, -2, -4, -5, -6, -8
05-25 03:01:39.089 10387 10387 W app_process: Unexpected CPU variant for x86: x86_64.
05-25 03:01:39.089 10387 10387 W app_process: Known variants: atom, sandybridge, silvermont, goldmont, goldmont-plus, goldmont-without-sha-xsaves, tremont, kabylake, alderlake, default
05-25 03:01:39.091 10387 10387 W app_process: ClassLoaderContext shared library size mismatch. Expected=2, found=0 (PCL[]{PCL[/system/framework/android.test.base.jar*1653369819]#PCL[/system/framework/android.test.mock.jar*1009639922]} | PCL[])
05-25 03:01:39.091 10387 10387 W app_process: ClassLoaderContext classpath size mismatch. expected=0, found=1 (PCL[]{PCL[/system/framework/android.test.runner.jar*3954641918]{PCL[/system/framework/android.test.base.jar*1653369819]#PCL[/system/framework/android.test.mock.jar*1009639922]}#PCL[/system/framework/android.test.base.jar*1653369819]} | PCL[/system/framework/android.test.runner.jar*3954641918])
05-25 03:01:39.110 10387 10387 D nativeloader: Load libframework-connectivity-tiramisu-jni.so using APEX ns com_android_tethering for caller /apex/com.android.tethering/javalib/framework-connectivity-t.jar: ok
05-25 03:01:39.111 10387 10387 D AndroidRuntime: Calling main entry com.android.commands.uiautomator.Launcher
05-25 03:01:39.114 10387 10387 I AconfigPackage: android.media.swcodec.flags is mapped to com.android.media.swcodec
05-25 03:01:39.114 10387 10387 I AconfigPackage: com.android.permission.flags is mapped to com.android.permission
05-25 03:01:39.114 10387 10387 I AconfigPackage: com.android.permissioncontroller.flags is mapped to com.android.permission
05-25 03:01:39.114 10387 10387 I AconfigPackage: com.android.icu is mapped to com.android.i18n
05-25 03:01:39.114 10387 10387 I AconfigPackage: com.android.appsearch.flags is mapped to com.android.appsearch
05-25 03:01:39.115 10387 10387 I AconfigPackage: android.uprobestats.mainline.flags is mapped to com.android.uprobestats
05-25 03:01:39.115 10387 10387 I AconfigPackage: com.android.crashrecovery.flags is mapped to com.android.crashrecovery
05-25 03:01:39.115 10387 10387 I AconfigPackage: android.provider.flags is mapped to com.android.configinfrastructure
05-25 03:01:39.115 10387 10387 I AconfigPackage: com.android.server.deviceconfig is mapped to com.android.configinfrastructure
05-25 03:01:39.115 10387 10387 I AconfigPackage: com.android.compos.flags is mapped to com.android.compos
05-25 03:01:39.116 10387 10387 I AconfigPackage: com.android.art.flags is mapped to com.android.art
05-25 03:01:39.116 10387 10387 I AconfigPackage: com.android.art.rw.flags is mapped to com.android.art
05-25 03:01:39.116 10387 10387 I AconfigPackage: com.android.libcore is mapped to com.android.art
05-25 03:01:39.116 10387 10387 I AconfigPackage: com.android.telephony.flags is mapped to com.android.telephonycore
05-25 03:01:39.116 10387 10387 I AconfigPackage: com.android.media.extractor.flags is mapped to com.android.media
05-25 03:01:39.116 10387 10387 I AconfigPackage: com.android.media.mainline.flags is mapped to com.android.media
05-25 03:01:39.116 10387 10387 I AconfigPackage: com.android.wifi.flags is mapped to com.android.wifi
05-25 03:01:39.116 10387 10387 I AconfigPackage: com.android.org.conscrypt.flags is mapped to com.android.conscrypt
