05-25 04:35:06.154 W/libbinder.IPCThreadState(  755): Sending oneway calls to frozen process.
05-25 04:35:06.154 W/libbinder.IPCThreadState(  755): Sending oneway calls to frozen process.
05-25 04:35:06.154 V/AccessibilityManagerService(  755): onUserStateChangedLocked for userId: 0, forceUpdate: false
05-25 04:35:06.155 V/AccessibilityUserState(  755): updateShortcutTargets: type:accessibility_shortcut_target_service, current:{}, new:{}
05-25 04:35:06.155 V/AccessibilityUserState(  755): updateShortcutTargets: type:accessibility_button_targets, current:{}, new:{}
05-25 04:35:06.155 V/AccessibilityUserState(  755): updateShortcutTargets: type:accessibility_gesture_targets, current:{}, new:{}
05-25 04:35:06.155 V/AccessibilityUserState(  755): updateShortcutTargets: type:accessibility_qs_targets, current:{}, new:{}
05-25 04:35:06.155 V/AccessibilityUserState(  755): updateShortcutTargets: type:accessibility_key_gesture_targets, current:{}, new:{}
05-25 04:35:06.155 W/MagnificationConnectionManager(  755): requestConnection duplicated request: connect=false, mConnectionState=DISCONNECTED
05-25 04:35:06.155 I/AiAiEcho( 1546): Settings changed for uri: content://settings/secure/accessibility_enabled
05-25 04:35:06.155 I/AiAiEcho( 1546): Predicting[0]:  [CONTEXT sampling_count=5 ]
05-25 04:35:06.156 I/AiAiEcho( 1546): EchoTargets: 
05-25 04:35:06.156 I/AiAiEcho( 1546): Filtered by AiAi flag check: 
05-25 04:35:06.156 I/AiAiEcho( 1546): [CONTEXT ratelimit_period="10 SECONDS" ]
05-25 04:35:06.156 I/AiAiEcho( 1546): #remoteViewsTwiddler: feature disabled.
05-25 04:35:06.156 W/libbinder.IPCThreadState(  755): Sending oneway calls to frozen process.
05-25 04:35:06.156 W/libbinder.IPCThreadState(  755): Sending oneway calls to frozen process.
05-25 04:35:06.156 W/libbinder.IPCThreadState(  755): Sending oneway calls to frozen process.
05-25 04:35:06.156 I/AiAiEcho( 1546): Predicting[0]:  [CONTEXT sampling_count=5 ]
05-25 04:35:06.156 W/libbinder.IPCThreadState(  755): Sending oneway calls to frozen process.
05-25 04:35:06.156 I/AiAiEcho( 1546): EchoTargets: 
05-25 04:35:06.156 I/AiAiEcho( 1546): Filtered by AiAi flag check: 
05-25 04:35:06.156 I/AiAiEcho( 1546): [CONTEXT ratelimit_period="10 SECONDS" ]
05-25 04:35:06.156 W/libbinder.IPCThreadState(  755): Sending oneway calls to frozen process.
05-25 04:35:06.156 I/AiAiEcho( 1546): #remoteViewsTwiddler: feature disabled.
05-25 04:35:06.156 W/libbinder.IPCThreadState(  755): Sending oneway calls to frozen process.
05-25 04:35:06.156 I/AiAiEcho( 1546): #postPredictionTargets: Sending updates to UISurface lockscreen with targets# 0 (types=[])
05-25 04:35:06.156 W/libbinder.IPCThreadState(  755): Sending oneway calls to frozen process.
05-25 04:35:06.156 W/libbinder.IPCThreadState(  755): Sending oneway calls to frozen process.
05-25 04:35:06.156 W/libbinder.IPCThreadState(  755): Sending oneway calls to frozen process.
05-25 04:35:06.157 W/libbinder.IPCThreadState(  755): Sending oneway calls to frozen process.
05-25 04:35:06.157 W/libbinder.IPCThreadState(  755): Sending oneway calls to frozen process.
05-25 04:35:06.157 W/libbinder.IPCThreadState(  755): Sending oneway calls to frozen process.
05-25 04:35:06.157 W/libbinder.IPCThreadState(  755): Sending oneway calls to frozen process.
05-25 04:35:06.157 W/libbinder.IPCThreadState(  755): Sending oneway calls to frozen process.
05-25 04:35:06.158 W/libbinder.IPCThreadState(  755): Sending oneway calls to frozen process.
05-25 04:35:06.159 W/libbinder.IPCThreadState(  755): Sending oneway calls to frozen process.
05-25 04:35:06.159 I/AiAiEcho( 1546): #postPredictionTargets: Sending updates to UISurface home with targets# 0 (types=[])
05-25 04:35:06.159 W/libbinder.IPCThreadState(  755): Sending oneway calls to frozen process.
05-25 04:35:06.159 W/libbinder.IPCThreadState(  755): Sending oneway calls to frozen process.
05-25 04:35:06.159 W/libbinder.IPCThreadState(  755): Sending oneway calls to frozen process.
05-25 04:35:06.159 W/libbinder.IPCThreadState(  755): Sending oneway calls to frozen process.
05-25 04:35:06.159 W/libbinder.IPCThreadState(  755): Sending oneway calls to frozen process.
05-25 04:35:06.159 W/libbinder.IPCThreadState(  755): Sending oneway calls to frozen process.
05-25 04:35:06.160 W/libbinder.IPCThreadState(  755): Sending oneway calls to frozen process.
05-25 04:35:06.160 W/libbinder.IPCThreadState(  755): Sending oneway calls to frozen process.
05-25 04:35:06.160 W/libbinder.IPCThreadState(  755): Sending oneway calls to frozen process.
05-25 04:35:06.161 W/libbinder.IPCThreadState(  755): Sending oneway calls to frozen process.
05-25 04:35:06.161 W/libbinder.IPCThreadState(  755): Sending oneway calls to frozen process.
05-25 04:35:06.161 W/libbinder.IPCThreadState(  755): Sending oneway calls to frozen process.
05-25 04:35:06.161 W/libbinder.IPCThreadState(  755): Sending oneway calls to frozen process.
05-25 04:35:06.161 W/libbinder.IPCThreadState(  755): Sending oneway calls to frozen process.
05-25 04:35:06.161 W/libbinder.IPCThreadState(  755): Sending oneway calls to frozen process.
05-25 04:35:06.161 W/libbinder.IPCThreadState(  755): Sending oneway calls to frozen process.
05-25 04:35:06.161 D/BatterySaverPolicy(  755): accessibility changed to true, updating policy.
05-25 04:35:06.166 W/SsPagerDots( 1012): Total number of pages invalid: 0. Assuming 1 page.
05-25 04:35:06.166 D/AccessibilityManagerService(  755): .getAccessibilityShortcutTargets {shortcutType=32, userId=0}
05-25 04:35:07.189 W/AccessibilityNodeInfoDumper(17871): Fetch time: 3ms
05-25 04:35:07.191 V/AccessibilityManagerService(  755): onUserStateChangedLocked for userId: 0, forceUpdate: false
05-25 04:35:07.192 V/AccessibilityUserState(  755): updateShortcutTargets: type:accessibility_shortcut_target_service, current:{}, new:{}
05-25 04:35:07.192 V/AccessibilityUserState(  755): updateShortcutTargets: type:accessibility_button_targets, current:{}, new:{}
05-25 04:35:07.192 V/AccessibilityUserState(  755): updateShortcutTargets: type:accessibility_gesture_targets, current:{}, new:{}
05-25 04:35:07.192 V/AccessibilityUserState(  755): updateShortcutTargets: type:accessibility_qs_targets, current:{}, new:{}
05-25 04:35:07.192 V/AccessibilityUserState(  755): updateShortcutTargets: type:accessibility_key_gesture_targets, current:{}, new:{}
05-25 04:35:07.192 W/MagnificationConnectionManager(  755): requestConnection duplicated request: connect=false, mConnectionState=DISCONNECTED
05-25 04:35:07.192 D/AccessibilityManagerService(  755): restoreCurrentUserForTestAutomationIfNeededLocked(): ignoring because device doesn't support visible background users
05-25 04:35:07.192 I/AiAiEcho( 1546): Settings changed for uri: content://settings/secure/accessibility_enabled
05-25 04:35:07.192 W/libbinder.IPCThreadState(  755): Sending oneway calls to frozen process.
05-25 04:35:07.192 W/libbinder.IPCThreadState(  755): Sending oneway calls to frozen process.
05-25 04:35:07.192 W/libbinder.IPCThreadState(  755): Sending oneway calls to frozen process.
05-25 04:35:07.192 W/libbinder.IPCThreadState(  755): Sending oneway calls to frozen process.
05-25 04:35:07.192 W/libbinder.IPCThreadState(  755): Sending oneway calls to frozen process.
05-25 04:35:07.193 W/libbinder.IPCThreadState(  755): Sending oneway calls to frozen process.
05-25 04:35:07.193 I/AiAiEcho( 1546): Predicting[0]:  [CONTEXT sampling_count=5 ]
05-25 04:35:07.193 I/AiAiEcho( 1546): EchoTargets: 
05-25 04:35:07.193 I/AiAiEcho( 1546): Filtered by AiAi flag check: 
05-25 04:35:07.193 I/AiAiEcho( 1546): [CONTEXT ratelimit_period="10 SECONDS" ]
05-25 04:35:07.193 I/AiAiEcho( 1546): #remoteViewsTwiddler: feature disabled.
05-25 04:35:07.193 W/libbinder.IPCThreadState(  755): Sending oneway calls to frozen process.
05-25 04:35:07.193 W/libbinder.IPCThreadState(  755): Sending oneway calls to frozen process.
05-25 04:35:07.193 W/libbinder.IPCThreadState(  755): Sending oneway calls to frozen process.
05-25 04:35:07.193 W/libbinder.IPCThreadState(  755): Sending oneway calls to frozen process.
05-25 04:35:07.193 W/libbinder.IPCThreadState(  755): Sending oneway calls to frozen process.
05-25 04:35:07.193 W/libbinder.IPCThreadState(  755): Sending oneway calls to frozen process.
05-25 04:35:07.193 W/libbinder.IPCThreadState(  755): Sending oneway calls to frozen process.
05-25 04:35:07.194 I/AiAiEcho( 1546): #postPredictionTargets: Sending updates to UISurface lockscreen with targets# 0 (types=[])
05-25 04:35:07.194 W/libbinder.IPCThreadState(  755): Sending oneway calls to frozen process.
05-25 04:35:07.194 W/libbinder.IPCThreadState(  755): Sending oneway calls to frozen process.
05-25 04:35:07.194 W/libbinder.IPCThreadState(  755): Sending oneway calls to frozen process.
05-25 04:35:07.194 W/libbinder.IPCThreadState(  755): Sending oneway calls to frozen process.
05-25 04:35:07.194 W/libbinder.IPCThreadState(  755): Sending oneway calls to frozen process.
05-25 04:35:07.194 W/libbinder.IPCThreadState(  755): Sending oneway calls to frozen process.
05-25 04:35:07.194 W/libbinder.IPCThreadState(  755): Sending oneway calls to frozen process.
05-25 04:35:07.194 W/libbinder.IPCThreadState(  755): Sending oneway calls to frozen process.
05-25 04:35:07.194 W/libbinder.IPCThreadState(  755): Sending oneway calls to frozen process.
05-25 04:35:07.194 W/libbinder.IPCThreadState(  755): Sending oneway calls to frozen process.
05-25 04:35:07.194 I/AiAiEcho( 1546): Predicting[0]:  [CONTEXT sampling_count=5 ]
05-25 04:35:07.194 W/SsPagerDots( 1012): Total number of pages invalid: 0. Assuming 1 page.
05-25 04:35:07.194 I/AiAiEcho( 1546): EchoTargets: 
05-25 04:35:07.194 I/AiAiEcho( 1546): Filtered by AiAi flag check: 
05-25 04:35:07.194 I/AiAiEcho( 1546): [CONTEXT ratelimit_period="10 SECONDS" ]
05-25 04:35:07.195 I/AiAiEcho( 1546): #remoteViewsTwiddler: feature disabled.
05-25 04:35:07.195 W/libbinder.IPCThreadState(  755): Sending oneway calls to frozen process.
05-25 04:35:07.195 I/AiAiEcho( 1546): #postPredictionTargets: Sending updates to UISurface home with targets# 0 (types=[])
05-25 04:35:07.195 D/BatterySaverPolicy(  755): accessibility changed to false, updating policy.
05-25 04:35:07.196 W/libbinder.IPCThreadState(17871): call to talkWithDriver in joinThreadPool returned error: -9 (Bad file descriptor), FD: -1
05-25 04:35:07.196 D/AndroidRuntime(17871): Shutting down VM
05-25 04:35:07.196 W/libbinder.IPCThreadState(17871): call to talkWithDriver in joinThreadPool returned error: -9 (Bad file descriptor), FD: -1
05-25 04:35:07.197 W/libbinder.IPCThreadState(17871): call to talkWithDriver in joinThreadPool returned error: -9 (Bad file descriptor), FD: -1
05-25 04:35:07.347 D/WM-DelayedWorkTracker( 1529): Scheduling work 3b3c6ad3-4474-43c9-bb41-782515c6bd60
05-25 04:35:07.347 D/WM-GreedyScheduler( 1529): Starting tracking for 3b3c6ad3-4474-43c9-bb41-782515c6bd60
05-25 04:35:07.348 D/WM-ConstraintTracker( 1529): BatteryNotLowTracker: initial state = true
05-25 04:35:07.348 D/WM-BrdcstRcvrCnstrntTrc( 1529): BatteryNotLowTracker: registering receiver
05-25 04:35:07.350 D/WM-GreedyScheduler( 1529): Constraints met: Scheduling work ID WorkGenerationalId(workSpecId=3b3c6ad3-4474-43c9-bb41-782515c6bd60, generation=0)
05-25 04:35:07.351 D/WM-Processor( 1529): Processor: processing WorkGenerationalId(workSpecId=3b3c6ad3-4474-43c9-bb41-782515c6bd60, generation=0)
05-25 04:35:07.353 D/WM-WorkerWrapper( 1529): Starting work for com.android.providers.media.photopicker.sync.ProactiveSyncWorker
05-25 04:35:07.353 I/PSyncWorker( 1529): Starting proactive picker sync from sync source: 1
05-25 04:35:07.353 I/PickerSyncTracker( 1529): Created new sync future java.util.concurrent.CompletableFuture@5803223[Not completed, 1 dependents]. Future map: {3b3c6ad3-4474-43c9-bb41-782515c6bd60=java.util.concurrent.CompletableFuture@5803223[Not completed, 1 dependents]}
05-25 04:35:07.354 D/PickerSyncController( 1529): syncAllMediaFromProvider() LOCAL, auth=com.android.providers.media.photopicker, retry=true
05-25 04:35:07.355 D/PickerSyncController( 1529): getSyncRequestParams() LOCAL, auth=com.android.providers.media.photopicker
05-25 04:35:07.356 D/WM-SystemJobService( 1529): onStartJob for WorkGenerationalId(workSpecId=3b3c6ad3-4474-43c9-bb41-782515c6bd60, generation=0)
05-25 04:35:07.357 D/WM-Processor( 1529): Work WorkGenerationalId(workSpecId=3b3c6ad3-4474-43c9-bb41-782515c6bd60, generation=0) is already enqueued for processing
05-25 04:35:07.362 D/PickerSyncController( 1529):    Latest ID/Gen=92835bc8fd6dde81:external_primary/3675
05-25 04:35:07.362 D/PickerSyncController( 1529):    Cached ID/Gen=92835bc8fd6dde81:external_primary/3663
05-25 04:35:07.362 D/PickerSyncController( 1529):    RESULT=SyncRequestParams{type=MEDIA_INCREMENTAL, gen=3663, latest=Bundle[{last_media_sync_generation=3675, media_collection_id=92835bc8fd6dde81:external_primary}], pageSize=1000}
05-25 04:35:07.362 I/PickerSyncController( 1529): Executing SyncAdd. isLocal: true. authority: com.android.providers.media.photopicker
05-25 04:35:07.362 D/PickerSyncLockManager( 1529): Trying to acquire lock com.android.providers.media.photopicker.sync.CloseableReentrantLock@cffd47[Unlocked]. Lock Name = CLOUD_PROVIDER_LOCK. Threads that may be waiting to acquire this lock = [] with timeout.
05-25 04:35:07.362 D/CloseableReentrantLock( 1529): Successfully acquired lock com.android.providers.media.photopicker.sync.CloseableReentrantLock@cffd47[Locked by thread pool-4-thread-309]. Lock Name = CLOUD_PROVIDER_LOCK. Threads that may be waiting to acquire this lock = []
05-25 04:35:07.362 D/CloseableReentrantLock( 1529): Successfully released lock com.android.providers.media.photopicker.sync.CloseableReentrantLock@cffd47[Unlocked]. Lock Name = CLOUD_PROVIDER_LOCK. Threads that may be waiting to acquire this lock = []
05-25 04:35:07.362 D/ExternalDbFacade( 1529): Token received for queryMedia = null
05-25 04:35:07.363 V/PickerDbFacade( 1529): Failed to insert picker db media. ContentValues: _user_id=0 standard_mime_type_extension=0 size_bytes=350896 orientation=0 height=2400 owner_package_name=com.android.shell date_taken_ms=1779679932000 duration_ms=0 sync_generation=3671 mime_type=image/png width=1080 is_favorite=0 local_id=348 is_visible=1
05-25 04:35:07.363 V/PickerDbFacade( 1529): android.database.sqlite.SQLiteConstraintException: UNIQUE constraint failed: media.local_id, media.is_visible (code 2067 SQLITE_CONSTRAINT_UNIQUE)
05-25 04:35:07.363 V/PickerDbFacade( 1529): 	at android.database.sqlite.SQLiteConnection.nativeExecuteForLastInsertedRowId(Native Method)
05-25 04:35:07.363 V/PickerDbFacade( 1529): 	at android.database.sqlite.SQLiteConnection.executeForLastInsertedRowId(SQLiteConnection.java:995)
05-25 04:35:07.363 V/PickerDbFacade( 1529): 	at android.database.sqlite.SQLiteSession.executeForLastInsertedRowId(SQLiteSession.java:825)
05-25 04:35:07.363 V/PickerDbFacade( 1529): 	at android.database.sqlite.SQLiteStatement.executeInsert(SQLiteStatement.java:89)
05-25 04:35:07.363 V/PickerDbFacade( 1529): 	at android.database.DatabaseUtils.executeInsert(DatabaseUtils.java:234)
05-25 04:35:07.363 V/PickerDbFacade( 1529): 	at android.database.sqlite.SQLiteQueryBuilder.insert(SQLiteQueryBuilder.java:638)
05-25 04:35:07.363 V/PickerDbFacade( 1529): 	at com.android.providers.media.photopicker.data.PickerDbFacade$AddMediaOperation.insertMedia(PickerDbFacade.java:644)
05-25 04:35:07.363 V/PickerDbFacade( 1529): 	at com.android.providers.media.photopicker.data.PickerDbFacade$AddMediaOperation.upsertMedia(PickerDbFacade.java:658)
05-25 04:35:07.363 V/PickerDbFacade( 1529): 	at com.android.providers.media.photopicker.data.PickerDbFacade$AddMediaOperation.executeInternal(PickerDbFacade.java:616)
05-25 04:35:07.363 V/PickerDbFacade( 1529): 	at com.android.providers.media.photopicker.data.PickerDbFacade$DbWriteOperation.execute(PickerDbFacade.java:405)
05-25 04:35:07.363 V/PickerDbFacade( 1529): 	at com.android.providers.media.photopicker.PickerSyncController.executePagedSync(PickerSyncController.java:1822)
05-25 04:35:07.363 V/PickerDbFacade( 1529): 	at com.android.providers.media.photopicker.PickerSyncController.executePagedSync(PickerSyncController.java:1741)
05-25 04:35:07.363 V/PickerDbFacade( 1529): 	at com.android.providers.media.photopicker.PickerSyncController.executeSyncAdd(PickerSyncController.java:1138)
05-25 04:35:07.363 V/PickerDbFacade( 1529): 	at com.android.providers.media.photopicker.PickerSyncController.syncAllMediaFromProvider(PickerSyncController.java:982)
05-25 04:35:07.363 V/PickerDbFacade( 1529): 	at com.android.providers.media.photopicker.PickerSyncController.syncAllMediaFromLocalProvider(PickerSyncController.java:402)
05-25 04:35:07.363 V/PickerDbFacade( 1529): 	at com.android.providers.media.photopicker.sync.ProactiveSyncWorker.doWork(ProactiveSyncWorker.java:89)
05-25 04:35:07.363 V/PickerDbFacade( 1529): 	at androidx.work.Worker.startWork$lambda$0(Worker.kt:64)
05-25 04:35:07.363 V/PickerDbFacade( 1529): 	at androidx.work.Worker.$r8$lambda$opNRPVQx7zi4ENxyGPOIhxFU0oM(Worker.kt:0)
05-25 04:35:07.363 V/PickerDbFacade( 1529): 	at androidx.work.Worker$$ExternalSyntheticLambda0.invoke(R8$$SyntheticClass:0)
05-25 04:35:07.363 V/PickerDbFacade( 1529): 	at androidx.work.WorkerKt.future$lambda$2$lambda$1(Worker.kt:100)
05-25 04:35:07.363 V/PickerDbFacade( 1529): 	at androidx.work.WorkerKt.$r8$lambda$06LNzu7McnKR6G06fSbfQ2BCegc(Worker.kt:0)
05-25 04:35:07.363 V/PickerDbFacade( 1529): 	at androidx.work.WorkerKt$$ExternalSyntheticLambda2.run(R8$$SyntheticClass:0)
05-25 04:35:07.363 V/PickerDbFacade( 1529): 	at java.util.concurrent.ThreadPoolExecutor.runWorker(ThreadPoolExecutor.java:1154)
05-25 04:35:07.363 V/PickerDbFacade( 1529): 	at java.util.concurrent.ThreadPoolExecutor$Worker.run(ThreadPoolExecutor.java:652)
05-25 04:35:07.363 V/PickerDbFacade( 1529): 	at java.lang.Thread.run(Thread.java:1563)
05-25 04:35:07.363 V/PickerDbFacade( 1529): Retrying failed insert as update. ContentValues: _user_id=0 standard_mime_type_extension=0 size_bytes=350896 orientation=0 height=2400 owner_package_name=com.android.shell date_taken_ms=1779679932000 duration_ms=0 sync_generation=3671 mime_type=image/png width=1080 is_favorite=0 local_id=348 is_visible=1
05-25 04:35:07.363 D/PickerSyncLockManager( 1529): Trying to acquire lock com.android.providers.media.photopicker.sync.CloseableReentrantLock@cffd47[Unlocked]. Lock Name = CLOUD_PROVIDER_LOCK. Threads that may be waiting to acquire this lock = [] with timeout.
05-25 04:35:07.363 D/CloseableReentrantLock( 1529): Successfully acquired lock com.android.providers.media.photopicker.sync.CloseableReentrantLock@cffd47[Locked by thread pool-4-thread-309]. Lock Name = CLOUD_PROVIDER_LOCK. Threads that may be waiting to acquire this lock = []
05-25 04:35:07.363 D/PickerSyncController( 1529): Saving next page token: 1779679932000|348 for key: local_provider:media_add:resume
05-25 04:35:07.363 D/CloseableReentrantLock( 1529): Successfully released lock com.android.providers.media.photopicker.sync.CloseableReentrantLock@cffd47[Unlocked]. Lock Name = CLOUD_PROVIDER_LOCK. Threads that may be waiting to acquire this lock = []
05-25 04:35:07.364 D/PickerNotificationSender( 1529): Sending a notification for media update
05-25 04:35:07.365 D/PickerNotificationSender( 1529): Sending a notification for merged album media update Videos
05-25 04:35:07.365 D/PickerNotificationSender( 1529): Sending a notification for album media update Videos
05-25 04:35:07.366 D/PickerNotificationSender( 1529): Sending a notification for merged album media update Favorites
05-25 04:35:07.366 D/PickerNotificationSender( 1529): Sending a notification for album media update Favorites
05-25 04:35:07.366 D/ExternalDbFacade( 1529): Token received for queryMedia = 1779679932000|348
05-25 04:35:07.370 D/PickerSyncLockManager( 1529): Trying to acquire lock com.android.providers.media.photopicker.sync.CloseableReentrantLock@cffd47[Unlocked]. Lock Name = CLOUD_PROVIDER_LOCK. Threads that may be waiting to acquire this lock = [] with timeout.
05-25 04:35:07.370 D/CloseableReentrantLock( 1529): Successfully acquired lock com.android.providers.media.photopicker.sync.CloseableReentrantLock@cffd47[Locked by thread pool-4-thread-309]. Lock Name = CLOUD_PROVIDER_LOCK. Threads that may be waiting to acquire this lock = []
05-25 04:35:07.370 D/PickerSyncController( 1529): Clearing next page token for key: local_provider:media_add:resume
05-25 04:35:07.370 D/CloseableReentrantLock( 1529): Successfully released lock com.android.providers.media.photopicker.sync.CloseableReentrantLock@cffd47[Unlocked]. Lock Name = CLOUD_PROVIDER_LOCK. Threads that may be waiting to acquire this lock = []
05-25 04:35:07.370 D/PickerNotificationSender( 1529): Sending a notification for media update
05-25 04:35:07.373 D/PickerNotificationSender( 1529): Sending a notification for merged album media update Videos
05-25 04:35:07.373 D/PickerNotificationSender( 1529): Sending a notification for album media update Videos
05-25 04:35:07.374 D/PickerNotificationSender( 1529): Sending a notification for merged album media update Favorites
05-25 04:35:07.374 D/PickerNotificationSender( 1529): Sending a notification for album media update Favorites
05-25 04:35:07.374 I/PickerSyncController( 1529): Paged sync successful. QueryArgs: Bundle[{android.provider.extra.PAGE_TOKEN=1779679932000|348, android.provider.extra.SYNC_GENERATION=3663, android.provider.extra.PAGE_SIZE=1000}] Total Rows: 2
05-25 04:35:07.375 I/PickerSyncController( 1529): Executing SyncRemove. isLocal: true. authority: com.android.providers.media.photopicker
05-25 04:35:07.375 D/PickerSyncLockManager( 1529): Trying to acquire lock com.android.providers.media.photopicker.sync.CloseableReentrantLock@cffd47[Unlocked]. Lock Name = CLOUD_PROVIDER_LOCK. Threads that may be waiting to acquire this lock = [] with timeout.
05-25 04:35:07.375 D/CloseableReentrantLock( 1529): Successfully acquired lock com.android.providers.media.photopicker.sync.CloseableReentrantLock@cffd47[Locked by thread pool-4-thread-309]. Lock Name = CLOUD_PROVIDER_LOCK. Threads that may be waiting to acquire this lock = []
05-25 04:35:07.375 D/CloseableReentrantLock( 1529): Successfully released lock com.android.providers.media.photopicker.sync.CloseableReentrantLock@cffd47[Unlocked]. Lock Name = CLOUD_PROVIDER_LOCK. Threads that may be waiting to acquire this lock = []
05-25 04:35:07.375 D/PickerSyncLockManager( 1529): Trying to acquire lock com.android.providers.media.photopicker.sync.CloseableReentrantLock@cffd47[Unlocked]. Lock Name = CLOUD_PROVIDER_LOCK. Threads that may be waiting to acquire this lock = [] with timeout.
05-25 04:35:07.375 D/CloseableReentrantLock( 1529): Successfully acquired lock com.android.providers.media.photopicker.sync.CloseableReentrantLock@cffd47[Locked by thread pool-4-thread-309]. Lock Name = CLOUD_PROVIDER_LOCK. Threads that may be waiting to acquire this lock = []
05-25 04:35:07.375 D/PickerSyncController( 1529): Clearing next page token for key: local_provider:media_remove:resume
05-25 04:35:07.375 D/CloseableReentrantLock( 1529): Successfully released lock com.android.providers.media.photopicker.sync.CloseableReentrantLock@cffd47[Unlocked]. Lock Name = CLOUD_PROVIDER_LOCK. Threads that may be waiting to acquire this lock = []
05-25 04:35:07.375 D/PickerNotificationSender( 1529): Sending a notification for media update
05-25 04:35:07.378 D/PickerNotificationSender( 1529): Sending a notification for merged album media update Videos
05-25 04:35:07.378 D/PickerNotificationSender( 1529): Sending a notification for album media update Videos
05-25 04:35:07.378 D/PickerNotificationSender( 1529): Sending a notification for merged album media update Favorites
05-25 04:35:07.378 D/PickerNotificationSender( 1529): Sending a notification for album media update Favorites
05-25 04:35:07.379 I/PickerSyncController( 1529): Paged sync successful. QueryArgs: Bundle[{android.provider.extra.PAGE_TOKEN=1779679932000|348, android.provider.extra.SYNC_GENERATION=3663, android.provider.extra.PAGE_SIZE=1000}] Total Rows: 0
05-25 04:35:07.379 I/PickerSyncTracker( 1529): Marked sync future complete for work id: 3b3c6ad3-4474-43c9-bb41-782515c6bd60. Future map: {}
05-25 04:35:07.379 I/PSyncWorker( 1529): Completed picker proactive sync complete from local provider.
05-25 04:35:07.380 I/WM-WorkerWrapper( 1529): Worker result SUCCESS for Work [ id=3b3c6ad3-4474-43c9-bb41-782515c6bd60, tags={ com.android.providers.media.photopicker.sync.ProactiveSyncWorker } ]
05-25 04:35:07.381 D/WM-Processor( 1529): Processor 3b3c6ad3-4474-43c9-bb41-782515c6bd60 executed; reschedule = false
05-25 04:35:07.381 D/WM-GreedyScheduler( 1529): Stopping tracking for WorkGenerationalId(workSpecId=3b3c6ad3-4474-43c9-bb41-782515c6bd60, generation=0)
05-25 04:35:07.381 D/WM-SystemJobService( 1529): 3b3c6ad3-4474-43c9-bb41-782515c6bd60 executed on JobScheduler
05-25 04:35:07.385 D/WM-GreedyScheduler( 1529): Cancelling work ID 3b3c6ad3-4474-43c9-bb41-782515c6bd60
05-25 04:35:07.385 D/WM-GreedyScheduler( 1529): Ignoring {WorkSpec: fce74054-5d75-49ac-b1fb-61b1c63b64d1}. Requires device idle.
05-25 04:35:07.386 D/WM-GreedyScheduler( 1529): Ignoring {WorkSpec: 748d3965-3023-45a6-9a32-baafa7d90ebf}. Requires device idle.
05-25 04:35:07.386 D/WM-GreedyScheduler( 1529): Ignoring {WorkSpec: bbc248da-5aec-4565-83d8-ed90ba3a683c}. Requires device idle.
05-25 04:35:07.386 D/WM-GreedyScheduler( 1529): Ignoring {WorkSpec: a7b8fc44-3a39-43d5-96b8-cef5bb529d35}. Requires device idle.
05-25 04:35:07.386 D/WM-BrdcstRcvrCnstrntTrc( 1529): BatteryNotLowTracker: unregistering receiver
05-25 04:35:08.140 D/AndroidRuntime(17890): >>>>>> START com.android.internal.os.RuntimeInit uid 2000 <<<<<<
05-25 04:35:08.145 I/AndroidRuntime(17890): Using default boot image
05-25 04:35:08.145 I/AndroidRuntime(17890): Leaving lock profiling enabled
05-25 04:35:08.148 I/app_process(17890): Using CollectorTypeCMC GC.
05-25 04:35:08.212 D/nativeloader(17890): InitDefaultPublicLibraries for_preload=1: libandroid.so:libaaudio.so:libamidi.so:libbinder_ndk.so:libc.so:libcamera2ndk.so:libdl.so:libEGL.so:libGLESv1_CM.so:libGLESv2.so:libGLESv3.so:libicu.so:libicui18n.so:libicuuc.so:libjnigraphics.so:liblog.so:libmediandk.so:libm.so:libnativehelper.so:libnativewindow.so:libOpenMAXAL.so:libOpenSLES.so:libRS.so:libstdc++.so:libsync.so:libvulkan.so:libwebviewchromium_plat_support.so:libz.so
05-25 04:35:08.219 D/nativeloader(17890): Load libicu_jni.so using APEX ns com_android_art for caller /apex/com.android.art/javalib/core-oj.jar: ok
05-25 04:35:08.219 D/app_process(17890): u_setTimeZoneFilesDirectory("/apex/com.android.tzdata/etc/tz/versioned/9/icu") succeeded. 
05-25 04:35:08.219 D/app_process(17890): I18n APEX ICU file found: /apex/com.android.i18n/etc/icu/icudt76l.dat
05-25 04:35:08.220 D/nativeloader(17890): Load libjavacore.so using APEX ns com_android_art for caller /apex/com.android.art/javalib/core-oj.jar: ok
05-25 04:35:08.220 D/nativeloader(17890): Load libopenjdk.so using APEX ns com_android_art for caller /apex/com.android.art/javalib/core-oj.jar: ok
05-25 04:35:08.221 I/app_process(17890): Priority-to-niceness mapping: 19, 16, 13, 10, 0, -2, -4, -5, -6, -8
05-25 04:35:08.221 W/app_process(17890): Unexpected CPU variant for x86: x86_64.
05-25 04:35:08.221 W/app_process(17890): Known variants: atom, sandybridge, silvermont, goldmont, goldmont-plus, goldmont-without-sha-xsaves, tremont, kabylake, alderlake, default
05-25 04:35:08.222 W/app_process(17890): ClassLoaderContext shared library size mismatch. Expected=2, found=0 (PCL[]{PCL[/system/framework/android.test.base.jar*1653369819]#PCL[/system/framework/android.test.mock.jar*1009639922]} | PCL[])
05-25 04:35:08.223 W/app_process(17890): ClassLoaderContext classpath size mismatch. expected=0, found=1 (PCL[]{PCL[/system/framework/android.test.runner.jar*3954641918]{PCL[/system/framework/android.test.base.jar*1653369819]#PCL[/system/framework/android.test.mock.jar*1009639922]}#PCL[/system/framework/android.test.base.jar*1653369819]} | PCL[/system/framework/android.test.runner.jar*3954641918])
05-25 04:35:08.243 D/nativeloader(17890): Load libframework-connectivity-tiramisu-jni.so using APEX ns com_android_tethering for caller /apex/com.android.tethering/javalib/framework-connectivity-t.jar: ok
05-25 04:35:08.244 D/AndroidRuntime(17890): Calling main entry com.android.commands.uiautomator.Launcher
05-25 04:35:08.248 I/AconfigPackage(17890): android.media.swcodec.flags is mapped to com.android.media.swcodec
05-25 04:35:08.248 I/AconfigPackage(17890): com.android.permission.flags is mapped to com.android.permission
05-25 04:35:08.248 I/AconfigPackage(17890): com.android.permissioncontroller.flags is mapped to com.android.permission
05-25 04:35:08.248 I/AconfigPackage(17890): com.android.icu is mapped to com.android.i18n
05-25 04:35:08.248 I/AconfigPackage(17890): com.android.appsearch.flags is mapped to com.android.appsearch
05-25 04:35:08.248 I/AconfigPackage(17890): android.uprobestats.mainline.flags is mapped to com.android.uprobestats
05-25 04:35:08.248 I/AconfigPackage(17890): com.android.crashrecovery.flags is mapped to com.android.crashrecovery
05-25 04:35:08.248 I/AconfigPackage(17890): android.provider.flags is mapped to com.android.configinfrastructure
05-25 04:35:08.248 I/AconfigPackage(17890): com.android.server.deviceconfig is mapped to com.android.configinfrastructure
05-25 04:35:08.249 I/AconfigPackage(17890): com.android.compos.flags is mapped to com.android.compos
05-25 04:35:08.249 I/AconfigPackage(17890): com.android.art.flags is mapped to com.android.art
05-25 04:35:08.249 I/AconfigPackage(17890): com.android.art.rw.flags is mapped to com.android.art
05-25 04:35:08.249 I/AconfigPackage(17890): com.android.libcore is mapped to com.android.art
05-25 04:35:08.249 I/AconfigPackage(17890): com.android.telephony.flags is mapped to com.android.telephonycore
05-25 04:35:08.249 I/AconfigPackage(17890): com.android.media.extractor.flags is mapped to com.android.media
05-25 04:35:08.249 I/AconfigPackage(17890): com.android.media.mainline.flags is mapped to com.android.media
05-25 04:35:08.250 I/AconfigPackage(17890): com.android.wifi.flags is mapped to com.android.wifi
05-25 04:35:08.250 I/AconfigPackage(17890): com.android.org.conscrypt.flags is mapped to com.android.conscrypt
05-25 04:35:08.250 I/AconfigPackage(17890): com.android.org.conscrypt.net.flags is mapped to com.android.conscrypt
05-25 04:35:08.250 I/AconfigPackage(17890): com.android.healthfitness.flags is mapped to com.android.healthfitness
05-25 04:35:08.250 I/AconfigPackage(17890): com.android.ipsec.flags is mapped to com.android.ipsec
05-25 04:35:08.250 I/AconfigPackage(17890): com.android.nfc.module.flags is mapped to com.android.nfcservices
05-25 04:35:08.250 I/AconfigPackage(17890): com.android.adservices.ondevicepersonalization.flags is mapped to com.android.ondevicepersonalization
05-25 04:35:08.250 I/AconfigPackage(17890): com.android.adbd.flags is mapped to com.android.adbd
05-25 04:35:08.250 I/AconfigPackage(17890): com.android.bluetooth.flags is mapped to com.android.bt
05-25 04:35:08.250 I/AconfigPackage(17890): com.android.devicelock.flags is mapped to com.android.devicelock
05-25 04:35:08.251 I/AconfigPackage(17890): android.os.profiling is mapped to com.android.profiling
05-25 04:35:08.251 I/AconfigPackage(17890): android.os.profiling.anomaly.flags is mapped to com.android.profiling
05-25 04:35:08.251 I/AconfigPackage(17890): com.android.os.statsd.flags is mapped to com.android.os.statsd
05-25 04:35:08.251 I/AconfigPackage(17890): com.android.rkpd.flags is mapped to com.android.rkpd
05-25 04:35:08.251 I/AconfigPackage(17890): com.android.cellbroadcastreceiver.flags is mapped to com.android.cellbroadcast
05-25 04:35:08.251 I/AconfigPackage(17890): com.android.adservices.flags is mapped to com.android.adservices
05-25 04:35:08.251 I/AconfigPackage(17890): com.android.sdksandbox.flags is mapped to com.android.adservices
05-25 04:35:08.251 I/AconfigPackage(17890): com.android.uwb.flags is mapped to com.android.uwb
05-25 04:35:08.252 I/AconfigPackage(17890): com.android.ranging.flags is mapped to com.android.uwb
05-25 04:35:08.252 I/AconfigPackage(17890): android.graphics.pdf.flags is mapped to com.android.mediaprovider
05-25 04:35:08.252 I/AconfigPackage(17890): com.android.providers.media.flags is mapped to com.android.mediaprovider
05-25 04:35:08.252 I/AconfigPackage(17890): android.graphics.pdf.flags.readonly is mapped to com.android.mediaprovider
05-25 04:35:08.252 I/AconfigPackage(17890): com.android.tethering.mainline.beta is mapped to com.android.tethering
05-25 04:35:08.252 I/AconfigPackage(17890): android.net.http is mapped to com.android.tethering
05-25 04:35:08.252 I/AconfigPackage(17890): com.android.tethering.readonly.flags is mapped to com.android.tethering
05-25 04:35:08.252 I/AconfigPackage(17890): android.net.vcn is mapped to com.android.tethering
05-25 04:35:08.252 I/AconfigPackage(17890): com.android.net.flags is mapped to com.android.tethering
05-25 04:35:08.252 I/AconfigPackage(17890): com.android.tethering.beta.test is mapped to com.android.tethering
05-25 04:35:08.252 I/AconfigPackage(17890): com.android.nearby.flags is mapped to com.android.tethering
05-25 04:35:08.252 I/AconfigPackage(17890): com.android.net.ct.flags is mapped to com.android.tethering
05-25 04:35:08.252 I/AconfigPackage(17890): com.android.net.thread.flags is mapped to com.android.tethering
05-25 04:35:08.252 I/AconfigPackage(17890): com.android.system.virtualmachine.flags is mapped to com.android.virt
05-25 04:35:08.252 E/FeatureFlagsImplExport(17890): android.os.flagging.AconfigStorageReadException: ERROR_PACKAGE_NOT_FOUND: package android.xr cannot be found on the device
05-25 04:35:08.256 D/UiAutomationConnection(17890): Created on user UserHandle{0}
05-25 04:35:08.256 I/UiAutomation(17890): Initialized for user 0 on display 0
05-25 04:35:08.256 W/UiAutomation(17890): Created with deprecatead constructor, assumes DEFAULT_DISPLAY
05-25 04:35:08.258 D/AccessibilityManagerService(  755): changeCurrentUserForTestAutomationIfNeededLocked(0): ignoring because device doesn't support visible background users
05-25 04:35:08.258 I/UiAutomationManager(  755): Registering UiTestAutomationService (id=com.android.server.accessibility/UiAutomation, flags=0x0) when called by user 0
05-25 04:35:08.258 V/AccessibilityManagerService(  755): onUserStateChangedLocked for userId: 0, forceUpdate: false
05-25 04:35:08.259 V/AccessibilityUserState(  755): updateShortcutTargets: type:accessibility_shortcut_target_service, current:{}, new:{}
05-25 04:35:08.259 V/AccessibilityUserState(  755): updateShortcutTargets: type:accessibility_button_targets, current:{}, new:{}
05-25 04:35:08.259 V/AccessibilityUserState(  755): updateShortcutTargets: type:accessibility_gesture_targets, current:{}, new:{}
05-25 04:35:08.259 V/AccessibilityUserState(  755): updateShortcutTargets: type:accessibility_qs_targets, current:{}, new:{}
05-25 04:35:08.259 V/AccessibilityUserState(  755): updateShortcutTargets: type:accessibility_key_gesture_targets, current:{}, new:{}
05-25 04:35:08.259 W/MagnificationConnectionManager(  755): requestConnection duplicated request: connect=false, mConnectionState=DISCONNECTED
05-25 04:35:08.259 I/AiAiEcho( 1546): Settings changed for uri: content://settings/secure/accessibility_enabled
05-25 04:35:08.260 W/libbinder.IPCThreadState(  755): Sending oneway calls to frozen process.
05-25 04:35:08.260 W/libbinder.IPCThreadState(  755): Sending oneway calls to frozen process.
05-25 04:35:08.260 W/libbinder.IPCThreadState(  755): Sending oneway calls to frozen process.
05-25 04:35:08.260 W/libbinder.IPCThreadState(  755): Sending oneway calls to frozen process.
05-25 04:35:08.260 W/libbinder.IPCThreadState(  755): Sending oneway calls to frozen process.
05-25 04:35:08.260 W/libbinder.IPCThreadState(  755): Sending oneway calls to frozen process.
05-25 04:35:08.260 I/AiAiEcho( 1546): Predicting[0]:  [CONTEXT sampling_count=5 ]
05-25 04:35:08.260 I/AiAiEcho( 1546): EchoTargets: 
05-25 04:35:08.260 I/AiAiEcho( 1546): Filtered by AiAi flag check: 
05-25 04:35:08.260 I/AiAiEcho( 1546): [CONTEXT ratelimit_period="10 SECONDS" ]
05-25 04:35:08.260 I/AiAiEcho( 1546): #remoteViewsTwiddler: feature disabled.
05-25 04:35:08.261 I/AiAiEcho( 1546): Predicting[0]:  [CONTEXT sampling_count=5 ]
05-25 04:35:08.261 W/libbinder.IPCThreadState(  755): Sending oneway calls to frozen process.
05-25 04:35:08.261 I/AiAiEcho( 1546): EchoTargets: 
05-25 04:35:08.261 I/AiAiEcho( 1546): Filtered by AiAi flag check: 
05-25 04:35:08.261 I/AiAiEcho( 1546): [CONTEXT ratelimit_period="10 SECONDS" ]
05-25 04:35:08.261 I/AiAiEcho( 1546): #remoteViewsTwiddler: feature disabled.
05-25 04:35:08.261 W/libbinder.IPCThreadState(  755): Sending oneway calls to frozen process.
05-25 04:35:08.261 W/libbinder.IPCThreadState(  755): Sending oneway calls to frozen process.
05-25 04:35:08.261 W/libbinder.IPCThreadState(  755): Sending oneway calls to frozen process.
05-25 04:35:08.262 W/libbinder.IPCThreadState(  755): Sending oneway calls to frozen process.
05-25 04:35:08.262 I/AiAiEcho( 1546): #postPredictionTargets: Sending updates to UISurface lockscreen with targets# 0 (types=[])
05-25 04:35:08.263 I/AiAiEcho( 1546): #postPredictionTargets: Sending updates to UISurface home with targets# 0 (types=[])
05-25 04:35:08.262 W/libbinder.IPCThreadState(  755): Sending oneway calls to frozen process.
05-25 04:35:08.263 W/libbinder.IPCThreadState(  755): Sending oneway calls to frozen process.
05-25 04:35:08.264 W/libbinder.IPCThreadState(  755): Sending oneway calls to frozen process.
05-25 04:35:08.264 V/AccessibilityManagerService(  755): onUserStateChangedLocked for userId: 0, forceUpdate: false
05-25 04:35:08.264 V/AccessibilityUserState(  755): updateShortcutTargets: type:accessibility_shortcut_target_service, current:{}, new:{}
05-25 04:35:08.264 V/AccessibilityUserState(  755): updateShortcutTargets: type:accessibility_button_targets, current:{}, new:{}
05-25 04:35:08.264 V/AccessibilityUserState(  755): updateShortcutTargets: type:accessibility_gesture_targets, current:{}, new:{}
05-25 04:35:08.264 V/AccessibilityUserState(  755): updateShortcutTargets: type:accessibility_qs_targets, current:{}, new:{}
05-25 04:35:08.264 V/AccessibilityUserState(  755): updateShortcutTargets: type:accessibility_key_gesture_targets, current:{}, new:{}
05-25 04:35:08.264 W/MagnificationConnectionManager(  755): requestConnection duplicated request: connect=false, mConnectionState=DISCONNECTED
05-25 04:35:08.265 W/SsPagerDots( 1012): Total number of pages invalid: 0. Assuming 1 page.
05-25 04:35:08.265 I/AiAiEcho( 1546): Settings changed for uri: content://settings/secure/accessibility_enabled
05-25 04:35:08.265 I/AiAiEcho( 1546): Predicting[0]:  [CONTEXT sampling_count=5 ]
05-25 04:35:08.266 I/AiAiEcho( 1546): EchoTargets: 
05-25 04:35:08.266 I/AiAiEcho( 1546): Filtered by AiAi flag check: 
05-25 04:35:08.266 I/AiAiEcho( 1546): [CONTEXT ratelimit_period="10 SECONDS" ]
05-25 04:35:08.266 I/AiAiEcho( 1546): #remoteViewsTwiddler: feature disabled.
05-25 04:35:08.266 I/AiAiEcho( 1546): Predicting[0]:  [CONTEXT sampling_count=5 ]
05-25 04:35:08.266 I/AiAiEcho( 1546): EchoTargets: 
05-25 04:35:08.266 I/AiAiEcho( 1546): Filtered by AiAi flag check: 
05-25 04:35:08.266 I/AiAiEcho( 1546): [CONTEXT ratelimit_period="10 SECONDS" ]
05-25 04:35:08.266 I/AiAiEcho( 1546): #remoteViewsTwiddler: feature disabled.
05-25 04:35:08.266 W/libbinder.IPCThreadState(  755): Sending oneway calls to frozen process.
05-25 04:35:08.266 W/libbinder.IPCThreadState(  755): Sending oneway calls to frozen process.
05-25 04:35:08.266 I/AiAiEcho( 1546): #postPredictionTargets: Sending updates to UISurface lockscreen with targets# 0 (types=[])
05-25 04:35:08.266 W/libbinder.IPCThreadState(  755): Sending oneway calls to frozen process.
05-25 04:35:08.266 W/libbinder.IPCThreadState(  755): Sending oneway calls to frozen process.
05-25 04:35:08.266 W/libbinder.IPCThreadState(  755): Sending oneway calls to frozen process.
05-25 04:35:08.266 W/libbinder.IPCThreadState(  755): Sending oneway calls to frozen process.
05-25 04:35:08.266 W/libbinder.IPCThreadState(  755): Sending oneway calls to frozen process.
05-25 04:35:08.266 I/AiAiEcho( 1546): #postPredictionTargets: Sending updates to UISurface home with targets# 0 (types=[])
05-25 04:35:08.266 W/libbinder.IPCThreadState(  755): Sending oneway calls to frozen process.
05-25 04:35:08.268 W/libbinder.IPCThreadState(  755): Sending oneway calls to frozen process.
05-25 04:35:08.268 W/libbinder.IPCThreadState(  755): Sending oneway calls to frozen process.
05-25 04:35:08.268 W/libbinder.IPCThreadState(  755): Sending oneway calls to frozen process.
05-25 04:35:08.268 W/libbinder.IPCThreadState(  755): Sending oneway calls to frozen process.
05-25 04:35:08.268 W/libbinder.IPCThreadState(  755): Sending oneway calls to frozen process.
05-25 04:35:08.268 W/libbinder.IPCThreadState(  755): Sending oneway calls to frozen process.
05-25 04:35:08.268 W/libbinder.IPCThreadState(  755): Sending oneway calls to frozen process.
05-25 04:35:08.268 W/libbinder.IPCThreadState(  755): Sending oneway calls to frozen process.
05-25 04:35:08.269 W/libbinder.IPCThreadState(  755): Sending oneway calls to frozen process.
05-25 04:35:08.269 W/libbinder.IPCThreadState(  755): Sending oneway calls to frozen process.
05-25 04:35:08.269 W/libbinder.IPCThreadState(  755): Sending oneway calls to frozen process.
05-25 04:35:08.269 W/libbinder.IPCThreadState(  755): Sending oneway calls to frozen process.
05-25 04:35:08.269 W/libbinder.IPCThreadState(  755): Sending oneway calls to frozen process.
05-25 04:35:08.269 W/libbinder.IPCThreadState(  755): Sending oneway calls to frozen process.
05-25 04:35:08.269 W/libbinder.IPCThreadState(  755): Sending oneway calls to frozen process.
05-25 04:35:08.270 W/libbinder.IPCThreadState(  755): Sending oneway calls to frozen process.
05-25 04:35:08.270 W/libbinder.IPCThreadState(  755): Sending oneway calls to frozen process.
05-25 04:35:08.270 W/libbinder.IPCThreadState(  755): Sending oneway calls to frozen process.
05-25 04:35:08.270 D/BatterySaverPolicy(  755): accessibility changed to true, updating policy.
05-25 04:35:08.271 W/SsPagerDots( 1012): Total number of pages invalid: 0. Assuming 1 page.
05-25 04:35:08.274 D/AccessibilityManagerService(  755): .getAccessibilityShortcutTargets {shortcutType=32, userId=0}
05-25 04:35:08.588 I/HalDevMgr(  755): bestIfaceCreationProposal is null, requestIface=STA, existingIface=[name=wlan0 type=STA]
05-25 04:35:09.301 W/AccessibilityNodeInfoDumper(17890): Fetch time: 2ms
05-25 04:35:09.302 V/AccessibilityManagerService(  755): onUserStateChangedLocked for userId: 0, forceUpdate: false
05-25 04:35:09.305 V/AccessibilityUserState(  755): updateShortcutTargets: type:accessibility_shortcut_target_service, current:{}, new:{}
05-25 04:35:09.305 V/AccessibilityUserState(  755): updateShortcutTargets: type:accessibility_button_targets, current:{}, new:{}
05-25 04:35:09.305 V/AccessibilityUserState(  755): updateShortcutTargets: type:accessibility_gesture_targets, current:{}, new:{}
05-25 04:35:09.305 V/AccessibilityUserState(  755): updateShortcutTargets: type:accessibility_qs_targets, current:{}, new:{}
05-25 04:35:09.305 V/AccessibilityUserState(  755): updateShortcutTargets: type:accessibility_key_gesture_targets, current:{}, new:{}
05-25 04:35:09.305 W/MagnificationConnectionManager(  755): requestConnection duplicated request: connect=false, mConnectionState=DISCONNECTED
05-25 04:35:09.305 D/AccessibilityManagerService(  755): restoreCurrentUserForTestAutomationIfNeededLocked(): ignoring because device doesn't support visible background users
05-25 04:35:09.305 W/libbinder.IPCThreadState(  755): Sending oneway calls to frozen process.
05-25 04:35:09.305 W/libbinder.IPCThreadState(  755): Sending oneway calls to frozen process.
05-25 04:35:09.305 W/libbinder.IPCThreadState(  755): Sending oneway calls to frozen process.
05-25 04:35:09.305 W/libbinder.IPCThreadState(  755): Sending oneway calls to frozen process.
05-25 04:35:09.305 W/libbinder.IPCThreadState(  755): Sending oneway calls to frozen process.
05-25 04:35:09.305 W/libbinder.IPCThreadState(  755): Sending oneway calls to frozen process.
05-25 04:35:09.306 D/AndroidRuntime(17890): Shutting down VM
05-25 04:35:09.306 I/AiAiEcho( 1546): Settings changed for uri: content://settings/secure/accessibility_enabled
05-25 04:35:09.307 W/libbinder.IPCThreadState(17890): call to talkWithDriver in joinThreadPool returned error: -9 (Bad file descriptor), FD: -1
05-25 04:35:09.308 W/libbinder.IPCThreadState(  755): Sending oneway calls to frozen process.
05-25 04:35:09.309 W/libbinder.IPCThreadState(  755): Sending oneway calls to frozen process.
05-25 04:35:09.309 W/libbinder.IPCThreadState(  755): Sending oneway calls to frozen process.
05-25 04:35:09.309 W/libbinder.IPCThreadState(  755): Sending oneway calls to frozen process.
05-25 04:35:09.309 W/libbinder.IPCThreadState(  755): Sending oneway calls to frozen process.
05-25 04:35:09.309 W/libbinder.IPCThreadState(  755): Sending oneway calls to frozen process.
05-25 04:35:09.309 W/libbinder.IPCThreadState(  755): Sending oneway calls to frozen process.
05-25 04:35:09.309 W/libbinder.IPCThreadState(  755): Sending oneway calls to frozen process.
05-25 04:35:09.309 W/libbinder.IPCThreadState(  755): Sending oneway calls to frozen process.
05-25 04:35:09.309 W/libbinder.IPCThreadState(  755): Sending oneway calls to frozen process.
05-25 04:35:09.309 W/libbinder.IPCThreadState(  755): Sending oneway calls to frozen process.
05-25 04:35:09.309 W/libbinder.IPCThreadState(  755): Sending oneway calls to frozen process.
05-25 04:35:09.309 W/libbinder.IPCThreadState(  755): Sending oneway calls to frozen process.
05-25 04:35:09.309 W/libbinder.IPCThreadState(  755): Sending oneway calls to frozen process.
05-25 04:35:09.309 W/libbinder.IPCThreadState(  755): Sending oneway calls to frozen process.
05-25 04:35:09.309 W/libbinder.IPCThreadState(  755): Sending oneway calls to frozen process.
05-25 04:35:09.309 W/libbinder.IPCThreadState(  755): Sending oneway calls to frozen process.
05-25 04:35:09.309 W/libbinder.IPCThreadState(  755): Sending oneway calls to frozen process.
05-25 04:35:09.309 D/BatterySaverPolicy(  755): accessibility changed to false, updating policy.
05-25 04:35:09.309 I/AiAiEcho( 1546): Predicting[0]:  [CONTEXT sampling_count=5 ]
05-25 04:35:09.309 I/AiAiEcho( 1546): EchoTargets: 
05-25 04:35:09.309 I/AiAiEcho( 1546): Filtered by AiAi flag check: 
05-25 04:35:09.309 I/AiAiEcho( 1546): [CONTEXT ratelimit_period="10 SECONDS" ]
05-25 04:35:09.309 W/libbinder.IPCThreadState(17890): call to talkWithDriver in joinThreadPool returned error: -9 (Bad file descriptor), FD: -1
05-25 04:35:09.309 W/libbinder.IPCThreadState(17890): call to talkWithDriver in joinThreadPool returned error: -9 (Bad file descriptor), FD: -1
05-25 04:35:09.310 I/AiAiEcho( 1546): #remoteViewsTwiddler: feature disabled.
05-25 04:35:09.310 I/AiAiEcho( 1546): #postPredictionTargets: Sending updates to UISurface lockscreen with targets# 0 (types=[])
05-25 04:35:09.311 I/AiAiEcho( 1546): Predicting[0]:  [CONTEXT sampling_count=5 ]
05-25 04:35:09.311 I/AiAiEcho( 1546): EchoTargets: 
05-25 04:35:09.311 I/AiAiEcho( 1546): Filtered by AiAi flag check: 
05-25 04:35:09.311 I/AiAiEcho( 1546): [CONTEXT ratelimit_period="10 SECONDS" ]
05-25 04:35:09.311 I/AiAiEcho( 1546): #remoteViewsTwiddler: feature disabled.
05-25 04:35:09.311 I/AiAiEcho( 1546): #postPredictionTargets: Sending updates to UISurface home with targets# 0 (types=[])
05-25 04:35:09.313 W/SsPagerDots( 1012): Total number of pages invalid: 0. Assuming 1 page.
05-25 04:35:10.680 D/InetDiagMessage(  755): Destroyed 0 sockets, proto=IPPROTO_TCP, family=AF_INET, states=14
05-25 04:35:10.681 D/InetDiagMessage(  755): Destroyed 0 sockets, proto=IPPROTO_TCP, family=AF_INET6, states=14
05-25 04:35:10.681 D/InetDiagMessage(  755): Destroyed live tcp sockets for uids={10202} in 1ms
05-25 04:35:10.681 D/InetDiagMessage(  755): Destroyed 0 sockets, proto=IPPROTO_TCP, family=AF_INET, states=14
05-25 04:35:10.681 D/InetDiagMessage(  755): Destroyed 0 sockets, proto=IPPROTO_TCP, family=AF_INET6, states=14
05-25 04:35:10.681 D/InetDiagMessage(  755): Destroyed live tcp sockets for uids={20202} in 0ms
05-25 04:35:11.202 W/libbinder.BackendUnifiedServiceManager(17908): Thread Pool max thread count is 0. Cannot cache binder as linkToDeath cannot be implemented. serviceName: SurfaceFlingerAIDL
05-25 04:35:11.203 W/libbinder.BpBinder(17908): Linking to death on android.gui.ISurfaceComposer but there are no threads (yet?) listening to incoming transactions. See ProcessState::startThreadPool and ProcessState::setThreadPoolMaxThreadCount. Generally you should setup the binder threadpool before other initialization steps.
05-25 04:35:11.203 W/libbinder.ProcessState(17908): Extra binder thread started, but 0 threads requested. Do not use *startThreadPool when zero threads are requested.
05-25 04:35:11.306 W/MediaProvider( 1529): isAppCloneUserPair for user 0: false
05-25 04:35:11.506 I/ActivityManager(  755): Broadcasting: Intent { act=android.intent.action.MEDIA_SCANNER_SCAN_FILE dat=file:///... flg=0x400000 }
05-25 04:35:11.507 I/ActivityManager(  755): Enqueued broadcast Intent { act=android.intent.action.MEDIA_SCANNER_SCAN_FILE dat=file:///... flg=0x400000 }: 0
05-25 04:35:11.509 I/MediaServiceV2( 1529): Creating work for intent Intent { act=android.intent.action.MEDIA_SCANNER_SCAN_FILE dat=file:///... flg=0x1400010 cmp=com.google.android.providers.media.module/com.android.providers.media.MediaServiceV2 }
