05-25 02:43:44.203   755  1052 V GrammaticalInflectionUtils: AttributionSource: android.content.AttributionSource@f3022897 does not have READ_SYSTEM_GRAMMATICAL_GENDER permission.
05-25 02:43:44.204   755  1052 V WindowManager: DesktopModeLaunchParamsModifier: phase= 0 task=null activity=ActivityRecord{161861239 u0 com.tiarnanlarkin.danio/.MainActivity display-area-from-current-params=null display-area-from-default-fallback=DefaultTaskDisplayArea@179034865 display-id=0 task-display-area-windowing-mode=1 suggested-display-area=DefaultTaskDisplayArea@179034865 task null, skipping
05-25 02:43:44.204   755  1052 V WindowManager: TaskLaunchParamsModifier:phase=0 task=null activity=ActivityRecord{161861239 u0 com.tiarnanlarkin.danio/.MainActivity t-1} display-area-from-current-params=null display-area-from-default-fallback=DefaultTaskDisplayArea@179034865 display-id=0 task-display-area-windowing-mode=1 suggested-display-area=DefaultTaskDisplayArea@179034865
05-25 02:43:44.204   755  1052 V WindowManager: DesktopModeLaunchParamsModifier: phase= 3 task=null activity=ActivityRecord{161861239 u0 com.tiarnanlarkin.danio/.MainActivity t-1} display-area-from-current-params=null display-area-from-default-fallback=DefaultTaskDisplayArea@179034865 display-id=0 task-display-area-windowing-mode=1 suggested-display-area=DefaultTaskDisplayArea@179034865 task null, skipping
05-25 02:43:44.204   755  1052 V WindowManager: TaskLaunchParamsModifier:phase=3 task=null activity=ActivityRecord{161861239 u0 com.tiarnanlarkin.danio/.MainActivity t-1} display-area-from-current-params=null display-area-from-default-fallback=DefaultTaskDisplayArea@179034865 display-id=0 task-display-area-windowing-mode=1 suggested-display-area=DefaultTaskDisplayArea@179034865 non-freeform-task-display-area display-area=DefaultTaskDisplayArea@179034865 skip-bounds-fullscreen
05-25 02:43:44.206   755  1052 V WindowManager: DesktopModeLaunchParamsModifier: phase= 3 task=Task{78b5ae4 #14 type=standard I=com.tiarnanlarkin.danio/.MainActivity} activity=ActivityRecord{161861239 u0 com.tiarnanlarkin.danio/.MainActivity t-1} display-from-task=0 display-id=0 task-display-area-windowing-mode=1 suggested-display-area=DefaultTaskDisplayArea@179034865 not entering desktop mode, skipping
05-25 02:43:44.206   755  1052 V WindowManager: TaskLaunchParamsModifier:phase=3 task=Task{78b5ae4 #14 type=standard I=com.tiarnanlarkin.danio/.MainActivity} activity=ActivityRecord{161861239 u0 com.tiarnanlarkin.danio/.MainActivity t-1} display-from-task=0 display-id=0 task-display-area-windowing-mode=1 suggested-display-area=DefaultTaskDisplayArea@179034865 inherit-from-task=fullscreen non-freeform-task-display-area display-area=DefaultTaskDisplayArea@179034865 skip-bounds-fullscreen
05-25 02:43:44.207   620   811 I libbinder.BpBinder: onLastStrongRef automatically unlinking death recipients for descriptor: '(not cached)'
05-25 02:43:44.209   755  3187 D CompatChangeReporter: Compat change id reported: 377864165; UID 10219; state: ENABLED
05-25 02:43:44.209   755  1052 I ActivityTaskManager: Add Task{7fc89ed #13 type=standard I=com.tiarnanlarkin.danio/.MainActivity} to hidden list because adding Task{78b5ae4 #14 type=standard I=com.tiarnanlarkin.danio/.MainActivity}
05-25 02:43:44.209   755  1052 I ActivityTaskManager: START u0 {act=android.intent.action.VIEW dat=danio://qa/... flg=0x10000000 xflg=0x4 pkg=com.tiarnanlarkin.danio cmp=com.tiarnanlarkin.danio/.MainActivity} with LAUNCH_SINGLE_TOP from uid 2000 (com.android.shell) (BAL_ALLOW_PERMISSION) result code=0
05-25 02:43:44.211  1151  1151 D BaseActivity: Launcher flags updated: [state_started|state_resumed|state_deferred_resumed|state_window_focused] -[state_user_active]
05-25 02:43:44.212  1012  1069 V WindowManagerShell: Transition requested (#27): android.os.BinderProxy@e2b97b5 TransitionRequestInfo { type = OPEN, triggerTask = TaskInfo{userId=0 taskId=14 effectiveUid=10219 displayId=0 isRunning=true baseIntent=Intent { act=android.intent.action.VIEW dat=danio://qa/... flg=0x10000000 pkg=com.tiarnanlarkin.danio cmp=com.tiarnanlarkin.danio/.MainActivity } baseActivity=ComponentInfo{com.tiarnanlarkin.danio/com.tiarnanlarkin.danio.MainActivity} topActivity=ComponentInfo{com.tiarnanlarkin.danio/com.tiarnanlarkin.danio.MainActivity} origActivity=null realActivity=ComponentInfo{com.tiarnanlarkin.danio/com.tiarnanlarkin.danio.MainActivity} numActivities=1 lastActiveTime=2626718 supportsMultiWindow=true resizeMode=1 isResizeable=true minWidth=-1 minHeight=-1 defaultMinSize=220 token=WCT{android.os.BinderProxy@bc6ee4a} topActivityType=1 pictureInPictureParams=null shouldDockBigOverlays=false launchIntoPipHostTaskId=-1 lastParentTaskIdBeforePip=-1 displayCutoutSafeInsets=Rect(0, 0 - 0, 0) topActivityInfo=ActivityInfo{78a31bb com.tiarnanlarkin.danio.MainActivity} launchCookies=[] positionInParent=Point(0, 0) parentTaskId=-1 isFocused=false isVisible=false isVisibleRequested=false isTopActivityNoDisplay=false isSleeping=false locusId=null displayAreaFeatureId=1 isTopActivityTransparent=false isActivityStackTransparent=false lastNonFullscreenBounds=null capturedLink=null capturedLinkTimestamp=0 requestedVisibleTypes=503 topActivityRequestOpenInBrowserEducationTimestamp=0 appCompatTaskInfo=AppCompatTaskInfo { topActivityInSizeCompat=false isLeafTask= true eligibleForLetterboxEducation= false isLetterboxEducationEnabled= true isLetterboxDoubleTapEnabled= false eligibleForUserAspectRatioButton= false topActivityBoundsLetterboxed= false isFromLetterboxDoubleTap= false topActivityLetterboxVerticalPosition= -1 topActivityLetterboxHorizontalPosition= -1 topActivityLetterboxWidth=-1 topActivityLetterboxHeight=-1 topActivityAppBounds=Rect(0, 0 - 1080, 2400) isUserFullscreenOverrideEnabled=false isSystemFullscreenOverrideEnabled=false hasMinAspectRatioOverride=false topActivityLetterboxBounds=null cameraCompatTaskInfo=CameraCompatTaskInfo { cameraCompatMode=inactive0} topNonResizableActivityAspectRatio=-1.0} topActivityMainWindowFrame=null isAppBubble=false}, pipChange = null, remoteTransition = null, displayChange = null, requestedLocation = null, userChange = null, windowingLayerChange = null, flags = 0, debugId = 27 }
05-25 02:43:44.212  1012  1069 D ShellSplitScreen: logExit: no-op, mLoggerSessionId is null
05-25 02:43:44.212  1151  1151 D BaseActivity: Launcher flags updated: [state_started|state_window_focused] -[state_resumed|state_deferred_resumed]
05-25 02:43:44.213  1012  1069 D WindowManagerShell: setLauncherKeepClearAreaHeight: visible=false, height=495
05-25 02:43:44.213  1151  1151 W SplitSelectStateCtor: Missing session instanceIds
05-25 02:43:44.214  1151  1151 D StatsLog: LAUNCHER_SPLIT_SELECTION_EXIT_INTERRUPTED
05-25 02:43:44.215   755  3187 I AppsFilter: interaction: PackageSetting{911905 com.android.microdroid.empty_payload/10214} -> PackageSetting{12156f com.tiarnanlarkin.danio/10219} BLOCKED
05-25 02:43:44.215   755  3187 I AppsFilter: interaction: PackageSetting{7965b8b com.wgtr.app.debug/10221} -> PackageSetting{12156f com.tiarnanlarkin.danio/10219} BLOCKED
05-25 02:43:44.217   755  3187 V WindowManager: Defer transition id=27 for TaskFragmentTransaction=android.os.Binder@d15227c
05-25 02:43:44.217   755  3187 V WindowManager: deferTransitionReady deferReadyDepth=1 stack=com.android.server.wm.TransitionController.deferTransitionReady:1061 com.android.server.wm.TaskFragmentOrganizerController$TaskFragmentOrganizerState.dispatchTransaction:517 com.android.server.wm.TaskFragmentOrganizerController.dispatchPendingEvents:1259 com.android.server.wm.TaskFragmentOrganizerController.dispatchPendingEvents:1228 com.android.server.wm.RootWindowContainer.performSurfacePlacement:777 
05-25 02:43:44.217   755   778 V GrammaticalInflectionUtils: AttributionSource: android.content.AttributionSource@f3022897 does not have READ_SYSTEM_GRAMMATICAL_GENDER permission.
05-25 02:43:44.218  1151  1151 V BaseDepthController: Applying blur: 0 to Surface(name=com.google.android.apps.nexuslauncher/com.google.android.apps.nexuslauncher.NexusLauncherActivity#476)/@0xcebc56f applyImmediately: false
05-25 02:43:44.218  1151  1151 D BaseDepthController: shouldBlurWorkspace: false targetState: Normal currentStableState: Normal mCurrentBlur: 0 mLauncher.getDepthBlurTargets(): [com.android.launcher3.Workspace{e9bdd45 V.ED..... ........ 0,0-1080,2400 #7f0a049d app:id/workspace}, com.android.launcher3.Hotseat{965127c V.ED..... ........ 0,1905-1080,2400 #7f0a01ee app:id/hotseat}]
05-25 02:43:44.219  1151  1151 D RecentsView: onTaskDisplayChanged: 14, new displayId = 0
05-25 02:43:44.220  1151  1151 D b/417220811: invalidateLoadedTasks - previous requestLoadId: -1
05-25 02:43:44.221  1151  1151 D b/417220811: invalidateLoadedTasks - previous requestLoadId: -1
05-25 02:43:44.222   755  3185 V WindowManager: Continue transition id=27 for TaskFragmentTransaction=android.os.Binder@d15227c
05-25 02:43:44.222   755  3185 V WindowManager: continueTransitionReady deferReadyDepth=0 stack=com.android.server.wm.TransitionController.continueTransitionReady:1071 com.android.server.wm.TaskFragmentOrganizerController$TaskFragmentOrganizerState.onTransactionFinished:546 com.android.server.wm.TaskFragmentOrganizerController.onTransactionHandled:740 android.window.ITaskFragmentOrganizerController$Stub.onTransact:225 android.os.Binder.execTransactInternal:1473 
05-25 02:43:44.222   663   745 W libbinder.IPCThreadState: Sending oneway calls to frozen process.
05-25 02:43:44.223   755   966 D BackgroundInstallControlService: Package event received: 0
05-25 02:43:44.226   545   545 D Zygote  : Forked child process 8782
05-25 02:43:44.227  1151  1151 V BaseDepthController: Applying blur: 0 to Surface(name=com.google.android.apps.nexuslauncher/com.google.android.apps.nexuslauncher.NexusLauncherActivity#476)/@0xcebc56f applyImmediately: false
05-25 02:43:44.227  1151  1151 D BaseDepthController: shouldBlurWorkspace: false targetState: Normal currentStableState: Normal mCurrentBlur: 0 mLauncher.getDepthBlurTargets(): [com.android.launcher3.Workspace{e9bdd45 V.ED..... ........ 0,0-1080,2400 #7f0a049d app:id/workspace}, com.android.launcher3.Hotseat{965127c V.ED..... ........ 0,1905-1080,2400 #7f0a01ee app:id/hotseat}]
05-25 02:43:44.228   755   787 I ActivityManager: Start proc 8782:com.tiarnanlarkin.danio/u0a219 for next-top-activity {com.tiarnanlarkin.danio/com.tiarnanlarkin.danio.MainActivity}
05-25 02:43:44.238  8782  8782 I Zygote  : Process 8782 created for com.tiarnanlarkin.danio
05-25 02:43:44.239  8782  8782 I nanlarkin.danio: Late-enabling -Xcheck:jni
05-25 02:43:44.248  1151  1151 V BaseDepthController: Applying blur: 0 to Surface(name=com.google.android.apps.nexuslauncher/com.google.android.apps.nexuslauncher.NexusLauncherActivity#476)/@0xcebc56f applyImmediately: false
05-25 02:43:44.248  1151  1151 D BaseDepthController: shouldBlurWorkspace: false targetState: Normal currentStableState: Normal mCurrentBlur: 0 mLauncher.getDepthBlurTargets(): [com.android.launcher3.Workspace{e9bdd45 V.ED..... ........ 0,0-1080,2400 #7f0a049d app:id/workspace}, com.android.launcher3.Hotseat{965127c V.ED..... ........ 0,1905-1080,2400 #7f0a01ee app:id/hotseat}]
05-25 02:43:44.256  8782  8782 I nanlarkin.danio: Using CollectorTypeCMC GC.
05-25 02:43:44.257  8782  8782 W nanlarkin.danio: Unexpected CPU variant for x86: x86_64.
05-25 02:43:44.257  8782  8782 W nanlarkin.danio: Known variants: atom, sandybridge, silvermont, goldmont, goldmont-plus, goldmont-without-sha-xsaves, tremont, kabylake, alderlake, default
05-25 02:43:44.271   627   652 I adbd    : jdwp connection from 8782
05-25 02:43:44.272   755   775 V WindowManager: Sent Transition (#27) createdAt=05-25 02:43:44.204 via request=TransitionRequestInfo { type = OPEN, triggerTask = TaskInfo{userId=0 taskId=14 effectiveUid=10219 displayId=0 isRunning=true baseIntent=Intent { act=android.intent.action.VIEW dat=danio://qa/... flg=0x10000000 pkg=com.tiarnanlarkin.danio cmp=com.tiarnanlarkin.danio/.MainActivity } baseActivity=ComponentInfo{com.tiarnanlarkin.danio/com.tiarnanlarkin.danio.MainActivity} topActivity=ComponentInfo{com.tiarnanlarkin.danio/com.tiarnanlarkin.danio.MainActivity} origActivity=null realActivity=ComponentInfo{com.tiarnanlarkin.danio/com.tiarnanlarkin.danio.MainActivity} numActivities=1 lastActiveTime=2626718 supportsMultiWindow=true resizeMode=1 isResizeable=true minWidth=-1 minHeight=-1 defaultMinSize=220 token=WCT{RemoteToken{535acb9 Task{78b5ae4 #14 type=standard I=com.tiarnanlarkin.danio/.MainActivity}}} topActivityType=1 pictureInPictureParams=null shouldDockBigOverlays=false launchIntoPipHostTaskId=-1 lastParentTaskIdBeforePip=-1 displayCutoutSafeInsets=Rect(0, 0 - 0, 0) topActivityInfo=ActivityInfo{29118fe com.tiarnanlarkin.danio.MainActivity} launchCookies=[] positionInParent=Point(0, 0) parentTaskId=-1 isFocused=false isVisible=false isVisibleRequested=false isTopActivityNoDisplay=false isSleeping=false locusId=null displayAreaFeatureId=1 isTopActivityTransparent=false isActivityStackTransparent=false lastNonFullscreenBounds=null capturedLink=null capturedLinkTimestamp=0 requestedVisibleTypes=503 topActivityRequestOpenInBrowserEducationTimestamp=0 appCompatTaskInfo=AppCompatTaskInfo { topActivityInSizeCompat=false isLeafTask= true eligibleForLetterboxEducation= false isLetterboxEducationEnabled= true isLetterboxDoubleTapEnabled= false eligibleForUserAspectRatioButton= false topActivityBoundsLetterboxed= false isFromLetterboxDoubleTap= false topActivityLetterboxVerticalPosition= -1 topActivityLetterboxHorizontalPosition= -1 topActivityLetterboxWidth=-1 topActivityLetterboxHeight=-1 topActivityAppBounds=Rect(0, 0 - 1080, 2400) isUserFullscreenOverrideEnabled=false isSystemFullscreenOverrideEnabled=false hasMinAspectRatioOverride=false topActivityLetterboxBounds=null cameraCompatTaskInfo=CameraCompatTaskInfo { cameraCompatMode=inactive0} topNonResizableActivityAspectRatio=-1.0} topActivityMainWindowFrame=null isAppBubble=false}, pipChange = null, remoteTransition = null, displayChange = null, requestedLocation = null, userChange = null, windowingLayerChange = null, flags = 0, debugId = 27 }
05-25 02:43:44.272   755   775 V WindowManager:     startWCT=WindowContainerTransaction { changes= {} hops= [] errorCallbackToken=null taskFragmentOrganizer=null }
05-25 02:43:44.272   755   775 V WindowManager:     info={id=27 t=OPEN f=0x0 trk=0 r=[0@Point(0, 0)] c=[
05-25 02:43:44.272   755   775 V WindowManager:         {WCT{RemoteToken{535acb9 Task{78b5ae4 #14 type=standard I=com.tiarnanlarkin.danio/.MainActivity}}} m=OPEN f=NONE leash=Surface(name=Task=14#484)/@0xe44af03 sb=Rect(0, 0 - 1080, 2400) eb=Rect(0, 0 - 1080, 2400) epz=Point(1080, 2400) d=0 taskParent=-1 winMode=1 userId=0},
05-25 02:43:44.272   755   775 V WindowManager:         {WCT{RemoteToken{9b18a9 Task{dee529 #1 type=home}}} m=TO_BACK f=SHOW_WALLPAPER leash=Surface(name=Task=1#42)/@0xd1a2fc4 sb=Rect(0, 0 - 1080, 2400) eb=Rect(0, 0 - 1080, 2400) epz=Point(1080, 2400) d=0 taskParent=-1 winMode=1 userId=0},
05-25 02:43:44.272   755   775 V WindowManager:         {m=TO_BACK f=IS_WALLPAPER leash=Surface(name=WallpaperWindowToken{6b1c075}#58)/@0xe496ad7 sb=Rect(0, 0 - 1080, 2400) eb=Rect(0, 0 - 1080, 2400) epz=Point(1080, 2400) d=0}
05-25 02:43:44.272   755   775 V WindowManager:     ]}
05-25 02:43:44.274  1012  1433 V WindowManagerShell: onTransitionReady(transaction=3242700315244)
05-25 02:43:44.274  1012  1069 V WindowManagerShell: onTransitionReady (#27) android.os.BinderProxy@e2b97b5: {id=27 t=OPEN f=0x0 trk=0 r=[0@Point(0, 0)] c=[
05-25 02:43:44.274  1012  1069 V WindowManagerShell:         {m=OPEN f=NONE leash=Surface(name=Task=14#484)/@0xa26ffab sb=Rect(0, 0 - 1080, 2400) eb=Rect(0, 0 - 1080, 2400) epz=Point(1080, 2400) d=0 taskParent=-1 winMode=1 userId=0},
05-25 02:43:44.274  1012  1069 V WindowManagerShell:         {m=TO_BACK f=SHOW_WALLPAPER leash=Surface(name=Task=1#42)/@0xdc32608 sb=Rect(0, 0 - 1080, 2400) eb=Rect(0, 0 - 1080, 2400) epz=Point(1080, 2400) d=0 taskParent=-1 winMode=1 userId=0},
05-25 02:43:44.274  1012  1069 V WindowManagerShell:         {m=TO_BACK f=IS_WALLPAPER leash=Surface(name=WallpaperWindowToken{6b1c075}#58)/@0x3ddd1a1 sb=Rect(0, 0 - 1080, 2400) eb=Rect(0, 0 - 1080, 2400) epz=Point(1080, 2400) d=0}
05-25 02:43:44.274  1012  1069 V WindowManagerShell:     ]}
05-25 02:43:44.275  1012  1069 V WindowManagerShell: Transition (#27) android.os.BinderProxy@e2b97b5@0 ready while (#26) android.os.BinderProxy@1addec1@0 is still animating. Notify the animating transition in case they can be merged
05-25 02:43:44.275  1012  1069 V WindowManagerShell:    Requesting merge (#27) into remote: RemoteTransition { remoteTransition = android.window.IRemoteTransition$Stub$Proxy@63321b7, appThread = android.app.IApplicationThread$Stub$Proxy@2954d24, debugName = QuickstepLaunchHome }
05-25 02:43:44.275  1012  1069 V ShellTaskOrganizer: Task appeared taskId=14 listener=FullscreenTaskListener
05-25 02:43:44.275  1012  1069 V ShellTaskOrganizer: Fullscreen Task Appeared: #14
05-25 02:43:44.275  1012  1433 V WindowManagerShell: Received remote transition finished callback for (#26)
05-25 02:43:44.278  1012  1069 V WindowManagerShell: Transition animation finished (aborted=false), notifying core (#26) android.os.BinderProxy@1addec1@0
05-25 02:43:44.278  8782  8782 D nativeloader: Load libframework-connectivity-tiramisu-jni.so using APEX ns com_android_tethering for caller /apex/com.android.tethering/javalib/framework-connectivity-t.jar: ok
05-25 02:43:44.280   755   775 V WindowManager: Finish Transition (#26): created at 05-25 02:43:43.575 collect-started=0.057ms request-sent=0.114ms started=6.772ms ready=10.213ms sent=49.921ms commit=19.967ms finished=703.386ms
05-25 02:43:44.281  1151  1151 D BaseActivity: Launcher flags updated: [state_started] -[state_window_focused]
05-25 02:43:44.283  1151  1151 D b/417220811: invalidateLoadedTasks - previous requestLoadId: -1
05-25 02:43:44.283  1151  1151 V BaseDepthController: Applying blur: 0 to Surface(name=com.google.android.apps.nexuslauncher/com.google.android.apps.nexuslauncher.NexusLauncherActivity#476)/@0xcebc56f applyImmediately: false
05-25 02:43:44.283   755   982 E libbinder.IPCThreadState: Binder transaction failure. id: 1609955, cmd: BR_DEAD_REPLY (29189), error: -22 (Invalid argument)
05-25 02:43:44.283  1151  1151 D BaseDepthController: shouldBlurWorkspace: false targetState: Normal currentStableState: Normal mCurrentBlur: 0 mLauncher.getDepthBlurTargets(): [com.android.launcher3.Workspace{e9bdd45 V.ED..... ........ 0,0-1080,2400 #7f0a049d app:id/workspace}, com.android.launcher3.Hotseat{965127c V.ED..... .......D 0,1905-1080,2400 #7f0a01ee app:id/hotseat}]
05-25 02:43:44.283   755   982 W ActivityManager: pid 755 system sent binder code 7 with flags 1 and got error -32
05-25 02:43:44.284   755   982 W WindowManager: Exception thrown during dispatchAppVisibility Window{cd1c356 u0 com.tiarnanlarkin.danio/com.tiarnanlarkin.danio.MainActivity EXITING}
05-25 02:43:44.284   755   982 W WindowManager: android.os.DeadObjectException
05-25 02:43:44.284   755   982 W WindowManager: 	at android.os.BinderProxy.transactNative(Native Method)
05-25 02:43:44.284   755   982 W WindowManager: 	at android.os.BinderProxy.transact(BinderProxy.java:599)
05-25 02:43:44.284   755   982 W WindowManager: 	at android.view.IWindow$Stub$Proxy.dispatchAppVisibility(IWindow.java:535)
05-25 02:43:44.284   755   982 W WindowManager: 	at com.android.server.wm.WindowState.sendAppVisibilityToClients(WindowState.java:3266)
05-25 02:43:44.284   755   982 W WindowManager: 	at com.android.server.wm.WindowContainer.sendAppVisibilityToClients(WindowContainer.java:1218)
05-25 02:43:44.284   755   982 W WindowManager: 	at com.android.server.wm.WindowToken.setClientVisible(WindowToken.java:394)
05-25 02:43:44.284   755   982 W WindowManager: 	at com.android.server.wm.ActivityRecord.commitVisibility(ActivityRecord.java:5626)
05-25 02:43:44.284   755   982 W WindowManager: 	at com.android.server.wm.Transition.finishTransition(Transition.java:1500)
05-25 02:43:44.284   755   982 W WindowManager: 	at com.android.server.wm.TransitionController.finishTransition(TransitionController.java:1096)
05-25 02:43:44.284   755   982 W WindowManager: 	at com.android.server.wm.WindowOrganizerController.finishTransition(WindowOrganizerController.java:518)
05-25 02:43:44.284   755   982 W WindowManager: 	at android.window.IWindowOrganizerController$Stub.onTransact(IWindowOrganizerController.java:270)
05-25 02:43:44.284   755   982 W WindowManager: 	at com.android.server.wm.WindowOrganizerController.onTransact(WindowOrganizerController.java:233)
05-25 02:43:44.284   755   982 W WindowManager: 	at android.os.Binder.execTransactInternal(Binder.java:1478)
05-25 02:43:44.284   755   982 W WindowManager: 	at android.os.Binder.execTransact(Binder.java:1418)
05-25 02:43:44.284   755   982 W Process : Unable to open /proc/7954/status
05-25 02:43:44.287  1012  1069 V WindowManagerShell: Playing animation for (#27) android.os.BinderProxy@e2b97b5@0
05-25 02:43:44.287  1012  1069 V ShellRecents: RecentsTransitionHandler.startAnimation: no controller found
05-25 02:43:44.287  1012  1069 V WindowManagerShell: Transition doesn't have explicit remote, search filters for match for {id=27 t=OPEN f=0x0 trk=0 r=[0@Point(0, 0)] c=[{m=OPEN f=NONE leash=Surface(name=Task=14#484)/@0xa26ffab sb=Rect(0, 0 - 1080, 2400) eb=Rect(0, 0 - 1080, 2400) epz=Point(1080, 2400) d=0 taskParent=-1 winMode=1 userId=0},{m=TO_BACK f=SHOW_WALLPAPER leash=Surface(name=Task=1#42)/@0xdc32608 sb=Rect(0, 0 - 1080, 2400) eb=Rect(0, 0 - 1080, 2400) epz=Point(1080, 2400) d=0 taskParent=-1 winMode=1 userId=0},{m=TO_BACK f=IS_WALLPAPER leash=Surface(name=WallpaperWindowToken{6b1c075}#58)/@0x3ddd1a1 sb=Rect(0, 0 - 1080, 2400) eb=Rect(0, 0 - 1080, 2400) epz=Point(1080, 2400) d=0}]}
05-25 02:43:44.287  1012  1069 V WindowManagerShell:  Checking filter Pair{{types=[] flags=0x0] notFlags=0x0 checks=[{atype=undefined independent=true modes=[CLOSE,TO_BACK] flags=IN_TASK_WITH_EMBEDDED_ACTIVITY mustBeTask=false order=ANY topActivity=null launchCookie=null taskFragmentToken=android.os.BinderProxy@783bfea windowingMode=undefined isCrossDisplayMove=false}]} RemoteTransition { remoteTransition = android.window.IRemoteTransition$Stub$Proxy@8e32db, appThread = android.app.IApplicationThread$Stub$Proxy@6c9178, debugName = overlayBackTransition }}
05-25 02:43:44.289  1012  1069 V WindowManagerShell:  Checking filter Pair{{types=[] flags=0x0] notFlags=0x0 checks=[{atype=dream independent=true modes=[OPEN,TO_FRONT] flags=NONE mustBeTask=false order=ANY topActivity=null launchCookie=null windowingMode=undefined isCrossDisplayMove=false},{atype=home independent=true modes=[CLOSE,TO_BACK] flags=NONE mustBeTask=false order=ANY topActivity=null launchCookie=null windowingMode=undefined isCrossDisplayMove=false}]} RemoteTransition { remoteTransition = android.window.IRemoteTransition$Stub$Proxy@d5cb051, appThread = android.app.IApplicationThread$Stub$Proxy@dd5f0b6, debugName = LauncherToDream }}
05-25 02:43:44.289  1012  1069 V WindowManagerShell:  Checking filter Pair{{types=[] flags=0x0] notFlags=0x100 checks=[{atype=home independent=true modes=[OPEN,TO_FRONT] flags=NONE mustBeTask=false order=TOP topActivity=ComponentInfo{com.google.android.apps.nexuslauncher/com.google.android.apps.nexuslauncher.NexusLauncherActivity} launchCookie=null windowingMode=undefined isCrossDisplayMove=false},{atype=standard independent=true modes=[CLOSE,TO_BACK] flags=NONE mustBeTask=false order=ANY topActivity=null launchCookie=null windowingMode=undefined isCrossDisplayMove=false},{NOT atype=undefined independent=true modes=[] flags=NONE mustBeTask=true order=ANY topActivity=null launchCookie=null customAnim=true windowingMode=undefined isCrossDisplayMove=false}]} RemoteTransition { remoteTransition = android.window.IRemoteTransition$Stub$Proxy@63321b7, appThread = android.app.IApplicationThread$Stub$Proxy@2954d24, debugName = QuickstepLaunchHome }}
05-25 02:43:44.289  1012  1069 V WindowManagerShell:  Delegate animation for (#27) to null
05-25 02:43:44.289  1012  1069 V WindowManagerShell: start default transition animation, info = {id=27 t=OPEN f=0x0 trk=0 r=[0@Point(0, 0)] c=[{m=OPEN f=NONE leash=Surface(name=Task=14#484)/@0xa26ffab sb=Rect(0, 0 - 1080, 2400) eb=Rect(0, 0 - 1080, 2400) epz=Point(1080, 2400) d=0 taskParent=-1 winMode=1 userId=0},{m=TO_BACK f=SHOW_WALLPAPER leash=Surface(name=Task=1#42)/@0xdc32608 sb=Rect(0, 0 - 1080, 2400) eb=Rect(0, 0 - 1080, 2400) epz=Point(1080, 2400) d=0 taskParent=-1 winMode=1 userId=0},{m=TO_BACK f=IS_WALLPAPER leash=Surface(name=WallpaperWindowToken{6b1c075}#58)/@0x3ddd1a1 sb=Rect(0, 0 - 1080, 2400) eb=Rect(0, 0 - 1080, 2400) epz=Point(1080, 2400) d=0}]}
05-25 02:43:44.289  1012  1069 V WindowManagerShell: loadAnimation: anim=android.view.animation.AnimationSet@dbbd252 animAttr=0x13 type=OPEN isEntrance=false
05-25 02:43:44.289  1012  1069 V WindowManagerShell: loadAnimation: anim=android.view.animation.AnimationSet@720c19e animAttr=0x12 type=OPEN isEntrance=true
05-25 02:43:44.290  1012  1069 V WindowManagerShell:  animated by com.android.wm.shell.transition.DefaultTransitionHandler@7b0dc0f
05-25 02:43:44.298  1012  1069 V ShellTaskOrganizer: Task vanished taskId=13
05-25 02:43:44.298  1012  1069 V ShellTaskOrganizer: Fullscreen Task Vanished: #13
05-25 02:43:44.298  1012  1069 D ShellDesktopMode: AppToWebRepository: Task 13 is vanishing. Removing task data from repository
05-25 02:43:44.300   755   966 D BackgroundInstallControlService: Package event received: 0
05-25 02:43:44.310  1151  1151 V BaseDepthController: Applying blur: 0 to Surface(name=com.google.android.apps.nexuslauncher/com.google.android.apps.nexuslauncher.NexusLauncherActivity#476)/@0xcebc56f applyImmediately: false
05-25 02:43:44.310  1151  1151 D BaseDepthController: shouldBlurWorkspace: false targetState: Normal currentStableState: Normal mCurrentBlur: 0 mLauncher.getDepthBlurTargets(): [com.android.launcher3.Workspace{e9bdd45 V.ED..... ........ 0,0-1080,2400 #7f0a049d app:id/workspace}, com.android.launcher3.Hotseat{965127c V.ED..... .......D 0,1905-1080,2400 #7f0a01ee app:id/hotseat}]
05-25 02:43:44.315  1151  1151 D RecentsView: onTaskRemoved: 13, not handling task stack changes
05-25 02:43:44.315  1151  1151 D RecentsView: onTaskRemoved: 13, not handling task stack changes
05-25 02:43:44.316  1151  1151 D b/417220811: invalidateLoadedTasks - previous requestLoadId: -1
05-25 02:43:44.319  1151  1151 D b/417220811: invalidateLoadedTasks - previous requestLoadId: -1
05-25 02:43:44.323  8782  8782 D ApplicationLoaders: Returning zygote-cached class loader: /system_ext/framework/androidx.window.extensions.jar
05-25 02:43:44.323  8782  8782 D ApplicationLoaders: Returning zygote-cached class loader: /system_ext/framework/androidx.window.sidecar.jar
05-25 02:43:44.328   620   620 E BpTransactionCompletedListener: Failed to transact (-32)
05-25 02:43:44.328  1151  1151 V BaseDepthController: Applying blur: 0 to Surface(name=com.google.android.apps.nexuslauncher/com.google.android.apps.nexuslauncher.NexusLauncherActivity#476)/@0xcebc56f applyImmediately: false
05-25 02:43:44.328  1151  1151 D BaseDepthController: shouldBlurWorkspace: false targetState: Normal currentStableState: Normal mCurrentBlur: 0 mLauncher.getDepthBlurTargets(): [com.android.launcher3.Workspace{e9bdd45 V.ED..... ........ 0,0-1080,2400 #7f0a049d app:id/workspace}, com.android.launcher3.Hotseat{965127c V.ED..... ........ 0,1905-1080,2400 #7f0a01ee app:id/hotseat}]
05-25 02:43:44.329   620   620 E BpTransactionCompletedListener: Failed to transact (-32)
05-25 02:43:44.356  1151  1160 W System  : A resource failed to call release. 
05-25 02:43:44.356  1151  1160 W System  : A resource failed to call release. 
05-25 02:43:44.356  1151  1160 W System  : A resource failed to call release. 
05-25 02:43:44.360  1151  1151 V BaseDepthController: Applying blur: 0 to Surface(name=com.google.android.apps.nexuslauncher/com.google.android.apps.nexuslauncher.NexusLauncherActivity#476)/@0xcebc56f applyImmediately: false
05-25 02:43:44.361  1151  1151 D BaseDepthController: shouldBlurWorkspace: false targetState: Normal currentStableState: Normal mCurrentBlur: 0 mLauncher.getDepthBlurTargets(): [com.android.launcher3.Workspace{e9bdd45 V.ED..... ........ 0,0-1080,2400 #7f0a049d app:id/workspace}, com.android.launcher3.Hotseat{965127c V.ED..... ........ 0,1905-1080,2400 #7f0a01ee app:id/hotseat}]
05-25 02:43:44.410  1151  1151 V BaseDepthController: Applying blur: 0 to Surface(name=com.google.android.apps.nexuslauncher/com.google.android.apps.nexuslauncher.NexusLauncherActivity#476)/@0xcebc56f applyImmediately: false
05-25 02:43:44.410  1151  1151 D BaseDepthController: shouldBlurWorkspace: false targetState: Normal currentStableState: Normal mCurrentBlur: 0 mLauncher.getDepthBlurTargets(): [com.android.launcher3.Workspace{e9bdd45 V.ED..... ........ 0,0-1080,2400 #7f0a049d app:id/workspace}, com.android.launcher3.Hotseat{965127c V.ED..... ........ 0,1905-1080,2400 #7f0a01ee app:id/hotseat}]
05-25 02:43:44.476  1151  1151 V BaseDepthController: Applying blur: 0 to Surface(name=com.google.android.apps.nexuslauncher/com.google.android.apps.nexuslauncher.NexusLauncherActivity#476)/@0xcebc56f applyImmediately: false
05-25 02:43:44.476  1151  1151 D BaseDepthController: setEarlyWakeup: false
05-25 02:43:44.476  1151  1151 D BaseDepthController: shouldBlurWorkspace: false targetState: Normal currentStableState: Normal mCurrentBlur: 0 mLauncher.getDepthBlurTargets(): [com.android.launcher3.Workspace{e9bdd45 V.ED..... ........ 0,0-1080,2400 #7f0a049d app:id/workspace}, com.android.launcher3.Hotseat{965127c V.ED..... ........ 0,1905-1080,2400 #7f0a01ee app:id/hotseat}]
05-25 02:43:44.594  1012  1069 V WindowManagerShell: Transition animation finished (aborted=false), notifying core (#27) android.os.BinderProxy@e2b97b5@0
05-25 02:43:44.595   755   775 V WindowManager: Finish Transition (#27): created at 05-25 02:43:44.204 collect-started=0.083ms request-sent=5.767ms started=9.155ms ready=65.714ms sent=66.999ms commit=23.125ms finished=391.45ms
05-25 02:43:44.597  1151  1151 D VRI[NexusLauncherActivity]: visibilityChanged oldVisibility=true newVisibility=false
05-25 02:43:44.597  1012  1069 V WindowManagerShell: Track 0 became idle
05-25 02:43:44.598  1012  1069 V WindowManagerShell: All active transition animations finished
05-25 02:43:44.598  1012  1348 D WallpaperService: onVisibilityChanged(false): com.android.systemui.wallpapers.ImageWallpaper$CanvasEngine@ca2f989
05-25 02:43:44.610  1151  1151 D NexusLauncherModelDelegate: notifySmartspaceEvent: SmartspaceTargetEvent{mSmartspaceTarget=null, mSmartspaceActionId='null', mEventType=7}
05-25 02:43:44.624  8782  8782 D nativeloader: Configuring clns-9 for other apk /data/app/~~SFzTO7cuTGvc9Vp4e3wIcg==/com.tiarnanlarkin.danio-QBJMrcg_OB_Bxpqh7p4bRg==/base.apk. target_sdk_version=36, uses_libraries=, library_path=/data/app/~~SFzTO7cuTGvc9Vp4e3wIcg==/com.tiarnanlarkin.danio-QBJMrcg_OB_Bxpqh7p4bRg==/lib/x86_64:/data/app/~~SFzTO7cuTGvc9Vp4e3wIcg==/com.tiarnanlarkin.danio-QBJMrcg_OB_Bxpqh7p4bRg==/base.apk!/lib/x86_64, permitted_path=/data:/mnt/expand:/data/user/0/com.tiarnanlarkin.danio
05-25 02:43:44.643  1151  1151 D ScalingWorkspaceRevealAnim: onAnimationEnd, workspace and hotseat are visible
05-25 02:43:44.644  1151  1151 D BaseDepthController: mSurface is not valid
05-25 02:43:44.648  8782  8782 V GraphicsEnvironment: Currently set values for:
05-25 02:43:44.648  8782  8782 V GraphicsEnvironment:   angle_gl_driver_selection_pkgs=[]
05-25 02:43:44.648  8782  8782 V GraphicsEnvironment:   angle_gl_driver_selection_values=[]
05-25 02:43:44.648  8782  8782 V GraphicsEnvironment: com.tiarnanlarkin.danio is not listed in per-application setting
05-25 02:43:44.648  8782  8782 V GraphicsEnvironment: ANGLE allowlist from config: com.dreamgames.royalmatch com.dts.freefiremax com.dxx.firenow com.gramgames.mergedragons com.ludo.king com.mojang.minecraftpe com.my.defense com.nintendo.zaka com.os.airforce com.playrix.fishdomdd.gplay io.teslatech.callbreak jp.konami.prospia net.peakgames.toonblast
05-25 02:43:44.648  8782  8782 V GraphicsEnvironment: No special selections for ANGLE, returning default driver choice
05-25 02:43:44.648  8782  8782 V GraphicsEnvironment: Neither updatable production driver nor prerelease driver is supported.
05-25 02:43:44.682   755   966 D BackgroundInstallControlService: Package event received: 0
05-25 02:43:44.682   755   966 D BackgroundInstallControlService: Package event received: 0
05-25 02:43:44.684  8782  8798 I DisplayManager: Choreographer implicitly registered for the refresh rate.
05-25 02:43:44.704  8782  8782 E ashmem  : Pinning is deprecated since Android Q. Please use trim or other methods.
05-25 02:43:44.725  8782  8800 D FlutterJNI: Beginning load of flutter...
05-25 02:43:44.726  8782  8801 I ResourceExtractor: Found extracted resources res_timestamp-1-1779671920053
05-25 02:43:44.810  8782  8800 D nativeloader: Load /data/app/~~SFzTO7cuTGvc9Vp4e3wIcg==/com.tiarnanlarkin.danio-QBJMrcg_OB_Bxpqh7p4bRg==/base.apk!/lib/x86_64/libflutter.so using class loader ns clns-9 (caller=/data/app/~~SFzTO7cuTGvc9Vp4e3wIcg==/com.tiarnanlarkin.danio-QBJMrcg_OB_Bxpqh7p4bRg==/base.apk): ok
05-25 02:43:44.813  8782  8800 D FlutterJNI: flutter (null) was loaded normally!
05-25 02:43:44.816   755   982 D FileUtils: Rounded bytes from 4104835072 to 8000000000
05-25 02:43:44.828  8782  8798 I GFXSTREAM: [eglDisplay.cpp(297)] Opening libGLESv1_CM_emulation.so
05-25 02:43:44.831  8782  8798 I GFXSTREAM: [eglDisplay.cpp(297)] Opening libGLESv2_emulation.so
05-25 02:43:44.882  8782  8798 W HWUI    : Failed to choose config with EGL_SWAP_BEHAVIOR_PRESERVED, retrying without...
05-25 02:43:44.882  8782  8798 W HWUI    : Failed to initialize 101010-2 format, error = EGL_SUCCESS
05-25 02:43:44.888  8782  8782 W nanlarkin.danio: type=1400 audit(0.0:42): avc:  denied  { read } for  name="max_map_count" dev="proc" ino=18116 scontext=u:r:untrusted_app:s0:c219,c256,c512,c768 tcontext=u:object_r:proc_max_map_count:s0 tclass=file permissive=0 app=com.tiarnanlarkin.danio
05-25 02:43:44.920  8782  8782 D DesktopExperienceFlags: Toggle override initialized to: false
05-25 02:43:44.921  8782  8782 D DesktopModeFlags: Toggle override initialized to: OVERRIDE_UNSET
05-25 02:43:44.972  8782  8810 I flutter : The Dart VM service is listening on http://127.0.0.1:36385/0K2xhNKhh38=/
05-25 02:43:44.990  8782  8803 I flutter : [IMPORTANT:flutter/shell/platform/android/android_context_gl_impeller.cc(104)] Using the Impeller rendering backend (OpenGLES).
05-25 02:43:45.266  8782  8782 D com.llfbandit.app_links: Intent { act=android.intent.action.VIEW dat=danio://qa/... flg=0x10000000 xflg=0x4 pkg=com.tiarnanlarkin.danio cmp=com.tiarnanlarkin.danio/.MainActivity }
05-25 02:43:45.266  8782  8782 D com.llfbandit.app_links: Handled intent: action: android.intent.action.VIEW / data: danio://qa/tank
05-25 02:43:45.312  8782  8782 I nanlarkin.danio: hiddenapi: Accessing hidden method Landroid/view/accessibility/AccessibilityNodeInfo;->getSourceNodeId()J (runtime_flags=0, domain=platform, api=unsupported,test-api) from Lio/flutter/view/AccessibilityViewEmbedder$ReflectionAccessors; (domain=app, TargetSdkVersion=36) using reflection: allowed
05-25 02:43:45.312  8782  8782 I nanlarkin.danio: hiddenapi: Accessing hidden method Landroid/view/accessibility/AccessibilityRecord;->getSourceNodeId()J (runtime_flags=0, domain=platform, api=unsupported) from Lio/flutter/view/AccessibilityViewEmbedder$ReflectionAccessors; (domain=app, TargetSdkVersion=36) using reflection: allowed
05-25 02:43:45.312  8782  8782 I nanlarkin.danio: hiddenapi: Accessing hidden field Landroid/view/accessibility/AccessibilityNodeInfo;->mChildNodeIds:Landroid/util/LongArray; (runtime_flags=0, domain=platform, api=unsupported) from Lio/flutter/view/AccessibilityViewEmbedder$ReflectionAccessors; (domain=app, TargetSdkVersion=36) using reflection: allowed
05-25 02:43:45.312  8782  8782 I nanlarkin.danio: hiddenapi: Accessing hidden method Landroid/util/LongArray;->get(I)J (runtime_flags=0, domain=platform, api=unsupported) from Lio/flutter/view/AccessibilityViewEmbedder$ReflectionAccessors; (domain=app, TargetSdkVersion=36) using reflection: allowed
05-25 02:43:45.325  8782  8782 D FlutterRenderer: Width is zero. 0,0
05-25 02:43:45.328  8782  8782 D CompatChangeReporter: Compat change id reported: 377864165; UID 10219; state: ENABLED
05-25 02:43:45.341  8782  8782 W HWUI    : Unknown dataspace 0
05-25 02:43:45.552  8782  8782 D WindowOnBackDispatcher: setTopOnBackInvokedCallback (unwrapped): android.app.Activity$$ExternalSyntheticLambda0@d0bdb56
05-25 02:43:45.553   755  2205 D CoreBackPreview: Window{cb0e7f8 u0 com.tiarnanlarkin.danio/com.tiarnanlarkin.danio.MainActivity}: Setting back callback OnBackInvokedCallbackInfo{mCallback=android.window.IOnBackInvokedCallback$Stub$Proxy@e8a4a37, mPriority=-1, mIsAnimationCallback=false, mOverrideBehavior=0}
05-25 02:43:45.593  8782  8782 I WindowExtensionsImpl: Initializing Window Extensions, vendor API level=9, activity embedding enabled=true
05-25 02:43:45.617  8782  8782 D VRI[MainActivity]: WindowInsets changed: 1080x2400 statusBars:[0,63,0,0] navigationBars:[0,0,0,63] mandatorySystemGestures:[0,63,0,84] 
05-25 02:43:45.617  8782  8782 D FlutterRenderer: Width is zero. 0,0
05-25 02:43:45.626  8782  8782 D FlutterRenderer: Width is zero. 0,0
05-25 02:43:45.628  8782  8782 D FlutterJNI: Sending viewport metrics to the engine.
05-25 02:43:45.698  8782  8787 I nanlarkin.danio: Compiler allocated 5087KB to compile void android.view.ViewRootImpl.performTraversals()
05-25 02:43:45.905   755   906 I HalDevMgr: bestIfaceCreationProposal is null, requestIface=STA, existingIface=[name=wlan0 type=STA]
05-25 02:43:46.035  8782  8782 D FlutterJNI: Sending viewport metrics to the engine.
05-25 02:43:46.424  8782  8782 D WindowLayoutComponentImpl: Register WindowLayoutInfoListener on Context=com.tiarnanlarkin.danio.MainActivity@aefbe53, of which baseContext=android.app.ContextImpl@840039a
05-25 02:43:47.074  8782  8782 D FlutterJNI: Sending viewport metrics to the engine.
05-25 02:43:47.075  8782  8782 I Choreographer: Skipped 36 frames!  The application may be doing too much work on its main thread.
05-25 02:43:47.078  8782  8782 D FlutterJNI: Sending viewport metrics to the engine.
05-25 02:43:47.126   755   775 I ActivityTaskManager: Displayed com.tiarnanlarkin.danio/.MainActivity for user 0: +2s924ms
05-25 02:43:47.126   755   775 I ActivityTaskManager: Fully drawn com.tiarnanlarkin.danio/.MainActivity: +2s924ms
05-25 02:43:47.131   755  1052 W libbinder.Binder: Binder transaction to android.app.IActivityManager code 1598246212 took 2929ms. Data bytes: 332 Reply bytes: 4 Flags: 16
05-25 02:43:47.323  8782  8782 I flutter : [LocalJsonStorageService] ✅ Storage loaded successfully: 1 tanks, 0 livestock, 0 equipment
05-25 02:43:47.335  8782  8782 I flutter : [QA] Deep link: danio://qa/tank
05-25 02:43:47.337  8782  8782 D WindowOnBackDispatcher: setTopOnBackInvokedCallback (unwrapped): io.flutter.embedding.android.FlutterActivity$1@b0f31f9
05-25 02:43:47.337   755  1052 D CoreBackPreview: Window{cb0e7f8 u0 com.tiarnanlarkin.danio/com.tiarnanlarkin.danio.MainActivity}: Setting back callback OnBackInvokedCallbackInfo{mCallback=android.window.IOnBackInvokedCallback$Stub$Proxy@3a36a1a, mPriority=0, mIsAnimationCallback=true, mOverrideBehavior=0}
05-25 02:43:47.339  8782  8782 D WindowOnBackDispatcher: setTopOnBackInvokedCallback (unwrapped): android.app.Activity$$ExternalSyntheticLambda0@d0bdb56
05-25 02:43:47.340   755  1052 D CoreBackPreview: Window{cb0e7f8 u0 com.tiarnanlarkin.danio/com.tiarnanlarkin.danio.MainActivity}: Setting back callback OnBackInvokedCallbackInfo{mCallback=android.window.IOnBackInvokedCallback$Stub$Proxy@104494b, mPriority=-1, mIsAnimationCallback=false, mOverrideBehavior=0}
05-25 02:43:47.480   755   873 I ImeTracker: com.tiarnanlarkin.danio:c0a6a54e: onRequestHide at ORIGIN_SERVER reason HIDE_UNSPECIFIED_WINDOW fromUser false
05-25 02:43:47.483  1440  1440 I GoogleInputMethodService: GoogleInputMethodService.onFinishInput():2259 
05-25 02:43:47.484  1440  1440 I Module  : DeviceLockedStatusModuleProvider$Module.updateDeviceLockedStatus():103 repeatCheckTimes = 0, locked = false
05-25 02:43:47.484   755  3185 I ImeTracker: system_server:b93e28b3: onRequestHide at ORIGIN_SERVER reason IME_REQUESTED_CHANGED_LISTENER fromUser false
05-25 02:43:47.484  1440  1440 I GoogleInputMethodService: GoogleInputMethodService.onStartInput():1446 onStartInput(EditorInfo{EditorInfo{packageName=com.tiarnanlarkin.danio, inputType=0, inputTypeString=NULL, enableLearning=false, autoCorrection=false, autoComplete=false, imeOptions=0, privateImeOptions=null, actionName=UNSPECIFIED, actionLabel=null, initialSelStart=-1, initialSelEnd=-1, initialCapsMode=0, label=null, fieldId=0, fieldName=null, extras=null, hintText=null, hintLocales=[]}}, false)
05-25 02:43:47.485   755   778 I ImeTracker: system_server:b93e28b3: onCancelled at PHASE_SERVER_SHOULD_HIDE
05-25 02:43:47.487  1440  1440 I AndroidIME: LatinIMEBase.updateInputViewCoverNavigation():322 Update input view padding, isNavbarOverInputWindow=true, bottom inset=126
05-25 02:43:47.488  1440  1440 I Module  : DeviceLockedStatusModuleProvider$Module.updateDeviceLockedStatus():103 repeatCheckTimes = 1, locked = false
05-25 02:43:47.492   755  3185 W PackageConfigPersister: App-specific configuration not found for packageName: com.tiarnanlarkin.danio and userId: 0
05-25 02:43:47.510   755  3185 D ConnectivityService: requestNetwork for uid/pid:10219/8782 activeRequest: null callbackRequest: 223 [NetworkRequest [ REQUEST id=224, [ Capabilities: INTERNET&NOT_RESTRICTED&TRUSTED&NOT_VCN_MANAGED&NOT_BANDWIDTH_CONSTRAINED Uid: 10219 RequestorUid: 10219 RequestorPkg: com.tiarnanlarkin.danio UnderlyingNetworks: Null] ]] callback flags: 0 order: 2147483647 isUidTracked: false declaredMethods: AVAIL|LOST|NC
05-25 02:43:47.512   755   916 D ConnectivityService: NetReassign [224 : null → 100] [c 0] [a 1] [i 1]
05-25 02:43:47.514   755   906 D WifiNetworkFactory: got request NetworkRequest [ REQUEST id=224, [ Capabilities: INTERNET&NOT_RESTRICTED&TRUSTED&NOT_VCN_MANAGED&NOT_BANDWIDTH_CONSTRAINED Uid: 10219 RequestorUid: 10219 RequestorPkg: com.tiarnanlarkin.danio UnderlyingNetworks: Null] ]
05-25 02:43:47.515   755   906 D UntrustedWifiNetworkFactory: got request NetworkRequest [ REQUEST id=224, [ Capabilities: INTERNET&NOT_RESTRICTED&TRUSTED&NOT_VCN_MANAGED&NOT_BANDWIDTH_CONSTRAINED Uid: 10219 RequestorUid: 10219 RequestorPkg: com.tiarnanlarkin.danio UnderlyingNetworks: Null] ]
05-25 02:43:47.515   755   906 D OemPaidWifiNetworkFactory: got request NetworkRequest [ REQUEST id=224, [ Capabilities: INTERNET&NOT_RESTRICTED&TRUSTED&NOT_VCN_MANAGED&NOT_BANDWIDTH_CONSTRAINED Uid: 10219 RequestorUid: 10219 RequestorPkg: com.tiarnanlarkin.danio UnderlyingNetworks: Null] ]
05-25 02:43:47.515   755   906 D MultiInternetWifiNetworkFactory: got request NetworkRequest [ REQUEST id=224, [ Capabilities: INTERNET&NOT_RESTRICTED&TRUSTED&NOT_VCN_MANAGED&NOT_BANDWIDTH_CONSTRAINED Uid: 10219 RequestorUid: 10219 RequestorPkg: com.tiarnanlarkin.danio UnderlyingNetworks: Null] ]
05-25 02:43:47.517   663   745 W libbinder.IPCThreadState: Sending oneway calls to frozen process.
05-25 02:43:47.525  8782  8782 D FlutterJNI: Sending viewport metrics to the engine.
05-25 02:43:47.536  1151  1151 D BaseActivity: Launcher flags updated: [] -[state_started]
05-25 02:43:47.536  1151  1151 D BaseDepthController: setSurface:
05-25 02:43:47.536  1151  1151 D BaseDepthController: 	mWaitingOnSurfaceValidity: true
05-25 02:43:47.536  1151  1151 D BaseDepthController: 	mBaseSurface: null
05-25 02:43:47.536  1151  1151 D BaseDepthController: mSurface is null and mCurrentBlur is: 0
05-25 02:43:47.536  1151  1151 D LauncherStateManager: StateManager.goToState: fromState: Normal, toState: Normal, partial trace:
05-25 02:43:47.536  1151  1151 D LauncherStateManager: 	at com.android.launcher3.statemanager.StateManager.moveToRestState(go/retraceme 7101499b44b219b757f6885b35ae099b24fc769225595efcaaacae5b0f94500b:6)
05-25 02:43:47.536  1151  1151 D LauncherStateManager: 	at com.android.launcher3.statemanager.StateManager.moveToRestState(go/retraceme 7101499b44b219b757f6885b35ae099b24fc769225595efcaaacae5b0f94500b:2)
05-25 02:43:47.536  1151  1151 D LauncherStateManager: 	at com.android.launcher3.statemanager.StatefulActivity.onStop(go/retraceme 7101499b44b219b757f6885b35ae099b24fc769225595efcaaacae5b0f94500b:32)
05-25 02:43:47.536  1151  1151 D LauncherStateManager: StateManager.onRepeatStateSetAborted: state: Normal
05-25 02:43:47.536  1151  1151 D ActivityContext: hideKeyboard
05-25 02:43:47.536  1151  1151 D ActivityContext: isImeShown: false
05-25 02:43:47.536  1151  1151 D StatsLog: LAUNCHER_ONSTOP
05-25 02:43:47.537  1151  1151 D StatsLog: LAUNCHER_GOOGLE_SEARCH_RESTORE_LIST_SIZE_AFTER_ACTIVITY_RESTART
05-25 02:43:47.547   755   966 D BackgroundInstallControlService: Package event received: 0
05-25 02:43:47.580  8782  8782 D InsetsController: hide(ime())
05-25 02:43:47.580  8782  8782 I ImeTracker: com.tiarnanlarkin.danio:c0a6a54e: onCancelled at PHASE_CLIENT_ALREADY_HIDDEN
05-25 02:43:47.618  8782  8820 D SessionsDependencies: Dependency to CRASHLYTICS added.
05-25 02:43:47.633  8782  8820 I FirebaseApp: Device unlocked: initializing all Firebase APIs for app [DEFAULT]
05-25 02:43:47.646  1012  1022 W System  : A resource failed to call release. 
05-25 02:43:47.646  1012  1022 W System  : A resource failed to call release. 
05-25 02:43:47.646  1012  1022 W System  : A resource failed to call release. 
05-25 02:43:47.646  1012  1022 W System  : A resource failed to call release. 
05-25 02:43:47.646  1012  1022 W System  : A resource failed to call release. 
05-25 02:43:47.646  1012  1022 W System  : A resource failed to call release. 
05-25 02:43:47.646  1012  1022 W System  : A resource failed to call release. 
05-25 02:43:47.646  1012  1022 W System  : A resource failed to call release. 
05-25 02:43:47.646  1012  1022 W System  : A resource failed to call release. 
05-25 02:43:47.646  1012  1022 W System  : A resource failed to call release. 
05-25 02:43:47.646  1012  1022 W System  : A resource failed to call release. 
05-25 02:43:47.646  1012  1022 W System  : A resource failed to call release. 
05-25 02:43:47.646  1012  1022 W System  : A resource failed to call release. 
05-25 02:43:47.646  1012  1022 W System  : A resource failed to call release. 
05-25 02:43:47.646  1012  1022 W System  : A resource failed to call release. 
05-25 02:43:47.646  1012  1022 W System  : A resource failed to call release. 
05-25 02:43:47.714  8782  8820 D FirebaseSessions: Initializing Firebase Sessions SDK.
05-25 02:43:47.718  8782  8820 I FirebaseCrashlytics: Initializing Firebase Crashlytics 18.6.3 for com.tiarnanlarkin.danio
05-25 02:43:47.725  8782  8820 D SessionsDependencies: Subscriber CRASHLYTICS registered.
05-25 02:43:47.732  8782  8830 D LifecycleServiceBinder: Binding service to application.
05-25 02:43:47.743  8782  8782 D SessionLifecycleService: Service bound to new client on process 8782
05-25 02:43:47.744  8782  8782 D SessionLifecycleClient: Connected to SessionLifecycleService. Queue size 0
05-25 02:43:47.750  8782  8837 D SessionLifecycleService: App has not yet foregrounded. Using previously stored session: null
05-25 02:43:47.750  8782  8837 D SessionLifecycleService: Client android.os.Messenger@80e2911 bound at 2630252. Clients: 1
05-25 02:43:47.760   755  3185 D FileUtils: Rounded bytes from 4104835072 to 8000000000
05-25 02:43:47.773  8782  8831 I FirebaseCrashlytics: No version control information found
05-25 02:43:47.773  8782  8782 I flutter : [Main] Firebase initialised successfully
05-25 02:43:47.774  8782  8782 I flutter : [ConsentScreen] ConsentScreen: diagnostics consent=true
05-25 02:43:47.786  8782  8782 I flutter : [SupabaseService] [SupabaseService] Placeholder credentials detected - running in offline-only mode.
05-25 02:43:48.219   755  1625 E TaskPersister: File error accessing recents directory (directory doesn't exist?).
05-25 02:43:48.910   755   906 I HalDevMgr: bestIfaceCreationProposal is null, requestIface=STA, existingIface=[name=wlan0 type=STA]
05-25 02:43:49.795  8782  8842 D ProfileInstaller: Installing profile for com.tiarnanlarkin.danio
05-25 02:43:51.791   755  2205 W AS.PlaybackActivityMon: No piid assigned for invalid/internal port id 15
05-25 02:43:51.914   755   906 I HalDevMgr: bestIfaceCreationProposal is null, requestIface=STA, existingIface=[name=wlan0 type=STA]
05-25 02:43:52.552   755  2205 W AS.PlaybackActivityMon: No piid assigned for invalid/internal port id 15
05-25 02:43:52.564   615   709 D AudioFlinger: mixer(0x762b98748790) throttle end: throttle time(42)
05-25 02:43:52.573  8782  8782 D WindowOnBackDispatcher: setTopOnBackInvokedCallback (unwrapped): io.flutter.embedding.android.FlutterActivity$1@b0f31f9
05-25 02:43:52.574   755  2205 D CoreBackPreview: Window{cb0e7f8 u0 com.tiarnanlarkin.danio/com.tiarnanlarkin.danio.MainActivity}: Setting back callback OnBackInvokedCallbackInfo{mCallback=android.window.IOnBackInvokedCallback$Stub$Proxy@188492b, mPriority=0, mIsAnimationCallback=true, mOverrideBehavior=0}
05-25 02:43:52.896  8782  8782 D FlutterJNI: Sending viewport metrics to the engine.
05-25 02:43:53.854  1139  1263 D SatelliteController: iisInCarrierRoamingNbIotNtn: satellite is disabled
05-25 02:43:53.854   755   982 W libbinder.IPCThreadState: Sending oneway calls to frozen process.
05-25 02:43:53.856  1139  1263 D SatelliteController: getCarrierRoamingNtnConnectType: Falling back to global carrier config connect type: 0
