05-25 04:53:23.237 I/AiAiEcho( 1546): Filtered by AiAi flag check: 
05-25 04:53:23.237 I/AiAiEcho( 1546): [CONTEXT ratelimit_period="10 SECONDS" ]
05-25 04:53:23.237 I/AiAiEcho( 1546): #remoteViewsTwiddler: feature disabled.
05-25 04:53:23.238 I/AiAiEcho( 1546): #postPredictionTargets: Sending updates to UISurface lockscreen with targets# 0 (types=[])
05-25 04:53:23.238 I/AiAiEcho( 1546): #postPredictionTargets: Sending updates to UISurface home with targets# 0 (types=[])
05-25 04:53:23.242 W/SsPagerDots( 1012): Total number of pages invalid: 0. Assuming 1 page.
05-25 04:53:23.425 D/WM-DelayedWorkTracker( 1529): Scheduling work 4acff59d-849a-4eb3-8698-4a901e863d94
05-25 04:53:23.426 D/WM-GreedyScheduler( 1529): Starting tracking for 4acff59d-849a-4eb3-8698-4a901e863d94
05-25 04:53:23.427 D/WM-ConstraintTracker( 1529): BatteryNotLowTracker: initial state = true
05-25 04:53:23.427 D/WM-BrdcstRcvrCnstrntTrc( 1529): BatteryNotLowTracker: registering receiver
05-25 04:53:23.428 D/WM-GreedyScheduler( 1529): Constraints met: Scheduling work ID WorkGenerationalId(workSpecId=4acff59d-849a-4eb3-8698-4a901e863d94, generation=0)
05-25 04:53:23.429 D/WM-Processor( 1529): Processor: processing WorkGenerationalId(workSpecId=4acff59d-849a-4eb3-8698-4a901e863d94, generation=0)
05-25 04:53:23.431 D/WM-WorkerWrapper( 1529): Starting work for com.android.providers.media.photopicker.sync.ProactiveSyncWorker
05-25 04:53:23.433 I/PSyncWorker( 1529): Starting proactive picker sync from sync source: 1
05-25 04:53:23.434 I/PickerSyncTracker( 1529): Created new sync future java.util.concurrent.CompletableFuture@67b6586[Not completed, 1 dependents]. Future map: {4acff59d-849a-4eb3-8698-4a901e863d94=java.util.concurrent.CompletableFuture@67b6586[Not completed, 1 dependents]}
05-25 04:53:23.435 D/PickerSyncController( 1529): syncAllMediaFromProvider() LOCAL, auth=com.android.providers.media.photopicker, retry=true
05-25 04:53:23.435 D/PickerSyncController( 1529): getSyncRequestParams() LOCAL, auth=com.android.providers.media.photopicker
05-25 04:53:23.436 D/WM-SystemJobService( 1529): onStartJob for WorkGenerationalId(workSpecId=4acff59d-849a-4eb3-8698-4a901e863d94, generation=0)
05-25 04:53:23.437 D/PickerSyncController( 1529):    Latest ID/Gen=92835bc8fd6dde81:external_primary/3927
05-25 04:53:23.437 D/PickerSyncController( 1529):    Cached ID/Gen=92835bc8fd6dde81:external_primary/3918
05-25 04:53:23.437 D/PickerSyncController( 1529):    RESULT=SyncRequestParams{type=MEDIA_INCREMENTAL, gen=3918, latest=Bundle[{last_media_sync_generation=3927, media_collection_id=92835bc8fd6dde81:external_primary}], pageSize=1000}
05-25 04:53:23.438 I/PickerSyncController( 1529): Executing SyncAdd. isLocal: true. authority: com.android.providers.media.photopicker
05-25 04:53:23.438 D/PickerSyncLockManager( 1529): Trying to acquire lock com.android.providers.media.photopicker.sync.CloseableReentrantLock@cffd47[Unlocked]. Lock Name = CLOUD_PROVIDER_LOCK. Threads that may be waiting to acquire this lock = [] with timeout.
05-25 04:53:23.438 D/CloseableReentrantLock( 1529): Successfully acquired lock com.android.providers.media.photopicker.sync.CloseableReentrantLock@cffd47[Locked by thread pool-4-thread-365]. Lock Name = CLOUD_PROVIDER_LOCK. Threads that may be waiting to acquire this lock = []
05-25 04:53:23.438 D/CloseableReentrantLock( 1529): Successfully released lock com.android.providers.media.photopicker.sync.CloseableReentrantLock@cffd47[Unlocked]. Lock Name = CLOUD_PROVIDER_LOCK. Threads that may be waiting to acquire this lock = []
05-25 04:53:23.438 D/ExternalDbFacade( 1529): Token received for queryMedia = null
05-25 04:53:23.438 D/WM-Processor( 1529): Work WorkGenerationalId(workSpecId=4acff59d-849a-4eb3-8698-4a901e863d94, generation=0) is already enqueued for processing
05-25 04:53:23.438 D/PickerSyncLockManager( 1529): Trying to acquire lock com.android.providers.media.photopicker.sync.CloseableReentrantLock@cffd47[Unlocked]. Lock Name = CLOUD_PROVIDER_LOCK. Threads that may be waiting to acquire this lock = [] with timeout.
05-25 04:53:23.438 D/CloseableReentrantLock( 1529): Successfully acquired lock com.android.providers.media.photopicker.sync.CloseableReentrantLock@cffd47[Locked by thread pool-4-thread-365]. Lock Name = CLOUD_PROVIDER_LOCK. Threads that may be waiting to acquire this lock = []
05-25 04:53:23.438 D/PickerSyncController( 1529): Saving next page token: 1779681201000|378 for key: local_provider:media_add:resume
05-25 04:53:23.439 D/CloseableReentrantLock( 1529): Successfully released lock com.android.providers.media.photopicker.sync.CloseableReentrantLock@cffd47[Unlocked]. Lock Name = CLOUD_PROVIDER_LOCK. Threads that may be waiting to acquire this lock = []
05-25 04:53:23.439 D/PickerNotificationSender( 1529): Sending a notification for media update
05-25 04:53:23.440 D/PickerNotificationSender( 1529): Sending a notification for merged album media update Videos
05-25 04:53:23.440 D/PickerNotificationSender( 1529): Sending a notification for album media update Videos
05-25 04:53:23.440 D/PickerNotificationSender( 1529): Sending a notification for merged album media update Favorites
05-25 04:53:23.440 D/PickerNotificationSender( 1529): Sending a notification for album media update Favorites
05-25 04:53:23.440 D/ExternalDbFacade( 1529): Token received for queryMedia = 1779681201000|378
05-25 04:53:23.441 D/PickerSyncLockManager( 1529): Trying to acquire lock com.android.providers.media.photopicker.sync.CloseableReentrantLock@cffd47[Unlocked]. Lock Name = CLOUD_PROVIDER_LOCK. Threads that may be waiting to acquire this lock = [] with timeout.
05-25 04:53:23.441 D/CloseableReentrantLock( 1529): Successfully acquired lock com.android.providers.media.photopicker.sync.CloseableReentrantLock@cffd47[Locked by thread pool-4-thread-365]. Lock Name = CLOUD_PROVIDER_LOCK. Threads that may be waiting to acquire this lock = []
05-25 04:53:23.441 D/PickerSyncController( 1529): Clearing next page token for key: local_provider:media_add:resume
05-25 04:53:23.441 D/CloseableReentrantLock( 1529): Successfully released lock com.android.providers.media.photopicker.sync.CloseableReentrantLock@cffd47[Unlocked]. Lock Name = CLOUD_PROVIDER_LOCK. Threads that may be waiting to acquire this lock = []
05-25 04:53:23.441 D/PickerNotificationSender( 1529): Sending a notification for media update
05-25 04:53:23.441 D/PickerNotificationSender( 1529): Sending a notification for merged album media update Videos
05-25 04:53:23.441 D/PickerNotificationSender( 1529): Sending a notification for album media update Videos
05-25 04:53:23.442 D/PickerNotificationSender( 1529): Sending a notification for merged album media update Favorites
05-25 04:53:23.442 D/PickerNotificationSender( 1529): Sending a notification for album media update Favorites
05-25 04:53:23.442 I/PickerSyncController( 1529): Paged sync successful. QueryArgs: Bundle[{android.provider.extra.PAGE_TOKEN=1779681201000|378, android.provider.extra.SYNC_GENERATION=3918, android.provider.extra.PAGE_SIZE=1000}] Total Rows: 1
05-25 04:53:23.442 I/PickerSyncController( 1529): Executing SyncRemove. isLocal: true. authority: com.android.providers.media.photopicker
05-25 04:53:23.442 D/PickerSyncLockManager( 1529): Trying to acquire lock com.android.providers.media.photopicker.sync.CloseableReentrantLock@cffd47[Unlocked]. Lock Name = CLOUD_PROVIDER_LOCK. Threads that may be waiting to acquire this lock = [] with timeout.
05-25 04:53:23.442 D/CloseableReentrantLock( 1529): Successfully acquired lock com.android.providers.media.photopicker.sync.CloseableReentrantLock@cffd47[Locked by thread pool-4-thread-365]. Lock Name = CLOUD_PROVIDER_LOCK. Threads that may be waiting to acquire this lock = []
05-25 04:53:23.442 D/CloseableReentrantLock( 1529): Successfully released lock com.android.providers.media.photopicker.sync.CloseableReentrantLock@cffd47[Unlocked]. Lock Name = CLOUD_PROVIDER_LOCK. Threads that may be waiting to acquire this lock = []
05-25 04:53:23.443 D/PickerSyncLockManager( 1529): Trying to acquire lock com.android.providers.media.photopicker.sync.CloseableReentrantLock@cffd47[Unlocked]. Lock Name = CLOUD_PROVIDER_LOCK. Threads that may be waiting to acquire this lock = [] with timeout.
05-25 04:53:23.443 D/CloseableReentrantLock( 1529): Successfully acquired lock com.android.providers.media.photopicker.sync.CloseableReentrantLock@cffd47[Locked by thread pool-4-thread-365]. Lock Name = CLOUD_PROVIDER_LOCK. Threads that may be waiting to acquire this lock = []
05-25 04:53:23.443 D/PickerSyncController( 1529): Clearing next page token for key: local_provider:media_remove:resume
05-25 04:53:23.443 D/CloseableReentrantLock( 1529): Successfully released lock com.android.providers.media.photopicker.sync.CloseableReentrantLock@cffd47[Unlocked]. Lock Name = CLOUD_PROVIDER_LOCK. Threads that may be waiting to acquire this lock = []
05-25 04:53:23.443 D/PickerNotificationSender( 1529): Sending a notification for media update
05-25 04:53:23.443 D/PickerNotificationSender( 1529): Sending a notification for merged album media update Videos
05-25 04:53:23.443 D/PickerNotificationSender( 1529): Sending a notification for album media update Videos
05-25 04:53:23.444 D/PickerNotificationSender( 1529): Sending a notification for merged album media update Favorites
05-25 04:53:23.444 D/PickerNotificationSender( 1529): Sending a notification for album media update Favorites
05-25 04:53:23.444 I/PickerSyncController( 1529): Paged sync successful. QueryArgs: Bundle[{android.provider.extra.PAGE_TOKEN=1779681201000|378, android.provider.extra.SYNC_GENERATION=3918, android.provider.extra.PAGE_SIZE=1000}] Total Rows: 0
05-25 04:53:23.444 I/PickerSyncTracker( 1529): Marked sync future complete for work id: 4acff59d-849a-4eb3-8698-4a901e863d94. Future map: {}
05-25 04:53:23.444 I/PSyncWorker( 1529): Completed picker proactive sync complete from local provider.
05-25 04:53:23.448 I/WM-WorkerWrapper( 1529): Worker result SUCCESS for Work [ id=4acff59d-849a-4eb3-8698-4a901e863d94, tags={ com.android.providers.media.photopicker.sync.ProactiveSyncWorker } ]
05-25 04:53:23.449 D/WM-Processor( 1529): Processor 4acff59d-849a-4eb3-8698-4a901e863d94 executed; reschedule = false
05-25 04:53:23.449 D/WM-GreedyScheduler( 1529): Stopping tracking for WorkGenerationalId(workSpecId=4acff59d-849a-4eb3-8698-4a901e863d94, generation=0)
05-25 04:53:23.450 D/WM-SystemJobService( 1529): 4acff59d-849a-4eb3-8698-4a901e863d94 executed on JobScheduler
05-25 04:53:23.453 D/WM-GreedyScheduler( 1529): Cancelling work ID 4acff59d-849a-4eb3-8698-4a901e863d94
05-25 04:53:23.454 D/WM-GreedyScheduler( 1529): Ignoring {WorkSpec: fce74054-5d75-49ac-b1fb-61b1c63b64d1}. Requires device idle.
05-25 04:53:23.454 D/WM-GreedyScheduler( 1529): Ignoring {WorkSpec: 748d3965-3023-45a6-9a32-baafa7d90ebf}. Requires device idle.
05-25 04:53:23.454 D/WM-GreedyScheduler( 1529): Ignoring {WorkSpec: bbc248da-5aec-4565-83d8-ed90ba3a683c}. Requires device idle.
05-25 04:53:23.454 D/WM-GreedyScheduler( 1529): Ignoring {WorkSpec: a7b8fc44-3a39-43d5-96b8-cef5bb529d35}. Requires device idle.
05-25 04:53:23.455 D/WM-BrdcstRcvrCnstrntTrc( 1529): BatteryNotLowTracker: unregistering receiver
05-25 04:53:24.024 D/SatelliteController( 1139): iisInCarrierRoamingNbIotNtn: satellite is disabled
05-25 04:53:24.024 W/libbinder.IPCThreadState(  755): Sending oneway calls to frozen process.
05-25 04:53:24.024 D/SatelliteController( 1139): getCarrierRoamingNtnConnectType: Falling back to global carrier config connect type: 0
05-25 04:53:24.183 D/AndroidRuntime(19936): >>>>>> START com.android.internal.os.RuntimeInit uid 2000 <<<<<<
05-25 04:53:24.186 I/AndroidRuntime(19936): Using default boot image
05-25 04:53:24.186 I/AndroidRuntime(19936): Leaving lock profiling enabled
05-25 04:53:24.188 I/app_process(19936): Using CollectorTypeCMC GC.
05-25 04:53:24.254 D/nativeloader(19936): InitDefaultPublicLibraries for_preload=1: libandroid.so:libaaudio.so:libamidi.so:libbinder_ndk.so:libc.so:libcamera2ndk.so:libdl.so:libEGL.so:libGLESv1_CM.so:libGLESv2.so:libGLESv3.so:libicu.so:libicui18n.so:libicuuc.so:libjnigraphics.so:liblog.so:libmediandk.so:libm.so:libnativehelper.so:libnativewindow.so:libOpenMAXAL.so:libOpenSLES.so:libRS.so:libstdc++.so:libsync.so:libvulkan.so:libwebviewchromium_plat_support.so:libz.so
05-25 04:53:24.262 D/nativeloader(19936): Load libicu_jni.so using APEX ns com_android_art for caller /apex/com.android.art/javalib/core-oj.jar: ok
05-25 04:53:24.262 D/app_process(19936): u_setTimeZoneFilesDirectory("/apex/com.android.tzdata/etc/tz/versioned/9/icu") succeeded. 
05-25 04:53:24.262 D/app_process(19936): I18n APEX ICU file found: /apex/com.android.i18n/etc/icu/icudt76l.dat
05-25 04:53:24.262 D/nativeloader(19936): Load libjavacore.so using APEX ns com_android_art for caller /apex/com.android.art/javalib/core-oj.jar: ok
05-25 04:53:24.264 D/nativeloader(19936): Load libopenjdk.so using APEX ns com_android_art for caller /apex/com.android.art/javalib/core-oj.jar: ok
05-25 04:53:24.264 I/app_process(19936): Priority-to-niceness mapping: 19, 16, 13, 10, 0, -2, -4, -5, -6, -8
05-25 04:53:24.265 W/app_process(19936): Unexpected CPU variant for x86: x86_64.
05-25 04:53:24.265 W/app_process(19936): Known variants: atom, sandybridge, silvermont, goldmont, goldmont-plus, goldmont-without-sha-xsaves, tremont, kabylake, alderlake, default
05-25 04:53:24.266 W/app_process(19936): ClassLoaderContext shared library size mismatch. Expected=2, found=0 (PCL[]{PCL[/system/framework/android.test.base.jar*1653369819]#PCL[/system/framework/android.test.mock.jar*1009639922]} | PCL[])
05-25 04:53:24.267 W/app_process(19936): ClassLoaderContext classpath size mismatch. expected=0, found=1 (PCL[]{PCL[/system/framework/android.test.runner.jar*3954641918]{PCL[/system/framework/android.test.base.jar*1653369819]#PCL[/system/framework/android.test.mock.jar*1009639922]}#PCL[/system/framework/android.test.base.jar*1653369819]} | PCL[/system/framework/android.test.runner.jar*3954641918])
05-25 04:53:24.285 D/nativeloader(19936): Load libframework-connectivity-tiramisu-jni.so using APEX ns com_android_tethering for caller /apex/com.android.tethering/javalib/framework-connectivity-t.jar: ok
05-25 04:53:24.285 D/AndroidRuntime(19936): Calling main entry com.android.commands.uiautomator.Launcher
05-25 04:53:24.289 I/AconfigPackage(19936): android.media.swcodec.flags is mapped to com.android.media.swcodec
05-25 04:53:24.289 I/AconfigPackage(19936): com.android.permission.flags is mapped to com.android.permission
05-25 04:53:24.289 I/AconfigPackage(19936): com.android.permissioncontroller.flags is mapped to com.android.permission
05-25 04:53:24.289 I/AconfigPackage(19936): com.android.icu is mapped to com.android.i18n
05-25 04:53:24.289 I/AconfigPackage(19936): com.android.appsearch.flags is mapped to com.android.appsearch
05-25 04:53:24.289 I/AconfigPackage(19936): android.uprobestats.mainline.flags is mapped to com.android.uprobestats
05-25 04:53:24.289 I/AconfigPackage(19936): com.android.crashrecovery.flags is mapped to com.android.crashrecovery
05-25 04:53:24.289 I/AconfigPackage(19936): android.provider.flags is mapped to com.android.configinfrastructure
05-25 04:53:24.289 I/AconfigPackage(19936): com.android.server.deviceconfig is mapped to com.android.configinfrastructure
05-25 04:53:24.289 I/AconfigPackage(19936): com.android.compos.flags is mapped to com.android.compos
05-25 04:53:24.289 I/AconfigPackage(19936): com.android.art.flags is mapped to com.android.art
05-25 04:53:24.289 I/AconfigPackage(19936): com.android.art.rw.flags is mapped to com.android.art
05-25 04:53:24.289 I/AconfigPackage(19936): com.android.libcore is mapped to com.android.art
05-25 04:53:24.290 I/AconfigPackage(19936): com.android.telephony.flags is mapped to com.android.telephonycore
05-25 04:53:24.290 I/AconfigPackage(19936): com.android.media.extractor.flags is mapped to com.android.media
05-25 04:53:24.290 I/AconfigPackage(19936): com.android.media.mainline.flags is mapped to com.android.media
05-25 04:53:24.290 I/AconfigPackage(19936): com.android.wifi.flags is mapped to com.android.wifi
05-25 04:53:24.290 I/AconfigPackage(19936): com.android.org.conscrypt.flags is mapped to com.android.conscrypt
05-25 04:53:24.290 I/AconfigPackage(19936): com.android.org.conscrypt.net.flags is mapped to com.android.conscrypt
05-25 04:53:24.290 I/AconfigPackage(19936): com.android.healthfitness.flags is mapped to com.android.healthfitness
05-25 04:53:24.290 I/AconfigPackage(19936): com.android.ipsec.flags is mapped to com.android.ipsec
05-25 04:53:24.290 I/AconfigPackage(19936): com.android.nfc.module.flags is mapped to com.android.nfcservices
05-25 04:53:24.290 I/AconfigPackage(19936): com.android.adservices.ondevicepersonalization.flags is mapped to com.android.ondevicepersonalization
05-25 04:53:24.290 I/AconfigPackage(19936): com.android.adbd.flags is mapped to com.android.adbd
05-25 04:53:24.290 I/AconfigPackage(19936): com.android.bluetooth.flags is mapped to com.android.bt
05-25 04:53:24.291 I/AconfigPackage(19936): com.android.devicelock.flags is mapped to com.android.devicelock
05-25 04:53:24.291 I/AconfigPackage(19936): android.os.profiling is mapped to com.android.profiling
05-25 04:53:24.291 I/AconfigPackage(19936): android.os.profiling.anomaly.flags is mapped to com.android.profiling
05-25 04:53:24.291 I/AconfigPackage(19936): com.android.os.statsd.flags is mapped to com.android.os.statsd
05-25 04:53:24.291 I/AconfigPackage(19936): com.android.rkpd.flags is mapped to com.android.rkpd
05-25 04:53:24.291 I/AconfigPackage(19936): com.android.cellbroadcastreceiver.flags is mapped to com.android.cellbroadcast
05-25 04:53:24.292 I/AconfigPackage(19936): com.android.adservices.flags is mapped to com.android.adservices
05-25 04:53:24.292 I/AconfigPackage(19936): com.android.sdksandbox.flags is mapped to com.android.adservices
05-25 04:53:24.292 I/AconfigPackage(19936): com.android.uwb.flags is mapped to com.android.uwb
05-25 04:53:24.292 I/AconfigPackage(19936): com.android.ranging.flags is mapped to com.android.uwb
05-25 04:53:24.292 I/AconfigPackage(19936): android.graphics.pdf.flags is mapped to com.android.mediaprovider
05-25 04:53:24.292 I/AconfigPackage(19936): com.android.providers.media.flags is mapped to com.android.mediaprovider
05-25 04:53:24.292 I/AconfigPackage(19936): android.graphics.pdf.flags.readonly is mapped to com.android.mediaprovider
05-25 04:53:24.292 I/AconfigPackage(19936): com.android.tethering.mainline.beta is mapped to com.android.tethering
05-25 04:53:24.292 I/AconfigPackage(19936): android.net.http is mapped to com.android.tethering
05-25 04:53:24.292 I/AconfigPackage(19936): com.android.tethering.readonly.flags is mapped to com.android.tethering
05-25 04:53:24.292 I/AconfigPackage(19936): android.net.vcn is mapped to com.android.tethering
05-25 04:53:24.292 I/AconfigPackage(19936): com.android.net.flags is mapped to com.android.tethering
05-25 04:53:24.292 I/AconfigPackage(19936): com.android.tethering.beta.test is mapped to com.android.tethering
05-25 04:53:24.292 I/AconfigPackage(19936): com.android.nearby.flags is mapped to com.android.tethering
05-25 04:53:24.292 I/AconfigPackage(19936): com.android.net.ct.flags is mapped to com.android.tethering
05-25 04:53:24.292 I/AconfigPackage(19936): com.android.net.thread.flags is mapped to com.android.tethering
05-25 04:53:24.292 I/AconfigPackage(19936): com.android.system.virtualmachine.flags is mapped to com.android.virt
05-25 04:53:24.292 E/FeatureFlagsImplExport(19936): android.os.flagging.AconfigStorageReadException: ERROR_PACKAGE_NOT_FOUND: package android.xr cannot be found on the device
05-25 04:53:24.295 D/UiAutomationConnection(19936): Created on user UserHandle{0}
05-25 04:53:24.296 I/UiAutomation(19936): Initialized for user 0 on display 0
05-25 04:53:24.296 W/UiAutomation(19936): Created with deprecatead constructor, assumes DEFAULT_DISPLAY
05-25 04:53:24.297 D/AccessibilityManagerService(  755): changeCurrentUserForTestAutomationIfNeededLocked(0): ignoring because device doesn't support visible background users
05-25 04:53:24.297 I/UiAutomationManager(  755): Registering UiTestAutomationService (id=com.android.server.accessibility/UiAutomation, flags=0x0) when called by user 0
05-25 04:53:24.298 V/AccessibilityManagerService(  755): onUserStateChangedLocked for userId: 0, forceUpdate: false
05-25 04:53:24.299 V/AccessibilityUserState(  755): updateShortcutTargets: type:accessibility_shortcut_target_service, current:{}, new:{}
05-25 04:53:24.299 V/AccessibilityUserState(  755): updateShortcutTargets: type:accessibility_button_targets, current:{}, new:{}
05-25 04:53:24.299 V/AccessibilityUserState(  755): updateShortcutTargets: type:accessibility_gesture_targets, current:{}, new:{}
05-25 04:53:24.299 V/AccessibilityUserState(  755): updateShortcutTargets: type:accessibility_qs_targets, current:{}, new:{}
05-25 04:53:24.299 V/AccessibilityUserState(  755): updateShortcutTargets: type:accessibility_key_gesture_targets, current:{}, new:{}
05-25 04:53:24.299 W/MagnificationConnectionManager(  755): requestConnection duplicated request: connect=false, mConnectionState=DISCONNECTED
05-25 04:53:24.299 I/AiAiEcho( 1546): Settings changed for uri: content://settings/secure/accessibility_enabled
05-25 04:53:24.300 I/AiAiEcho( 1546): Predicting[0]:  [CONTEXT sampling_count=5 ]
05-25 04:53:24.300 I/AiAiEcho( 1546): EchoTargets: 
05-25 04:53:24.300 I/AiAiEcho( 1546): Filtered by AiAi flag check: 
05-25 04:53:24.300 I/AiAiEcho( 1546): [CONTEXT ratelimit_period="10 SECONDS" ]
05-25 04:53:24.300 I/AiAiEcho( 1546): #remoteViewsTwiddler: feature disabled.
05-25 04:53:24.300 I/AiAiEcho( 1546): Predicting[0]:  [CONTEXT sampling_count=5 ]
05-25 04:53:24.300 I/AiAiEcho( 1546): EchoTargets: 
05-25 04:53:24.300 I/AiAiEcho( 1546): Filtered by AiAi flag check: 
05-25 04:53:24.300 I/AiAiEcho( 1546): [CONTEXT ratelimit_period="10 SECONDS" ]
05-25 04:53:24.300 I/AiAiEcho( 1546): #remoteViewsTwiddler: feature disabled.
05-25 04:53:24.301 I/AiAiEcho( 1546): #postPredictionTargets: Sending updates to UISurface lockscreen with targets# 0 (types=[])
05-25 04:53:24.301 I/AiAiEcho( 1546): #postPredictionTargets: Sending updates to UISurface home with targets# 0 (types=[])
05-25 04:53:24.302 W/SsPagerDots( 1012): Total number of pages invalid: 0. Assuming 1 page.
05-25 04:53:24.302 W/libbinder.IPCThreadState(  755): Sending oneway calls to frozen process.
05-25 04:53:24.305 W/libbinder.IPCThreadState(  755): Sending oneway calls to frozen process.
05-25 04:53:24.306 W/libbinder.IPCThreadState(  755): Sending oneway calls to frozen process.
05-25 04:53:24.306 W/libbinder.IPCThreadState(  755): Sending oneway calls to frozen process.
05-25 04:53:24.306 W/libbinder.IPCThreadState(  755): Sending oneway calls to frozen process.
05-25 04:53:24.306 W/libbinder.IPCThreadState(  755): Sending oneway calls to frozen process.
05-25 04:53:24.306 V/AccessibilityManagerService(  755): onUserStateChangedLocked for userId: 0, forceUpdate: false
05-25 04:53:24.307 V/AccessibilityUserState(  755): updateShortcutTargets: type:accessibility_shortcut_target_service, current:{}, new:{}
05-25 04:53:24.307 V/AccessibilityUserState(  755): updateShortcutTargets: type:accessibility_button_targets, current:{}, new:{}
05-25 04:53:24.307 V/AccessibilityUserState(  755): updateShortcutTargets: type:accessibility_gesture_targets, current:{}, new:{}
05-25 04:53:24.307 V/AccessibilityUserState(  755): updateShortcutTargets: type:accessibility_qs_targets, current:{}, new:{}
05-25 04:53:24.307 V/AccessibilityUserState(  755): updateShortcutTargets: type:accessibility_key_gesture_targets, current:{}, new:{}
05-25 04:53:24.307 W/MagnificationConnectionManager(  755): requestConnection duplicated request: connect=false, mConnectionState=DISCONNECTED
05-25 04:53:24.307 W/libbinder.IPCThreadState(  755): Sending oneway calls to frozen process.
05-25 04:53:24.307 W/libbinder.IPCThreadState(  755): Sending oneway calls to frozen process.
05-25 04:53:24.307 W/libbinder.IPCThreadState(  755): Sending oneway calls to frozen process.
05-25 04:53:24.307 I/AiAiEcho( 1546): Settings changed for uri: content://settings/secure/accessibility_enabled
05-25 04:53:24.309 I/AiAiEcho( 1546): Predicting[0]:  [CONTEXT sampling_count=5 ]
05-25 04:53:24.309 I/AiAiEcho( 1546): EchoTargets: 
05-25 04:53:24.309 I/AiAiEcho( 1546): Filtered by AiAi flag check: 
05-25 04:53:24.309 I/AiAiEcho( 1546): [CONTEXT ratelimit_period="10 SECONDS" ]
05-25 04:53:24.309 I/AiAiEcho( 1546): #remoteViewsTwiddler: feature disabled.
05-25 04:53:24.309 I/AiAiEcho( 1546): Predicting[0]:  [CONTEXT sampling_count=5 ]
05-25 04:53:24.309 W/libbinder.IPCThreadState(  755): Sending oneway calls to frozen process.
05-25 04:53:24.309 I/AiAiEcho( 1546): EchoTargets: 
05-25 04:53:24.309 I/AiAiEcho( 1546): Filtered by AiAi flag check: 
05-25 04:53:24.309 I/AiAiEcho( 1546): [CONTEXT ratelimit_period="10 SECONDS" ]
05-25 04:53:24.309 W/libbinder.IPCThreadState(  755): Sending oneway calls to frozen process.
05-25 04:53:24.309 W/libbinder.IPCThreadState(  755): Sending oneway calls to frozen process.
05-25 04:53:24.309 W/libbinder.IPCThreadState(  755): Sending oneway calls to frozen process.
05-25 04:53:24.309 I/AiAiEcho( 1546): #remoteViewsTwiddler: feature disabled.
05-25 04:53:24.309 W/libbinder.IPCThreadState(  755): Sending oneway calls to frozen process.
05-25 04:53:24.309 I/AiAiEcho( 1546): #postPredictionTargets: Sending updates to UISurface lockscreen with targets# 0 (types=[])
05-25 04:53:24.310 I/AiAiEcho( 1546): #postPredictionTargets: Sending updates to UISurface home with targets# 0 (types=[])
05-25 04:53:24.311 W/libbinder.IPCThreadState(  755): Sending oneway calls to frozen process.
05-25 04:53:24.311 W/libbinder.IPCThreadState(  755): Sending oneway calls to frozen process.
05-25 04:53:24.311 W/libbinder.IPCThreadState(  755): Sending oneway calls to frozen process.
05-25 04:53:24.316 W/libbinder.IPCThreadState(  755): Sending oneway calls to frozen process.
05-25 04:53:24.316 W/libbinder.IPCThreadState(  755): Sending oneway calls to frozen process.
05-25 04:53:24.316 W/libbinder.IPCThreadState(  755): Sending oneway calls to frozen process.
05-25 04:53:24.316 W/libbinder.IPCThreadState(  755): Sending oneway calls to frozen process.
05-25 04:53:24.316 W/libbinder.IPCThreadState(  755): Sending oneway calls to frozen process.
05-25 04:53:24.317 W/libbinder.IPCThreadState(  755): Sending oneway calls to frozen process.
05-25 04:53:24.317 W/libbinder.IPCThreadState(  755): Sending oneway calls to frozen process.
05-25 04:53:24.317 W/libbinder.IPCThreadState(  755): Sending oneway calls to frozen process.
05-25 04:53:24.320 W/libbinder.IPCThreadState(  755): Sending oneway calls to frozen process.
05-25 04:53:24.320 W/libbinder.IPCThreadState(  755): Sending oneway calls to frozen process.
05-25 04:53:24.320 W/libbinder.IPCThreadState(  755): Sending oneway calls to frozen process.
05-25 04:53:24.320 W/libbinder.IPCThreadState(  755): Sending oneway calls to frozen process.
05-25 04:53:24.320 W/libbinder.IPCThreadState(  755): Sending oneway calls to frozen process.
05-25 04:53:24.320 W/libbinder.IPCThreadState(  755): Sending oneway calls to frozen process.
05-25 04:53:24.321 W/libbinder.IPCThreadState(  755): Sending oneway calls to frozen process.
05-25 04:53:24.321 W/libbinder.IPCThreadState(  755): Sending oneway calls to frozen process.
05-25 04:53:24.323 W/libbinder.IPCThreadState(  755): Sending oneway calls to frozen process.
05-25 04:53:24.323 W/libbinder.IPCThreadState(  755): Sending oneway calls to frozen process.
05-25 04:53:24.324 W/libbinder.IPCThreadState(  755): Sending oneway calls to frozen process.
05-25 04:53:24.324 W/libbinder.IPCThreadState(  755): Sending oneway calls to frozen process.
05-25 04:53:24.324 W/libbinder.IPCThreadState(  755): Sending oneway calls to frozen process.
05-25 04:53:24.324 W/SsPagerDots( 1012): Total number of pages invalid: 0. Assuming 1 page.
05-25 04:53:24.325 D/AccessibilityManagerService(  755): .getAccessibilityShortcutTargets {shortcutType=32, userId=0}
05-25 04:53:24.325 W/libbinder.IPCThreadState(  755): Sending oneway calls to frozen process.
05-25 04:53:24.325 W/libbinder.IPCThreadState(  755): Sending oneway calls to frozen process.
05-25 04:53:24.325 D/BatterySaverPolicy(  755): accessibility changed to true, updating policy.
05-25 04:53:25.339 W/AccessibilityNodeInfoDumper(19936): Fetch time: 0ms
05-25 04:53:25.342 V/AccessibilityManagerService(  755): onUserStateChangedLocked for userId: 0, forceUpdate: false
05-25 04:53:25.343 V/AccessibilityUserState(  755): updateShortcutTargets: type:accessibility_shortcut_target_service, current:{}, new:{}
05-25 04:53:25.343 V/AccessibilityUserState(  755): updateShortcutTargets: type:accessibility_button_targets, current:{}, new:{}
05-25 04:53:25.343 V/AccessibilityUserState(  755): updateShortcutTargets: type:accessibility_gesture_targets, current:{}, new:{}
05-25 04:53:25.343 V/AccessibilityUserState(  755): updateShortcutTargets: type:accessibility_qs_targets, current:{}, new:{}
05-25 04:53:25.343 V/AccessibilityUserState(  755): updateShortcutTargets: type:accessibility_key_gesture_targets, current:{}, new:{}
05-25 04:53:25.343 W/MagnificationConnectionManager(  755): requestConnection duplicated request: connect=false, mConnectionState=DISCONNECTED
05-25 04:53:25.343 I/AiAiEcho( 1546): Settings changed for uri: content://settings/secure/accessibility_enabled
05-25 04:53:25.343 D/AccessibilityManagerService(  755): restoreCurrentUserForTestAutomationIfNeededLocked(): ignoring because device doesn't support visible background users
05-25 04:53:25.345 I/AiAiEcho( 1546): Predicting[0]:  [CONTEXT sampling_count=5 ]
05-25 04:53:25.345 I/AiAiEcho( 1546): EchoTargets: 
05-25 04:53:25.345 I/AiAiEcho( 1546): Filtered by AiAi flag check: 
05-25 04:53:25.345 I/AiAiEcho( 1546): [CONTEXT ratelimit_period="10 SECONDS" ]
05-25 04:53:25.345 I/AiAiEcho( 1546): #remoteViewsTwiddler: feature disabled.
05-25 04:53:25.345 I/AiAiEcho( 1546): Predicting[0]:  [CONTEXT sampling_count=5 ]
05-25 04:53:25.345 I/AiAiEcho( 1546): EchoTargets: 
05-25 04:53:25.345 I/AiAiEcho( 1546): Filtered by AiAi flag check: 
05-25 04:53:25.345 I/AiAiEcho( 1546): [CONTEXT ratelimit_period="10 SECONDS" ]
05-25 04:53:25.346 I/AiAiEcho( 1546): #remoteViewsTwiddler: feature disabled.
05-25 04:53:25.346 W/libbinder.IPCThreadState(  755): Sending oneway calls to frozen process.
05-25 04:53:25.346 I/AiAiEcho( 1546): #postPredictionTargets: Sending updates to UISurface lockscreen with targets# 0 (types=[])
05-25 04:53:25.346 D/AndroidRuntime(19936): Shutting down VM
05-25 04:53:25.347 W/libbinder.IPCThreadState(19936): call to talkWithDriver in joinThreadPool returned error: -9 (Bad file descriptor), FD: -1
05-25 04:53:25.347 W/libbinder.IPCThreadState(19936): call to talkWithDriver in joinThreadPool returned error: -9 (Bad file descriptor), FD: -1
05-25 04:53:25.347 I/AiAiEcho( 1546): #postPredictionTargets: Sending updates to UISurface home with targets# 0 (types=[])
05-25 04:53:25.351 W/libbinder.IPCThreadState(  755): Sending oneway calls to frozen process.
05-25 04:53:25.352 W/SsPagerDots( 1012): Total number of pages invalid: 0. Assuming 1 page.
05-25 04:53:25.352 W/libbinder.IPCThreadState(  755): Sending oneway calls to frozen process.
05-25 04:53:25.352 W/libbinder.IPCThreadState(  755): Sending oneway calls to frozen process.
05-25 04:53:25.352 W/libbinder.IPCThreadState(  755): Sending oneway calls to frozen process.
05-25 04:53:25.352 W/libbinder.IPCThreadState(  755): Sending oneway calls to frozen process.
05-25 04:53:25.352 W/libbinder.IPCThreadState(  755): Sending oneway calls to frozen process.
05-25 04:53:25.352 W/libbinder.IPCThreadState(  755): Sending oneway calls to frozen process.
05-25 04:53:25.352 W/libbinder.IPCThreadState(  755): Sending oneway calls to frozen process.
05-25 04:53:25.354 W/libbinder.IPCThreadState(  755): Sending oneway calls to frozen process.
05-25 04:53:25.354 W/libbinder.IPCThreadState(  755): Sending oneway calls to frozen process.
05-25 04:53:25.354 W/libbinder.IPCThreadState(  755): Sending oneway calls to frozen process.
05-25 04:53:25.354 W/libbinder.IPCThreadState(  755): Sending oneway calls to frozen process.
05-25 04:53:25.354 W/libbinder.IPCThreadState(  755): Sending oneway calls to frozen process.
05-25 04:53:25.355 W/libbinder.IPCThreadState(  755): Sending oneway calls to frozen process.
05-25 04:53:25.355 W/libbinder.IPCThreadState(  755): Sending oneway calls to frozen process.
05-25 04:53:25.356 W/libbinder.IPCThreadState(  755): Sending oneway calls to frozen process.
05-25 04:53:25.359 W/libbinder.IPCThreadState(  755): Sending oneway calls to frozen process.
05-25 04:53:25.359 W/libbinder.IPCThreadState(  755): Sending oneway calls to frozen process.
05-25 04:53:25.359 W/libbinder.IPCThreadState(  755): Sending oneway calls to frozen process.
05-25 04:53:25.359 W/libbinder.IPCThreadState(  755): Sending oneway calls to frozen process.
05-25 04:53:25.359 W/libbinder.IPCThreadState(  755): Sending oneway calls to frozen process.
05-25 04:53:25.359 W/libbinder.IPCThreadState(  755): Sending oneway calls to frozen process.
05-25 04:53:25.359 W/libbinder.IPCThreadState(  755): Sending oneway calls to frozen process.
05-25 04:53:25.359 D/BatterySaverPolicy(  755): accessibility changed to false, updating policy.
05-25 04:53:25.632 I/HalDevMgr(  755): bestIfaceCreationProposal is null, requestIface=STA, existingIface=[name=wlan0 type=STA]
05-25 04:53:26.270 W/libbinder.BackendUnifiedServiceManager(19949): Thread Pool max thread count is 0. Cannot cache binder as linkToDeath cannot be implemented. serviceName: SurfaceFlingerAIDL
05-25 04:53:26.271 W/libbinder.BpBinder(19949): Linking to death on android.gui.ISurfaceComposer but there are no threads (yet?) listening to incoming transactions. See ProcessState::startThreadPool and ProcessState::setThreadPoolMaxThreadCount. Generally you should setup the binder threadpool before other initialization steps.
05-25 04:53:26.271 W/libbinder.ProcessState(19949): Extra binder thread started, but 0 threads requested. Do not use *startThreadPool when zero threads are requested.
05-25 04:53:26.365 W/MediaProvider( 1529): isAppCloneUserPair for user 0: false
05-25 04:53:26.484 I/ActivityManager(  755): Broadcasting: Intent { act=android.intent.action.MEDIA_SCANNER_SCAN_FILE dat=file:///... flg=0x400000 }
05-25 04:53:26.485 I/ActivityManager(  755): Enqueued broadcast Intent { act=android.intent.action.MEDIA_SCANNER_SCAN_FILE dat=file:///... flg=0x400000 }: 0
05-25 04:53:26.486 I/MediaServiceV2( 1529): Creating work for intent Intent { act=android.intent.action.MEDIA_SCANNER_SCAN_FILE dat=file:///... flg=0x1400010 cmp=com.google.android.providers.media.module/com.android.providers.media.MediaServiceV2 }
05-25 04:53:26.488 I/MediaServiceV2( 1529): Work enqueued for intent: Intent { act=android.intent.action.MEDIA_SCANNER_SCAN_FILE dat=file:///... flg=0x1400010 cmp=com.google.android.providers.media.module/com.android.providers.media.MediaServiceV2 }
05-25 04:53:26.489 I/ActivityManager(  755): Broadcast completed: result=0
05-25 04:53:26.497 W/JobInfo ( 1529): Requested important-while-foreground flag for job956 is ignored and takes no effect
05-25 04:53:26.497 D/WM-SystemJobScheduler( 1529): Scheduling work ID 6a028f73-c824-4185-ae1d-226d143051c4Job ID 956
05-25 04:53:26.504 D/WM-SystemJobService( 1529): onStartJob for WorkGenerationalId(workSpecId=6a028f73-c824-4185-ae1d-226d143051c4, generation=0)
05-25 04:53:26.504 D/WM-GreedyScheduler( 1529): Ignoring {WorkSpec: fce74054-5d75-49ac-b1fb-61b1c63b64d1}. Requires device idle.
05-25 04:53:26.504 D/WM-GreedyScheduler( 1529): Ignoring {WorkSpec: 748d3965-3023-45a6-9a32-baafa7d90ebf}. Requires device idle.
05-25 04:53:26.504 D/WM-GreedyScheduler( 1529): Ignoring {WorkSpec: bbc248da-5aec-4565-83d8-ed90ba3a683c}. Requires device idle.
05-25 04:53:26.504 D/WM-GreedyScheduler( 1529): Ignoring {WorkSpec: a7b8fc44-3a39-43d5-96b8-cef5bb529d35}. Requires device idle.
05-25 04:53:26.504 D/WM-GreedyScheduler( 1529): Starting work for 6a028f73-c824-4185-ae1d-226d143051c4
05-25 04:53:26.504 D/WM-Processor( 1529): Processor: processing WorkGenerationalId(workSpecId=6a028f73-c824-4185-ae1d-226d143051c4, generation=0)
05-25 04:53:26.505 D/WM-Processor( 1529): Work WorkGenerationalId(workSpecId=6a028f73-c824-4185-ae1d-226d143051c4, generation=0) is already enqueued for processing
05-25 04:53:26.506 D/WM-WorkerWrapper( 1529): Starting work for com.android.providers.media.MediaServiceV2
05-25 04:53:26.508 I/MediaServiceV2( 1529): Work initiated for action [ android.intent.action.MEDIA_SCANNER_SCAN_FILE ]
05-25 04:53:26.516 I/MediaServiceV2( 1529): Work ended for action [ android.intent.action.MEDIA_SCANNER_SCAN_FILE ]
05-25 04:53:26.520 I/WM-WorkerWrapper( 1529): Worker result SUCCESS for Work [ id=6a028f73-c824-4185-ae1d-226d143051c4, tags={ com.android.providers.media.MediaServiceV2 } ]
05-25 04:53:26.522 D/WM-Processor( 1529): Processor 6a028f73-c824-4185-ae1d-226d143051c4 executed; reschedule = false
05-25 04:53:26.522 D/WM-SystemJobService( 1529): 6a028f73-c824-4185-ae1d-226d143051c4 executed on JobScheduler
05-25 04:53:26.527 D/WM-SystemJobScheduler( 1529): Scheduling work ID bec94b75-15e3-4730-9a4d-16652c4755a1Job ID 957
05-25 04:53:26.529 D/WM-GreedyScheduler( 1529): Ignoring {WorkSpec: fce74054-5d75-49ac-b1fb-61b1c63b64d1}. Requires device idle.
05-25 04:53:26.529 D/WM-GreedyScheduler( 1529): Ignoring {WorkSpec: 748d3965-3023-45a6-9a32-baafa7d90ebf}. Requires device idle.
05-25 04:53:26.529 D/WM-GreedyScheduler( 1529): Ignoring {WorkSpec: bbc248da-5aec-4565-83d8-ed90ba3a683c}. Requires device idle.
05-25 04:53:26.529 D/WM-GreedyScheduler( 1529): Ignoring {WorkSpec: a7b8fc44-3a39-43d5-96b8-cef5bb529d35}. Requires device idle.
05-25 04:53:26.530 D/WM-GreedyScheduler( 1529): Cancelling work ID 6a028f73-c824-4185-ae1d-226d143051c4
05-25 04:53:26.530 D/WM-GreedyScheduler( 1529): Ignoring {WorkSpec: fce74054-5d75-49ac-b1fb-61b1c63b64d1}. Requires device idle.
05-25 04:53:26.530 D/WM-GreedyScheduler( 1529): Ignoring {WorkSpec: 748d3965-3023-45a6-9a32-baafa7d90ebf}. Requires device idle.
05-25 04:53:26.530 D/WM-GreedyScheduler( 1529): Ignoring {WorkSpec: bbc248da-5aec-4565-83d8-ed90ba3a683c}. Requires device idle.
05-25 04:53:26.530 D/WM-GreedyScheduler( 1529): Ignoring {WorkSpec: a7b8fc44-3a39-43d5-96b8-cef5bb529d35}. Requires device idle.
05-25 04:53:26.660 D/AndroidRuntime(19960): >>>>>> START com.android.internal.os.RuntimeInit uid 2000 <<<<<<
05-25 04:53:26.663 I/AndroidRuntime(19960): Using default boot image
05-25 04:53:26.663 I/AndroidRuntime(19960): Leaving lock profiling enabled
05-25 04:53:26.666 I/app_process(19960): Using CollectorTypeCMC GC.
05-25 04:53:26.731 D/nativeloader(19960): InitDefaultPublicLibraries for_preload=1: libandroid.so:libaaudio.so:libamidi.so:libbinder_ndk.so:libc.so:libcamera2ndk.so:libdl.so:libEGL.so:libGLESv1_CM.so:libGLESv2.so:libGLESv3.so:libicu.so:libicui18n.so:libicuuc.so:libjnigraphics.so:liblog.so:libmediandk.so:libm.so:libnativehelper.so:libnativewindow.so:libOpenMAXAL.so:libOpenSLES.so:libRS.so:libstdc++.so:libsync.so:libvulkan.so:libwebviewchromium_plat_support.so:libz.so
05-25 04:53:26.739 D/nativeloader(19960): Load libicu_jni.so using APEX ns com_android_art for caller /apex/com.android.art/javalib/core-oj.jar: ok
05-25 04:53:26.739 D/app_process(19960): u_setTimeZoneFilesDirectory("/apex/com.android.tzdata/etc/tz/versioned/9/icu") succeeded. 
05-25 04:53:26.739 D/app_process(19960): I18n APEX ICU file found: /apex/com.android.i18n/etc/icu/icudt76l.dat
05-25 04:53:26.740 D/nativeloader(19960): Load libjavacore.so using APEX ns com_android_art for caller /apex/com.android.art/javalib/core-oj.jar: ok
05-25 04:53:26.741 D/nativeloader(19960): Load libopenjdk.so using APEX ns com_android_art for caller /apex/com.android.art/javalib/core-oj.jar: ok
05-25 04:53:26.741 I/app_process(19960): Priority-to-niceness mapping: 19, 16, 13, 10, 0, -2, -4, -5, -6, -8
05-25 04:53:26.742 W/app_process(19960): Unexpected CPU variant for x86: x86_64.
05-25 04:53:26.742 W/app_process(19960): Known variants: atom, sandybridge, silvermont, goldmont, goldmont-plus, goldmont-without-sha-xsaves, tremont, kabylake, alderlake, default
05-25 04:53:26.743 W/app_process(19960): ClassLoaderContext shared library size mismatch. Expected=2, found=0 (PCL[]{PCL[/system/framework/android.test.base.jar*1653369819]#PCL[/system/framework/android.test.mock.jar*1009639922]} | PCL[])
05-25 04:53:26.743 W/app_process(19960): ClassLoaderContext classpath size mismatch. expected=0, found=1 (PCL[]{PCL[/system/framework/android.test.runner.jar*3954641918]{PCL[/system/framework/android.test.base.jar*1653369819]#PCL[/system/framework/android.test.mock.jar*1009639922]}#PCL[/system/framework/android.test.base.jar*1653369819]} | PCL[/system/framework/android.test.runner.jar*3954641918])
05-25 04:53:26.763 D/nativeloader(19960): Load libframework-connectivity-tiramisu-jni.so using APEX ns com_android_tethering for caller /apex/com.android.tethering/javalib/framework-connectivity-t.jar: ok
05-25 04:53:26.763 D/AndroidRuntime(19960): Calling main entry com.android.commands.uiautomator.Launcher
05-25 04:53:26.766 I/AconfigPackage(19960): android.media.swcodec.flags is mapped to com.android.media.swcodec
05-25 04:53:26.766 I/AconfigPackage(19960): com.android.permission.flags is mapped to com.android.permission
05-25 04:53:26.766 I/AconfigPackage(19960): com.android.permissioncontroller.flags is mapped to com.android.permission
05-25 04:53:26.766 I/AconfigPackage(19960): com.android.icu is mapped to com.android.i18n
05-25 04:53:26.766 I/AconfigPackage(19960): com.android.appsearch.flags is mapped to com.android.appsearch
05-25 04:53:26.766 I/AconfigPackage(19960): android.uprobestats.mainline.flags is mapped to com.android.uprobestats
05-25 04:53:26.766 I/AconfigPackage(19960): com.android.crashrecovery.flags is mapped to com.android.crashrecovery
05-25 04:53:26.767 I/AconfigPackage(19960): android.provider.flags is mapped to com.android.configinfrastructure
05-25 04:53:26.767 I/AconfigPackage(19960): com.android.server.deviceconfig is mapped to com.android.configinfrastructure
05-25 04:53:26.767 I/AconfigPackage(19960): com.android.compos.flags is mapped to com.android.compos
05-25 04:53:26.767 I/AconfigPackage(19960): com.android.art.flags is mapped to com.android.art
05-25 04:53:26.767 I/AconfigPackage(19960): com.android.art.rw.flags is mapped to com.android.art
05-25 04:53:26.767 I/AconfigPackage(19960): com.android.libcore is mapped to com.android.art
05-25 04:53:26.767 I/AconfigPackage(19960): com.android.telephony.flags is mapped to com.android.telephonycore
05-25 04:53:26.767 I/AconfigPackage(19960): com.android.media.extractor.flags is mapped to com.android.media
05-25 04:53:26.767 I/AconfigPackage(19960): com.android.media.mainline.flags is mapped to com.android.media
05-25 04:53:26.767 I/AconfigPackage(19960): com.android.wifi.flags is mapped to com.android.wifi
05-25 04:53:26.767 I/AconfigPackage(19960): com.android.org.conscrypt.flags is mapped to com.android.conscrypt
05-25 04:53:26.767 I/AconfigPackage(19960): com.android.org.conscrypt.net.flags is mapped to com.android.conscrypt
05-25 04:53:26.767 I/AconfigPackage(19960): com.android.healthfitness.flags is mapped to com.android.healthfitness
05-25 04:53:26.767 I/AconfigPackage(19960): com.android.ipsec.flags is mapped to com.android.ipsec
05-25 04:53:26.768 I/AconfigPackage(19960): com.android.nfc.module.flags is mapped to com.android.nfcservices
05-25 04:53:26.768 I/AconfigPackage(19960): com.android.adservices.ondevicepersonalization.flags is mapped to com.android.ondevicepersonalization
05-25 04:53:26.768 I/AconfigPackage(19960): com.android.adbd.flags is mapped to com.android.adbd
05-25 04:53:26.768 I/AconfigPackage(19960): com.android.bluetooth.flags is mapped to com.android.bt
05-25 04:53:26.768 I/AconfigPackage(19960): com.android.devicelock.flags is mapped to com.android.devicelock
05-25 04:53:26.768 I/AconfigPackage(19960): android.os.profiling is mapped to com.android.profiling
05-25 04:53:26.768 I/AconfigPackage(19960): android.os.profiling.anomaly.flags is mapped to com.android.profiling
05-25 04:53:26.768 I/AconfigPackage(19960): com.android.os.statsd.flags is mapped to com.android.os.statsd
05-25 04:53:26.768 I/AconfigPackage(19960): com.android.rkpd.flags is mapped to com.android.rkpd
05-25 04:53:26.768 I/AconfigPackage(19960): com.android.cellbroadcastreceiver.flags is mapped to com.android.cellbroadcast
05-25 04:53:26.768 I/AconfigPackage(19960): com.android.adservices.flags is mapped to com.android.adservices
05-25 04:53:26.768 I/AconfigPackage(19960): com.android.sdksandbox.flags is mapped to com.android.adservices
05-25 04:53:26.768 I/AconfigPackage(19960): com.android.uwb.flags is mapped to com.android.uwb
05-25 04:53:26.768 I/AconfigPackage(19960): com.android.ranging.flags is mapped to com.android.uwb
05-25 04:53:26.768 I/AconfigPackage(19960): android.graphics.pdf.flags is mapped to com.android.mediaprovider
05-25 04:53:26.769 I/AconfigPackage(19960): com.android.providers.media.flags is mapped to com.android.mediaprovider
05-25 04:53:26.769 I/AconfigPackage(19960): android.graphics.pdf.flags.readonly is mapped to com.android.mediaprovider
05-25 04:53:26.769 I/AconfigPackage(19960): com.android.tethering.mainline.beta is mapped to com.android.tethering
05-25 04:53:26.769 I/AconfigPackage(19960): android.net.http is mapped to com.android.tethering
05-25 04:53:26.769 I/AconfigPackage(19960): com.android.tethering.readonly.flags is mapped to com.android.tethering
05-25 04:53:26.769 I/AconfigPackage(19960): android.net.vcn is mapped to com.android.tethering
05-25 04:53:26.769 I/AconfigPackage(19960): com.android.net.flags is mapped to com.android.tethering
05-25 04:53:26.769 I/AconfigPackage(19960): com.android.tethering.beta.test is mapped to com.android.tethering
05-25 04:53:26.769 I/AconfigPackage(19960): com.android.nearby.flags is mapped to com.android.tethering
05-25 04:53:26.769 I/AconfigPackage(19960): com.android.net.ct.flags is mapped to com.android.tethering
05-25 04:53:26.769 I/AconfigPackage(19960): com.android.net.thread.flags is mapped to com.android.tethering
05-25 04:53:26.769 I/AconfigPackage(19960): com.android.system.virtualmachine.flags is mapped to com.android.virt
05-25 04:53:26.769 E/FeatureFlagsImplExport(19960): android.os.flagging.AconfigStorageReadException: ERROR_PACKAGE_NOT_FOUND: package android.xr cannot be found on the device
05-25 04:53:26.769 D/UiAutomationConnection(19960): Created on user UserHandle{0}
05-25 04:53:26.770 I/UiAutomation(19960): Initialized for user 0 on display 0
05-25 04:53:26.770 W/UiAutomation(19960): Created with deprecatead constructor, assumes DEFAULT_DISPLAY
05-25 04:53:26.771 D/AccessibilityManagerService(  755): changeCurrentUserForTestAutomationIfNeededLocked(0): ignoring because device doesn't support visible background users
05-25 04:53:26.771 I/UiAutomationManager(  755): Registering UiTestAutomationService (id=com.android.server.accessibility/UiAutomation, flags=0x0) when called by user 0
05-25 04:53:26.771 V/AccessibilityManagerService(  755): onUserStateChangedLocked for userId: 0, forceUpdate: false
05-25 04:53:26.771 V/AccessibilityUserState(  755): updateShortcutTargets: type:accessibility_shortcut_target_service, current:{}, new:{}
05-25 04:53:26.771 V/AccessibilityUserState(  755): updateShortcutTargets: type:accessibility_button_targets, current:{}, new:{}
05-25 04:53:26.771 V/AccessibilityUserState(  755): updateShortcutTargets: type:accessibility_gesture_targets, current:{}, new:{}
05-25 04:53:26.771 V/AccessibilityUserState(  755): updateShortcutTargets: type:accessibility_qs_targets, current:{}, new:{}
05-25 04:53:26.771 V/AccessibilityUserState(  755): updateShortcutTargets: type:accessibility_key_gesture_targets, current:{}, new:{}
05-25 04:53:26.771 W/MagnificationConnectionManager(  755): requestConnection duplicated request: connect=false, mConnectionState=DISCONNECTED
05-25 04:53:26.772 I/AiAiEcho( 1546): Settings changed for uri: content://settings/secure/accessibility_enabled
05-25 04:53:26.772 I/AiAiEcho( 1546): Predicting[0]:  [CONTEXT sampling_count=5 ]
05-25 04:53:26.772 I/AiAiEcho( 1546): EchoTargets: 
05-25 04:53:26.772 I/AiAiEcho( 1546): Filtered by AiAi flag check: 
05-25 04:53:26.772 I/AiAiEcho( 1546): [CONTEXT ratelimit_period="10 SECONDS" ]
05-25 04:53:26.772 I/AiAiEcho( 1546): #remoteViewsTwiddler: feature disabled.
05-25 04:53:26.772 I/AiAiEcho( 1546): Predicting[0]:  [CONTEXT sampling_count=5 ]
05-25 04:53:26.772 I/AiAiEcho( 1546): EchoTargets: 
05-25 04:53:26.772 I/AiAiEcho( 1546): Filtered by AiAi flag check: 
05-25 04:53:26.772 I/AiAiEcho( 1546): [CONTEXT ratelimit_period="10 SECONDS" ]
05-25 04:53:26.772 I/AiAiEcho( 1546): #remoteViewsTwiddler: feature disabled.
05-25 04:53:26.773 W/libbinder.IPCThreadState(  755): Sending oneway calls to frozen process.
05-25 04:53:26.773 I/AiAiEcho( 1546): #postPredictionTargets: Sending updates to UISurface lockscreen with targets# 0 (types=[])
05-25 04:53:26.773 I/AiAiEcho( 1546): #postPredictionTargets: Sending updates to UISurface home with targets# 0 (types=[])
05-25 04:53:26.773 W/SsPagerDots( 1012): Total number of pages invalid: 0. Assuming 1 page.
05-25 04:53:26.775 W/libbinder.IPCThreadState(  755): Sending oneway calls to frozen process.
05-25 04:53:26.775 W/libbinder.IPCThreadState(  755): Sending oneway calls to frozen process.
05-25 04:53:26.775 W/libbinder.IPCThreadState(  755): Sending oneway calls to frozen process.
05-25 04:53:26.775 W/libbinder.IPCThreadState(  755): Sending oneway calls to frozen process.
