05-25 01:37:53.193  8440  8440 I AconfigPackage: com.android.appsearch.flags is mapped to com.android.appsearch
05-25 01:37:53.193  8440  8440 I AconfigPackage: android.uprobestats.mainline.flags is mapped to com.android.uprobestats
05-25 01:37:53.193  8440  8440 I AconfigPackage: com.android.crashrecovery.flags is mapped to com.android.crashrecovery
05-25 01:37:53.193  8440  8440 I AconfigPackage: android.provider.flags is mapped to com.android.configinfrastructure
05-25 01:37:53.193  8440  8440 I AconfigPackage: com.android.server.deviceconfig is mapped to com.android.configinfrastructure
05-25 01:37:53.193  8440  8440 I AconfigPackage: com.android.compos.flags is mapped to com.android.compos
05-25 01:37:53.193  8440  8440 I AconfigPackage: com.android.art.flags is mapped to com.android.art
05-25 01:37:53.193  8440  8440 I AconfigPackage: com.android.art.rw.flags is mapped to com.android.art
05-25 01:37:53.193  8440  8440 I AconfigPackage: com.android.libcore is mapped to com.android.art
05-25 01:37:53.193  8440  8440 I AconfigPackage: com.android.telephony.flags is mapped to com.android.telephonycore
05-25 01:37:53.193  8440  8440 I AconfigPackage: com.android.media.extractor.flags is mapped to com.android.media
05-25 01:37:53.193  8440  8440 I AconfigPackage: com.android.media.mainline.flags is mapped to com.android.media
05-25 01:37:53.193  8440  8440 I AconfigPackage: com.android.wifi.flags is mapped to com.android.wifi
05-25 01:37:53.193  8440  8440 I AconfigPackage: com.android.org.conscrypt.flags is mapped to com.android.conscrypt
05-25 01:37:53.193  8440  8440 I AconfigPackage: com.android.org.conscrypt.net.flags is mapped to com.android.conscrypt
05-25 01:37:53.193  8440  8440 I AconfigPackage: com.android.healthfitness.flags is mapped to com.android.healthfitness
05-25 01:37:53.193  8440  8440 I AconfigPackage: com.android.ipsec.flags is mapped to com.android.ipsec
05-25 01:37:53.193  8440  8440 I AconfigPackage: com.android.nfc.module.flags is mapped to com.android.nfcservices
05-25 01:37:53.193  8440  8440 I AconfigPackage: com.android.adservices.ondevicepersonalization.flags is mapped to com.android.ondevicepersonalization
05-25 01:37:53.193  8440  8440 I AconfigPackage: com.android.adbd.flags is mapped to com.android.adbd
05-25 01:37:53.193  8440  8440 I AconfigPackage: com.android.bluetooth.flags is mapped to com.android.bt
05-25 01:37:53.194  8440  8440 I AconfigPackage: com.android.devicelock.flags is mapped to com.android.devicelock
05-25 01:37:53.194  8440  8440 I AconfigPackage: android.os.profiling is mapped to com.android.profiling
05-25 01:37:53.194  8440  8440 I AconfigPackage: android.os.profiling.anomaly.flags is mapped to com.android.profiling
05-25 01:37:53.194  8440  8440 I AconfigPackage: com.android.os.statsd.flags is mapped to com.android.os.statsd
05-25 01:37:53.194  8440  8440 I AconfigPackage: com.android.rkpd.flags is mapped to com.android.rkpd
05-25 01:37:53.194  8440  8440 I AconfigPackage: com.android.cellbroadcastreceiver.flags is mapped to com.android.cellbroadcast
05-25 01:37:53.194  8440  8440 I AconfigPackage: com.android.adservices.flags is mapped to com.android.adservices
05-25 01:37:53.194  8440  8440 I AconfigPackage: com.android.sdksandbox.flags is mapped to com.android.adservices
05-25 01:37:53.194  8440  8440 I AconfigPackage: com.android.uwb.flags is mapped to com.android.uwb
05-25 01:37:53.194  8440  8440 I AconfigPackage: com.android.ranging.flags is mapped to com.android.uwb
05-25 01:37:53.194  8440  8440 I AconfigPackage: android.graphics.pdf.flags is mapped to com.android.mediaprovider
05-25 01:37:53.194  8440  8440 I AconfigPackage: com.android.providers.media.flags is mapped to com.android.mediaprovider
05-25 01:37:53.194  8440  8440 I AconfigPackage: android.graphics.pdf.flags.readonly is mapped to com.android.mediaprovider
05-25 01:37:53.194  8440  8440 I AconfigPackage: com.android.tethering.mainline.beta is mapped to com.android.tethering
05-25 01:37:53.194  8440  8440 I AconfigPackage: android.net.http is mapped to com.android.tethering
05-25 01:37:53.194  8440  8440 I AconfigPackage: com.android.tethering.readonly.flags is mapped to com.android.tethering
05-25 01:37:53.194  8440  8440 I AconfigPackage: android.net.vcn is mapped to com.android.tethering
05-25 01:37:53.194  8440  8440 I AconfigPackage: com.android.net.flags is mapped to com.android.tethering
05-25 01:37:53.194  8440  8440 I AconfigPackage: com.android.tethering.beta.test is mapped to com.android.tethering
05-25 01:37:53.194  8440  8440 I AconfigPackage: com.android.nearby.flags is mapped to com.android.tethering
05-25 01:37:53.194  8440  8440 I AconfigPackage: com.android.net.ct.flags is mapped to com.android.tethering
05-25 01:37:53.194  8440  8440 I AconfigPackage: com.android.net.thread.flags is mapped to com.android.tethering
05-25 01:37:53.194  8440  8440 I AconfigPackage: com.android.system.virtualmachine.flags is mapped to com.android.virt
05-25 01:37:53.194  8440  8440 E FeatureFlagsImplExport: android.os.flagging.AconfigStorageReadException: ERROR_PACKAGE_NOT_FOUND: package android.xr cannot be found on the device
05-25 01:37:53.196  8440  8440 D UiAutomationConnection: Created on user UserHandle{0}
05-25 01:37:53.197   803  1093 I ActivityManager: Force stopping com.wgtr.app.debug appid=10367 user=0: start instr
05-25 01:37:53.198   803  1093 V GrammaticalInflectionUtils: AttributionSource: android.content.AttributionSource@8738015f does not have READ_SYSTEM_GRAMMATICAL_GENDER permission.
05-25 01:37:53.198   803  1014 D BackgroundInstallControlService: Package event received: 0
05-25 01:37:53.199   803  1014 D BackgroundInstallControlService: Package event received: 0
05-25 01:37:53.203   583   583 D Zygote  : Forked child process 8451
05-25 01:37:53.204   803   843 I ActivityManager: Start proc 8451:com.wgtr.app.debug/u0a367 for added application com.wgtr.app.debug
05-25 01:37:53.222  8451  8451 I Zygote  : Process 8451 created for com.wgtr.app.debug
05-25 01:37:53.222  8451  8451 I .wgtr.app.debug: Late-enabling -Xcheck:jni
05-25 01:37:53.238  8451  8451 I .wgtr.app.debug: Using CollectorTypeCMC GC.
05-25 01:37:53.239  8451  8451 W .wgtr.app.debug: Unexpected CPU variant for x86: x86_64.
05-25 01:37:53.239  8451  8451 W .wgtr.app.debug: Known variants: atom, sandybridge, silvermont, goldmont, goldmont-plus, goldmont-without-sha-xsaves, tremont, kabylake, alderlake, default
05-25 01:37:53.241   667   693 I adbd    : jdwp connection from 8451
05-25 01:37:53.250  8451  8451 D nativeloader: Load libframework-connectivity-tiramisu-jni.so using APEX ns com_android_tethering for caller /apex/com.android.tethering/javalib/framework-connectivity-t.jar: ok
05-25 01:37:53.279  8451  8451 D ApplicationLoaders: Returning zygote-cached class loader: /system_ext/framework/androidx.window.extensions.jar
05-25 01:37:53.279  8451  8451 D ApplicationLoaders: Returning zygote-cached class loader: /system_ext/framework/androidx.window.sidecar.jar
05-25 01:37:53.282  8451  8451 W .wgtr.app.debug: ClassLoaderContext classpath element mismatch. expected=/system/framework/android.test.base.jar, found=/system_ext/framework/androidx.window.extensions.jar (PCL[]{PCL[/system/framework/android.test.base.jar*1653369819]#PCL[/system/framework/android.test.mock.jar*1009639922]} | PCL[]{PCL[/system_ext/framework/androidx.window.extensions.jar*1272918975]#PCL[/system_ext/framework/androidx.window.sidecar.jar*3267387525]})
05-25 01:37:53.284  8451  8451 W .wgtr.app.debug: ClassLoaderContext classpath size mismatch. expected=0, found=1 (PCL[] | PCL[/system/framework/android.test.runner.jar*3954641918]{PCL[/system_ext/framework/androidx.window.extensions.jar*1272918975]#PCL[/system_ext/framework/androidx.window.sidecar.jar*3267387525]})
05-25 01:37:53.287  8451  8451 W .wgtr.app.debug: ClassLoaderContext classpath size mismatch. expected=0, found=2 (PCL[] | PCL[/system/framework/android.test.runner.jar*3954641918:/system/framework/android.test.mock.jar*1009639922]{PCL[/system_ext/framework/androidx.window.extensions.jar*1272918975]#PCL[/system_ext/framework/androidx.window.sidecar.jar*3267387525]})
05-25 01:37:53.880  8451  8451 D nativeloader: Configuring clns-9 for other apk /system/framework/android.test.runner.jar:/system/framework/android.test.mock.jar:/system/framework/android.test.base.jar:/data/app/~~FIld0uj9ibRKFqIU6QzL4Q==/com.wgtr.app.debug.test-EwMDKqaqLUCXmBz1EAEl2A==/base.apk:/data/app/~~QHqEPpxEc3WQiI4PLvHVng==/com.wgtr.app.debug-j13HZmuxEkiCbj1RU5VrMA==/base.apk. target_sdk_version=36, uses_libraries=, library_path=/data/app/~~FIld0uj9ibRKFqIU6QzL4Q==/com.wgtr.app.debug.test-EwMDKqaqLUCXmBz1EAEl2A==/lib/x86_64:/data/app/~~QHqEPpxEc3WQiI4PLvHVng==/com.wgtr.app.debug-j13HZmuxEkiCbj1RU5VrMA==/lib/x86_64:/data/app/~~FIld0uj9ibRKFqIU6QzL4Q==/com.wgtr.app.debug.test-EwMDKqaqLUCXmBz1EAEl2A==/base.apk!/lib/x86_64:/data/app/~~QHqEPpxEc3WQiI4PLvHVng==/com.wgtr.app.debug-j13HZmuxEkiCbj1RU5VrMA==/base.apk!/lib/x86_64, permitted_path=/data:/mnt/expand:/data/user/0/com.wgtr.app.debug
05-25 01:37:53.880  8405  8405 I AccessibilityNodeInfoDumper: Skipping invisible child: android.view.accessibility.AccessibilityNodeInfo@3cd42; boundsInParent: Rect(0, 0 - 924, 165); boundsInScreen: Rect(78, 157 - 1002, 321); boundsInWindow: Rect(78, 157 - 1002, 321); packageName: com.google.android.apps.nexuslauncher; className: android.view.View; text: null; error: null; maxTextLength: -1; stateDescription: null; contentDescription: null; tooltipText: null; containerTitle: null; viewIdResName: com.google.android.apps.nexuslauncher:id/ripple; uniqueId: null; checkable: false; checked: false; focusable: false; focused: false; selected: false; clickable: false; longClickable: false; contextClickable: false; enabled: true; password: false; scrollable: false; granularScrollingSupported: false; importantForAccessibility: false; visible: false; actions: [AccessibilityAction: ACTION_SELECT - null, AccessibilityAction: ACTION_CLEAR_SELECTION - null, AccessibilityAction: ACTION_ACCESSIBILITY_FOCUS - null, AccessibilityAction: ACTION_SHOW_ON_SCREEN - null]; isTextSelectable: false
05-25 01:37:53.895  8405  8405 I AccessibilityNodeInfoDumper: Skipping invisible child: android.view.accessibility.AccessibilityNodeInfo@44923; boundsInParent: Rect(0, 0 - 1020, 0); boundsInScreen: Rect(30, 2489 - 1050, 2400); boundsInWindow: Rect(30, 2489 - 1050, 2400); packageName: com.google.android.apps.nexuslauncher; className: android.view.View; text: null; error: null; maxTextLength: -1; stateDescription: null; contentDescription: null; tooltipText: null; containerTitle: null; viewIdResName: null; uniqueId: null; checkable: false; checked: false; focusable: false; focused: false; selected: false; clickable: false; longClickable: false; contextClickable: false; enabled: true; password: false; scrollable: false; granularScrollingSupported: false; importantForAccessibility: false; visible: false; actions: [AccessibilityAction: ACTION_SELECT - null, AccessibilityAction: ACTION_CLEAR_SELECTION - null, AccessibilityAction: ACTION_ACCESSIBILITY_FOCUS - null, AccessibilityAction: ACTION_SHOW_ON_SCREEN - null]; isTextSelectable: false
05-25 01:37:53.896  8405  8405 I AccessibilityNodeInfoDumper: Skipping invisible child: android.view.accessibility.AccessibilityNodeInfo@398b4; boundsInParent: Rect(0, 0 - 197, 163); boundsInScreen: Rect(833, 281 - 1030, 444); boundsInWindow: Rect(833, 281 - 1030, 444); packageName: com.google.android.apps.nexuslauncher; className: android.widget.TextView; text: null; error: null; maxTextLength: -1; stateDescription: null; contentDescription: null; tooltipText: null; containerTitle: null; viewIdResName: com.google.android.apps.nexuslauncher:id/fast_scroller_popup; uniqueId: null; checkable: false; checked: false; focusable: false; focused: false; selected: false; clickable: false; longClickable: false; contextClickable: false; enabled: true; password: false; scrollable: false; granularScrollingSupported: false; importantForAccessibility: false; visible: false; actions: [AccessibilityAction: ACTION_SELECT - null, AccessibilityAction: ACTION_CLEAR_SELECTION - null, AccessibilityAction: ACTION_ACCESSIBILITY_FOCUS - null, AccessibilityAction: ACTION_SHOW_ON_SCREEN - null]; isTextSelectable: false
05-25 01:37:53.897  8451  8451 V GraphicsEnvironment: Currently set values for:
05-25 01:37:53.897  8451  8451 V GraphicsEnvironment:   angle_gl_driver_selection_pkgs=[]
05-25 01:37:53.897  8451  8451 V GraphicsEnvironment:   angle_gl_driver_selection_values=[]
05-25 01:37:53.897  8451  8451 V GraphicsEnvironment: com.wgtr.app.debug is not listed in per-application setting
05-25 01:37:53.897  8451  8451 V GraphicsEnvironment: ANGLE allowlist from config: com.dreamgames.royalmatch com.dts.freefiremax com.dxx.firenow com.gramgames.mergedragons com.ludo.king com.mojang.minecraftpe com.my.defense com.nintendo.zaka com.os.airforce com.playrix.fishdomdd.gplay io.teslatech.callbreak jp.konami.prospia net.peakgames.toonblast
05-25 01:37:53.897  8451  8451 V GraphicsEnvironment: No special selections for ANGLE, returning default driver choice
05-25 01:37:53.897  8451  8451 V GraphicsEnvironment: Neither updatable production driver nor prerelease driver is supported.
05-25 01:37:53.897  8405  8405 I AccessibilityNodeInfoDumper: Skipping invisible child: android.view.accessibility.AccessibilityNodeInfo@707e; boundsInParent: Rect(0, 0 - 0, 0); boundsInScreen: Rect(0, 0 - 0, 0); boundsInWindow: Rect(0, 0 - 0, 0); packageName: com.google.android.apps.nexuslauncher; className: null; text: null; error: null; maxTextLength: -1; stateDescription: null; contentDescription: null; tooltipText: null; containerTitle: null; viewIdResName: null; uniqueId: null; checkable: false; checked: false; focusable: false; focused: false; selected: false; clickable: false; longClickable: false; contextClickable: false; enabled: false; password: false; scrollable: false; granularScrollingSupported: false; importantForAccessibility: false; visible: false; actions: null; isTextSelectable: false
05-25 01:37:53.899  8451  8451 D ApplicationLoaders: Returning zygote-cached class loader: /system/framework/android.test.base.jar
05-25 01:37:53.902  8405  8405 W AccessibilityNodeInfoDumper: Fetch time: 25ms
05-25 01:37:53.903  8451  8451 D nativeloader: Configuring clns-10 for other apk /system/framework/android.test.mock.jar. target_sdk_version=36, uses_libraries=ALL, library_path=/data/app/~~FIld0uj9ibRKFqIU6QzL4Q==/com.wgtr.app.debug.test-EwMDKqaqLUCXmBz1EAEl2A==/lib/x86_64:/data/app/~~QHqEPpxEc3WQiI4PLvHVng==/com.wgtr.app.debug-j13HZmuxEkiCbj1RU5VrMA==/lib/x86_64:/data/app/~~FIld0uj9ibRKFqIU6QzL4Q==/com.wgtr.app.debug.test-EwMDKqaqLUCXmBz1EAEl2A==/base.apk!/lib/x86_64:/data/app/~~QHqEPpxEc3WQiI4PLvHVng==/com.wgtr.app.debug-j13HZmuxEkiCbj1RU5VrMA==/base.apk!/lib/x86_64, permitted_path=/data:/mnt/expand
05-25 01:37:53.904   803  2850 V AccessibilityManagerService: onUserStateChangedLocked for userId: 0, forceUpdate: false
05-25 01:37:53.905  1620  1638 I AiAiEcho: Settings changed for uri: content://settings/secure/accessibility_enabled
05-25 01:37:53.905   803  2850 V AccessibilityUserState: updateShortcutTargets: type:accessibility_shortcut_target_service, current:{}, new:{}
05-25 01:37:53.905   803  2850 V AccessibilityUserState: updateShortcutTargets: type:accessibility_button_targets, current:{}, new:{}
05-25 01:37:53.905   803  2850 V AccessibilityUserState: updateShortcutTargets: type:accessibility_gesture_targets, current:{}, new:{}
05-25 01:37:53.905   803  2850 V AccessibilityUserState: updateShortcutTargets: type:accessibility_qs_targets, current:{}, new:{}
05-25 01:37:53.905   803  2850 V AccessibilityUserState: updateShortcutTargets: type:accessibility_key_gesture_targets, current:{}, new:{}
05-25 01:37:53.905   803  2850 W MagnificationConnectionManager: requestConnection duplicated request: connect=false, mConnectionState=DISCONNECTED
05-25 01:37:53.905   803  2850 D AccessibilityManagerService: restoreCurrentUserForTestAutomationIfNeededLocked(): ignoring because device doesn't support visible background users
05-25 01:37:53.905   803   803 W libbinder.IPCThreadState: Sending oneway calls to frozen process.
05-25 01:37:53.905  1620  1867 I AiAiEcho: Predicting[0]:  [CONTEXT sampling_count=5 ]
05-25 01:37:53.905  1620  1867 I AiAiEcho: EchoTargets: 
05-25 01:37:53.905  1620  1867 I AiAiEcho: Filtered by AiAi flag check: 
05-25 01:37:53.905  1620  1867 I AiAiEcho: [CONTEXT ratelimit_period="10 SECONDS" ]
05-25 01:37:53.905  1620  1867 I AiAiEcho: #remoteViewsTwiddler: feature disabled.
05-25 01:37:53.906   803   803 W libbinder.IPCThreadState: Sending oneway calls to frozen process.
05-25 01:37:53.906  8451  8451 D ApplicationLoaders: Returning zygote-cached class loader: /system/framework/android.test.base.jar
05-25 01:37:53.906  1620  1867 I AiAiEcho: Predicting[0]:  [CONTEXT sampling_count=5 ]
05-25 01:37:53.906   803   803 W libbinder.IPCThreadState: Sending oneway calls to frozen process.
05-25 01:37:53.906  1620  1867 I AiAiEcho: EchoTargets: 
05-25 01:37:53.906  1620  1867 I AiAiEcho: Filtered by AiAi flag check: 
05-25 01:37:53.906  1620  1867 I AiAiEcho: [CONTEXT ratelimit_period="10 SECONDS" ]
05-25 01:37:53.906  1620  1867 I AiAiEcho: #remoteViewsTwiddler: feature disabled.
05-25 01:37:53.906   803   803 W libbinder.IPCThreadState: Sending oneway calls to frozen process.
05-25 01:37:53.906  1620  1867 I AiAiEcho: #postPredictionTargets: Sending updates to UISurface lockscreen with targets# 0 (types=[])
05-25 01:37:53.906  1620  1867 I AiAiEcho: #postPredictionTargets: Sending updates to UISurface home with targets# 0 (types=[])
05-25 01:37:53.906   803   803 W libbinder.IPCThreadState: Sending oneway calls to frozen process.
05-25 01:37:53.907  1059  1059 W SsPagerDots: Total number of pages invalid: 0. Assuming 1 page.
05-25 01:37:53.907  8405  8405 D AndroidRuntime: Shutting down VM
05-25 01:37:53.907  8405  8413 W libbinder.IPCThreadState: call to talkWithDriver in joinThreadPool returned error: -9 (Bad file descriptor), FD: -1
05-25 01:37:53.907  8405  8414 W libbinder.IPCThreadState: call to talkWithDriver in joinThreadPool returned error: -9 (Bad file descriptor), FD: -1
05-25 01:37:53.907   803   803 W libbinder.IPCThreadState: Sending oneway calls to frozen process.
05-25 01:37:53.908  8405  8463 W libbinder.IPCThreadState: call to talkWithDriver in joinThreadPool returned error: -9 (Bad file descriptor), FD: -1
05-25 01:37:53.908  8451  8451 D nativeloader: Configuring clns-11 for other apk /system/framework/android.test.runner.jar. target_sdk_version=36, uses_libraries=ALL, library_path=/data/app/~~FIld0uj9ibRKFqIU6QzL4Q==/com.wgtr.app.debug.test-EwMDKqaqLUCXmBz1EAEl2A==/lib/x86_64:/data/app/~~QHqEPpxEc3WQiI4PLvHVng==/com.wgtr.app.debug-j13HZmuxEkiCbj1RU5VrMA==/lib/x86_64:/data/app/~~FIld0uj9ibRKFqIU6QzL4Q==/com.wgtr.app.debug.test-EwMDKqaqLUCXmBz1EAEl2A==/base.apk!/lib/x86_64:/data/app/~~QHqEPpxEc3WQiI4PLvHVng==/com.wgtr.app.debug-j13HZmuxEkiCbj1RU5VrMA==/base.apk!/lib/x86_64, permitted_path=/data:/mnt/expand
05-25 01:37:53.908   803   803 W libbinder.IPCThreadState: Sending oneway calls to frozen process.
05-25 01:37:53.909   803   803 W libbinder.IPCThreadState: Sending oneway calls to frozen process.
05-25 01:37:53.909   803   803 W libbinder.IPCThreadState: Sending oneway calls to frozen process.
05-25 01:37:53.909   803   803 D BatterySaverPolicy: accessibility changed to false, updating policy.
05-25 01:37:53.911  8451  8451 W .wgtr.app.debug: ClassLoaderContext shared library size mismatch. Expected=2, found=3 (PCL[]{PCL[/system/framework/android.test.base.jar*1653369819]#PCL[/system/framework/android.test.mock.jar*1009639922]} | PCL[]{PCL[/system/framework/android.test.base.jar*1653369819]#PCL[/system/framework/android.test.mock.jar*1009639922]#PCL[/system/framework/android.test.runner.jar*3954641918]{PCL[/system/framework/android.test.base.jar*1653369819]#PCL[/system/framework/android.test.mock.jar*1009639922]}};PCL[/system/framework/android.test.runner.jar*3954641918:/system/framework/android.test.mock.jar*1009639922:/system/framework/android.test.base.jar*1653369819:/data/app/~~FIld0uj9ibRKFqIU6QzL4Q==/com.wgtr.app.debug.test-EwMDKqaqLUCXmBz1EAEl2A==/base.apk*2373644349:/data/app/~~QHqEPpxEc3WQiI4PLvHVng==/com.wgtr.app.debug-j13HZmuxEkiCbj1RU5VrMA==/base.apk*2819784462]{PCL[/system_ext/framework/androidx.window.extensions.jar*1272918975]#PCL[/system_ext/framework/androidx.window.sidecar.jar*3267387525]})
05-25 01:37:53.913  8451  8451 W .wgtr.app.debug: ClassLoaderContext classpath size mismatch. expected=0, found=1 (PCL[] | PCL[/system/framework/android.test.runner.jar*3954641918]{PCL[/system/framework/android.test.base.jar*1653369819]#PCL[/system/framework/android.test.mock.jar*1009639922]#PCL[/system/framework/android.test.runner.jar*3954641918]{PCL[/system/framework/android.test.base.jar*1653369819]#PCL[/system/framework/android.test.mock.jar*1009639922]}};PCL[/system/framework/android.test.runner.jar*3954641918:/system/framework/android.test.mock.jar*1009639922:/system/framework/android.test.base.jar*1653369819:/data/app/~~FIld0uj9ibRKFqIU6QzL4Q==/com.wgtr.app.debug.test-EwMDKqaqLUCXmBz1EAEl2A==/base.apk*2373644349:/data/app/~~QHqEPpxEc3WQiI4PLvHVng==/com.wgtr.app.debug-j13HZmuxEkiCbj1RU5VrMA==/base.apk*2819784462]{PCL[/system_ext/framework/androidx.window.extensions.jar*1272918975]#PCL[/system_ext/framework/androidx.window.sidecar.jar*3267387525]})
05-25 01:37:53.916  8451  8451 W .wgtr.app.debug: ClassLoaderContext classpath size mismatch. expected=0, found=2 (PCL[] | PCL[/system/framework/android.test.runner.jar*3954641918:/system/framework/android.test.mock.jar*1009639922]{PCL[/system/framework/android.test.base.jar*1653369819]#PCL[/system/framework/android.test.mock.jar*1009639922]#PCL[/system/framework/android.test.runner.jar*3954641918]{PCL[/system/framework/android.test.base.jar*1653369819]#PCL[/system/framework/android.test.mock.jar*1009639922]}};PCL[/system/framework/android.test.runner.jar*3954641918:/system/framework/android.test.mock.jar*1009639922:/system/framework/android.test.base.jar*1653369819:/data/app/~~FIld0uj9ibRKFqIU6QzL4Q==/com.wgtr.app.debug.test-EwMDKqaqLUCXmBz1EAEl2A==/base.apk*2373644349:/data/app/~~QHqEPpxEc3WQiI4PLvHVng==/com.wgtr.app.debug-j13HZmuxEkiCbj1RU5VrMA==/base.apk*2819784462]{PCL[/system_ext/framework/androidx.window.extensions.jar*1272918975]#PCL[/system_ext/framework/androidx.window.sidecar.jar*3267387525]})
05-25 01:37:53.918  1230  1230 D SsBaseTemplateCard: Passed-in item info is null
05-25 01:37:53.918  1230  1230 D SsBaseTemplateCard: Passed-in item info is null
05-25 01:37:53.918  1230  1230 D SsBaseTemplateCard: Passed-in item info is null
05-25 01:37:53.918  1230  1230 D SsBaseTemplateCard: Passed-in item info is null
05-25 01:37:53.918  1230  1230 I SsBaseTemplateCard: Secondary card pane is null
05-25 01:37:54.061  1598  1598 D WM-DelayedWorkTracker: Scheduling work 4fce004c-bf2c-4683-bd0d-ee5d6f3f1e71
05-25 01:37:54.061  1598  1598 D WM-GreedyScheduler: Starting tracking for 4fce004c-bf2c-4683-bd0d-ee5d6f3f1e71
05-25 01:37:54.063  1598  1853 D WM-ConstraintTracker: BatteryNotLowTracker: initial state = true
05-25 01:37:54.063  1598  1853 D WM-BrdcstRcvrCnstrntTrc: BatteryNotLowTracker: registering receiver
05-25 01:37:54.064  1598  1853 D WM-GreedyScheduler: Constraints met: Scheduling work ID WorkGenerationalId(workSpecId=4fce004c-bf2c-4683-bd0d-ee5d6f3f1e71, generation=0)
05-25 01:37:54.065  1598  1853 D WM-Processor: Processor: processing WorkGenerationalId(workSpecId=4fce004c-bf2c-4683-bd0d-ee5d6f3f1e71, generation=0)
05-25 01:37:54.066  1598  1598 D WM-WorkerWrapper: Starting work for com.android.providers.media.photopicker.sync.ProactiveSyncWorker
05-25 01:37:54.067  1598  8465 I PSyncWorker: Starting proactive picker sync from sync source: 1
05-25 01:37:54.067  1598  8465 I PickerSyncTracker: Created new sync future java.util.concurrent.CompletableFuture@bcad35b[Not completed, 1 dependents]. Future map: {4fce004c-bf2c-4683-bd0d-ee5d6f3f1e71=java.util.concurrent.CompletableFuture@bcad35b[Not completed, 1 dependents]}
05-25 01:37:54.068  1598  8465 D PickerSyncController: syncAllMediaFromProvider() LOCAL, auth=com.android.providers.media.photopicker, retry=true
05-25 01:37:54.068  1598  8465 D PickerSyncController: getSyncRequestParams() LOCAL, auth=com.android.providers.media.photopicker
05-25 01:37:54.070  1598  8465 D PickerSyncController:    Latest ID/Gen=5741e223eceef07b:0000-0000:external_primary/5329
05-25 01:37:54.070  1598  8465 D PickerSyncController:    Cached ID/Gen=5741e223eceef07b:0000-0000:external_primary/5320
05-25 01:37:54.070  1598  8465 D PickerSyncController:    RESULT=SyncRequestParams{type=MEDIA_INCREMENTAL, gen=5320, latest=Bundle[{last_media_sync_generation=5329, media_collection_id=5741e223eceef07b:0000-0000:external_primary}], pageSize=1000}
05-25 01:37:54.070  1598  8465 I PickerSyncController: Executing SyncAdd. isLocal: true. authority: com.android.providers.media.photopicker
05-25 01:37:54.070  1598  8465 D PickerSyncLockManager: Trying to acquire lock com.android.providers.media.photopicker.sync.CloseableReentrantLock@e2903a9[Unlocked]. Lock Name = CLOUD_PROVIDER_LOCK. Threads that may be waiting to acquire this lock = [] with timeout.
05-25 01:37:54.070  1598  8465 D CloseableReentrantLock: Successfully acquired lock com.android.providers.media.photopicker.sync.CloseableReentrantLock@e2903a9[Locked by thread pool-4-thread-22]. Lock Name = CLOUD_PROVIDER_LOCK. Threads that may be waiting to acquire this lock = []
05-25 01:37:54.070  1598  8465 D CloseableReentrantLock: Successfully released lock com.android.providers.media.photopicker.sync.CloseableReentrantLock@e2903a9[Unlocked]. Lock Name = CLOUD_PROVIDER_LOCK. Threads that may be waiting to acquire this lock = []
05-25 01:37:54.070  1598  8465 D ExternalDbFacade: Token received for queryMedia = null
05-25 01:37:54.075  1598  8465 D PickerSyncLockManager: Trying to acquire lock com.android.providers.media.photopicker.sync.CloseableReentrantLock@e2903a9[Unlocked]. Lock Name = CLOUD_PROVIDER_LOCK. Threads that may be waiting to acquire this lock = [] with timeout.
05-25 01:37:54.075  1598  8465 D CloseableReentrantLock: Successfully acquired lock com.android.providers.media.photopicker.sync.CloseableReentrantLock@e2903a9[Locked by thread pool-4-thread-22]. Lock Name = CLOUD_PROVIDER_LOCK. Threads that may be waiting to acquire this lock = []
05-25 01:37:54.075  1598  8465 D PickerSyncController: Saving next page token: 1779669472000|399 for key: local_provider:media_add:resume
05-25 01:37:54.075  1598  8465 D CloseableReentrantLock: Successfully released lock com.android.providers.media.photopicker.sync.CloseableReentrantLock@e2903a9[Unlocked]. Lock Name = CLOUD_PROVIDER_LOCK. Threads that may be waiting to acquire this lock = []
05-25 01:37:54.075  1598  8465 D PickerNotificationSender: Sending a notification for media update
05-25 01:37:54.076  1598  8465 D PickerNotificationSender: Sending a notification for merged album media update Favorites
05-25 01:37:54.076  1598  8465 D PickerNotificationSender: Sending a notification for album media update Favorites
05-25 01:37:54.076  1598  8465 D PickerNotificationSender: Sending a notification for merged album media update Videos
05-25 01:37:54.076  1598  8465 D PickerNotificationSender: Sending a notification for album media update Videos
05-25 01:37:54.076  1598  8465 D ExternalDbFacade: Token received for queryMedia = 1779669472000|399
05-25 01:37:54.077  1598  8465 D PickerSyncLockManager: Trying to acquire lock com.android.providers.media.photopicker.sync.CloseableReentrantLock@e2903a9[Unlocked]. Lock Name = CLOUD_PROVIDER_LOCK. Threads that may be waiting to acquire this lock = [] with timeout.
05-25 01:37:54.077  1598  8465 D CloseableReentrantLock: Successfully acquired lock com.android.providers.media.photopicker.sync.CloseableReentrantLock@e2903a9[Locked by thread pool-4-thread-22]. Lock Name = CLOUD_PROVIDER_LOCK. Threads that may be waiting to acquire this lock = []
05-25 01:37:54.077  1598  8465 D PickerSyncController: Clearing next page token for key: local_provider:media_add:resume
05-25 01:37:54.077  1598  8465 D CloseableReentrantLock: Successfully released lock com.android.providers.media.photopicker.sync.CloseableReentrantLock@e2903a9[Unlocked]. Lock Name = CLOUD_PROVIDER_LOCK. Threads that may be waiting to acquire this lock = []
05-25 01:37:54.077  1598  8465 D PickerNotificationSender: Sending a notification for media update
05-25 01:37:54.077  1598  8465 D PickerNotificationSender: Sending a notification for merged album media update Favorites
05-25 01:37:54.077  1598  8465 D PickerNotificationSender: Sending a notification for album media update Favorites
05-25 01:37:54.078  1598  8465 D PickerNotificationSender: Sending a notification for merged album media update Videos
05-25 01:37:54.078  1598  8465 D PickerNotificationSender: Sending a notification for album media update Videos
05-25 01:37:54.078  1598  8465 I PickerSyncController: Paged sync successful. QueryArgs: Bundle[{android.provider.extra.PAGE_TOKEN=1779669472000|399, android.provider.extra.SYNC_GENERATION=5320, android.provider.extra.PAGE_SIZE=1000}] Total Rows: 1
05-25 01:37:54.078  1598  8465 I PickerSyncController: Executing SyncRemove. isLocal: true. authority: com.android.providers.media.photopicker
05-25 01:37:54.078  1598  8465 D PickerSyncLockManager: Trying to acquire lock com.android.providers.media.photopicker.sync.CloseableReentrantLock@e2903a9[Unlocked]. Lock Name = CLOUD_PROVIDER_LOCK. Threads that may be waiting to acquire this lock = [] with timeout.
05-25 01:37:54.078  1598  8465 D CloseableReentrantLock: Successfully acquired lock com.android.providers.media.photopicker.sync.CloseableReentrantLock@e2903a9[Locked by thread pool-4-thread-22]. Lock Name = CLOUD_PROVIDER_LOCK. Threads that may be waiting to acquire this lock = []
05-25 01:37:54.078  1598  8465 D CloseableReentrantLock: Successfully released lock com.android.providers.media.photopicker.sync.CloseableReentrantLock@e2903a9[Unlocked]. Lock Name = CLOUD_PROVIDER_LOCK. Threads that may be waiting to acquire this lock = []
05-25 01:37:54.079  1598  8465 D PickerSyncLockManager: Trying to acquire lock com.android.providers.media.photopicker.sync.CloseableReentrantLock@e2903a9[Unlocked]. Lock Name = CLOUD_PROVIDER_LOCK. Threads that may be waiting to acquire this lock = [] with timeout.
05-25 01:37:54.079  1598  8465 D CloseableReentrantLock: Successfully acquired lock com.android.providers.media.photopicker.sync.CloseableReentrantLock@e2903a9[Locked by thread pool-4-thread-22]. Lock Name = CLOUD_PROVIDER_LOCK. Threads that may be waiting to acquire this lock = []
05-25 01:37:54.079  1598  8465 D PickerSyncController: Clearing next page token for key: local_provider:media_remove:resume
05-25 01:37:54.079  1598  8465 D CloseableReentrantLock: Successfully released lock com.android.providers.media.photopicker.sync.CloseableReentrantLock@e2903a9[Unlocked]. Lock Name = CLOUD_PROVIDER_LOCK. Threads that may be waiting to acquire this lock = []
05-25 01:37:54.079  1598  8465 D PickerNotificationSender: Sending a notification for media update
05-25 01:37:54.079  1598  8465 D PickerNotificationSender: Sending a notification for merged album media update Favorites
05-25 01:37:54.079  1598  8465 D PickerNotificationSender: Sending a notification for album media update Favorites
05-25 01:37:54.080  1598  8465 D PickerNotificationSender: Sending a notification for merged album media update Videos
05-25 01:37:54.080  1598  8465 D PickerNotificationSender: Sending a notification for album media update Videos
05-25 01:37:54.080  1598  8465 I PickerSyncController: Paged sync successful. QueryArgs: Bundle[{android.provider.extra.PAGE_TOKEN=1779669472000|399, android.provider.extra.SYNC_GENERATION=5320, android.provider.extra.PAGE_SIZE=1000}] Total Rows: 0
05-25 01:37:54.080  1598  8465 I PickerSyncTracker: Marked sync future complete for work id: 4fce004c-bf2c-4683-bd0d-ee5d6f3f1e71. Future map: {}
05-25 01:37:54.080  1598  8465 I PSyncWorker: Completed picker proactive sync complete from local provider.
05-25 01:37:54.081  1598  1851 I WM-WorkerWrapper: Worker result SUCCESS for Work [ id=4fce004c-bf2c-4683-bd0d-ee5d6f3f1e71, tags={ com.android.providers.media.photopicker.sync.ProactiveSyncWorker } ]
05-25 01:37:54.081  1598  1598 D WM-Processor: Processor 4fce004c-bf2c-4683-bd0d-ee5d6f3f1e71 executed; reschedule = false
05-25 01:37:54.081  1598  1598 D WM-GreedyScheduler: Stopping tracking for WorkGenerationalId(workSpecId=4fce004c-bf2c-4683-bd0d-ee5d6f3f1e71, generation=0)
05-25 01:37:54.082  1598  1851 D WM-GreedyScheduler: Cancelling work ID 4fce004c-bf2c-4683-bd0d-ee5d6f3f1e71
05-25 01:37:54.083  1598  1851 D WM-GreedyScheduler: Ignoring {WorkSpec: df7b5f30-38bc-43fd-b2fd-7ca8c75c6cf6}. Requires device idle.
05-25 01:37:54.083  1598  1851 D WM-GreedyScheduler: Ignoring {WorkSpec: e779c9d4-75bc-4be4-9038-16bd3c81fd12}. Requires device idle.
05-25 01:37:54.083  1598  1851 D WM-GreedyScheduler: Ignoring {WorkSpec: ee731057-646a-41ed-8fcd-63fe661e76ff}. Requires device idle.
05-25 01:37:54.083  1598  1851 D WM-GreedyScheduler: Ignoring {WorkSpec: 9da99e8d-0887-4d0d-a49f-9367c4326810}. Requires device idle.
05-25 01:37:54.083  1598  1851 D WM-BrdcstRcvrCnstrntTrc: BatteryNotLowTracker: unregistering receiver
05-25 01:37:54.644  8451  8451 I AndroidJUnitRunner: newApplication com.wgtr.app.TVRemoteApplication
05-25 01:37:54.667  8451  8451 W FirebaseApp: Default FirebaseApp failed to initialize because no default options were found. This usually means that com.google.gms:google-services was not applied to your gradle project.
05-25 01:37:54.667  8451  8451 I FirebaseInitProvider: FirebaseApp initialization unsuccessful
05-25 01:37:54.689  8451  8451 D WM-WrkMgrInitializer: Initializing WorkManager with default configuration.
05-25 01:37:54.722  1529  1761 I ProtoXDBBufferWrapper: ProtoXDBBufferWrapper.flushToStorage():158 Flushed 6 data item(s) to storage.
05-25 01:37:54.734  8451  8451 D WM-PackageManagerHelper: Skipping component enablement for androidx.work.impl.background.systemjob.SystemJobService
05-25 01:37:54.734  8451  8451 D WM-Schedulers: Created SystemJobScheduler and enabled SystemJobService
05-25 01:37:54.741  8451  8466 D WM-ForceStopRunnable: The default process name was not specified.
05-25 01:37:54.742  8451  8466 D WM-ForceStopRunnable: Performing cleanup operations.
05-25 01:37:54.756  8451  8466 E ashmem  : Pinning is deprecated since Android Q. Please use trim or other methods.
05-25 01:37:54.759  8451  8451 I AndroidJUnitRunner: onCreate Bundle[mParcelledData.dataSize=192]
05-25 01:37:54.760  8451  8451 D AndroidJUnitRunner: Use the raw file system for managing file I/O.
05-25 01:37:54.789  8451  8466 D WM-ForceStopRunnable: Application was force-stopped, rescheduling.
05-25 01:37:54.813  8451  8451 V TestEventClient: No service name argument was given (testDiscoveryService, testRunEventService or orchestratorService)
05-25 01:37:54.814  8451  8470 D AndroidJUnitRunner: onStart is called.
05-25 01:37:54.817  8451  8466 D WM-PackageManagerHelper: Skipping component enablement for androidx.work.impl.background.systemalarm.RescheduleReceiver
05-25 01:37:54.839  8451  8451 D LocalNetworkGate: Local network permission not granted: android.permission.NEARBY_WIFI_DEVICES
05-25 01:37:54.842  8451  8451 D DiagnosticsHelper: DiagnosticsHelper initialized with snapshot repository
05-25 01:37:54.843  8451  8451 W SystemServiceRegistry: No service published for: consumer_ir
05-25 01:37:54.844  8451  8451 D IrCapabilityManager: IR: Hardware not available on this device
05-25 01:37:54.846  8451  8451 W AnalyticsManager: Firebase not configured - analytics disabled. Add google-services.json for full functionality.
05-25 01:37:54.846  8451  8451 W CrashReportingManager: Firebase not configured - crash reporting disabled. Add google-services.json for full functionality.
05-25 01:37:54.846  8451  8451 W PerformanceMonitor: Firebase not configured - performance monitoring disabled. Add google-services.json for full functionality.
05-25 01:37:54.847  8451  8451 D TVRemoteApplication: Worlds Greatest TV Remote application initialized
05-25 01:37:54.856  8451  8470 I InstrConnection: Could not send broadcast or register receiver (isolatedProcess?)
05-25 01:37:54.875  8451  8481 D LocalNetworkGate: Local network permission not granted: android.permission.NEARBY_WIFI_DEVICES
05-25 01:37:54.878  8451  8470 I TestRunner: run started: 1 tests
05-25 01:37:54.880  8451  8470 I TestRunner: started: scanScreen_manualAddValidatesAndCanSaveAndConnect(com.wgtr.app.ui.ScanScreenTest)
05-25 01:37:54.883  8451  8481 D MacroScheduler: MacroScheduler: Re-scheduling 0 macros
05-25 01:37:54.918  8451  8470 I Tracing : Tracer added: class androidx.test.platform.tracing.AndroidXTracer
05-25 01:37:54.924  8451  8470 D IdlingRegistry: Registering idling resources: [androidx.compose.ui.test.EspressoLink@d83149b]
05-25 01:37:54.931  8451  8470 W Settings: Setting always_finish_activities has moved from android.provider.Settings.System to android.provider.Settings.Global, returning read-only value.
05-25 01:37:54.935   803   879 V WindowManager: DesktopModeLaunchParamsModifier: phase= 0 task=null activity=null display-area-from-current-params=null display-area-from-default-fallback=DefaultTaskDisplayArea@244603552 display-id=0 task-display-area-windowing-mode=1 suggested-display-area=DefaultTaskDisplayArea@244603552 task null, skipping
05-25 01:37:54.935   803   879 V WindowManager: TaskLaunchParamsModifier:phase=0 task=null activity=null display-area-from-current-params=null display-area-from-default-fallback=DefaultTaskDisplayArea@244603552 display-id=0 task-display-area-windowing-mode=1 suggested-display-area=DefaultTaskDisplayArea@244603552
05-25 01:37:54.935   803   879 V GrammaticalInflectionUtils: AttributionSource: android.content.AttributionSource@8738015f does not have READ_SYSTEM_GRAMMATICAL_GENDER permission.
05-25 01:37:54.936   803   879 V WindowManager: DesktopModeLaunchParamsModifier: phase= 0 task=null activity=ActivityRecord{169725370 u0 com.wgtr.app.debug/androidx.activity.ComponentActivity display-area-from-current-params=null display-area-from-default-fallback=DefaultTaskDisplayArea@244603552 display-id=0 task-display-area-windowing-mode=1 suggested-display-area=DefaultTaskDisplayArea@244603552 task null, skipping
05-25 01:37:54.936   803   879 V WindowManager: TaskLaunchParamsModifier:phase=0 task=null activity=ActivityRecord{169725370 u0 com.wgtr.app.debug/androidx.activity.ComponentActivity t-1} display-area-from-current-params=null display-area-from-default-fallback=DefaultTaskDisplayArea@244603552 display-id=0 task-display-area-windowing-mode=1 suggested-display-area=DefaultTaskDisplayArea@244603552
05-25 01:37:54.936   803   879 V WindowManager: DesktopModeLaunchParamsModifier: phase= 3 task=null activity=ActivityRecord{169725370 u0 com.wgtr.app.debug/androidx.activity.ComponentActivity t-1} display-area-from-current-params=null display-area-from-default-fallback=DefaultTaskDisplayArea@244603552 display-id=0 task-display-area-windowing-mode=1 suggested-display-area=DefaultTaskDisplayArea@244603552 task null, skipping
05-25 01:37:54.936   803   879 V WindowManager: TaskLaunchParamsModifier:phase=3 task=null activity=ActivityRecord{169725370 u0 com.wgtr.app.debug/androidx.activity.ComponentActivity t-1} display-area-from-current-params=null display-area-from-default-fallback=DefaultTaskDisplayArea@244603552 display-id=0 task-display-area-windowing-mode=1 suggested-display-area=DefaultTaskDisplayArea@244603552 non-freeform-task-display-area display-area=DefaultTaskDisplayArea@244603552 skip-bounds-fullscreen
05-25 01:37:54.938   803   879 V WindowManager: DesktopModeLaunchParamsModifier: phase= 3 task=Task{b3b746b #443 type=standard A=10367:com.wgtr.app.debug} activity=ActivityRecord{169725370 u0 com.wgtr.app.debug/androidx.activity.ComponentActivity t-1} display-from-task=0 display-id=0 task-display-area-windowing-mode=1 suggested-display-area=DefaultTaskDisplayArea@244603552 not entering desktop mode, skipping
05-25 01:37:54.938   803   879 V WindowManager: TaskLaunchParamsModifier:phase=3 task=Task{b3b746b #443 type=standard A=10367:com.wgtr.app.debug} activity=ActivityRecord{169725370 u0 com.wgtr.app.debug/androidx.activity.ComponentActivity t-1} display-from-task=0 display-id=0 task-display-area-windowing-mode=1 suggested-display-area=DefaultTaskDisplayArea@244603552 inherit-from-task=fullscreen non-freeform-task-display-area display-area=DefaultTaskDisplayArea@244603552 skip-bounds-fullscreen
05-25 01:37:54.939   660  1315 I libbinder.BpBinder: onLastStrongRef automatically unlinking death recipients for descriptor: '(not cached)'
05-25 01:37:54.941   803   879 I ActivityTaskManager: START u0 {act=android.intent.action.MAIN cat=[android.intent.category.LAUNCHER] flg=0x10008000 xflg=0x4 cmp=com.wgtr.app.debug/androidx.activity.ComponentActivity} with LAUNCH_MULTIPLE from uid 10367 (com.wgtr.app.debug) (BAL_ALLOW_PERMISSION) result code=0
05-25 01:37:54.941  1230  1230 D RecentsView: onTaskDisplayChanged: 443, new displayId = 0
05-25 01:37:54.942  1230  1230 D BaseActivity: Launcher flags updated: [state_started|state_resumed|state_deferred_resumed|state_window_focused] -[state_user_active]
05-25 01:37:54.943   803   879 D CompatChangeReporter: Compat change id reported: 377864165; UID 10367; state: ENABLED
05-25 01:37:54.943  1230  1230 D BaseActivity: Launcher flags updated: [state_started|state_window_focused] -[state_resumed|state_deferred_resumed]
05-25 01:37:54.943  1059  1099 D WindowManagerShell: setLauncherKeepClearAreaHeight: visible=false, height=495
05-25 01:37:54.943  1230  1230 W SplitSelectStateCtor: Missing session instanceIds
05-25 01:37:54.943  1230  1230 D StatsLog: LAUNCHER_SPLIT_SELECTION_EXIT_INTERRUPTED
05-25 01:37:54.944  1059  1099 V WindowManagerShell: Transition requested (#65): android.os.BinderProxy@ba100e2 TransitionRequestInfo { type = OPEN, triggerTask = TaskInfo{userId=0 taskId=443 effectiveUid=10367 displayId=0 isRunning=true baseIntent=Intent { act=android.intent.action.MAIN cat=[android.intent.category.LAUNCHER] flg=0x10008000 cmp=com.wgtr.app.debug/androidx.activity.ComponentActivity } baseActivity=ComponentInfo{com.wgtr.app.debug/androidx.activity.ComponentActivity} topActivity=ComponentInfo{com.wgtr.app.debug/androidx.activity.ComponentActivity} origActivity=null realActivity=ComponentInfo{com.wgtr.app.debug/androidx.activity.ComponentActivity} numActivities=1 lastActiveTime=691521 supportsMultiWindow=true resizeMode=1 isResizeable=true minWidth=-1 minHeight=-1 defaultMinSize=220 token=WCT{android.os.BinderProxy@29e6c73} topActivityType=1 pictureInPictureParams=null shouldDockBigOverlays=false launchIntoPipHostTaskId=-1 lastParentTaskIdBeforePip=-1 displayCutoutSafeInsets=Rect(0, 0 - 0, 0) topActivityInfo=ActivityInfo{6716730 androidx.activity.ComponentActivity} launchCookies=[] positionInParent=Point(0, 0) parentTaskId=-1 isFocused=false isVisible=false isVisibleRequested=false isTopActivityNoDisplay=false isSleeping=false locusId=null displayAreaFeatureId=1 isTopActivityTransparent=false isActivityStackTransparent=false lastNonFullscreenBounds=null capturedLink=null capturedLinkTimestamp=0 requestedVisibleTypes=503 topActivityRequestOpenInBrowserEducationTimestamp=0 appCompatTaskInfo=AppCompatTaskInfo { topActivityInSizeCompat=false isLeafTask= true eligibleForLetterboxEducation= false isLetterboxEducationEnabled= true isLetterboxDoubleTapEnabled= false eligibleForUserAspectRatioButton= false topActivityBoundsLetterboxed= false isFromLetterboxDoubleTap= false topActivityLetterboxVerticalPosition= -1 topActivityLetterboxHorizontalPosition= -1 topActivityLetterboxWidth=-1 topActivityLetterboxHeight=-1 topActivityAppBounds=Rect(0, 0 - 1080, 2400) isUserFullscreenOverrideEnabled=false isSystemFullscreenOverrideEnabled=false hasMinAspectRatioOverride=false topActivityLetterboxBounds=null cameraCompatTaskInfo=CameraCompatTaskInfo { cameraCompatMode=inactive0} topNonResizableActivityAspectRatio=-1.0} topActivityMainWindowFrame=null isAppBubble=false}, pipChange = null, remoteTransition = null, displayChange = null, requestedLocation = null, userChange = null, windowingLayerChange = null, flags = 0, debugId = 65 }
05-25 01:37:54.944  1059  1099 D ShellSplitScreen: logExit: no-op, mLoggerSessionId is null
05-25 01:37:54.945   803  1014 D BackgroundInstallControlService: Package event received: 0
05-25 01:37:54.947  8451  8486 I DisplayManager: Choreographer implicitly registered for the refresh rate.
05-25 01:37:54.947   803  1014 D BackgroundInstallControlService: Package event received: 0
05-25 01:37:54.948   803  1131 V WindowManager: Defer transition id=65 for TaskFragmentTransaction=android.os.Binder@77b59d
05-25 01:37:54.948   803  1131 V WindowManager: deferTransitionReady deferReadyDepth=1 stack=com.android.server.wm.TransitionController.deferTransitionReady:1061 com.android.server.wm.TaskFragmentOrganizerController$TaskFragmentOrganizerState.dispatchTransaction:517 com.android.server.wm.TaskFragmentOrganizerController.dispatchPendingEvents:1259 com.android.server.wm.TaskFragmentOrganizerController.dispatchPendingEvents:1228 com.android.server.wm.RootWindowContainer.performSurfacePlacement:777 
05-25 01:37:54.949  1230  1230 D b/417220811: invalidateLoadedTasks - previous requestLoadId: -1
05-25 01:37:54.951   803  1014 D BackgroundInstallControlService: Package event received: 0
05-25 01:37:54.952  1059  1099 D Bubbles : onLocusVisibilityChanged=Overview|DISABLED visible=true taskId=1
05-25 01:37:54.953   803   879 V WindowManager: Continue transition id=65 for TaskFragmentTransaction=android.os.Binder@77b59d
05-25 01:37:54.953   803   879 V WindowManager: continueTransitionReady deferReadyDepth=0 stack=com.android.server.wm.TransitionController.continueTransitionReady:1071 com.android.server.wm.TaskFragmentOrganizerController$TaskFragmentOrganizerState.onTransactionFinished:546 com.android.server.wm.TaskFragmentOrganizerController.onTransactionHandled:740 android.window.ITaskFragmentOrganizerController$Stub.onTransact:225 android.os.Binder.execTransactInternal:1473 
05-25 01:37:54.953   803  1014 D BackgroundInstallControlService: Package event received: 0
05-25 01:37:54.962  8451  8451 D DesktopExperienceFlags: Toggle override initialized to: false
05-25 01:37:54.970  1230  1230 D BaseActivity: Launcher flags updated: [state_started] -[state_window_focused]
05-25 01:37:54.976  8451  8451 D LifecycleMonitor: Lifecycle status change: androidx.activity.ComponentActivity@52cd781 in: PRE_ON_CREATE
05-25 01:37:54.976  8451  8451 V ActivityScenario: Activity lifecycle changed event received but ignored because the reported transition was not ON_CREATE while the last known transition was PRE_ON_CREATE
05-25 01:37:54.993  8451  8451 D CompatChangeReporter: Compat change id reported: 377864165; UID 10367; state: ENABLED
05-25 01:37:54.993  8451  8451 D DesktopModeFlags: Toggle override initialized to: OVERRIDE_UNSET
05-25 01:37:55.008  8451  8451 D LifecycleMonitor: Lifecycle status change: androidx.activity.ComponentActivity@52cd781 in: CREATED
05-25 01:37:55.008  8451  8451 V ActivityScenario: Update currentActivityStage to CREATED, currentActivity=androidx.activity.ComponentActivity@52cd781
05-25 01:37:55.009  8451  8451 D LifecycleMonitor: Lifecycle status change: androidx.activity.ComponentActivity@52cd781 in: STARTED
05-25 01:37:55.009  8451  8451 V ActivityScenario: Update currentActivityStage to STARTED, currentActivity=androidx.activity.ComponentActivity@52cd781
