05-25 04:42:45.877 I/AconfigPackage(18690): com.android.libcore is mapped to com.android.art
05-25 04:42:45.877 I/AconfigPackage(18690): com.android.telephony.flags is mapped to com.android.telephonycore
05-25 04:42:45.878 I/AconfigPackage(18690): com.android.media.extractor.flags is mapped to com.android.media
05-25 04:42:45.878 I/AconfigPackage(18690): com.android.media.mainline.flags is mapped to com.android.media
05-25 04:42:45.878 I/AconfigPackage(18690): com.android.wifi.flags is mapped to com.android.wifi
05-25 04:42:45.878 I/AconfigPackage(18690): com.android.org.conscrypt.flags is mapped to com.android.conscrypt
05-25 04:42:45.878 I/AconfigPackage(18690): com.android.org.conscrypt.net.flags is mapped to com.android.conscrypt
05-25 04:42:45.878 I/AconfigPackage(18690): com.android.healthfitness.flags is mapped to com.android.healthfitness
05-25 04:42:45.878 I/AconfigPackage(18690): com.android.ipsec.flags is mapped to com.android.ipsec
05-25 04:42:45.878 I/AconfigPackage(18690): com.android.nfc.module.flags is mapped to com.android.nfcservices
05-25 04:42:45.878 I/AconfigPackage(18690): com.android.adservices.ondevicepersonalization.flags is mapped to com.android.ondevicepersonalization
05-25 04:42:45.878 I/AconfigPackage(18690): com.android.adbd.flags is mapped to com.android.adbd
05-25 04:42:45.879 I/AconfigPackage(18690): com.android.bluetooth.flags is mapped to com.android.bt
05-25 04:42:45.879 I/AconfigPackage(18690): com.android.devicelock.flags is mapped to com.android.devicelock
05-25 04:42:45.880 I/AconfigPackage(18690): android.os.profiling is mapped to com.android.profiling
05-25 04:42:45.880 I/AconfigPackage(18690): android.os.profiling.anomaly.flags is mapped to com.android.profiling
05-25 04:42:45.880 I/AconfigPackage(18690): com.android.os.statsd.flags is mapped to com.android.os.statsd
05-25 04:42:45.880 I/AconfigPackage(18690): com.android.rkpd.flags is mapped to com.android.rkpd
05-25 04:42:45.880 I/AconfigPackage(18690): com.android.cellbroadcastreceiver.flags is mapped to com.android.cellbroadcast
05-25 04:42:45.880 I/AconfigPackage(18690): com.android.adservices.flags is mapped to com.android.adservices
05-25 04:42:45.880 I/AconfigPackage(18690): com.android.sdksandbox.flags is mapped to com.android.adservices
05-25 04:42:45.880 I/AconfigPackage(18690): com.android.uwb.flags is mapped to com.android.uwb
05-25 04:42:45.880 I/AconfigPackage(18690): com.android.ranging.flags is mapped to com.android.uwb
05-25 04:42:45.880 I/AconfigPackage(18690): android.graphics.pdf.flags is mapped to com.android.mediaprovider
05-25 04:42:45.880 I/AconfigPackage(18690): com.android.providers.media.flags is mapped to com.android.mediaprovider
05-25 04:42:45.880 I/AconfigPackage(18690): android.graphics.pdf.flags.readonly is mapped to com.android.mediaprovider
05-25 04:42:45.880 I/AconfigPackage(18690): com.android.tethering.mainline.beta is mapped to com.android.tethering
05-25 04:42:45.880 I/AconfigPackage(18690): android.net.http is mapped to com.android.tethering
05-25 04:42:45.880 I/AconfigPackage(18690): com.android.tethering.readonly.flags is mapped to com.android.tethering
05-25 04:42:45.880 I/AconfigPackage(18690): android.net.vcn is mapped to com.android.tethering
05-25 04:42:45.880 I/AconfigPackage(18690): com.android.net.flags is mapped to com.android.tethering
05-25 04:42:45.880 I/AconfigPackage(18690): com.android.tethering.beta.test is mapped to com.android.tethering
05-25 04:42:45.880 I/AconfigPackage(18690): com.android.nearby.flags is mapped to com.android.tethering
05-25 04:42:45.880 I/AconfigPackage(18690): com.android.net.ct.flags is mapped to com.android.tethering
05-25 04:42:45.880 I/AconfigPackage(18690): com.android.net.thread.flags is mapped to com.android.tethering
05-25 04:42:45.881 I/AconfigPackage(18690): com.android.system.virtualmachine.flags is mapped to com.android.virt
05-25 04:42:45.881 E/FeatureFlagsImplExport(18690): android.os.flagging.AconfigStorageReadException: ERROR_PACKAGE_NOT_FOUND: package android.xr cannot be found on the device
05-25 04:42:45.883 D/UiAutomationConnection(18690): Created on user UserHandle{0}
05-25 04:42:45.883 I/UiAutomation(18690): Initialized for user 0 on display 0
05-25 04:42:45.883 W/UiAutomation(18690): Created with deprecatead constructor, assumes DEFAULT_DISPLAY
05-25 04:42:45.884 D/AccessibilityManagerService(  755): changeCurrentUserForTestAutomationIfNeededLocked(0): ignoring because device doesn't support visible background users
05-25 04:42:45.884 I/UiAutomationManager(  755): Registering UiTestAutomationService (id=com.android.server.accessibility/UiAutomation, flags=0x0) when called by user 0
05-25 04:42:45.884 V/AccessibilityManagerService(  755): onUserStateChangedLocked for userId: 0, forceUpdate: false
05-25 04:42:45.885 V/AccessibilityUserState(  755): updateShortcutTargets: type:accessibility_shortcut_target_service, current:{}, new:{}
05-25 04:42:45.885 V/AccessibilityUserState(  755): updateShortcutTargets: type:accessibility_button_targets, current:{}, new:{}
05-25 04:42:45.885 V/AccessibilityUserState(  755): updateShortcutTargets: type:accessibility_gesture_targets, current:{}, new:{}
05-25 04:42:45.885 V/AccessibilityUserState(  755): updateShortcutTargets: type:accessibility_qs_targets, current:{}, new:{}
05-25 04:42:45.885 V/AccessibilityUserState(  755): updateShortcutTargets: type:accessibility_key_gesture_targets, current:{}, new:{}
05-25 04:42:45.885 W/MagnificationConnectionManager(  755): requestConnection duplicated request: connect=false, mConnectionState=DISCONNECTED
05-25 04:42:45.886 I/AiAiEcho( 1546): Settings changed for uri: content://settings/secure/accessibility_enabled
05-25 04:42:45.886 I/AiAiEcho( 1546): Predicting[0]:  [CONTEXT sampling_count=5 ]
05-25 04:42:45.886 I/AiAiEcho( 1546): EchoTargets: 
05-25 04:42:45.886 I/AiAiEcho( 1546): Filtered by AiAi flag check: 
05-25 04:42:45.886 I/AiAiEcho( 1546): [CONTEXT ratelimit_period="10 SECONDS" ]
05-25 04:42:45.886 I/AiAiEcho( 1546): #remoteViewsTwiddler: feature disabled.
05-25 04:42:45.886 I/AiAiEcho( 1546): Predicting[0]:  [CONTEXT sampling_count=5 ]
05-25 04:42:45.886 I/AiAiEcho( 1546): EchoTargets: 
05-25 04:42:45.886 I/AiAiEcho( 1546): Filtered by AiAi flag check: 
05-25 04:42:45.886 I/AiAiEcho( 1546): [CONTEXT ratelimit_period="10 SECONDS" ]
05-25 04:42:45.886 I/AiAiEcho( 1546): #remoteViewsTwiddler: feature disabled.
05-25 04:42:45.886 I/AiAiEcho( 1546): #postPredictionTargets: Sending updates to UISurface lockscreen with targets# 0 (types=[])
05-25 04:42:45.887 I/AiAiEcho( 1546): #postPredictionTargets: Sending updates to UISurface home with targets# 0 (types=[])
05-25 04:42:45.887 W/SsPagerDots( 1012): Total number of pages invalid: 0. Assuming 1 page.
05-25 04:42:45.888 W/libbinder.IPCThreadState(  755): Sending oneway calls to frozen process.
05-25 04:42:45.891 W/libbinder.IPCThreadState(  755): Sending oneway calls to frozen process.
05-25 04:42:45.891 W/libbinder.IPCThreadState(  755): Sending oneway calls to frozen process.
05-25 04:42:45.891 W/libbinder.IPCThreadState(  755): Sending oneway calls to frozen process.
05-25 04:42:45.891 W/libbinder.IPCThreadState(  755): Sending oneway calls to frozen process.
05-25 04:42:45.891 W/libbinder.IPCThreadState(  755): Sending oneway calls to frozen process.
05-25 04:42:45.891 W/libbinder.IPCThreadState(  755): Sending oneway calls to frozen process.
05-25 04:42:45.891 W/libbinder.IPCThreadState(  755): Sending oneway calls to frozen process.
05-25 04:42:45.891 W/libbinder.IPCThreadState(  755): Sending oneway calls to frozen process.
05-25 04:42:45.891 V/AccessibilityManagerService(  755): onUserStateChangedLocked for userId: 0, forceUpdate: false
05-25 04:42:45.892 V/AccessibilityUserState(  755): updateShortcutTargets: type:accessibility_shortcut_target_service, current:{}, new:{}
05-25 04:42:45.892 V/AccessibilityUserState(  755): updateShortcutTargets: type:accessibility_button_targets, current:{}, new:{}
05-25 04:42:45.892 V/AccessibilityUserState(  755): updateShortcutTargets: type:accessibility_gesture_targets, current:{}, new:{}
05-25 04:42:45.892 V/AccessibilityUserState(  755): updateShortcutTargets: type:accessibility_qs_targets, current:{}, new:{}
05-25 04:42:45.892 V/AccessibilityUserState(  755): updateShortcutTargets: type:accessibility_key_gesture_targets, current:{}, new:{}
05-25 04:42:45.892 W/MagnificationConnectionManager(  755): requestConnection duplicated request: connect=false, mConnectionState=DISCONNECTED
05-25 04:42:45.892 I/AiAiEcho( 1546): Settings changed for uri: content://settings/secure/accessibility_enabled
05-25 04:42:45.892 I/AiAiEcho( 1546): Predicting[0]:  [CONTEXT sampling_count=5 ]
05-25 04:42:45.892 W/libbinder.IPCThreadState(  755): Sending oneway calls to frozen process.
05-25 04:42:45.892 I/AiAiEcho( 1546): EchoTargets: 
05-25 04:42:45.892 I/AiAiEcho( 1546): Filtered by AiAi flag check: 
05-25 04:42:45.892 I/AiAiEcho( 1546): [CONTEXT ratelimit_period="10 SECONDS" ]
05-25 04:42:45.892 W/libbinder.IPCThreadState(  755): Sending oneway calls to frozen process.
05-25 04:42:45.892 W/libbinder.IPCThreadState(  755): Sending oneway calls to frozen process.
05-25 04:42:45.892 W/libbinder.IPCThreadState(  755): Sending oneway calls to frozen process.
05-25 04:42:45.893 I/AiAiEcho( 1546): #remoteViewsTwiddler: feature disabled.
05-25 04:42:45.893 W/libbinder.IPCThreadState(  755): Sending oneway calls to frozen process.
05-25 04:42:45.893 I/AiAiEcho( 1546): Predicting[0]:  [CONTEXT sampling_count=5 ]
05-25 04:42:45.893 I/AiAiEcho( 1546): EchoTargets: 
05-25 04:42:45.893 I/AiAiEcho( 1546): Filtered by AiAi flag check: 
05-25 04:42:45.893 I/AiAiEcho( 1546): [CONTEXT ratelimit_period="10 SECONDS" ]
05-25 04:42:45.893 W/libbinder.IPCThreadState(  755): Sending oneway calls to frozen process.
05-25 04:42:45.893 W/libbinder.IPCThreadState(  755): Sending oneway calls to frozen process.
05-25 04:42:45.893 W/libbinder.IPCThreadState(  755): Sending oneway calls to frozen process.
05-25 04:42:45.893 I/AiAiEcho( 1546): #remoteViewsTwiddler: feature disabled.
05-25 04:42:45.893 W/libbinder.IPCThreadState(  755): Sending oneway calls to frozen process.
05-25 04:42:45.893 W/libbinder.IPCThreadState(  755): Sending oneway calls to frozen process.
05-25 04:42:45.893 W/libbinder.IPCThreadState(  755): Sending oneway calls to frozen process.
05-25 04:42:45.893 W/libbinder.IPCThreadState(  755): Sending oneway calls to frozen process.
05-25 04:42:45.894 I/AiAiEcho( 1546): #postPredictionTargets: Sending updates to UISurface lockscreen with targets# 0 (types=[])
05-25 04:42:45.894 I/AiAiEcho( 1546): #postPredictionTargets: Sending updates to UISurface home with targets# 0 (types=[])
05-25 04:42:45.896 W/libbinder.IPCThreadState(  755): Sending oneway calls to frozen process.
05-25 04:42:45.898 W/libbinder.IPCThreadState(  755): Sending oneway calls to frozen process.
05-25 04:42:45.898 W/libbinder.IPCThreadState(  755): Sending oneway calls to frozen process.
05-25 04:42:45.899 W/libbinder.IPCThreadState(  755): Sending oneway calls to frozen process.
05-25 04:42:45.899 W/libbinder.IPCThreadState(  755): Sending oneway calls to frozen process.
05-25 04:42:45.899 W/libbinder.IPCThreadState(  755): Sending oneway calls to frozen process.
05-25 04:42:45.899 W/libbinder.IPCThreadState(  755): Sending oneway calls to frozen process.
05-25 04:42:45.899 W/libbinder.IPCThreadState(  755): Sending oneway calls to frozen process.
05-25 04:42:45.899 W/libbinder.IPCThreadState(  755): Sending oneway calls to frozen process.
05-25 04:42:45.899 W/libbinder.IPCThreadState(  755): Sending oneway calls to frozen process.
05-25 04:42:45.899 W/libbinder.IPCThreadState(  755): Sending oneway calls to frozen process.
05-25 04:42:45.899 W/libbinder.IPCThreadState(  755): Sending oneway calls to frozen process.
05-25 04:42:45.899 W/libbinder.IPCThreadState(  755): Sending oneway calls to frozen process.
05-25 04:42:45.899 W/libbinder.IPCThreadState(  755): Sending oneway calls to frozen process.
05-25 04:42:45.899 W/libbinder.IPCThreadState(  755): Sending oneway calls to frozen process.
05-25 04:42:45.899 W/libbinder.IPCThreadState(  755): Sending oneway calls to frozen process.
05-25 04:42:45.899 W/libbinder.IPCThreadState(  755): Sending oneway calls to frozen process.
05-25 04:42:45.899 W/libbinder.IPCThreadState(  755): Sending oneway calls to frozen process.
05-25 04:42:45.899 W/libbinder.IPCThreadState(  755): Sending oneway calls to frozen process.
05-25 04:42:45.899 D/BatterySaverPolicy(  755): accessibility changed to true, updating policy.
05-25 04:42:45.903 W/SsPagerDots( 1012): Total number of pages invalid: 0. Assuming 1 page.
05-25 04:42:45.903 D/AccessibilityManagerService(  755): .getAccessibilityShortcutTargets {shortcutType=32, userId=0}
05-25 04:42:46.709 W/libbinder.IPCThreadState(  755): Sending oneway calls to frozen process.
05-25 04:42:46.929 W/AccessibilityNodeInfoDumper(18690): Fetch time: 2ms
05-25 04:42:46.931 V/AccessibilityManagerService(  755): onUserStateChangedLocked for userId: 0, forceUpdate: false
05-25 04:42:46.932 V/AccessibilityUserState(  755): updateShortcutTargets: type:accessibility_shortcut_target_service, current:{}, new:{}
05-25 04:42:46.932 V/AccessibilityUserState(  755): updateShortcutTargets: type:accessibility_button_targets, current:{}, new:{}
05-25 04:42:46.932 V/AccessibilityUserState(  755): updateShortcutTargets: type:accessibility_gesture_targets, current:{}, new:{}
05-25 04:42:46.932 V/AccessibilityUserState(  755): updateShortcutTargets: type:accessibility_qs_targets, current:{}, new:{}
05-25 04:42:46.932 V/AccessibilityUserState(  755): updateShortcutTargets: type:accessibility_key_gesture_targets, current:{}, new:{}
05-25 04:42:46.932 W/MagnificationConnectionManager(  755): requestConnection duplicated request: connect=false, mConnectionState=DISCONNECTED
05-25 04:42:46.932 D/AccessibilityManagerService(  755): restoreCurrentUserForTestAutomationIfNeededLocked(): ignoring because device doesn't support visible background users
05-25 04:42:46.933 I/AiAiEcho( 1546): Settings changed for uri: content://settings/secure/accessibility_enabled
05-25 04:42:46.933 W/libbinder.IPCThreadState(  755): Sending oneway calls to frozen process.
05-25 04:42:46.934 W/libbinder.IPCThreadState(  755): Sending oneway calls to frozen process.
05-25 04:42:46.934 W/libbinder.IPCThreadState(  755): Sending oneway calls to frozen process.
05-25 04:42:46.934 W/libbinder.IPCThreadState(  755): Sending oneway calls to frozen process.
05-25 04:42:46.934 W/libbinder.IPCThreadState(  755): Sending oneway calls to frozen process.
05-25 04:42:46.934 W/libbinder.IPCThreadState(  755): Sending oneway calls to frozen process.
05-25 04:42:46.934 W/libbinder.IPCThreadState(  755): Sending oneway calls to frozen process.
05-25 04:42:46.934 W/libbinder.IPCThreadState(  755): Sending oneway calls to frozen process.
05-25 04:42:46.934 W/libbinder.IPCThreadState(  755): Sending oneway calls to frozen process.
05-25 04:42:46.935 W/libbinder.IPCThreadState(  755): Sending oneway calls to frozen process.
05-25 04:42:46.935 W/libbinder.IPCThreadState(  755): Sending oneway calls to frozen process.
05-25 04:42:46.935 W/libbinder.IPCThreadState(  755): Sending oneway calls to frozen process.
05-25 04:42:46.935 W/libbinder.IPCThreadState(  755): Sending oneway calls to frozen process.
05-25 04:42:46.935 W/libbinder.IPCThreadState(  755): Sending oneway calls to frozen process.
05-25 04:42:46.935 I/AiAiEcho( 1546): Predicting[0]:  [CONTEXT sampling_count=5 ]
05-25 04:42:46.935 I/AiAiEcho( 1546): EchoTargets: 
05-25 04:42:46.935 I/AiAiEcho( 1546): Filtered by AiAi flag check: 
05-25 04:42:46.935 I/AiAiEcho( 1546): [CONTEXT ratelimit_period="10 SECONDS" ]
05-25 04:42:46.935 I/AiAiEcho( 1546): #remoteViewsTwiddler: feature disabled.
05-25 04:42:46.935 I/AiAiEcho( 1546): Predicting[0]:  [CONTEXT sampling_count=5 ]
05-25 04:42:46.935 I/AiAiEcho( 1546): EchoTargets: 
05-25 04:42:46.935 I/AiAiEcho( 1546): Filtered by AiAi flag check: 
05-25 04:42:46.935 I/AiAiEcho( 1546): [CONTEXT ratelimit_period="10 SECONDS" ]
05-25 04:42:46.935 I/AiAiEcho( 1546): #remoteViewsTwiddler: feature disabled.
05-25 04:42:46.936 I/AiAiEcho( 1546): #postPredictionTargets: Sending updates to UISurface lockscreen with targets# 0 (types=[])
05-25 04:42:46.936 W/libbinder.IPCThreadState(  755): Sending oneway calls to frozen process.
05-25 04:42:46.937 W/libbinder.IPCThreadState(  755): Sending oneway calls to frozen process.
05-25 04:42:46.937 I/AiAiEcho( 1546): #postPredictionTargets: Sending updates to UISurface home with targets# 0 (types=[])
05-25 04:42:46.937 W/SsPagerDots( 1012): Total number of pages invalid: 0. Assuming 1 page.
05-25 04:42:46.938 W/libbinder.IPCThreadState(18690): call to talkWithDriver in joinThreadPool returned error: -9 (Bad file descriptor), FD: -1
05-25 04:42:46.938 W/libbinder.IPCThreadState(18690): call to talkWithDriver in joinThreadPool returned error: -9 (Bad file descriptor), FD: -1
05-25 04:42:46.938 D/AndroidRuntime(18690): Shutting down VM
05-25 04:42:46.938 W/libbinder.IPCThreadState(18690): call to talkWithDriver in joinThreadPool returned error: -9 (Bad file descriptor), FD: -1
05-25 04:42:46.940 W/libbinder.IPCThreadState(  755): Sending oneway calls to frozen process.
05-25 04:42:46.940 W/libbinder.IPCThreadState(  755): Sending oneway calls to frozen process.
05-25 04:42:46.940 W/libbinder.IPCThreadState(  755): Sending oneway calls to frozen process.
05-25 04:42:46.940 W/libbinder.IPCThreadState(  755): Sending oneway calls to frozen process.
05-25 04:42:46.940 W/libbinder.IPCThreadState(  755): Sending oneway calls to frozen process.
05-25 04:42:46.940 W/libbinder.IPCThreadState(  755): Sending oneway calls to frozen process.
05-25 04:42:46.940 W/libbinder.IPCThreadState(  755): Sending oneway calls to frozen process.
05-25 04:42:46.940 W/libbinder.IPCThreadState(  755): Sending oneway calls to frozen process.
05-25 04:42:46.940 D/BatterySaverPolicy(  755): accessibility changed to false, updating policy.
05-25 04:42:47.776 W/libbinder.IPCThreadState(  755): Sending oneway calls to frozen process.
05-25 04:42:47.785 W/libbinder.IPCThreadState(  755): Sending oneway calls to frozen process.
05-25 04:42:48.473 I/HalDevMgr(  755): bestIfaceCreationProposal is null, requestIface=STA, existingIface=[name=wlan0 type=STA]
05-25 04:42:48.735 I/bluetooth( 1097): system/gd/hci/le_address_manager.cc:581 GetNextPrivateAddressIntervalRange: client=LeAddressManager, nonwake=7m53s, wake=14m59s
05-25 04:42:48.737 I/bluetooth( 1097): system/gd/hci/le_address_manager.cc:782 OnCommandComplete: Received command complete with op_code LE_SET_RANDOM_ADDRESS(0x2005)
05-25 04:42:48.737 I/bluetooth( 1097): system/gd/hci/le_address_manager.cc:802 OnCommandComplete: update random address : xx:xx:xx:xx:86:72
05-25 04:42:48.737 I/bluetooth( 1097): system/gd/hci/le_address_manager.cc:397 resume_registered_clients: Resuming registered clients
05-25 04:42:48.737 I/bluetooth( 1097): system/gd/hci/le_scanning_manager_impl.cc:623 stop_scan: Scanning already stopped, return!
05-25 04:42:48.739 W/libbinder.BackendUnifiedServiceManager(18709): Thread Pool max thread count is 0. Cannot cache binder as linkToDeath cannot be implemented. serviceName: SurfaceFlingerAIDL
05-25 04:42:48.739 W/libbinder.BpBinder(18709): Linking to death on android.gui.ISurfaceComposer but there are no threads (yet?) listening to incoming transactions. See ProcessState::startThreadPool and ProcessState::setThreadPoolMaxThreadCount. Generally you should setup the binder threadpool before other initialization steps.
05-25 04:42:48.740 W/libbinder.ProcessState(18709): Extra binder thread started, but 0 threads requested. Do not use *startThreadPool when zero threads are requested.
05-25 04:42:48.838 W/MediaProvider( 1529): isAppCloneUserPair for user 0: false
05-25 04:42:48.840 W/libbinder.IPCThreadState(  755): Sending oneway calls to frozen process.
05-25 04:42:48.992 I/ActivityManager(  755): Broadcasting: Intent { act=android.intent.action.MEDIA_SCANNER_SCAN_FILE dat=file:///... flg=0x400000 }
05-25 04:42:48.993 I/ActivityManager(  755): Enqueued broadcast Intent { act=android.intent.action.MEDIA_SCANNER_SCAN_FILE dat=file:///... flg=0x400000 }: 0
05-25 04:42:48.993 I/MediaServiceV2( 1529): Creating work for intent Intent { act=android.intent.action.MEDIA_SCANNER_SCAN_FILE dat=file:///... flg=0x1400010 cmp=com.google.android.providers.media.module/com.android.providers.media.MediaServiceV2 }
05-25 04:42:48.996 I/MediaServiceV2( 1529): Work enqueued for intent: Intent { act=android.intent.action.MEDIA_SCANNER_SCAN_FILE dat=file:///... flg=0x1400010 cmp=com.google.android.providers.media.module/com.android.providers.media.MediaServiceV2 }
05-25 04:42:48.997 I/ActivityManager(  755): Broadcast completed: result=0
05-25 04:42:49.002 W/JobInfo ( 1529): Requested important-while-foreground flag for job922 is ignored and takes no effect
05-25 04:42:49.002 D/WM-SystemJobScheduler( 1529): Scheduling work ID d775118c-6fd1-43ed-81c8-6ed0f9694834Job ID 922
05-25 04:42:49.008 D/WM-GreedyScheduler( 1529): Ignoring {WorkSpec: fce74054-5d75-49ac-b1fb-61b1c63b64d1}. Requires device idle.
05-25 04:42:49.008 D/WM-GreedyScheduler( 1529): Ignoring {WorkSpec: 748d3965-3023-45a6-9a32-baafa7d90ebf}. Requires device idle.
05-25 04:42:49.008 D/WM-GreedyScheduler( 1529): Ignoring {WorkSpec: bbc248da-5aec-4565-83d8-ed90ba3a683c}. Requires device idle.
05-25 04:42:49.008 D/WM-GreedyScheduler( 1529): Ignoring {WorkSpec: a7b8fc44-3a39-43d5-96b8-cef5bb529d35}. Requires device idle.
05-25 04:42:49.008 D/WM-GreedyScheduler( 1529): Starting work for d775118c-6fd1-43ed-81c8-6ed0f9694834
05-25 04:42:49.010 D/WM-SystemJobService( 1529): onStartJob for WorkGenerationalId(workSpecId=d775118c-6fd1-43ed-81c8-6ed0f9694834, generation=0)
05-25 04:42:49.011 D/WM-Processor( 1529): Processor: processing WorkGenerationalId(workSpecId=d775118c-6fd1-43ed-81c8-6ed0f9694834, generation=0)
05-25 04:42:49.012 D/WM-Processor( 1529): Work WorkGenerationalId(workSpecId=d775118c-6fd1-43ed-81c8-6ed0f9694834, generation=0) is already enqueued for processing
05-25 04:42:49.014 D/WM-WorkerWrapper( 1529): Starting work for com.android.providers.media.MediaServiceV2
05-25 04:42:49.015 I/MediaServiceV2( 1529): Work initiated for action [ android.intent.action.MEDIA_SCANNER_SCAN_FILE ]
05-25 04:42:49.031 I/MediaServiceV2( 1529): Work ended for action [ android.intent.action.MEDIA_SCANNER_SCAN_FILE ]
05-25 04:42:49.031 I/WM-WorkerWrapper( 1529): Worker result SUCCESS for Work [ id=d775118c-6fd1-43ed-81c8-6ed0f9694834, tags={ com.android.providers.media.MediaServiceV2 } ]
05-25 04:42:49.033 D/WM-Processor( 1529): Processor d775118c-6fd1-43ed-81c8-6ed0f9694834 executed; reschedule = false
05-25 04:42:49.034 D/WM-SystemJobService( 1529): d775118c-6fd1-43ed-81c8-6ed0f9694834 executed on JobScheduler
05-25 04:42:49.036 D/WM-GreedyScheduler( 1529): Cancelling work ID d775118c-6fd1-43ed-81c8-6ed0f9694834
05-25 04:42:49.037 D/WM-GreedyScheduler( 1529): Ignoring {WorkSpec: fce74054-5d75-49ac-b1fb-61b1c63b64d1}. Requires device idle.
05-25 04:42:49.037 D/WM-GreedyScheduler( 1529): Ignoring {WorkSpec: 748d3965-3023-45a6-9a32-baafa7d90ebf}. Requires device idle.
05-25 04:42:49.037 D/WM-GreedyScheduler( 1529): Ignoring {WorkSpec: bbc248da-5aec-4565-83d8-ed90ba3a683c}. Requires device idle.
05-25 04:42:49.037 D/WM-GreedyScheduler( 1529): Ignoring {WorkSpec: a7b8fc44-3a39-43d5-96b8-cef5bb529d35}. Requires device idle.
05-25 04:42:49.043 W/JobScheduler(  755): Job didn't exist in JobStore: 604a449 {androidx.work.systemjobscheduler} #u0a210/922 #MediaServiceV2#@androidx.work.systemjobscheduler@com.google.android.providers.media.module/androidx.work.impl.background.systemjob.SystemJobService
05-25 04:42:49.047 D/WM-SystemJobService( 1529): onStopJob for WorkGenerationalId(workSpecId=d775118c-6fd1-43ed-81c8-6ed0f9694834, generation=0)
05-25 04:42:49.047 D/WM-SystemJobScheduler( 1529): Scheduling work ID 4a95eb59-221a-4c4e-8b79-214ab594c652Job ID 923
05-25 04:42:49.054 D/WM-GreedyScheduler( 1529): Ignoring {WorkSpec: fce74054-5d75-49ac-b1fb-61b1c63b64d1}. Requires device idle.
05-25 04:42:49.055 D/WM-GreedyScheduler( 1529): Ignoring {WorkSpec: 748d3965-3023-45a6-9a32-baafa7d90ebf}. Requires device idle.
05-25 04:42:49.055 D/WM-GreedyScheduler( 1529): Ignoring {WorkSpec: bbc248da-5aec-4565-83d8-ed90ba3a683c}. Requires device idle.
05-25 04:42:49.055 D/WM-GreedyScheduler( 1529): Ignoring {WorkSpec: a7b8fc44-3a39-43d5-96b8-cef5bb529d35}. Requires device idle.
05-25 04:42:49.195 D/AndroidRuntime(18720): >>>>>> START com.android.internal.os.RuntimeInit uid 2000 <<<<<<
05-25 04:42:49.200 I/AndroidRuntime(18720): Using default boot image
05-25 04:42:49.200 I/AndroidRuntime(18720): Leaving lock profiling enabled
05-25 04:42:49.202 I/app_process(18720): Using CollectorTypeCMC GC.
05-25 04:42:49.274 D/nativeloader(18720): InitDefaultPublicLibraries for_preload=1: libandroid.so:libaaudio.so:libamidi.so:libbinder_ndk.so:libc.so:libcamera2ndk.so:libdl.so:libEGL.so:libGLESv1_CM.so:libGLESv2.so:libGLESv3.so:libicu.so:libicui18n.so:libicuuc.so:libjnigraphics.so:liblog.so:libmediandk.so:libm.so:libnativehelper.so:libnativewindow.so:libOpenMAXAL.so:libOpenSLES.so:libRS.so:libstdc++.so:libsync.so:libvulkan.so:libwebviewchromium_plat_support.so:libz.so
05-25 04:42:49.283 D/nativeloader(18720): Load libicu_jni.so using APEX ns com_android_art for caller /apex/com.android.art/javalib/core-oj.jar: ok
05-25 04:42:49.284 D/app_process(18720): u_setTimeZoneFilesDirectory("/apex/com.android.tzdata/etc/tz/versioned/9/icu") succeeded. 
05-25 04:42:49.284 D/app_process(18720): I18n APEX ICU file found: /apex/com.android.i18n/etc/icu/icudt76l.dat
05-25 04:42:49.284 D/nativeloader(18720): Load libjavacore.so using APEX ns com_android_art for caller /apex/com.android.art/javalib/core-oj.jar: ok
05-25 04:42:49.285 D/nativeloader(18720): Load libopenjdk.so using APEX ns com_android_art for caller /apex/com.android.art/javalib/core-oj.jar: ok
05-25 04:42:49.286 I/app_process(18720): Priority-to-niceness mapping: 19, 16, 13, 10, 0, -2, -4, -5, -6, -8
05-25 04:42:49.286 W/app_process(18720): Unexpected CPU variant for x86: x86_64.
05-25 04:42:49.286 W/app_process(18720): Known variants: atom, sandybridge, silvermont, goldmont, goldmont-plus, goldmont-without-sha-xsaves, tremont, kabylake, alderlake, default
05-25 04:42:49.288 W/app_process(18720): ClassLoaderContext shared library size mismatch. Expected=2, found=0 (PCL[]{PCL[/system/framework/android.test.base.jar*1653369819]#PCL[/system/framework/android.test.mock.jar*1009639922]} | PCL[])
05-25 04:42:49.288 W/app_process(18720): ClassLoaderContext classpath size mismatch. expected=0, found=1 (PCL[]{PCL[/system/framework/android.test.runner.jar*3954641918]{PCL[/system/framework/android.test.base.jar*1653369819]#PCL[/system/framework/android.test.mock.jar*1009639922]}#PCL[/system/framework/android.test.base.jar*1653369819]} | PCL[/system/framework/android.test.runner.jar*3954641918])
05-25 04:42:49.317 D/nativeloader(18720): Load libframework-connectivity-tiramisu-jni.so using APEX ns com_android_tethering for caller /apex/com.android.tethering/javalib/framework-connectivity-t.jar: ok
05-25 04:42:49.318 D/AndroidRuntime(18720): Calling main entry com.android.commands.uiautomator.Launcher
05-25 04:42:49.323 I/AconfigPackage(18720): android.media.swcodec.flags is mapped to com.android.media.swcodec
05-25 04:42:49.323 I/AconfigPackage(18720): com.android.permission.flags is mapped to com.android.permission
05-25 04:42:49.323 I/AconfigPackage(18720): com.android.permissioncontroller.flags is mapped to com.android.permission
05-25 04:42:49.324 I/AconfigPackage(18720): com.android.icu is mapped to com.android.i18n
05-25 04:42:49.324 I/AconfigPackage(18720): com.android.appsearch.flags is mapped to com.android.appsearch
05-25 04:42:49.324 I/AconfigPackage(18720): android.uprobestats.mainline.flags is mapped to com.android.uprobestats
05-25 04:42:49.324 I/AconfigPackage(18720): com.android.crashrecovery.flags is mapped to com.android.crashrecovery
05-25 04:42:49.324 I/AconfigPackage(18720): android.provider.flags is mapped to com.android.configinfrastructure
05-25 04:42:49.324 I/AconfigPackage(18720): com.android.server.deviceconfig is mapped to com.android.configinfrastructure
05-25 04:42:49.325 I/AconfigPackage(18720): com.android.compos.flags is mapped to com.android.compos
05-25 04:42:49.325 I/AconfigPackage(18720): com.android.art.flags is mapped to com.android.art
05-25 04:42:49.325 I/AconfigPackage(18720): com.android.art.rw.flags is mapped to com.android.art
05-25 04:42:49.325 I/AconfigPackage(18720): com.android.libcore is mapped to com.android.art
05-25 04:42:49.325 I/AconfigPackage(18720): com.android.telephony.flags is mapped to com.android.telephonycore
05-25 04:42:49.325 I/AconfigPackage(18720): com.android.media.extractor.flags is mapped to com.android.media
05-25 04:42:49.325 I/AconfigPackage(18720): com.android.media.mainline.flags is mapped to com.android.media
05-25 04:42:49.326 I/AconfigPackage(18720): com.android.wifi.flags is mapped to com.android.wifi
05-25 04:42:49.326 I/AconfigPackage(18720): com.android.org.conscrypt.flags is mapped to com.android.conscrypt
05-25 04:42:49.326 I/AconfigPackage(18720): com.android.org.conscrypt.net.flags is mapped to com.android.conscrypt
05-25 04:42:49.326 I/AconfigPackage(18720): com.android.healthfitness.flags is mapped to com.android.healthfitness
05-25 04:42:49.326 I/AconfigPackage(18720): com.android.ipsec.flags is mapped to com.android.ipsec
05-25 04:42:49.326 I/AconfigPackage(18720): com.android.nfc.module.flags is mapped to com.android.nfcservices
05-25 04:42:49.327 I/AconfigPackage(18720): com.android.adservices.ondevicepersonalization.flags is mapped to com.android.ondevicepersonalization
05-25 04:42:49.327 I/AconfigPackage(18720): com.android.adbd.flags is mapped to com.android.adbd
05-25 04:42:49.328 I/AconfigPackage(18720): com.android.bluetooth.flags is mapped to com.android.bt
05-25 04:42:49.328 I/AconfigPackage(18720): com.android.devicelock.flags is mapped to com.android.devicelock
05-25 04:42:49.329 I/AconfigPackage(18720): android.os.profiling is mapped to com.android.profiling
05-25 04:42:49.329 I/AconfigPackage(18720): android.os.profiling.anomaly.flags is mapped to com.android.profiling
05-25 04:42:49.329 I/AconfigPackage(18720): com.android.os.statsd.flags is mapped to com.android.os.statsd
05-25 04:42:49.329 I/AconfigPackage(18720): com.android.rkpd.flags is mapped to com.android.rkpd
05-25 04:42:49.329 I/AconfigPackage(18720): com.android.cellbroadcastreceiver.flags is mapped to com.android.cellbroadcast
05-25 04:42:49.329 I/AconfigPackage(18720): com.android.adservices.flags is mapped to com.android.adservices
05-25 04:42:49.330 I/AconfigPackage(18720): com.android.sdksandbox.flags is mapped to com.android.adservices
05-25 04:42:49.330 I/AconfigPackage(18720): com.android.uwb.flags is mapped to com.android.uwb
05-25 04:42:49.330 I/AconfigPackage(18720): com.android.ranging.flags is mapped to com.android.uwb
05-25 04:42:49.330 I/AconfigPackage(18720): android.graphics.pdf.flags is mapped to com.android.mediaprovider
05-25 04:42:49.330 I/AconfigPackage(18720): com.android.providers.media.flags is mapped to com.android.mediaprovider
05-25 04:42:49.330 I/AconfigPackage(18720): android.graphics.pdf.flags.readonly is mapped to com.android.mediaprovider
05-25 04:42:49.330 I/AconfigPackage(18720): com.android.tethering.mainline.beta is mapped to com.android.tethering
05-25 04:42:49.330 I/AconfigPackage(18720): android.net.http is mapped to com.android.tethering
05-25 04:42:49.330 I/AconfigPackage(18720): com.android.tethering.readonly.flags is mapped to com.android.tethering
05-25 04:42:49.330 I/AconfigPackage(18720): android.net.vcn is mapped to com.android.tethering
05-25 04:42:49.330 I/AconfigPackage(18720): com.android.net.flags is mapped to com.android.tethering
05-25 04:42:49.330 I/AconfigPackage(18720): com.android.tethering.beta.test is mapped to com.android.tethering
05-25 04:42:49.330 I/AconfigPackage(18720): com.android.nearby.flags is mapped to com.android.tethering
05-25 04:42:49.330 I/AconfigPackage(18720): com.android.net.ct.flags is mapped to com.android.tethering
05-25 04:42:49.330 I/AconfigPackage(18720): com.android.net.thread.flags is mapped to com.android.tethering
05-25 04:42:49.330 I/AconfigPackage(18720): com.android.system.virtualmachine.flags is mapped to com.android.virt
05-25 04:42:49.330 E/FeatureFlagsImplExport(18720): android.os.flagging.AconfigStorageReadException: ERROR_PACKAGE_NOT_FOUND: package android.xr cannot be found on the device
05-25 04:42:49.333 D/UiAutomationConnection(18720): Created on user UserHandle{0}
05-25 04:42:49.334 I/UiAutomation(18720): Initialized for user 0 on display 0
05-25 04:42:49.334 W/UiAutomation(18720): Created with deprecatead constructor, assumes DEFAULT_DISPLAY
05-25 04:42:49.334 D/AccessibilityManagerService(  755): changeCurrentUserForTestAutomationIfNeededLocked(0): ignoring because device doesn't support visible background users
05-25 04:42:49.335 I/UiAutomationManager(  755): Registering UiTestAutomationService (id=com.android.server.accessibility/UiAutomation, flags=0x0) when called by user 0
05-25 04:42:49.335 V/AccessibilityManagerService(  755): onUserStateChangedLocked for userId: 0, forceUpdate: false
05-25 04:42:49.335 V/AccessibilityUserState(  755): updateShortcutTargets: type:accessibility_shortcut_target_service, current:{}, new:{}
05-25 04:42:49.335 V/AccessibilityUserState(  755): updateShortcutTargets: type:accessibility_button_targets, current:{}, new:{}
05-25 04:42:49.335 V/AccessibilityUserState(  755): updateShortcutTargets: type:accessibility_gesture_targets, current:{}, new:{}
05-25 04:42:49.335 V/AccessibilityUserState(  755): updateShortcutTargets: type:accessibility_qs_targets, current:{}, new:{}
05-25 04:42:49.335 V/AccessibilityUserState(  755): updateShortcutTargets: type:accessibility_key_gesture_targets, current:{}, new:{}
05-25 04:42:49.335 W/MagnificationConnectionManager(  755): requestConnection duplicated request: connect=false, mConnectionState=DISCONNECTED
05-25 04:42:49.336 I/AiAiEcho( 1546): Settings changed for uri: content://settings/secure/accessibility_enabled
05-25 04:42:49.336 I/AiAiEcho( 1546): Predicting[0]:  [CONTEXT sampling_count=5 ]
05-25 04:42:49.336 I/AiAiEcho( 1546): EchoTargets: 
05-25 04:42:49.336 I/AiAiEcho( 1546): Filtered by AiAi flag check: 
05-25 04:42:49.336 I/AiAiEcho( 1546): [CONTEXT ratelimit_period="10 SECONDS" ]
05-25 04:42:49.336 I/AiAiEcho( 1546): #remoteViewsTwiddler: feature disabled.
05-25 04:42:49.336 I/AiAiEcho( 1546): Predicting[0]:  [CONTEXT sampling_count=5 ]
05-25 04:42:49.336 I/AiAiEcho( 1546): EchoTargets: 
05-25 04:42:49.336 I/AiAiEcho( 1546): Filtered by AiAi flag check: 
05-25 04:42:49.336 I/AiAiEcho( 1546): [CONTEXT ratelimit_period="10 SECONDS" ]
05-25 04:42:49.337 I/AiAiEcho( 1546): #remoteViewsTwiddler: feature disabled.
05-25 04:42:49.337 I/AiAiEcho( 1546): #postPredictionTargets: Sending updates to UISurface lockscreen with targets# 0 (types=[])
05-25 04:42:49.338 W/SsPagerDots( 1012): Total number of pages invalid: 0. Assuming 1 page.
05-25 04:42:49.338 I/AiAiEcho( 1546): #postPredictionTargets: Sending updates to UISurface home with targets# 0 (types=[])
05-25 04:42:49.339 W/libbinder.IPCThreadState(  755): Sending oneway calls to frozen process.
05-25 04:42:49.344 W/libbinder.IPCThreadState(  755): Sending oneway calls to frozen process.
05-25 04:42:49.344 W/libbinder.IPCThreadState(  755): Sending oneway calls to frozen process.
05-25 04:42:49.344 W/libbinder.IPCThreadState(  755): Sending oneway calls to frozen process.
05-25 04:42:49.344 W/libbinder.IPCThreadState(  755): Sending oneway calls to frozen process.
05-25 04:42:49.344 W/libbinder.IPCThreadState(  755): Sending oneway calls to frozen process.
05-25 04:42:49.345 W/libbinder.IPCThreadState(  755): Sending oneway calls to frozen process.
05-25 04:42:49.345 W/libbinder.IPCThreadState(  755): Sending oneway calls to frozen process.
05-25 04:42:49.345 W/libbinder.IPCThreadState(  755): Sending oneway calls to frozen process.
05-25 04:42:49.346 V/AccessibilityManagerService(  755): onUserStateChangedLocked for userId: 0, forceUpdate: false
05-25 04:42:49.347 V/AccessibilityUserState(  755): updateShortcutTargets: type:accessibility_shortcut_target_service, current:{}, new:{}
05-25 04:42:49.347 V/AccessibilityUserState(  755): updateShortcutTargets: type:accessibility_button_targets, current:{}, new:{}
05-25 04:42:49.347 V/AccessibilityUserState(  755): updateShortcutTargets: type:accessibility_gesture_targets, current:{}, new:{}
05-25 04:42:49.347 V/AccessibilityUserState(  755): updateShortcutTargets: type:accessibility_qs_targets, current:{}, new:{}
05-25 04:42:49.347 V/AccessibilityUserState(  755): updateShortcutTargets: type:accessibility_key_gesture_targets, current:{}, new:{}
05-25 04:42:49.347 W/MagnificationConnectionManager(  755): requestConnection duplicated request: connect=false, mConnectionState=DISCONNECTED
05-25 04:42:49.350 I/AiAiEcho( 1546): Settings changed for uri: content://settings/secure/accessibility_enabled
05-25 04:42:49.350 I/AiAiEcho( 1546): Predicting[0]:  [CONTEXT sampling_count=5 ]
05-25 04:42:49.350 I/AiAiEcho( 1546): EchoTargets: 
05-25 04:42:49.350 I/AiAiEcho( 1546): Filtered by AiAi flag check: 
05-25 04:42:49.350 I/AiAiEcho( 1546): [CONTEXT ratelimit_period="10 SECONDS" ]
05-25 04:42:49.350 I/AiAiEcho( 1546): #remoteViewsTwiddler: feature disabled.
05-25 04:42:49.350 W/libbinder.IPCThreadState(  755): Sending oneway calls to frozen process.
05-25 04:42:49.350 W/libbinder.IPCThreadState(  755): Sending oneway calls to frozen process.
05-25 04:42:49.350 I/AiAiEcho( 1546): Predicting[0]:  [CONTEXT sampling_count=5 ]
05-25 04:42:49.350 W/libbinder.IPCThreadState(  755): Sending oneway calls to frozen process.
05-25 04:42:49.350 I/AiAiEcho( 1546): EchoTargets: 
05-25 04:42:49.350 I/AiAiEcho( 1546): Filtered by AiAi flag check: 
05-25 04:42:49.350 I/AiAiEcho( 1546): [CONTEXT ratelimit_period="10 SECONDS" ]
05-25 04:42:49.351 W/libbinder.IPCThreadState(  755): Sending oneway calls to frozen process.
05-25 04:42:49.351 I/AiAiEcho( 1546): #remoteViewsTwiddler: feature disabled.
05-25 04:42:49.351 W/libbinder.IPCThreadState(  755): Sending oneway calls to frozen process.
05-25 04:42:49.351 I/AiAiEcho( 1546): #postPredictionTargets: Sending updates to UISurface lockscreen with targets# 0 (types=[])
05-25 04:42:49.351 W/libbinder.IPCThreadState(  755): Sending oneway calls to frozen process.
05-25 04:42:49.352 W/libbinder.IPCThreadState(  755): Sending oneway calls to frozen process.
05-25 04:42:49.352 W/libbinder.IPCThreadState(  755): Sending oneway calls to frozen process.
05-25 04:42:49.352 I/AiAiEcho( 1546): #postPredictionTargets: Sending updates to UISurface home with targets# 0 (types=[])
05-25 04:42:49.354 W/SsPagerDots( 1012): Total number of pages invalid: 0. Assuming 1 page.
05-25 04:42:49.355 W/libbinder.IPCThreadState(  755): Sending oneway calls to frozen process.
05-25 04:42:49.355 W/libbinder.IPCThreadState(  755): Sending oneway calls to frozen process.
05-25 04:42:49.355 W/libbinder.IPCThreadState(  755): Sending oneway calls to frozen process.
05-25 04:42:49.355 W/libbinder.IPCThreadState(  755): Sending oneway calls to frozen process.
05-25 04:42:49.355 W/libbinder.IPCThreadState(  755): Sending oneway calls to frozen process.
05-25 04:42:49.356 W/libbinder.IPCThreadState(  755): Sending oneway calls to frozen process.
05-25 04:42:49.356 W/libbinder.IPCThreadState(  755): Sending oneway calls to frozen process.
05-25 04:42:49.356 W/libbinder.IPCThreadState(  755): Sending oneway calls to frozen process.
05-25 04:42:49.357 W/libbinder.IPCThreadState(  755): Sending oneway calls to frozen process.
05-25 04:42:49.357 W/libbinder.IPCThreadState(  755): Sending oneway calls to frozen process.
05-25 04:42:49.358 W/libbinder.IPCThreadState(  755): Sending oneway calls to frozen process.
05-25 04:42:49.358 W/libbinder.IPCThreadState(  755): Sending oneway calls to frozen process.
05-25 04:42:49.358 W/libbinder.IPCThreadState(  755): Sending oneway calls to frozen process.
05-25 04:42:49.358 W/libbinder.IPCThreadState(  755): Sending oneway calls to frozen process.
05-25 04:42:49.358 W/libbinder.IPCThreadState(  755): Sending oneway calls to frozen process.
05-25 04:42:49.358 W/libbinder.IPCThreadState(  755): Sending oneway calls to frozen process.
05-25 04:42:49.360 W/libbinder.IPCThreadState(  755): Sending oneway calls to frozen process.
05-25 04:42:49.360 W/libbinder.IPCThreadState(  755): Sending oneway calls to frozen process.
05-25 04:42:49.360 W/libbinder.IPCThreadState(  755): Sending oneway calls to frozen process.
05-25 04:42:49.360 W/libbinder.IPCThreadState(  755): Sending oneway calls to frozen process.
05-25 04:42:49.361 W/libbinder.IPCThreadState(  755): Sending oneway calls to frozen process.
05-25 04:42:49.361 W/libbinder.IPCThreadState(  755): Sending oneway calls to frozen process.
05-25 04:42:49.361 W/libbinder.IPCThreadState(  755): Sending oneway calls to frozen process.
05-25 04:42:49.361 D/BatterySaverPolicy(  755): accessibility changed to true, updating policy.
05-25 04:42:49.362 D/AccessibilityManagerService(  755): .getAccessibilityShortcutTargets {shortcutType=32, userId=0}
05-25 04:42:49.890 W/libbinder.IPCThreadState(  755): Sending oneway calls to frozen process.
05-25 04:42:49.890 W/libbinder.IPCThreadState(  755): Sending oneway calls to frozen process.
05-25 04:42:50.436 W/AccessibilityNodeInfoDumper(18720): Fetch time: 61ms
05-25 04:42:50.441 V/AccessibilityManagerService(  755): onUserStateChangedLocked for userId: 0, forceUpdate: false
05-25 04:42:50.442 V/AccessibilityUserState(  755): updateShortcutTargets: type:accessibility_shortcut_target_service, current:{}, new:{}
05-25 04:42:50.442 V/AccessibilityUserState(  755): updateShortcutTargets: type:accessibility_button_targets, current:{}, new:{}
05-25 04:42:50.442 V/AccessibilityUserState(  755): updateShortcutTargets: type:accessibility_gesture_targets, current:{}, new:{}
05-25 04:42:50.442 V/AccessibilityUserState(  755): updateShortcutTargets: type:accessibility_qs_targets, current:{}, new:{}
05-25 04:42:50.442 V/AccessibilityUserState(  755): updateShortcutTargets: type:accessibility_key_gesture_targets, current:{}, new:{}
05-25 04:42:50.442 W/MagnificationConnectionManager(  755): requestConnection duplicated request: connect=false, mConnectionState=DISCONNECTED
05-25 04:42:50.442 I/AiAiEcho( 1546): Settings changed for uri: content://settings/secure/accessibility_enabled
05-25 04:42:50.443 D/AccessibilityManagerService(  755): restoreCurrentUserForTestAutomationIfNeededLocked(): ignoring because device doesn't support visible background users
05-25 04:42:50.443 W/libbinder.IPCThreadState(  755): Sending oneway calls to frozen process.
05-25 04:42:50.443 I/AiAiEcho( 1546): Predicting[0]:  [CONTEXT sampling_count=5 ]
05-25 04:42:50.443 I/AiAiEcho( 1546): EchoTargets: 
05-25 04:42:50.443 I/AiAiEcho( 1546): Filtered by AiAi flag check: 
05-25 04:42:50.443 I/AiAiEcho( 1546): [CONTEXT ratelimit_period="10 SECONDS" ]
05-25 04:42:50.443 I/AiAiEcho( 1546): #remoteViewsTwiddler: feature disabled.
05-25 04:42:50.444 I/AiAiEcho( 1546): Predicting[0]:  [CONTEXT sampling_count=5 ]
05-25 04:42:50.444 I/AiAiEcho( 1546): EchoTargets: 
05-25 04:42:50.444 I/AiAiEcho( 1546): Filtered by AiAi flag check: 
05-25 04:42:50.444 I/AiAiEcho( 1546): [CONTEXT ratelimit_period="10 SECONDS" ]
05-25 04:42:50.444 I/AiAiEcho( 1546): #remoteViewsTwiddler: feature disabled.
05-25 04:42:50.444 I/AiAiEcho( 1546): #postPredictionTargets: Sending updates to UISurface lockscreen with targets# 0 (types=[])
05-25 04:42:50.444 I/AiAiEcho( 1546): #postPredictionTargets: Sending updates to UISurface home with targets# 0 (types=[])
05-25 04:42:50.444 W/SsPagerDots( 1012): Total number of pages invalid: 0. Assuming 1 page.
05-25 04:42:50.446 W/libbinder.IPCThreadState(18720): call to talkWithDriver in joinThreadPool returned error: -9 (Bad file descriptor), FD: -1
05-25 04:42:50.447 W/libbinder.IPCThreadState(  755): Sending oneway calls to frozen process.
05-25 04:42:50.448 W/libbinder.IPCThreadState(18720): call to talkWithDriver in joinThreadPool returned error: -9 (Bad file descriptor), FD: -1
05-25 04:42:50.448 W/libbinder.IPCThreadState(  755): Sending oneway calls to frozen process.
05-25 04:42:50.449 W/libbinder.IPCThreadState(18720): call to talkWithDriver in joinThreadPool returned error: -9 (Bad file descriptor), FD: -1
05-25 04:42:50.449 W/libbinder.IPCThreadState(18720): call to talkWithDriver in joinThreadPool returned error: -9 (Bad file descriptor), FD: -1
05-25 04:42:50.449 W/libbinder.IPCThreadState(  755): Sending oneway calls to frozen process.
05-25 04:42:50.449 W/libbinder.IPCThreadState(  755): Sending oneway calls to frozen process.
05-25 04:42:50.449 W/libbinder.IPCThreadState(  755): Sending oneway calls to frozen process.
05-25 04:42:50.449 D/AndroidRuntime(18720): Shutting down VM
05-25 04:42:50.449 W/libbinder.IPCThreadState(  755): Sending oneway calls to frozen process.
05-25 04:42:50.449 W/libbinder.IPCThreadState(  755): Sending oneway calls to frozen process.
05-25 04:42:50.450 W/libbinder.IPCThreadState(  755): Sending oneway calls to frozen process.
05-25 04:42:50.452 W/libbinder.IPCThreadState(  755): Sending oneway calls to frozen process.
05-25 04:42:50.452 W/libbinder.IPCThreadState(  755): Sending oneway calls to frozen process.
05-25 04:42:50.452 W/libbinder.IPCThreadState(  755): Sending oneway calls to frozen process.
05-25 04:42:50.452 W/libbinder.IPCThreadState(  755): Sending oneway calls to frozen process.
05-25 04:42:50.452 W/libbinder.IPCThreadState(  755): Sending oneway calls to frozen process.
05-25 04:42:50.453 W/libbinder.IPCThreadState(  755): Sending oneway calls to frozen process.
05-25 04:42:50.453 W/libbinder.IPCThreadState(  755): Sending oneway calls to frozen process.
05-25 04:42:50.453 W/libbinder.IPCThreadState(  755): Sending oneway calls to frozen process.
05-25 04:42:50.457 W/libbinder.IPCThreadState(  755): Sending oneway calls to frozen process.
05-25 04:42:50.457 W/libbinder.IPCThreadState(  755): Sending oneway calls to frozen process.
05-25 04:42:50.457 W/libbinder.IPCThreadState(  755): Sending oneway calls to frozen process.
05-25 04:42:50.457 W/libbinder.IPCThreadState(  755): Sending oneway calls to frozen process.
05-25 04:42:50.457 W/libbinder.IPCThreadState(  755): Sending oneway calls to frozen process.
05-25 04:42:50.458 W/libbinder.IPCThreadState(  755): Sending oneway calls to frozen process.
05-25 04:42:50.458 W/libbinder.IPCThreadState(  755): Sending oneway calls to frozen process.
05-25 04:42:50.458 D/BatterySaverPolicy(  755): accessibility changed to false, updating policy.
05-25 04:42:50.538 D/WM-DelayedWorkTracker( 1529): Scheduling work 4a95eb59-221a-4c4e-8b79-214ab594c652
05-25 04:42:50.538 D/WM-GreedyScheduler( 1529): Starting tracking for 4a95eb59-221a-4c4e-8b79-214ab594c652
05-25 04:42:50.539 D/WM-ConstraintTracker( 1529): BatteryNotLowTracker: initial state = true
05-25 04:42:50.539 D/WM-BrdcstRcvrCnstrntTrc( 1529): BatteryNotLowTracker: registering receiver
05-25 04:42:50.539 D/WM-GreedyScheduler( 1529): Constraints met: Scheduling work ID WorkGenerationalId(workSpecId=4a95eb59-221a-4c4e-8b79-214ab594c652, generation=0)
05-25 04:42:50.540 D/WM-Processor( 1529): Processor: processing WorkGenerationalId(workSpecId=4a95eb59-221a-4c4e-8b79-214ab594c652, generation=0)
05-25 04:42:50.542 D/WM-WorkerWrapper( 1529): Starting work for com.android.providers.media.photopicker.sync.ProactiveSyncWorker
05-25 04:42:50.543 I/PSyncWorker( 1529): Starting proactive picker sync from sync source: 1
05-25 04:42:50.543 I/PickerSyncTracker( 1529): Created new sync future java.util.concurrent.CompletableFuture@28f74a2[Not completed, 1 dependents]. Future map: {4a95eb59-221a-4c4e-8b79-214ab594c652=java.util.concurrent.CompletableFuture@28f74a2[Not completed, 1 dependents]}
05-25 04:42:50.543 D/PickerSyncController( 1529): syncAllMediaFromProvider() LOCAL, auth=com.android.providers.media.photopicker, retry=true
05-25 04:42:50.543 D/PickerSyncController( 1529): getSyncRequestParams() LOCAL, auth=com.android.providers.media.photopicker
05-25 04:42:50.545 D/PickerSyncController( 1529):    Latest ID/Gen=92835bc8fd6dde81:external_primary/3783
05-25 04:42:50.545 D/PickerSyncController( 1529):    Cached ID/Gen=92835bc8fd6dde81:external_primary/3774
05-25 04:42:50.545 D/PickerSyncController( 1529):    RESULT=SyncRequestParams{type=MEDIA_INCREMENTAL, gen=3774, latest=Bundle[{last_media_sync_generation=3783, media_collection_id=92835bc8fd6dde81:external_primary}], pageSize=1000}
05-25 04:42:50.545 I/PickerSyncController( 1529): Executing SyncAdd. isLocal: true. authority: com.android.providers.media.photopicker
05-25 04:42:50.545 D/PickerSyncLockManager( 1529): Trying to acquire lock com.android.providers.media.photopicker.sync.CloseableReentrantLock@cffd47[Unlocked]. Lock Name = CLOUD_PROVIDER_LOCK. Threads that may be waiting to acquire this lock = [] with timeout.
05-25 04:42:50.545 D/CloseableReentrantLock( 1529): Successfully acquired lock com.android.providers.media.photopicker.sync.CloseableReentrantLock@cffd47[Locked by thread pool-4-thread-333]. Lock Name = CLOUD_PROVIDER_LOCK. Threads that may be waiting to acquire this lock = []
05-25 04:42:50.545 D/CloseableReentrantLock( 1529): Successfully released lock com.android.providers.media.photopicker.sync.CloseableReentrantLock@cffd47[Unlocked]. Lock Name = CLOUD_PROVIDER_LOCK. Threads that may be waiting to acquire this lock = []
05-25 04:42:50.545 D/ExternalDbFacade( 1529): Token received for queryMedia = null
