05-25 02:06:54.226  1151  1151 V BaseDepthController: Applying blur: 0 to Surface(name=com.google.android.apps.nexuslauncher/com.google.android.apps.nexuslauncher.NexusLauncherActivity#212)/@0xcebc56f applyImmediately: false
05-25 02:06:54.227  1151  1151 D BaseDepthController: shouldBlurWorkspace: false targetState: Normal currentStableState: Normal mCurrentBlur: 0 mLauncher.getDepthBlurTargets(): [com.android.launcher3.Workspace{e9bdd45 V.ED..... ........ 0,0-1080,2400 #7f0a049d app:id/workspace}, com.android.launcher3.Hotseat{965127c V.ED..... ........ 0,1905-1080,2400 #7f0a01ee app:id/hotseat}]
05-25 02:06:54.243  1151  1151 V BaseDepthController: Applying blur: 0 to Surface(name=com.google.android.apps.nexuslauncher/com.google.android.apps.nexuslauncher.NexusLauncherActivity#212)/@0xcebc56f applyImmediately: false
05-25 02:06:54.244  1151  1151 D BaseDepthController: shouldBlurWorkspace: false targetState: Normal currentStableState: Normal mCurrentBlur: 0 mLauncher.getDepthBlurTargets(): [com.android.launcher3.Workspace{e9bdd45 V.ED..... ........ 0,0-1080,2400 #7f0a049d app:id/workspace}, com.android.launcher3.Hotseat{965127c V.ED..... ........ 0,1905-1080,2400 #7f0a01ee app:id/hotseat}]
05-25 02:06:54.260  1151  1151 V BaseDepthController: Applying blur: 0 to Surface(name=com.google.android.apps.nexuslauncher/com.google.android.apps.nexuslauncher.NexusLauncherActivity#212)/@0xcebc56f applyImmediately: false
05-25 02:06:54.260  1151  1151 D BaseDepthController: shouldBlurWorkspace: false targetState: Normal currentStableState: Normal mCurrentBlur: 0 mLauncher.getDepthBlurTargets(): [com.android.launcher3.Workspace{e9bdd45 V.ED..... ........ 0,0-1080,2400 #7f0a049d app:id/workspace}, com.android.launcher3.Hotseat{965127c V.ED..... ........ 0,1905-1080,2400 #7f0a01ee app:id/hotseat}]
05-25 02:06:54.277  1151  1151 V BaseDepthController: Applying blur: 0 to Surface(name=com.google.android.apps.nexuslauncher/com.google.android.apps.nexuslauncher.NexusLauncherActivity#212)/@0xcebc56f applyImmediately: false
05-25 02:06:54.277  1151  1151 D BaseDepthController: shouldBlurWorkspace: false targetState: Normal currentStableState: Normal mCurrentBlur: 0 mLauncher.getDepthBlurTargets(): [com.android.launcher3.Workspace{e9bdd45 V.ED..... ........ 0,0-1080,2400 #7f0a049d app:id/workspace}, com.android.launcher3.Hotseat{965127c V.ED..... ........ 0,1905-1080,2400 #7f0a01ee app:id/hotseat}]
05-25 02:06:54.294  1151  1151 V BaseDepthController: Applying blur: 0 to Surface(name=com.google.android.apps.nexuslauncher/com.google.android.apps.nexuslauncher.NexusLauncherActivity#212)/@0xcebc56f applyImmediately: false
05-25 02:06:54.294  1151  1151 D BaseDepthController: shouldBlurWorkspace: false targetState: Normal currentStableState: Normal mCurrentBlur: 0 mLauncher.getDepthBlurTargets(): [com.android.launcher3.Workspace{e9bdd45 V.ED..... ........ 0,0-1080,2400 #7f0a049d app:id/workspace}, com.android.launcher3.Hotseat{965127c V.ED..... ........ 0,1905-1080,2400 #7f0a01ee app:id/hotseat}]
05-25 02:06:54.311  1151  1151 V BaseDepthController: Applying blur: 0 to Surface(name=com.google.android.apps.nexuslauncher/com.google.android.apps.nexuslauncher.NexusLauncherActivity#212)/@0xcebc56f applyImmediately: false
05-25 02:06:54.311  1151  1151 D BaseDepthController: shouldBlurWorkspace: false targetState: Normal currentStableState: Normal mCurrentBlur: 0 mLauncher.getDepthBlurTargets(): [com.android.launcher3.Workspace{e9bdd45 V.ED..... ........ 0,0-1080,2400 #7f0a049d app:id/workspace}, com.android.launcher3.Hotseat{965127c V.ED..... ........ 0,1905-1080,2400 #7f0a01ee app:id/hotseat}]
05-25 02:06:54.327  1151  1151 V BaseDepthController: Applying blur: 0 to Surface(name=com.google.android.apps.nexuslauncher/com.google.android.apps.nexuslauncher.NexusLauncherActivity#212)/@0xcebc56f applyImmediately: false
05-25 02:06:54.327  1151  1151 D BaseDepthController: shouldBlurWorkspace: false targetState: Normal currentStableState: Normal mCurrentBlur: 0 mLauncher.getDepthBlurTargets(): [com.android.launcher3.Workspace{e9bdd45 V.ED..... ........ 0,0-1080,2400 #7f0a049d app:id/workspace}, com.android.launcher3.Hotseat{965127c V.ED..... ........ 0,1905-1080,2400 #7f0a01ee app:id/hotseat}]
05-25 02:06:54.344  1151  1151 V BaseDepthController: Applying blur: 0 to Surface(name=com.google.android.apps.nexuslauncher/com.google.android.apps.nexuslauncher.NexusLauncherActivity#212)/@0xcebc56f applyImmediately: false
05-25 02:06:54.344  1151  1151 D BaseDepthController: shouldBlurWorkspace: false targetState: Normal currentStableState: Normal mCurrentBlur: 0 mLauncher.getDepthBlurTargets(): [com.android.launcher3.Workspace{e9bdd45 V.ED..... ........ 0,0-1080,2400 #7f0a049d app:id/workspace}, com.android.launcher3.Hotseat{965127c V.ED..... ........ 0,1905-1080,2400 #7f0a01ee app:id/hotseat}]
05-25 02:06:54.360  1151  1151 V BaseDepthController: Applying blur: 0 to Surface(name=com.google.android.apps.nexuslauncher/com.google.android.apps.nexuslauncher.NexusLauncherActivity#212)/@0xcebc56f applyImmediately: false
05-25 02:06:54.360  1151  1151 D BaseDepthController: shouldBlurWorkspace: false targetState: Normal currentStableState: Normal mCurrentBlur: 0 mLauncher.getDepthBlurTargets(): [com.android.launcher3.Workspace{e9bdd45 V.ED..... ........ 0,0-1080,2400 #7f0a049d app:id/workspace}, com.android.launcher3.Hotseat{965127c V.ED..... ........ 0,1905-1080,2400 #7f0a01ee app:id/hotseat}]
05-25 02:06:54.377  1151  1151 V BaseDepthController: Applying blur: 0 to Surface(name=com.google.android.apps.nexuslauncher/com.google.android.apps.nexuslauncher.NexusLauncherActivity#212)/@0xcebc56f applyImmediately: false
05-25 02:06:54.377  1151  1151 D BaseDepthController: shouldBlurWorkspace: false targetState: Normal currentStableState: Normal mCurrentBlur: 0 mLauncher.getDepthBlurTargets(): [com.android.launcher3.Workspace{e9bdd45 V.ED..... ........ 0,0-1080,2400 #7f0a049d app:id/workspace}, com.android.launcher3.Hotseat{965127c V.ED..... ........ 0,1905-1080,2400 #7f0a01ee app:id/hotseat}]
05-25 02:06:54.393  1151  1151 V BaseDepthController: Applying blur: 0 to Surface(name=com.google.android.apps.nexuslauncher/com.google.android.apps.nexuslauncher.NexusLauncherActivity#212)/@0xcebc56f applyImmediately: false
05-25 02:06:54.394  1151  1151 D BaseDepthController: shouldBlurWorkspace: false targetState: Normal currentStableState: Normal mCurrentBlur: 0 mLauncher.getDepthBlurTargets(): [com.android.launcher3.Workspace{e9bdd45 V.ED..... ........ 0,0-1080,2400 #7f0a049d app:id/workspace}, com.android.launcher3.Hotseat{965127c V.ED..... ........ 0,1905-1080,2400 #7f0a01ee app:id/hotseat}]
05-25 02:06:54.428  1151  1151 V BaseDepthController: Applying blur: 0 to Surface(name=com.google.android.apps.nexuslauncher/com.google.android.apps.nexuslauncher.NexusLauncherActivity#212)/@0xcebc56f applyImmediately: false
05-25 02:06:54.428  1151  1151 D BaseDepthController: shouldBlurWorkspace: false targetState: Normal currentStableState: Normal mCurrentBlur: 0 mLauncher.getDepthBlurTargets(): [com.android.launcher3.Workspace{e9bdd45 V.ED..... ........ 0,0-1080,2400 #7f0a049d app:id/workspace}, com.android.launcher3.Hotseat{965127c V.ED..... ........ 0,1905-1080,2400 #7f0a01ee app:id/hotseat}]
05-25 02:06:54.443  1151  1151 V BaseDepthController: Applying blur: 0 to Surface(name=com.google.android.apps.nexuslauncher/com.google.android.apps.nexuslauncher.NexusLauncherActivity#212)/@0xcebc56f applyImmediately: false
05-25 02:06:54.444  1151  1151 D BaseDepthController: shouldBlurWorkspace: false targetState: Normal currentStableState: Normal mCurrentBlur: 0 mLauncher.getDepthBlurTargets(): [com.android.launcher3.Workspace{e9bdd45 V.ED..... ........ 0,0-1080,2400 #7f0a049d app:id/workspace}, com.android.launcher3.Hotseat{965127c V.ED..... ........ 0,1905-1080,2400 #7f0a01ee app:id/hotseat}]
05-25 02:06:54.477  1151  1151 V BaseDepthController: Applying blur: 0 to Surface(name=com.google.android.apps.nexuslauncher/com.google.android.apps.nexuslauncher.NexusLauncherActivity#212)/@0xcebc56f applyImmediately: false
05-25 02:06:54.477  1151  1151 D BaseDepthController: shouldBlurWorkspace: false targetState: Normal currentStableState: Normal mCurrentBlur: 0 mLauncher.getDepthBlurTargets(): [com.android.launcher3.Workspace{e9bdd45 V.ED..... ........ 0,0-1080,2400 #7f0a049d app:id/workspace}, com.android.launcher3.Hotseat{965127c V.ED..... ........ 0,1905-1080,2400 #7f0a01ee app:id/hotseat}]
05-25 02:06:54.510  1151  1151 V BaseDepthController: Applying blur: 0 to Surface(name=com.google.android.apps.nexuslauncher/com.google.android.apps.nexuslauncher.NexusLauncherActivity#212)/@0xcebc56f applyImmediately: false
05-25 02:06:54.510  1151  1151 D BaseDepthController: shouldBlurWorkspace: false targetState: Normal currentStableState: Normal mCurrentBlur: 0 mLauncher.getDepthBlurTargets(): [com.android.launcher3.Workspace{e9bdd45 V.ED..... ........ 0,0-1080,2400 #7f0a049d app:id/workspace}, com.android.launcher3.Hotseat{965127c V.ED..... ........ 0,1905-1080,2400 #7f0a01ee app:id/hotseat}]
05-25 02:06:54.560  1151  1151 V BaseDepthController: Applying blur: 0 to Surface(name=com.google.android.apps.nexuslauncher/com.google.android.apps.nexuslauncher.NexusLauncherActivity#212)/@0xcebc56f applyImmediately: false
05-25 02:06:54.561  1151  1151 D BaseDepthController: shouldBlurWorkspace: false targetState: Normal currentStableState: Normal mCurrentBlur: 0 mLauncher.getDepthBlurTargets(): [com.android.launcher3.Workspace{e9bdd45 V.ED..... ........ 0,0-1080,2400 #7f0a049d app:id/workspace}, com.android.launcher3.Hotseat{965127c V.ED..... ........ 0,1905-1080,2400 #7f0a01ee app:id/hotseat}]
05-25 02:06:54.627  1151  1151 V BaseDepthController: Applying blur: 0 to Surface(name=com.google.android.apps.nexuslauncher/com.google.android.apps.nexuslauncher.NexusLauncherActivity#212)/@0xcebc56f applyImmediately: false
05-25 02:06:54.627  1151  1151 D BaseDepthController: setEarlyWakeup: false
05-25 02:06:54.627  1151  1151 D BaseDepthController: shouldBlurWorkspace: false targetState: Normal currentStableState: Normal mCurrentBlur: 0 mLauncher.getDepthBlurTargets(): [com.android.launcher3.Workspace{e9bdd45 V.ED..... ........ 0,0-1080,2400 #7f0a049d app:id/workspace}, com.android.launcher3.Hotseat{965127c V.ED..... ........ 0,1905-1080,2400 #7f0a01ee app:id/hotseat}]
05-25 02:06:54.642  5996  5996 D AndroidRuntime: >>>>>> START com.android.internal.os.RuntimeInit uid 2000 <<<<<<
05-25 02:06:54.647  5996  5996 I AndroidRuntime: Using default boot image
05-25 02:06:54.647  5996  5996 I AndroidRuntime: Leaving lock profiling enabled
05-25 02:06:54.649  5996  5996 I app_process: Using CollectorTypeCMC GC.
05-25 02:06:54.720  5996  5996 D nativeloader: InitDefaultPublicLibraries for_preload=1: libandroid.so:libaaudio.so:libamidi.so:libbinder_ndk.so:libc.so:libcamera2ndk.so:libdl.so:libEGL.so:libGLESv1_CM.so:libGLESv2.so:libGLESv3.so:libicu.so:libicui18n.so:libicuuc.so:libjnigraphics.so:liblog.so:libmediandk.so:libm.so:libnativehelper.so:libnativewindow.so:libOpenMAXAL.so:libOpenSLES.so:libRS.so:libstdc++.so:libsync.so:libvulkan.so:libwebviewchromium_plat_support.so:libz.so
05-25 02:06:54.729  5996  5996 D nativeloader: Load libicu_jni.so using APEX ns com_android_art for caller /apex/com.android.art/javalib/core-oj.jar: ok
05-25 02:06:54.729  5996  5996 D app_process: u_setTimeZoneFilesDirectory("/apex/com.android.tzdata/etc/tz/versioned/9/icu") succeeded. 
05-25 02:06:54.729  5996  5996 D app_process: I18n APEX ICU file found: /apex/com.android.i18n/etc/icu/icudt76l.dat
05-25 02:06:54.729  5996  5996 D nativeloader: Load libjavacore.so using APEX ns com_android_art for caller /apex/com.android.art/javalib/core-oj.jar: ok
05-25 02:06:54.730  5996  5996 D nativeloader: Load libopenjdk.so using APEX ns com_android_art for caller /apex/com.android.art/javalib/core-oj.jar: ok
05-25 02:06:54.730  5996  5996 I app_process: Priority-to-niceness mapping: 19, 16, 13, 10, 0, -2, -4, -5, -6, -8
05-25 02:06:54.731  5996  5996 W app_process: Unexpected CPU variant for x86: x86_64.
05-25 02:06:54.731  5996  5996 W app_process: Known variants: atom, sandybridge, silvermont, goldmont, goldmont-plus, goldmont-without-sha-xsaves, tremont, kabylake, alderlake, default
05-25 02:06:54.732  5996  5996 W app_process: ClassLoaderContext shared library size mismatch. Expected=2, found=0 (PCL[]{PCL[/system/framework/android.test.base.jar*1653369819]#PCL[/system/framework/android.test.mock.jar*1009639922]} | PCL[])
05-25 02:06:54.733  5996  5996 W app_process: ClassLoaderContext classpath size mismatch. expected=0, found=1 (PCL[]{PCL[/system/framework/android.test.runner.jar*3954641918]{PCL[/system/framework/android.test.base.jar*1653369819]#PCL[/system/framework/android.test.mock.jar*1009639922]}#PCL[/system/framework/android.test.base.jar*1653369819]} | PCL[/system/framework/android.test.runner.jar*3954641918])
05-25 02:06:54.764  5996  5996 D nativeloader: Load libframework-connectivity-tiramisu-jni.so using APEX ns com_android_tethering for caller /apex/com.android.tethering/javalib/framework-connectivity-t.jar: ok
05-25 02:06:54.764  5996  5996 D AndroidRuntime: Calling main entry com.android.commands.uiautomator.Launcher
05-25 02:06:54.767  5996  5996 I AconfigPackage: android.media.swcodec.flags is mapped to com.android.media.swcodec
05-25 02:06:54.767  5996  5996 I AconfigPackage: com.android.permission.flags is mapped to com.android.permission
05-25 02:06:54.767  5996  5996 I AconfigPackage: com.android.permissioncontroller.flags is mapped to com.android.permission
05-25 02:06:54.768  5996  5996 I AconfigPackage: com.android.icu is mapped to com.android.i18n
05-25 02:06:54.768  5996  5996 I AconfigPackage: com.android.appsearch.flags is mapped to com.android.appsearch
05-25 02:06:54.768  5996  5996 I AconfigPackage: android.uprobestats.mainline.flags is mapped to com.android.uprobestats
05-25 02:06:54.768  5996  5996 I AconfigPackage: com.android.crashrecovery.flags is mapped to com.android.crashrecovery
05-25 02:06:54.768  5996  5996 I AconfigPackage: android.provider.flags is mapped to com.android.configinfrastructure
05-25 02:06:54.768  5996  5996 I AconfigPackage: com.android.server.deviceconfig is mapped to com.android.configinfrastructure
05-25 02:06:54.768  5996  5996 I AconfigPackage: com.android.compos.flags is mapped to com.android.compos
05-25 02:06:54.768  5996  5996 I AconfigPackage: com.android.art.flags is mapped to com.android.art
05-25 02:06:54.768  5996  5996 I AconfigPackage: com.android.art.rw.flags is mapped to com.android.art
05-25 02:06:54.768  5996  5996 I AconfigPackage: com.android.libcore is mapped to com.android.art
05-25 02:06:54.768  5996  5996 I AconfigPackage: com.android.telephony.flags is mapped to com.android.telephonycore
05-25 02:06:54.768  5996  5996 I AconfigPackage: com.android.media.extractor.flags is mapped to com.android.media
05-25 02:06:54.768  5996  5996 I AconfigPackage: com.android.media.mainline.flags is mapped to com.android.media
05-25 02:06:54.768  5996  5996 I AconfigPackage: com.android.wifi.flags is mapped to com.android.wifi
05-25 02:06:54.768  5996  5996 I AconfigPackage: com.android.org.conscrypt.flags is mapped to com.android.conscrypt
05-25 02:06:54.768  5996  5996 I AconfigPackage: com.android.org.conscrypt.net.flags is mapped to com.android.conscrypt
05-25 02:06:54.769  5996  5996 I AconfigPackage: com.android.healthfitness.flags is mapped to com.android.healthfitness
05-25 02:06:54.769  5996  5996 I AconfigPackage: com.android.ipsec.flags is mapped to com.android.ipsec
05-25 02:06:54.769  5996  5996 I AconfigPackage: com.android.nfc.module.flags is mapped to com.android.nfcservices
05-25 02:06:54.769  5996  5996 I AconfigPackage: com.android.adservices.ondevicepersonalization.flags is mapped to com.android.ondevicepersonalization
05-25 02:06:54.769  5996  5996 I AconfigPackage: com.android.adbd.flags is mapped to com.android.adbd
05-25 02:06:54.769  5996  5996 I AconfigPackage: com.android.bluetooth.flags is mapped to com.android.bt
05-25 02:06:54.769  5996  5996 I AconfigPackage: com.android.devicelock.flags is mapped to com.android.devicelock
05-25 02:06:54.769  5996  5996 I AconfigPackage: android.os.profiling is mapped to com.android.profiling
05-25 02:06:54.769  5996  5996 I AconfigPackage: android.os.profiling.anomaly.flags is mapped to com.android.profiling
05-25 02:06:54.769  5996  5996 I AconfigPackage: com.android.os.statsd.flags is mapped to com.android.os.statsd
05-25 02:06:54.769  5996  5996 I AconfigPackage: com.android.rkpd.flags is mapped to com.android.rkpd
05-25 02:06:54.769  5996  5996 I AconfigPackage: com.android.cellbroadcastreceiver.flags is mapped to com.android.cellbroadcast
05-25 02:06:54.769  5996  5996 I AconfigPackage: com.android.adservices.flags is mapped to com.android.adservices
05-25 02:06:54.769  5996  5996 I AconfigPackage: com.android.sdksandbox.flags is mapped to com.android.adservices
05-25 02:06:54.769  5996  5996 I AconfigPackage: com.android.uwb.flags is mapped to com.android.uwb
05-25 02:06:54.769  5996  5996 I AconfigPackage: com.android.ranging.flags is mapped to com.android.uwb
05-25 02:06:54.769  5996  5996 I AconfigPackage: android.graphics.pdf.flags is mapped to com.android.mediaprovider
05-25 02:06:54.769  5996  5996 I AconfigPackage: com.android.providers.media.flags is mapped to com.android.mediaprovider
05-25 02:06:54.769  5996  5996 I AconfigPackage: android.graphics.pdf.flags.readonly is mapped to com.android.mediaprovider
05-25 02:06:54.769  5996  5996 I AconfigPackage: com.android.tethering.mainline.beta is mapped to com.android.tethering
05-25 02:06:54.769  5996  5996 I AconfigPackage: android.net.http is mapped to com.android.tethering
05-25 02:06:54.769  5996  5996 I AconfigPackage: com.android.tethering.readonly.flags is mapped to com.android.tethering
05-25 02:06:54.769  5996  5996 I AconfigPackage: android.net.vcn is mapped to com.android.tethering
05-25 02:06:54.769  5996  5996 I AconfigPackage: com.android.net.flags is mapped to com.android.tethering
05-25 02:06:54.769  5996  5996 I AconfigPackage: com.android.tethering.beta.test is mapped to com.android.tethering
05-25 02:06:54.769  5996  5996 I AconfigPackage: com.android.nearby.flags is mapped to com.android.tethering
05-25 02:06:54.769  5996  5996 I AconfigPackage: com.android.net.ct.flags is mapped to com.android.tethering
05-25 02:06:54.769  5996  5996 I AconfigPackage: com.android.net.thread.flags is mapped to com.android.tethering
05-25 02:06:54.769  5996  5996 I AconfigPackage: com.android.system.virtualmachine.flags is mapped to com.android.virt
05-25 02:06:54.769  5996  5996 E FeatureFlagsImplExport: android.os.flagging.AconfigStorageReadException: ERROR_PACKAGE_NOT_FOUND: package android.xr cannot be found on the device
05-25 02:06:54.771  5996  5996 D UiAutomationConnection: Created on user UserHandle{0}
05-25 02:06:54.771  5996  5996 I UiAutomation: Initialized for user 0 on display 0
05-25 02:06:54.771  5996  5996 W UiAutomation: Created with deprecatead constructor, assumes DEFAULT_DISPLAY
05-25 02:06:54.772   755  1931 D AccessibilityManagerService: changeCurrentUserForTestAutomationIfNeededLocked(0): ignoring because device doesn't support visible background users
05-25 02:06:54.772   755  1931 I UiAutomationManager: Registering UiTestAutomationService (id=com.android.server.accessibility/UiAutomation, flags=0x0) when called by user 0
05-25 02:06:54.772   755  1931 V AccessibilityManagerService: onUserStateChangedLocked for userId: 0, forceUpdate: false
05-25 02:06:54.773   755  1931 V AccessibilityUserState: updateShortcutTargets: type:accessibility_shortcut_target_service, current:{}, new:{}
05-25 02:06:54.773   755  1931 V AccessibilityUserState: updateShortcutTargets: type:accessibility_button_targets, current:{}, new:{}
05-25 02:06:54.773   755  1931 V AccessibilityUserState: updateShortcutTargets: type:accessibility_gesture_targets, current:{}, new:{}
05-25 02:06:54.773   755  1931 V AccessibilityUserState: updateShortcutTargets: type:accessibility_qs_targets, current:{}, new:{}
05-25 02:06:54.773   755  1931 V AccessibilityUserState: updateShortcutTargets: type:accessibility_key_gesture_targets, current:{}, new:{}
05-25 02:06:54.773   755  1931 W MagnificationConnectionManager: requestConnection duplicated request: connect=false, mConnectionState=DISCONNECTED
05-25 02:06:54.774  1546  2095 I AiAiEcho: Settings changed for uri: content://settings/secure/accessibility_enabled
05-25 02:06:54.774   755   755 W libbinder.IPCThreadState: Sending oneway calls to frozen process.
05-25 02:06:54.774   755   755 W libbinder.IPCThreadState: Sending oneway calls to frozen process.
05-25 02:06:54.774   755   755 W libbinder.IPCThreadState: Sending oneway calls to frozen process.
05-25 02:06:54.774   755   755 W libbinder.IPCThreadState: Sending oneway calls to frozen process.
05-25 02:06:54.774   755   755 W libbinder.IPCThreadState: Sending oneway calls to frozen process.
05-25 02:06:54.775   755   755 W libbinder.IPCThreadState: Sending oneway calls to frozen process.
05-25 02:06:54.775  1546  1927 I AiAiEcho: Predicting[0]:  [CONTEXT sampling_count=5 ]
05-25 02:06:54.775   755   755 W libbinder.IPCThreadState: Sending oneway calls to frozen process.
05-25 02:06:54.775   755   755 W libbinder.IPCThreadState: Sending oneway calls to frozen process.
05-25 02:06:54.775   755   755 W libbinder.IPCThreadState: Sending oneway calls to frozen process.
05-25 02:06:54.775  1546  1927 I AiAiEcho: EchoTargets: 
05-25 02:06:54.775  1546  1927 I AiAiEcho: Filtered by AiAi flag check: 
05-25 02:06:54.775  1546  1927 I AiAiEcho: [CONTEXT ratelimit_period="10 SECONDS" ]
05-25 02:06:54.775   755   755 W libbinder.IPCThreadState: Sending oneway calls to frozen process.
05-25 02:06:54.775  1546  1927 I AiAiEcho: #remoteViewsTwiddler: feature disabled.
05-25 02:06:54.775  1546  1927 I AiAiEcho: Predicting[0]:  [CONTEXT sampling_count=5 ]
05-25 02:06:54.775  1546  1927 I AiAiEcho: EchoTargets: 
05-25 02:06:54.775  1546  1927 I AiAiEcho: Filtered by AiAi flag check: 
05-25 02:06:54.775  1546  1927 I AiAiEcho: [CONTEXT ratelimit_period="10 SECONDS" ]
05-25 02:06:54.775  1546  1927 I AiAiEcho: #remoteViewsTwiddler: feature disabled.
05-25 02:06:54.775   755   755 W libbinder.IPCThreadState: Sending oneway calls to frozen process.
05-25 02:06:54.776   755   755 W libbinder.IPCThreadState: Sending oneway calls to frozen process.
05-25 02:06:54.776   755   755 W libbinder.IPCThreadState: Sending oneway calls to frozen process.
05-25 02:06:54.776   755   755 W libbinder.IPCThreadState: Sending oneway calls to frozen process.
05-25 02:06:54.776   755   755 W libbinder.IPCThreadState: Sending oneway calls to frozen process.
05-25 02:06:54.776   755   755 W libbinder.IPCThreadState: Sending oneway calls to frozen process.
05-25 02:06:54.776   755   755 W libbinder.IPCThreadState: Sending oneway calls to frozen process.
05-25 02:06:54.776  1546  1927 I AiAiEcho: #postPredictionTargets: Sending updates to UISurface lockscreen with targets# 0 (types=[])
05-25 02:06:54.776   755   755 W libbinder.IPCThreadState: Sending oneway calls to frozen process.
05-25 02:06:54.776   755   755 D BatterySaverPolicy: accessibility changed to true, updating policy.
05-25 02:06:54.776   755  1865 V AccessibilityManagerService: onUserStateChangedLocked for userId: 0, forceUpdate: false
05-25 02:06:54.778  1546  2095 I AiAiEcho: Settings changed for uri: content://settings/secure/accessibility_enabled
05-25 02:06:54.779   755  1865 V AccessibilityUserState: updateShortcutTargets: type:accessibility_shortcut_target_service, current:{}, new:{}
05-25 02:06:54.779   755  1865 V AccessibilityUserState: updateShortcutTargets: type:accessibility_button_targets, current:{}, new:{}
05-25 02:06:54.779   755  1865 V AccessibilityUserState: updateShortcutTargets: type:accessibility_gesture_targets, current:{}, new:{}
05-25 02:06:54.779   755  1865 V AccessibilityUserState: updateShortcutTargets: type:accessibility_qs_targets, current:{}, new:{}
05-25 02:06:54.779   755  1865 V AccessibilityUserState: updateShortcutTargets: type:accessibility_key_gesture_targets, current:{}, new:{}
05-25 02:06:54.779   755  1865 W MagnificationConnectionManager: requestConnection duplicated request: connect=false, mConnectionState=DISCONNECTED
05-25 02:06:54.779  1546  1927 I AiAiEcho: #postPredictionTargets: Sending updates to UISurface home with targets# 0 (types=[])
05-25 02:06:54.779  1546  1927 I AiAiEcho: Predicting[0]:  [CONTEXT sampling_count=5 ]
05-25 02:06:54.779  1546  1927 I AiAiEcho: EchoTargets: 
05-25 02:06:54.779  1546  1927 I AiAiEcho: Filtered by AiAi flag check: 
05-25 02:06:54.779  1546  1927 I AiAiEcho: [CONTEXT ratelimit_period="10 SECONDS" ]
05-25 02:06:54.779  1546  1927 I AiAiEcho: #remoteViewsTwiddler: feature disabled.
05-25 02:06:54.779  1546  1927 I AiAiEcho: Predicting[0]:  [CONTEXT sampling_count=5 ]
05-25 02:06:54.779  1546  1927 I AiAiEcho: EchoTargets: 
05-25 02:06:54.779  1546  1927 I AiAiEcho: Filtered by AiAi flag check: 
05-25 02:06:54.779  1546  1927 I AiAiEcho: [CONTEXT ratelimit_period="10 SECONDS" ]
05-25 02:06:54.780  1546  1927 I AiAiEcho: #remoteViewsTwiddler: feature disabled.
05-25 02:06:54.780   755   755 W libbinder.IPCThreadState: Sending oneway calls to frozen process.
05-25 02:06:54.780   755   755 W libbinder.IPCThreadState: Sending oneway calls to frozen process.
05-25 02:06:54.780   755   755 W libbinder.IPCThreadState: Sending oneway calls to frozen process.
05-25 02:06:54.780   755   755 W libbinder.IPCThreadState: Sending oneway calls to frozen process.
05-25 02:06:54.780   755   755 W libbinder.IPCThreadState: Sending oneway calls to frozen process.
05-25 02:06:54.780  1546  1927 I AiAiEcho: #postPredictionTargets: Sending updates to UISurface lockscreen with targets# 0 (types=[])
05-25 02:06:54.780   755   755 W libbinder.IPCThreadState: Sending oneway calls to frozen process.
05-25 02:06:54.780   755   755 W libbinder.IPCThreadState: Sending oneway calls to frozen process.
05-25 02:06:54.780   755   755 W libbinder.IPCThreadState: Sending oneway calls to frozen process.
05-25 02:06:54.780   755   755 W libbinder.IPCThreadState: Sending oneway calls to frozen process.
05-25 02:06:54.780   755   755 W libbinder.IPCThreadState: Sending oneway calls to frozen process.
05-25 02:06:54.780  1546  1927 I AiAiEcho: #postPredictionTargets: Sending updates to UISurface home with targets# 0 (types=[])
05-25 02:06:54.781   755   755 W libbinder.IPCThreadState: Sending oneway calls to frozen process.
05-25 02:06:54.781   755   755 W libbinder.IPCThreadState: Sending oneway calls to frozen process.
05-25 02:06:54.784  1012  1012 W SsPagerDots: Total number of pages invalid: 0. Assuming 1 page.
05-25 02:06:54.785  1012  1012 W SsPagerDots: Total number of pages invalid: 0. Assuming 1 page.
05-25 02:06:54.785   755  1368 D AccessibilityManagerService: .getAccessibilityShortcutTargets {shortcutType=32, userId=0}
05-25 02:06:54.793  1151  1151 D ScalingWorkspaceRevealAnim: onAnimationEnd, workspace and hotseat are visible
05-25 02:06:54.794  1151  1151 V BaseDepthController: Applying blur: 0 to Surface(name=com.google.android.apps.nexuslauncher/com.google.android.apps.nexuslauncher.NexusLauncherActivity#212)/@0xcebc56f applyImmediately: false
05-25 02:06:54.794  1151  1151 D BaseDepthController: shouldBlurWorkspace: false targetState: Normal currentStableState: Normal mCurrentBlur: 0 mLauncher.getDepthBlurTargets(): [com.android.launcher3.Workspace{e9bdd45 V.ED..... ......ID 0,0-1080,2400 #7f0a049d app:id/workspace}, com.android.launcher3.Hotseat{965127c V.ED..... ......ID 0,1905-1080,2400 #7f0a01ee app:id/hotseat}]
05-25 02:06:54.795  1151  1151 D SsBaseTemplateCard: Passed-in item info is null
05-25 02:06:54.795  1151  1151 D SsBaseTemplateCard: Passed-in item info is null
05-25 02:06:54.795  1151  1151 D SsBaseTemplateCard: Passed-in item info is null
05-25 02:06:54.795  1151  1151 D SsBaseTemplateCard: Passed-in item info is null
05-25 02:06:54.795  1151  1151 I SsBaseTemplateCard: Secondary card pane is null
05-25 02:06:54.796  1012  1433 V WindowManagerShell: Received remote transition finished callback for (#10)
05-25 02:06:54.796  1012  1069 V WindowManagerShell: Transition animation finished (aborted=false), notifying core (#10) android.os.BinderProxy@8243719@0
05-25 02:06:54.799   755   775 V WindowManager: Finish Transition (#10): created at 05-25 02:06:53.705 collect-started=0.013ms request-sent=0.057ms started=2.897ms ready=72.961ms sent=75.729ms commit=18.902ms finished=1093.027ms
05-25 02:06:54.799   755   778 D OomAdjuster: Not killing cached processes
05-25 02:06:54.800  3689  3689 D VRI[MainActivity]: visibilityChanged oldVisibility=true newVisibility=false
05-25 02:06:54.801  1012  1069 V WindowManagerShell: Track 0 became idle
05-25 02:06:54.801  1012  1069 V WindowManagerShell: All active transition animations finished
05-25 02:06:54.807   755   989 W ImageReader_JNI: Unable to acquire a buffer item, very likely client tried to acquire more than maxImages buffers
05-25 02:06:54.886  1151  1151 W FrameTracker: Missed SF frame:JANK_COMPOSER, 181269, 8226702, CUJ=J<LAUNCHER_APP_CLOSE_TO_HOME>
05-25 02:06:54.886  1151  1151 W FrameTracker: Missed SF frame:JANK_COMPOSER, 181298, 3384404, CUJ=J<LAUNCHER_APP_CLOSE_TO_HOME>
05-25 02:06:54.886  1151  1151 W FrameTracker: Missed SF frame:JANK_COMPOSER, 181443, 7555450, CUJ=J<LAUNCHER_APP_CLOSE_TO_HOME>
05-25 02:06:54.886  1151  1151 W FrameTracker: Missed SF frame:JANK_COMPOSER, 181508, 8125578, CUJ=J<LAUNCHER_APP_CLOSE_TO_HOME>
05-25 02:06:54.886  1151  1151 W FrameTracker: Missed SF frame:JANK_COMPOSER, 181537, 4407557, CUJ=J<LAUNCHER_APP_CLOSE_TO_HOME>
05-25 02:06:54.886  1151  1151 W FrameTracker: Missed SF frame:JANK_COMPOSER, 181552, 5545021, CUJ=J<LAUNCHER_APP_CLOSE_TO_HOME>
05-25 02:06:54.886  1151  1151 W FrameTracker: Missed SF frame:JANK_COMPOSER, 181581, 5316118, CUJ=J<LAUNCHER_APP_CLOSE_TO_HOME>
05-25 02:06:54.886  1151  1151 W FrameTracker: Missed SF frame:JANK_COMPOSER, 181640, 4364584, CUJ=J<LAUNCHER_APP_CLOSE_TO_HOME>
05-25 02:06:54.886  1151  1151 W FrameTracker: Missed SF frame:JANK_COMPOSER, 181669, 3760638, CUJ=J<LAUNCHER_APP_CLOSE_TO_HOME>
05-25 02:06:54.886  1151  1151 W FrameTracker: Missed SF frame:JANK_COMPOSER, 181757, 4338559, CUJ=J<LAUNCHER_APP_CLOSE_TO_HOME>
05-25 02:06:54.886  1151  1151 W FrameTracker: Missed SF frame:JANK_COMPOSER, 181823, 2976915, CUJ=J<LAUNCHER_APP_CLOSE_TO_HOME>
05-25 02:06:54.886  1151  1151 W FrameTracker: Missed SF frame:JANK_COMPOSER, 181838, 3474924, CUJ=J<LAUNCHER_APP_CLOSE_TO_HOME>
05-25 02:06:54.886  1151  1151 W FrameTracker: Missed SF frame:JANK_COMPOSER, 181860, 6697633, CUJ=J<LAUNCHER_APP_CLOSE_TO_HOME>
05-25 02:06:54.886  1151  1151 W FrameTracker: Missed SF frame:JANK_COMPOSER, 181882, 3319734, CUJ=J<LAUNCHER_APP_CLOSE_TO_HOME>
05-25 02:06:54.886  1151  1151 W FrameTracker: Missed SF frame:JANK_COMPOSER, 181933, 5497124, CUJ=J<LAUNCHER_APP_CLOSE_TO_HOME>
05-25 02:06:54.886  1151  1151 W FrameTracker: Missed SF frame:JANK_COMPOSER, 181948, 4521910, CUJ=J<LAUNCHER_APP_CLOSE_TO_HOME>
05-25 02:06:54.886  1151  1151 W FrameTracker: Missed SF frame:JANK_COMPOSER, 181977, 3544398, CUJ=J<LAUNCHER_APP_CLOSE_TO_HOME>
05-25 02:06:54.886  1151  1151 W FrameTracker: Missed SF frame:JANK_COMPOSER, 181992, 3008652, CUJ=J<LAUNCHER_APP_CLOSE_TO_HOME>
05-25 02:06:54.886  1151  1151 W FrameTracker: Missed SF frame:JANK_COMPOSER, 182014, 5222786, CUJ=J<LAUNCHER_APP_CLOSE_TO_HOME>
05-25 02:06:54.886  1151  1151 W FrameTracker: Missed SF frame:JANK_COMPOSER, 182036, 5167848, CUJ=J<LAUNCHER_APP_CLOSE_TO_HOME>
05-25 02:06:54.886  1151  1151 W FrameTracker: Missed SF frame:JANK_COMPOSER, 182146, 3491978, CUJ=J<LAUNCHER_APP_CLOSE_TO_HOME>
05-25 02:06:54.886  1151  1151 W FrameTracker: Missed SF frame:JANK_COMPOSER, 182175, 3714256, CUJ=J<LAUNCHER_APP_CLOSE_TO_HOME>
05-25 02:06:54.886  1151  1151 W FrameTracker: Missed SF frame:JANK_COMPOSER, 182190, 3066317, CUJ=J<LAUNCHER_APP_CLOSE_TO_HOME>
05-25 02:06:54.886  1151  1151 W FrameTracker: Missed SF frame:JANK_COMPOSER, 182234, 4235362, CUJ=J<LAUNCHER_APP_CLOSE_TO_HOME>
05-25 02:06:54.886  1151  1151 W FrameTracker: Missed SF frame:JANK_COMPOSER, 182345, 4838758, CUJ=J<LAUNCHER_APP_CLOSE_TO_HOME>
05-25 02:06:54.886  1151  1151 W FrameTracker: Missed SF frame:JANK_COMPOSER, 182367, 9460227, CUJ=J<LAUNCHER_APP_CLOSE_TO_HOME>
05-25 02:06:54.886  1151  1151 W FrameTracker: Missed SF frame:JANK_COMPOSER, 182389, 3770598, CUJ=J<LAUNCHER_APP_CLOSE_TO_HOME>
05-25 02:06:54.886  1151  1151 W FrameTracker: Missed SF frame:JANK_COMPOSER, 182404, 4173611, CUJ=J<LAUNCHER_APP_CLOSE_TO_HOME>
05-25 02:06:54.886  1151  1151 W FrameTracker: Missed SF frame:JANK_COMPOSER, 182419, 7854975, CUJ=J<LAUNCHER_APP_CLOSE_TO_HOME>
05-25 02:06:54.886  1151  1151 W FrameTracker: Missed SF frame:JANK_COMPOSER, 182434, 8610663, CUJ=J<LAUNCHER_APP_CLOSE_TO_HOME>
05-25 02:06:54.886  1151  1151 W FrameTracker: Missed SF frame:JANK_COMPOSER, 182449, 5467941, CUJ=J<LAUNCHER_APP_CLOSE_TO_HOME>
05-25 02:06:54.886  1151  1151 W FrameTracker: Missed SF frame:JANK_COMPOSER, 182464, 3301526, CUJ=J<LAUNCHER_APP_CLOSE_TO_HOME>
05-25 02:06:54.886  1151  1151 W FrameTracker: Missed SF frame:JANK_COMPOSER, 182479, 7347337, CUJ=J<LAUNCHER_APP_CLOSE_TO_HOME>
05-25 02:06:54.886  1151  1151 W FrameTracker: Missed SF frame:JANK_COMPOSER, 182508, 8994514, CUJ=J<LAUNCHER_APP_CLOSE_TO_HOME>
05-25 02:06:54.888  3689  3689 I AutofillManager: onInvisibleForAutofill(): expiringResponse
05-25 02:06:54.892  3689  3689 D WindowOnBackDispatcher: setTopOnBackInvokedCallback (unwrapped): null
05-25 02:06:54.892   755  1931 D CoreBackPreview: Window{ae80c81 u0 com.tiarnanlarkin.danio/com.tiarnanlarkin.danio.MainActivity}: Setting back callback null
05-25 02:06:55.012  3689  3689 D ViewRootImpl: Skipping stats log for color mode
05-25 02:06:55.017   755   966 D BackgroundInstallControlService: Package event received: 0
05-25 02:06:55.030  1151  1151 D RecentsView: onTaskRemoved: 6, not handling task stack changes
05-25 02:06:55.030  1151  1151 D RecentsView: onTaskRemoved: 6, not handling task stack changes
05-25 02:06:55.031  1012  1069 V ShellTaskOrganizer: Task vanished taskId=6
05-25 02:06:55.031  1012  1069 V ShellTaskOrganizer: Fullscreen Task Vanished: #6
05-25 02:06:55.032  1012  1069 D ShellDesktopMode: AppToWebRepository: Task 6 is vanishing. Removing task data from repository
05-25 02:06:55.032  1151  1151 D b/417220811: invalidateLoadedTasks - previous requestLoadId: -1
05-25 02:06:55.906  5996  5996 W AccessibilityNodeInfoDumper: Fetch time: 5ms
05-25 02:06:55.907   755  2150 V AccessibilityManagerService: onUserStateChangedLocked for userId: 0, forceUpdate: false
05-25 02:06:55.908   755  2150 V AccessibilityUserState: updateShortcutTargets: type:accessibility_shortcut_target_service, current:{}, new:{}
05-25 02:06:55.908   755  2150 V AccessibilityUserState: updateShortcutTargets: type:accessibility_button_targets, current:{}, new:{}
05-25 02:06:55.908   755  2150 V AccessibilityUserState: updateShortcutTargets: type:accessibility_gesture_targets, current:{}, new:{}
05-25 02:06:55.908   755  2150 V AccessibilityUserState: updateShortcutTargets: type:accessibility_qs_targets, current:{}, new:{}
05-25 02:06:55.908   755  2150 V AccessibilityUserState: updateShortcutTargets: type:accessibility_key_gesture_targets, current:{}, new:{}
05-25 02:06:55.908   755  2150 W MagnificationConnectionManager: requestConnection duplicated request: connect=false, mConnectionState=DISCONNECTED
05-25 02:06:55.908   755  2150 D AccessibilityManagerService: restoreCurrentUserForTestAutomationIfNeededLocked(): ignoring because device doesn't support visible background users
05-25 02:06:55.908  1546  2095 I AiAiEcho: Settings changed for uri: content://settings/secure/accessibility_enabled
05-25 02:06:55.908   755   755 W libbinder.IPCThreadState: Sending oneway calls to frozen process.
05-25 02:06:55.908   755   755 W libbinder.IPCThreadState: Sending oneway calls to frozen process.
05-25 02:06:55.908   755   755 W libbinder.IPCThreadState: Sending oneway calls to frozen process.
05-25 02:06:55.908   755   755 W libbinder.IPCThreadState: Sending oneway calls to frozen process.
05-25 02:06:55.908   755   755 W libbinder.IPCThreadState: Sending oneway calls to frozen process.
05-25 02:06:55.909   755   755 W libbinder.IPCThreadState: Sending oneway calls to frozen process.
05-25 02:06:55.909  1546  1927 I AiAiEcho: Predicting[0]:  [CONTEXT sampling_count=5 ]
05-25 02:06:55.909   755   755 W libbinder.IPCThreadState: Sending oneway calls to frozen process.
05-25 02:06:55.909   755   755 W libbinder.IPCThreadState: Sending oneway calls to frozen process.
05-25 02:06:55.909   755   755 W libbinder.IPCThreadState: Sending oneway calls to frozen process.
05-25 02:06:55.909   755   755 W libbinder.IPCThreadState: Sending oneway calls to frozen process.
05-25 02:06:55.909   755   755 W libbinder.IPCThreadState: Sending oneway calls to frozen process.
05-25 02:06:55.909  1546  1927 I AiAiEcho: EchoTargets: 
05-25 02:06:55.909  1546  1927 I AiAiEcho: Filtered by AiAi flag check: 
05-25 02:06:55.909  1546  1927 I AiAiEcho: [CONTEXT ratelimit_period="10 SECONDS" ]
05-25 02:06:55.909   755   755 W libbinder.IPCThreadState: Sending oneway calls to frozen process.
05-25 02:06:55.909  1546  1927 I AiAiEcho: #remoteViewsTwiddler: feature disabled.
05-25 02:06:55.909  1546  1927 I AiAiEcho: Predicting[0]:  [CONTEXT sampling_count=5 ]
05-25 02:06:55.909  1546  1927 I AiAiEcho: EchoTargets: 
05-25 02:06:55.909  1546  1927 I AiAiEcho: Filtered by AiAi flag check: 
05-25 02:06:55.909  1546  1927 I AiAiEcho: [CONTEXT ratelimit_period="10 SECONDS" ]
05-25 02:06:55.910  1546  1927 I AiAiEcho: #remoteViewsTwiddler: feature disabled.
05-25 02:06:55.910   755   755 W libbinder.IPCThreadState: Sending oneway calls to frozen process.
05-25 02:06:55.910   755   755 W libbinder.IPCThreadState: Sending oneway calls to frozen process.
05-25 02:06:55.910   755   755 W libbinder.IPCThreadState: Sending oneway calls to frozen process.
05-25 02:06:55.910   755   755 W libbinder.IPCThreadState: Sending oneway calls to frozen process.
05-25 02:06:55.910   755   755 W libbinder.IPCThreadState: Sending oneway calls to frozen process.
05-25 02:06:55.910   755   755 W libbinder.IPCThreadState: Sending oneway calls to frozen process.
05-25 02:06:55.910   755   755 D BatterySaverPolicy: accessibility changed to false, updating policy.
05-25 02:06:55.910  5996  5996 D AndroidRuntime: Shutting down VM
05-25 02:06:55.911  5996  6004 W libbinder.IPCThreadState: call to talkWithDriver in joinThreadPool returned error: -9 (Bad file descriptor), FD: -1
05-25 02:06:55.911  5996  6008 W libbinder.IPCThreadState: call to talkWithDriver in joinThreadPool returned error: -9 (Bad file descriptor), FD: -1
05-25 02:06:55.911  5996  6005 W libbinder.IPCThreadState: call to talkWithDriver in joinThreadPool returned error: -9 (Bad file descriptor), FD: -1
05-25 02:06:55.911  1546  1927 I AiAiEcho: #postPredictionTargets: Sending updates to UISurface lockscreen with targets# 0 (types=[])
05-25 02:06:55.912  1546  1927 I AiAiEcho: #postPredictionTargets: Sending updates to UISurface home with targets# 0 (types=[])
05-25 02:06:55.914  1012  1012 W SsPagerDots: Total number of pages invalid: 0. Assuming 1 page.
05-25 02:06:55.927  1151  1151 D SsBaseTemplateCard: Passed-in item info is null
05-25 02:06:55.927  1151  1151 D SsBaseTemplateCard: Passed-in item info is null
05-25 02:06:55.927  1151  1151 D SsBaseTemplateCard: Passed-in item info is null
05-25 02:06:55.927  1151  1151 D SsBaseTemplateCard: Passed-in item info is null
05-25 02:06:55.927  1151  1151 I SsBaseTemplateCard: Secondary card pane is null
05-25 02:06:56.443  1484  1484 D BoundBrokerSvc: onUnbind: Intent { act=com.google.android.gms.common.BIND_SHARED_PREFS xflg=0x4 pkg=com.google.android.gms }
05-25 02:06:57.010   755   906 I HalDevMgr: bestIfaceCreationProposal is null, requestIface=STA, existingIface=[name=wlan0 type=STA]
05-25 02:06:57.759   755   785 W libbinder.IPCThreadState: Sending oneway calls to frozen process.
05-25 02:06:57.760   755   785 W libbinder.IPCThreadState: Sending oneway calls to frozen process.
05-25 02:06:58.021   755  1625 E TaskPersister: File error accessing recents directory (directory doesn't exist?).
05-25 02:06:58.726   755   916 D InetDiagMessage: Destroyed 0 sockets, proto=IPPROTO_TCP, family=AF_INET, states=14
05-25 02:06:58.726   755   916 D InetDiagMessage: Destroyed 0 sockets, proto=IPPROTO_TCP, family=AF_INET6, states=14
05-25 02:06:58.726   755   916 D InetDiagMessage: Destroyed live tcp sockets for uids={10219} in 1ms
05-25 02:06:58.726   755   916 D InetDiagMessage: Destroyed 0 sockets, proto=IPPROTO_TCP, family=AF_INET, states=14
05-25 02:06:58.727   755   916 D InetDiagMessage: Destroyed 0 sockets, proto=IPPROTO_TCP, family=AF_INET6, states=14
05-25 02:06:58.727   755   916 D InetDiagMessage: Destroyed live tcp sockets for uids={20219} in 1ms
05-25 02:06:58.785   755   785 W libbinder.IPCThreadState: Sending oneway calls to frozen process.
05-25 02:07:00.016   755   906 I HalDevMgr: bestIfaceCreationProposal is null, requestIface=STA, existingIface=[name=wlan0 type=STA]
05-25 02:07:01.438   755   845 D OomAdjuster: Not killing cached processes
05-25 02:07:01.447   755  1368 W JobScheduler: Job didn't exist in JobStore: 3cef29d #u0a162/1034 com.google.android.apps.photos/com.google.android.libraries.social.mediamonitor.MediaMonitorJobSchedulerService
05-25 02:07:01.449   755  2150 W UriGrantsManagerService: No permission grants found for com.google.android.apps.photos
05-25 02:07:01.449   755  2150 W UriGrantsManagerService: No permission grants found for com.google.android.apps.photos
05-25 02:07:01.462   755  2150 W JobInfo : Job 'com.google.android.apps.photos/com.google.android.libraries.social.async.BackgroundTaskJobService#1043' has a deadline with no functional constraints. The deadline won't improve job execution latency. Consider removing the deadline.
05-25 02:07:01.482   755  2150 W UriGrantsManagerService: No permission grants found for com.google.android.apps.photos
05-25 02:07:01.482   755  2150 W UriGrantsManagerService: No permission grants found for com.google.android.apps.photos
05-25 02:07:01.499  2368  5930 I XmpUtil : XMP parse: only JPEG file is supported
05-25 02:07:01.499  2368  2905 W JobInfo : Requested important-while-foreground flag for job555000104 is ignored and takes no effect
05-25 02:07:01.504  2368  2379 W System  : A resource failed to call close. 
05-25 02:07:01.510   755   771 D ConnectivityService: requestNetwork for uid/pid:10162/2368 activeRequest: null callbackRequest: 177 [NetworkRequest [ REQUEST id=178, [ Capabilities: INTERNET&NOT_RESTRICTED&TRUSTED&NOT_VCN_MANAGED&NOT_BANDWIDTH_CONSTRAINED Uid: 10162 RequestorUid: 10162 RequestorPkg: com.google.android.apps.photos UnderlyingNetworks: Null] ]] callback flags: 0 order: 2147483647 isUidTracked: false declaredMethods: AVAIL|LOST|NC|BLK
05-25 02:07:01.512   755   906 D WifiNetworkFactory: got request NetworkRequest [ REQUEST id=178, [ Capabilities: INTERNET&NOT_RESTRICTED&TRUSTED&NOT_VCN_MANAGED&NOT_BANDWIDTH_CONSTRAINED Uid: 10162 RequestorUid: 10162 RequestorPkg: com.google.android.apps.photos UnderlyingNetworks: Null] ]
05-25 02:07:01.512   755   916 D ConnectivityService: NetReassign [178 : null → 100] [c 0] [a 2] [i 0]
05-25 02:07:01.512   755   906 D UntrustedWifiNetworkFactory: got request NetworkRequest [ REQUEST id=178, [ Capabilities: INTERNET&NOT_RESTRICTED&TRUSTED&NOT_VCN_MANAGED&NOT_BANDWIDTH_CONSTRAINED Uid: 10162 RequestorUid: 10162 RequestorPkg: com.google.android.apps.photos UnderlyingNetworks: Null] ]
05-25 02:07:01.512   755   906 D OemPaidWifiNetworkFactory: got request NetworkRequest [ REQUEST id=178, [ Capabilities: INTERNET&NOT_RESTRICTED&TRUSTED&NOT_VCN_MANAGED&NOT_BANDWIDTH_CONSTRAINED Uid: 10162 RequestorUid: 10162 RequestorPkg: com.google.android.apps.photos UnderlyingNetworks: Null] ]
05-25 02:07:01.512   755   906 D MultiInternetWifiNetworkFactory: got request NetworkRequest [ REQUEST id=178, [ Capabilities: INTERNET&NOT_RESTRICTED&TRUSTED&NOT_VCN_MANAGED&NOT_BANDWIDTH_CONSTRAINED Uid: 10162 RequestorUid: 10162 RequestorPkg: com.google.android.apps.photos UnderlyingNetworks: Null] ]
05-25 02:07:01.522   755   771 W UriGrantsManagerService: No permission grants found for com.google.android.apps.photos
05-25 02:07:01.522   755   771 W UriGrantsManagerService: No permission grants found for com.google.android.apps.photos
05-25 02:07:01.535   755  1251 W JobInfo : Job 'com.google.android.apps.photos/com.google.android.libraries.social.async.BackgroundTaskJobService#1043' has a deadline with no functional constraints. The deadline won't improve job execution latency. Consider removing the deadline.
05-25 02:07:01.553  2368  2379 W System  : A resource failed to call close. 
05-25 02:07:01.799   755   785 W libbinder.IPCThreadState: Sending oneway calls to frozen process.
05-25 02:07:01.799   755   785 W libbinder.IPCThreadState: Sending oneway calls to frozen process.
05-25 02:07:02.465   755  1928 W JobInfo : Job 'com.google.android.apps.photos/com.google.android.libraries.social.async.BackgroundTaskJobService#1043' has a deadline with no functional constraints. The deadline won't improve job execution latency. Consider removing the deadline.
05-25 02:07:02.823   755   785 W libbinder.IPCThreadState: Sending oneway calls to frozen process.
05-25 02:07:03.019   755   906 I HalDevMgr: bestIfaceCreationProposal is null, requestIface=STA, existingIface=[name=wlan0 type=STA]
05-25 02:07:03.805  1139  1263 D SatelliteController: iisInCarrierRoamingNbIotNtn: satellite is disabled
05-25 02:07:03.805  1139  1263 D SatelliteController: getCarrierRoamingNtnConnectType: Falling back to global carrier config connect type: 0
05-25 02:07:03.805   755  1928 W libbinder.IPCThreadState: Sending oneway calls to frozen process.
05-25 02:07:04.784   755   785 W libbinder.IPCThreadState: Sending oneway calls to frozen process.
05-25 02:07:04.784   755   785 W libbinder.IPCThreadState: Sending oneway calls to frozen process.
05-25 02:07:04.854   755   854 D ActivityManager: freezing 3689 com.tiarnanlarkin.danio
05-25 02:07:04.856   755   916 D InetDiagMessage: Destroyed 0 sockets, proto=IPPROTO_TCP, family=AF_INET, states=14
05-25 02:07:04.857   755   916 D InetDiagMessage: Destroyed 0 sockets, proto=IPPROTO_TCP, family=AF_INET6, states=14
05-25 02:07:04.857   755   916 D InetDiagMessage: Destroyed live tcp sockets for uids={10219} in 1ms
05-25 02:07:05.908   755   785 W libbinder.IPCThreadState: Sending oneway calls to frozen process.
05-25 02:07:06.024   755   906 I HalDevMgr: bestIfaceCreationProposal is null, requestIface=STA, existingIface=[name=wlan0 type=STA]
05-25 02:07:06.447   755   854 D ActivityManager: freezing 1484 com.google.android.gms
05-25 02:07:07.476   755   916 D InetDiagMessage: Destroyed 0 sockets, proto=IPPROTO_TCP, family=AF_INET, states=14
05-25 02:07:07.476   755   916 D InetDiagMessage: Destroyed 0 sockets, proto=IPPROTO_TCP, family=AF_INET6, states=14
05-25 02:07:07.476   755   916 D InetDiagMessage: Destroyed live tcp sockets for uids={10162} in 0ms
05-25 02:07:07.477   755   916 D InetDiagMessage: Destroyed 0 sockets, proto=IPPROTO_TCP, family=AF_INET, states=14
05-25 02:07:07.477   755   916 D InetDiagMessage: Destroyed 0 sockets, proto=IPPROTO_TCP, family=AF_INET6, states=14
05-25 02:07:07.477   755   916 D InetDiagMessage: Destroyed live tcp sockets for uids={20162} in 1ms
05-25 02:07:09.029   755   906 I HalDevMgr: bestIfaceCreationProposal is null, requestIface=STA, existingIface=[name=wlan0 type=STA]
05-25 02:07:10.978   755  2150 D OomAdjuster: Not killing cached processes
05-25 02:07:11.001   755  2150 D ActivityManager: sync unfroze 1484 com.google.android.gms for 6
05-25 02:07:11.007   755  2150 W ProcessStats: Tracking association SourceState{1e895c9 com.google.android.gms.persistent/10147 ImpBg #2047} whose proc state 6 is better than process ProcessState{2a8527d com.google.android.gms/10147 pkg=com.google.android.gms} proc state 14 (1 skipped)
05-25 02:07:11.008  1334  3843 I NetworkScheduler.Stats: (REDACTED) Task %s/%s started execution. cause:%s exec_start_elapsed_seconds: %s
05-25 02:07:11.012  1334  5574 I NetworkScheduler.Stats: (REDACTED) Task %s/%s finished executing. cause:%s result: %s elapsed_millis: %s uptime_millis: %s exec_start_elapsed_seconds: %s
05-25 02:07:12.034   755   906 I HalDevMgr: bestIfaceCreationProposal is null, requestIface=STA, existingIface=[name=wlan0 type=STA]
05-25 02:07:12.474   755   771 W JobInfo : Job 'com.google.android.apps.photos/com.google.android.libraries.social.async.BackgroundTaskJobService#1043' has a deadline with no functional constraints. The deadline won't improve job execution latency. Consider removing the deadline.
05-25 02:07:13.805  1139  1263 D SatelliteController: iisInCarrierRoamingNbIotNtn: satellite is disabled
05-25 02:07:13.805   755   771 W libbinder.IPCThreadState: Sending oneway calls to frozen process.
05-25 02:07:13.805  1139  1263 D SatelliteController: getCarrierRoamingNtnConnectType: Falling back to global carrier config connect type: 0
05-25 02:07:15.038   755   906 I HalDevMgr: bestIfaceCreationProposal is null, requestIface=STA, existingIface=[name=wlan0 type=STA]
05-25 02:07:16.774  6015  6015 D AndroidRuntime: >>>>>> START com.android.internal.os.RuntimeInit uid 2000 <<<<<<
05-25 02:07:16.777  6015  6015 I AndroidRuntime: Using default boot image
05-25 02:07:16.777  6015  6015 I AndroidRuntime: Leaving lock profiling enabled
05-25 02:07:16.778  6015  6015 I app_process: Using CollectorTypeCMC GC.
