05-25 04:43:05.387 D/CloseableReentrantLock( 1529): Successfully released lock com.android.providers.media.photopicker.sync.CloseableReentrantLock@cffd47[Unlocked]. Lock Name = CLOUD_PROVIDER_LOCK. Threads that may be waiting to acquire this lock = []
05-25 04:43:05.389 D/PickerSyncLockManager( 1529): Trying to acquire lock com.android.providers.media.photopicker.sync.CloseableReentrantLock@cffd47[Unlocked]. Lock Name = CLOUD_PROVIDER_LOCK. Threads that may be waiting to acquire this lock = [] with timeout.
05-25 04:43:05.389 D/CloseableReentrantLock( 1529): Successfully acquired lock com.android.providers.media.photopicker.sync.CloseableReentrantLock@cffd47[Locked by thread pool-4-thread-337]. Lock Name = CLOUD_PROVIDER_LOCK. Threads that may be waiting to acquire this lock = []
05-25 04:43:05.389 D/PickerSyncController( 1529): Clearing next page token for key: local_provider:media_remove:resume
05-25 04:43:05.389 D/CloseableReentrantLock( 1529): Successfully released lock com.android.providers.media.photopicker.sync.CloseableReentrantLock@cffd47[Unlocked]. Lock Name = CLOUD_PROVIDER_LOCK. Threads that may be waiting to acquire this lock = []
05-25 04:43:05.389 D/PickerNotificationSender( 1529): Sending a notification for media update
05-25 04:43:05.390 D/PickerNotificationSender( 1529): Sending a notification for merged album media update Videos
05-25 04:43:05.390 D/PickerNotificationSender( 1529): Sending a notification for album media update Videos
05-25 04:43:05.390 D/PickerNotificationSender( 1529): Sending a notification for merged album media update Favorites
05-25 04:43:05.390 D/PickerNotificationSender( 1529): Sending a notification for album media update Favorites
05-25 04:43:05.391 I/PickerSyncController( 1529): Paged sync successful. QueryArgs: Bundle[{android.provider.extra.PAGE_TOKEN=1779680583000|364, android.provider.extra.SYNC_GENERATION=3792, android.provider.extra.PAGE_SIZE=1000}] Total Rows: 0
05-25 04:43:05.391 I/PickerSyncTracker( 1529): Marked sync future complete for work id: e78e354b-c323-4112-a9d2-7e2661e9e6d4. Future map: {}
05-25 04:43:05.391 I/PSyncWorker( 1529): Completed picker proactive sync complete from local provider.
05-25 04:43:05.392 I/WM-WorkerWrapper( 1529): Worker result SUCCESS for Work [ id=e78e354b-c323-4112-a9d2-7e2661e9e6d4, tags={ com.android.providers.media.photopicker.sync.ProactiveSyncWorker } ]
05-25 04:43:05.393 D/WM-Processor( 1529): Processor e78e354b-c323-4112-a9d2-7e2661e9e6d4 executed; reschedule = false
05-25 04:43:05.393 D/WM-GreedyScheduler( 1529): Stopping tracking for WorkGenerationalId(workSpecId=e78e354b-c323-4112-a9d2-7e2661e9e6d4, generation=0)
05-25 04:43:05.400 D/WM-GreedyScheduler( 1529): Cancelling work ID e78e354b-c323-4112-a9d2-7e2661e9e6d4
05-25 04:43:05.400 D/WM-GreedyScheduler( 1529): Ignoring {WorkSpec: fce74054-5d75-49ac-b1fb-61b1c63b64d1}. Requires device idle.
05-25 04:43:05.400 D/WM-GreedyScheduler( 1529): Ignoring {WorkSpec: 748d3965-3023-45a6-9a32-baafa7d90ebf}. Requires device idle.
05-25 04:43:05.400 D/WM-GreedyScheduler( 1529): Ignoring {WorkSpec: bbc248da-5aec-4565-83d8-ed90ba3a683c}. Requires device idle.
05-25 04:43:05.400 D/WM-GreedyScheduler( 1529): Ignoring {WorkSpec: a7b8fc44-3a39-43d5-96b8-cef5bb529d35}. Requires device idle.
05-25 04:43:05.401 D/WM-BrdcstRcvrCnstrntTrc( 1529): BatteryNotLowTracker: unregistering receiver
05-25 04:43:06.166 D/AndroidRuntime(18855): >>>>>> START com.android.internal.os.RuntimeInit uid 2000 <<<<<<
05-25 04:43:06.169 I/AndroidRuntime(18855): Using default boot image
05-25 04:43:06.170 I/AndroidRuntime(18855): Leaving lock profiling enabled
05-25 04:43:06.171 I/app_process(18855): Using CollectorTypeCMC GC.
05-25 04:43:06.243 D/nativeloader(18855): InitDefaultPublicLibraries for_preload=1: libandroid.so:libaaudio.so:libamidi.so:libbinder_ndk.so:libc.so:libcamera2ndk.so:libdl.so:libEGL.so:libGLESv1_CM.so:libGLESv2.so:libGLESv3.so:libicu.so:libicui18n.so:libicuuc.so:libjnigraphics.so:liblog.so:libmediandk.so:libm.so:libnativehelper.so:libnativewindow.so:libOpenMAXAL.so:libOpenSLES.so:libRS.so:libstdc++.so:libsync.so:libvulkan.so:libwebviewchromium_plat_support.so:libz.so
05-25 04:43:06.251 D/nativeloader(18855): Load libicu_jni.so using APEX ns com_android_art for caller /apex/com.android.art/javalib/core-oj.jar: ok
05-25 04:43:06.251 D/app_process(18855): u_setTimeZoneFilesDirectory("/apex/com.android.tzdata/etc/tz/versioned/9/icu") succeeded. 
05-25 04:43:06.251 D/app_process(18855): I18n APEX ICU file found: /apex/com.android.i18n/etc/icu/icudt76l.dat
05-25 04:43:06.251 D/nativeloader(18855): Load libjavacore.so using APEX ns com_android_art for caller /apex/com.android.art/javalib/core-oj.jar: ok
05-25 04:43:06.252 D/nativeloader(18855): Load libopenjdk.so using APEX ns com_android_art for caller /apex/com.android.art/javalib/core-oj.jar: ok
05-25 04:43:06.252 I/app_process(18855): Priority-to-niceness mapping: 19, 16, 13, 10, 0, -2, -4, -5, -6, -8
05-25 04:43:06.253 W/app_process(18855): Unexpected CPU variant for x86: x86_64.
05-25 04:43:06.253 W/app_process(18855): Known variants: atom, sandybridge, silvermont, goldmont, goldmont-plus, goldmont-without-sha-xsaves, tremont, kabylake, alderlake, default
05-25 04:43:06.257 W/app_process(18855): ClassLoaderContext shared library size mismatch. Expected=2, found=0 (PCL[]{PCL[/system/framework/android.test.base.jar*1653369819]#PCL[/system/framework/android.test.mock.jar*1009639922]} | PCL[])
05-25 04:43:06.257 W/app_process(18855): ClassLoaderContext classpath size mismatch. expected=0, found=1 (PCL[]{PCL[/system/framework/android.test.runner.jar*3954641918]{PCL[/system/framework/android.test.base.jar*1653369819]#PCL[/system/framework/android.test.mock.jar*1009639922]}#PCL[/system/framework/android.test.base.jar*1653369819]} | PCL[/system/framework/android.test.runner.jar*3954641918])
05-25 04:43:06.275 D/nativeloader(18855): Load libframework-connectivity-tiramisu-jni.so using APEX ns com_android_tethering for caller /apex/com.android.tethering/javalib/framework-connectivity-t.jar: ok
05-25 04:43:06.276 D/AndroidRuntime(18855): Calling main entry com.android.commands.uiautomator.Launcher
05-25 04:43:06.281 I/AconfigPackage(18855): android.media.swcodec.flags is mapped to com.android.media.swcodec
05-25 04:43:06.281 I/AconfigPackage(18855): com.android.permission.flags is mapped to com.android.permission
05-25 04:43:06.281 I/AconfigPackage(18855): com.android.permissioncontroller.flags is mapped to com.android.permission
05-25 04:43:06.281 I/AconfigPackage(18855): com.android.icu is mapped to com.android.i18n
05-25 04:43:06.281 I/AconfigPackage(18855): com.android.appsearch.flags is mapped to com.android.appsearch
05-25 04:43:06.281 I/AconfigPackage(18855): android.uprobestats.mainline.flags is mapped to com.android.uprobestats
05-25 04:43:06.281 I/AconfigPackage(18855): com.android.crashrecovery.flags is mapped to com.android.crashrecovery
05-25 04:43:06.282 I/AconfigPackage(18855): android.provider.flags is mapped to com.android.configinfrastructure
05-25 04:43:06.282 I/AconfigPackage(18855): com.android.server.deviceconfig is mapped to com.android.configinfrastructure
05-25 04:43:06.282 I/AconfigPackage(18855): com.android.compos.flags is mapped to com.android.compos
05-25 04:43:06.282 I/AconfigPackage(18855): com.android.art.flags is mapped to com.android.art
05-25 04:43:06.282 I/AconfigPackage(18855): com.android.art.rw.flags is mapped to com.android.art
05-25 04:43:06.282 I/AconfigPackage(18855): com.android.libcore is mapped to com.android.art
05-25 04:43:06.282 I/AconfigPackage(18855): com.android.telephony.flags is mapped to com.android.telephonycore
05-25 04:43:06.282 I/AconfigPackage(18855): com.android.media.extractor.flags is mapped to com.android.media
05-25 04:43:06.282 I/AconfigPackage(18855): com.android.media.mainline.flags is mapped to com.android.media
05-25 04:43:06.282 I/AconfigPackage(18855): com.android.wifi.flags is mapped to com.android.wifi
05-25 04:43:06.282 I/AconfigPackage(18855): com.android.org.conscrypt.flags is mapped to com.android.conscrypt
05-25 04:43:06.282 I/AconfigPackage(18855): com.android.org.conscrypt.net.flags is mapped to com.android.conscrypt
05-25 04:43:06.283 I/AconfigPackage(18855): com.android.healthfitness.flags is mapped to com.android.healthfitness
05-25 04:43:06.283 I/AconfigPackage(18855): com.android.ipsec.flags is mapped to com.android.ipsec
05-25 04:43:06.283 I/AconfigPackage(18855): com.android.nfc.module.flags is mapped to com.android.nfcservices
05-25 04:43:06.283 I/AconfigPackage(18855): com.android.adservices.ondevicepersonalization.flags is mapped to com.android.ondevicepersonalization
05-25 04:43:06.283 I/AconfigPackage(18855): com.android.adbd.flags is mapped to com.android.adbd
05-25 04:43:06.284 I/AconfigPackage(18855): com.android.bluetooth.flags is mapped to com.android.bt
05-25 04:43:06.284 I/AconfigPackage(18855): com.android.devicelock.flags is mapped to com.android.devicelock
05-25 04:43:06.284 I/AconfigPackage(18855): android.os.profiling is mapped to com.android.profiling
05-25 04:43:06.284 I/AconfigPackage(18855): android.os.profiling.anomaly.flags is mapped to com.android.profiling
05-25 04:43:06.284 I/AconfigPackage(18855): com.android.os.statsd.flags is mapped to com.android.os.statsd
05-25 04:43:06.284 I/AconfigPackage(18855): com.android.rkpd.flags is mapped to com.android.rkpd
05-25 04:43:06.284 I/AconfigPackage(18855): com.android.cellbroadcastreceiver.flags is mapped to com.android.cellbroadcast
05-25 04:43:06.284 I/AconfigPackage(18855): com.android.adservices.flags is mapped to com.android.adservices
05-25 04:43:06.284 I/AconfigPackage(18855): com.android.sdksandbox.flags is mapped to com.android.adservices
05-25 04:43:06.284 I/AconfigPackage(18855): com.android.uwb.flags is mapped to com.android.uwb
05-25 04:43:06.284 I/AconfigPackage(18855): com.android.ranging.flags is mapped to com.android.uwb
05-25 04:43:06.284 I/AconfigPackage(18855): android.graphics.pdf.flags is mapped to com.android.mediaprovider
05-25 04:43:06.284 I/AconfigPackage(18855): com.android.providers.media.flags is mapped to com.android.mediaprovider
05-25 04:43:06.284 I/AconfigPackage(18855): android.graphics.pdf.flags.readonly is mapped to com.android.mediaprovider
05-25 04:43:06.284 I/AconfigPackage(18855): com.android.tethering.mainline.beta is mapped to com.android.tethering
05-25 04:43:06.284 I/AconfigPackage(18855): android.net.http is mapped to com.android.tethering
05-25 04:43:06.284 I/AconfigPackage(18855): com.android.tethering.readonly.flags is mapped to com.android.tethering
05-25 04:43:06.284 I/AconfigPackage(18855): android.net.vcn is mapped to com.android.tethering
05-25 04:43:06.284 I/AconfigPackage(18855): com.android.net.flags is mapped to com.android.tethering
05-25 04:43:06.284 I/AconfigPackage(18855): com.android.tethering.beta.test is mapped to com.android.tethering
05-25 04:43:06.284 I/AconfigPackage(18855): com.android.nearby.flags is mapped to com.android.tethering
05-25 04:43:06.284 I/AconfigPackage(18855): com.android.net.ct.flags is mapped to com.android.tethering
05-25 04:43:06.284 I/AconfigPackage(18855): com.android.net.thread.flags is mapped to com.android.tethering
05-25 04:43:06.284 I/AconfigPackage(18855): com.android.system.virtualmachine.flags is mapped to com.android.virt
05-25 04:43:06.284 E/FeatureFlagsImplExport(18855): android.os.flagging.AconfigStorageReadException: ERROR_PACKAGE_NOT_FOUND: package android.xr cannot be found on the device
05-25 04:43:06.289 D/UiAutomationConnection(18855): Created on user UserHandle{0}
05-25 04:43:06.289 I/UiAutomation(18855): Initialized for user 0 on display 0
05-25 04:43:06.289 W/UiAutomation(18855): Created with deprecatead constructor, assumes DEFAULT_DISPLAY
05-25 04:43:06.290 D/AccessibilityManagerService(  755): changeCurrentUserForTestAutomationIfNeededLocked(0): ignoring because device doesn't support visible background users
05-25 04:43:06.290 I/UiAutomationManager(  755): Registering UiTestAutomationService (id=com.android.server.accessibility/UiAutomation, flags=0x0) when called by user 0
05-25 04:43:06.290 V/AccessibilityManagerService(  755): onUserStateChangedLocked for userId: 0, forceUpdate: false
05-25 04:43:06.291 I/AiAiEcho( 1546): Settings changed for uri: content://settings/secure/accessibility_enabled
05-25 04:43:06.291 V/AccessibilityUserState(  755): updateShortcutTargets: type:accessibility_shortcut_target_service, current:{}, new:{}
05-25 04:43:06.291 V/AccessibilityUserState(  755): updateShortcutTargets: type:accessibility_button_targets, current:{}, new:{}
05-25 04:43:06.291 V/AccessibilityUserState(  755): updateShortcutTargets: type:accessibility_gesture_targets, current:{}, new:{}
05-25 04:43:06.291 V/AccessibilityUserState(  755): updateShortcutTargets: type:accessibility_qs_targets, current:{}, new:{}
05-25 04:43:06.291 V/AccessibilityUserState(  755): updateShortcutTargets: type:accessibility_key_gesture_targets, current:{}, new:{}
05-25 04:43:06.291 W/MagnificationConnectionManager(  755): requestConnection duplicated request: connect=false, mConnectionState=DISCONNECTED
05-25 04:43:06.291 I/AiAiEcho( 1546): Predicting[0]:  [CONTEXT sampling_count=5 ]
05-25 04:43:06.293 I/AiAiEcho( 1546): EchoTargets: 
05-25 04:43:06.293 I/AiAiEcho( 1546): Filtered by AiAi flag check: 
05-25 04:43:06.293 I/AiAiEcho( 1546): [CONTEXT ratelimit_period="10 SECONDS" ]
05-25 04:43:06.293 I/AiAiEcho( 1546): #remoteViewsTwiddler: feature disabled.
05-25 04:43:06.294 I/AiAiEcho( 1546): Predicting[0]:  [CONTEXT sampling_count=5 ]
05-25 04:43:06.294 I/AiAiEcho( 1546): EchoTargets: 
05-25 04:43:06.294 I/AiAiEcho( 1546): Filtered by AiAi flag check: 
05-25 04:43:06.294 I/AiAiEcho( 1546): [CONTEXT ratelimit_period="10 SECONDS" ]
05-25 04:43:06.294 I/AiAiEcho( 1546): #remoteViewsTwiddler: feature disabled.
05-25 04:43:06.294 I/AiAiEcho( 1546): #postPredictionTargets: Sending updates to UISurface lockscreen with targets# 0 (types=[])
05-25 04:43:06.295 I/AiAiEcho( 1546): #postPredictionTargets: Sending updates to UISurface home with targets# 0 (types=[])
05-25 04:43:06.295 W/SsPagerDots( 1012): Total number of pages invalid: 0. Assuming 1 page.
05-25 04:43:06.296 W/libbinder.IPCThreadState(  755): Sending oneway calls to frozen process.
05-25 04:43:06.301 W/libbinder.IPCThreadState(  755): Sending oneway calls to frozen process.
05-25 04:43:06.301 W/libbinder.IPCThreadState(  755): Sending oneway calls to frozen process.
05-25 04:43:06.301 W/libbinder.IPCThreadState(  755): Sending oneway calls to frozen process.
05-25 04:43:06.301 W/libbinder.IPCThreadState(  755): Sending oneway calls to frozen process.
05-25 04:43:06.302 W/libbinder.IPCThreadState(  755): Sending oneway calls to frozen process.
05-25 04:43:06.302 W/libbinder.IPCThreadState(  755): Sending oneway calls to frozen process.
05-25 04:43:06.302 W/libbinder.IPCThreadState(  755): Sending oneway calls to frozen process.
05-25 04:43:06.302 W/libbinder.IPCThreadState(  755): Sending oneway calls to frozen process.
05-25 04:43:06.302 V/AccessibilityManagerService(  755): onUserStateChangedLocked for userId: 0, forceUpdate: false
05-25 04:43:06.303 V/AccessibilityUserState(  755): updateShortcutTargets: type:accessibility_shortcut_target_service, current:{}, new:{}
05-25 04:43:06.303 V/AccessibilityUserState(  755): updateShortcutTargets: type:accessibility_button_targets, current:{}, new:{}
05-25 04:43:06.303 V/AccessibilityUserState(  755): updateShortcutTargets: type:accessibility_gesture_targets, current:{}, new:{}
05-25 04:43:06.303 V/AccessibilityUserState(  755): updateShortcutTargets: type:accessibility_qs_targets, current:{}, new:{}
05-25 04:43:06.303 V/AccessibilityUserState(  755): updateShortcutTargets: type:accessibility_key_gesture_targets, current:{}, new:{}
05-25 04:43:06.303 W/MagnificationConnectionManager(  755): requestConnection duplicated request: connect=false, mConnectionState=DISCONNECTED
05-25 04:43:06.304 W/libbinder.IPCThreadState(  755): Sending oneway calls to frozen process.
05-25 04:43:06.304 W/libbinder.IPCThreadState(  755): Sending oneway calls to frozen process.
05-25 04:43:06.304 W/libbinder.IPCThreadState(  755): Sending oneway calls to frozen process.
05-25 04:43:06.304 W/libbinder.IPCThreadState(  755): Sending oneway calls to frozen process.
05-25 04:43:06.304 W/libbinder.IPCThreadState(  755): Sending oneway calls to frozen process.
05-25 04:43:06.304 I/AiAiEcho( 1546): Settings changed for uri: content://settings/secure/accessibility_enabled
05-25 04:43:06.305 I/AiAiEcho( 1546): Predicting[0]:  [CONTEXT sampling_count=5 ]
05-25 04:43:06.305 I/AiAiEcho( 1546): EchoTargets: 
05-25 04:43:06.305 I/AiAiEcho( 1546): Filtered by AiAi flag check: 
05-25 04:43:06.305 I/AiAiEcho( 1546): [CONTEXT ratelimit_period="10 SECONDS" ]
05-25 04:43:06.305 W/libbinder.IPCThreadState(  755): Sending oneway calls to frozen process.
05-25 04:43:06.305 W/libbinder.IPCThreadState(  755): Sending oneway calls to frozen process.
05-25 04:43:06.305 I/AiAiEcho( 1546): #remoteViewsTwiddler: feature disabled.
05-25 04:43:06.305 I/AiAiEcho( 1546): Predicting[0]:  [CONTEXT sampling_count=5 ]
05-25 04:43:06.305 I/AiAiEcho( 1546): EchoTargets: 
05-25 04:43:06.305 I/AiAiEcho( 1546): Filtered by AiAi flag check: 
05-25 04:43:06.305 I/AiAiEcho( 1546): [CONTEXT ratelimit_period="10 SECONDS" ]
05-25 04:43:06.305 I/AiAiEcho( 1546): #remoteViewsTwiddler: feature disabled.
05-25 04:43:06.305 I/AiAiEcho( 1546): #postPredictionTargets: Sending updates to UISurface lockscreen with targets# 0 (types=[])
05-25 04:43:06.306 I/AiAiEcho( 1546): #postPredictionTargets: Sending updates to UISurface home with targets# 0 (types=[])
05-25 04:43:06.308 W/libbinder.IPCThreadState(  755): Sending oneway calls to frozen process.
05-25 04:43:06.311 W/libbinder.IPCThreadState(  755): Sending oneway calls to frozen process.
05-25 04:43:06.311 W/libbinder.IPCThreadState(  755): Sending oneway calls to frozen process.
05-25 04:43:06.311 W/libbinder.IPCThreadState(  755): Sending oneway calls to frozen process.
05-25 04:43:06.311 W/libbinder.IPCThreadState(  755): Sending oneway calls to frozen process.
05-25 04:43:06.315 W/libbinder.IPCThreadState(  755): Sending oneway calls to frozen process.
05-25 04:43:06.315 W/libbinder.IPCThreadState(  755): Sending oneway calls to frozen process.
05-25 04:43:06.315 W/libbinder.IPCThreadState(  755): Sending oneway calls to frozen process.
05-25 04:43:06.315 W/libbinder.IPCThreadState(  755): Sending oneway calls to frozen process.
05-25 04:43:06.318 W/libbinder.IPCThreadState(  755): Sending oneway calls to frozen process.
05-25 04:43:06.318 W/libbinder.IPCThreadState(  755): Sending oneway calls to frozen process.
05-25 04:43:06.318 W/libbinder.IPCThreadState(  755): Sending oneway calls to frozen process.
05-25 04:43:06.318 W/libbinder.IPCThreadState(  755): Sending oneway calls to frozen process.
05-25 04:43:06.318 W/libbinder.IPCThreadState(  755): Sending oneway calls to frozen process.
05-25 04:43:06.318 W/libbinder.IPCThreadState(  755): Sending oneway calls to frozen process.
05-25 04:43:06.318 W/libbinder.IPCThreadState(  755): Sending oneway calls to frozen process.
05-25 04:43:06.318 W/libbinder.IPCThreadState(  755): Sending oneway calls to frozen process.
05-25 04:43:06.321 W/libbinder.IPCThreadState(  755): Sending oneway calls to frozen process.
05-25 04:43:06.321 W/libbinder.IPCThreadState(  755): Sending oneway calls to frozen process.
05-25 04:43:06.321 W/libbinder.IPCThreadState(  755): Sending oneway calls to frozen process.
05-25 04:43:06.321 W/libbinder.IPCThreadState(  755): Sending oneway calls to frozen process.
05-25 04:43:06.321 W/libbinder.IPCThreadState(  755): Sending oneway calls to frozen process.
05-25 04:43:06.322 W/libbinder.IPCThreadState(  755): Sending oneway calls to frozen process.
05-25 04:43:06.322 W/libbinder.IPCThreadState(  755): Sending oneway calls to frozen process.
05-25 04:43:06.322 D/BatterySaverPolicy(  755): accessibility changed to true, updating policy.
05-25 04:43:06.329 W/SsPagerDots( 1012): Total number of pages invalid: 0. Assuming 1 page.
05-25 04:43:06.330 D/AccessibilityManagerService(  755): .getAccessibilityShortcutTargets {shortcutType=32, userId=0}
05-25 04:43:06.420 W/libbinder.IPCThreadState(  755): Sending oneway calls to frozen process.
05-25 04:43:06.501 I/HalDevMgr(  755): bestIfaceCreationProposal is null, requestIface=STA, existingIface=[name=wlan0 type=STA]
05-25 04:43:07.334 W/AccessibilityNodeInfoDumper(18855): Fetch time: 2ms
05-25 04:43:07.337 V/AccessibilityManagerService(  755): onUserStateChangedLocked for userId: 0, forceUpdate: false
05-25 04:43:07.338 V/AccessibilityUserState(  755): updateShortcutTargets: type:accessibility_shortcut_target_service, current:{}, new:{}
05-25 04:43:07.338 V/AccessibilityUserState(  755): updateShortcutTargets: type:accessibility_button_targets, current:{}, new:{}
05-25 04:43:07.338 V/AccessibilityUserState(  755): updateShortcutTargets: type:accessibility_gesture_targets, current:{}, new:{}
05-25 04:43:07.338 V/AccessibilityUserState(  755): updateShortcutTargets: type:accessibility_qs_targets, current:{}, new:{}
05-25 04:43:07.338 V/AccessibilityUserState(  755): updateShortcutTargets: type:accessibility_key_gesture_targets, current:{}, new:{}
05-25 04:43:07.338 W/MagnificationConnectionManager(  755): requestConnection duplicated request: connect=false, mConnectionState=DISCONNECTED
05-25 04:43:07.338 D/AccessibilityManagerService(  755): restoreCurrentUserForTestAutomationIfNeededLocked(): ignoring because device doesn't support visible background users
05-25 04:43:07.338 W/libbinder.IPCThreadState(  755): Sending oneway calls to frozen process.
05-25 04:43:07.339 D/AndroidRuntime(18855): Shutting down VM
05-25 04:43:07.339 I/AiAiEcho( 1546): Settings changed for uri: content://settings/secure/accessibility_enabled
05-25 04:43:07.341 W/libbinder.IPCThreadState(18855): call to talkWithDriver in joinThreadPool returned error: -9 (Bad file descriptor), FD: -1
05-25 04:43:07.341 W/libbinder.IPCThreadState(18855): call to talkWithDriver in joinThreadPool returned error: -9 (Bad file descriptor), FD: -1
05-25 04:43:07.341 W/libbinder.IPCThreadState(  755): Sending oneway calls to frozen process.
05-25 04:43:07.342 W/libbinder.IPCThreadState(  755): Sending oneway calls to frozen process.
05-25 04:43:07.342 W/libbinder.IPCThreadState(  755): Sending oneway calls to frozen process.
05-25 04:43:07.342 W/libbinder.IPCThreadState(  755): Sending oneway calls to frozen process.
05-25 04:43:07.342 W/libbinder.IPCThreadState(  755): Sending oneway calls to frozen process.
05-25 04:43:07.342 I/AiAiEcho( 1546): Predicting[0]:  [CONTEXT sampling_count=5 ]
05-25 04:43:07.342 I/AiAiEcho( 1546): EchoTargets: 
05-25 04:43:07.342 I/AiAiEcho( 1546): Filtered by AiAi flag check: 
05-25 04:43:07.342 I/AiAiEcho( 1546): [CONTEXT ratelimit_period="10 SECONDS" ]
05-25 04:43:07.342 I/AiAiEcho( 1546): #remoteViewsTwiddler: feature disabled.
05-25 04:43:07.342 I/AiAiEcho( 1546): Predicting[0]:  [CONTEXT sampling_count=5 ]
05-25 04:43:07.342 I/AiAiEcho( 1546): EchoTargets: 
05-25 04:43:07.342 I/AiAiEcho( 1546): Filtered by AiAi flag check: 
05-25 04:43:07.342 I/AiAiEcho( 1546): [CONTEXT ratelimit_period="10 SECONDS" ]
05-25 04:43:07.342 I/AiAiEcho( 1546): #remoteViewsTwiddler: feature disabled.
05-25 04:43:07.343 W/libbinder.IPCThreadState(  755): Sending oneway calls to frozen process.
05-25 04:43:07.343 W/libbinder.IPCThreadState(  755): Sending oneway calls to frozen process.
05-25 04:43:07.343 W/libbinder.IPCThreadState(  755): Sending oneway calls to frozen process.
05-25 04:43:07.346 I/AiAiEcho( 1546): #postPredictionTargets: Sending updates to UISurface lockscreen with targets# 0 (types=[])
05-25 04:43:07.346 I/AiAiEcho( 1546): #postPredictionTargets: Sending updates to UISurface home with targets# 0 (types=[])
05-25 04:43:07.347 W/SsPagerDots( 1012): Total number of pages invalid: 0. Assuming 1 page.
05-25 04:43:07.347 W/libbinder.IPCThreadState(  755): Sending oneway calls to frozen process.
05-25 04:43:07.347 W/libbinder.IPCThreadState(  755): Sending oneway calls to frozen process.
05-25 04:43:07.347 W/libbinder.IPCThreadState(  755): Sending oneway calls to frozen process.
05-25 04:43:07.347 W/libbinder.IPCThreadState(  755): Sending oneway calls to frozen process.
05-25 04:43:07.347 W/libbinder.IPCThreadState(  755): Sending oneway calls to frozen process.
05-25 04:43:07.348 W/libbinder.IPCThreadState(  755): Sending oneway calls to frozen process.
05-25 04:43:07.348 W/libbinder.IPCThreadState(  755): Sending oneway calls to frozen process.
05-25 04:43:07.349 W/libbinder.IPCThreadState(  755): Sending oneway calls to frozen process.
05-25 04:43:07.351 W/libbinder.IPCThreadState(  755): Sending oneway calls to frozen process.
05-25 04:43:07.351 W/libbinder.IPCThreadState(  755): Sending oneway calls to frozen process.
05-25 04:43:07.351 W/libbinder.IPCThreadState(  755): Sending oneway calls to frozen process.
05-25 04:43:07.351 W/libbinder.IPCThreadState(  755): Sending oneway calls to frozen process.
05-25 04:43:07.351 W/libbinder.IPCThreadState(  755): Sending oneway calls to frozen process.
05-25 04:43:07.351 W/libbinder.IPCThreadState(  755): Sending oneway calls to frozen process.
05-25 04:43:07.351 W/libbinder.IPCThreadState(  755): Sending oneway calls to frozen process.
05-25 04:43:07.351 D/BatterySaverPolicy(  755): accessibility changed to false, updating policy.
05-25 04:43:07.508 W/libbinder.IPCThreadState(  755): Sending oneway calls to frozen process.
05-25 04:43:07.508 W/libbinder.IPCThreadState(  755): Sending oneway calls to frozen process.
05-25 04:43:08.228 W/AccessibilityBridge(18464): Using AnnounceSemanticsEvent for accessibility is deprecated on Android. Migrate to using semantic properties for a more robust and accessible user experience.
05-25 04:43:08.228 W/AccessibilityBridge(18464): Flutter: If you are unsure why you are seeing this bug, it might be because you are using a widget that calls this method. See https://github.com/flutter/flutter/issues/165510 for more details.
05-25 04:43:08.228 W/AccessibilityBridge(18464): Android documentation: https://developer.android.com/reference/android/view/View#announceForAccessibility(java.lang.CharSequence)
05-25 04:43:08.559 W/libbinder.IPCThreadState(  755): Sending oneway calls to frozen process.
05-25 04:43:09.506 I/HalDevMgr(  755): bestIfaceCreationProposal is null, requestIface=STA, existingIface=[name=wlan0 type=STA]
05-25 04:43:09.539 W/libbinder.BackendUnifiedServiceManager(18874): Thread Pool max thread count is 0. Cannot cache binder as linkToDeath cannot be implemented. serviceName: SurfaceFlingerAIDL
05-25 04:43:09.539 W/libbinder.BpBinder(18874): Linking to death on android.gui.ISurfaceComposer but there are no threads (yet?) listening to incoming transactions. See ProcessState::startThreadPool and ProcessState::setThreadPoolMaxThreadCount. Generally you should setup the binder threadpool before other initialization steps.
05-25 04:43:09.539 W/libbinder.ProcessState(18874): Extra binder thread started, but 0 threads requested. Do not use *startThreadPool when zero threads are requested.
05-25 04:43:09.656 W/MediaProvider( 1529): isAppCloneUserPair for user 0: false
05-25 04:43:09.795 I/ActivityManager(  755): Broadcasting: Intent { act=android.intent.action.MEDIA_SCANNER_SCAN_FILE dat=file:///... flg=0x400000 }
05-25 04:43:09.796 I/ActivityManager(  755): Enqueued broadcast Intent { act=android.intent.action.MEDIA_SCANNER_SCAN_FILE dat=file:///... flg=0x400000 }: 0
05-25 04:43:09.797 I/MediaServiceV2( 1529): Creating work for intent Intent { act=android.intent.action.MEDIA_SCANNER_SCAN_FILE dat=file:///... flg=0x1400010 cmp=com.google.android.providers.media.module/com.android.providers.media.MediaServiceV2 }
05-25 04:43:09.797 I/MediaServiceV2( 1529): Work enqueued for intent: Intent { act=android.intent.action.MEDIA_SCANNER_SCAN_FILE dat=file:///... flg=0x1400010 cmp=com.google.android.providers.media.module/com.android.providers.media.MediaServiceV2 }
05-25 04:43:09.800 I/ActivityManager(  755): Broadcast completed: result=0
05-25 04:43:09.802 W/JobInfo ( 1529): Requested important-while-foreground flag for job928 is ignored and takes no effect
05-25 04:43:09.802 D/WM-SystemJobScheduler( 1529): Scheduling work ID 380a9726-3265-46cc-bac9-cf6f911d3c6bJob ID 928
05-25 04:43:09.807 D/WM-GreedyScheduler( 1529): Ignoring {WorkSpec: fce74054-5d75-49ac-b1fb-61b1c63b64d1}. Requires device idle.
05-25 04:43:09.807 D/WM-GreedyScheduler( 1529): Ignoring {WorkSpec: 748d3965-3023-45a6-9a32-baafa7d90ebf}. Requires device idle.
05-25 04:43:09.807 D/WM-GreedyScheduler( 1529): Ignoring {WorkSpec: bbc248da-5aec-4565-83d8-ed90ba3a683c}. Requires device idle.
05-25 04:43:09.807 D/WM-GreedyScheduler( 1529): Ignoring {WorkSpec: a7b8fc44-3a39-43d5-96b8-cef5bb529d35}. Requires device idle.
05-25 04:43:09.807 D/WM-GreedyScheduler( 1529): Starting work for 380a9726-3265-46cc-bac9-cf6f911d3c6b
05-25 04:43:09.808 D/WM-Processor( 1529): Processor: processing WorkGenerationalId(workSpecId=380a9726-3265-46cc-bac9-cf6f911d3c6b, generation=0)
05-25 04:43:09.810 D/WM-SystemJobService( 1529): onStartJob for WorkGenerationalId(workSpecId=380a9726-3265-46cc-bac9-cf6f911d3c6b, generation=0)
05-25 04:43:09.812 D/WM-WorkerWrapper( 1529): Starting work for com.android.providers.media.MediaServiceV2
05-25 04:43:09.812 D/WM-Processor( 1529): Work WorkGenerationalId(workSpecId=380a9726-3265-46cc-bac9-cf6f911d3c6b, generation=0) is already enqueued for processing
05-25 04:43:09.813 I/MediaServiceV2( 1529): Work initiated for action [ android.intent.action.MEDIA_SCANNER_SCAN_FILE ]
05-25 04:43:09.826 I/MediaServiceV2( 1529): Work ended for action [ android.intent.action.MEDIA_SCANNER_SCAN_FILE ]
05-25 04:43:09.831 I/WM-WorkerWrapper( 1529): Worker result SUCCESS for Work [ id=380a9726-3265-46cc-bac9-cf6f911d3c6b, tags={ com.android.providers.media.MediaServiceV2 } ]
05-25 04:43:09.833 D/WM-Processor( 1529): Processor 380a9726-3265-46cc-bac9-cf6f911d3c6b executed; reschedule = false
05-25 04:43:09.834 D/WM-SystemJobService( 1529): 380a9726-3265-46cc-bac9-cf6f911d3c6b executed on JobScheduler
05-25 04:43:09.837 D/WM-SystemJobScheduler( 1529): Scheduling work ID 98c84b1f-6216-40fa-9ef8-0ac74182985dJob ID 929
05-25 04:43:09.839 D/WM-GreedyScheduler( 1529): Ignoring {WorkSpec: fce74054-5d75-49ac-b1fb-61b1c63b64d1}. Requires device idle.
05-25 04:43:09.839 D/WM-GreedyScheduler( 1529): Ignoring {WorkSpec: 748d3965-3023-45a6-9a32-baafa7d90ebf}. Requires device idle.
05-25 04:43:09.839 D/WM-GreedyScheduler( 1529): Ignoring {WorkSpec: bbc248da-5aec-4565-83d8-ed90ba3a683c}. Requires device idle.
05-25 04:43:09.839 D/WM-GreedyScheduler( 1529): Ignoring {WorkSpec: a7b8fc44-3a39-43d5-96b8-cef5bb529d35}. Requires device idle.
05-25 04:43:09.839 D/WM-GreedyScheduler( 1529): Cancelling work ID 380a9726-3265-46cc-bac9-cf6f911d3c6b
05-25 04:43:09.840 D/WM-GreedyScheduler( 1529): Ignoring {WorkSpec: fce74054-5d75-49ac-b1fb-61b1c63b64d1}. Requires device idle.
05-25 04:43:09.840 D/WM-GreedyScheduler( 1529): Ignoring {WorkSpec: 748d3965-3023-45a6-9a32-baafa7d90ebf}. Requires device idle.
05-25 04:43:09.840 D/WM-GreedyScheduler( 1529): Ignoring {WorkSpec: bbc248da-5aec-4565-83d8-ed90ba3a683c}. Requires device idle.
05-25 04:43:09.840 D/WM-GreedyScheduler( 1529): Ignoring {WorkSpec: a7b8fc44-3a39-43d5-96b8-cef5bb529d35}. Requires device idle.
05-25 04:43:09.994 D/AndroidRuntime(18885): >>>>>> START com.android.internal.os.RuntimeInit uid 2000 <<<<<<
05-25 04:43:09.997 I/AndroidRuntime(18885): Using default boot image
05-25 04:43:09.998 I/AndroidRuntime(18885): Leaving lock profiling enabled
05-25 04:43:10.000 I/app_process(18885): Using CollectorTypeCMC GC.
05-25 04:43:10.065 D/nativeloader(18885): InitDefaultPublicLibraries for_preload=1: libandroid.so:libaaudio.so:libamidi.so:libbinder_ndk.so:libc.so:libcamera2ndk.so:libdl.so:libEGL.so:libGLESv1_CM.so:libGLESv2.so:libGLESv3.so:libicu.so:libicui18n.so:libicuuc.so:libjnigraphics.so:liblog.so:libmediandk.so:libm.so:libnativehelper.so:libnativewindow.so:libOpenMAXAL.so:libOpenSLES.so:libRS.so:libstdc++.so:libsync.so:libvulkan.so:libwebviewchromium_plat_support.so:libz.so
05-25 04:43:10.073 D/nativeloader(18885): Load libicu_jni.so using APEX ns com_android_art for caller /apex/com.android.art/javalib/core-oj.jar: ok
05-25 04:43:10.073 D/app_process(18885): u_setTimeZoneFilesDirectory("/apex/com.android.tzdata/etc/tz/versioned/9/icu") succeeded. 
05-25 04:43:10.073 D/app_process(18885): I18n APEX ICU file found: /apex/com.android.i18n/etc/icu/icudt76l.dat
05-25 04:43:10.074 D/nativeloader(18885): Load libjavacore.so using APEX ns com_android_art for caller /apex/com.android.art/javalib/core-oj.jar: ok
05-25 04:43:10.074 D/nativeloader(18885): Load libopenjdk.so using APEX ns com_android_art for caller /apex/com.android.art/javalib/core-oj.jar: ok
05-25 04:43:10.075 I/app_process(18885): Priority-to-niceness mapping: 19, 16, 13, 10, 0, -2, -4, -5, -6, -8
05-25 04:43:10.075 W/app_process(18885): Unexpected CPU variant for x86: x86_64.
05-25 04:43:10.075 W/app_process(18885): Known variants: atom, sandybridge, silvermont, goldmont, goldmont-plus, goldmont-without-sha-xsaves, tremont, kabylake, alderlake, default
05-25 04:43:10.076 W/app_process(18885): ClassLoaderContext shared library size mismatch. Expected=2, found=0 (PCL[]{PCL[/system/framework/android.test.base.jar*1653369819]#PCL[/system/framework/android.test.mock.jar*1009639922]} | PCL[])
05-25 04:43:10.077 W/app_process(18885): ClassLoaderContext classpath size mismatch. expected=0, found=1 (PCL[]{PCL[/system/framework/android.test.runner.jar*3954641918]{PCL[/system/framework/android.test.base.jar*1653369819]#PCL[/system/framework/android.test.mock.jar*1009639922]}#PCL[/system/framework/android.test.base.jar*1653369819]} | PCL[/system/framework/android.test.runner.jar*3954641918])
05-25 04:43:10.098 D/nativeloader(18885): Load libframework-connectivity-tiramisu-jni.so using APEX ns com_android_tethering for caller /apex/com.android.tethering/javalib/framework-connectivity-t.jar: ok
05-25 04:43:10.098 D/AndroidRuntime(18885): Calling main entry com.android.commands.uiautomator.Launcher
05-25 04:43:10.101 I/AconfigPackage(18885): android.media.swcodec.flags is mapped to com.android.media.swcodec
05-25 04:43:10.101 I/AconfigPackage(18885): com.android.permission.flags is mapped to com.android.permission
05-25 04:43:10.101 I/AconfigPackage(18885): com.android.permissioncontroller.flags is mapped to com.android.permission
05-25 04:43:10.101 I/AconfigPackage(18885): com.android.icu is mapped to com.android.i18n
05-25 04:43:10.101 I/AconfigPackage(18885): com.android.appsearch.flags is mapped to com.android.appsearch
05-25 04:43:10.102 I/AconfigPackage(18885): android.uprobestats.mainline.flags is mapped to com.android.uprobestats
05-25 04:43:10.102 I/AconfigPackage(18885): com.android.crashrecovery.flags is mapped to com.android.crashrecovery
05-25 04:43:10.102 I/AconfigPackage(18885): android.provider.flags is mapped to com.android.configinfrastructure
05-25 04:43:10.102 I/AconfigPackage(18885): com.android.server.deviceconfig is mapped to com.android.configinfrastructure
05-25 04:43:10.102 I/AconfigPackage(18885): com.android.compos.flags is mapped to com.android.compos
05-25 04:43:10.102 I/AconfigPackage(18885): com.android.art.flags is mapped to com.android.art
05-25 04:43:10.102 I/AconfigPackage(18885): com.android.art.rw.flags is mapped to com.android.art
05-25 04:43:10.102 I/AconfigPackage(18885): com.android.libcore is mapped to com.android.art
05-25 04:43:10.102 I/AconfigPackage(18885): com.android.telephony.flags is mapped to com.android.telephonycore
05-25 04:43:10.102 I/AconfigPackage(18885): com.android.media.extractor.flags is mapped to com.android.media
05-25 04:43:10.102 I/AconfigPackage(18885): com.android.media.mainline.flags is mapped to com.android.media
05-25 04:43:10.102 I/AconfigPackage(18885): com.android.wifi.flags is mapped to com.android.wifi
05-25 04:43:10.102 I/AconfigPackage(18885): com.android.org.conscrypt.flags is mapped to com.android.conscrypt
05-25 04:43:10.102 I/AconfigPackage(18885): com.android.org.conscrypt.net.flags is mapped to com.android.conscrypt
05-25 04:43:10.102 I/AconfigPackage(18885): com.android.healthfitness.flags is mapped to com.android.healthfitness
05-25 04:43:10.102 I/AconfigPackage(18885): com.android.ipsec.flags is mapped to com.android.ipsec
05-25 04:43:10.102 I/AconfigPackage(18885): com.android.nfc.module.flags is mapped to com.android.nfcservices
05-25 04:43:10.102 I/AconfigPackage(18885): com.android.adservices.ondevicepersonalization.flags is mapped to com.android.ondevicepersonalization
05-25 04:43:10.102 I/AconfigPackage(18885): com.android.adbd.flags is mapped to com.android.adbd
05-25 04:43:10.102 I/AconfigPackage(18885): com.android.bluetooth.flags is mapped to com.android.bt
05-25 04:43:10.102 I/AconfigPackage(18885): com.android.devicelock.flags is mapped to com.android.devicelock
05-25 04:43:10.102 I/AconfigPackage(18885): android.os.profiling is mapped to com.android.profiling
05-25 04:43:10.102 I/AconfigPackage(18885): android.os.profiling.anomaly.flags is mapped to com.android.profiling
05-25 04:43:10.102 I/AconfigPackage(18885): com.android.os.statsd.flags is mapped to com.android.os.statsd
05-25 04:43:10.102 I/AconfigPackage(18885): com.android.rkpd.flags is mapped to com.android.rkpd
05-25 04:43:10.103 I/AconfigPackage(18885): com.android.cellbroadcastreceiver.flags is mapped to com.android.cellbroadcast
05-25 04:43:10.103 I/AconfigPackage(18885): com.android.adservices.flags is mapped to com.android.adservices
05-25 04:43:10.103 I/AconfigPackage(18885): com.android.sdksandbox.flags is mapped to com.android.adservices
05-25 04:43:10.103 I/AconfigPackage(18885): com.android.uwb.flags is mapped to com.android.uwb
05-25 04:43:10.103 I/AconfigPackage(18885): com.android.ranging.flags is mapped to com.android.uwb
05-25 04:43:10.103 I/AconfigPackage(18885): android.graphics.pdf.flags is mapped to com.android.mediaprovider
05-25 04:43:10.103 I/AconfigPackage(18885): com.android.providers.media.flags is mapped to com.android.mediaprovider
05-25 04:43:10.103 I/AconfigPackage(18885): android.graphics.pdf.flags.readonly is mapped to com.android.mediaprovider
05-25 04:43:10.103 I/AconfigPackage(18885): com.android.tethering.mainline.beta is mapped to com.android.tethering
05-25 04:43:10.103 I/AconfigPackage(18885): android.net.http is mapped to com.android.tethering
05-25 04:43:10.103 I/AconfigPackage(18885): com.android.tethering.readonly.flags is mapped to com.android.tethering
05-25 04:43:10.103 I/AconfigPackage(18885): android.net.vcn is mapped to com.android.tethering
05-25 04:43:10.103 I/AconfigPackage(18885): com.android.net.flags is mapped to com.android.tethering
05-25 04:43:10.103 I/AconfigPackage(18885): com.android.tethering.beta.test is mapped to com.android.tethering
05-25 04:43:10.103 I/AconfigPackage(18885): com.android.nearby.flags is mapped to com.android.tethering
05-25 04:43:10.103 I/AconfigPackage(18885): com.android.net.ct.flags is mapped to com.android.tethering
05-25 04:43:10.103 I/AconfigPackage(18885): com.android.net.thread.flags is mapped to com.android.tethering
05-25 04:43:10.103 I/AconfigPackage(18885): com.android.system.virtualmachine.flags is mapped to com.android.virt
05-25 04:43:10.103 E/FeatureFlagsImplExport(18885): android.os.flagging.AconfigStorageReadException: ERROR_PACKAGE_NOT_FOUND: package android.xr cannot be found on the device
05-25 04:43:10.104 D/UiAutomationConnection(18885): Created on user UserHandle{0}
05-25 04:43:10.104 I/UiAutomation(18885): Initialized for user 0 on display 0
05-25 04:43:10.104 W/UiAutomation(18885): Created with deprecatead constructor, assumes DEFAULT_DISPLAY
05-25 04:43:10.105 D/AccessibilityManagerService(  755): changeCurrentUserForTestAutomationIfNeededLocked(0): ignoring because device doesn't support visible background users
05-25 04:43:10.105 I/UiAutomationManager(  755): Registering UiTestAutomationService (id=com.android.server.accessibility/UiAutomation, flags=0x0) when called by user 0
05-25 04:43:10.106 V/AccessibilityManagerService(  755): onUserStateChangedLocked for userId: 0, forceUpdate: false
05-25 04:43:10.106 V/AccessibilityUserState(  755): updateShortcutTargets: type:accessibility_shortcut_target_service, current:{}, new:{}
05-25 04:43:10.106 V/AccessibilityUserState(  755): updateShortcutTargets: type:accessibility_button_targets, current:{}, new:{}
05-25 04:43:10.106 V/AccessibilityUserState(  755): updateShortcutTargets: type:accessibility_gesture_targets, current:{}, new:{}
05-25 04:43:10.106 V/AccessibilityUserState(  755): updateShortcutTargets: type:accessibility_qs_targets, current:{}, new:{}
05-25 04:43:10.106 V/AccessibilityUserState(  755): updateShortcutTargets: type:accessibility_key_gesture_targets, current:{}, new:{}
05-25 04:43:10.106 W/MagnificationConnectionManager(  755): requestConnection duplicated request: connect=false, mConnectionState=DISCONNECTED
05-25 04:43:10.108 W/libbinder.IPCThreadState(  755): Sending oneway calls to frozen process.
05-25 04:43:10.108 I/AiAiEcho( 1546): Settings changed for uri: content://settings/secure/accessibility_enabled
05-25 04:43:10.108 I/AiAiEcho( 1546): Predicting[0]:  [CONTEXT sampling_count=5 ]
05-25 04:43:10.108 I/AiAiEcho( 1546): EchoTargets: 
05-25 04:43:10.108 I/AiAiEcho( 1546): Filtered by AiAi flag check: 
05-25 04:43:10.108 I/AiAiEcho( 1546): [CONTEXT ratelimit_period="10 SECONDS" ]
05-25 04:43:10.108 I/AiAiEcho( 1546): #remoteViewsTwiddler: feature disabled.
05-25 04:43:10.109 I/AiAiEcho( 1546): #postPredictionTargets: Sending updates to UISurface lockscreen with targets# 0 (types=[])
05-25 04:43:10.109 I/AiAiEcho( 1546): Predicting[0]:  [CONTEXT sampling_count=5 ]
05-25 04:43:10.109 I/AiAiEcho( 1546): EchoTargets: 
05-25 04:43:10.109 I/AiAiEcho( 1546): Filtered by AiAi flag check: 
05-25 04:43:10.109 I/AiAiEcho( 1546): [CONTEXT ratelimit_period="10 SECONDS" ]
05-25 04:43:10.109 I/AiAiEcho( 1546): #remoteViewsTwiddler: feature disabled.
05-25 04:43:10.109 I/AiAiEcho( 1546): #postPredictionTargets: Sending updates to UISurface home with targets# 0 (types=[])
05-25 04:43:10.110 W/SsPagerDots( 1012): Total number of pages invalid: 0. Assuming 1 page.
05-25 04:43:10.110 W/libbinder.IPCThreadState(  755): Sending oneway calls to frozen process.
05-25 04:43:10.111 V/AccessibilityManagerService(  755): onUserStateChangedLocked for userId: 0, forceUpdate: false
05-25 04:43:10.112 V/AccessibilityUserState(  755): updateShortcutTargets: type:accessibility_shortcut_target_service, current:{}, new:{}
05-25 04:43:10.112 V/AccessibilityUserState(  755): updateShortcutTargets: type:accessibility_button_targets, current:{}, new:{}
05-25 04:43:10.112 V/AccessibilityUserState(  755): updateShortcutTargets: type:accessibility_gesture_targets, current:{}, new:{}
05-25 04:43:10.112 V/AccessibilityUserState(  755): updateShortcutTargets: type:accessibility_qs_targets, current:{}, new:{}
05-25 04:43:10.112 V/AccessibilityUserState(  755): updateShortcutTargets: type:accessibility_key_gesture_targets, current:{}, new:{}
05-25 04:43:10.112 W/MagnificationConnectionManager(  755): requestConnection duplicated request: connect=false, mConnectionState=DISCONNECTED
05-25 04:43:10.112 W/libbinder.IPCThreadState(  755): Sending oneway calls to frozen process.
05-25 04:43:10.112 I/AiAiEcho( 1546): Settings changed for uri: content://settings/secure/accessibility_enabled
05-25 04:43:10.112 W/libbinder.IPCThreadState(  755): Sending oneway calls to frozen process.
05-25 04:43:10.112 W/libbinder.IPCThreadState(  755): Sending oneway calls to frozen process.
05-25 04:43:10.112 W/libbinder.IPCThreadState(  755): Sending oneway calls to frozen process.
05-25 04:43:10.113 I/AiAiEcho( 1546): Predicting[0]:  [CONTEXT sampling_count=5 ]
05-25 04:43:10.113 I/AiAiEcho( 1546): EchoTargets: 
05-25 04:43:10.113 I/AiAiEcho( 1546): Filtered by AiAi flag check: 
05-25 04:43:10.113 I/AiAiEcho( 1546): [CONTEXT ratelimit_period="10 SECONDS" ]
05-25 04:43:10.113 I/AiAiEcho( 1546): #remoteViewsTwiddler: feature disabled.
05-25 04:43:10.113 I/AiAiEcho( 1546): Predicting[0]:  [CONTEXT sampling_count=5 ]
05-25 04:43:10.113 I/AiAiEcho( 1546): EchoTargets: 
05-25 04:43:10.113 I/AiAiEcho( 1546): Filtered by AiAi flag check: 
05-25 04:43:10.113 I/AiAiEcho( 1546): [CONTEXT ratelimit_period="10 SECONDS" ]
05-25 04:43:10.113 I/AiAiEcho( 1546): #remoteViewsTwiddler: feature disabled.
05-25 04:43:10.113 I/AiAiEcho( 1546): #postPredictionTargets: Sending updates to UISurface lockscreen with targets# 0 (types=[])
05-25 04:43:10.113 W/libbinder.IPCThreadState(  755): Sending oneway calls to frozen process.
05-25 04:43:10.114 I/AiAiEcho( 1546): #postPredictionTargets: Sending updates to UISurface home with targets# 0 (types=[])
05-25 04:43:10.114 W/SsPagerDots( 1012): Total number of pages invalid: 0. Assuming 1 page.
05-25 04:43:10.114 W/libbinder.IPCThreadState(  755): Sending oneway calls to frozen process.
05-25 04:43:10.114 W/libbinder.IPCThreadState(  755): Sending oneway calls to frozen process.
05-25 04:43:10.118 W/libbinder.IPCThreadState(  755): Sending oneway calls to frozen process.
05-25 04:43:10.118 W/libbinder.IPCThreadState(  755): Sending oneway calls to frozen process.
05-25 04:43:10.118 W/libbinder.IPCThreadState(  755): Sending oneway calls to frozen process.
05-25 04:43:10.118 W/libbinder.IPCThreadState(  755): Sending oneway calls to frozen process.
05-25 04:43:10.118 W/libbinder.IPCThreadState(  755): Sending oneway calls to frozen process.
05-25 04:43:10.118 W/libbinder.IPCThreadState(  755): Sending oneway calls to frozen process.
05-25 04:43:10.119 W/libbinder.IPCThreadState(  755): Sending oneway calls to frozen process.
05-25 04:43:10.119 W/libbinder.IPCThreadState(  755): Sending oneway calls to frozen process.
05-25 04:43:10.119 W/libbinder.IPCThreadState(  755): Sending oneway calls to frozen process.
05-25 04:43:10.119 W/libbinder.IPCThreadState(  755): Sending oneway calls to frozen process.
05-25 04:43:10.119 W/libbinder.IPCThreadState(  755): Sending oneway calls to frozen process.
05-25 04:43:10.119 W/libbinder.IPCThreadState(  755): Sending oneway calls to frozen process.
05-25 04:43:10.119 W/libbinder.IPCThreadState(  755): Sending oneway calls to frozen process.
05-25 04:43:10.119 W/libbinder.IPCThreadState(  755): Sending oneway calls to frozen process.
05-25 04:43:10.119 W/libbinder.IPCThreadState(  755): Sending oneway calls to frozen process.
05-25 04:43:10.119 W/libbinder.IPCThreadState(  755): Sending oneway calls to frozen process.
05-25 04:43:10.120 W/libbinder.IPCThreadState(  755): Sending oneway calls to frozen process.
05-25 04:43:10.120 W/libbinder.IPCThreadState(  755): Sending oneway calls to frozen process.
05-25 04:43:10.120 W/libbinder.IPCThreadState(  755): Sending oneway calls to frozen process.
05-25 04:43:10.120 W/libbinder.IPCThreadState(  755): Sending oneway calls to frozen process.
05-25 04:43:10.120 W/libbinder.IPCThreadState(  755): Sending oneway calls to frozen process.
05-25 04:43:10.120 W/libbinder.IPCThreadState(  755): Sending oneway calls to frozen process.
05-25 04:43:10.121 W/libbinder.IPCThreadState(  755): Sending oneway calls to frozen process.
05-25 04:43:10.121 W/libbinder.IPCThreadState(  755): Sending oneway calls to frozen process.
05-25 04:43:10.121 W/libbinder.IPCThreadState(  755): Sending oneway calls to frozen process.
05-25 04:43:10.121 W/libbinder.IPCThreadState(  755): Sending oneway calls to frozen process.
05-25 04:43:10.121 W/libbinder.IPCThreadState(  755): Sending oneway calls to frozen process.
05-25 04:43:10.121 W/libbinder.IPCThreadState(  755): Sending oneway calls to frozen process.
05-25 04:43:10.122 W/libbinder.IPCThreadState(  755): Sending oneway calls to frozen process.
05-25 04:43:10.122 W/libbinder.IPCThreadState(  755): Sending oneway calls to frozen process.
05-25 04:43:10.122 W/libbinder.IPCThreadState(  755): Sending oneway calls to frozen process.
05-25 04:43:10.122 D/BatterySaverPolicy(  755): accessibility changed to true, updating policy.
05-25 04:43:10.128 D/AccessibilityManagerService(  755): .getAccessibilityShortcutTargets {shortcutType=32, userId=0}
05-25 04:43:10.699 W/libbinder.IPCThreadState(  755): Sending oneway calls to frozen process.
05-25 04:43:10.707 W/libbinder.IPCThreadState(  755): Sending oneway calls to frozen process.
05-25 04:43:11.159 W/AccessibilityNodeInfoDumper(18885): Fetch time: 2ms
05-25 04:43:11.161 V/AccessibilityManagerService(  755): onUserStateChangedLocked for userId: 0, forceUpdate: false
05-25 04:43:11.162 I/AiAiEcho( 1546): Settings changed for uri: content://settings/secure/accessibility_enabled
05-25 04:43:11.163 V/AccessibilityUserState(  755): updateShortcutTargets: type:accessibility_shortcut_target_service, current:{}, new:{}
05-25 04:43:11.163 V/AccessibilityUserState(  755): updateShortcutTargets: type:accessibility_button_targets, current:{}, new:{}
05-25 04:43:11.163 V/AccessibilityUserState(  755): updateShortcutTargets: type:accessibility_gesture_targets, current:{}, new:{}
05-25 04:43:11.163 V/AccessibilityUserState(  755): updateShortcutTargets: type:accessibility_qs_targets, current:{}, new:{}
05-25 04:43:11.163 V/AccessibilityUserState(  755): updateShortcutTargets: type:accessibility_key_gesture_targets, current:{}, new:{}
05-25 04:43:11.163 I/AiAiEcho( 1546): Predicting[0]:  [CONTEXT sampling_count=5 ]
05-25 04:43:11.163 W/MagnificationConnectionManager(  755): requestConnection duplicated request: connect=false, mConnectionState=DISCONNECTED
05-25 04:43:11.163 I/AiAiEcho( 1546): EchoTargets: 
05-25 04:43:11.163 I/AiAiEcho( 1546): Filtered by AiAi flag check: 
