05-25 02:38:36.832   755   755 W libbinder.IPCThreadState: Sending oneway calls to frozen process.
05-25 02:38:36.832   755   755 W libbinder.IPCThreadState: Sending oneway calls to frozen process.
05-25 02:38:36.832   755   755 W libbinder.IPCThreadState: Sending oneway calls to frozen process.
05-25 02:38:36.832   755   755 W libbinder.IPCThreadState: Sending oneway calls to frozen process.
05-25 02:38:36.832  1546  1927 I AiAiEcho: Predicting[0]:  [CONTEXT sampling_count=5 ]
05-25 02:38:36.832  1546  1927 I AiAiEcho: EchoTargets: 
05-25 02:38:36.832  1546  1927 I AiAiEcho: Filtered by AiAi flag check: 
05-25 02:38:36.832  1546  1927 I AiAiEcho: [CONTEXT ratelimit_period="10 SECONDS" ]
05-25 02:38:36.832   755   755 W libbinder.IPCThreadState: Sending oneway calls to frozen process.
05-25 02:38:36.832  1546  1927 I AiAiEcho: #remoteViewsTwiddler: feature disabled.
05-25 02:38:36.832   755   755 W libbinder.IPCThreadState: Sending oneway calls to frozen process.
05-25 02:38:36.832   755   755 W libbinder.IPCThreadState: Sending oneway calls to frozen process.
05-25 02:38:36.832   755   755 W libbinder.IPCThreadState: Sending oneway calls to frozen process.
05-25 02:38:36.832   755   755 W libbinder.IPCThreadState: Sending oneway calls to frozen process.
05-25 02:38:36.832  1546  1927 I AiAiEcho: Predicting[0]:  [CONTEXT sampling_count=5 ]
05-25 02:38:36.832  1546  1927 I AiAiEcho: EchoTargets: 
05-25 02:38:36.832  1546  1927 I AiAiEcho: Filtered by AiAi flag check: 
05-25 02:38:36.832  1546  1927 I AiAiEcho: [CONTEXT ratelimit_period="10 SECONDS" ]
05-25 02:38:36.833  1546  1927 I AiAiEcho: #remoteViewsTwiddler: feature disabled.
05-25 02:38:36.833   755   755 W libbinder.IPCThreadState: Sending oneway calls to frozen process.
05-25 02:38:36.833  1546  1927 I AiAiEcho: #postPredictionTargets: Sending updates to UISurface lockscreen with targets# 0 (types=[])
05-25 02:38:36.833   755   755 W libbinder.IPCThreadState: Sending oneway calls to frozen process.
05-25 02:38:36.833  1546  1927 I AiAiEcho: #postPredictionTargets: Sending updates to UISurface home with targets# 0 (types=[])
05-25 02:38:36.836  1012  1012 W SsPagerDots: Total number of pages invalid: 0. Assuming 1 page.
05-25 02:38:36.836   755   982 D AccessibilityManagerService: .getAccessibilityShortcutTargets {shortcutType=32, userId=0}
05-25 02:38:36.836  1012  1012 W SsPagerDots: Total number of pages invalid: 0. Assuming 1 page.
05-25 02:38:37.347   553  4294 D android.hardware.audio@7.1-impl.ranchu: threadLoop: entering standby, frames: 3544704
05-25 02:38:37.347   553  4294 D android.hardware.audio@7.1-impl.ranchu: ~TinyalsaSink: joining consumeThread
05-25 02:38:37.360   553  8106 D android.hardware.audio@7.1-impl.ranchu: consumeThread: exiting
05-25 02:38:37.362   553  4294 D android.hardware.audio@7.1-impl.ranchu: ~TinyalsaSink: stopping PCM stream
05-25 02:38:37.831   755   785 W libbinder.IPCThreadState: Sending oneway calls to frozen process.
05-25 02:38:37.858  8119  8119 W AccessibilityNodeInfoDumper: Fetch time: 2ms
05-25 02:38:37.860   755  3185 V AccessibilityManagerService: onUserStateChangedLocked for userId: 0, forceUpdate: false
05-25 02:38:37.862   755  3185 V AccessibilityUserState: updateShortcutTargets: type:accessibility_shortcut_target_service, current:{}, new:{}
05-25 02:38:37.862   755  3185 V AccessibilityUserState: updateShortcutTargets: type:accessibility_button_targets, current:{}, new:{}
05-25 02:38:37.862   755  3185 V AccessibilityUserState: updateShortcutTargets: type:accessibility_gesture_targets, current:{}, new:{}
05-25 02:38:37.862   755  3185 V AccessibilityUserState: updateShortcutTargets: type:accessibility_qs_targets, current:{}, new:{}
05-25 02:38:37.862   755  3185 V AccessibilityUserState: updateShortcutTargets: type:accessibility_key_gesture_targets, current:{}, new:{}
05-25 02:38:37.862   755  3185 W MagnificationConnectionManager: requestConnection duplicated request: connect=false, mConnectionState=DISCONNECTED
05-25 02:38:37.862   755  3185 D AccessibilityManagerService: restoreCurrentUserForTestAutomationIfNeededLocked(): ignoring because device doesn't support visible background users
05-25 02:38:37.862   755   755 W libbinder.IPCThreadState: Sending oneway calls to frozen process.
05-25 02:38:37.862   755   755 W libbinder.IPCThreadState: Sending oneway calls to frozen process.
05-25 02:38:37.862   755   755 W libbinder.IPCThreadState: Sending oneway calls to frozen process.
05-25 02:38:37.862   755   755 W libbinder.IPCThreadState: Sending oneway calls to frozen process.
05-25 02:38:37.862   755   755 W libbinder.IPCThreadState: Sending oneway calls to frozen process.
05-25 02:38:37.862   755   755 W libbinder.IPCThreadState: Sending oneway calls to frozen process.
05-25 02:38:37.863  1546  2095 I AiAiEcho: Settings changed for uri: content://settings/secure/accessibility_enabled
05-25 02:38:37.863   755   755 W libbinder.IPCThreadState: Sending oneway calls to frozen process.
05-25 02:38:37.863   755   755 W libbinder.IPCThreadState: Sending oneway calls to frozen process.
05-25 02:38:37.863   755   755 W libbinder.IPCThreadState: Sending oneway calls to frozen process.
05-25 02:38:37.863   755   755 W libbinder.IPCThreadState: Sending oneway calls to frozen process.
05-25 02:38:37.863   755   755 W libbinder.IPCThreadState: Sending oneway calls to frozen process.
05-25 02:38:37.863   755   755 W libbinder.IPCThreadState: Sending oneway calls to frozen process.
05-25 02:38:37.863   755   755 W libbinder.IPCThreadState: Sending oneway calls to frozen process.
05-25 02:38:37.863   755   755 W libbinder.IPCThreadState: Sending oneway calls to frozen process.
05-25 02:38:37.863   755   755 W libbinder.IPCThreadState: Sending oneway calls to frozen process.
05-25 02:38:37.863   755   755 W libbinder.IPCThreadState: Sending oneway calls to frozen process.
05-25 02:38:37.864   755   755 W libbinder.IPCThreadState: Sending oneway calls to frozen process.
05-25 02:38:37.864   755   755 W libbinder.IPCThreadState: Sending oneway calls to frozen process.
05-25 02:38:37.864   755   755 W libbinder.IPCThreadState: Sending oneway calls to frozen process.
05-25 02:38:37.864   755   755 W libbinder.IPCThreadState: Sending oneway calls to frozen process.
05-25 02:38:37.864   755   755 W libbinder.IPCThreadState: Sending oneway calls to frozen process.
05-25 02:38:37.864   755   755 W libbinder.IPCThreadState: Sending oneway calls to frozen process.
05-25 02:38:37.864   755   755 W libbinder.IPCThreadState: Sending oneway calls to frozen process.
05-25 02:38:37.864   755   755 W libbinder.IPCThreadState: Sending oneway calls to frozen process.
05-25 02:38:37.865  8119  8119 D AndroidRuntime: Shutting down VM
05-25 02:38:37.865  1546  1927 I AiAiEcho: Predicting[0]:  [CONTEXT sampling_count=5 ]
05-25 02:38:37.865  1546  1927 I AiAiEcho: EchoTargets: 
05-25 02:38:37.865  1546  1927 I AiAiEcho: Filtered by AiAi flag check: 
05-25 02:38:37.865  1546  1927 I AiAiEcho: [CONTEXT ratelimit_period="10 SECONDS" ]
05-25 02:38:37.865  1546  1927 I AiAiEcho: #remoteViewsTwiddler: feature disabled.
05-25 02:38:37.865   755   755 D BatterySaverPolicy: accessibility changed to false, updating policy.
05-25 02:38:37.866  1546  1927 I AiAiEcho: Predicting[0]:  [CONTEXT sampling_count=5 ]
05-25 02:38:37.866  1546  1927 I AiAiEcho: EchoTargets: 
05-25 02:38:37.866  1546  1927 I AiAiEcho: Filtered by AiAi flag check: 
05-25 02:38:37.866  1546  1927 I AiAiEcho: [CONTEXT ratelimit_period="10 SECONDS" ]
05-25 02:38:37.866  8119  8128 W libbinder.IPCThreadState: call to talkWithDriver in joinThreadPool returned error: -9 (Bad file descriptor), FD: -1
05-25 02:38:37.866  1546  1927 I AiAiEcho: #remoteViewsTwiddler: feature disabled.
05-25 02:38:37.866  8119  8127 W libbinder.IPCThreadState: call to talkWithDriver in joinThreadPool returned error: -9 (Bad file descriptor), FD: -1
05-25 02:38:37.867  8119  8131 W libbinder.IPCThreadState: call to talkWithDriver in joinThreadPool returned error: -9 (Bad file descriptor), FD: -1
05-25 02:38:37.867  1546  1927 I AiAiEcho: #postPredictionTargets: Sending updates to UISurface lockscreen with targets# 0 (types=[])
05-25 02:38:37.868  1546  1927 I AiAiEcho: #postPredictionTargets: Sending updates to UISurface home with targets# 0 (types=[])
05-25 02:38:37.869  1012  1012 W SsPagerDots: Total number of pages invalid: 0. Assuming 1 page.
05-25 02:38:38.780  8134  8134 D AndroidRuntime: >>>>>> START com.android.internal.os.RuntimeInit uid 2000 <<<<<<
05-25 02:38:38.783  8134  8134 I AndroidRuntime: Using default boot image
05-25 02:38:38.783  8134  8134 I AndroidRuntime: Leaving lock profiling enabled
05-25 02:38:38.785  8134  8134 I app_process: Using CollectorTypeCMC GC.
05-25 02:38:38.850  8134  8134 D nativeloader: InitDefaultPublicLibraries for_preload=1: libandroid.so:libaaudio.so:libamidi.so:libbinder_ndk.so:libc.so:libcamera2ndk.so:libdl.so:libEGL.so:libGLESv1_CM.so:libGLESv2.so:libGLESv3.so:libicu.so:libicui18n.so:libicuuc.so:libjnigraphics.so:liblog.so:libmediandk.so:libm.so:libnativehelper.so:libnativewindow.so:libOpenMAXAL.so:libOpenSLES.so:libRS.so:libstdc++.so:libsync.so:libvulkan.so:libwebviewchromium_plat_support.so:libz.so
05-25 02:38:38.856  8134  8134 D nativeloader: Load libicu_jni.so using APEX ns com_android_art for caller /apex/com.android.art/javalib/core-oj.jar: ok
05-25 02:38:38.856  8134  8134 D app_process: u_setTimeZoneFilesDirectory("/apex/com.android.tzdata/etc/tz/versioned/9/icu") succeeded. 
05-25 02:38:38.856  8134  8134 D app_process: I18n APEX ICU file found: /apex/com.android.i18n/etc/icu/icudt76l.dat
05-25 02:38:38.857  8134  8134 D nativeloader: Load libjavacore.so using APEX ns com_android_art for caller /apex/com.android.art/javalib/core-oj.jar: ok
05-25 02:38:38.857  8134  8134 D nativeloader: Load libopenjdk.so using APEX ns com_android_art for caller /apex/com.android.art/javalib/core-oj.jar: ok
05-25 02:38:38.858  8134  8134 I app_process: Priority-to-niceness mapping: 19, 16, 13, 10, 0, -2, -4, -5, -6, -8
05-25 02:38:38.858  8134  8134 W app_process: Unexpected CPU variant for x86: x86_64.
05-25 02:38:38.858  8134  8134 W app_process: Known variants: atom, sandybridge, silvermont, goldmont, goldmont-plus, goldmont-without-sha-xsaves, tremont, kabylake, alderlake, default
05-25 02:38:38.859  8134  8134 W app_process: ClassLoaderContext shared library size mismatch. Expected=2, found=0 (PCL[]{PCL[/system/framework/android.test.base.jar*1653369819]#PCL[/system/framework/android.test.mock.jar*1009639922]} | PCL[])
05-25 02:38:38.859  8134  8134 W app_process: ClassLoaderContext classpath size mismatch. expected=0, found=1 (PCL[]{PCL[/system/framework/android.test.runner.jar*3954641918]{PCL[/system/framework/android.test.base.jar*1653369819]#PCL[/system/framework/android.test.mock.jar*1009639922]}#PCL[/system/framework/android.test.base.jar*1653369819]} | PCL[/system/framework/android.test.runner.jar*3954641918])
05-25 02:38:38.872  8134  8134 D nativeloader: Load libframework-connectivity-tiramisu-jni.so using APEX ns com_android_tethering for caller /apex/com.android.tethering/javalib/framework-connectivity-t.jar: ok
05-25 02:38:38.873  8134  8134 D AndroidRuntime: Calling main entry com.android.commands.uiautomator.Launcher
05-25 02:38:38.875  8134  8134 I AconfigPackage: android.media.swcodec.flags is mapped to com.android.media.swcodec
05-25 02:38:38.876  8134  8134 I AconfigPackage: com.android.permission.flags is mapped to com.android.permission
05-25 02:38:38.876  8134  8134 I AconfigPackage: com.android.permissioncontroller.flags is mapped to com.android.permission
05-25 02:38:38.876  8134  8134 I AconfigPackage: com.android.icu is mapped to com.android.i18n
05-25 02:38:38.876  8134  8134 I AconfigPackage: com.android.appsearch.flags is mapped to com.android.appsearch
05-25 02:38:38.876  8134  8134 I AconfigPackage: android.uprobestats.mainline.flags is mapped to com.android.uprobestats
05-25 02:38:38.877  8134  8134 I AconfigPackage: com.android.crashrecovery.flags is mapped to com.android.crashrecovery
05-25 02:38:38.877  8134  8134 I AconfigPackage: android.provider.flags is mapped to com.android.configinfrastructure
05-25 02:38:38.877  8134  8134 I AconfigPackage: com.android.server.deviceconfig is mapped to com.android.configinfrastructure
05-25 02:38:38.877  8134  8134 I AconfigPackage: com.android.compos.flags is mapped to com.android.compos
05-25 02:38:38.877  8134  8134 I AconfigPackage: com.android.art.flags is mapped to com.android.art
05-25 02:38:38.877  8134  8134 I AconfigPackage: com.android.art.rw.flags is mapped to com.android.art
05-25 02:38:38.877  8134  8134 I AconfigPackage: com.android.libcore is mapped to com.android.art
05-25 02:38:38.877  8134  8134 I AconfigPackage: com.android.telephony.flags is mapped to com.android.telephonycore
05-25 02:38:38.877  8134  8134 I AconfigPackage: com.android.media.extractor.flags is mapped to com.android.media
05-25 02:38:38.877  8134  8134 I AconfigPackage: com.android.media.mainline.flags is mapped to com.android.media
05-25 02:38:38.877  8134  8134 I AconfigPackage: com.android.wifi.flags is mapped to com.android.wifi
05-25 02:38:38.877  8134  8134 I AconfigPackage: com.android.org.conscrypt.flags is mapped to com.android.conscrypt
05-25 02:38:38.877  8134  8134 I AconfigPackage: com.android.org.conscrypt.net.flags is mapped to com.android.conscrypt
05-25 02:38:38.877  8134  8134 I AconfigPackage: com.android.healthfitness.flags is mapped to com.android.healthfitness
05-25 02:38:38.877  8134  8134 I AconfigPackage: com.android.ipsec.flags is mapped to com.android.ipsec
05-25 02:38:38.877  8134  8134 I AconfigPackage: com.android.nfc.module.flags is mapped to com.android.nfcservices
05-25 02:38:38.877  8134  8134 I AconfigPackage: com.android.adservices.ondevicepersonalization.flags is mapped to com.android.ondevicepersonalization
05-25 02:38:38.877  8134  8134 I AconfigPackage: com.android.adbd.flags is mapped to com.android.adbd
05-25 02:38:38.877  8134  8134 I AconfigPackage: com.android.bluetooth.flags is mapped to com.android.bt
05-25 02:38:38.878  8134  8134 I AconfigPackage: com.android.devicelock.flags is mapped to com.android.devicelock
05-25 02:38:38.878  8134  8134 I AconfigPackage: android.os.profiling is mapped to com.android.profiling
05-25 02:38:38.878  8134  8134 I AconfigPackage: android.os.profiling.anomaly.flags is mapped to com.android.profiling
05-25 02:38:38.878  8134  8134 I AconfigPackage: com.android.os.statsd.flags is mapped to com.android.os.statsd
05-25 02:38:38.878  8134  8134 I AconfigPackage: com.android.rkpd.flags is mapped to com.android.rkpd
05-25 02:38:38.878  8134  8134 I AconfigPackage: com.android.cellbroadcastreceiver.flags is mapped to com.android.cellbroadcast
05-25 02:38:38.878  8134  8134 I AconfigPackage: com.android.adservices.flags is mapped to com.android.adservices
05-25 02:38:38.878  8134  8134 I AconfigPackage: com.android.sdksandbox.flags is mapped to com.android.adservices
05-25 02:38:38.878  8134  8134 I AconfigPackage: com.android.uwb.flags is mapped to com.android.uwb
05-25 02:38:38.878  8134  8134 I AconfigPackage: com.android.ranging.flags is mapped to com.android.uwb
05-25 02:38:38.878  8134  8134 I AconfigPackage: android.graphics.pdf.flags is mapped to com.android.mediaprovider
05-25 02:38:38.878  8134  8134 I AconfigPackage: com.android.providers.media.flags is mapped to com.android.mediaprovider
05-25 02:38:38.878  8134  8134 I AconfigPackage: android.graphics.pdf.flags.readonly is mapped to com.android.mediaprovider
05-25 02:38:38.878  8134  8134 I AconfigPackage: com.android.tethering.mainline.beta is mapped to com.android.tethering
05-25 02:38:38.878  8134  8134 I AconfigPackage: android.net.http is mapped to com.android.tethering
05-25 02:38:38.878  8134  8134 I AconfigPackage: com.android.tethering.readonly.flags is mapped to com.android.tethering
05-25 02:38:38.878  8134  8134 I AconfigPackage: android.net.vcn is mapped to com.android.tethering
05-25 02:38:38.878  8134  8134 I AconfigPackage: com.android.net.flags is mapped to com.android.tethering
05-25 02:38:38.878  8134  8134 I AconfigPackage: com.android.tethering.beta.test is mapped to com.android.tethering
05-25 02:38:38.878  8134  8134 I AconfigPackage: com.android.nearby.flags is mapped to com.android.tethering
05-25 02:38:38.878  8134  8134 I AconfigPackage: com.android.net.ct.flags is mapped to com.android.tethering
05-25 02:38:38.878  8134  8134 I AconfigPackage: com.android.net.thread.flags is mapped to com.android.tethering
05-25 02:38:38.878  8134  8134 I AconfigPackage: com.android.system.virtualmachine.flags is mapped to com.android.virt
05-25 02:38:38.878  8134  8134 E FeatureFlagsImplExport: android.os.flagging.AconfigStorageReadException: ERROR_PACKAGE_NOT_FOUND: package android.xr cannot be found on the device
05-25 02:38:38.881  8134  8134 D UiAutomationConnection: Created on user UserHandle{0}
05-25 02:38:38.881  8134  8134 I UiAutomation: Initialized for user 0 on display 0
05-25 02:38:38.881  8134  8134 W UiAutomation: Created with deprecatead constructor, assumes DEFAULT_DISPLAY
05-25 02:38:38.882   755   982 D AccessibilityManagerService: changeCurrentUserForTestAutomationIfNeededLocked(0): ignoring because device doesn't support visible background users
05-25 02:38:38.882   755   982 I UiAutomationManager: Registering UiTestAutomationService (id=com.android.server.accessibility/UiAutomation, flags=0x0) when called by user 0
05-25 02:38:38.882   755   982 V AccessibilityManagerService: onUserStateChangedLocked for userId: 0, forceUpdate: false
05-25 02:38:38.883   755   982 V AccessibilityUserState: updateShortcutTargets: type:accessibility_shortcut_target_service, current:{}, new:{}
05-25 02:38:38.883   755   982 V AccessibilityUserState: updateShortcutTargets: type:accessibility_button_targets, current:{}, new:{}
05-25 02:38:38.883   755   982 V AccessibilityUserState: updateShortcutTargets: type:accessibility_gesture_targets, current:{}, new:{}
05-25 02:38:38.883   755   982 V AccessibilityUserState: updateShortcutTargets: type:accessibility_qs_targets, current:{}, new:{}
05-25 02:38:38.883   755   982 V AccessibilityUserState: updateShortcutTargets: type:accessibility_key_gesture_targets, current:{}, new:{}
05-25 02:38:38.883   755   982 W MagnificationConnectionManager: requestConnection duplicated request: connect=false, mConnectionState=DISCONNECTED
05-25 02:38:38.884  1546  2095 I AiAiEcho: Settings changed for uri: content://settings/secure/accessibility_enabled
05-25 02:38:38.884   755   755 W libbinder.IPCThreadState: Sending oneway calls to frozen process.
05-25 02:38:38.884   755   755 W libbinder.IPCThreadState: Sending oneway calls to frozen process.
05-25 02:38:38.884   755   755 W libbinder.IPCThreadState: Sending oneway calls to frozen process.
05-25 02:38:38.884   755   755 W libbinder.IPCThreadState: Sending oneway calls to frozen process.
05-25 02:38:38.884   755   755 W libbinder.IPCThreadState: Sending oneway calls to frozen process.
05-25 02:38:38.885   755   755 W libbinder.IPCThreadState: Sending oneway calls to frozen process.
05-25 02:38:38.885   755   755 W libbinder.IPCThreadState: Sending oneway calls to frozen process.
05-25 02:38:38.885  1546  1927 I AiAiEcho: Predicting[0]:  [CONTEXT sampling_count=5 ]
05-25 02:38:38.885   755   755 W libbinder.IPCThreadState: Sending oneway calls to frozen process.
05-25 02:38:38.885   755   755 W libbinder.IPCThreadState: Sending oneway calls to frozen process.
05-25 02:38:38.885  1546  1927 I AiAiEcho: EchoTargets: 
05-25 02:38:38.885  1546  1927 I AiAiEcho: Filtered by AiAi flag check: 
05-25 02:38:38.885  1546  1927 I AiAiEcho: [CONTEXT ratelimit_period="10 SECONDS" ]
05-25 02:38:38.885   755   755 W libbinder.IPCThreadState: Sending oneway calls to frozen process.
05-25 02:38:38.885   755   755 W libbinder.IPCThreadState: Sending oneway calls to frozen process.
05-25 02:38:38.885   755   755 W libbinder.IPCThreadState: Sending oneway calls to frozen process.
05-25 02:38:38.885   755   755 W libbinder.IPCThreadState: Sending oneway calls to frozen process.
05-25 02:38:38.885  1546  1927 I AiAiEcho: #remoteViewsTwiddler: feature disabled.
05-25 02:38:38.885  1546  1927 I AiAiEcho: Predicting[0]:  [CONTEXT sampling_count=5 ]
05-25 02:38:38.885  1546  1927 I AiAiEcho: EchoTargets: 
05-25 02:38:38.885  1546  1927 I AiAiEcho: Filtered by AiAi flag check: 
05-25 02:38:38.885  1546  1927 I AiAiEcho: [CONTEXT ratelimit_period="10 SECONDS" ]
05-25 02:38:38.885   755   755 W libbinder.IPCThreadState: Sending oneway calls to frozen process.
05-25 02:38:38.885   755   755 W libbinder.IPCThreadState: Sending oneway calls to frozen process.
05-25 02:38:38.885   755   755 W libbinder.IPCThreadState: Sending oneway calls to frozen process.
05-25 02:38:38.885   755   755 W libbinder.IPCThreadState: Sending oneway calls to frozen process.
05-25 02:38:38.885   755   755 W libbinder.IPCThreadState: Sending oneway calls to frozen process.
05-25 02:38:38.885   755   755 W libbinder.IPCThreadState: Sending oneway calls to frozen process.
05-25 02:38:38.885   755   755 W libbinder.IPCThreadState: Sending oneway calls to frozen process.
05-25 02:38:38.885  1546  1927 I AiAiEcho: #remoteViewsTwiddler: feature disabled.
05-25 02:38:38.885   755   755 W libbinder.IPCThreadState: Sending oneway calls to frozen process.
05-25 02:38:38.885  1546  1927 I AiAiEcho: #postPredictionTargets: Sending updates to UISurface lockscreen with targets# 0 (types=[])
05-25 02:38:38.885   755   755 W libbinder.IPCThreadState: Sending oneway calls to frozen process.
05-25 02:38:38.886   755   755 W libbinder.IPCThreadState: Sending oneway calls to frozen process.
05-25 02:38:38.886   755   755 W libbinder.IPCThreadState: Sending oneway calls to frozen process.
05-25 02:38:38.886  1546  1927 I AiAiEcho: #postPredictionTargets: Sending updates to UISurface home with targets# 0 (types=[])
05-25 02:38:38.886   755   755 D BatterySaverPolicy: accessibility changed to true, updating policy.
05-25 02:38:38.888   755  2209 V AccessibilityManagerService: onUserStateChangedLocked for userId: 0, forceUpdate: false
05-25 02:38:38.888   755  2209 V AccessibilityUserState: updateShortcutTargets: type:accessibility_shortcut_target_service, current:{}, new:{}
05-25 02:38:38.888   755  2209 V AccessibilityUserState: updateShortcutTargets: type:accessibility_button_targets, current:{}, new:{}
05-25 02:38:38.888   755  2209 V AccessibilityUserState: updateShortcutTargets: type:accessibility_gesture_targets, current:{}, new:{}
05-25 02:38:38.888   755  2209 V AccessibilityUserState: updateShortcutTargets: type:accessibility_qs_targets, current:{}, new:{}
05-25 02:38:38.888   755  2209 V AccessibilityUserState: updateShortcutTargets: type:accessibility_key_gesture_targets, current:{}, new:{}
05-25 02:38:38.888   755  2209 W MagnificationConnectionManager: requestConnection duplicated request: connect=false, mConnectionState=DISCONNECTED
05-25 02:38:38.888  1546  3179 I AiAiEcho: Settings changed for uri: content://settings/secure/accessibility_enabled
05-25 02:38:38.889  1546  1927 I AiAiEcho: Predicting[0]:  [CONTEXT sampling_count=5 ]
05-25 02:38:38.889  1546  1927 I AiAiEcho: EchoTargets: 
05-25 02:38:38.889  1546  1927 I AiAiEcho: Filtered by AiAi flag check: 
05-25 02:38:38.889  1546  1927 I AiAiEcho: [CONTEXT ratelimit_period="10 SECONDS" ]
05-25 02:38:38.889  1546  1927 I AiAiEcho: #remoteViewsTwiddler: feature disabled.
05-25 02:38:38.889  1546  1927 I AiAiEcho: Predicting[0]:  [CONTEXT sampling_count=5 ]
05-25 02:38:38.889  1546  1927 I AiAiEcho: EchoTargets: 
05-25 02:38:38.889  1546  1927 I AiAiEcho: Filtered by AiAi flag check: 
05-25 02:38:38.889  1546  1927 I AiAiEcho: [CONTEXT ratelimit_period="10 SECONDS" ]
05-25 02:38:38.889  1546  1927 I AiAiEcho: #remoteViewsTwiddler: feature disabled.
05-25 02:38:38.889  1546  1927 I AiAiEcho: #postPredictionTargets: Sending updates to UISurface lockscreen with targets# 0 (types=[])
05-25 02:38:38.890  1546  1927 I AiAiEcho: #postPredictionTargets: Sending updates to UISurface home with targets# 0 (types=[])
05-25 02:38:38.891   755   755 W libbinder.IPCThreadState: Sending oneway calls to frozen process.
05-25 02:38:38.891   755   755 W libbinder.IPCThreadState: Sending oneway calls to frozen process.
05-25 02:38:38.891   755   755 W libbinder.IPCThreadState: Sending oneway calls to frozen process.
05-25 02:38:38.891   755   755 W libbinder.IPCThreadState: Sending oneway calls to frozen process.
05-25 02:38:38.891   755   755 W libbinder.IPCThreadState: Sending oneway calls to frozen process.
05-25 02:38:38.891   755   755 W libbinder.IPCThreadState: Sending oneway calls to frozen process.
05-25 02:38:38.891   755   785 W libbinder.IPCThreadState: Sending oneway calls to frozen process.
05-25 02:38:38.891   755   755 W libbinder.IPCThreadState: Sending oneway calls to frozen process.
05-25 02:38:38.891   755   755 W libbinder.IPCThreadState: Sending oneway calls to frozen process.
05-25 02:38:38.891   755   755 W libbinder.IPCThreadState: Sending oneway calls to frozen process.
05-25 02:38:38.891   755   755 W libbinder.IPCThreadState: Sending oneway calls to frozen process.
05-25 02:38:38.891   755   755 W libbinder.IPCThreadState: Sending oneway calls to frozen process.
05-25 02:38:38.891   755   755 W libbinder.IPCThreadState: Sending oneway calls to frozen process.
05-25 02:38:38.891   755   755 W libbinder.IPCThreadState: Sending oneway calls to frozen process.
05-25 02:38:38.891   755   755 W libbinder.IPCThreadState: Sending oneway calls to frozen process.
05-25 02:38:38.891   755   755 W libbinder.IPCThreadState: Sending oneway calls to frozen process.
05-25 02:38:38.891   755   755 W libbinder.IPCThreadState: Sending oneway calls to frozen process.
05-25 02:38:38.894  1012  1012 W SsPagerDots: Total number of pages invalid: 0. Assuming 1 page.
05-25 02:38:38.895   755   785 W libbinder.IPCThreadState: Sending oneway calls to frozen process.
05-25 02:38:38.897  1012  1012 W SsPagerDots: Total number of pages invalid: 0. Assuming 1 page.
05-25 02:38:38.897   755  3187 D AccessibilityManagerService: .getAccessibilityShortcutTargets {shortcutType=32, userId=0}
05-25 02:38:39.373   755   906 I HalDevMgr: bestIfaceCreationProposal is null, requestIface=STA, existingIface=[name=wlan0 type=STA]
05-25 02:38:39.919  8134  8134 W AccessibilityNodeInfoDumper: Fetch time: 1ms
05-25 02:38:39.921   755  3185 V AccessibilityManagerService: onUserStateChangedLocked for userId: 0, forceUpdate: false
05-25 02:38:39.922   755  3185 V AccessibilityUserState: updateShortcutTargets: type:accessibility_shortcut_target_service, current:{}, new:{}
05-25 02:38:39.922   755  3185 V AccessibilityUserState: updateShortcutTargets: type:accessibility_button_targets, current:{}, new:{}
05-25 02:38:39.922   755  3185 V AccessibilityUserState: updateShortcutTargets: type:accessibility_gesture_targets, current:{}, new:{}
05-25 02:38:39.922   755  3185 V AccessibilityUserState: updateShortcutTargets: type:accessibility_qs_targets, current:{}, new:{}
05-25 02:38:39.922   755  3185 V AccessibilityUserState: updateShortcutTargets: type:accessibility_key_gesture_targets, current:{}, new:{}
05-25 02:38:39.922   755  3185 W MagnificationConnectionManager: requestConnection duplicated request: connect=false, mConnectionState=DISCONNECTED
05-25 02:38:39.922  1546  3179 I AiAiEcho: Settings changed for uri: content://settings/secure/accessibility_enabled
05-25 02:38:39.922   755  3185 D AccessibilityManagerService: restoreCurrentUserForTestAutomationIfNeededLocked(): ignoring because device doesn't support visible background users
05-25 02:38:39.922   755   755 W libbinder.IPCThreadState: Sending oneway calls to frozen process.
05-25 02:38:39.922   755   755 W libbinder.IPCThreadState: Sending oneway calls to frozen process.
05-25 02:38:39.923   755   755 W libbinder.IPCThreadState: Sending oneway calls to frozen process.
05-25 02:38:39.923   755   755 W libbinder.IPCThreadState: Sending oneway calls to frozen process.
05-25 02:38:39.923   755   755 W libbinder.IPCThreadState: Sending oneway calls to frozen process.
05-25 02:38:39.923   755   755 W libbinder.IPCThreadState: Sending oneway calls to frozen process.
05-25 02:38:39.923   755   755 W libbinder.IPCThreadState: Sending oneway calls to frozen process.
05-25 02:38:39.923   755   755 W libbinder.IPCThreadState: Sending oneway calls to frozen process.
05-25 02:38:39.923   755   755 W libbinder.IPCThreadState: Sending oneway calls to frozen process.
05-25 02:38:39.923   755   755 W libbinder.IPCThreadState: Sending oneway calls to frozen process.
05-25 02:38:39.923   755   755 W libbinder.IPCThreadState: Sending oneway calls to frozen process.
05-25 02:38:39.923  1546  1927 I AiAiEcho: Predicting[0]:  [CONTEXT sampling_count=5 ]
05-25 02:38:39.923  1546  1927 I AiAiEcho: EchoTargets: 
05-25 02:38:39.923  1546  1927 I AiAiEcho: Filtered by AiAi flag check: 
05-25 02:38:39.923  1546  1927 I AiAiEcho: [CONTEXT ratelimit_period="10 SECONDS" ]
05-25 02:38:39.924  1546  1927 I AiAiEcho: #remoteViewsTwiddler: feature disabled.
05-25 02:38:39.924   755   755 W libbinder.IPCThreadState: Sending oneway calls to frozen process.
05-25 02:38:39.924   755   755 W libbinder.IPCThreadState: Sending oneway calls to frozen process.
05-25 02:38:39.924  1546  1927 I AiAiEcho: Predicting[0]:  [CONTEXT sampling_count=5 ]
05-25 02:38:39.924  1546  1927 I AiAiEcho: EchoTargets: 
05-25 02:38:39.924  1546  1927 I AiAiEcho: Filtered by AiAi flag check: 
05-25 02:38:39.924  1546  1927 I AiAiEcho: [CONTEXT ratelimit_period="10 SECONDS" ]
05-25 02:38:39.924  1546  1927 I AiAiEcho: #remoteViewsTwiddler: feature disabled.
05-25 02:38:39.924   755   755 W libbinder.IPCThreadState: Sending oneway calls to frozen process.
05-25 02:38:39.924   755   755 W libbinder.IPCThreadState: Sending oneway calls to frozen process.
05-25 02:38:39.924   755   755 W libbinder.IPCThreadState: Sending oneway calls to frozen process.
05-25 02:38:39.924   755   755 W libbinder.IPCThreadState: Sending oneway calls to frozen process.
05-25 02:38:39.924   755   755 W libbinder.IPCThreadState: Sending oneway calls to frozen process.
05-25 02:38:39.924  1546  1927 I AiAiEcho: #postPredictionTargets: Sending updates to UISurface lockscreen with targets# 0 (types=[])
05-25 02:38:39.924   755   755 W libbinder.IPCThreadState: Sending oneway calls to frozen process.
05-25 02:38:39.924   755   755 W libbinder.IPCThreadState: Sending oneway calls to frozen process.
05-25 02:38:39.924   755   755 W libbinder.IPCThreadState: Sending oneway calls to frozen process.
05-25 02:38:39.924   755   755 W libbinder.IPCThreadState: Sending oneway calls to frozen process.
05-25 02:38:39.924   755   755 W libbinder.IPCThreadState: Sending oneway calls to frozen process.
05-25 02:38:39.924   755   755 W libbinder.IPCThreadState: Sending oneway calls to frozen process.
05-25 02:38:39.924  1546  1927 I AiAiEcho: #postPredictionTargets: Sending updates to UISurface home with targets# 0 (types=[])
05-25 02:38:39.924   755   755 D BatterySaverPolicy: accessibility changed to false, updating policy.
05-25 02:38:39.925  8134  8134 D AndroidRuntime: Shutting down VM
05-25 02:38:39.925  8134  8142 W libbinder.IPCThreadState: call to talkWithDriver in joinThreadPool returned error: -9 (Bad file descriptor), FD: -1
05-25 02:38:39.925  8134  8146 W libbinder.IPCThreadState: call to talkWithDriver in joinThreadPool returned error: -9 (Bad file descriptor), FD: -1
05-25 02:38:39.925  8134  8143 W libbinder.IPCThreadState: call to talkWithDriver in joinThreadPool returned error: -9 (Bad file descriptor), FD: -1
05-25 02:38:39.931  1012  1012 W SsPagerDots: Total number of pages invalid: 0. Assuming 1 page.
05-25 02:38:39.934   755   785 W libbinder.IPCThreadState: Sending oneway calls to frozen process.
05-25 02:38:42.377   755   906 I HalDevMgr: bestIfaceCreationProposal is null, requestIface=STA, existingIface=[name=wlan0 type=STA]
05-25 02:38:42.392   755   785 W libbinder.IPCThreadState: Sending oneway calls to frozen process.
05-25 02:38:42.397   755   785 W libbinder.IPCThreadState: Sending oneway calls to frozen process.
05-25 02:38:43.436   755   785 W libbinder.IPCThreadState: Sending oneway calls to frozen process.
05-25 02:38:43.847  1139  1263 D SatelliteController: iisInCarrierRoamingNbIotNtn: satellite is disabled
05-25 02:38:43.847   755   982 W libbinder.IPCThreadState: Sending oneway calls to frozen process.
05-25 02:38:43.848  1139  1263 D SatelliteController: getCarrierRoamingNtnConnectType: Falling back to global carrier config connect type: 0
05-25 02:38:45.382   755   906 I HalDevMgr: bestIfaceCreationProposal is null, requestIface=STA, existingIface=[name=wlan0 type=STA]
05-25 02:38:46.359   755  3187 D ActivityManager: sync unfroze 1484 com.google.android.gms for 6
05-25 02:38:46.368   755  3187 W ProcessStats: Tracking association SourceState{1e895c9 com.google.android.gms.persistent/10147 ImpBg #3035} whose proc state 6 is better than process ProcessState{2a8527d com.google.android.gms/10147 pkg=com.google.android.gms} proc state 14 (0 skipped)
05-25 02:38:46.369  1334  7699 I NetworkScheduler.Stats: (REDACTED) Task %s/%s started execution. cause:%s exec_start_elapsed_seconds: %s
05-25 02:38:46.373  1334  7698 I NetworkScheduler.Stats: (REDACTED) Task %s/%s finished executing. cause:%s result: %s elapsed_millis: %s uptime_millis: %s exec_start_elapsed_seconds: %s
05-25 02:38:46.626   755   845 D ActivityManager: sync unfroze 2368 com.google.android.apps.photos for 6
05-25 02:38:46.640  2368  2870 W JobInfo : Requested important-while-foreground flag for job555000116 is ignored and takes no effect
05-25 02:38:46.646   755  3187 D ConnectivityService: requestNetwork for uid/pid:10162/2368 activeRequest: null callbackRequest: 221 [NetworkRequest [ REQUEST id=222, [ Capabilities: INTERNET&NOT_RESTRICTED&TRUSTED&NOT_VCN_MANAGED&NOT_BANDWIDTH_CONSTRAINED Uid: 10162 RequestorUid: 10162 RequestorPkg: com.google.android.apps.photos UnderlyingNetworks: Null] ]] callback flags: 0 order: 2147483647 isUidTracked: false declaredMethods: AVAIL|LOST|NC|BLK
05-25 02:38:46.648   755   906 D WifiNetworkFactory: got request NetworkRequest [ REQUEST id=222, [ Capabilities: INTERNET&NOT_RESTRICTED&TRUSTED&NOT_VCN_MANAGED&NOT_BANDWIDTH_CONSTRAINED Uid: 10162 RequestorUid: 10162 RequestorPkg: com.google.android.apps.photos UnderlyingNetworks: Null] ]
05-25 02:38:46.648   755   906 D UntrustedWifiNetworkFactory: got request NetworkRequest [ REQUEST id=222, [ Capabilities: INTERNET&NOT_RESTRICTED&TRUSTED&NOT_VCN_MANAGED&NOT_BANDWIDTH_CONSTRAINED Uid: 10162 RequestorUid: 10162 RequestorPkg: com.google.android.apps.photos UnderlyingNetworks: Null] ]
05-25 02:38:46.648   755   906 D OemPaidWifiNetworkFactory: got request NetworkRequest [ REQUEST id=222, [ Capabilities: INTERNET&NOT_RESTRICTED&TRUSTED&NOT_VCN_MANAGED&NOT_BANDWIDTH_CONSTRAINED Uid: 10162 RequestorUid: 10162 RequestorPkg: com.google.android.apps.photos UnderlyingNetworks: Null] ]
05-25 02:38:46.648   755   916 D ConnectivityService: NetReassign [222 : null → 100] [c 0] [a 1] [i 1]
05-25 02:38:46.648   755   906 D MultiInternetWifiNetworkFactory: got request NetworkRequest [ REQUEST id=222, [ Capabilities: INTERNET&NOT_RESTRICTED&TRUSTED&NOT_VCN_MANAGED&NOT_BANDWIDTH_CONSTRAINED Uid: 10162 RequestorUid: 10162 RequestorPkg: com.google.android.apps.photos UnderlyingNetworks: Null] ]
05-25 02:38:46.657   755  3185 W JobScheduler: Job didn't exist in JobStore: 4d37550 #u0a162/1034 com.google.android.apps.photos/com.google.android.libraries.social.mediamonitor.MediaMonitorJobSchedulerService
05-25 02:38:46.662   755  3187 W UriGrantsManagerService: No permission grants found for com.google.android.apps.photos
05-25 02:38:46.663   755  3187 W UriGrantsManagerService: No permission grants found for com.google.android.apps.photos
05-25 02:38:46.732   755  3187 W JobInfo : Job 'com.google.android.apps.photos/com.google.android.libraries.social.async.BackgroundTaskJobService#1043' has a deadline with no functional constraints. The deadline won't improve job execution latency. Consider removing the deadline.
05-25 02:38:46.753   755  1052 W UriGrantsManagerService: No permission grants found for com.google.android.apps.photos
05-25 02:38:46.754   755  1052 W UriGrantsManagerService: No permission grants found for com.google.android.apps.photos
05-25 02:38:46.789  2368  8153 I XmpUtil : XMP parse: only JPEG file is supported
05-25 02:38:46.789  2368  8154 I XmpUtil : XMP parse: only JPEG file is supported
05-25 02:38:46.811  2368  8153 I XmpUtil : XMP parse: only JPEG file is supported
05-25 02:38:46.824   755  1052 W UriGrantsManagerService: No permission grants found for com.google.android.apps.photos
05-25 02:38:46.826   755  1052 W UriGrantsManagerService: No permission grants found for com.google.android.apps.photos
05-25 02:38:46.832  2368  2379 W System  : A resource failed to call close. 
05-25 02:38:46.833  2368  2379 W System  : A resource failed to call close. 
05-25 02:38:46.833  2368  2379 W System  : A resource failed to call close. 
05-25 02:38:46.834   755   785 W libbinder.IPCThreadState: Sending oneway calls to frozen process.
05-25 02:38:46.834   755   785 W libbinder.IPCThreadState: Sending oneway calls to frozen process.
05-25 02:38:47.869   755   785 W libbinder.IPCThreadState: Sending oneway calls to frozen process.
05-25 02:38:48.387   755   906 I HalDevMgr: bestIfaceCreationProposal is null, requestIface=STA, existingIface=[name=wlan0 type=STA]
05-25 02:38:48.889   755   785 W libbinder.IPCThreadState: Sending oneway calls to frozen process.
05-25 02:38:48.889   755   785 W libbinder.IPCThreadState: Sending oneway calls to frozen process.
05-25 02:38:49.928   755   785 W libbinder.IPCThreadState: Sending oneway calls to frozen process.
05-25 02:38:51.393   755   906 I HalDevMgr: bestIfaceCreationProposal is null, requestIface=STA, existingIface=[name=wlan0 type=STA]
05-25 02:38:51.671   755   916 D InetDiagMessage: Destroyed 0 sockets, proto=IPPROTO_TCP, family=AF_INET, states=14
05-25 02:38:51.672   755   916 D InetDiagMessage: Destroyed 0 sockets, proto=IPPROTO_TCP, family=AF_INET6, states=14
05-25 02:38:51.672   755   916 D InetDiagMessage: Destroyed live tcp sockets for uids={10162} in 1ms
05-25 02:38:51.672   755   916 D InetDiagMessage: Destroyed 0 sockets, proto=IPPROTO_TCP, family=AF_INET, states=14
05-25 02:38:51.672   755   916 D InetDiagMessage: Destroyed 0 sockets, proto=IPPROTO_TCP, family=AF_INET6, states=14
05-25 02:38:51.672   755   916 D InetDiagMessage: Destroyed live tcp sockets for uids={20162} in 1ms
05-25 02:38:53.847  1139  1263 D SatelliteController: iisInCarrierRoamingNbIotNtn: satellite is disabled
05-25 02:38:53.848   755   982 W libbinder.IPCThreadState: Sending oneway calls to frozen process.
05-25 02:38:53.848  1139  1263 D SatelliteController: getCarrierRoamingNtnConnectType: Falling back to global carrier config connect type: 0
05-25 02:38:54.398   755   906 I HalDevMgr: bestIfaceCreationProposal is null, requestIface=STA, existingIface=[name=wlan0 type=STA]
05-25 02:38:56.383  1484  8159 I GmscoreIpa: Starting mediastore instant index [CONTEXT service_id=255 ]
05-25 02:38:56.661   755   854 D ActivityManager: freezing 2368 com.google.android.apps.photos
05-25 02:38:56.664   755   916 D InetDiagMessage: Destroyed 0 sockets, proto=IPPROTO_TCP, family=AF_INET, states=14
05-25 02:38:56.665   755   916 D InetDiagMessage: Destroyed 0 sockets, proto=IPPROTO_TCP, family=AF_INET6, states=14
05-25 02:38:56.665   755   916 D InetDiagMessage: Destroyed live tcp sockets for uids={10162} in 2ms
05-25 02:38:57.404   755   906 I HalDevMgr: bestIfaceCreationProposal is null, requestIface=STA, existingIface=[name=wlan0 type=STA]
05-25 02:39:00.410   755   906 I HalDevMgr: bestIfaceCreationProposal is null, requestIface=STA, existingIface=[name=wlan0 type=STA]
05-25 02:39:03.414   755   906 I HalDevMgr: bestIfaceCreationProposal is null, requestIface=STA, existingIface=[name=wlan0 type=STA]
05-25 02:39:03.847  1139  1263 D SatelliteController: iisInCarrierRoamingNbIotNtn: satellite is disabled
05-25 02:39:03.847  1139  1263 D SatelliteController: getCarrierRoamingNtnConnectType: Falling back to global carrier config connect type: 0
05-25 02:39:03.848   755   982 W libbinder.IPCThreadState: Sending oneway calls to frozen process.
05-25 02:39:06.419   755   906 I HalDevMgr: bestIfaceCreationProposal is null, requestIface=STA, existingIface=[name=wlan0 type=STA]
05-25 02:39:09.425   755   906 I HalDevMgr: bestIfaceCreationProposal is null, requestIface=STA, existingIface=[name=wlan0 type=STA]
05-25 02:39:12.430   755   906 I HalDevMgr: bestIfaceCreationProposal is null, requestIface=STA, existingIface=[name=wlan0 type=STA]
05-25 02:39:12.668   755   982 D TelephonyManager: requestModemActivityInfo: Sending result to app: ModemActivityInfo{ mTimestamp=2355177 mSleepTimeMs=210 mIdleTimeMs=70 mActivityStatsTechSpecificInfo=[{mRat=UNKNOWN,mFrequencyRange=UNKNOWN,mTxTimeMs[]=[5, 15, 30, 40, 45],mRxTimeMs=45}]}
05-25 02:39:13.417   755   854 D ActivityManager: freezing 1484 com.google.android.gms
05-25 02:39:13.741   755  1368 W AppOps  : Noting op not finished: uid 10147 pkg com.google.android.gms code 113 startTime of in progress event=1779670820651
05-25 02:39:13.744   755  1368 W AppOps  : Noting op not finished: uid 10147 pkg com.google.android.gms code 79 startTime of in progress event=1779670833327
05-25 02:39:13.752  1334  1632 I ActivityScheduler: nextTriggerTime: 2594361, in 238100ms, detectorType: 39, FULL_TYPE alarmWindowMillis: 80000
05-25 02:39:13.848  1139  1263 D SatelliteController: iisInCarrierRoamingNbIotNtn: satellite is disabled
05-25 02:39:13.848  1139  1263 D SatelliteController: getCarrierRoamingNtnConnectType: Falling back to global carrier config connect type: 0
05-25 02:39:13.849   755  1368 W libbinder.IPCThreadState: Sending oneway calls to frozen process.
05-25 02:39:14.742   755   982 W AppOps  : Noting op not finished: uid 10147 pkg com.google.android.gms code 113 startTime of in progress event=1779670820651
05-25 02:39:15.435   755   906 I HalDevMgr: bestIfaceCreationProposal is null, requestIface=STA, existingIface=[name=wlan0 type=STA]
05-25 02:39:18.441   755   906 I HalDevMgr: bestIfaceCreationProposal is null, requestIface=STA, existingIface=[name=wlan0 type=STA]
05-25 02:39:21.445   755   906 I HalDevMgr: bestIfaceCreationProposal is null, requestIface=STA, existingIface=[name=wlan0 type=STA]
05-25 02:39:23.847  1139  1263 D SatelliteController: iisInCarrierRoamingNbIotNtn: satellite is disabled
05-25 02:39:23.847   755   982 W libbinder.IPCThreadState: Sending oneway calls to frozen process.
05-25 02:39:23.847  1139  1263 D SatelliteController: getCarrierRoamingNtnConnectType: Falling back to global carrier config connect type: 0
05-25 02:39:24.451   755   906 I HalDevMgr: bestIfaceCreationProposal is null, requestIface=STA, existingIface=[name=wlan0 type=STA]
05-25 02:39:27.457   755   906 I HalDevMgr: bestIfaceCreationProposal is null, requestIface=STA, existingIface=[name=wlan0 type=STA]
05-25 02:39:28.192  8174  8174 W libbinder.BackendUnifiedServiceManager: Thread Pool max thread count is 0. Cannot cache binder as linkToDeath cannot be implemented. serviceName: SurfaceFlingerAIDL
05-25 02:39:28.193  8174  8174 W libbinder.BpBinder: Linking to death on android.gui.ISurfaceComposer but there are no threads (yet?) listening to incoming transactions. See ProcessState::startThreadPool and ProcessState::setThreadPoolMaxThreadCount. Generally you should setup the binder threadpool before other initialization steps.
05-25 02:39:28.193  8174  8174 W libbinder.ProcessState: Extra binder thread started, but 0 threads requested. Do not use *startThreadPool when zero threads are requested.
05-25 02:39:28.280  1529  1788 W MediaProvider: isAppCloneUserPair for user 0: false
05-25 02:39:28.316   755   982 D ActivityManager: sync unfroze 1484 com.google.android.gms for 6
05-25 02:39:28.322   755   982 W ProcessStats: Tracking association SourceState{1e895c9 com.google.android.gms.persistent/10147 ImpBg #3062} whose proc state 6 is better than process ProcessState{2a8527d com.google.android.gms/10147 pkg=com.google.android.gms} proc state 14 (1 skipped)
05-25 02:39:28.324  1334  7698 I NetworkScheduler.Stats: (REDACTED) Task %s/%s started execution. cause:%s exec_start_elapsed_seconds: %s
05-25 02:39:28.328  1334  7930 I NetworkScheduler.Stats: (REDACTED) Task %s/%s finished executing. cause:%s result: %s elapsed_millis: %s uptime_millis: %s exec_start_elapsed_seconds: %s
05-25 02:39:28.392   755  2209 I ActivityManager: Broadcasting: Intent { act=android.intent.action.MEDIA_SCANNER_SCAN_FILE dat=file:///... flg=0x400000 }
05-25 02:39:28.393   755  2209 I ActivityManager: Enqueued broadcast Intent { act=android.intent.action.MEDIA_SCANNER_SCAN_FILE dat=file:///... flg=0x400000 }: 0
05-25 02:39:28.393  1529  1529 I MediaServiceV2: Creating work for intent Intent { act=android.intent.action.MEDIA_SCANNER_SCAN_FILE dat=file:///... flg=0x1400010 cmp=com.google.android.providers.media.module/com.android.providers.media.MediaServiceV2 }
05-25 02:39:28.394  1529  1529 I MediaServiceV2: Work enqueued for intent: Intent { act=android.intent.action.MEDIA_SCANNER_SCAN_FILE dat=file:///... flg=0x1400010 cmp=com.google.android.providers.media.module/com.android.providers.media.MediaServiceV2 }
05-25 02:39:28.397   755   775 I ActivityManager: Broadcast completed: result=0
05-25 02:39:28.402  1529  1874 W JobInfo : Requested important-while-foreground flag for job653 is ignored and takes no effect
05-25 02:39:28.402  1529  1874 D WM-SystemJobScheduler: Scheduling work ID 5eb8a049-1b9a-47c3-8abc-f42835a1f4acJob ID 653
05-25 02:39:28.409  1529  1529 D WM-SystemJobService: onStartJob for WorkGenerationalId(workSpecId=5eb8a049-1b9a-47c3-8abc-f42835a1f4ac, generation=0)
05-25 02:39:28.409  1529  1874 D WM-GreedyScheduler: Ignoring {WorkSpec: fce74054-5d75-49ac-b1fb-61b1c63b64d1}. Requires device idle.
05-25 02:39:28.409  1529  1874 D WM-GreedyScheduler: Ignoring {WorkSpec: 748d3965-3023-45a6-9a32-baafa7d90ebf}. Requires device idle.
05-25 02:39:28.409  1529  1874 D WM-GreedyScheduler: Ignoring {WorkSpec: bbc248da-5aec-4565-83d8-ed90ba3a683c}. Requires device idle.
05-25 02:39:28.409  1529  1874 D WM-GreedyScheduler: Ignoring {WorkSpec: a7b8fc44-3a39-43d5-96b8-cef5bb529d35}. Requires device idle.
05-25 02:39:28.409  1529  1874 D WM-GreedyScheduler: Starting work for 5eb8a049-1b9a-47c3-8abc-f42835a1f4ac
05-25 02:39:28.410  1529  1874 D WM-Processor: Processor: processing WorkGenerationalId(workSpecId=5eb8a049-1b9a-47c3-8abc-f42835a1f4ac, generation=0)
05-25 02:39:28.414  1529  1874 D WM-Processor: Work WorkGenerationalId(workSpecId=5eb8a049-1b9a-47c3-8abc-f42835a1f4ac, generation=0) is already enqueued for processing
05-25 02:39:28.417  1529  1529 D WM-WorkerWrapper: Starting work for com.android.providers.media.MediaServiceV2
05-25 02:39:28.417  1529  8181 I MediaServiceV2: Work initiated for action [ android.intent.action.MEDIA_SCANNER_SCAN_FILE ]
05-25 02:39:28.424  1529  8181 I MediaServiceV2: Work ended for action [ android.intent.action.MEDIA_SCANNER_SCAN_FILE ]
05-25 02:39:28.425  1529  1727 I WM-WorkerWrapper: Worker result SUCCESS for Work [ id=5eb8a049-1b9a-47c3-8abc-f42835a1f4ac, tags={ com.android.providers.media.MediaServiceV2 } ]
05-25 02:39:28.426  1529  1529 D WM-Processor: Processor 5eb8a049-1b9a-47c3-8abc-f42835a1f4ac executed; reschedule = false
05-25 02:39:28.426  1529  1529 D WM-SystemJobService: 5eb8a049-1b9a-47c3-8abc-f42835a1f4ac executed on JobScheduler
05-25 02:39:28.431  1529  1868 D WM-GreedyScheduler: Cancelling work ID 5eb8a049-1b9a-47c3-8abc-f42835a1f4ac
05-25 02:39:28.432  1484  1493 W gle.android.gms: Reducing the number of considered missed Gc histogram windows from 125 to 100
05-25 02:39:28.436  1529  1868 D WM-GreedyScheduler: Ignoring {WorkSpec: fce74054-5d75-49ac-b1fb-61b1c63b64d1}. Requires device idle.
05-25 02:39:28.436  1529  1868 D WM-GreedyScheduler: Ignoring {WorkSpec: 748d3965-3023-45a6-9a32-baafa7d90ebf}. Requires device idle.
05-25 02:39:28.436  1529  1868 D WM-GreedyScheduler: Ignoring {WorkSpec: bbc248da-5aec-4565-83d8-ed90ba3a683c}. Requires device idle.
05-25 02:39:28.436  1529  1868 D WM-GreedyScheduler: Ignoring {WorkSpec: a7b8fc44-3a39-43d5-96b8-cef5bb529d35}. Requires device idle.
05-25 02:39:28.438  1529  1868 D WM-SystemJobScheduler: Scheduling work ID 7aa4fedf-ba7b-4c39-873b-05c34290b727Job ID 654
05-25 02:39:28.440  1529  1868 D WM-GreedyScheduler: Ignoring {WorkSpec: fce74054-5d75-49ac-b1fb-61b1c63b64d1}. Requires device idle.
05-25 02:39:28.440  1529  1868 D WM-GreedyScheduler: Ignoring {WorkSpec: 748d3965-3023-45a6-9a32-baafa7d90ebf}. Requires device idle.
05-25 02:39:28.440  1529  1868 D WM-GreedyScheduler: Ignoring {WorkSpec: bbc248da-5aec-4565-83d8-ed90ba3a683c}. Requires device idle.
05-25 02:39:28.440  1529  1868 D WM-GreedyScheduler: Ignoring {WorkSpec: a7b8fc44-3a39-43d5-96b8-cef5bb529d35}. Requires device idle.
05-25 02:39:28.588  8185  8185 D AndroidRuntime: >>>>>> START com.android.internal.os.RuntimeInit uid 2000 <<<<<<
05-25 02:39:28.592  8185  8185 I AndroidRuntime: Using default boot image
05-25 02:39:28.592  8185  8185 I AndroidRuntime: Leaving lock profiling enabled
05-25 02:39:28.594  8185  8185 I app_process: Using CollectorTypeCMC GC.
