05-25 02:38:26.296  1529  1529 I MediaServiceV2: Creating work for intent Intent { act=android.intent.action.MEDIA_SCANNER_SCAN_FILE dat=file:///... flg=0x1400010 cmp=com.google.android.providers.media.module/com.android.providers.media.MediaServiceV2 }
05-25 02:38:26.296  1529  1529 I MediaServiceV2: Work enqueued for intent: Intent { act=android.intent.action.MEDIA_SCANNER_SCAN_FILE dat=file:///... flg=0x1400010 cmp=com.google.android.providers.media.module/com.android.providers.media.MediaServiceV2 }
05-25 02:38:26.297   755   775 I ActivityManager: Broadcast completed: result=0
05-25 02:38:26.299  1529  1868 W JobInfo : Requested important-while-foreground flag for job650 is ignored and takes no effect
05-25 02:38:26.299  1529  1868 D WM-SystemJobScheduler: Scheduling work ID e4aa53e8-b86c-465f-8a8a-83b130e20886Job ID 650
05-25 02:38:26.302  1529  1868 D WM-GreedyScheduler: Ignoring {WorkSpec: fce74054-5d75-49ac-b1fb-61b1c63b64d1}. Requires device idle.
05-25 02:38:26.302  1529  1868 D WM-GreedyScheduler: Ignoring {WorkSpec: 748d3965-3023-45a6-9a32-baafa7d90ebf}. Requires device idle.
05-25 02:38:26.302  1529  1868 D WM-GreedyScheduler: Ignoring {WorkSpec: bbc248da-5aec-4565-83d8-ed90ba3a683c}. Requires device idle.
05-25 02:38:26.302  1529  1868 D WM-GreedyScheduler: Ignoring {WorkSpec: a7b8fc44-3a39-43d5-96b8-cef5bb529d35}. Requires device idle.
05-25 02:38:26.302  1529  1868 D WM-GreedyScheduler: Starting work for e4aa53e8-b86c-465f-8a8a-83b130e20886
05-25 02:38:26.303  1529  1868 D WM-Processor: Processor: processing WorkGenerationalId(workSpecId=e4aa53e8-b86c-465f-8a8a-83b130e20886, generation=0)
05-25 02:38:26.304  1529  1529 D WM-WorkerWrapper: Starting work for com.android.providers.media.MediaServiceV2
05-25 02:38:26.305  1529  1529 D WM-SystemJobService: onStartJob for WorkGenerationalId(workSpecId=e4aa53e8-b86c-465f-8a8a-83b130e20886, generation=0)
05-25 02:38:26.305  1529  8039 I MediaServiceV2: Work initiated for action [ android.intent.action.MEDIA_SCANNER_SCAN_FILE ]
05-25 02:38:26.306  1529  1874 D WM-Processor: Work WorkGenerationalId(workSpecId=e4aa53e8-b86c-465f-8a8a-83b130e20886, generation=0) is already enqueued for processing
05-25 02:38:26.318  1529  8039 I MediaServiceV2: Work ended for action [ android.intent.action.MEDIA_SCANNER_SCAN_FILE ]
05-25 02:38:26.319  1529  1727 I WM-WorkerWrapper: Worker result SUCCESS for Work [ id=e4aa53e8-b86c-465f-8a8a-83b130e20886, tags={ com.android.providers.media.MediaServiceV2 } ]
05-25 02:38:26.319  1529  1529 D WM-Processor: Processor e4aa53e8-b86c-465f-8a8a-83b130e20886 executed; reschedule = false
05-25 02:38:26.320  1529  1529 D WM-SystemJobService: e4aa53e8-b86c-465f-8a8a-83b130e20886 executed on JobScheduler
05-25 02:38:26.322  1529  1727 D WM-GreedyScheduler: Cancelling work ID e4aa53e8-b86c-465f-8a8a-83b130e20886
05-25 02:38:26.323  1529  1727 D WM-GreedyScheduler: Ignoring {WorkSpec: fce74054-5d75-49ac-b1fb-61b1c63b64d1}. Requires device idle.
05-25 02:38:26.323  1529  1727 D WM-GreedyScheduler: Ignoring {WorkSpec: 748d3965-3023-45a6-9a32-baafa7d90ebf}. Requires device idle.
05-25 02:38:26.323  1529  1727 D WM-GreedyScheduler: Ignoring {WorkSpec: bbc248da-5aec-4565-83d8-ed90ba3a683c}. Requires device idle.
05-25 02:38:26.323  1529  1727 D WM-GreedyScheduler: Ignoring {WorkSpec: a7b8fc44-3a39-43d5-96b8-cef5bb529d35}. Requires device idle.
05-25 02:38:26.354   755  3185 D ActivityManager: sync unfroze 1484 com.google.android.gms for 6
05-25 02:38:26.360   755  3185 W ProcessStats: Tracking association SourceState{1e895c9 com.google.android.gms.persistent/10147 ImpBg #3021} whose proc state 6 is better than process ProcessState{2a8527d com.google.android.gms/10147 pkg=com.google.android.gms} proc state 14 (10 skipped)
05-25 02:38:26.360  1334  7698 I NetworkScheduler.Stats: (REDACTED) Task %s/%s started execution. cause:%s exec_start_elapsed_seconds: %s
05-25 02:38:26.364  1334  7699 I NetworkScheduler.Stats: (REDACTED) Task %s/%s finished executing. cause:%s result: %s elapsed_millis: %s uptime_millis: %s exec_start_elapsed_seconds: %s
05-25 02:38:26.497  8043  8043 D AndroidRuntime: >>>>>> START com.android.internal.os.RuntimeInit uid 2000 <<<<<<
05-25 02:38:26.501  8043  8043 I AndroidRuntime: Using default boot image
05-25 02:38:26.501  8043  8043 I AndroidRuntime: Leaving lock profiling enabled
05-25 02:38:26.503  8043  8043 I app_process: Using CollectorTypeCMC GC.
05-25 02:38:26.558  8043  8043 D nativeloader: InitDefaultPublicLibraries for_preload=1: libandroid.so:libaaudio.so:libamidi.so:libbinder_ndk.so:libc.so:libcamera2ndk.so:libdl.so:libEGL.so:libGLESv1_CM.so:libGLESv2.so:libGLESv3.so:libicu.so:libicui18n.so:libicuuc.so:libjnigraphics.so:liblog.so:libmediandk.so:libm.so:libnativehelper.so:libnativewindow.so:libOpenMAXAL.so:libOpenSLES.so:libRS.so:libstdc++.so:libsync.so:libvulkan.so:libwebviewchromium_plat_support.so:libz.so
05-25 02:38:26.566  8043  8043 D nativeloader: Load libicu_jni.so using APEX ns com_android_art for caller /apex/com.android.art/javalib/core-oj.jar: ok
05-25 02:38:26.566  8043  8043 D app_process: u_setTimeZoneFilesDirectory("/apex/com.android.tzdata/etc/tz/versioned/9/icu") succeeded. 
05-25 02:38:26.566  8043  8043 D app_process: I18n APEX ICU file found: /apex/com.android.i18n/etc/icu/icudt76l.dat
05-25 02:38:26.567  8043  8043 D nativeloader: Load libjavacore.so using APEX ns com_android_art for caller /apex/com.android.art/javalib/core-oj.jar: ok
05-25 02:38:26.567  8043  8043 D nativeloader: Load libopenjdk.so using APEX ns com_android_art for caller /apex/com.android.art/javalib/core-oj.jar: ok
05-25 02:38:26.568  8043  8043 I app_process: Priority-to-niceness mapping: 19, 16, 13, 10, 0, -2, -4, -5, -6, -8
05-25 02:38:26.568  8043  8043 W app_process: Unexpected CPU variant for x86: x86_64.
05-25 02:38:26.568  8043  8043 W app_process: Known variants: atom, sandybridge, silvermont, goldmont, goldmont-plus, goldmont-without-sha-xsaves, tremont, kabylake, alderlake, default
05-25 02:38:26.569  8043  8043 W app_process: ClassLoaderContext shared library size mismatch. Expected=2, found=0 (PCL[]{PCL[/system/framework/android.test.base.jar*1653369819]#PCL[/system/framework/android.test.mock.jar*1009639922]} | PCL[])
05-25 02:38:26.570  8043  8043 W app_process: ClassLoaderContext classpath size mismatch. expected=0, found=1 (PCL[]{PCL[/system/framework/android.test.runner.jar*3954641918]{PCL[/system/framework/android.test.base.jar*1653369819]#PCL[/system/framework/android.test.mock.jar*1009639922]}#PCL[/system/framework/android.test.base.jar*1653369819]} | PCL[/system/framework/android.test.runner.jar*3954641918])
05-25 02:38:26.584  8043  8043 D nativeloader: Load libframework-connectivity-tiramisu-jni.so using APEX ns com_android_tethering for caller /apex/com.android.tethering/javalib/framework-connectivity-t.jar: ok
05-25 02:38:26.584  8043  8043 D AndroidRuntime: Calling main entry com.android.commands.uiautomator.Launcher
05-25 02:38:26.588  8043  8043 I AconfigPackage: android.media.swcodec.flags is mapped to com.android.media.swcodec
05-25 02:38:26.588  8043  8043 I AconfigPackage: com.android.permission.flags is mapped to com.android.permission
05-25 02:38:26.588  8043  8043 I AconfigPackage: com.android.permissioncontroller.flags is mapped to com.android.permission
05-25 02:38:26.588  8043  8043 I AconfigPackage: com.android.icu is mapped to com.android.i18n
05-25 02:38:26.588  8043  8043 I AconfigPackage: com.android.appsearch.flags is mapped to com.android.appsearch
05-25 02:38:26.588  8043  8043 I AconfigPackage: android.uprobestats.mainline.flags is mapped to com.android.uprobestats
05-25 02:38:26.589  8043  8043 I AconfigPackage: com.android.crashrecovery.flags is mapped to com.android.crashrecovery
05-25 02:38:26.589  8043  8043 I AconfigPackage: android.provider.flags is mapped to com.android.configinfrastructure
05-25 02:38:26.589  8043  8043 I AconfigPackage: com.android.server.deviceconfig is mapped to com.android.configinfrastructure
05-25 02:38:26.589  8043  8043 I AconfigPackage: com.android.compos.flags is mapped to com.android.compos
05-25 02:38:26.589  8043  8043 I AconfigPackage: com.android.art.flags is mapped to com.android.art
05-25 02:38:26.589  8043  8043 I AconfigPackage: com.android.art.rw.flags is mapped to com.android.art
05-25 02:38:26.589  8043  8043 I AconfigPackage: com.android.libcore is mapped to com.android.art
05-25 02:38:26.589  8043  8043 I AconfigPackage: com.android.telephony.flags is mapped to com.android.telephonycore
05-25 02:38:26.589  8043  8043 I AconfigPackage: com.android.media.extractor.flags is mapped to com.android.media
05-25 02:38:26.589  8043  8043 I AconfigPackage: com.android.media.mainline.flags is mapped to com.android.media
05-25 02:38:26.589  8043  8043 I AconfigPackage: com.android.wifi.flags is mapped to com.android.wifi
05-25 02:38:26.589  8043  8043 I AconfigPackage: com.android.org.conscrypt.flags is mapped to com.android.conscrypt
05-25 02:38:26.589  8043  8043 I AconfigPackage: com.android.org.conscrypt.net.flags is mapped to com.android.conscrypt
05-25 02:38:26.589  8043  8043 I AconfigPackage: com.android.healthfitness.flags is mapped to com.android.healthfitness
05-25 02:38:26.590  8043  8043 I AconfigPackage: com.android.ipsec.flags is mapped to com.android.ipsec
05-25 02:38:26.590  8043  8043 I AconfigPackage: com.android.nfc.module.flags is mapped to com.android.nfcservices
05-25 02:38:26.590  8043  8043 I AconfigPackage: com.android.adservices.ondevicepersonalization.flags is mapped to com.android.ondevicepersonalization
05-25 02:38:26.590  8043  8043 I AconfigPackage: com.android.adbd.flags is mapped to com.android.adbd
05-25 02:38:26.590  8043  8043 I AconfigPackage: com.android.bluetooth.flags is mapped to com.android.bt
05-25 02:38:26.590  8043  8043 I AconfigPackage: com.android.devicelock.flags is mapped to com.android.devicelock
05-25 02:38:26.590  8043  8043 I AconfigPackage: android.os.profiling is mapped to com.android.profiling
05-25 02:38:26.590  8043  8043 I AconfigPackage: android.os.profiling.anomaly.flags is mapped to com.android.profiling
05-25 02:38:26.590  8043  8043 I AconfigPackage: com.android.os.statsd.flags is mapped to com.android.os.statsd
05-25 02:38:26.590  8043  8043 I AconfigPackage: com.android.rkpd.flags is mapped to com.android.rkpd
05-25 02:38:26.590  8043  8043 I AconfigPackage: com.android.cellbroadcastreceiver.flags is mapped to com.android.cellbroadcast
05-25 02:38:26.591  8043  8043 I AconfigPackage: com.android.adservices.flags is mapped to com.android.adservices
05-25 02:38:26.591  8043  8043 I AconfigPackage: com.android.sdksandbox.flags is mapped to com.android.adservices
05-25 02:38:26.591  8043  8043 I AconfigPackage: com.android.uwb.flags is mapped to com.android.uwb
05-25 02:38:26.591  8043  8043 I AconfigPackage: com.android.ranging.flags is mapped to com.android.uwb
05-25 02:38:26.591  8043  8043 I AconfigPackage: android.graphics.pdf.flags is mapped to com.android.mediaprovider
05-25 02:38:26.591  8043  8043 I AconfigPackage: com.android.providers.media.flags is mapped to com.android.mediaprovider
05-25 02:38:26.591  8043  8043 I AconfigPackage: android.graphics.pdf.flags.readonly is mapped to com.android.mediaprovider
05-25 02:38:26.591  8043  8043 I AconfigPackage: com.android.tethering.mainline.beta is mapped to com.android.tethering
05-25 02:38:26.591  8043  8043 I AconfigPackage: android.net.http is mapped to com.android.tethering
05-25 02:38:26.591  8043  8043 I AconfigPackage: com.android.tethering.readonly.flags is mapped to com.android.tethering
05-25 02:38:26.591  8043  8043 I AconfigPackage: android.net.vcn is mapped to com.android.tethering
05-25 02:38:26.591  8043  8043 I AconfigPackage: com.android.net.flags is mapped to com.android.tethering
05-25 02:38:26.591  8043  8043 I AconfigPackage: com.android.tethering.beta.test is mapped to com.android.tethering
05-25 02:38:26.591  8043  8043 I AconfigPackage: com.android.nearby.flags is mapped to com.android.tethering
05-25 02:38:26.591  8043  8043 I AconfigPackage: com.android.net.ct.flags is mapped to com.android.tethering
05-25 02:38:26.591  8043  8043 I AconfigPackage: com.android.net.thread.flags is mapped to com.android.tethering
05-25 02:38:26.591  8043  8043 I AconfigPackage: com.android.system.virtualmachine.flags is mapped to com.android.virt
05-25 02:38:26.591  8043  8043 E FeatureFlagsImplExport: android.os.flagging.AconfigStorageReadException: ERROR_PACKAGE_NOT_FOUND: package android.xr cannot be found on the device
05-25 02:38:26.593  8043  8043 D UiAutomationConnection: Created on user UserHandle{0}
05-25 02:38:26.593  8043  8043 I UiAutomation: Initialized for user 0 on display 0
05-25 02:38:26.593  8043  8043 W UiAutomation: Created with deprecatead constructor, assumes DEFAULT_DISPLAY
05-25 02:38:26.594   755   982 D AccessibilityManagerService: changeCurrentUserForTestAutomationIfNeededLocked(0): ignoring because device doesn't support visible background users
05-25 02:38:26.594   755   982 I UiAutomationManager: Registering UiTestAutomationService (id=com.android.server.accessibility/UiAutomation, flags=0x0) when called by user 0
05-25 02:38:26.595   755   982 V AccessibilityManagerService: onUserStateChangedLocked for userId: 0, forceUpdate: false
05-25 02:38:26.595   755   982 V AccessibilityUserState: updateShortcutTargets: type:accessibility_shortcut_target_service, current:{}, new:{}
05-25 02:38:26.595   755   982 V AccessibilityUserState: updateShortcutTargets: type:accessibility_button_targets, current:{}, new:{}
05-25 02:38:26.595   755   982 V AccessibilityUserState: updateShortcutTargets: type:accessibility_gesture_targets, current:{}, new:{}
05-25 02:38:26.596   755   982 V AccessibilityUserState: updateShortcutTargets: type:accessibility_qs_targets, current:{}, new:{}
05-25 02:38:26.596   755   982 V AccessibilityUserState: updateShortcutTargets: type:accessibility_key_gesture_targets, current:{}, new:{}
05-25 02:38:26.596   755   982 W MagnificationConnectionManager: requestConnection duplicated request: connect=false, mConnectionState=DISCONNECTED
05-25 02:38:26.596  1546  3179 I AiAiEcho: Settings changed for uri: content://settings/secure/accessibility_enabled
05-25 02:38:26.596  1546  1927 I AiAiEcho: Predicting[0]:  [CONTEXT sampling_count=5 ]
05-25 02:38:26.597  1546  1927 I AiAiEcho: EchoTargets: 
05-25 02:38:26.597  1546  1927 I AiAiEcho: Filtered by AiAi flag check: 
05-25 02:38:26.597  1546  1927 I AiAiEcho: [CONTEXT ratelimit_period="10 SECONDS" ]
05-25 02:38:26.597  1546  1927 I AiAiEcho: #remoteViewsTwiddler: feature disabled.
05-25 02:38:26.597   755   755 W libbinder.IPCThreadState: Sending oneway calls to frozen process.
05-25 02:38:26.597   755   755 W libbinder.IPCThreadState: Sending oneway calls to frozen process.
05-25 02:38:26.597   755   755 W libbinder.IPCThreadState: Sending oneway calls to frozen process.
05-25 02:38:26.597   755   755 W libbinder.IPCThreadState: Sending oneway calls to frozen process.
05-25 02:38:26.597   755   755 W libbinder.IPCThreadState: Sending oneway calls to frozen process.
05-25 02:38:26.598   755   755 W libbinder.IPCThreadState: Sending oneway calls to frozen process.
05-25 02:38:26.598  1546  1927 I AiAiEcho: Predicting[0]:  [CONTEXT sampling_count=5 ]
05-25 02:38:26.598  1546  1927 I AiAiEcho: EchoTargets: 
05-25 02:38:26.598  1546  1927 I AiAiEcho: Filtered by AiAi flag check: 
05-25 02:38:26.598  1546  1927 I AiAiEcho: [CONTEXT ratelimit_period="10 SECONDS" ]
05-25 02:38:26.598   755   755 W libbinder.IPCThreadState: Sending oneway calls to frozen process.
05-25 02:38:26.598   755   755 W libbinder.IPCThreadState: Sending oneway calls to frozen process.
05-25 02:38:26.598  1546  1927 I AiAiEcho: #remoteViewsTwiddler: feature disabled.
05-25 02:38:26.598   755   755 W libbinder.IPCThreadState: Sending oneway calls to frozen process.
05-25 02:38:26.598   755   755 W libbinder.IPCThreadState: Sending oneway calls to frozen process.
05-25 02:38:26.598   755   755 W libbinder.IPCThreadState: Sending oneway calls to frozen process.
05-25 02:38:26.598   755   755 W libbinder.IPCThreadState: Sending oneway calls to frozen process.
05-25 02:38:26.598   755   755 W libbinder.IPCThreadState: Sending oneway calls to frozen process.
05-25 02:38:26.598   755   755 W libbinder.IPCThreadState: Sending oneway calls to frozen process.
05-25 02:38:26.598  1546  1927 I AiAiEcho: #postPredictionTargets: Sending updates to UISurface lockscreen with targets# 0 (types=[])
05-25 02:38:26.598   755   755 W libbinder.IPCThreadState: Sending oneway calls to frozen process.
05-25 02:38:26.598   755   755 W libbinder.IPCThreadState: Sending oneway calls to frozen process.
05-25 02:38:26.598   755   755 W libbinder.IPCThreadState: Sending oneway calls to frozen process.
05-25 02:38:26.598   755   755 W libbinder.IPCThreadState: Sending oneway calls to frozen process.
05-25 02:38:26.598   755   755 W libbinder.IPCThreadState: Sending oneway calls to frozen process.
05-25 02:38:26.598   755   755 W libbinder.IPCThreadState: Sending oneway calls to frozen process.
05-25 02:38:26.598   755   755 W libbinder.IPCThreadState: Sending oneway calls to frozen process.
05-25 02:38:26.599   755   755 W libbinder.IPCThreadState: Sending oneway calls to frozen process.
05-25 02:38:26.599   755   755 W libbinder.IPCThreadState: Sending oneway calls to frozen process.
05-25 02:38:26.599   755   755 W libbinder.IPCThreadState: Sending oneway calls to frozen process.
05-25 02:38:26.599   755   755 D BatterySaverPolicy: accessibility changed to true, updating policy.
05-25 02:38:26.600   755  1923 V AccessibilityManagerService: onUserStateChangedLocked for userId: 0, forceUpdate: false
05-25 02:38:26.600   755  1923 V AccessibilityUserState: updateShortcutTargets: type:accessibility_shortcut_target_service, current:{}, new:{}
05-25 02:38:26.600   755  1923 V AccessibilityUserState: updateShortcutTargets: type:accessibility_button_targets, current:{}, new:{}
05-25 02:38:26.600   755  1923 V AccessibilityUserState: updateShortcutTargets: type:accessibility_gesture_targets, current:{}, new:{}
05-25 02:38:26.600   755  1923 V AccessibilityUserState: updateShortcutTargets: type:accessibility_qs_targets, current:{}, new:{}
05-25 02:38:26.600   755  1923 V AccessibilityUserState: updateShortcutTargets: type:accessibility_key_gesture_targets, current:{}, new:{}
05-25 02:38:26.600   755  1923 W MagnificationConnectionManager: requestConnection duplicated request: connect=false, mConnectionState=DISCONNECTED
05-25 02:38:26.600  1546  1927 I AiAiEcho: #postPredictionTargets: Sending updates to UISurface home with targets# 0 (types=[])
05-25 02:38:26.601   755   755 W libbinder.IPCThreadState: Sending oneway calls to frozen process.
05-25 02:38:26.601   755   755 W libbinder.IPCThreadState: Sending oneway calls to frozen process.
05-25 02:38:26.601   755   755 W libbinder.IPCThreadState: Sending oneway calls to frozen process.
05-25 02:38:26.601   755   755 W libbinder.IPCThreadState: Sending oneway calls to frozen process.
05-25 02:38:26.601   755   755 W libbinder.IPCThreadState: Sending oneway calls to frozen process.
05-25 02:38:26.601   755   755 W libbinder.IPCThreadState: Sending oneway calls to frozen process.
05-25 02:38:26.601  1546  2095 I AiAiEcho: Settings changed for uri: content://settings/secure/accessibility_enabled
05-25 02:38:26.601  1546  1927 I AiAiEcho: Predicting[0]:  [CONTEXT sampling_count=5 ]
05-25 02:38:26.601  1546  1927 I AiAiEcho: EchoTargets: 
05-25 02:38:26.601  1546  1927 I AiAiEcho: Filtered by AiAi flag check: 
05-25 02:38:26.601  1546  1927 I AiAiEcho: [CONTEXT ratelimit_period="10 SECONDS" ]
05-25 02:38:26.602   755   755 W libbinder.IPCThreadState: Sending oneway calls to frozen process.
05-25 02:38:26.602   755   755 W libbinder.IPCThreadState: Sending oneway calls to frozen process.
05-25 02:38:26.602  1546  1927 I AiAiEcho: #remoteViewsTwiddler: feature disabled.
05-25 02:38:26.602   755   755 W libbinder.IPCThreadState: Sending oneway calls to frozen process.
05-25 02:38:26.602   755   755 W libbinder.IPCThreadState: Sending oneway calls to frozen process.
05-25 02:38:26.602   755   755 W libbinder.IPCThreadState: Sending oneway calls to frozen process.
05-25 02:38:26.602   755   755 W libbinder.IPCThreadState: Sending oneway calls to frozen process.
05-25 02:38:26.602   755   755 W libbinder.IPCThreadState: Sending oneway calls to frozen process.
05-25 02:38:26.602  1546  1927 I AiAiEcho: Predicting[0]:  [CONTEXT sampling_count=5 ]
05-25 02:38:26.602  1546  1927 I AiAiEcho: EchoTargets: 
05-25 02:38:26.602  1546  1927 I AiAiEcho: Filtered by AiAi flag check: 
05-25 02:38:26.602  1546  1927 I AiAiEcho: [CONTEXT ratelimit_period="10 SECONDS" ]
05-25 02:38:26.602   755   755 W libbinder.IPCThreadState: Sending oneway calls to frozen process.
05-25 02:38:26.602  1546  1927 I AiAiEcho: #remoteViewsTwiddler: feature disabled.
05-25 02:38:26.603  1546  1927 I AiAiEcho: #postPredictionTargets: Sending updates to UISurface lockscreen with targets# 0 (types=[])
05-25 02:38:26.603   755   755 W libbinder.IPCThreadState: Sending oneway calls to frozen process.
05-25 02:38:26.603   755   755 W libbinder.IPCThreadState: Sending oneway calls to frozen process.
05-25 02:38:26.603  1546  1927 I AiAiEcho: #postPredictionTargets: Sending updates to UISurface home with targets# 0 (types=[])
05-25 02:38:26.608  1012  1012 W SsPagerDots: Total number of pages invalid: 0. Assuming 1 page.
05-25 02:38:26.609   755  3185 D AccessibilityManagerService: .getAccessibilityShortcutTargets {shortcutType=32, userId=0}
05-25 02:38:26.610  1012  1012 W SsPagerDots: Total number of pages invalid: 0. Assuming 1 page.
05-25 02:38:26.714  7954  7960 W nanlarkin.danio: userfaultfd: MOVE ioctl seems unsupported: Try again
05-25 02:38:26.726  7954  7960 I nanlarkin.danio: Background concurrent mark compact GC freed 4137KB AllocSpace bytes, 13(316KB) LOS objects, 49% free, 3410KB/6820KB, paused 332us,5.716ms total 34.658ms
05-25 02:38:27.161   553  4294 D android.hardware.audio@7.1-impl.ranchu: threadLoop: entering standby, frames: 3246592
05-25 02:38:27.161   553  4294 D android.hardware.audio@7.1-impl.ranchu: ~TinyalsaSink: joining consumeThread
05-25 02:38:27.162   553  8026 D android.hardware.audio@7.1-impl.ranchu: consumeThread: exiting
05-25 02:38:27.163   553  4294 D android.hardware.audio@7.1-impl.ranchu: ~TinyalsaSink: stopping PCM stream
05-25 02:38:27.352   755   906 I HalDevMgr: bestIfaceCreationProposal is null, requestIface=STA, existingIface=[name=wlan0 type=STA]
05-25 02:38:27.821  8043  8043 W AccessibilityNodeInfoDumper: Fetch time: 122ms
05-25 02:38:27.823   755  1923 V AccessibilityManagerService: onUserStateChangedLocked for userId: 0, forceUpdate: false
05-25 02:38:27.824   755  1923 V AccessibilityUserState: updateShortcutTargets: type:accessibility_shortcut_target_service, current:{}, new:{}
05-25 02:38:27.824   755  1923 V AccessibilityUserState: updateShortcutTargets: type:accessibility_button_targets, current:{}, new:{}
05-25 02:38:27.824   755  1923 V AccessibilityUserState: updateShortcutTargets: type:accessibility_gesture_targets, current:{}, new:{}
05-25 02:38:27.824   755  1923 V AccessibilityUserState: updateShortcutTargets: type:accessibility_qs_targets, current:{}, new:{}
05-25 02:38:27.824   755  1923 V AccessibilityUserState: updateShortcutTargets: type:accessibility_key_gesture_targets, current:{}, new:{}
05-25 02:38:27.824   755  1923 W MagnificationConnectionManager: requestConnection duplicated request: connect=false, mConnectionState=DISCONNECTED
05-25 02:38:27.824   755  1923 D AccessibilityManagerService: restoreCurrentUserForTestAutomationIfNeededLocked(): ignoring because device doesn't support visible background users
05-25 02:38:27.824  1546  3179 I AiAiEcho: Settings changed for uri: content://settings/secure/accessibility_enabled
05-25 02:38:27.824   755   755 W libbinder.IPCThreadState: Sending oneway calls to frozen process.
05-25 02:38:27.824   755   755 W libbinder.IPCThreadState: Sending oneway calls to frozen process.
05-25 02:38:27.824   755   755 W libbinder.IPCThreadState: Sending oneway calls to frozen process.
05-25 02:38:27.824   755   755 W libbinder.IPCThreadState: Sending oneway calls to frozen process.
05-25 02:38:27.824   755   755 W libbinder.IPCThreadState: Sending oneway calls to frozen process.
05-25 02:38:27.825   755   755 W libbinder.IPCThreadState: Sending oneway calls to frozen process.
05-25 02:38:27.825  1546  1927 I AiAiEcho: Predicting[0]:  [CONTEXT sampling_count=5 ]
05-25 02:38:27.826  1546  1927 I AiAiEcho: EchoTargets: 
05-25 02:38:27.826  1546  1927 I AiAiEcho: Filtered by AiAi flag check: 
05-25 02:38:27.826  1546  1927 I AiAiEcho: [CONTEXT ratelimit_period="10 SECONDS" ]
05-25 02:38:27.826  8043  8043 D AndroidRuntime: Shutting down VM
05-25 02:38:27.826   755   755 W libbinder.IPCThreadState: Sending oneway calls to frozen process.
05-25 02:38:27.826   755   755 W libbinder.IPCThreadState: Sending oneway calls to frozen process.
05-25 02:38:27.826   755   755 W libbinder.IPCThreadState: Sending oneway calls to frozen process.
05-25 02:38:27.826  8043  8055 W libbinder.IPCThreadState: call to talkWithDriver in joinThreadPool returned error: -9 (Bad file descriptor), FD: -1
05-25 02:38:27.826   755   755 W libbinder.IPCThreadState: Sending oneway calls to frozen process.
05-25 02:38:27.826   755   755 W libbinder.IPCThreadState: Sending oneway calls to frozen process.
05-25 02:38:27.826   755   755 W libbinder.IPCThreadState: Sending oneway calls to frozen process.
05-25 02:38:27.826   755   755 W libbinder.IPCThreadState: Sending oneway calls to frozen process.
05-25 02:38:27.826  8043  8051 W libbinder.IPCThreadState: call to talkWithDriver in joinThreadPool returned error: -9 (Bad file descriptor), FD: -1
05-25 02:38:27.826  8043  8052 W libbinder.IPCThreadState: call to talkWithDriver in joinThreadPool returned error: -9 (Bad file descriptor), FD: -1
05-25 02:38:27.827   755   755 W libbinder.IPCThreadState: Sending oneway calls to frozen process.
05-25 02:38:27.827  1546  1927 I AiAiEcho: #remoteViewsTwiddler: feature disabled.
05-25 02:38:27.828  1546  1927 I AiAiEcho: Predicting[0]:  [CONTEXT sampling_count=5 ]
05-25 02:38:27.828  1546  1927 I AiAiEcho: EchoTargets: 
05-25 02:38:27.828  1546  1927 I AiAiEcho: Filtered by AiAi flag check: 
05-25 02:38:27.828  1546  1927 I AiAiEcho: [CONTEXT ratelimit_period="10 SECONDS" ]
05-25 02:38:27.828  1546  1927 I AiAiEcho: #remoteViewsTwiddler: feature disabled.
05-25 02:38:27.829  1546  1927 I AiAiEcho: #postPredictionTargets: Sending updates to UISurface lockscreen with targets# 0 (types=[])
05-25 02:38:27.829   755   755 W libbinder.IPCThreadState: Sending oneway calls to frozen process.
05-25 02:38:27.829   755   755 W libbinder.IPCThreadState: Sending oneway calls to frozen process.
05-25 02:38:27.830  1012  1012 W SsPagerDots: Total number of pages invalid: 0. Assuming 1 page.
05-25 02:38:27.830  1546  1927 I AiAiEcho: #postPredictionTargets: Sending updates to UISurface home with targets# 0 (types=[])
05-25 02:38:27.831   755   755 W libbinder.IPCThreadState: Sending oneway calls to frozen process.
05-25 02:38:27.831   755   755 W libbinder.IPCThreadState: Sending oneway calls to frozen process.
05-25 02:38:27.831   755   755 W libbinder.IPCThreadState: Sending oneway calls to frozen process.
05-25 02:38:27.831   755   755 W libbinder.IPCThreadState: Sending oneway calls to frozen process.
05-25 02:38:27.831   755   755 W libbinder.IPCThreadState: Sending oneway calls to frozen process.
05-25 02:38:27.831   755   755 W libbinder.IPCThreadState: Sending oneway calls to frozen process.
05-25 02:38:27.832   755   755 W libbinder.IPCThreadState: Sending oneway calls to frozen process.
05-25 02:38:27.832   755   755 W libbinder.IPCThreadState: Sending oneway calls to frozen process.
05-25 02:38:27.833   755   755 D BatterySaverPolicy: accessibility changed to false, updating policy.
05-25 02:38:28.787  8059  8059 D AndroidRuntime: >>>>>> START com.android.internal.os.RuntimeInit uid 2000 <<<<<<
05-25 02:38:28.790  8059  8059 I AndroidRuntime: Using default boot image
05-25 02:38:28.790  8059  8059 I AndroidRuntime: Leaving lock profiling enabled
05-25 02:38:28.791  8059  8059 I app_process: Using CollectorTypeCMC GC.
05-25 02:38:28.853  8059  8059 D nativeloader: InitDefaultPublicLibraries for_preload=1: libandroid.so:libaaudio.so:libamidi.so:libbinder_ndk.so:libc.so:libcamera2ndk.so:libdl.so:libEGL.so:libGLESv1_CM.so:libGLESv2.so:libGLESv3.so:libicu.so:libicui18n.so:libicuuc.so:libjnigraphics.so:liblog.so:libmediandk.so:libm.so:libnativehelper.so:libnativewindow.so:libOpenMAXAL.so:libOpenSLES.so:libRS.so:libstdc++.so:libsync.so:libvulkan.so:libwebviewchromium_plat_support.so:libz.so
05-25 02:38:28.859  8059  8059 D nativeloader: Load libicu_jni.so using APEX ns com_android_art for caller /apex/com.android.art/javalib/core-oj.jar: ok
05-25 02:38:28.859  8059  8059 D app_process: u_setTimeZoneFilesDirectory("/apex/com.android.tzdata/etc/tz/versioned/9/icu") succeeded. 
05-25 02:38:28.859  8059  8059 D app_process: I18n APEX ICU file found: /apex/com.android.i18n/etc/icu/icudt76l.dat
05-25 02:38:28.860  8059  8059 D nativeloader: Load libjavacore.so using APEX ns com_android_art for caller /apex/com.android.art/javalib/core-oj.jar: ok
05-25 02:38:28.860  8059  8059 D nativeloader: Load libopenjdk.so using APEX ns com_android_art for caller /apex/com.android.art/javalib/core-oj.jar: ok
05-25 02:38:28.861  8059  8059 I app_process: Priority-to-niceness mapping: 19, 16, 13, 10, 0, -2, -4, -5, -6, -8
05-25 02:38:28.861  8059  8059 W app_process: Unexpected CPU variant for x86: x86_64.
05-25 02:38:28.861  8059  8059 W app_process: Known variants: atom, sandybridge, silvermont, goldmont, goldmont-plus, goldmont-without-sha-xsaves, tremont, kabylake, alderlake, default
05-25 02:38:28.862  8059  8059 W app_process: ClassLoaderContext shared library size mismatch. Expected=2, found=0 (PCL[]{PCL[/system/framework/android.test.base.jar*1653369819]#PCL[/system/framework/android.test.mock.jar*1009639922]} | PCL[])
05-25 02:38:28.863  8059  8059 W app_process: ClassLoaderContext classpath size mismatch. expected=0, found=1 (PCL[]{PCL[/system/framework/android.test.runner.jar*3954641918]{PCL[/system/framework/android.test.base.jar*1653369819]#PCL[/system/framework/android.test.mock.jar*1009639922]}#PCL[/system/framework/android.test.base.jar*1653369819]} | PCL[/system/framework/android.test.runner.jar*3954641918])
05-25 02:38:28.878  8059  8059 D nativeloader: Load libframework-connectivity-tiramisu-jni.so using APEX ns com_android_tethering for caller /apex/com.android.tethering/javalib/framework-connectivity-t.jar: ok
05-25 02:38:28.878  8059  8059 D AndroidRuntime: Calling main entry com.android.commands.uiautomator.Launcher
05-25 02:38:28.882  8059  8059 I AconfigPackage: android.media.swcodec.flags is mapped to com.android.media.swcodec
05-25 02:38:28.882  8059  8059 I AconfigPackage: com.android.permission.flags is mapped to com.android.permission
05-25 02:38:28.882  8059  8059 I AconfigPackage: com.android.permissioncontroller.flags is mapped to com.android.permission
05-25 02:38:28.882  8059  8059 I AconfigPackage: com.android.icu is mapped to com.android.i18n
05-25 02:38:28.883  8059  8059 I AconfigPackage: com.android.appsearch.flags is mapped to com.android.appsearch
05-25 02:38:28.883  8059  8059 I AconfigPackage: android.uprobestats.mainline.flags is mapped to com.android.uprobestats
05-25 02:38:28.883  8059  8059 I AconfigPackage: com.android.crashrecovery.flags is mapped to com.android.crashrecovery
05-25 02:38:28.883  8059  8059 I AconfigPackage: android.provider.flags is mapped to com.android.configinfrastructure
05-25 02:38:28.883  8059  8059 I AconfigPackage: com.android.server.deviceconfig is mapped to com.android.configinfrastructure
05-25 02:38:28.884  8059  8059 I AconfigPackage: com.android.compos.flags is mapped to com.android.compos
05-25 02:38:28.884  8059  8059 I AconfigPackage: com.android.art.flags is mapped to com.android.art
05-25 02:38:28.884  8059  8059 I AconfigPackage: com.android.art.rw.flags is mapped to com.android.art
05-25 02:38:28.884  8059  8059 I AconfigPackage: com.android.libcore is mapped to com.android.art
05-25 02:38:28.884  8059  8059 I AconfigPackage: com.android.telephony.flags is mapped to com.android.telephonycore
05-25 02:38:28.884  8059  8059 I AconfigPackage: com.android.media.extractor.flags is mapped to com.android.media
05-25 02:38:28.884  8059  8059 I AconfigPackage: com.android.media.mainline.flags is mapped to com.android.media
05-25 02:38:28.884  8059  8059 I AconfigPackage: com.android.wifi.flags is mapped to com.android.wifi
05-25 02:38:28.884  8059  8059 I AconfigPackage: com.android.org.conscrypt.flags is mapped to com.android.conscrypt
05-25 02:38:28.884  8059  8059 I AconfigPackage: com.android.org.conscrypt.net.flags is mapped to com.android.conscrypt
05-25 02:38:28.885  8059  8059 I AconfigPackage: com.android.healthfitness.flags is mapped to com.android.healthfitness
05-25 02:38:28.885  8059  8059 I AconfigPackage: com.android.ipsec.flags is mapped to com.android.ipsec
05-25 02:38:28.885  8059  8059 I AconfigPackage: com.android.nfc.module.flags is mapped to com.android.nfcservices
05-25 02:38:28.885  8059  8059 I AconfigPackage: com.android.adservices.ondevicepersonalization.flags is mapped to com.android.ondevicepersonalization
05-25 02:38:28.885  8059  8059 I AconfigPackage: com.android.adbd.flags is mapped to com.android.adbd
05-25 02:38:28.885  8059  8059 I AconfigPackage: com.android.bluetooth.flags is mapped to com.android.bt
05-25 02:38:28.885  8059  8059 I AconfigPackage: com.android.devicelock.flags is mapped to com.android.devicelock
05-25 02:38:28.885  8059  8059 I AconfigPackage: android.os.profiling is mapped to com.android.profiling
05-25 02:38:28.885  8059  8059 I AconfigPackage: android.os.profiling.anomaly.flags is mapped to com.android.profiling
05-25 02:38:28.885  8059  8059 I AconfigPackage: com.android.os.statsd.flags is mapped to com.android.os.statsd
05-25 02:38:28.885  8059  8059 I AconfigPackage: com.android.rkpd.flags is mapped to com.android.rkpd
05-25 02:38:28.885  8059  8059 I AconfigPackage: com.android.cellbroadcastreceiver.flags is mapped to com.android.cellbroadcast
05-25 02:38:28.885  8059  8059 I AconfigPackage: com.android.adservices.flags is mapped to com.android.adservices
05-25 02:38:28.886  8059  8059 I AconfigPackage: com.android.sdksandbox.flags is mapped to com.android.adservices
05-25 02:38:28.886  8059  8059 I AconfigPackage: com.android.uwb.flags is mapped to com.android.uwb
05-25 02:38:28.886  8059  8059 I AconfigPackage: com.android.ranging.flags is mapped to com.android.uwb
05-25 02:38:28.886  8059  8059 I AconfigPackage: android.graphics.pdf.flags is mapped to com.android.mediaprovider
05-25 02:38:28.886  8059  8059 I AconfigPackage: com.android.providers.media.flags is mapped to com.android.mediaprovider
05-25 02:38:28.886  8059  8059 I AconfigPackage: android.graphics.pdf.flags.readonly is mapped to com.android.mediaprovider
05-25 02:38:28.886  8059  8059 I AconfigPackage: com.android.tethering.mainline.beta is mapped to com.android.tethering
05-25 02:38:28.886  8059  8059 I AconfigPackage: android.net.http is mapped to com.android.tethering
05-25 02:38:28.886  8059  8059 I AconfigPackage: com.android.tethering.readonly.flags is mapped to com.android.tethering
05-25 02:38:28.886  8059  8059 I AconfigPackage: android.net.vcn is mapped to com.android.tethering
05-25 02:38:28.886  8059  8059 I AconfigPackage: com.android.net.flags is mapped to com.android.tethering
05-25 02:38:28.886  8059  8059 I AconfigPackage: com.android.tethering.beta.test is mapped to com.android.tethering
05-25 02:38:28.886  8059  8059 I AconfigPackage: com.android.nearby.flags is mapped to com.android.tethering
05-25 02:38:28.886  8059  8059 I AconfigPackage: com.android.net.ct.flags is mapped to com.android.tethering
05-25 02:38:28.886  8059  8059 I AconfigPackage: com.android.net.thread.flags is mapped to com.android.tethering
05-25 02:38:28.886  8059  8059 I AconfigPackage: com.android.system.virtualmachine.flags is mapped to com.android.virt
05-25 02:38:28.886  8059  8059 E FeatureFlagsImplExport: android.os.flagging.AconfigStorageReadException: ERROR_PACKAGE_NOT_FOUND: package android.xr cannot be found on the device
05-25 02:38:28.887  8059  8059 D UiAutomationConnection: Created on user UserHandle{0}
05-25 02:38:28.887  8059  8059 I UiAutomation: Initialized for user 0 on display 0
05-25 02:38:28.887  8059  8059 W UiAutomation: Created with deprecatead constructor, assumes DEFAULT_DISPLAY
05-25 02:38:28.888   755   982 D AccessibilityManagerService: changeCurrentUserForTestAutomationIfNeededLocked(0): ignoring because device doesn't support visible background users
05-25 02:38:28.888   755   982 I UiAutomationManager: Registering UiTestAutomationService (id=com.android.server.accessibility/UiAutomation, flags=0x0) when called by user 0
05-25 02:38:28.888   755   982 V AccessibilityManagerService: onUserStateChangedLocked for userId: 0, forceUpdate: false
05-25 02:38:28.889   755   982 V AccessibilityUserState: updateShortcutTargets: type:accessibility_shortcut_target_service, current:{}, new:{}
05-25 02:38:28.889   755   982 V AccessibilityUserState: updateShortcutTargets: type:accessibility_button_targets, current:{}, new:{}
05-25 02:38:28.889   755   982 V AccessibilityUserState: updateShortcutTargets: type:accessibility_gesture_targets, current:{}, new:{}
05-25 02:38:28.889   755   982 V AccessibilityUserState: updateShortcutTargets: type:accessibility_qs_targets, current:{}, new:{}
05-25 02:38:28.889   755   982 V AccessibilityUserState: updateShortcutTargets: type:accessibility_key_gesture_targets, current:{}, new:{}
05-25 02:38:28.889   755   982 W MagnificationConnectionManager: requestConnection duplicated request: connect=false, mConnectionState=DISCONNECTED
05-25 02:38:28.889  1546  3179 I AiAiEcho: Settings changed for uri: content://settings/secure/accessibility_enabled
05-25 02:38:28.890  1546  1927 I AiAiEcho: Predicting[0]:  [CONTEXT sampling_count=5 ]
05-25 02:38:28.890   755   755 W libbinder.IPCThreadState: Sending oneway calls to frozen process.
05-25 02:38:28.890  1546  1927 I AiAiEcho: EchoTargets: 
05-25 02:38:28.890  1546  1927 I AiAiEcho: Filtered by AiAi flag check: 
05-25 02:38:28.890  1546  1927 I AiAiEcho: [CONTEXT ratelimit_period="10 SECONDS" ]
05-25 02:38:28.890  1546  1927 I AiAiEcho: #remoteViewsTwiddler: feature disabled.
05-25 02:38:28.890   755   755 W libbinder.IPCThreadState: Sending oneway calls to frozen process.
05-25 02:38:28.890   755   755 W libbinder.IPCThreadState: Sending oneway calls to frozen process.
05-25 02:38:28.890  1546  1927 I AiAiEcho: Predicting[0]:  [CONTEXT sampling_count=5 ]
05-25 02:38:28.890   755   755 W libbinder.IPCThreadState: Sending oneway calls to frozen process.
05-25 02:38:28.890   755   755 W libbinder.IPCThreadState: Sending oneway calls to frozen process.
05-25 02:38:28.890   755   755 W libbinder.IPCThreadState: Sending oneway calls to frozen process.
05-25 02:38:28.891   755   755 W libbinder.IPCThreadState: Sending oneway calls to frozen process.
05-25 02:38:28.891  1546  1927 I AiAiEcho: EchoTargets: 
05-25 02:38:28.891  1546  1927 I AiAiEcho: Filtered by AiAi flag check: 
05-25 02:38:28.891  1546  1927 I AiAiEcho: [CONTEXT ratelimit_period="10 SECONDS" ]
05-25 02:38:28.891  1546  1927 I AiAiEcho: #remoteViewsTwiddler: feature disabled.
05-25 02:38:28.891   755   755 W libbinder.IPCThreadState: Sending oneway calls to frozen process.
05-25 02:38:28.891  1546  1927 I AiAiEcho: #postPredictionTargets: Sending updates to UISurface lockscreen with targets# 0 (types=[])
05-25 02:38:28.892   755   755 W libbinder.IPCThreadState: Sending oneway calls to frozen process.
05-25 02:38:28.892   755   755 W libbinder.IPCThreadState: Sending oneway calls to frozen process.
05-25 02:38:28.892   755   755 W libbinder.IPCThreadState: Sending oneway calls to frozen process.
05-25 02:38:28.892   755   755 W libbinder.IPCThreadState: Sending oneway calls to frozen process.
05-25 02:38:28.892   755   755 W libbinder.IPCThreadState: Sending oneway calls to frozen process.
05-25 02:38:28.892   755   755 W libbinder.IPCThreadState: Sending oneway calls to frozen process.
05-25 02:38:28.892   755   982 V AccessibilityManagerService: onUserStateChangedLocked for userId: 0, forceUpdate: false
05-25 02:38:28.892   755   755 W libbinder.IPCThreadState: Sending oneway calls to frozen process.
05-25 02:38:28.893   755   755 W libbinder.IPCThreadState: Sending oneway calls to frozen process.
05-25 02:38:28.893   755   982 V AccessibilityUserState: updateShortcutTargets: type:accessibility_shortcut_target_service, current:{}, new:{}
05-25 02:38:28.894   755   982 V AccessibilityUserState: updateShortcutTargets: type:accessibility_button_targets, current:{}, new:{}
05-25 02:38:28.894  1546  1927 I AiAiEcho: #postPredictionTargets: Sending updates to UISurface home with targets# 0 (types=[])
05-25 02:38:28.894   755   982 V AccessibilityUserState: updateShortcutTargets: type:accessibility_gesture_targets, current:{}, new:{}
05-25 02:38:28.894   755   982 V AccessibilityUserState: updateShortcutTargets: type:accessibility_qs_targets, current:{}, new:{}
05-25 02:38:28.894   755   982 V AccessibilityUserState: updateShortcutTargets: type:accessibility_key_gesture_targets, current:{}, new:{}
05-25 02:38:28.894   755   982 W MagnificationConnectionManager: requestConnection duplicated request: connect=false, mConnectionState=DISCONNECTED
05-25 02:38:28.895   755   755 W libbinder.IPCThreadState: Sending oneway calls to frozen process.
05-25 02:38:28.895   755   755 W libbinder.IPCThreadState: Sending oneway calls to frozen process.
05-25 02:38:28.895   755   755 W libbinder.IPCThreadState: Sending oneway calls to frozen process.
05-25 02:38:28.895   755   755 W libbinder.IPCThreadState: Sending oneway calls to frozen process.
05-25 02:38:28.895   755   755 W libbinder.IPCThreadState: Sending oneway calls to frozen process.
05-25 02:38:28.895   755   755 W libbinder.IPCThreadState: Sending oneway calls to frozen process.
05-25 02:38:28.895   755   755 W libbinder.IPCThreadState: Sending oneway calls to frozen process.
05-25 02:38:28.895   755   755 W libbinder.IPCThreadState: Sending oneway calls to frozen process.
05-25 02:38:28.895   755   755 W libbinder.IPCThreadState: Sending oneway calls to frozen process.
05-25 02:38:28.895   755   755 W libbinder.IPCThreadState: Sending oneway calls to frozen process.
05-25 02:38:28.895   755   755 W libbinder.IPCThreadState: Sending oneway calls to frozen process.
05-25 02:38:28.895   755   755 W libbinder.IPCThreadState: Sending oneway calls to frozen process.
05-25 02:38:28.895   755   755 W libbinder.IPCThreadState: Sending oneway calls to frozen process.
05-25 02:38:28.896   755   755 W libbinder.IPCThreadState: Sending oneway calls to frozen process.
05-25 02:38:28.896   755   755 W libbinder.IPCThreadState: Sending oneway calls to frozen process.
05-25 02:38:28.896   755   755 W libbinder.IPCThreadState: Sending oneway calls to frozen process.
05-25 02:38:28.896   755   755 W libbinder.IPCThreadState: Sending oneway calls to frozen process.
05-25 02:38:28.896   755   755 W libbinder.IPCThreadState: Sending oneway calls to frozen process.
05-25 02:38:28.896   755   755 W libbinder.IPCThreadState: Sending oneway calls to frozen process.
05-25 02:38:28.896   755   755 W libbinder.IPCThreadState: Sending oneway calls to frozen process.
05-25 02:38:28.896   755   755 W libbinder.IPCThreadState: Sending oneway calls to frozen process.
05-25 02:38:28.897   755   755 W libbinder.IPCThreadState: Sending oneway calls to frozen process.
05-25 02:38:28.897   755   755 W libbinder.IPCThreadState: Sending oneway calls to frozen process.
05-25 02:38:28.897   755   755 W libbinder.IPCThreadState: Sending oneway calls to frozen process.
05-25 02:38:28.897  1546  3179 I AiAiEcho: Settings changed for uri: content://settings/secure/accessibility_enabled
05-25 02:38:28.897   755   755 D BatterySaverPolicy: accessibility changed to true, updating policy.
05-25 02:38:28.897  1012  1012 W SsPagerDots: Total number of pages invalid: 0. Assuming 1 page.
05-25 02:38:28.897  1546  1927 I AiAiEcho: Predicting[0]:  [CONTEXT sampling_count=5 ]
05-25 02:38:28.897  1546  1927 I AiAiEcho: EchoTargets: 
05-25 02:38:28.897  1546  1927 I AiAiEcho: Filtered by AiAi flag check: 
05-25 02:38:28.897  1546  1927 I AiAiEcho: [CONTEXT ratelimit_period="10 SECONDS" ]
05-25 02:38:28.897  1546  1927 I AiAiEcho: #remoteViewsTwiddler: feature disabled.
05-25 02:38:28.897  1546  1927 I AiAiEcho: Predicting[0]:  [CONTEXT sampling_count=5 ]
05-25 02:38:28.897  1546  1927 I AiAiEcho: EchoTargets: 
05-25 02:38:28.897  1546  1927 I AiAiEcho: Filtered by AiAi flag check: 
05-25 02:38:28.897  1546  1927 I AiAiEcho: [CONTEXT ratelimit_period="10 SECONDS" ]
05-25 02:38:28.897  1546  1927 I AiAiEcho: #remoteViewsTwiddler: feature disabled.
05-25 02:38:28.898   755  2209 D AccessibilityManagerService: .getAccessibilityShortcutTargets {shortcutType=32, userId=0}
05-25 02:38:28.899  1546  1927 I AiAiEcho: #postPredictionTargets: Sending updates to UISurface lockscreen with targets# 0 (types=[])
05-25 02:38:28.900  1012  1012 W SsPagerDots: Total number of pages invalid: 0. Assuming 1 page.
05-25 02:38:28.900  1546  1927 I AiAiEcho: #postPredictionTargets: Sending updates to UISurface home with targets# 0 (types=[])
05-25 02:38:29.927  8059  8059 W AccessibilityNodeInfoDumper: Fetch time: 2ms
05-25 02:38:29.930   755   982 V AccessibilityManagerService: onUserStateChangedLocked for userId: 0, forceUpdate: false
05-25 02:38:29.931   755   982 V AccessibilityUserState: updateShortcutTargets: type:accessibility_shortcut_target_service, current:{}, new:{}
05-25 02:38:29.931   755   982 V AccessibilityUserState: updateShortcutTargets: type:accessibility_button_targets, current:{}, new:{}
05-25 02:38:29.931   755   982 V AccessibilityUserState: updateShortcutTargets: type:accessibility_gesture_targets, current:{}, new:{}
05-25 02:38:29.931   755   982 V AccessibilityUserState: updateShortcutTargets: type:accessibility_qs_targets, current:{}, new:{}
05-25 02:38:29.931   755   982 V AccessibilityUserState: updateShortcutTargets: type:accessibility_key_gesture_targets, current:{}, new:{}
05-25 02:38:29.931   755   982 W MagnificationConnectionManager: requestConnection duplicated request: connect=false, mConnectionState=DISCONNECTED
05-25 02:38:29.931   755   982 D AccessibilityManagerService: restoreCurrentUserForTestAutomationIfNeededLocked(): ignoring because device doesn't support visible background users
05-25 02:38:29.931   755   755 W libbinder.IPCThreadState: Sending oneway calls to frozen process.
05-25 02:38:29.931   755   755 W libbinder.IPCThreadState: Sending oneway calls to frozen process.
05-25 02:38:29.932   755   755 W libbinder.IPCThreadState: Sending oneway calls to frozen process.
05-25 02:38:29.932   755   755 W libbinder.IPCThreadState: Sending oneway calls to frozen process.
05-25 02:38:29.932  1546  3179 I AiAiEcho: Settings changed for uri: content://settings/secure/accessibility_enabled
05-25 02:38:29.932   755   755 W libbinder.IPCThreadState: Sending oneway calls to frozen process.
05-25 02:38:29.932   755   755 W libbinder.IPCThreadState: Sending oneway calls to frozen process.
05-25 02:38:29.933   755   755 W libbinder.IPCThreadState: Sending oneway calls to frozen process.
05-25 02:38:29.933   755   755 W libbinder.IPCThreadState: Sending oneway calls to frozen process.
05-25 02:38:29.933  8059  8059 D AndroidRuntime: Shutting down VM
05-25 02:38:29.933   755   755 W libbinder.IPCThreadState: Sending oneway calls to frozen process.
05-25 02:38:29.933   755   755 W libbinder.IPCThreadState: Sending oneway calls to frozen process.
05-25 02:38:29.933   755   755 W libbinder.IPCThreadState: Sending oneway calls to frozen process.
05-25 02:38:29.933   755   755 W libbinder.IPCThreadState: Sending oneway calls to frozen process.
05-25 02:38:29.933   755   755 W libbinder.IPCThreadState: Sending oneway calls to frozen process.
05-25 02:38:29.934   755   755 W libbinder.IPCThreadState: Sending oneway calls to frozen process.
05-25 02:38:29.934  8059  8068 W libbinder.IPCThreadState: call to talkWithDriver in joinThreadPool returned error: -9 (Bad file descriptor), FD: -1
05-25 02:38:29.934   755   755 W libbinder.IPCThreadState: Sending oneway calls to frozen process.
05-25 02:38:29.934   755   755 W libbinder.IPCThreadState: Sending oneway calls to frozen process.
05-25 02:38:29.934  1546  1927 I AiAiEcho: Predicting[0]:  [CONTEXT sampling_count=5 ]
05-25 02:38:29.934  1546  1927 I AiAiEcho: EchoTargets: 
05-25 02:38:29.934  1546  1927 I AiAiEcho: Filtered by AiAi flag check: 
05-25 02:38:29.934  1546  1927 I AiAiEcho: [CONTEXT ratelimit_period="10 SECONDS" ]
05-25 02:38:29.934  8059  8067 W libbinder.IPCThreadState: call to talkWithDriver in joinThreadPool returned error: -9 (Bad file descriptor), FD: -1
05-25 02:38:29.934  1546  1927 I AiAiEcho: #remoteViewsTwiddler: feature disabled.
05-25 02:38:29.934  1546  1927 I AiAiEcho: Predicting[0]:  [CONTEXT sampling_count=5 ]
05-25 02:38:29.934  1546  1927 I AiAiEcho: EchoTargets: 
05-25 02:38:29.934  1546  1927 I AiAiEcho: Filtered by AiAi flag check: 
05-25 02:38:29.934  1546  1927 I AiAiEcho: [CONTEXT ratelimit_period="10 SECONDS" ]
05-25 02:38:29.934  1546  1927 I AiAiEcho: #remoteViewsTwiddler: feature disabled.
05-25 02:38:29.934   755   755 W libbinder.IPCThreadState: Sending oneway calls to frozen process.
