05-25 01:37:51.101  1230  1230 V BaseDepthController: Applying blur: 63 to Surface(name=com.google.android.apps.nexuslauncher/com.google.android.apps.nexuslauncher.NexusLauncherActivity#950)/@0x3e44a85 applyImmediately: false
05-25 01:37:51.101  1230  1230 D BaseDepthController: shouldBlurWorkspace: true targetState: AllApps currentStableState: Normal mCurrentBlur: 63 mLauncher.getDepthBlurTargets(): [com.android.launcher3.Workspace{fabbaf0 V.ED..... ........ 0,0-1080,2400 #7f0a049d app:id/workspace}, com.android.launcher3.Hotseat{ec670da V.ED..... ........ 0,1905-1080,2400 #7f0a01ee app:id/hotseat}]
05-25 01:37:51.117  1230  1230 D BaseDepthController: Skipping small blur delta. newBlur: 64 previousBlur: 63 delta: 1 surface: Surface(name=com.google.android.apps.nexuslauncher/com.google.android.apps.nexuslauncher.NexusLauncherActivity#950)/@0x3e44a85
05-25 01:37:51.134  1230  1230 V BaseDepthController: Applying blur: 65 to Surface(name=com.google.android.apps.nexuslauncher/com.google.android.apps.nexuslauncher.NexusLauncherActivity#950)/@0x3e44a85 applyImmediately: false
05-25 01:37:51.134  1230  1230 D BaseDepthController: shouldBlurWorkspace: true targetState: AllApps currentStableState: Normal mCurrentBlur: 65 mLauncher.getDepthBlurTargets(): [com.android.launcher3.Workspace{fabbaf0 V.ED..... ........ 0,0-1080,2400 #7f0a049d app:id/workspace}, com.android.launcher3.Hotseat{ec670da V.ED..... ........ 0,1905-1080,2400 #7f0a01ee app:id/hotseat}]
05-25 01:37:51.149  1230  1230 D BaseActivity: Launcher flags updated: [state_started|state_resumed|state_deferred_resumed|state_window_focused|state_user_active|state_transition_active]
05-25 01:37:51.149  1230  1230 D LauncherStateManager: StateManager.onStateTransitionStart: state: AllApps
05-25 01:37:51.149  1230  1230 D BaseDepthController: Skipping small blur delta. newBlur: 66 previousBlur: 65 delta: 1 surface: Surface(name=com.google.android.apps.nexuslauncher/com.google.android.apps.nexuslauncher.NexusLauncherActivity#950)/@0x3e44a85
05-25 01:37:51.150   803  1014 D BackgroundInstallControlService: Package event received: 0
05-25 01:37:51.150  1230  1230 V BaseDepthController: Applying blur: 79 to Surface(name=com.google.android.apps.nexuslauncher/com.google.android.apps.nexuslauncher.NexusLauncherActivity#950)/@0x3e44a85 applyImmediately: false
05-25 01:37:51.150  1230  1230 D BaseDepthController: setEarlyWakeup: false
05-25 01:37:51.150  1230  1230 D BaseDepthController: shouldBlurWorkspace: true targetState: AllApps currentStableState: Normal mCurrentBlur: 79 mLauncher.getDepthBlurTargets(): [com.android.launcher3.Workspace{fabbaf0 V.ED..... ........ 0,0-1080,2400 #7f0a049d app:id/workspace}, com.android.launcher3.Hotseat{ec670da V.ED..... ........ 0,1905-1080,2400 #7f0a01ee app:id/hotseat}]
05-25 01:37:51.150  1230  1230 D BaseActivity: Launcher flags updated: [state_started|state_resumed|state_deferred_resumed|state_window_focused|state_user_active] -[state_transition_active]
05-25 01:37:51.151  1230  1230 D LauncherStateManager: StateManager.onStateTransitionEnd: state: AllApps
05-25 01:37:51.151  1230  1230 D RecentsView: reset - mEnableDrawingLiveTile: false, mRecentsAnimationController: null
05-25 01:37:51.151  1230  1230 D RecentsView: cleanupRemoteTargets - mRemoteTargetHandles: null
05-25 01:37:51.151  1230  1230 D StatsLog: LAUNCHER_ALLAPPS_OPEN_UP
05-25 01:37:51.152  1230  3695 D StatsLog: LAUNCHER_GOOGLE_SEARCH_GMS_PLAY_INIT_CHANNEL
05-25 01:37:51.161  1230  3695 W s.nexuslauncher: Method void io.grpc.binder.internal.a.<init>(android.content.Context, io.grpc.binder.AndroidComponentAddress, r8.a, java.util.concurrent.Executor, t8.r5, t8.r5, r8.i, r8.e, q8.c) failed lock verification and will run slower.
05-25 01:37:51.161  1230  3695 W s.nexuslauncher: Common causes for lock verification issues are non-optimized dex code
05-25 01:37:51.161  1230  3695 W s.nexuslauncher: and incorrect proguard optimizations.
05-25 01:37:51.162   803  1014 D BackgroundInstallControlService: Package event received: 0
05-25 01:37:51.169  1230  3695 D GmsPlayProvider: Created the binder channel successfully for end point component =ComponentInfo{com.google.android.gms/com.google.android.gms.play.cloud.search.PlayCloudSearchEndpointService} , mChannel=h3{delegate=f{logId=1, target=directaddress:///AndroidComponentAddress%5BIntent%20%7B%20act=com.google.android.gms.play.cloud.search.grpc.io.action.BIND%20cmp=com.google.android.gms/.play.cloud.search.PlayCloudSearchEndpointService%20%7D%5D}} , mConnection=p6.v@e57a64a
05-25 01:37:51.183  1230  1230 D SearchTargetUtil: queryLength=0 size=4
05-25 01:37:51.183  1230  1230 D SearchTargetUtil: layoutType=educard resultType=524288 packageName=
05-25 01:37:51.183  1230  1230 D SearchTargetUtil: layoutType=empty_divider resultType=262144 packageName=
05-25 01:37:51.183  1230  1230 D SearchTargetUtil: layoutType=placeholder resultType=131072 packageName=com.google.android.googlequicksearchbox
05-25 01:37:51.183  1230  1230 D SearchTargetUtil: layoutType=empty_divider resultType=262144 packageName=
05-25 01:37:51.229  1351  1351 I GmsModuleInitializer: Using ContainerGservicesDelegate
05-25 01:37:51.252  1351  1351 I GmsCoreXrpcWrapper: (REDACTED) Creating a custom channel provider with trafficStatsTag=%d trafficStatsUid=%d
05-25 01:37:51.261  1351  1351 I PlayCloudSearchChimeraS: Starting the server
05-25 01:37:51.266  1351  1351 I PlayCloudSearchLifeCycl: Starting the GRPC server
05-25 01:37:51.266  1351  1351 I PlayCloudSearchChimeraS: onBind called
05-25 01:37:51.277  1351  4550 I DynamiteModule: Considering local module com.google.android.gms.googlecertificates:7 and remote module com.google.android.gms.googlecertificates:7
05-25 01:37:51.277  1351  4550 I DynamiteModule: Selected local version of com.google.android.gms.googlecertificates
05-25 01:37:51.285  1351  8181 I GmsNetworkEngineImageFe: warmup called
05-25 01:37:51.286  1351  8181 I GmsNetworkEngineImageFe: fetchImage called
05-25 01:37:51.286  1351  8181 I GmsNetworkEngineImageFe: (REDACTED) image url: %s
05-25 01:37:51.305  1351  8181 I PlayCloudSearchServiceI: (REDACTED) getCompletions called on thread %s
05-25 01:37:51.313  1351  8181 I PlayCloudSearchServiceI: Empty account name
05-25 01:37:52.233  8394  8394 W libbinder.BackendUnifiedServiceManager: Thread Pool max thread count is 0. Cannot cache binder as linkToDeath cannot be implemented. serviceName: SurfaceFlingerAIDL
05-25 01:37:52.233  8394  8394 W libbinder.BpBinder: Linking to death on android.gui.ISurfaceComposer but there are no threads (yet?) listening to incoming transactions. See ProcessState::startThreadPool and ProcessState::setThreadPoolMaxThreadCount. Generally you should setup the binder threadpool before other initialization steps.
05-25 01:37:52.233  8394  8394 W libbinder.ProcessState: Extra binder thread started, but 0 threads requested. Do not use *startThreadPool when zero threads are requested.
05-25 01:37:52.318  1598  1950 W MediaProvider: isAppCloneUserPair for user 0: false
05-25 01:37:52.531   803  2850 I ActivityManager: Broadcasting: Intent { act=android.intent.action.MEDIA_SCANNER_SCAN_FILE dat=file:///... flg=0x400000 }
05-25 01:37:52.531   803  2850 I ActivityManager: Enqueued broadcast Intent { act=android.intent.action.MEDIA_SCANNER_SCAN_FILE dat=file:///... flg=0x400000 }: 0
05-25 01:37:52.532  1598  1598 I MediaServiceV2: Creating work for intent Intent { act=android.intent.action.MEDIA_SCANNER_SCAN_FILE dat=file:///... flg=0x1400010 cmp=com.google.android.providers.media.module/com.android.providers.media.MediaServiceV2 }
05-25 01:37:52.532  1598  1598 I MediaServiceV2: Work enqueued for intent: Intent { act=android.intent.action.MEDIA_SCANNER_SCAN_FILE dat=file:///... flg=0x1400010 cmp=com.google.android.providers.media.module/com.android.providers.media.MediaServiceV2 }
05-25 01:37:52.532   803   831 I ActivityManager: Broadcast completed: result=0
05-25 01:37:52.539  1598  1845 W JobInfo : Requested important-while-foreground flag for job1384 is ignored and takes no effect
05-25 01:37:52.540  1598  1845 D WM-SystemJobScheduler: Scheduling work ID 3078e92a-6e18-4186-a362-7bd35241b9a5Job ID 1384
05-25 01:37:52.542  1598  1845 D WM-GreedyScheduler: Ignoring {WorkSpec: df7b5f30-38bc-43fd-b2fd-7ca8c75c6cf6}. Requires device idle.
05-25 01:37:52.542  1598  1845 D WM-GreedyScheduler: Ignoring {WorkSpec: e779c9d4-75bc-4be4-9038-16bd3c81fd12}. Requires device idle.
05-25 01:37:52.542  1598  1845 D WM-GreedyScheduler: Ignoring {WorkSpec: ee731057-646a-41ed-8fcd-63fe661e76ff}. Requires device idle.
05-25 01:37:52.542  1598  1845 D WM-GreedyScheduler: Ignoring {WorkSpec: 9da99e8d-0887-4d0d-a49f-9367c4326810}. Requires device idle.
05-25 01:37:52.542  1598  1845 D WM-GreedyScheduler: Starting work for 3078e92a-6e18-4186-a362-7bd35241b9a5
05-25 01:37:52.542  1598  1845 D WM-Processor: Processor: processing WorkGenerationalId(workSpecId=3078e92a-6e18-4186-a362-7bd35241b9a5, generation=0)
05-25 01:37:52.544  1598  1598 D WM-SystemJobService: onStartJob for WorkGenerationalId(workSpecId=3078e92a-6e18-4186-a362-7bd35241b9a5, generation=0)
05-25 01:37:52.544  1598  1598 D WM-WorkerWrapper: Starting work for com.android.providers.media.MediaServiceV2
05-25 01:37:52.545  1598  8401 I MediaServiceV2: Work initiated for action [ android.intent.action.MEDIA_SCANNER_SCAN_FILE ]
05-25 01:37:52.545  1598  1807 D WM-Processor: Work WorkGenerationalId(workSpecId=3078e92a-6e18-4186-a362-7bd35241b9a5, generation=0) is already enqueued for processing
05-25 01:37:52.556  1598  8401 I MediaServiceV2: Work ended for action [ android.intent.action.MEDIA_SCANNER_SCAN_FILE ]
05-25 01:37:52.557  1598  1853 I WM-WorkerWrapper: Worker result SUCCESS for Work [ id=3078e92a-6e18-4186-a362-7bd35241b9a5, tags={ com.android.providers.media.MediaServiceV2 } ]
05-25 01:37:52.558  1598  1598 D WM-Processor: Processor 3078e92a-6e18-4186-a362-7bd35241b9a5 executed; reschedule = false
05-25 01:37:52.558  1598  1598 D WM-SystemJobService: 3078e92a-6e18-4186-a362-7bd35241b9a5 executed on JobScheduler
05-25 01:37:52.563  1598  1853 D WM-SystemJobScheduler: Scheduling work ID 4fce004c-bf2c-4683-bd0d-ee5d6f3f1e71Job ID 1385
05-25 01:37:52.565  1598  1853 D WM-GreedyScheduler: Ignoring {WorkSpec: df7b5f30-38bc-43fd-b2fd-7ca8c75c6cf6}. Requires device idle.
05-25 01:37:52.565  1598  1853 D WM-GreedyScheduler: Ignoring {WorkSpec: e779c9d4-75bc-4be4-9038-16bd3c81fd12}. Requires device idle.
05-25 01:37:52.565  1598  1853 D WM-GreedyScheduler: Ignoring {WorkSpec: ee731057-646a-41ed-8fcd-63fe661e76ff}. Requires device idle.
05-25 01:37:52.565  1598  1853 D WM-GreedyScheduler: Ignoring {WorkSpec: 9da99e8d-0887-4d0d-a49f-9367c4326810}. Requires device idle.
05-25 01:37:52.567  1598  1853 D WM-GreedyScheduler: Cancelling work ID 3078e92a-6e18-4186-a362-7bd35241b9a5
05-25 01:37:52.568  1598  1853 D WM-GreedyScheduler: Ignoring {WorkSpec: df7b5f30-38bc-43fd-b2fd-7ca8c75c6cf6}. Requires device idle.
05-25 01:37:52.568  1598  1853 D WM-GreedyScheduler: Ignoring {WorkSpec: e779c9d4-75bc-4be4-9038-16bd3c81fd12}. Requires device idle.
05-25 01:37:52.568  1598  1853 D WM-GreedyScheduler: Ignoring {WorkSpec: ee731057-646a-41ed-8fcd-63fe661e76ff}. Requires device idle.
05-25 01:37:52.568  1598  1853 D WM-GreedyScheduler: Ignoring {WorkSpec: 9da99e8d-0887-4d0d-a49f-9367c4326810}. Requires device idle.
05-25 01:37:52.664  8405  8405 D AndroidRuntime: >>>>>> START com.android.internal.os.RuntimeInit uid 2000 <<<<<<
05-25 01:37:52.667  8405  8405 I AndroidRuntime: Using default boot image
05-25 01:37:52.667  8405  8405 I AndroidRuntime: Leaving lock profiling enabled
05-25 01:37:52.668  8405  8405 I app_process: Using CollectorTypeCMC GC.
05-25 01:37:52.719  8405  8405 D nativeloader: InitDefaultPublicLibraries for_preload=1: libandroid.so:libaaudio.so:libamidi.so:libbinder_ndk.so:libc.so:libcamera2ndk.so:libdl.so:libEGL.so:libGLESv1_CM.so:libGLESv2.so:libGLESv3.so:libicu.so:libicui18n.so:libicuuc.so:libjnigraphics.so:liblog.so:libmediandk.so:libm.so:libnativehelper.so:libnativewindow.so:libOpenMAXAL.so:libOpenSLES.so:libRS.so:libstdc++.so:libsync.so:libvulkan.so:libwebviewchromium_plat_support.so:libz.so
05-25 01:37:52.724  8405  8405 D nativeloader: Load libicu_jni.so using APEX ns com_android_art for caller /apex/com.android.art/javalib/core-oj.jar: ok
05-25 01:37:52.724  8405  8405 D app_process: u_setTimeZoneFilesDirectory("/apex/com.android.tzdata/etc/tz/versioned/9/icu") succeeded. 
05-25 01:37:52.724  8405  8405 D app_process: I18n APEX ICU file found: /apex/com.android.i18n/etc/icu/icudt76l.dat
05-25 01:37:52.725  8405  8405 D nativeloader: Load libjavacore.so using APEX ns com_android_art for caller /apex/com.android.art/javalib/core-oj.jar: ok
05-25 01:37:52.725  8405  8405 D nativeloader: Load libopenjdk.so using APEX ns com_android_art for caller /apex/com.android.art/javalib/core-oj.jar: ok
05-25 01:37:52.726  8405  8405 I app_process: Priority-to-niceness mapping: 19, 16, 13, 10, 0, -2, -4, -5, -6, -8
05-25 01:37:52.726  8405  8405 W app_process: Unexpected CPU variant for x86: x86_64.
05-25 01:37:52.726  8405  8405 W app_process: Known variants: atom, sandybridge, silvermont, goldmont, goldmont-plus, goldmont-without-sha-xsaves, tremont, kabylake, alderlake, default
05-25 01:37:52.727  8405  8405 W app_process: ClassLoaderContext shared library size mismatch. Expected=2, found=0 (PCL[]{PCL[/system/framework/android.test.base.jar*1653369819]#PCL[/system/framework/android.test.mock.jar*1009639922]} | PCL[])
05-25 01:37:52.727  8405  8405 W app_process: ClassLoaderContext classpath size mismatch. expected=0, found=1 (PCL[]{PCL[/system/framework/android.test.runner.jar*3954641918]{PCL[/system/framework/android.test.base.jar*1653369819]#PCL[/system/framework/android.test.mock.jar*1009639922]}#PCL[/system/framework/android.test.base.jar*1653369819]} | PCL[/system/framework/android.test.runner.jar*3954641918])
05-25 01:37:52.740  8405  8405 D nativeloader: Load libframework-connectivity-tiramisu-jni.so using APEX ns com_android_tethering for caller /apex/com.android.tethering/javalib/framework-connectivity-t.jar: ok
05-25 01:37:52.741  8405  8405 D AndroidRuntime: Calling main entry com.android.commands.uiautomator.Launcher
05-25 01:37:52.743  8405  8405 I AconfigPackage: android.media.swcodec.flags is mapped to com.android.media.swcodec
05-25 01:37:52.743  8405  8405 I AconfigPackage: com.android.permission.flags is mapped to com.android.permission
05-25 01:37:52.743  8405  8405 I AconfigPackage: com.android.permissioncontroller.flags is mapped to com.android.permission
05-25 01:37:52.743  8405  8405 I AconfigPackage: com.android.icu is mapped to com.android.i18n
05-25 01:37:52.743  8405  8405 I AconfigPackage: com.android.appsearch.flags is mapped to com.android.appsearch
05-25 01:37:52.743  8405  8405 I AconfigPackage: android.uprobestats.mainline.flags is mapped to com.android.uprobestats
05-25 01:37:52.743  8405  8405 I AconfigPackage: com.android.crashrecovery.flags is mapped to com.android.crashrecovery
05-25 01:37:52.743  8405  8405 I AconfigPackage: android.provider.flags is mapped to com.android.configinfrastructure
05-25 01:37:52.743  8405  8405 I AconfigPackage: com.android.server.deviceconfig is mapped to com.android.configinfrastructure
05-25 01:37:52.743  8405  8405 I AconfigPackage: com.android.compos.flags is mapped to com.android.compos
05-25 01:37:52.743  8405  8405 I AconfigPackage: com.android.art.flags is mapped to com.android.art
05-25 01:37:52.743  8405  8405 I AconfigPackage: com.android.art.rw.flags is mapped to com.android.art
05-25 01:37:52.743  8405  8405 I AconfigPackage: com.android.libcore is mapped to com.android.art
05-25 01:37:52.743  8405  8405 I AconfigPackage: com.android.telephony.flags is mapped to com.android.telephonycore
05-25 01:37:52.743  8405  8405 I AconfigPackage: com.android.media.extractor.flags is mapped to com.android.media
05-25 01:37:52.743  8405  8405 I AconfigPackage: com.android.media.mainline.flags is mapped to com.android.media
05-25 01:37:52.743  8405  8405 I AconfigPackage: com.android.wifi.flags is mapped to com.android.wifi
05-25 01:37:52.743  8405  8405 I AconfigPackage: com.android.org.conscrypt.flags is mapped to com.android.conscrypt
05-25 01:37:52.743  8405  8405 I AconfigPackage: com.android.org.conscrypt.net.flags is mapped to com.android.conscrypt
05-25 01:37:52.743  8405  8405 I AconfigPackage: com.android.healthfitness.flags is mapped to com.android.healthfitness
05-25 01:37:52.744  8405  8405 I AconfigPackage: com.android.ipsec.flags is mapped to com.android.ipsec
05-25 01:37:52.744  8405  8405 I AconfigPackage: com.android.nfc.module.flags is mapped to com.android.nfcservices
05-25 01:37:52.744  8405  8405 I AconfigPackage: com.android.adservices.ondevicepersonalization.flags is mapped to com.android.ondevicepersonalization
05-25 01:37:52.744  8405  8405 I AconfigPackage: com.android.adbd.flags is mapped to com.android.adbd
05-25 01:37:52.744  8405  8405 I AconfigPackage: com.android.bluetooth.flags is mapped to com.android.bt
05-25 01:37:52.744  8405  8405 I AconfigPackage: com.android.devicelock.flags is mapped to com.android.devicelock
05-25 01:37:52.744  8405  8405 I AconfigPackage: android.os.profiling is mapped to com.android.profiling
05-25 01:37:52.744  8405  8405 I AconfigPackage: android.os.profiling.anomaly.flags is mapped to com.android.profiling
05-25 01:37:52.744  8405  8405 I AconfigPackage: com.android.os.statsd.flags is mapped to com.android.os.statsd
05-25 01:37:52.744  8405  8405 I AconfigPackage: com.android.rkpd.flags is mapped to com.android.rkpd
05-25 01:37:52.744  8405  8405 I AconfigPackage: com.android.cellbroadcastreceiver.flags is mapped to com.android.cellbroadcast
05-25 01:37:52.744  8405  8405 I AconfigPackage: com.android.adservices.flags is mapped to com.android.adservices
05-25 01:37:52.744  8405  8405 I AconfigPackage: com.android.sdksandbox.flags is mapped to com.android.adservices
05-25 01:37:52.744  8405  8405 I AconfigPackage: com.android.uwb.flags is mapped to com.android.uwb
05-25 01:37:52.744  8405  8405 I AconfigPackage: com.android.ranging.flags is mapped to com.android.uwb
05-25 01:37:52.744  8405  8405 I AconfigPackage: android.graphics.pdf.flags is mapped to com.android.mediaprovider
05-25 01:37:52.744  8405  8405 I AconfigPackage: com.android.providers.media.flags is mapped to com.android.mediaprovider
05-25 01:37:52.745  8405  8405 I AconfigPackage: android.graphics.pdf.flags.readonly is mapped to com.android.mediaprovider
05-25 01:37:52.745  8405  8405 I AconfigPackage: com.android.tethering.mainline.beta is mapped to com.android.tethering
05-25 01:37:52.745  8405  8405 I AconfigPackage: android.net.http is mapped to com.android.tethering
05-25 01:37:52.745  8405  8405 I AconfigPackage: com.android.tethering.readonly.flags is mapped to com.android.tethering
05-25 01:37:52.745  8405  8405 I AconfigPackage: android.net.vcn is mapped to com.android.tethering
05-25 01:37:52.745  8405  8405 I AconfigPackage: com.android.net.flags is mapped to com.android.tethering
05-25 01:37:52.745  8405  8405 I AconfigPackage: com.android.tethering.beta.test is mapped to com.android.tethering
05-25 01:37:52.745  8405  8405 I AconfigPackage: com.android.nearby.flags is mapped to com.android.tethering
05-25 01:37:52.745  8405  8405 I AconfigPackage: com.android.net.ct.flags is mapped to com.android.tethering
05-25 01:37:52.745  8405  8405 I AconfigPackage: com.android.net.thread.flags is mapped to com.android.tethering
05-25 01:37:52.745  8405  8405 I AconfigPackage: com.android.system.virtualmachine.flags is mapped to com.android.virt
05-25 01:37:52.745  8405  8405 E FeatureFlagsImplExport: android.os.flagging.AconfigStorageReadException: ERROR_PACKAGE_NOT_FOUND: package android.xr cannot be found on the device
05-25 01:37:52.746  8405  8405 D UiAutomationConnection: Created on user UserHandle{0}
05-25 01:37:52.746  8405  8405 I UiAutomation: Initialized for user 0 on display 0
05-25 01:37:52.746  8405  8405 W UiAutomation: Created with deprecatead constructor, assumes DEFAULT_DISPLAY
05-25 01:37:52.747   803  1131 D AccessibilityManagerService: changeCurrentUserForTestAutomationIfNeededLocked(0): ignoring because device doesn't support visible background users
05-25 01:37:52.747   803  1131 I UiAutomationManager: Registering UiTestAutomationService (id=com.android.server.accessibility/UiAutomation, flags=0x0) when called by user 0
05-25 01:37:52.747   803  1131 V AccessibilityManagerService: onUserStateChangedLocked for userId: 0, forceUpdate: false
05-25 01:37:52.747   803  1131 V AccessibilityUserState: updateShortcutTargets: type:accessibility_shortcut_target_service, current:{}, new:{}
05-25 01:37:52.747   803  1131 V AccessibilityUserState: updateShortcutTargets: type:accessibility_button_targets, current:{}, new:{}
05-25 01:37:52.747   803  1131 V AccessibilityUserState: updateShortcutTargets: type:accessibility_gesture_targets, current:{}, new:{}
05-25 01:37:52.747   803  1131 V AccessibilityUserState: updateShortcutTargets: type:accessibility_qs_targets, current:{}, new:{}
05-25 01:37:52.747   803  1131 V AccessibilityUserState: updateShortcutTargets: type:accessibility_key_gesture_targets, current:{}, new:{}
05-25 01:37:52.747   803  1131 W MagnificationConnectionManager: requestConnection duplicated request: connect=false, mConnectionState=DISCONNECTED
05-25 01:37:52.748  1620  1638 I AiAiEcho: Settings changed for uri: content://settings/secure/accessibility_enabled
05-25 01:37:52.748  1620  1867 I AiAiEcho: Predicting[0]:  [CONTEXT sampling_count=5 ]
05-25 01:37:52.748  1620  1867 I AiAiEcho: EchoTargets: 
05-25 01:37:52.748  1620  1867 I AiAiEcho: Filtered by AiAi flag check: 
05-25 01:37:52.748  1620  1867 I AiAiEcho: [CONTEXT ratelimit_period="10 SECONDS" ]
05-25 01:37:52.748  1620  1867 I AiAiEcho: #remoteViewsTwiddler: feature disabled.
05-25 01:37:52.748  1620  1867 I AiAiEcho: Predicting[0]:  [CONTEXT sampling_count=5 ]
05-25 01:37:52.748  1620  1867 I AiAiEcho: EchoTargets: 
05-25 01:37:52.748  1620  1867 I AiAiEcho: Filtered by AiAi flag check: 
05-25 01:37:52.748  1620  1867 I AiAiEcho: [CONTEXT ratelimit_period="10 SECONDS" ]
05-25 01:37:52.748   803   803 W libbinder.IPCThreadState: Sending oneway calls to frozen process.
05-25 01:37:52.748  1620  1867 I AiAiEcho: #remoteViewsTwiddler: feature disabled.
05-25 01:37:52.748   803   803 W libbinder.IPCThreadState: Sending oneway calls to frozen process.
05-25 01:37:52.748   803   803 W libbinder.IPCThreadState: Sending oneway calls to frozen process.
05-25 01:37:52.749   803   803 W libbinder.IPCThreadState: Sending oneway calls to frozen process.
05-25 01:37:52.749  1620  1867 I AiAiEcho: #postPredictionTargets: Sending updates to UISurface lockscreen with targets# 0 (types=[])
05-25 01:37:52.749  1620  1867 I AiAiEcho: #postPredictionTargets: Sending updates to UISurface home with targets# 0 (types=[])
05-25 01:37:52.749   803   803 W libbinder.IPCThreadState: Sending oneway calls to frozen process.
05-25 01:37:52.749   803   803 W libbinder.IPCThreadState: Sending oneway calls to frozen process.
05-25 01:37:52.749   803   803 W libbinder.IPCThreadState: Sending oneway calls to frozen process.
05-25 01:37:52.749   803   803 W libbinder.IPCThreadState: Sending oneway calls to frozen process.
05-25 01:37:52.749   803   803 W libbinder.IPCThreadState: Sending oneway calls to frozen process.
05-25 01:37:52.749  1059  1059 W SsPagerDots: Total number of pages invalid: 0. Assuming 1 page.
05-25 01:37:52.749   803   803 W libbinder.IPCThreadState: Sending oneway calls to frozen process.
05-25 01:37:52.750   803   803 W libbinder.IPCThreadState: Sending oneway calls to frozen process.
05-25 01:37:52.750   803   803 W libbinder.IPCThreadState: Sending oneway calls to frozen process.
05-25 01:37:52.750   803   803 W libbinder.IPCThreadState: Sending oneway calls to frozen process.
05-25 01:37:52.750   803   803 W libbinder.IPCThreadState: Sending oneway calls to frozen process.
05-25 01:37:52.750   803   803 W libbinder.IPCThreadState: Sending oneway calls to frozen process.
05-25 01:37:52.750   803   803 D BatterySaverPolicy: accessibility changed to true, updating policy.
05-25 01:37:52.750   803   878 V AccessibilityManagerService: onUserStateChangedLocked for userId: 0, forceUpdate: false
05-25 01:37:52.750   803   878 V AccessibilityUserState: updateShortcutTargets: type:accessibility_shortcut_target_service, current:{}, new:{}
05-25 01:37:52.750   803   878 V AccessibilityUserState: updateShortcutTargets: type:accessibility_button_targets, current:{}, new:{}
05-25 01:37:52.750   803   878 V AccessibilityUserState: updateShortcutTargets: type:accessibility_gesture_targets, current:{}, new:{}
05-25 01:37:52.750   803   878 V AccessibilityUserState: updateShortcutTargets: type:accessibility_qs_targets, current:{}, new:{}
05-25 01:37:52.750   803   878 V AccessibilityUserState: updateShortcutTargets: type:accessibility_key_gesture_targets, current:{}, new:{}
05-25 01:37:52.750   803   878 W MagnificationConnectionManager: requestConnection duplicated request: connect=false, mConnectionState=DISCONNECTED
05-25 01:37:52.751  1620  1638 I AiAiEcho: Settings changed for uri: content://settings/secure/accessibility_enabled
05-25 01:37:52.751   803   803 W libbinder.IPCThreadState: Sending oneway calls to frozen process.
05-25 01:37:52.751  1620  1867 I AiAiEcho: Predicting[0]:  [CONTEXT sampling_count=5 ]
05-25 01:37:52.751  1620  1867 I AiAiEcho: EchoTargets: 
05-25 01:37:52.751  1620  1867 I AiAiEcho: Filtered by AiAi flag check: 
05-25 01:37:52.751  1620  1867 I AiAiEcho: [CONTEXT ratelimit_period="10 SECONDS" ]
05-25 01:37:52.751   803   803 W libbinder.IPCThreadState: Sending oneway calls to frozen process.
05-25 01:37:52.751   803   803 W libbinder.IPCThreadState: Sending oneway calls to frozen process.
05-25 01:37:52.751   803   803 W libbinder.IPCThreadState: Sending oneway calls to frozen process.
05-25 01:37:52.751   803   803 W libbinder.IPCThreadState: Sending oneway calls to frozen process.
05-25 01:37:52.751  1620  1867 I AiAiEcho: #remoteViewsTwiddler: feature disabled.
05-25 01:37:52.751   803   803 W libbinder.IPCThreadState: Sending oneway calls to frozen process.
05-25 01:37:52.751  1620  1867 I AiAiEcho: Predicting[0]:  [CONTEXT sampling_count=5 ]
05-25 01:37:52.751  1620  1867 I AiAiEcho: EchoTargets: 
05-25 01:37:52.751  1620  1867 I AiAiEcho: Filtered by AiAi flag check: 
05-25 01:37:52.751  1620  1867 I AiAiEcho: [CONTEXT ratelimit_period="10 SECONDS" ]
05-25 01:37:52.751  1620  1867 I AiAiEcho: #remoteViewsTwiddler: feature disabled.
05-25 01:37:52.751   803   803 W libbinder.IPCThreadState: Sending oneway calls to frozen process.
05-25 01:37:52.752   803   803 W libbinder.IPCThreadState: Sending oneway calls to frozen process.
05-25 01:37:52.752   803   803 W libbinder.IPCThreadState: Sending oneway calls to frozen process.
05-25 01:37:52.752  1620  1867 I AiAiEcho: #postPredictionTargets: Sending updates to UISurface lockscreen with targets# 0 (types=[])
05-25 01:37:52.752   803   803 W libbinder.IPCThreadState: Sending oneway calls to frozen process.
05-25 01:37:52.752  1620  1867 I AiAiEcho: #postPredictionTargets: Sending updates to UISurface home with targets# 0 (types=[])
05-25 01:37:52.755  1059  1059 W SsPagerDots: Total number of pages invalid: 0. Assuming 1 page.
05-25 01:37:52.758   803  1700 D AccessibilityManagerService: .getAccessibilityShortcutTargets {shortcutType=32, userId=0}
05-25 01:37:52.768  1230  1230 D SsBaseTemplateCard: Passed-in item info is null
05-25 01:37:52.768  1230  1230 D SsBaseTemplateCard: Passed-in item info is null
05-25 01:37:52.768  1230  1230 D SsBaseTemplateCard: Passed-in item info is null
05-25 01:37:52.768  1230  1230 D SsBaseTemplateCard: Passed-in item info is null
05-25 01:37:52.768  1230  1230 I SsBaseTemplateCard: Secondary card pane is null
05-25 01:37:52.784  1230  1230 D SsBaseTemplateCard: Passed-in item info is null
05-25 01:37:52.784  1230  1230 D SsBaseTemplateCard: Passed-in item info is null
05-25 01:37:52.784  1230  1230 D SsBaseTemplateCard: Passed-in item info is null
05-25 01:37:52.784  1230  1230 D SsBaseTemplateCard: Passed-in item info is null
05-25 01:37:52.784  1230  1230 I SsBaseTemplateCard: Secondary card pane is null
05-25 01:37:52.813   803   950 I HalDevMgr: bestIfaceCreationProposal is null, requestIface=STA, existingIface=[name=wlan0 type=STA]
05-25 01:37:52.855   803  2850 I ActivityManager: Force stopping com.wgtr.app.debug appid=10367 user=0: clear data
05-25 01:37:52.855   803  2850 E TransitionChain: Can't collect into a chain with no transition
05-25 01:37:52.855   803  2850 E TransitionChain: Can't collect into a chain with no transition
05-25 01:37:52.856   803   869 E AppOps  : package pm not found, can't check for attributionTag null
05-25 01:37:52.856   803   869 E AppOps  : Bad call made by uid 1000. Package "pm" does not belong to uid 1000.
05-25 01:37:52.856   803   869 E AppOps  : Cannot noteOperation: non-application UID 1000
05-25 01:37:52.856  1230  1230 D b/417220811: invalidateLoadedTasks - previous requestLoadId: -1
05-25 01:37:52.856   803   869 I ActivityManager: Force stopping com.wgtr.app.debug appid=10367 user=0: clearApplicationUserData
05-25 01:37:52.858   803   803 D PermissionMonitor: setLocalNetworkPermissions in onPermissionsChanged took 27 microseconds.
05-25 01:37:52.862   306   318 I keystore2: system/security/keystore2/src/maintenance.rs:615 - clearNamespace(r#APP, nspace=10367)
05-25 01:37:52.864   803   869 I AppsFilter: interaction: PackageSetting{78d50b2 com.android.microdroid.empty_payload/10199} -> PackageSetting{16b8e7e com.wgtr.app.debug/10367} BLOCKED
05-25 01:37:52.864   803   869 I AppsFilter: interaction: PackageSetting{4014380 com.tiarnanlarkin.road.cab_classroom/10366} -> PackageSetting{16b8e7e com.wgtr.app.debug/10367} BLOCKED
05-25 01:37:52.864   803   869 I AppsFilter: interaction: PackageSetting{90c3038 com.tiarnanlarkin.danio/10371} -> PackageSetting{16b8e7e com.wgtr.app.debug/10367} BLOCKED
05-25 01:37:52.864   803   869 I AppsFilter: interaction: PackageSetting{78d50b2 com.android.microdroid.empty_payload/10199} -> PackageSetting{16b8e7e com.wgtr.app.debug/10367} BLOCKED
05-25 01:37:52.864   803   869 I AppsFilter: interaction: PackageSetting{4014380 com.tiarnanlarkin.road.cab_classroom/10366} -> PackageSetting{16b8e7e com.wgtr.app.debug/10367} BLOCKED
05-25 01:37:52.864   803   869 I AppsFilter: interaction: PackageSetting{90c3038 com.tiarnanlarkin.danio/10371} -> PackageSetting{16b8e7e com.wgtr.app.debug/10367} BLOCKED
05-25 01:37:52.864   708   708 D installd: Device /data has 430735360 free; requested 622811544; needed 192076184
05-25 01:37:52.864   708   708 W installd: Failed to find storage mount for /data/media
05-25 01:37:52.866   803   803 I AppSearchManagerService: Handling android.intent.action.PACKAGE_DATA_CLEARED broadcast on package: com.wgtr.app.debug
05-25 01:37:52.866   803  1012 D ShortcutService: received package broadcast intent: Intent { act=android.intent.action.PACKAGE_DATA_CLEARED dat=package: flg=0x5000010 (has extras) }
05-25 01:37:52.866   803  1012 D ShortcutService: clearing data for package: com.wgtr.app.debug userId=0
05-25 01:37:52.867   803   842 D ActivityManager: sync unfroze 4162 com.android.chrome for 3
05-25 01:37:52.871   803   842 D ActivityManager: sync unfroze 3928 com.android.vending:background for 3
05-25 01:37:52.873   803   842 D ActivityManager: sync unfroze 4324 com.google.android.documentsui for 3
05-25 01:37:52.875  3928  3928 I Finsky:background: [2] Memory trim requested to level 40
05-25 01:37:52.877  1211  1211 D CarrierSvcBindHelper: onHandleForceStop: [com.wgtr.app.debug]
05-25 01:37:52.877  3928  3928 I Finsky:background: [2] Memory trim requested to level 40
05-25 01:37:52.877   708   708 D installd: Active ratio 2413 isn't over quota, and defy not requested
05-25 01:37:52.878   708   708 E installd: Failed to free up 622811544 on /data; final free space 430735360: Success
05-25 01:37:52.879  1211  1211 D CarrierSvcBindHelper: No carrier app for: 0
05-25 01:37:52.880   803   974 W PackageManager: Not removing package com.google.android.trichromelibrary hosting lib com.google.android.trichromelibrary version 777816738 used by [VersionedPackage[com.android.chrome/777816738]] for user 0
05-25 01:37:52.880   708   708 D installd: Device /data has 430735360 free; requested 622811544; needed 192076184
05-25 01:37:52.881   708   708 W installd: Failed to find storage mount for /data/media
05-25 01:37:52.881   803   841 W AppSearchManagerService: Received persistToDisk call. Use AppSearchManagerService persistence schedule.
05-25 01:37:52.889   803   842 D ActivityManager: sync unfroze 3740 com.google.android.permissioncontroller for 3
05-25 01:37:52.890  1598  1598 I MediaServiceV2: Creating work for intent Intent { act=android.intent.action.PACKAGE_DATA_CLEARED dat=package: flg=0x5000010 cmp=com.google.android.providers.media.module/com.android.providers.media.MediaServiceV2 (has extras) }
05-25 01:37:52.890  1598  1598 I MediaServiceV2: Work enqueued for intent: Intent { act=android.intent.action.PACKAGE_DATA_CLEARED dat=package: flg=0x5000010 cmp=com.google.android.providers.media.module/com.android.providers.media.MediaServiceV2 (has extras) }
05-25 01:37:52.892  3740  7016 D AccessibilitySourceService: enabled a11y services count 0
05-25 01:37:52.893  3740  7016 D AccessibilitySourceService: a11y source sending 0 issue to sc
05-25 01:37:52.893   803  2850 D SafetySourceDataValidat: No cert check requested for package com.google.android.permissioncontroller
05-25 01:37:52.902  4006  8427 I AppBackupStateCleanupIO: Backup state cleanup on uninstall is disabled. [CONTEXT service_id=229 ]
05-25 01:37:52.902  4006  8428 I Blockstore: [PackageIntentOperation] Checking IS_RESTORE extra. [CONTEXT service_id=258 ]
05-25 01:37:52.902  1351  8424 I Fitness : (REDACTED) FitCleanupIntentOperation received Intent %s
05-25 01:37:52.903   803  1131 D SafetySourceDataValidat: No cert check requested for package com.google.android.permissioncontroller
05-25 01:37:52.906  4006  8430 I NearbyDiscovery: (REDACTED) processGrantSlicePermission: %s
05-25 01:37:52.908  1598  1853 W JobInfo : Requested important-while-foreground flag for job1386 is ignored and takes no effect
05-25 01:37:52.908  1598  1853 D WM-SystemJobScheduler: Scheduling work ID ec06ee3d-e862-4de5-b4a3-bbb75f226e07Job ID 1386
05-25 01:37:52.911  3928  3977 I Finsky:background: [65] RECEIVER_ENGAGE_PACKAGE_CHANGED#logWorkEndAndFinishGoAsync: SUCCESS
05-25 01:37:52.916  1598  1853 D WM-GreedyScheduler: Ignoring {WorkSpec: df7b5f30-38bc-43fd-b2fd-7ca8c75c6cf6}. Requires device idle.
05-25 01:37:52.917  1598  1853 D WM-GreedyScheduler: Ignoring {WorkSpec: e779c9d4-75bc-4be4-9038-16bd3c81fd12}. Requires device idle.
05-25 01:37:52.917  1598  1853 D WM-GreedyScheduler: Ignoring {WorkSpec: ee731057-646a-41ed-8fcd-63fe661e76ff}. Requires device idle.
05-25 01:37:52.917  1598  1853 D WM-GreedyScheduler: Ignoring {WorkSpec: 9da99e8d-0887-4d0d-a49f-9367c4326810}. Requires device idle.
05-25 01:37:52.917  1598  1853 D WM-GreedyScheduler: Starting work for ec06ee3d-e862-4de5-b4a3-bbb75f226e07
05-25 01:37:52.917  1598  1598 D WM-SystemJobService: onStartJob for WorkGenerationalId(workSpecId=ec06ee3d-e862-4de5-b4a3-bbb75f226e07, generation=0)
05-25 01:37:52.918  1598  1853 D WM-Processor: Processor: processing WorkGenerationalId(workSpecId=ec06ee3d-e862-4de5-b4a3-bbb75f226e07, generation=0)
05-25 01:37:52.919  1598  1853 D WM-Processor: Work WorkGenerationalId(workSpecId=ec06ee3d-e862-4de5-b4a3-bbb75f226e07, generation=0) is already enqueued for processing
05-25 01:37:52.920  3740  3740 D PersistedStoragePackageUninstalledReceiver: Received android.intent.action.PACKAGE_DATA_CLEARED for com.wgtr.app.debug for u0
05-25 01:37:52.921  1598  1598 D WM-WorkerWrapper: Starting work for com.android.providers.media.MediaServiceV2
05-25 01:37:52.922  1598  8433 I MediaServiceV2: Work initiated for action [ android.intent.action.PACKAGE_DATA_CLEARED ]
05-25 01:37:52.922  1598  8433 D MediaProvider: Deleted 0 Android/media items belonging to com.wgtr.app.debug on /data/user/0/com.google.android.providers.media.module/databases/external.db
05-25 01:37:52.922  1598  8433 I FuseDaemon: Successfully deleted rows in leveldb for owner_id:  and ownerPackageIdentifier: com.wgtr.app.debug::0
05-25 01:37:52.923  1598  8433 D MediaGrants: Removed 0 media_grants for 0 user for [com.wgtr.app.debug, com.wgtr.app.debug]. Reason: Package orphaned
05-25 01:37:52.923  1598  8433 I MediaServiceV2: Work ended for action [ android.intent.action.PACKAGE_DATA_CLEARED ]
05-25 01:37:52.924  1598  1807 I WM-WorkerWrapper: Worker result SUCCESS for Work [ id=ec06ee3d-e862-4de5-b4a3-bbb75f226e07, tags={ com.android.providers.media.MediaServiceV2 } ]
05-25 01:37:52.925  1598  1598 D WM-Processor: Processor ec06ee3d-e862-4de5-b4a3-bbb75f226e07 executed; reschedule = false
05-25 01:37:52.925  1598  1598 D WM-SystemJobService: ec06ee3d-e862-4de5-b4a3-bbb75f226e07 executed on JobScheduler
05-25 01:37:52.927  4006  5081 I Icing   : doRemovePackageData com.wgtr.app.debug
05-25 01:37:52.928  1598  1807 D WM-GreedyScheduler: Cancelling work ID ec06ee3d-e862-4de5-b4a3-bbb75f226e07
05-25 01:37:52.928  1598  1807 D WM-GreedyScheduler: Ignoring {WorkSpec: df7b5f30-38bc-43fd-b2fd-7ca8c75c6cf6}. Requires device idle.
05-25 01:37:52.928  1598  1807 D WM-GreedyScheduler: Ignoring {WorkSpec: e779c9d4-75bc-4be4-9038-16bd3c81fd12}. Requires device idle.
05-25 01:37:52.928  1598  1807 D WM-GreedyScheduler: Ignoring {WorkSpec: ee731057-646a-41ed-8fcd-63fe661e76ff}. Requires device idle.
05-25 01:37:52.928  1598  1807 D WM-GreedyScheduler: Ignoring {WorkSpec: 9da99e8d-0887-4d0d-a49f-9367c4326810}. Requires device idle.
05-25 01:37:52.932  3928  3928 I Finsky:background: [2] Memory trim requested to level 40
05-25 01:37:52.952  8435  8435 W libbinder.BackendUnifiedServiceManager: Thread Pool max thread count is 0. Cannot cache binder as linkToDeath cannot be implemented. serviceName: package
05-25 01:37:52.958  1230  1230 D b/417220811: invalidateLoadedTasks - previous requestLoadId: -1
05-25 01:37:52.966   708   708 W installd: Failed to resolve inode 41038; using /data/user_de/0/com.wgtr.app.debug/cache
05-25 01:37:52.966   708   708 W installd: Failed to resolve inode 41035; using /data/user_de/0/com.wgtr.app.debug/code_cache
05-25 01:37:52.966   708   708 E installd: Failed to free up 622811544 on /data; final free space 430735360: Success
05-25 01:37:52.968  1598  1888 I ExternalStorageServiceImpl: Free cache requested for 192072088 bytes
05-25 01:37:52.971  1598  1888 I ExternalStorageServiceImpl: Free cache requested for 192072088 bytes
05-25 01:37:52.972   803   974 W DeviceStorageMonitorService: java.io.IOException: Failed to free 622811544 on storage device at /data
05-25 01:37:52.972   803   974 W DeviceStorageMonitorService: 	at com.android.server.pm.FreeStorageHelper.freeStorage(FreeStorageHelper.java:182)
05-25 01:37:52.972   803   974 W DeviceStorageMonitorService: 	at com.android.server.pm.PackageManagerService.freeStorage(PackageManagerService.java:2949)
05-25 01:37:52.972   803   974 W DeviceStorageMonitorService: 	at com.android.server.pm.PackageManagerInternalBase.freeStorage(PackageManagerInternalBase.java:580)
05-25 01:37:52.972   803   974 W DeviceStorageMonitorService: 	at com.android.server.storage.DeviceStorageMonitorService.checkLow(DeviceStorageMonitorService.java:194)
05-25 01:37:52.972   803   974 W DeviceStorageMonitorService: 	at com.android.server.storage.DeviceStorageMonitorService.-$$Nest$mcheckLow(DeviceStorageMonitorService.java:0)
05-25 01:37:52.972   803   974 W DeviceStorageMonitorService: 	at com.android.server.storage.DeviceStorageMonitorService$1.handleMessage(DeviceStorageMonitorService.java:297)
05-25 01:37:52.972   803   974 W DeviceStorageMonitorService: 	at android.os.Handler.dispatchMessage(Handler.java:132)
05-25 01:37:52.972   803   974 W DeviceStorageMonitorService: 	at android.os.Looper.dispatchMessage(Looper.java:333)
05-25 01:37:52.972   803   974 W DeviceStorageMonitorService: 	at android.os.Looper.loopOnce(Looper.java:263)
05-25 01:37:52.972   803   974 W DeviceStorageMonitorService: 	at android.os.Looper.loop(Looper.java:367)
05-25 01:37:52.972   803   974 W DeviceStorageMonitorService: 	at android.os.HandlerThread.run(HandlerThread.java:139)
05-25 01:37:52.995  2825  2838 I artd    : GetBestInfo: odex next to the dex file (/data/app/~~sQa6eE2vrkpu8H1Zj7JQAQ==/com.google.android.gms-EnRzgf8Wnp-H-bcGaypVSg==/oat/x86_64/base.odex) is kOatUpToDate with filter 'speed-profile' executable 'false'
05-25 01:37:52.998  2825  2838 I artd    : GetBestInfo: odex next to the dex file (/data/app/~~sQa6eE2vrkpu8H1Zj7JQAQ==/com.google.android.gms-EnRzgf8Wnp-H-bcGaypVSg==/oat/x86_64/split_AdsDynamite_installtime.odex) is kOatUpToDate with filter 'speed' executable 'false'
05-25 01:37:52.999  2825  2838 I artd    : GetBestInfo: odex next to the dex file (/data/app/~~sQa6eE2vrkpu8H1Zj7JQAQ==/com.google.android.gms-EnRzgf8Wnp-H-bcGaypVSg==/oat/x86_64/split_CronetDynamite_installtime.odex) is kOatUpToDate with filter 'speed' executable 'false'
05-25 01:37:53.001  2825  2838 I artd    : GetBestInfo: odex next to the dex file (/data/app/~~sQa6eE2vrkpu8H1Zj7JQAQ==/com.google.android.gms-EnRzgf8Wnp-H-bcGaypVSg==/oat/x86_64/split_DynamiteLoader_installtime.odex) is kOatUpToDate with filter 'speed' executable 'false'
05-25 01:37:53.003  2825  2838 I artd    : GetBestInfo: odex next to the dex file (/data/app/~~sQa6eE2vrkpu8H1Zj7JQAQ==/com.google.android.gms-EnRzgf8Wnp-H-bcGaypVSg==/oat/x86_64/split_DynamiteModulesA_installtime.odex) is kOatUpToDate with filter 'speed' executable 'false'
05-25 01:37:53.005  2825  2838 I artd    : GetBestInfo: odex next to the dex file (/data/app/~~sQa6eE2vrkpu8H1Zj7JQAQ==/com.google.android.gms-EnRzgf8Wnp-H-bcGaypVSg==/oat/x86_64/split_DynamiteModulesC_installtime.odex) is kOatUpToDate with filter 'speed' executable 'false'
05-25 01:37:53.007  2825  2838 I artd    : GetBestInfo: odex next to the dex file (/data/app/~~sQa6eE2vrkpu8H1Zj7JQAQ==/com.google.android.gms-EnRzgf8Wnp-H-bcGaypVSg==/oat/x86_64/split_GoogleCertificates_installtime.odex) is kOatUpToDate with filter 'speed' executable 'false'
05-25 01:37:53.010  2825  2838 I artd    : GetBestInfo: odex next to the dex file (/data/app/~~sQa6eE2vrkpu8H1Zj7JQAQ==/com.google.android.gms-EnRzgf8Wnp-H-bcGaypVSg==/oat/x86_64/split_MapsDynamite_installtime.odex) is kOatUpToDate with filter 'speed' executable 'false'
05-25 01:37:53.013  2825  2838 I artd    : GetBestInfo: odex next to the dex file (/data/app/~~sQa6eE2vrkpu8H1Zj7JQAQ==/com.google.android.gms-EnRzgf8Wnp-H-bcGaypVSg==/oat/x86_64/split_MeasurementDynamite_installtime.odex) is kOatUpToDate with filter 'speed' executable 'false'
05-25 01:37:53.014  2825  2838 I artd    : GetBestInfo: odex next to the dex file (/data/app/~~sQa6eE2vrkpu8H1Zj7JQAQ==/com.google.android.gms-EnRzgf8Wnp-H-bcGaypVSg==/oat/x86_64/split_all_locale_splits.odex) is kOatUpToDate with filter 'speed' executable 'false'
05-25 01:37:53.015  2825  2838 I artd    : GetBestInfo: /data/user_de/0/com.google.android.gms/app_chimera/m/00000001/CronetDynamite.apk has no usable artifacts
05-25 01:37:53.016  2825  2838 I artd    : GetBestInfo: vdex next to the dex file (/data/user/0/com.google.android.gms/app_dg_cache/3C458487C11623D174A33292B914D98AB3A4651D/oat/x86_64/the.vdex) is kOatUpToDate with filter 'verify' executable 'false'
05-25 01:37:53.016  2825  2838 I artd    : GetBestInfo: /data/user_de/0/com.google.android.gms/app_chimera/m/0000000f/dl-IdentityCredentialsPlacebo.optional_261631100800.apk has no usable artifacts
05-25 01:37:53.017  2825  2838 I artd    : GetBestInfo: /data/user_de/0/com.google.android.gms/app_chimera/m/0000000b/dl-MlkitOcrCommon.optional_261631100800.apk has no usable artifacts
05-25 01:37:53.017  2825  2838 I artd    : GetBestInfo: /data/user_de/0/com.google.android.gms/app_chimera/m/00000002/DynamiteLoader.apk has no usable artifacts
05-25 01:37:53.018  2825  2838 I artd    : GetBestInfo: /data/user_de/0/com.google.android.gms/app_chimera/m/00000005/GoogleCertificates.apk has no usable artifacts
05-25 01:37:53.018  2825  2838 I artd    : GetBestInfo: /data/user_de/0/com.google.android.gms/app_chimera/m/00000010/dl-IdentityCredentialsPlatform.optional_261631100800.apk has no usable artifacts
05-25 01:37:53.019  2825  2838 I artd    : GetBestInfo: /data/user_de/0/com.google.android.gms/app_chimera/m/0000000a/dl-MlkitBarcodeUi.optional_261631100800.apk has no usable artifacts
05-25 01:37:53.020  2825  2838 I artd    : GetBestInfo: /data/user_de/0/com.google.android.gms/app_chimera/m/00000008/dl-TfliteDynamiteDynamite.integ_252130102100800.apk has no usable artifacts
05-25 01:37:53.021  2825  2838 I artd    : GetBestInfo: /data/user_de/0/com.google.android.gms/app_chimera/m/00000019/dl-PlayCloudSearch.optional_261631100000.apk has no usable artifacts
05-25 01:37:53.022  2825  2838 I artd    : GetBestInfo: vdex next to the dex file (/data/user/0/com.google.android.gms/app_dg_cache/3C99312020F0F0D70782F583B896FDDF9030AAF4/oat/x86_64/the.vdex) is kOatUpToDate with filter 'verify' executable 'false'
05-25 01:37:53.023  2825  2838 I artd    : GetBestInfo: /data/user_de/0/com.google.android.gms/app_chimera/m/0000000e/dl-Appsearch.optional_261631100800.apk has no usable artifacts
05-25 01:37:53.024  2825  2838 I artd    : GetBestInfo: /data/user_de/0/com.google.android.gms/app_chimera/m/00000009/dl-VisionOcr.optional_261631100000.apk has no usable artifacts
05-25 01:37:53.025  2825  2838 I artd    : GetBestInfo: vdex next to the dex file (/data/user/0/com.google.android.gms/app_dg_cache/BF4FB787570FCDA4B6C94221003046B6FDF77C85/oat/x86_64/the.vdex) is kOatUpToDate with filter 'verify' executable 'false'
05-25 01:37:53.026  2825  2838 I artd    : GetBestInfo: vdex next to the dex file (/data/user/0/com.google.android.gms/app_dg_cache/BBB8ADBA11F43674FC873CF50B06D4CFE87E958C/oat/x86_64/the.vdex) is kOatUpToDate with filter 'verify' executable 'false'
05-25 01:37:53.026  2825  2838 W artd    : Could not get dex checksums for location /data/app/~~NxOwdyHZdYUXkufdiomtXQ==/com.android.vending-NyaZ45rUyHc5PC3nqWK3Fw==/base.apk, fd=-1
05-25 01:37:53.070  8441  8441 W libprocessgroup: A JoinCgroup action in the SystemMemoryProcess profile is used for controller memory in the cgroup v2 hierarchy and will be ignored
05-25 01:37:53.070  8441  8441 W libprocessgroup: SetCgroup::ExecuteForTask: failed to open /dev/cpuctl/top-app/tasks: Permission denied
05-25 01:37:53.070  8441  8441 W libprocessgroup: SetCgroup::ExecuteForTask: failed to open /dev/blkio/tasks: Permission denied
05-25 01:37:53.070  8441  8441 E libprocessgroup: set_timerslack_ns write failed: Operation not permitted
05-25 01:37:53.108   803   841 W libbinder.IPCThreadState: Sending oneway calls to frozen process.
05-25 01:37:53.115  1059  1135 E FrameTracker: force finish cuj, time out: J<SPLASHSCREEN_EXIT_ANIM>
05-25 01:37:53.116  8440  8440 D AndroidRuntime: >>>>>> START com.android.internal.os.RuntimeInit uid 2000 <<<<<<
05-25 01:37:53.119  8440  8440 I AndroidRuntime: Using default boot image
05-25 01:37:53.119  8440  8440 I AndroidRuntime: Leaving lock profiling enabled
05-25 01:37:53.121  8440  8440 I app_process: Using CollectorTypeCMC GC.
05-25 01:37:53.169  8440  8440 D nativeloader: InitDefaultPublicLibraries for_preload=1: libandroid.so:libaaudio.so:libamidi.so:libbinder_ndk.so:libc.so:libcamera2ndk.so:libdl.so:libEGL.so:libGLESv1_CM.so:libGLESv2.so:libGLESv3.so:libicu.so:libicui18n.so:libicuuc.so:libjnigraphics.so:liblog.so:libmediandk.so:libm.so:libnativehelper.so:libnativewindow.so:libOpenMAXAL.so:libOpenSLES.so:libRS.so:libstdc++.so:libsync.so:libvulkan.so:libwebviewchromium_plat_support.so:libz.so
05-25 01:37:53.175  8440  8440 D nativeloader: Load libicu_jni.so using APEX ns com_android_art for caller /apex/com.android.art/javalib/core-oj.jar: ok
05-25 01:37:53.176  8440  8440 D app_process: u_setTimeZoneFilesDirectory("/apex/com.android.tzdata/etc/tz/versioned/9/icu") succeeded. 
05-25 01:37:53.176  8440  8440 D app_process: I18n APEX ICU file found: /apex/com.android.i18n/etc/icu/icudt76l.dat
05-25 01:37:53.176  8440  8440 D nativeloader: Load libjavacore.so using APEX ns com_android_art for caller /apex/com.android.art/javalib/core-oj.jar: ok
05-25 01:37:53.177  8440  8440 D nativeloader: Load libopenjdk.so using APEX ns com_android_art for caller /apex/com.android.art/javalib/core-oj.jar: ok
05-25 01:37:53.177  8440  8440 I app_process: Priority-to-niceness mapping: 19, 16, 13, 10, 0, -2, -4, -5, -6, -8
05-25 01:37:53.177  8440  8440 W app_process: Unexpected CPU variant for x86: x86_64.
05-25 01:37:53.177  8440  8440 W app_process: Known variants: atom, sandybridge, silvermont, goldmont, goldmont-plus, goldmont-without-sha-xsaves, tremont, kabylake, alderlake, default
05-25 01:37:53.190  8440  8440 D nativeloader: Load libframework-connectivity-tiramisu-jni.so using APEX ns com_android_tethering for caller /apex/com.android.tethering/javalib/framework-connectivity-t.jar: ok
05-25 01:37:53.190  8440  8440 D AndroidRuntime: Calling main entry com.android.commands.am.Am
05-25 01:37:53.192  8440  8440 I AconfigPackage: android.media.swcodec.flags is mapped to com.android.media.swcodec
05-25 01:37:53.192  8440  8440 I AconfigPackage: com.android.permission.flags is mapped to com.android.permission
05-25 01:37:53.192  8440  8440 I AconfigPackage: com.android.permissioncontroller.flags is mapped to com.android.permission
05-25 01:37:53.192  8440  8440 I AconfigPackage: com.android.icu is mapped to com.android.i18n
