05-25 04:13:32.274 D/nativeloader(16994): InitDefaultPublicLibraries for_preload=1: libandroid.so:libaaudio.so:libamidi.so:libbinder_ndk.so:libc.so:libcamera2ndk.so:libdl.so:libEGL.so:libGLESv1_CM.so:libGLESv2.so:libGLESv3.so:libicu.so:libicui18n.so:libicuuc.so:libjnigraphics.so:liblog.so:libmediandk.so:libm.so:libnativehelper.so:libnativewindow.so:libOpenMAXAL.so:libOpenSLES.so:libRS.so:libstdc++.so:libsync.so:libvulkan.so:libwebviewchromium_plat_support.so:libz.so
05-25 04:13:32.284 D/nativeloader(16994): Load libicu_jni.so using APEX ns com_android_art for caller /apex/com.android.art/javalib/core-oj.jar: ok
05-25 04:13:32.284 D/app_process(16994): u_setTimeZoneFilesDirectory("/apex/com.android.tzdata/etc/tz/versioned/9/icu") succeeded. 
05-25 04:13:32.284 D/app_process(16994): I18n APEX ICU file found: /apex/com.android.i18n/etc/icu/icudt76l.dat
05-25 04:13:32.285 D/nativeloader(16994): Load libjavacore.so using APEX ns com_android_art for caller /apex/com.android.art/javalib/core-oj.jar: ok
05-25 04:13:32.286 D/nativeloader(16994): Load libopenjdk.so using APEX ns com_android_art for caller /apex/com.android.art/javalib/core-oj.jar: ok
05-25 04:13:32.287 I/app_process(16994): Priority-to-niceness mapping: 19, 16, 13, 10, 0, -2, -4, -5, -6, -8
05-25 04:13:32.287 W/app_process(16994): Unexpected CPU variant for x86: x86_64.
05-25 04:13:32.287 W/app_process(16994): Known variants: atom, sandybridge, silvermont, goldmont, goldmont-plus, goldmont-without-sha-xsaves, tremont, kabylake, alderlake, default
05-25 04:13:32.289 W/app_process(16994): ClassLoaderContext shared library size mismatch. Expected=2, found=0 (PCL[]{PCL[/system/framework/android.test.base.jar*1653369819]#PCL[/system/framework/android.test.mock.jar*1009639922]} | PCL[])
05-25 04:13:32.290 W/app_process(16994): ClassLoaderContext classpath size mismatch. expected=0, found=1 (PCL[]{PCL[/system/framework/android.test.runner.jar*3954641918]{PCL[/system/framework/android.test.base.jar*1653369819]#PCL[/system/framework/android.test.mock.jar*1009639922]}#PCL[/system/framework/android.test.base.jar*1653369819]} | PCL[/system/framework/android.test.runner.jar*3954641918])
05-25 04:13:32.314 D/nativeloader(16994): Load libframework-connectivity-tiramisu-jni.so using APEX ns com_android_tethering for caller /apex/com.android.tethering/javalib/framework-connectivity-t.jar: ok
05-25 04:13:32.314 D/AndroidRuntime(16994): Calling main entry com.android.commands.uiautomator.Launcher
05-25 04:13:32.320 I/AconfigPackage(16994): android.media.swcodec.flags is mapped to com.android.media.swcodec
05-25 04:13:32.320 I/AconfigPackage(16994): com.android.permission.flags is mapped to com.android.permission
05-25 04:13:32.320 I/AconfigPackage(16994): com.android.permissioncontroller.flags is mapped to com.android.permission
05-25 04:13:32.320 I/AconfigPackage(16994): com.android.icu is mapped to com.android.i18n
05-25 04:13:32.320 I/AconfigPackage(16994): com.android.appsearch.flags is mapped to com.android.appsearch
05-25 04:13:32.320 I/AconfigPackage(16994): android.uprobestats.mainline.flags is mapped to com.android.uprobestats
05-25 04:13:32.321 I/AconfigPackage(16994): com.android.crashrecovery.flags is mapped to com.android.crashrecovery
05-25 04:13:32.321 I/AconfigPackage(16994): android.provider.flags is mapped to com.android.configinfrastructure
05-25 04:13:32.321 I/AconfigPackage(16994): com.android.server.deviceconfig is mapped to com.android.configinfrastructure
05-25 04:13:32.321 I/AconfigPackage(16994): com.android.compos.flags is mapped to com.android.compos
05-25 04:13:32.321 I/AconfigPackage(16994): com.android.art.flags is mapped to com.android.art
05-25 04:13:32.321 I/AconfigPackage(16994): com.android.art.rw.flags is mapped to com.android.art
05-25 04:13:32.321 I/AconfigPackage(16994): com.android.libcore is mapped to com.android.art
05-25 04:13:32.321 I/AconfigPackage(16994): com.android.telephony.flags is mapped to com.android.telephonycore
05-25 04:13:32.321 I/AconfigPackage(16994): com.android.media.extractor.flags is mapped to com.android.media
05-25 04:13:32.321 I/AconfigPackage(16994): com.android.media.mainline.flags is mapped to com.android.media
05-25 04:13:32.321 I/AconfigPackage(16994): com.android.wifi.flags is mapped to com.android.wifi
05-25 04:13:32.321 I/AconfigPackage(16994): com.android.org.conscrypt.flags is mapped to com.android.conscrypt
05-25 04:13:32.321 I/AconfigPackage(16994): com.android.org.conscrypt.net.flags is mapped to com.android.conscrypt
05-25 04:13:32.321 I/AconfigPackage(16994): com.android.healthfitness.flags is mapped to com.android.healthfitness
05-25 04:13:32.321 I/AconfigPackage(16994): com.android.ipsec.flags is mapped to com.android.ipsec
05-25 04:13:32.321 I/AconfigPackage(16994): com.android.nfc.module.flags is mapped to com.android.nfcservices
05-25 04:13:32.321 I/AconfigPackage(16994): com.android.adservices.ondevicepersonalization.flags is mapped to com.android.ondevicepersonalization
05-25 04:13:32.321 I/AconfigPackage(16994): com.android.adbd.flags is mapped to com.android.adbd
05-25 04:13:32.321 I/AconfigPackage(16994): com.android.bluetooth.flags is mapped to com.android.bt
05-25 04:13:32.321 I/AconfigPackage(16994): com.android.devicelock.flags is mapped to com.android.devicelock
05-25 04:13:32.321 I/AconfigPackage(16994): android.os.profiling is mapped to com.android.profiling
05-25 04:13:32.321 I/AconfigPackage(16994): android.os.profiling.anomaly.flags is mapped to com.android.profiling
05-25 04:13:32.322 I/AconfigPackage(16994): com.android.os.statsd.flags is mapped to com.android.os.statsd
05-25 04:13:32.322 I/AconfigPackage(16994): com.android.rkpd.flags is mapped to com.android.rkpd
05-25 04:13:32.322 I/AconfigPackage(16994): com.android.cellbroadcastreceiver.flags is mapped to com.android.cellbroadcast
05-25 04:13:32.322 I/AconfigPackage(16994): com.android.adservices.flags is mapped to com.android.adservices
05-25 04:13:32.322 I/AconfigPackage(16994): com.android.sdksandbox.flags is mapped to com.android.adservices
05-25 04:13:32.322 I/AconfigPackage(16994): com.android.uwb.flags is mapped to com.android.uwb
05-25 04:13:32.322 I/AconfigPackage(16994): com.android.ranging.flags is mapped to com.android.uwb
05-25 04:13:32.322 I/AconfigPackage(16994): android.graphics.pdf.flags is mapped to com.android.mediaprovider
05-25 04:13:32.322 I/AconfigPackage(16994): com.android.providers.media.flags is mapped to com.android.mediaprovider
05-25 04:13:32.322 I/AconfigPackage(16994): android.graphics.pdf.flags.readonly is mapped to com.android.mediaprovider
05-25 04:13:32.322 I/AconfigPackage(16994): com.android.tethering.mainline.beta is mapped to com.android.tethering
05-25 04:13:32.322 I/AconfigPackage(16994): android.net.http is mapped to com.android.tethering
05-25 04:13:32.322 I/AconfigPackage(16994): com.android.tethering.readonly.flags is mapped to com.android.tethering
05-25 04:13:32.322 I/AconfigPackage(16994): android.net.vcn is mapped to com.android.tethering
05-25 04:13:32.322 I/AconfigPackage(16994): com.android.net.flags is mapped to com.android.tethering
05-25 04:13:32.322 I/AconfigPackage(16994): com.android.tethering.beta.test is mapped to com.android.tethering
05-25 04:13:32.322 I/AconfigPackage(16994): com.android.nearby.flags is mapped to com.android.tethering
05-25 04:13:32.322 I/AconfigPackage(16994): com.android.net.ct.flags is mapped to com.android.tethering
05-25 04:13:32.322 I/AconfigPackage(16994): com.android.net.thread.flags is mapped to com.android.tethering
05-25 04:13:32.322 I/AconfigPackage(16994): com.android.system.virtualmachine.flags is mapped to com.android.virt
05-25 04:13:32.322 E/FeatureFlagsImplExport(16994): android.os.flagging.AconfigStorageReadException: ERROR_PACKAGE_NOT_FOUND: package android.xr cannot be found on the device
05-25 04:13:32.325 D/UiAutomationConnection(16994): Created on user UserHandle{0}
05-25 04:13:32.325 I/UiAutomation(16994): Initialized for user 0 on display 0
05-25 04:13:32.325 W/UiAutomation(16994): Created with deprecatead constructor, assumes DEFAULT_DISPLAY
05-25 04:13:32.326 D/AccessibilityManagerService(  755): changeCurrentUserForTestAutomationIfNeededLocked(0): ignoring because device doesn't support visible background users
05-25 04:13:32.326 I/UiAutomationManager(  755): Registering UiTestAutomationService (id=com.android.server.accessibility/UiAutomation, flags=0x0) when called by user 0
05-25 04:13:32.326 V/AccessibilityManagerService(  755): onUserStateChangedLocked for userId: 0, forceUpdate: false
05-25 04:13:32.327 V/AccessibilityUserState(  755): updateShortcutTargets: type:accessibility_shortcut_target_service, current:{}, new:{}
05-25 04:13:32.328 V/AccessibilityUserState(  755): updateShortcutTargets: type:accessibility_button_targets, current:{}, new:{}
05-25 04:13:32.328 V/AccessibilityUserState(  755): updateShortcutTargets: type:accessibility_gesture_targets, current:{}, new:{}
05-25 04:13:32.328 V/AccessibilityUserState(  755): updateShortcutTargets: type:accessibility_qs_targets, current:{}, new:{}
05-25 04:13:32.328 V/AccessibilityUserState(  755): updateShortcutTargets: type:accessibility_key_gesture_targets, current:{}, new:{}
05-25 04:13:32.328 W/MagnificationConnectionManager(  755): requestConnection duplicated request: connect=false, mConnectionState=DISCONNECTED
05-25 04:13:32.331 I/AiAiEcho( 1546): Settings changed for uri: content://settings/secure/accessibility_enabled
05-25 04:13:32.332 W/libbinder.IPCThreadState(  755): Sending oneway calls to frozen process.
05-25 04:13:32.332 I/AiAiEcho( 1546): Predicting[0]:  [CONTEXT sampling_count=5 ]
05-25 04:13:32.332 I/AiAiEcho( 1546): EchoTargets: 
05-25 04:13:32.332 I/AiAiEcho( 1546): Filtered by AiAi flag check: 
05-25 04:13:32.332 I/AiAiEcho( 1546): [CONTEXT ratelimit_period="10 SECONDS" ]
05-25 04:13:32.332 I/AiAiEcho( 1546): #remoteViewsTwiddler: feature disabled.
05-25 04:13:32.332 W/libbinder.IPCThreadState(  755): Sending oneway calls to frozen process.
05-25 04:13:32.332 I/AiAiEcho( 1546): Predicting[0]:  [CONTEXT sampling_count=5 ]
05-25 04:13:32.333 I/AiAiEcho( 1546): EchoTargets: 
05-25 04:13:32.333 I/AiAiEcho( 1546): Filtered by AiAi flag check: 
05-25 04:13:32.333 I/AiAiEcho( 1546): [CONTEXT ratelimit_period="10 SECONDS" ]
05-25 04:13:32.333 I/AiAiEcho( 1546): #remoteViewsTwiddler: feature disabled.
05-25 04:13:32.335 W/libbinder.IPCThreadState(  755): Sending oneway calls to frozen process.
05-25 04:13:32.335 W/libbinder.IPCThreadState(  755): Sending oneway calls to frozen process.
05-25 04:13:32.336 I/AiAiEcho( 1546): #postPredictionTargets: Sending updates to UISurface lockscreen with targets# 0 (types=[])
05-25 04:13:32.337 W/libbinder.IPCThreadState(  755): Sending oneway calls to frozen process.
05-25 04:13:32.337 I/AiAiEcho( 1546): #postPredictionTargets: Sending updates to UISurface home with targets# 0 (types=[])
05-25 04:13:32.337 W/SsPagerDots( 1012): Total number of pages invalid: 0. Assuming 1 page.
05-25 04:13:32.337 W/libbinder.IPCThreadState(  755): Sending oneway calls to frozen process.
05-25 04:13:32.337 W/libbinder.IPCThreadState(  755): Sending oneway calls to frozen process.
05-25 04:13:32.337 W/libbinder.IPCThreadState(  755): Sending oneway calls to frozen process.
05-25 04:13:32.338 W/libbinder.IPCThreadState(  755): Sending oneway calls to frozen process.
05-25 04:13:32.338 W/libbinder.IPCThreadState(  755): Sending oneway calls to frozen process.
05-25 04:13:32.338 W/libbinder.IPCThreadState(  755): Sending oneway calls to frozen process.
05-25 04:13:32.338 W/libbinder.IPCThreadState(  755): Sending oneway calls to frozen process.
05-25 04:13:32.338 V/AccessibilityManagerService(  755): onUserStateChangedLocked for userId: 0, forceUpdate: false
05-25 04:13:32.339 W/libbinder.IPCThreadState(  755): Sending oneway calls to frozen process.
05-25 04:13:32.339 W/libbinder.IPCThreadState(  755): Sending oneway calls to frozen process.
05-25 04:13:32.339 W/libbinder.IPCThreadState(  755): Sending oneway calls to frozen process.
05-25 04:13:32.339 W/libbinder.IPCThreadState(  755): Sending oneway calls to frozen process.
05-25 04:13:32.339 W/libbinder.IPCThreadState(  755): Sending oneway calls to frozen process.
05-25 04:13:32.340 W/libbinder.IPCThreadState(  755): Sending oneway calls to frozen process.
05-25 04:13:32.340 D/BatterySaverPolicy(  755): accessibility changed to true, updating policy.
05-25 04:13:32.340 I/AiAiEcho( 1546): Settings changed for uri: content://settings/secure/accessibility_enabled
05-25 04:13:32.341 I/AiAiEcho( 1546): Predicting[0]:  [CONTEXT sampling_count=5 ]
05-25 04:13:32.341 I/AiAiEcho( 1546): EchoTargets: 
05-25 04:13:32.341 I/AiAiEcho( 1546): Filtered by AiAi flag check: 
05-25 04:13:32.341 I/AiAiEcho( 1546): [CONTEXT ratelimit_period="10 SECONDS" ]
05-25 04:13:32.341 I/AiAiEcho( 1546): #remoteViewsTwiddler: feature disabled.
05-25 04:13:32.341 V/AccessibilityUserState(  755): updateShortcutTargets: type:accessibility_shortcut_target_service, current:{}, new:{}
05-25 04:13:32.341 V/AccessibilityUserState(  755): updateShortcutTargets: type:accessibility_button_targets, current:{}, new:{}
05-25 04:13:32.341 V/AccessibilityUserState(  755): updateShortcutTargets: type:accessibility_gesture_targets, current:{}, new:{}
05-25 04:13:32.341 V/AccessibilityUserState(  755): updateShortcutTargets: type:accessibility_qs_targets, current:{}, new:{}
05-25 04:13:32.341 V/AccessibilityUserState(  755): updateShortcutTargets: type:accessibility_key_gesture_targets, current:{}, new:{}
05-25 04:13:32.341 W/MagnificationConnectionManager(  755): requestConnection duplicated request: connect=false, mConnectionState=DISCONNECTED
05-25 04:13:32.341 I/AiAiEcho( 1546): Predicting[0]:  [CONTEXT sampling_count=5 ]
05-25 04:13:32.341 I/AiAiEcho( 1546): EchoTargets: 
05-25 04:13:32.341 I/AiAiEcho( 1546): Filtered by AiAi flag check: 
05-25 04:13:32.341 I/AiAiEcho( 1546): [CONTEXT ratelimit_period="10 SECONDS" ]
05-25 04:13:32.342 I/AiAiEcho( 1546): #remoteViewsTwiddler: feature disabled.
05-25 04:13:32.342 I/AiAiEcho( 1546): #postPredictionTargets: Sending updates to UISurface lockscreen with targets# 0 (types=[])
05-25 04:13:32.343 W/libbinder.IPCThreadState(  755): Sending oneway calls to frozen process.
05-25 04:13:32.344 W/libbinder.IPCThreadState(  755): Sending oneway calls to frozen process.
05-25 04:13:32.344 W/libbinder.IPCThreadState(  755): Sending oneway calls to frozen process.
05-25 04:13:32.344 W/libbinder.IPCThreadState(  755): Sending oneway calls to frozen process.
05-25 04:13:32.344 W/libbinder.IPCThreadState(  755): Sending oneway calls to frozen process.
05-25 04:13:32.345 W/libbinder.IPCThreadState(  755): Sending oneway calls to frozen process.
05-25 04:13:32.345 W/libbinder.IPCThreadState(  755): Sending oneway calls to frozen process.
05-25 04:13:32.345 W/libbinder.IPCThreadState(  755): Sending oneway calls to frozen process.
05-25 04:13:32.345 W/libbinder.IPCThreadState(  755): Sending oneway calls to frozen process.
05-25 04:13:32.345 W/libbinder.IPCThreadState(  755): Sending oneway calls to frozen process.
05-25 04:13:32.345 W/libbinder.IPCThreadState(  755): Sending oneway calls to frozen process.
05-25 04:13:32.345 I/AiAiEcho( 1546): #postPredictionTargets: Sending updates to UISurface home with targets# 0 (types=[])
05-25 04:13:32.345 W/libbinder.IPCThreadState(  755): Sending oneway calls to frozen process.
05-25 04:13:32.356 W/SsPagerDots( 1012): Total number of pages invalid: 0. Assuming 1 page.
05-25 04:13:32.357 D/AccessibilityManagerService(  755): .getAccessibilityShortcutTargets {shortcutType=32, userId=0}
05-25 04:13:32.524 W/AppOps  (  755): Noting op not finished: uid 10147 pkg com.google.android.gms code 113 startTime of in progress event=1779670820651
05-25 04:13:32.528 W/AppOps  (  755): Noting op not finished: uid 10147 pkg com.google.android.gms code 79 startTime of in progress event=1779670833327
05-25 04:13:32.548 I/ActivityScheduler( 1334): nextTriggerTime: 8253153, in 238100ms, detectorType: 39, FULL_TYPE alarmWindowMillis: 80000
05-25 04:13:33.306 I/HalDevMgr(  755): bestIfaceCreationProposal is null, requestIface=STA, existingIface=[name=wlan0 type=STA]
05-25 04:13:33.376 W/AccessibilityNodeInfoDumper(16994): Fetch time: 3ms
05-25 04:13:33.378 V/AccessibilityManagerService(  755): onUserStateChangedLocked for userId: 0, forceUpdate: false
05-25 04:13:33.378 V/AccessibilityUserState(  755): updateShortcutTargets: type:accessibility_shortcut_target_service, current:{}, new:{}
05-25 04:13:33.379 V/AccessibilityUserState(  755): updateShortcutTargets: type:accessibility_button_targets, current:{}, new:{}
05-25 04:13:33.379 V/AccessibilityUserState(  755): updateShortcutTargets: type:accessibility_gesture_targets, current:{}, new:{}
05-25 04:13:33.379 V/AccessibilityUserState(  755): updateShortcutTargets: type:accessibility_qs_targets, current:{}, new:{}
05-25 04:13:33.379 V/AccessibilityUserState(  755): updateShortcutTargets: type:accessibility_key_gesture_targets, current:{}, new:{}
05-25 04:13:33.379 I/AiAiEcho( 1546): Settings changed for uri: content://settings/secure/accessibility_enabled
05-25 04:13:33.380 I/AiAiEcho( 1546): Predicting[0]:  [CONTEXT sampling_count=5 ]
05-25 04:13:33.380 I/AiAiEcho( 1546): EchoTargets: 
05-25 04:13:33.380 I/AiAiEcho( 1546): Filtered by AiAi flag check: 
05-25 04:13:33.380 I/AiAiEcho( 1546): [CONTEXT ratelimit_period="10 SECONDS" ]
05-25 04:13:33.380 W/MagnificationConnectionManager(  755): requestConnection duplicated request: connect=false, mConnectionState=DISCONNECTED
05-25 04:13:33.380 I/AiAiEcho( 1546): #remoteViewsTwiddler: feature disabled.
05-25 04:13:33.380 D/AccessibilityManagerService(  755): restoreCurrentUserForTestAutomationIfNeededLocked(): ignoring because device doesn't support visible background users
05-25 04:13:33.381 I/AiAiEcho( 1546): #postPredictionTargets: Sending updates to UISurface lockscreen with targets# 0 (types=[])
05-25 04:13:33.381 W/libbinder.IPCThreadState(  755): Sending oneway calls to frozen process.
05-25 04:13:33.381 W/SsPagerDots( 1012): Total number of pages invalid: 0. Assuming 1 page.
05-25 04:13:33.381 I/AiAiEcho( 1546): Predicting[0]:  [CONTEXT sampling_count=5 ]
05-25 04:13:33.381 I/AiAiEcho( 1546): EchoTargets: 
05-25 04:13:33.381 I/AiAiEcho( 1546): Filtered by AiAi flag check: 
05-25 04:13:33.381 I/AiAiEcho( 1546): [CONTEXT ratelimit_period="10 SECONDS" ]
05-25 04:13:33.381 W/libbinder.IPCThreadState(  755): Sending oneway calls to frozen process.
05-25 04:13:33.381 I/AiAiEcho( 1546): #remoteViewsTwiddler: feature disabled.
05-25 04:13:33.381 W/libbinder.IPCThreadState(  755): Sending oneway calls to frozen process.
05-25 04:13:33.381 W/libbinder.IPCThreadState(  755): Sending oneway calls to frozen process.
05-25 04:13:33.382 W/libbinder.IPCThreadState(  755): Sending oneway calls to frozen process.
05-25 04:13:33.382 W/libbinder.IPCThreadState(  755): Sending oneway calls to frozen process.
05-25 04:13:33.382 W/libbinder.IPCThreadState(  755): Sending oneway calls to frozen process.
05-25 04:13:33.382 W/libbinder.IPCThreadState(  755): Sending oneway calls to frozen process.
05-25 04:13:33.382 W/libbinder.IPCThreadState(  755): Sending oneway calls to frozen process.
05-25 04:13:33.382 W/libbinder.IPCThreadState(16994): call to talkWithDriver in joinThreadPool returned error: -9 (Bad file descriptor), FD: -1
05-25 04:13:33.382 W/libbinder.IPCThreadState(16994): call to talkWithDriver in joinThreadPool returned error: -9 (Bad file descriptor), FD: -1
05-25 04:13:33.382 I/AiAiEcho( 1546): #postPredictionTargets: Sending updates to UISurface home with targets# 0 (types=[])
05-25 04:13:33.383 D/AndroidRuntime(16994): Shutting down VM
05-25 04:13:33.383 W/libbinder.IPCThreadState(  755): Sending oneway calls to frozen process.
05-25 04:13:33.383 W/libbinder.IPCThreadState(  755): Sending oneway calls to frozen process.
05-25 04:13:33.383 W/libbinder.IPCThreadState(  755): Sending oneway calls to frozen process.
05-25 04:13:33.383 W/libbinder.IPCThreadState(  755): Sending oneway calls to frozen process.
05-25 04:13:33.383 W/libbinder.IPCThreadState(  755): Sending oneway calls to frozen process.
05-25 04:13:33.383 W/libbinder.IPCThreadState(  755): Sending oneway calls to frozen process.
05-25 04:13:33.383 W/libbinder.IPCThreadState(  755): Sending oneway calls to frozen process.
05-25 04:13:33.383 W/libbinder.IPCThreadState(  755): Sending oneway calls to frozen process.
05-25 04:13:33.384 W/libbinder.IPCThreadState(  755): Sending oneway calls to frozen process.
05-25 04:13:33.384 D/BatterySaverPolicy(  755): accessibility changed to false, updating policy.
05-25 04:13:33.472 D/WM-DelayedWorkTracker( 1529): Scheduling work ba19cc49-5a1f-41ea-9f64-be6789829cbf
05-25 04:13:33.472 D/WM-GreedyScheduler( 1529): Starting tracking for ba19cc49-5a1f-41ea-9f64-be6789829cbf
05-25 04:13:33.473 D/WM-ConstraintTracker( 1529): BatteryNotLowTracker: initial state = true
05-25 04:13:33.473 D/WM-BrdcstRcvrCnstrntTrc( 1529): BatteryNotLowTracker: registering receiver
05-25 04:13:33.473 D/WM-GreedyScheduler( 1529): Constraints met: Scheduling work ID WorkGenerationalId(workSpecId=ba19cc49-5a1f-41ea-9f64-be6789829cbf, generation=0)
05-25 04:13:33.474 D/WM-Processor( 1529): Processor: processing WorkGenerationalId(workSpecId=ba19cc49-5a1f-41ea-9f64-be6789829cbf, generation=0)
05-25 04:13:33.475 D/WM-WorkerWrapper( 1529): Starting work for com.android.providers.media.photopicker.sync.ProactiveSyncWorker
05-25 04:13:33.477 I/PSyncWorker( 1529): Starting proactive picker sync from sync source: 1
05-25 04:13:33.477 I/PickerSyncTracker( 1529): Created new sync future java.util.concurrent.CompletableFuture@b028020[Not completed, 1 dependents]. Future map: {ba19cc49-5a1f-41ea-9f64-be6789829cbf=java.util.concurrent.CompletableFuture@b028020[Not completed, 1 dependents]}
05-25 04:13:33.478 D/PickerSyncController( 1529): syncAllMediaFromProvider() LOCAL, auth=com.android.providers.media.photopicker, retry=true
05-25 04:13:33.478 D/PickerSyncController( 1529): getSyncRequestParams() LOCAL, auth=com.android.providers.media.photopicker
05-25 04:13:33.479 D/WM-SystemJobService( 1529): onStartJob for WorkGenerationalId(workSpecId=ba19cc49-5a1f-41ea-9f64-be6789829cbf, generation=0)
05-25 04:13:33.479 D/PickerSyncController( 1529):    Latest ID/Gen=92835bc8fd6dde81:external_primary/3564
05-25 04:13:33.479 D/PickerSyncController( 1529):    Cached ID/Gen=92835bc8fd6dde81:external_primary/3555
05-25 04:13:33.479 D/PickerSyncController( 1529):    RESULT=SyncRequestParams{type=MEDIA_INCREMENTAL, gen=3555, latest=Bundle[{last_media_sync_generation=3564, media_collection_id=92835bc8fd6dde81:external_primary}], pageSize=1000}
05-25 04:13:33.480 I/PickerSyncController( 1529): Executing SyncAdd. isLocal: true. authority: com.android.providers.media.photopicker
05-25 04:13:33.480 D/PickerSyncLockManager( 1529): Trying to acquire lock com.android.providers.media.photopicker.sync.CloseableReentrantLock@cffd47[Unlocked]. Lock Name = CLOUD_PROVIDER_LOCK. Threads that may be waiting to acquire this lock = [] with timeout.
05-25 04:13:33.480 D/CloseableReentrantLock( 1529): Successfully acquired lock com.android.providers.media.photopicker.sync.CloseableReentrantLock@cffd47[Locked by thread pool-4-thread-284]. Lock Name = CLOUD_PROVIDER_LOCK. Threads that may be waiting to acquire this lock = []
05-25 04:13:33.480 D/CloseableReentrantLock( 1529): Successfully released lock com.android.providers.media.photopicker.sync.CloseableReentrantLock@cffd47[Unlocked]. Lock Name = CLOUD_PROVIDER_LOCK. Threads that may be waiting to acquire this lock = []
05-25 04:13:33.480 D/ExternalDbFacade( 1529): Token received for queryMedia = null
05-25 04:13:33.481 D/PickerSyncLockManager( 1529): Trying to acquire lock com.android.providers.media.photopicker.sync.CloseableReentrantLock@cffd47[Unlocked]. Lock Name = CLOUD_PROVIDER_LOCK. Threads that may be waiting to acquire this lock = [] with timeout.
05-25 04:13:33.481 D/CloseableReentrantLock( 1529): Successfully acquired lock com.android.providers.media.photopicker.sync.CloseableReentrantLock@cffd47[Locked by thread pool-4-thread-284]. Lock Name = CLOUD_PROVIDER_LOCK. Threads that may be waiting to acquire this lock = []
05-25 04:13:33.481 D/PickerSyncController( 1529): Saving next page token: 1779678811000|338 for key: local_provider:media_add:resume
05-25 04:13:33.481 D/CloseableReentrantLock( 1529): Successfully released lock com.android.providers.media.photopicker.sync.CloseableReentrantLock@cffd47[Unlocked]. Lock Name = CLOUD_PROVIDER_LOCK. Threads that may be waiting to acquire this lock = []
05-25 04:13:33.482 D/PickerNotificationSender( 1529): Sending a notification for media update
05-25 04:13:33.482 D/WM-Processor( 1529): Work WorkGenerationalId(workSpecId=ba19cc49-5a1f-41ea-9f64-be6789829cbf, generation=0) is already enqueued for processing
05-25 04:13:33.483 D/PickerNotificationSender( 1529): Sending a notification for merged album media update Videos
05-25 04:13:33.483 D/PickerNotificationSender( 1529): Sending a notification for album media update Videos
05-25 04:13:33.483 D/PickerNotificationSender( 1529): Sending a notification for merged album media update Favorites
05-25 04:13:33.483 D/PickerNotificationSender( 1529): Sending a notification for album media update Favorites
05-25 04:13:33.483 D/ExternalDbFacade( 1529): Token received for queryMedia = 1779678811000|338
05-25 04:13:33.484 D/PickerSyncLockManager( 1529): Trying to acquire lock com.android.providers.media.photopicker.sync.CloseableReentrantLock@cffd47[Unlocked]. Lock Name = CLOUD_PROVIDER_LOCK. Threads that may be waiting to acquire this lock = [] with timeout.
05-25 04:13:33.485 D/CloseableReentrantLock( 1529): Successfully acquired lock com.android.providers.media.photopicker.sync.CloseableReentrantLock@cffd47[Locked by thread pool-4-thread-284]. Lock Name = CLOUD_PROVIDER_LOCK. Threads that may be waiting to acquire this lock = []
05-25 04:13:33.485 D/PickerSyncController( 1529): Clearing next page token for key: local_provider:media_add:resume
05-25 04:13:33.485 D/CloseableReentrantLock( 1529): Successfully released lock com.android.providers.media.photopicker.sync.CloseableReentrantLock@cffd47[Unlocked]. Lock Name = CLOUD_PROVIDER_LOCK. Threads that may be waiting to acquire this lock = []
05-25 04:13:33.485 D/PickerNotificationSender( 1529): Sending a notification for media update
05-25 04:13:33.485 D/PickerNotificationSender( 1529): Sending a notification for merged album media update Videos
05-25 04:13:33.485 D/PickerNotificationSender( 1529): Sending a notification for album media update Videos
05-25 04:13:33.486 D/PickerNotificationSender( 1529): Sending a notification for merged album media update Favorites
05-25 04:13:33.486 D/PickerNotificationSender( 1529): Sending a notification for album media update Favorites
05-25 04:13:33.487 I/PickerSyncController( 1529): Paged sync successful. QueryArgs: Bundle[{android.provider.extra.PAGE_TOKEN=1779678811000|338, android.provider.extra.SYNC_GENERATION=3555, android.provider.extra.PAGE_SIZE=1000}] Total Rows: 1
05-25 04:13:33.487 I/PickerSyncController( 1529): Executing SyncRemove. isLocal: true. authority: com.android.providers.media.photopicker
05-25 04:13:33.487 D/PickerSyncLockManager( 1529): Trying to acquire lock com.android.providers.media.photopicker.sync.CloseableReentrantLock@cffd47[Unlocked]. Lock Name = CLOUD_PROVIDER_LOCK. Threads that may be waiting to acquire this lock = [] with timeout.
05-25 04:13:33.487 D/CloseableReentrantLock( 1529): Successfully acquired lock com.android.providers.media.photopicker.sync.CloseableReentrantLock@cffd47[Locked by thread pool-4-thread-284]. Lock Name = CLOUD_PROVIDER_LOCK. Threads that may be waiting to acquire this lock = []
05-25 04:13:33.487 D/CloseableReentrantLock( 1529): Successfully released lock com.android.providers.media.photopicker.sync.CloseableReentrantLock@cffd47[Unlocked]. Lock Name = CLOUD_PROVIDER_LOCK. Threads that may be waiting to acquire this lock = []
05-25 04:13:33.487 D/PickerSyncLockManager( 1529): Trying to acquire lock com.android.providers.media.photopicker.sync.CloseableReentrantLock@cffd47[Unlocked]. Lock Name = CLOUD_PROVIDER_LOCK. Threads that may be waiting to acquire this lock = [] with timeout.
05-25 04:13:33.488 D/CloseableReentrantLock( 1529): Successfully acquired lock com.android.providers.media.photopicker.sync.CloseableReentrantLock@cffd47[Locked by thread pool-4-thread-284]. Lock Name = CLOUD_PROVIDER_LOCK. Threads that may be waiting to acquire this lock = []
05-25 04:13:33.488 D/PickerSyncController( 1529): Clearing next page token for key: local_provider:media_remove:resume
05-25 04:13:33.488 D/CloseableReentrantLock( 1529): Successfully released lock com.android.providers.media.photopicker.sync.CloseableReentrantLock@cffd47[Unlocked]. Lock Name = CLOUD_PROVIDER_LOCK. Threads that may be waiting to acquire this lock = []
05-25 04:13:33.488 D/PickerNotificationSender( 1529): Sending a notification for media update
05-25 04:13:33.488 D/PickerNotificationSender( 1529): Sending a notification for merged album media update Videos
05-25 04:13:33.488 D/PickerNotificationSender( 1529): Sending a notification for album media update Videos
05-25 04:13:33.489 D/PickerNotificationSender( 1529): Sending a notification for merged album media update Favorites
05-25 04:13:33.489 D/PickerNotificationSender( 1529): Sending a notification for album media update Favorites
05-25 04:13:33.489 I/PickerSyncController( 1529): Paged sync successful. QueryArgs: Bundle[{android.provider.extra.PAGE_TOKEN=1779678811000|338, android.provider.extra.SYNC_GENERATION=3555, android.provider.extra.PAGE_SIZE=1000}] Total Rows: 0
05-25 04:13:33.489 I/PickerSyncTracker( 1529): Marked sync future complete for work id: ba19cc49-5a1f-41ea-9f64-be6789829cbf. Future map: {}
05-25 04:13:33.489 I/PSyncWorker( 1529): Completed picker proactive sync complete from local provider.
05-25 04:13:33.490 I/WM-WorkerWrapper( 1529): Worker result SUCCESS for Work [ id=ba19cc49-5a1f-41ea-9f64-be6789829cbf, tags={ com.android.providers.media.photopicker.sync.ProactiveSyncWorker } ]
05-25 04:13:33.491 D/WM-Processor( 1529): Processor ba19cc49-5a1f-41ea-9f64-be6789829cbf executed; reschedule = false
05-25 04:13:33.491 D/WM-GreedyScheduler( 1529): Stopping tracking for WorkGenerationalId(workSpecId=ba19cc49-5a1f-41ea-9f64-be6789829cbf, generation=0)
05-25 04:13:33.491 D/WM-SystemJobService( 1529): ba19cc49-5a1f-41ea-9f64-be6789829cbf executed on JobScheduler
05-25 04:13:33.499 D/WM-GreedyScheduler( 1529): Cancelling work ID ba19cc49-5a1f-41ea-9f64-be6789829cbf
05-25 04:13:33.500 D/WM-GreedyScheduler( 1529): Ignoring {WorkSpec: fce74054-5d75-49ac-b1fb-61b1c63b64d1}. Requires device idle.
05-25 04:13:33.500 D/WM-GreedyScheduler( 1529): Ignoring {WorkSpec: 748d3965-3023-45a6-9a32-baafa7d90ebf}. Requires device idle.
05-25 04:13:33.501 D/WM-GreedyScheduler( 1529): Ignoring {WorkSpec: bbc248da-5aec-4565-83d8-ed90ba3a683c}. Requires device idle.
05-25 04:13:33.501 D/WM-GreedyScheduler( 1529): Ignoring {WorkSpec: a7b8fc44-3a39-43d5-96b8-cef5bb529d35}. Requires device idle.
05-25 04:13:33.501 D/WM-BrdcstRcvrCnstrntTrc( 1529): BatteryNotLowTracker: unregistering receiver
05-25 04:13:33.527 W/AppOps  (  755): Noting op not finished: uid 10147 pkg com.google.android.gms code 113 startTime of in progress event=1779670820651
05-25 04:13:33.553 D/android.hardware.audio@7.1-impl.ranchu(  553): threadLoop: entering standby, frames: 10975744
05-25 04:13:33.553 D/android.hardware.audio@7.1-impl.ranchu(  553): ~TinyalsaSink: joining consumeThread
05-25 04:13:33.558 D/android.hardware.audio@7.1-impl.ranchu(  553): consumeThread: exiting
05-25 04:13:33.559 D/android.hardware.audio@7.1-impl.ranchu(  553): ~TinyalsaSink: stopping PCM stream
05-25 04:13:33.973 D/SatelliteController( 1139): iisInCarrierRoamingNbIotNtn: satellite is disabled
05-25 04:13:33.973 D/SatelliteController( 1139): getCarrierRoamingNtnConnectType: Falling back to global carrier config connect type: 0
05-25 04:13:34.366 I/ImeTracker(16696): com.tiarnanlarkin.danio:1aeb6cdb: onRequestHide at ORIGIN_CLIENT reason HIDE_SOFT_INPUT fromUser false
05-25 04:13:34.366 D/InsetsController(16696): hide(ime())
05-25 04:13:34.366 I/ImeTracker(16696): com.tiarnanlarkin.danio:1aeb6cdb: onCancelled at PHASE_CLIENT_ALREADY_HIDDEN
05-25 04:13:34.366 D/CompatChangeReporter(16696): Compat change id reported: 395521150; UID 10219; state: ENABLED
05-25 04:13:34.368 I/GoogleInputMethodService( 1440): GoogleInputMethodService.onStartInput():1446 onStartInput(EditorInfo{EditorInfo{packageName=com.tiarnanlarkin.danio, inputType=0, inputTypeString=NULL, enableLearning=false, autoCorrection=false, autoComplete=false, imeOptions=0, privateImeOptions=null, actionName=UNSPECIFIED, actionLabel=null, initialSelStart=-1, initialSelEnd=-1, initialCapsMode=0, label=null, fieldId=0, fieldName=null, extras=null, hintText=null, hintLocales=[]}}, true)
05-25 04:13:34.368 W/SessionManager( 1440): SessionManager.beginSession():72 Try to begin an already begun session [INPUT_SESSION], end it first
05-25 04:13:34.368 I/AndroidIME( 1440): LatinIMEBase.updateInputViewCoverNavigation():322 Update input view padding, isNavbarOverInputWindow=true, bottom inset=126
05-25 04:13:34.369 I/Module  ( 1440): DeviceLockedStatusModuleProvider$Module.updateDeviceLockedStatus():103 repeatCheckTimes = 1, locked = false
05-25 04:13:34.371 W/PackageConfigPersister(  755): App-specific configuration not found for packageName: com.tiarnanlarkin.danio and userId: 0
05-25 04:13:34.510 D/WifiNl80211Manager(  755): Scan result ready event
05-25 04:13:34.511 D/WifiNative(  755): Scan result ready event
05-25 04:13:34.512 I/WifiScanner( 1334): onFullResults
05-25 04:13:34.513 I/HalDevMgr(  755): bestIfaceCreationProposal is null, requestIface=STA, existingIface=[name=wlan0 type=STA]
05-25 04:13:34.514 I/WifiScanner( 1334): onFullResults
05-25 04:13:36.310 I/HalDevMgr(  755): bestIfaceCreationProposal is null, requestIface=STA, existingIface=[name=wlan0 type=STA]
05-25 04:13:36.432 W/libbinder.BackendUnifiedServiceManager(17016): Thread Pool max thread count is 0. Cannot cache binder as linkToDeath cannot be implemented. serviceName: SurfaceFlingerAIDL
05-25 04:13:36.433 W/libbinder.BpBinder(17016): Linking to death on android.gui.ISurfaceComposer but there are no threads (yet?) listening to incoming transactions. See ProcessState::startThreadPool and ProcessState::setThreadPoolMaxThreadCount. Generally you should setup the binder threadpool before other initialization steps.
05-25 04:13:36.434 W/libbinder.ProcessState(17016): Extra binder thread started, but 0 threads requested. Do not use *startThreadPool when zero threads are requested.
05-25 04:13:36.546 W/MediaProvider( 1529): isAppCloneUserPair for user 0: false
05-25 04:13:36.727 I/ActivityManager(  755): Broadcasting: Intent { act=android.intent.action.MEDIA_SCANNER_SCAN_FILE dat=file:///... flg=0x400000 }
05-25 04:13:36.728 I/ActivityManager(  755): Enqueued broadcast Intent { act=android.intent.action.MEDIA_SCANNER_SCAN_FILE dat=file:///... flg=0x400000 }: 0
05-25 04:13:36.731 I/MediaServiceV2( 1529): Creating work for intent Intent { act=android.intent.action.MEDIA_SCANNER_SCAN_FILE dat=file:///... flg=0x1400010 cmp=com.google.android.providers.media.module/com.android.providers.media.MediaServiceV2 }
05-25 04:13:36.731 I/MediaServiceV2( 1529): Work enqueued for intent: Intent { act=android.intent.action.MEDIA_SCANNER_SCAN_FILE dat=file:///... flg=0x1400010 cmp=com.google.android.providers.media.module/com.android.providers.media.MediaServiceV2 }
05-25 04:13:36.732 I/ActivityManager(  755): Broadcast completed: result=0
05-25 04:13:36.739 W/JobInfo ( 1529): Requested important-while-foreground flag for job875 is ignored and takes no effect
05-25 04:13:36.739 D/WM-SystemJobScheduler( 1529): Scheduling work ID 2d66e61e-b29e-4526-8ff2-813441e7e6f4Job ID 875
05-25 04:13:36.745 D/WM-GreedyScheduler( 1529): Ignoring {WorkSpec: fce74054-5d75-49ac-b1fb-61b1c63b64d1}. Requires device idle.
05-25 04:13:36.745 D/WM-GreedyScheduler( 1529): Ignoring {WorkSpec: 748d3965-3023-45a6-9a32-baafa7d90ebf}. Requires device idle.
05-25 04:13:36.745 D/WM-GreedyScheduler( 1529): Ignoring {WorkSpec: bbc248da-5aec-4565-83d8-ed90ba3a683c}. Requires device idle.
05-25 04:13:36.745 D/WM-GreedyScheduler( 1529): Ignoring {WorkSpec: a7b8fc44-3a39-43d5-96b8-cef5bb529d35}. Requires device idle.
05-25 04:13:36.745 D/WM-GreedyScheduler( 1529): Starting work for 2d66e61e-b29e-4526-8ff2-813441e7e6f4
05-25 04:13:36.745 D/WM-Processor( 1529): Processor: processing WorkGenerationalId(workSpecId=2d66e61e-b29e-4526-8ff2-813441e7e6f4, generation=0)
05-25 04:13:36.747 D/WM-SystemJobService( 1529): onStartJob for WorkGenerationalId(workSpecId=2d66e61e-b29e-4526-8ff2-813441e7e6f4, generation=0)
05-25 04:13:36.748 D/WM-WorkerWrapper( 1529): Starting work for com.android.providers.media.MediaServiceV2
05-25 04:13:36.749 I/MediaServiceV2( 1529): Work initiated for action [ android.intent.action.MEDIA_SCANNER_SCAN_FILE ]
05-25 04:13:36.760 D/WM-Processor( 1529): Work WorkGenerationalId(workSpecId=2d66e61e-b29e-4526-8ff2-813441e7e6f4, generation=0) is already enqueued for processing
05-25 04:13:36.762 I/MediaServiceV2( 1529): Work ended for action [ android.intent.action.MEDIA_SCANNER_SCAN_FILE ]
05-25 04:13:36.762 I/WM-WorkerWrapper( 1529): Worker result SUCCESS for Work [ id=2d66e61e-b29e-4526-8ff2-813441e7e6f4, tags={ com.android.providers.media.MediaServiceV2 } ]
05-25 04:13:36.763 D/WM-Processor( 1529): Processor 2d66e61e-b29e-4526-8ff2-813441e7e6f4 executed; reschedule = false
05-25 04:13:36.763 D/WM-SystemJobService( 1529): 2d66e61e-b29e-4526-8ff2-813441e7e6f4 executed on JobScheduler
05-25 04:13:36.770 D/WM-GreedyScheduler( 1529): Cancelling work ID 2d66e61e-b29e-4526-8ff2-813441e7e6f4
05-25 04:13:36.772 D/WM-GreedyScheduler( 1529): Ignoring {WorkSpec: fce74054-5d75-49ac-b1fb-61b1c63b64d1}. Requires device idle.
05-25 04:13:36.772 D/WM-GreedyScheduler( 1529): Ignoring {WorkSpec: 748d3965-3023-45a6-9a32-baafa7d90ebf}. Requires device idle.
05-25 04:13:36.772 D/WM-GreedyScheduler( 1529): Ignoring {WorkSpec: bbc248da-5aec-4565-83d8-ed90ba3a683c}. Requires device idle.
05-25 04:13:36.772 D/WM-GreedyScheduler( 1529): Ignoring {WorkSpec: a7b8fc44-3a39-43d5-96b8-cef5bb529d35}. Requires device idle.
05-25 04:13:36.775 D/WM-SystemJobScheduler( 1529): Scheduling work ID c453e8a5-0da4-4426-b05e-cf4b92fa5652Job ID 876
05-25 04:13:36.777 D/WM-GreedyScheduler( 1529): Ignoring {WorkSpec: fce74054-5d75-49ac-b1fb-61b1c63b64d1}. Requires device idle.
05-25 04:13:36.777 D/WM-GreedyScheduler( 1529): Ignoring {WorkSpec: 748d3965-3023-45a6-9a32-baafa7d90ebf}. Requires device idle.
05-25 04:13:36.777 D/WM-GreedyScheduler( 1529): Ignoring {WorkSpec: bbc248da-5aec-4565-83d8-ed90ba3a683c}. Requires device idle.
05-25 04:13:36.777 D/WM-GreedyScheduler( 1529): Ignoring {WorkSpec: a7b8fc44-3a39-43d5-96b8-cef5bb529d35}. Requires device idle.
05-25 04:13:36.945 D/AndroidRuntime(17027): >>>>>> START com.android.internal.os.RuntimeInit uid 2000 <<<<<<
05-25 04:13:36.949 I/AndroidRuntime(17027): Using default boot image
05-25 04:13:36.950 I/AndroidRuntime(17027): Leaving lock profiling enabled
05-25 04:13:36.951 I/app_process(17027): Using CollectorTypeCMC GC.
05-25 04:13:37.027 D/nativeloader(17027): InitDefaultPublicLibraries for_preload=1: libandroid.so:libaaudio.so:libamidi.so:libbinder_ndk.so:libc.so:libcamera2ndk.so:libdl.so:libEGL.so:libGLESv1_CM.so:libGLESv2.so:libGLESv3.so:libicu.so:libicui18n.so:libicuuc.so:libjnigraphics.so:liblog.so:libmediandk.so:libm.so:libnativehelper.so:libnativewindow.so:libOpenMAXAL.so:libOpenSLES.so:libRS.so:libstdc++.so:libsync.so:libvulkan.so:libwebviewchromium_plat_support.so:libz.so
05-25 04:13:37.038 D/nativeloader(17027): Load libicu_jni.so using APEX ns com_android_art for caller /apex/com.android.art/javalib/core-oj.jar: ok
05-25 04:13:37.039 D/app_process(17027): u_setTimeZoneFilesDirectory("/apex/com.android.tzdata/etc/tz/versioned/9/icu") succeeded. 
05-25 04:13:37.039 D/app_process(17027): I18n APEX ICU file found: /apex/com.android.i18n/etc/icu/icudt76l.dat
05-25 04:13:37.039 D/nativeloader(17027): Load libjavacore.so using APEX ns com_android_art for caller /apex/com.android.art/javalib/core-oj.jar: ok
05-25 04:13:37.041 D/nativeloader(17027): Load libopenjdk.so using APEX ns com_android_art for caller /apex/com.android.art/javalib/core-oj.jar: ok
05-25 04:13:37.042 I/app_process(17027): Priority-to-niceness mapping: 19, 16, 13, 10, 0, -2, -4, -5, -6, -8
05-25 04:13:37.042 W/app_process(17027): Unexpected CPU variant for x86: x86_64.
05-25 04:13:37.042 W/app_process(17027): Known variants: atom, sandybridge, silvermont, goldmont, goldmont-plus, goldmont-without-sha-xsaves, tremont, kabylake, alderlake, default
05-25 04:13:37.044 W/app_process(17027): ClassLoaderContext shared library size mismatch. Expected=2, found=0 (PCL[]{PCL[/system/framework/android.test.base.jar*1653369819]#PCL[/system/framework/android.test.mock.jar*1009639922]} | PCL[])
05-25 04:13:37.044 W/app_process(17027): ClassLoaderContext classpath size mismatch. expected=0, found=1 (PCL[]{PCL[/system/framework/android.test.runner.jar*3954641918]{PCL[/system/framework/android.test.base.jar*1653369819]#PCL[/system/framework/android.test.mock.jar*1009639922]}#PCL[/system/framework/android.test.base.jar*1653369819]} | PCL[/system/framework/android.test.runner.jar*3954641918])
05-25 04:13:37.062 D/nativeloader(17027): Load libframework-connectivity-tiramisu-jni.so using APEX ns com_android_tethering for caller /apex/com.android.tethering/javalib/framework-connectivity-t.jar: ok
05-25 04:13:37.062 D/AndroidRuntime(17027): Calling main entry com.android.commands.uiautomator.Launcher
05-25 04:13:37.065 I/AconfigPackage(17027): android.media.swcodec.flags is mapped to com.android.media.swcodec
05-25 04:13:37.065 I/AconfigPackage(17027): com.android.permission.flags is mapped to com.android.permission
05-25 04:13:37.065 I/AconfigPackage(17027): com.android.permissioncontroller.flags is mapped to com.android.permission
05-25 04:13:37.065 I/AconfigPackage(17027): com.android.icu is mapped to com.android.i18n
05-25 04:13:37.065 I/AconfigPackage(17027): com.android.appsearch.flags is mapped to com.android.appsearch
05-25 04:13:37.066 I/AconfigPackage(17027): android.uprobestats.mainline.flags is mapped to com.android.uprobestats
05-25 04:13:37.066 I/AconfigPackage(17027): com.android.crashrecovery.flags is mapped to com.android.crashrecovery
05-25 04:13:37.066 I/AconfigPackage(17027): android.provider.flags is mapped to com.android.configinfrastructure
05-25 04:13:37.066 I/AconfigPackage(17027): com.android.server.deviceconfig is mapped to com.android.configinfrastructure
05-25 04:13:37.066 I/AconfigPackage(17027): com.android.compos.flags is mapped to com.android.compos
05-25 04:13:37.066 I/AconfigPackage(17027): com.android.art.flags is mapped to com.android.art
05-25 04:13:37.066 I/AconfigPackage(17027): com.android.art.rw.flags is mapped to com.android.art
05-25 04:13:37.066 I/AconfigPackage(17027): com.android.libcore is mapped to com.android.art
05-25 04:13:37.066 I/AconfigPackage(17027): com.android.telephony.flags is mapped to com.android.telephonycore
05-25 04:13:37.067 I/AconfigPackage(17027): com.android.media.extractor.flags is mapped to com.android.media
05-25 04:13:37.067 I/AconfigPackage(17027): com.android.media.mainline.flags is mapped to com.android.media
05-25 04:13:37.067 I/AconfigPackage(17027): com.android.wifi.flags is mapped to com.android.wifi
05-25 04:13:37.067 I/AconfigPackage(17027): com.android.org.conscrypt.flags is mapped to com.android.conscrypt
05-25 04:13:37.067 I/AconfigPackage(17027): com.android.org.conscrypt.net.flags is mapped to com.android.conscrypt
05-25 04:13:37.067 I/AconfigPackage(17027): com.android.healthfitness.flags is mapped to com.android.healthfitness
05-25 04:13:37.067 I/AconfigPackage(17027): com.android.ipsec.flags is mapped to com.android.ipsec
05-25 04:13:37.067 I/AconfigPackage(17027): com.android.nfc.module.flags is mapped to com.android.nfcservices
05-25 04:13:37.068 I/AconfigPackage(17027): com.android.adservices.ondevicepersonalization.flags is mapped to com.android.ondevicepersonalization
05-25 04:13:37.068 I/AconfigPackage(17027): com.android.adbd.flags is mapped to com.android.adbd
05-25 04:13:37.068 I/AconfigPackage(17027): com.android.bluetooth.flags is mapped to com.android.bt
05-25 04:13:37.069 I/AconfigPackage(17027): com.android.devicelock.flags is mapped to com.android.devicelock
05-25 04:13:37.069 I/AconfigPackage(17027): android.os.profiling is mapped to com.android.profiling
05-25 04:13:37.069 I/AconfigPackage(17027): android.os.profiling.anomaly.flags is mapped to com.android.profiling
05-25 04:13:37.069 I/AconfigPackage(17027): com.android.os.statsd.flags is mapped to com.android.os.statsd
05-25 04:13:37.069 I/AconfigPackage(17027): com.android.rkpd.flags is mapped to com.android.rkpd
05-25 04:13:37.069 I/AconfigPackage(17027): com.android.cellbroadcastreceiver.flags is mapped to com.android.cellbroadcast
05-25 04:13:37.069 I/AconfigPackage(17027): com.android.adservices.flags is mapped to com.android.adservices
05-25 04:13:37.069 I/AconfigPackage(17027): com.android.sdksandbox.flags is mapped to com.android.adservices
05-25 04:13:37.069 I/AconfigPackage(17027): com.android.uwb.flags is mapped to com.android.uwb
05-25 04:13:37.069 I/AconfigPackage(17027): com.android.ranging.flags is mapped to com.android.uwb
05-25 04:13:37.069 I/AconfigPackage(17027): android.graphics.pdf.flags is mapped to com.android.mediaprovider
05-25 04:13:37.069 I/AconfigPackage(17027): com.android.providers.media.flags is mapped to com.android.mediaprovider
05-25 04:13:37.069 I/AconfigPackage(17027): android.graphics.pdf.flags.readonly is mapped to com.android.mediaprovider
05-25 04:13:37.069 I/AconfigPackage(17027): com.android.tethering.mainline.beta is mapped to com.android.tethering
05-25 04:13:37.069 I/AconfigPackage(17027): android.net.http is mapped to com.android.tethering
05-25 04:13:37.069 I/AconfigPackage(17027): com.android.tethering.readonly.flags is mapped to com.android.tethering
05-25 04:13:37.069 I/AconfigPackage(17027): android.net.vcn is mapped to com.android.tethering
05-25 04:13:37.069 I/AconfigPackage(17027): com.android.net.flags is mapped to com.android.tethering
05-25 04:13:37.069 I/AconfigPackage(17027): com.android.tethering.beta.test is mapped to com.android.tethering
05-25 04:13:37.069 I/AconfigPackage(17027): com.android.nearby.flags is mapped to com.android.tethering
05-25 04:13:37.069 I/AconfigPackage(17027): com.android.net.ct.flags is mapped to com.android.tethering
05-25 04:13:37.069 I/AconfigPackage(17027): com.android.net.thread.flags is mapped to com.android.tethering
05-25 04:13:37.069 I/AconfigPackage(17027): com.android.system.virtualmachine.flags is mapped to com.android.virt
05-25 04:13:37.069 E/FeatureFlagsImplExport(17027): android.os.flagging.AconfigStorageReadException: ERROR_PACKAGE_NOT_FOUND: package android.xr cannot be found on the device
05-25 04:13:37.073 D/UiAutomationConnection(17027): Created on user UserHandle{0}
05-25 04:13:37.073 I/UiAutomation(17027): Initialized for user 0 on display 0
05-25 04:13:37.073 W/UiAutomation(17027): Created with deprecatead constructor, assumes DEFAULT_DISPLAY
05-25 04:13:37.073 D/AccessibilityManagerService(  755): changeCurrentUserForTestAutomationIfNeededLocked(0): ignoring because device doesn't support visible background users
05-25 04:13:37.073 I/UiAutomationManager(  755): Registering UiTestAutomationService (id=com.android.server.accessibility/UiAutomation, flags=0x0) when called by user 0
05-25 04:13:37.073 V/AccessibilityManagerService(  755): onUserStateChangedLocked for userId: 0, forceUpdate: false
05-25 04:13:37.074 V/AccessibilityUserState(  755): updateShortcutTargets: type:accessibility_shortcut_target_service, current:{}, new:{}
05-25 04:13:37.074 V/AccessibilityUserState(  755): updateShortcutTargets: type:accessibility_button_targets, current:{}, new:{}
05-25 04:13:37.074 V/AccessibilityUserState(  755): updateShortcutTargets: type:accessibility_gesture_targets, current:{}, new:{}
05-25 04:13:37.074 V/AccessibilityUserState(  755): updateShortcutTargets: type:accessibility_qs_targets, current:{}, new:{}
05-25 04:13:37.074 V/AccessibilityUserState(  755): updateShortcutTargets: type:accessibility_key_gesture_targets, current:{}, new:{}
05-25 04:13:37.074 W/MagnificationConnectionManager(  755): requestConnection duplicated request: connect=false, mConnectionState=DISCONNECTED
05-25 04:13:37.074 I/AiAiEcho( 1546): Settings changed for uri: content://settings/secure/accessibility_enabled
05-25 04:13:37.074 I/AiAiEcho( 1546): Predicting[0]:  [CONTEXT sampling_count=5 ]
05-25 04:13:37.075 I/AiAiEcho( 1546): EchoTargets: 
05-25 04:13:37.075 I/AiAiEcho( 1546): Filtered by AiAi flag check: 
05-25 04:13:37.075 I/AiAiEcho( 1546): [CONTEXT ratelimit_period="10 SECONDS" ]
05-25 04:13:37.076 I/AiAiEcho( 1546): #remoteViewsTwiddler: feature disabled.
05-25 04:13:37.076 I/AiAiEcho( 1546): Predicting[0]:  [CONTEXT sampling_count=5 ]
05-25 04:13:37.076 I/AiAiEcho( 1546): EchoTargets: 
05-25 04:13:37.076 I/AiAiEcho( 1546): Filtered by AiAi flag check: 
05-25 04:13:37.076 I/AiAiEcho( 1546): [CONTEXT ratelimit_period="10 SECONDS" ]
05-25 04:13:37.076 I/AiAiEcho( 1546): #remoteViewsTwiddler: feature disabled.
05-25 04:13:37.076 I/AiAiEcho( 1546): #postPredictionTargets: Sending updates to UISurface lockscreen with targets# 0 (types=[])
05-25 04:13:37.077 W/libbinder.IPCThreadState(  755): Sending oneway calls to frozen process.
