05-25 03:13:43.441  1529 11741 D PickerSyncLockManager: Trying to acquire lock com.android.providers.media.photopicker.sync.CloseableReentrantLock@cffd47[Unlocked]. Lock Name = CLOUD_PROVIDER_LOCK. Threads that may be waiting to acquire this lock = [] with timeout.
05-25 03:13:43.443  1529 11741 D CloseableReentrantLock: Successfully acquired lock com.android.providers.media.photopicker.sync.CloseableReentrantLock@cffd47[Locked by thread pool-4-thread-174]. Lock Name = CLOUD_PROVIDER_LOCK. Threads that may be waiting to acquire this lock = []
05-25 03:13:43.443  1529 11741 D PickerSyncController: Clearing next page token for key: local_provider:media_add:resume
05-25 03:13:43.443  1529 11741 D CloseableReentrantLock: Successfully released lock com.android.providers.media.photopicker.sync.CloseableReentrantLock@cffd47[Unlocked]. Lock Name = CLOUD_PROVIDER_LOCK. Threads that may be waiting to acquire this lock = []
05-25 03:13:43.443  1529 11741 D PickerNotificationSender: Sending a notification for media update
05-25 03:13:43.444  1529 11741 D PickerNotificationSender: Sending a notification for merged album media update Videos
05-25 03:13:43.444  1529 11741 D PickerNotificationSender: Sending a notification for album media update Videos
05-25 03:13:43.444  1529 11741 D PickerNotificationSender: Sending a notification for merged album media update Favorites
05-25 03:13:43.444  1529 11741 D PickerNotificationSender: Sending a notification for album media update Favorites
05-25 03:13:43.445  1529 11741 I PickerSyncController: Paged sync successful. QueryArgs: Bundle[{android.provider.extra.PAGE_TOKEN=1779675221000|283, android.provider.extra.SYNC_GENERATION=3060, android.provider.extra.PAGE_SIZE=1000}] Total Rows: 1
05-25 03:13:43.445  1529 11741 I PickerSyncController: Executing SyncRemove. isLocal: true. authority: com.android.providers.media.photopicker
05-25 03:13:43.445  1529 11741 D PickerSyncLockManager: Trying to acquire lock com.android.providers.media.photopicker.sync.CloseableReentrantLock@cffd47[Unlocked]. Lock Name = CLOUD_PROVIDER_LOCK. Threads that may be waiting to acquire this lock = [] with timeout.
05-25 03:13:43.445  1529 11741 D CloseableReentrantLock: Successfully acquired lock com.android.providers.media.photopicker.sync.CloseableReentrantLock@cffd47[Locked by thread pool-4-thread-174]. Lock Name = CLOUD_PROVIDER_LOCK. Threads that may be waiting to acquire this lock = []
05-25 03:13:43.445  1529 11741 D CloseableReentrantLock: Successfully released lock com.android.providers.media.photopicker.sync.CloseableReentrantLock@cffd47[Unlocked]. Lock Name = CLOUD_PROVIDER_LOCK. Threads that may be waiting to acquire this lock = []
05-25 03:13:43.446  1529 11741 D PickerSyncLockManager: Trying to acquire lock com.android.providers.media.photopicker.sync.CloseableReentrantLock@cffd47[Unlocked]. Lock Name = CLOUD_PROVIDER_LOCK. Threads that may be waiting to acquire this lock = [] with timeout.
05-25 03:13:43.446  1529 11741 D CloseableReentrantLock: Successfully acquired lock com.android.providers.media.photopicker.sync.CloseableReentrantLock@cffd47[Locked by thread pool-4-thread-174]. Lock Name = CLOUD_PROVIDER_LOCK. Threads that may be waiting to acquire this lock = []
05-25 03:13:43.446  1529 11741 D PickerSyncController: Clearing next page token for key: local_provider:media_remove:resume
05-25 03:13:43.446  1529 11741 D CloseableReentrantLock: Successfully released lock com.android.providers.media.photopicker.sync.CloseableReentrantLock@cffd47[Unlocked]. Lock Name = CLOUD_PROVIDER_LOCK. Threads that may be waiting to acquire this lock = []
05-25 03:13:43.446  1529 11741 D PickerNotificationSender: Sending a notification for media update
05-25 03:13:43.446  1529 11741 D PickerNotificationSender: Sending a notification for merged album media update Videos
05-25 03:13:43.446  1529 11741 D PickerNotificationSender: Sending a notification for album media update Videos
05-25 03:13:43.446  1529 11741 D PickerNotificationSender: Sending a notification for merged album media update Favorites
05-25 03:13:43.446  1529 11741 D PickerNotificationSender: Sending a notification for album media update Favorites
05-25 03:13:43.447  1529 11741 I PickerSyncController: Paged sync successful. QueryArgs: Bundle[{android.provider.extra.PAGE_TOKEN=1779675221000|283, android.provider.extra.SYNC_GENERATION=3060, android.provider.extra.PAGE_SIZE=1000}] Total Rows: 0
05-25 03:13:43.447  1529 11741 I PickerSyncTracker: Marked sync future complete for work id: a7151687-cfb0-48cc-87df-a26cb45d8355. Future map: {}
05-25 03:13:43.447  1529 11741 I PSyncWorker: Completed picker proactive sync complete from local provider.
05-25 03:13:43.447  1529  1868 I WM-WorkerWrapper: Worker result SUCCESS for Work [ id=a7151687-cfb0-48cc-87df-a26cb45d8355, tags={ com.android.providers.media.photopicker.sync.ProactiveSyncWorker } ]
05-25 03:13:43.448  1529  1529 D WM-Processor: Processor a7151687-cfb0-48cc-87df-a26cb45d8355 executed; reschedule = false
05-25 03:13:43.448  1529  1529 D WM-GreedyScheduler: Stopping tracking for WorkGenerationalId(workSpecId=a7151687-cfb0-48cc-87df-a26cb45d8355, generation=0)
05-25 03:13:43.449  1529  1868 D WM-GreedyScheduler: Cancelling work ID a7151687-cfb0-48cc-87df-a26cb45d8355
05-25 03:13:43.450  1529  1868 D WM-GreedyScheduler: Ignoring {WorkSpec: fce74054-5d75-49ac-b1fb-61b1c63b64d1}. Requires device idle.
05-25 03:13:43.450  1529  1868 D WM-GreedyScheduler: Ignoring {WorkSpec: 748d3965-3023-45a6-9a32-baafa7d90ebf}. Requires device idle.
05-25 03:13:43.450  1529  1868 D WM-GreedyScheduler: Ignoring {WorkSpec: bbc248da-5aec-4565-83d8-ed90ba3a683c}. Requires device idle.
05-25 03:13:43.450  1529  1868 D WM-GreedyScheduler: Ignoring {WorkSpec: a7b8fc44-3a39-43d5-96b8-cef5bb529d35}. Requires device idle.
05-25 03:13:43.450  1529  1868 D WM-BrdcstRcvrCnstrntTrc: BatteryNotLowTracker: unregistering receiver
05-25 03:13:43.891  1139  1263 D SatelliteController: iisInCarrierRoamingNbIotNtn: satellite is disabled
05-25 03:13:43.892   755  1052 W libbinder.IPCThreadState: Sending oneway calls to frozen process.
05-25 03:13:43.894  1139  1263 D SatelliteController: getCarrierRoamingNtnConnectType: Falling back to global carrier config connect type: 0
05-25 03:13:44.091 11744 11744 D AndroidRuntime: >>>>>> START com.android.internal.os.RuntimeInit uid 2000 <<<<<<
05-25 03:13:44.094 11744 11744 I AndroidRuntime: Using default boot image
05-25 03:13:44.094 11744 11744 I AndroidRuntime: Leaving lock profiling enabled
05-25 03:13:44.096 11744 11744 I app_process: Using CollectorTypeCMC GC.
05-25 03:13:44.155 11744 11744 D nativeloader: InitDefaultPublicLibraries for_preload=1: libandroid.so:libaaudio.so:libamidi.so:libbinder_ndk.so:libc.so:libcamera2ndk.so:libdl.so:libEGL.so:libGLESv1_CM.so:libGLESv2.so:libGLESv3.so:libicu.so:libicui18n.so:libicuuc.so:libjnigraphics.so:liblog.so:libmediandk.so:libm.so:libnativehelper.so:libnativewindow.so:libOpenMAXAL.so:libOpenSLES.so:libRS.so:libstdc++.so:libsync.so:libvulkan.so:libwebviewchromium_plat_support.so:libz.so
05-25 03:13:44.164 11744 11744 D nativeloader: Load libicu_jni.so using APEX ns com_android_art for caller /apex/com.android.art/javalib/core-oj.jar: ok
05-25 03:13:44.164 11744 11744 D app_process: u_setTimeZoneFilesDirectory("/apex/com.android.tzdata/etc/tz/versioned/9/icu") succeeded. 
05-25 03:13:44.164 11744 11744 D app_process: I18n APEX ICU file found: /apex/com.android.i18n/etc/icu/icudt76l.dat
05-25 03:13:44.164 11744 11744 D nativeloader: Load libjavacore.so using APEX ns com_android_art for caller /apex/com.android.art/javalib/core-oj.jar: ok
05-25 03:13:44.165 11744 11744 D nativeloader: Load libopenjdk.so using APEX ns com_android_art for caller /apex/com.android.art/javalib/core-oj.jar: ok
05-25 03:13:44.166 11744 11744 I app_process: Priority-to-niceness mapping: 19, 16, 13, 10, 0, -2, -4, -5, -6, -8
05-25 03:13:44.166 11744 11744 W app_process: Unexpected CPU variant for x86: x86_64.
05-25 03:13:44.166 11744 11744 W app_process: Known variants: atom, sandybridge, silvermont, goldmont, goldmont-plus, goldmont-without-sha-xsaves, tremont, kabylake, alderlake, default
05-25 03:13:44.167 11744 11744 W app_process: ClassLoaderContext shared library size mismatch. Expected=2, found=0 (PCL[]{PCL[/system/framework/android.test.base.jar*1653369819]#PCL[/system/framework/android.test.mock.jar*1009639922]} | PCL[])
05-25 03:13:44.167 11744 11744 W app_process: ClassLoaderContext classpath size mismatch. expected=0, found=1 (PCL[]{PCL[/system/framework/android.test.runner.jar*3954641918]{PCL[/system/framework/android.test.base.jar*1653369819]#PCL[/system/framework/android.test.mock.jar*1009639922]}#PCL[/system/framework/android.test.base.jar*1653369819]} | PCL[/system/framework/android.test.runner.jar*3954641918])
05-25 03:13:44.180 11744 11744 D nativeloader: Load libframework-connectivity-tiramisu-jni.so using APEX ns com_android_tethering for caller /apex/com.android.tethering/javalib/framework-connectivity-t.jar: ok
05-25 03:13:44.181 11744 11744 D AndroidRuntime: Calling main entry com.android.commands.uiautomator.Launcher
05-25 03:13:44.184 11744 11744 I AconfigPackage: android.media.swcodec.flags is mapped to com.android.media.swcodec
05-25 03:13:44.184 11744 11744 I AconfigPackage: com.android.permission.flags is mapped to com.android.permission
05-25 03:13:44.184 11744 11744 I AconfigPackage: com.android.permissioncontroller.flags is mapped to com.android.permission
05-25 03:13:44.185 11744 11744 I AconfigPackage: com.android.icu is mapped to com.android.i18n
05-25 03:13:44.185 11744 11744 I AconfigPackage: com.android.appsearch.flags is mapped to com.android.appsearch
05-25 03:13:44.185 11744 11744 I AconfigPackage: android.uprobestats.mainline.flags is mapped to com.android.uprobestats
05-25 03:13:44.185 11744 11744 I AconfigPackage: com.android.crashrecovery.flags is mapped to com.android.crashrecovery
05-25 03:13:44.185 11744 11744 I AconfigPackage: android.provider.flags is mapped to com.android.configinfrastructure
05-25 03:13:44.185 11744 11744 I AconfigPackage: com.android.server.deviceconfig is mapped to com.android.configinfrastructure
05-25 03:13:44.185 11744 11744 I AconfigPackage: com.android.compos.flags is mapped to com.android.compos
05-25 03:13:44.185 11744 11744 I AconfigPackage: com.android.art.flags is mapped to com.android.art
05-25 03:13:44.185 11744 11744 I AconfigPackage: com.android.art.rw.flags is mapped to com.android.art
05-25 03:13:44.185 11744 11744 I AconfigPackage: com.android.libcore is mapped to com.android.art
05-25 03:13:44.185 11744 11744 I AconfigPackage: com.android.telephony.flags is mapped to com.android.telephonycore
05-25 03:13:44.185 11744 11744 I AconfigPackage: com.android.media.extractor.flags is mapped to com.android.media
05-25 03:13:44.185 11744 11744 I AconfigPackage: com.android.media.mainline.flags is mapped to com.android.media
05-25 03:13:44.185 11744 11744 I AconfigPackage: com.android.wifi.flags is mapped to com.android.wifi
05-25 03:13:44.185 11744 11744 I AconfigPackage: com.android.org.conscrypt.flags is mapped to com.android.conscrypt
05-25 03:13:44.185 11744 11744 I AconfigPackage: com.android.org.conscrypt.net.flags is mapped to com.android.conscrypt
05-25 03:13:44.185 11744 11744 I AconfigPackage: com.android.healthfitness.flags is mapped to com.android.healthfitness
05-25 03:13:44.186 11744 11744 I AconfigPackage: com.android.ipsec.flags is mapped to com.android.ipsec
05-25 03:13:44.186 11744 11744 I AconfigPackage: com.android.nfc.module.flags is mapped to com.android.nfcservices
05-25 03:13:44.186 11744 11744 I AconfigPackage: com.android.adservices.ondevicepersonalization.flags is mapped to com.android.ondevicepersonalization
05-25 03:13:44.186 11744 11744 I AconfigPackage: com.android.adbd.flags is mapped to com.android.adbd
05-25 03:13:44.186 11744 11744 I AconfigPackage: com.android.bluetooth.flags is mapped to com.android.bt
05-25 03:13:44.186 11744 11744 I AconfigPackage: com.android.devicelock.flags is mapped to com.android.devicelock
05-25 03:13:44.186 11744 11744 I AconfigPackage: android.os.profiling is mapped to com.android.profiling
05-25 03:13:44.186 11744 11744 I AconfigPackage: android.os.profiling.anomaly.flags is mapped to com.android.profiling
05-25 03:13:44.186 11744 11744 I AconfigPackage: com.android.os.statsd.flags is mapped to com.android.os.statsd
05-25 03:13:44.186 11744 11744 I AconfigPackage: com.android.rkpd.flags is mapped to com.android.rkpd
05-25 03:13:44.186 11744 11744 I AconfigPackage: com.android.cellbroadcastreceiver.flags is mapped to com.android.cellbroadcast
05-25 03:13:44.186 11744 11744 I AconfigPackage: com.android.adservices.flags is mapped to com.android.adservices
05-25 03:13:44.186 11744 11744 I AconfigPackage: com.android.sdksandbox.flags is mapped to com.android.adservices
05-25 03:13:44.186 11744 11744 I AconfigPackage: com.android.uwb.flags is mapped to com.android.uwb
05-25 03:13:44.186 11744 11744 I AconfigPackage: com.android.ranging.flags is mapped to com.android.uwb
05-25 03:13:44.186 11744 11744 I AconfigPackage: android.graphics.pdf.flags is mapped to com.android.mediaprovider
05-25 03:13:44.186 11744 11744 I AconfigPackage: com.android.providers.media.flags is mapped to com.android.mediaprovider
05-25 03:13:44.186 11744 11744 I AconfigPackage: android.graphics.pdf.flags.readonly is mapped to com.android.mediaprovider
05-25 03:13:44.186 11744 11744 I AconfigPackage: com.android.tethering.mainline.beta is mapped to com.android.tethering
05-25 03:13:44.186 11744 11744 I AconfigPackage: android.net.http is mapped to com.android.tethering
05-25 03:13:44.186 11744 11744 I AconfigPackage: com.android.tethering.readonly.flags is mapped to com.android.tethering
05-25 03:13:44.186 11744 11744 I AconfigPackage: android.net.vcn is mapped to com.android.tethering
05-25 03:13:44.186 11744 11744 I AconfigPackage: com.android.net.flags is mapped to com.android.tethering
05-25 03:13:44.186 11744 11744 I AconfigPackage: com.android.tethering.beta.test is mapped to com.android.tethering
05-25 03:13:44.186 11744 11744 I AconfigPackage: com.android.nearby.flags is mapped to com.android.tethering
05-25 03:13:44.186 11744 11744 I AconfigPackage: com.android.net.ct.flags is mapped to com.android.tethering
05-25 03:13:44.186 11744 11744 I AconfigPackage: com.android.net.thread.flags is mapped to com.android.tethering
05-25 03:13:44.186 11744 11744 I AconfigPackage: com.android.system.virtualmachine.flags is mapped to com.android.virt
05-25 03:13:44.186 11744 11744 E FeatureFlagsImplExport: android.os.flagging.AconfigStorageReadException: ERROR_PACKAGE_NOT_FOUND: package android.xr cannot be found on the device
05-25 03:13:44.188 11744 11744 D UiAutomationConnection: Created on user UserHandle{0}
05-25 03:13:44.188 11744 11744 I UiAutomation: Initialized for user 0 on display 0
05-25 03:13:44.188 11744 11744 W UiAutomation: Created with deprecatead constructor, assumes DEFAULT_DISPLAY
05-25 03:13:44.189   755  1188 D AccessibilityManagerService: changeCurrentUserForTestAutomationIfNeededLocked(0): ignoring because device doesn't support visible background users
05-25 03:13:44.189   755  1188 I UiAutomationManager: Registering UiTestAutomationService (id=com.android.server.accessibility/UiAutomation, flags=0x0) when called by user 0
05-25 03:13:44.189   755  1188 V AccessibilityManagerService: onUserStateChangedLocked for userId: 0, forceUpdate: false
05-25 03:13:44.190  1546  2094 I AiAiEcho: Settings changed for uri: content://settings/secure/accessibility_enabled
05-25 03:13:44.190   755  1188 V AccessibilityUserState: updateShortcutTargets: type:accessibility_shortcut_target_service, current:{}, new:{}
05-25 03:13:44.190   755  1188 V AccessibilityUserState: updateShortcutTargets: type:accessibility_button_targets, current:{}, new:{}
05-25 03:13:44.190   755  1188 V AccessibilityUserState: updateShortcutTargets: type:accessibility_gesture_targets, current:{}, new:{}
05-25 03:13:44.190   755  1188 V AccessibilityUserState: updateShortcutTargets: type:accessibility_qs_targets, current:{}, new:{}
05-25 03:13:44.190   755  1188 V AccessibilityUserState: updateShortcutTargets: type:accessibility_key_gesture_targets, current:{}, new:{}
05-25 03:13:44.190   755  1188 W MagnificationConnectionManager: requestConnection duplicated request: connect=false, mConnectionState=DISCONNECTED
05-25 03:13:44.191  1546  1927 I AiAiEcho: Predicting[0]:  [CONTEXT sampling_count=5 ]
05-25 03:13:44.191  1546  1927 I AiAiEcho: EchoTargets: 
05-25 03:13:44.191  1546  1927 I AiAiEcho: Filtered by AiAi flag check: 
05-25 03:13:44.191  1546  1927 I AiAiEcho: [CONTEXT ratelimit_period="10 SECONDS" ]
05-25 03:13:44.191  1546  1927 I AiAiEcho: #remoteViewsTwiddler: feature disabled.
05-25 03:13:44.191  1546  1927 I AiAiEcho: Predicting[0]:  [CONTEXT sampling_count=5 ]
05-25 03:13:44.191  1546  1927 I AiAiEcho: EchoTargets: 
05-25 03:13:44.191  1546  1927 I AiAiEcho: Filtered by AiAi flag check: 
05-25 03:13:44.191  1546  1927 I AiAiEcho: [CONTEXT ratelimit_period="10 SECONDS" ]
05-25 03:13:44.191  1546  1927 I AiAiEcho: #remoteViewsTwiddler: feature disabled.
05-25 03:13:44.192  1546  1927 I AiAiEcho: #postPredictionTargets: Sending updates to UISurface lockscreen with targets# 0 (types=[])
05-25 03:13:44.192   755   755 W libbinder.IPCThreadState: Sending oneway calls to frozen process.
05-25 03:13:44.192  1546  1927 I AiAiEcho: #postPredictionTargets: Sending updates to UISurface home with targets# 0 (types=[])
05-25 03:13:44.193   755   755 W libbinder.IPCThreadState: Sending oneway calls to frozen process.
05-25 03:13:44.193   755   755 W libbinder.IPCThreadState: Sending oneway calls to frozen process.
05-25 03:13:44.193   755   755 W libbinder.IPCThreadState: Sending oneway calls to frozen process.
05-25 03:13:44.193   755   755 W libbinder.IPCThreadState: Sending oneway calls to frozen process.
05-25 03:13:44.193   755   755 W libbinder.IPCThreadState: Sending oneway calls to frozen process.
05-25 03:13:44.193  1012  1012 W SsPagerDots: Total number of pages invalid: 0. Assuming 1 page.
05-25 03:13:44.194   755  2205 V AccessibilityManagerService: onUserStateChangedLocked for userId: 0, forceUpdate: false
05-25 03:13:44.194   755  2205 V AccessibilityUserState: updateShortcutTargets: type:accessibility_shortcut_target_service, current:{}, new:{}
05-25 03:13:44.194   755  2205 V AccessibilityUserState: updateShortcutTargets: type:accessibility_button_targets, current:{}, new:{}
05-25 03:13:44.194   755  2205 V AccessibilityUserState: updateShortcutTargets: type:accessibility_gesture_targets, current:{}, new:{}
05-25 03:13:44.194   755  2205 V AccessibilityUserState: updateShortcutTargets: type:accessibility_qs_targets, current:{}, new:{}
05-25 03:13:44.194   755  2205 V AccessibilityUserState: updateShortcutTargets: type:accessibility_key_gesture_targets, current:{}, new:{}
05-25 03:13:44.194   755  2205 W MagnificationConnectionManager: requestConnection duplicated request: connect=false, mConnectionState=DISCONNECTED
05-25 03:13:44.194   755   755 W libbinder.IPCThreadState: Sending oneway calls to frozen process.
05-25 03:13:44.194   755   755 W libbinder.IPCThreadState: Sending oneway calls to frozen process.
05-25 03:13:44.195   755   755 W libbinder.IPCThreadState: Sending oneway calls to frozen process.
05-25 03:13:44.195   755   755 W libbinder.IPCThreadState: Sending oneway calls to frozen process.
05-25 03:13:44.195   755   755 W libbinder.IPCThreadState: Sending oneway calls to frozen process.
05-25 03:13:44.195   755   755 W libbinder.IPCThreadState: Sending oneway calls to frozen process.
05-25 03:13:44.195   755   755 W libbinder.IPCThreadState: Sending oneway calls to frozen process.
05-25 03:13:44.195   755   755 W libbinder.IPCThreadState: Sending oneway calls to frozen process.
05-25 03:13:44.195  1546  3179 I AiAiEcho: Settings changed for uri: content://settings/secure/accessibility_enabled
05-25 03:13:44.195  1546  1927 I AiAiEcho: Predicting[0]:  [CONTEXT sampling_count=5 ]
05-25 03:13:44.196  1546  1927 I AiAiEcho: EchoTargets: 
05-25 03:13:44.196  1546  1927 I AiAiEcho: Filtered by AiAi flag check: 
05-25 03:13:44.196  1546  1927 I AiAiEcho: [CONTEXT ratelimit_period="10 SECONDS" ]
05-25 03:13:44.196  1546  1927 I AiAiEcho: #remoteViewsTwiddler: feature disabled.
05-25 03:13:44.196  1546  1927 I AiAiEcho: Predicting[0]:  [CONTEXT sampling_count=5 ]
05-25 03:13:44.196  1546  1927 I AiAiEcho: EchoTargets: 
05-25 03:13:44.196  1546  1927 I AiAiEcho: Filtered by AiAi flag check: 
05-25 03:13:44.196  1546  1927 I AiAiEcho: [CONTEXT ratelimit_period="10 SECONDS" ]
05-25 03:13:44.196  1546  1927 I AiAiEcho: #remoteViewsTwiddler: feature disabled.
05-25 03:13:44.197  1546  1927 I AiAiEcho: #postPredictionTargets: Sending updates to UISurface lockscreen with targets# 0 (types=[])
05-25 03:13:44.197   755   755 W libbinder.IPCThreadState: Sending oneway calls to frozen process.
05-25 03:13:44.197   755   755 W libbinder.IPCThreadState: Sending oneway calls to frozen process.
05-25 03:13:44.197   755   755 W libbinder.IPCThreadState: Sending oneway calls to frozen process.
05-25 03:13:44.197   755   755 W libbinder.IPCThreadState: Sending oneway calls to frozen process.
05-25 03:13:44.197   755   755 W libbinder.IPCThreadState: Sending oneway calls to frozen process.
05-25 03:13:44.197  1546  1927 I AiAiEcho: #postPredictionTargets: Sending updates to UISurface home with targets# 0 (types=[])
05-25 03:13:44.199   755   755 W libbinder.IPCThreadState: Sending oneway calls to frozen process.
05-25 03:13:44.199   755   755 W libbinder.IPCThreadState: Sending oneway calls to frozen process.
05-25 03:13:44.199   755   755 W libbinder.IPCThreadState: Sending oneway calls to frozen process.
05-25 03:13:44.200   755   755 W libbinder.IPCThreadState: Sending oneway calls to frozen process.
05-25 03:13:44.200   755   755 W libbinder.IPCThreadState: Sending oneway calls to frozen process.
05-25 03:13:44.200   755   755 W libbinder.IPCThreadState: Sending oneway calls to frozen process.
05-25 03:13:44.200   755   755 W libbinder.IPCThreadState: Sending oneway calls to frozen process.
05-25 03:13:44.200   755   755 W libbinder.IPCThreadState: Sending oneway calls to frozen process.
05-25 03:13:44.200   755   755 W libbinder.IPCThreadState: Sending oneway calls to frozen process.
05-25 03:13:44.200   755   755 W libbinder.IPCThreadState: Sending oneway calls to frozen process.
05-25 03:13:44.200   755   755 W libbinder.IPCThreadState: Sending oneway calls to frozen process.
05-25 03:13:44.201   755   755 W libbinder.IPCThreadState: Sending oneway calls to frozen process.
05-25 03:13:44.201   755   755 W libbinder.IPCThreadState: Sending oneway calls to frozen process.
05-25 03:13:44.201   755   755 W libbinder.IPCThreadState: Sending oneway calls to frozen process.
05-25 03:13:44.201   755   755 W libbinder.IPCThreadState: Sending oneway calls to frozen process.
05-25 03:13:44.201   755   755 W libbinder.IPCThreadState: Sending oneway calls to frozen process.
05-25 03:13:44.201   755   755 W libbinder.IPCThreadState: Sending oneway calls to frozen process.
05-25 03:13:44.201   755   755 W libbinder.IPCThreadState: Sending oneway calls to frozen process.
05-25 03:13:44.201   755   755 W libbinder.IPCThreadState: Sending oneway calls to frozen process.
05-25 03:13:44.201   755   755 W libbinder.IPCThreadState: Sending oneway calls to frozen process.
05-25 03:13:44.202   755   755 W libbinder.IPCThreadState: Sending oneway calls to frozen process.
05-25 03:13:44.202  1012  1012 W SsPagerDots: Total number of pages invalid: 0. Assuming 1 page.
05-25 03:13:44.202   755  1052 D AccessibilityManagerService: .getAccessibilityShortcutTargets {shortcutType=32, userId=0}
05-25 03:13:44.202   755   755 D BatterySaverPolicy: accessibility changed to true, updating policy.
05-25 03:13:44.825   755   854 D ActivityManager: freezing 1484 com.google.android.gms
05-25 03:13:44.827   755   854 D ActivityManager: freezing 9602 com.google.android.adservices.api
05-25 03:13:44.843   755   916 D InetDiagMessage: Destroyed 0 sockets, proto=IPPROTO_TCP, family=AF_INET, states=14
05-25 03:13:44.843   755   916 D InetDiagMessage: Destroyed 0 sockets, proto=IPPROTO_TCP, family=AF_INET6, states=14
05-25 03:13:44.843   755   916 D InetDiagMessage: Destroyed live tcp sockets for uids={10202} in 1ms
05-25 03:13:45.226 11744 11744 W AccessibilityNodeInfoDumper: Fetch time: 1ms
05-25 03:13:45.227   755  1052 V AccessibilityManagerService: onUserStateChangedLocked for userId: 0, forceUpdate: false
05-25 03:13:45.229   755  1052 V AccessibilityUserState: updateShortcutTargets: type:accessibility_shortcut_target_service, current:{}, new:{}
05-25 03:13:45.229   755  1052 V AccessibilityUserState: updateShortcutTargets: type:accessibility_button_targets, current:{}, new:{}
05-25 03:13:45.229   755  1052 V AccessibilityUserState: updateShortcutTargets: type:accessibility_gesture_targets, current:{}, new:{}
05-25 03:13:45.229   755  1052 V AccessibilityUserState: updateShortcutTargets: type:accessibility_qs_targets, current:{}, new:{}
05-25 03:13:45.229   755  1052 V AccessibilityUserState: updateShortcutTargets: type:accessibility_key_gesture_targets, current:{}, new:{}
05-25 03:13:45.229   755  1052 W MagnificationConnectionManager: requestConnection duplicated request: connect=false, mConnectionState=DISCONNECTED
05-25 03:13:45.229   755  1052 D AccessibilityManagerService: restoreCurrentUserForTestAutomationIfNeededLocked(): ignoring because device doesn't support visible background users
05-25 03:13:45.229   755   755 W libbinder.IPCThreadState: Sending oneway calls to frozen process.
05-25 03:13:45.229   755   755 W libbinder.IPCThreadState: Sending oneway calls to frozen process.
05-25 03:13:45.230  1546  2094 I AiAiEcho: Settings changed for uri: content://settings/secure/accessibility_enabled
05-25 03:13:45.230   755   755 W libbinder.IPCThreadState: Sending oneway calls to frozen process.
05-25 03:13:45.230   755   755 W libbinder.IPCThreadState: Sending oneway calls to frozen process.
05-25 03:13:45.230   755   755 W libbinder.IPCThreadState: Sending oneway calls to frozen process.
05-25 03:13:45.230   755   755 W libbinder.IPCThreadState: Sending oneway calls to frozen process.
05-25 03:13:45.230   755   755 W libbinder.IPCThreadState: Sending oneway calls to frozen process.
05-25 03:13:45.230 11744 11744 D AndroidRuntime: Shutting down VM
05-25 03:13:45.230   755   755 W libbinder.IPCThreadState: Sending oneway calls to frozen process.
05-25 03:13:45.231  1546  1927 I AiAiEcho: Predicting[0]:  [CONTEXT sampling_count=5 ]
05-25 03:13:45.231  1546  1927 I AiAiEcho: EchoTargets: 
05-25 03:13:45.231  1546  1927 I AiAiEcho: Filtered by AiAi flag check: 
05-25 03:13:45.231  1546  1927 I AiAiEcho: [CONTEXT ratelimit_period="10 SECONDS" ]
05-25 03:13:45.231  1546  1927 I AiAiEcho: #remoteViewsTwiddler: feature disabled.
05-25 03:13:45.232  1546  1927 I AiAiEcho: Predicting[0]:  [CONTEXT sampling_count=5 ]
05-25 03:13:45.232   755   755 W libbinder.IPCThreadState: Sending oneway calls to frozen process.
05-25 03:13:45.232  1546  1927 I AiAiEcho: EchoTargets: 
05-25 03:13:45.232  1546  1927 I AiAiEcho: Filtered by AiAi flag check: 
05-25 03:13:45.232  1546  1927 I AiAiEcho: [CONTEXT ratelimit_period="10 SECONDS" ]
05-25 03:13:45.232  1546  1927 I AiAiEcho: #remoteViewsTwiddler: feature disabled.
05-25 03:13:45.232   755   755 W libbinder.IPCThreadState: Sending oneway calls to frozen process.
05-25 03:13:45.232   755   755 W libbinder.IPCThreadState: Sending oneway calls to frozen process.
05-25 03:13:45.232   755   755 W libbinder.IPCThreadState: Sending oneway calls to frozen process.
05-25 03:13:45.232   755   755 W libbinder.IPCThreadState: Sending oneway calls to frozen process.
05-25 03:13:45.232  1546  1927 I AiAiEcho: #postPredictionTargets: Sending updates to UISurface lockscreen with targets# 0 (types=[])
05-25 03:13:45.232 11744 11752 W libbinder.IPCThreadState: call to talkWithDriver in joinThreadPool returned error: -9 (Bad file descriptor), FD: -1
05-25 03:13:45.232   755   755 W libbinder.IPCThreadState: Sending oneway calls to frozen process.
05-25 03:13:45.232 11744 11753 W libbinder.IPCThreadState: call to talkWithDriver in joinThreadPool returned error: -9 (Bad file descriptor), FD: -1
05-25 03:13:45.232  1012  1012 W SsPagerDots: Total number of pages invalid: 0. Assuming 1 page.
05-25 03:13:45.232   755   755 W libbinder.IPCThreadState: Sending oneway calls to frozen process.
05-25 03:13:45.233   755   755 W libbinder.IPCThreadState: Sending oneway calls to frozen process.
05-25 03:13:45.233   755   755 W libbinder.IPCThreadState: Sending oneway calls to frozen process.
05-25 03:13:45.233   755   755 W libbinder.IPCThreadState: Sending oneway calls to frozen process.
05-25 03:13:45.233   755   755 W libbinder.IPCThreadState: Sending oneway calls to frozen process.
05-25 03:13:45.233   755   755 W libbinder.IPCThreadState: Sending oneway calls to frozen process.
05-25 03:13:45.233   755   755 W libbinder.IPCThreadState: Sending oneway calls to frozen process.
05-25 03:13:45.233   755   755 W libbinder.IPCThreadState: Sending oneway calls to frozen process.
05-25 03:13:45.233  1546  1927 I AiAiEcho: #postPredictionTargets: Sending updates to UISurface home with targets# 0 (types=[])
05-25 03:13:45.233   755   755 W libbinder.IPCThreadState: Sending oneway calls to frozen process.
05-25 03:13:45.234   755   755 W libbinder.IPCThreadState: Sending oneway calls to frozen process.
05-25 03:13:45.234   755   755 D BatterySaverPolicy: accessibility changed to false, updating policy.
05-25 03:13:45.574   755   785 W libbinder.IPCThreadState: Sending oneway calls to frozen process.
05-25 03:13:45.574   755   785 W libbinder.IPCThreadState: Sending oneway calls to frozen process.
05-25 03:13:46.070   755   906 I HalDevMgr: bestIfaceCreationProposal is null, requestIface=STA, existingIface=[name=wlan0 type=STA]
05-25 03:13:46.146 11587 11587 I ImeTracker: com.tiarnanlarkin.danio:84e0e8eb: onRequestShow at ORIGIN_CLIENT reason SHOW_SOFT_INPUT fromUser false
05-25 03:13:46.149 11587 11587 I HWUI    : Using FreeType backend (prop=Auto)
05-25 03:13:46.151 11587 11587 D InsetsController: show(ime())
05-25 03:13:46.152 11587 11587 D InsetsController: Setting requestedVisibleTypes to 511 (was 503)
05-25 03:13:46.152  1440  1440 I GoogleInputMethodService: GoogleInputMethodService.onFinishInput():2259 
05-25 03:13:46.152  1440  1440 I Module  : DeviceLockedStatusModuleProvider$Module.updateDeviceLockedStatus():103 repeatCheckTimes = 0, locked = false
05-25 03:13:46.153  1440  1440 I GoogleInputMethodService: GoogleInputMethodService.onStartInput():1446 onStartInput(EditorInfo{EditorInfo{packageName=com.tiarnanlarkin.danio, inputType=a001, inputTypeString=Normal[CapWords|AutoCorrect], enableLearning=false, autoCorrection=true, autoComplete=true, imeOptions=2000006, privateImeOptions=null, actionName=DONE, actionLabel=null, initialSelStart=0, initialSelEnd=0, initialCapsMode=0, label=null, fieldId=1, fieldName=null, extras=Bundle[mParcelledData.dataSize=168], hintText=null, hintLocales=[]}}, false)
05-25 03:13:46.153  1440  1440 I AndroidIME: LatinIMEBase.updateInputViewCoverNavigation():322 Update input view padding, isNavbarOverInputWindow=true, bottom inset=126
05-25 03:13:46.153  1440  1440 I Module  : DeviceLockedStatusModuleProvider$Module.updateDeviceLockedStatus():103 repeatCheckTimes = 1, locked = false
05-25 03:13:46.154   755   966 D BackgroundInstallControlService: Package event received: 0
05-25 03:13:46.155   755  1052 W PackageConfigPersister: App-specific configuration not found for packageName: com.tiarnanlarkin.danio and userId: 0
05-25 03:13:46.156  1440  1440 I GoogleInputMethodService: GoogleInputMethodService.onStartInputView():1532 onStartInputView(EditorInfo{EditorInfo{packageName=com.tiarnanlarkin.danio, inputType=a001, inputTypeString=Normal[CapWords|AutoCorrect], enableLearning=false, autoCorrection=true, autoComplete=true, imeOptions=2000006, privateImeOptions=null, actionName=DONE, actionLabel=null, initialSelStart=0, initialSelEnd=0, initialCapsMode=0, label=null, fieldId=1, fieldName=null, extras=Bundle[{androidx.core.view.inputmethod.EditorInfoCompat.STYLUS_HANDWRITING_ENABLED=true}], hintText=null, hintLocales=[]}}, false)
05-25 03:13:46.157  1440  1440 I KeyboardHeightUtil: KeyboardHeightUtil.getOemKeyboardHeightRatio():81 systemKeyboardHeightRatio:1.000000.
05-25 03:13:46.158  1440  1820 W ModuleManager: ModuleManager.loadModule():634 Module pyg is not available
05-25 03:13:46.199 11587 11587 D InputConnectionAdaptor: The input method toggled cursor monitoring on
05-25 03:13:46.201  1440  1440 I AndroidIME: InputBundleManager.startInput():357 startInput2 restarting=false
05-25 03:13:46.201  1440  1440 I AndroidIME: InputBundleManager.loadActiveInputBundleId():542 loadActiveInputBundleId: en-US, ime_english_united_states
05-25 03:13:46.201  1440  1440 I InputBundle: InputBundle.activateIme():597 activateIme: INACTIVE, keyboardType=prime
05-25 03:13:46.202  1440  1440 I AndroidIME: AbstractIme.onActivate():95 LatinIme.onActivate() : EditorInfo = EditorInfo{packageName=com.tiarnanlarkin.danio, inputType=a001, inputTypeString=Normal[CapWords|AutoCorrect], enableLearning=false, autoCorrection=true, autoComplete=true, imeOptions=2000006, privateImeOptions=null, actionName=DONE, actionLabel=null, initialSelStart=0, initialSelEnd=0, initialCapsMode=0, label=null, fieldId=1, fieldName=null, extras=Bundle[{androidx.core.view.inputmethod.EditorInfoCompat.STYLUS_HANDWRITING_ENABLED=true}], hintText=null, hintLocales=[]}, IncognitoMode = false, DeviceLocked = false
05-25 03:13:46.202  1440  1440 I InputBundle: InputBundle.consumeEvent():1051 Skip consuming an event as keyboard status is INACTIVE
05-25 03:13:46.202  1440  1820 I NebulaeTrainingCacheMetricsProcessor: NebulaeTrainingCacheMetricsProcessor.processBeginSession():252 Begin training cache session: com.tiarnanlarkin.danio_1/
05-25 03:13:46.202  1440  1440 I Delight5Facilitator: Delight5Facilitator.initializeForIme():745 initializeForIme() : Locale = [en_US], layout = qwerty
05-25 03:13:46.202  1440  1440 I LatinIme: LatinIme.updateEnableInlineSuggestionsOnDecoderSideFlags():1277 inline flag updated to:false
05-25 03:13:46.202  1440  1440 I LatinIme: LatinIme.updateEnableInlineSuggestionsOnDecoderSideFlags():1277 inline flag updated to:false
05-25 03:13:46.204  1440  1440 I InputBundle: InputBundle.consumeEvent():1051 Skip consuming an event as keyboard status is INACTIVE
05-25 03:13:46.204  1440  1440 I LatinIme: LatinIme.resetInputContext():2284 resetInputContext(): reason=1, externalEditsInfo=ExternalEditsInfo{action=0, offset=-1, text=null, originalText=null, edits=null}
05-25 03:13:46.204  1440  1440 I InputBundle: InputBundle.consumeEvent():1051 Skip consuming an event as keyboard status is INACTIVE
05-25 03:13:46.204  1440  1440 I InputBundle: InputBundle.activateKeyboard():652 activateKeyboard: ACTIVE, type=ocu[keyboardType=prime, payload=null]
05-25 03:13:46.204  1440  1440 I KeyboardWrapper: KeyboardWrapper.activateKeyboard():592 activateKeyboard(): type=prime, status=INACTIVE, imeDef=obp{stringId=ime_english_united_states, language=en-US, languageTag=en-US, processedConditions={writing_helper_enable_by_word_revert=false, true=true, enable_number_row=false, device=phone, enable_pk_simulator=false}, className=com.google.android.apps.inputmethod.libs.latin5.LatinIme, label=0, keyEventInterpreter=null, inlineComposing=true, autoCapital=true, announceAutoSelectedCandidate=true, statusIcon=0, indicatorIcon=0, indicatorLabel=US, displayAppCompletions=true, extraValues=obi{#0x7f0b02e5=TypedValue{t=0x3/d=0x0 "com.google.android.apps.inputmethod.libs.latin5.LatinIme"}}, processors=odh@58112c1, unacceptableMetaKeys=4098, languageSpecificSettings=0, asciiCapable=true, alwaysShowSuggestions=false, useAsciiPasswordKeyboard=false, keyboardGroupDef=ocq@b62eb64, phenotypeFlagId=0, localizationLanguageTag=null, supportsInlineSuggestion=true}
05-25 03:13:46.205  1440  1440 I KeyboardManager: KeyboardManager.requestKeyboard():249 Creating keyboard prime, imeId=ime_english_united_states, cacheKey=theme,!gsf,!pgsans,!pgsf,!use_system_font,BORDER,DYNAMIC_DARK_BRIGHT_KEY,FLAVOR_DPI=XXHDPI,IS_LIGHT,KEYBOARD_WIDTH_CATEGORY=NORMAL,KEY_BORDER_SHAPE=1,LIGHT_THEME=true,PHYSICAL_DIAGONAL=6.1297245,POPUP,SCREEN_SHORTEST_WIDTH=411,SCREEN_SHORTEST_WIDTH_NO_SCALE=411,SW400DP,XXHDPI,bottom4dp,bright_key_on_dynamic_color_dark_theme=true,enable_popup_on_keypress=true,keyboard_redesign_google_sans=true,non_linear_scale,noshadow,overlay_builtin_dynamic_color_light_base.binarypb:gm3-light-fffaf8fe-ff4e5e8b-4fee5571778e92b08ff4c2d3d15b9d3f,silkpopup
05-25 03:13:46.205  1440  1440 I KeyboardDefManager: KeyboardDefManager.requestKeyboardDef():181 requestKeyboardDef(): type=prime, info=ocn{defIds=[#0x7f1705fa, #0x7f170891], defIdsCacheKey=[2132215290, 2132215953]}
05-25 03:13:46.205  1440  1440 I KeyboardDefManager: KeyboardDefManager.requestKeyboardDef():243 requestKeyboardDef(): getOrCreate from cache, info=ocn{defIds=[#0x7f1705fa, #0x7f170891], defIdsCacheKey=[2132215290, 2132215953]}
05-25 03:13:46.205  1440  1440 I KeyboardDefManager: KeyboardDefManager$1.onSuccess():277 requestKeyboardDef onSuccess(): info=ocn{defIds=[#0x7f1705fa, #0x7f170891], defIdsCacheKey=[2132215290, 2132215953]}
05-25 03:13:46.205  1440  1440 I KeyboardWrapper: KeyboardWrapper.onKeyboardReady():226 onKeyboardReady(): type=prime(prime), kb=com.google.android.apps.inputmethod.latin.keyboard.LatinPrimeKeyboard@8a60593
05-25 03:13:46.205  1440  1440 I KeyboardWrapper: KeyboardWrapper.doActivateKeyboard():624 doActivateKeyboard(): prime
05-25 03:13:46.206  1440  1440 I BaseKeyboardSizeHelper: BaseKeyboardSizeHelper.calculateMaxKeyboardBodyHeight():73 leave 281 height for app when ime window height:2211, header height:116 and isFullscreenMode:false, so the max keyboard body height is:1814
05-25 03:13:46.206  1440  1440 I GlobeKeyExtension: GlobeKeyExtension.getKeyboardInitialStates():186 
05-25 03:13:46.206  1440  1440 W Keyboard: Keyboard.getKeyboardViewHelper():607 null helper is returned: keyboardDef=oci{processedConditions={show_comma_key=true, enable_more_candidates_view_for_multilingual=false, layout_9key_split=false, enable_secondary_symbols=false, pref_enable_flick_symbols=false, enable_scrub_move=true, language=en-US, deprecate_long_press_space_for_ime_picker=false, expressions=normal, android_software_xr_api_spatial=false, variant=qwerty, free_cursor=false, show_period_key=true, device=phone, keyboard_mode=normal, show_secondary_digits=true, enable_pk_simulator=false, enable_preemptive_decode=true}, globalConditions={global_theme_key=theme,!gsf,!pgsans,!pgsf,!use_system_font,BORDER,DYNAMIC_DARK_BRIGHT_KEY,FLAVOR_DPI=XXHDPI,IS_LIGHT,KEYBOARD_WIDTH_CATEGORY=NORMAL,KEY_BORDER_SHAPE=1,LIGHT_THEME=true,PHYSICAL_DIAGONAL=6.1297245,POPUP,SCREEN_SHORTEST_WIDTH=411,SCREEN_SHORTEST_WIDTH_NO_SCALE=411,SW400DP,XXHDPI,bottom4dp,bright_key_on_dynamic_color_dark_theme=true,enable_popup_on_keypress=true,keyboard_redesign_google_sans=true,non_linear_scale,noshadow,overlay_builtin_dynamic_color_light_base.binarypb:gm3-light-fffaf8fe-ff4e5e8b-4fee5571778e92b08ff4c2d3d15b9d3f,silkpopup, global_locale=en_US, global_density_dpi=420, global_orientation=1}, className=.latin.keyboard.LatinPrimeKeyboard, resourceIds=[#0x7f1705fa, #0x7f170891], initialStates=0, keyboardViewDefs=[ocy{direction=null, id=#0x7f0b0229, isScalable=true, layoutId=#0x7f0e0383, type=BODY, touchable=true, defaultShow=true}, ocy{direction=null, id=#0x7f0b0229, isScalable=false, layoutId=#0x7f0e0218, type=FLOATING_CANDIDATES, touchable=false, defaultShow=false}, ocy{direction=LOCALE, id=#0x7f0b0229, isScalable=false, layoutId=#0x7f0e0520, type=HEADER, touchable=true, defaultShow=true}], persistentStates=0, persistentStatesPrefKey=null, popupBubbleLayoutId=#0x7f0e0611, recentKeyLayoutId=#0x0, recentKeyPopupLayoutId=#0x0, recentKeyType=null, rememberRecentKey=NONE, sessionStates=26388279066624}, type=WIDGET, helpersCreated={HEADER=nnb@7d81350, BODY=nnb@cc2c949, FLOATING_CANDIDATES=nnb@fba224e}, context.getResources().getConfiguration(): {1.0 310mcc260mnc [en_US] ldltr sw411dp w411dp h914dp 420dpi nrml long compactNeeded port finger qwerty/v/v dpad/v winConfig={ mBounds=Rect(0, 0 - 1080, 2400) mAppBounds=Rect(0, 0 - 1080, 2400) mMaxBounds=Rect(0, 0 - 1080, 2400) mDisplayRotation=ROTATION_0 mWindowingMode=fullscreen mActivityType=undefined mAlwaysOnTop=undefined mRotation=ROTATION_0} s.9 fontWeightAdjustment=0}
05-25 03:13:46.206  1440  1440 I BaseKeyboardSizeHelper: BaseKeyboardSizeHelper.calculateMaxKeyboardBodyHeight():73 leave 281 height for app when ime window height:2211, header height:116 and isFullscreenMode:false, so the max keyboard body height is:1814
05-25 03:13:46.208  1440  1440 I AndroidIME: InputBundleManager.startInput():372 startInput() with ocu[keyboardType=prime, payload=null]
05-25 03:13:46.209  1440  1440 I PkModeUpdater: PkModeUpdater.onActivate():76 onActivate false true
05-25 03:13:46.209  1440  1440 I AccessoryInputModeManager: AccessoryInputModeManager.onModeStarted():346 Accessory input mode started: null
05-25 03:13:46.209  1440  1440 W SupplementaryKeyboardsWrapper: SupplementaryKeyboardsWrapper.deactivateKeyboard():162 keyboard accessory_candidates_consumer is not activated before!
05-25 03:13:46.209  1440  1440 W SupplementaryKeyboardsWrapper: SupplementaryKeyboardsWrapper.deactivateKeyboard():162 keyboard composing_text_consumer is not activated before!
05-25 03:13:46.209  1440  1440 I GlobeKeyExtension: GlobeKeyExtension.onActivate():130 
05-25 03:13:46.209  1440  1440 I KeyboardModeUtils: KeyboardModeUtils.getKeyboardBottomOffset():432 inch: 0.000000 ydpi: 420.000000 adjustKeyboardBottomByDisplaySize: false currentDensityDpi: 420 defaultDensityDpi: 420 keyboardBottomToScreenPx: 0 keyboardBottomToNavBarPx: -126 navBarHeight: 126
05-25 03:13:46.209  1440  1440 I BaseKeyboardSizeHelper: BaseKeyboardSizeHelper.calculateMaxKeyboardBodyHeight():73 leave 281 height for app when ime window height:2211, header height:116 and isFullscreenMode:false, so the max keyboard body height is:1814
05-25 03:13:46.210  1440  1440 I BaseKeyboardSizeHelper: BaseKeyboardSizeHelper.calculateMaxKeyboardBodyHeight():73 leave 281 height for app when ime window height:2211, header height:116 and isFullscreenMode:false, so the max keyboard body height is:1814
05-25 03:13:46.210  1440  1440 I BaseKeyboardSizeHelper: BaseKeyboardSizeHelper.calculateMaxKeyboardBodyHeight():73 leave 281 height for app when ime window height:2211, header height:116 and isFullscreenMode:false, so the max keyboard body height is:1814
05-25 03:13:46.210  1440  1440 I BaseKeyboardSizeHelper: BaseKeyboardSizeHelper.calculateMaxKeyboardBodyHeight():73 leave 281 height for app when ime window height:2211, header height:116 and isFullscreenMode:false, so the max keyboard body height is:1814
05-25 03:13:46.210  1440  1440 W ExtensionWrapper: ExtensionWrapper.setExtensionViewVisibility():878 interface nqy is not activate
05-25 03:13:46.210  1440  1440 I VoiceInputManagerWrapper: VoiceInputManagerWrapper.cancelShutdown():109 cancelShutdown()
05-25 03:13:46.210  1440  1440 I VoiceInputManagerWrapper: VoiceInputManagerWrapper.syncLanguagePacks():121 syncLanguagePacks()
05-25 03:13:46.210  1440  1440 I VoiceInputManager: VoiceInputManager.onKeyboardActivated():1204 onKeyboardActivated() [UD]
05-25 03:13:46.210  1440  1440 I UniversalDictationUiProvider: UniversalDictationUiProvider.onActivate():63 onActivate() [UD]
05-25 03:13:46.210  1440  5833 I SpeechFactory: SpeechRecognitionFactory.maybeScheduleAutoPackDownloadForFallback():221 maybeScheduleAutoPackDownloadForFallback()
05-25 03:13:46.211  1440  5833 I FallbackOnDeviceRecognitionProvider: FallbackOnDeviceRecognitionProvider.maybeScheduleAutoPackDownload():213 maybeScheduleAutoPackDownload() for language tag en-US
05-25 03:13:46.212  1440  1440 I Module  : DeviceLockedStatusModuleProvider$Module.updateDeviceLockedStatus():103 repeatCheckTimes = 1, locked = false
05-25 03:13:46.212  1440  1440 I VoiceImeExtension: VoiceImeExtension.shouldStartVoiceInputAutomaticallyInCurrentInputBox():384 No private IME option set to start voice input.
05-25 03:13:46.213  1440  1440 D ImeBackCallbackSender: Register OnBackInvokedCallback with priority=-1 at app window (packageName=com.tiarnanlarkin.danio)
05-25 03:13:46.214  1440 11763 I SystemHapticSettings: SystemHapticSettings.updateSystemVibrationState():63 update vibration state: true
05-25 03:13:46.216   755   966 D BackgroundInstallControlService: Package event received: 0
05-25 03:13:46.225 11587 11587 D WindowOnBackDispatcher: setTopOnBackInvokedCallback (unwrapped): android.view.ImeBackAnimationController@6e7b463
05-25 03:13:46.234   755  1052 D CoreBackPreview: Window{c037531 u0 com.tiarnanlarkin.danio/com.tiarnanlarkin.danio.MainActivity}: Setting back callback OnBackInvokedCallbackInfo{mCallback=android.window.IOnBackInvokedCallback$Stub$Proxy@db594cc, mPriority=0, mIsAnimationCallback=true, mOverrideBehavior=0}
05-25 03:13:46.251  1440  1440 I GoogleInputMethodService: GoogleInputMethodService$1.onKeyboardViewShown():344 onKeyboardViewShown: keyboardType=prime, keyboardViewType=HEADER keyboardView=com.google.android.libraries.inputmethod.widgets.SoftKeyboardView{8e7f6a9 V.E...... ........ 0,0-1080,116}
05-25 03:13:46.251  1440  1440 I BaseKeyboardSizeHelper: BaseKeyboardSizeHelper.calculateMaxKeyboardBodyHeight():73 leave 281 height for app when ime window height:2211, header height:116 and isFullscreenMode:false, so the max keyboard body height is:1814
05-25 03:13:46.251  1440  1440 I GoogleInputMethodService: GoogleInputMethodService$1.onKeyboardViewShown():344 onKeyboardViewShown: keyboardType=prime, keyboardViewType=BODY keyboardView=com.google.android.libraries.inputmethod.widgets.SoftKeyboardView{434c3cb V.E...... ........ 0,0-1080,641}
05-25 03:13:46.251  1440  1440 I BaseKeyboardSizeHelper: BaseKeyboardSizeHelper.calculateMaxKeyboardBodyHeight():73 leave 281 height for app when ime window height:2211, header height:116 and isFullscreenMode:false, so the max keyboard body height is:1814
05-25 03:13:46.251  1440  1440 I GlobeKeyExtension: GlobeKeyExtension$1.onKeyboardViewShown():77 maybeDisableLanguageSwitchKeyPref when the keyboard is shown
05-25 03:13:46.252  1440  1440 I GlobeKeyExtension: GlobeKeyExtension.maybeDisableLanguageSwitchKeyPref():211 maybeDisableLanguageSwitchKeyPref hasGlobeKeyBeenDisabled: true, shouldDisableLanguageSwitchKey: true
05-25 03:13:46.252  1440  1440 I NewLanguagePromptExtension: NewLanguagePromptExtension$1.onKeyboardViewShown():98 Not show new language banner: no change in enabled input method entries
05-25 03:13:46.252  1440  1440 I DynamicLayoutHandler: DynamicLayoutHandler.loadDynamicKeys():92 This isn't a dynamic layout.
05-25 03:13:46.252  1440  1929 I Delight5Decoder: Delight5DecoderWrapper.setKeyboardLayout():551 setKeyboardLayout()
05-25 03:13:46.252  1440  1440 I KeyboardModeUtils: KeyboardModeUtils.getKeyboardBottomOffset():432 inch: 0.000000 ydpi: 420.000000 adjustKeyboardBottomByDisplaySize: false currentDensityDpi: 420 defaultDensityDpi: 420 keyboardBottomToScreenPx: 0 keyboardBottomToNavBarPx: -126 navBarHeight: 126
05-25 03:13:46.252  1440  1440 I BaseKeyboardSizeHelper: BaseKeyboardSizeHelper.calculateMaxKeyboardBodyHeight():73 leave 281 height for app when ime window height:2211, header height:116 and isFullscreenMode:false, so the max keyboard body height is:1814
05-25 03:13:46.252  1440  1440 I BaseKeyboardSizeHelper: BaseKeyboardSizeHelper.calculateMaxKeyboardBodyHeight():73 leave 281 height for app when ime window height:2211, header height:116 and isFullscreenMode:false, so the max keyboard body height is:1814
05-25 03:13:46.256   755  1865 D ActivityManager: sync unfroze 1484 com.google.android.gms for 6
05-25 03:13:46.258  1012  1069 D Bubbles : BubbleController.BubblesImeListener.onImeVisibilityChanged visible=truerunnable=null stackView=null
05-25 03:13:46.259   755   966 D BackgroundInstallControlService: Package event received: 0
05-25 03:13:46.260   755  1865 D ActivityManager: sync unfroze 9602 com.google.android.adservices.api for 6
05-25 03:13:46.262   755   966 D BackgroundInstallControlService: Package event received: 0
05-25 03:13:46.271  1484  1484 D BoundBrokerSvc: onBind: Intent { act=com.google.firebase.dynamiclinks.service.START xflg=0x4 pkg=com.google.android.gms }
05-25 03:13:46.271  1484  1484 D BoundBrokerSvc: Loading bound service for intent: Intent { act=com.google.firebase.dynamiclinks.service.START xflg=0x4 pkg=com.google.android.gms }
05-25 03:13:46.273   755  1865 W ProcessStats: Tracking association SourceState{120d728 com.google.android.gms/10147 BFgs #4531} whose proc state 4 is better than process ProcessState{8a31b6 com.google.android.adservices.api/10202 pkg=com.google.android.adservices.api} proc state 14 (1 skipped)
05-25 03:13:46.293 11587 11587 D VRI[MainActivity]: WindowInsets changed: ime:[0,0,0,883] 
05-25 03:13:46.295 11587 11587 W InteractionJankMonitor: Initializing without READ_DEVICE_CONFIG permission. enabled=false, interval=1, missedFrameThreshold=3, frameTimeThreshold=64, package=com.tiarnanlarkin.danio
05-25 03:13:46.296 11587 11587 D FlutterJNI: Sending viewport metrics to the engine.
05-25 03:13:46.323 11587 11587 D FlutterJNI: Sending viewport metrics to the engine.
05-25 03:13:46.329 11587 11587 D FlutterJNI: Sending viewport metrics to the engine.
05-25 03:13:46.345 11587 11587 D FlutterJNI: Sending viewport metrics to the engine.
