05-25 03:02:10.327  1546  1927 I AiAiEcho: #postPredictionTargets: Sending updates to UISurface lockscreen with targets# 0 (types=[])
05-25 03:02:10.327 10426 10438 W libbinder.IPCThreadState: call to talkWithDriver in joinThreadPool returned error: -9 (Bad file descriptor), FD: -1
05-25 03:02:10.330  1546  1927 I AiAiEcho: #postPredictionTargets: Sending updates to UISurface home with targets# 0 (types=[])
05-25 03:02:10.332  1012  1012 W SsPagerDots: Total number of pages invalid: 0. Assuming 1 page.
05-25 03:02:10.413  1529  1529 D WM-DelayedWorkTracker: Scheduling work d659e153-cf60-4559-b0bc-8bf02776610a
05-25 03:02:10.413  1529  1529 D WM-GreedyScheduler: Starting tracking for d659e153-cf60-4559-b0bc-8bf02776610a
05-25 03:02:10.414  1529  1727 D WM-ConstraintTracker: BatteryNotLowTracker: initial state = true
05-25 03:02:10.414  1529  1727 D WM-BrdcstRcvrCnstrntTrc: BatteryNotLowTracker: registering receiver
05-25 03:02:10.417  1529  1727 D WM-GreedyScheduler: Constraints met: Scheduling work ID WorkGenerationalId(workSpecId=d659e153-cf60-4559-b0bc-8bf02776610a, generation=0)
05-25 03:02:10.418  1529  1727 D WM-Processor: Processor: processing WorkGenerationalId(workSpecId=d659e153-cf60-4559-b0bc-8bf02776610a, generation=0)
05-25 03:02:10.421  1529  1529 D WM-SystemJobService: onStartJob for WorkGenerationalId(workSpecId=d659e153-cf60-4559-b0bc-8bf02776610a, generation=0)
05-25 03:02:10.422  1529  1529 D WM-WorkerWrapper: Starting work for com.android.providers.media.photopicker.sync.ProactiveSyncWorker
05-25 03:02:10.422  1529  1727 D WM-Processor: Work WorkGenerationalId(workSpecId=d659e153-cf60-4559-b0bc-8bf02776610a, generation=0) is already enqueued for processing
05-25 03:02:10.422  1529 10439 I PSyncWorker: Starting proactive picker sync from sync source: 1
05-25 03:02:10.423  1529 10439 I PickerSyncTracker: Created new sync future java.util.concurrent.CompletableFuture@9d9b8e4[Not completed, 1 dependents]. Future map: {d659e153-cf60-4559-b0bc-8bf02776610a=java.util.concurrent.CompletableFuture@9d9b8e4[Not completed, 1 dependents]}
05-25 03:02:10.423  1529 10439 D PickerSyncController: syncAllMediaFromProvider() LOCAL, auth=com.android.providers.media.photopicker, retry=true
05-25 03:02:10.423  1529 10439 D PickerSyncController: getSyncRequestParams() LOCAL, auth=com.android.providers.media.photopicker
05-25 03:02:10.424  1529 10439 D PickerSyncController:    Latest ID/Gen=92835bc8fd6dde81:external_primary/2895
05-25 03:02:10.424  1529 10439 D PickerSyncController:    Cached ID/Gen=92835bc8fd6dde81:external_primary/2877
05-25 03:02:10.425  1529 10439 D PickerSyncController:    RESULT=SyncRequestParams{type=MEDIA_INCREMENTAL, gen=2877, latest=Bundle[{last_media_sync_generation=2895, media_collection_id=92835bc8fd6dde81:external_primary}], pageSize=1000}
05-25 03:02:10.425  1529 10439 I PickerSyncController: Executing SyncAdd. isLocal: true. authority: com.android.providers.media.photopicker
05-25 03:02:10.425  1529 10439 D PickerSyncLockManager: Trying to acquire lock com.android.providers.media.photopicker.sync.CloseableReentrantLock@cffd47[Unlocked]. Lock Name = CLOUD_PROVIDER_LOCK. Threads that may be waiting to acquire this lock = [] with timeout.
05-25 03:02:10.425  1529 10439 D CloseableReentrantLock: Successfully acquired lock com.android.providers.media.photopicker.sync.CloseableReentrantLock@cffd47[Locked by thread pool-4-thread-135]. Lock Name = CLOUD_PROVIDER_LOCK. Threads that may be waiting to acquire this lock = []
05-25 03:02:10.425  1529 10439 D CloseableReentrantLock: Successfully released lock com.android.providers.media.photopicker.sync.CloseableReentrantLock@cffd47[Unlocked]. Lock Name = CLOUD_PROVIDER_LOCK. Threads that may be waiting to acquire this lock = []
05-25 03:02:10.425  1529 10439 D ExternalDbFacade: Token received for queryMedia = null
05-25 03:02:10.426  1529 10439 V PickerDbFacade: Failed to insert picker db media. ContentValues: _user_id=0 standard_mime_type_extension=0 size_bytes=193820 orientation=0 height=2400 owner_package_name=com.android.shell date_taken_ms=1779674223000 duration_ms=0 sync_generation=2891 mime_type=image/png width=1080 is_favorite=0 local_id=263 is_visible=1
05-25 03:02:10.426  1529 10439 V PickerDbFacade: android.database.sqlite.SQLiteConstraintException: UNIQUE constraint failed: media.local_id, media.is_visible (code 2067 SQLITE_CONSTRAINT_UNIQUE)
05-25 03:02:10.426  1529 10439 V PickerDbFacade: 	at android.database.sqlite.SQLiteConnection.nativeExecuteForLastInsertedRowId(Native Method)
05-25 03:02:10.426  1529 10439 V PickerDbFacade: 	at android.database.sqlite.SQLiteConnection.executeForLastInsertedRowId(SQLiteConnection.java:995)
05-25 03:02:10.426  1529 10439 V PickerDbFacade: 	at android.database.sqlite.SQLiteSession.executeForLastInsertedRowId(SQLiteSession.java:825)
05-25 03:02:10.426  1529 10439 V PickerDbFacade: 	at android.database.sqlite.SQLiteStatement.executeInsert(SQLiteStatement.java:89)
05-25 03:02:10.426  1529 10439 V PickerDbFacade: 	at android.database.DatabaseUtils.executeInsert(DatabaseUtils.java:234)
05-25 03:02:10.426  1529 10439 V PickerDbFacade: 	at android.database.sqlite.SQLiteQueryBuilder.insert(SQLiteQueryBuilder.java:638)
05-25 03:02:10.426  1529 10439 V PickerDbFacade: 	at com.android.providers.media.photopicker.data.PickerDbFacade$AddMediaOperation.insertMedia(PickerDbFacade.java:644)
05-25 03:02:10.426  1529 10439 V PickerDbFacade: 	at com.android.providers.media.photopicker.data.PickerDbFacade$AddMediaOperation.upsertMedia(PickerDbFacade.java:658)
05-25 03:02:10.426  1529 10439 V PickerDbFacade: 	at com.android.providers.media.photopicker.data.PickerDbFacade$AddMediaOperation.executeInternal(PickerDbFacade.java:616)
05-25 03:02:10.426  1529 10439 V PickerDbFacade: 	at com.android.providers.media.photopicker.data.PickerDbFacade$DbWriteOperation.execute(PickerDbFacade.java:405)
05-25 03:02:10.426  1529 10439 V PickerDbFacade: 	at com.android.providers.media.photopicker.PickerSyncController.executePagedSync(PickerSyncController.java:1822)
05-25 03:02:10.426  1529 10439 V PickerDbFacade: 	at com.android.providers.media.photopicker.PickerSyncController.executePagedSync(PickerSyncController.java:1741)
05-25 03:02:10.426  1529 10439 V PickerDbFacade: 	at com.android.providers.media.photopicker.PickerSyncController.executeSyncAdd(PickerSyncController.java:1138)
05-25 03:02:10.426  1529 10439 V PickerDbFacade: 	at com.android.providers.media.photopicker.PickerSyncController.syncAllMediaFromProvider(PickerSyncController.java:982)
05-25 03:02:10.426  1529 10439 V PickerDbFacade: 	at com.android.providers.media.photopicker.PickerSyncController.syncAllMediaFromLocalProvider(PickerSyncController.java:402)
05-25 03:02:10.426  1529 10439 V PickerDbFacade: 	at com.android.providers.media.photopicker.sync.ProactiveSyncWorker.doWork(ProactiveSyncWorker.java:89)
05-25 03:02:10.426  1529 10439 V PickerDbFacade: 	at androidx.work.Worker.startWork$lambda$0(Worker.kt:64)
05-25 03:02:10.426  1529 10439 V PickerDbFacade: 	at androidx.work.Worker.$r8$lambda$opNRPVQx7zi4ENxyGPOIhxFU0oM(Worker.kt:0)
05-25 03:02:10.426  1529 10439 V PickerDbFacade: 	at androidx.work.Worker$$ExternalSyntheticLambda0.invoke(R8$$SyntheticClass:0)
05-25 03:02:10.426  1529 10439 V PickerDbFacade: 	at androidx.work.WorkerKt.future$lambda$2$lambda$1(Worker.kt:100)
05-25 03:02:10.426  1529 10439 V PickerDbFacade: 	at androidx.work.WorkerKt.$r8$lambda$06LNzu7McnKR6G06fSbfQ2BCegc(Worker.kt:0)
05-25 03:02:10.426  1529 10439 V PickerDbFacade: 	at androidx.work.WorkerKt$$ExternalSyntheticLambda2.run(R8$$SyntheticClass:0)
05-25 03:02:10.426  1529 10439 V PickerDbFacade: 	at java.util.concurrent.ThreadPoolExecutor.runWorker(ThreadPoolExecutor.java:1154)
05-25 03:02:10.426  1529 10439 V PickerDbFacade: 	at java.util.concurrent.ThreadPoolExecutor$Worker.run(ThreadPoolExecutor.java:652)
05-25 03:02:10.426  1529 10439 V PickerDbFacade: 	at java.lang.Thread.run(Thread.java:1563)
05-25 03:02:10.426  1529 10439 V PickerDbFacade: Retrying failed insert as update. ContentValues: _user_id=0 standard_mime_type_extension=0 size_bytes=193820 orientation=0 height=2400 owner_package_name=com.android.shell date_taken_ms=1779674223000 duration_ms=0 sync_generation=2891 mime_type=image/png width=1080 is_favorite=0 local_id=263 is_visible=1
05-25 03:02:10.427  1529 10439 V PickerDbFacade: Failed to insert picker db media. ContentValues: _user_id=0 standard_mime_type_extension=0 size_bytes=223091 orientation=0 height=2400 owner_package_name=com.android.shell date_taken_ms=1779674197000 duration_ms=0 sync_generation=2888 mime_type=image/png width=1080 is_favorite=0 local_id=262 is_visible=1
05-25 03:02:10.427  1529 10439 V PickerDbFacade: android.database.sqlite.SQLiteConstraintException: UNIQUE constraint failed: media.local_id, media.is_visible (code 2067 SQLITE_CONSTRAINT_UNIQUE)
05-25 03:02:10.427  1529 10439 V PickerDbFacade: 	at android.database.sqlite.SQLiteConnection.nativeExecuteForLastInsertedRowId(Native Method)
05-25 03:02:10.427  1529 10439 V PickerDbFacade: 	at android.database.sqlite.SQLiteConnection.executeForLastInsertedRowId(SQLiteConnection.java:995)
05-25 03:02:10.427  1529 10439 V PickerDbFacade: 	at android.database.sqlite.SQLiteSession.executeForLastInsertedRowId(SQLiteSession.java:825)
05-25 03:02:10.427  1529 10439 V PickerDbFacade: 	at android.database.sqlite.SQLiteStatement.executeInsert(SQLiteStatement.java:89)
05-25 03:02:10.427  1529 10439 V PickerDbFacade: 	at android.database.DatabaseUtils.executeInsert(DatabaseUtils.java:234)
05-25 03:02:10.427  1529 10439 V PickerDbFacade: 	at android.database.sqlite.SQLiteQueryBuilder.insert(SQLiteQueryBuilder.java:638)
05-25 03:02:10.427  1529 10439 V PickerDbFacade: 	at com.android.providers.media.photopicker.data.PickerDbFacade$AddMediaOperation.insertMedia(PickerDbFacade.java:644)
05-25 03:02:10.427  1529 10439 V PickerDbFacade: 	at com.android.providers.media.photopicker.data.PickerDbFacade$AddMediaOperation.upsertMedia(PickerDbFacade.java:658)
05-25 03:02:10.427  1529 10439 V PickerDbFacade: 	at com.android.providers.media.photopicker.data.PickerDbFacade$AddMediaOperation.executeInternal(PickerDbFacade.java:616)
05-25 03:02:10.427  1529 10439 V PickerDbFacade: 	at com.android.providers.media.photopicker.data.PickerDbFacade$DbWriteOperation.execute(PickerDbFacade.java:405)
05-25 03:02:10.427  1529 10439 V PickerDbFacade: 	at com.android.providers.media.photopicker.PickerSyncController.executePagedSync(PickerSyncController.java:1822)
05-25 03:02:10.427  1529 10439 V PickerDbFacade: 	at com.android.providers.media.photopicker.PickerSyncController.executePagedSync(PickerSyncController.java:1741)
05-25 03:02:10.427  1529 10439 V PickerDbFacade: 	at com.android.providers.media.photopicker.PickerSyncController.executeSyncAdd(PickerSyncController.java:1138)
05-25 03:02:10.427  1529 10439 V PickerDbFacade: 	at com.android.providers.media.photopicker.PickerSyncController.syncAllMediaFromProvider(PickerSyncController.java:982)
05-25 03:02:10.427  1529 10439 V PickerDbFacade: 	at com.android.providers.media.photopicker.PickerSyncController.syncAllMediaFromLocalProvider(PickerSyncController.java:402)
05-25 03:02:10.427  1529 10439 V PickerDbFacade: 	at com.android.providers.media.photopicker.sync.ProactiveSyncWorker.doWork(ProactiveSyncWorker.java:89)
05-25 03:02:10.427  1529 10439 V PickerDbFacade: 	at androidx.work.Worker.startWork$lambda$0(Worker.kt:64)
05-25 03:02:10.427  1529 10439 V PickerDbFacade: 	at androidx.work.Worker.$r8$lambda$opNRPVQx7zi4ENxyGPOIhxFU0oM(Worker.kt:0)
05-25 03:02:10.427  1529 10439 V PickerDbFacade: 	at androidx.work.Worker$$ExternalSyntheticLambda0.invoke(R8$$SyntheticClass:0)
05-25 03:02:10.427  1529 10439 V PickerDbFacade: 	at androidx.work.WorkerKt.future$lambda$2$lambda$1(Worker.kt:100)
05-25 03:02:10.427  1529 10439 V PickerDbFacade: 	at androidx.work.WorkerKt.$r8$lambda$06LNzu7McnKR6G06fSbfQ2BCegc(Worker.kt:0)
05-25 03:02:10.427  1529 10439 V PickerDbFacade: 	at androidx.work.WorkerKt$$ExternalSyntheticLambda2.run(R8$$SyntheticClass:0)
05-25 03:02:10.427  1529 10439 V PickerDbFacade: 	at java.util.concurrent.ThreadPoolExecutor.runWorker(ThreadPoolExecutor.java:1154)
05-25 03:02:10.427  1529 10439 V PickerDbFacade: 	at java.util.concurrent.ThreadPoolExecutor$Worker.run(ThreadPoolExecutor.java:652)
05-25 03:02:10.427  1529 10439 V PickerDbFacade: 	at java.lang.Thread.run(Thread.java:1563)
05-25 03:02:10.427  1529 10439 V PickerDbFacade: Retrying failed insert as update. ContentValues: _user_id=0 standard_mime_type_extension=0 size_bytes=223091 orientation=0 height=2400 owner_package_name=com.android.shell date_taken_ms=1779674197000 duration_ms=0 sync_generation=2888 mime_type=image/png width=1080 is_favorite=0 local_id=262 is_visible=1
05-25 03:02:10.427  1529 10439 V PickerDbFacade: Failed to insert picker db media. ContentValues: _user_id=0 standard_mime_type_extension=0 size_bytes=152294 orientation=0 height=2400 owner_package_name=com.android.shell date_taken_ms=1779674193000 duration_ms=0 sync_generation=2885 mime_type=image/png width=1080 is_favorite=0 local_id=261 is_visible=1
05-25 03:02:10.427  1529 10439 V PickerDbFacade: android.database.sqlite.SQLiteConstraintException: UNIQUE constraint failed: media.local_id, media.is_visible (code 2067 SQLITE_CONSTRAINT_UNIQUE)
05-25 03:02:10.427  1529 10439 V PickerDbFacade: 	at android.database.sqlite.SQLiteConnection.nativeExecuteForLastInsertedRowId(Native Method)
05-25 03:02:10.427  1529 10439 V PickerDbFacade: 	at android.database.sqlite.SQLiteConnection.executeForLastInsertedRowId(SQLiteConnection.java:995)
05-25 03:02:10.427  1529 10439 V PickerDbFacade: 	at android.database.sqlite.SQLiteSession.executeForLastInsertedRowId(SQLiteSession.java:825)
05-25 03:02:10.427  1529 10439 V PickerDbFacade: 	at android.database.sqlite.SQLiteStatement.executeInsert(SQLiteStatement.java:89)
05-25 03:02:10.427  1529 10439 V PickerDbFacade: 	at android.database.DatabaseUtils.executeInsert(DatabaseUtils.java:234)
05-25 03:02:10.427  1529 10439 V PickerDbFacade: 	at android.database.sqlite.SQLiteQueryBuilder.insert(SQLiteQueryBuilder.java:638)
05-25 03:02:10.427  1529 10439 V PickerDbFacade: 	at com.android.providers.media.photopicker.data.PickerDbFacade$AddMediaOperation.insertMedia(PickerDbFacade.java:644)
05-25 03:02:10.427  1529 10439 V PickerDbFacade: 	at com.android.providers.media.photopicker.data.PickerDbFacade$AddMediaOperation.upsertMedia(PickerDbFacade.java:658)
05-25 03:02:10.427  1529 10439 V PickerDbFacade: 	at com.android.providers.media.photopicker.data.PickerDbFacade$AddMediaOperation.executeInternal(PickerDbFacade.java:616)
05-25 03:02:10.427  1529 10439 V PickerDbFacade: 	at com.android.providers.media.photopicker.data.PickerDbFacade$DbWriteOperation.execute(PickerDbFacade.java:405)
05-25 03:02:10.427  1529 10439 V PickerDbFacade: 	at com.android.providers.media.photopicker.PickerSyncController.executePagedSync(PickerSyncController.java:1822)
05-25 03:02:10.427  1529 10439 V PickerDbFacade: 	at com.android.providers.media.photopicker.PickerSyncController.executePagedSync(PickerSyncController.java:1741)
05-25 03:02:10.427  1529 10439 V PickerDbFacade: 	at com.android.providers.media.photopicker.PickerSyncController.executeSyncAdd(PickerSyncController.java:1138)
05-25 03:02:10.427  1529 10439 V PickerDbFacade: 	at com.android.providers.media.photopicker.PickerSyncController.syncAllMediaFromProvider(PickerSyncController.java:982)
05-25 03:02:10.427  1529 10439 V PickerDbFacade: 	at com.android.providers.media.photopicker.PickerSyncController.syncAllMediaFromLocalProvider(PickerSyncController.java:402)
05-25 03:02:10.427  1529 10439 V PickerDbFacade: 	at com.android.providers.media.photopicker.sync.ProactiveSyncWorker.doWork(ProactiveSyncWorker.java:89)
05-25 03:02:10.427  1529 10439 V PickerDbFacade: 	at androidx.work.Worker.startWork$lambda$0(Worker.kt:64)
05-25 03:02:10.427  1529 10439 V PickerDbFacade: 	at androidx.work.Worker.$r8$lambda$opNRPVQx7zi4ENxyGPOIhxFU0oM(Worker.kt:0)
05-25 03:02:10.427  1529 10439 V PickerDbFacade: 	at androidx.work.Worker$$ExternalSyntheticLambda0.invoke(R8$$SyntheticClass:0)
05-25 03:02:10.427  1529 10439 V PickerDbFacade: 	at androidx.work.WorkerKt.future$lambda$2$lambda$1(Worker.kt:100)
05-25 03:02:10.427  1529 10439 V PickerDbFacade: 	at androidx.work.WorkerKt.$r8$lambda$06LNzu7McnKR6G06fSbfQ2BCegc(Worker.kt:0)
05-25 03:02:10.427  1529 10439 V PickerDbFacade: 	at androidx.work.WorkerKt$$ExternalSyntheticLambda2.run(R8$$SyntheticClass:0)
05-25 03:02:10.427  1529 10439 V PickerDbFacade: 	at java.util.concurrent.ThreadPoolExecutor.runWorker(ThreadPoolExecutor.java:1154)
05-25 03:02:10.427  1529 10439 V PickerDbFacade: 	at java.util.concurrent.ThreadPoolExecutor$Worker.run(ThreadPoolExecutor.java:652)
05-25 03:02:10.427  1529 10439 V PickerDbFacade: 	at java.lang.Thread.run(Thread.java:1563)
05-25 03:02:10.427  1529 10439 V PickerDbFacade: Retrying failed insert as update. ContentValues: _user_id=0 standard_mime_type_extension=0 size_bytes=152294 orientation=0 height=2400 owner_package_name=com.android.shell date_taken_ms=1779674193000 duration_ms=0 sync_generation=2885 mime_type=image/png width=1080 is_favorite=0 local_id=261 is_visible=1
05-25 03:02:10.428  1529 10439 D PickerSyncLockManager: Trying to acquire lock com.android.providers.media.photopicker.sync.CloseableReentrantLock@cffd47[Unlocked]. Lock Name = CLOUD_PROVIDER_LOCK. Threads that may be waiting to acquire this lock = [] with timeout.
05-25 03:02:10.428  1529 10439 D CloseableReentrantLock: Successfully acquired lock com.android.providers.media.photopicker.sync.CloseableReentrantLock@cffd47[Locked by thread pool-4-thread-135]. Lock Name = CLOUD_PROVIDER_LOCK. Threads that may be waiting to acquire this lock = []
05-25 03:02:10.428  1529 10439 D PickerSyncController: Saving next page token: 1779674193000|261 for key: local_provider:media_add:resume
05-25 03:02:10.429  1529 10439 D CloseableReentrantLock: Successfully released lock com.android.providers.media.photopicker.sync.CloseableReentrantLock@cffd47[Unlocked]. Lock Name = CLOUD_PROVIDER_LOCK. Threads that may be waiting to acquire this lock = []
05-25 03:02:10.429  1529 10439 D PickerNotificationSender: Sending a notification for media update
05-25 03:02:10.430  1529 10439 D PickerNotificationSender: Sending a notification for merged album media update Videos
05-25 03:02:10.430  1529 10439 D PickerNotificationSender: Sending a notification for album media update Videos
05-25 03:02:10.430  1529 10439 D PickerNotificationSender: Sending a notification for merged album media update Favorites
05-25 03:02:10.430  1529 10439 D PickerNotificationSender: Sending a notification for album media update Favorites
05-25 03:02:10.431  1529 10439 D ExternalDbFacade: Token received for queryMedia = 1779674193000|261
05-25 03:02:10.432  1529 10439 D PickerSyncLockManager: Trying to acquire lock com.android.providers.media.photopicker.sync.CloseableReentrantLock@cffd47[Unlocked]. Lock Name = CLOUD_PROVIDER_LOCK. Threads that may be waiting to acquire this lock = [] with timeout.
05-25 03:02:10.432  1529 10439 D CloseableReentrantLock: Successfully acquired lock com.android.providers.media.photopicker.sync.CloseableReentrantLock@cffd47[Locked by thread pool-4-thread-135]. Lock Name = CLOUD_PROVIDER_LOCK. Threads that may be waiting to acquire this lock = []
05-25 03:02:10.432  1529 10439 D PickerSyncController: Clearing next page token for key: local_provider:media_add:resume
05-25 03:02:10.432  1529 10439 D CloseableReentrantLock: Successfully released lock com.android.providers.media.photopicker.sync.CloseableReentrantLock@cffd47[Unlocked]. Lock Name = CLOUD_PROVIDER_LOCK. Threads that may be waiting to acquire this lock = []
05-25 03:02:10.432  1529 10439 D PickerNotificationSender: Sending a notification for media update
05-25 03:02:10.432  1529 10439 D PickerNotificationSender: Sending a notification for merged album media update Videos
05-25 03:02:10.432  1529 10439 D PickerNotificationSender: Sending a notification for album media update Videos
05-25 03:02:10.433  1529 10439 D PickerNotificationSender: Sending a notification for merged album media update Favorites
05-25 03:02:10.433  1529 10439 D PickerNotificationSender: Sending a notification for album media update Favorites
05-25 03:02:10.433  1529 10439 I PickerSyncController: Paged sync successful. QueryArgs: Bundle[{android.provider.extra.PAGE_TOKEN=1779674193000|261, android.provider.extra.SYNC_GENERATION=2877, android.provider.extra.PAGE_SIZE=1000}] Total Rows: 4
05-25 03:02:10.433  1529 10439 I PickerSyncController: Executing SyncRemove. isLocal: true. authority: com.android.providers.media.photopicker
05-25 03:02:10.433  1529 10439 D PickerSyncLockManager: Trying to acquire lock com.android.providers.media.photopicker.sync.CloseableReentrantLock@cffd47[Unlocked]. Lock Name = CLOUD_PROVIDER_LOCK. Threads that may be waiting to acquire this lock = [] with timeout.
05-25 03:02:10.433  1529 10439 D CloseableReentrantLock: Successfully acquired lock com.android.providers.media.photopicker.sync.CloseableReentrantLock@cffd47[Locked by thread pool-4-thread-135]. Lock Name = CLOUD_PROVIDER_LOCK. Threads that may be waiting to acquire this lock = []
05-25 03:02:10.433  1529 10439 D CloseableReentrantLock: Successfully released lock com.android.providers.media.photopicker.sync.CloseableReentrantLock@cffd47[Unlocked]. Lock Name = CLOUD_PROVIDER_LOCK. Threads that may be waiting to acquire this lock = []
05-25 03:02:10.434  1529 10439 D PickerSyncLockManager: Trying to acquire lock com.android.providers.media.photopicker.sync.CloseableReentrantLock@cffd47[Unlocked]. Lock Name = CLOUD_PROVIDER_LOCK. Threads that may be waiting to acquire this lock = [] with timeout.
05-25 03:02:10.434  1529 10439 D CloseableReentrantLock: Successfully acquired lock com.android.providers.media.photopicker.sync.CloseableReentrantLock@cffd47[Locked by thread pool-4-thread-135]. Lock Name = CLOUD_PROVIDER_LOCK. Threads that may be waiting to acquire this lock = []
05-25 03:02:10.434  1529 10439 D PickerSyncController: Clearing next page token for key: local_provider:media_remove:resume
05-25 03:02:10.434  1529 10439 D CloseableReentrantLock: Successfully released lock com.android.providers.media.photopicker.sync.CloseableReentrantLock@cffd47[Unlocked]. Lock Name = CLOUD_PROVIDER_LOCK. Threads that may be waiting to acquire this lock = []
05-25 03:02:10.434  1529 10439 D PickerNotificationSender: Sending a notification for media update
05-25 03:02:10.434  1529 10439 D PickerNotificationSender: Sending a notification for merged album media update Videos
05-25 03:02:10.434  1529 10439 D PickerNotificationSender: Sending a notification for album media update Videos
05-25 03:02:10.434  1529 10439 D PickerNotificationSender: Sending a notification for merged album media update Favorites
05-25 03:02:10.434  1529 10439 D PickerNotificationSender: Sending a notification for album media update Favorites
05-25 03:02:10.435  1529 10439 I PickerSyncController: Paged sync successful. QueryArgs: Bundle[{android.provider.extra.PAGE_TOKEN=1779674193000|261, android.provider.extra.SYNC_GENERATION=2877, android.provider.extra.PAGE_SIZE=1000}] Total Rows: 0
05-25 03:02:10.435  1529 10439 I PickerSyncTracker: Marked sync future complete for work id: d659e153-cf60-4559-b0bc-8bf02776610a. Future map: {}
05-25 03:02:10.435  1529 10439 I PSyncWorker: Completed picker proactive sync complete from local provider.
05-25 03:02:10.435  1529  1874 I WM-WorkerWrapper: Worker result SUCCESS for Work [ id=d659e153-cf60-4559-b0bc-8bf02776610a, tags={ com.android.providers.media.photopicker.sync.ProactiveSyncWorker } ]
05-25 03:02:10.436  1529  1529 D WM-Processor: Processor d659e153-cf60-4559-b0bc-8bf02776610a executed; reschedule = false
05-25 03:02:10.436  1529  1529 D WM-GreedyScheduler: Stopping tracking for WorkGenerationalId(workSpecId=d659e153-cf60-4559-b0bc-8bf02776610a, generation=0)
05-25 03:02:10.436  1529  1529 D WM-SystemJobService: d659e153-cf60-4559-b0bc-8bf02776610a executed on JobScheduler
05-25 03:02:10.440  1529  1874 D WM-GreedyScheduler: Cancelling work ID d659e153-cf60-4559-b0bc-8bf02776610a
05-25 03:02:10.440  1529  1874 D WM-GreedyScheduler: Ignoring {WorkSpec: fce74054-5d75-49ac-b1fb-61b1c63b64d1}. Requires device idle.
05-25 03:02:10.440  1529  1874 D WM-GreedyScheduler: Ignoring {WorkSpec: 748d3965-3023-45a6-9a32-baafa7d90ebf}. Requires device idle.
05-25 03:02:10.440  1529  1874 D WM-GreedyScheduler: Ignoring {WorkSpec: bbc248da-5aec-4565-83d8-ed90ba3a683c}. Requires device idle.
05-25 03:02:10.440  1529  1874 D WM-GreedyScheduler: Ignoring {WorkSpec: a7b8fc44-3a39-43d5-96b8-cef5bb529d35}. Requires device idle.
05-25 03:02:10.440  1529  1727 D WM-BrdcstRcvrCnstrntTrc: BatteryNotLowTracker: unregistering receiver
05-25 03:02:11.267 10442 10442 D AndroidRuntime: >>>>>> START com.android.internal.os.RuntimeInit uid 2000 <<<<<<
05-25 03:02:11.271 10442 10442 I AndroidRuntime: Using default boot image
05-25 03:02:11.271 10442 10442 I AndroidRuntime: Leaving lock profiling enabled
05-25 03:02:11.273 10442 10442 I app_process: Using CollectorTypeCMC GC.
05-25 03:02:11.334 10442 10442 D nativeloader: InitDefaultPublicLibraries for_preload=1: libandroid.so:libaaudio.so:libamidi.so:libbinder_ndk.so:libc.so:libcamera2ndk.so:libdl.so:libEGL.so:libGLESv1_CM.so:libGLESv2.so:libGLESv3.so:libicu.so:libicui18n.so:libicuuc.so:libjnigraphics.so:liblog.so:libmediandk.so:libm.so:libnativehelper.so:libnativewindow.so:libOpenMAXAL.so:libOpenSLES.so:libRS.so:libstdc++.so:libsync.so:libvulkan.so:libwebviewchromium_plat_support.so:libz.so
05-25 03:02:11.342 10442 10442 D nativeloader: Load libicu_jni.so using APEX ns com_android_art for caller /apex/com.android.art/javalib/core-oj.jar: ok
05-25 03:02:11.342 10442 10442 D app_process: u_setTimeZoneFilesDirectory("/apex/com.android.tzdata/etc/tz/versioned/9/icu") succeeded. 
05-25 03:02:11.342 10442 10442 D app_process: I18n APEX ICU file found: /apex/com.android.i18n/etc/icu/icudt76l.dat
05-25 03:02:11.343 10442 10442 D nativeloader: Load libjavacore.so using APEX ns com_android_art for caller /apex/com.android.art/javalib/core-oj.jar: ok
05-25 03:02:11.344 10442 10442 D nativeloader: Load libopenjdk.so using APEX ns com_android_art for caller /apex/com.android.art/javalib/core-oj.jar: ok
05-25 03:02:11.345 10442 10442 I app_process: Priority-to-niceness mapping: 19, 16, 13, 10, 0, -2, -4, -5, -6, -8
05-25 03:02:11.345 10442 10442 W app_process: Unexpected CPU variant for x86: x86_64.
05-25 03:02:11.345 10442 10442 W app_process: Known variants: atom, sandybridge, silvermont, goldmont, goldmont-plus, goldmont-without-sha-xsaves, tremont, kabylake, alderlake, default
05-25 03:02:11.346 10442 10442 W app_process: ClassLoaderContext shared library size mismatch. Expected=2, found=0 (PCL[]{PCL[/system/framework/android.test.base.jar*1653369819]#PCL[/system/framework/android.test.mock.jar*1009639922]} | PCL[])
05-25 03:02:11.347 10442 10442 W app_process: ClassLoaderContext classpath size mismatch. expected=0, found=1 (PCL[]{PCL[/system/framework/android.test.runner.jar*3954641918]{PCL[/system/framework/android.test.base.jar*1653369819]#PCL[/system/framework/android.test.mock.jar*1009639922]}#PCL[/system/framework/android.test.base.jar*1653369819]} | PCL[/system/framework/android.test.runner.jar*3954641918])
05-25 03:02:11.363 10442 10442 D nativeloader: Load libframework-connectivity-tiramisu-jni.so using APEX ns com_android_tethering for caller /apex/com.android.tethering/javalib/framework-connectivity-t.jar: ok
05-25 03:02:11.364 10442 10442 D AndroidRuntime: Calling main entry com.android.commands.uiautomator.Launcher
05-25 03:02:11.368 10442 10442 I AconfigPackage: android.media.swcodec.flags is mapped to com.android.media.swcodec
05-25 03:02:11.368 10442 10442 I AconfigPackage: com.android.permission.flags is mapped to com.android.permission
05-25 03:02:11.368 10442 10442 I AconfigPackage: com.android.permissioncontroller.flags is mapped to com.android.permission
05-25 03:02:11.368 10442 10442 I AconfigPackage: com.android.icu is mapped to com.android.i18n
05-25 03:02:11.368 10442 10442 I AconfigPackage: com.android.appsearch.flags is mapped to com.android.appsearch
05-25 03:02:11.369 10442 10442 I AconfigPackage: android.uprobestats.mainline.flags is mapped to com.android.uprobestats
05-25 03:02:11.369 10442 10442 I AconfigPackage: com.android.crashrecovery.flags is mapped to com.android.crashrecovery
05-25 03:02:11.369 10442 10442 I AconfigPackage: android.provider.flags is mapped to com.android.configinfrastructure
05-25 03:02:11.369 10442 10442 I AconfigPackage: com.android.server.deviceconfig is mapped to com.android.configinfrastructure
05-25 03:02:11.369 10442 10442 I AconfigPackage: com.android.compos.flags is mapped to com.android.compos
05-25 03:02:11.369 10442 10442 I AconfigPackage: com.android.art.flags is mapped to com.android.art
05-25 03:02:11.369 10442 10442 I AconfigPackage: com.android.art.rw.flags is mapped to com.android.art
05-25 03:02:11.369 10442 10442 I AconfigPackage: com.android.libcore is mapped to com.android.art
05-25 03:02:11.370 10442 10442 I AconfigPackage: com.android.telephony.flags is mapped to com.android.telephonycore
05-25 03:02:11.370 10442 10442 I AconfigPackage: com.android.media.extractor.flags is mapped to com.android.media
05-25 03:02:11.370 10442 10442 I AconfigPackage: com.android.media.mainline.flags is mapped to com.android.media
05-25 03:02:11.370 10442 10442 I AconfigPackage: com.android.wifi.flags is mapped to com.android.wifi
05-25 03:02:11.370 10442 10442 I AconfigPackage: com.android.org.conscrypt.flags is mapped to com.android.conscrypt
05-25 03:02:11.370 10442 10442 I AconfigPackage: com.android.org.conscrypt.net.flags is mapped to com.android.conscrypt
05-25 03:02:11.370 10442 10442 I AconfigPackage: com.android.healthfitness.flags is mapped to com.android.healthfitness
05-25 03:02:11.371 10442 10442 I AconfigPackage: com.android.ipsec.flags is mapped to com.android.ipsec
05-25 03:02:11.371 10442 10442 I AconfigPackage: com.android.nfc.module.flags is mapped to com.android.nfcservices
05-25 03:02:11.371 10442 10442 I AconfigPackage: com.android.adservices.ondevicepersonalization.flags is mapped to com.android.ondevicepersonalization
05-25 03:02:11.371 10442 10442 I AconfigPackage: com.android.adbd.flags is mapped to com.android.adbd
05-25 03:02:11.371 10442 10442 I AconfigPackage: com.android.bluetooth.flags is mapped to com.android.bt
05-25 03:02:11.372 10442 10442 I AconfigPackage: com.android.devicelock.flags is mapped to com.android.devicelock
05-25 03:02:11.372 10442 10442 I AconfigPackage: android.os.profiling is mapped to com.android.profiling
05-25 03:02:11.372 10442 10442 I AconfigPackage: android.os.profiling.anomaly.flags is mapped to com.android.profiling
05-25 03:02:11.372 10442 10442 I AconfigPackage: com.android.os.statsd.flags is mapped to com.android.os.statsd
05-25 03:02:11.372 10442 10442 I AconfigPackage: com.android.rkpd.flags is mapped to com.android.rkpd
05-25 03:02:11.373 10442 10442 I AconfigPackage: com.android.cellbroadcastreceiver.flags is mapped to com.android.cellbroadcast
05-25 03:02:11.373 10442 10442 I AconfigPackage: com.android.adservices.flags is mapped to com.android.adservices
05-25 03:02:11.373 10442 10442 I AconfigPackage: com.android.sdksandbox.flags is mapped to com.android.adservices
05-25 03:02:11.373 10442 10442 I AconfigPackage: com.android.uwb.flags is mapped to com.android.uwb
05-25 03:02:11.373 10442 10442 I AconfigPackage: com.android.ranging.flags is mapped to com.android.uwb
05-25 03:02:11.373 10442 10442 I AconfigPackage: android.graphics.pdf.flags is mapped to com.android.mediaprovider
05-25 03:02:11.373 10442 10442 I AconfigPackage: com.android.providers.media.flags is mapped to com.android.mediaprovider
05-25 03:02:11.373 10442 10442 I AconfigPackage: android.graphics.pdf.flags.readonly is mapped to com.android.mediaprovider
05-25 03:02:11.373 10442 10442 I AconfigPackage: com.android.tethering.mainline.beta is mapped to com.android.tethering
05-25 03:02:11.373 10442 10442 I AconfigPackage: android.net.http is mapped to com.android.tethering
05-25 03:02:11.373 10442 10442 I AconfigPackage: com.android.tethering.readonly.flags is mapped to com.android.tethering
05-25 03:02:11.373 10442 10442 I AconfigPackage: android.net.vcn is mapped to com.android.tethering
05-25 03:02:11.373 10442 10442 I AconfigPackage: com.android.net.flags is mapped to com.android.tethering
05-25 03:02:11.373 10442 10442 I AconfigPackage: com.android.tethering.beta.test is mapped to com.android.tethering
05-25 03:02:11.374 10442 10442 I AconfigPackage: com.android.nearby.flags is mapped to com.android.tethering
05-25 03:02:11.374 10442 10442 I AconfigPackage: com.android.net.ct.flags is mapped to com.android.tethering
05-25 03:02:11.374 10442 10442 I AconfigPackage: com.android.net.thread.flags is mapped to com.android.tethering
05-25 03:02:11.374 10442 10442 I AconfigPackage: com.android.system.virtualmachine.flags is mapped to com.android.virt
05-25 03:02:11.374 10442 10442 E FeatureFlagsImplExport: android.os.flagging.AconfigStorageReadException: ERROR_PACKAGE_NOT_FOUND: package android.xr cannot be found on the device
05-25 03:02:11.376 10442 10442 D UiAutomationConnection: Created on user UserHandle{0}
05-25 03:02:11.376 10442 10442 I UiAutomation: Initialized for user 0 on display 0
05-25 03:02:11.376 10442 10442 W UiAutomation: Created with deprecatead constructor, assumes DEFAULT_DISPLAY
05-25 03:02:11.377   755  1865 D AccessibilityManagerService: changeCurrentUserForTestAutomationIfNeededLocked(0): ignoring because device doesn't support visible background users
05-25 03:02:11.377   755  1865 I UiAutomationManager: Registering UiTestAutomationService (id=com.android.server.accessibility/UiAutomation, flags=0x0) when called by user 0
05-25 03:02:11.377   755  1865 V AccessibilityManagerService: onUserStateChangedLocked for userId: 0, forceUpdate: false
05-25 03:02:11.378   755  1865 V AccessibilityUserState: updateShortcutTargets: type:accessibility_shortcut_target_service, current:{}, new:{}
05-25 03:02:11.378   755  1865 V AccessibilityUserState: updateShortcutTargets: type:accessibility_button_targets, current:{}, new:{}
05-25 03:02:11.378   755  1865 V AccessibilityUserState: updateShortcutTargets: type:accessibility_gesture_targets, current:{}, new:{}
05-25 03:02:11.378   755  1865 V AccessibilityUserState: updateShortcutTargets: type:accessibility_qs_targets, current:{}, new:{}
05-25 03:02:11.378   755  1865 V AccessibilityUserState: updateShortcutTargets: type:accessibility_key_gesture_targets, current:{}, new:{}
05-25 03:02:11.378   755  1865 W MagnificationConnectionManager: requestConnection duplicated request: connect=false, mConnectionState=DISCONNECTED
05-25 03:02:11.380   755   755 W libbinder.IPCThreadState: Sending oneway calls to frozen process.
05-25 03:02:11.380   755   755 W libbinder.IPCThreadState: Sending oneway calls to frozen process.
05-25 03:02:11.380   755   755 W libbinder.IPCThreadState: Sending oneway calls to frozen process.
05-25 03:02:11.380   755   755 W libbinder.IPCThreadState: Sending oneway calls to frozen process.
05-25 03:02:11.380   755   755 W libbinder.IPCThreadState: Sending oneway calls to frozen process.
05-25 03:02:11.380   755   755 W libbinder.IPCThreadState: Sending oneway calls to frozen process.
05-25 03:02:11.381  1546  2094 I AiAiEcho: Settings changed for uri: content://settings/secure/accessibility_enabled
05-25 03:02:11.381   755   755 W libbinder.IPCThreadState: Sending oneway calls to frozen process.
05-25 03:02:11.382   755   755 W libbinder.IPCThreadState: Sending oneway calls to frozen process.
05-25 03:02:11.382   755   755 W libbinder.IPCThreadState: Sending oneway calls to frozen process.
05-25 03:02:11.382   755   755 W libbinder.IPCThreadState: Sending oneway calls to frozen process.
05-25 03:02:11.382   755   755 W libbinder.IPCThreadState: Sending oneway calls to frozen process.
05-25 03:02:11.382   755   755 W libbinder.IPCThreadState: Sending oneway calls to frozen process.
05-25 03:02:11.382   755   755 W libbinder.IPCThreadState: Sending oneway calls to frozen process.
05-25 03:02:11.383  1546  1927 I AiAiEcho: Predicting[0]:  [CONTEXT sampling_count=5 ]
05-25 03:02:11.383  1546  1927 I AiAiEcho: EchoTargets: 
05-25 03:02:11.383  1546  1927 I AiAiEcho: Filtered by AiAi flag check: 
05-25 03:02:11.383  1546  1927 I AiAiEcho: [CONTEXT ratelimit_period="10 SECONDS" ]
05-25 03:02:11.383   755   755 W libbinder.IPCThreadState: Sending oneway calls to frozen process.
05-25 03:02:11.383  1546  1927 I AiAiEcho: #remoteViewsTwiddler: feature disabled.
05-25 03:02:11.383  1546  1927 I AiAiEcho: Predicting[0]:  [CONTEXT sampling_count=5 ]
05-25 03:02:11.383  1546  1927 I AiAiEcho: EchoTargets: 
05-25 03:02:11.383  1546  1927 I AiAiEcho: Filtered by AiAi flag check: 
05-25 03:02:11.383  1546  1927 I AiAiEcho: [CONTEXT ratelimit_period="10 SECONDS" ]
05-25 03:02:11.383   755   755 W libbinder.IPCThreadState: Sending oneway calls to frozen process.
05-25 03:02:11.383   755   755 W libbinder.IPCThreadState: Sending oneway calls to frozen process.
05-25 03:02:11.383   755   755 W libbinder.IPCThreadState: Sending oneway calls to frozen process.
05-25 03:02:11.383   755   755 W libbinder.IPCThreadState: Sending oneway calls to frozen process.
05-25 03:02:11.383   755   755 W libbinder.IPCThreadState: Sending oneway calls to frozen process.
05-25 03:02:11.383   755   755 W libbinder.IPCThreadState: Sending oneway calls to frozen process.
05-25 03:02:11.383   755   755 W libbinder.IPCThreadState: Sending oneway calls to frozen process.
05-25 03:02:11.383  1546  1927 I AiAiEcho: #remoteViewsTwiddler: feature disabled.
05-25 03:02:11.383   755  1865 V AccessibilityManagerService: onUserStateChangedLocked for userId: 0, forceUpdate: false
05-25 03:02:11.383  1546  1927 I AiAiEcho: #postPredictionTargets: Sending updates to UISurface lockscreen with targets# 0 (types=[])
05-25 03:02:11.383  1546  1927 I AiAiEcho: #postPredictionTargets: Sending updates to UISurface home with targets# 0 (types=[])
05-25 03:02:11.384   755   755 W libbinder.IPCThreadState: Sending oneway calls to frozen process.
05-25 03:02:11.385   755  1865 V AccessibilityUserState: updateShortcutTargets: type:accessibility_shortcut_target_service, current:{}, new:{}
05-25 03:02:11.385   755  1865 V AccessibilityUserState: updateShortcutTargets: type:accessibility_button_targets, current:{}, new:{}
05-25 03:02:11.385   755  1865 V AccessibilityUserState: updateShortcutTargets: type:accessibility_gesture_targets, current:{}, new:{}
05-25 03:02:11.385   755  1865 V AccessibilityUserState: updateShortcutTargets: type:accessibility_qs_targets, current:{}, new:{}
05-25 03:02:11.385   755  1865 V AccessibilityUserState: updateShortcutTargets: type:accessibility_key_gesture_targets, current:{}, new:{}
05-25 03:02:11.385   755  1865 W MagnificationConnectionManager: requestConnection duplicated request: connect=false, mConnectionState=DISCONNECTED
05-25 03:02:11.386   755   755 W libbinder.IPCThreadState: Sending oneway calls to frozen process.
05-25 03:02:11.386   755   755 W libbinder.IPCThreadState: Sending oneway calls to frozen process.
05-25 03:02:11.386   755   755 W libbinder.IPCThreadState: Sending oneway calls to frozen process.
05-25 03:02:11.386  1546  2094 I AiAiEcho: Settings changed for uri: content://settings/secure/accessibility_enabled
05-25 03:02:11.386  1546  1927 I AiAiEcho: Predicting[0]:  [CONTEXT sampling_count=5 ]
05-25 03:02:11.386  1546  1927 I AiAiEcho: EchoTargets: 
05-25 03:02:11.386  1546  1927 I AiAiEcho: Filtered by AiAi flag check: 
05-25 03:02:11.386  1546  1927 I AiAiEcho: [CONTEXT ratelimit_period="10 SECONDS" ]
05-25 03:02:11.387  1546  1927 I AiAiEcho: #remoteViewsTwiddler: feature disabled.
05-25 03:02:11.387  1546  1927 I AiAiEcho: Predicting[0]:  [CONTEXT sampling_count=5 ]
05-25 03:02:11.387  1546  1927 I AiAiEcho: EchoTargets: 
05-25 03:02:11.387  1546  1927 I AiAiEcho: Filtered by AiAi flag check: 
05-25 03:02:11.387  1546  1927 I AiAiEcho: [CONTEXT ratelimit_period="10 SECONDS" ]
05-25 03:02:11.387   755   755 W libbinder.IPCThreadState: Sending oneway calls to frozen process.
05-25 03:02:11.387  1546  1927 I AiAiEcho: #remoteViewsTwiddler: feature disabled.
05-25 03:02:11.387   755   755 W libbinder.IPCThreadState: Sending oneway calls to frozen process.
05-25 03:02:11.387   755   755 W libbinder.IPCThreadState: Sending oneway calls to frozen process.
05-25 03:02:11.387   755   755 W libbinder.IPCThreadState: Sending oneway calls to frozen process.
05-25 03:02:11.387  1546  1927 I AiAiEcho: #postPredictionTargets: Sending updates to UISurface lockscreen with targets# 0 (types=[])
05-25 03:02:11.387  1546  1927 I AiAiEcho: #postPredictionTargets: Sending updates to UISurface home with targets# 0 (types=[])
05-25 03:02:11.389   755   755 W libbinder.IPCThreadState: Sending oneway calls to frozen process.
05-25 03:02:11.390   755   755 W libbinder.IPCThreadState: Sending oneway calls to frozen process.
05-25 03:02:11.390   755   755 W libbinder.IPCThreadState: Sending oneway calls to frozen process.
05-25 03:02:11.390   755   755 W libbinder.IPCThreadState: Sending oneway calls to frozen process.
05-25 03:02:11.391   755   755 W libbinder.IPCThreadState: Sending oneway calls to frozen process.
05-25 03:02:11.391   755   755 W libbinder.IPCThreadState: Sending oneway calls to frozen process.
05-25 03:02:11.391   755   755 W libbinder.IPCThreadState: Sending oneway calls to frozen process.
05-25 03:02:11.391   755   755 W libbinder.IPCThreadState: Sending oneway calls to frozen process.
05-25 03:02:11.391   755   755 W libbinder.IPCThreadState: Sending oneway calls to frozen process.
05-25 03:02:11.391   755   755 W libbinder.IPCThreadState: Sending oneway calls to frozen process.
05-25 03:02:11.391   755   755 W libbinder.IPCThreadState: Sending oneway calls to frozen process.
05-25 03:02:11.392   755   755 D BatterySaverPolicy: accessibility changed to true, updating policy.
05-25 03:02:11.394  1012  1012 W SsPagerDots: Total number of pages invalid: 0. Assuming 1 page.
05-25 03:02:11.395  1012  1012 W SsPagerDots: Total number of pages invalid: 0. Assuming 1 page.
05-25 03:02:11.396   755  2205 D AccessibilityManagerService: .getAccessibilityShortcutTargets {shortcutType=32, userId=0}
05-25 03:02:11.864   755   906 I HalDevMgr: bestIfaceCreationProposal is null, requestIface=STA, existingIface=[name=wlan0 type=STA]
05-25 03:02:12.472 10442 10442 W AccessibilityNodeInfoDumper: Fetch time: 56ms
05-25 03:02:12.479   755   982 V AccessibilityManagerService: onUserStateChangedLocked for userId: 0, forceUpdate: false
05-25 03:02:12.480   755   982 V AccessibilityUserState: updateShortcutTargets: type:accessibility_shortcut_target_service, current:{}, new:{}
05-25 03:02:12.480   755   982 V AccessibilityUserState: updateShortcutTargets: type:accessibility_button_targets, current:{}, new:{}
05-25 03:02:12.480   755   982 V AccessibilityUserState: updateShortcutTargets: type:accessibility_gesture_targets, current:{}, new:{}
05-25 03:02:12.480   755   982 V AccessibilityUserState: updateShortcutTargets: type:accessibility_qs_targets, current:{}, new:{}
05-25 03:02:12.480   755   982 V AccessibilityUserState: updateShortcutTargets: type:accessibility_key_gesture_targets, current:{}, new:{}
05-25 03:02:12.480   755   982 W MagnificationConnectionManager: requestConnection duplicated request: connect=false, mConnectionState=DISCONNECTED
05-25 03:02:12.480  1546  2094 I AiAiEcho: Settings changed for uri: content://settings/secure/accessibility_enabled
05-25 03:02:12.480   755   982 D AccessibilityManagerService: restoreCurrentUserForTestAutomationIfNeededLocked(): ignoring because device doesn't support visible background users
05-25 03:02:12.481   755   755 W libbinder.IPCThreadState: Sending oneway calls to frozen process.
05-25 03:02:12.481   755   755 W libbinder.IPCThreadState: Sending oneway calls to frozen process.
05-25 03:02:12.481   755   755 W libbinder.IPCThreadState: Sending oneway calls to frozen process.
05-25 03:02:12.481   755   755 W libbinder.IPCThreadState: Sending oneway calls to frozen process.
05-25 03:02:12.481   755   755 W libbinder.IPCThreadState: Sending oneway calls to frozen process.
05-25 03:02:12.481  1546  1927 I AiAiEcho: Predicting[0]:  [CONTEXT sampling_count=5 ]
05-25 03:02:12.481  1546  1927 I AiAiEcho: EchoTargets: 
05-25 03:02:12.481  1546  1927 I AiAiEcho: Filtered by AiAi flag check: 
05-25 03:02:12.481  1546  1927 I AiAiEcho: [CONTEXT ratelimit_period="10 SECONDS" ]
05-25 03:02:12.481  1546  1927 I AiAiEcho: #remoteViewsTwiddler: feature disabled.
05-25 03:02:12.481  1546  1927 I AiAiEcho: Predicting[0]:  [CONTEXT sampling_count=5 ]
05-25 03:02:12.481  1546  1927 I AiAiEcho: EchoTargets: 
05-25 03:02:12.481  1546  1927 I AiAiEcho: Filtered by AiAi flag check: 
05-25 03:02:12.481  1546  1927 I AiAiEcho: [CONTEXT ratelimit_period="10 SECONDS" ]
05-25 03:02:12.481  1546  1927 I AiAiEcho: #remoteViewsTwiddler: feature disabled.
05-25 03:02:12.481  1546  1927 I AiAiEcho: #postPredictionTargets: Sending updates to UISurface lockscreen with targets# 0 (types=[])
05-25 03:02:12.482  1546  1927 I AiAiEcho: #postPredictionTargets: Sending updates to UISurface home with targets# 0 (types=[])
05-25 03:02:12.482   755   755 W libbinder.IPCThreadState: Sending oneway calls to frozen process.
05-25 03:02:12.482   755   755 W libbinder.IPCThreadState: Sending oneway calls to frozen process.
05-25 03:02:12.482   755   755 W libbinder.IPCThreadState: Sending oneway calls to frozen process.
05-25 03:02:12.482   755   755 W libbinder.IPCThreadState: Sending oneway calls to frozen process.
05-25 03:02:12.483   755   755 W libbinder.IPCThreadState: Sending oneway calls to frozen process.
05-25 03:02:12.483   755   755 W libbinder.IPCThreadState: Sending oneway calls to frozen process.
05-25 03:02:12.483   755   755 W libbinder.IPCThreadState: Sending oneway calls to frozen process.
05-25 03:02:12.483   755   755 W libbinder.IPCThreadState: Sending oneway calls to frozen process.
05-25 03:02:12.483   755   755 W libbinder.IPCThreadState: Sending oneway calls to frozen process.
05-25 03:02:12.483   755   755 W libbinder.IPCThreadState: Sending oneway calls to frozen process.
05-25 03:02:12.483   755   755 W libbinder.IPCThreadState: Sending oneway calls to frozen process.
05-25 03:02:12.484 10442 10450 W libbinder.IPCThreadState: call to talkWithDriver in joinThreadPool returned error: -9 (Bad file descriptor), FD: -1
05-25 03:02:12.484   755   755 W libbinder.IPCThreadState: Sending oneway calls to frozen process.
05-25 03:02:12.484   755   755 W libbinder.IPCThreadState: Sending oneway calls to frozen process.
05-25 03:02:12.484   755   755 W libbinder.IPCThreadState: Sending oneway calls to frozen process.
05-25 03:02:12.484   755   755 W libbinder.IPCThreadState: Sending oneway calls to frozen process.
05-25 03:02:12.484   755   755 W libbinder.IPCThreadState: Sending oneway calls to frozen process.
05-25 03:02:12.484  1012  1012 W SsPagerDots: Total number of pages invalid: 0. Assuming 1 page.
05-25 03:02:12.484 10442 10451 W libbinder.IPCThreadState: call to talkWithDriver in joinThreadPool returned error: -9 (Bad file descriptor), FD: -1
05-25 03:02:12.484   755   755 W libbinder.IPCThreadState: Sending oneway calls to frozen process.
05-25 03:02:12.484 10442 10442 D AndroidRuntime: Shutting down VM
05-25 03:02:12.485 10442 10454 W libbinder.IPCThreadState: call to talkWithDriver in joinThreadPool returned error: -9 (Bad file descriptor), FD: -1
05-25 03:02:12.485   755   755 W libbinder.IPCThreadState: Sending oneway calls to frozen process.
05-25 03:02:12.485   755   755 W libbinder.IPCThreadState: Sending oneway calls to frozen process.
05-25 03:02:12.485   755   755 D BatterySaverPolicy: accessibility changed to false, updating policy.
05-25 03:02:13.874  1139  1263 D SatelliteController: iisInCarrierRoamingNbIotNtn: satellite is disabled
05-25 03:02:13.875  1139  1263 D SatelliteController: getCarrierRoamingNtnConnectType: Falling back to global carrier config connect type: 0
05-25 03:02:13.875   755  1052 W libbinder.IPCThreadState: Sending oneway calls to frozen process.
05-25 03:02:14.871   755   906 I HalDevMgr: bestIfaceCreationProposal is null, requestIface=STA, existingIface=[name=wlan0 type=STA]
05-25 03:02:17.877   755   906 I HalDevMgr: bestIfaceCreationProposal is null, requestIface=STA, existingIface=[name=wlan0 type=STA]
05-25 03:02:18.496   755  1052 D TelephonyManager: requestModemActivityInfo: Sending result to app: ModemActivityInfo{ mTimestamp=3741005 mSleepTimeMs=420 mIdleTimeMs=140 mActivityStatsTechSpecificInfo=[{mRat=UNKNOWN,mFrequencyRange=UNKNOWN,mTxTimeMs[]=[10, 30, 60, 80, 90],mRxTimeMs=90}]}
05-25 03:02:19.331   755   785 W libbinder.IPCThreadState: Sending oneway calls to frozen process.
05-25 03:02:19.331   755   785 W libbinder.IPCThreadState: Sending oneway calls to frozen process.
05-25 03:02:20.173   755   916 D InetDiagMessage: Destroyed 0 sockets, proto=IPPROTO_TCP, family=AF_INET, states=14
05-25 03:02:20.173   755   916 D InetDiagMessage: Destroyed 0 sockets, proto=IPPROTO_TCP, family=AF_INET6, states=14
05-25 03:02:20.173   755   916 D InetDiagMessage: Destroyed live tcp sockets for uids={10202} in 1ms
05-25 03:02:20.173   755   916 D InetDiagMessage: Destroyed 0 sockets, proto=IPPROTO_TCP, family=AF_INET, states=14
05-25 03:02:20.174   755   916 D InetDiagMessage: Destroyed 0 sockets, proto=IPPROTO_TCP, family=AF_INET6, states=14
05-25 03:02:20.174   755   916 D InetDiagMessage: Destroyed live tcp sockets for uids={20202} in 1ms
