05-25 02:05:35.420  1334  1346 W GLSUser : 	at amlr.dispatchTransaction(:com.google.android.gms@261631038@26.16.31 (260800-900800821):16)
05-25 02:05:35.420  1334  1346 W GLSUser : 	at cbgx.a(:com.google.android.gms@261631038@26.16.31 (260800-900800821):78)
05-25 02:05:35.420  1334  1346 W GLSUser : 	at zsu.onTransact(:com.google.android.gms@261631038@26.16.31 (260800-900800821):23)
05-25 02:05:35.420  1334  1346 W GLSUser : 	at android.os.Binder.transact(Binder.java:1325)
05-25 02:05:35.420  1334  1346 W GLSUser : 	at cpbw.onTransact(:com.google.android.gms@261631038@26.16.31 (260800-900800821):12)
05-25 02:05:35.420  1334  1346 W GLSUser : 	at android.os.Binder.transact(Binder.java:1325)
05-25 02:05:35.420  1334  1346 W GLSUser : 	at cbhl.onTransact(:com.google.android.gms@261631038@26.16.31 (260800-900800821):169)
05-25 02:05:35.420  1334  1346 W GLSUser : 	at android.os.Binder.execTransactInternal(Binder.java:1473)
05-25 02:05:35.420  1334  1346 W GLSUser : 	at android.os.Binder.execTransact(Binder.java:1418)
05-25 02:05:35.420  1334  1346 W GLSUser : Caused by: czle: Parsing Exception
05-25 02:05:35.420  1334  1346 W GLSUser : 	at czmi.a(:com.google.android.gms@261631038@26.16.31 (260800-900800821):15)
05-25 02:05:35.420  1334  1346 W GLSUser : 	at hlbg.run(:com.google.android.gms@261631038@26.16.31 (260800-900800821):56)
05-25 02:05:35.420  1334  1346 W GLSUser : 	at bjwq.c(:com.google.android.gms@261631038@26.16.31 (260800-900800821):50)
05-25 02:05:35.420  1334  1346 W GLSUser : 	at bjwq.run(:com.google.android.gms@261631038@26.16.31 (260800-900800821):66)
05-25 02:05:35.420  1334  1346 W GLSUser : 	at java.util.concurrent.ThreadPoolExecutor.runWorker(ThreadPoolExecutor.java:1154)
05-25 02:05:35.420  1334  1346 W GLSUser : 	at java.util.concurrent.ThreadPoolExecutor$Worker.run(ThreadPoolExecutor.java:652)
05-25 02:05:35.420  1334  1346 W GLSUser : 	at bkch.run(:com.google.android.gms@261631038@26.16.31 (260800-900800821):8)
05-25 02:05:35.420  1334  1346 W GLSUser : 	at java.lang.Thread.run(Thread.java:1563)
05-25 02:05:35.420  1334  1346 W GLSUser : Caused by: ivrd: Protocol message end-group tag did not match expected tag.
05-25 02:05:35.420  1334  1346 W GLSUser : 	at ivta.a(:com.google.android.gms@261631038@26.16.31 (260800-900800821):57)
05-25 02:05:35.420  1334  1346 W GLSUser : 	at ivrx.l(:com.google.android.gms@261631038@26.16.31 (260800-900800821):424)
05-25 02:05:35.420  1334  1346 W GLSUser : 	at ivpz.s(:com.google.android.gms@261631038@26.16.31 (260800-900800821):26)
05-25 02:05:35.420  1334  1346 W GLSUser : 	at ivnu.f(:com.google.android.gms@261631038@26.16.31 (260800-900800821):7)
05-25 02:05:35.420  1334  1346 W GLSUser : 	at ivnu.c(:com.google.android.gms@261631038@26.16.31 (260800-900800821):1)
05-25 02:05:35.420  1334  1346 W GLSUser : 	at ivnu.o(:com.google.android.gms@261631038@26.16.31 (260800-900800821):1)
05-25 02:05:35.420  1334  1346 W GLSUser : 	at czmh.a(:com.google.android.gms@261631038@26.16.31 (260800-900800821):15)
05-25 02:05:35.420  1334  1346 W GLSUser : 	at czmm.call(:com.google.android.gms@261631038@26.16.31 (260800-900800821):8)
05-25 02:05:35.420  1334  1346 W GLSUser : 	at java.util.concurrent.FutureTask.run(FutureTask.java:317)
05-25 02:05:35.420  1334  1346 W GLSUser : 	... 6 more
05-25 02:05:35.420  1334  1346 W GLSUser : [DeviceKeyStore] Cannot load key: Device key file not found.
05-25 02:05:35.428  1334  1346 W GLSUser : [DeviceKeyStore] Cannot load key: Device key file not found.
05-25 02:05:35.428  1334  1346 W GLSUser : [DeviceKeyStore] Cannot load key: Device key file not found.
05-25 02:05:35.555  1334  3583 I cn_CronetUrlRequestContext: destroyNativeStreamLocked org.chromium.net.impl.CronetBidirectionalStream@1cef012
05-25 02:05:35.556  1334  5648 W gkcc    : Primes not initialized, returning default (no-op) Primes instance which will ignore all calls. Please call Primes.initialize(...) before using any Primes API.
05-25 02:05:35.557  1334  1641 W GmsWeatherProviderContr: Failed to fetch weather tile
05-25 02:05:35.557  1334  1641 W GmsWeatherProviderContr: jsoa: INVALID_ARGUMENT: Application credential header not valid. Please fix the client to pass a valid application credential header.
05-25 02:05:35.557  1334  1641 W GmsWeatherProviderContr: 	at gsab.b(:com.google.android.gms@261631038@26.16.31 (260800-900800821):51)
05-25 02:05:35.557  1334  1641 W GmsWeatherProviderContr: 	at gtcc.g(:com.google.android.gms@261631038@26.16.31 (260800-900800821):15)
05-25 02:05:35.557  1334  1641 W GmsWeatherProviderContr: 	at gtca.run(:com.google.android.gms@261631038@26.16.31 (260800-900800821):44)
05-25 02:05:35.557  1334  1641 W GmsWeatherProviderContr: 	at bjwq.c(:com.google.android.gms@261631038@26.16.31 (260800-900800821):50)
05-25 02:05:35.557  1334  1641 W GmsWeatherProviderContr: 	at bjwq.run(:com.google.android.gms@261631038@26.16.31 (260800-900800821):66)
05-25 02:05:35.557  1334  1641 W GmsWeatherProviderContr: 	at java.util.concurrent.ThreadPoolExecutor.runWorker(ThreadPoolExecutor.java:1154)
05-25 02:05:35.557  1334  1641 W GmsWeatherProviderContr: 	at java.util.concurrent.ThreadPoolExecutor$Worker.run(ThreadPoolExecutor.java:652)
05-25 02:05:35.557  1334  1641 W GmsWeatherProviderContr: 	at bkch.run(:com.google.android.gms@261631038@26.16.31 (260800-900800821):8)
05-25 02:05:35.557  1334  1641 W GmsWeatherProviderContr: 	at java.lang.Thread.run(Thread.java:1563)
05-25 02:05:35.561  1334  3583 I cn_CronetUrlRequestContext: destroyNativeStreamLocked org.chromium.net.impl.CronetBidirectionalStream@f6b1c99
05-25 02:05:35.563   755   999 D UwbCountryCode: Set location country code to: US
05-25 02:05:35.563   755   999 I UwbCountryCode: Ignoring already set country code: US
05-25 02:05:35.884   755   906 I HalDevMgr: bestIfaceCreationProposal is null, requestIface=STA, existingIface=[name=wlan0 type=STA]
05-25 02:05:36.358  5653  5653 W AccessibilityNodeInfoDumper: Fetch time: 1ms
05-25 02:05:36.361   755  1923 V AccessibilityManagerService: onUserStateChangedLocked for userId: 0, forceUpdate: false
05-25 02:05:36.361   755  1923 V AccessibilityUserState: updateShortcutTargets: type:accessibility_shortcut_target_service, current:{}, new:{}
05-25 02:05:36.361   755  1923 V AccessibilityUserState: updateShortcutTargets: type:accessibility_button_targets, current:{}, new:{}
05-25 02:05:36.361   755  1923 V AccessibilityUserState: updateShortcutTargets: type:accessibility_gesture_targets, current:{}, new:{}
05-25 02:05:36.361   755  1923 V AccessibilityUserState: updateShortcutTargets: type:accessibility_qs_targets, current:{}, new:{}
05-25 02:05:36.361   755  1923 V AccessibilityUserState: updateShortcutTargets: type:accessibility_key_gesture_targets, current:{}, new:{}
05-25 02:05:36.361   755  1923 W MagnificationConnectionManager: requestConnection duplicated request: connect=false, mConnectionState=DISCONNECTED
05-25 02:05:36.361   755  1923 D AccessibilityManagerService: restoreCurrentUserForTestAutomationIfNeededLocked(): ignoring because device doesn't support visible background users
05-25 02:05:36.362  1546  3178 I AiAiEcho: Settings changed for uri: content://settings/secure/accessibility_enabled
05-25 02:05:36.362   755   755 W libbinder.IPCThreadState: Sending oneway calls to frozen process.
05-25 02:05:36.363   755   755 W libbinder.IPCThreadState: Sending oneway calls to frozen process.
05-25 02:05:36.363   755   755 W libbinder.IPCThreadState: Sending oneway calls to frozen process.
05-25 02:05:36.363   755   755 W libbinder.IPCThreadState: Sending oneway calls to frozen process.
05-25 02:05:36.363   755   755 W libbinder.IPCThreadState: Sending oneway calls to frozen process.
05-25 02:05:36.363   755   755 W libbinder.IPCThreadState: Sending oneway calls to frozen process.
05-25 02:05:36.363   755   755 W libbinder.IPCThreadState: Sending oneway calls to frozen process.
05-25 02:05:36.364  1546  1927 I AiAiEcho: Predicting[0]:  [CONTEXT sampling_count=5 ]
05-25 02:05:36.364   755   755 W libbinder.IPCThreadState: Sending oneway calls to frozen process.
05-25 02:05:36.364  1546  1927 I AiAiEcho: EchoTargets: 
05-25 02:05:36.364  1546  1927 I AiAiEcho: Filtered by AiAi flag check: 
05-25 02:05:36.364  1546  1927 I AiAiEcho: [CONTEXT ratelimit_period="10 SECONDS" ]
05-25 02:05:36.364   755   755 W libbinder.IPCThreadState: Sending oneway calls to frozen process.
05-25 02:05:36.364   755   755 W libbinder.IPCThreadState: Sending oneway calls to frozen process.
05-25 02:05:36.364  5653  5653 D AndroidRuntime: Shutting down VM
05-25 02:05:36.364   755   755 W libbinder.IPCThreadState: Sending oneway calls to frozen process.
05-25 02:05:36.364   755   755 W libbinder.IPCThreadState: Sending oneway calls to frozen process.
05-25 02:05:36.364   755   755 D BatterySaverPolicy: accessibility changed to false, updating policy.
05-25 02:05:36.365  5653  5666 W libbinder.IPCThreadState: call to talkWithDriver in joinThreadPool returned error: -9 (Bad file descriptor), FD: -1
05-25 02:05:36.365  5653  5670 W libbinder.IPCThreadState: call to talkWithDriver in joinThreadPool returned error: -9 (Bad file descriptor), FD: -1
05-25 02:05:36.365  1546  1927 I AiAiEcho: #remoteViewsTwiddler: feature disabled.
05-25 02:05:36.365  5653  5667 W libbinder.IPCThreadState: call to talkWithDriver in joinThreadPool returned error: -9 (Bad file descriptor), FD: -1
05-25 02:05:36.365  1546  1927 I AiAiEcho: Predicting[0]:  [CONTEXT sampling_count=5 ]
05-25 02:05:36.365  1546  1927 I AiAiEcho: EchoTargets: 
05-25 02:05:36.365  1546  1927 I AiAiEcho: Filtered by AiAi flag check: 
05-25 02:05:36.365  1546  1927 I AiAiEcho: [CONTEXT ratelimit_period="10 SECONDS" ]
05-25 02:05:36.365  1546  1927 I AiAiEcho: #remoteViewsTwiddler: feature disabled.
05-25 02:05:36.365  1546  1927 I AiAiEcho: #postPredictionTargets: Sending updates to UISurface lockscreen with targets# 0 (types=[])
05-25 02:05:36.366  1546  1927 I AiAiEcho: #postPredictionTargets: Sending updates to UISurface home with targets# 0 (types=[])
05-25 02:05:36.367  1012  1012 W SsPagerDots: Total number of pages invalid: 0. Assuming 1 page.
05-25 02:05:38.192   755  2150 D WifiNl80211Manager: Scan result ready event
05-25 02:05:38.193   755  2150 D WifiNative: Scan result ready event
05-25 02:05:38.195  1334  2052 I WifiScanner: onFullResults
05-25 02:05:38.196  1334  2050 I WifiScanner: onFullResults
05-25 02:05:38.196   755   906 I HalDevMgr: bestIfaceCreationProposal is null, requestIface=STA, existingIface=[name=wlan0 type=STA]
05-25 02:05:38.349  5684  5684 W libbinder.BackendUnifiedServiceManager: Thread Pool max thread count is 0. Cannot cache binder as linkToDeath cannot be implemented. serviceName: SurfaceFlingerAIDL
05-25 02:05:38.349  5684  5684 W libbinder.BpBinder: Linking to death on android.gui.ISurfaceComposer but there are no threads (yet?) listening to incoming transactions. See ProcessState::startThreadPool and ProcessState::setThreadPoolMaxThreadCount. Generally you should setup the binder threadpool before other initialization steps.
05-25 02:05:38.349  5684  5684 W libbinder.ProcessState: Extra binder thread started, but 0 threads requested. Do not use *startThreadPool when zero threads are requested.
05-25 02:05:38.436  1529  1788 W MediaProvider: isAppCloneUserPair for user 0: false
05-25 02:05:38.810   755  2150 I ActivityManager: Broadcasting: Intent { act=android.intent.action.MEDIA_SCANNER_SCAN_FILE dat=file:///... flg=0x400000 }
05-25 02:05:38.811   755  2150 I ActivityManager: Enqueued broadcast Intent { act=android.intent.action.MEDIA_SCANNER_SCAN_FILE dat=file:///... flg=0x400000 }: 0
05-25 02:05:38.811   755   786 D OomAdjuster: Not killing cached processes
05-25 02:05:38.811  1529  1529 I MediaServiceV2: Creating work for intent Intent { act=android.intent.action.MEDIA_SCANNER_SCAN_FILE dat=file:///... flg=0x1400010 cmp=com.google.android.providers.media.module/com.android.providers.media.MediaServiceV2 }
05-25 02:05:38.813  1529  1529 I MediaServiceV2: Work enqueued for intent: Intent { act=android.intent.action.MEDIA_SCANNER_SCAN_FILE dat=file:///... flg=0x1400010 cmp=com.google.android.providers.media.module/com.android.providers.media.MediaServiceV2 }
05-25 02:05:38.815   755   775 I ActivityManager: Broadcast completed: result=0
05-25 02:05:38.821  1529  1874 W JobInfo : Requested important-while-foreground flag for job597 is ignored and takes no effect
05-25 02:05:38.821  1529  1874 D WM-SystemJobScheduler: Scheduling work ID d3f56f83-521f-41da-929a-fe36f38caad9Job ID 597
05-25 02:05:38.827  1529  1874 D WM-GreedyScheduler: Ignoring {WorkSpec: fce74054-5d75-49ac-b1fb-61b1c63b64d1}. Requires device idle.
05-25 02:05:38.827  1529  1874 D WM-GreedyScheduler: Ignoring {WorkSpec: 748d3965-3023-45a6-9a32-baafa7d90ebf}. Requires device idle.
05-25 02:05:38.827  1529  1874 D WM-GreedyScheduler: Ignoring {WorkSpec: bbc248da-5aec-4565-83d8-ed90ba3a683c}. Requires device idle.
05-25 02:05:38.827  1529  1874 D WM-GreedyScheduler: Ignoring {WorkSpec: a7b8fc44-3a39-43d5-96b8-cef5bb529d35}. Requires device idle.
05-25 02:05:38.827  1529  1874 D WM-GreedyScheduler: Starting work for d3f56f83-521f-41da-929a-fe36f38caad9
05-25 02:05:38.831  1529  1529 D WM-SystemJobService: onStartJob for WorkGenerationalId(workSpecId=d3f56f83-521f-41da-929a-fe36f38caad9, generation=0)
05-25 02:05:38.831  1529  1874 D WM-Processor: Processor: processing WorkGenerationalId(workSpecId=d3f56f83-521f-41da-929a-fe36f38caad9, generation=0)
05-25 02:05:38.833  1529  1874 D WM-Processor: Work WorkGenerationalId(workSpecId=d3f56f83-521f-41da-929a-fe36f38caad9, generation=0) is already enqueued for processing
05-25 02:05:38.835  1529  1529 D WM-WorkerWrapper: Starting work for com.android.providers.media.MediaServiceV2
05-25 02:05:38.835  1529  5691 I MediaServiceV2: Work initiated for action [ android.intent.action.MEDIA_SCANNER_SCAN_FILE ]
05-25 02:05:38.843  1529  5691 I MediaServiceV2: Work ended for action [ android.intent.action.MEDIA_SCANNER_SCAN_FILE ]
05-25 02:05:38.848  1529  1727 I WM-WorkerWrapper: Worker result SUCCESS for Work [ id=d3f56f83-521f-41da-929a-fe36f38caad9, tags={ com.android.providers.media.MediaServiceV2 } ]
05-25 02:05:38.849  1529  1529 D WM-Processor: Processor d3f56f83-521f-41da-929a-fe36f38caad9 executed; reschedule = false
05-25 02:05:38.849  1529  1529 D WM-SystemJobService: d3f56f83-521f-41da-929a-fe36f38caad9 executed on JobScheduler
05-25 02:05:38.853  1529  1727 D WM-SystemJobScheduler: Scheduling work ID 4b2671a3-5e65-4b6b-897e-9415a580dd05Job ID 598
05-25 02:05:38.854  1529  1727 D WM-GreedyScheduler: Ignoring {WorkSpec: fce74054-5d75-49ac-b1fb-61b1c63b64d1}. Requires device idle.
05-25 02:05:38.854  1529  1727 D WM-GreedyScheduler: Ignoring {WorkSpec: 748d3965-3023-45a6-9a32-baafa7d90ebf}. Requires device idle.
05-25 02:05:38.854  1529  1727 D WM-GreedyScheduler: Ignoring {WorkSpec: bbc248da-5aec-4565-83d8-ed90ba3a683c}. Requires device idle.
05-25 02:05:38.854  1529  1727 D WM-GreedyScheduler: Ignoring {WorkSpec: a7b8fc44-3a39-43d5-96b8-cef5bb529d35}. Requires device idle.
05-25 02:05:38.855  1529  1874 D WM-GreedyScheduler: Cancelling work ID d3f56f83-521f-41da-929a-fe36f38caad9
05-25 02:05:38.856  1529  1874 D WM-GreedyScheduler: Ignoring {WorkSpec: fce74054-5d75-49ac-b1fb-61b1c63b64d1}. Requires device idle.
05-25 02:05:38.856  1529  1874 D WM-GreedyScheduler: Ignoring {WorkSpec: 748d3965-3023-45a6-9a32-baafa7d90ebf}. Requires device idle.
05-25 02:05:38.856  1529  1874 D WM-GreedyScheduler: Ignoring {WorkSpec: bbc248da-5aec-4565-83d8-ed90ba3a683c}. Requires device idle.
05-25 02:05:38.856  1529  1874 D WM-GreedyScheduler: Ignoring {WorkSpec: a7b8fc44-3a39-43d5-96b8-cef5bb529d35}. Requires device idle.
05-25 02:05:38.888   755   906 I HalDevMgr: bestIfaceCreationProposal is null, requestIface=STA, existingIface=[name=wlan0 type=STA]
05-25 02:05:38.985  5695  5695 D AndroidRuntime: >>>>>> START com.android.internal.os.RuntimeInit uid 2000 <<<<<<
05-25 02:05:38.989  5695  5695 I AndroidRuntime: Using default boot image
05-25 02:05:38.989  5695  5695 I AndroidRuntime: Leaving lock profiling enabled
05-25 02:05:38.991  5695  5695 I app_process: Using CollectorTypeCMC GC.
05-25 02:05:39.055  5695  5695 D nativeloader: InitDefaultPublicLibraries for_preload=1: libandroid.so:libaaudio.so:libamidi.so:libbinder_ndk.so:libc.so:libcamera2ndk.so:libdl.so:libEGL.so:libGLESv1_CM.so:libGLESv2.so:libGLESv3.so:libicu.so:libicui18n.so:libicuuc.so:libjnigraphics.so:liblog.so:libmediandk.so:libm.so:libnativehelper.so:libnativewindow.so:libOpenMAXAL.so:libOpenSLES.so:libRS.so:libstdc++.so:libsync.so:libvulkan.so:libwebviewchromium_plat_support.so:libz.so
05-25 02:05:39.063  5695  5695 D nativeloader: Load libicu_jni.so using APEX ns com_android_art for caller /apex/com.android.art/javalib/core-oj.jar: ok
05-25 02:05:39.063  5695  5695 D app_process: u_setTimeZoneFilesDirectory("/apex/com.android.tzdata/etc/tz/versioned/9/icu") succeeded. 
05-25 02:05:39.063  5695  5695 D app_process: I18n APEX ICU file found: /apex/com.android.i18n/etc/icu/icudt76l.dat
05-25 02:05:39.063  5695  5695 D nativeloader: Load libjavacore.so using APEX ns com_android_art for caller /apex/com.android.art/javalib/core-oj.jar: ok
05-25 02:05:39.064  5695  5695 D nativeloader: Load libopenjdk.so using APEX ns com_android_art for caller /apex/com.android.art/javalib/core-oj.jar: ok
05-25 02:05:39.065  5695  5695 I app_process: Priority-to-niceness mapping: 19, 16, 13, 10, 0, -2, -4, -5, -6, -8
05-25 02:05:39.066  5695  5695 W app_process: Unexpected CPU variant for x86: x86_64.
05-25 02:05:39.066  5695  5695 W app_process: Known variants: atom, sandybridge, silvermont, goldmont, goldmont-plus, goldmont-without-sha-xsaves, tremont, kabylake, alderlake, default
05-25 02:05:39.067  5695  5695 W app_process: ClassLoaderContext shared library size mismatch. Expected=2, found=0 (PCL[]{PCL[/system/framework/android.test.base.jar*1653369819]#PCL[/system/framework/android.test.mock.jar*1009639922]} | PCL[])
05-25 02:05:39.068  5695  5695 W app_process: ClassLoaderContext classpath size mismatch. expected=0, found=1 (PCL[]{PCL[/system/framework/android.test.runner.jar*3954641918]{PCL[/system/framework/android.test.base.jar*1653369819]#PCL[/system/framework/android.test.mock.jar*1009639922]}#PCL[/system/framework/android.test.base.jar*1653369819]} | PCL[/system/framework/android.test.runner.jar*3954641918])
05-25 02:05:39.084  5695  5695 D nativeloader: Load libframework-connectivity-tiramisu-jni.so using APEX ns com_android_tethering for caller /apex/com.android.tethering/javalib/framework-connectivity-t.jar: ok
05-25 02:05:39.084  5695  5695 D AndroidRuntime: Calling main entry com.android.commands.uiautomator.Launcher
05-25 02:05:39.089  5695  5695 I AconfigPackage: android.media.swcodec.flags is mapped to com.android.media.swcodec
05-25 02:05:39.089  5695  5695 I AconfigPackage: com.android.permission.flags is mapped to com.android.permission
05-25 02:05:39.089  5695  5695 I AconfigPackage: com.android.permissioncontroller.flags is mapped to com.android.permission
05-25 02:05:39.089  5695  5695 I AconfigPackage: com.android.icu is mapped to com.android.i18n
05-25 02:05:39.089  5695  5695 I AconfigPackage: com.android.appsearch.flags is mapped to com.android.appsearch
05-25 02:05:39.090  5695  5695 I AconfigPackage: android.uprobestats.mainline.flags is mapped to com.android.uprobestats
05-25 02:05:39.090  5695  5695 I AconfigPackage: com.android.crashrecovery.flags is mapped to com.android.crashrecovery
05-25 02:05:39.090  5695  5695 I AconfigPackage: android.provider.flags is mapped to com.android.configinfrastructure
05-25 02:05:39.090  5695  5695 I AconfigPackage: com.android.server.deviceconfig is mapped to com.android.configinfrastructure
05-25 02:05:39.090  5695  5695 I AconfigPackage: com.android.compos.flags is mapped to com.android.compos
05-25 02:05:39.090  5695  5695 I AconfigPackage: com.android.art.flags is mapped to com.android.art
05-25 02:05:39.091  5695  5695 I AconfigPackage: com.android.art.rw.flags is mapped to com.android.art
05-25 02:05:39.091  5695  5695 I AconfigPackage: com.android.libcore is mapped to com.android.art
05-25 02:05:39.091  5695  5695 I AconfigPackage: com.android.telephony.flags is mapped to com.android.telephonycore
05-25 02:05:39.091  5695  5695 I AconfigPackage: com.android.media.extractor.flags is mapped to com.android.media
05-25 02:05:39.091  5695  5695 I AconfigPackage: com.android.media.mainline.flags is mapped to com.android.media
05-25 02:05:39.091  5695  5695 I AconfigPackage: com.android.wifi.flags is mapped to com.android.wifi
05-25 02:05:39.091  5695  5695 I AconfigPackage: com.android.org.conscrypt.flags is mapped to com.android.conscrypt
05-25 02:05:39.091  5695  5695 I AconfigPackage: com.android.org.conscrypt.net.flags is mapped to com.android.conscrypt
05-25 02:05:39.091  5695  5695 I AconfigPackage: com.android.healthfitness.flags is mapped to com.android.healthfitness
05-25 02:05:39.092  5695  5695 I AconfigPackage: com.android.ipsec.flags is mapped to com.android.ipsec
05-25 02:05:39.092  5695  5695 I AconfigPackage: com.android.nfc.module.flags is mapped to com.android.nfcservices
05-25 02:05:39.092  5695  5695 I AconfigPackage: com.android.adservices.ondevicepersonalization.flags is mapped to com.android.ondevicepersonalization
05-25 02:05:39.092  5695  5695 I AconfigPackage: com.android.adbd.flags is mapped to com.android.adbd
05-25 02:05:39.092  5695  5695 I AconfigPackage: com.android.bluetooth.flags is mapped to com.android.bt
05-25 02:05:39.092  5695  5695 I AconfigPackage: com.android.devicelock.flags is mapped to com.android.devicelock
05-25 02:05:39.093  5695  5695 I AconfigPackage: android.os.profiling is mapped to com.android.profiling
05-25 02:05:39.093  5695  5695 I AconfigPackage: android.os.profiling.anomaly.flags is mapped to com.android.profiling
05-25 02:05:39.093  5695  5695 I AconfigPackage: com.android.os.statsd.flags is mapped to com.android.os.statsd
05-25 02:05:39.093  5695  5695 I AconfigPackage: com.android.rkpd.flags is mapped to com.android.rkpd
05-25 02:05:39.093  5695  5695 I AconfigPackage: com.android.cellbroadcastreceiver.flags is mapped to com.android.cellbroadcast
05-25 02:05:39.093  5695  5695 I AconfigPackage: com.android.adservices.flags is mapped to com.android.adservices
05-25 02:05:39.093  5695  5695 I AconfigPackage: com.android.sdksandbox.flags is mapped to com.android.adservices
05-25 02:05:39.093  5695  5695 I AconfigPackage: com.android.uwb.flags is mapped to com.android.uwb
05-25 02:05:39.093  5695  5695 I AconfigPackage: com.android.ranging.flags is mapped to com.android.uwb
05-25 02:05:39.093  5695  5695 I AconfigPackage: android.graphics.pdf.flags is mapped to com.android.mediaprovider
05-25 02:05:39.093  5695  5695 I AconfigPackage: com.android.providers.media.flags is mapped to com.android.mediaprovider
05-25 02:05:39.093  5695  5695 I AconfigPackage: android.graphics.pdf.flags.readonly is mapped to com.android.mediaprovider
05-25 02:05:39.093  5695  5695 I AconfigPackage: com.android.tethering.mainline.beta is mapped to com.android.tethering
05-25 02:05:39.093  5695  5695 I AconfigPackage: android.net.http is mapped to com.android.tethering
05-25 02:05:39.093  5695  5695 I AconfigPackage: com.android.tethering.readonly.flags is mapped to com.android.tethering
05-25 02:05:39.093  5695  5695 I AconfigPackage: android.net.vcn is mapped to com.android.tethering
05-25 02:05:39.093  5695  5695 I AconfigPackage: com.android.net.flags is mapped to com.android.tethering
05-25 02:05:39.093  5695  5695 I AconfigPackage: com.android.tethering.beta.test is mapped to com.android.tethering
05-25 02:05:39.093  5695  5695 I AconfigPackage: com.android.nearby.flags is mapped to com.android.tethering
05-25 02:05:39.093  5695  5695 I AconfigPackage: com.android.net.ct.flags is mapped to com.android.tethering
05-25 02:05:39.093  5695  5695 I AconfigPackage: com.android.net.thread.flags is mapped to com.android.tethering
05-25 02:05:39.094  5695  5695 I AconfigPackage: com.android.system.virtualmachine.flags is mapped to com.android.virt
05-25 02:05:39.094  5695  5695 E FeatureFlagsImplExport: android.os.flagging.AconfigStorageReadException: ERROR_PACKAGE_NOT_FOUND: package android.xr cannot be found on the device
05-25 02:05:39.096  5695  5695 D UiAutomationConnection: Created on user UserHandle{0}
05-25 02:05:39.096  5695  5695 I UiAutomation: Initialized for user 0 on display 0
05-25 02:05:39.096  5695  5695 W UiAutomation: Created with deprecatead constructor, assumes DEFAULT_DISPLAY
05-25 02:05:39.097   755  1931 D AccessibilityManagerService: changeCurrentUserForTestAutomationIfNeededLocked(0): ignoring because device doesn't support visible background users
05-25 02:05:39.097   755  1931 I UiAutomationManager: Registering UiTestAutomationService (id=com.android.server.accessibility/UiAutomation, flags=0x0) when called by user 0
05-25 02:05:39.097   755  1931 V AccessibilityManagerService: onUserStateChangedLocked for userId: 0, forceUpdate: false
05-25 02:05:39.097   755  1931 V AccessibilityUserState: updateShortcutTargets: type:accessibility_shortcut_target_service, current:{}, new:{}
05-25 02:05:39.098   755  1931 V AccessibilityUserState: updateShortcutTargets: type:accessibility_button_targets, current:{}, new:{}
05-25 02:05:39.098   755  1931 V AccessibilityUserState: updateShortcutTargets: type:accessibility_gesture_targets, current:{}, new:{}
05-25 02:05:39.098   755  1931 V AccessibilityUserState: updateShortcutTargets: type:accessibility_qs_targets, current:{}, new:{}
05-25 02:05:39.098   755  1931 V AccessibilityUserState: updateShortcutTargets: type:accessibility_key_gesture_targets, current:{}, new:{}
05-25 02:05:39.098   755  1931 W MagnificationConnectionManager: requestConnection duplicated request: connect=false, mConnectionState=DISCONNECTED
05-25 02:05:39.098  1546  3179 I AiAiEcho: Settings changed for uri: content://settings/secure/accessibility_enabled
05-25 02:05:39.099   755   755 W libbinder.IPCThreadState: Sending oneway calls to frozen process.
05-25 02:05:39.099   755   755 W libbinder.IPCThreadState: Sending oneway calls to frozen process.
05-25 02:05:39.099   755   755 W libbinder.IPCThreadState: Sending oneway calls to frozen process.
05-25 02:05:39.100   755   755 W libbinder.IPCThreadState: Sending oneway calls to frozen process.
05-25 02:05:39.100   755   755 W libbinder.IPCThreadState: Sending oneway calls to frozen process.
05-25 02:05:39.100  1546  1927 I AiAiEcho: Predicting[0]:  [CONTEXT sampling_count=5 ]
05-25 02:05:39.100  1546  1927 I AiAiEcho: EchoTargets: 
05-25 02:05:39.100  1546  1927 I AiAiEcho: Filtered by AiAi flag check: 
05-25 02:05:39.100  1546  1927 I AiAiEcho: [CONTEXT ratelimit_period="10 SECONDS" ]
05-25 02:05:39.100  1546  1927 I AiAiEcho: #remoteViewsTwiddler: feature disabled.
05-25 02:05:39.100  1546  1927 I AiAiEcho: Predicting[0]:  [CONTEXT sampling_count=5 ]
05-25 02:05:39.100  1546  1927 I AiAiEcho: EchoTargets: 
05-25 02:05:39.100  1546  1927 I AiAiEcho: Filtered by AiAi flag check: 
05-25 02:05:39.100  1546  1927 I AiAiEcho: [CONTEXT ratelimit_period="10 SECONDS" ]
05-25 02:05:39.100  1546  1927 I AiAiEcho: #remoteViewsTwiddler: feature disabled.
05-25 02:05:39.101  1546  1927 I AiAiEcho: #postPredictionTargets: Sending updates to UISurface lockscreen with targets# 0 (types=[])
05-25 02:05:39.101   755   755 W libbinder.IPCThreadState: Sending oneway calls to frozen process.
05-25 02:05:39.101   755  1931 V AccessibilityManagerService: onUserStateChangedLocked for userId: 0, forceUpdate: false
05-25 02:05:39.101   755   755 W libbinder.IPCThreadState: Sending oneway calls to frozen process.
05-25 02:05:39.102  1012  1012 W SsPagerDots: Total number of pages invalid: 0. Assuming 1 page.
05-25 02:05:39.102   755  1931 V AccessibilityUserState: updateShortcutTargets: type:accessibility_shortcut_target_service, current:{}, new:{}
05-25 02:05:39.102   755  1931 V AccessibilityUserState: updateShortcutTargets: type:accessibility_button_targets, current:{}, new:{}
05-25 02:05:39.102   755  1931 V AccessibilityUserState: updateShortcutTargets: type:accessibility_gesture_targets, current:{}, new:{}
05-25 02:05:39.102   755  1931 V AccessibilityUserState: updateShortcutTargets: type:accessibility_qs_targets, current:{}, new:{}
05-25 02:05:39.102   755  1931 V AccessibilityUserState: updateShortcutTargets: type:accessibility_key_gesture_targets, current:{}, new:{}
05-25 02:05:39.103   755  1931 W MagnificationConnectionManager: requestConnection duplicated request: connect=false, mConnectionState=DISCONNECTED
05-25 02:05:39.103   755   755 W libbinder.IPCThreadState: Sending oneway calls to frozen process.
05-25 02:05:39.103   755   755 W libbinder.IPCThreadState: Sending oneway calls to frozen process.
05-25 02:05:39.103   755   755 W libbinder.IPCThreadState: Sending oneway calls to frozen process.
05-25 02:05:39.103  1546  1927 I AiAiEcho: #postPredictionTargets: Sending updates to UISurface home with targets# 0 (types=[])
05-25 02:05:39.103   755   755 W libbinder.IPCThreadState: Sending oneway calls to frozen process.
05-25 02:05:39.104   755   755 W libbinder.IPCThreadState: Sending oneway calls to frozen process.
05-25 02:05:39.105   755   755 W libbinder.IPCThreadState: Sending oneway calls to frozen process.
05-25 02:05:39.105   755   755 W libbinder.IPCThreadState: Sending oneway calls to frozen process.
05-25 02:05:39.105   755   755 W libbinder.IPCThreadState: Sending oneway calls to frozen process.
05-25 02:05:39.105   755   755 W libbinder.IPCThreadState: Sending oneway calls to frozen process.
05-25 02:05:39.106   755   755 W libbinder.IPCThreadState: Sending oneway calls to frozen process.
05-25 02:05:39.106   755   755 W libbinder.IPCThreadState: Sending oneway calls to frozen process.
05-25 02:05:39.106   755   755 W libbinder.IPCThreadState: Sending oneway calls to frozen process.
05-25 02:05:39.107   755   755 W libbinder.IPCThreadState: Sending oneway calls to frozen process.
05-25 02:05:39.107   755   755 D BatterySaverPolicy: accessibility changed to true, updating policy.
05-25 02:05:39.107  1546  3178 I AiAiEcho: Settings changed for uri: content://settings/secure/accessibility_enabled
05-25 02:05:39.109  1546  1927 I AiAiEcho: Predicting[0]:  [CONTEXT sampling_count=5 ]
05-25 02:05:39.109  1546  1927 I AiAiEcho: EchoTargets: 
05-25 02:05:39.109  1546  1927 I AiAiEcho: Filtered by AiAi flag check: 
05-25 02:05:39.109  1546  1927 I AiAiEcho: [CONTEXT ratelimit_period="10 SECONDS" ]
05-25 02:05:39.109  1546  1927 I AiAiEcho: #remoteViewsTwiddler: feature disabled.
05-25 02:05:39.109  1546  1927 I AiAiEcho: Predicting[0]:  [CONTEXT sampling_count=5 ]
05-25 02:05:39.109  1546  1927 I AiAiEcho: EchoTargets: 
05-25 02:05:39.109  1546  1927 I AiAiEcho: Filtered by AiAi flag check: 
05-25 02:05:39.109  1546  1927 I AiAiEcho: [CONTEXT ratelimit_period="10 SECONDS" ]
05-25 02:05:39.109   755  1931 D AccessibilityManagerService: .getAccessibilityShortcutTargets {shortcutType=32, userId=0}
05-25 02:05:39.109  1546  1927 I AiAiEcho: #remoteViewsTwiddler: feature disabled.
05-25 02:05:39.109  1546  1927 I AiAiEcho: #postPredictionTargets: Sending updates to UISurface lockscreen with targets# 0 (types=[])
05-25 02:05:39.111  1012  1012 W SsPagerDots: Total number of pages invalid: 0. Assuming 1 page.
05-25 02:05:39.111  1546  1927 I AiAiEcho: #postPredictionTargets: Sending updates to UISurface home with targets# 0 (types=[])
05-25 02:05:39.541   755   916 D InetDiagMessage: Destroyed 0 sockets, proto=IPPROTO_TCP, family=AF_INET, states=14
05-25 02:05:39.541   755   916 D InetDiagMessage: Destroyed 0 sockets, proto=IPPROTO_TCP, family=AF_INET6, states=14
05-25 02:05:39.541   755   916 D InetDiagMessage: Destroyed live tcp sockets for uids={10162} in 1ms
05-25 02:05:39.541   755   916 D InetDiagMessage: Destroyed 0 sockets, proto=IPPROTO_TCP, family=AF_INET, states=14
05-25 02:05:39.541   755   916 D InetDiagMessage: Destroyed 0 sockets, proto=IPPROTO_TCP, family=AF_INET6, states=14
05-25 02:05:39.541   755   916 D InetDiagMessage: Destroyed live tcp sockets for uids={20162} in 0ms
05-25 02:05:39.542   755   916 D InetDiagMessage: Destroyed 0 sockets, proto=IPPROTO_TCP, family=AF_INET, states=14
05-25 02:05:39.542   755   916 D InetDiagMessage: Destroyed 0 sockets, proto=IPPROTO_TCP, family=AF_INET6, states=14
05-25 02:05:39.542   755   916 D InetDiagMessage: Destroyed live tcp sockets for uids={10149} in 1ms
05-25 02:05:39.542   755   916 D InetDiagMessage: Destroyed 0 sockets, proto=IPPROTO_TCP, family=AF_INET, states=14
05-25 02:05:39.542   755   916 D InetDiagMessage: Destroyed 0 sockets, proto=IPPROTO_TCP, family=AF_INET6, states=14
05-25 02:05:39.543   755   916 D InetDiagMessage: Destroyed live tcp sockets for uids={20149} in 0ms
05-25 02:05:40.112  1334  1334 D BoundBrokerSvc: onUnbind: Intent { act=com.google.android.gms.common.telemetry.service.START dat=chimera-action:/... xflg=0x4 cmp=com.google.android.gms/.chimera.PersistentApiService }
05-25 02:05:40.122  5695  5695 W AccessibilityNodeInfoDumper: Fetch time: 1ms
05-25 02:05:40.122   755  1251 V AccessibilityManagerService: onUserStateChangedLocked for userId: 0, forceUpdate: false
05-25 02:05:40.123   755  1251 V AccessibilityUserState: updateShortcutTargets: type:accessibility_shortcut_target_service, current:{}, new:{}
05-25 02:05:40.123   755  1251 V AccessibilityUserState: updateShortcutTargets: type:accessibility_button_targets, current:{}, new:{}
05-25 02:05:40.123   755  1251 V AccessibilityUserState: updateShortcutTargets: type:accessibility_gesture_targets, current:{}, new:{}
05-25 02:05:40.123   755  1251 V AccessibilityUserState: updateShortcutTargets: type:accessibility_qs_targets, current:{}, new:{}
05-25 02:05:40.123   755  1251 V AccessibilityUserState: updateShortcutTargets: type:accessibility_key_gesture_targets, current:{}, new:{}
05-25 02:05:40.124   755  1251 W MagnificationConnectionManager: requestConnection duplicated request: connect=false, mConnectionState=DISCONNECTED
05-25 02:05:40.124   755  1251 D AccessibilityManagerService: restoreCurrentUserForTestAutomationIfNeededLocked(): ignoring because device doesn't support visible background users
05-25 02:05:40.124  1546  3178 I AiAiEcho: Settings changed for uri: content://settings/secure/accessibility_enabled
05-25 02:05:40.124   755   755 W libbinder.IPCThreadState: Sending oneway calls to frozen process.
05-25 02:05:40.124  1546  1927 I AiAiEcho: Predicting[0]:  [CONTEXT sampling_count=5 ]
05-25 02:05:40.124   755   755 W libbinder.IPCThreadState: Sending oneway calls to frozen process.
05-25 02:05:40.124  1546  1927 I AiAiEcho: EchoTargets: 
05-25 02:05:40.124  1546  1927 I AiAiEcho: Filtered by AiAi flag check: 
05-25 02:05:40.124  1546  1927 I AiAiEcho: [CONTEXT ratelimit_period="10 SECONDS" ]
05-25 02:05:40.125  1546  1927 I AiAiEcho: #remoteViewsTwiddler: feature disabled.
05-25 02:05:40.125   755   755 W libbinder.IPCThreadState: Sending oneway calls to frozen process.
05-25 02:05:40.125  1546  1927 I AiAiEcho: Predicting[0]:  [CONTEXT sampling_count=5 ]
05-25 02:05:40.125  1546  1927 I AiAiEcho: EchoTargets: 
05-25 02:05:40.125  1546  1927 I AiAiEcho: Filtered by AiAi flag check: 
05-25 02:05:40.125  1546  1927 I AiAiEcho: [CONTEXT ratelimit_period="10 SECONDS" ]
05-25 02:05:40.125  1546  1927 I AiAiEcho: #remoteViewsTwiddler: feature disabled.
05-25 02:05:40.125  1546  1927 I AiAiEcho: #postPredictionTargets: Sending updates to UISurface lockscreen with targets# 0 (types=[])
05-25 02:05:40.126  5695  5695 D AndroidRuntime: Shutting down VM
05-25 02:05:40.126  5695  5707 W libbinder.IPCThreadState: call to talkWithDriver in joinThreadPool returned error: -9 (Bad file descriptor), FD: -1
05-25 02:05:40.126   755   755 W libbinder.IPCThreadState: Sending oneway calls to frozen process.
05-25 02:05:40.126  5695  5703 W libbinder.IPCThreadState: call to talkWithDriver in joinThreadPool returned error: -9 (Bad file descriptor), FD: -1
05-25 02:05:40.126  5695  5704 W libbinder.IPCThreadState: call to talkWithDriver in joinThreadPool returned error: -9 (Bad file descriptor), FD: -1
05-25 02:05:40.126   755   755 W libbinder.IPCThreadState: Sending oneway calls to frozen process.
05-25 02:05:40.126   755   755 W libbinder.IPCThreadState: Sending oneway calls to frozen process.
05-25 02:05:40.126   755   755 W libbinder.IPCThreadState: Sending oneway calls to frozen process.
05-25 02:05:40.127   755   755 W libbinder.IPCThreadState: Sending oneway calls to frozen process.
05-25 02:05:40.127   755   755 W libbinder.IPCThreadState: Sending oneway calls to frozen process.
05-25 02:05:40.128   755   755 W libbinder.IPCThreadState: Sending oneway calls to frozen process.
05-25 02:05:40.128   755   755 W libbinder.IPCThreadState: Sending oneway calls to frozen process.
05-25 02:05:40.128   755   755 W libbinder.IPCThreadState: Sending oneway calls to frozen process.
05-25 02:05:40.128   755   755 D BatterySaverPolicy: accessibility changed to false, updating policy.
05-25 02:05:40.128  1012  1012 W SsPagerDots: Total number of pages invalid: 0. Assuming 1 page.
05-25 02:05:40.130  1546  1927 I AiAiEcho: #postPredictionTargets: Sending updates to UISurface home with targets# 0 (types=[])
05-25 02:05:40.351  1529  1529 D WM-DelayedWorkTracker: Scheduling work 4b2671a3-5e65-4b6b-897e-9415a580dd05
05-25 02:05:40.351  1529  1529 D WM-GreedyScheduler: Starting tracking for 4b2671a3-5e65-4b6b-897e-9415a580dd05
05-25 02:05:40.352  1529  1868 D WM-ConstraintTracker: BatteryNotLowTracker: initial state = true
05-25 02:05:40.352  1529  1868 D WM-BrdcstRcvrCnstrntTrc: BatteryNotLowTracker: registering receiver
05-25 02:05:40.353  1529  1868 D WM-GreedyScheduler: Constraints met: Scheduling work ID WorkGenerationalId(workSpecId=4b2671a3-5e65-4b6b-897e-9415a580dd05, generation=0)
05-25 02:05:40.354  1529  1868 D WM-Processor: Processor: processing WorkGenerationalId(workSpecId=4b2671a3-5e65-4b6b-897e-9415a580dd05, generation=0)
05-25 02:05:40.355  1529  1529 D WM-WorkerWrapper: Starting work for com.android.providers.media.photopicker.sync.ProactiveSyncWorker
05-25 02:05:40.356  1529  5708 I PSyncWorker: Starting proactive picker sync from sync source: 1
05-25 02:05:40.356  1529  5708 I PickerSyncTracker: Created new sync future java.util.concurrent.CompletableFuture@7a6b67b[Not completed, 1 dependents]. Future map: {4b2671a3-5e65-4b6b-897e-9415a580dd05=java.util.concurrent.CompletableFuture@7a6b67b[Not completed, 1 dependents]}
05-25 02:05:40.356  1529  5708 D PickerSyncController: syncAllMediaFromProvider() LOCAL, auth=com.android.providers.media.photopicker, retry=true
05-25 02:05:40.356  1529  5708 D PickerSyncController: getSyncRequestParams() LOCAL, auth=com.android.providers.media.photopicker
05-25 02:05:40.357  1529  5708 D PickerSyncController:    Latest ID/Gen=92835bc8fd6dde81:external_primary/2340
05-25 02:05:40.357  1529  5708 D PickerSyncController:    Cached ID/Gen=92835bc8fd6dde81:external_primary/2331
05-25 02:05:40.357  1529  5708 D PickerSyncController:    RESULT=SyncRequestParams{type=MEDIA_INCREMENTAL, gen=2331, latest=Bundle[{last_media_sync_generation=2340, media_collection_id=92835bc8fd6dde81:external_primary}], pageSize=1000}
05-25 02:05:40.357  1529  5708 I PickerSyncController: Executing SyncAdd. isLocal: true. authority: com.android.providers.media.photopicker
05-25 02:05:40.357  1529  5708 D PickerSyncLockManager: Trying to acquire lock com.android.providers.media.photopicker.sync.CloseableReentrantLock@cffd47[Unlocked]. Lock Name = CLOUD_PROVIDER_LOCK. Threads that may be waiting to acquire this lock = [] with timeout.
05-25 02:05:40.357  1529  5708 D CloseableReentrantLock: Successfully acquired lock com.android.providers.media.photopicker.sync.CloseableReentrantLock@cffd47[Locked by thread pool-4-thread-8]. Lock Name = CLOUD_PROVIDER_LOCK. Threads that may be waiting to acquire this lock = []
05-25 02:05:40.357  1529  5708 D CloseableReentrantLock: Successfully released lock com.android.providers.media.photopicker.sync.CloseableReentrantLock@cffd47[Unlocked]. Lock Name = CLOUD_PROVIDER_LOCK. Threads that may be waiting to acquire this lock = []
05-25 02:05:40.357  1529  5708 D ExternalDbFacade: Token received for queryMedia = null
05-25 02:05:40.360  1529  5708 D PickerSyncLockManager: Trying to acquire lock com.android.providers.media.photopicker.sync.CloseableReentrantLock@cffd47[Unlocked]. Lock Name = CLOUD_PROVIDER_LOCK. Threads that may be waiting to acquire this lock = [] with timeout.
05-25 02:05:40.360  1529  5708 D CloseableReentrantLock: Successfully acquired lock com.android.providers.media.photopicker.sync.CloseableReentrantLock@cffd47[Locked by thread pool-4-thread-8]. Lock Name = CLOUD_PROVIDER_LOCK. Threads that may be waiting to acquire this lock = []
05-25 02:05:40.360  1529  5708 D PickerSyncController: Saving next page token: 1779671138000|206 for key: local_provider:media_add:resume
05-25 02:05:40.360  1529  5708 D CloseableReentrantLock: Successfully released lock com.android.providers.media.photopicker.sync.CloseableReentrantLock@cffd47[Unlocked]. Lock Name = CLOUD_PROVIDER_LOCK. Threads that may be waiting to acquire this lock = []
05-25 02:05:40.360  1529  5708 D PickerNotificationSender: Sending a notification for media update
05-25 02:05:40.362  1529  5708 D PickerNotificationSender: Sending a notification for merged album media update Videos
05-25 02:05:40.362  1529  5708 D PickerNotificationSender: Sending a notification for album media update Videos
05-25 02:05:40.362  1529  5708 D PickerNotificationSender: Sending a notification for merged album media update Favorites
05-25 02:05:40.362  1529  5708 D PickerNotificationSender: Sending a notification for album media update Favorites
05-25 02:05:40.362  1529  5708 D ExternalDbFacade: Token received for queryMedia = 1779671138000|206
05-25 02:05:40.363  1529  5708 D PickerSyncLockManager: Trying to acquire lock com.android.providers.media.photopicker.sync.CloseableReentrantLock@cffd47[Unlocked]. Lock Name = CLOUD_PROVIDER_LOCK. Threads that may be waiting to acquire this lock = [] with timeout.
05-25 02:05:40.363  1529  5708 D CloseableReentrantLock: Successfully acquired lock com.android.providers.media.photopicker.sync.CloseableReentrantLock@cffd47[Locked by thread pool-4-thread-8]. Lock Name = CLOUD_PROVIDER_LOCK. Threads that may be waiting to acquire this lock = []
05-25 02:05:40.363  1529  5708 D PickerSyncController: Clearing next page token for key: local_provider:media_add:resume
05-25 02:05:40.363  1529  5708 D CloseableReentrantLock: Successfully released lock com.android.providers.media.photopicker.sync.CloseableReentrantLock@cffd47[Unlocked]. Lock Name = CLOUD_PROVIDER_LOCK. Threads that may be waiting to acquire this lock = []
05-25 02:05:40.363  1529  5708 D PickerNotificationSender: Sending a notification for media update
05-25 02:05:40.363  1529  5708 D PickerNotificationSender: Sending a notification for merged album media update Videos
05-25 02:05:40.363  1529  5708 D PickerNotificationSender: Sending a notification for album media update Videos
05-25 02:05:40.364  1529  5708 D PickerNotificationSender: Sending a notification for merged album media update Favorites
05-25 02:05:40.364  1529  5708 D PickerNotificationSender: Sending a notification for album media update Favorites
05-25 02:05:40.364  1529  5708 I PickerSyncController: Paged sync successful. QueryArgs: Bundle[{android.provider.extra.PAGE_TOKEN=1779671138000|206, android.provider.extra.SYNC_GENERATION=2331, android.provider.extra.PAGE_SIZE=1000}] Total Rows: 1
05-25 02:05:40.364  1529  5708 I PickerSyncController: Executing SyncRemove. isLocal: true. authority: com.android.providers.media.photopicker
05-25 02:05:40.364  1529  5708 D PickerSyncLockManager: Trying to acquire lock com.android.providers.media.photopicker.sync.CloseableReentrantLock@cffd47[Unlocked]. Lock Name = CLOUD_PROVIDER_LOCK. Threads that may be waiting to acquire this lock = [] with timeout.
05-25 02:05:40.364  1529  5708 D CloseableReentrantLock: Successfully acquired lock com.android.providers.media.photopicker.sync.CloseableReentrantLock@cffd47[Locked by thread pool-4-thread-8]. Lock Name = CLOUD_PROVIDER_LOCK. Threads that may be waiting to acquire this lock = []
05-25 02:05:40.364  1529  5708 D CloseableReentrantLock: Successfully released lock com.android.providers.media.photopicker.sync.CloseableReentrantLock@cffd47[Unlocked]. Lock Name = CLOUD_PROVIDER_LOCK. Threads that may be waiting to acquire this lock = []
05-25 02:05:40.365  1529  5708 D PickerSyncLockManager: Trying to acquire lock com.android.providers.media.photopicker.sync.CloseableReentrantLock@cffd47[Unlocked]. Lock Name = CLOUD_PROVIDER_LOCK. Threads that may be waiting to acquire this lock = [] with timeout.
05-25 02:05:40.365  1529  5708 D CloseableReentrantLock: Successfully acquired lock com.android.providers.media.photopicker.sync.CloseableReentrantLock@cffd47[Locked by thread pool-4-thread-8]. Lock Name = CLOUD_PROVIDER_LOCK. Threads that may be waiting to acquire this lock = []
05-25 02:05:40.365  1529  5708 D PickerSyncController: Clearing next page token for key: local_provider:media_remove:resume
05-25 02:05:40.365  1529  5708 D CloseableReentrantLock: Successfully released lock com.android.providers.media.photopicker.sync.CloseableReentrantLock@cffd47[Unlocked]. Lock Name = CLOUD_PROVIDER_LOCK. Threads that may be waiting to acquire this lock = []
05-25 02:05:40.365  1529  5708 D PickerNotificationSender: Sending a notification for media update
05-25 02:05:40.365  1529  5708 D PickerNotificationSender: Sending a notification for merged album media update Videos
05-25 02:05:40.365  1529  5708 D PickerNotificationSender: Sending a notification for album media update Videos
05-25 02:05:40.365  1529  5708 D PickerNotificationSender: Sending a notification for merged album media update Favorites
05-25 02:05:40.366  1529  5708 D PickerNotificationSender: Sending a notification for album media update Favorites
05-25 02:05:40.366  1529  5708 I PickerSyncController: Paged sync successful. QueryArgs: Bundle[{android.provider.extra.PAGE_TOKEN=1779671138000|206, android.provider.extra.SYNC_GENERATION=2331, android.provider.extra.PAGE_SIZE=1000}] Total Rows: 0
05-25 02:05:40.366  1529  5708 I PickerSyncTracker: Marked sync future complete for work id: 4b2671a3-5e65-4b6b-897e-9415a580dd05. Future map: {}
05-25 02:05:40.366  1529  5708 I PSyncWorker: Completed picker proactive sync complete from local provider.
05-25 02:05:40.367  1529  1868 I WM-WorkerWrapper: Worker result SUCCESS for Work [ id=4b2671a3-5e65-4b6b-897e-9415a580dd05, tags={ com.android.providers.media.photopicker.sync.ProactiveSyncWorker } ]
05-25 02:05:40.367  1529  1529 D WM-Processor: Processor 4b2671a3-5e65-4b6b-897e-9415a580dd05 executed; reschedule = false
05-25 02:05:40.368  1529  1529 D WM-GreedyScheduler: Stopping tracking for WorkGenerationalId(workSpecId=4b2671a3-5e65-4b6b-897e-9415a580dd05, generation=0)
05-25 02:05:40.370  1529  1868 D WM-GreedyScheduler: Cancelling work ID 4b2671a3-5e65-4b6b-897e-9415a580dd05
05-25 02:05:40.371  1529  1868 D WM-GreedyScheduler: Ignoring {WorkSpec: fce74054-5d75-49ac-b1fb-61b1c63b64d1}. Requires device idle.
05-25 02:05:40.371  1529  1868 D WM-GreedyScheduler: Ignoring {WorkSpec: 748d3965-3023-45a6-9a32-baafa7d90ebf}. Requires device idle.
05-25 02:05:40.371  1529  1868 D WM-GreedyScheduler: Ignoring {WorkSpec: bbc248da-5aec-4565-83d8-ed90ba3a683c}. Requires device idle.
05-25 02:05:40.371  1529  1868 D WM-GreedyScheduler: Ignoring {WorkSpec: a7b8fc44-3a39-43d5-96b8-cef5bb529d35}. Requires device idle.
05-25 02:05:40.371  1529  1868 D WM-BrdcstRcvrCnstrntTrc: BatteryNotLowTracker: unregistering receiver
05-25 02:05:41.042  5711  5711 D AndroidRuntime: >>>>>> START com.android.internal.os.RuntimeInit uid 2000 <<<<<<
05-25 02:05:41.045  5711  5711 I AndroidRuntime: Using default boot image
05-25 02:05:41.045  5711  5711 I AndroidRuntime: Leaving lock profiling enabled
05-25 02:05:41.047  5711  5711 I app_process: Using CollectorTypeCMC GC.
05-25 02:05:41.115  5711  5711 D nativeloader: InitDefaultPublicLibraries for_preload=1: libandroid.so:libaaudio.so:libamidi.so:libbinder_ndk.so:libc.so:libcamera2ndk.so:libdl.so:libEGL.so:libGLESv1_CM.so:libGLESv2.so:libGLESv3.so:libicu.so:libicui18n.so:libicuuc.so:libjnigraphics.so:liblog.so:libmediandk.so:libm.so:libnativehelper.so:libnativewindow.so:libOpenMAXAL.so:libOpenSLES.so:libRS.so:libstdc++.so:libsync.so:libvulkan.so:libwebviewchromium_plat_support.so:libz.so
05-25 02:05:41.123  5711  5711 D nativeloader: Load libicu_jni.so using APEX ns com_android_art for caller /apex/com.android.art/javalib/core-oj.jar: ok
05-25 02:05:41.123  5711  5711 D app_process: u_setTimeZoneFilesDirectory("/apex/com.android.tzdata/etc/tz/versioned/9/icu") succeeded. 
05-25 02:05:41.123  5711  5711 D app_process: I18n APEX ICU file found: /apex/com.android.i18n/etc/icu/icudt76l.dat
05-25 02:05:41.123  5711  5711 D nativeloader: Load libjavacore.so using APEX ns com_android_art for caller /apex/com.android.art/javalib/core-oj.jar: ok
05-25 02:05:41.124  5711  5711 D nativeloader: Load libopenjdk.so using APEX ns com_android_art for caller /apex/com.android.art/javalib/core-oj.jar: ok
05-25 02:05:41.124  5711  5711 I app_process: Priority-to-niceness mapping: 19, 16, 13, 10, 0, -2, -4, -5, -6, -8
05-25 02:05:41.124  5711  5711 W app_process: Unexpected CPU variant for x86: x86_64.
05-25 02:05:41.124  5711  5711 W app_process: Known variants: atom, sandybridge, silvermont, goldmont, goldmont-plus, goldmont-without-sha-xsaves, tremont, kabylake, alderlake, default
