05-25 04:12:22.854 D/ActivityThread( 2368): Package [com.tiarnanlarkin.danio] reported as REPLACED, but missing application info. Assuming REMOVED.
05-25 04:12:22.858 W/ProcessStats(  755): Tracking association SourceState{d18e002 system/1000 ImpBg #6981} whose proc state 6 is better than process ProcessState{1341b4b com.google.android.apps.photos/10162 pkg=com.google.android.apps.photos} proc state 14 (1 skipped)
05-25 04:12:23.972 D/SatelliteController( 1139): iisInCarrierRoamingNbIotNtn: satellite is disabled
05-25 04:12:23.972 D/SatelliteController( 1139): getCarrierRoamingNtnConnectType: Falling back to global carrier config connect type: 0
05-25 04:12:23.973 W/libbinder.IPCThreadState(  755): Sending oneway calls to frozen process.
05-25 04:12:24.181 W/libbinder.IPCThreadState(  755): Sending oneway calls to frozen process.
05-25 04:12:24.181 W/libbinder.IPCThreadState(  755): Sending oneway calls to frozen process.
05-25 04:12:25.224 I/HalDevMgr(  755): bestIfaceCreationProposal is null, requestIface=STA, existingIface=[name=wlan0 type=STA]
05-25 04:12:25.236 W/libbinder.IPCThreadState(  755): Sending oneway calls to frozen process.
05-25 04:12:27.894 D/InetDiagMessage(  755): Destroyed 0 sockets, proto=IPPROTO_TCP, family=AF_INET, states=14
05-25 04:12:27.894 D/InetDiagMessage(  755): Destroyed 0 sockets, proto=IPPROTO_TCP, family=AF_INET6, states=14
05-25 04:12:27.894 D/InetDiagMessage(  755): Destroyed live tcp sockets for uids={10162} in 1ms
05-25 04:12:27.894 D/InetDiagMessage(  755): Destroyed 0 sockets, proto=IPPROTO_TCP, family=AF_INET, states=14
05-25 04:12:27.894 D/InetDiagMessage(  755): Destroyed 0 sockets, proto=IPPROTO_TCP, family=AF_INET6, states=14
05-25 04:12:27.894 D/InetDiagMessage(  755): Destroyed live tcp sockets for uids={20162} in 0ms
05-25 04:12:28.230 I/HalDevMgr(  755): bestIfaceCreationProposal is null, requestIface=STA, existingIface=[name=wlan0 type=STA]
05-25 04:12:28.936 E/BluetoothPowerStatsCollector(  755): Cannot acquire BluetoothActivityEnergyInfo
05-25 04:12:28.936 E/BluetoothPowerStatsCollector(  755): java.util.concurrent.ExecutionException: java.lang.RuntimeException: error: 11
05-25 04:12:28.936 E/BluetoothPowerStatsCollector(  755): 	at java.util.concurrent.CompletableFuture.reportGet(CompletableFuture.java:372)
05-25 04:12:28.936 E/BluetoothPowerStatsCollector(  755): 	at java.util.concurrent.CompletableFuture.get(CompletableFuture.java:2072)
05-25 04:12:28.936 E/BluetoothPowerStatsCollector(  755): 	at com.android.server.power.stats.BluetoothPowerStatsCollector.collectBluetoothActivityInfo(BluetoothPowerStatsCollector.java:191)
05-25 04:12:28.936 E/BluetoothPowerStatsCollector(  755): 	at com.android.server.power.stats.BluetoothPowerStatsCollector.collectStats(BluetoothPowerStatsCollector.java:155)
05-25 04:12:28.936 E/BluetoothPowerStatsCollector(  755): 	at com.android.server.power.stats.PowerStatsCollector.collectAndDeliverStats(PowerStatsCollector.java:196)
05-25 04:12:28.936 E/BluetoothPowerStatsCollector(  755): 	at com.android.server.power.stats.PowerStatsCollector.lambda$schedule$0(PowerStatsCollector.java:166)
05-25 04:12:28.936 E/BluetoothPowerStatsCollector(  755): 	at com.android.server.power.stats.PowerStatsCollector.$r8$lambda$G7G_yFY7rV7oxQbQHnZ5FHX8eBk(PowerStatsCollector.java:0)
05-25 04:12:28.936 E/BluetoothPowerStatsCollector(  755): 	at com.android.server.power.stats.PowerStatsCollector$$ExternalSyntheticLambda1.run(R8$$SyntheticClass:0)
05-25 04:12:28.936 E/BluetoothPowerStatsCollector(  755): 	at android.os.Handler.handleCallback(Handler.java:1070)
05-25 04:12:28.936 E/BluetoothPowerStatsCollector(  755): 	at android.os.Handler.dispatchMessage(Handler.java:125)
05-25 04:12:28.936 E/BluetoothPowerStatsCollector(  755): 	at android.os.Looper.dispatchMessage(Looper.java:333)
05-25 04:12:28.936 E/BluetoothPowerStatsCollector(  755): 	at android.os.Looper.loopOnce(Looper.java:263)
05-25 04:12:28.936 E/BluetoothPowerStatsCollector(  755): 	at android.os.Looper.loop(Looper.java:367)
05-25 04:12:28.936 E/BluetoothPowerStatsCollector(  755): 	at android.os.HandlerThread.run(HandlerThread.java:139)
05-25 04:12:28.936 E/BluetoothPowerStatsCollector(  755): Caused by: java.lang.RuntimeException: error: 11
05-25 04:12:28.936 E/BluetoothPowerStatsCollector(  755): 	at com.android.server.power.stats.BluetoothPowerStatsCollector$1.onBluetoothActivityEnergyInfoError(BluetoothPowerStatsCollector.java:180)
05-25 04:12:28.936 E/BluetoothPowerStatsCollector(  755): 	at android.bluetooth.BluetoothAdapter$OnBluetoothActivityEnergyInfoProxy.lambda$onBluetoothActivityEnergyInfoAvailable$0(BluetoothAdapter.java:1010)
05-25 04:12:28.936 E/BluetoothPowerStatsCollector(  755): 	at android.bluetooth.BluetoothAdapter$OnBluetoothActivityEnergyInfoProxy.$r8$lambda$ks_hN9Vo_x2Jp1k5f-s67WiAd4A(Unknown Source:0)
05-25 04:12:28.936 E/BluetoothPowerStatsCollector(  755): 	at android.bluetooth.BluetoothAdapter$OnBluetoothActivityEnergyInfoProxy$$ExternalSyntheticLambda0.run(D8$$SyntheticClass:0)
05-25 04:12:28.936 E/BluetoothPowerStatsCollector(  755): 	at android.bluetooth.BluetoothUtils.lambda$executeFromBinder$0(BluetoothUtils.java:346)
05-25 04:12:28.936 E/BluetoothPowerStatsCollector(  755): 	at android.bluetooth.BluetoothUtils$$ExternalSyntheticLambda1.run(D8$$SyntheticClass:0)
05-25 04:12:28.936 E/BluetoothPowerStatsCollector(  755): 	at com.android.server.SystemServerInitThreadPool$$ExternalSyntheticLambda0.execute(R8$$SyntheticClass:0)
05-25 04:12:28.936 E/BluetoothPowerStatsCollector(  755): 	at android.bluetooth.BluetoothUtils.executeFromBinder(BluetoothUtils.java:346)
05-25 04:12:28.936 E/BluetoothPowerStatsCollector(  755): 	at android.bluetooth.BluetoothAdapter$OnBluetoothActivityEnergyInfoProxy.onBluetoothActivityEnergyInfoAvailable(BluetoothAdapter.java:1008)
05-25 04:12:28.936 E/BluetoothPowerStatsCollector(  755): 	at android.bluetooth.IBluetoothActivityEnergyInfoListener$Stub.onTransact(IBluetoothActivityEnergyInfoListener.java:98)
05-25 04:12:28.936 E/BluetoothPowerStatsCollector(  755): 	at android.os.Binder.execTransactInternal(Binder.java:1478)
05-25 04:12:28.936 E/BluetoothPowerStatsCollector(  755): 	at android.os.Binder.execTransact(Binder.java:1418)
05-25 04:12:29.209 I/AppSearchIcing(  755): icing-search-engine.cc:2327: Persisting data to disk with mode 3
05-25 04:12:29.213 I/AppSearchIcing(  755): icing-search-engine.cc:2340: PersistToDisk completed.
05-25 04:12:30.038 I/NetworkScheduler.Stats( 1334): (REDACTED) Task %s/%s started execution. cause:%s exec_start_elapsed_seconds: %s
05-25 04:12:30.042 I/NetworkScheduler.Stats( 1334): (REDACTED) Task %s/%s finished executing. cause:%s result: %s elapsed_millis: %s uptime_millis: %s exec_start_elapsed_seconds: %s
05-25 04:12:31.234 I/HalDevMgr(  755): bestIfaceCreationProposal is null, requestIface=STA, existingIface=[name=wlan0 type=STA]
05-25 04:12:31.282 W/UriGrantsManagerService(  755): No permission grants found for com.google.android.apps.photos
05-25 04:12:31.282 W/UriGrantsManagerService(  755): No permission grants found for com.google.android.apps.photos
05-25 04:12:31.284 W/JobScheduler(  755): Job didn't exist in JobStore: f770f1a #u0a162/1034 com.google.android.apps.photos/com.google.android.libraries.social.mediamonitor.MediaMonitorJobSchedulerService
05-25 04:12:31.330 W/JobInfo (  755): Job 'com.google.android.apps.photos/com.google.android.libraries.social.async.BackgroundTaskJobService#1043' has a deadline with no functional constraints. The deadline won't improve job execution latency. Consider removing the deadline.
05-25 04:12:31.357 W/UriGrantsManagerService(  755): No permission grants found for com.google.android.apps.photos
05-25 04:12:31.358 W/UriGrantsManagerService(  755): No permission grants found for com.google.android.apps.photos
05-25 04:12:31.405 I/XmpUtil ( 2368): XMP parse: only JPEG file is supported
05-25 04:12:31.407 I/XmpUtil ( 2368): XMP parse: only JPEG file is supported
05-25 04:12:31.432 I/XmpUtil ( 2368): XMP parse: only JPEG file is supported
05-25 04:12:31.451 W/System  ( 2368): A resource failed to call close. 
05-25 04:12:31.451 W/System  ( 2368): A resource failed to call close. 
05-25 04:12:31.451 W/System  ( 2368): A resource failed to call close. 
05-25 04:12:31.452 W/UriGrantsManagerService(  755): No permission grants found for com.google.android.apps.photos
05-25 04:12:31.453 W/UriGrantsManagerService(  755): No permission grants found for com.google.android.apps.photos
05-25 04:12:31.560 W/libbinder.IPCThreadState(  755): Sending oneway calls to frozen process.
05-25 04:12:31.560 W/libbinder.IPCThreadState(  755): Sending oneway calls to frozen process.
05-25 04:12:32.588 W/libbinder.IPCThreadState(  755): Sending oneway calls to frozen process.
05-25 04:12:33.972 D/SatelliteController( 1139): iisInCarrierRoamingNbIotNtn: satellite is disabled
05-25 04:12:33.972 D/SatelliteController( 1139): getCarrierRoamingNtnConnectType: Falling back to global carrier config connect type: 0
05-25 04:12:33.972 W/libbinder.IPCThreadState(  755): Sending oneway calls to frozen process.
05-25 04:12:34.242 I/HalDevMgr(  755): bestIfaceCreationProposal is null, requestIface=STA, existingIface=[name=wlan0 type=STA]
05-25 04:12:35.049 D/InetDiagMessage(  755): Destroyed 0 sockets, proto=IPPROTO_TCP, family=AF_INET, states=14
05-25 04:12:35.050 D/InetDiagMessage(  755): Destroyed 0 sockets, proto=IPPROTO_TCP, family=AF_INET6, states=14
05-25 04:12:35.050 D/InetDiagMessage(  755): Destroyed live tcp sockets for uids={10202} in 0ms
05-25 04:12:35.050 D/InetDiagMessage(  755): Destroyed 0 sockets, proto=IPPROTO_TCP, family=AF_INET, states=14
05-25 04:12:35.050 D/InetDiagMessage(  755): Destroyed 0 sockets, proto=IPPROTO_TCP, family=AF_INET6, states=14
05-25 04:12:35.050 D/InetDiagMessage(  755): Destroyed live tcp sockets for uids={20202} in 0ms
05-25 04:12:36.289 D/InetDiagMessage(  755): Destroyed 0 sockets, proto=IPPROTO_TCP, family=AF_INET, states=14
05-25 04:12:36.289 D/InetDiagMessage(  755): Destroyed 0 sockets, proto=IPPROTO_TCP, family=AF_INET6, states=14
05-25 04:12:36.289 D/InetDiagMessage(  755): Destroyed live tcp sockets for uids={10162} in 0ms
05-25 04:12:36.289 D/InetDiagMessage(  755): Destroyed 0 sockets, proto=IPPROTO_TCP, family=AF_INET, states=14
05-25 04:12:36.290 D/InetDiagMessage(  755): Destroyed 0 sockets, proto=IPPROTO_TCP, family=AF_INET6, states=14
05-25 04:12:36.290 D/InetDiagMessage(  755): Destroyed live tcp sockets for uids={20162} in 0ms
05-25 04:12:36.493 I/VoiceInputManagerWrapper( 1440): VoiceInputManagerWrapper.shutdownVoiceInternal():148 shutdownVoiceInternal()
05-25 04:12:36.494 W/NotificationCenter( 1440): NotificationCenter.unregisterListener():480 Listener iyg@96a7067 was not registered for notification class pcy
05-25 04:12:37.246 I/HalDevMgr(  755): bestIfaceCreationProposal is null, requestIface=STA, existingIface=[name=wlan0 type=STA]
05-25 04:12:40.062 D/ActivityManager(  755): freezing 1484 com.google.android.gms
05-25 04:12:40.065 D/ActivityManager(  755): freezing 9602 com.google.android.adservices.api
05-25 04:12:40.091 D/InetDiagMessage(  755): Destroyed 0 sockets, proto=IPPROTO_TCP, family=AF_INET, states=14
05-25 04:12:40.091 D/InetDiagMessage(  755): Destroyed 0 sockets, proto=IPPROTO_TCP, family=AF_INET6, states=14
05-25 04:12:40.091 D/InetDiagMessage(  755): Destroyed live tcp sockets for uids={10202} in 0ms
05-25 04:12:40.252 I/HalDevMgr(  755): bestIfaceCreationProposal is null, requestIface=STA, existingIface=[name=wlan0 type=STA]
05-25 04:12:41.288 D/ActivityManager(  755): freezing 2368 com.google.android.apps.photos
05-25 04:12:41.291 D/InetDiagMessage(  755): Destroyed 0 sockets, proto=IPPROTO_TCP, family=AF_INET, states=14
05-25 04:12:41.292 D/InetDiagMessage(  755): Destroyed 0 sockets, proto=IPPROTO_TCP, family=AF_INET6, states=14
05-25 04:12:41.292 D/InetDiagMessage(  755): Destroyed live tcp sockets for uids={10162} in 1ms
05-25 04:12:43.258 I/HalDevMgr(  755): bestIfaceCreationProposal is null, requestIface=STA, existingIface=[name=wlan0 type=STA]
05-25 04:12:43.972 D/SatelliteController( 1139): iisInCarrierRoamingNbIotNtn: satellite is disabled
05-25 04:12:43.972 D/SatelliteController( 1139): getCarrierRoamingNtnConnectType: Falling back to global carrier config connect type: 0
05-25 04:12:43.972 W/libbinder.IPCThreadState(  755): Sending oneway calls to frozen process.
05-25 04:12:46.262 I/HalDevMgr(  755): bestIfaceCreationProposal is null, requestIface=STA, existingIface=[name=wlan0 type=STA]
05-25 04:12:48.033 W/libbinder.BackendUnifiedServiceManager(16899): Thread Pool max thread count is 0. Cannot cache binder as linkToDeath cannot be implemented. serviceName: SurfaceFlingerAIDL
05-25 04:12:48.033 W/libbinder.BpBinder(16899): Linking to death on android.gui.ISurfaceComposer but there are no threads (yet?) listening to incoming transactions. See ProcessState::startThreadPool and ProcessState::setThreadPoolMaxThreadCount. Generally you should setup the binder threadpool before other initialization steps.
05-25 04:12:48.034 W/libbinder.ProcessState(16899): Extra binder thread started, but 0 threads requested. Do not use *startThreadPool when zero threads are requested.
05-25 04:12:48.146 W/MediaProvider( 1529): isAppCloneUserPair for user 0: false
05-25 04:12:48.367 I/ActivityManager(  755): Broadcasting: Intent { act=android.intent.action.MEDIA_SCANNER_SCAN_FILE dat=file:///... flg=0x400000 }
05-25 04:12:48.368 I/ActivityManager(  755): Enqueued broadcast Intent { act=android.intent.action.MEDIA_SCANNER_SCAN_FILE dat=file:///... flg=0x400000 }: 0
05-25 04:12:48.368 I/MediaServiceV2( 1529): Creating work for intent Intent { act=android.intent.action.MEDIA_SCANNER_SCAN_FILE dat=file:///... flg=0x1400010 cmp=com.google.android.providers.media.module/com.android.providers.media.MediaServiceV2 }
05-25 04:12:48.369 I/MediaServiceV2( 1529): Work enqueued for intent: Intent { act=android.intent.action.MEDIA_SCANNER_SCAN_FILE dat=file:///... flg=0x1400010 cmp=com.google.android.providers.media.module/com.android.providers.media.MediaServiceV2 }
05-25 04:12:48.370 I/ActivityManager(  755): Broadcast completed: result=0
05-25 04:12:48.378 W/JobInfo ( 1529): Requested important-while-foreground flag for job871 is ignored and takes no effect
05-25 04:12:48.378 D/WM-SystemJobScheduler( 1529): Scheduling work ID 444c0334-27a2-43e2-ad8c-d644f6199453Job ID 871
05-25 04:12:48.382 D/WM-GreedyScheduler( 1529): Ignoring {WorkSpec: fce74054-5d75-49ac-b1fb-61b1c63b64d1}. Requires device idle.
05-25 04:12:48.383 D/WM-GreedyScheduler( 1529): Ignoring {WorkSpec: 748d3965-3023-45a6-9a32-baafa7d90ebf}. Requires device idle.
05-25 04:12:48.383 D/WM-GreedyScheduler( 1529): Ignoring {WorkSpec: bbc248da-5aec-4565-83d8-ed90ba3a683c}. Requires device idle.
05-25 04:12:48.383 D/WM-GreedyScheduler( 1529): Ignoring {WorkSpec: a7b8fc44-3a39-43d5-96b8-cef5bb529d35}. Requires device idle.
05-25 04:12:48.383 D/WM-GreedyScheduler( 1529): Starting work for 444c0334-27a2-43e2-ad8c-d644f6199453
05-25 04:12:48.384 D/WM-SystemJobService( 1529): onStartJob for WorkGenerationalId(workSpecId=444c0334-27a2-43e2-ad8c-d644f6199453, generation=0)
05-25 04:12:48.384 D/WM-Processor( 1529): Processor: processing WorkGenerationalId(workSpecId=444c0334-27a2-43e2-ad8c-d644f6199453, generation=0)
05-25 04:12:48.385 D/WM-Processor( 1529): Work WorkGenerationalId(workSpecId=444c0334-27a2-43e2-ad8c-d644f6199453, generation=0) is already enqueued for processing
05-25 04:12:48.386 D/WM-WorkerWrapper( 1529): Starting work for com.android.providers.media.MediaServiceV2
05-25 04:12:48.386 I/MediaServiceV2( 1529): Work initiated for action [ android.intent.action.MEDIA_SCANNER_SCAN_FILE ]
05-25 04:12:48.409 I/MediaServiceV2( 1529): Work ended for action [ android.intent.action.MEDIA_SCANNER_SCAN_FILE ]
05-25 04:12:48.415 D/WM-SystemJobScheduler( 1529): Scheduling work ID 4c947a57-65dc-419c-8fd9-e1db8d734d24Job ID 872
05-25 04:12:48.418 D/WM-GreedyScheduler( 1529): Ignoring {WorkSpec: fce74054-5d75-49ac-b1fb-61b1c63b64d1}. Requires device idle.
05-25 04:12:48.418 D/WM-GreedyScheduler( 1529): Ignoring {WorkSpec: 748d3965-3023-45a6-9a32-baafa7d90ebf}. Requires device idle.
05-25 04:12:48.418 D/WM-GreedyScheduler( 1529): Ignoring {WorkSpec: bbc248da-5aec-4565-83d8-ed90ba3a683c}. Requires device idle.
05-25 04:12:48.418 D/WM-GreedyScheduler( 1529): Ignoring {WorkSpec: a7b8fc44-3a39-43d5-96b8-cef5bb529d35}. Requires device idle.
05-25 04:12:48.419 I/WM-WorkerWrapper( 1529): Worker result SUCCESS for Work [ id=444c0334-27a2-43e2-ad8c-d644f6199453, tags={ com.android.providers.media.MediaServiceV2 } ]
05-25 04:12:48.419 D/WM-Processor( 1529): Processor 444c0334-27a2-43e2-ad8c-d644f6199453 executed; reschedule = false
05-25 04:12:48.420 D/WM-SystemJobService( 1529): 444c0334-27a2-43e2-ad8c-d644f6199453 executed on JobScheduler
05-25 04:12:48.422 D/WM-GreedyScheduler( 1529): Cancelling work ID 444c0334-27a2-43e2-ad8c-d644f6199453
05-25 04:12:48.422 D/WM-GreedyScheduler( 1529): Ignoring {WorkSpec: fce74054-5d75-49ac-b1fb-61b1c63b64d1}. Requires device idle.
05-25 04:12:48.422 D/WM-GreedyScheduler( 1529): Ignoring {WorkSpec: 748d3965-3023-45a6-9a32-baafa7d90ebf}. Requires device idle.
05-25 04:12:48.422 D/WM-GreedyScheduler( 1529): Ignoring {WorkSpec: bbc248da-5aec-4565-83d8-ed90ba3a683c}. Requires device idle.
05-25 04:12:48.422 D/WM-GreedyScheduler( 1529): Ignoring {WorkSpec: a7b8fc44-3a39-43d5-96b8-cef5bb529d35}. Requires device idle.
05-25 04:12:48.596 D/AndroidRuntime(16910): >>>>>> START com.android.internal.os.RuntimeInit uid 2000 <<<<<<
05-25 04:12:48.601 I/AndroidRuntime(16910): Using default boot image
05-25 04:12:48.601 I/AndroidRuntime(16910): Leaving lock profiling enabled
05-25 04:12:48.603 I/app_process(16910): Using CollectorTypeCMC GC.
05-25 04:12:48.676 D/nativeloader(16910): InitDefaultPublicLibraries for_preload=1: libandroid.so:libaaudio.so:libamidi.so:libbinder_ndk.so:libc.so:libcamera2ndk.so:libdl.so:libEGL.so:libGLESv1_CM.so:libGLESv2.so:libGLESv3.so:libicu.so:libicui18n.so:libicuuc.so:libjnigraphics.so:liblog.so:libmediandk.so:libm.so:libnativehelper.so:libnativewindow.so:libOpenMAXAL.so:libOpenSLES.so:libRS.so:libstdc++.so:libsync.so:libvulkan.so:libwebviewchromium_plat_support.so:libz.so
05-25 04:12:48.686 D/nativeloader(16910): Load libicu_jni.so using APEX ns com_android_art for caller /apex/com.android.art/javalib/core-oj.jar: ok
05-25 04:12:48.686 D/app_process(16910): u_setTimeZoneFilesDirectory("/apex/com.android.tzdata/etc/tz/versioned/9/icu") succeeded. 
05-25 04:12:48.686 D/app_process(16910): I18n APEX ICU file found: /apex/com.android.i18n/etc/icu/icudt76l.dat
05-25 04:12:48.686 D/nativeloader(16910): Load libjavacore.so using APEX ns com_android_art for caller /apex/com.android.art/javalib/core-oj.jar: ok
05-25 04:12:48.687 D/nativeloader(16910): Load libopenjdk.so using APEX ns com_android_art for caller /apex/com.android.art/javalib/core-oj.jar: ok
05-25 04:12:48.688 I/app_process(16910): Priority-to-niceness mapping: 19, 16, 13, 10, 0, -2, -4, -5, -6, -8
05-25 04:12:48.688 W/app_process(16910): Unexpected CPU variant for x86: x86_64.
05-25 04:12:48.688 W/app_process(16910): Known variants: atom, sandybridge, silvermont, goldmont, goldmont-plus, goldmont-without-sha-xsaves, tremont, kabylake, alderlake, default
05-25 04:12:48.690 W/app_process(16910): ClassLoaderContext shared library size mismatch. Expected=2, found=0 (PCL[]{PCL[/system/framework/android.test.base.jar*1653369819]#PCL[/system/framework/android.test.mock.jar*1009639922]} | PCL[])
05-25 04:12:48.690 W/app_process(16910): ClassLoaderContext classpath size mismatch. expected=0, found=1 (PCL[]{PCL[/system/framework/android.test.runner.jar*3954641918]{PCL[/system/framework/android.test.base.jar*1653369819]#PCL[/system/framework/android.test.mock.jar*1009639922]}#PCL[/system/framework/android.test.base.jar*1653369819]} | PCL[/system/framework/android.test.runner.jar*3954641918])
05-25 04:12:48.710 D/nativeloader(16910): Load libframework-connectivity-tiramisu-jni.so using APEX ns com_android_tethering for caller /apex/com.android.tethering/javalib/framework-connectivity-t.jar: ok
05-25 04:12:48.710 D/AndroidRuntime(16910): Calling main entry com.android.commands.uiautomator.Launcher
05-25 04:12:48.714 I/AconfigPackage(16910): android.media.swcodec.flags is mapped to com.android.media.swcodec
05-25 04:12:48.714 I/AconfigPackage(16910): com.android.permission.flags is mapped to com.android.permission
05-25 04:12:48.714 I/AconfigPackage(16910): com.android.permissioncontroller.flags is mapped to com.android.permission
05-25 04:12:48.715 I/AconfigPackage(16910): com.android.icu is mapped to com.android.i18n
05-25 04:12:48.715 I/AconfigPackage(16910): com.android.appsearch.flags is mapped to com.android.appsearch
05-25 04:12:48.715 I/AconfigPackage(16910): android.uprobestats.mainline.flags is mapped to com.android.uprobestats
05-25 04:12:48.715 I/AconfigPackage(16910): com.android.crashrecovery.flags is mapped to com.android.crashrecovery
05-25 04:12:48.715 I/AconfigPackage(16910): android.provider.flags is mapped to com.android.configinfrastructure
05-25 04:12:48.715 I/AconfigPackage(16910): com.android.server.deviceconfig is mapped to com.android.configinfrastructure
05-25 04:12:48.715 I/AconfigPackage(16910): com.android.compos.flags is mapped to com.android.compos
05-25 04:12:48.716 I/AconfigPackage(16910): com.android.art.flags is mapped to com.android.art
05-25 04:12:48.716 I/AconfigPackage(16910): com.android.art.rw.flags is mapped to com.android.art
05-25 04:12:48.716 I/AconfigPackage(16910): com.android.libcore is mapped to com.android.art
05-25 04:12:48.716 I/AconfigPackage(16910): com.android.telephony.flags is mapped to com.android.telephonycore
05-25 04:12:48.716 I/AconfigPackage(16910): com.android.media.extractor.flags is mapped to com.android.media
05-25 04:12:48.716 I/AconfigPackage(16910): com.android.media.mainline.flags is mapped to com.android.media
05-25 04:12:48.716 I/AconfigPackage(16910): com.android.wifi.flags is mapped to com.android.wifi
05-25 04:12:48.717 I/AconfigPackage(16910): com.android.org.conscrypt.flags is mapped to com.android.conscrypt
05-25 04:12:48.717 I/AconfigPackage(16910): com.android.org.conscrypt.net.flags is mapped to com.android.conscrypt
05-25 04:12:48.717 I/AconfigPackage(16910): com.android.healthfitness.flags is mapped to com.android.healthfitness
05-25 04:12:48.718 I/AconfigPackage(16910): com.android.ipsec.flags is mapped to com.android.ipsec
05-25 04:12:48.718 I/AconfigPackage(16910): com.android.nfc.module.flags is mapped to com.android.nfcservices
05-25 04:12:48.718 I/AconfigPackage(16910): com.android.adservices.ondevicepersonalization.flags is mapped to com.android.ondevicepersonalization
05-25 04:12:48.718 I/AconfigPackage(16910): com.android.adbd.flags is mapped to com.android.adbd
05-25 04:12:48.718 I/AconfigPackage(16910): com.android.bluetooth.flags is mapped to com.android.bt
05-25 04:12:48.718 I/AconfigPackage(16910): com.android.devicelock.flags is mapped to com.android.devicelock
05-25 04:12:48.719 I/AconfigPackage(16910): android.os.profiling is mapped to com.android.profiling
05-25 04:12:48.719 I/AconfigPackage(16910): android.os.profiling.anomaly.flags is mapped to com.android.profiling
05-25 04:12:48.719 I/AconfigPackage(16910): com.android.os.statsd.flags is mapped to com.android.os.statsd
05-25 04:12:48.719 I/AconfigPackage(16910): com.android.rkpd.flags is mapped to com.android.rkpd
05-25 04:12:48.719 I/AconfigPackage(16910): com.android.cellbroadcastreceiver.flags is mapped to com.android.cellbroadcast
05-25 04:12:48.720 I/AconfigPackage(16910): com.android.adservices.flags is mapped to com.android.adservices
05-25 04:12:48.720 I/AconfigPackage(16910): com.android.sdksandbox.flags is mapped to com.android.adservices
05-25 04:12:48.720 I/AconfigPackage(16910): com.android.uwb.flags is mapped to com.android.uwb
05-25 04:12:48.720 I/AconfigPackage(16910): com.android.ranging.flags is mapped to com.android.uwb
05-25 04:12:48.720 I/AconfigPackage(16910): android.graphics.pdf.flags is mapped to com.android.mediaprovider
05-25 04:12:48.720 I/AconfigPackage(16910): com.android.providers.media.flags is mapped to com.android.mediaprovider
05-25 04:12:48.720 I/AconfigPackage(16910): android.graphics.pdf.flags.readonly is mapped to com.android.mediaprovider
05-25 04:12:48.720 I/AconfigPackage(16910): com.android.tethering.mainline.beta is mapped to com.android.tethering
05-25 04:12:48.720 I/AconfigPackage(16910): android.net.http is mapped to com.android.tethering
05-25 04:12:48.720 I/AconfigPackage(16910): com.android.tethering.readonly.flags is mapped to com.android.tethering
05-25 04:12:48.720 I/AconfigPackage(16910): android.net.vcn is mapped to com.android.tethering
05-25 04:12:48.720 I/AconfigPackage(16910): com.android.net.flags is mapped to com.android.tethering
05-25 04:12:48.720 I/AconfigPackage(16910): com.android.tethering.beta.test is mapped to com.android.tethering
05-25 04:12:48.720 I/AconfigPackage(16910): com.android.nearby.flags is mapped to com.android.tethering
05-25 04:12:48.720 I/AconfigPackage(16910): com.android.net.ct.flags is mapped to com.android.tethering
05-25 04:12:48.720 I/AconfigPackage(16910): com.android.net.thread.flags is mapped to com.android.tethering
05-25 04:12:48.720 I/AconfigPackage(16910): com.android.system.virtualmachine.flags is mapped to com.android.virt
05-25 04:12:48.720 E/FeatureFlagsImplExport(16910): android.os.flagging.AconfigStorageReadException: ERROR_PACKAGE_NOT_FOUND: package android.xr cannot be found on the device
05-25 04:12:48.723 D/UiAutomationConnection(16910): Created on user UserHandle{0}
05-25 04:12:48.724 I/UiAutomation(16910): Initialized for user 0 on display 0
05-25 04:12:48.724 W/UiAutomation(16910): Created with deprecatead constructor, assumes DEFAULT_DISPLAY
05-25 04:12:48.725 D/AccessibilityManagerService(  755): changeCurrentUserForTestAutomationIfNeededLocked(0): ignoring because device doesn't support visible background users
05-25 04:12:48.725 I/UiAutomationManager(  755): Registering UiTestAutomationService (id=com.android.server.accessibility/UiAutomation, flags=0x0) when called by user 0
05-25 04:12:48.725 V/AccessibilityManagerService(  755): onUserStateChangedLocked for userId: 0, forceUpdate: false
05-25 04:12:48.727 I/AiAiEcho( 1546): Settings changed for uri: content://settings/secure/accessibility_enabled
05-25 04:12:48.727 I/AiAiEcho( 1546): Predicting[0]:  [CONTEXT sampling_count=5 ]
05-25 04:12:48.727 I/AiAiEcho( 1546): EchoTargets: 
05-25 04:12:48.727 I/AiAiEcho( 1546): Filtered by AiAi flag check: 
05-25 04:12:48.727 I/AiAiEcho( 1546): [CONTEXT ratelimit_period="10 SECONDS" ]
05-25 04:12:48.728 I/AiAiEcho( 1546): #remoteViewsTwiddler: feature disabled.
05-25 04:12:48.728 I/AiAiEcho( 1546): Predicting[0]:  [CONTEXT sampling_count=5 ]
05-25 04:12:48.728 I/AiAiEcho( 1546): EchoTargets: 
05-25 04:12:48.728 I/AiAiEcho( 1546): Filtered by AiAi flag check: 
05-25 04:12:48.728 I/AiAiEcho( 1546): [CONTEXT ratelimit_period="10 SECONDS" ]
05-25 04:12:48.728 I/AiAiEcho( 1546): #remoteViewsTwiddler: feature disabled.
05-25 04:12:48.728 I/AiAiEcho( 1546): #postPredictionTargets: Sending updates to UISurface lockscreen with targets# 0 (types=[])
05-25 04:12:48.728 I/AiAiEcho( 1546): #postPredictionTargets: Sending updates to UISurface home with targets# 0 (types=[])
05-25 04:12:48.729 W/SsPagerDots( 1012): Total number of pages invalid: 0. Assuming 1 page.
05-25 04:12:48.732 V/AccessibilityUserState(  755): updateShortcutTargets: type:accessibility_shortcut_target_service, current:{}, new:{}
05-25 04:12:48.732 V/AccessibilityUserState(  755): updateShortcutTargets: type:accessibility_button_targets, current:{}, new:{}
05-25 04:12:48.732 V/AccessibilityUserState(  755): updateShortcutTargets: type:accessibility_gesture_targets, current:{}, new:{}
05-25 04:12:48.732 V/AccessibilityUserState(  755): updateShortcutTargets: type:accessibility_qs_targets, current:{}, new:{}
05-25 04:12:48.732 V/AccessibilityUserState(  755): updateShortcutTargets: type:accessibility_key_gesture_targets, current:{}, new:{}
05-25 04:12:48.732 W/MagnificationConnectionManager(  755): requestConnection duplicated request: connect=false, mConnectionState=DISCONNECTED
05-25 04:12:48.735 W/libbinder.IPCThreadState(  755): Sending oneway calls to frozen process.
05-25 04:12:48.735 W/libbinder.IPCThreadState(  755): Sending oneway calls to frozen process.
05-25 04:12:48.735 W/libbinder.IPCThreadState(  755): Sending oneway calls to frozen process.
05-25 04:12:48.736 W/libbinder.IPCThreadState(  755): Sending oneway calls to frozen process.
05-25 04:12:48.736 W/libbinder.IPCThreadState(  755): Sending oneway calls to frozen process.
05-25 04:12:48.736 W/libbinder.IPCThreadState(  755): Sending oneway calls to frozen process.
05-25 04:12:48.737 W/libbinder.IPCThreadState(  755): Sending oneway calls to frozen process.
05-25 04:12:48.737 W/libbinder.IPCThreadState(  755): Sending oneway calls to frozen process.
05-25 04:12:48.737 W/libbinder.IPCThreadState(  755): Sending oneway calls to frozen process.
05-25 04:12:48.737 W/libbinder.IPCThreadState(  755): Sending oneway calls to frozen process.
05-25 04:12:48.737 W/libbinder.IPCThreadState(  755): Sending oneway calls to frozen process.
05-25 04:12:48.737 W/libbinder.IPCThreadState(  755): Sending oneway calls to frozen process.
05-25 04:12:48.738 W/libbinder.IPCThreadState(  755): Sending oneway calls to frozen process.
05-25 04:12:48.738 W/libbinder.IPCThreadState(  755): Sending oneway calls to frozen process.
05-25 04:12:48.738 V/AccessibilityManagerService(  755): onUserStateChangedLocked for userId: 0, forceUpdate: false
05-25 04:12:48.740 V/AccessibilityUserState(  755): updateShortcutTargets: type:accessibility_shortcut_target_service, current:{}, new:{}
05-25 04:12:48.740 V/AccessibilityUserState(  755): updateShortcutTargets: type:accessibility_button_targets, current:{}, new:{}
05-25 04:12:48.740 V/AccessibilityUserState(  755): updateShortcutTargets: type:accessibility_gesture_targets, current:{}, new:{}
05-25 04:12:48.740 V/AccessibilityUserState(  755): updateShortcutTargets: type:accessibility_qs_targets, current:{}, new:{}
05-25 04:12:48.740 V/AccessibilityUserState(  755): updateShortcutTargets: type:accessibility_key_gesture_targets, current:{}, new:{}
05-25 04:12:48.740 W/MagnificationConnectionManager(  755): requestConnection duplicated request: connect=false, mConnectionState=DISCONNECTED
05-25 04:12:48.740 W/libbinder.IPCThreadState(  755): Sending oneway calls to frozen process.
05-25 04:12:48.740 W/libbinder.IPCThreadState(  755): Sending oneway calls to frozen process.
05-25 04:12:48.741 W/libbinder.IPCThreadState(  755): Sending oneway calls to frozen process.
05-25 04:12:48.741 W/libbinder.IPCThreadState(  755): Sending oneway calls to frozen process.
05-25 04:12:48.741 W/libbinder.IPCThreadState(  755): Sending oneway calls to frozen process.
05-25 04:12:48.741 W/libbinder.IPCThreadState(  755): Sending oneway calls to frozen process.
05-25 04:12:48.741 W/libbinder.IPCThreadState(  755): Sending oneway calls to frozen process.
05-25 04:12:48.741 W/libbinder.IPCThreadState(  755): Sending oneway calls to frozen process.
05-25 04:12:48.741 I/AiAiEcho( 1546): Settings changed for uri: content://settings/secure/accessibility_enabled
05-25 04:12:48.742 W/libbinder.IPCThreadState(  755): Sending oneway calls to frozen process.
05-25 04:12:48.742 W/libbinder.IPCThreadState(  755): Sending oneway calls to frozen process.
05-25 04:12:48.742 W/libbinder.IPCThreadState(  755): Sending oneway calls to frozen process.
05-25 04:12:48.742 W/libbinder.IPCThreadState(  755): Sending oneway calls to frozen process.
05-25 04:12:48.742 W/libbinder.IPCThreadState(  755): Sending oneway calls to frozen process.
05-25 04:12:48.742 W/libbinder.IPCThreadState(  755): Sending oneway calls to frozen process.
05-25 04:12:48.742 W/libbinder.IPCThreadState(  755): Sending oneway calls to frozen process.
05-25 04:12:48.742 W/libbinder.IPCThreadState(  755): Sending oneway calls to frozen process.
05-25 04:12:48.742 W/libbinder.IPCThreadState(  755): Sending oneway calls to frozen process.
05-25 04:12:48.742 W/libbinder.IPCThreadState(  755): Sending oneway calls to frozen process.
05-25 04:12:48.743 I/AiAiEcho( 1546): Predicting[0]:  [CONTEXT sampling_count=5 ]
05-25 04:12:48.743 I/AiAiEcho( 1546): EchoTargets: 
05-25 04:12:48.743 I/AiAiEcho( 1546): Filtered by AiAi flag check: 
05-25 04:12:48.743 I/AiAiEcho( 1546): [CONTEXT ratelimit_period="10 SECONDS" ]
05-25 04:12:48.744 I/AiAiEcho( 1546): #remoteViewsTwiddler: feature disabled.
05-25 04:12:48.744 I/AiAiEcho( 1546): Predicting[0]:  [CONTEXT sampling_count=5 ]
05-25 04:12:48.744 I/AiAiEcho( 1546): EchoTargets: 
05-25 04:12:48.744 I/AiAiEcho( 1546): Filtered by AiAi flag check: 
05-25 04:12:48.744 I/AiAiEcho( 1546): [CONTEXT ratelimit_period="10 SECONDS" ]
05-25 04:12:48.744 I/AiAiEcho( 1546): #remoteViewsTwiddler: feature disabled.
05-25 04:12:48.744 I/AiAiEcho( 1546): #postPredictionTargets: Sending updates to UISurface lockscreen with targets# 0 (types=[])
05-25 04:12:48.745 W/libbinder.IPCThreadState(  755): Sending oneway calls to frozen process.
05-25 04:12:48.745 W/libbinder.IPCThreadState(  755): Sending oneway calls to frozen process.
05-25 04:12:48.745 W/libbinder.IPCThreadState(  755): Sending oneway calls to frozen process.
05-25 04:12:48.745 W/libbinder.IPCThreadState(  755): Sending oneway calls to frozen process.
05-25 04:12:48.745 W/libbinder.IPCThreadState(  755): Sending oneway calls to frozen process.
05-25 04:12:48.745 W/libbinder.IPCThreadState(  755): Sending oneway calls to frozen process.
05-25 04:12:48.745 W/libbinder.IPCThreadState(  755): Sending oneway calls to frozen process.
05-25 04:12:48.745 W/libbinder.IPCThreadState(  755): Sending oneway calls to frozen process.
05-25 04:12:48.745 D/BatterySaverPolicy(  755): accessibility changed to true, updating policy.
05-25 04:12:48.745 I/AiAiEcho( 1546): #postPredictionTargets: Sending updates to UISurface home with targets# 0 (types=[])
05-25 04:12:48.752 W/SsPagerDots( 1012): Total number of pages invalid: 0. Assuming 1 page.
05-25 04:12:48.753 D/AccessibilityManagerService(  755): .getAccessibilityShortcutTargets {shortcutType=32, userId=0}
05-25 04:12:49.267 I/HalDevMgr(  755): bestIfaceCreationProposal is null, requestIface=STA, existingIface=[name=wlan0 type=STA]
05-25 04:12:49.773 W/AccessibilityNodeInfoDumper(16910): Fetch time: 2ms
05-25 04:12:49.777 V/AccessibilityManagerService(  755): onUserStateChangedLocked for userId: 0, forceUpdate: false
05-25 04:12:49.780 V/AccessibilityUserState(  755): updateShortcutTargets: type:accessibility_shortcut_target_service, current:{}, new:{}
05-25 04:12:49.780 V/AccessibilityUserState(  755): updateShortcutTargets: type:accessibility_button_targets, current:{}, new:{}
05-25 04:12:49.780 V/AccessibilityUserState(  755): updateShortcutTargets: type:accessibility_gesture_targets, current:{}, new:{}
05-25 04:12:49.780 V/AccessibilityUserState(  755): updateShortcutTargets: type:accessibility_qs_targets, current:{}, new:{}
05-25 04:12:49.780 V/AccessibilityUserState(  755): updateShortcutTargets: type:accessibility_key_gesture_targets, current:{}, new:{}
05-25 04:12:49.780 W/MagnificationConnectionManager(  755): requestConnection duplicated request: connect=false, mConnectionState=DISCONNECTED
05-25 04:12:49.780 D/AccessibilityManagerService(  755): restoreCurrentUserForTestAutomationIfNeededLocked(): ignoring because device doesn't support visible background users
05-25 04:12:49.780 W/libbinder.IPCThreadState(  755): Sending oneway calls to frozen process.
05-25 04:12:49.780 W/libbinder.IPCThreadState(  755): Sending oneway calls to frozen process.
05-25 04:12:49.780 W/libbinder.IPCThreadState(  755): Sending oneway calls to frozen process.
05-25 04:12:49.781 W/libbinder.IPCThreadState(  755): Sending oneway calls to frozen process.
05-25 04:12:49.781 W/libbinder.IPCThreadState(  755): Sending oneway calls to frozen process.
05-25 04:12:49.781 W/libbinder.IPCThreadState(  755): Sending oneway calls to frozen process.
05-25 04:12:49.781 I/AiAiEcho( 1546): Settings changed for uri: content://settings/secure/accessibility_enabled
05-25 04:12:49.781 W/libbinder.IPCThreadState(  755): Sending oneway calls to frozen process.
05-25 04:12:49.781 I/AiAiEcho( 1546): Predicting[0]:  [CONTEXT sampling_count=5 ]
05-25 04:12:49.781 W/libbinder.IPCThreadState(  755): Sending oneway calls to frozen process.
05-25 04:12:49.781 W/libbinder.IPCThreadState(  755): Sending oneway calls to frozen process.
05-25 04:12:49.781 I/AiAiEcho( 1546): EchoTargets: 
05-25 04:12:49.781 I/AiAiEcho( 1546): Filtered by AiAi flag check: 
05-25 04:12:49.781 I/AiAiEcho( 1546): [CONTEXT ratelimit_period="10 SECONDS" ]
05-25 04:12:49.781 W/libbinder.IPCThreadState(  755): Sending oneway calls to frozen process.
05-25 04:12:49.781 W/libbinder.IPCThreadState(  755): Sending oneway calls to frozen process.
05-25 04:12:49.781 I/AiAiEcho( 1546): #remoteViewsTwiddler: feature disabled.
05-25 04:12:49.782 I/AiAiEcho( 1546): Predicting[0]:  [CONTEXT sampling_count=5 ]
05-25 04:12:49.782 I/AiAiEcho( 1546): EchoTargets: 
05-25 04:12:49.782 I/AiAiEcho( 1546): Filtered by AiAi flag check: 
05-25 04:12:49.782 I/AiAiEcho( 1546): [CONTEXT ratelimit_period="10 SECONDS" ]
05-25 04:12:49.782 I/AiAiEcho( 1546): #remoteViewsTwiddler: feature disabled.
05-25 04:12:49.782 I/AiAiEcho( 1546): #postPredictionTargets: Sending updates to UISurface lockscreen with targets# 0 (types=[])
05-25 04:12:49.782 W/libbinder.IPCThreadState(16910): call to talkWithDriver in joinThreadPool returned error: -9 (Bad file descriptor), FD: -1
05-25 04:12:49.782 W/libbinder.IPCThreadState(  755): Sending oneway calls to frozen process.
05-25 04:12:49.782 W/libbinder.IPCThreadState(  755): Sending oneway calls to frozen process.
05-25 04:12:49.783 W/libbinder.IPCThreadState(16910): call to talkWithDriver in joinThreadPool returned error: -9 (Bad file descriptor), FD: -1
05-25 04:12:49.784 W/libbinder.IPCThreadState(16910): call to talkWithDriver in joinThreadPool returned error: -9 (Bad file descriptor), FD: -1
05-25 04:12:49.784 W/libbinder.IPCThreadState(  755): Sending oneway calls to frozen process.
05-25 04:12:49.784 D/AndroidRuntime(16910): Shutting down VM
05-25 04:12:49.784 W/SsPagerDots( 1012): Total number of pages invalid: 0. Assuming 1 page.
05-25 04:12:49.784 I/AiAiEcho( 1546): #postPredictionTargets: Sending updates to UISurface home with targets# 0 (types=[])
05-25 04:12:49.785 W/libbinder.IPCThreadState(  755): Sending oneway calls to frozen process.
05-25 04:12:49.785 W/libbinder.IPCThreadState(  755): Sending oneway calls to frozen process.
05-25 04:12:49.785 W/libbinder.IPCThreadState(  755): Sending oneway calls to frozen process.
05-25 04:12:49.786 W/libbinder.IPCThreadState(  755): Sending oneway calls to frozen process.
05-25 04:12:49.786 W/libbinder.IPCThreadState(  755): Sending oneway calls to frozen process.
05-25 04:12:49.786 W/libbinder.IPCThreadState(  755): Sending oneway calls to frozen process.
05-25 04:12:49.786 W/libbinder.IPCThreadState(  755): Sending oneway calls to frozen process.
05-25 04:12:49.786 W/libbinder.IPCThreadState(  755): Sending oneway calls to frozen process.
05-25 04:12:49.786 W/libbinder.IPCThreadState(  755): Sending oneway calls to frozen process.
05-25 04:12:49.786 W/libbinder.IPCThreadState(  755): Sending oneway calls to frozen process.
05-25 04:12:49.786 D/BatterySaverPolicy(  755): accessibility changed to false, updating policy.
05-25 04:12:49.914 D/WM-DelayedWorkTracker( 1529): Scheduling work 4c947a57-65dc-419c-8fd9-e1db8d734d24
05-25 04:12:49.914 D/WM-GreedyScheduler( 1529): Starting tracking for 4c947a57-65dc-419c-8fd9-e1db8d734d24
05-25 04:12:49.914 D/WM-ConstraintTracker( 1529): BatteryNotLowTracker: initial state = true
05-25 04:12:49.914 D/WM-BrdcstRcvrCnstrntTrc( 1529): BatteryNotLowTracker: registering receiver
05-25 04:12:49.915 D/WM-GreedyScheduler( 1529): Constraints met: Scheduling work ID WorkGenerationalId(workSpecId=4c947a57-65dc-419c-8fd9-e1db8d734d24, generation=0)
05-25 04:12:49.917 D/WM-Processor( 1529): Processor: processing WorkGenerationalId(workSpecId=4c947a57-65dc-419c-8fd9-e1db8d734d24, generation=0)
05-25 04:12:49.920 D/WM-WorkerWrapper( 1529): Starting work for com.android.providers.media.photopicker.sync.ProactiveSyncWorker
05-25 04:12:49.920 D/WM-SystemJobService( 1529): onStartJob for WorkGenerationalId(workSpecId=4c947a57-65dc-419c-8fd9-e1db8d734d24, generation=0)
05-25 04:12:49.920 I/PSyncWorker( 1529): Starting proactive picker sync from sync source: 1
05-25 04:12:49.921 I/PickerSyncTracker( 1529): Created new sync future java.util.concurrent.CompletableFuture@d4be897[Not completed, 1 dependents]. Future map: {4c947a57-65dc-419c-8fd9-e1db8d734d24=java.util.concurrent.CompletableFuture@d4be897[Not completed, 1 dependents]}
05-25 04:12:49.921 D/WM-Processor( 1529): Work WorkGenerationalId(workSpecId=4c947a57-65dc-419c-8fd9-e1db8d734d24, generation=0) is already enqueued for processing
05-25 04:12:49.921 D/PickerSyncController( 1529): syncAllMediaFromProvider() LOCAL, auth=com.android.providers.media.photopicker, retry=true
05-25 04:12:49.921 D/PickerSyncController( 1529): getSyncRequestParams() LOCAL, auth=com.android.providers.media.photopicker
05-25 04:12:49.922 D/PickerSyncController( 1529):    Latest ID/Gen=92835bc8fd6dde81:external_primary/3555
05-25 04:12:49.922 D/PickerSyncController( 1529):    Cached ID/Gen=92835bc8fd6dde81:external_primary/3546
05-25 04:12:49.922 D/PickerSyncController( 1529):    RESULT=SyncRequestParams{type=MEDIA_INCREMENTAL, gen=3546, latest=Bundle[{last_media_sync_generation=3555, media_collection_id=92835bc8fd6dde81:external_primary}], pageSize=1000}
05-25 04:12:49.922 I/PickerSyncController( 1529): Executing SyncAdd. isLocal: true. authority: com.android.providers.media.photopicker
05-25 04:12:49.922 D/PickerSyncLockManager( 1529): Trying to acquire lock com.android.providers.media.photopicker.sync.CloseableReentrantLock@cffd47[Unlocked]. Lock Name = CLOUD_PROVIDER_LOCK. Threads that may be waiting to acquire this lock = [] with timeout.
05-25 04:12:49.922 D/CloseableReentrantLock( 1529): Successfully acquired lock com.android.providers.media.photopicker.sync.CloseableReentrantLock@cffd47[Locked by thread pool-4-thread-282]. Lock Name = CLOUD_PROVIDER_LOCK. Threads that may be waiting to acquire this lock = []
05-25 04:12:49.922 D/CloseableReentrantLock( 1529): Successfully released lock com.android.providers.media.photopicker.sync.CloseableReentrantLock@cffd47[Unlocked]. Lock Name = CLOUD_PROVIDER_LOCK. Threads that may be waiting to acquire this lock = []
05-25 04:12:49.922 D/ExternalDbFacade( 1529): Token received for queryMedia = null
05-25 04:12:49.923 D/PickerSyncLockManager( 1529): Trying to acquire lock com.android.providers.media.photopicker.sync.CloseableReentrantLock@cffd47[Unlocked]. Lock Name = CLOUD_PROVIDER_LOCK. Threads that may be waiting to acquire this lock = [] with timeout.
05-25 04:12:49.924 D/CloseableReentrantLock( 1529): Successfully acquired lock com.android.providers.media.photopicker.sync.CloseableReentrantLock@cffd47[Locked by thread pool-4-thread-282]. Lock Name = CLOUD_PROVIDER_LOCK. Threads that may be waiting to acquire this lock = []
05-25 04:12:49.924 D/PickerSyncController( 1529): Saving next page token: 1779678768000|337 for key: local_provider:media_add:resume
05-25 04:12:49.924 D/CloseableReentrantLock( 1529): Successfully released lock com.android.providers.media.photopicker.sync.CloseableReentrantLock@cffd47[Unlocked]. Lock Name = CLOUD_PROVIDER_LOCK. Threads that may be waiting to acquire this lock = []
05-25 04:12:49.924 D/PickerNotificationSender( 1529): Sending a notification for media update
05-25 04:12:49.924 D/PickerNotificationSender( 1529): Sending a notification for merged album media update Videos
05-25 04:12:49.924 D/PickerNotificationSender( 1529): Sending a notification for album media update Videos
05-25 04:12:49.924 D/PickerNotificationSender( 1529): Sending a notification for merged album media update Favorites
05-25 04:12:49.924 D/PickerNotificationSender( 1529): Sending a notification for album media update Favorites
05-25 04:12:49.925 D/ExternalDbFacade( 1529): Token received for queryMedia = 1779678768000|337
05-25 04:12:49.925 D/PickerSyncLockManager( 1529): Trying to acquire lock com.android.providers.media.photopicker.sync.CloseableReentrantLock@cffd47[Unlocked]. Lock Name = CLOUD_PROVIDER_LOCK. Threads that may be waiting to acquire this lock = [] with timeout.
05-25 04:12:49.925 D/CloseableReentrantLock( 1529): Successfully acquired lock com.android.providers.media.photopicker.sync.CloseableReentrantLock@cffd47[Locked by thread pool-4-thread-282]. Lock Name = CLOUD_PROVIDER_LOCK. Threads that may be waiting to acquire this lock = []
05-25 04:12:49.925 D/PickerSyncController( 1529): Clearing next page token for key: local_provider:media_add:resume
05-25 04:12:49.925 D/CloseableReentrantLock( 1529): Successfully released lock com.android.providers.media.photopicker.sync.CloseableReentrantLock@cffd47[Unlocked]. Lock Name = CLOUD_PROVIDER_LOCK. Threads that may be waiting to acquire this lock = []
05-25 04:12:49.925 D/PickerNotificationSender( 1529): Sending a notification for media update
05-25 04:12:49.925 D/PickerNotificationSender( 1529): Sending a notification for merged album media update Videos
05-25 04:12:49.925 D/PickerNotificationSender( 1529): Sending a notification for album media update Videos
05-25 04:12:49.925 D/PickerNotificationSender( 1529): Sending a notification for merged album media update Favorites
05-25 04:12:49.925 D/PickerNotificationSender( 1529): Sending a notification for album media update Favorites
05-25 04:12:49.926 I/PickerSyncController( 1529): Paged sync successful. QueryArgs: Bundle[{android.provider.extra.PAGE_TOKEN=1779678768000|337, android.provider.extra.SYNC_GENERATION=3546, android.provider.extra.PAGE_SIZE=1000}] Total Rows: 1
05-25 04:12:49.926 I/PickerSyncController( 1529): Executing SyncRemove. isLocal: true. authority: com.android.providers.media.photopicker
05-25 04:12:49.926 D/PickerSyncLockManager( 1529): Trying to acquire lock com.android.providers.media.photopicker.sync.CloseableReentrantLock@cffd47[Unlocked]. Lock Name = CLOUD_PROVIDER_LOCK. Threads that may be waiting to acquire this lock = [] with timeout.
05-25 04:12:49.926 D/CloseableReentrantLock( 1529): Successfully acquired lock com.android.providers.media.photopicker.sync.CloseableReentrantLock@cffd47[Locked by thread pool-4-thread-282]. Lock Name = CLOUD_PROVIDER_LOCK. Threads that may be waiting to acquire this lock = []
05-25 04:12:49.926 D/CloseableReentrantLock( 1529): Successfully released lock com.android.providers.media.photopicker.sync.CloseableReentrantLock@cffd47[Unlocked]. Lock Name = CLOUD_PROVIDER_LOCK. Threads that may be waiting to acquire this lock = []
05-25 04:12:49.926 D/PickerSyncLockManager( 1529): Trying to acquire lock com.android.providers.media.photopicker.sync.CloseableReentrantLock@cffd47[Unlocked]. Lock Name = CLOUD_PROVIDER_LOCK. Threads that may be waiting to acquire this lock = [] with timeout.
05-25 04:12:49.927 D/CloseableReentrantLock( 1529): Successfully acquired lock com.android.providers.media.photopicker.sync.CloseableReentrantLock@cffd47[Locked by thread pool-4-thread-282]. Lock Name = CLOUD_PROVIDER_LOCK. Threads that may be waiting to acquire this lock = []
05-25 04:12:49.927 D/PickerSyncController( 1529): Clearing next page token for key: local_provider:media_remove:resume
05-25 04:12:49.927 D/CloseableReentrantLock( 1529): Successfully released lock com.android.providers.media.photopicker.sync.CloseableReentrantLock@cffd47[Unlocked]. Lock Name = CLOUD_PROVIDER_LOCK. Threads that may be waiting to acquire this lock = []
05-25 04:12:49.927 D/PickerNotificationSender( 1529): Sending a notification for media update
05-25 04:12:49.927 D/PickerNotificationSender( 1529): Sending a notification for merged album media update Videos
05-25 04:12:49.927 D/PickerNotificationSender( 1529): Sending a notification for album media update Videos
05-25 04:12:49.927 D/PickerNotificationSender( 1529): Sending a notification for merged album media update Favorites
05-25 04:12:49.928 D/PickerNotificationSender( 1529): Sending a notification for album media update Favorites
05-25 04:12:49.928 I/PickerSyncController( 1529): Paged sync successful. QueryArgs: Bundle[{android.provider.extra.PAGE_TOKEN=1779678768000|337, android.provider.extra.SYNC_GENERATION=3546, android.provider.extra.PAGE_SIZE=1000}] Total Rows: 0
05-25 04:12:49.928 I/PickerSyncTracker( 1529): Marked sync future complete for work id: 4c947a57-65dc-419c-8fd9-e1db8d734d24. Future map: {}
05-25 04:12:49.928 I/PSyncWorker( 1529): Completed picker proactive sync complete from local provider.
05-25 04:12:49.933 I/WM-WorkerWrapper( 1529): Worker result SUCCESS for Work [ id=4c947a57-65dc-419c-8fd9-e1db8d734d24, tags={ com.android.providers.media.photopicker.sync.ProactiveSyncWorker } ]
05-25 04:12:49.934 D/WM-Processor( 1529): Processor 4c947a57-65dc-419c-8fd9-e1db8d734d24 executed; reschedule = false
05-25 04:12:49.934 D/WM-GreedyScheduler( 1529): Stopping tracking for WorkGenerationalId(workSpecId=4c947a57-65dc-419c-8fd9-e1db8d734d24, generation=0)
05-25 04:12:49.934 D/WM-SystemJobService( 1529): 4c947a57-65dc-419c-8fd9-e1db8d734d24 executed on JobScheduler
05-25 04:12:49.937 D/WM-GreedyScheduler( 1529): Cancelling work ID 4c947a57-65dc-419c-8fd9-e1db8d734d24
05-25 04:12:49.938 D/WM-GreedyScheduler( 1529): Ignoring {WorkSpec: fce74054-5d75-49ac-b1fb-61b1c63b64d1}. Requires device idle.
