05-25 04:42:36.710 W/libbinder.IPCThreadState(  755): Sending oneway calls to frozen process.
05-25 04:42:36.710 W/libbinder.IPCThreadState(  755): Sending oneway calls to frozen process.
05-25 04:42:36.710 W/libbinder.IPCThreadState(  755): Sending oneway calls to frozen process.
05-25 04:42:36.711 W/libbinder.IPCThreadState(  755): Sending oneway calls to frozen process.
05-25 04:42:36.711 W/libbinder.IPCThreadState(  755): Sending oneway calls to frozen process.
05-25 04:42:36.711 W/libbinder.IPCThreadState(  755): Sending oneway calls to frozen process.
05-25 04:42:36.711 W/libbinder.IPCThreadState(  755): Sending oneway calls to frozen process.
05-25 04:42:36.715 W/libbinder.IPCThreadState(  755): Sending oneway calls to frozen process.
05-25 04:42:36.715 W/libbinder.IPCThreadState(  755): Sending oneway calls to frozen process.
05-25 04:42:36.715 W/libbinder.IPCThreadState(  755): Sending oneway calls to frozen process.
05-25 04:42:36.715 W/libbinder.IPCThreadState(  755): Sending oneway calls to frozen process.
05-25 04:42:36.715 W/libbinder.IPCThreadState(  755): Sending oneway calls to frozen process.
05-25 04:42:36.716 W/libbinder.IPCThreadState(  755): Sending oneway calls to frozen process.
05-25 04:42:36.716 W/libbinder.IPCThreadState(  755): Sending oneway calls to frozen process.
05-25 04:42:36.716 D/BatterySaverPolicy(  755): accessibility changed to false, updating policy.
05-25 04:42:36.808 D/WM-DelayedWorkTracker( 1529): Scheduling work 295489ee-da51-4f29-9014-f28f3d6a5122
05-25 04:42:36.808 D/WM-GreedyScheduler( 1529): Starting tracking for 295489ee-da51-4f29-9014-f28f3d6a5122
05-25 04:42:36.809 D/WM-ConstraintTracker( 1529): BatteryNotLowTracker: initial state = true
05-25 04:42:36.809 D/WM-BrdcstRcvrCnstrntTrc( 1529): BatteryNotLowTracker: registering receiver
05-25 04:42:36.810 D/WM-GreedyScheduler( 1529): Constraints met: Scheduling work ID WorkGenerationalId(workSpecId=295489ee-da51-4f29-9014-f28f3d6a5122, generation=0)
05-25 04:42:36.811 D/WM-Processor( 1529): Processor: processing WorkGenerationalId(workSpecId=295489ee-da51-4f29-9014-f28f3d6a5122, generation=0)
05-25 04:42:36.815 D/WM-WorkerWrapper( 1529): Starting work for com.android.providers.media.photopicker.sync.ProactiveSyncWorker
05-25 04:42:36.816 I/PSyncWorker( 1529): Starting proactive picker sync from sync source: 1
05-25 04:42:36.816 I/PickerSyncTracker( 1529): Created new sync future java.util.concurrent.CompletableFuture@6ac62d5[Not completed, 1 dependents]. Future map: {295489ee-da51-4f29-9014-f28f3d6a5122=java.util.concurrent.CompletableFuture@6ac62d5[Not completed, 1 dependents]}
05-25 04:42:36.816 D/PickerSyncController( 1529): syncAllMediaFromProvider() LOCAL, auth=com.android.providers.media.photopicker, retry=true
05-25 04:42:36.816 D/PickerSyncController( 1529): getSyncRequestParams() LOCAL, auth=com.android.providers.media.photopicker
05-25 04:42:36.818 D/PickerSyncController( 1529):    Latest ID/Gen=92835bc8fd6dde81:external_primary/3765
05-25 04:42:36.818 D/PickerSyncController( 1529):    Cached ID/Gen=92835bc8fd6dde81:external_primary/3756
05-25 04:42:36.818 D/PickerSyncController( 1529):    RESULT=SyncRequestParams{type=MEDIA_INCREMENTAL, gen=3756, latest=Bundle[{last_media_sync_generation=3765, media_collection_id=92835bc8fd6dde81:external_primary}], pageSize=1000}
05-25 04:42:36.818 I/PickerSyncController( 1529): Executing SyncAdd. isLocal: true. authority: com.android.providers.media.photopicker
05-25 04:42:36.818 D/PickerSyncLockManager( 1529): Trying to acquire lock com.android.providers.media.photopicker.sync.CloseableReentrantLock@cffd47[Unlocked]. Lock Name = CLOUD_PROVIDER_LOCK. Threads that may be waiting to acquire this lock = [] with timeout.
05-25 04:42:36.818 D/CloseableReentrantLock( 1529): Successfully acquired lock com.android.providers.media.photopicker.sync.CloseableReentrantLock@cffd47[Locked by thread pool-4-thread-329]. Lock Name = CLOUD_PROVIDER_LOCK. Threads that may be waiting to acquire this lock = []
05-25 04:42:36.818 D/CloseableReentrantLock( 1529): Successfully released lock com.android.providers.media.photopicker.sync.CloseableReentrantLock@cffd47[Unlocked]. Lock Name = CLOUD_PROVIDER_LOCK. Threads that may be waiting to acquire this lock = []
05-25 04:42:36.818 D/ExternalDbFacade( 1529): Token received for queryMedia = null
05-25 04:42:36.819 D/PickerSyncLockManager( 1529): Trying to acquire lock com.android.providers.media.photopicker.sync.CloseableReentrantLock@cffd47[Unlocked]. Lock Name = CLOUD_PROVIDER_LOCK. Threads that may be waiting to acquire this lock = [] with timeout.
05-25 04:42:36.819 D/CloseableReentrantLock( 1529): Successfully acquired lock com.android.providers.media.photopicker.sync.CloseableReentrantLock@cffd47[Locked by thread pool-4-thread-329]. Lock Name = CLOUD_PROVIDER_LOCK. Threads that may be waiting to acquire this lock = []
05-25 04:42:36.819 D/PickerSyncController( 1529): Saving next page token: 1779680555000|360 for key: local_provider:media_add:resume
05-25 04:42:36.819 D/CloseableReentrantLock( 1529): Successfully released lock com.android.providers.media.photopicker.sync.CloseableReentrantLock@cffd47[Unlocked]. Lock Name = CLOUD_PROVIDER_LOCK. Threads that may be waiting to acquire this lock = []
05-25 04:42:36.820 D/PickerNotificationSender( 1529): Sending a notification for media update
05-25 04:42:36.820 D/WM-SystemJobService( 1529): onStartJob for WorkGenerationalId(workSpecId=295489ee-da51-4f29-9014-f28f3d6a5122, generation=0)
05-25 04:42:36.820 D/WM-Processor( 1529): Work WorkGenerationalId(workSpecId=295489ee-da51-4f29-9014-f28f3d6a5122, generation=0) is already enqueued for processing
05-25 04:42:36.821 D/PickerNotificationSender( 1529): Sending a notification for merged album media update Videos
05-25 04:42:36.821 D/PickerNotificationSender( 1529): Sending a notification for album media update Videos
05-25 04:42:36.822 D/PickerNotificationSender( 1529): Sending a notification for merged album media update Favorites
05-25 04:42:36.822 D/PickerNotificationSender( 1529): Sending a notification for album media update Favorites
05-25 04:42:36.822 D/ExternalDbFacade( 1529): Token received for queryMedia = 1779680555000|360
05-25 04:42:36.823 D/PickerSyncLockManager( 1529): Trying to acquire lock com.android.providers.media.photopicker.sync.CloseableReentrantLock@cffd47[Unlocked]. Lock Name = CLOUD_PROVIDER_LOCK. Threads that may be waiting to acquire this lock = [] with timeout.
05-25 04:42:36.823 D/CloseableReentrantLock( 1529): Successfully acquired lock com.android.providers.media.photopicker.sync.CloseableReentrantLock@cffd47[Locked by thread pool-4-thread-329]. Lock Name = CLOUD_PROVIDER_LOCK. Threads that may be waiting to acquire this lock = []
05-25 04:42:36.823 D/PickerSyncController( 1529): Clearing next page token for key: local_provider:media_add:resume
05-25 04:42:36.823 D/CloseableReentrantLock( 1529): Successfully released lock com.android.providers.media.photopicker.sync.CloseableReentrantLock@cffd47[Unlocked]. Lock Name = CLOUD_PROVIDER_LOCK. Threads that may be waiting to acquire this lock = []
05-25 04:42:36.823 D/PickerNotificationSender( 1529): Sending a notification for media update
05-25 04:42:36.824 D/PickerNotificationSender( 1529): Sending a notification for merged album media update Videos
05-25 04:42:36.824 D/PickerNotificationSender( 1529): Sending a notification for album media update Videos
05-25 04:42:36.824 D/PickerNotificationSender( 1529): Sending a notification for merged album media update Favorites
05-25 04:42:36.824 D/PickerNotificationSender( 1529): Sending a notification for album media update Favorites
05-25 04:42:36.825 I/PickerSyncController( 1529): Paged sync successful. QueryArgs: Bundle[{android.provider.extra.PAGE_TOKEN=1779680555000|360, android.provider.extra.SYNC_GENERATION=3756, android.provider.extra.PAGE_SIZE=1000}] Total Rows: 1
05-25 04:42:36.825 I/PickerSyncController( 1529): Executing SyncRemove. isLocal: true. authority: com.android.providers.media.photopicker
05-25 04:42:36.825 D/PickerSyncLockManager( 1529): Trying to acquire lock com.android.providers.media.photopicker.sync.CloseableReentrantLock@cffd47[Unlocked]. Lock Name = CLOUD_PROVIDER_LOCK. Threads that may be waiting to acquire this lock = [] with timeout.
05-25 04:42:36.825 D/CloseableReentrantLock( 1529): Successfully acquired lock com.android.providers.media.photopicker.sync.CloseableReentrantLock@cffd47[Locked by thread pool-4-thread-329]. Lock Name = CLOUD_PROVIDER_LOCK. Threads that may be waiting to acquire this lock = []
05-25 04:42:36.825 D/CloseableReentrantLock( 1529): Successfully released lock com.android.providers.media.photopicker.sync.CloseableReentrantLock@cffd47[Unlocked]. Lock Name = CLOUD_PROVIDER_LOCK. Threads that may be waiting to acquire this lock = []
05-25 04:42:36.825 D/PickerSyncLockManager( 1529): Trying to acquire lock com.android.providers.media.photopicker.sync.CloseableReentrantLock@cffd47[Unlocked]. Lock Name = CLOUD_PROVIDER_LOCK. Threads that may be waiting to acquire this lock = [] with timeout.
05-25 04:42:36.825 D/CloseableReentrantLock( 1529): Successfully acquired lock com.android.providers.media.photopicker.sync.CloseableReentrantLock@cffd47[Locked by thread pool-4-thread-329]. Lock Name = CLOUD_PROVIDER_LOCK. Threads that may be waiting to acquire this lock = []
05-25 04:42:36.825 D/PickerSyncController( 1529): Clearing next page token for key: local_provider:media_remove:resume
05-25 04:42:36.825 D/CloseableReentrantLock( 1529): Successfully released lock com.android.providers.media.photopicker.sync.CloseableReentrantLock@cffd47[Unlocked]. Lock Name = CLOUD_PROVIDER_LOCK. Threads that may be waiting to acquire this lock = []
05-25 04:42:36.825 D/PickerNotificationSender( 1529): Sending a notification for media update
05-25 04:42:36.826 D/PickerNotificationSender( 1529): Sending a notification for merged album media update Videos
05-25 04:42:36.826 D/PickerNotificationSender( 1529): Sending a notification for album media update Videos
05-25 04:42:36.827 D/PickerNotificationSender( 1529): Sending a notification for merged album media update Favorites
05-25 04:42:36.827 D/PickerNotificationSender( 1529): Sending a notification for album media update Favorites
05-25 04:42:36.828 I/PickerSyncController( 1529): Paged sync successful. QueryArgs: Bundle[{android.provider.extra.PAGE_TOKEN=1779680555000|360, android.provider.extra.SYNC_GENERATION=3756, android.provider.extra.PAGE_SIZE=1000}] Total Rows: 0
05-25 04:42:36.828 I/PickerSyncTracker( 1529): Marked sync future complete for work id: 295489ee-da51-4f29-9014-f28f3d6a5122. Future map: {}
05-25 04:42:36.828 I/PSyncWorker( 1529): Completed picker proactive sync complete from local provider.
05-25 04:42:36.829 I/WM-WorkerWrapper( 1529): Worker result SUCCESS for Work [ id=295489ee-da51-4f29-9014-f28f3d6a5122, tags={ com.android.providers.media.photopicker.sync.ProactiveSyncWorker } ]
05-25 04:42:36.830 D/WM-Processor( 1529): Processor 295489ee-da51-4f29-9014-f28f3d6a5122 executed; reschedule = false
05-25 04:42:36.830 D/WM-GreedyScheduler( 1529): Stopping tracking for WorkGenerationalId(workSpecId=295489ee-da51-4f29-9014-f28f3d6a5122, generation=0)
05-25 04:42:36.830 D/WM-SystemJobService( 1529): 295489ee-da51-4f29-9014-f28f3d6a5122 executed on JobScheduler
05-25 04:42:36.832 D/WM-GreedyScheduler( 1529): Cancelling work ID 295489ee-da51-4f29-9014-f28f3d6a5122
05-25 04:42:36.832 D/WM-GreedyScheduler( 1529): Ignoring {WorkSpec: fce74054-5d75-49ac-b1fb-61b1c63b64d1}. Requires device idle.
05-25 04:42:36.832 D/WM-GreedyScheduler( 1529): Ignoring {WorkSpec: 748d3965-3023-45a6-9a32-baafa7d90ebf}. Requires device idle.
05-25 04:42:36.832 D/WM-GreedyScheduler( 1529): Ignoring {WorkSpec: bbc248da-5aec-4565-83d8-ed90ba3a683c}. Requires device idle.
05-25 04:42:36.832 D/WM-GreedyScheduler( 1529): Ignoring {WorkSpec: a7b8fc44-3a39-43d5-96b8-cef5bb529d35}. Requires device idle.
05-25 04:42:36.832 D/WM-BrdcstRcvrCnstrntTrc( 1529): BatteryNotLowTracker: unregistering receiver
05-25 04:42:37.644 D/AndroidRuntime(18630): >>>>>> START com.android.internal.os.RuntimeInit uid 2000 <<<<<<
05-25 04:42:37.649 I/AndroidRuntime(18630): Using default boot image
05-25 04:42:37.649 I/AndroidRuntime(18630): Leaving lock profiling enabled
05-25 04:42:37.650 I/app_process(18630): Using CollectorTypeCMC GC.
05-25 04:42:37.728 D/nativeloader(18630): InitDefaultPublicLibraries for_preload=1: libandroid.so:libaaudio.so:libamidi.so:libbinder_ndk.so:libc.so:libcamera2ndk.so:libdl.so:libEGL.so:libGLESv1_CM.so:libGLESv2.so:libGLESv3.so:libicu.so:libicui18n.so:libicuuc.so:libjnigraphics.so:liblog.so:libmediandk.so:libm.so:libnativehelper.so:libnativewindow.so:libOpenMAXAL.so:libOpenSLES.so:libRS.so:libstdc++.so:libsync.so:libvulkan.so:libwebviewchromium_plat_support.so:libz.so
05-25 04:42:37.736 D/nativeloader(18630): Load libicu_jni.so using APEX ns com_android_art for caller /apex/com.android.art/javalib/core-oj.jar: ok
05-25 04:42:37.736 D/app_process(18630): u_setTimeZoneFilesDirectory("/apex/com.android.tzdata/etc/tz/versioned/9/icu") succeeded. 
05-25 04:42:37.736 D/app_process(18630): I18n APEX ICU file found: /apex/com.android.i18n/etc/icu/icudt76l.dat
05-25 04:42:37.737 D/nativeloader(18630): Load libjavacore.so using APEX ns com_android_art for caller /apex/com.android.art/javalib/core-oj.jar: ok
05-25 04:42:37.737 D/nativeloader(18630): Load libopenjdk.so using APEX ns com_android_art for caller /apex/com.android.art/javalib/core-oj.jar: ok
05-25 04:42:37.738 I/app_process(18630): Priority-to-niceness mapping: 19, 16, 13, 10, 0, -2, -4, -5, -6, -8
05-25 04:42:37.739 W/app_process(18630): Unexpected CPU variant for x86: x86_64.
05-25 04:42:37.739 W/app_process(18630): Known variants: atom, sandybridge, silvermont, goldmont, goldmont-plus, goldmont-without-sha-xsaves, tremont, kabylake, alderlake, default
05-25 04:42:37.740 W/app_process(18630): ClassLoaderContext shared library size mismatch. Expected=2, found=0 (PCL[]{PCL[/system/framework/android.test.base.jar*1653369819]#PCL[/system/framework/android.test.mock.jar*1009639922]} | PCL[])
05-25 04:42:37.741 W/app_process(18630): ClassLoaderContext classpath size mismatch. expected=0, found=1 (PCL[]{PCL[/system/framework/android.test.runner.jar*3954641918]{PCL[/system/framework/android.test.base.jar*1653369819]#PCL[/system/framework/android.test.mock.jar*1009639922]}#PCL[/system/framework/android.test.base.jar*1653369819]} | PCL[/system/framework/android.test.runner.jar*3954641918])
05-25 04:42:37.761 D/nativeloader(18630): Load libframework-connectivity-tiramisu-jni.so using APEX ns com_android_tethering for caller /apex/com.android.tethering/javalib/framework-connectivity-t.jar: ok
05-25 04:42:37.761 D/AndroidRuntime(18630): Calling main entry com.android.commands.uiautomator.Launcher
05-25 04:42:37.766 I/AconfigPackage(18630): android.media.swcodec.flags is mapped to com.android.media.swcodec
05-25 04:42:37.766 I/AconfigPackage(18630): com.android.permission.flags is mapped to com.android.permission
05-25 04:42:37.766 I/AconfigPackage(18630): com.android.permissioncontroller.flags is mapped to com.android.permission
05-25 04:42:37.766 I/AconfigPackage(18630): com.android.icu is mapped to com.android.i18n
05-25 04:42:37.766 I/AconfigPackage(18630): com.android.appsearch.flags is mapped to com.android.appsearch
05-25 04:42:37.766 I/AconfigPackage(18630): android.uprobestats.mainline.flags is mapped to com.android.uprobestats
05-25 04:42:37.766 I/AconfigPackage(18630): com.android.crashrecovery.flags is mapped to com.android.crashrecovery
05-25 04:42:37.766 I/AconfigPackage(18630): android.provider.flags is mapped to com.android.configinfrastructure
05-25 04:42:37.766 I/AconfigPackage(18630): com.android.server.deviceconfig is mapped to com.android.configinfrastructure
05-25 04:42:37.766 I/AconfigPackage(18630): com.android.compos.flags is mapped to com.android.compos
05-25 04:42:37.766 I/AconfigPackage(18630): com.android.art.flags is mapped to com.android.art
05-25 04:42:37.766 I/AconfigPackage(18630): com.android.art.rw.flags is mapped to com.android.art
05-25 04:42:37.766 I/AconfigPackage(18630): com.android.libcore is mapped to com.android.art
05-25 04:42:37.766 I/AconfigPackage(18630): com.android.telephony.flags is mapped to com.android.telephonycore
05-25 04:42:37.766 I/AconfigPackage(18630): com.android.media.extractor.flags is mapped to com.android.media
05-25 04:42:37.766 I/AconfigPackage(18630): com.android.media.mainline.flags is mapped to com.android.media
05-25 04:42:37.766 I/AconfigPackage(18630): com.android.wifi.flags is mapped to com.android.wifi
05-25 04:42:37.766 I/AconfigPackage(18630): com.android.org.conscrypt.flags is mapped to com.android.conscrypt
05-25 04:42:37.766 I/AconfigPackage(18630): com.android.org.conscrypt.net.flags is mapped to com.android.conscrypt
05-25 04:42:37.767 I/AconfigPackage(18630): com.android.healthfitness.flags is mapped to com.android.healthfitness
05-25 04:42:37.767 I/AconfigPackage(18630): com.android.ipsec.flags is mapped to com.android.ipsec
05-25 04:42:37.767 I/AconfigPackage(18630): com.android.nfc.module.flags is mapped to com.android.nfcservices
05-25 04:42:37.767 I/AconfigPackage(18630): com.android.adservices.ondevicepersonalization.flags is mapped to com.android.ondevicepersonalization
05-25 04:42:37.767 I/AconfigPackage(18630): com.android.adbd.flags is mapped to com.android.adbd
05-25 04:42:37.767 I/AconfigPackage(18630): com.android.bluetooth.flags is mapped to com.android.bt
05-25 04:42:37.767 I/AconfigPackage(18630): com.android.devicelock.flags is mapped to com.android.devicelock
05-25 04:42:37.767 I/AconfigPackage(18630): android.os.profiling is mapped to com.android.profiling
05-25 04:42:37.767 I/AconfigPackage(18630): android.os.profiling.anomaly.flags is mapped to com.android.profiling
05-25 04:42:37.767 I/AconfigPackage(18630): com.android.os.statsd.flags is mapped to com.android.os.statsd
05-25 04:42:37.767 I/AconfigPackage(18630): com.android.rkpd.flags is mapped to com.android.rkpd
05-25 04:42:37.767 I/AconfigPackage(18630): com.android.cellbroadcastreceiver.flags is mapped to com.android.cellbroadcast
05-25 04:42:37.767 I/AconfigPackage(18630): com.android.adservices.flags is mapped to com.android.adservices
05-25 04:42:37.767 I/AconfigPackage(18630): com.android.sdksandbox.flags is mapped to com.android.adservices
05-25 04:42:37.767 I/AconfigPackage(18630): com.android.uwb.flags is mapped to com.android.uwb
05-25 04:42:37.767 I/AconfigPackage(18630): com.android.ranging.flags is mapped to com.android.uwb
05-25 04:42:37.767 I/AconfigPackage(18630): android.graphics.pdf.flags is mapped to com.android.mediaprovider
05-25 04:42:37.767 I/AconfigPackage(18630): com.android.providers.media.flags is mapped to com.android.mediaprovider
05-25 04:42:37.767 I/AconfigPackage(18630): android.graphics.pdf.flags.readonly is mapped to com.android.mediaprovider
05-25 04:42:37.767 I/AconfigPackage(18630): com.android.tethering.mainline.beta is mapped to com.android.tethering
05-25 04:42:37.767 I/AconfigPackage(18630): android.net.http is mapped to com.android.tethering
05-25 04:42:37.767 I/AconfigPackage(18630): com.android.tethering.readonly.flags is mapped to com.android.tethering
05-25 04:42:37.767 I/AconfigPackage(18630): android.net.vcn is mapped to com.android.tethering
05-25 04:42:37.767 I/AconfigPackage(18630): com.android.net.flags is mapped to com.android.tethering
05-25 04:42:37.767 I/AconfigPackage(18630): com.android.tethering.beta.test is mapped to com.android.tethering
05-25 04:42:37.767 I/AconfigPackage(18630): com.android.nearby.flags is mapped to com.android.tethering
05-25 04:42:37.767 I/AconfigPackage(18630): com.android.net.ct.flags is mapped to com.android.tethering
05-25 04:42:37.767 I/AconfigPackage(18630): com.android.net.thread.flags is mapped to com.android.tethering
05-25 04:42:37.767 I/AconfigPackage(18630): com.android.system.virtualmachine.flags is mapped to com.android.virt
05-25 04:42:37.768 E/FeatureFlagsImplExport(18630): android.os.flagging.AconfigStorageReadException: ERROR_PACKAGE_NOT_FOUND: package android.xr cannot be found on the device
05-25 04:42:37.771 D/UiAutomationConnection(18630): Created on user UserHandle{0}
05-25 04:42:37.771 I/UiAutomation(18630): Initialized for user 0 on display 0
05-25 04:42:37.771 W/UiAutomation(18630): Created with deprecatead constructor, assumes DEFAULT_DISPLAY
05-25 04:42:37.772 D/AccessibilityManagerService(  755): changeCurrentUserForTestAutomationIfNeededLocked(0): ignoring because device doesn't support visible background users
05-25 04:42:37.772 I/UiAutomationManager(  755): Registering UiTestAutomationService (id=com.android.server.accessibility/UiAutomation, flags=0x0) when called by user 0
05-25 04:42:37.772 V/AccessibilityManagerService(  755): onUserStateChangedLocked for userId: 0, forceUpdate: false
05-25 04:42:37.772 V/AccessibilityUserState(  755): updateShortcutTargets: type:accessibility_shortcut_target_service, current:{}, new:{}
05-25 04:42:37.772 V/AccessibilityUserState(  755): updateShortcutTargets: type:accessibility_button_targets, current:{}, new:{}
05-25 04:42:37.772 V/AccessibilityUserState(  755): updateShortcutTargets: type:accessibility_gesture_targets, current:{}, new:{}
05-25 04:42:37.772 V/AccessibilityUserState(  755): updateShortcutTargets: type:accessibility_qs_targets, current:{}, new:{}
05-25 04:42:37.772 V/AccessibilityUserState(  755): updateShortcutTargets: type:accessibility_key_gesture_targets, current:{}, new:{}
05-25 04:42:37.773 I/AiAiEcho( 1546): Settings changed for uri: content://settings/secure/accessibility_enabled
05-25 04:42:37.773 W/MagnificationConnectionManager(  755): requestConnection duplicated request: connect=false, mConnectionState=DISCONNECTED
05-25 04:42:37.774 I/AiAiEcho( 1546): Predicting[0]:  [CONTEXT sampling_count=5 ]
05-25 04:42:37.774 I/AiAiEcho( 1546): EchoTargets: 
05-25 04:42:37.774 I/AiAiEcho( 1546): Filtered by AiAi flag check: 
05-25 04:42:37.774 I/AiAiEcho( 1546): [CONTEXT ratelimit_period="10 SECONDS" ]
05-25 04:42:37.774 I/AiAiEcho( 1546): #remoteViewsTwiddler: feature disabled.
05-25 04:42:37.774 I/AiAiEcho( 1546): Predicting[0]:  [CONTEXT sampling_count=5 ]
05-25 04:42:37.774 I/AiAiEcho( 1546): EchoTargets: 
05-25 04:42:37.774 I/AiAiEcho( 1546): Filtered by AiAi flag check: 
05-25 04:42:37.774 I/AiAiEcho( 1546): [CONTEXT ratelimit_period="10 SECONDS" ]
05-25 04:42:37.774 I/AiAiEcho( 1546): #remoteViewsTwiddler: feature disabled.
05-25 04:42:37.774 I/AiAiEcho( 1546): #postPredictionTargets: Sending updates to UISurface lockscreen with targets# 0 (types=[])
05-25 04:42:37.775 I/AiAiEcho( 1546): #postPredictionTargets: Sending updates to UISurface home with targets# 0 (types=[])
05-25 04:42:37.775 W/SsPagerDots( 1012): Total number of pages invalid: 0. Assuming 1 page.
05-25 04:42:37.775 W/libbinder.IPCThreadState(  755): Sending oneway calls to frozen process.
05-25 04:42:37.779 W/libbinder.IPCThreadState(  755): Sending oneway calls to frozen process.
05-25 04:42:37.779 W/libbinder.IPCThreadState(  755): Sending oneway calls to frozen process.
05-25 04:42:37.779 W/libbinder.IPCThreadState(  755): Sending oneway calls to frozen process.
05-25 04:42:37.779 W/libbinder.IPCThreadState(  755): Sending oneway calls to frozen process.
05-25 04:42:37.779 W/libbinder.IPCThreadState(  755): Sending oneway calls to frozen process.
05-25 04:42:37.779 W/libbinder.IPCThreadState(  755): Sending oneway calls to frozen process.
05-25 04:42:37.779 W/libbinder.IPCThreadState(  755): Sending oneway calls to frozen process.
05-25 04:42:37.780 W/libbinder.IPCThreadState(  755): Sending oneway calls to frozen process.
05-25 04:42:37.782 V/AccessibilityManagerService(  755): onUserStateChangedLocked for userId: 0, forceUpdate: false
05-25 04:42:37.784 V/AccessibilityUserState(  755): updateShortcutTargets: type:accessibility_shortcut_target_service, current:{}, new:{}
05-25 04:42:37.784 V/AccessibilityUserState(  755): updateShortcutTargets: type:accessibility_button_targets, current:{}, new:{}
05-25 04:42:37.784 V/AccessibilityUserState(  755): updateShortcutTargets: type:accessibility_gesture_targets, current:{}, new:{}
05-25 04:42:37.784 V/AccessibilityUserState(  755): updateShortcutTargets: type:accessibility_qs_targets, current:{}, new:{}
05-25 04:42:37.784 V/AccessibilityUserState(  755): updateShortcutTargets: type:accessibility_key_gesture_targets, current:{}, new:{}
05-25 04:42:37.784 W/MagnificationConnectionManager(  755): requestConnection duplicated request: connect=false, mConnectionState=DISCONNECTED
05-25 04:42:37.784 I/AiAiEcho( 1546): Settings changed for uri: content://settings/secure/accessibility_enabled
05-25 04:42:37.784 W/libbinder.IPCThreadState(  755): Sending oneway calls to frozen process.
05-25 04:42:37.784 W/libbinder.IPCThreadState(  755): Sending oneway calls to frozen process.
05-25 04:42:37.784 W/libbinder.IPCThreadState(  755): Sending oneway calls to frozen process.
05-25 04:42:37.784 W/libbinder.IPCThreadState(  755): Sending oneway calls to frozen process.
05-25 04:42:37.784 W/libbinder.IPCThreadState(  755): Sending oneway calls to frozen process.
05-25 04:42:37.786 W/libbinder.IPCThreadState(  755): Sending oneway calls to frozen process.
05-25 04:42:37.786 W/libbinder.IPCThreadState(  755): Sending oneway calls to frozen process.
05-25 04:42:37.786 W/libbinder.IPCThreadState(  755): Sending oneway calls to frozen process.
05-25 04:42:37.788 I/AiAiEcho( 1546): Predicting[0]:  [CONTEXT sampling_count=5 ]
05-25 04:42:37.788 I/AiAiEcho( 1546): EchoTargets: 
05-25 04:42:37.788 I/AiAiEcho( 1546): Filtered by AiAi flag check: 
05-25 04:42:37.788 I/AiAiEcho( 1546): [CONTEXT ratelimit_period="10 SECONDS" ]
05-25 04:42:37.788 I/AiAiEcho( 1546): #remoteViewsTwiddler: feature disabled.
05-25 04:42:37.789 I/AiAiEcho( 1546): Predicting[0]:  [CONTEXT sampling_count=5 ]
05-25 04:42:37.789 I/AiAiEcho( 1546): EchoTargets: 
05-25 04:42:37.789 I/AiAiEcho( 1546): Filtered by AiAi flag check: 
05-25 04:42:37.789 I/AiAiEcho( 1546): [CONTEXT ratelimit_period="10 SECONDS" ]
05-25 04:42:37.789 I/AiAiEcho( 1546): #remoteViewsTwiddler: feature disabled.
05-25 04:42:37.789 I/AiAiEcho( 1546): #postPredictionTargets: Sending updates to UISurface lockscreen with targets# 0 (types=[])
05-25 04:42:37.789 I/AiAiEcho( 1546): #postPredictionTargets: Sending updates to UISurface home with targets# 0 (types=[])
05-25 04:42:37.790 W/libbinder.IPCThreadState(  755): Sending oneway calls to frozen process.
05-25 04:42:37.790 W/libbinder.IPCThreadState(  755): Sending oneway calls to frozen process.
05-25 04:42:37.790 W/libbinder.IPCThreadState(  755): Sending oneway calls to frozen process.
05-25 04:42:37.790 W/libbinder.IPCThreadState(  755): Sending oneway calls to frozen process.
05-25 04:42:37.790 W/libbinder.IPCThreadState(  755): Sending oneway calls to frozen process.
05-25 04:42:37.790 W/libbinder.IPCThreadState(  755): Sending oneway calls to frozen process.
05-25 04:42:37.790 W/libbinder.IPCThreadState(  755): Sending oneway calls to frozen process.
05-25 04:42:37.791 W/libbinder.IPCThreadState(  755): Sending oneway calls to frozen process.
05-25 04:42:37.793 W/libbinder.IPCThreadState(  755): Sending oneway calls to frozen process.
05-25 04:42:37.793 W/libbinder.IPCThreadState(  755): Sending oneway calls to frozen process.
05-25 04:42:37.793 W/libbinder.IPCThreadState(  755): Sending oneway calls to frozen process.
05-25 04:42:37.793 W/libbinder.IPCThreadState(  755): Sending oneway calls to frozen process.
05-25 04:42:37.793 W/libbinder.IPCThreadState(  755): Sending oneway calls to frozen process.
05-25 04:42:37.798 W/SsPagerDots( 1012): Total number of pages invalid: 0. Assuming 1 page.
05-25 04:42:37.799 W/libbinder.IPCThreadState(  755): Sending oneway calls to frozen process.
05-25 04:42:37.799 W/libbinder.IPCThreadState(  755): Sending oneway calls to frozen process.
05-25 04:42:37.799 W/libbinder.IPCThreadState(  755): Sending oneway calls to frozen process.
05-25 04:42:37.802 W/libbinder.IPCThreadState(  755): Sending oneway calls to frozen process.
05-25 04:42:37.802 W/libbinder.IPCThreadState(  755): Sending oneway calls to frozen process.
05-25 04:42:37.802 W/libbinder.IPCThreadState(  755): Sending oneway calls to frozen process.
05-25 04:42:37.802 W/libbinder.IPCThreadState(  755): Sending oneway calls to frozen process.
05-25 04:42:37.802 W/libbinder.IPCThreadState(  755): Sending oneway calls to frozen process.
05-25 04:42:37.802 W/libbinder.IPCThreadState(  755): Sending oneway calls to frozen process.
05-25 04:42:37.802 W/libbinder.IPCThreadState(  755): Sending oneway calls to frozen process.
05-25 04:42:37.803 D/BatterySaverPolicy(  755): accessibility changed to true, updating policy.
05-25 04:42:37.804 D/AccessibilityManagerService(  755): .getAccessibilityShortcutTargets {shortcutType=32, userId=0}
05-25 04:42:38.824 W/AccessibilityNodeInfoDumper(18630): Fetch time: 2ms
05-25 04:42:38.828 V/AccessibilityManagerService(  755): onUserStateChangedLocked for userId: 0, forceUpdate: false
05-25 04:42:38.829 V/AccessibilityUserState(  755): updateShortcutTargets: type:accessibility_shortcut_target_service, current:{}, new:{}
05-25 04:42:38.829 V/AccessibilityUserState(  755): updateShortcutTargets: type:accessibility_button_targets, current:{}, new:{}
05-25 04:42:38.829 V/AccessibilityUserState(  755): updateShortcutTargets: type:accessibility_gesture_targets, current:{}, new:{}
05-25 04:42:38.829 V/AccessibilityUserState(  755): updateShortcutTargets: type:accessibility_qs_targets, current:{}, new:{}
05-25 04:42:38.829 V/AccessibilityUserState(  755): updateShortcutTargets: type:accessibility_key_gesture_targets, current:{}, new:{}
05-25 04:42:38.829 W/MagnificationConnectionManager(  755): requestConnection duplicated request: connect=false, mConnectionState=DISCONNECTED
05-25 04:42:38.829 D/AccessibilityManagerService(  755): restoreCurrentUserForTestAutomationIfNeededLocked(): ignoring because device doesn't support visible background users
05-25 04:42:38.829 I/AiAiEcho( 1546): Settings changed for uri: content://settings/secure/accessibility_enabled
05-25 04:42:38.830 W/libbinder.IPCThreadState(  755): Sending oneway calls to frozen process.
05-25 04:42:38.830 D/AndroidRuntime(18630): Shutting down VM
05-25 04:42:38.831 W/libbinder.IPCThreadState(18630): call to talkWithDriver in joinThreadPool returned error: -9 (Bad file descriptor), FD: -1
05-25 04:42:38.831 W/libbinder.IPCThreadState(18630): call to talkWithDriver in joinThreadPool returned error: -9 (Bad file descriptor), FD: -1
05-25 04:42:38.832 I/AiAiEcho( 1546): Predicting[0]:  [CONTEXT sampling_count=5 ]
05-25 04:42:38.832 I/AiAiEcho( 1546): EchoTargets: 
05-25 04:42:38.832 I/AiAiEcho( 1546): Filtered by AiAi flag check: 
05-25 04:42:38.832 I/AiAiEcho( 1546): [CONTEXT ratelimit_period="10 SECONDS" ]
05-25 04:42:38.833 I/AiAiEcho( 1546): #remoteViewsTwiddler: feature disabled.
05-25 04:42:38.834 I/AiAiEcho( 1546): Predicting[0]:  [CONTEXT sampling_count=5 ]
05-25 04:42:38.834 I/AiAiEcho( 1546): EchoTargets: 
05-25 04:42:38.834 I/AiAiEcho( 1546): Filtered by AiAi flag check: 
05-25 04:42:38.834 I/AiAiEcho( 1546): [CONTEXT ratelimit_period="10 SECONDS" ]
05-25 04:42:38.834 I/AiAiEcho( 1546): #remoteViewsTwiddler: feature disabled.
05-25 04:42:38.834 I/AiAiEcho( 1546): #postPredictionTargets: Sending updates to UISurface lockscreen with targets# 0 (types=[])
05-25 04:42:38.835 W/libbinder.IPCThreadState(  755): Sending oneway calls to frozen process.
05-25 04:42:38.835 W/libbinder.IPCThreadState(  755): Sending oneway calls to frozen process.
05-25 04:42:38.835 W/libbinder.IPCThreadState(  755): Sending oneway calls to frozen process.
05-25 04:42:38.835 W/libbinder.IPCThreadState(  755): Sending oneway calls to frozen process.
05-25 04:42:38.835 W/libbinder.IPCThreadState(  755): Sending oneway calls to frozen process.
05-25 04:42:38.835 W/libbinder.IPCThreadState(  755): Sending oneway calls to frozen process.
05-25 04:42:38.835 W/libbinder.IPCThreadState(  755): Sending oneway calls to frozen process.
05-25 04:42:38.835 W/libbinder.IPCThreadState(  755): Sending oneway calls to frozen process.
05-25 04:42:38.835 W/SsPagerDots( 1012): Total number of pages invalid: 0. Assuming 1 page.
05-25 04:42:38.836 I/AiAiEcho( 1546): #postPredictionTargets: Sending updates to UISurface home with targets# 0 (types=[])
05-25 04:42:38.837 W/libbinder.IPCThreadState(  755): Sending oneway calls to frozen process.
05-25 04:42:38.837 W/libbinder.IPCThreadState(  755): Sending oneway calls to frozen process.
05-25 04:42:38.837 W/libbinder.IPCThreadState(  755): Sending oneway calls to frozen process.
05-25 04:42:38.837 W/libbinder.IPCThreadState(  755): Sending oneway calls to frozen process.
05-25 04:42:38.837 W/libbinder.IPCThreadState(  755): Sending oneway calls to frozen process.
05-25 04:42:38.837 W/libbinder.IPCThreadState(  755): Sending oneway calls to frozen process.
05-25 04:42:38.837 W/libbinder.IPCThreadState(  755): Sending oneway calls to frozen process.
05-25 04:42:38.839 W/libbinder.IPCThreadState(  755): Sending oneway calls to frozen process.
05-25 04:42:38.839 W/libbinder.IPCThreadState(  755): Sending oneway calls to frozen process.
05-25 04:42:38.839 W/libbinder.IPCThreadState(  755): Sending oneway calls to frozen process.
05-25 04:42:38.839 W/libbinder.IPCThreadState(  755): Sending oneway calls to frozen process.
05-25 04:42:38.839 W/libbinder.IPCThreadState(  755): Sending oneway calls to frozen process.
05-25 04:42:38.839 W/libbinder.IPCThreadState(  755): Sending oneway calls to frozen process.
05-25 04:42:38.840 W/libbinder.IPCThreadState(  755): Sending oneway calls to frozen process.
05-25 04:42:38.840 W/libbinder.IPCThreadState(  755): Sending oneway calls to frozen process.
05-25 04:42:38.840 D/BatterySaverPolicy(  755): accessibility changed to false, updating policy.
05-25 04:42:39.463 I/HalDevMgr(  755): bestIfaceCreationProposal is null, requestIface=STA, existingIface=[name=wlan0 type=STA]
05-25 04:42:39.761 D/AndroidRuntime(18644): >>>>>> START com.android.internal.os.RuntimeInit uid 2000 <<<<<<
05-25 04:42:39.765 I/AndroidRuntime(18644): Using default boot image
05-25 04:42:39.765 I/AndroidRuntime(18644): Leaving lock profiling enabled
05-25 04:42:39.767 I/app_process(18644): Using CollectorTypeCMC GC.
05-25 04:42:39.842 D/nativeloader(18644): InitDefaultPublicLibraries for_preload=1: libandroid.so:libaaudio.so:libamidi.so:libbinder_ndk.so:libc.so:libcamera2ndk.so:libdl.so:libEGL.so:libGLESv1_CM.so:libGLESv2.so:libGLESv3.so:libicu.so:libicui18n.so:libicuuc.so:libjnigraphics.so:liblog.so:libmediandk.so:libm.so:libnativehelper.so:libnativewindow.so:libOpenMAXAL.so:libOpenSLES.so:libRS.so:libstdc++.so:libsync.so:libvulkan.so:libwebviewchromium_plat_support.so:libz.so
05-25 04:42:39.851 D/nativeloader(18644): Load libicu_jni.so using APEX ns com_android_art for caller /apex/com.android.art/javalib/core-oj.jar: ok
05-25 04:42:39.851 D/app_process(18644): u_setTimeZoneFilesDirectory("/apex/com.android.tzdata/etc/tz/versioned/9/icu") succeeded. 
05-25 04:42:39.852 D/app_process(18644): I18n APEX ICU file found: /apex/com.android.i18n/etc/icu/icudt76l.dat
05-25 04:42:39.853 D/nativeloader(18644): Load libjavacore.so using APEX ns com_android_art for caller /apex/com.android.art/javalib/core-oj.jar: ok
05-25 04:42:39.853 D/nativeloader(18644): Load libopenjdk.so using APEX ns com_android_art for caller /apex/com.android.art/javalib/core-oj.jar: ok
05-25 04:42:39.854 I/app_process(18644): Priority-to-niceness mapping: 19, 16, 13, 10, 0, -2, -4, -5, -6, -8
05-25 04:42:39.855 W/app_process(18644): Unexpected CPU variant for x86: x86_64.
05-25 04:42:39.855 W/app_process(18644): Known variants: atom, sandybridge, silvermont, goldmont, goldmont-plus, goldmont-without-sha-xsaves, tremont, kabylake, alderlake, default
05-25 04:42:39.856 W/app_process(18644): ClassLoaderContext shared library size mismatch. Expected=2, found=0 (PCL[]{PCL[/system/framework/android.test.base.jar*1653369819]#PCL[/system/framework/android.test.mock.jar*1009639922]} | PCL[])
05-25 04:42:39.857 W/app_process(18644): ClassLoaderContext classpath size mismatch. expected=0, found=1 (PCL[]{PCL[/system/framework/android.test.runner.jar*3954641918]{PCL[/system/framework/android.test.base.jar*1653369819]#PCL[/system/framework/android.test.mock.jar*1009639922]}#PCL[/system/framework/android.test.base.jar*1653369819]} | PCL[/system/framework/android.test.runner.jar*3954641918])
05-25 04:42:39.874 D/nativeloader(18644): Load libframework-connectivity-tiramisu-jni.so using APEX ns com_android_tethering for caller /apex/com.android.tethering/javalib/framework-connectivity-t.jar: ok
05-25 04:42:39.874 D/AndroidRuntime(18644): Calling main entry com.android.commands.uiautomator.Launcher
05-25 04:42:39.878 I/AconfigPackage(18644): android.media.swcodec.flags is mapped to com.android.media.swcodec
05-25 04:42:39.878 I/AconfigPackage(18644): com.android.permission.flags is mapped to com.android.permission
05-25 04:42:39.878 I/AconfigPackage(18644): com.android.permissioncontroller.flags is mapped to com.android.permission
05-25 04:42:39.878 I/AconfigPackage(18644): com.android.icu is mapped to com.android.i18n
05-25 04:42:39.878 I/AconfigPackage(18644): com.android.appsearch.flags is mapped to com.android.appsearch
05-25 04:42:39.878 I/AconfigPackage(18644): android.uprobestats.mainline.flags is mapped to com.android.uprobestats
05-25 04:42:39.878 I/AconfigPackage(18644): com.android.crashrecovery.flags is mapped to com.android.crashrecovery
05-25 04:42:39.878 I/AconfigPackage(18644): android.provider.flags is mapped to com.android.configinfrastructure
05-25 04:42:39.878 I/AconfigPackage(18644): com.android.server.deviceconfig is mapped to com.android.configinfrastructure
05-25 04:42:39.878 I/AconfigPackage(18644): com.android.compos.flags is mapped to com.android.compos
05-25 04:42:39.879 I/AconfigPackage(18644): com.android.art.flags is mapped to com.android.art
05-25 04:42:39.879 I/AconfigPackage(18644): com.android.art.rw.flags is mapped to com.android.art
05-25 04:42:39.879 I/AconfigPackage(18644): com.android.libcore is mapped to com.android.art
05-25 04:42:39.879 I/AconfigPackage(18644): com.android.telephony.flags is mapped to com.android.telephonycore
05-25 04:42:39.879 I/AconfigPackage(18644): com.android.media.extractor.flags is mapped to com.android.media
05-25 04:42:39.879 I/AconfigPackage(18644): com.android.media.mainline.flags is mapped to com.android.media
05-25 04:42:39.880 I/AconfigPackage(18644): com.android.wifi.flags is mapped to com.android.wifi
05-25 04:42:39.880 I/AconfigPackage(18644): com.android.org.conscrypt.flags is mapped to com.android.conscrypt
05-25 04:42:39.880 I/AconfigPackage(18644): com.android.org.conscrypt.net.flags is mapped to com.android.conscrypt
05-25 04:42:39.880 I/AconfigPackage(18644): com.android.healthfitness.flags is mapped to com.android.healthfitness
05-25 04:42:39.881 I/AconfigPackage(18644): com.android.ipsec.flags is mapped to com.android.ipsec
05-25 04:42:39.881 I/AconfigPackage(18644): com.android.nfc.module.flags is mapped to com.android.nfcservices
05-25 04:42:39.881 I/AconfigPackage(18644): com.android.adservices.ondevicepersonalization.flags is mapped to com.android.ondevicepersonalization
05-25 04:42:39.881 I/AconfigPackage(18644): com.android.adbd.flags is mapped to com.android.adbd
05-25 04:42:39.881 I/AconfigPackage(18644): com.android.bluetooth.flags is mapped to com.android.bt
05-25 04:42:39.881 I/AconfigPackage(18644): com.android.devicelock.flags is mapped to com.android.devicelock
05-25 04:42:39.881 I/AconfigPackage(18644): android.os.profiling is mapped to com.android.profiling
05-25 04:42:39.881 I/AconfigPackage(18644): android.os.profiling.anomaly.flags is mapped to com.android.profiling
05-25 04:42:39.882 I/AconfigPackage(18644): com.android.os.statsd.flags is mapped to com.android.os.statsd
05-25 04:42:39.882 I/AconfigPackage(18644): com.android.rkpd.flags is mapped to com.android.rkpd
05-25 04:42:39.882 I/AconfigPackage(18644): com.android.cellbroadcastreceiver.flags is mapped to com.android.cellbroadcast
05-25 04:42:39.882 I/AconfigPackage(18644): com.android.adservices.flags is mapped to com.android.adservices
05-25 04:42:39.882 I/AconfigPackage(18644): com.android.sdksandbox.flags is mapped to com.android.adservices
05-25 04:42:39.882 I/AconfigPackage(18644): com.android.uwb.flags is mapped to com.android.uwb
05-25 04:42:39.882 I/AconfigPackage(18644): com.android.ranging.flags is mapped to com.android.uwb
05-25 04:42:39.882 I/AconfigPackage(18644): android.graphics.pdf.flags is mapped to com.android.mediaprovider
05-25 04:42:39.882 I/AconfigPackage(18644): com.android.providers.media.flags is mapped to com.android.mediaprovider
05-25 04:42:39.882 I/AconfigPackage(18644): android.graphics.pdf.flags.readonly is mapped to com.android.mediaprovider
05-25 04:42:39.882 I/AconfigPackage(18644): com.android.tethering.mainline.beta is mapped to com.android.tethering
05-25 04:42:39.882 I/AconfigPackage(18644): android.net.http is mapped to com.android.tethering
05-25 04:42:39.882 I/AconfigPackage(18644): com.android.tethering.readonly.flags is mapped to com.android.tethering
05-25 04:42:39.882 I/AconfigPackage(18644): android.net.vcn is mapped to com.android.tethering
05-25 04:42:39.882 I/AconfigPackage(18644): com.android.net.flags is mapped to com.android.tethering
05-25 04:42:39.882 I/AconfigPackage(18644): com.android.tethering.beta.test is mapped to com.android.tethering
05-25 04:42:39.882 I/AconfigPackage(18644): com.android.nearby.flags is mapped to com.android.tethering
05-25 04:42:39.882 I/AconfigPackage(18644): com.android.net.ct.flags is mapped to com.android.tethering
05-25 04:42:39.882 I/AconfigPackage(18644): com.android.net.thread.flags is mapped to com.android.tethering
05-25 04:42:39.882 I/AconfigPackage(18644): com.android.system.virtualmachine.flags is mapped to com.android.virt
05-25 04:42:39.882 E/FeatureFlagsImplExport(18644): android.os.flagging.AconfigStorageReadException: ERROR_PACKAGE_NOT_FOUND: package android.xr cannot be found on the device
05-25 04:42:39.883 D/UiAutomationConnection(18644): Created on user UserHandle{0}
05-25 04:42:39.883 I/UiAutomation(18644): Initialized for user 0 on display 0
05-25 04:42:39.883 W/UiAutomation(18644): Created with deprecatead constructor, assumes DEFAULT_DISPLAY
05-25 04:42:39.884 D/AccessibilityManagerService(  755): changeCurrentUserForTestAutomationIfNeededLocked(0): ignoring because device doesn't support visible background users
05-25 04:42:39.884 I/UiAutomationManager(  755): Registering UiTestAutomationService (id=com.android.server.accessibility/UiAutomation, flags=0x0) when called by user 0
05-25 04:42:39.884 V/AccessibilityManagerService(  755): onUserStateChangedLocked for userId: 0, forceUpdate: false
05-25 04:42:39.885 V/AccessibilityUserState(  755): updateShortcutTargets: type:accessibility_shortcut_target_service, current:{}, new:{}
05-25 04:42:39.885 V/AccessibilityUserState(  755): updateShortcutTargets: type:accessibility_button_targets, current:{}, new:{}
05-25 04:42:39.885 V/AccessibilityUserState(  755): updateShortcutTargets: type:accessibility_gesture_targets, current:{}, new:{}
05-25 04:42:39.885 V/AccessibilityUserState(  755): updateShortcutTargets: type:accessibility_qs_targets, current:{}, new:{}
05-25 04:42:39.885 V/AccessibilityUserState(  755): updateShortcutTargets: type:accessibility_key_gesture_targets, current:{}, new:{}
05-25 04:42:39.885 W/MagnificationConnectionManager(  755): requestConnection duplicated request: connect=false, mConnectionState=DISCONNECTED
05-25 04:42:39.885 I/AiAiEcho( 1546): Settings changed for uri: content://settings/secure/accessibility_enabled
05-25 04:42:39.885 I/AiAiEcho( 1546): Predicting[0]:  [CONTEXT sampling_count=5 ]
05-25 04:42:39.885 I/AiAiEcho( 1546): EchoTargets: 
05-25 04:42:39.885 I/AiAiEcho( 1546): Filtered by AiAi flag check: 
05-25 04:42:39.885 I/AiAiEcho( 1546): [CONTEXT ratelimit_period="10 SECONDS" ]
05-25 04:42:39.886 I/AiAiEcho( 1546): #remoteViewsTwiddler: feature disabled.
05-25 04:42:39.886 W/libbinder.IPCThreadState(  755): Sending oneway calls to frozen process.
05-25 04:42:39.886 I/AiAiEcho( 1546): Predicting[0]:  [CONTEXT sampling_count=5 ]
05-25 04:42:39.886 I/AiAiEcho( 1546): EchoTargets: 
05-25 04:42:39.886 I/AiAiEcho( 1546): Filtered by AiAi flag check: 
05-25 04:42:39.886 I/AiAiEcho( 1546): [CONTEXT ratelimit_period="10 SECONDS" ]
05-25 04:42:39.886 I/AiAiEcho( 1546): #remoteViewsTwiddler: feature disabled.
05-25 04:42:39.886 I/AiAiEcho( 1546): #postPredictionTargets: Sending updates to UISurface lockscreen with targets# 0 (types=[])
05-25 04:42:39.886 W/libbinder.IPCThreadState(  755): Sending oneway calls to frozen process.
05-25 04:42:39.886 W/libbinder.IPCThreadState(  755): Sending oneway calls to frozen process.
05-25 04:42:39.886 W/libbinder.IPCThreadState(  755): Sending oneway calls to frozen process.
05-25 04:42:39.886 W/SsPagerDots( 1012): Total number of pages invalid: 0. Assuming 1 page.
05-25 04:42:39.887 W/libbinder.IPCThreadState(  755): Sending oneway calls to frozen process.
05-25 04:42:39.887 W/libbinder.IPCThreadState(  755): Sending oneway calls to frozen process.
05-25 04:42:39.887 I/AiAiEcho( 1546): #postPredictionTargets: Sending updates to UISurface home with targets# 0 (types=[])
05-25 04:42:39.887 W/libbinder.IPCThreadState(  755): Sending oneway calls to frozen process.
05-25 04:42:39.887 W/libbinder.IPCThreadState(  755): Sending oneway calls to frozen process.
05-25 04:42:39.887 W/libbinder.IPCThreadState(  755): Sending oneway calls to frozen process.
05-25 04:42:39.888 V/AccessibilityManagerService(  755): onUserStateChangedLocked for userId: 0, forceUpdate: false
05-25 04:42:39.888 W/libbinder.IPCThreadState(  755): Sending oneway calls to frozen process.
05-25 04:42:39.888 W/libbinder.IPCThreadState(  755): Sending oneway calls to frozen process.
05-25 04:42:39.888 V/AccessibilityUserState(  755): updateShortcutTargets: type:accessibility_shortcut_target_service, current:{}, new:{}
05-25 04:42:39.889 I/AiAiEcho( 1546): Settings changed for uri: content://settings/secure/accessibility_enabled
05-25 04:42:39.889 V/AccessibilityUserState(  755): updateShortcutTargets: type:accessibility_button_targets, current:{}, new:{}
05-25 04:42:39.889 V/AccessibilityUserState(  755): updateShortcutTargets: type:accessibility_gesture_targets, current:{}, new:{}
05-25 04:42:39.889 V/AccessibilityUserState(  755): updateShortcutTargets: type:accessibility_qs_targets, current:{}, new:{}
05-25 04:42:39.889 V/AccessibilityUserState(  755): updateShortcutTargets: type:accessibility_key_gesture_targets, current:{}, new:{}
05-25 04:42:39.889 W/MagnificationConnectionManager(  755): requestConnection duplicated request: connect=false, mConnectionState=DISCONNECTED
05-25 04:42:39.889 W/libbinder.IPCThreadState(  755): Sending oneway calls to frozen process.
05-25 04:42:39.889 W/libbinder.IPCThreadState(  755): Sending oneway calls to frozen process.
05-25 04:42:39.889 W/libbinder.IPCThreadState(  755): Sending oneway calls to frozen process.
05-25 04:42:39.889 I/AiAiEcho( 1546): Predicting[0]:  [CONTEXT sampling_count=5 ]
05-25 04:42:39.889 I/AiAiEcho( 1546): EchoTargets: 
05-25 04:42:39.889 I/AiAiEcho( 1546): Filtered by AiAi flag check: 
05-25 04:42:39.889 I/AiAiEcho( 1546): [CONTEXT ratelimit_period="10 SECONDS" ]
05-25 04:42:39.889 I/AiAiEcho( 1546): #remoteViewsTwiddler: feature disabled.
05-25 04:42:39.890 I/AiAiEcho( 1546): Predicting[0]:  [CONTEXT sampling_count=5 ]
05-25 04:42:39.890 W/libbinder.IPCThreadState(  755): Sending oneway calls to frozen process.
05-25 04:42:39.890 I/AiAiEcho( 1546): EchoTargets: 
05-25 04:42:39.890 I/AiAiEcho( 1546): Filtered by AiAi flag check: 
05-25 04:42:39.890 I/AiAiEcho( 1546): [CONTEXT ratelimit_period="10 SECONDS" ]
05-25 04:42:39.890 I/AiAiEcho( 1546): #remoteViewsTwiddler: feature disabled.
05-25 04:42:39.890 W/libbinder.IPCThreadState(  755): Sending oneway calls to frozen process.
05-25 04:42:39.890 I/AiAiEcho( 1546): #postPredictionTargets: Sending updates to UISurface lockscreen with targets# 0 (types=[])
05-25 04:42:39.890 W/libbinder.IPCThreadState(  755): Sending oneway calls to frozen process.
05-25 04:42:39.890 I/AiAiEcho( 1546): #postPredictionTargets: Sending updates to UISurface home with targets# 0 (types=[])
05-25 04:42:39.891 W/SsPagerDots( 1012): Total number of pages invalid: 0. Assuming 1 page.
05-25 04:42:39.891 W/libbinder.IPCThreadState(  755): Sending oneway calls to frozen process.
05-25 04:42:39.891 W/libbinder.IPCThreadState(  755): Sending oneway calls to frozen process.
05-25 04:42:39.892 W/libbinder.IPCThreadState(  755): Sending oneway calls to frozen process.
05-25 04:42:39.892 W/libbinder.IPCThreadState(  755): Sending oneway calls to frozen process.
05-25 04:42:39.892 W/libbinder.IPCThreadState(  755): Sending oneway calls to frozen process.
05-25 04:42:39.892 W/libbinder.IPCThreadState(  755): Sending oneway calls to frozen process.
05-25 04:42:39.892 W/libbinder.IPCThreadState(  755): Sending oneway calls to frozen process.
05-25 04:42:39.893 W/libbinder.IPCThreadState(  755): Sending oneway calls to frozen process.
05-25 04:42:39.894 W/libbinder.IPCThreadState(  755): Sending oneway calls to frozen process.
05-25 04:42:39.895 W/libbinder.IPCThreadState(  755): Sending oneway calls to frozen process.
05-25 04:42:39.895 W/libbinder.IPCThreadState(  755): Sending oneway calls to frozen process.
05-25 04:42:39.895 W/libbinder.IPCThreadState(  755): Sending oneway calls to frozen process.
05-25 04:42:39.895 W/libbinder.IPCThreadState(  755): Sending oneway calls to frozen process.
