05-25 04:49:28.006 D/AndroidRuntime(19631): Calling main entry com.android.commands.uiautomator.Launcher
05-25 04:49:28.008 I/AconfigPackage(19631): android.media.swcodec.flags is mapped to com.android.media.swcodec
05-25 04:49:28.008 I/AconfigPackage(19631): com.android.permission.flags is mapped to com.android.permission
05-25 04:49:28.008 I/AconfigPackage(19631): com.android.permissioncontroller.flags is mapped to com.android.permission
05-25 04:49:28.008 I/AconfigPackage(19631): com.android.icu is mapped to com.android.i18n
05-25 04:49:28.008 I/AconfigPackage(19631): com.android.appsearch.flags is mapped to com.android.appsearch
05-25 04:49:28.008 I/AconfigPackage(19631): android.uprobestats.mainline.flags is mapped to com.android.uprobestats
05-25 04:49:28.008 I/AconfigPackage(19631): com.android.crashrecovery.flags is mapped to com.android.crashrecovery
05-25 04:49:28.008 I/AconfigPackage(19631): android.provider.flags is mapped to com.android.configinfrastructure
05-25 04:49:28.008 I/AconfigPackage(19631): com.android.server.deviceconfig is mapped to com.android.configinfrastructure
05-25 04:49:28.009 I/AconfigPackage(19631): com.android.compos.flags is mapped to com.android.compos
05-25 04:49:28.009 I/AconfigPackage(19631): com.android.art.flags is mapped to com.android.art
05-25 04:49:28.009 I/AconfigPackage(19631): com.android.art.rw.flags is mapped to com.android.art
05-25 04:49:28.009 I/AconfigPackage(19631): com.android.libcore is mapped to com.android.art
05-25 04:49:28.009 I/AconfigPackage(19631): com.android.telephony.flags is mapped to com.android.telephonycore
05-25 04:49:28.009 I/AconfigPackage(19631): com.android.media.extractor.flags is mapped to com.android.media
05-25 04:49:28.009 I/AconfigPackage(19631): com.android.media.mainline.flags is mapped to com.android.media
05-25 04:49:28.009 I/AconfigPackage(19631): com.android.wifi.flags is mapped to com.android.wifi
05-25 04:49:28.009 I/AconfigPackage(19631): com.android.org.conscrypt.flags is mapped to com.android.conscrypt
05-25 04:49:28.009 I/AconfigPackage(19631): com.android.org.conscrypt.net.flags is mapped to com.android.conscrypt
05-25 04:49:28.010 I/AconfigPackage(19631): com.android.healthfitness.flags is mapped to com.android.healthfitness
05-25 04:49:28.010 I/AconfigPackage(19631): com.android.ipsec.flags is mapped to com.android.ipsec
05-25 04:49:28.010 I/AconfigPackage(19631): com.android.nfc.module.flags is mapped to com.android.nfcservices
05-25 04:49:28.010 I/AconfigPackage(19631): com.android.adservices.ondevicepersonalization.flags is mapped to com.android.ondevicepersonalization
05-25 04:49:28.011 I/AconfigPackage(19631): com.android.adbd.flags is mapped to com.android.adbd
05-25 04:49:28.011 I/AconfigPackage(19631): com.android.bluetooth.flags is mapped to com.android.bt
05-25 04:49:28.011 I/AconfigPackage(19631): com.android.devicelock.flags is mapped to com.android.devicelock
05-25 04:49:28.011 I/AconfigPackage(19631): android.os.profiling is mapped to com.android.profiling
05-25 04:49:28.011 I/AconfigPackage(19631): android.os.profiling.anomaly.flags is mapped to com.android.profiling
05-25 04:49:28.011 I/AconfigPackage(19631): com.android.os.statsd.flags is mapped to com.android.os.statsd
05-25 04:49:28.011 I/AconfigPackage(19631): com.android.rkpd.flags is mapped to com.android.rkpd
05-25 04:49:28.011 I/AconfigPackage(19631): com.android.cellbroadcastreceiver.flags is mapped to com.android.cellbroadcast
05-25 04:49:28.011 I/AconfigPackage(19631): com.android.adservices.flags is mapped to com.android.adservices
05-25 04:49:28.012 I/AconfigPackage(19631): com.android.sdksandbox.flags is mapped to com.android.adservices
05-25 04:49:28.012 I/AconfigPackage(19631): com.android.uwb.flags is mapped to com.android.uwb
05-25 04:49:28.012 I/AconfigPackage(19631): com.android.ranging.flags is mapped to com.android.uwb
05-25 04:49:28.012 I/AconfigPackage(19631): android.graphics.pdf.flags is mapped to com.android.mediaprovider
05-25 04:49:28.012 I/AconfigPackage(19631): com.android.providers.media.flags is mapped to com.android.mediaprovider
05-25 04:49:28.012 I/AconfigPackage(19631): android.graphics.pdf.flags.readonly is mapped to com.android.mediaprovider
05-25 04:49:28.012 I/AconfigPackage(19631): com.android.tethering.mainline.beta is mapped to com.android.tethering
05-25 04:49:28.012 I/AconfigPackage(19631): android.net.http is mapped to com.android.tethering
05-25 04:49:28.012 I/AconfigPackage(19631): com.android.tethering.readonly.flags is mapped to com.android.tethering
05-25 04:49:28.012 I/AconfigPackage(19631): android.net.vcn is mapped to com.android.tethering
05-25 04:49:28.012 I/AconfigPackage(19631): com.android.net.flags is mapped to com.android.tethering
05-25 04:49:28.012 I/AconfigPackage(19631): com.android.tethering.beta.test is mapped to com.android.tethering
05-25 04:49:28.012 I/AconfigPackage(19631): com.android.nearby.flags is mapped to com.android.tethering
05-25 04:49:28.012 I/AconfigPackage(19631): com.android.net.ct.flags is mapped to com.android.tethering
05-25 04:49:28.012 I/AconfigPackage(19631): com.android.net.thread.flags is mapped to com.android.tethering
05-25 04:49:28.012 I/AconfigPackage(19631): com.android.system.virtualmachine.flags is mapped to com.android.virt
05-25 04:49:28.012 E/FeatureFlagsImplExport(19631): android.os.flagging.AconfigStorageReadException: ERROR_PACKAGE_NOT_FOUND: package android.xr cannot be found on the device
05-25 04:49:28.016 D/UiAutomationConnection(19631): Created on user UserHandle{0}
05-25 04:49:28.016 I/UiAutomation(19631): Initialized for user 0 on display 0
05-25 04:49:28.016 W/UiAutomation(19631): Created with deprecatead constructor, assumes DEFAULT_DISPLAY
05-25 04:49:28.018 D/AccessibilityManagerService(  755): changeCurrentUserForTestAutomationIfNeededLocked(0): ignoring because device doesn't support visible background users
05-25 04:49:28.018 I/UiAutomationManager(  755): Registering UiTestAutomationService (id=com.android.server.accessibility/UiAutomation, flags=0x0) when called by user 0
05-25 04:49:28.018 V/AccessibilityManagerService(  755): onUserStateChangedLocked for userId: 0, forceUpdate: false
05-25 04:49:28.019 V/AccessibilityUserState(  755): updateShortcutTargets: type:accessibility_shortcut_target_service, current:{}, new:{}
05-25 04:49:28.019 V/AccessibilityUserState(  755): updateShortcutTargets: type:accessibility_button_targets, current:{}, new:{}
05-25 04:49:28.019 V/AccessibilityUserState(  755): updateShortcutTargets: type:accessibility_gesture_targets, current:{}, new:{}
05-25 04:49:28.019 V/AccessibilityUserState(  755): updateShortcutTargets: type:accessibility_qs_targets, current:{}, new:{}
05-25 04:49:28.019 V/AccessibilityUserState(  755): updateShortcutTargets: type:accessibility_key_gesture_targets, current:{}, new:{}
05-25 04:49:28.019 W/MagnificationConnectionManager(  755): requestConnection duplicated request: connect=false, mConnectionState=DISCONNECTED
05-25 04:49:28.020 W/libbinder.IPCThreadState(  755): Sending oneway calls to frozen process.
05-25 04:49:28.020 I/AiAiEcho( 1546): Settings changed for uri: content://settings/secure/accessibility_enabled
05-25 04:49:28.020 I/AiAiEcho( 1546): Predicting[0]:  [CONTEXT sampling_count=5 ]
05-25 04:49:28.020 I/AiAiEcho( 1546): EchoTargets: 
05-25 04:49:28.020 I/AiAiEcho( 1546): Filtered by AiAi flag check: 
05-25 04:49:28.020 I/AiAiEcho( 1546): [CONTEXT ratelimit_period="10 SECONDS" ]
05-25 04:49:28.020 I/AiAiEcho( 1546): #remoteViewsTwiddler: feature disabled.
05-25 04:49:28.020 I/AiAiEcho( 1546): Predicting[0]:  [CONTEXT sampling_count=5 ]
05-25 04:49:28.020 I/AiAiEcho( 1546): EchoTargets: 
05-25 04:49:28.020 I/AiAiEcho( 1546): Filtered by AiAi flag check: 
05-25 04:49:28.020 I/AiAiEcho( 1546): [CONTEXT ratelimit_period="10 SECONDS" ]
05-25 04:49:28.020 I/AiAiEcho( 1546): #remoteViewsTwiddler: feature disabled.
05-25 04:49:28.021 I/AiAiEcho( 1546): #postPredictionTargets: Sending updates to UISurface lockscreen with targets# 0 (types=[])
05-25 04:49:28.021 I/AiAiEcho( 1546): #postPredictionTargets: Sending updates to UISurface home with targets# 0 (types=[])
05-25 04:49:28.021 W/SsPagerDots( 1012): Total number of pages invalid: 0. Assuming 1 page.
05-25 04:49:28.022 W/libbinder.IPCThreadState(  755): Sending oneway calls to frozen process.
05-25 04:49:28.022 W/libbinder.IPCThreadState(  755): Sending oneway calls to frozen process.
05-25 04:49:28.022 W/libbinder.IPCThreadState(  755): Sending oneway calls to frozen process.
05-25 04:49:28.022 W/libbinder.IPCThreadState(  755): Sending oneway calls to frozen process.
05-25 04:49:28.022 W/libbinder.IPCThreadState(  755): Sending oneway calls to frozen process.
05-25 04:49:28.022 W/libbinder.IPCThreadState(  755): Sending oneway calls to frozen process.
05-25 04:49:28.022 W/libbinder.IPCThreadState(  755): Sending oneway calls to frozen process.
05-25 04:49:28.023 W/libbinder.IPCThreadState(  755): Sending oneway calls to frozen process.
05-25 04:49:28.024 W/libbinder.IPCThreadState(  755): Sending oneway calls to frozen process.
05-25 04:49:28.024 W/libbinder.IPCThreadState(  755): Sending oneway calls to frozen process.
05-25 04:49:28.024 W/libbinder.IPCThreadState(  755): Sending oneway calls to frozen process.
05-25 04:49:28.024 W/libbinder.IPCThreadState(  755): Sending oneway calls to frozen process.
05-25 04:49:28.024 W/libbinder.IPCThreadState(  755): Sending oneway calls to frozen process.
05-25 04:49:28.024 V/AccessibilityManagerService(  755): onUserStateChangedLocked for userId: 0, forceUpdate: false
05-25 04:49:28.025 V/AccessibilityUserState(  755): updateShortcutTargets: type:accessibility_shortcut_target_service, current:{}, new:{}
05-25 04:49:28.025 V/AccessibilityUserState(  755): updateShortcutTargets: type:accessibility_button_targets, current:{}, new:{}
05-25 04:49:28.025 V/AccessibilityUserState(  755): updateShortcutTargets: type:accessibility_gesture_targets, current:{}, new:{}
05-25 04:49:28.025 V/AccessibilityUserState(  755): updateShortcutTargets: type:accessibility_qs_targets, current:{}, new:{}
05-25 04:49:28.025 V/AccessibilityUserState(  755): updateShortcutTargets: type:accessibility_key_gesture_targets, current:{}, new:{}
05-25 04:49:28.025 W/MagnificationConnectionManager(  755): requestConnection duplicated request: connect=false, mConnectionState=DISCONNECTED
05-25 04:49:28.025 I/AiAiEcho( 1546): Settings changed for uri: content://settings/secure/accessibility_enabled
05-25 04:49:28.026 I/AiAiEcho( 1546): Predicting[0]:  [CONTEXT sampling_count=5 ]
05-25 04:49:28.026 I/AiAiEcho( 1546): EchoTargets: 
05-25 04:49:28.026 I/AiAiEcho( 1546): Filtered by AiAi flag check: 
05-25 04:49:28.026 I/AiAiEcho( 1546): [CONTEXT ratelimit_period="10 SECONDS" ]
05-25 04:49:28.026 I/AiAiEcho( 1546): #remoteViewsTwiddler: feature disabled.
05-25 04:49:28.026 I/AiAiEcho( 1546): Predicting[0]:  [CONTEXT sampling_count=5 ]
05-25 04:49:28.026 I/AiAiEcho( 1546): EchoTargets: 
05-25 04:49:28.026 I/AiAiEcho( 1546): Filtered by AiAi flag check: 
05-25 04:49:28.026 I/AiAiEcho( 1546): [CONTEXT ratelimit_period="10 SECONDS" ]
05-25 04:49:28.026 I/AiAiEcho( 1546): #remoteViewsTwiddler: feature disabled.
05-25 04:49:28.027 W/libbinder.IPCThreadState(  755): Sending oneway calls to frozen process.
05-25 04:49:28.027 I/AiAiEcho( 1546): #postPredictionTargets: Sending updates to UISurface lockscreen with targets# 0 (types=[])
05-25 04:49:28.028 W/libbinder.IPCThreadState(  755): Sending oneway calls to frozen process.
05-25 04:49:28.028 W/libbinder.IPCThreadState(  755): Sending oneway calls to frozen process.
05-25 04:49:28.029 W/libbinder.IPCThreadState(  755): Sending oneway calls to frozen process.
05-25 04:49:28.029 I/AiAiEcho( 1546): #postPredictionTargets: Sending updates to UISurface home with targets# 0 (types=[])
05-25 04:49:28.029 W/libbinder.IPCThreadState(  755): Sending oneway calls to frozen process.
05-25 04:49:28.030 W/libbinder.IPCThreadState(  755): Sending oneway calls to frozen process.
05-25 04:49:28.030 W/libbinder.IPCThreadState(  755): Sending oneway calls to frozen process.
05-25 04:49:28.030 W/libbinder.IPCThreadState(  755): Sending oneway calls to frozen process.
05-25 04:49:28.030 W/libbinder.IPCThreadState(  755): Sending oneway calls to frozen process.
05-25 04:49:28.030 W/libbinder.IPCThreadState(  755): Sending oneway calls to frozen process.
05-25 04:49:28.030 W/libbinder.IPCThreadState(  755): Sending oneway calls to frozen process.
05-25 04:49:28.030 W/libbinder.IPCThreadState(  755): Sending oneway calls to frozen process.
05-25 04:49:28.031 W/libbinder.IPCThreadState(  755): Sending oneway calls to frozen process.
05-25 04:49:28.031 W/libbinder.IPCThreadState(  755): Sending oneway calls to frozen process.
05-25 04:49:28.031 W/libbinder.IPCThreadState(  755): Sending oneway calls to frozen process.
05-25 04:49:28.031 W/libbinder.IPCThreadState(  755): Sending oneway calls to frozen process.
05-25 04:49:28.032 W/libbinder.IPCThreadState(  755): Sending oneway calls to frozen process.
05-25 04:49:28.032 W/libbinder.IPCThreadState(  755): Sending oneway calls to frozen process.
05-25 04:49:28.032 W/libbinder.IPCThreadState(  755): Sending oneway calls to frozen process.
05-25 04:49:28.032 W/libbinder.IPCThreadState(  755): Sending oneway calls to frozen process.
05-25 04:49:28.032 W/libbinder.IPCThreadState(  755): Sending oneway calls to frozen process.
05-25 04:49:28.032 W/libbinder.IPCThreadState(  755): Sending oneway calls to frozen process.
05-25 04:49:28.032 W/libbinder.IPCThreadState(  755): Sending oneway calls to frozen process.
05-25 04:49:28.032 W/libbinder.IPCThreadState(  755): Sending oneway calls to frozen process.
05-25 04:49:28.033 W/libbinder.IPCThreadState(  755): Sending oneway calls to frozen process.
05-25 04:49:28.033 W/libbinder.IPCThreadState(  755): Sending oneway calls to frozen process.
05-25 04:49:28.033 D/BatterySaverPolicy(  755): accessibility changed to true, updating policy.
05-25 04:49:28.035 W/SsPagerDots( 1012): Total number of pages invalid: 0. Assuming 1 page.
05-25 04:49:28.035 D/AccessibilityManagerService(  755): .getAccessibilityShortcutTargets {shortcutType=32, userId=0}
05-25 04:49:28.203 I/HalDevMgr(  755): bestIfaceCreationProposal is null, requestIface=STA, existingIface=[name=wlan0 type=STA]
05-25 04:49:29.054 W/AccessibilityNodeInfoDumper(19631): Fetch time: 1ms
05-25 04:49:29.056 V/AccessibilityManagerService(  755): onUserStateChangedLocked for userId: 0, forceUpdate: false
05-25 04:49:29.057 V/AccessibilityUserState(  755): updateShortcutTargets: type:accessibility_shortcut_target_service, current:{}, new:{}
05-25 04:49:29.057 V/AccessibilityUserState(  755): updateShortcutTargets: type:accessibility_button_targets, current:{}, new:{}
05-25 04:49:29.057 V/AccessibilityUserState(  755): updateShortcutTargets: type:accessibility_gesture_targets, current:{}, new:{}
05-25 04:49:29.057 V/AccessibilityUserState(  755): updateShortcutTargets: type:accessibility_qs_targets, current:{}, new:{}
05-25 04:49:29.057 V/AccessibilityUserState(  755): updateShortcutTargets: type:accessibility_key_gesture_targets, current:{}, new:{}
05-25 04:49:29.057 W/MagnificationConnectionManager(  755): requestConnection duplicated request: connect=false, mConnectionState=DISCONNECTED
05-25 04:49:29.057 D/AccessibilityManagerService(  755): restoreCurrentUserForTestAutomationIfNeededLocked(): ignoring because device doesn't support visible background users
05-25 04:49:29.057 W/libbinder.IPCThreadState(  755): Sending oneway calls to frozen process.
05-25 04:49:29.057 I/AiAiEcho( 1546): Settings changed for uri: content://settings/secure/accessibility_enabled
05-25 04:49:29.057 W/libbinder.IPCThreadState(  755): Sending oneway calls to frozen process.
05-25 04:49:29.057 W/libbinder.IPCThreadState(  755): Sending oneway calls to frozen process.
05-25 04:49:29.057 W/libbinder.IPCThreadState(  755): Sending oneway calls to frozen process.
05-25 04:49:29.057 W/libbinder.IPCThreadState(  755): Sending oneway calls to frozen process.
05-25 04:49:29.057 W/libbinder.IPCThreadState(  755): Sending oneway calls to frozen process.
05-25 04:49:29.058 W/libbinder.IPCThreadState(  755): Sending oneway calls to frozen process.
05-25 04:49:29.058 W/libbinder.IPCThreadState(  755): Sending oneway calls to frozen process.
05-25 04:49:29.058 W/libbinder.IPCThreadState(  755): Sending oneway calls to frozen process.
05-25 04:49:29.058 W/libbinder.IPCThreadState(19631): call to talkWithDriver in joinThreadPool returned error: -9 (Bad file descriptor), FD: -1
05-25 04:49:29.058 I/AiAiEcho( 1546): Predicting[0]:  [CONTEXT sampling_count=5 ]
05-25 04:49:29.059 W/libbinder.IPCThreadState(  755): Sending oneway calls to frozen process.
05-25 04:49:29.059 W/libbinder.IPCThreadState(  755): Sending oneway calls to frozen process.
05-25 04:49:29.059 D/AndroidRuntime(19631): Shutting down VM
05-25 04:49:29.059 W/libbinder.IPCThreadState(  755): Sending oneway calls to frozen process.
05-25 04:49:29.059 W/libbinder.IPCThreadState(19631): call to talkWithDriver in joinThreadPool returned error: -9 (Bad file descriptor), FD: -1
05-25 04:49:29.060 I/AiAiEcho( 1546): EchoTargets: 
05-25 04:49:29.060 I/AiAiEcho( 1546): Filtered by AiAi flag check: 
05-25 04:49:29.060 I/AiAiEcho( 1546): [CONTEXT ratelimit_period="10 SECONDS" ]
05-25 04:49:29.060 I/AiAiEcho( 1546): #remoteViewsTwiddler: feature disabled.
05-25 04:49:29.060 I/AiAiEcho( 1546): Predicting[0]:  [CONTEXT sampling_count=5 ]
05-25 04:49:29.060 I/AiAiEcho( 1546): EchoTargets: 
05-25 04:49:29.060 I/AiAiEcho( 1546): Filtered by AiAi flag check: 
05-25 04:49:29.060 I/AiAiEcho( 1546): [CONTEXT ratelimit_period="10 SECONDS" ]
05-25 04:49:29.060 I/AiAiEcho( 1546): #remoteViewsTwiddler: feature disabled.
05-25 04:49:29.060 W/libbinder.IPCThreadState(19631): call to talkWithDriver in joinThreadPool returned error: -9 (Bad file descriptor), FD: -1
05-25 04:49:29.061 I/AiAiEcho( 1546): #postPredictionTargets: Sending updates to UISurface lockscreen with targets# 0 (types=[])
05-25 04:49:29.061 W/libbinder.IPCThreadState(  755): Sending oneway calls to frozen process.
05-25 04:49:29.061 I/AiAiEcho( 1546): #postPredictionTargets: Sending updates to UISurface home with targets# 0 (types=[])
05-25 04:49:29.062 W/libbinder.IPCThreadState(  755): Sending oneway calls to frozen process.
05-25 04:49:29.062 W/libbinder.IPCThreadState(  755): Sending oneway calls to frozen process.
05-25 04:49:29.062 W/libbinder.IPCThreadState(  755): Sending oneway calls to frozen process.
05-25 04:49:29.062 W/libbinder.IPCThreadState(  755): Sending oneway calls to frozen process.
05-25 04:49:29.062 W/libbinder.IPCThreadState(  755): Sending oneway calls to frozen process.
05-25 04:49:29.062 W/libbinder.IPCThreadState(  755): Sending oneway calls to frozen process.
05-25 04:49:29.062 W/libbinder.IPCThreadState(  755): Sending oneway calls to frozen process.
05-25 04:49:29.062 W/libbinder.IPCThreadState(  755): Sending oneway calls to frozen process.
05-25 04:49:29.062 W/libbinder.IPCThreadState(  755): Sending oneway calls to frozen process.
05-25 04:49:29.062 W/libbinder.IPCThreadState(  755): Sending oneway calls to frozen process.
05-25 04:49:29.062 W/libbinder.IPCThreadState(  755): Sending oneway calls to frozen process.
05-25 04:49:29.062 D/BatterySaverPolicy(  755): accessibility changed to false, updating policy.
05-25 04:49:29.063 W/SsPagerDots( 1012): Total number of pages invalid: 0. Assuming 1 page.
