05-25 03:03:20.982   755   906 I HalDevMgr: bestIfaceCreationProposal is null, requestIface=STA, existingIface=[name=wlan0 type=STA]
05-25 03:03:23.876  1139  1263 D SatelliteController: iisInCarrierRoamingNbIotNtn: satellite is disabled
05-25 03:03:23.876  1139  1263 D SatelliteController: getCarrierRoamingNtnConnectType: Falling back to global carrier config connect type: 0
05-25 03:03:23.876   755  1931 W libbinder.IPCThreadState: Sending oneway calls to frozen process.
05-25 03:03:23.988   755   906 I HalDevMgr: bestIfaceCreationProposal is null, requestIface=STA, existingIface=[name=wlan0 type=STA]
05-25 03:03:25.914   755  3186 W AS.PlaybackActivityMon: No piid assigned for invalid/internal port id 15
05-25 03:03:25.916   615   709 D AudioFlinger: mixer(0x762b98748790) throttle end: throttle time(36)
05-25 03:03:26.084 10324 10324 D WindowOnBackDispatcher: setTopOnBackInvokedCallback (unwrapped): io.flutter.embedding.android.FlutterActivity$1@b0f31f9
05-25 03:03:26.086   755  3186 D CoreBackPreview: Window{b2b2e40 u0 com.tiarnanlarkin.danio/com.tiarnanlarkin.danio.MainActivity}: Setting back callback OnBackInvokedCallbackInfo{mCallback=android.window.IOnBackInvokedCallback$Stub$Proxy@74eaf1e, mPriority=0, mIsAnimationCallback=true, mOverrideBehavior=0}
05-25 03:03:26.246 10324 10324 D FlutterJNI: Sending viewport metrics to the engine.
05-25 03:03:26.994   755   906 I HalDevMgr: bestIfaceCreationProposal is null, requestIface=STA, existingIface=[name=wlan0 type=STA]
05-25 03:03:28.072 10615 10615 W libbinder.BackendUnifiedServiceManager: Thread Pool max thread count is 0. Cannot cache binder as linkToDeath cannot be implemented. serviceName: SurfaceFlingerAIDL
05-25 03:03:28.072 10615 10615 W libbinder.BpBinder: Linking to death on android.gui.ISurfaceComposer but there are no threads (yet?) listening to incoming transactions. See ProcessState::startThreadPool and ProcessState::setThreadPoolMaxThreadCount. Generally you should setup the binder threadpool before other initialization steps.
05-25 03:03:28.072 10615 10615 W libbinder.ProcessState: Extra binder thread started, but 0 threads requested. Do not use *startThreadPool when zero threads are requested.
05-25 03:03:28.152   755   796 E BluetoothPowerStatsCollector: Cannot acquire BluetoothActivityEnergyInfo
05-25 03:03:28.152   755   796 E BluetoothPowerStatsCollector: java.util.concurrent.ExecutionException: java.lang.RuntimeException: error: 11
05-25 03:03:28.152   755   796 E BluetoothPowerStatsCollector: 	at java.util.concurrent.CompletableFuture.reportGet(CompletableFuture.java:372)
05-25 03:03:28.152   755   796 E BluetoothPowerStatsCollector: 	at java.util.concurrent.CompletableFuture.get(CompletableFuture.java:2072)
05-25 03:03:28.152   755   796 E BluetoothPowerStatsCollector: 	at com.android.server.power.stats.BluetoothPowerStatsCollector.collectBluetoothActivityInfo(BluetoothPowerStatsCollector.java:191)
05-25 03:03:28.152   755   796 E BluetoothPowerStatsCollector: 	at com.android.server.power.stats.BluetoothPowerStatsCollector.collectStats(BluetoothPowerStatsCollector.java:155)
05-25 03:03:28.152   755   796 E BluetoothPowerStatsCollector: 	at com.android.server.power.stats.PowerStatsCollector.collectAndDeliverStats(PowerStatsCollector.java:196)
05-25 03:03:28.152   755   796 E BluetoothPowerStatsCollector: 	at com.android.server.power.stats.PowerStatsCollector.lambda$schedule$0(PowerStatsCollector.java:166)
05-25 03:03:28.152   755   796 E BluetoothPowerStatsCollector: 	at com.android.server.power.stats.PowerStatsCollector.$r8$lambda$G7G_yFY7rV7oxQbQHnZ5FHX8eBk(PowerStatsCollector.java:0)
05-25 03:03:28.152   755   796 E BluetoothPowerStatsCollector: 	at com.android.server.power.stats.PowerStatsCollector$$ExternalSyntheticLambda1.run(R8$$SyntheticClass:0)
05-25 03:03:28.152   755   796 E BluetoothPowerStatsCollector: 	at android.os.Handler.handleCallback(Handler.java:1070)
05-25 03:03:28.152   755   796 E BluetoothPowerStatsCollector: 	at android.os.Handler.dispatchMessage(Handler.java:125)
05-25 03:03:28.152   755   796 E BluetoothPowerStatsCollector: 	at android.os.Looper.dispatchMessage(Looper.java:333)
05-25 03:03:28.152   755   796 E BluetoothPowerStatsCollector: 	at android.os.Looper.loopOnce(Looper.java:263)
05-25 03:03:28.152   755   796 E BluetoothPowerStatsCollector: 	at android.os.Looper.loop(Looper.java:367)
05-25 03:03:28.152   755   796 E BluetoothPowerStatsCollector: 	at android.os.HandlerThread.run(HandlerThread.java:139)
05-25 03:03:28.152   755   796 E BluetoothPowerStatsCollector: Caused by: java.lang.RuntimeException: error: 11
05-25 03:03:28.152   755   796 E BluetoothPowerStatsCollector: 	at com.android.server.power.stats.BluetoothPowerStatsCollector$1.onBluetoothActivityEnergyInfoError(BluetoothPowerStatsCollector.java:180)
05-25 03:03:28.152   755   796 E BluetoothPowerStatsCollector: 	at android.bluetooth.BluetoothAdapter$OnBluetoothActivityEnergyInfoProxy.lambda$onBluetoothActivityEnergyInfoAvailable$0(BluetoothAdapter.java:1010)
05-25 03:03:28.152   755   796 E BluetoothPowerStatsCollector: 	at android.bluetooth.BluetoothAdapter$OnBluetoothActivityEnergyInfoProxy.$r8$lambda$ks_hN9Vo_x2Jp1k5f-s67WiAd4A(Unknown Source:0)
05-25 03:03:28.152   755   796 E BluetoothPowerStatsCollector: 	at android.bluetooth.BluetoothAdapter$OnBluetoothActivityEnergyInfoProxy$$ExternalSyntheticLambda0.run(D8$$SyntheticClass:0)
05-25 03:03:28.152   755   796 E BluetoothPowerStatsCollector: 	at android.bluetooth.BluetoothUtils.lambda$executeFromBinder$0(BluetoothUtils.java:346)
05-25 03:03:28.152   755   796 E BluetoothPowerStatsCollector: 	at android.bluetooth.BluetoothUtils$$ExternalSyntheticLambda1.run(D8$$SyntheticClass:0)
05-25 03:03:28.152   755   796 E BluetoothPowerStatsCollector: 	at com.android.server.SystemServerInitThreadPool$$ExternalSyntheticLambda0.execute(R8$$SyntheticClass:0)
05-25 03:03:28.152   755   796 E BluetoothPowerStatsCollector: 	at android.bluetooth.BluetoothUtils.executeFromBinder(BluetoothUtils.java:346)
05-25 03:03:28.152   755   796 E BluetoothPowerStatsCollector: 	at android.bluetooth.BluetoothAdapter$OnBluetoothActivityEnergyInfoProxy.onBluetoothActivityEnergyInfoAvailable(BluetoothAdapter.java:1008)
05-25 03:03:28.152   755   796 E BluetoothPowerStatsCollector: 	at android.bluetooth.IBluetoothActivityEnergyInfoListener$Stub.onTransact(IBluetoothActivityEnergyInfoListener.java:98)
05-25 03:03:28.152   755   796 E BluetoothPowerStatsCollector: 	at android.os.Binder.execTransactInternal(Binder.java:1478)
05-25 03:03:28.152   755   796 E BluetoothPowerStatsCollector: 	at android.os.Binder.execTransact(Binder.java:1418)
05-25 03:03:28.153  1529  1788 W MediaProvider: isAppCloneUserPair for user 0: false
05-25 03:03:28.185  1334  9652 I NetworkScheduler.Stats: (REDACTED) Task %s/%s started execution. cause:%s exec_start_elapsed_seconds: %s
05-25 03:03:28.187  1334 10416 I NetworkScheduler.Stats: (REDACTED) Task %s/%s finished executing. cause:%s result: %s elapsed_millis: %s uptime_millis: %s exec_start_elapsed_seconds: %s
05-25 03:03:28.290   755  3186 I ActivityManager: Broadcasting: Intent { act=android.intent.action.MEDIA_SCANNER_SCAN_FILE dat=file:///... flg=0x400000 }
05-25 03:03:28.291   755  3186 I ActivityManager: Enqueued broadcast Intent { act=android.intent.action.MEDIA_SCANNER_SCAN_FILE dat=file:///... flg=0x400000 }: 0
05-25 03:03:28.291  1529  1529 I MediaServiceV2: Creating work for intent Intent { act=android.intent.action.MEDIA_SCANNER_SCAN_FILE dat=file:///... flg=0x1400010 cmp=com.google.android.providers.media.module/com.android.providers.media.MediaServiceV2 }
05-25 03:03:28.292  1529  1529 I MediaServiceV2: Work enqueued for intent: Intent { act=android.intent.action.MEDIA_SCANNER_SCAN_FILE dat=file:///... flg=0x1400010 cmp=com.google.android.providers.media.module/com.android.providers.media.MediaServiceV2 }
05-25 03:03:28.292   755   775 I ActivityManager: Broadcast completed: result=0
05-25 03:03:28.295  1529  1727 W JobInfo : Requested important-while-foreground flag for job732 is ignored and takes no effect
05-25 03:03:28.295  1529  1727 D WM-SystemJobScheduler: Scheduling work ID d844d5dc-1249-4fce-a98b-5f70a25edf35Job ID 732
05-25 03:03:28.300  1529  1727 D WM-GreedyScheduler: Ignoring {WorkSpec: fce74054-5d75-49ac-b1fb-61b1c63b64d1}. Requires device idle.
05-25 03:03:28.300  1529  1727 D WM-GreedyScheduler: Ignoring {WorkSpec: 748d3965-3023-45a6-9a32-baafa7d90ebf}. Requires device idle.
05-25 03:03:28.300  1529  1727 D WM-GreedyScheduler: Ignoring {WorkSpec: bbc248da-5aec-4565-83d8-ed90ba3a683c}. Requires device idle.
05-25 03:03:28.300  1529  1727 D WM-GreedyScheduler: Ignoring {WorkSpec: a7b8fc44-3a39-43d5-96b8-cef5bb529d35}. Requires device idle.
05-25 03:03:28.300  1529  1727 D WM-GreedyScheduler: Starting work for d844d5dc-1249-4fce-a98b-5f70a25edf35
05-25 03:03:28.300  1529  1529 D WM-SystemJobService: onStartJob for WorkGenerationalId(workSpecId=d844d5dc-1249-4fce-a98b-5f70a25edf35, generation=0)
05-25 03:03:28.300  1529  1727 D WM-Processor: Processor: processing WorkGenerationalId(workSpecId=d844d5dc-1249-4fce-a98b-5f70a25edf35, generation=0)
05-25 03:03:28.301  1529  1727 D WM-Processor: Work WorkGenerationalId(workSpecId=d844d5dc-1249-4fce-a98b-5f70a25edf35, generation=0) is already enqueued for processing
05-25 03:03:28.302  1529  1529 D WM-WorkerWrapper: Starting work for com.android.providers.media.MediaServiceV2
05-25 03:03:28.302  1529 10622 I MediaServiceV2: Work initiated for action [ android.intent.action.MEDIA_SCANNER_SCAN_FILE ]
05-25 03:03:28.310  1529 10622 I MediaServiceV2: Work ended for action [ android.intent.action.MEDIA_SCANNER_SCAN_FILE ]
05-25 03:03:28.320  1529  1874 D WM-SystemJobScheduler: Scheduling work ID f0bb3994-51ba-489b-aba1-7aeaea013f20Job ID 733
05-25 03:03:28.321  1529  1874 D WM-GreedyScheduler: Ignoring {WorkSpec: fce74054-5d75-49ac-b1fb-61b1c63b64d1}. Requires device idle.
05-25 03:03:28.321  1529  1874 D WM-GreedyScheduler: Ignoring {WorkSpec: 748d3965-3023-45a6-9a32-baafa7d90ebf}. Requires device idle.
05-25 03:03:28.321  1529  1874 D WM-GreedyScheduler: Ignoring {WorkSpec: bbc248da-5aec-4565-83d8-ed90ba3a683c}. Requires device idle.
05-25 03:03:28.321  1529  1874 D WM-GreedyScheduler: Ignoring {WorkSpec: a7b8fc44-3a39-43d5-96b8-cef5bb529d35}. Requires device idle.
05-25 03:03:28.321  1529  1874 I WM-WorkerWrapper: Worker result SUCCESS for Work [ id=d844d5dc-1249-4fce-a98b-5f70a25edf35, tags={ com.android.providers.media.MediaServiceV2 } ]
05-25 03:03:28.321  1529  1529 D WM-Processor: Processor d844d5dc-1249-4fce-a98b-5f70a25edf35 executed; reschedule = false
05-25 03:03:28.322  1529  1529 D WM-SystemJobService: d844d5dc-1249-4fce-a98b-5f70a25edf35 executed on JobScheduler
05-25 03:03:28.323  1529  1874 D WM-GreedyScheduler: Cancelling work ID d844d5dc-1249-4fce-a98b-5f70a25edf35
05-25 03:03:28.324  1529  1874 D WM-GreedyScheduler: Ignoring {WorkSpec: fce74054-5d75-49ac-b1fb-61b1c63b64d1}. Requires device idle.
05-25 03:03:28.324  1529  1874 D WM-GreedyScheduler: Ignoring {WorkSpec: 748d3965-3023-45a6-9a32-baafa7d90ebf}. Requires device idle.
05-25 03:03:28.324  1529  1874 D WM-GreedyScheduler: Ignoring {WorkSpec: bbc248da-5aec-4565-83d8-ed90ba3a683c}. Requires device idle.
05-25 03:03:28.324  1529  1874 D WM-GreedyScheduler: Ignoring {WorkSpec: a7b8fc44-3a39-43d5-96b8-cef5bb529d35}. Requires device idle.
05-25 03:03:28.473 10626 10626 D AndroidRuntime: >>>>>> START com.android.internal.os.RuntimeInit uid 2000 <<<<<<
05-25 03:03:28.476 10626 10626 I AndroidRuntime: Using default boot image
05-25 03:03:28.476 10626 10626 I AndroidRuntime: Leaving lock profiling enabled
05-25 03:03:28.478 10626 10626 I app_process: Using CollectorTypeCMC GC.
05-25 03:03:28.540 10626 10626 D nativeloader: InitDefaultPublicLibraries for_preload=1: libandroid.so:libaaudio.so:libamidi.so:libbinder_ndk.so:libc.so:libcamera2ndk.so:libdl.so:libEGL.so:libGLESv1_CM.so:libGLESv2.so:libGLESv3.so:libicu.so:libicui18n.so:libicuuc.so:libjnigraphics.so:liblog.so:libmediandk.so:libm.so:libnativehelper.so:libnativewindow.so:libOpenMAXAL.so:libOpenSLES.so:libRS.so:libstdc++.so:libsync.so:libvulkan.so:libwebviewchromium_plat_support.so:libz.so
05-25 03:03:28.548 10626 10626 D nativeloader: Load libicu_jni.so using APEX ns com_android_art for caller /apex/com.android.art/javalib/core-oj.jar: ok
05-25 03:03:28.548 10626 10626 D app_process: u_setTimeZoneFilesDirectory("/apex/com.android.tzdata/etc/tz/versioned/9/icu") succeeded. 
05-25 03:03:28.548 10626 10626 D app_process: I18n APEX ICU file found: /apex/com.android.i18n/etc/icu/icudt76l.dat
05-25 03:03:28.549 10626 10626 D nativeloader: Load libjavacore.so using APEX ns com_android_art for caller /apex/com.android.art/javalib/core-oj.jar: ok
05-25 03:03:28.550 10626 10626 D nativeloader: Load libopenjdk.so using APEX ns com_android_art for caller /apex/com.android.art/javalib/core-oj.jar: ok
05-25 03:03:28.550 10626 10626 I app_process: Priority-to-niceness mapping: 19, 16, 13, 10, 0, -2, -4, -5, -6, -8
05-25 03:03:28.551 10626 10626 W app_process: Unexpected CPU variant for x86: x86_64.
05-25 03:03:28.551 10626 10626 W app_process: Known variants: atom, sandybridge, silvermont, goldmont, goldmont-plus, goldmont-without-sha-xsaves, tremont, kabylake, alderlake, default
05-25 03:03:28.552 10626 10626 W app_process: ClassLoaderContext shared library size mismatch. Expected=2, found=0 (PCL[]{PCL[/system/framework/android.test.base.jar*1653369819]#PCL[/system/framework/android.test.mock.jar*1009639922]} | PCL[])
05-25 03:03:28.553 10626 10626 W app_process: ClassLoaderContext classpath size mismatch. expected=0, found=1 (PCL[]{PCL[/system/framework/android.test.runner.jar*3954641918]{PCL[/system/framework/android.test.base.jar*1653369819]#PCL[/system/framework/android.test.mock.jar*1009639922]}#PCL[/system/framework/android.test.base.jar*1653369819]} | PCL[/system/framework/android.test.runner.jar*3954641918])
05-25 03:03:28.569 10626 10626 D nativeloader: Load libframework-connectivity-tiramisu-jni.so using APEX ns com_android_tethering for caller /apex/com.android.tethering/javalib/framework-connectivity-t.jar: ok
05-25 03:03:28.569 10626 10626 D AndroidRuntime: Calling main entry com.android.commands.uiautomator.Launcher
05-25 03:03:28.572 10626 10626 I AconfigPackage: android.media.swcodec.flags is mapped to com.android.media.swcodec
05-25 03:03:28.572 10626 10626 I AconfigPackage: com.android.permission.flags is mapped to com.android.permission
05-25 03:03:28.572 10626 10626 I AconfigPackage: com.android.permissioncontroller.flags is mapped to com.android.permission
05-25 03:03:28.572 10626 10626 I AconfigPackage: com.android.icu is mapped to com.android.i18n
05-25 03:03:28.572 10626 10626 I AconfigPackage: com.android.appsearch.flags is mapped to com.android.appsearch
05-25 03:03:28.572 10626 10626 I AconfigPackage: android.uprobestats.mainline.flags is mapped to com.android.uprobestats
05-25 03:03:28.572 10626 10626 I AconfigPackage: com.android.crashrecovery.flags is mapped to com.android.crashrecovery
05-25 03:03:28.572 10626 10626 I AconfigPackage: android.provider.flags is mapped to com.android.configinfrastructure
05-25 03:03:28.572 10626 10626 I AconfigPackage: com.android.server.deviceconfig is mapped to com.android.configinfrastructure
05-25 03:03:28.573 10626 10626 I AconfigPackage: com.android.compos.flags is mapped to com.android.compos
05-25 03:03:28.573 10626 10626 I AconfigPackage: com.android.art.flags is mapped to com.android.art
05-25 03:03:28.573 10626 10626 I AconfigPackage: com.android.art.rw.flags is mapped to com.android.art
05-25 03:03:28.573 10626 10626 I AconfigPackage: com.android.libcore is mapped to com.android.art
05-25 03:03:28.573 10626 10626 I AconfigPackage: com.android.telephony.flags is mapped to com.android.telephonycore
05-25 03:03:28.573 10626 10626 I AconfigPackage: com.android.media.extractor.flags is mapped to com.android.media
05-25 03:03:28.573 10626 10626 I AconfigPackage: com.android.media.mainline.flags is mapped to com.android.media
05-25 03:03:28.573 10626 10626 I AconfigPackage: com.android.wifi.flags is mapped to com.android.wifi
05-25 03:03:28.573 10626 10626 I AconfigPackage: com.android.org.conscrypt.flags is mapped to com.android.conscrypt
05-25 03:03:28.573 10626 10626 I AconfigPackage: com.android.org.conscrypt.net.flags is mapped to com.android.conscrypt
05-25 03:03:28.573 10626 10626 I AconfigPackage: com.android.healthfitness.flags is mapped to com.android.healthfitness
05-25 03:03:28.573 10626 10626 I AconfigPackage: com.android.ipsec.flags is mapped to com.android.ipsec
05-25 03:03:28.573 10626 10626 I AconfigPackage: com.android.nfc.module.flags is mapped to com.android.nfcservices
05-25 03:03:28.573 10626 10626 I AconfigPackage: com.android.adservices.ondevicepersonalization.flags is mapped to com.android.ondevicepersonalization
05-25 03:03:28.574 10626 10626 I AconfigPackage: com.android.adbd.flags is mapped to com.android.adbd
05-25 03:03:28.574 10626 10626 I AconfigPackage: com.android.bluetooth.flags is mapped to com.android.bt
05-25 03:03:28.574 10626 10626 I AconfigPackage: com.android.devicelock.flags is mapped to com.android.devicelock
05-25 03:03:28.574 10626 10626 I AconfigPackage: android.os.profiling is mapped to com.android.profiling
05-25 03:03:28.574 10626 10626 I AconfigPackage: android.os.profiling.anomaly.flags is mapped to com.android.profiling
05-25 03:03:28.574 10626 10626 I AconfigPackage: com.android.os.statsd.flags is mapped to com.android.os.statsd
05-25 03:03:28.574 10626 10626 I AconfigPackage: com.android.rkpd.flags is mapped to com.android.rkpd
05-25 03:03:28.574 10626 10626 I AconfigPackage: com.android.cellbroadcastreceiver.flags is mapped to com.android.cellbroadcast
05-25 03:03:28.574 10626 10626 I AconfigPackage: com.android.adservices.flags is mapped to com.android.adservices
05-25 03:03:28.574 10626 10626 I AconfigPackage: com.android.sdksandbox.flags is mapped to com.android.adservices
05-25 03:03:28.574 10626 10626 I AconfigPackage: com.android.uwb.flags is mapped to com.android.uwb
05-25 03:03:28.575 10626 10626 I AconfigPackage: com.android.ranging.flags is mapped to com.android.uwb
05-25 03:03:28.575 10626 10626 I AconfigPackage: android.graphics.pdf.flags is mapped to com.android.mediaprovider
05-25 03:03:28.575 10626 10626 I AconfigPackage: com.android.providers.media.flags is mapped to com.android.mediaprovider
05-25 03:03:28.575 10626 10626 I AconfigPackage: android.graphics.pdf.flags.readonly is mapped to com.android.mediaprovider
05-25 03:03:28.575 10626 10626 I AconfigPackage: com.android.tethering.mainline.beta is mapped to com.android.tethering
05-25 03:03:28.575 10626 10626 I AconfigPackage: android.net.http is mapped to com.android.tethering
05-25 03:03:28.575 10626 10626 I AconfigPackage: com.android.tethering.readonly.flags is mapped to com.android.tethering
05-25 03:03:28.575 10626 10626 I AconfigPackage: android.net.vcn is mapped to com.android.tethering
05-25 03:03:28.575 10626 10626 I AconfigPackage: com.android.net.flags is mapped to com.android.tethering
05-25 03:03:28.575 10626 10626 I AconfigPackage: com.android.tethering.beta.test is mapped to com.android.tethering
05-25 03:03:28.575 10626 10626 I AconfigPackage: com.android.nearby.flags is mapped to com.android.tethering
05-25 03:03:28.575 10626 10626 I AconfigPackage: com.android.net.ct.flags is mapped to com.android.tethering
05-25 03:03:28.575 10626 10626 I AconfigPackage: com.android.net.thread.flags is mapped to com.android.tethering
05-25 03:03:28.575 10626 10626 I AconfigPackage: com.android.system.virtualmachine.flags is mapped to com.android.virt
05-25 03:03:28.575 10626 10626 E FeatureFlagsImplExport: android.os.flagging.AconfigStorageReadException: ERROR_PACKAGE_NOT_FOUND: package android.xr cannot be found on the device
05-25 03:03:28.576 10626 10626 D UiAutomationConnection: Created on user UserHandle{0}
05-25 03:03:28.577 10626 10626 I UiAutomation: Initialized for user 0 on display 0
05-25 03:03:28.577 10626 10626 W UiAutomation: Created with deprecatead constructor, assumes DEFAULT_DISPLAY
05-25 03:03:28.577   755  3186 D AccessibilityManagerService: changeCurrentUserForTestAutomationIfNeededLocked(0): ignoring because device doesn't support visible background users
05-25 03:03:28.577   755  3186 I UiAutomationManager: Registering UiTestAutomationService (id=com.android.server.accessibility/UiAutomation, flags=0x0) when called by user 0
05-25 03:03:28.578   755  3186 V AccessibilityManagerService: onUserStateChangedLocked for userId: 0, forceUpdate: false
05-25 03:03:28.578   755  3186 V AccessibilityUserState: updateShortcutTargets: type:accessibility_shortcut_target_service, current:{}, new:{}
05-25 03:03:28.578   755  3186 V AccessibilityUserState: updateShortcutTargets: type:accessibility_button_targets, current:{}, new:{}
05-25 03:03:28.578   755  3186 V AccessibilityUserState: updateShortcutTargets: type:accessibility_gesture_targets, current:{}, new:{}
05-25 03:03:28.578   755  3186 V AccessibilityUserState: updateShortcutTargets: type:accessibility_qs_targets, current:{}, new:{}
05-25 03:03:28.578   755  3186 V AccessibilityUserState: updateShortcutTargets: type:accessibility_key_gesture_targets, current:{}, new:{}
05-25 03:03:28.578   755  3186 W MagnificationConnectionManager: requestConnection duplicated request: connect=false, mConnectionState=DISCONNECTED
05-25 03:03:28.580   755   755 W libbinder.IPCThreadState: Sending oneway calls to frozen process.
05-25 03:03:28.580   755   755 W libbinder.IPCThreadState: Sending oneway calls to frozen process.
05-25 03:03:28.580   755   755 W libbinder.IPCThreadState: Sending oneway calls to frozen process.
05-25 03:03:28.580   755   755 W libbinder.IPCThreadState: Sending oneway calls to frozen process.
05-25 03:03:28.580   755   755 W libbinder.IPCThreadState: Sending oneway calls to frozen process.
05-25 03:03:28.580   755   755 W libbinder.IPCThreadState: Sending oneway calls to frozen process.
05-25 03:03:28.580   755   755 W libbinder.IPCThreadState: Sending oneway calls to frozen process.
05-25 03:03:28.580   755   755 W libbinder.IPCThreadState: Sending oneway calls to frozen process.
05-25 03:03:28.581  1546  3179 I AiAiEcho: Settings changed for uri: content://settings/secure/accessibility_enabled
05-25 03:03:28.581   755   755 W libbinder.IPCThreadState: Sending oneway calls to frozen process.
05-25 03:03:28.581   755   755 W libbinder.IPCThreadState: Sending oneway calls to frozen process.
05-25 03:03:28.581   755   755 W libbinder.IPCThreadState: Sending oneway calls to frozen process.
05-25 03:03:28.581   755   755 W libbinder.IPCThreadState: Sending oneway calls to frozen process.
05-25 03:03:28.581   755   755 W libbinder.IPCThreadState: Sending oneway calls to frozen process.
05-25 03:03:28.581  1546  1927 I AiAiEcho: Predicting[0]:  [CONTEXT sampling_count=5 ]
05-25 03:03:28.581   755   755 W libbinder.IPCThreadState: Sending oneway calls to frozen process.
05-25 03:03:28.581  1546  1927 I AiAiEcho: EchoTargets: 
05-25 03:03:28.581  1546  1927 I AiAiEcho: Filtered by AiAi flag check: 
05-25 03:03:28.581  1546  1927 I AiAiEcho: [CONTEXT ratelimit_period="10 SECONDS" ]
05-25 03:03:28.581  1546  1927 I AiAiEcho: #remoteViewsTwiddler: feature disabled.
05-25 03:03:28.581  1546  1927 I AiAiEcho: Predicting[0]:  [CONTEXT sampling_count=5 ]
05-25 03:03:28.582  1546  1927 I AiAiEcho: EchoTargets: 
05-25 03:03:28.582  1546  1927 I AiAiEcho: Filtered by AiAi flag check: 
05-25 03:03:28.582  1546  1927 I AiAiEcho: [CONTEXT ratelimit_period="10 SECONDS" ]
05-25 03:03:28.582  1546  1927 I AiAiEcho: #remoteViewsTwiddler: feature disabled.
05-25 03:03:28.582   755  3186 V AccessibilityManagerService: onUserStateChangedLocked for userId: 0, forceUpdate: false
05-25 03:03:28.582   755   755 W libbinder.IPCThreadState: Sending oneway calls to frozen process.
05-25 03:03:28.583   755   755 W libbinder.IPCThreadState: Sending oneway calls to frozen process.
05-25 03:03:28.584   755  3186 V AccessibilityUserState: updateShortcutTargets: type:accessibility_shortcut_target_service, current:{}, new:{}
05-25 03:03:28.584   755  3186 V AccessibilityUserState: updateShortcutTargets: type:accessibility_button_targets, current:{}, new:{}
05-25 03:03:28.584   755  3186 V AccessibilityUserState: updateShortcutTargets: type:accessibility_gesture_targets, current:{}, new:{}
05-25 03:03:28.584   755  3186 V AccessibilityUserState: updateShortcutTargets: type:accessibility_qs_targets, current:{}, new:{}
05-25 03:03:28.584   755  3186 V AccessibilityUserState: updateShortcutTargets: type:accessibility_key_gesture_targets, current:{}, new:{}
05-25 03:03:28.584   755  3186 W MagnificationConnectionManager: requestConnection duplicated request: connect=false, mConnectionState=DISCONNECTED
05-25 03:03:28.584  1546  3179 I AiAiEcho: Settings changed for uri: content://settings/secure/accessibility_enabled
05-25 03:03:28.584  1546  1927 I AiAiEcho: #postPredictionTargets: Sending updates to UISurface lockscreen with targets# 0 (types=[])
05-25 03:03:28.584   755   755 W libbinder.IPCThreadState: Sending oneway calls to frozen process.
05-25 03:03:28.584   755   755 W libbinder.IPCThreadState: Sending oneway calls to frozen process.
05-25 03:03:28.585   755   755 W libbinder.IPCThreadState: Sending oneway calls to frozen process.
05-25 03:03:28.585   755   755 W libbinder.IPCThreadState: Sending oneway calls to frozen process.
05-25 03:03:28.585   755   755 W libbinder.IPCThreadState: Sending oneway calls to frozen process.
05-25 03:03:28.585   755   755 W libbinder.IPCThreadState: Sending oneway calls to frozen process.
05-25 03:03:28.585   755   755 W libbinder.IPCThreadState: Sending oneway calls to frozen process.
05-25 03:03:28.585   755   755 W libbinder.IPCThreadState: Sending oneway calls to frozen process.
05-25 03:03:28.585   755   755 W libbinder.IPCThreadState: Sending oneway calls to frozen process.
05-25 03:03:28.585   755   755 W libbinder.IPCThreadState: Sending oneway calls to frozen process.
05-25 03:03:28.585   755   755 W libbinder.IPCThreadState: Sending oneway calls to frozen process.
05-25 03:03:28.585   755   755 W libbinder.IPCThreadState: Sending oneway calls to frozen process.
05-25 03:03:28.585   755   755 W libbinder.IPCThreadState: Sending oneway calls to frozen process.
05-25 03:03:28.585   755   755 W libbinder.IPCThreadState: Sending oneway calls to frozen process.
05-25 03:03:28.585   755   755 W libbinder.IPCThreadState: Sending oneway calls to frozen process.
05-25 03:03:28.585   755   755 W libbinder.IPCThreadState: Sending oneway calls to frozen process.
05-25 03:03:28.585   755   755 W libbinder.IPCThreadState: Sending oneway calls to frozen process.
05-25 03:03:28.585   755   755 W libbinder.IPCThreadState: Sending oneway calls to frozen process.
05-25 03:03:28.585   755   755 W libbinder.IPCThreadState: Sending oneway calls to frozen process.
05-25 03:03:28.585   755   755 W libbinder.IPCThreadState: Sending oneway calls to frozen process.
05-25 03:03:28.585   755   755 W libbinder.IPCThreadState: Sending oneway calls to frozen process.
05-25 03:03:28.585   755   755 W libbinder.IPCThreadState: Sending oneway calls to frozen process.
05-25 03:03:28.585   755   755 W libbinder.IPCThreadState: Sending oneway calls to frozen process.
05-25 03:03:28.585   755   755 W libbinder.IPCThreadState: Sending oneway calls to frozen process.
05-25 03:03:28.585   755   755 D BatterySaverPolicy: accessibility changed to true, updating policy.
05-25 03:03:28.586  1546  1927 I AiAiEcho: #postPredictionTargets: Sending updates to UISurface home with targets# 0 (types=[])
05-25 03:03:28.587  1546  1927 I AiAiEcho: Predicting[0]:  [CONTEXT sampling_count=5 ]
05-25 03:03:28.587  1546  1927 I AiAiEcho: EchoTargets: 
05-25 03:03:28.587  1546  1927 I AiAiEcho: Filtered by AiAi flag check: 
05-25 03:03:28.587  1546  1927 I AiAiEcho: [CONTEXT ratelimit_period="10 SECONDS" ]
05-25 03:03:28.587  1546  1927 I AiAiEcho: #remoteViewsTwiddler: feature disabled.
05-25 03:03:28.587  1546  1927 I AiAiEcho: Predicting[0]:  [CONTEXT sampling_count=5 ]
05-25 03:03:28.587  1546  1927 I AiAiEcho: EchoTargets: 
05-25 03:03:28.587  1546  1927 I AiAiEcho: Filtered by AiAi flag check: 
05-25 03:03:28.587  1546  1927 I AiAiEcho: [CONTEXT ratelimit_period="10 SECONDS" ]
05-25 03:03:28.587  1546  1927 I AiAiEcho: #remoteViewsTwiddler: feature disabled.
05-25 03:03:28.588  1546  1927 I AiAiEcho: #postPredictionTargets: Sending updates to UISurface lockscreen with targets# 0 (types=[])
05-25 03:03:28.588  1546  1927 I AiAiEcho: #postPredictionTargets: Sending updates to UISurface home with targets# 0 (types=[])
05-25 03:03:28.589   755  1877 D AccessibilityManagerService: .getAccessibilityShortcutTargets {shortcutType=32, userId=0}
05-25 03:03:28.589  1012  1012 W SsPagerDots: Total number of pages invalid: 0. Assuming 1 page.
05-25 03:03:28.589  1012  1012 W SsPagerDots: Total number of pages invalid: 0. Assuming 1 page.
05-25 03:03:28.955   553  4294 D android.hardware.audio@7.1-impl.ranchu: threadLoop: entering standby, frames: 6857664
05-25 03:03:28.955   553  4294 D android.hardware.audio@7.1-impl.ranchu: ~TinyalsaSink: joining consumeThread
05-25 03:03:28.967   553 10614 D android.hardware.audio@7.1-impl.ranchu: consumeThread: exiting
05-25 03:03:28.967   553  4294 D android.hardware.audio@7.1-impl.ranchu: ~TinyalsaSink: stopping PCM stream
05-25 03:03:29.613 10626 10626 W AccessibilityNodeInfoDumper: Fetch time: 1ms
05-25 03:03:29.613   755  1877 V AccessibilityManagerService: onUserStateChangedLocked for userId: 0, forceUpdate: false
05-25 03:03:29.615   755  1877 V AccessibilityUserState: updateShortcutTargets: type:accessibility_shortcut_target_service, current:{}, new:{}
05-25 03:03:29.615   755  1877 V AccessibilityUserState: updateShortcutTargets: type:accessibility_button_targets, current:{}, new:{}
05-25 03:03:29.615   755  1877 V AccessibilityUserState: updateShortcutTargets: type:accessibility_gesture_targets, current:{}, new:{}
05-25 03:03:29.615   755  1877 V AccessibilityUserState: updateShortcutTargets: type:accessibility_qs_targets, current:{}, new:{}
05-25 03:03:29.615   755  1877 V AccessibilityUserState: updateShortcutTargets: type:accessibility_key_gesture_targets, current:{}, new:{}
05-25 03:03:29.615   755  1877 W MagnificationConnectionManager: requestConnection duplicated request: connect=false, mConnectionState=DISCONNECTED
05-25 03:03:29.615   755  1877 D AccessibilityManagerService: restoreCurrentUserForTestAutomationIfNeededLocked(): ignoring because device doesn't support visible background users
05-25 03:03:29.615  1546  3179 I AiAiEcho: Settings changed for uri: content://settings/secure/accessibility_enabled
05-25 03:03:29.615   755   755 W libbinder.IPCThreadState: Sending oneway calls to frozen process.
05-25 03:03:29.616   755   755 W libbinder.IPCThreadState: Sending oneway calls to frozen process.
05-25 03:03:29.616   755   755 W libbinder.IPCThreadState: Sending oneway calls to frozen process.
05-25 03:03:29.616   755   755 W libbinder.IPCThreadState: Sending oneway calls to frozen process.
05-25 03:03:29.616   755   755 W libbinder.IPCThreadState: Sending oneway calls to frozen process.
05-25 03:03:29.616   755   755 W libbinder.IPCThreadState: Sending oneway calls to frozen process.
05-25 03:03:29.616  1546  1927 I AiAiEcho: Predicting[0]:  [CONTEXT sampling_count=5 ]
05-25 03:03:29.616  1546  1927 I AiAiEcho: EchoTargets: 
05-25 03:03:29.616  1546  1927 I AiAiEcho: Filtered by AiAi flag check: 
05-25 03:03:29.616  1546  1927 I AiAiEcho: [CONTEXT ratelimit_period="10 SECONDS" ]
05-25 03:03:29.616  1546  1927 I AiAiEcho: #remoteViewsTwiddler: feature disabled.
05-25 03:03:29.616   755   755 W libbinder.IPCThreadState: Sending oneway calls to frozen process.
05-25 03:03:29.616   755   755 W libbinder.IPCThreadState: Sending oneway calls to frozen process.
05-25 03:03:29.616   755   755 W libbinder.IPCThreadState: Sending oneway calls to frozen process.
05-25 03:03:29.617   755   755 W libbinder.IPCThreadState: Sending oneway calls to frozen process.
05-25 03:03:29.617   755   755 W libbinder.IPCThreadState: Sending oneway calls to frozen process.
05-25 03:03:29.617   755   755 W libbinder.IPCThreadState: Sending oneway calls to frozen process.
05-25 03:03:29.617   755   755 W libbinder.IPCThreadState: Sending oneway calls to frozen process.
05-25 03:03:29.617   755   755 W libbinder.IPCThreadState: Sending oneway calls to frozen process.
05-25 03:03:29.617   755   755 W libbinder.IPCThreadState: Sending oneway calls to frozen process.
05-25 03:03:29.617   755   755 W libbinder.IPCThreadState: Sending oneway calls to frozen process.
05-25 03:03:29.617   755   755 W libbinder.IPCThreadState: Sending oneway calls to frozen process.
05-25 03:03:29.617   755   755 W libbinder.IPCThreadState: Sending oneway calls to frozen process.
05-25 03:03:29.617   755   755 W libbinder.IPCThreadState: Sending oneway calls to frozen process.
05-25 03:03:29.617   755   755 W libbinder.IPCThreadState: Sending oneway calls to frozen process.
05-25 03:03:29.617   755   755 W libbinder.IPCThreadState: Sending oneway calls to frozen process.
05-25 03:03:29.617   755   755 W libbinder.IPCThreadState: Sending oneway calls to frozen process.
05-25 03:03:29.617  1546  1927 I AiAiEcho: Predicting[0]:  [CONTEXT sampling_count=5 ]
05-25 03:03:29.618  1546  1927 I AiAiEcho: EchoTargets: 
05-25 03:03:29.618  1546  1927 I AiAiEcho: Filtered by AiAi flag check: 
05-25 03:03:29.618  1546  1927 I AiAiEcho: [CONTEXT ratelimit_period="10 SECONDS" ]
05-25 03:03:29.618  1546  1927 I AiAiEcho: #remoteViewsTwiddler: feature disabled.
05-25 03:03:29.618   755   755 W libbinder.IPCThreadState: Sending oneway calls to frozen process.
05-25 03:03:29.618   755   755 W libbinder.IPCThreadState: Sending oneway calls to frozen process.
05-25 03:03:29.618  1546  1927 I AiAiEcho: #postPredictionTargets: Sending updates to UISurface lockscreen with targets# 0 (types=[])
05-25 03:03:29.618   755   755 D BatterySaverPolicy: accessibility changed to false, updating policy.
05-25 03:03:29.618 10626 10626 D AndroidRuntime: Shutting down VM
05-25 03:03:29.618 10626 10635 W libbinder.IPCThreadState: call to talkWithDriver in joinThreadPool returned error: -9 (Bad file descriptor), FD: -1
05-25 03:03:29.618 10626 10638 W libbinder.IPCThreadState: call to talkWithDriver in joinThreadPool returned error: -9 (Bad file descriptor), FD: -1
05-25 03:03:29.619  1546  1927 I AiAiEcho: #postPredictionTargets: Sending updates to UISurface home with targets# 0 (types=[])
05-25 03:03:29.619 10626 10634 W libbinder.IPCThreadState: call to talkWithDriver in joinThreadPool returned error: -9 (Bad file descriptor), FD: -1
05-25 03:03:29.622  1012  1012 W SsPagerDots: Total number of pages invalid: 0. Assuming 1 page.
05-25 03:03:29.812  1529  1529 D WM-DelayedWorkTracker: Scheduling work f0bb3994-51ba-489b-aba1-7aeaea013f20
05-25 03:03:29.812  1529  1529 D WM-GreedyScheduler: Starting tracking for f0bb3994-51ba-489b-aba1-7aeaea013f20
05-25 03:03:29.812  1529  1868 D WM-ConstraintTracker: BatteryNotLowTracker: initial state = true
05-25 03:03:29.812  1529  1868 D WM-BrdcstRcvrCnstrntTrc: BatteryNotLowTracker: registering receiver
05-25 03:03:29.814  1529  1529 D WM-SystemJobService: onStartJob for WorkGenerationalId(workSpecId=f0bb3994-51ba-489b-aba1-7aeaea013f20, generation=0)
05-25 03:03:29.815  1529  1874 D WM-GreedyScheduler: Constraints met: Scheduling work ID WorkGenerationalId(workSpecId=f0bb3994-51ba-489b-aba1-7aeaea013f20, generation=0)
05-25 03:03:29.815  1529  1874 D WM-Processor: Processor: processing WorkGenerationalId(workSpecId=f0bb3994-51ba-489b-aba1-7aeaea013f20, generation=0)
05-25 03:03:29.815  1529  1874 D WM-Processor: Work WorkGenerationalId(workSpecId=f0bb3994-51ba-489b-aba1-7aeaea013f20, generation=0) is already enqueued for processing
05-25 03:03:29.816  1529  1529 D WM-WorkerWrapper: Starting work for com.android.providers.media.photopicker.sync.ProactiveSyncWorker
05-25 03:03:29.817  1529 10639 I PSyncWorker: Starting proactive picker sync from sync source: 1
05-25 03:03:29.817  1529 10639 I PickerSyncTracker: Created new sync future java.util.concurrent.CompletableFuture@fa28cc3[Not completed, 1 dependents]. Future map: {f0bb3994-51ba-489b-aba1-7aeaea013f20=java.util.concurrent.CompletableFuture@fa28cc3[Not completed, 1 dependents]}
05-25 03:03:29.817  1529 10639 D PickerSyncController: syncAllMediaFromProvider() LOCAL, auth=com.android.providers.media.photopicker, retry=true
05-25 03:03:29.818  1529 10639 D PickerSyncController: getSyncRequestParams() LOCAL, auth=com.android.providers.media.photopicker
05-25 03:03:29.819  1529 10639 D PickerSyncController:    Latest ID/Gen=92835bc8fd6dde81:external_primary/2931
05-25 03:03:29.819  1529 10639 D PickerSyncController:    Cached ID/Gen=92835bc8fd6dde81:external_primary/2922
05-25 03:03:29.819  1529 10639 D PickerSyncController:    RESULT=SyncRequestParams{type=MEDIA_INCREMENTAL, gen=2922, latest=Bundle[{last_media_sync_generation=2931, media_collection_id=92835bc8fd6dde81:external_primary}], pageSize=1000}
05-25 03:03:29.819  1529 10639 I PickerSyncController: Executing SyncAdd. isLocal: true. authority: com.android.providers.media.photopicker
05-25 03:03:29.819  1529 10639 D PickerSyncLockManager: Trying to acquire lock com.android.providers.media.photopicker.sync.CloseableReentrantLock@cffd47[Unlocked]. Lock Name = CLOUD_PROVIDER_LOCK. Threads that may be waiting to acquire this lock = [] with timeout.
05-25 03:03:29.819  1529 10639 D CloseableReentrantLock: Successfully acquired lock com.android.providers.media.photopicker.sync.CloseableReentrantLock@cffd47[Locked by thread pool-4-thread-143]. Lock Name = CLOUD_PROVIDER_LOCK. Threads that may be waiting to acquire this lock = []
05-25 03:03:29.819  1529 10639 D CloseableReentrantLock: Successfully released lock com.android.providers.media.photopicker.sync.CloseableReentrantLock@cffd47[Unlocked]. Lock Name = CLOUD_PROVIDER_LOCK. Threads that may be waiting to acquire this lock = []
05-25 03:03:29.819  1529 10639 D ExternalDbFacade: Token received for queryMedia = null
05-25 03:03:29.820  1529 10639 D PickerSyncLockManager: Trying to acquire lock com.android.providers.media.photopicker.sync.CloseableReentrantLock@cffd47[Unlocked]. Lock Name = CLOUD_PROVIDER_LOCK. Threads that may be waiting to acquire this lock = [] with timeout.
05-25 03:03:29.820  1529 10639 D CloseableReentrantLock: Successfully acquired lock com.android.providers.media.photopicker.sync.CloseableReentrantLock@cffd47[Locked by thread pool-4-thread-143]. Lock Name = CLOUD_PROVIDER_LOCK. Threads that may be waiting to acquire this lock = []
05-25 03:03:29.820  1529 10639 D PickerSyncController: Saving next page token: 1779674608000|268 for key: local_provider:media_add:resume
05-25 03:03:29.820  1529 10639 D CloseableReentrantLock: Successfully released lock com.android.providers.media.photopicker.sync.CloseableReentrantLock@cffd47[Unlocked]. Lock Name = CLOUD_PROVIDER_LOCK. Threads that may be waiting to acquire this lock = []
05-25 03:03:29.820  1529 10639 D PickerNotificationSender: Sending a notification for media update
05-25 03:03:29.820  1529 10639 D PickerNotificationSender: Sending a notification for merged album media update Videos
05-25 03:03:29.820  1529 10639 D PickerNotificationSender: Sending a notification for album media update Videos
05-25 03:03:29.820  1529 10639 D PickerNotificationSender: Sending a notification for merged album media update Favorites
05-25 03:03:29.820  1529 10639 D PickerNotificationSender: Sending a notification for album media update Favorites
05-25 03:03:29.820  1529 10639 D ExternalDbFacade: Token received for queryMedia = 1779674608000|268
05-25 03:03:29.821  1529 10639 D PickerSyncLockManager: Trying to acquire lock com.android.providers.media.photopicker.sync.CloseableReentrantLock@cffd47[Unlocked]. Lock Name = CLOUD_PROVIDER_LOCK. Threads that may be waiting to acquire this lock = [] with timeout.
05-25 03:03:29.821  1529 10639 D CloseableReentrantLock: Successfully acquired lock com.android.providers.media.photopicker.sync.CloseableReentrantLock@cffd47[Locked by thread pool-4-thread-143]. Lock Name = CLOUD_PROVIDER_LOCK. Threads that may be waiting to acquire this lock = []
05-25 03:03:29.821  1529 10639 D PickerSyncController: Clearing next page token for key: local_provider:media_add:resume
05-25 03:03:29.821  1529 10639 D CloseableReentrantLock: Successfully released lock com.android.providers.media.photopicker.sync.CloseableReentrantLock@cffd47[Unlocked]. Lock Name = CLOUD_PROVIDER_LOCK. Threads that may be waiting to acquire this lock = []
05-25 03:03:29.821  1529 10639 D PickerNotificationSender: Sending a notification for media update
05-25 03:03:29.821  1529 10639 D PickerNotificationSender: Sending a notification for merged album media update Videos
05-25 03:03:29.821  1529 10639 D PickerNotificationSender: Sending a notification for album media update Videos
05-25 03:03:29.821  1529 10639 D PickerNotificationSender: Sending a notification for merged album media update Favorites
05-25 03:03:29.821  1529 10639 D PickerNotificationSender: Sending a notification for album media update Favorites
05-25 03:03:29.821  1529 10639 I PickerSyncController: Paged sync successful. QueryArgs: Bundle[{android.provider.extra.PAGE_TOKEN=1779674608000|268, android.provider.extra.SYNC_GENERATION=2922, android.provider.extra.PAGE_SIZE=1000}] Total Rows: 1
05-25 03:03:29.821  1529 10639 I PickerSyncController: Executing SyncRemove. isLocal: true. authority: com.android.providers.media.photopicker
05-25 03:03:29.821  1529 10639 D PickerSyncLockManager: Trying to acquire lock com.android.providers.media.photopicker.sync.CloseableReentrantLock@cffd47[Unlocked]. Lock Name = CLOUD_PROVIDER_LOCK. Threads that may be waiting to acquire this lock = [] with timeout.
05-25 03:03:29.821  1529 10639 D CloseableReentrantLock: Successfully acquired lock com.android.providers.media.photopicker.sync.CloseableReentrantLock@cffd47[Locked by thread pool-4-thread-143]. Lock Name = CLOUD_PROVIDER_LOCK. Threads that may be waiting to acquire this lock = []
05-25 03:03:29.821  1529 10639 D CloseableReentrantLock: Successfully released lock com.android.providers.media.photopicker.sync.CloseableReentrantLock@cffd47[Unlocked]. Lock Name = CLOUD_PROVIDER_LOCK. Threads that may be waiting to acquire this lock = []
05-25 03:03:29.822  1529 10639 D PickerSyncLockManager: Trying to acquire lock com.android.providers.media.photopicker.sync.CloseableReentrantLock@cffd47[Unlocked]. Lock Name = CLOUD_PROVIDER_LOCK. Threads that may be waiting to acquire this lock = [] with timeout.
05-25 03:03:29.822  1529 10639 D CloseableReentrantLock: Successfully acquired lock com.android.providers.media.photopicker.sync.CloseableReentrantLock@cffd47[Locked by thread pool-4-thread-143]. Lock Name = CLOUD_PROVIDER_LOCK. Threads that may be waiting to acquire this lock = []
05-25 03:03:29.822  1529 10639 D PickerSyncController: Clearing next page token for key: local_provider:media_remove:resume
05-25 03:03:29.822  1529 10639 D CloseableReentrantLock: Successfully released lock com.android.providers.media.photopicker.sync.CloseableReentrantLock@cffd47[Unlocked]. Lock Name = CLOUD_PROVIDER_LOCK. Threads that may be waiting to acquire this lock = []
05-25 03:03:29.822  1529 10639 D PickerNotificationSender: Sending a notification for media update
05-25 03:03:29.822  1529 10639 D PickerNotificationSender: Sending a notification for merged album media update Videos
05-25 03:03:29.822  1529 10639 D PickerNotificationSender: Sending a notification for album media update Videos
05-25 03:03:29.822  1529 10639 D PickerNotificationSender: Sending a notification for merged album media update Favorites
05-25 03:03:29.822  1529 10639 D PickerNotificationSender: Sending a notification for album media update Favorites
05-25 03:03:29.823  1529 10639 I PickerSyncController: Paged sync successful. QueryArgs: Bundle[{android.provider.extra.PAGE_TOKEN=1779674608000|268, android.provider.extra.SYNC_GENERATION=2922, android.provider.extra.PAGE_SIZE=1000}] Total Rows: 0
05-25 03:03:29.823  1529 10639 I PickerSyncTracker: Marked sync future complete for work id: f0bb3994-51ba-489b-aba1-7aeaea013f20. Future map: {}
05-25 03:03:29.823  1529 10639 I PSyncWorker: Completed picker proactive sync complete from local provider.
05-25 03:03:29.823  1529  1868 I WM-WorkerWrapper: Worker result SUCCESS for Work [ id=f0bb3994-51ba-489b-aba1-7aeaea013f20, tags={ com.android.providers.media.photopicker.sync.ProactiveSyncWorker } ]
05-25 03:03:29.824  1529  1529 D WM-Processor: Processor f0bb3994-51ba-489b-aba1-7aeaea013f20 executed; reschedule = false
05-25 03:03:29.824  1529  1529 D WM-GreedyScheduler: Stopping tracking for WorkGenerationalId(workSpecId=f0bb3994-51ba-489b-aba1-7aeaea013f20, generation=0)
05-25 03:03:29.824  1529  1529 D WM-SystemJobService: f0bb3994-51ba-489b-aba1-7aeaea013f20 executed on JobScheduler
05-25 03:03:29.827  1529  1868 D WM-GreedyScheduler: Cancelling work ID f0bb3994-51ba-489b-aba1-7aeaea013f20
05-25 03:03:29.828  1529  1868 D WM-GreedyScheduler: Ignoring {WorkSpec: fce74054-5d75-49ac-b1fb-61b1c63b64d1}. Requires device idle.
05-25 03:03:29.828  1529  1868 D WM-GreedyScheduler: Ignoring {WorkSpec: 748d3965-3023-45a6-9a32-baafa7d90ebf}. Requires device idle.
05-25 03:03:29.828  1529  1868 D WM-GreedyScheduler: Ignoring {WorkSpec: bbc248da-5aec-4565-83d8-ed90ba3a683c}. Requires device idle.
05-25 03:03:29.828  1529  1868 D WM-GreedyScheduler: Ignoring {WorkSpec: a7b8fc44-3a39-43d5-96b8-cef5bb529d35}. Requires device idle.
05-25 03:03:29.828  1529  1868 D WM-BrdcstRcvrCnstrntTrc: BatteryNotLowTracker: unregistering receiver
05-25 03:03:29.998   755   906 I HalDevMgr: bestIfaceCreationProposal is null, requestIface=STA, existingIface=[name=wlan0 type=STA]
05-25 03:03:30.547 10642 10642 D AndroidRuntime: >>>>>> START com.android.internal.os.RuntimeInit uid 2000 <<<<<<
05-25 03:03:30.550 10642 10642 I AndroidRuntime: Using default boot image
05-25 03:03:30.550 10642 10642 I AndroidRuntime: Leaving lock profiling enabled
05-25 03:03:30.551 10642 10642 I app_process: Using CollectorTypeCMC GC.
05-25 03:03:30.610 10642 10642 D nativeloader: InitDefaultPublicLibraries for_preload=1: libandroid.so:libaaudio.so:libamidi.so:libbinder_ndk.so:libc.so:libcamera2ndk.so:libdl.so:libEGL.so:libGLESv1_CM.so:libGLESv2.so:libGLESv3.so:libicu.so:libicui18n.so:libicuuc.so:libjnigraphics.so:liblog.so:libmediandk.so:libm.so:libnativehelper.so:libnativewindow.so:libOpenMAXAL.so:libOpenSLES.so:libRS.so:libstdc++.so:libsync.so:libvulkan.so:libwebviewchromium_plat_support.so:libz.so
05-25 03:03:30.618 10642 10642 D nativeloader: Load libicu_jni.so using APEX ns com_android_art for caller /apex/com.android.art/javalib/core-oj.jar: ok
05-25 03:03:30.618 10642 10642 D app_process: u_setTimeZoneFilesDirectory("/apex/com.android.tzdata/etc/tz/versioned/9/icu") succeeded. 
05-25 03:03:30.618 10642 10642 D app_process: I18n APEX ICU file found: /apex/com.android.i18n/etc/icu/icudt76l.dat
05-25 03:03:30.618 10642 10642 D nativeloader: Load libjavacore.so using APEX ns com_android_art for caller /apex/com.android.art/javalib/core-oj.jar: ok
05-25 03:03:30.619 10642 10642 D nativeloader: Load libopenjdk.so using APEX ns com_android_art for caller /apex/com.android.art/javalib/core-oj.jar: ok
05-25 03:03:30.620 10642 10642 I app_process: Priority-to-niceness mapping: 19, 16, 13, 10, 0, -2, -4, -5, -6, -8
05-25 03:03:30.620 10642 10642 W app_process: Unexpected CPU variant for x86: x86_64.
05-25 03:03:30.620 10642 10642 W app_process: Known variants: atom, sandybridge, silvermont, goldmont, goldmont-plus, goldmont-without-sha-xsaves, tremont, kabylake, alderlake, default
05-25 03:03:30.621 10642 10642 W app_process: ClassLoaderContext shared library size mismatch. Expected=2, found=0 (PCL[]{PCL[/system/framework/android.test.base.jar*1653369819]#PCL[/system/framework/android.test.mock.jar*1009639922]} | PCL[])
05-25 03:03:30.621 10642 10642 W app_process: ClassLoaderContext classpath size mismatch. expected=0, found=1 (PCL[]{PCL[/system/framework/android.test.runner.jar*3954641918]{PCL[/system/framework/android.test.base.jar*1653369819]#PCL[/system/framework/android.test.mock.jar*1009639922]}#PCL[/system/framework/android.test.base.jar*1653369819]} | PCL[/system/framework/android.test.runner.jar*3954641918])
05-25 03:03:30.635 10642 10642 D nativeloader: Load libframework-connectivity-tiramisu-jni.so using APEX ns com_android_tethering for caller /apex/com.android.tethering/javalib/framework-connectivity-t.jar: ok
05-25 03:03:30.636 10642 10642 D AndroidRuntime: Calling main entry com.android.commands.uiautomator.Launcher
05-25 03:03:30.638 10642 10642 I AconfigPackage: android.media.swcodec.flags is mapped to com.android.media.swcodec
05-25 03:03:30.639 10642 10642 I AconfigPackage: com.android.permission.flags is mapped to com.android.permission
05-25 03:03:30.639 10642 10642 I AconfigPackage: com.android.permissioncontroller.flags is mapped to com.android.permission
05-25 03:03:30.639 10642 10642 I AconfigPackage: com.android.icu is mapped to com.android.i18n
05-25 03:03:30.639 10642 10642 I AconfigPackage: com.android.appsearch.flags is mapped to com.android.appsearch
05-25 03:03:30.639 10642 10642 I AconfigPackage: android.uprobestats.mainline.flags is mapped to com.android.uprobestats
05-25 03:03:30.639 10642 10642 I AconfigPackage: com.android.crashrecovery.flags is mapped to com.android.crashrecovery
05-25 03:03:30.639 10642 10642 I AconfigPackage: android.provider.flags is mapped to com.android.configinfrastructure
