05-25 02:43:54.641  8861  8861 W libbinder.BackendUnifiedServiceManager: Thread Pool max thread count is 0. Cannot cache binder as linkToDeath cannot be implemented. serviceName: SurfaceFlingerAIDL
05-25 02:43:54.641  8861  8861 W libbinder.BpBinder: Linking to death on android.gui.ISurfaceComposer but there are no threads (yet?) listening to incoming transactions. See ProcessState::startThreadPool and ProcessState::setThreadPoolMaxThreadCount. Generally you should setup the binder threadpool before other initialization steps.
05-25 02:43:54.642  8861  8861 W libbinder.ProcessState: Extra binder thread started, but 0 threads requested. Do not use *startThreadPool when zero threads are requested.
05-25 02:43:54.717  1529  1789 W MediaProvider: isAppCloneUserPair for user 0: false
05-25 02:43:54.758   755  2205 D ActivityManager: sync unfroze 1484 com.google.android.gms for 6
05-25 02:43:54.763   755  3187 W ProcessStats: Tracking association SourceState{1e895c9 com.google.android.gms.persistent/10147 ImpBg #3224} whose proc state 6 is better than process ProcessState{2a8527d com.google.android.gms/10147 pkg=com.google.android.gms} proc state 14 (9 skipped)
05-25 02:43:54.766  1484  1484 D BoundBrokerSvc: onUnbind: Intent { act=com.google.android.gms.common.BIND_SHARED_PREFS xflg=0x4 pkg=com.google.android.gms }
05-25 02:43:54.767  1334  7930 I NetworkScheduler.Stats: (REDACTED) Task %s/%s started execution. cause:%s exec_start_elapsed_seconds: %s
05-25 02:43:54.773  1484  8864 I GmscoreIpa: Starting mediastore instant index [CONTEXT service_id=255 ]
05-25 02:43:54.773  1334  7699 I NetworkScheduler.Stats: (REDACTED) Task %s/%s finished executing. cause:%s result: %s elapsed_millis: %s uptime_millis: %s exec_start_elapsed_seconds: %s
05-25 02:43:54.835   755  3185 I ActivityManager: Broadcasting: Intent { act=android.intent.action.MEDIA_SCANNER_SCAN_FILE dat=file:///... flg=0x400000 }
05-25 02:43:54.836   755  3185 I ActivityManager: Enqueued broadcast Intent { act=android.intent.action.MEDIA_SCANNER_SCAN_FILE dat=file:///... flg=0x400000 }: 0
05-25 02:43:54.836  1529  1529 I MediaServiceV2: Creating work for intent Intent { act=android.intent.action.MEDIA_SCANNER_SCAN_FILE dat=file:///... flg=0x1400010 cmp=com.google.android.providers.media.module/com.android.providers.media.MediaServiceV2 }
05-25 02:43:54.837  1529  1529 I MediaServiceV2: Work enqueued for intent: Intent { act=android.intent.action.MEDIA_SCANNER_SCAN_FILE dat=file:///... flg=0x1400010 cmp=com.google.android.providers.media.module/com.android.providers.media.MediaServiceV2 }
05-25 02:43:54.837   755   775 I ActivityManager: Broadcast completed: result=0
05-25 02:43:54.842  1529  1874 W JobInfo : Requested important-while-foreground flag for job679 is ignored and takes no effect
05-25 02:43:54.842  1529  1874 D WM-SystemJobScheduler: Scheduling work ID 70734d65-b058-4424-8716-5424bdea4586Job ID 679
05-25 02:43:54.846  1529  1874 D WM-GreedyScheduler: Ignoring {WorkSpec: fce74054-5d75-49ac-b1fb-61b1c63b64d1}. Requires device idle.
05-25 02:43:54.846  1529  1874 D WM-GreedyScheduler: Ignoring {WorkSpec: 748d3965-3023-45a6-9a32-baafa7d90ebf}. Requires device idle.
05-25 02:43:54.846  1529  1874 D WM-GreedyScheduler: Ignoring {WorkSpec: bbc248da-5aec-4565-83d8-ed90ba3a683c}. Requires device idle.
05-25 02:43:54.846  1529  1874 D WM-GreedyScheduler: Ignoring {WorkSpec: a7b8fc44-3a39-43d5-96b8-cef5bb529d35}. Requires device idle.
05-25 02:43:54.846  1529  1874 D WM-GreedyScheduler: Starting work for 70734d65-b058-4424-8716-5424bdea4586
05-25 02:43:54.847  1529  1874 D WM-Processor: Processor: processing WorkGenerationalId(workSpecId=70734d65-b058-4424-8716-5424bdea4586, generation=0)
05-25 02:43:54.847  1529  1529 D WM-SystemJobService: onStartJob for WorkGenerationalId(workSpecId=70734d65-b058-4424-8716-5424bdea4586, generation=0)
05-25 02:43:54.849  1529  1529 D WM-WorkerWrapper: Starting work for com.android.providers.media.MediaServiceV2
05-25 02:43:54.850  1529  8870 I MediaServiceV2: Work initiated for action [ android.intent.action.MEDIA_SCANNER_SCAN_FILE ]
05-25 02:43:54.850  1529  1874 D WM-Processor: Work WorkGenerationalId(workSpecId=70734d65-b058-4424-8716-5424bdea4586, generation=0) is already enqueued for processing
05-25 02:43:54.861  1529  8870 I MediaServiceV2: Work ended for action [ android.intent.action.MEDIA_SCANNER_SCAN_FILE ]
05-25 02:43:54.861  1529  1868 I WM-WorkerWrapper: Worker result SUCCESS for Work [ id=70734d65-b058-4424-8716-5424bdea4586, tags={ com.android.providers.media.MediaServiceV2 } ]
05-25 02:43:54.864  1529  1529 D WM-Processor: Processor 70734d65-b058-4424-8716-5424bdea4586 executed; reschedule = false
05-25 02:43:54.864  1529  1529 D WM-SystemJobService: 70734d65-b058-4424-8716-5424bdea4586 executed on JobScheduler
05-25 02:43:54.867  1529  1874 D WM-SystemJobScheduler: Scheduling work ID cb613876-da06-43a0-bd68-3219c9d3d4caJob ID 680
05-25 02:43:54.869  1529  1874 D WM-GreedyScheduler: Ignoring {WorkSpec: fce74054-5d75-49ac-b1fb-61b1c63b64d1}. Requires device idle.
05-25 02:43:54.869  1529  1874 D WM-GreedyScheduler: Ignoring {WorkSpec: 748d3965-3023-45a6-9a32-baafa7d90ebf}. Requires device idle.
05-25 02:43:54.869  1529  1874 D WM-GreedyScheduler: Ignoring {WorkSpec: bbc248da-5aec-4565-83d8-ed90ba3a683c}. Requires device idle.
05-25 02:43:54.869  1529  1874 D WM-GreedyScheduler: Ignoring {WorkSpec: a7b8fc44-3a39-43d5-96b8-cef5bb529d35}. Requires device idle.
05-25 02:43:54.870  1529  1727 D WM-GreedyScheduler: Cancelling work ID 70734d65-b058-4424-8716-5424bdea4586
05-25 02:43:54.870  1529  1727 D WM-GreedyScheduler: Ignoring {WorkSpec: fce74054-5d75-49ac-b1fb-61b1c63b64d1}. Requires device idle.
05-25 02:43:54.871  1529  1727 D WM-GreedyScheduler: Ignoring {WorkSpec: 748d3965-3023-45a6-9a32-baafa7d90ebf}. Requires device idle.
05-25 02:43:54.871  1529  1727 D WM-GreedyScheduler: Ignoring {WorkSpec: bbc248da-5aec-4565-83d8-ed90ba3a683c}. Requires device idle.
05-25 02:43:54.871  1529  1727 D WM-GreedyScheduler: Ignoring {WorkSpec: a7b8fc44-3a39-43d5-96b8-cef5bb529d35}. Requires device idle.
05-25 02:43:54.924   755   906 I HalDevMgr: bestIfaceCreationProposal is null, requestIface=STA, existingIface=[name=wlan0 type=STA]
05-25 02:43:55.022  8875  8875 D AndroidRuntime: >>>>>> START com.android.internal.os.RuntimeInit uid 2000 <<<<<<
05-25 02:43:55.026  8875  8875 I AndroidRuntime: Using default boot image
05-25 02:43:55.026  8875  8875 I AndroidRuntime: Leaving lock profiling enabled
05-25 02:43:55.028  8875  8875 I app_process: Using CollectorTypeCMC GC.
05-25 02:43:55.085  8875  8875 D nativeloader: InitDefaultPublicLibraries for_preload=1: libandroid.so:libaaudio.so:libamidi.so:libbinder_ndk.so:libc.so:libcamera2ndk.so:libdl.so:libEGL.so:libGLESv1_CM.so:libGLESv2.so:libGLESv3.so:libicu.so:libicui18n.so:libicuuc.so:libjnigraphics.so:liblog.so:libmediandk.so:libm.so:libnativehelper.so:libnativewindow.so:libOpenMAXAL.so:libOpenSLES.so:libRS.so:libstdc++.so:libsync.so:libvulkan.so:libwebviewchromium_plat_support.so:libz.so
05-25 02:43:55.091  8875  8875 D nativeloader: Load libicu_jni.so using APEX ns com_android_art for caller /apex/com.android.art/javalib/core-oj.jar: ok
05-25 02:43:55.091  8875  8875 D app_process: u_setTimeZoneFilesDirectory("/apex/com.android.tzdata/etc/tz/versioned/9/icu") succeeded. 
05-25 02:43:55.091  8875  8875 D app_process: I18n APEX ICU file found: /apex/com.android.i18n/etc/icu/icudt76l.dat
05-25 02:43:55.091  8875  8875 D nativeloader: Load libjavacore.so using APEX ns com_android_art for caller /apex/com.android.art/javalib/core-oj.jar: ok
05-25 02:43:55.092  8875  8875 D nativeloader: Load libopenjdk.so using APEX ns com_android_art for caller /apex/com.android.art/javalib/core-oj.jar: ok
05-25 02:43:55.093  8875  8875 I app_process: Priority-to-niceness mapping: 19, 16, 13, 10, 0, -2, -4, -5, -6, -8
05-25 02:43:55.093  8875  8875 W app_process: Unexpected CPU variant for x86: x86_64.
05-25 02:43:55.093  8875  8875 W app_process: Known variants: atom, sandybridge, silvermont, goldmont, goldmont-plus, goldmont-without-sha-xsaves, tremont, kabylake, alderlake, default
05-25 02:43:55.094  8875  8875 W app_process: ClassLoaderContext shared library size mismatch. Expected=2, found=0 (PCL[]{PCL[/system/framework/android.test.base.jar*1653369819]#PCL[/system/framework/android.test.mock.jar*1009639922]} | PCL[])
05-25 02:43:55.095  8875  8875 W app_process: ClassLoaderContext classpath size mismatch. expected=0, found=1 (PCL[]{PCL[/system/framework/android.test.runner.jar*3954641918]{PCL[/system/framework/android.test.base.jar*1653369819]#PCL[/system/framework/android.test.mock.jar*1009639922]}#PCL[/system/framework/android.test.base.jar*1653369819]} | PCL[/system/framework/android.test.runner.jar*3954641918])
05-25 02:43:55.110  8875  8875 D nativeloader: Load libframework-connectivity-tiramisu-jni.so using APEX ns com_android_tethering for caller /apex/com.android.tethering/javalib/framework-connectivity-t.jar: ok
05-25 02:43:55.110  8875  8875 D AndroidRuntime: Calling main entry com.android.commands.uiautomator.Launcher
05-25 02:43:55.113  8875  8875 I AconfigPackage: android.media.swcodec.flags is mapped to com.android.media.swcodec
05-25 02:43:55.114  8875  8875 I AconfigPackage: com.android.permission.flags is mapped to com.android.permission
05-25 02:43:55.114  8875  8875 I AconfigPackage: com.android.permissioncontroller.flags is mapped to com.android.permission
05-25 02:43:55.114  8875  8875 I AconfigPackage: com.android.icu is mapped to com.android.i18n
05-25 02:43:55.114  8875  8875 I AconfigPackage: com.android.appsearch.flags is mapped to com.android.appsearch
05-25 02:43:55.114  8875  8875 I AconfigPackage: android.uprobestats.mainline.flags is mapped to com.android.uprobestats
05-25 02:43:55.115  8875  8875 I AconfigPackage: com.android.crashrecovery.flags is mapped to com.android.crashrecovery
05-25 02:43:55.115  8875  8875 I AconfigPackage: android.provider.flags is mapped to com.android.configinfrastructure
05-25 02:43:55.115  8875  8875 I AconfigPackage: com.android.server.deviceconfig is mapped to com.android.configinfrastructure
05-25 02:43:55.115  8875  8875 I AconfigPackage: com.android.compos.flags is mapped to com.android.compos
05-25 02:43:55.115  8875  8875 I AconfigPackage: com.android.art.flags is mapped to com.android.art
05-25 02:43:55.115  8875  8875 I AconfigPackage: com.android.art.rw.flags is mapped to com.android.art
05-25 02:43:55.115  8875  8875 I AconfigPackage: com.android.libcore is mapped to com.android.art
05-25 02:43:55.115  8875  8875 I AconfigPackage: com.android.telephony.flags is mapped to com.android.telephonycore
05-25 02:43:55.115  8875  8875 I AconfigPackage: com.android.media.extractor.flags is mapped to com.android.media
05-25 02:43:55.116  8875  8875 I AconfigPackage: com.android.media.mainline.flags is mapped to com.android.media
05-25 02:43:55.116  8875  8875 I AconfigPackage: com.android.wifi.flags is mapped to com.android.wifi
05-25 02:43:55.116  8875  8875 I AconfigPackage: com.android.org.conscrypt.flags is mapped to com.android.conscrypt
05-25 02:43:55.116  8875  8875 I AconfigPackage: com.android.org.conscrypt.net.flags is mapped to com.android.conscrypt
05-25 02:43:55.116  8875  8875 I AconfigPackage: com.android.healthfitness.flags is mapped to com.android.healthfitness
05-25 02:43:55.116  8875  8875 I AconfigPackage: com.android.ipsec.flags is mapped to com.android.ipsec
05-25 02:43:55.117  8875  8875 I AconfigPackage: com.android.nfc.module.flags is mapped to com.android.nfcservices
05-25 02:43:55.117  8875  8875 I AconfigPackage: com.android.adservices.ondevicepersonalization.flags is mapped to com.android.ondevicepersonalization
05-25 02:43:55.117  8875  8875 I AconfigPackage: com.android.adbd.flags is mapped to com.android.adbd
05-25 02:43:55.117  8875  8875 I AconfigPackage: com.android.bluetooth.flags is mapped to com.android.bt
05-25 02:43:55.117  8875  8875 I AconfigPackage: com.android.devicelock.flags is mapped to com.android.devicelock
05-25 02:43:55.118  8875  8875 I AconfigPackage: android.os.profiling is mapped to com.android.profiling
05-25 02:43:55.118  8875  8875 I AconfigPackage: android.os.profiling.anomaly.flags is mapped to com.android.profiling
05-25 02:43:55.118  8875  8875 I AconfigPackage: com.android.os.statsd.flags is mapped to com.android.os.statsd
05-25 02:43:55.118  8875  8875 I AconfigPackage: com.android.rkpd.flags is mapped to com.android.rkpd
05-25 02:43:55.118  8875  8875 I AconfigPackage: com.android.cellbroadcastreceiver.flags is mapped to com.android.cellbroadcast
05-25 02:43:55.118  8875  8875 I AconfigPackage: com.android.adservices.flags is mapped to com.android.adservices
05-25 02:43:55.118  8875  8875 I AconfigPackage: com.android.sdksandbox.flags is mapped to com.android.adservices
05-25 02:43:55.118  8875  8875 I AconfigPackage: com.android.uwb.flags is mapped to com.android.uwb
05-25 02:43:55.118  8875  8875 I AconfigPackage: com.android.ranging.flags is mapped to com.android.uwb
05-25 02:43:55.118  8875  8875 I AconfigPackage: android.graphics.pdf.flags is mapped to com.android.mediaprovider
05-25 02:43:55.118  8875  8875 I AconfigPackage: com.android.providers.media.flags is mapped to com.android.mediaprovider
05-25 02:43:55.118  8875  8875 I AconfigPackage: android.graphics.pdf.flags.readonly is mapped to com.android.mediaprovider
05-25 02:43:55.118  8875  8875 I AconfigPackage: com.android.tethering.mainline.beta is mapped to com.android.tethering
05-25 02:43:55.118  8875  8875 I AconfigPackage: android.net.http is mapped to com.android.tethering
05-25 02:43:55.118  8875  8875 I AconfigPackage: com.android.tethering.readonly.flags is mapped to com.android.tethering
05-25 02:43:55.118  8875  8875 I AconfigPackage: android.net.vcn is mapped to com.android.tethering
05-25 02:43:55.118  8875  8875 I AconfigPackage: com.android.net.flags is mapped to com.android.tethering
05-25 02:43:55.118  8875  8875 I AconfigPackage: com.android.tethering.beta.test is mapped to com.android.tethering
05-25 02:43:55.118  8875  8875 I AconfigPackage: com.android.nearby.flags is mapped to com.android.tethering
05-25 02:43:55.118  8875  8875 I AconfigPackage: com.android.net.ct.flags is mapped to com.android.tethering
05-25 02:43:55.118  8875  8875 I AconfigPackage: com.android.net.thread.flags is mapped to com.android.tethering
05-25 02:43:55.119  8875  8875 I AconfigPackage: com.android.system.virtualmachine.flags is mapped to com.android.virt
05-25 02:43:55.119  8875  8875 E FeatureFlagsImplExport: android.os.flagging.AconfigStorageReadException: ERROR_PACKAGE_NOT_FOUND: package android.xr cannot be found on the device
05-25 02:43:55.120  8875  8875 D UiAutomationConnection: Created on user UserHandle{0}
05-25 02:43:55.120  8875  8875 I UiAutomation: Initialized for user 0 on display 0
05-25 02:43:55.120  8875  8875 W UiAutomation: Created with deprecatead constructor, assumes DEFAULT_DISPLAY
05-25 02:43:55.121   755  2209 D AccessibilityManagerService: changeCurrentUserForTestAutomationIfNeededLocked(0): ignoring because device doesn't support visible background users
05-25 02:43:55.121   755  2209 I UiAutomationManager: Registering UiTestAutomationService (id=com.android.server.accessibility/UiAutomation, flags=0x0) when called by user 0
05-25 02:43:55.121   755  2209 V AccessibilityManagerService: onUserStateChangedLocked for userId: 0, forceUpdate: false
05-25 02:43:55.122   755  2209 V AccessibilityUserState: updateShortcutTargets: type:accessibility_shortcut_target_service, current:{}, new:{}
05-25 02:43:55.122   755  2209 V AccessibilityUserState: updateShortcutTargets: type:accessibility_button_targets, current:{}, new:{}
05-25 02:43:55.122   755  2209 V AccessibilityUserState: updateShortcutTargets: type:accessibility_gesture_targets, current:{}, new:{}
05-25 02:43:55.122   755  2209 V AccessibilityUserState: updateShortcutTargets: type:accessibility_qs_targets, current:{}, new:{}
05-25 02:43:55.122   755  2209 V AccessibilityUserState: updateShortcutTargets: type:accessibility_key_gesture_targets, current:{}, new:{}
05-25 02:43:55.122   755  2209 W MagnificationConnectionManager: requestConnection duplicated request: connect=false, mConnectionState=DISCONNECTED
05-25 02:43:55.123  1546  3179 I AiAiEcho: Settings changed for uri: content://settings/secure/accessibility_enabled
05-25 02:43:55.124   755   755 W libbinder.IPCThreadState: Sending oneway calls to frozen process.
05-25 02:43:55.124   755   755 W libbinder.IPCThreadState: Sending oneway calls to frozen process.
05-25 02:43:55.124   755   755 W libbinder.IPCThreadState: Sending oneway calls to frozen process.
05-25 02:43:55.124   755   755 W libbinder.IPCThreadState: Sending oneway calls to frozen process.
05-25 02:43:55.124   755   755 W libbinder.IPCThreadState: Sending oneway calls to frozen process.
05-25 02:43:55.124   755   755 W libbinder.IPCThreadState: Sending oneway calls to frozen process.
05-25 02:43:55.124  1546  1927 I AiAiEcho: Predicting[0]:  [CONTEXT sampling_count=5 ]
05-25 02:43:55.124  1546  1927 I AiAiEcho: EchoTargets: 
05-25 02:43:55.124  1546  1927 I AiAiEcho: Filtered by AiAi flag check: 
05-25 02:43:55.124  1546  1927 I AiAiEcho: [CONTEXT ratelimit_period="10 SECONDS" ]
05-25 02:43:55.125  1546  1927 I AiAiEcho: #remoteViewsTwiddler: feature disabled.
05-25 02:43:55.125  1546  1927 I AiAiEcho: Predicting[0]:  [CONTEXT sampling_count=5 ]
05-25 02:43:55.125  1546  1927 I AiAiEcho: EchoTargets: 
05-25 02:43:55.125  1546  1927 I AiAiEcho: Filtered by AiAi flag check: 
05-25 02:43:55.125  1546  1927 I AiAiEcho: [CONTEXT ratelimit_period="10 SECONDS" ]
05-25 02:43:55.125  1546  1927 I AiAiEcho: #remoteViewsTwiddler: feature disabled.
05-25 02:43:55.125  1546  1927 I AiAiEcho: #postPredictionTargets: Sending updates to UISurface lockscreen with targets# 0 (types=[])
05-25 02:43:55.125  1546  1927 I AiAiEcho: #postPredictionTargets: Sending updates to UISurface home with targets# 0 (types=[])
05-25 02:43:55.126   755   755 W libbinder.IPCThreadState: Sending oneway calls to frozen process.
05-25 02:43:55.126   755   755 W libbinder.IPCThreadState: Sending oneway calls to frozen process.
05-25 02:43:55.126   755   755 W libbinder.IPCThreadState: Sending oneway calls to frozen process.
05-25 02:43:55.126   755   755 W libbinder.IPCThreadState: Sending oneway calls to frozen process.
05-25 02:43:55.126   755   755 W libbinder.IPCThreadState: Sending oneway calls to frozen process.
05-25 02:43:55.126   755   755 W libbinder.IPCThreadState: Sending oneway calls to frozen process.
05-25 02:43:55.126   755   755 W libbinder.IPCThreadState: Sending oneway calls to frozen process.
05-25 02:43:55.127   755   755 W libbinder.IPCThreadState: Sending oneway calls to frozen process.
05-25 02:43:55.127   755  2205 V AccessibilityManagerService: onUserStateChangedLocked for userId: 0, forceUpdate: false
05-25 02:43:55.128   755   755 W libbinder.IPCThreadState: Sending oneway calls to frozen process.
05-25 02:43:55.128   755   755 W libbinder.IPCThreadState: Sending oneway calls to frozen process.
05-25 02:43:55.132   755  2205 V AccessibilityUserState: updateShortcutTargets: type:accessibility_shortcut_target_service, current:{}, new:{}
05-25 02:43:55.132  1546  3179 I AiAiEcho: Settings changed for uri: content://settings/secure/accessibility_enabled
05-25 02:43:55.132   755  2205 V AccessibilityUserState: updateShortcutTargets: type:accessibility_button_targets, current:{}, new:{}
05-25 02:43:55.132   755  2205 V AccessibilityUserState: updateShortcutTargets: type:accessibility_gesture_targets, current:{}, new:{}
05-25 02:43:55.132   755  2205 V AccessibilityUserState: updateShortcutTargets: type:accessibility_qs_targets, current:{}, new:{}
05-25 02:43:55.132   755  2205 V AccessibilityUserState: updateShortcutTargets: type:accessibility_key_gesture_targets, current:{}, new:{}
05-25 02:43:55.132   755  2205 W MagnificationConnectionManager: requestConnection duplicated request: connect=false, mConnectionState=DISCONNECTED
05-25 02:43:55.133   755   755 W libbinder.IPCThreadState: Sending oneway calls to frozen process.
05-25 02:43:55.133   755   755 W libbinder.IPCThreadState: Sending oneway calls to frozen process.
05-25 02:43:55.133   755   755 W libbinder.IPCThreadState: Sending oneway calls to frozen process.
05-25 02:43:55.133   755   755 W libbinder.IPCThreadState: Sending oneway calls to frozen process.
05-25 02:43:55.133   755   755 W libbinder.IPCThreadState: Sending oneway calls to frozen process.
05-25 02:43:55.133  1012  1012 W SsPagerDots: Total number of pages invalid: 0. Assuming 1 page.
05-25 02:43:55.133   755   755 W libbinder.IPCThreadState: Sending oneway calls to frozen process.
05-25 02:43:55.132  1546  1927 I AiAiEcho: Predicting[0]:  [CONTEXT sampling_count=5 ]
05-25 02:43:55.133  1546  1927 I AiAiEcho: EchoTargets: 
05-25 02:43:55.133  1546  1927 I AiAiEcho: Filtered by AiAi flag check: 
05-25 02:43:55.133  1546  1927 I AiAiEcho: [CONTEXT ratelimit_period="10 SECONDS" ]
05-25 02:43:55.134   755   755 W libbinder.IPCThreadState: Sending oneway calls to frozen process.
05-25 02:43:55.134  1546  1927 I AiAiEcho: #remoteViewsTwiddler: feature disabled.
05-25 02:43:55.134   755   755 W libbinder.IPCThreadState: Sending oneway calls to frozen process.
05-25 02:43:55.134   755   755 W libbinder.IPCThreadState: Sending oneway calls to frozen process.
05-25 02:43:55.134  1546  1927 I AiAiEcho: Predicting[0]:  [CONTEXT sampling_count=5 ]
05-25 02:43:55.134  1546  1927 I AiAiEcho: EchoTargets: 
05-25 02:43:55.134  1546  1927 I AiAiEcho: Filtered by AiAi flag check: 
05-25 02:43:55.134  1546  1927 I AiAiEcho: [CONTEXT ratelimit_period="10 SECONDS" ]
05-25 02:43:55.134   755   755 W libbinder.IPCThreadState: Sending oneway calls to frozen process.
05-25 02:43:55.134   755   755 W libbinder.IPCThreadState: Sending oneway calls to frozen process.
05-25 02:43:55.134   755   755 W libbinder.IPCThreadState: Sending oneway calls to frozen process.
05-25 02:43:55.134   755   755 W libbinder.IPCThreadState: Sending oneway calls to frozen process.
05-25 02:43:55.134  1546  1927 I AiAiEcho: #remoteViewsTwiddler: feature disabled.
05-25 02:43:55.134   755   755 W libbinder.IPCThreadState: Sending oneway calls to frozen process.
05-25 02:43:55.134  1546  1927 I AiAiEcho: #postPredictionTargets: Sending updates to UISurface lockscreen with targets# 0 (types=[])
05-25 02:43:55.134   755   755 W libbinder.IPCThreadState: Sending oneway calls to frozen process.
05-25 02:43:55.134   755   755 W libbinder.IPCThreadState: Sending oneway calls to frozen process.
05-25 02:43:55.134   755   755 W libbinder.IPCThreadState: Sending oneway calls to frozen process.
05-25 02:43:55.135   755   755 W libbinder.IPCThreadState: Sending oneway calls to frozen process.
05-25 02:43:55.135  1546  1927 I AiAiEcho: #postPredictionTargets: Sending updates to UISurface home with targets# 0 (types=[])
05-25 02:43:55.135   755   755 W libbinder.IPCThreadState: Sending oneway calls to frozen process.
05-25 02:43:55.135   755   755 W libbinder.IPCThreadState: Sending oneway calls to frozen process.
05-25 02:43:55.135   755   755 W libbinder.IPCThreadState: Sending oneway calls to frozen process.
05-25 02:43:55.135   755   755 W libbinder.IPCThreadState: Sending oneway calls to frozen process.
05-25 02:43:55.135   755   755 W libbinder.IPCThreadState: Sending oneway calls to frozen process.
05-25 02:43:55.135   755   755 W libbinder.IPCThreadState: Sending oneway calls to frozen process.
05-25 02:43:55.135   755   755 D BatterySaverPolicy: accessibility changed to true, updating policy.
05-25 02:43:55.139   755   982 D AccessibilityManagerService: .getAccessibilityShortcutTargets {shortcutType=32, userId=0}
05-25 02:43:55.139  1012  1012 W SsPagerDots: Total number of pages invalid: 0. Assuming 1 page.
05-25 02:43:55.231  8782  8788 W nanlarkin.danio: userfaultfd: MOVE ioctl seems unsupported: Connection timed out
05-25 02:43:55.637   553  4294 D android.hardware.audio@7.1-impl.ranchu: threadLoop: entering standby, frames: 4626176
05-25 02:43:55.638   553  4294 D android.hardware.audio@7.1-impl.ranchu: ~TinyalsaSink: joining consumeThread
05-25 02:43:55.654   553  8855 D android.hardware.audio@7.1-impl.ranchu: consumeThread: exiting
05-25 02:43:55.655   553  4294 D android.hardware.audio@7.1-impl.ranchu: ~TinyalsaSink: stopping PCM stream
05-25 02:43:56.222  8875  8875 W AccessibilityNodeInfoDumper: Fetch time: 4ms
05-25 02:43:56.224   755  3187 V AccessibilityManagerService: onUserStateChangedLocked for userId: 0, forceUpdate: false
05-25 02:43:56.225   755  3187 V AccessibilityUserState: updateShortcutTargets: type:accessibility_shortcut_target_service, current:{}, new:{}
05-25 02:43:56.225   755  3187 V AccessibilityUserState: updateShortcutTargets: type:accessibility_button_targets, current:{}, new:{}
05-25 02:43:56.225   755  3187 V AccessibilityUserState: updateShortcutTargets: type:accessibility_gesture_targets, current:{}, new:{}
05-25 02:43:56.225   755  3187 V AccessibilityUserState: updateShortcutTargets: type:accessibility_qs_targets, current:{}, new:{}
05-25 02:43:56.225   755  3187 V AccessibilityUserState: updateShortcutTargets: type:accessibility_key_gesture_targets, current:{}, new:{}
05-25 02:43:56.225   755  3187 W MagnificationConnectionManager: requestConnection duplicated request: connect=false, mConnectionState=DISCONNECTED
05-25 02:43:56.225   755  3187 D AccessibilityManagerService: restoreCurrentUserForTestAutomationIfNeededLocked(): ignoring because device doesn't support visible background users
05-25 02:43:56.226  1546  3179 I AiAiEcho: Settings changed for uri: content://settings/secure/accessibility_enabled
05-25 02:43:56.226   755   755 W libbinder.IPCThreadState: Sending oneway calls to frozen process.
05-25 02:43:56.226   755   755 W libbinder.IPCThreadState: Sending oneway calls to frozen process.
05-25 02:43:56.226   755   755 W libbinder.IPCThreadState: Sending oneway calls to frozen process.
05-25 02:43:56.226   755   755 W libbinder.IPCThreadState: Sending oneway calls to frozen process.
05-25 02:43:56.226   755   755 W libbinder.IPCThreadState: Sending oneway calls to frozen process.
05-25 02:43:56.226   755   755 W libbinder.IPCThreadState: Sending oneway calls to frozen process.
05-25 02:43:56.226   755   755 W libbinder.IPCThreadState: Sending oneway calls to frozen process.
05-25 02:43:56.226   755   755 W libbinder.IPCThreadState: Sending oneway calls to frozen process.
05-25 02:43:56.226   755   755 W libbinder.IPCThreadState: Sending oneway calls to frozen process.
05-25 02:43:56.226  1546  1927 I AiAiEcho: Predicting[0]:  [CONTEXT sampling_count=5 ]
05-25 02:43:56.226  1546  1927 I AiAiEcho: EchoTargets: 
05-25 02:43:56.226  1546  1927 I AiAiEcho: Filtered by AiAi flag check: 
05-25 02:43:56.226  1546  1927 I AiAiEcho: [CONTEXT ratelimit_period="10 SECONDS" ]
05-25 02:43:56.226   755   755 W libbinder.IPCThreadState: Sending oneway calls to frozen process.
05-25 02:43:56.226   755   755 W libbinder.IPCThreadState: Sending oneway calls to frozen process.
05-25 02:43:56.226   755   755 W libbinder.IPCThreadState: Sending oneway calls to frozen process.
05-25 02:43:56.226   755   755 W libbinder.IPCThreadState: Sending oneway calls to frozen process.
05-25 02:43:56.226  1546  1927 I AiAiEcho: #remoteViewsTwiddler: feature disabled.
05-25 02:43:56.226   755   755 W libbinder.IPCThreadState: Sending oneway calls to frozen process.
05-25 02:43:56.226  1546  1927 I AiAiEcho: Predicting[0]:  [CONTEXT sampling_count=5 ]
05-25 02:43:56.226  1546  1927 I AiAiEcho: EchoTargets: 
05-25 02:43:56.226  1546  1927 I AiAiEcho: Filtered by AiAi flag check: 
05-25 02:43:56.226  1546  1927 I AiAiEcho: [CONTEXT ratelimit_period="10 SECONDS" ]
05-25 02:43:56.227  1546  1927 I AiAiEcho: #remoteViewsTwiddler: feature disabled.
05-25 02:43:56.227  1546  1927 I AiAiEcho: #postPredictionTargets: Sending updates to UISurface lockscreen with targets# 0 (types=[])
05-25 02:43:56.227  1546  1927 I AiAiEcho: #postPredictionTargets: Sending updates to UISurface home with targets# 0 (types=[])
05-25 02:43:56.228   755   755 W libbinder.IPCThreadState: Sending oneway calls to frozen process.
05-25 02:43:56.228   755   755 W libbinder.IPCThreadState: Sending oneway calls to frozen process.
05-25 02:43:56.229   755   755 W libbinder.IPCThreadState: Sending oneway calls to frozen process.
05-25 02:43:56.229   755   755 W libbinder.IPCThreadState: Sending oneway calls to frozen process.
05-25 02:43:56.229   755   755 W libbinder.IPCThreadState: Sending oneway calls to frozen process.
05-25 02:43:56.229   755   755 W libbinder.IPCThreadState: Sending oneway calls to frozen process.
05-25 02:43:56.229   755   755 W libbinder.IPCThreadState: Sending oneway calls to frozen process.
05-25 02:43:56.229   755   755 W libbinder.IPCThreadState: Sending oneway calls to frozen process.
05-25 02:43:56.230  8875  8875 D AndroidRuntime: Shutting down VM
05-25 02:43:56.230  8875  8884 W libbinder.IPCThreadState: call to talkWithDriver in joinThreadPool returned error: -9 (Bad file descriptor), FD: -1
05-25 02:43:56.230   755   755 W libbinder.IPCThreadState: Sending oneway calls to frozen process.
05-25 02:43:56.231   755   755 W libbinder.IPCThreadState: Sending oneway calls to frozen process.
05-25 02:43:56.231   755   755 D BatterySaverPolicy: accessibility changed to false, updating policy.
05-25 02:43:56.231  8875  8883 W libbinder.IPCThreadState: call to talkWithDriver in joinThreadPool returned error: -9 (Bad file descriptor), FD: -1
05-25 02:43:56.232  1012  1012 W SsPagerDots: Total number of pages invalid: 0. Assuming 1 page.
05-25 02:43:56.366  1529  1529 D WM-DelayedWorkTracker: Scheduling work cb613876-da06-43a0-bd68-3219c9d3d4ca
05-25 02:43:56.366  1529  1529 D WM-GreedyScheduler: Starting tracking for cb613876-da06-43a0-bd68-3219c9d3d4ca
05-25 02:43:56.367  1529  1874 D WM-ConstraintTracker: BatteryNotLowTracker: initial state = true
05-25 02:43:56.367  1529  1874 D WM-BrdcstRcvrCnstrntTrc: BatteryNotLowTracker: registering receiver
05-25 02:43:56.368  1529  1868 D WM-GreedyScheduler: Constraints met: Scheduling work ID WorkGenerationalId(workSpecId=cb613876-da06-43a0-bd68-3219c9d3d4ca, generation=0)
05-25 02:43:56.369  1529  1868 D WM-Processor: Processor: processing WorkGenerationalId(workSpecId=cb613876-da06-43a0-bd68-3219c9d3d4ca, generation=0)
05-25 02:43:56.370  1529  1529 D WM-WorkerWrapper: Starting work for com.android.providers.media.photopicker.sync.ProactiveSyncWorker
05-25 02:43:56.371  1529  8887 I PSyncWorker: Starting proactive picker sync from sync source: 1
05-25 02:43:56.371  1529  8887 I PickerSyncTracker: Created new sync future java.util.concurrent.CompletableFuture@4b47509[Not completed, 1 dependents]. Future map: {cb613876-da06-43a0-bd68-3219c9d3d4ca=java.util.concurrent.CompletableFuture@4b47509[Not completed, 1 dependents]}
05-25 02:43:56.372  1529  8887 D PickerSyncController: syncAllMediaFromProvider() LOCAL, auth=com.android.providers.media.photopicker, retry=true
05-25 02:43:56.372  1529  8887 D PickerSyncController: getSyncRequestParams() LOCAL, auth=com.android.providers.media.photopicker
05-25 02:43:56.373  1529  1529 D WM-SystemJobService: onStartJob for WorkGenerationalId(workSpecId=cb613876-da06-43a0-bd68-3219c9d3d4ca, generation=0)
05-25 02:43:56.373  1529  8887 D PickerSyncController:    Latest ID/Gen=92835bc8fd6dde81:external_primary/2697
05-25 02:43:56.373  1529  8887 D PickerSyncController:    Cached ID/Gen=92835bc8fd6dde81:external_primary/2682
05-25 02:43:56.373  1529  8887 D PickerSyncController:    RESULT=SyncRequestParams{type=MEDIA_INCREMENTAL, gen=2682, latest=Bundle[{last_media_sync_generation=2697, media_collection_id=92835bc8fd6dde81:external_primary}], pageSize=1000}
05-25 02:43:56.373  1529  8887 I PickerSyncController: Executing SyncAdd. isLocal: true. authority: com.android.providers.media.photopicker
05-25 02:43:56.374  1529  8887 D PickerSyncLockManager: Trying to acquire lock com.android.providers.media.photopicker.sync.CloseableReentrantLock@cffd47[Unlocked]. Lock Name = CLOUD_PROVIDER_LOCK. Threads that may be waiting to acquire this lock = [] with timeout.
05-25 02:43:56.374  1529  8887 D CloseableReentrantLock: Successfully acquired lock com.android.providers.media.photopicker.sync.CloseableReentrantLock@cffd47[Locked by thread pool-4-thread-90]. Lock Name = CLOUD_PROVIDER_LOCK. Threads that may be waiting to acquire this lock = []
05-25 02:43:56.374  1529  8887 D CloseableReentrantLock: Successfully released lock com.android.providers.media.photopicker.sync.CloseableReentrantLock@cffd47[Unlocked]. Lock Name = CLOUD_PROVIDER_LOCK. Threads that may be waiting to acquire this lock = []
05-25 02:43:56.374  1529  1874 D WM-Processor: Work WorkGenerationalId(workSpecId=cb613876-da06-43a0-bd68-3219c9d3d4ca, generation=0) is already enqueued for processing
05-25 02:43:56.374  1529  8887 D ExternalDbFacade: Token received for queryMedia = null
05-25 02:43:56.375  1529  8887 V PickerDbFacade: Failed to insert picker db media. ContentValues: _user_id=0 standard_mime_type_extension=0 size_bytes=238836 orientation=0 height=2400 owner_package_name=com.android.shell date_taken_ms=1779673335000 duration_ms=0 sync_generation=2693 mime_type=image/png width=1080 is_favorite=0 local_id=242 is_visible=1
05-25 02:43:56.375  1529  8887 V PickerDbFacade: android.database.sqlite.SQLiteConstraintException: UNIQUE constraint failed: media.local_id, media.is_visible (code 2067 SQLITE_CONSTRAINT_UNIQUE)
05-25 02:43:56.375  1529  8887 V PickerDbFacade: 	at android.database.sqlite.SQLiteConnection.nativeExecuteForLastInsertedRowId(Native Method)
05-25 02:43:56.375  1529  8887 V PickerDbFacade: 	at android.database.sqlite.SQLiteConnection.executeForLastInsertedRowId(SQLiteConnection.java:995)
05-25 02:43:56.375  1529  8887 V PickerDbFacade: 	at android.database.sqlite.SQLiteSession.executeForLastInsertedRowId(SQLiteSession.java:825)
05-25 02:43:56.375  1529  8887 V PickerDbFacade: 	at android.database.sqlite.SQLiteStatement.executeInsert(SQLiteStatement.java:89)
05-25 02:43:56.375  1529  8887 V PickerDbFacade: 	at android.database.DatabaseUtils.executeInsert(DatabaseUtils.java:234)
05-25 02:43:56.375  1529  8887 V PickerDbFacade: 	at android.database.sqlite.SQLiteQueryBuilder.insert(SQLiteQueryBuilder.java:638)
05-25 02:43:56.375  1529  8887 V PickerDbFacade: 	at com.android.providers.media.photopicker.data.PickerDbFacade$AddMediaOperation.insertMedia(PickerDbFacade.java:644)
05-25 02:43:56.375  1529  8887 V PickerDbFacade: 	at com.android.providers.media.photopicker.data.PickerDbFacade$AddMediaOperation.upsertMedia(PickerDbFacade.java:658)
05-25 02:43:56.375  1529  8887 V PickerDbFacade: 	at com.android.providers.media.photopicker.data.PickerDbFacade$AddMediaOperation.executeInternal(PickerDbFacade.java:616)
05-25 02:43:56.375  1529  8887 V PickerDbFacade: 	at com.android.providers.media.photopicker.data.PickerDbFacade$DbWriteOperation.execute(PickerDbFacade.java:405)
05-25 02:43:56.375  1529  8887 V PickerDbFacade: 	at com.android.providers.media.photopicker.PickerSyncController.executePagedSync(PickerSyncController.java:1822)
05-25 02:43:56.375  1529  8887 V PickerDbFacade: 	at com.android.providers.media.photopicker.PickerSyncController.executePagedSync(PickerSyncController.java:1741)
05-25 02:43:56.375  1529  8887 V PickerDbFacade: 	at com.android.providers.media.photopicker.PickerSyncController.executeSyncAdd(PickerSyncController.java:1138)
05-25 02:43:56.375  1529  8887 V PickerDbFacade: 	at com.android.providers.media.photopicker.PickerSyncController.syncAllMediaFromProvider(PickerSyncController.java:982)
05-25 02:43:56.375  1529  8887 V PickerDbFacade: 	at com.android.providers.media.photopicker.PickerSyncController.syncAllMediaFromLocalProvider(PickerSyncController.java:402)
05-25 02:43:56.375  1529  8887 V PickerDbFacade: 	at com.android.providers.media.photopicker.sync.ProactiveSyncWorker.doWork(ProactiveSyncWorker.java:89)
05-25 02:43:56.375  1529  8887 V PickerDbFacade: 	at androidx.work.Worker.startWork$lambda$0(Worker.kt:64)
05-25 02:43:56.375  1529  8887 V PickerDbFacade: 	at androidx.work.Worker.$r8$lambda$opNRPVQx7zi4ENxyGPOIhxFU0oM(Worker.kt:0)
05-25 02:43:56.375  1529  8887 V PickerDbFacade: 	at androidx.work.Worker$$ExternalSyntheticLambda0.invoke(R8$$SyntheticClass:0)
05-25 02:43:56.375  1529  8887 V PickerDbFacade: 	at androidx.work.WorkerKt.future$lambda$2$lambda$1(Worker.kt:100)
05-25 02:43:56.375  1529  8887 V PickerDbFacade: 	at androidx.work.WorkerKt.$r8$lambda$06LNzu7McnKR6G06fSbfQ2BCegc(Worker.kt:0)
05-25 02:43:56.375  1529  8887 V PickerDbFacade: 	at androidx.work.WorkerKt$$ExternalSyntheticLambda2.run(R8$$SyntheticClass:0)
05-25 02:43:56.375  1529  8887 V PickerDbFacade: 	at java.util.concurrent.ThreadPoolExecutor.runWorker(ThreadPoolExecutor.java:1154)
05-25 02:43:56.375  1529  8887 V PickerDbFacade: 	at java.util.concurrent.ThreadPoolExecutor$Worker.run(ThreadPoolExecutor.java:652)
05-25 02:43:56.375  1529  8887 V PickerDbFacade: 	at java.lang.Thread.run(Thread.java:1563)
05-25 02:43:56.375  1529  8887 V PickerDbFacade: Retrying failed insert as update. ContentValues: _user_id=0 standard_mime_type_extension=0 size_bytes=238836 orientation=0 height=2400 owner_package_name=com.android.shell date_taken_ms=1779673335000 duration_ms=0 sync_generation=2693 mime_type=image/png width=1080 is_favorite=0 local_id=242 is_visible=1
05-25 02:43:56.375  1529  8887 V PickerDbFacade: Failed to insert picker db media. ContentValues: _user_id=0 standard_mime_type_extension=0 size_bytes=207838 orientation=0 height=2400 owner_package_name=com.android.shell date_taken_ms=1779673330000 duration_ms=0 sync_generation=2690 mime_type=image/png width=1080 is_favorite=0 local_id=241 is_visible=1
05-25 02:43:56.375  1529  8887 V PickerDbFacade: android.database.sqlite.SQLiteConstraintException: UNIQUE constraint failed: media.local_id, media.is_visible (code 2067 SQLITE_CONSTRAINT_UNIQUE)
05-25 02:43:56.375  1529  8887 V PickerDbFacade: 	at android.database.sqlite.SQLiteConnection.nativeExecuteForLastInsertedRowId(Native Method)
05-25 02:43:56.375  1529  8887 V PickerDbFacade: 	at android.database.sqlite.SQLiteConnection.executeForLastInsertedRowId(SQLiteConnection.java:995)
05-25 02:43:56.375  1529  8887 V PickerDbFacade: 	at android.database.sqlite.SQLiteSession.executeForLastInsertedRowId(SQLiteSession.java:825)
05-25 02:43:56.375  1529  8887 V PickerDbFacade: 	at android.database.sqlite.SQLiteStatement.executeInsert(SQLiteStatement.java:89)
05-25 02:43:56.375  1529  8887 V PickerDbFacade: 	at android.database.DatabaseUtils.executeInsert(DatabaseUtils.java:234)
05-25 02:43:56.375  1529  8887 V PickerDbFacade: 	at android.database.sqlite.SQLiteQueryBuilder.insert(SQLiteQueryBuilder.java:638)
05-25 02:43:56.375  1529  8887 V PickerDbFacade: 	at com.android.providers.media.photopicker.data.PickerDbFacade$AddMediaOperation.insertMedia(PickerDbFacade.java:644)
05-25 02:43:56.375  1529  8887 V PickerDbFacade: 	at com.android.providers.media.photopicker.data.PickerDbFacade$AddMediaOperation.upsertMedia(PickerDbFacade.java:658)
05-25 02:43:56.375  1529  8887 V PickerDbFacade: 	at com.android.providers.media.photopicker.data.PickerDbFacade$AddMediaOperation.executeInternal(PickerDbFacade.java:616)
05-25 02:43:56.375  1529  8887 V PickerDbFacade: 	at com.android.providers.media.photopicker.data.PickerDbFacade$DbWriteOperation.execute(PickerDbFacade.java:405)
05-25 02:43:56.375  1529  8887 V PickerDbFacade: 	at com.android.providers.media.photopicker.PickerSyncController.executePagedSync(PickerSyncController.java:1822)
05-25 02:43:56.375  1529  8887 V PickerDbFacade: 	at com.android.providers.media.photopicker.PickerSyncController.executePagedSync(PickerSyncController.java:1741)
05-25 02:43:56.375  1529  8887 V PickerDbFacade: 	at com.android.providers.media.photopicker.PickerSyncController.executeSyncAdd(PickerSyncController.java:1138)
05-25 02:43:56.375  1529  8887 V PickerDbFacade: 	at com.android.providers.media.photopicker.PickerSyncController.syncAllMediaFromProvider(PickerSyncController.java:982)
05-25 02:43:56.375  1529  8887 V PickerDbFacade: 	at com.android.providers.media.photopicker.PickerSyncController.syncAllMediaFromLocalProvider(PickerSyncController.java:402)
05-25 02:43:56.375  1529  8887 V PickerDbFacade: 	at com.android.providers.media.photopicker.sync.ProactiveSyncWorker.doWork(ProactiveSyncWorker.java:89)
05-25 02:43:56.375  1529  8887 V PickerDbFacade: 	at androidx.work.Worker.startWork$lambda$0(Worker.kt:64)
05-25 02:43:56.375  1529  8887 V PickerDbFacade: 	at androidx.work.Worker.$r8$lambda$opNRPVQx7zi4ENxyGPOIhxFU0oM(Worker.kt:0)
05-25 02:43:56.375  1529  8887 V PickerDbFacade: 	at androidx.work.Worker$$ExternalSyntheticLambda0.invoke(R8$$SyntheticClass:0)
05-25 02:43:56.375  1529  8887 V PickerDbFacade: 	at androidx.work.WorkerKt.future$lambda$2$lambda$1(Worker.kt:100)
05-25 02:43:56.375  1529  8887 V PickerDbFacade: 	at androidx.work.WorkerKt.$r8$lambda$06LNzu7McnKR6G06fSbfQ2BCegc(Worker.kt:0)
05-25 02:43:56.375  1529  8887 V PickerDbFacade: 	at androidx.work.WorkerKt$$ExternalSyntheticLambda2.run(R8$$SyntheticClass:0)
05-25 02:43:56.375  1529  8887 V PickerDbFacade: 	at java.util.concurrent.ThreadPoolExecutor.runWorker(ThreadPoolExecutor.java:1154)
05-25 02:43:56.375  1529  8887 V PickerDbFacade: 	at java.util.concurrent.ThreadPoolExecutor$Worker.run(ThreadPoolExecutor.java:652)
05-25 02:43:56.375  1529  8887 V PickerDbFacade: 	at java.lang.Thread.run(Thread.java:1563)
05-25 02:43:56.375  1529  8887 V PickerDbFacade: Retrying failed insert as update. ContentValues: _user_id=0 standard_mime_type_extension=0 size_bytes=207838 orientation=0 height=2400 owner_package_name=com.android.shell date_taken_ms=1779673330000 duration_ms=0 sync_generation=2690 mime_type=image/png width=1080 is_favorite=0 local_id=241 is_visible=1
05-25 02:43:56.375  1529  8887 D PickerSyncLockManager: Trying to acquire lock com.android.providers.media.photopicker.sync.CloseableReentrantLock@cffd47[Unlocked]. Lock Name = CLOUD_PROVIDER_LOCK. Threads that may be waiting to acquire this lock = [] with timeout.
05-25 02:43:56.375  1529  8887 D CloseableReentrantLock: Successfully acquired lock com.android.providers.media.photopicker.sync.CloseableReentrantLock@cffd47[Locked by thread pool-4-thread-90]. Lock Name = CLOUD_PROVIDER_LOCK. Threads that may be waiting to acquire this lock = []
05-25 02:43:56.375  1529  8887 D PickerSyncController: Saving next page token: 1779673330000|241 for key: local_provider:media_add:resume
05-25 02:43:56.376  1529  8887 D CloseableReentrantLock: Successfully released lock com.android.providers.media.photopicker.sync.CloseableReentrantLock@cffd47[Unlocked]. Lock Name = CLOUD_PROVIDER_LOCK. Threads that may be waiting to acquire this lock = []
05-25 02:43:56.376  1529  8887 D PickerNotificationSender: Sending a notification for media update
05-25 02:43:56.376  1529  8887 D PickerNotificationSender: Sending a notification for merged album media update Videos
05-25 02:43:56.376  1529  8887 D PickerNotificationSender: Sending a notification for album media update Videos
05-25 02:43:56.377  1529  8887 D PickerNotificationSender: Sending a notification for merged album media update Favorites
05-25 02:43:56.377  1529  8887 D PickerNotificationSender: Sending a notification for album media update Favorites
05-25 02:43:56.377  1529  8887 D ExternalDbFacade: Token received for queryMedia = 1779673330000|241
05-25 02:43:56.377  1529  8887 D PickerSyncLockManager: Trying to acquire lock com.android.providers.media.photopicker.sync.CloseableReentrantLock@cffd47[Unlocked]. Lock Name = CLOUD_PROVIDER_LOCK. Threads that may be waiting to acquire this lock = [] with timeout.
05-25 02:43:56.377  1529  8887 D CloseableReentrantLock: Successfully acquired lock com.android.providers.media.photopicker.sync.CloseableReentrantLock@cffd47[Locked by thread pool-4-thread-90]. Lock Name = CLOUD_PROVIDER_LOCK. Threads that may be waiting to acquire this lock = []
05-25 02:43:56.377  1529  8887 D PickerSyncController: Clearing next page token for key: local_provider:media_add:resume
05-25 02:43:56.377  1529  8887 D CloseableReentrantLock: Successfully released lock com.android.providers.media.photopicker.sync.CloseableReentrantLock@cffd47[Unlocked]. Lock Name = CLOUD_PROVIDER_LOCK. Threads that may be waiting to acquire this lock = []
05-25 02:43:56.377  1529  8887 D PickerNotificationSender: Sending a notification for media update
05-25 02:43:56.377  1529  8887 D PickerNotificationSender: Sending a notification for merged album media update Videos
05-25 02:43:56.377  1529  8887 D PickerNotificationSender: Sending a notification for album media update Videos
05-25 02:43:56.378  1529  8887 D PickerNotificationSender: Sending a notification for merged album media update Favorites
05-25 02:43:56.378  1529  8887 D PickerNotificationSender: Sending a notification for album media update Favorites
05-25 02:43:56.378  1529  8887 I PickerSyncController: Paged sync successful. QueryArgs: Bundle[{android.provider.extra.PAGE_TOKEN=1779673330000|241, android.provider.extra.SYNC_GENERATION=2682, android.provider.extra.PAGE_SIZE=1000}] Total Rows: 3
05-25 02:43:56.378  1529  8887 I PickerSyncController: Executing SyncRemove. isLocal: true. authority: com.android.providers.media.photopicker
05-25 02:43:56.378  1529  8887 D PickerSyncLockManager: Trying to acquire lock com.android.providers.media.photopicker.sync.CloseableReentrantLock@cffd47[Unlocked]. Lock Name = CLOUD_PROVIDER_LOCK. Threads that may be waiting to acquire this lock = [] with timeout.
05-25 02:43:56.378  1529  8887 D CloseableReentrantLock: Successfully acquired lock com.android.providers.media.photopicker.sync.CloseableReentrantLock@cffd47[Locked by thread pool-4-thread-90]. Lock Name = CLOUD_PROVIDER_LOCK. Threads that may be waiting to acquire this lock = []
05-25 02:43:56.378  1529  8887 D CloseableReentrantLock: Successfully released lock com.android.providers.media.photopicker.sync.CloseableReentrantLock@cffd47[Unlocked]. Lock Name = CLOUD_PROVIDER_LOCK. Threads that may be waiting to acquire this lock = []
05-25 02:43:56.378  1529  8887 D PickerSyncLockManager: Trying to acquire lock com.android.providers.media.photopicker.sync.CloseableReentrantLock@cffd47[Unlocked]. Lock Name = CLOUD_PROVIDER_LOCK. Threads that may be waiting to acquire this lock = [] with timeout.
05-25 02:43:56.378  1529  8887 D CloseableReentrantLock: Successfully acquired lock com.android.providers.media.photopicker.sync.CloseableReentrantLock@cffd47[Locked by thread pool-4-thread-90]. Lock Name = CLOUD_PROVIDER_LOCK. Threads that may be waiting to acquire this lock = []
05-25 02:43:56.378  1529  8887 D PickerSyncController: Clearing next page token for key: local_provider:media_remove:resume
05-25 02:43:56.378  1529  8887 D CloseableReentrantLock: Successfully released lock com.android.providers.media.photopicker.sync.CloseableReentrantLock@cffd47[Unlocked]. Lock Name = CLOUD_PROVIDER_LOCK. Threads that may be waiting to acquire this lock = []
05-25 02:43:56.378  1529  8887 D PickerNotificationSender: Sending a notification for media update
05-25 02:43:56.378  1529  8887 D PickerNotificationSender: Sending a notification for merged album media update Videos
05-25 02:43:56.378  1529  8887 D PickerNotificationSender: Sending a notification for album media update Videos
05-25 02:43:56.379  1529  8887 D PickerNotificationSender: Sending a notification for merged album media update Favorites
05-25 02:43:56.379  1529  8887 D PickerNotificationSender: Sending a notification for album media update Favorites
05-25 02:43:56.379  1529  8887 I PickerSyncController: Paged sync successful. QueryArgs: Bundle[{android.provider.extra.PAGE_TOKEN=1779673330000|241, android.provider.extra.SYNC_GENERATION=2682, android.provider.extra.PAGE_SIZE=1000}] Total Rows: 0
05-25 02:43:56.379  1529  8887 I PickerSyncTracker: Marked sync future complete for work id: cb613876-da06-43a0-bd68-3219c9d3d4ca. Future map: {}
05-25 02:43:56.379  1529  8887 I PSyncWorker: Completed picker proactive sync complete from local provider.
05-25 02:43:56.379  1529  1727 I WM-WorkerWrapper: Worker result SUCCESS for Work [ id=cb613876-da06-43a0-bd68-3219c9d3d4ca, tags={ com.android.providers.media.photopicker.sync.ProactiveSyncWorker } ]
05-25 02:43:56.380  1529  1529 D WM-Processor: Processor cb613876-da06-43a0-bd68-3219c9d3d4ca executed; reschedule = false
05-25 02:43:56.380  1529  1529 D WM-GreedyScheduler: Stopping tracking for WorkGenerationalId(workSpecId=cb613876-da06-43a0-bd68-3219c9d3d4ca, generation=0)
05-25 02:43:56.380  1529  1529 D WM-SystemJobService: cb613876-da06-43a0-bd68-3219c9d3d4ca executed on JobScheduler
05-25 02:43:56.382  1529  1727 D WM-GreedyScheduler: Cancelling work ID cb613876-da06-43a0-bd68-3219c9d3d4ca
05-25 02:43:56.382  1529  1727 D WM-GreedyScheduler: Ignoring {WorkSpec: fce74054-5d75-49ac-b1fb-61b1c63b64d1}. Requires device idle.
05-25 02:43:56.382  1529  1727 D WM-GreedyScheduler: Ignoring {WorkSpec: 748d3965-3023-45a6-9a32-baafa7d90ebf}. Requires device idle.
05-25 02:43:56.382  1529  1727 D WM-GreedyScheduler: Ignoring {WorkSpec: bbc248da-5aec-4565-83d8-ed90ba3a683c}. Requires device idle.
05-25 02:43:56.382  1529  1727 D WM-GreedyScheduler: Ignoring {WorkSpec: a7b8fc44-3a39-43d5-96b8-cef5bb529d35}. Requires device idle.
05-25 02:43:56.382  1529  1727 D WM-BrdcstRcvrCnstrntTrc: BatteryNotLowTracker: unregistering receiver
05-25 02:43:57.134   755   982 W AS.PlaybackActivityMon: No piid assigned for invalid/internal port id 15
05-25 02:43:57.926   755   906 I HalDevMgr: bestIfaceCreationProposal is null, requestIface=STA, existingIface=[name=wlan0 type=STA]
