--------- beginning of main
05-25 04:53:18.260 D/AndroidRuntime(19892): >>>>>> START com.android.internal.os.RuntimeInit uid 2000 <<<<<<
05-25 04:53:18.264 I/AndroidRuntime(19892): Using default boot image
05-25 04:53:18.264 I/AndroidRuntime(19892): Leaving lock profiling enabled
05-25 04:53:18.266 I/app_process(19892): Using CollectorTypeCMC GC.
05-25 04:53:18.323 D/nativeloader(19892): InitDefaultPublicLibraries for_preload=1: libandroid.so:libaaudio.so:libamidi.so:libbinder_ndk.so:libc.so:libcamera2ndk.so:libdl.so:libEGL.so:libGLESv1_CM.so:libGLESv2.so:libGLESv3.so:libicu.so:libicui18n.so:libicuuc.so:libjnigraphics.so:liblog.so:libmediandk.so:libm.so:libnativehelper.so:libnativewindow.so:libOpenMAXAL.so:libOpenSLES.so:libRS.so:libstdc++.so:libsync.so:libvulkan.so:libwebviewchromium_plat_support.so:libz.so
05-25 04:53:18.332 D/nativeloader(19892): Load libicu_jni.so using APEX ns com_android_art for caller /apex/com.android.art/javalib/core-oj.jar: ok
05-25 04:53:18.332 D/app_process(19892): u_setTimeZoneFilesDirectory("/apex/com.android.tzdata/etc/tz/versioned/9/icu") succeeded. 
05-25 04:53:18.332 D/app_process(19892): I18n APEX ICU file found: /apex/com.android.i18n/etc/icu/icudt76l.dat
05-25 04:53:18.332 D/nativeloader(19892): Load libjavacore.so using APEX ns com_android_art for caller /apex/com.android.art/javalib/core-oj.jar: ok
05-25 04:53:18.333 D/nativeloader(19892): Load libopenjdk.so using APEX ns com_android_art for caller /apex/com.android.art/javalib/core-oj.jar: ok
05-25 04:53:18.334 I/app_process(19892): Priority-to-niceness mapping: 19, 16, 13, 10, 0, -2, -4, -5, -6, -8
05-25 04:53:18.334 W/app_process(19892): Unexpected CPU variant for x86: x86_64.
05-25 04:53:18.334 W/app_process(19892): Known variants: atom, sandybridge, silvermont, goldmont, goldmont-plus, goldmont-without-sha-xsaves, tremont, kabylake, alderlake, default
05-25 04:53:18.335 W/app_process(19892): ClassLoaderContext shared library size mismatch. Expected=2, found=0 (PCL[]{PCL[/system/framework/android.test.base.jar*1653369819]#PCL[/system/framework/android.test.mock.jar*1009639922]} | PCL[])
05-25 04:53:18.336 W/app_process(19892): ClassLoaderContext classpath size mismatch. expected=0, found=1 (PCL[]{PCL[/system/framework/android.test.runner.jar*3954641918]{PCL[/system/framework/android.test.base.jar*1653369819]#PCL[/system/framework/android.test.mock.jar*1009639922]}#PCL[/system/framework/android.test.base.jar*1653369819]} | PCL[/system/framework/android.test.runner.jar*3954641918])
05-25 04:53:18.353 D/nativeloader(19892): Load libframework-connectivity-tiramisu-jni.so using APEX ns com_android_tethering for caller /apex/com.android.tethering/javalib/framework-connectivity-t.jar: ok
05-25 04:53:18.353 D/AndroidRuntime(19892): Calling main entry com.android.commands.uiautomator.Launcher
05-25 04:53:18.355 I/AconfigPackage(19892): android.media.swcodec.flags is mapped to com.android.media.swcodec
05-25 04:53:18.356 I/AconfigPackage(19892): com.android.permission.flags is mapped to com.android.permission
05-25 04:53:18.356 I/AconfigPackage(19892): com.android.permissioncontroller.flags is mapped to com.android.permission
05-25 04:53:18.356 I/AconfigPackage(19892): com.android.icu is mapped to com.android.i18n
05-25 04:53:18.356 I/AconfigPackage(19892): com.android.appsearch.flags is mapped to com.android.appsearch
05-25 04:53:18.356 I/AconfigPackage(19892): android.uprobestats.mainline.flags is mapped to com.android.uprobestats
05-25 04:53:18.356 I/AconfigPackage(19892): com.android.crashrecovery.flags is mapped to com.android.crashrecovery
05-25 04:53:18.356 I/AconfigPackage(19892): android.provider.flags is mapped to com.android.configinfrastructure
05-25 04:53:18.356 I/AconfigPackage(19892): com.android.server.deviceconfig is mapped to com.android.configinfrastructure
05-25 04:53:18.357 I/AconfigPackage(19892): com.android.compos.flags is mapped to com.android.compos
05-25 04:53:18.357 I/AconfigPackage(19892): com.android.art.flags is mapped to com.android.art
05-25 04:53:18.357 I/AconfigPackage(19892): com.android.art.rw.flags is mapped to com.android.art
05-25 04:53:18.357 I/AconfigPackage(19892): com.android.libcore is mapped to com.android.art
05-25 04:53:18.357 I/AconfigPackage(19892): com.android.telephony.flags is mapped to com.android.telephonycore
05-25 04:53:18.357 I/AconfigPackage(19892): com.android.media.extractor.flags is mapped to com.android.media
05-25 04:53:18.357 I/AconfigPackage(19892): com.android.media.mainline.flags is mapped to com.android.media
05-25 04:53:18.357 I/AconfigPackage(19892): com.android.wifi.flags is mapped to com.android.wifi
05-25 04:53:18.357 I/AconfigPackage(19892): com.android.org.conscrypt.flags is mapped to com.android.conscrypt
05-25 04:53:18.357 I/AconfigPackage(19892): com.android.org.conscrypt.net.flags is mapped to com.android.conscrypt
05-25 04:53:18.357 I/AconfigPackage(19892): com.android.healthfitness.flags is mapped to com.android.healthfitness
05-25 04:53:18.357 I/AconfigPackage(19892): com.android.ipsec.flags is mapped to com.android.ipsec
05-25 04:53:18.357 I/AconfigPackage(19892): com.android.nfc.module.flags is mapped to com.android.nfcservices
05-25 04:53:18.357 I/AconfigPackage(19892): com.android.adservices.ondevicepersonalization.flags is mapped to com.android.ondevicepersonalization
05-25 04:53:18.357 I/AconfigPackage(19892): com.android.adbd.flags is mapped to com.android.adbd
05-25 04:53:18.357 I/AconfigPackage(19892): com.android.bluetooth.flags is mapped to com.android.bt
05-25 04:53:18.357 I/AconfigPackage(19892): com.android.devicelock.flags is mapped to com.android.devicelock
05-25 04:53:18.358 I/AconfigPackage(19892): android.os.profiling is mapped to com.android.profiling
05-25 04:53:18.358 I/AconfigPackage(19892): android.os.profiling.anomaly.flags is mapped to com.android.profiling
05-25 04:53:18.358 I/AconfigPackage(19892): com.android.os.statsd.flags is mapped to com.android.os.statsd
05-25 04:53:18.358 I/AconfigPackage(19892): com.android.rkpd.flags is mapped to com.android.rkpd
05-25 04:53:18.358 I/AconfigPackage(19892): com.android.cellbroadcastreceiver.flags is mapped to com.android.cellbroadcast
05-25 04:53:18.358 I/AconfigPackage(19892): com.android.adservices.flags is mapped to com.android.adservices
05-25 04:53:18.358 I/AconfigPackage(19892): com.android.sdksandbox.flags is mapped to com.android.adservices
05-25 04:53:18.358 I/AconfigPackage(19892): com.android.uwb.flags is mapped to com.android.uwb
05-25 04:53:18.358 I/AconfigPackage(19892): com.android.ranging.flags is mapped to com.android.uwb
05-25 04:53:18.358 I/AconfigPackage(19892): android.graphics.pdf.flags is mapped to com.android.mediaprovider
05-25 04:53:18.358 I/AconfigPackage(19892): com.android.providers.media.flags is mapped to com.android.mediaprovider
05-25 04:53:18.358 I/AconfigPackage(19892): android.graphics.pdf.flags.readonly is mapped to com.android.mediaprovider
05-25 04:53:18.358 I/AconfigPackage(19892): com.android.tethering.mainline.beta is mapped to com.android.tethering
05-25 04:53:18.358 I/AconfigPackage(19892): android.net.http is mapped to com.android.tethering
05-25 04:53:18.358 I/AconfigPackage(19892): com.android.tethering.readonly.flags is mapped to com.android.tethering
05-25 04:53:18.358 I/AconfigPackage(19892): android.net.vcn is mapped to com.android.tethering
05-25 04:53:18.358 I/AconfigPackage(19892): com.android.net.flags is mapped to com.android.tethering
05-25 04:53:18.358 I/AconfigPackage(19892): com.android.tethering.beta.test is mapped to com.android.tethering
05-25 04:53:18.358 I/AconfigPackage(19892): com.android.nearby.flags is mapped to com.android.tethering
05-25 04:53:18.358 I/AconfigPackage(19892): com.android.net.ct.flags is mapped to com.android.tethering
05-25 04:53:18.358 I/AconfigPackage(19892): com.android.net.thread.flags is mapped to com.android.tethering
05-25 04:53:18.358 I/AconfigPackage(19892): com.android.system.virtualmachine.flags is mapped to com.android.virt
05-25 04:53:18.358 E/FeatureFlagsImplExport(19892): android.os.flagging.AconfigStorageReadException: ERROR_PACKAGE_NOT_FOUND: package android.xr cannot be found on the device
05-25 04:53:18.361 D/UiAutomationConnection(19892): Created on user UserHandle{0}
05-25 04:53:18.361 I/UiAutomation(19892): Initialized for user 0 on display 0
05-25 04:53:18.361 W/UiAutomation(19892): Created with deprecatead constructor, assumes DEFAULT_DISPLAY
--------- beginning of system
05-25 04:53:18.362 D/AccessibilityManagerService(  755): changeCurrentUserForTestAutomationIfNeededLocked(0): ignoring because device doesn't support visible background users
05-25 04:53:18.362 I/UiAutomationManager(  755): Registering UiTestAutomationService (id=com.android.server.accessibility/UiAutomation, flags=0x0) when called by user 0
05-25 04:53:18.362 V/AccessibilityManagerService(  755): onUserStateChangedLocked for userId: 0, forceUpdate: false
05-25 04:53:18.364 V/AccessibilityUserState(  755): updateShortcutTargets: type:accessibility_shortcut_target_service, current:{}, new:{}
05-25 04:53:18.364 V/AccessibilityUserState(  755): updateShortcutTargets: type:accessibility_button_targets, current:{}, new:{}
05-25 04:53:18.364 V/AccessibilityUserState(  755): updateShortcutTargets: type:accessibility_gesture_targets, current:{}, new:{}
05-25 04:53:18.364 V/AccessibilityUserState(  755): updateShortcutTargets: type:accessibility_qs_targets, current:{}, new:{}
05-25 04:53:18.364 V/AccessibilityUserState(  755): updateShortcutTargets: type:accessibility_key_gesture_targets, current:{}, new:{}
05-25 04:53:18.364 W/MagnificationConnectionManager(  755): requestConnection duplicated request: connect=false, mConnectionState=DISCONNECTED
05-25 04:53:18.366 W/libbinder.IPCThreadState(  755): Sending oneway calls to frozen process.
05-25 04:53:18.368 I/AiAiEcho( 1546): Settings changed for uri: content://settings/secure/accessibility_enabled
05-25 04:53:18.368 I/AiAiEcho( 1546): Predicting[0]:  [CONTEXT sampling_count=5 ]
05-25 04:53:18.368 I/AiAiEcho( 1546): EchoTargets: 
05-25 04:53:18.368 I/AiAiEcho( 1546): Filtered by AiAi flag check: 
05-25 04:53:18.368 I/AiAiEcho( 1546): [CONTEXT ratelimit_period="10 SECONDS" ]
05-25 04:53:18.369 I/AiAiEcho( 1546): #remoteViewsTwiddler: feature disabled.
05-25 04:53:18.369 I/AiAiEcho( 1546): Predicting[0]:  [CONTEXT sampling_count=5 ]
05-25 04:53:18.369 I/AiAiEcho( 1546): EchoTargets: 
05-25 04:53:18.369 I/AiAiEcho( 1546): Filtered by AiAi flag check: 
05-25 04:53:18.369 I/AiAiEcho( 1546): [CONTEXT ratelimit_period="10 SECONDS" ]
05-25 04:53:18.369 I/AiAiEcho( 1546): #remoteViewsTwiddler: feature disabled.
05-25 04:53:18.369 I/AiAiEcho( 1546): #postPredictionTargets: Sending updates to UISurface lockscreen with targets# 0 (types=[])
05-25 04:53:18.369 I/AiAiEcho( 1546): #postPredictionTargets: Sending updates to UISurface home with targets# 0 (types=[])
05-25 04:53:18.369 W/SsPagerDots( 1012): Total number of pages invalid: 0. Assuming 1 page.
05-25 04:53:18.370 W/libbinder.IPCThreadState(  755): Sending oneway calls to frozen process.
05-25 04:53:18.370 W/libbinder.IPCThreadState(  755): Sending oneway calls to frozen process.
05-25 04:53:18.371 W/libbinder.IPCThreadState(  755): Sending oneway calls to frozen process.
05-25 04:53:18.371 W/libbinder.IPCThreadState(  755): Sending oneway calls to frozen process.
05-25 04:53:18.371 W/libbinder.IPCThreadState(  755): Sending oneway calls to frozen process.
05-25 04:53:18.371 W/libbinder.IPCThreadState(  755): Sending oneway calls to frozen process.
05-25 04:53:18.372 W/libbinder.IPCThreadState(  755): Sending oneway calls to frozen process.
05-25 04:53:18.372 W/libbinder.IPCThreadState(  755): Sending oneway calls to frozen process.
05-25 04:53:18.372 V/AccessibilityManagerService(  755): onUserStateChangedLocked for userId: 0, forceUpdate: false
05-25 04:53:18.373 V/AccessibilityUserState(  755): updateShortcutTargets: type:accessibility_shortcut_target_service, current:{}, new:{}
05-25 04:53:18.373 V/AccessibilityUserState(  755): updateShortcutTargets: type:accessibility_button_targets, current:{}, new:{}
05-25 04:53:18.373 V/AccessibilityUserState(  755): updateShortcutTargets: type:accessibility_gesture_targets, current:{}, new:{}
05-25 04:53:18.373 V/AccessibilityUserState(  755): updateShortcutTargets: type:accessibility_qs_targets, current:{}, new:{}
05-25 04:53:18.373 V/AccessibilityUserState(  755): updateShortcutTargets: type:accessibility_key_gesture_targets, current:{}, new:{}
05-25 04:53:18.373 W/MagnificationConnectionManager(  755): requestConnection duplicated request: connect=false, mConnectionState=DISCONNECTED
05-25 04:53:18.373 I/AiAiEcho( 1546): Settings changed for uri: content://settings/secure/accessibility_enabled
05-25 04:53:18.373 I/AiAiEcho( 1546): Predicting[0]:  [CONTEXT sampling_count=5 ]
05-25 04:53:18.373 I/AiAiEcho( 1546): EchoTargets: 
05-25 04:53:18.373 I/AiAiEcho( 1546): Filtered by AiAi flag check: 
05-25 04:53:18.373 I/AiAiEcho( 1546): [CONTEXT ratelimit_period="10 SECONDS" ]
05-25 04:53:18.373 I/AiAiEcho( 1546): #remoteViewsTwiddler: feature disabled.
05-25 04:53:18.373 I/AiAiEcho( 1546): Predicting[0]:  [CONTEXT sampling_count=5 ]
05-25 04:53:18.373 I/AiAiEcho( 1546): EchoTargets: 
05-25 04:53:18.373 I/AiAiEcho( 1546): Filtered by AiAi flag check: 
05-25 04:53:18.373 I/AiAiEcho( 1546): [CONTEXT ratelimit_period="10 SECONDS" ]
05-25 04:53:18.373 I/AiAiEcho( 1546): #remoteViewsTwiddler: feature disabled.
05-25 04:53:18.373 I/AiAiEcho( 1546): #postPredictionTargets: Sending updates to UISurface lockscreen with targets# 0 (types=[])
05-25 04:53:18.374 I/AiAiEcho( 1546): #postPredictionTargets: Sending updates to UISurface home with targets# 0 (types=[])
05-25 04:53:18.374 W/libbinder.IPCThreadState(  755): Sending oneway calls to frozen process.
05-25 04:53:18.374 W/libbinder.IPCThreadState(  755): Sending oneway calls to frozen process.
05-25 04:53:18.374 W/libbinder.IPCThreadState(  755): Sending oneway calls to frozen process.
05-25 04:53:18.374 W/libbinder.IPCThreadState(  755): Sending oneway calls to frozen process.
05-25 04:53:18.374 W/libbinder.IPCThreadState(  755): Sending oneway calls to frozen process.
05-25 04:53:18.374 W/libbinder.IPCThreadState(  755): Sending oneway calls to frozen process.
05-25 04:53:18.374 W/libbinder.IPCThreadState(  755): Sending oneway calls to frozen process.
05-25 04:53:18.374 W/libbinder.IPCThreadState(  755): Sending oneway calls to frozen process.
05-25 04:53:18.374 W/SsPagerDots( 1012): Total number of pages invalid: 0. Assuming 1 page.
05-25 04:53:18.378 W/libbinder.IPCThreadState(  755): Sending oneway calls to frozen process.
05-25 04:53:18.378 W/libbinder.IPCThreadState(  755): Sending oneway calls to frozen process.
05-25 04:53:18.378 W/libbinder.IPCThreadState(  755): Sending oneway calls to frozen process.
05-25 04:53:18.378 W/libbinder.IPCThreadState(  755): Sending oneway calls to frozen process.
05-25 04:53:18.378 W/libbinder.IPCThreadState(  755): Sending oneway calls to frozen process.
05-25 04:53:18.379 W/libbinder.IPCThreadState(  755): Sending oneway calls to frozen process.
05-25 04:53:18.379 W/libbinder.IPCThreadState(  755): Sending oneway calls to frozen process.
05-25 04:53:18.379 W/libbinder.IPCThreadState(  755): Sending oneway calls to frozen process.
05-25 04:53:18.383 W/libbinder.IPCThreadState(  755): Sending oneway calls to frozen process.
05-25 04:53:18.383 W/libbinder.IPCThreadState(  755): Sending oneway calls to frozen process.
05-25 04:53:18.383 W/libbinder.IPCThreadState(  755): Sending oneway calls to frozen process.
05-25 04:53:18.384 W/libbinder.IPCThreadState(  755): Sending oneway calls to frozen process.
05-25 04:53:18.384 W/libbinder.IPCThreadState(  755): Sending oneway calls to frozen process.
05-25 04:53:18.384 W/libbinder.IPCThreadState(  755): Sending oneway calls to frozen process.
05-25 04:53:18.384 W/libbinder.IPCThreadState(  755): Sending oneway calls to frozen process.
05-25 04:53:18.384 W/libbinder.IPCThreadState(  755): Sending oneway calls to frozen process.
05-25 04:53:18.387 W/libbinder.IPCThreadState(  755): Sending oneway calls to frozen process.
05-25 04:53:18.387 W/libbinder.IPCThreadState(  755): Sending oneway calls to frozen process.
05-25 04:53:18.387 W/libbinder.IPCThreadState(  755): Sending oneway calls to frozen process.
05-25 04:53:18.387 W/libbinder.IPCThreadState(  755): Sending oneway calls to frozen process.
05-25 04:53:18.387 W/libbinder.IPCThreadState(  755): Sending oneway calls to frozen process.
05-25 04:53:18.388 W/libbinder.IPCThreadState(  755): Sending oneway calls to frozen process.
05-25 04:53:18.388 W/libbinder.IPCThreadState(  755): Sending oneway calls to frozen process.
05-25 04:53:18.388 D/BatterySaverPolicy(  755): accessibility changed to true, updating policy.
05-25 04:53:18.391 D/AccessibilityManagerService(  755): .getAccessibilityShortcutTargets {shortcutType=32, userId=0}
05-25 04:53:19.397 W/AccessibilityNodeInfoDumper(19892): Fetch time: 1ms
05-25 04:53:19.398 V/AccessibilityManagerService(  755): onUserStateChangedLocked for userId: 0, forceUpdate: false
05-25 04:53:19.400 V/AccessibilityUserState(  755): updateShortcutTargets: type:accessibility_shortcut_target_service, current:{}, new:{}
05-25 04:53:19.400 V/AccessibilityUserState(  755): updateShortcutTargets: type:accessibility_button_targets, current:{}, new:{}
05-25 04:53:19.400 V/AccessibilityUserState(  755): updateShortcutTargets: type:accessibility_gesture_targets, current:{}, new:{}
05-25 04:53:19.400 V/AccessibilityUserState(  755): updateShortcutTargets: type:accessibility_qs_targets, current:{}, new:{}
05-25 04:53:19.400 V/AccessibilityUserState(  755): updateShortcutTargets: type:accessibility_key_gesture_targets, current:{}, new:{}
05-25 04:53:19.400 W/MagnificationConnectionManager(  755): requestConnection duplicated request: connect=false, mConnectionState=DISCONNECTED
05-25 04:53:19.400 D/AccessibilityManagerService(  755): restoreCurrentUserForTestAutomationIfNeededLocked(): ignoring because device doesn't support visible background users
05-25 04:53:19.400 W/libbinder.IPCThreadState(  755): Sending oneway calls to frozen process.
05-25 04:53:19.402 W/libbinder.IPCThreadState(  755): Sending oneway calls to frozen process.
05-25 04:53:19.402 W/libbinder.IPCThreadState(  755): Sending oneway calls to frozen process.
05-25 04:53:19.402 W/libbinder.IPCThreadState(  755): Sending oneway calls to frozen process.
05-25 04:53:19.402 W/libbinder.IPCThreadState(  755): Sending oneway calls to frozen process.
05-25 04:53:19.402 W/libbinder.IPCThreadState(  755): Sending oneway calls to frozen process.
05-25 04:53:19.402 W/libbinder.IPCThreadState(  755): Sending oneway calls to frozen process.
05-25 04:53:19.402 W/libbinder.IPCThreadState(  755): Sending oneway calls to frozen process.
05-25 04:53:19.402 W/libbinder.IPCThreadState(  755): Sending oneway calls to frozen process.
05-25 04:53:19.403 I/AiAiEcho( 1546): Settings changed for uri: content://settings/secure/accessibility_enabled
05-25 04:53:19.403 I/AiAiEcho( 1546): Predicting[0]:  [CONTEXT sampling_count=5 ]
05-25 04:53:19.404 I/AiAiEcho( 1546): EchoTargets: 
05-25 04:53:19.404 I/AiAiEcho( 1546): Filtered by AiAi flag check: 
05-25 04:53:19.404 I/AiAiEcho( 1546): [CONTEXT ratelimit_period="10 SECONDS" ]
05-25 04:53:19.404 I/AiAiEcho( 1546): #remoteViewsTwiddler: feature disabled.
05-25 04:53:19.404 I/AiAiEcho( 1546): Predicting[0]:  [CONTEXT sampling_count=5 ]
05-25 04:53:19.404 I/AiAiEcho( 1546): EchoTargets: 
05-25 04:53:19.404 I/AiAiEcho( 1546): Filtered by AiAi flag check: 
05-25 04:53:19.404 I/AiAiEcho( 1546): [CONTEXT ratelimit_period="10 SECONDS" ]
05-25 04:53:19.404 I/AiAiEcho( 1546): #remoteViewsTwiddler: feature disabled.
05-25 04:53:19.404 I/AiAiEcho( 1546): #postPredictionTargets: Sending updates to UISurface lockscreen with targets# 0 (types=[])
05-25 04:53:19.405 I/AiAiEcho( 1546): #postPredictionTargets: Sending updates to UISurface home with targets# 0 (types=[])
05-25 04:53:19.405 W/SsPagerDots( 1012): Total number of pages invalid: 0. Assuming 1 page.
05-25 04:53:19.406 D/AndroidRuntime(19892): Shutting down VM
05-25 04:53:19.406 W/libbinder.IPCThreadState(  755): Sending oneway calls to frozen process.
05-25 04:53:19.406 W/libbinder.IPCThreadState(  755): Sending oneway calls to frozen process.
05-25 04:53:19.406 W/libbinder.IPCThreadState(  755): Sending oneway calls to frozen process.
05-25 04:53:19.406 W/libbinder.IPCThreadState(  755): Sending oneway calls to frozen process.
05-25 04:53:19.407 W/libbinder.IPCThreadState(  755): Sending oneway calls to frozen process.
05-25 04:53:19.407 W/libbinder.IPCThreadState(19892): call to talkWithDriver in joinThreadPool returned error: -9 (Bad file descriptor), FD: -1
05-25 04:53:19.408 W/libbinder.IPCThreadState(19892): call to talkWithDriver in joinThreadPool returned error: -9 (Bad file descriptor), FD: -1
05-25 04:53:19.409 W/libbinder.IPCThreadState(  755): Sending oneway calls to frozen process.
05-25 04:53:19.409 W/libbinder.IPCThreadState(  755): Sending oneway calls to frozen process.
05-25 04:53:19.410 W/libbinder.IPCThreadState(  755): Sending oneway calls to frozen process.
05-25 04:53:19.412 W/libbinder.IPCThreadState(  755): Sending oneway calls to frozen process.
05-25 04:53:19.412 W/libbinder.IPCThreadState(  755): Sending oneway calls to frozen process.
05-25 04:53:19.412 W/libbinder.IPCThreadState(  755): Sending oneway calls to frozen process.
05-25 04:53:19.412 W/libbinder.IPCThreadState(  755): Sending oneway calls to frozen process.
05-25 04:53:19.412 W/libbinder.IPCThreadState(  755): Sending oneway calls to frozen process.
05-25 04:53:19.412 W/libbinder.IPCThreadState(  755): Sending oneway calls to frozen process.
05-25 04:53:19.412 W/libbinder.IPCThreadState(  755): Sending oneway calls to frozen process.
05-25 04:53:19.412 D/BatterySaverPolicy(  755): accessibility changed to false, updating policy.
05-25 04:53:19.622 I/HalDevMgr(  755): bestIfaceCreationProposal is null, requestIface=STA, existingIface=[name=wlan0 type=STA]
05-25 04:53:21.113 D/InetDiagMessage(  755): Destroyed 0 sockets, proto=IPPROTO_TCP, family=AF_INET, states=14
05-25 04:53:21.113 D/InetDiagMessage(  755): Destroyed 0 sockets, proto=IPPROTO_TCP, family=AF_INET6, states=14
05-25 04:53:21.113 D/InetDiagMessage(  755): Destroyed live tcp sockets for uids={10202} in 0ms
05-25 04:53:21.113 D/InetDiagMessage(  755): Destroyed 0 sockets, proto=IPPROTO_TCP, family=AF_INET, states=14
05-25 04:53:21.114 D/InetDiagMessage(  755): Destroyed 0 sockets, proto=IPPROTO_TCP, family=AF_INET6, states=14
05-25 04:53:21.114 D/InetDiagMessage(  755): Destroyed live tcp sockets for uids={20202} in 0ms
05-25 04:53:21.678 W/libbinder.BackendUnifiedServiceManager(19910): Thread Pool max thread count is 0. Cannot cache binder as linkToDeath cannot be implemented. serviceName: SurfaceFlingerAIDL
05-25 04:53:21.678 W/libbinder.BpBinder(19910): Linking to death on android.gui.ISurfaceComposer but there are no threads (yet?) listening to incoming transactions. See ProcessState::startThreadPool and ProcessState::setThreadPoolMaxThreadCount. Generally you should setup the binder threadpool before other initialization steps.
05-25 04:53:21.678 W/libbinder.ProcessState(19910): Extra binder thread started, but 0 threads requested. Do not use *startThreadPool when zero threads are requested.
05-25 04:53:21.774 W/MediaProvider( 1529): isAppCloneUserPair for user 0: false
05-25 04:53:21.824 I/NetworkScheduler.Stats( 1334): (REDACTED) Task %s/%s started execution. cause:%s exec_start_elapsed_seconds: %s
05-25 04:53:21.832 I/NetworkScheduler.Stats( 1334): (REDACTED) Task %s/%s finished executing. cause:%s result: %s elapsed_millis: %s uptime_millis: %s exec_start_elapsed_seconds: %s
05-25 04:53:21.882 I/ActivityManager(  755): Broadcasting: Intent { act=android.intent.action.MEDIA_SCANNER_SCAN_FILE dat=file:///... flg=0x400000 }
05-25 04:53:21.883 I/ActivityManager(  755): Enqueued broadcast Intent { act=android.intent.action.MEDIA_SCANNER_SCAN_FILE dat=file:///... flg=0x400000 }: 0
05-25 04:53:21.884 I/MediaServiceV2( 1529): Creating work for intent Intent { act=android.intent.action.MEDIA_SCANNER_SCAN_FILE dat=file:///... flg=0x1400010 cmp=com.google.android.providers.media.module/com.android.providers.media.MediaServiceV2 }
05-25 04:53:21.884 I/MediaServiceV2( 1529): Work enqueued for intent: Intent { act=android.intent.action.MEDIA_SCANNER_SCAN_FILE dat=file:///... flg=0x1400010 cmp=com.google.android.providers.media.module/com.android.providers.media.MediaServiceV2 }
05-25 04:53:21.884 I/ActivityManager(  755): Broadcast completed: result=0
05-25 04:53:21.893 W/JobInfo ( 1529): Requested important-while-foreground flag for job954 is ignored and takes no effect
05-25 04:53:21.893 D/WM-SystemJobScheduler( 1529): Scheduling work ID d3fc2b5b-19a5-43d2-ad50-c1893a874a7eJob ID 954
05-25 04:53:21.903 D/WM-SystemJobService( 1529): onStartJob for WorkGenerationalId(workSpecId=d3fc2b5b-19a5-43d2-ad50-c1893a874a7e, generation=0)
05-25 04:53:21.904 D/WM-GreedyScheduler( 1529): Ignoring {WorkSpec: fce74054-5d75-49ac-b1fb-61b1c63b64d1}. Requires device idle.
05-25 04:53:21.904 D/WM-GreedyScheduler( 1529): Ignoring {WorkSpec: 748d3965-3023-45a6-9a32-baafa7d90ebf}. Requires device idle.
05-25 04:53:21.904 D/WM-GreedyScheduler( 1529): Ignoring {WorkSpec: bbc248da-5aec-4565-83d8-ed90ba3a683c}. Requires device idle.
05-25 04:53:21.904 D/WM-GreedyScheduler( 1529): Ignoring {WorkSpec: a7b8fc44-3a39-43d5-96b8-cef5bb529d35}. Requires device idle.
05-25 04:53:21.904 D/WM-GreedyScheduler( 1529): Starting work for d3fc2b5b-19a5-43d2-ad50-c1893a874a7e
05-25 04:53:21.905 D/WM-Processor( 1529): Processor: processing WorkGenerationalId(workSpecId=d3fc2b5b-19a5-43d2-ad50-c1893a874a7e, generation=0)
05-25 04:53:21.905 D/WM-Processor( 1529): Work WorkGenerationalId(workSpecId=d3fc2b5b-19a5-43d2-ad50-c1893a874a7e, generation=0) is already enqueued for processing
05-25 04:53:21.908 D/WM-WorkerWrapper( 1529): Starting work for com.android.providers.media.MediaServiceV2
05-25 04:53:21.908 I/MediaServiceV2( 1529): Work initiated for action [ android.intent.action.MEDIA_SCANNER_SCAN_FILE ]
05-25 04:53:21.918 I/MediaServiceV2( 1529): Work ended for action [ android.intent.action.MEDIA_SCANNER_SCAN_FILE ]
05-25 04:53:21.919 I/WM-WorkerWrapper( 1529): Worker result SUCCESS for Work [ id=d3fc2b5b-19a5-43d2-ad50-c1893a874a7e, tags={ com.android.providers.media.MediaServiceV2 } ]
05-25 04:53:21.920 D/WM-Processor( 1529): Processor d3fc2b5b-19a5-43d2-ad50-c1893a874a7e executed; reschedule = false
05-25 04:53:21.921 D/WM-SystemJobService( 1529): d3fc2b5b-19a5-43d2-ad50-c1893a874a7e executed on JobScheduler
05-25 04:53:21.922 D/WM-GreedyScheduler( 1529): Cancelling work ID d3fc2b5b-19a5-43d2-ad50-c1893a874a7e
05-25 04:53:21.923 D/WM-GreedyScheduler( 1529): Ignoring {WorkSpec: fce74054-5d75-49ac-b1fb-61b1c63b64d1}. Requires device idle.
05-25 04:53:21.923 D/WM-GreedyScheduler( 1529): Ignoring {WorkSpec: 748d3965-3023-45a6-9a32-baafa7d90ebf}. Requires device idle.
05-25 04:53:21.923 D/WM-GreedyScheduler( 1529): Ignoring {WorkSpec: bbc248da-5aec-4565-83d8-ed90ba3a683c}. Requires device idle.
05-25 04:53:21.923 D/WM-GreedyScheduler( 1529): Ignoring {WorkSpec: a7b8fc44-3a39-43d5-96b8-cef5bb529d35}. Requires device idle.
05-25 04:53:21.925 D/WM-SystemJobScheduler( 1529): Scheduling work ID 4acff59d-849a-4eb3-8698-4a901e863d94Job ID 955
05-25 04:53:21.925 W/JobScheduler(  755): Job didn't exist in JobStore: b829117 {androidx.work.systemjobscheduler} #u0a210/954 #MediaServiceV2#@androidx.work.systemjobscheduler@com.google.android.providers.media.module/androidx.work.impl.background.systemjob.SystemJobService
05-25 04:53:21.926 D/WM-SystemJobService( 1529): onStopJob for WorkGenerationalId(workSpecId=d3fc2b5b-19a5-43d2-ad50-c1893a874a7e, generation=0)
05-25 04:53:21.928 D/WM-GreedyScheduler( 1529): Ignoring {WorkSpec: fce74054-5d75-49ac-b1fb-61b1c63b64d1}. Requires device idle.
05-25 04:53:21.928 D/WM-GreedyScheduler( 1529): Ignoring {WorkSpec: 748d3965-3023-45a6-9a32-baafa7d90ebf}. Requires device idle.
05-25 04:53:21.928 D/WM-GreedyScheduler( 1529): Ignoring {WorkSpec: bbc248da-5aec-4565-83d8-ed90ba3a683c}. Requires device idle.
05-25 04:53:21.928 D/WM-GreedyScheduler( 1529): Ignoring {WorkSpec: a7b8fc44-3a39-43d5-96b8-cef5bb529d35}. Requires device idle.
05-25 04:53:22.083 D/AndroidRuntime(19921): >>>>>> START com.android.internal.os.RuntimeInit uid 2000 <<<<<<
05-25 04:53:22.087 I/AndroidRuntime(19921): Using default boot image
05-25 04:53:22.087 I/AndroidRuntime(19921): Leaving lock profiling enabled
05-25 04:53:22.089 I/app_process(19921): Using CollectorTypeCMC GC.
05-25 04:53:22.151 D/nativeloader(19921): InitDefaultPublicLibraries for_preload=1: libandroid.so:libaaudio.so:libamidi.so:libbinder_ndk.so:libc.so:libcamera2ndk.so:libdl.so:libEGL.so:libGLESv1_CM.so:libGLESv2.so:libGLESv3.so:libicu.so:libicui18n.so:libicuuc.so:libjnigraphics.so:liblog.so:libmediandk.so:libm.so:libnativehelper.so:libnativewindow.so:libOpenMAXAL.so:libOpenSLES.so:libRS.so:libstdc++.so:libsync.so:libvulkan.so:libwebviewchromium_plat_support.so:libz.so
05-25 04:53:22.158 D/nativeloader(19921): Load libicu_jni.so using APEX ns com_android_art for caller /apex/com.android.art/javalib/core-oj.jar: ok
05-25 04:53:22.158 D/app_process(19921): u_setTimeZoneFilesDirectory("/apex/com.android.tzdata/etc/tz/versioned/9/icu") succeeded. 
05-25 04:53:22.158 D/app_process(19921): I18n APEX ICU file found: /apex/com.android.i18n/etc/icu/icudt76l.dat
05-25 04:53:22.159 D/nativeloader(19921): Load libjavacore.so using APEX ns com_android_art for caller /apex/com.android.art/javalib/core-oj.jar: ok
05-25 04:53:22.159 D/nativeloader(19921): Load libopenjdk.so using APEX ns com_android_art for caller /apex/com.android.art/javalib/core-oj.jar: ok
05-25 04:53:22.160 I/app_process(19921): Priority-to-niceness mapping: 19, 16, 13, 10, 0, -2, -4, -5, -6, -8
05-25 04:53:22.160 W/app_process(19921): Unexpected CPU variant for x86: x86_64.
05-25 04:53:22.160 W/app_process(19921): Known variants: atom, sandybridge, silvermont, goldmont, goldmont-plus, goldmont-without-sha-xsaves, tremont, kabylake, alderlake, default
05-25 04:53:22.162 W/app_process(19921): ClassLoaderContext shared library size mismatch. Expected=2, found=0 (PCL[]{PCL[/system/framework/android.test.base.jar*1653369819]#PCL[/system/framework/android.test.mock.jar*1009639922]} | PCL[])
05-25 04:53:22.162 W/app_process(19921): ClassLoaderContext classpath size mismatch. expected=0, found=1 (PCL[]{PCL[/system/framework/android.test.runner.jar*3954641918]{PCL[/system/framework/android.test.base.jar*1653369819]#PCL[/system/framework/android.test.mock.jar*1009639922]}#PCL[/system/framework/android.test.base.jar*1653369819]} | PCL[/system/framework/android.test.runner.jar*3954641918])
05-25 04:53:22.182 D/nativeloader(19921): Load libframework-connectivity-tiramisu-jni.so using APEX ns com_android_tethering for caller /apex/com.android.tethering/javalib/framework-connectivity-t.jar: ok
05-25 04:53:22.182 D/AndroidRuntime(19921): Calling main entry com.android.commands.uiautomator.Launcher
05-25 04:53:22.186 I/AconfigPackage(19921): android.media.swcodec.flags is mapped to com.android.media.swcodec
05-25 04:53:22.186 I/AconfigPackage(19921): com.android.permission.flags is mapped to com.android.permission
05-25 04:53:22.186 I/AconfigPackage(19921): com.android.permissioncontroller.flags is mapped to com.android.permission
05-25 04:53:22.186 I/AconfigPackage(19921): com.android.icu is mapped to com.android.i18n
05-25 04:53:22.186 I/AconfigPackage(19921): com.android.appsearch.flags is mapped to com.android.appsearch
05-25 04:53:22.186 I/AconfigPackage(19921): android.uprobestats.mainline.flags is mapped to com.android.uprobestats
05-25 04:53:22.187 I/AconfigPackage(19921): com.android.crashrecovery.flags is mapped to com.android.crashrecovery
05-25 04:53:22.187 I/AconfigPackage(19921): android.provider.flags is mapped to com.android.configinfrastructure
05-25 04:53:22.187 I/AconfigPackage(19921): com.android.server.deviceconfig is mapped to com.android.configinfrastructure
05-25 04:53:22.187 I/AconfigPackage(19921): com.android.compos.flags is mapped to com.android.compos
05-25 04:53:22.187 I/AconfigPackage(19921): com.android.art.flags is mapped to com.android.art
05-25 04:53:22.187 I/AconfigPackage(19921): com.android.art.rw.flags is mapped to com.android.art
05-25 04:53:22.187 I/AconfigPackage(19921): com.android.libcore is mapped to com.android.art
05-25 04:53:22.188 I/AconfigPackage(19921): com.android.telephony.flags is mapped to com.android.telephonycore
05-25 04:53:22.188 I/AconfigPackage(19921): com.android.media.extractor.flags is mapped to com.android.media
05-25 04:53:22.188 I/AconfigPackage(19921): com.android.media.mainline.flags is mapped to com.android.media
05-25 04:53:22.188 I/AconfigPackage(19921): com.android.wifi.flags is mapped to com.android.wifi
05-25 04:53:22.188 I/AconfigPackage(19921): com.android.org.conscrypt.flags is mapped to com.android.conscrypt
05-25 04:53:22.188 I/AconfigPackage(19921): com.android.org.conscrypt.net.flags is mapped to com.android.conscrypt
05-25 04:53:22.188 I/AconfigPackage(19921): com.android.healthfitness.flags is mapped to com.android.healthfitness
05-25 04:53:22.188 I/AconfigPackage(19921): com.android.ipsec.flags is mapped to com.android.ipsec
05-25 04:53:22.188 I/AconfigPackage(19921): com.android.nfc.module.flags is mapped to com.android.nfcservices
05-25 04:53:22.188 I/AconfigPackage(19921): com.android.adservices.ondevicepersonalization.flags is mapped to com.android.ondevicepersonalization
05-25 04:53:22.189 I/AconfigPackage(19921): com.android.adbd.flags is mapped to com.android.adbd
05-25 04:53:22.189 I/AconfigPackage(19921): com.android.bluetooth.flags is mapped to com.android.bt
05-25 04:53:22.189 I/AconfigPackage(19921): com.android.devicelock.flags is mapped to com.android.devicelock
05-25 04:53:22.189 I/AconfigPackage(19921): android.os.profiling is mapped to com.android.profiling
05-25 04:53:22.189 I/AconfigPackage(19921): android.os.profiling.anomaly.flags is mapped to com.android.profiling
05-25 04:53:22.189 I/AconfigPackage(19921): com.android.os.statsd.flags is mapped to com.android.os.statsd
05-25 04:53:22.189 I/AconfigPackage(19921): com.android.rkpd.flags is mapped to com.android.rkpd
05-25 04:53:22.189 I/AconfigPackage(19921): com.android.cellbroadcastreceiver.flags is mapped to com.android.cellbroadcast
05-25 04:53:22.189 I/AconfigPackage(19921): com.android.adservices.flags is mapped to com.android.adservices
05-25 04:53:22.189 I/AconfigPackage(19921): com.android.sdksandbox.flags is mapped to com.android.adservices
05-25 04:53:22.190 I/AconfigPackage(19921): com.android.uwb.flags is mapped to com.android.uwb
05-25 04:53:22.190 I/AconfigPackage(19921): com.android.ranging.flags is mapped to com.android.uwb
05-25 04:53:22.190 I/AconfigPackage(19921): android.graphics.pdf.flags is mapped to com.android.mediaprovider
05-25 04:53:22.190 I/AconfigPackage(19921): com.android.providers.media.flags is mapped to com.android.mediaprovider
05-25 04:53:22.190 I/AconfigPackage(19921): android.graphics.pdf.flags.readonly is mapped to com.android.mediaprovider
05-25 04:53:22.190 I/AconfigPackage(19921): com.android.tethering.mainline.beta is mapped to com.android.tethering
05-25 04:53:22.190 I/AconfigPackage(19921): android.net.http is mapped to com.android.tethering
05-25 04:53:22.190 I/AconfigPackage(19921): com.android.tethering.readonly.flags is mapped to com.android.tethering
05-25 04:53:22.190 I/AconfigPackage(19921): android.net.vcn is mapped to com.android.tethering
05-25 04:53:22.190 I/AconfigPackage(19921): com.android.net.flags is mapped to com.android.tethering
05-25 04:53:22.190 I/AconfigPackage(19921): com.android.tethering.beta.test is mapped to com.android.tethering
05-25 04:53:22.190 I/AconfigPackage(19921): com.android.nearby.flags is mapped to com.android.tethering
05-25 04:53:22.190 I/AconfigPackage(19921): com.android.net.ct.flags is mapped to com.android.tethering
05-25 04:53:22.190 I/AconfigPackage(19921): com.android.net.thread.flags is mapped to com.android.tethering
05-25 04:53:22.190 I/AconfigPackage(19921): com.android.system.virtualmachine.flags is mapped to com.android.virt
05-25 04:53:22.190 E/FeatureFlagsImplExport(19921): android.os.flagging.AconfigStorageReadException: ERROR_PACKAGE_NOT_FOUND: package android.xr cannot be found on the device
05-25 04:53:22.192 D/UiAutomationConnection(19921): Created on user UserHandle{0}
05-25 04:53:22.192 I/UiAutomation(19921): Initialized for user 0 on display 0
05-25 04:53:22.192 W/UiAutomation(19921): Created with deprecatead constructor, assumes DEFAULT_DISPLAY
05-25 04:53:22.193 D/AccessibilityManagerService(  755): changeCurrentUserForTestAutomationIfNeededLocked(0): ignoring because device doesn't support visible background users
05-25 04:53:22.193 I/UiAutomationManager(  755): Registering UiTestAutomationService (id=com.android.server.accessibility/UiAutomation, flags=0x0) when called by user 0
05-25 04:53:22.193 V/AccessibilityManagerService(  755): onUserStateChangedLocked for userId: 0, forceUpdate: false
05-25 04:53:22.193 V/AccessibilityUserState(  755): updateShortcutTargets: type:accessibility_shortcut_target_service, current:{}, new:{}
05-25 04:53:22.194 V/AccessibilityUserState(  755): updateShortcutTargets: type:accessibility_button_targets, current:{}, new:{}
05-25 04:53:22.194 V/AccessibilityUserState(  755): updateShortcutTargets: type:accessibility_gesture_targets, current:{}, new:{}
05-25 04:53:22.194 V/AccessibilityUserState(  755): updateShortcutTargets: type:accessibility_qs_targets, current:{}, new:{}
05-25 04:53:22.194 V/AccessibilityUserState(  755): updateShortcutTargets: type:accessibility_key_gesture_targets, current:{}, new:{}
05-25 04:53:22.194 W/MagnificationConnectionManager(  755): requestConnection duplicated request: connect=false, mConnectionState=DISCONNECTED
05-25 04:53:22.196 W/libbinder.IPCThreadState(  755): Sending oneway calls to frozen process.
05-25 04:53:22.196 I/AiAiEcho( 1546): Settings changed for uri: content://settings/secure/accessibility_enabled
05-25 04:53:22.197 I/AiAiEcho( 1546): Predicting[0]:  [CONTEXT sampling_count=5 ]
05-25 04:53:22.197 I/AiAiEcho( 1546): EchoTargets: 
05-25 04:53:22.197 I/AiAiEcho( 1546): Filtered by AiAi flag check: 
05-25 04:53:22.197 I/AiAiEcho( 1546): [CONTEXT ratelimit_period="10 SECONDS" ]
05-25 04:53:22.197 I/AiAiEcho( 1546): #remoteViewsTwiddler: feature disabled.
05-25 04:53:22.197 I/AiAiEcho( 1546): Predicting[0]:  [CONTEXT sampling_count=5 ]
05-25 04:53:22.197 I/AiAiEcho( 1546): EchoTargets: 
05-25 04:53:22.197 I/AiAiEcho( 1546): Filtered by AiAi flag check: 
05-25 04:53:22.197 I/AiAiEcho( 1546): [CONTEXT ratelimit_period="10 SECONDS" ]
05-25 04:53:22.197 I/AiAiEcho( 1546): #remoteViewsTwiddler: feature disabled.
05-25 04:53:22.197 I/AiAiEcho( 1546): #postPredictionTargets: Sending updates to UISurface lockscreen with targets# 0 (types=[])
05-25 04:53:22.197 I/AiAiEcho( 1546): #postPredictionTargets: Sending updates to UISurface home with targets# 0 (types=[])
05-25 04:53:22.199 W/libbinder.IPCThreadState(  755): Sending oneway calls to frozen process.
05-25 04:53:22.199 W/libbinder.IPCThreadState(  755): Sending oneway calls to frozen process.
05-25 04:53:22.200 W/libbinder.IPCThreadState(  755): Sending oneway calls to frozen process.
05-25 04:53:22.200 W/SsPagerDots( 1012): Total number of pages invalid: 0. Assuming 1 page.
05-25 04:53:22.200 W/libbinder.IPCThreadState(  755): Sending oneway calls to frozen process.
05-25 04:53:22.200 W/libbinder.IPCThreadState(  755): Sending oneway calls to frozen process.
05-25 04:53:22.202 W/libbinder.IPCThreadState(  755): Sending oneway calls to frozen process.
05-25 04:53:22.202 W/libbinder.IPCThreadState(  755): Sending oneway calls to frozen process.
05-25 04:53:22.202 W/libbinder.IPCThreadState(  755): Sending oneway calls to frozen process.
05-25 04:53:22.203 V/AccessibilityManagerService(  755): onUserStateChangedLocked for userId: 0, forceUpdate: false
05-25 04:53:22.204 V/AccessibilityUserState(  755): updateShortcutTargets: type:accessibility_shortcut_target_service, current:{}, new:{}
05-25 04:53:22.204 V/AccessibilityUserState(  755): updateShortcutTargets: type:accessibility_button_targets, current:{}, new:{}
05-25 04:53:22.204 V/AccessibilityUserState(  755): updateShortcutTargets: type:accessibility_gesture_targets, current:{}, new:{}
05-25 04:53:22.204 V/AccessibilityUserState(  755): updateShortcutTargets: type:accessibility_qs_targets, current:{}, new:{}
05-25 04:53:22.204 V/AccessibilityUserState(  755): updateShortcutTargets: type:accessibility_key_gesture_targets, current:{}, new:{}
05-25 04:53:22.204 W/MagnificationConnectionManager(  755): requestConnection duplicated request: connect=false, mConnectionState=DISCONNECTED
05-25 04:53:22.204 I/AiAiEcho( 1546): Settings changed for uri: content://settings/secure/accessibility_enabled
05-25 04:53:22.204 I/AiAiEcho( 1546): Predicting[0]:  [CONTEXT sampling_count=5 ]
05-25 04:53:22.204 I/AiAiEcho( 1546): EchoTargets: 
05-25 04:53:22.204 I/AiAiEcho( 1546): Filtered by AiAi flag check: 
05-25 04:53:22.204 I/AiAiEcho( 1546): [CONTEXT ratelimit_period="10 SECONDS" ]
05-25 04:53:22.204 I/AiAiEcho( 1546): #remoteViewsTwiddler: feature disabled.
05-25 04:53:22.205 I/AiAiEcho( 1546): Predicting[0]:  [CONTEXT sampling_count=5 ]
05-25 04:53:22.205 I/AiAiEcho( 1546): EchoTargets: 
05-25 04:53:22.205 I/AiAiEcho( 1546): Filtered by AiAi flag check: 
05-25 04:53:22.205 I/AiAiEcho( 1546): [CONTEXT ratelimit_period="10 SECONDS" ]
05-25 04:53:22.205 I/AiAiEcho( 1546): #remoteViewsTwiddler: feature disabled.
05-25 04:53:22.205 W/libbinder.IPCThreadState(  755): Sending oneway calls to frozen process.
05-25 04:53:22.205 W/libbinder.IPCThreadState(  755): Sending oneway calls to frozen process.
05-25 04:53:22.205 W/libbinder.IPCThreadState(  755): Sending oneway calls to frozen process.
05-25 04:53:22.205 W/libbinder.IPCThreadState(  755): Sending oneway calls to frozen process.
05-25 04:53:22.205 I/AiAiEcho( 1546): #postPredictionTargets: Sending updates to UISurface lockscreen with targets# 0 (types=[])
05-25 04:53:22.205 W/libbinder.IPCThreadState(  755): Sending oneway calls to frozen process.
05-25 04:53:22.205 W/SsPagerDots( 1012): Total number of pages invalid: 0. Assuming 1 page.
05-25 04:53:22.206 W/libbinder.IPCThreadState(  755): Sending oneway calls to frozen process.
05-25 04:53:22.206 W/libbinder.IPCThreadState(  755): Sending oneway calls to frozen process.
05-25 04:53:22.206 I/AiAiEcho( 1546): #postPredictionTargets: Sending updates to UISurface home with targets# 0 (types=[])
05-25 04:53:22.207 W/libbinder.IPCThreadState(  755): Sending oneway calls to frozen process.
05-25 04:53:22.208 W/libbinder.IPCThreadState(  755): Sending oneway calls to frozen process.
05-25 04:53:22.209 W/libbinder.IPCThreadState(  755): Sending oneway calls to frozen process.
05-25 04:53:22.209 W/libbinder.IPCThreadState(  755): Sending oneway calls to frozen process.
05-25 04:53:22.209 W/libbinder.IPCThreadState(  755): Sending oneway calls to frozen process.
05-25 04:53:22.209 W/libbinder.IPCThreadState(  755): Sending oneway calls to frozen process.
05-25 04:53:22.211 W/libbinder.IPCThreadState(  755): Sending oneway calls to frozen process.
05-25 04:53:22.211 W/libbinder.IPCThreadState(  755): Sending oneway calls to frozen process.
05-25 04:53:22.211 W/libbinder.IPCThreadState(  755): Sending oneway calls to frozen process.
05-25 04:53:22.211 W/libbinder.IPCThreadState(  755): Sending oneway calls to frozen process.
05-25 04:53:22.211 W/libbinder.IPCThreadState(  755): Sending oneway calls to frozen process.
05-25 04:53:22.212 W/libbinder.IPCThreadState(  755): Sending oneway calls to frozen process.
05-25 04:53:22.212 W/libbinder.IPCThreadState(  755): Sending oneway calls to frozen process.
05-25 04:53:22.212 W/libbinder.IPCThreadState(  755): Sending oneway calls to frozen process.
05-25 04:53:22.212 W/libbinder.IPCThreadState(  755): Sending oneway calls to frozen process.
05-25 04:53:22.212 W/libbinder.IPCThreadState(  755): Sending oneway calls to frozen process.
05-25 04:53:22.212 W/libbinder.IPCThreadState(  755): Sending oneway calls to frozen process.
05-25 04:53:22.212 W/libbinder.IPCThreadState(  755): Sending oneway calls to frozen process.
05-25 04:53:22.212 W/libbinder.IPCThreadState(  755): Sending oneway calls to frozen process.
05-25 04:53:22.212 W/libbinder.IPCThreadState(  755): Sending oneway calls to frozen process.
05-25 04:53:22.212 W/libbinder.IPCThreadState(  755): Sending oneway calls to frozen process.
05-25 04:53:22.212 W/libbinder.IPCThreadState(  755): Sending oneway calls to frozen process.
05-25 04:53:22.213 W/libbinder.IPCThreadState(  755): Sending oneway calls to frozen process.
05-25 04:53:22.213 W/libbinder.IPCThreadState(  755): Sending oneway calls to frozen process.
05-25 04:53:22.213 D/BatterySaverPolicy(  755): accessibility changed to true, updating policy.
05-25 04:53:22.218 D/AccessibilityManagerService(  755): .getAccessibilityShortcutTargets {shortcutType=32, userId=0}
05-25 04:53:22.626 I/HalDevMgr(  755): bestIfaceCreationProposal is null, requestIface=STA, existingIface=[name=wlan0 type=STA]
05-25 04:53:23.226 W/AccessibilityNodeInfoDumper(19921): Fetch time: 1ms
05-25 04:53:23.230 V/AccessibilityManagerService(  755): onUserStateChangedLocked for userId: 0, forceUpdate: false
05-25 04:53:23.232 V/AccessibilityUserState(  755): updateShortcutTargets: type:accessibility_shortcut_target_service, current:{}, new:{}
05-25 04:53:23.232 V/AccessibilityUserState(  755): updateShortcutTargets: type:accessibility_button_targets, current:{}, new:{}
05-25 04:53:23.232 V/AccessibilityUserState(  755): updateShortcutTargets: type:accessibility_gesture_targets, current:{}, new:{}
05-25 04:53:23.232 V/AccessibilityUserState(  755): updateShortcutTargets: type:accessibility_qs_targets, current:{}, new:{}
05-25 04:53:23.232 V/AccessibilityUserState(  755): updateShortcutTargets: type:accessibility_key_gesture_targets, current:{}, new:{}
05-25 04:53:23.232 W/MagnificationConnectionManager(  755): requestConnection duplicated request: connect=false, mConnectionState=DISCONNECTED
05-25 04:53:23.232 I/AiAiEcho( 1546): Settings changed for uri: content://settings/secure/accessibility_enabled
05-25 04:53:23.232 D/AccessibilityManagerService(  755): restoreCurrentUserForTestAutomationIfNeededLocked(): ignoring because device doesn't support visible background users
05-25 04:53:23.232 W/libbinder.IPCThreadState(  755): Sending oneway calls to frozen process.
05-25 04:53:23.234 W/libbinder.IPCThreadState(  755): Sending oneway calls to frozen process.
05-25 04:53:23.234 D/AndroidRuntime(19921): Shutting down VM
05-25 04:53:23.234 W/libbinder.IPCThreadState(  755): Sending oneway calls to frozen process.
05-25 04:53:23.234 W/libbinder.IPCThreadState(  755): Sending oneway calls to frozen process.
05-25 04:53:23.234 W/libbinder.IPCThreadState(  755): Sending oneway calls to frozen process.
05-25 04:53:23.234 W/libbinder.IPCThreadState(19921): call to talkWithDriver in joinThreadPool returned error: -9 (Bad file descriptor), FD: -1
05-25 04:53:23.235 W/libbinder.IPCThreadState(  755): Sending oneway calls to frozen process.
05-25 04:53:23.236 W/libbinder.IPCThreadState(  755): Sending oneway calls to frozen process.
05-25 04:53:23.236 W/libbinder.IPCThreadState(  755): Sending oneway calls to frozen process.
05-25 04:53:23.236 W/libbinder.IPCThreadState(  755): Sending oneway calls to frozen process.
05-25 04:53:23.236 W/libbinder.IPCThreadState(19921): call to talkWithDriver in joinThreadPool returned error: -9 (Bad file descriptor), FD: -1
05-25 04:53:23.236 W/libbinder.IPCThreadState(  755): Sending oneway calls to frozen process.
05-25 04:53:23.236 W/libbinder.IPCThreadState(  755): Sending oneway calls to frozen process.
05-25 04:53:23.236 W/libbinder.IPCThreadState(  755): Sending oneway calls to frozen process.
05-25 04:53:23.236 W/libbinder.IPCThreadState(  755): Sending oneway calls to frozen process.
05-25 04:53:23.236 W/libbinder.IPCThreadState(  755): Sending oneway calls to frozen process.
05-25 04:53:23.236 W/libbinder.IPCThreadState(  755): Sending oneway calls to frozen process.
05-25 04:53:23.236 W/libbinder.IPCThreadState(  755): Sending oneway calls to frozen process.
05-25 04:53:23.237 I/AiAiEcho( 1546): Predicting[0]:  [CONTEXT sampling_count=5 ]
05-25 04:53:23.237 W/libbinder.IPCThreadState(  755): Sending oneway calls to frozen process.
05-25 04:53:23.237 I/AiAiEcho( 1546): EchoTargets: 
05-25 04:53:23.237 I/AiAiEcho( 1546): Filtered by AiAi flag check: 
05-25 04:53:23.237 I/AiAiEcho( 1546): [CONTEXT ratelimit_period="10 SECONDS" ]
05-25 04:53:23.237 W/libbinder.IPCThreadState(  755): Sending oneway calls to frozen process.
05-25 04:53:23.237 W/libbinder.IPCThreadState(  755): Sending oneway calls to frozen process.
05-25 04:53:23.237 W/libbinder.IPCThreadState(  755): Sending oneway calls to frozen process.
05-25 04:53:23.237 I/AiAiEcho( 1546): #remoteViewsTwiddler: feature disabled.
05-25 04:53:23.237 W/libbinder.IPCThreadState(  755): Sending oneway calls to frozen process.
05-25 04:53:23.237 W/libbinder.IPCThreadState(  755): Sending oneway calls to frozen process.
05-25 04:53:23.237 W/libbinder.IPCThreadState(  755): Sending oneway calls to frozen process.
05-25 04:53:23.237 W/libbinder.IPCThreadState(  755): Sending oneway calls to frozen process.
05-25 04:53:23.237 I/AiAiEcho( 1546): Predicting[0]:  [CONTEXT sampling_count=5 ]
05-25 04:53:23.237 D/BatterySaverPolicy(  755): accessibility changed to false, updating policy.
05-25 04:53:23.237 I/AiAiEcho( 1546): EchoTargets: 
