05-25 04:53:26.775 W/libbinder.IPCThreadState(  755): Sending oneway calls to frozen process.
05-25 04:53:26.776 W/libbinder.IPCThreadState(  755): Sending oneway calls to frozen process.
05-25 04:53:26.776 W/libbinder.IPCThreadState(  755): Sending oneway calls to frozen process.
05-25 04:53:26.776 V/AccessibilityManagerService(  755): onUserStateChangedLocked for userId: 0, forceUpdate: false
05-25 04:53:26.776 W/libbinder.IPCThreadState(  755): Sending oneway calls to frozen process.
05-25 04:53:26.777 V/AccessibilityUserState(  755): updateShortcutTargets: type:accessibility_shortcut_target_service, current:{}, new:{}
05-25 04:53:26.777 V/AccessibilityUserState(  755): updateShortcutTargets: type:accessibility_button_targets, current:{}, new:{}
05-25 04:53:26.777 V/AccessibilityUserState(  755): updateShortcutTargets: type:accessibility_gesture_targets, current:{}, new:{}
05-25 04:53:26.777 V/AccessibilityUserState(  755): updateShortcutTargets: type:accessibility_qs_targets, current:{}, new:{}
05-25 04:53:26.777 V/AccessibilityUserState(  755): updateShortcutTargets: type:accessibility_key_gesture_targets, current:{}, new:{}
05-25 04:53:26.777 W/MagnificationConnectionManager(  755): requestConnection duplicated request: connect=false, mConnectionState=DISCONNECTED
05-25 04:53:26.777 I/AiAiEcho( 1546): Settings changed for uri: content://settings/secure/accessibility_enabled
05-25 04:53:26.779 W/libbinder.IPCThreadState(  755): Sending oneway calls to frozen process.
05-25 04:53:26.780 W/libbinder.IPCThreadState(  755): Sending oneway calls to frozen process.
05-25 04:53:26.780 W/libbinder.IPCThreadState(  755): Sending oneway calls to frozen process.
05-25 04:53:26.780 W/libbinder.IPCThreadState(  755): Sending oneway calls to frozen process.
05-25 04:53:26.780 W/libbinder.IPCThreadState(  755): Sending oneway calls to frozen process.
05-25 04:53:26.780 I/AiAiEcho( 1546): Predicting[0]:  [CONTEXT sampling_count=5 ]
05-25 04:53:26.781 W/libbinder.IPCThreadState(  755): Sending oneway calls to frozen process.
05-25 04:53:26.781 I/AiAiEcho( 1546): EchoTargets: 
05-25 04:53:26.781 I/AiAiEcho( 1546): Filtered by AiAi flag check: 
05-25 04:53:26.781 I/AiAiEcho( 1546): [CONTEXT ratelimit_period="10 SECONDS" ]
05-25 04:53:26.781 W/libbinder.IPCThreadState(  755): Sending oneway calls to frozen process.
05-25 04:53:26.781 I/AiAiEcho( 1546): #remoteViewsTwiddler: feature disabled.
05-25 04:53:26.781 W/libbinder.IPCThreadState(  755): Sending oneway calls to frozen process.
05-25 04:53:26.781 I/AiAiEcho( 1546): Predicting[0]:  [CONTEXT sampling_count=5 ]
05-25 04:53:26.781 I/AiAiEcho( 1546): EchoTargets: 
05-25 04:53:26.781 I/AiAiEcho( 1546): Filtered by AiAi flag check: 
05-25 04:53:26.781 I/AiAiEcho( 1546): [CONTEXT ratelimit_period="10 SECONDS" ]
05-25 04:53:26.782 W/libbinder.IPCThreadState(  755): Sending oneway calls to frozen process.
05-25 04:53:26.782 W/libbinder.IPCThreadState(  755): Sending oneway calls to frozen process.
05-25 04:53:26.782 W/libbinder.IPCThreadState(  755): Sending oneway calls to frozen process.
05-25 04:53:26.782 W/libbinder.IPCThreadState(  755): Sending oneway calls to frozen process.
05-25 04:53:26.782 W/libbinder.IPCThreadState(  755): Sending oneway calls to frozen process.
05-25 04:53:26.783 W/libbinder.IPCThreadState(  755): Sending oneway calls to frozen process.
05-25 04:53:26.784 W/libbinder.IPCThreadState(  755): Sending oneway calls to frozen process.
05-25 04:53:26.784 I/AiAiEcho( 1546): #remoteViewsTwiddler: feature disabled.
05-25 04:53:26.785 W/libbinder.IPCThreadState(  755): Sending oneway calls to frozen process.
05-25 04:53:26.785 W/libbinder.IPCThreadState(  755): Sending oneway calls to frozen process.
05-25 04:53:26.785 W/libbinder.IPCThreadState(  755): Sending oneway calls to frozen process.
05-25 04:53:26.785 W/libbinder.IPCThreadState(  755): Sending oneway calls to frozen process.
05-25 04:53:26.785 W/libbinder.IPCThreadState(  755): Sending oneway calls to frozen process.
05-25 04:53:26.785 W/libbinder.IPCThreadState(  755): Sending oneway calls to frozen process.
05-25 04:53:26.785 I/AiAiEcho( 1546): #postPredictionTargets: Sending updates to UISurface lockscreen with targets# 0 (types=[])
05-25 04:53:26.785 W/libbinder.IPCThreadState(  755): Sending oneway calls to frozen process.
05-25 04:53:26.785 W/libbinder.IPCThreadState(  755): Sending oneway calls to frozen process.
05-25 04:53:26.786 W/libbinder.IPCThreadState(  755): Sending oneway calls to frozen process.
05-25 04:53:26.786 I/AiAiEcho( 1546): #postPredictionTargets: Sending updates to UISurface home with targets# 0 (types=[])
05-25 04:53:26.786 W/libbinder.IPCThreadState(  755): Sending oneway calls to frozen process.
05-25 04:53:26.786 W/libbinder.IPCThreadState(  755): Sending oneway calls to frozen process.
05-25 04:53:26.786 W/libbinder.IPCThreadState(  755): Sending oneway calls to frozen process.
05-25 04:53:26.786 W/libbinder.IPCThreadState(  755): Sending oneway calls to frozen process.
05-25 04:53:26.786 W/libbinder.IPCThreadState(  755): Sending oneway calls to frozen process.
05-25 04:53:26.786 W/libbinder.IPCThreadState(  755): Sending oneway calls to frozen process.
05-25 04:53:26.786 W/libbinder.IPCThreadState(  755): Sending oneway calls to frozen process.
05-25 04:53:26.786 D/BatterySaverPolicy(  755): accessibility changed to true, updating policy.
05-25 04:53:26.789 W/SsPagerDots( 1012): Total number of pages invalid: 0. Assuming 1 page.
05-25 04:53:26.789 D/AccessibilityManagerService(  755): .getAccessibilityShortcutTargets {shortcutType=32, userId=0}
05-25 04:53:26.842 D/InetDiagMessage(  755): Destroyed 0 sockets, proto=IPPROTO_TCP, family=AF_INET, states=14
05-25 04:53:26.842 D/InetDiagMessage(  755): Destroyed 0 sockets, proto=IPPROTO_TCP, family=AF_INET6, states=14
05-25 04:53:26.842 D/InetDiagMessage(  755): Destroyed live tcp sockets for uids={10202} in 1ms
05-25 04:53:26.842 D/InetDiagMessage(  755): Destroyed 0 sockets, proto=IPPROTO_TCP, family=AF_INET, states=14
05-25 04:53:26.843 D/InetDiagMessage(  755): Destroyed 0 sockets, proto=IPPROTO_TCP, family=AF_INET6, states=14
05-25 04:53:26.843 D/InetDiagMessage(  755): Destroyed live tcp sockets for uids={20202} in 0ms
05-25 04:53:27.807 W/AccessibilityNodeInfoDumper(19960): Fetch time: 1ms
05-25 04:53:27.808 V/AccessibilityManagerService(  755): onUserStateChangedLocked for userId: 0, forceUpdate: false
05-25 04:53:27.810 V/AccessibilityUserState(  755): updateShortcutTargets: type:accessibility_shortcut_target_service, current:{}, new:{}
05-25 04:53:27.811 V/AccessibilityUserState(  755): updateShortcutTargets: type:accessibility_button_targets, current:{}, new:{}
05-25 04:53:27.811 V/AccessibilityUserState(  755): updateShortcutTargets: type:accessibility_gesture_targets, current:{}, new:{}
05-25 04:53:27.811 V/AccessibilityUserState(  755): updateShortcutTargets: type:accessibility_qs_targets, current:{}, new:{}
05-25 04:53:27.811 V/AccessibilityUserState(  755): updateShortcutTargets: type:accessibility_key_gesture_targets, current:{}, new:{}
05-25 04:53:27.811 W/MagnificationConnectionManager(  755): requestConnection duplicated request: connect=false, mConnectionState=DISCONNECTED
05-25 04:53:27.811 D/AccessibilityManagerService(  755): restoreCurrentUserForTestAutomationIfNeededLocked(): ignoring because device doesn't support visible background users
05-25 04:53:27.812 I/AiAiEcho( 1546): Settings changed for uri: content://settings/secure/accessibility_enabled
05-25 04:53:27.813 W/libbinder.IPCThreadState(19960): call to talkWithDriver in joinThreadPool returned error: -9 (Bad file descriptor), FD: -1
05-25 04:53:27.813 I/AiAiEcho( 1546): Predicting[0]:  [CONTEXT sampling_count=5 ]
05-25 04:53:27.813 I/AiAiEcho( 1546): EchoTargets: 
05-25 04:53:27.813 I/AiAiEcho( 1546): Filtered by AiAi flag check: 
05-25 04:53:27.813 I/AiAiEcho( 1546): [CONTEXT ratelimit_period="10 SECONDS" ]
05-25 04:53:27.813 D/AndroidRuntime(19960): Shutting down VM
05-25 04:53:27.813 W/libbinder.IPCThreadState(19960): call to talkWithDriver in joinThreadPool returned error: -9 (Bad file descriptor), FD: -1
05-25 04:53:27.813 I/AiAiEcho( 1546): #remoteViewsTwiddler: feature disabled.
05-25 04:53:27.813 I/AiAiEcho( 1546): Predicting[0]:  [CONTEXT sampling_count=5 ]
05-25 04:53:27.813 I/AiAiEcho( 1546): EchoTargets: 
05-25 04:53:27.813 I/AiAiEcho( 1546): Filtered by AiAi flag check: 
05-25 04:53:27.813 I/AiAiEcho( 1546): [CONTEXT ratelimit_period="10 SECONDS" ]
05-25 04:53:27.813 I/AiAiEcho( 1546): #remoteViewsTwiddler: feature disabled.
05-25 04:53:27.813 I/AiAiEcho( 1546): #postPredictionTargets: Sending updates to UISurface lockscreen with targets# 0 (types=[])
05-25 04:53:27.813 I/AiAiEcho( 1546): #postPredictionTargets: Sending updates to UISurface home with targets# 0 (types=[])
05-25 04:53:27.813 W/SsPagerDots( 1012): Total number of pages invalid: 0. Assuming 1 page.
05-25 04:53:27.814 W/libbinder.IPCThreadState(  755): Sending oneway calls to frozen process.
05-25 04:53:27.815 W/libbinder.IPCThreadState(  755): Sending oneway calls to frozen process.
05-25 04:53:27.816 W/libbinder.IPCThreadState(  755): Sending oneway calls to frozen process.
05-25 04:53:27.816 W/libbinder.IPCThreadState(  755): Sending oneway calls to frozen process.
05-25 04:53:27.816 W/libbinder.IPCThreadState(  755): Sending oneway calls to frozen process.
05-25 04:53:27.816 W/libbinder.IPCThreadState(  755): Sending oneway calls to frozen process.
05-25 04:53:27.816 W/libbinder.IPCThreadState(  755): Sending oneway calls to frozen process.
05-25 04:53:27.816 W/libbinder.IPCThreadState(  755): Sending oneway calls to frozen process.
05-25 04:53:27.816 W/libbinder.IPCThreadState(  755): Sending oneway calls to frozen process.
05-25 04:53:27.817 W/libbinder.IPCThreadState(  755): Sending oneway calls to frozen process.
05-25 04:53:27.817 W/libbinder.IPCThreadState(  755): Sending oneway calls to frozen process.
05-25 04:53:27.817 W/libbinder.IPCThreadState(  755): Sending oneway calls to frozen process.
05-25 04:53:27.817 W/libbinder.IPCThreadState(  755): Sending oneway calls to frozen process.
05-25 04:53:27.817 W/libbinder.IPCThreadState(  755): Sending oneway calls to frozen process.
05-25 04:53:27.818 W/libbinder.IPCThreadState(  755): Sending oneway calls to frozen process.
05-25 04:53:27.819 W/libbinder.IPCThreadState(  755): Sending oneway calls to frozen process.
05-25 04:53:27.821 W/libbinder.IPCThreadState(  755): Sending oneway calls to frozen process.
05-25 04:53:27.821 W/libbinder.IPCThreadState(  755): Sending oneway calls to frozen process.
05-25 04:53:27.821 W/libbinder.IPCThreadState(  755): Sending oneway calls to frozen process.
05-25 04:53:27.821 W/libbinder.IPCThreadState(  755): Sending oneway calls to frozen process.
05-25 04:53:27.821 W/libbinder.IPCThreadState(  755): Sending oneway calls to frozen process.
05-25 04:53:27.821 W/libbinder.IPCThreadState(  755): Sending oneway calls to frozen process.
05-25 04:53:27.822 W/libbinder.IPCThreadState(  755): Sending oneway calls to frozen process.
05-25 04:53:27.822 W/libbinder.IPCThreadState(  755): Sending oneway calls to frozen process.
05-25 04:53:27.822 D/BatterySaverPolicy(  755): accessibility changed to false, updating policy.
05-25 04:53:28.027 D/WM-DelayedWorkTracker( 1529): Scheduling work bec94b75-15e3-4730-9a4d-16652c4755a1
05-25 04:53:28.027 D/WM-GreedyScheduler( 1529): Starting tracking for bec94b75-15e3-4730-9a4d-16652c4755a1
05-25 04:53:28.028 D/WM-ConstraintTracker( 1529): BatteryNotLowTracker: initial state = true
05-25 04:53:28.028 D/WM-BrdcstRcvrCnstrntTrc( 1529): BatteryNotLowTracker: registering receiver
05-25 04:53:28.029 D/WM-GreedyScheduler( 1529): Constraints met: Scheduling work ID WorkGenerationalId(workSpecId=bec94b75-15e3-4730-9a4d-16652c4755a1, generation=0)
05-25 04:53:28.029 D/WM-Processor( 1529): Processor: processing WorkGenerationalId(workSpecId=bec94b75-15e3-4730-9a4d-16652c4755a1, generation=0)
05-25 04:53:28.030 D/WM-WorkerWrapper( 1529): Starting work for com.android.providers.media.photopicker.sync.ProactiveSyncWorker
05-25 04:53:28.030 I/PSyncWorker( 1529): Starting proactive picker sync from sync source: 1
05-25 04:53:28.031 I/PickerSyncTracker( 1529): Created new sync future java.util.concurrent.CompletableFuture@e141fd3[Not completed, 1 dependents]. Future map: {bec94b75-15e3-4730-9a4d-16652c4755a1=java.util.concurrent.CompletableFuture@e141fd3[Not completed, 1 dependents]}
05-25 04:53:28.031 D/PickerSyncController( 1529): syncAllMediaFromProvider() LOCAL, auth=com.android.providers.media.photopicker, retry=true
05-25 04:53:28.031 D/PickerSyncController( 1529): getSyncRequestParams() LOCAL, auth=com.android.providers.media.photopicker
05-25 04:53:28.048 D/PickerSyncController( 1529):    Latest ID/Gen=92835bc8fd6dde81:external_primary/3936
05-25 04:53:28.048 D/PickerSyncController( 1529):    Cached ID/Gen=92835bc8fd6dde81:external_primary/3927
05-25 04:53:28.048 D/PickerSyncController( 1529):    RESULT=SyncRequestParams{type=MEDIA_INCREMENTAL, gen=3927, latest=Bundle[{last_media_sync_generation=3936, media_collection_id=92835bc8fd6dde81:external_primary}], pageSize=1000}
05-25 04:53:28.048 I/PickerSyncController( 1529): Executing SyncAdd. isLocal: true. authority: com.android.providers.media.photopicker
05-25 04:53:28.048 D/PickerSyncLockManager( 1529): Trying to acquire lock com.android.providers.media.photopicker.sync.CloseableReentrantLock@cffd47[Unlocked]. Lock Name = CLOUD_PROVIDER_LOCK. Threads that may be waiting to acquire this lock = [] with timeout.
05-25 04:53:28.048 D/CloseableReentrantLock( 1529): Successfully acquired lock com.android.providers.media.photopicker.sync.CloseableReentrantLock@cffd47[Locked by thread pool-4-thread-367]. Lock Name = CLOUD_PROVIDER_LOCK. Threads that may be waiting to acquire this lock = []
05-25 04:53:28.048 D/CloseableReentrantLock( 1529): Successfully released lock com.android.providers.media.photopicker.sync.CloseableReentrantLock@cffd47[Unlocked]. Lock Name = CLOUD_PROVIDER_LOCK. Threads that may be waiting to acquire this lock = []
05-25 04:53:28.048 D/ExternalDbFacade( 1529): Token received for queryMedia = null
05-25 04:53:28.051 D/PickerSyncLockManager( 1529): Trying to acquire lock com.android.providers.media.photopicker.sync.CloseableReentrantLock@cffd47[Unlocked]. Lock Name = CLOUD_PROVIDER_LOCK. Threads that may be waiting to acquire this lock = [] with timeout.
05-25 04:53:28.051 D/CloseableReentrantLock( 1529): Successfully acquired lock com.android.providers.media.photopicker.sync.CloseableReentrantLock@cffd47[Locked by thread pool-4-thread-367]. Lock Name = CLOUD_PROVIDER_LOCK. Threads that may be waiting to acquire this lock = []
05-25 04:53:28.051 D/PickerSyncController( 1529): Saving next page token: 1779681206000|379 for key: local_provider:media_add:resume
05-25 04:53:28.051 D/CloseableReentrantLock( 1529): Successfully released lock com.android.providers.media.photopicker.sync.CloseableReentrantLock@cffd47[Unlocked]. Lock Name = CLOUD_PROVIDER_LOCK. Threads that may be waiting to acquire this lock = []
05-25 04:53:28.052 D/PickerNotificationSender( 1529): Sending a notification for media update
05-25 04:53:28.052 D/PickerNotificationSender( 1529): Sending a notification for merged album media update Videos
05-25 04:53:28.052 D/PickerNotificationSender( 1529): Sending a notification for album media update Videos
05-25 04:53:28.053 D/PickerNotificationSender( 1529): Sending a notification for merged album media update Favorites
05-25 04:53:28.053 D/PickerNotificationSender( 1529): Sending a notification for album media update Favorites
05-25 04:53:28.053 D/ExternalDbFacade( 1529): Token received for queryMedia = 1779681206000|379
05-25 04:53:28.054 D/PickerSyncLockManager( 1529): Trying to acquire lock com.android.providers.media.photopicker.sync.CloseableReentrantLock@cffd47[Unlocked]. Lock Name = CLOUD_PROVIDER_LOCK. Threads that may be waiting to acquire this lock = [] with timeout.
05-25 04:53:28.054 D/CloseableReentrantLock( 1529): Successfully acquired lock com.android.providers.media.photopicker.sync.CloseableReentrantLock@cffd47[Locked by thread pool-4-thread-367]. Lock Name = CLOUD_PROVIDER_LOCK. Threads that may be waiting to acquire this lock = []
05-25 04:53:28.054 D/PickerSyncController( 1529): Clearing next page token for key: local_provider:media_add:resume
05-25 04:53:28.054 D/CloseableReentrantLock( 1529): Successfully released lock com.android.providers.media.photopicker.sync.CloseableReentrantLock@cffd47[Unlocked]. Lock Name = CLOUD_PROVIDER_LOCK. Threads that may be waiting to acquire this lock = []
05-25 04:53:28.054 D/PickerNotificationSender( 1529): Sending a notification for media update
05-25 04:53:28.054 D/PickerNotificationSender( 1529): Sending a notification for merged album media update Videos
05-25 04:53:28.054 D/PickerNotificationSender( 1529): Sending a notification for album media update Videos
05-25 04:53:28.055 D/PickerNotificationSender( 1529): Sending a notification for merged album media update Favorites
05-25 04:53:28.055 D/PickerNotificationSender( 1529): Sending a notification for album media update Favorites
05-25 04:53:28.055 I/PickerSyncController( 1529): Paged sync successful. QueryArgs: Bundle[{android.provider.extra.PAGE_TOKEN=1779681206000|379, android.provider.extra.SYNC_GENERATION=3927, android.provider.extra.PAGE_SIZE=1000}] Total Rows: 1
05-25 04:53:28.055 I/PickerSyncController( 1529): Executing SyncRemove. isLocal: true. authority: com.android.providers.media.photopicker
05-25 04:53:28.055 D/PickerSyncLockManager( 1529): Trying to acquire lock com.android.providers.media.photopicker.sync.CloseableReentrantLock@cffd47[Unlocked]. Lock Name = CLOUD_PROVIDER_LOCK. Threads that may be waiting to acquire this lock = [] with timeout.
05-25 04:53:28.056 D/CloseableReentrantLock( 1529): Successfully acquired lock com.android.providers.media.photopicker.sync.CloseableReentrantLock@cffd47[Locked by thread pool-4-thread-367]. Lock Name = CLOUD_PROVIDER_LOCK. Threads that may be waiting to acquire this lock = []
05-25 04:53:28.056 D/CloseableReentrantLock( 1529): Successfully released lock com.android.providers.media.photopicker.sync.CloseableReentrantLock@cffd47[Unlocked]. Lock Name = CLOUD_PROVIDER_LOCK. Threads that may be waiting to acquire this lock = []
05-25 04:53:28.056 D/PickerSyncLockManager( 1529): Trying to acquire lock com.android.providers.media.photopicker.sync.CloseableReentrantLock@cffd47[Unlocked]. Lock Name = CLOUD_PROVIDER_LOCK. Threads that may be waiting to acquire this lock = [] with timeout.
05-25 04:53:28.056 D/CloseableReentrantLock( 1529): Successfully acquired lock com.android.providers.media.photopicker.sync.CloseableReentrantLock@cffd47[Locked by thread pool-4-thread-367]. Lock Name = CLOUD_PROVIDER_LOCK. Threads that may be waiting to acquire this lock = []
05-25 04:53:28.056 D/PickerSyncController( 1529): Clearing next page token for key: local_provider:media_remove:resume
05-25 04:53:28.056 D/CloseableReentrantLock( 1529): Successfully released lock com.android.providers.media.photopicker.sync.CloseableReentrantLock@cffd47[Unlocked]. Lock Name = CLOUD_PROVIDER_LOCK. Threads that may be waiting to acquire this lock = []
05-25 04:53:28.056 D/PickerNotificationSender( 1529): Sending a notification for media update
05-25 04:53:28.056 D/PickerNotificationSender( 1529): Sending a notification for merged album media update Videos
05-25 04:53:28.056 D/PickerNotificationSender( 1529): Sending a notification for album media update Videos
05-25 04:53:28.057 D/PickerNotificationSender( 1529): Sending a notification for merged album media update Favorites
05-25 04:53:28.057 D/PickerNotificationSender( 1529): Sending a notification for album media update Favorites
05-25 04:53:28.057 I/PickerSyncController( 1529): Paged sync successful. QueryArgs: Bundle[{android.provider.extra.PAGE_TOKEN=1779681206000|379, android.provider.extra.SYNC_GENERATION=3927, android.provider.extra.PAGE_SIZE=1000}] Total Rows: 0
05-25 04:53:28.057 I/PickerSyncTracker( 1529): Marked sync future complete for work id: bec94b75-15e3-4730-9a4d-16652c4755a1. Future map: {}
05-25 04:53:28.057 I/PSyncWorker( 1529): Completed picker proactive sync complete from local provider.
05-25 04:53:28.058 I/WM-WorkerWrapper( 1529): Worker result SUCCESS for Work [ id=bec94b75-15e3-4730-9a4d-16652c4755a1, tags={ com.android.providers.media.photopicker.sync.ProactiveSyncWorker } ]
05-25 04:53:28.058 D/WM-Processor( 1529): Processor bec94b75-15e3-4730-9a4d-16652c4755a1 executed; reschedule = false
05-25 04:53:28.058 D/WM-GreedyScheduler( 1529): Stopping tracking for WorkGenerationalId(workSpecId=bec94b75-15e3-4730-9a4d-16652c4755a1, generation=0)
05-25 04:53:28.059 D/WM-GreedyScheduler( 1529): Cancelling work ID bec94b75-15e3-4730-9a4d-16652c4755a1
05-25 04:53:28.060 D/WM-GreedyScheduler( 1529): Ignoring {WorkSpec: fce74054-5d75-49ac-b1fb-61b1c63b64d1}. Requires device idle.
05-25 04:53:28.060 D/WM-GreedyScheduler( 1529): Ignoring {WorkSpec: 748d3965-3023-45a6-9a32-baafa7d90ebf}. Requires device idle.
05-25 04:53:28.060 D/WM-GreedyScheduler( 1529): Ignoring {WorkSpec: bbc248da-5aec-4565-83d8-ed90ba3a683c}. Requires device idle.
05-25 04:53:28.060 D/WM-GreedyScheduler( 1529): Ignoring {WorkSpec: a7b8fc44-3a39-43d5-96b8-cef5bb529d35}. Requires device idle.
05-25 04:53:28.060 D/WM-BrdcstRcvrCnstrntTrc( 1529): BatteryNotLowTracker: unregistering receiver
05-25 04:53:28.365 W/libbinder.IPCThreadState(  755): Sending oneway calls to frozen process.
05-25 04:53:28.373 W/libbinder.IPCThreadState(  755): Sending oneway calls to frozen process.
05-25 04:53:28.637 I/HalDevMgr(  755): bestIfaceCreationProposal is null, requestIface=STA, existingIface=[name=wlan0 type=STA]
05-25 04:53:28.733 D/AndroidRuntime(19976): >>>>>> START com.android.internal.os.RuntimeInit uid 2000 <<<<<<
05-25 04:53:28.736 I/AndroidRuntime(19976): Using default boot image
05-25 04:53:28.736 I/AndroidRuntime(19976): Leaving lock profiling enabled
05-25 04:53:28.738 I/app_process(19976): Using CollectorTypeCMC GC.
05-25 04:53:28.804 D/nativeloader(19976): InitDefaultPublicLibraries for_preload=1: libandroid.so:libaaudio.so:libamidi.so:libbinder_ndk.so:libc.so:libcamera2ndk.so:libdl.so:libEGL.so:libGLESv1_CM.so:libGLESv2.so:libGLESv3.so:libicu.so:libicui18n.so:libicuuc.so:libjnigraphics.so:liblog.so:libmediandk.so:libm.so:libnativehelper.so:libnativewindow.so:libOpenMAXAL.so:libOpenSLES.so:libRS.so:libstdc++.so:libsync.so:libvulkan.so:libwebviewchromium_plat_support.so:libz.so
05-25 04:53:28.812 D/nativeloader(19976): Load libicu_jni.so using APEX ns com_android_art for caller /apex/com.android.art/javalib/core-oj.jar: ok
05-25 04:53:28.812 D/app_process(19976): u_setTimeZoneFilesDirectory("/apex/com.android.tzdata/etc/tz/versioned/9/icu") succeeded. 
05-25 04:53:28.812 D/app_process(19976): I18n APEX ICU file found: /apex/com.android.i18n/etc/icu/icudt76l.dat
05-25 04:53:28.813 D/nativeloader(19976): Load libjavacore.so using APEX ns com_android_art for caller /apex/com.android.art/javalib/core-oj.jar: ok
05-25 04:53:28.814 D/nativeloader(19976): Load libopenjdk.so using APEX ns com_android_art for caller /apex/com.android.art/javalib/core-oj.jar: ok
05-25 04:53:28.814 I/app_process(19976): Priority-to-niceness mapping: 19, 16, 13, 10, 0, -2, -4, -5, -6, -8
05-25 04:53:28.815 W/app_process(19976): Unexpected CPU variant for x86: x86_64.
05-25 04:53:28.815 W/app_process(19976): Known variants: atom, sandybridge, silvermont, goldmont, goldmont-plus, goldmont-without-sha-xsaves, tremont, kabylake, alderlake, default
05-25 04:53:28.817 W/app_process(19976): ClassLoaderContext shared library size mismatch. Expected=2, found=0 (PCL[]{PCL[/system/framework/android.test.base.jar*1653369819]#PCL[/system/framework/android.test.mock.jar*1009639922]} | PCL[])
05-25 04:53:28.818 W/app_process(19976): ClassLoaderContext classpath size mismatch. expected=0, found=1 (PCL[]{PCL[/system/framework/android.test.runner.jar*3954641918]{PCL[/system/framework/android.test.base.jar*1653369819]#PCL[/system/framework/android.test.mock.jar*1009639922]}#PCL[/system/framework/android.test.base.jar*1653369819]} | PCL[/system/framework/android.test.runner.jar*3954641918])
05-25 04:53:28.835 D/nativeloader(19976): Load libframework-connectivity-tiramisu-jni.so using APEX ns com_android_tethering for caller /apex/com.android.tethering/javalib/framework-connectivity-t.jar: ok
05-25 04:53:28.836 D/AndroidRuntime(19976): Calling main entry com.android.commands.uiautomator.Launcher
05-25 04:53:28.839 I/AconfigPackage(19976): android.media.swcodec.flags is mapped to com.android.media.swcodec
05-25 04:53:28.839 I/AconfigPackage(19976): com.android.permission.flags is mapped to com.android.permission
05-25 04:53:28.839 I/AconfigPackage(19976): com.android.permissioncontroller.flags is mapped to com.android.permission
05-25 04:53:28.840 I/AconfigPackage(19976): com.android.icu is mapped to com.android.i18n
05-25 04:53:28.840 I/AconfigPackage(19976): com.android.appsearch.flags is mapped to com.android.appsearch
05-25 04:53:28.840 I/AconfigPackage(19976): android.uprobestats.mainline.flags is mapped to com.android.uprobestats
05-25 04:53:28.840 I/AconfigPackage(19976): com.android.crashrecovery.flags is mapped to com.android.crashrecovery
05-25 04:53:28.841 I/AconfigPackage(19976): android.provider.flags is mapped to com.android.configinfrastructure
05-25 04:53:28.841 I/AconfigPackage(19976): com.android.server.deviceconfig is mapped to com.android.configinfrastructure
05-25 04:53:28.841 I/AconfigPackage(19976): com.android.compos.flags is mapped to com.android.compos
05-25 04:53:28.841 I/AconfigPackage(19976): com.android.art.flags is mapped to com.android.art
05-25 04:53:28.841 I/AconfigPackage(19976): com.android.art.rw.flags is mapped to com.android.art
05-25 04:53:28.841 I/AconfigPackage(19976): com.android.libcore is mapped to com.android.art
05-25 04:53:28.841 I/AconfigPackage(19976): com.android.telephony.flags is mapped to com.android.telephonycore
05-25 04:53:28.841 I/AconfigPackage(19976): com.android.media.extractor.flags is mapped to com.android.media
05-25 04:53:28.841 I/AconfigPackage(19976): com.android.media.mainline.flags is mapped to com.android.media
05-25 04:53:28.841 I/AconfigPackage(19976): com.android.wifi.flags is mapped to com.android.wifi
05-25 04:53:28.842 I/AconfigPackage(19976): com.android.org.conscrypt.flags is mapped to com.android.conscrypt
05-25 04:53:28.842 I/AconfigPackage(19976): com.android.org.conscrypt.net.flags is mapped to com.android.conscrypt
05-25 04:53:28.842 I/AconfigPackage(19976): com.android.healthfitness.flags is mapped to com.android.healthfitness
05-25 04:53:28.842 I/AconfigPackage(19976): com.android.ipsec.flags is mapped to com.android.ipsec
05-25 04:53:28.842 I/AconfigPackage(19976): com.android.nfc.module.flags is mapped to com.android.nfcservices
05-25 04:53:28.842 I/AconfigPackage(19976): com.android.adservices.ondevicepersonalization.flags is mapped to com.android.ondevicepersonalization
05-25 04:53:28.842 I/AconfigPackage(19976): com.android.adbd.flags is mapped to com.android.adbd
05-25 04:53:28.842 I/AconfigPackage(19976): com.android.bluetooth.flags is mapped to com.android.bt
05-25 04:53:28.843 I/AconfigPackage(19976): com.android.devicelock.flags is mapped to com.android.devicelock
05-25 04:53:28.843 I/AconfigPackage(19976): android.os.profiling is mapped to com.android.profiling
05-25 04:53:28.843 I/AconfigPackage(19976): android.os.profiling.anomaly.flags is mapped to com.android.profiling
05-25 04:53:28.843 I/AconfigPackage(19976): com.android.os.statsd.flags is mapped to com.android.os.statsd
05-25 04:53:28.843 I/AconfigPackage(19976): com.android.rkpd.flags is mapped to com.android.rkpd
05-25 04:53:28.843 I/AconfigPackage(19976): com.android.cellbroadcastreceiver.flags is mapped to com.android.cellbroadcast
05-25 04:53:28.845 I/AconfigPackage(19976): com.android.adservices.flags is mapped to com.android.adservices
05-25 04:53:28.845 I/AconfigPackage(19976): com.android.sdksandbox.flags is mapped to com.android.adservices
05-25 04:53:28.845 I/AconfigPackage(19976): com.android.uwb.flags is mapped to com.android.uwb
05-25 04:53:28.845 I/AconfigPackage(19976): com.android.ranging.flags is mapped to com.android.uwb
05-25 04:53:28.845 I/AconfigPackage(19976): android.graphics.pdf.flags is mapped to com.android.mediaprovider
05-25 04:53:28.845 I/AconfigPackage(19976): com.android.providers.media.flags is mapped to com.android.mediaprovider
05-25 04:53:28.845 I/AconfigPackage(19976): android.graphics.pdf.flags.readonly is mapped to com.android.mediaprovider
05-25 04:53:28.845 I/AconfigPackage(19976): com.android.tethering.mainline.beta is mapped to com.android.tethering
05-25 04:53:28.845 I/AconfigPackage(19976): android.net.http is mapped to com.android.tethering
05-25 04:53:28.845 I/AconfigPackage(19976): com.android.tethering.readonly.flags is mapped to com.android.tethering
05-25 04:53:28.845 I/AconfigPackage(19976): android.net.vcn is mapped to com.android.tethering
05-25 04:53:28.845 I/AconfigPackage(19976): com.android.net.flags is mapped to com.android.tethering
05-25 04:53:28.845 I/AconfigPackage(19976): com.android.tethering.beta.test is mapped to com.android.tethering
05-25 04:53:28.845 I/AconfigPackage(19976): com.android.nearby.flags is mapped to com.android.tethering
05-25 04:53:28.845 I/AconfigPackage(19976): com.android.net.ct.flags is mapped to com.android.tethering
05-25 04:53:28.845 I/AconfigPackage(19976): com.android.net.thread.flags is mapped to com.android.tethering
05-25 04:53:28.845 I/AconfigPackage(19976): com.android.system.virtualmachine.flags is mapped to com.android.virt
05-25 04:53:28.845 E/FeatureFlagsImplExport(19976): android.os.flagging.AconfigStorageReadException: ERROR_PACKAGE_NOT_FOUND: package android.xr cannot be found on the device
05-25 04:53:28.847 D/UiAutomationConnection(19976): Created on user UserHandle{0}
05-25 04:53:28.847 I/UiAutomation(19976): Initialized for user 0 on display 0
05-25 04:53:28.847 W/UiAutomation(19976): Created with deprecatead constructor, assumes DEFAULT_DISPLAY
05-25 04:53:28.848 D/AccessibilityManagerService(  755): changeCurrentUserForTestAutomationIfNeededLocked(0): ignoring because device doesn't support visible background users
05-25 04:53:28.848 I/UiAutomationManager(  755): Registering UiTestAutomationService (id=com.android.server.accessibility/UiAutomation, flags=0x0) when called by user 0
05-25 04:53:28.849 V/AccessibilityManagerService(  755): onUserStateChangedLocked for userId: 0, forceUpdate: false
05-25 04:53:28.851 V/AccessibilityUserState(  755): updateShortcutTargets: type:accessibility_shortcut_target_service, current:{}, new:{}
05-25 04:53:28.851 V/AccessibilityUserState(  755): updateShortcutTargets: type:accessibility_button_targets, current:{}, new:{}
05-25 04:53:28.851 V/AccessibilityUserState(  755): updateShortcutTargets: type:accessibility_gesture_targets, current:{}, new:{}
05-25 04:53:28.851 V/AccessibilityUserState(  755): updateShortcutTargets: type:accessibility_qs_targets, current:{}, new:{}
05-25 04:53:28.851 V/AccessibilityUserState(  755): updateShortcutTargets: type:accessibility_key_gesture_targets, current:{}, new:{}
05-25 04:53:28.851 I/AiAiEcho( 1546): Settings changed for uri: content://settings/secure/accessibility_enabled
05-25 04:53:28.851 W/MagnificationConnectionManager(  755): requestConnection duplicated request: connect=false, mConnectionState=DISCONNECTED
05-25 04:53:28.852 I/AiAiEcho( 1546): Predicting[0]:  [CONTEXT sampling_count=5 ]
05-25 04:53:28.852 W/libbinder.IPCThreadState(  755): Sending oneway calls to frozen process.
05-25 04:53:28.852 I/AiAiEcho( 1546): EchoTargets: 
05-25 04:53:28.852 I/AiAiEcho( 1546): Filtered by AiAi flag check: 
05-25 04:53:28.852 I/AiAiEcho( 1546): [CONTEXT ratelimit_period="10 SECONDS" ]
05-25 04:53:28.853 W/libbinder.IPCThreadState(  755): Sending oneway calls to frozen process.
05-25 04:53:28.853 W/libbinder.IPCThreadState(  755): Sending oneway calls to frozen process.
05-25 04:53:28.853 W/libbinder.IPCThreadState(  755): Sending oneway calls to frozen process.
05-25 04:53:28.853 W/libbinder.IPCThreadState(  755): Sending oneway calls to frozen process.
05-25 04:53:28.853 W/libbinder.IPCThreadState(  755): Sending oneway calls to frozen process.
05-25 04:53:28.853 W/libbinder.IPCThreadState(  755): Sending oneway calls to frozen process.
05-25 04:53:28.853 W/libbinder.IPCThreadState(  755): Sending oneway calls to frozen process.
05-25 04:53:28.853 W/libbinder.IPCThreadState(  755): Sending oneway calls to frozen process.
05-25 04:53:28.854 V/AccessibilityManagerService(  755): onUserStateChangedLocked for userId: 0, forceUpdate: false
05-25 04:53:28.854 V/AccessibilityUserState(  755): updateShortcutTargets: type:accessibility_shortcut_target_service, current:{}, new:{}
05-25 04:53:28.854 V/AccessibilityUserState(  755): updateShortcutTargets: type:accessibility_button_targets, current:{}, new:{}
05-25 04:53:28.854 V/AccessibilityUserState(  755): updateShortcutTargets: type:accessibility_gesture_targets, current:{}, new:{}
05-25 04:53:28.854 V/AccessibilityUserState(  755): updateShortcutTargets: type:accessibility_qs_targets, current:{}, new:{}
05-25 04:53:28.854 V/AccessibilityUserState(  755): updateShortcutTargets: type:accessibility_key_gesture_targets, current:{}, new:{}
05-25 04:53:28.854 W/MagnificationConnectionManager(  755): requestConnection duplicated request: connect=false, mConnectionState=DISCONNECTED
05-25 04:53:28.854 I/AiAiEcho( 1546): #remoteViewsTwiddler: feature disabled.
05-25 04:53:28.854 I/AiAiEcho( 1546): Predicting[0]:  [CONTEXT sampling_count=5 ]
05-25 04:53:28.854 I/AiAiEcho( 1546): EchoTargets: 
05-25 04:53:28.854 I/AiAiEcho( 1546): Filtered by AiAi flag check: 
05-25 04:53:28.854 I/AiAiEcho( 1546): [CONTEXT ratelimit_period="10 SECONDS" ]
05-25 04:53:28.854 W/libbinder.IPCThreadState(  755): Sending oneway calls to frozen process.
05-25 04:53:28.855 W/libbinder.IPCThreadState(  755): Sending oneway calls to frozen process.
05-25 04:53:28.855 W/libbinder.IPCThreadState(  755): Sending oneway calls to frozen process.
05-25 04:53:28.855 I/AiAiEcho( 1546): #remoteViewsTwiddler: feature disabled.
05-25 04:53:28.855 W/libbinder.IPCThreadState(  755): Sending oneway calls to frozen process.
05-25 04:53:28.855 I/AiAiEcho( 1546): #postPredictionTargets: Sending updates to UISurface lockscreen with targets# 0 (types=[])
05-25 04:53:28.855 W/libbinder.IPCThreadState(  755): Sending oneway calls to frozen process.
05-25 04:53:28.855 I/AiAiEcho( 1546): #postPredictionTargets: Sending updates to UISurface home with targets# 0 (types=[])
05-25 04:53:28.856 I/AiAiEcho( 1546): Settings changed for uri: content://settings/secure/accessibility_enabled
05-25 04:53:28.857 I/AiAiEcho( 1546): Predicting[0]:  [CONTEXT sampling_count=5 ]
05-25 04:53:28.857 I/AiAiEcho( 1546): EchoTargets: 
05-25 04:53:28.857 I/AiAiEcho( 1546): Filtered by AiAi flag check: 
05-25 04:53:28.857 I/AiAiEcho( 1546): [CONTEXT ratelimit_period="10 SECONDS" ]
05-25 04:53:28.857 I/AiAiEcho( 1546): #remoteViewsTwiddler: feature disabled.
05-25 04:53:28.858 I/AiAiEcho( 1546): Predicting[0]:  [CONTEXT sampling_count=5 ]
05-25 04:53:28.858 I/AiAiEcho( 1546): EchoTargets: 
05-25 04:53:28.858 I/AiAiEcho( 1546): Filtered by AiAi flag check: 
05-25 04:53:28.858 I/AiAiEcho( 1546): [CONTEXT ratelimit_period="10 SECONDS" ]
05-25 04:53:28.858 W/libbinder.IPCThreadState(  755): Sending oneway calls to frozen process.
05-25 04:53:28.858 I/AiAiEcho( 1546): #remoteViewsTwiddler: feature disabled.
05-25 04:53:28.858 W/libbinder.IPCThreadState(  755): Sending oneway calls to frozen process.
05-25 04:53:28.858 I/AiAiEcho( 1546): #postPredictionTargets: Sending updates to UISurface lockscreen with targets# 0 (types=[])
05-25 04:53:28.858 I/AiAiEcho( 1546): #postPredictionTargets: Sending updates to UISurface home with targets# 0 (types=[])
05-25 04:53:28.859 W/libbinder.IPCThreadState(  755): Sending oneway calls to frozen process.
05-25 04:53:28.859 W/libbinder.IPCThreadState(  755): Sending oneway calls to frozen process.
05-25 04:53:28.859 W/libbinder.IPCThreadState(  755): Sending oneway calls to frozen process.
05-25 04:53:28.859 W/libbinder.IPCThreadState(  755): Sending oneway calls to frozen process.
05-25 04:53:28.859 W/libbinder.IPCThreadState(  755): Sending oneway calls to frozen process.
05-25 04:53:28.859 W/libbinder.IPCThreadState(  755): Sending oneway calls to frozen process.
05-25 04:53:28.859 W/libbinder.IPCThreadState(  755): Sending oneway calls to frozen process.
05-25 04:53:28.860 W/libbinder.IPCThreadState(  755): Sending oneway calls to frozen process.
05-25 04:53:28.860 W/libbinder.IPCThreadState(  755): Sending oneway calls to frozen process.
05-25 04:53:28.860 W/libbinder.IPCThreadState(  755): Sending oneway calls to frozen process.
05-25 04:53:28.860 W/libbinder.IPCThreadState(  755): Sending oneway calls to frozen process.
05-25 04:53:28.861 W/libbinder.IPCThreadState(  755): Sending oneway calls to frozen process.
05-25 04:53:28.861 W/libbinder.IPCThreadState(  755): Sending oneway calls to frozen process.
05-25 04:53:28.861 W/libbinder.IPCThreadState(  755): Sending oneway calls to frozen process.
05-25 04:53:28.862 W/libbinder.IPCThreadState(  755): Sending oneway calls to frozen process.
05-25 04:53:28.862 W/libbinder.IPCThreadState(  755): Sending oneway calls to frozen process.
05-25 04:53:28.862 W/libbinder.IPCThreadState(  755): Sending oneway calls to frozen process.
05-25 04:53:28.862 W/SsPagerDots( 1012): Total number of pages invalid: 0. Assuming 1 page.
05-25 04:53:28.862 W/libbinder.IPCThreadState(  755): Sending oneway calls to frozen process.
05-25 04:53:28.862 W/libbinder.IPCThreadState(  755): Sending oneway calls to frozen process.
05-25 04:53:28.862 W/libbinder.IPCThreadState(  755): Sending oneway calls to frozen process.
05-25 04:53:28.862 W/libbinder.IPCThreadState(  755): Sending oneway calls to frozen process.
05-25 04:53:28.862 W/libbinder.IPCThreadState(  755): Sending oneway calls to frozen process.
05-25 04:53:28.862 W/libbinder.IPCThreadState(  755): Sending oneway calls to frozen process.
05-25 04:53:28.862 W/libbinder.IPCThreadState(  755): Sending oneway calls to frozen process.
05-25 04:53:28.862 D/BatterySaverPolicy(  755): accessibility changed to true, updating policy.
05-25 04:53:28.866 W/SsPagerDots( 1012): Total number of pages invalid: 0. Assuming 1 page.
05-25 04:53:28.867 D/AccessibilityManagerService(  755): .getAccessibilityShortcutTargets {shortcutType=32, userId=0}
05-25 04:53:29.406 W/libbinder.IPCThreadState(  755): Sending oneway calls to frozen process.
05-25 04:53:29.874 W/AccessibilityNodeInfoDumper(19976): Fetch time: 1ms
05-25 04:53:29.875 V/AccessibilityManagerService(  755): onUserStateChangedLocked for userId: 0, forceUpdate: false
05-25 04:53:29.880 V/AccessibilityUserState(  755): updateShortcutTargets: type:accessibility_shortcut_target_service, current:{}, new:{}
05-25 04:53:29.880 V/AccessibilityUserState(  755): updateShortcutTargets: type:accessibility_button_targets, current:{}, new:{}
05-25 04:53:29.880 V/AccessibilityUserState(  755): updateShortcutTargets: type:accessibility_gesture_targets, current:{}, new:{}
05-25 04:53:29.880 V/AccessibilityUserState(  755): updateShortcutTargets: type:accessibility_qs_targets, current:{}, new:{}
05-25 04:53:29.880 V/AccessibilityUserState(  755): updateShortcutTargets: type:accessibility_key_gesture_targets, current:{}, new:{}
05-25 04:53:29.880 W/MagnificationConnectionManager(  755): requestConnection duplicated request: connect=false, mConnectionState=DISCONNECTED
05-25 04:53:29.880 D/AccessibilityManagerService(  755): restoreCurrentUserForTestAutomationIfNeededLocked(): ignoring because device doesn't support visible background users
05-25 04:53:29.880 W/libbinder.IPCThreadState(  755): Sending oneway calls to frozen process.
05-25 04:53:29.880 I/AiAiEcho( 1546): Settings changed for uri: content://settings/secure/accessibility_enabled
05-25 04:53:29.881 I/AiAiEcho( 1546): Predicting[0]:  [CONTEXT sampling_count=5 ]
05-25 04:53:29.881 I/AiAiEcho( 1546): EchoTargets: 
05-25 04:53:29.881 I/AiAiEcho( 1546): Filtered by AiAi flag check: 
05-25 04:53:29.881 I/AiAiEcho( 1546): [CONTEXT ratelimit_period="10 SECONDS" ]
05-25 04:53:29.881 I/AiAiEcho( 1546): #remoteViewsTwiddler: feature disabled.
05-25 04:53:29.881 W/libbinder.IPCThreadState(19976): call to talkWithDriver in joinThreadPool returned error: -9 (Bad file descriptor), FD: -1
05-25 04:53:29.881 I/AiAiEcho( 1546): Predicting[0]:  [CONTEXT sampling_count=5 ]
05-25 04:53:29.881 I/AiAiEcho( 1546): EchoTargets: 
05-25 04:53:29.881 I/AiAiEcho( 1546): Filtered by AiAi flag check: 
05-25 04:53:29.881 I/AiAiEcho( 1546): [CONTEXT ratelimit_period="10 SECONDS" ]
05-25 04:53:29.881 I/AiAiEcho( 1546): #remoteViewsTwiddler: feature disabled.
05-25 04:53:29.881 I/AiAiEcho( 1546): #postPredictionTargets: Sending updates to UISurface lockscreen with targets# 0 (types=[])
05-25 04:53:29.881 D/AndroidRuntime(19976): Shutting down VM
05-25 04:53:29.881 W/libbinder.IPCThreadState(19976): call to talkWithDriver in joinThreadPool returned error: -9 (Bad file descriptor), FD: -1
05-25 04:53:29.882 I/AiAiEcho( 1546): #postPredictionTargets: Sending updates to UISurface home with targets# 0 (types=[])
05-25 04:53:29.883 W/SsPagerDots( 1012): Total number of pages invalid: 0. Assuming 1 page.
05-25 04:53:29.885 W/libbinder.IPCThreadState(  755): Sending oneway calls to frozen process.
05-25 04:53:29.885 W/libbinder.IPCThreadState(  755): Sending oneway calls to frozen process.
05-25 04:53:29.885 W/libbinder.IPCThreadState(  755): Sending oneway calls to frozen process.
05-25 04:53:29.885 W/libbinder.IPCThreadState(  755): Sending oneway calls to frozen process.
05-25 04:53:29.885 W/libbinder.IPCThreadState(  755): Sending oneway calls to frozen process.
05-25 04:53:29.886 W/libbinder.IPCThreadState(  755): Sending oneway calls to frozen process.
05-25 04:53:29.886 W/libbinder.IPCThreadState(  755): Sending oneway calls to frozen process.
05-25 04:53:29.886 W/libbinder.IPCThreadState(  755): Sending oneway calls to frozen process.
05-25 04:53:29.889 W/libbinder.IPCThreadState(  755): Sending oneway calls to frozen process.
05-25 04:53:29.889 W/libbinder.IPCThreadState(  755): Sending oneway calls to frozen process.
05-25 04:53:29.889 W/libbinder.IPCThreadState(  755): Sending oneway calls to frozen process.
05-25 04:53:29.889 W/libbinder.IPCThreadState(  755): Sending oneway calls to frozen process.
05-25 04:53:29.889 W/libbinder.IPCThreadState(  755): Sending oneway calls to frozen process.
05-25 04:53:29.889 W/libbinder.IPCThreadState(  755): Sending oneway calls to frozen process.
05-25 04:53:29.889 W/libbinder.IPCThreadState(  755): Sending oneway calls to frozen process.
05-25 04:53:29.889 W/libbinder.IPCThreadState(  755): Sending oneway calls to frozen process.
05-25 04:53:29.892 W/libbinder.IPCThreadState(  755): Sending oneway calls to frozen process.
05-25 04:53:29.892 W/libbinder.IPCThreadState(  755): Sending oneway calls to frozen process.
05-25 04:53:29.892 W/libbinder.IPCThreadState(  755): Sending oneway calls to frozen process.
05-25 04:53:29.892 W/libbinder.IPCThreadState(  755): Sending oneway calls to frozen process.
05-25 04:53:29.892 W/libbinder.IPCThreadState(  755): Sending oneway calls to frozen process.
05-25 04:53:29.893 W/libbinder.IPCThreadState(  755): Sending oneway calls to frozen process.
05-25 04:53:29.893 W/libbinder.IPCThreadState(  755): Sending oneway calls to frozen process.
05-25 04:53:29.893 D/BatterySaverPolicy(  755): accessibility changed to false, updating policy.
