05-25 01:37:48.679  8361  8361 I AconfigPackage: com.android.server.deviceconfig is mapped to com.android.configinfrastructure
05-25 01:37:48.679  8361  8361 I AconfigPackage: com.android.compos.flags is mapped to com.android.compos
05-25 01:37:48.679  8361  8361 I AconfigPackage: com.android.art.flags is mapped to com.android.art
05-25 01:37:48.679  8361  8361 I AconfigPackage: com.android.art.rw.flags is mapped to com.android.art
05-25 01:37:48.679  8361  8361 I AconfigPackage: com.android.libcore is mapped to com.android.art
05-25 01:37:48.680  8361  8361 I AconfigPackage: com.android.telephony.flags is mapped to com.android.telephonycore
05-25 01:37:48.680  8361  8361 I AconfigPackage: com.android.media.extractor.flags is mapped to com.android.media
05-25 01:37:48.680  8361  8361 I AconfigPackage: com.android.media.mainline.flags is mapped to com.android.media
05-25 01:37:48.680  8361  8361 I AconfigPackage: com.android.wifi.flags is mapped to com.android.wifi
05-25 01:37:48.680  8361  8361 I AconfigPackage: com.android.org.conscrypt.flags is mapped to com.android.conscrypt
05-25 01:37:48.680  8361  8361 I AconfigPackage: com.android.org.conscrypt.net.flags is mapped to com.android.conscrypt
05-25 01:37:48.680  8361  8361 I AconfigPackage: com.android.healthfitness.flags is mapped to com.android.healthfitness
05-25 01:37:48.680  8361  8361 I AconfigPackage: com.android.ipsec.flags is mapped to com.android.ipsec
05-25 01:37:48.680  8361  8361 I AconfigPackage: com.android.nfc.module.flags is mapped to com.android.nfcservices
05-25 01:37:48.681  8361  8361 I AconfigPackage: com.android.adservices.ondevicepersonalization.flags is mapped to com.android.ondevicepersonalization
05-25 01:37:48.681  8361  8361 I AconfigPackage: com.android.adbd.flags is mapped to com.android.adbd
05-25 01:37:48.681  8361  8361 I AconfigPackage: com.android.bluetooth.flags is mapped to com.android.bt
05-25 01:37:48.681  8361  8361 I AconfigPackage: com.android.devicelock.flags is mapped to com.android.devicelock
05-25 01:37:48.681  8361  8361 I AconfigPackage: android.os.profiling is mapped to com.android.profiling
05-25 01:37:48.681  8361  8361 I AconfigPackage: android.os.profiling.anomaly.flags is mapped to com.android.profiling
05-25 01:37:48.681  8361  8361 I AconfigPackage: com.android.os.statsd.flags is mapped to com.android.os.statsd
05-25 01:37:48.681  8361  8361 I AconfigPackage: com.android.rkpd.flags is mapped to com.android.rkpd
05-25 01:37:48.681  8361  8361 I AconfigPackage: com.android.cellbroadcastreceiver.flags is mapped to com.android.cellbroadcast
05-25 01:37:48.681  8361  8361 I AconfigPackage: com.android.adservices.flags is mapped to com.android.adservices
05-25 01:37:48.681  8361  8361 I AconfigPackage: com.android.sdksandbox.flags is mapped to com.android.adservices
05-25 01:37:48.681  8361  8361 I AconfigPackage: com.android.uwb.flags is mapped to com.android.uwb
05-25 01:37:48.681  8361  8361 I AconfigPackage: com.android.ranging.flags is mapped to com.android.uwb
05-25 01:37:48.681  8361  8361 I AconfigPackage: android.graphics.pdf.flags is mapped to com.android.mediaprovider
05-25 01:37:48.681  8361  8361 I AconfigPackage: com.android.providers.media.flags is mapped to com.android.mediaprovider
05-25 01:37:48.681  8361  8361 I AconfigPackage: android.graphics.pdf.flags.readonly is mapped to com.android.mediaprovider
05-25 01:37:48.682  8361  8361 I AconfigPackage: com.android.tethering.mainline.beta is mapped to com.android.tethering
05-25 01:37:48.682  8361  8361 I AconfigPackage: android.net.http is mapped to com.android.tethering
05-25 01:37:48.682  8361  8361 I AconfigPackage: com.android.tethering.readonly.flags is mapped to com.android.tethering
05-25 01:37:48.682  8361  8361 I AconfigPackage: android.net.vcn is mapped to com.android.tethering
05-25 01:37:48.682  8361  8361 I AconfigPackage: com.android.net.flags is mapped to com.android.tethering
05-25 01:37:48.682  8361  8361 I AconfigPackage: com.android.tethering.beta.test is mapped to com.android.tethering
05-25 01:37:48.682  8361  8361 I AconfigPackage: com.android.nearby.flags is mapped to com.android.tethering
05-25 01:37:48.682  8361  8361 I AconfigPackage: com.android.net.ct.flags is mapped to com.android.tethering
05-25 01:37:48.682  8361  8361 I AconfigPackage: com.android.net.thread.flags is mapped to com.android.tethering
05-25 01:37:48.682  8361  8361 I AconfigPackage: com.android.system.virtualmachine.flags is mapped to com.android.virt
05-25 01:37:48.682  8361  8361 E FeatureFlagsImplExport: android.os.flagging.AconfigStorageReadException: ERROR_PACKAGE_NOT_FOUND: package android.xr cannot be found on the device
05-25 01:37:48.683  8361  8361 D UiAutomationConnection: Created on user UserHandle{0}
05-25 01:37:48.683  8361  8361 I UiAutomation: Initialized for user 0 on display 0
05-25 01:37:48.683  8361  8361 W UiAutomation: Created with deprecatead constructor, assumes DEFAULT_DISPLAY
05-25 01:37:48.684   803  1700 D AccessibilityManagerService: changeCurrentUserForTestAutomationIfNeededLocked(0): ignoring because device doesn't support visible background users
05-25 01:37:48.684   803  1700 I UiAutomationManager: Registering UiTestAutomationService (id=com.android.server.accessibility/UiAutomation, flags=0x0) when called by user 0
05-25 01:37:48.684   803  1700 V AccessibilityManagerService: onUserStateChangedLocked for userId: 0, forceUpdate: false
05-25 01:37:48.685   803  1700 V AccessibilityUserState: updateShortcutTargets: type:accessibility_shortcut_target_service, current:{}, new:{}
05-25 01:37:48.685   803  1700 V AccessibilityUserState: updateShortcutTargets: type:accessibility_button_targets, current:{}, new:{}
05-25 01:37:48.685   803  1700 V AccessibilityUserState: updateShortcutTargets: type:accessibility_gesture_targets, current:{}, new:{}
05-25 01:37:48.685   803  1700 V AccessibilityUserState: updateShortcutTargets: type:accessibility_qs_targets, current:{}, new:{}
05-25 01:37:48.685   803  1700 V AccessibilityUserState: updateShortcutTargets: type:accessibility_key_gesture_targets, current:{}, new:{}
05-25 01:37:48.685   803  1700 W MagnificationConnectionManager: requestConnection duplicated request: connect=false, mConnectionState=DISCONNECTED
05-25 01:37:48.685  1620  1638 I AiAiEcho: Settings changed for uri: content://settings/secure/accessibility_enabled
05-25 01:37:48.686   803   803 W libbinder.IPCThreadState: Sending oneway calls to frozen process.
05-25 01:37:48.686   803   803 W libbinder.IPCThreadState: Sending oneway calls to frozen process.
05-25 01:37:48.686  1620  1867 I AiAiEcho: Predicting[0]:  [CONTEXT sampling_count=5 ]
05-25 01:37:48.686   803   803 W libbinder.IPCThreadState: Sending oneway calls to frozen process.
05-25 01:37:48.686  1620  1867 I AiAiEcho: EchoTargets: 
05-25 01:37:48.686  1620  1867 I AiAiEcho: Filtered by AiAi flag check: 
05-25 01:37:48.686  1620  1867 I AiAiEcho: [CONTEXT ratelimit_period="10 SECONDS" ]
05-25 01:37:48.686   803   803 W libbinder.IPCThreadState: Sending oneway calls to frozen process.
05-25 01:37:48.686  1620  1867 I AiAiEcho: #remoteViewsTwiddler: feature disabled.
05-25 01:37:48.686   803   803 W libbinder.IPCThreadState: Sending oneway calls to frozen process.
05-25 01:37:48.686  1620  1867 I AiAiEcho: Predicting[0]:  [CONTEXT sampling_count=5 ]
05-25 01:37:48.686  1620  1867 I AiAiEcho: EchoTargets: 
05-25 01:37:48.686  1620  1867 I AiAiEcho: Filtered by AiAi flag check: 
05-25 01:37:48.686  1620  1867 I AiAiEcho: [CONTEXT ratelimit_period="10 SECONDS" ]
05-25 01:37:48.686  1620  1867 I AiAiEcho: #remoteViewsTwiddler: feature disabled.
05-25 01:37:48.686  1620  1867 I AiAiEcho: #postPredictionTargets: Sending updates to UISurface lockscreen with targets# 0 (types=[])
05-25 01:37:48.687   803   803 W libbinder.IPCThreadState: Sending oneway calls to frozen process.
05-25 01:37:48.687  1620  1867 I AiAiEcho: #postPredictionTargets: Sending updates to UISurface home with targets# 0 (types=[])
05-25 01:37:48.687   803   803 W libbinder.IPCThreadState: Sending oneway calls to frozen process.
05-25 01:37:48.687   803   803 W libbinder.IPCThreadState: Sending oneway calls to frozen process.
05-25 01:37:48.687   803   803 W libbinder.IPCThreadState: Sending oneway calls to frozen process.
05-25 01:37:48.687   803   803 D BatterySaverPolicy: accessibility changed to true, updating policy.
05-25 01:37:48.687   803   878 V AccessibilityManagerService: onUserStateChangedLocked for userId: 0, forceUpdate: false
05-25 01:37:48.688   803   878 V AccessibilityUserState: updateShortcutTargets: type:accessibility_shortcut_target_service, current:{}, new:{}
05-25 01:37:48.688   803   878 V AccessibilityUserState: updateShortcutTargets: type:accessibility_button_targets, current:{}, new:{}
05-25 01:37:48.688   803   878 V AccessibilityUserState: updateShortcutTargets: type:accessibility_gesture_targets, current:{}, new:{}
05-25 01:37:48.688   803   878 V AccessibilityUserState: updateShortcutTargets: type:accessibility_qs_targets, current:{}, new:{}
05-25 01:37:48.688   803   878 V AccessibilityUserState: updateShortcutTargets: type:accessibility_key_gesture_targets, current:{}, new:{}
05-25 01:37:48.688   803   878 W MagnificationConnectionManager: requestConnection duplicated request: connect=false, mConnectionState=DISCONNECTED
05-25 01:37:48.688  1620  2149 I AiAiEcho: Settings changed for uri: content://settings/secure/accessibility_enabled
05-25 01:37:48.689   803   803 W libbinder.IPCThreadState: Sending oneway calls to frozen process.
05-25 01:37:48.689   803   803 W libbinder.IPCThreadState: Sending oneway calls to frozen process.
05-25 01:37:48.689  1620  1867 I AiAiEcho: Predicting[0]:  [CONTEXT sampling_count=5 ]
05-25 01:37:48.689  1620  1867 I AiAiEcho: EchoTargets: 
05-25 01:37:48.689  1620  1867 I AiAiEcho: Filtered by AiAi flag check: 
05-25 01:37:48.689  1620  1867 I AiAiEcho: [CONTEXT ratelimit_period="10 SECONDS" ]
05-25 01:37:48.689  1620  1867 I AiAiEcho: #remoteViewsTwiddler: feature disabled.
05-25 01:37:48.689   803   803 W libbinder.IPCThreadState: Sending oneway calls to frozen process.
05-25 01:37:48.689   803   803 W libbinder.IPCThreadState: Sending oneway calls to frozen process.
05-25 01:37:48.689   803   803 W libbinder.IPCThreadState: Sending oneway calls to frozen process.
05-25 01:37:48.690  1620  1867 I AiAiEcho: Predicting[0]:  [CONTEXT sampling_count=5 ]
05-25 01:37:48.690   803   803 W libbinder.IPCThreadState: Sending oneway calls to frozen process.
05-25 01:37:48.690  1620  1867 I AiAiEcho: EchoTargets: 
05-25 01:37:48.690  1620  1867 I AiAiEcho: Filtered by AiAi flag check: 
05-25 01:37:48.690  1620  1867 I AiAiEcho: [CONTEXT ratelimit_period="10 SECONDS" ]
05-25 01:37:48.691  1620  1867 I AiAiEcho: #remoteViewsTwiddler: feature disabled.
05-25 01:37:48.691  1620  1867 I AiAiEcho: #postPredictionTargets: Sending updates to UISurface lockscreen with targets# 0 (types=[])
05-25 01:37:48.691  1620  1867 I AiAiEcho: #postPredictionTargets: Sending updates to UISurface home with targets# 0 (types=[])
05-25 01:37:48.692  3740  7016 D AccessibilitySourceService: enabled a11y services count 0
05-25 01:37:48.692  3740  7016 D AccessibilitySourceService: a11y source sending 0 issue to sc
05-25 01:37:48.692  1059  1059 W SsPagerDots: Total number of pages invalid: 0. Assuming 1 page.
05-25 01:37:48.692   803  1093 D SafetySourceDataValidat: No cert check requested for package com.google.android.permissioncontroller
05-25 01:37:48.692   803   879 D AccessibilityManagerService: .getAccessibilityShortcutTargets {shortcutType=32, userId=0}
05-25 01:37:48.692  1059  1059 W SsPagerDots: Total number of pages invalid: 0. Assuming 1 page.
05-25 01:37:48.701  1230  1230 D SsBaseTemplateCard: Passed-in item info is null
05-25 01:37:48.701  1230  1230 D SsBaseTemplateCard: Passed-in item info is null
05-25 01:37:48.701  1230  1230 D SsBaseTemplateCard: Passed-in item info is null
05-25 01:37:48.701  1230  1230 D SsBaseTemplateCard: Passed-in item info is null
05-25 01:37:48.701  1230  1230 I SsBaseTemplateCard: Secondary card pane is null
05-25 01:37:48.717  1230  1230 D SsBaseTemplateCard: Passed-in item info is null
05-25 01:37:48.717  1230  1230 D SsBaseTemplateCard: Passed-in item info is null
05-25 01:37:48.717  1230  1230 D SsBaseTemplateCard: Passed-in item info is null
05-25 01:37:48.717  1230  1230 D SsBaseTemplateCard: Passed-in item info is null
05-25 01:37:48.717  1230  1230 I SsBaseTemplateCard: Secondary card pane is null
05-25 01:37:49.307  1351  1370 I libbinder.IPCThreadState: oneway function results for code 1 on binder at 0x7ce290e45380 will be dropped but finished with status UNKNOWN_TRANSACTION and reply parcel size 80
05-25 01:37:49.807  8361  8361 W AccessibilityNodeInfoDumper: Fetch time: 10ms
05-25 01:37:49.808   803   879 V AccessibilityManagerService: onUserStateChangedLocked for userId: 0, forceUpdate: false
05-25 01:37:49.809   803   879 V AccessibilityUserState: updateShortcutTargets: type:accessibility_shortcut_target_service, current:{}, new:{}
05-25 01:37:49.809   803   879 V AccessibilityUserState: updateShortcutTargets: type:accessibility_button_targets, current:{}, new:{}
05-25 01:37:49.809   803   879 V AccessibilityUserState: updateShortcutTargets: type:accessibility_gesture_targets, current:{}, new:{}
05-25 01:37:49.809   803   879 V AccessibilityUserState: updateShortcutTargets: type:accessibility_qs_targets, current:{}, new:{}
05-25 01:37:49.809   803   879 V AccessibilityUserState: updateShortcutTargets: type:accessibility_key_gesture_targets, current:{}, new:{}
05-25 01:37:49.809   803   879 W MagnificationConnectionManager: requestConnection duplicated request: connect=false, mConnectionState=DISCONNECTED
05-25 01:37:49.809   803   879 D AccessibilityManagerService: restoreCurrentUserForTestAutomationIfNeededLocked(): ignoring because device doesn't support visible background users
05-25 01:37:49.809   803   803 W libbinder.IPCThreadState: Sending oneway calls to frozen process.
05-25 01:37:49.809  1620  2149 I AiAiEcho: Settings changed for uri: content://settings/secure/accessibility_enabled
05-25 01:37:49.810   803   803 W libbinder.IPCThreadState: Sending oneway calls to frozen process.
05-25 01:37:49.810   803   803 W libbinder.IPCThreadState: Sending oneway calls to frozen process.
05-25 01:37:49.810   803   803 W libbinder.IPCThreadState: Sending oneway calls to frozen process.
05-25 01:37:49.810  1620  1867 I AiAiEcho: Predicting[0]:  [CONTEXT sampling_count=5 ]
05-25 01:37:49.810   803   950 I HalDevMgr: bestIfaceCreationProposal is null, requestIface=STA, existingIface=[name=wlan0 type=STA]
05-25 01:37:49.810  1620  1867 I AiAiEcho: EchoTargets: 
05-25 01:37:49.810  1620  1867 I AiAiEcho: Filtered by AiAi flag check: 
05-25 01:37:49.810  1620  1867 I AiAiEcho: [CONTEXT ratelimit_period="10 SECONDS" ]
05-25 01:37:49.810  1620  1867 I AiAiEcho: #remoteViewsTwiddler: feature disabled.
05-25 01:37:49.810  1620  1867 I AiAiEcho: Predicting[0]:  [CONTEXT sampling_count=5 ]
05-25 01:37:49.810  1620  1867 I AiAiEcho: EchoTargets: 
05-25 01:37:49.810  1620  1867 I AiAiEcho: Filtered by AiAi flag check: 
05-25 01:37:49.810  1620  1867 I AiAiEcho: [CONTEXT ratelimit_period="10 SECONDS" ]
05-25 01:37:49.810  1620  1867 I AiAiEcho: #remoteViewsTwiddler: feature disabled.
05-25 01:37:49.810  1620  1867 I AiAiEcho: #postPredictionTargets: Sending updates to UISurface lockscreen with targets# 0 (types=[])
05-25 01:37:49.810  8361  8369 W libbinder.IPCThreadState: call to talkWithDriver in joinThreadPool returned error: -9 (Bad file descriptor), FD: -1
05-25 01:37:49.811  1620  1867 I AiAiEcho: #postPredictionTargets: Sending updates to UISurface home with targets# 0 (types=[])
05-25 01:37:49.811  8361  8370 W libbinder.IPCThreadState: call to talkWithDriver in joinThreadPool returned error: -9 (Bad file descriptor), FD: -1
05-25 01:37:49.811  8361  8373 W libbinder.IPCThreadState: call to talkWithDriver in joinThreadPool returned error: -9 (Bad file descriptor), FD: -1
05-25 01:37:49.811  8361  8361 D AndroidRuntime: Shutting down VM
05-25 01:37:49.811   803   803 W libbinder.IPCThreadState: Sending oneway calls to frozen process.
05-25 01:37:49.812   803   803 W libbinder.IPCThreadState: Sending oneway calls to frozen process.
05-25 01:37:49.812   803   803 W libbinder.IPCThreadState: Sending oneway calls to frozen process.
05-25 01:37:49.813   803   803 W libbinder.IPCThreadState: Sending oneway calls to frozen process.
05-25 01:37:49.813   803   803 W libbinder.IPCThreadState: Sending oneway calls to frozen process.
05-25 01:37:49.813   803   803 D BatterySaverPolicy: accessibility changed to false, updating policy.
05-25 01:37:49.813  1059  1059 W SsPagerDots: Total number of pages invalid: 0. Assuming 1 page.
05-25 01:37:49.817  1230  1230 D SsBaseTemplateCard: Passed-in item info is null
05-25 01:37:49.817  1230  1230 D SsBaseTemplateCard: Passed-in item info is null
05-25 01:37:49.817  1230  1230 D SsBaseTemplateCard: Passed-in item info is null
05-25 01:37:49.817  1230  1230 D SsBaseTemplateCard: Passed-in item info is null
05-25 01:37:49.817  1230  1230 I SsBaseTemplateCard: Secondary card pane is null
05-25 01:37:49.905  1598  1598 D WM-DelayedWorkTracker: Scheduling work 528e93fd-8be6-4d1d-b1fe-c50326ff9ac1
05-25 01:37:49.905  1598  1598 D WM-GreedyScheduler: Starting tracking for 528e93fd-8be6-4d1d-b1fe-c50326ff9ac1
05-25 01:37:49.905  1598  1851 D WM-ConstraintTracker: BatteryNotLowTracker: initial state = true
05-25 01:37:49.905  1598  1851 D WM-BrdcstRcvrCnstrntTrc: BatteryNotLowTracker: registering receiver
05-25 01:37:49.905  1598  1598 D WM-SystemJobService: onStartJob for WorkGenerationalId(workSpecId=528e93fd-8be6-4d1d-b1fe-c50326ff9ac1, generation=0)
05-25 01:37:49.906  1598  1851 D WM-Processor: Processor: processing WorkGenerationalId(workSpecId=528e93fd-8be6-4d1d-b1fe-c50326ff9ac1, generation=0)
05-25 01:37:49.907  1598  1598 D WM-WorkerWrapper: Starting work for com.android.providers.media.photopicker.sync.ProactiveSyncWorker
05-25 01:37:49.907  1598  1851 D WM-GreedyScheduler: Constraints met: Scheduling work ID WorkGenerationalId(workSpecId=528e93fd-8be6-4d1d-b1fe-c50326ff9ac1, generation=0)
05-25 01:37:49.908  1598  8374 I PSyncWorker: Starting proactive picker sync from sync source: 1
05-25 01:37:49.908  1598  8374 I PickerSyncTracker: Created new sync future java.util.concurrent.CompletableFuture@f8849d6[Not completed, 1 dependents]. Future map: {528e93fd-8be6-4d1d-b1fe-c50326ff9ac1=java.util.concurrent.CompletableFuture@f8849d6[Not completed, 1 dependents]}
05-25 01:37:49.908  1598  1851 D WM-Processor: Work WorkGenerationalId(workSpecId=528e93fd-8be6-4d1d-b1fe-c50326ff9ac1, generation=0) is already enqueued for processing
05-25 01:37:49.908  1598  8374 D PickerSyncController: syncAllMediaFromProvider() LOCAL, auth=com.android.providers.media.photopicker, retry=true
05-25 01:37:49.908  1598  8374 D PickerSyncController: getSyncRequestParams() LOCAL, auth=com.android.providers.media.photopicker
05-25 01:37:49.910  1598  8374 D PickerSyncController:    Latest ID/Gen=5741e223eceef07b:0000-0000:external_primary/5320
05-25 01:37:49.910  1598  8374 D PickerSyncController:    Cached ID/Gen=5741e223eceef07b:0000-0000:external_primary/5310
05-25 01:37:49.911  1598  8374 D PickerSyncController:    RESULT=SyncRequestParams{type=MEDIA_INCREMENTAL, gen=5310, latest=Bundle[{last_media_sync_generation=5320, media_collection_id=5741e223eceef07b:0000-0000:external_primary}], pageSize=1000}
05-25 01:37:49.911  1598  8374 I PickerSyncController: Executing SyncAdd. isLocal: true. authority: com.android.providers.media.photopicker
05-25 01:37:49.911  1598  8374 D PickerSyncLockManager: Trying to acquire lock com.android.providers.media.photopicker.sync.CloseableReentrantLock@e2903a9[Unlocked]. Lock Name = CLOUD_PROVIDER_LOCK. Threads that may be waiting to acquire this lock = [] with timeout.
05-25 01:37:49.911  1598  8374 D CloseableReentrantLock: Successfully acquired lock com.android.providers.media.photopicker.sync.CloseableReentrantLock@e2903a9[Locked by thread pool-4-thread-19]. Lock Name = CLOUD_PROVIDER_LOCK. Threads that may be waiting to acquire this lock = []
05-25 01:37:49.911  1598  8374 D CloseableReentrantLock: Successfully released lock com.android.providers.media.photopicker.sync.CloseableReentrantLock@e2903a9[Unlocked]. Lock Name = CLOUD_PROVIDER_LOCK. Threads that may be waiting to acquire this lock = []
05-25 01:37:49.911  1598  8374 D ExternalDbFacade: Token received for queryMedia = null
05-25 01:37:49.916  1598  8374 D PickerSyncLockManager: Trying to acquire lock com.android.providers.media.photopicker.sync.CloseableReentrantLock@e2903a9[Unlocked]. Lock Name = CLOUD_PROVIDER_LOCK. Threads that may be waiting to acquire this lock = [] with timeout.
05-25 01:37:49.916  1598  8374 D CloseableReentrantLock: Successfully acquired lock com.android.providers.media.photopicker.sync.CloseableReentrantLock@e2903a9[Locked by thread pool-4-thread-19]. Lock Name = CLOUD_PROVIDER_LOCK. Threads that may be waiting to acquire this lock = []
05-25 01:37:49.916  1598  8374 D PickerSyncController: Saving next page token: 1779669468000|398 for key: local_provider:media_add:resume
05-25 01:37:49.916  1598  8374 D CloseableReentrantLock: Successfully released lock com.android.providers.media.photopicker.sync.CloseableReentrantLock@e2903a9[Unlocked]. Lock Name = CLOUD_PROVIDER_LOCK. Threads that may be waiting to acquire this lock = []
05-25 01:37:49.917  1598  8374 D PickerNotificationSender: Sending a notification for media update
05-25 01:37:49.917  1598  8374 D PickerNotificationSender: Sending a notification for merged album media update Favorites
05-25 01:37:49.917  1598  8374 D PickerNotificationSender: Sending a notification for album media update Favorites
05-25 01:37:49.917  1598  8374 D PickerNotificationSender: Sending a notification for merged album media update Videos
05-25 01:37:49.917  1598  8374 D PickerNotificationSender: Sending a notification for album media update Videos
05-25 01:37:49.918  1598  8374 D ExternalDbFacade: Token received for queryMedia = 1779669468000|398
05-25 01:37:49.919  1598  8374 D PickerSyncLockManager: Trying to acquire lock com.android.providers.media.photopicker.sync.CloseableReentrantLock@e2903a9[Unlocked]. Lock Name = CLOUD_PROVIDER_LOCK. Threads that may be waiting to acquire this lock = [] with timeout.
05-25 01:37:49.919  1598  8374 D CloseableReentrantLock: Successfully acquired lock com.android.providers.media.photopicker.sync.CloseableReentrantLock@e2903a9[Locked by thread pool-4-thread-19]. Lock Name = CLOUD_PROVIDER_LOCK. Threads that may be waiting to acquire this lock = []
05-25 01:37:49.919  1598  8374 D PickerSyncController: Clearing next page token for key: local_provider:media_add:resume
05-25 01:37:49.919  1598  8374 D CloseableReentrantLock: Successfully released lock com.android.providers.media.photopicker.sync.CloseableReentrantLock@e2903a9[Unlocked]. Lock Name = CLOUD_PROVIDER_LOCK. Threads that may be waiting to acquire this lock = []
05-25 01:37:49.919  1598  8374 D PickerNotificationSender: Sending a notification for media update
05-25 01:37:49.919  1598  8374 D PickerNotificationSender: Sending a notification for merged album media update Favorites
05-25 01:37:49.919  1598  8374 D PickerNotificationSender: Sending a notification for album media update Favorites
05-25 01:37:49.920  1598  8374 D PickerNotificationSender: Sending a notification for merged album media update Videos
05-25 01:37:49.920  1598  8374 D PickerNotificationSender: Sending a notification for album media update Videos
05-25 01:37:49.920  1598  8374 I PickerSyncController: Paged sync successful. QueryArgs: Bundle[{android.provider.extra.PAGE_TOKEN=1779669468000|398, android.provider.extra.SYNC_GENERATION=5310, android.provider.extra.PAGE_SIZE=1000}] Total Rows: 1
05-25 01:37:49.920  1598  8374 I PickerSyncController: Executing SyncRemove. isLocal: true. authority: com.android.providers.media.photopicker
05-25 01:37:49.920  1598  8374 D PickerSyncLockManager: Trying to acquire lock com.android.providers.media.photopicker.sync.CloseableReentrantLock@e2903a9[Unlocked]. Lock Name = CLOUD_PROVIDER_LOCK. Threads that may be waiting to acquire this lock = [] with timeout.
05-25 01:37:49.920  1598  8374 D CloseableReentrantLock: Successfully acquired lock com.android.providers.media.photopicker.sync.CloseableReentrantLock@e2903a9[Locked by thread pool-4-thread-19]. Lock Name = CLOUD_PROVIDER_LOCK. Threads that may be waiting to acquire this lock = []
05-25 01:37:49.920  1598  8374 D CloseableReentrantLock: Successfully released lock com.android.providers.media.photopicker.sync.CloseableReentrantLock@e2903a9[Unlocked]. Lock Name = CLOUD_PROVIDER_LOCK. Threads that may be waiting to acquire this lock = []
05-25 01:37:49.921  1598  8374 D PickerSyncLockManager: Trying to acquire lock com.android.providers.media.photopicker.sync.CloseableReentrantLock@e2903a9[Unlocked]. Lock Name = CLOUD_PROVIDER_LOCK. Threads that may be waiting to acquire this lock = [] with timeout.
05-25 01:37:49.921  1598  8374 D CloseableReentrantLock: Successfully acquired lock com.android.providers.media.photopicker.sync.CloseableReentrantLock@e2903a9[Locked by thread pool-4-thread-19]. Lock Name = CLOUD_PROVIDER_LOCK. Threads that may be waiting to acquire this lock = []
05-25 01:37:49.921  1598  8374 D PickerSyncController: Clearing next page token for key: local_provider:media_remove:resume
05-25 01:37:49.921  1598  8374 D CloseableReentrantLock: Successfully released lock com.android.providers.media.photopicker.sync.CloseableReentrantLock@e2903a9[Unlocked]. Lock Name = CLOUD_PROVIDER_LOCK. Threads that may be waiting to acquire this lock = []
05-25 01:37:49.921  1598  8374 D PickerNotificationSender: Sending a notification for media update
05-25 01:37:49.922  1598  8374 D PickerNotificationSender: Sending a notification for merged album media update Favorites
05-25 01:37:49.922  1598  8374 D PickerNotificationSender: Sending a notification for album media update Favorites
05-25 01:37:49.922  1598  8374 D PickerNotificationSender: Sending a notification for merged album media update Videos
05-25 01:37:49.922  1598  8374 D PickerNotificationSender: Sending a notification for album media update Videos
05-25 01:37:49.922  1598  8374 I PickerSyncController: Paged sync successful. QueryArgs: Bundle[{android.provider.extra.PAGE_TOKEN=1779669468000|398, android.provider.extra.SYNC_GENERATION=5310, android.provider.extra.PAGE_SIZE=1000}] Total Rows: 0
05-25 01:37:49.922  1598  8374 I PickerSyncTracker: Marked sync future complete for work id: 528e93fd-8be6-4d1d-b1fe-c50326ff9ac1. Future map: {}
05-25 01:37:49.922  1598  8374 I PSyncWorker: Completed picker proactive sync complete from local provider.
05-25 01:37:49.923  1598  1853 I WM-WorkerWrapper: Worker result SUCCESS for Work [ id=528e93fd-8be6-4d1d-b1fe-c50326ff9ac1, tags={ com.android.providers.media.photopicker.sync.ProactiveSyncWorker } ]
05-25 01:37:49.924  1598  1598 D WM-Processor: Processor 528e93fd-8be6-4d1d-b1fe-c50326ff9ac1 executed; reschedule = false
05-25 01:37:49.924  1598  1598 D WM-GreedyScheduler: Stopping tracking for WorkGenerationalId(workSpecId=528e93fd-8be6-4d1d-b1fe-c50326ff9ac1, generation=0)
05-25 01:37:49.924  1598  1598 D WM-SystemJobService: 528e93fd-8be6-4d1d-b1fe-c50326ff9ac1 executed on JobScheduler
05-25 01:37:49.925   803  1131 W JobScheduler: Job didn't exist in JobStore: 408d5dd {androidx.work.systemjobscheduler} #u0a195/1383 #ProactiveSyncWorker#@androidx.work.systemjobscheduler@com.google.android.providers.media.module/androidx.work.impl.background.systemjob.SystemJobService
05-25 01:37:49.926  1598  1598 D WM-SystemJobService: onStopJob for WorkGenerationalId(workSpecId=528e93fd-8be6-4d1d-b1fe-c50326ff9ac1, generation=0)
05-25 01:37:49.926  1598  1853 D WM-GreedyScheduler: Cancelling work ID 528e93fd-8be6-4d1d-b1fe-c50326ff9ac1
05-25 01:37:49.927  1598  1853 D WM-GreedyScheduler: Ignoring {WorkSpec: df7b5f30-38bc-43fd-b2fd-7ca8c75c6cf6}. Requires device idle.
05-25 01:37:49.927  1598  1853 D WM-GreedyScheduler: Ignoring {WorkSpec: e779c9d4-75bc-4be4-9038-16bd3c81fd12}. Requires device idle.
05-25 01:37:49.927  1598  1853 D WM-GreedyScheduler: Ignoring {WorkSpec: ee731057-646a-41ed-8fcd-63fe661e76ff}. Requires device idle.
05-25 01:37:49.927  1598  1853 D WM-GreedyScheduler: Ignoring {WorkSpec: 9da99e8d-0887-4d0d-a49f-9367c4326810}. Requires device idle.
05-25 01:37:49.927  1598  1853 D WM-BrdcstRcvrCnstrntTrc: BatteryNotLowTracker: unregistering receiver
05-25 01:37:50.268   803   902 D ActivityManager: freezing 4162 com.android.chrome
05-25 01:37:50.269   803   902 D ActivityManager: freezing 4324 com.google.android.documentsui
05-25 01:37:50.270   803   963 D InetDiagMessage: Destroyed 0 sockets, proto=IPPROTO_TCP, family=AF_INET, states=14
05-25 01:37:50.270   803   963 D InetDiagMessage: Destroyed 0 sockets, proto=IPPROTO_TCP, family=AF_INET6, states=14
05-25 01:37:50.270   803   963 D InetDiagMessage: Destroyed live tcp sockets for uids={10154} in 1ms
05-25 01:37:50.275   803   963 D InetDiagMessage: Destroyed 0 sockets, proto=IPPROTO_TCP, family=AF_INET, states=14
05-25 01:37:50.275   803   963 D InetDiagMessage: Destroyed 0 sockets, proto=IPPROTO_TCP, family=AF_INET6, states=14
05-25 01:37:50.275   803   963 D InetDiagMessage: Destroyed live tcp sockets for uids={10102} in 1ms
05-25 01:37:50.302   803   902 D ActivityManager: freezing 3928 com.android.vending:background
05-25 01:37:50.303   803   963 D InetDiagMessage: Destroyed 0 sockets, proto=IPPROTO_TCP, family=AF_INET, states=14
05-25 01:37:50.304   803   963 D InetDiagMessage: Destroyed 0 sockets, proto=IPPROTO_TCP, family=AF_INET6, states=14
05-25 01:37:50.304   803   963 D InetDiagMessage: Destroyed live tcp sockets for uids={10145} in 1ms
05-25 01:37:50.401   803   902 D ActivityManager: freezing 3740 com.google.android.permissioncontroller
05-25 01:37:50.403   803   963 D InetDiagMessage: Destroyed 0 sockets, proto=IPPROTO_TCP, family=AF_INET, states=14
05-25 01:37:50.403   803   963 D InetDiagMessage: Destroyed 0 sockets, proto=IPPROTO_TCP, family=AF_INET6, states=14
05-25 01:37:50.403   803   963 D InetDiagMessage: Destroyed live tcp sockets for uids={10196} in 1ms
05-25 01:37:50.403   803   963 D InetDiagMessage: Destroyed 0 sockets, proto=IPPROTO_TCP, family=AF_INET, states=14
05-25 01:37:50.404   803   963 D InetDiagMessage: Destroyed 0 sockets, proto=IPPROTO_TCP, family=AF_INET6, states=14
05-25 01:37:50.404   803   963 D InetDiagMessage: Destroyed live tcp sockets for uids={10162} in 0ms
05-25 01:37:50.404   803   963 D InetDiagMessage: Destroyed 0 sockets, proto=IPPROTO_TCP, family=AF_INET, states=14
05-25 01:37:50.404   803   963 D InetDiagMessage: Destroyed 0 sockets, proto=IPPROTO_TCP, family=AF_INET6, states=14
05-25 01:37:50.404   803   963 D InetDiagMessage: Destroyed live tcp sockets for uids={20162} in 0ms
05-25 01:37:50.700  1230  1230 D BaseDepthController: setEarlyWakeup: true
05-25 01:37:50.701   660  1315 D libbinder.PermissionCache: checking android.permission.WAKEUP_SURFACE_FLINGER for uid=10183 => granted (266 us)
05-25 01:37:50.703  1230  1230 D LauncherStateManager: StateManager.cancelAnimation: animation ongoing: false, partial trace:
05-25 01:37:50.703  1230  1230 D LauncherStateManager: 	at com.android.launcher3.uioverrides.touchcontrollers.PortraitStatesTouchController.initCurrentAnimation(go/retraceme 7101499b44b219b757f6885b35ae099b24fc769225595efcaaacae5b0f94500b:188)
05-25 01:37:50.703  1230  1230 D LauncherStateManager: 	at com.android.launcher3.uioverrides.touchcontrollers.NoButtonNavbarToOverviewTouchController.initCurrentAnimation(go/retraceme 7101499b44b219b757f6885b35ae099b24fc769225595efcaaacae5b0f94500b:1)
05-25 01:37:50.703  1230  1230 D LauncherStateManager: 	at com.android.launcher3.touch.AbstractStateChangeTouchController.reinitCurrentAnimation(go/retraceme 7101499b44b219b757f6885b35ae099b24fc769225595efcaaacae5b0f94500b:56)
05-25 01:37:50.703  1230  1230 D AllAppsTransitionController: shouldProtectHeader: true skipScrim: false state: AllApps stateManager.getState(): Normal
05-25 01:37:50.704  1230  1230 D KeyboardInsetsHandler: removePendingImeController: pendingImeController=null
05-25 01:37:50.704  1230  1230 I KeyboardInsetsHandler: shouldKeyboardTransition, status=false toState:AllApps StateManager(mLastStableState:Normal, mCurrentStableState:Normal, mState:Normal, mRestState:null, isInTransition:false) isImeShowRequested:false enableKeyboardAlwaysUp:false isUserControlled:true isFromIntentOrA11y:false
05-25 01:37:50.704  1230  1230 D BaseActivity: Launcher flags updated: [state_started|state_resumed|state_deferred_resumed|state_window_focused|state_user_active|state_transition_active] +[state_transition_active]
05-25 01:37:50.705  1230  1230 D StatsLog: LAUNCHER_GOOGLE_ALL_APPS_ENTRY_WITH_KEYBOARD_DISABLED
05-25 01:37:50.705  1230  1230 D LauncherStateManager: StateManager.onStateTransitionStart: state: AllApps
05-25 01:37:50.706  1230  1230 V BaseDepthController: Applying blur: 1 to Surface(name=com.google.android.apps.nexuslauncher/com.google.android.apps.nexuslauncher.NexusLauncherActivity#950)/@0x3e44a85 applyImmediately: false
05-25 01:37:50.706  1230  1230 D BaseDepthController: shouldBlurWorkspace: true targetState: AllApps currentStableState: Normal mCurrentBlur: 1 mLauncher.getDepthBlurTargets(): [com.android.launcher3.Workspace{fabbaf0 V.ED..... ......ID 0,0-1080,2400 #7f0a049d app:id/workspace}, com.android.launcher3.Hotseat{ec670da V.ED..... ........ 0,1905-1080,2400 #7f0a01ee app:id/hotseat}]
05-25 01:37:50.706   803  1014 D BackgroundInstallControlService: Package event received: 0
05-25 01:37:50.706  1230  1230 I BaseDragLayer: NoButtonNavbarToOverviewTouchController
05-25 01:37:50.707  1230  1230 D BaseAllAppsAdapter: onBindViewHolder: isPrivateSpaceItem: false isStateTransitioning: false isScrolling: false readyToAnimate: false currentState: 0 currentAlpha: 1.0
05-25 01:37:50.707  1230  1230 D BaseAllAppsAdapter: onBindViewHolder: isPrivateSpaceItem: false isStateTransitioning: false isScrolling: false readyToAnimate: false currentState: 0 currentAlpha: 1.0
05-25 01:37:50.707  1230  1230 D BaseAllAppsAdapter: onBindViewHolder: isPrivateSpaceItem: false isStateTransitioning: false isScrolling: false readyToAnimate: false currentState: 0 currentAlpha: 1.0
05-25 01:37:50.707  1230  1230 D BaseAllAppsAdapter: onBindViewHolder: isPrivateSpaceItem: false isStateTransitioning: false isScrolling: false readyToAnimate: false currentState: 0 currentAlpha: 1.0
05-25 01:37:50.707   306  8205 I keystore2: system/security/keystore2/watchdog/src/lib.rs:371 - Watchdog thread idle -> terminating. Have a great day.
05-25 01:37:50.708  1230  1230 D BaseAllAppsAdapter: onBindViewHolder: isPrivateSpaceItem: false isStateTransitioning: false isScrolling: false readyToAnimate: false currentState: 0 currentAlpha: 1.0
05-25 01:37:50.709  1230  1230 D BaseAllAppsAdapter: onBindViewHolder: isPrivateSpaceItem: false isStateTransitioning: false isScrolling: false readyToAnimate: false currentState: 0 currentAlpha: 1.0
05-25 01:37:50.709  1230  1230 D BaseAllAppsAdapter: onBindViewHolder: isPrivateSpaceItem: false isStateTransitioning: false isScrolling: false readyToAnimate: false currentState: 0 currentAlpha: 1.0
05-25 01:37:50.709  1230  1230 D BaseAllAppsAdapter: onBindViewHolder: isPrivateSpaceItem: false isStateTransitioning: false isScrolling: false readyToAnimate: false currentState: 0 currentAlpha: 1.0
05-25 01:37:50.709  1230  1230 D BaseAllAppsAdapter: onBindViewHolder: isPrivateSpaceItem: false isStateTransitioning: false isScrolling: false readyToAnimate: false currentState: 0 currentAlpha: 1.0
05-25 01:37:50.709  1230  1230 D BaseAllAppsAdapter: onBindViewHolder: isPrivateSpaceItem: false isStateTransitioning: false isScrolling: false readyToAnimate: false currentState: 0 currentAlpha: 1.0
05-25 01:37:50.709  1230  1230 D BaseAllAppsAdapter: onBindViewHolder: isPrivateSpaceItem: false isStateTransitioning: false isScrolling: false readyToAnimate: false currentState: 0 currentAlpha: 1.0
05-25 01:37:50.709  1230  1230 D BaseAllAppsAdapter: onBindViewHolder: isPrivateSpaceItem: false isStateTransitioning: false isScrolling: false readyToAnimate: false currentState: 0 currentAlpha: 1.0
05-25 01:37:50.710  1230  1230 D BaseAllAppsAdapter: onBindViewHolder: isPrivateSpaceItem: false isStateTransitioning: false isScrolling: false readyToAnimate: false currentState: 0 currentAlpha: 1.0
05-25 01:37:50.710  1230  1230 D BaseAllAppsAdapter: onBindViewHolder: isPrivateSpaceItem: false isStateTransitioning: false isScrolling: false readyToAnimate: false currentState: 0 currentAlpha: 1.0
05-25 01:37:50.710  1230  1230 D BaseAllAppsAdapter: onBindViewHolder: isPrivateSpaceItem: false isStateTransitioning: false isScrolling: false readyToAnimate: false currentState: 0 currentAlpha: 1.0
05-25 01:37:50.710  1230  1230 D BaseAllAppsAdapter: onBindViewHolder: isPrivateSpaceItem: false isStateTransitioning: false isScrolling: false readyToAnimate: false currentState: 0 currentAlpha: 1.0
05-25 01:37:50.710  1230  1230 D BaseAllAppsAdapter: onBindViewHolder: isPrivateSpaceItem: false isStateTransitioning: false isScrolling: false readyToAnimate: false currentState: 0 currentAlpha: 1.0
05-25 01:37:50.710  1230  1230 D BaseAllAppsAdapter: onBindViewHolder: isPrivateSpaceItem: false isStateTransitioning: false isScrolling: false readyToAnimate: false currentState: 0 currentAlpha: 1.0
05-25 01:37:50.710  1230  1230 D BaseAllAppsAdapter: onBindViewHolder: isPrivateSpaceItem: false isStateTransitioning: false isScrolling: false readyToAnimate: false currentState: 0 currentAlpha: 1.0
05-25 01:37:50.710  1230  1230 D BaseAllAppsAdapter: onBindViewHolder: isPrivateSpaceItem: false isStateTransitioning: false isScrolling: false readyToAnimate: false currentState: 0 currentAlpha: 1.0
05-25 01:37:50.711  1230  1230 D BaseAllAppsAdapter: onBindViewHolder: isPrivateSpaceItem: false isStateTransitioning: false isScrolling: false readyToAnimate: false currentState: 0 currentAlpha: 1.0
05-25 01:37:50.711  1230  1230 D BaseAllAppsAdapter: onBindViewHolder: isPrivateSpaceItem: false isStateTransitioning: false isScrolling: false readyToAnimate: false currentState: 0 currentAlpha: 1.0
05-25 01:37:50.711  1230  1230 D BaseAllAppsAdapter: onBindViewHolder: isPrivateSpaceItem: false isStateTransitioning: false isScrolling: false readyToAnimate: false currentState: 0 currentAlpha: 1.0
05-25 01:37:50.731  1230  1230 V BaseDepthController: Applying blur: 7 to Surface(name=com.google.android.apps.nexuslauncher/com.google.android.apps.nexuslauncher.NexusLauncherActivity#950)/@0x3e44a85 applyImmediately: false
05-25 01:37:50.731  1230  1230 D BaseDepthController: shouldBlurWorkspace: true targetState: AllApps currentStableState: Normal mCurrentBlur: 7 mLauncher.getDepthBlurTargets(): [com.android.launcher3.Workspace{fabbaf0 V.ED..... ........ 0,0-1080,2400 #7f0a049d app:id/workspace}, com.android.launcher3.Hotseat{ec670da V.ED..... ........ 0,1905-1080,2400 #7f0a01ee app:id/hotseat}]
05-25 01:37:50.763  1230  1230 V BaseDepthController: Applying blur: 13 to Surface(name=com.google.android.apps.nexuslauncher/com.google.android.apps.nexuslauncher.NexusLauncherActivity#950)/@0x3e44a85 applyImmediately: false
05-25 01:37:50.763  1230  1230 D BaseDepthController: shouldBlurWorkspace: true targetState: AllApps currentStableState: Normal mCurrentBlur: 13 mLauncher.getDepthBlurTargets(): [com.android.launcher3.Workspace{fabbaf0 V.ED..... ........ 0,0-1080,2400 #7f0a049d app:id/workspace}, com.android.launcher3.Hotseat{ec670da V.ED..... ........ 0,1905-1080,2400 #7f0a01ee app:id/hotseat}]
05-25 01:37:50.784  1230  1230 V BaseDepthController: Applying blur: 20 to Surface(name=com.google.android.apps.nexuslauncher/com.google.android.apps.nexuslauncher.NexusLauncherActivity#950)/@0x3e44a85 applyImmediately: false
05-25 01:37:50.785  1230  1230 D BaseDepthController: shouldBlurWorkspace: true targetState: AllApps currentStableState: Normal mCurrentBlur: 20 mLauncher.getDepthBlurTargets(): [com.android.launcher3.Workspace{fabbaf0 V.ED..... ........ 0,0-1080,2400 #7f0a049d app:id/workspace}, com.android.launcher3.Hotseat{ec670da V.ED..... ........ 0,1905-1080,2400 #7f0a01ee app:id/hotseat}]
05-25 01:37:50.802  1230  1230 V BaseDepthController: Applying blur: 24 to Surface(name=com.google.android.apps.nexuslauncher/com.google.android.apps.nexuslauncher.NexusLauncherActivity#950)/@0x3e44a85 applyImmediately: false
05-25 01:37:50.802  1230  1230 D BaseDepthController: shouldBlurWorkspace: true targetState: AllApps currentStableState: Normal mCurrentBlur: 24 mLauncher.getDepthBlurTargets(): [com.android.launcher3.Workspace{fabbaf0 V.ED..... ........ 0,0-1080,2400 #7f0a049d app:id/workspace}, com.android.launcher3.Hotseat{ec670da V.ED..... ........ 0,1905-1080,2400 #7f0a01ee app:id/hotseat}]
05-25 01:37:50.818  1230  1230 V BaseDepthController: Applying blur: 29 to Surface(name=com.google.android.apps.nexuslauncher/com.google.android.apps.nexuslauncher.NexusLauncherActivity#950)/@0x3e44a85 applyImmediately: false
05-25 01:37:50.818  1230  1230 D BaseDepthController: shouldBlurWorkspace: true targetState: AllApps currentStableState: Normal mCurrentBlur: 29 mLauncher.getDepthBlurTargets(): [com.android.launcher3.Workspace{fabbaf0 V.ED..... ........ 0,0-1080,2400 #7f0a049d app:id/workspace}, com.android.launcher3.Hotseat{ec670da V.ED..... ........ 0,1905-1080,2400 #7f0a01ee app:id/hotseat}]
05-25 01:37:50.835  1230  1230 V BaseDepthController: Applying blur: 31 to Surface(name=com.google.android.apps.nexuslauncher/com.google.android.apps.nexuslauncher.NexusLauncherActivity#950)/@0x3e44a85 applyImmediately: false
05-25 01:37:50.835  1230  1230 D BaseDepthController: shouldBlurWorkspace: true targetState: AllApps currentStableState: Normal mCurrentBlur: 31 mLauncher.getDepthBlurTargets(): [com.android.launcher3.Workspace{fabbaf0 V.ED..... ........ 0,0-1080,2400 #7f0a049d app:id/workspace}, com.android.launcher3.Hotseat{ec670da V.ED..... ........ 0,1905-1080,2400 #7f0a01ee app:id/hotseat}]
05-25 01:37:50.869  1230  1230 V BaseDepthController: Applying blur: 34 to Surface(name=com.google.android.apps.nexuslauncher/com.google.android.apps.nexuslauncher.NexusLauncherActivity#950)/@0x3e44a85 applyImmediately: false
05-25 01:37:50.870  1230  1230 D BaseDepthController: shouldBlurWorkspace: true targetState: AllApps currentStableState: Normal mCurrentBlur: 34 mLauncher.getDepthBlurTargets(): [com.android.launcher3.Workspace{fabbaf0 V.ED..... ........ 0,0-1080,2400 #7f0a049d app:id/workspace}, com.android.launcher3.Hotseat{ec670da V.ED..... ........ 0,1905-1080,2400 #7f0a01ee app:id/hotseat}]
05-25 01:37:50.885  1230  1230 V BaseDepthController: Applying blur: 39 to Surface(name=com.google.android.apps.nexuslauncher/com.google.android.apps.nexuslauncher.NexusLauncherActivity#950)/@0x3e44a85 applyImmediately: false
05-25 01:37:50.885  1230  1230 D BaseDepthController: shouldBlurWorkspace: true targetState: AllApps currentStableState: Normal mCurrentBlur: 39 mLauncher.getDepthBlurTargets(): [com.android.launcher3.Workspace{fabbaf0 V.ED..... ........ 0,0-1080,2400 #7f0a049d app:id/workspace}, com.android.launcher3.Hotseat{ec670da V.ED..... ........ 0,1905-1080,2400 #7f0a01ee app:id/hotseat}]
05-25 01:37:50.902  1230  1230 V BaseDepthController: Applying blur: 42 to Surface(name=com.google.android.apps.nexuslauncher/com.google.android.apps.nexuslauncher.NexusLauncherActivity#950)/@0x3e44a85 applyImmediately: false
05-25 01:37:50.902  1230  1230 D BaseDepthController: shouldBlurWorkspace: true targetState: AllApps currentStableState: Normal mCurrentBlur: 42 mLauncher.getDepthBlurTargets(): [com.android.launcher3.Workspace{fabbaf0 V.ED..... ........ 0,0-1080,2400 #7f0a049d app:id/workspace}, com.android.launcher3.Hotseat{ec670da V.ED..... ........ 0,1905-1080,2400 #7f0a01ee app:id/hotseat}]
05-25 01:37:50.917  1230  1230 V BaseDepthController: Applying blur: 44 to Surface(name=com.google.android.apps.nexuslauncher/com.google.android.apps.nexuslauncher.NexusLauncherActivity#950)/@0x3e44a85 applyImmediately: false
05-25 01:37:50.918  1230  1230 D BaseDepthController: shouldBlurWorkspace: true targetState: AllApps currentStableState: Normal mCurrentBlur: 44 mLauncher.getDepthBlurTargets(): [com.android.launcher3.Workspace{fabbaf0 V.ED..... ........ 0,0-1080,2400 #7f0a049d app:id/workspace}, com.android.launcher3.Hotseat{ec670da V.ED..... ........ 0,1905-1080,2400 #7f0a01ee app:id/hotseat}]
05-25 01:37:50.934  1230  1230 V BaseDepthController: Applying blur: 46 to Surface(name=com.google.android.apps.nexuslauncher/com.google.android.apps.nexuslauncher.NexusLauncherActivity#950)/@0x3e44a85 applyImmediately: false
05-25 01:37:50.934  1230  1230 D BaseDepthController: shouldBlurWorkspace: true targetState: AllApps currentStableState: Normal mCurrentBlur: 46 mLauncher.getDepthBlurTargets(): [com.android.launcher3.Workspace{fabbaf0 V.ED..... ........ 0,0-1080,2400 #7f0a049d app:id/workspace}, com.android.launcher3.Hotseat{ec670da V.ED..... ........ 0,1905-1080,2400 #7f0a01ee app:id/hotseat}]
05-25 01:37:50.952  1230  1230 V BaseDepthController: Applying blur: 48 to Surface(name=com.google.android.apps.nexuslauncher/com.google.android.apps.nexuslauncher.NexusLauncherActivity#950)/@0x3e44a85 applyImmediately: false
05-25 01:37:50.952  1230  1230 D BaseDepthController: shouldBlurWorkspace: true targetState: AllApps currentStableState: Normal mCurrentBlur: 48 mLauncher.getDepthBlurTargets(): [com.android.launcher3.Workspace{fabbaf0 V.ED..... ........ 0,0-1080,2400 #7f0a049d app:id/workspace}, com.android.launcher3.Hotseat{ec670da V.ED..... ........ 0,1905-1080,2400 #7f0a01ee app:id/hotseat}]
05-25 01:37:50.968  1230  1230 V BaseDepthController: Applying blur: 50 to Surface(name=com.google.android.apps.nexuslauncher/com.google.android.apps.nexuslauncher.NexusLauncherActivity#950)/@0x3e44a85 applyImmediately: false
05-25 01:37:50.968  1230  1230 D BaseDepthController: shouldBlurWorkspace: true targetState: AllApps currentStableState: Normal mCurrentBlur: 50 mLauncher.getDepthBlurTargets(): [com.android.launcher3.Workspace{fabbaf0 V.ED..... ........ 0,0-1080,2400 #7f0a049d app:id/workspace}, com.android.launcher3.Hotseat{ec670da V.ED..... ........ 0,1905-1080,2400 #7f0a01ee app:id/hotseat}]
05-25 01:37:50.984  1230  1230 V BaseDepthController: Applying blur: 52 to Surface(name=com.google.android.apps.nexuslauncher/com.google.android.apps.nexuslauncher.NexusLauncherActivity#950)/@0x3e44a85 applyImmediately: false
05-25 01:37:50.984  1230  1230 D BaseDepthController: shouldBlurWorkspace: true targetState: AllApps currentStableState: Normal mCurrentBlur: 52 mLauncher.getDepthBlurTargets(): [com.android.launcher3.Workspace{fabbaf0 V.ED..... ........ 0,0-1080,2400 #7f0a049d app:id/workspace}, com.android.launcher3.Hotseat{ec670da V.ED..... ........ 0,1905-1080,2400 #7f0a01ee app:id/hotseat}]
05-25 01:37:51.002  1230  1230 V BaseDepthController: Applying blur: 54 to Surface(name=com.google.android.apps.nexuslauncher/com.google.android.apps.nexuslauncher.NexusLauncherActivity#950)/@0x3e44a85 applyImmediately: false
05-25 01:37:51.002  1230  1230 D BaseDepthController: shouldBlurWorkspace: true targetState: AllApps currentStableState: Normal mCurrentBlur: 54 mLauncher.getDepthBlurTargets(): [com.android.launcher3.Workspace{fabbaf0 V.ED..... ........ 0,0-1080,2400 #7f0a049d app:id/workspace}, com.android.launcher3.Hotseat{ec670da V.ED..... ........ 0,1905-1080,2400 #7f0a01ee app:id/hotseat}]
05-25 01:37:51.018  1230  1230 D BaseDepthController: Skipping small blur delta. newBlur: 55 previousBlur: 54 delta: 1 surface: Surface(name=com.google.android.apps.nexuslauncher/com.google.android.apps.nexuslauncher.NexusLauncherActivity#950)/@0x3e44a85
05-25 01:37:51.034  1230  1230 V BaseDepthController: Applying blur: 57 to Surface(name=com.google.android.apps.nexuslauncher/com.google.android.apps.nexuslauncher.NexusLauncherActivity#950)/@0x3e44a85 applyImmediately: false
05-25 01:37:51.034  1230  1230 D BaseDepthController: shouldBlurWorkspace: true targetState: AllApps currentStableState: Normal mCurrentBlur: 57 mLauncher.getDepthBlurTargets(): [com.android.launcher3.Workspace{fabbaf0 V.ED..... ........ 0,0-1080,2400 #7f0a049d app:id/workspace}, com.android.launcher3.Hotseat{ec670da V.ED..... ........ 0,1905-1080,2400 #7f0a01ee app:id/hotseat}]
05-25 01:37:51.051  1230  1230 D BaseDepthController: Skipping small blur delta. newBlur: 58 previousBlur: 57 delta: 1 surface: Surface(name=com.google.android.apps.nexuslauncher/com.google.android.apps.nexuslauncher.NexusLauncherActivity#950)/@0x3e44a85
05-25 01:37:51.068  1230  1230 V BaseDepthController: Applying blur: 60 to Surface(name=com.google.android.apps.nexuslauncher/com.google.android.apps.nexuslauncher.NexusLauncherActivity#950)/@0x3e44a85 applyImmediately: false
05-25 01:37:51.068  1230  1230 D BaseDepthController: shouldBlurWorkspace: true targetState: AllApps currentStableState: Normal mCurrentBlur: 60 mLauncher.getDepthBlurTargets(): [com.android.launcher3.Workspace{fabbaf0 V.ED..... ........ 0,0-1080,2400 #7f0a049d app:id/workspace}, com.android.launcher3.Hotseat{ec670da V.ED..... ........ 0,1905-1080,2400 #7f0a01ee app:id/hotseat}]
05-25 01:37:51.085  1230  1230 D BaseDepthController: Skipping small blur delta. newBlur: 61 previousBlur: 60 delta: 1 surface: Surface(name=com.google.android.apps.nexuslauncher/com.google.android.apps.nexuslauncher.NexusLauncherActivity#950)/@0x3e44a85
