--------- beginning of main
05-25 04:12:00.641 D/AndroidRuntime(16684): >>>>>> START com.android.internal.os.RuntimeInit uid 2000 <<<<<<
05-25 04:12:00.644 I/AndroidRuntime(16684): Using default boot image
05-25 04:12:00.644 I/AndroidRuntime(16684): Leaving lock profiling enabled
05-25 04:12:00.645 I/app_process(16684): Using CollectorTypeCMC GC.
05-25 04:12:00.702 D/nativeloader(16684): InitDefaultPublicLibraries for_preload=1: libandroid.so:libaaudio.so:libamidi.so:libbinder_ndk.so:libc.so:libcamera2ndk.so:libdl.so:libEGL.so:libGLESv1_CM.so:libGLESv2.so:libGLESv3.so:libicu.so:libicui18n.so:libicuuc.so:libjnigraphics.so:liblog.so:libmediandk.so:libm.so:libnativehelper.so:libnativewindow.so:libOpenMAXAL.so:libOpenSLES.so:libRS.so:libstdc++.so:libsync.so:libvulkan.so:libwebviewchromium_plat_support.so:libz.so
05-25 04:12:00.708 D/nativeloader(16684): Load libicu_jni.so using APEX ns com_android_art for caller /apex/com.android.art/javalib/core-oj.jar: ok
05-25 04:12:00.708 D/app_process(16684): u_setTimeZoneFilesDirectory("/apex/com.android.tzdata/etc/tz/versioned/9/icu") succeeded. 
05-25 04:12:00.709 D/app_process(16684): I18n APEX ICU file found: /apex/com.android.i18n/etc/icu/icudt76l.dat
05-25 04:12:00.709 D/nativeloader(16684): Load libjavacore.so using APEX ns com_android_art for caller /apex/com.android.art/javalib/core-oj.jar: ok
05-25 04:12:00.710 D/nativeloader(16684): Load libopenjdk.so using APEX ns com_android_art for caller /apex/com.android.art/javalib/core-oj.jar: ok
05-25 04:12:00.710 I/app_process(16684): Priority-to-niceness mapping: 19, 16, 13, 10, 0, -2, -4, -5, -6, -8
05-25 04:12:00.711 W/app_process(16684): Unexpected CPU variant for x86: x86_64.
05-25 04:12:00.711 W/app_process(16684): Known variants: atom, sandybridge, silvermont, goldmont, goldmont-plus, goldmont-without-sha-xsaves, tremont, kabylake, alderlake, default
05-25 04:12:00.728 D/nativeloader(16684): Load libframework-connectivity-tiramisu-jni.so using APEX ns com_android_tethering for caller /apex/com.android.tethering/javalib/framework-connectivity-t.jar: ok
05-25 04:12:00.728 D/AndroidRuntime(16684): Calling main entry com.android.commands.monkey.Monkey
05-25 04:12:00.729 D/nativeloader(16684): Load /system/lib64/libmonkey_jni.so using ns default for caller /system/framework/monkey.jar in same partition (is_bridged=0): ok
05-25 04:12:00.729 W/Monkey  (16684): args: [-p, com.tiarnanlarkin.danio, -c, android.intent.category.LAUNCHER, 1]
05-25 04:12:00.731 I/AconfigPackage(16684): android.media.swcodec.flags is mapped to com.android.media.swcodec
05-25 04:12:00.731 I/AconfigPackage(16684): com.android.permission.flags is mapped to com.android.permission
05-25 04:12:00.731 I/AconfigPackage(16684): com.android.permissioncontroller.flags is mapped to com.android.permission
05-25 04:12:00.731 I/AconfigPackage(16684): com.android.icu is mapped to com.android.i18n
05-25 04:12:00.731 I/AconfigPackage(16684): com.android.appsearch.flags is mapped to com.android.appsearch
05-25 04:12:00.731 I/AconfigPackage(16684): android.uprobestats.mainline.flags is mapped to com.android.uprobestats
05-25 04:12:00.732 I/AconfigPackage(16684): com.android.crashrecovery.flags is mapped to com.android.crashrecovery
05-25 04:12:00.732 I/AconfigPackage(16684): android.provider.flags is mapped to com.android.configinfrastructure
05-25 04:12:00.732 I/AconfigPackage(16684): com.android.server.deviceconfig is mapped to com.android.configinfrastructure
05-25 04:12:00.732 I/AconfigPackage(16684): com.android.compos.flags is mapped to com.android.compos
05-25 04:12:00.732 I/AconfigPackage(16684): com.android.art.flags is mapped to com.android.art
05-25 04:12:00.732 I/AconfigPackage(16684): com.android.art.rw.flags is mapped to com.android.art
05-25 04:12:00.732 I/AconfigPackage(16684): com.android.libcore is mapped to com.android.art
05-25 04:12:00.732 I/AconfigPackage(16684): com.android.telephony.flags is mapped to com.android.telephonycore
05-25 04:12:00.732 I/AconfigPackage(16684): com.android.media.extractor.flags is mapped to com.android.media
05-25 04:12:00.732 I/AconfigPackage(16684): com.android.media.mainline.flags is mapped to com.android.media
05-25 04:12:00.732 I/AconfigPackage(16684): com.android.wifi.flags is mapped to com.android.wifi
05-25 04:12:00.732 I/AconfigPackage(16684): com.android.org.conscrypt.flags is mapped to com.android.conscrypt
05-25 04:12:00.732 I/AconfigPackage(16684): com.android.org.conscrypt.net.flags is mapped to com.android.conscrypt
05-25 04:12:00.732 I/AconfigPackage(16684): com.android.healthfitness.flags is mapped to com.android.healthfitness
05-25 04:12:00.733 I/AconfigPackage(16684): com.android.ipsec.flags is mapped to com.android.ipsec
05-25 04:12:00.733 I/AconfigPackage(16684): com.android.nfc.module.flags is mapped to com.android.nfcservices
05-25 04:12:00.733 I/AconfigPackage(16684): com.android.adservices.ondevicepersonalization.flags is mapped to com.android.ondevicepersonalization
05-25 04:12:00.733 I/AconfigPackage(16684): com.android.adbd.flags is mapped to com.android.adbd
05-25 04:12:00.733 I/AconfigPackage(16684): com.android.bluetooth.flags is mapped to com.android.bt
05-25 04:12:00.733 I/AconfigPackage(16684): com.android.devicelock.flags is mapped to com.android.devicelock
05-25 04:12:00.734 I/AconfigPackage(16684): android.os.profiling is mapped to com.android.profiling
05-25 04:12:00.734 I/AconfigPackage(16684): android.os.profiling.anomaly.flags is mapped to com.android.profiling
05-25 04:12:00.734 I/AconfigPackage(16684): com.android.os.statsd.flags is mapped to com.android.os.statsd
05-25 04:12:00.734 I/AconfigPackage(16684): com.android.rkpd.flags is mapped to com.android.rkpd
05-25 04:12:00.734 I/AconfigPackage(16684): com.android.cellbroadcastreceiver.flags is mapped to com.android.cellbroadcast
05-25 04:12:00.734 I/AconfigPackage(16684): com.android.adservices.flags is mapped to com.android.adservices
05-25 04:12:00.734 I/AconfigPackage(16684): com.android.sdksandbox.flags is mapped to com.android.adservices
05-25 04:12:00.735 I/AconfigPackage(16684): com.android.uwb.flags is mapped to com.android.uwb
05-25 04:12:00.735 I/AconfigPackage(16684): com.android.ranging.flags is mapped to com.android.uwb
05-25 04:12:00.735 I/AconfigPackage(16684): android.graphics.pdf.flags is mapped to com.android.mediaprovider
05-25 04:12:00.735 I/AconfigPackage(16684): com.android.providers.media.flags is mapped to com.android.mediaprovider
05-25 04:12:00.735 I/AconfigPackage(16684): android.graphics.pdf.flags.readonly is mapped to com.android.mediaprovider
05-25 04:12:00.735 I/AconfigPackage(16684): com.android.tethering.mainline.beta is mapped to com.android.tethering
05-25 04:12:00.735 I/AconfigPackage(16684): android.net.http is mapped to com.android.tethering
05-25 04:12:00.735 I/AconfigPackage(16684): com.android.tethering.readonly.flags is mapped to com.android.tethering
05-25 04:12:00.735 I/AconfigPackage(16684): android.net.vcn is mapped to com.android.tethering
05-25 04:12:00.735 I/AconfigPackage(16684): com.android.net.flags is mapped to com.android.tethering
05-25 04:12:00.735 I/AconfigPackage(16684): com.android.tethering.beta.test is mapped to com.android.tethering
05-25 04:12:00.735 I/AconfigPackage(16684): com.android.nearby.flags is mapped to com.android.tethering
05-25 04:12:00.735 I/AconfigPackage(16684): com.android.net.ct.flags is mapped to com.android.tethering
05-25 04:12:00.735 I/AconfigPackage(16684): com.android.net.thread.flags is mapped to com.android.tethering
05-25 04:12:00.735 I/AconfigPackage(16684): com.android.system.virtualmachine.flags is mapped to com.android.virt
05-25 04:12:00.735 E/FeatureFlagsImplExport(16684): android.os.flagging.AconfigStorageReadException: ERROR_PACKAGE_NOT_FOUND: package android.xr cannot be found on the device
05-25 04:12:00.740 D/EventHub(  755): No input device configuration file found for device 'Monkey touch'.
05-25 04:12:00.740 W/Monkey  (16684):  arg: "-p"
05-25 04:12:00.741 W/Monkey  (16684):  arg: "com.tiarnanlarkin.danio"
05-25 04:12:00.741 W/Monkey  (16684):  arg: "-c"
05-25 04:12:00.741 W/Monkey  (16684):  arg: "android.intent.category.LAUNCHER"
05-25 04:12:00.741 W/Monkey  (16684):  arg: "1"
05-25 04:12:00.741 W/Monkey  (16684): data="com.tiarnanlarkin.danio"
05-25 04:12:00.741 W/Monkey  (16684): data="android.intent.category.LAUNCHER"
05-25 04:12:00.741 I/EventHub(  755): usingClockIoctl=true
05-25 04:12:00.741 I/EventHub(  755): New device: id=27, fd=658, path='/dev/input/event14', name='Monkey touch', classes=TOUCH | TOUCH_MT, configuration='', keyLayout='', keyCharacterMap='', builtinKeyboard=false, 
05-25 04:12:00.742 I/InputReader(  755): Device reconfigured: id=27, name='Monkey touch', size 1080x2400, orientation Rotation0, mode DIRECT, display id 0
05-25 04:12:00.742 I/InputReader(  755): Device added: id=27, eventHubId=27, name='Monkey touch', descriptor='e1fe28b90f915c7d1febbd52c1ef84b3c4cbed9f',sources=TOUCHSCREEN
--------- beginning of system
05-25 04:12:00.754 D/WindowManager(  755): Direct invocation of sendNewConfiguration: Display{#0 state=ON size=1080x2400 ROTATION_0}
05-25 04:12:00.754 W/libbinder.IPCThreadState(  755): Sending oneway calls to frozen process.
05-25 04:12:00.755 I/PkDeviceHelper( 1440): PkDeviceHelper.refreshDevices():87 refreshing devices
05-25 04:12:00.756 I/PkDeviceHelper( 1440): PkDeviceHelper.addDevice():125 device qwerty2 added
05-25 04:12:00.756 I/PkDeviceHelper( 1440): PkDeviceHelper.addDevice():125 device AT Translated Set 2 keyboard added
05-25 04:12:00.756 W/ActivityManager(  755): registerReceiverWithFeature: no app for null
05-25 04:12:00.764 W/ActivityTaskManager(  755): callingPackage for (uid=2000, pid=16684) has no WPC
05-25 04:12:00.765 V/WindowManager(  755): DesktopModeLaunchParamsModifier: phase= 0 task=null activity=null display-area-from-current-params=null display-area-from-default-fallback=DefaultTaskDisplayArea@179034865 display-id=0 task-display-area-windowing-mode=1 suggested-display-area=DefaultTaskDisplayArea@179034865 task null, skipping
05-25 04:12:00.765 V/WindowManager(  755): TaskLaunchParamsModifier:phase=0 task=null activity=null display-area-from-current-params=null display-area-from-default-fallback=DefaultTaskDisplayArea@179034865 display-id=0 task-display-area-windowing-mode=1 suggested-display-area=DefaultTaskDisplayArea@179034865
05-25 04:12:00.766 V/GrammaticalInflectionUtils(  755): AttributionSource: android.content.AttributionSource@f3022897 does not have READ_SYSTEM_GRAMMATICAL_GENDER permission.
05-25 04:12:00.766 V/WindowManager(  755): DesktopModeLaunchParamsModifier: phase= 0 task=null activity=ActivityRecord{241596470 u0 com.tiarnanlarkin.danio/.MainActivity display-area-from-current-params=null display-area-from-default-fallback=DefaultTaskDisplayArea@179034865 display-id=0 task-display-area-windowing-mode=1 suggested-display-area=DefaultTaskDisplayArea@179034865 task null, skipping
05-25 04:12:00.767 V/WindowManager(  755): TaskLaunchParamsModifier:phase=0 task=null activity=ActivityRecord{241596470 u0 com.tiarnanlarkin.danio/.MainActivity t-1} display-area-from-current-params=null display-area-from-default-fallback=DefaultTaskDisplayArea@179034865 display-id=0 task-display-area-windowing-mode=1 suggested-display-area=DefaultTaskDisplayArea@179034865
05-25 04:12:00.767 V/WindowManager(  755): DesktopModeLaunchParamsModifier: phase= 3 task=null activity=ActivityRecord{241596470 u0 com.tiarnanlarkin.danio/.MainActivity t-1} display-area-from-current-params=null display-area-from-default-fallback=DefaultTaskDisplayArea@179034865 display-id=0 task-display-area-windowing-mode=1 suggested-display-area=DefaultTaskDisplayArea@179034865 task null, skipping
05-25 04:12:00.767 V/WindowManager(  755): TaskLaunchParamsModifier:phase=3 task=null activity=ActivityRecord{241596470 u0 com.tiarnanlarkin.danio/.MainActivity t-1} display-area-from-current-params=null display-area-from-default-fallback=DefaultTaskDisplayArea@179034865 display-id=0 task-display-area-windowing-mode=1 suggested-display-area=DefaultTaskDisplayArea@179034865 non-freeform-task-display-area display-area=DefaultTaskDisplayArea@179034865 skip-bounds-fullscreen
05-25 04:12:00.768 V/WindowManager(  755): DesktopModeLaunchParamsModifier: phase= 3 task=Task{a05d337 #28 type=standard I=com.tiarnanlarkin.danio/.MainActivity} activity=ActivityRecord{241596470 u0 com.tiarnanlarkin.danio/.MainActivity t-1} display-from-task=0 display-id=0 task-display-area-windowing-mode=1 suggested-display-area=DefaultTaskDisplayArea@179034865 not entering desktop mode, skipping
05-25 04:12:00.768 V/WindowManager(  755): TaskLaunchParamsModifier:phase=3 task=Task{a05d337 #28 type=standard I=com.tiarnanlarkin.danio/.MainActivity} activity=ActivityRecord{241596470 u0 com.tiarnanlarkin.danio/.MainActivity t-1} display-from-task=0 display-id=0 task-display-area-windowing-mode=1 suggested-display-area=DefaultTaskDisplayArea@179034865 inherit-from-task=fullscreen non-freeform-task-display-area display-area=DefaultTaskDisplayArea@179034865 skip-bounds-fullscreen
05-25 04:12:00.769 I/libbinder.BpBinder(  620): onLastStrongRef automatically unlinking death recipients for descriptor: '(not cached)'
05-25 04:12:00.772 D/CompatChangeReporter(  755): Compat change id reported: 377864165; UID 10219; state: ENABLED
05-25 04:12:00.773 D/BackgroundInstallControlService(  755): Package event received: 0
05-25 04:12:00.774 D/BackgroundInstallControlService(  755): Package event received: 0
05-25 04:12:00.774 I/ActivityTaskManager(  755): START u0 {act=android.intent.action.MAIN cat=[android.intent.category.LAUNCHER] flg=0x10200000 cmp=com.tiarnanlarkin.danio/.MainActivity} with LAUNCH_SINGLE_TOP from uid 2000 (com.android.shell) (BAL_ALLOW_PERMISSION) result code=0
05-25 04:12:00.774 W/libbinder.IPCThreadState(  663): Sending oneway calls to frozen process.
05-25 04:12:00.775 V/WindowManagerShell( 1012): Transition requested (#55): android.os.BinderProxy@8a08535 TransitionRequestInfo { type = OPEN, triggerTask = TaskInfo{userId=0 taskId=28 effectiveUid=10219 displayId=0 isRunning=true baseIntent=Intent { act=android.intent.action.MAIN cat=[android.intent.category.LAUNCHER] flg=0x10200000 cmp=com.tiarnanlarkin.danio/.MainActivity } baseActivity=ComponentInfo{com.tiarnanlarkin.danio/com.tiarnanlarkin.danio.MainActivity} topActivity=ComponentInfo{com.tiarnanlarkin.danio/com.tiarnanlarkin.danio.MainActivity} origActivity=null realActivity=ComponentInfo{com.tiarnanlarkin.danio/com.tiarnanlarkin.danio.MainActivity} numActivities=1 lastActiveTime=7923282 supportsMultiWindow=true resizeMode=1 isResizeable=true minWidth=-1 minHeight=-1 defaultMinSize=220 token=WCT{android.os.BinderProxy@ed0dca} topActivityType=1 pictureInPictureParams=null shouldDockBigOverlays=false launchIntoPipHostTaskId=-1 lastParentTaskIdBeforePip=-1 displayCutoutSafeInsets=Rect(0, 0 - 0, 0) topActivityInfo=ActivityInfo{35e9b3b com.tiarnanlarkin.danio.MainActivity} launchCookies=[] positionInParent=Point(0, 0) parentTaskId=-1 isFocused=false isVisible=false isVisibleRequested=false isTopActivityNoDisplay=false isSleeping=false locusId=null displayAreaFeatureId=1 isTopActivityTransparent=false isActivityStackTransparent=false lastNonFullscreenBounds=null capturedLink=null capturedLinkTimestamp=0 requestedVisibleTypes=503 topActivityRequestOpenInBrowserEducationTimestamp=0 appCompatTaskInfo=AppCompatTaskInfo { topActivityInSizeCompat=false isLeafTask= true eligibleForLetterboxEducation= false isLetterboxEducationEnabled= true isLetterboxDoubleTapEnabled= false eligibleForUserAspectRatioButton= false topActivityBoundsLetterboxed= false isFromLetterboxDoubleTap= false topActivityLetterboxVerticalPosition= -1 topActivityLetterboxHorizontalPosition= -1 topActivityLetterboxWidth=-1 topActivityLetterboxHeight=-1 topActivityAppBounds=Rect(0, 0 - 1080, 2400) isUserFullscreenOverrideEnabled=false isSystemFullscreenOverrideEnabled=false hasMinAspectRatioOverride=false topActivityLetterboxBounds=null cameraCompatTaskInfo=CameraCompatTaskInfo { cameraCompatMode=inactive0} topNonResizableActivityAspectRatio=-1.0} topActivityMainWindowFrame=null isAppBubble=false}, pipChange = null, remoteTransition = null, displayChange = null, requestedLocation = null, userChange = null, windowingLayerChange = null, flags = 0, debugId = 55 }
05-25 04:12:00.775 D/BaseActivity( 1151): Launcher flags updated: [state_started|state_resumed|state_deferred_resumed|state_window_focused] -[state_user_active]
05-25 04:12:00.775 D/ShellSplitScreen( 1012): logExit: no-op, mLoggerSessionId is null
05-25 04:12:00.775 D/BaseActivity( 1151): Launcher flags updated: [state_started|state_window_focused] -[state_resumed|state_deferred_resumed]
05-25 04:12:00.775 W/SplitSelectStateCtor( 1151): Missing session instanceIds
05-25 04:12:00.775 D/StatsLog( 1151): LAUNCHER_SPLIT_SELECTION_EXIT_INTERRUPTED
05-25 04:12:00.776 I/Monkey  (16684): Events injected: 1
05-25 04:12:00.784 V/WindowManager(  755): Defer transition id=55 for TaskFragmentTransaction=android.os.Binder@619e1c2
05-25 04:12:00.784 V/WindowManager(  755): deferTransitionReady deferReadyDepth=1 stack=com.android.server.wm.TransitionController.deferTransitionReady:1061 com.android.server.wm.TaskFragmentOrganizerController$TaskFragmentOrganizerState.dispatchTransaction:517 com.android.server.wm.TaskFragmentOrganizerController.dispatchPendingEvents:1259 com.android.server.wm.TaskFragmentOrganizerController.dispatchPendingEvents:1228 com.android.server.wm.RootWindowContainer.performSurfacePlacement:777 
05-25 04:12:00.784 D/RecentsView( 1151): onTaskDisplayChanged: 28, new displayId = 0
05-25 04:12:00.789 V/GrammaticalInflectionUtils(  755): AttributionSource: android.content.AttributionSource@f3022897 does not have READ_SYSTEM_GRAMMATICAL_GENDER permission.
05-25 04:12:00.789 D/WindowManagerShell( 1012): setLauncherKeepClearAreaHeight: visible=false, height=495
05-25 04:12:00.789 V/WindowManager(  755): Continue transition id=55 for TaskFragmentTransaction=android.os.Binder@619e1c2
05-25 04:12:00.789 V/WindowManager(  755): continueTransitionReady deferReadyDepth=0 stack=com.android.server.wm.TransitionController.continueTransitionReady:1071 com.android.server.wm.TaskFragmentOrganizerController$TaskFragmentOrganizerState.onTransactionFinished:546 com.android.server.wm.TaskFragmentOrganizerController.onTransactionHandled:740 android.window.ITaskFragmentOrganizerController$Stub.onTransact:225 android.os.Binder.execTransactInternal:1473 
05-25 04:12:00.790 D/b/417220811( 1151): invalidateLoadedTasks - previous requestLoadId: -1
05-25 04:12:00.790 I/Monkey  (16684): ## Network stats: elapsed time=26ms (0ms mobile, 0ms wifi, 26ms not connected)
05-25 04:12:00.792 I/app_process(16684): System.exit called, status: 0
05-25 04:12:00.792 I/AndroidRuntime(16684): VM exiting with result code 0.
05-25 04:12:00.796 D/b/417220811( 1151): invalidateLoadedTasks - previous requestLoadId: -1
05-25 04:12:00.798 D/BackgroundInstallControlService(  755): Package event received: 0
05-25 04:12:00.798 D/BackgroundInstallControlService(  755): Package event received: 0
05-25 04:12:00.799 D/BackgroundInstallControlService(  755): Package event received: 0
05-25 04:12:00.799 D/BackgroundInstallControlService(  755): Package event received: 0
05-25 04:12:00.799 D/BackgroundInstallControlService(  755): Package event received: 0
05-25 04:12:00.799 D/BackgroundInstallControlService(  755): Package event received: 0
05-25 04:12:00.799 D/BackgroundInstallControlService(  755): Package event received: 0
05-25 04:12:00.799 D/BackgroundInstallControlService(  755): Package event received: 0
05-25 04:12:00.799 D/BackgroundInstallControlService(  755): Package event received: 0
05-25 04:12:00.800 D/BackgroundInstallControlService(  755): Package event received: 0
05-25 04:12:00.801 D/Zygote  (  545): Forked child process 16696
05-25 04:12:00.801 D/BackgroundInstallControlService(  755): Package event received: 0
05-25 04:12:00.801 D/BackgroundInstallControlService(  755): Package event received: 0
05-25 04:12:00.801 I/ActivityManager(  755): Start proc 16696:com.tiarnanlarkin.danio/u0a219 for next-top-activity {com.tiarnanlarkin.danio/com.tiarnanlarkin.danio.MainActivity}
05-25 04:12:00.806 I/EventHub(  755): Removing device Monkey touch due to epoll hang-up event.
05-25 04:12:00.806 I/EventHub(  755): Removed device: path=/dev/input/event14 name=Monkey touch id=27 fd=658 classes=TOUCH | TOUCH_MT
05-25 04:12:00.807 I/Zygote  (16696): Process 16696 created for com.tiarnanlarkin.danio
05-25 04:12:00.807 I/nanlarkin.danio(16696): Late-enabling -Xcheck:jni
05-25 04:12:00.824 D/BaseActivity( 1151): Launcher flags updated: [state_started] -[state_window_focused]
05-25 04:12:00.829 I/nanlarkin.danio(16696): Using CollectorTypeCMC GC.
05-25 04:12:00.829 W/nanlarkin.danio(16696): Unexpected CPU variant for x86: x86_64.
05-25 04:12:00.829 W/nanlarkin.danio(16696): Known variants: atom, sandybridge, silvermont, goldmont, goldmont-plus, goldmont-without-sha-xsaves, tremont, kabylake, alderlake, default
05-25 04:12:00.832 I/InputReader(  755): Device removed: id=27, eventHubId=27, name='Monkey touch', descriptor='e1fe28b90f915c7d1febbd52c1ef84b3c4cbed9f', sources=TOUCHSCREEN
05-25 04:12:00.842 I/EventHub(  755): Removing device '/dev/input/event14' due to inotify event
05-25 04:12:00.845 W/libbinder.IPCThreadState(  755): Sending oneway calls to frozen process.
05-25 04:12:00.846 W/PermissionService(  755): getPermissionFlags: Unknown user -1
05-25 04:12:00.846 W/PermissionService(  755): getPermissionFlags: Unknown user -1
05-25 04:12:00.849 I/adbd    (  627): jdwp connection from 16696
05-25 04:12:00.850 I/PkDeviceHelper( 1440): PkDeviceHelper.refreshDevices():87 refreshing devices
05-25 04:12:00.850 I/PkDeviceHelper( 1440): PkDeviceHelper.addDevice():125 device qwerty2 added
05-25 04:12:00.850 I/PkDeviceHelper( 1440): PkDeviceHelper.addDevice():125 device AT Translated Set 2 keyboard added
05-25 04:12:00.853 V/WindowManager(  755): Sent Transition (#55) createdAt=05-25 04:12:00.766 via request=TransitionRequestInfo { type = OPEN, triggerTask = TaskInfo{userId=0 taskId=28 effectiveUid=10219 displayId=0 isRunning=true baseIntent=Intent { act=android.intent.action.MAIN cat=[android.intent.category.LAUNCHER] flg=0x10200000 cmp=com.tiarnanlarkin.danio/.MainActivity } baseActivity=ComponentInfo{com.tiarnanlarkin.danio/com.tiarnanlarkin.danio.MainActivity} topActivity=ComponentInfo{com.tiarnanlarkin.danio/com.tiarnanlarkin.danio.MainActivity} origActivity=null realActivity=ComponentInfo{com.tiarnanlarkin.danio/com.tiarnanlarkin.danio.MainActivity} numActivities=1 lastActiveTime=7923282 supportsMultiWindow=true resizeMode=1 isResizeable=true minWidth=-1 minHeight=-1 defaultMinSize=220 token=WCT{RemoteToken{269a541 Task{a05d337 #28 type=standard I=com.tiarnanlarkin.danio/.MainActivity}}} topActivityType=1 pictureInPictureParams=null shouldDockBigOverlays=false launchIntoPipHostTaskId=-1 lastParentTaskIdBeforePip=-1 displayCutoutSafeInsets=Rect(0, 0 - 0, 0) topActivityInfo=ActivityInfo{3bbf827 com.tiarnanlarkin.danio.MainActivity} launchCookies=[] positionInParent=Point(0, 0) parentTaskId=-1 isFocused=false isVisible=false isVisibleRequested=false isTopActivityNoDisplay=false isSleeping=false locusId=null displayAreaFeatureId=1 isTopActivityTransparent=false isActivityStackTransparent=false lastNonFullscreenBounds=null capturedLink=null capturedLinkTimestamp=0 requestedVisibleTypes=503 topActivityRequestOpenInBrowserEducationTimestamp=0 appCompatTaskInfo=AppCompatTaskInfo { topActivityInSizeCompat=false isLeafTask= true eligibleForLetterboxEducation= false isLetterboxEducationEnabled= true isLetterboxDoubleTapEnabled= false eligibleForUserAspectRatioButton= false topActivityBoundsLetterboxed= false isFromLetterboxDoubleTap= false topActivityLetterboxVerticalPosition= -1 topActivityLetterboxHorizontalPosition= -1 topActivityLetterboxWidth=-1 topActivityLetterboxHeight=-1 topActivityAppBounds=Rect(0, 0 - 1080, 2400) isUserFullscreenOverrideEnabled=false isSystemFullscreenOverrideEnabled=false hasMinAspectRatioOverride=false topActivityLetterboxBounds=null cameraCompatTaskInfo=CameraCompatTaskInfo { cameraCompatMode=inactive0} topNonResizableActivityAspectRatio=-1.0} topActivityMainWindowFrame=null isAppBubble=false}, pipChange = null, remoteTransition = null, displayChange = null, requestedLocation = null, userChange = null, windowingLayerChange = null, flags = 0, debugId = 55 }
05-25 04:12:00.853 V/WindowManager(  755):     startWCT=WindowContainerTransaction { changes= {} hops= [] errorCallbackToken=null taskFragmentOrganizer=null }
05-25 04:12:00.853 V/WindowManager(  755):     info={id=55 t=OPEN f=0x0 trk=0 r=[0@Point(0, 0)] c=[
05-25 04:12:00.853 V/WindowManager(  755):         {WCT{RemoteToken{269a541 Task{a05d337 #28 type=standard I=com.tiarnanlarkin.danio/.MainActivity}}} m=OPEN f=NONE leash=Surface(name=Task=28#1100)/@0x495e71a sb=Rect(0, 0 - 1080, 2400) eb=Rect(0, 0 - 1080, 2400) epz=Point(1080, 2400) d=0 taskParent=-1 winMode=1 userId=0},
05-25 04:12:00.853 V/WindowManager(  755):         {WCT{RemoteToken{9b18a9 Task{dee529 #1 type=home}}} m=TO_BACK f=SHOW_WALLPAPER leash=Surface(name=Task=1#42)/@0xd1a2fc4 sb=Rect(0, 0 - 1080, 2400) eb=Rect(0, 0 - 1080, 2400) epz=Point(1080, 2400) d=0 taskParent=-1 winMode=1 userId=0},
05-25 04:12:00.853 V/WindowManager(  755):         {m=TO_BACK f=IS_WALLPAPER leash=Surface(name=WallpaperWindowToken{6b1c075}#58)/@0xe496ad7 sb=Rect(0, 0 - 1080, 2400) eb=Rect(0, 0 - 1080, 2400) epz=Point(1080, 2400) d=0}
05-25 04:12:00.853 V/WindowManager(  755):     ]}
05-25 04:12:00.856 V/ShellTaskOrganizer( 1012): Task appeared taskId=28 listener=FullscreenTaskListener
05-25 04:12:00.856 D/nativeloader(16696): Load libframework-connectivity-tiramisu-jni.so using APEX ns com_android_tethering for caller /apex/com.android.tethering/javalib/framework-connectivity-t.jar: ok
05-25 04:12:00.856 V/ShellTaskOrganizer( 1012): Fullscreen Task Appeared: #28
05-25 04:12:00.857 V/WindowManagerShell( 1012): onTransitionReady(transaction=3242700323727)
05-25 04:12:00.857 V/WindowManagerShell( 1012): onTransitionReady (#55) android.os.BinderProxy@8a08535: {id=55 t=OPEN f=0x0 trk=0 r=[0@Point(0, 0)] c=[
05-25 04:12:00.857 V/WindowManagerShell( 1012):         {m=OPEN f=NONE leash=Surface(name=Task=28#1100)/@0x81941d2 sb=Rect(0, 0 - 1080, 2400) eb=Rect(0, 0 - 1080, 2400) epz=Point(1080, 2400) d=0 taskParent=-1 winMode=1 userId=0},
05-25 04:12:00.857 V/WindowManagerShell( 1012):         {m=TO_BACK f=SHOW_WALLPAPER leash=Surface(name=Task=1#42)/@0xf3b32a3 sb=Rect(0, 0 - 1080, 2400) eb=Rect(0, 0 - 1080, 2400) epz=Point(1080, 2400) d=0 taskParent=-1 winMode=1 userId=0},
05-25 04:12:00.857 V/WindowManagerShell( 1012):         {m=TO_BACK f=IS_WALLPAPER leash=Surface(name=WallpaperWindowToken{6b1c075}#58)/@0x2b469a0 sb=Rect(0, 0 - 1080, 2400) eb=Rect(0, 0 - 1080, 2400) epz=Point(1080, 2400) d=0}
05-25 04:12:00.857 V/WindowManagerShell( 1012):     ]}
05-25 04:12:00.857 V/WindowManagerShell( 1012): Playing animation for (#55) android.os.BinderProxy@8a08535@0
05-25 04:12:00.857 V/ShellRecents( 1012): RecentsTransitionHandler.startAnimation: no controller found
05-25 04:12:00.857 V/WindowManagerShell( 1012): Transition doesn't have explicit remote, search filters for match for {id=55 t=OPEN f=0x0 trk=0 r=[0@Point(0, 0)] c=[{m=OPEN f=NONE leash=Surface(name=Task=28#1100)/@0x81941d2 sb=Rect(0, 0 - 1080, 2400) eb=Rect(0, 0 - 1080, 2400) epz=Point(1080, 2400) d=0 taskParent=-1 winMode=1 userId=0},{m=TO_BACK f=SHOW_WALLPAPER leash=Surface(name=Task=1#42)/@0xf3b32a3 sb=Rect(0, 0 - 1080, 2400) eb=Rect(0, 0 - 1080, 2400) epz=Point(1080, 2400) d=0 taskParent=-1 winMode=1 userId=0},{m=TO_BACK f=IS_WALLPAPER leash=Surface(name=WallpaperWindowToken{6b1c075}#58)/@0x2b469a0 sb=Rect(0, 0 - 1080, 2400) eb=Rect(0, 0 - 1080, 2400) epz=Point(1080, 2400) d=0}]}
05-25 04:12:00.857 V/WindowManagerShell( 1012):  Checking filter Pair{{types=[] flags=0x0] notFlags=0x0 checks=[{atype=undefined independent=true modes=[CLOSE,TO_BACK] flags=IN_TASK_WITH_EMBEDDED_ACTIVITY mustBeTask=false order=ANY topActivity=null launchCookie=null taskFragmentToken=android.os.BinderProxy@783bfea windowingMode=undefined isCrossDisplayMove=false}]} RemoteTransition { remoteTransition = android.window.IRemoteTransition$Stub$Proxy@8e32db, appThread = android.app.IApplicationThread$Stub$Proxy@6c9178, debugName = overlayBackTransition }}
05-25 04:12:00.858 V/WindowManagerShell( 1012):  Checking filter Pair{{types=[] flags=0x0] notFlags=0x0 checks=[{atype=dream independent=true modes=[OPEN,TO_FRONT] flags=NONE mustBeTask=false order=ANY topActivity=null launchCookie=null windowingMode=undefined isCrossDisplayMove=false},{atype=home independent=true modes=[CLOSE,TO_BACK] flags=NONE mustBeTask=false order=ANY topActivity=null launchCookie=null windowingMode=undefined isCrossDisplayMove=false}]} RemoteTransition { remoteTransition = android.window.IRemoteTransition$Stub$Proxy@d5cb051, appThread = android.app.IApplicationThread$Stub$Proxy@dd5f0b6, debugName = LauncherToDream }}
05-25 04:12:00.858 V/WindowManagerShell( 1012):  Checking filter Pair{{types=[] flags=0x0] notFlags=0x100 checks=[{atype=home independent=true modes=[OPEN,TO_FRONT] flags=NONE mustBeTask=false order=TOP topActivity=ComponentInfo{com.google.android.apps.nexuslauncher/com.google.android.apps.nexuslauncher.NexusLauncherActivity} launchCookie=null windowingMode=undefined isCrossDisplayMove=false},{atype=standard independent=true modes=[CLOSE,TO_BACK] flags=NONE mustBeTask=false order=ANY topActivity=null launchCookie=null windowingMode=undefined isCrossDisplayMove=false},{NOT atype=undefined independent=true modes=[] flags=NONE mustBeTask=true order=ANY topActivity=null launchCookie=null customAnim=true windowingMode=undefined isCrossDisplayMove=false}]} RemoteTransition { remoteTransition = android.window.IRemoteTransition$Stub$Proxy@63321b7, appThread = android.app.IApplicationThread$Stub$Proxy@2954d24, debugName = QuickstepLaunchHome }}
05-25 04:12:00.858 V/WindowManagerShell( 1012):  Delegate animation for (#55) to null
05-25 04:12:00.858 V/WindowManagerShell( 1012): start default transition animation, info = {id=55 t=OPEN f=0x0 trk=0 r=[0@Point(0, 0)] c=[{m=OPEN f=NONE leash=Surface(name=Task=28#1100)/@0x81941d2 sb=Rect(0, 0 - 1080, 2400) eb=Rect(0, 0 - 1080, 2400) epz=Point(1080, 2400) d=0 taskParent=-1 winMode=1 userId=0},{m=TO_BACK f=SHOW_WALLPAPER leash=Surface(name=Task=1#42)/@0xf3b32a3 sb=Rect(0, 0 - 1080, 2400) eb=Rect(0, 0 - 1080, 2400) epz=Point(1080, 2400) d=0 taskParent=-1 winMode=1 userId=0},{m=TO_BACK f=IS_WALLPAPER leash=Surface(name=WallpaperWindowToken{6b1c075}#58)/@0x2b469a0 sb=Rect(0, 0 - 1080, 2400) eb=Rect(0, 0 - 1080, 2400) epz=Point(1080, 2400) d=0}]}
05-25 04:12:00.858 V/WindowManagerShell( 1012): loadAnimation: anim=android.view.animation.AnimationSet@14455ff animAttr=0x13 type=OPEN isEntrance=false
05-25 04:12:00.858 V/WindowManagerShell( 1012): loadAnimation: anim=android.view.animation.AnimationSet@892531b animAttr=0x12 type=OPEN isEntrance=true
05-25 04:12:00.859 V/WindowManagerShell( 1012):  animated by com.android.wm.shell.transition.DefaultTransitionHandler@7b0dc0f
05-25 04:12:00.862 D/NavigationModeController( 1012): getCurrentUserContext: contextUser=0 currentUser=0
05-25 04:12:00.866 D/b/417220811( 1151): invalidateLoadedTasks - previous requestLoadId: -1
05-25 04:12:00.881 D/BackgroundInstallControlService(  755): Package event received: 0
05-25 04:12:00.886 D/b/417220811( 1151): invalidateLoadedTasks - previous requestLoadId: -1
05-25 04:12:00.913 D/ApplicationLoaders(16696): Returning zygote-cached class loader: /system_ext/framework/androidx.window.extensions.jar
05-25 04:12:00.913 D/ApplicationLoaders(16696): Returning zygote-cached class loader: /system_ext/framework/androidx.window.sidecar.jar
05-25 04:12:01.055 W/AiAiEcho( 1546): LyftNotificationParser Ridesharing ETA not enabled
05-25 04:12:01.055 I/AiAiEcho( 1546): SmartspaceNotificationPredictor no parser can handle this notification or notification is invalid
05-25 04:12:01.176 V/WindowManagerShell( 1012): Transition animation finished (aborted=false), notifying core (#55) android.os.BinderProxy@8a08535@0
05-25 04:12:01.179 V/WindowManager(  755): Finish Transition (#55): created at 05-25 04:12:00.766 collect-started=0.019ms request-sent=7.352ms started=22.317ms ready=82.067ms sent=85.231ms commit=9.691ms finished=412.11ms
05-25 04:12:01.179 D/VRI[NexusLauncherActivity]( 1151): visibilityChanged oldVisibility=true newVisibility=false
05-25 04:12:01.180 D/WallpaperService( 1012): onVisibilityChanged(false): com.android.systemui.wallpapers.ImageWallpaper$CanvasEngine@ca2f989
05-25 04:12:01.181 V/WindowManagerShell( 1012): Track 0 became idle
05-25 04:12:01.181 V/WindowManagerShell( 1012): All active transition animations finished
05-25 04:12:01.184 I/HalDevMgr(  755): bestIfaceCreationProposal is null, requestIface=STA, existingIface=[name=wlan0 type=STA]
05-25 04:12:01.193 D/NexusLauncherModelDelegate( 1151): notifySmartspaceEvent: SmartspaceTargetEvent{mSmartspaceTarget=null, mSmartspaceActionId='null', mEventType=7}
05-25 04:12:01.197 D/nativeloader(16696): Configuring clns-9 for other apk /data/app/~~BsVeW_aadK9V4RHoWrsEHg==/com.tiarnanlarkin.danio-o80zRTdniqrVbYU_NDKHDQ==/base.apk. target_sdk_version=36, uses_libraries=, library_path=/data/app/~~BsVeW_aadK9V4RHoWrsEHg==/com.tiarnanlarkin.danio-o80zRTdniqrVbYU_NDKHDQ==/lib/x86_64:/data/app/~~BsVeW_aadK9V4RHoWrsEHg==/com.tiarnanlarkin.danio-o80zRTdniqrVbYU_NDKHDQ==/base.apk!/lib/x86_64, permitted_path=/data:/mnt/expand:/data/user/0/com.tiarnanlarkin.danio
05-25 04:12:01.212 V/GraphicsEnvironment(16696): Currently set values for:
05-25 04:12:01.212 V/GraphicsEnvironment(16696):   angle_gl_driver_selection_pkgs=[]
05-25 04:12:01.212 V/GraphicsEnvironment(16696):   angle_gl_driver_selection_values=[]
05-25 04:12:01.212 V/GraphicsEnvironment(16696): com.tiarnanlarkin.danio is not listed in per-application setting
05-25 04:12:01.212 V/GraphicsEnvironment(16696): ANGLE allowlist from config: com.dreamgames.royalmatch com.dts.freefiremax com.dxx.firenow com.gramgames.mergedragons com.ludo.king com.mojang.minecraftpe com.my.defense com.nintendo.zaka com.os.airforce com.playrix.fishdomdd.gplay io.teslatech.callbreak jp.konami.prospia net.peakgames.toonblast
05-25 04:12:01.212 V/GraphicsEnvironment(16696): No special selections for ANGLE, returning default driver choice
05-25 04:12:01.212 V/GraphicsEnvironment(16696): Neither updatable production driver nor prerelease driver is supported.
05-25 04:12:01.241 D/BackgroundInstallControlService(  755): Package event received: 0
05-25 04:12:01.241 D/BackgroundInstallControlService(  755): Package event received: 0
05-25 04:12:01.245 I/DisplayManager(16696): Choreographer implicitly registered for the refresh rate.
05-25 04:12:01.256 E/ashmem  (16696): Pinning is deprecated since Android Q. Please use trim or other methods.
05-25 04:12:01.277 D/FlutterJNI(16696): Beginning load of flutter...
05-25 04:12:01.279 I/ResourceExtractor(16696): Found extracted resources res_timestamp-1-1779678349642
05-25 04:12:01.279 I/ResourceExtractor(16696): Resource version mismatch res_timestamp-1-1779678688870
05-25 04:12:01.377 D/nativeloader(16696): Load /data/app/~~BsVeW_aadK9V4RHoWrsEHg==/com.tiarnanlarkin.danio-o80zRTdniqrVbYU_NDKHDQ==/base.apk!/lib/x86_64/libflutter.so using class loader ns clns-9 (caller=/data/app/~~BsVeW_aadK9V4RHoWrsEHg==/com.tiarnanlarkin.danio-o80zRTdniqrVbYU_NDKHDQ==/base.apk): ok
05-25 04:12:01.386 D/FlutterJNI(16696): flutter (null) was loaded normally!
05-25 04:12:01.402 I/GFXSTREAM(16696): [eglDisplay.cpp(297)] Opening libGLESv1_CM_emulation.so
05-25 04:12:01.404 I/GFXSTREAM(16696): [eglDisplay.cpp(297)] Opening libGLESv2_emulation.so
05-25 04:12:01.413 W/HWUI    (16696): Failed to choose config with EGL_SWAP_BEHAVIOR_PRESERVED, retrying without...
05-25 04:12:01.413 W/HWUI    (16696): Failed to initialize 101010-2 format, error = EGL_SUCCESS
05-25 04:12:01.811 I/ResourceExtractor(16696): Extracted baseline resource assets/flutter_assets/kernel_blob.bin
05-25 04:12:01.812 I/ResourceExtractor(16696): Extracted baseline resource assets/flutter_assets/vm_snapshot_data
05-25 04:12:01.858 I/ResourceExtractor(16696): Extracted baseline resource assets/flutter_assets/isolate_snapshot_data
05-25 04:12:01.860 D/FileUtils(  755): Rounded bytes from 4104835072 to 8000000000
05-25 04:12:01.876 W/nanlarkin.danio(16696): type=1400 audit(0.0:140): avc:  denied  { read } for  name="max_map_count" dev="proc" ino=18116 scontext=u:r:untrusted_app:s0:c219,c256,c512,c768 tcontext=u:object_r:proc_max_map_count:s0 tclass=file permissive=0 app=com.tiarnanlarkin.danio
05-25 04:12:01.899 D/DesktopExperienceFlags(16696): Toggle override initialized to: false
05-25 04:12:01.900 D/DesktopModeFlags(16696): Toggle override initialized to: OVERRIDE_UNSET
05-25 04:12:01.956 I/flutter (16696): [IMPORTANT:flutter/shell/platform/android/android_context_gl_impeller.cc(104)] Using the Impeller rendering backend (OpenGLES).
05-25 04:12:01.958 I/flutter (16696): The Dart VM service is listening on http://127.0.0.1:43199/W9LWy-78xd0=/
05-25 04:12:02.147 D/com.llfbandit.app_links(16696): Intent { act=android.intent.action.MAIN cat=[android.intent.category.LAUNCHER] flg=0x10200000 cmp=com.tiarnanlarkin.danio/.MainActivity }
05-25 04:12:02.190 I/nanlarkin.danio(16696): hiddenapi: Accessing hidden method Landroid/view/accessibility/AccessibilityNodeInfo;->getSourceNodeId()J (runtime_flags=0, domain=platform, api=unsupported,test-api) from Lio/flutter/view/AccessibilityViewEmbedder$ReflectionAccessors; (domain=app, TargetSdkVersion=36) using reflection: allowed
05-25 04:12:02.190 I/nanlarkin.danio(16696): hiddenapi: Accessing hidden method Landroid/view/accessibility/AccessibilityRecord;->getSourceNodeId()J (runtime_flags=0, domain=platform, api=unsupported) from Lio/flutter/view/AccessibilityViewEmbedder$ReflectionAccessors; (domain=app, TargetSdkVersion=36) using reflection: allowed
05-25 04:12:02.190 I/nanlarkin.danio(16696): hiddenapi: Accessing hidden field Landroid/view/accessibility/AccessibilityNodeInfo;->mChildNodeIds:Landroid/util/LongArray; (runtime_flags=0, domain=platform, api=unsupported) from Lio/flutter/view/AccessibilityViewEmbedder$ReflectionAccessors; (domain=app, TargetSdkVersion=36) using reflection: allowed
05-25 04:12:02.190 I/nanlarkin.danio(16696): hiddenapi: Accessing hidden method Landroid/util/LongArray;->get(I)J (runtime_flags=0, domain=platform, api=unsupported) from Lio/flutter/view/AccessibilityViewEmbedder$ReflectionAccessors; (domain=app, TargetSdkVersion=36) using reflection: allowed
05-25 04:12:02.201 D/FlutterRenderer(16696): Width is zero. 0,0
05-25 04:12:02.204 D/CompatChangeReporter(16696): Compat change id reported: 377864165; UID 10219; state: ENABLED
05-25 04:12:02.216 W/HWUI    (16696): Unknown dataspace 0
05-25 04:12:02.408 I/Choreographer(16696): Skipped 69 frames!  The application may be doing too much work on its main thread.
05-25 04:12:02.410 D/WindowOnBackDispatcher(16696): setTopOnBackInvokedCallback (unwrapped): android.app.Activity$$ExternalSyntheticLambda0@e0256e2
05-25 04:12:02.411 D/CoreBackPreview(  755): Window{b4fd55d u0 com.tiarnanlarkin.danio/com.tiarnanlarkin.danio.MainActivity}: Setting back callback OnBackInvokedCallbackInfo{mCallback=android.window.IOnBackInvokedCallback$Stub$Proxy@58f4ea0, mPriority=-1, mIsAnimationCallback=false, mOverrideBehavior=0}
05-25 04:12:02.452 I/WindowExtensionsImpl(16696): Initializing Window Extensions, vendor API level=9, activity embedding enabled=true
05-25 04:12:02.472 D/VRI[MainActivity](16696): WindowInsets changed: 1080x2400 statusBars:[0,63,0,0] navigationBars:[0,0,0,63] mandatorySystemGestures:[0,63,0,84] 
05-25 04:12:02.472 D/FlutterRenderer(16696): Width is zero. 0,0
05-25 04:12:02.485 D/FlutterRenderer(16696): Width is zero. 0,0
05-25 04:12:02.487 D/FlutterJNI(16696): Sending viewport metrics to the engine.
05-25 04:12:02.598 I/nanlarkin.danio(16696): Compiler allocated 5087KB to compile void android.view.ViewRootImpl.performTraversals()
05-25 04:12:03.307 I/Choreographer(16696): Skipped 49 frames!  The application may be doing too much work on its main thread.
05-25 04:12:03.316 D/FlutterJNI(16696): Sending viewport metrics to the engine.
05-25 04:12:03.950 D/WindowLayoutComponentImpl(16696): Register WindowLayoutInfoListener on Context=com.tiarnanlarkin.danio.MainActivity@fadecaf, of which baseContext=android.app.ContextImpl@7c8c2a7
05-25 04:12:03.973 W/libbinder.IPCThreadState(  755): Sending oneway calls to frozen process.
05-25 04:12:03.975 D/SatelliteController( 1139): iisInCarrierRoamingNbIotNtn: satellite is disabled
05-25 04:12:03.976 D/SatelliteController( 1139): getCarrierRoamingNtnConnectType: Falling back to global carrier config connect type: 0
05-25 04:12:04.190 I/HalDevMgr(  755): bestIfaceCreationProposal is null, requestIface=STA, existingIface=[name=wlan0 type=STA]
05-25 04:12:04.205 I/flutter (16696): [LocalJsonStorageService] ✅ Storage loaded successfully: 5 tanks, 0 livestock, 0 equipment
05-25 04:12:04.207 I/Choreographer(16696): Skipped 52 frames!  The application may be doing too much work on its main thread.
05-25 04:12:04.211 D/FlutterJNI(16696): Sending viewport metrics to the engine.
05-25 04:12:04.248 I/HWUI    (16696): Davey! duration=915ms; Flags=1, FrameTimelineVsyncId=3342982, IntendedVsync=7925834629968, Vsync=7926701296600, InputEventId=0, HandleInputStart=7926716465549, AnimationStart=7926716466445, PerformTraversalsStart=7926716466945, DrawStart=7926724777996, FrameDeadline=7925851296634, FrameStartTime=7926715939991, FrameInterval=16666666, WorkloadTarget=16666666, SyncQueued=7926725665626, SyncStart=7926727829940, IssueDrawCommandsStart=7926728073653, SwapBuffers=7926735522643, FrameCompleted=7926751855043, DequeueBufferDuration=13067686, QueueBufferDuration=343009, GpuCompleted=7926751855043, SwapBuffersCompleted=7926751753047, DisplayPresentTime=0, CommandSubmissionCompleted=7926735522643, 
05-25 04:12:04.252 I/ActivityTaskManager(  755): Displayed com.tiarnanlarkin.danio/.MainActivity for user 0: +3s485ms
05-25 04:12:04.252 I/ActivityTaskManager(  755): Fully drawn com.tiarnanlarkin.danio/.MainActivity: +3s485ms
05-25 04:12:04.283 E/TaskPersister(  755): File error accessing recents directory (directory doesn't exist?).
05-25 04:12:04.358 D/WindowOnBackDispatcher(16696): setTopOnBackInvokedCallback (unwrapped): io.flutter.embedding.android.FlutterActivity$1@6f0874a
05-25 04:12:04.360 D/CoreBackPreview(  755): Window{b4fd55d u0 com.tiarnanlarkin.danio/com.tiarnanlarkin.danio.MainActivity}: Setting back callback OnBackInvokedCallbackInfo{mCallback=android.window.IOnBackInvokedCallback$Stub$Proxy@2b8d164, mPriority=0, mIsAnimationCallback=true, mOverrideBehavior=0}
05-25 04:12:04.360 D/WindowOnBackDispatcher(16696): setTopOnBackInvokedCallback (unwrapped): android.app.Activity$$ExternalSyntheticLambda0@e0256e2
05-25 04:12:04.360 D/CoreBackPreview(  755): Window{b4fd55d u0 com.tiarnanlarkin.danio/com.tiarnanlarkin.danio.MainActivity}: Setting back callback OnBackInvokedCallbackInfo{mCallback=android.window.IOnBackInvokedCallback$Stub$Proxy@fd5cfcd, mPriority=-1, mIsAnimationCallback=false, mOverrideBehavior=0}
05-25 04:12:04.377 D/FlutterJNI(16696): Sending viewport metrics to the engine.
05-25 04:12:04.445 D/FlutterJNI(16696): Sending viewport metrics to the engine.
05-25 04:12:04.456 I/ImeTracker(  755): com.tiarnanlarkin.danio:6155aac0: onRequestHide at ORIGIN_SERVER reason HIDE_UNSPECIFIED_WINDOW fromUser false
05-25 04:12:04.461 I/GoogleInputMethodService( 1440): GoogleInputMethodService.onFinishInput():2259 
05-25 04:12:04.461 I/Module  ( 1440): DeviceLockedStatusModuleProvider$Module.updateDeviceLockedStatus():103 repeatCheckTimes = 0, locked = false
05-25 04:12:04.461 D/ConnectivityService(  755): requestNetwork for uid/pid:10219/16696 activeRequest: null callbackRequest: 303 [NetworkRequest [ REQUEST id=304, [ Capabilities: INTERNET&NOT_RESTRICTED&TRUSTED&NOT_VCN_MANAGED&NOT_BANDWIDTH_CONSTRAINED Uid: 10219 RequestorUid: 10219 RequestorPkg: com.tiarnanlarkin.danio UnderlyingNetworks: Null] ]] callback flags: 0 order: 2147483647 isUidTracked: false declaredMethods: AVAIL|LOST|NC
05-25 04:12:04.461 I/GoogleInputMethodService( 1440): GoogleInputMethodService.onStartInput():1446 onStartInput(EditorInfo{EditorInfo{packageName=com.tiarnanlarkin.danio, inputType=0, inputTypeString=NULL, enableLearning=false, autoCorrection=false, autoComplete=false, imeOptions=0, privateImeOptions=null, actionName=UNSPECIFIED, actionLabel=null, initialSelStart=-1, initialSelEnd=-1, initialCapsMode=0, label=null, fieldId=0, fieldName=null, extras=null, hintText=null, hintLocales=[]}}, false)
05-25 04:12:04.461 I/AndroidIME( 1440): LatinIMEBase.updateInputViewCoverNavigation():322 Update input view padding, isNavbarOverInputWindow=true, bottom inset=126
05-25 04:12:04.462 I/ImeTracker(  755): system_server:aefe8a2: onRequestHide at ORIGIN_SERVER reason IME_REQUESTED_CHANGED_LISTENER fromUser false
05-25 04:12:04.465 I/ImeTracker(  755): system_server:aefe8a2: onCancelled at PHASE_SERVER_SHOULD_HIDE
05-25 04:12:04.465 D/WifiNetworkFactory(  755): got request NetworkRequest [ REQUEST id=304, [ Capabilities: INTERNET&NOT_RESTRICTED&TRUSTED&NOT_VCN_MANAGED&NOT_BANDWIDTH_CONSTRAINED Uid: 10219 RequestorUid: 10219 RequestorPkg: com.tiarnanlarkin.danio UnderlyingNetworks: Null] ]
05-25 04:12:04.465 I/Module  ( 1440): DeviceLockedStatusModuleProvider$Module.updateDeviceLockedStatus():103 repeatCheckTimes = 1, locked = false
05-25 04:12:04.465 D/UntrustedWifiNetworkFactory(  755): got request NetworkRequest [ REQUEST id=304, [ Capabilities: INTERNET&NOT_RESTRICTED&TRUSTED&NOT_VCN_MANAGED&NOT_BANDWIDTH_CONSTRAINED Uid: 10219 RequestorUid: 10219 RequestorPkg: com.tiarnanlarkin.danio UnderlyingNetworks: Null] ]
05-25 04:12:04.465 D/OemPaidWifiNetworkFactory(  755): got request NetworkRequest [ REQUEST id=304, [ Capabilities: INTERNET&NOT_RESTRICTED&TRUSTED&NOT_VCN_MANAGED&NOT_BANDWIDTH_CONSTRAINED Uid: 10219 RequestorUid: 10219 RequestorPkg: com.tiarnanlarkin.danio UnderlyingNetworks: Null] ]
05-25 04:12:04.465 D/MultiInternetWifiNetworkFactory(  755): got request NetworkRequest [ REQUEST id=304, [ Capabilities: INTERNET&NOT_RESTRICTED&TRUSTED&NOT_VCN_MANAGED&NOT_BANDWIDTH_CONSTRAINED Uid: 10219 RequestorUid: 10219 RequestorPkg: com.tiarnanlarkin.danio UnderlyingNetworks: Null] ]
05-25 04:12:04.465 D/ConnectivityService(  755): NetReassign [304 : null → 100] [c 0] [a 2] [i 1]
05-25 04:12:04.467 W/PackageConfigPersister(  755): App-specific configuration not found for packageName: com.tiarnanlarkin.danio and userId: 0
05-25 04:12:04.468 D/InsetsController(16696): hide(ime())
05-25 04:12:04.469 I/ImeTracker(16696): com.tiarnanlarkin.danio:6155aac0: onCancelled at PHASE_CLIENT_ALREADY_HIDDEN
05-25 04:12:04.476 D/BaseActivity( 1151): Launcher flags updated: [] -[state_started]
05-25 04:12:04.476 D/BaseDepthController( 1151): setSurface:
05-25 04:12:04.476 D/BaseDepthController( 1151): 	mWaitingOnSurfaceValidity: false
05-25 04:12:04.476 D/BaseDepthController( 1151): 	mBaseSurface: null
05-25 04:12:04.476 D/BaseDepthController( 1151): mSurface is null and mCurrentBlur is: 0
05-25 04:12:04.477 D/LauncherStateManager( 1151): StateManager.goToState: fromState: Normal, toState: Normal, partial trace:
05-25 04:12:04.477 D/LauncherStateManager( 1151): 	at com.android.launcher3.statemanager.StateManager.moveToRestState(go/retraceme 7101499b44b219b757f6885b35ae099b24fc769225595efcaaacae5b0f94500b:6)
05-25 04:12:04.477 D/LauncherStateManager( 1151): 	at com.android.launcher3.statemanager.StateManager.moveToRestState(go/retraceme 7101499b44b219b757f6885b35ae099b24fc769225595efcaaacae5b0f94500b:2)
05-25 04:12:04.477 D/LauncherStateManager( 1151): 	at com.android.launcher3.statemanager.StatefulActivity.onStop(go/retraceme 7101499b44b219b757f6885b35ae099b24fc769225595efcaaacae5b0f94500b:32)
05-25 04:12:04.477 D/LauncherStateManager( 1151): StateManager.onRepeatStateSetAborted: state: Normal
05-25 04:12:04.478 D/ActivityContext( 1151): hideKeyboard
05-25 04:12:04.478 D/ActivityContext( 1151): isImeShown: false
05-25 04:12:04.478 D/StatsLog( 1151): LAUNCHER_ONSTOP
05-25 04:12:04.479 D/StatsLog( 1151): LAUNCHER_GOOGLE_SEARCH_RESTORE_LIST_SIZE_AFTER_ACTIVITY_RESTART
05-25 04:12:04.496 W/System  ( 1151): A resource failed to call release. 
05-25 04:12:04.496 W/System  ( 1151): A resource failed to call release. 
05-25 04:12:04.496 W/System  ( 1151): A resource failed to call release. 
05-25 04:12:04.498 D/BackgroundInstallControlService(  755): Package event received: 0
05-25 04:12:04.504 D/SessionsDependencies(16696): Dependency to CRASHLYTICS added.
05-25 04:12:04.505 I/FirebaseApp(16696): Device unlocked: initializing all Firebase APIs for app [DEFAULT]
05-25 04:12:04.557 D/FirebaseSessions(16696): Initializing Firebase Sessions SDK.
05-25 04:12:04.558 I/FirebaseCrashlytics(16696): Initializing Firebase Crashlytics 18.6.3 for com.tiarnanlarkin.danio
05-25 04:12:04.567 D/SessionsDependencies(16696): Subscriber CRASHLYTICS registered.
05-25 04:12:04.570 D/LifecycleServiceBinder(16696): Binding service to application.
05-25 04:12:04.574 D/SessionLifecycleService(16696): Service bound to new client on process 16696
05-25 04:12:04.576 D/SessionLifecycleClient(16696): Connected to SessionLifecycleService. Queue size 0
05-25 04:12:04.577 D/SessionLifecycleService(16696): App has not yet foregrounded. Using previously stored session: null
05-25 04:12:04.578 D/SessionLifecycleService(16696): Client android.os.Messenger@d391d53 bound at 7927083. Clients: 1
05-25 04:12:04.614 D/FileUtils(  755): Rounded bytes from 4104835072 to 8000000000
