05-25 03:03:06.866  1546  1927 I AiAiEcho: Predicting[0]:  [CONTEXT sampling_count=5 ]
05-25 03:03:06.866  1546  1927 I AiAiEcho: EchoTargets: 
05-25 03:03:06.866  1546  1927 I AiAiEcho: Filtered by AiAi flag check: 
05-25 03:03:06.866  1546  1927 I AiAiEcho: [CONTEXT ratelimit_period="10 SECONDS" ]
05-25 03:03:06.866  1546  1927 I AiAiEcho: #remoteViewsTwiddler: feature disabled.
05-25 03:03:06.866  1546  1927 I AiAiEcho: Predicting[0]:  [CONTEXT sampling_count=5 ]
05-25 03:03:06.867  1546  1927 I AiAiEcho: EchoTargets: 
05-25 03:03:06.867  1546  1927 I AiAiEcho: Filtered by AiAi flag check: 
05-25 03:03:06.867  1546  1927 I AiAiEcho: [CONTEXT ratelimit_period="10 SECONDS" ]
05-25 03:03:06.867  1546  1927 I AiAiEcho: #remoteViewsTwiddler: feature disabled.
05-25 03:03:06.867   755   755 W libbinder.IPCThreadState: Sending oneway calls to frozen process.
05-25 03:03:06.867   755   755 W libbinder.IPCThreadState: Sending oneway calls to frozen process.
05-25 03:03:06.867   755   755 W libbinder.IPCThreadState: Sending oneway calls to frozen process.
05-25 03:03:06.867   755   755 W libbinder.IPCThreadState: Sending oneway calls to frozen process.
05-25 03:03:06.867   755   755 W libbinder.IPCThreadState: Sending oneway calls to frozen process.
05-25 03:03:06.867   755   755 W libbinder.IPCThreadState: Sending oneway calls to frozen process.
05-25 03:03:06.867  1546  1927 I AiAiEcho: #postPredictionTargets: Sending updates to UISurface lockscreen with targets# 0 (types=[])
05-25 03:03:06.868   755   755 W libbinder.IPCThreadState: Sending oneway calls to frozen process.
05-25 03:03:06.868   755   755 W libbinder.IPCThreadState: Sending oneway calls to frozen process.
05-25 03:03:06.868   755   755 W libbinder.IPCThreadState: Sending oneway calls to frozen process.
05-25 03:03:06.868   755   755 W libbinder.IPCThreadState: Sending oneway calls to frozen process.
05-25 03:03:06.868   755   755 W libbinder.IPCThreadState: Sending oneway calls to frozen process.
05-25 03:03:06.868   755   755 W libbinder.IPCThreadState: Sending oneway calls to frozen process.
05-25 03:03:06.868   755   755 W libbinder.IPCThreadState: Sending oneway calls to frozen process.
05-25 03:03:06.868   755   755 W libbinder.IPCThreadState: Sending oneway calls to frozen process.
05-25 03:03:06.868  1012  1012 W SsPagerDots: Total number of pages invalid: 0. Assuming 1 page.
05-25 03:03:06.868  1546  1927 I AiAiEcho: #postPredictionTargets: Sending updates to UISurface home with targets# 0 (types=[])
05-25 03:03:06.869   755   755 W libbinder.IPCThreadState: Sending oneway calls to frozen process.
05-25 03:03:06.869   755   755 W libbinder.IPCThreadState: Sending oneway calls to frozen process.
05-25 03:03:06.869   755   755 W libbinder.IPCThreadState: Sending oneway calls to frozen process.
05-25 03:03:06.869   755   755 W libbinder.IPCThreadState: Sending oneway calls to frozen process.
05-25 03:03:06.869   755   755 W libbinder.IPCThreadState: Sending oneway calls to frozen process.
05-25 03:03:06.869   755   755 W libbinder.IPCThreadState: Sending oneway calls to frozen process.
05-25 03:03:06.869   755   755 W libbinder.IPCThreadState: Sending oneway calls to frozen process.
05-25 03:03:06.869   755   755 W libbinder.IPCThreadState: Sending oneway calls to frozen process.
05-25 03:03:06.870   755   755 W libbinder.IPCThreadState: Sending oneway calls to frozen process.
05-25 03:03:06.870   755   755 W libbinder.IPCThreadState: Sending oneway calls to frozen process.
05-25 03:03:06.870   755   755 D BatterySaverPolicy: accessibility changed to true, updating policy.
05-25 03:03:06.873   755  2205 V AccessibilityManagerService: onUserStateChangedLocked for userId: 0, forceUpdate: false
05-25 03:03:06.874   755  2205 V AccessibilityUserState: updateShortcutTargets: type:accessibility_shortcut_target_service, current:{}, new:{}
05-25 03:03:06.874  1546  3179 I AiAiEcho: Settings changed for uri: content://settings/secure/accessibility_enabled
05-25 03:03:06.875   755  2205 V AccessibilityUserState: updateShortcutTargets: type:accessibility_button_targets, current:{}, new:{}
05-25 03:03:06.875   755  2205 V AccessibilityUserState: updateShortcutTargets: type:accessibility_gesture_targets, current:{}, new:{}
05-25 03:03:06.875   755  2205 V AccessibilityUserState: updateShortcutTargets: type:accessibility_qs_targets, current:{}, new:{}
05-25 03:03:06.875   755  2205 V AccessibilityUserState: updateShortcutTargets: type:accessibility_key_gesture_targets, current:{}, new:{}
05-25 03:03:06.875   755  2205 W MagnificationConnectionManager: requestConnection duplicated request: connect=false, mConnectionState=DISCONNECTED
05-25 03:03:06.875  1546  1927 I AiAiEcho: Predicting[0]:  [CONTEXT sampling_count=5 ]
05-25 03:03:06.875  1546  1927 I AiAiEcho: EchoTargets: 
05-25 03:03:06.875  1546  1927 I AiAiEcho: Filtered by AiAi flag check: 
05-25 03:03:06.875  1546  1927 I AiAiEcho: [CONTEXT ratelimit_period="10 SECONDS" ]
05-25 03:03:06.875  1546  1927 I AiAiEcho: #remoteViewsTwiddler: feature disabled.
05-25 03:03:06.875  1546  1927 I AiAiEcho: Predicting[0]:  [CONTEXT sampling_count=5 ]
05-25 03:03:06.875  1546  1927 I AiAiEcho: EchoTargets: 
05-25 03:03:06.875  1546  1927 I AiAiEcho: Filtered by AiAi flag check: 
05-25 03:03:06.875  1546  1927 I AiAiEcho: [CONTEXT ratelimit_period="10 SECONDS" ]
05-25 03:03:06.875  1546  1927 I AiAiEcho: #remoteViewsTwiddler: feature disabled.
05-25 03:03:06.876  1546  1927 I AiAiEcho: #postPredictionTargets: Sending updates to UISurface lockscreen with targets# 0 (types=[])
05-25 03:03:06.876  1546  1927 I AiAiEcho: #postPredictionTargets: Sending updates to UISurface home with targets# 0 (types=[])
05-25 03:03:06.878   755   755 W libbinder.IPCThreadState: Sending oneway calls to frozen process.
05-25 03:03:06.878   755   755 W libbinder.IPCThreadState: Sending oneway calls to frozen process.
05-25 03:03:06.878   755   755 W libbinder.IPCThreadState: Sending oneway calls to frozen process.
05-25 03:03:06.878   755   755 W libbinder.IPCThreadState: Sending oneway calls to frozen process.
05-25 03:03:06.878   755   755 W libbinder.IPCThreadState: Sending oneway calls to frozen process.
05-25 03:03:06.878   755   755 W libbinder.IPCThreadState: Sending oneway calls to frozen process.
05-25 03:03:06.878   755   755 W libbinder.IPCThreadState: Sending oneway calls to frozen process.
05-25 03:03:06.878   755   755 W libbinder.IPCThreadState: Sending oneway calls to frozen process.
05-25 03:03:06.878   755   755 W libbinder.IPCThreadState: Sending oneway calls to frozen process.
05-25 03:03:06.878   755   755 W libbinder.IPCThreadState: Sending oneway calls to frozen process.
05-25 03:03:06.878   755   755 W libbinder.IPCThreadState: Sending oneway calls to frozen process.
05-25 03:03:06.878   755   755 W libbinder.IPCThreadState: Sending oneway calls to frozen process.
05-25 03:03:06.878   755   755 W libbinder.IPCThreadState: Sending oneway calls to frozen process.
05-25 03:03:06.879   755   755 W libbinder.IPCThreadState: Sending oneway calls to frozen process.
05-25 03:03:06.879   755   755 W libbinder.IPCThreadState: Sending oneway calls to frozen process.
05-25 03:03:06.879   755   755 W libbinder.IPCThreadState: Sending oneway calls to frozen process.
05-25 03:03:06.890  1012  1012 W SsPagerDots: Total number of pages invalid: 0. Assuming 1 page.
05-25 03:03:06.890   755  1931 D AccessibilityManagerService: .getAccessibilityShortcutTargets {shortcutType=32, userId=0}
05-25 03:03:07.777   553  4294 D android.hardware.audio@7.1-impl.ranchu: threadLoop: entering standby, frames: 6708608
05-25 03:03:07.777   553  4294 D android.hardware.audio@7.1-impl.ranchu: ~TinyalsaSink: joining consumeThread
05-25 03:03:07.797   553 10562 D android.hardware.audio@7.1-impl.ranchu: consumeThread: exiting
05-25 03:03:07.797   553  4294 D android.hardware.audio@7.1-impl.ranchu: ~TinyalsaSink: stopping PCM stream
05-25 03:03:07.905 10576 10576 W AccessibilityNodeInfoDumper: Fetch time: 1ms
05-25 03:03:07.906   755  1185 V AccessibilityManagerService: onUserStateChangedLocked for userId: 0, forceUpdate: false
05-25 03:03:07.907  1546  3179 I AiAiEcho: Settings changed for uri: content://settings/secure/accessibility_enabled
05-25 03:03:07.907   755  1185 V AccessibilityUserState: updateShortcutTargets: type:accessibility_shortcut_target_service, current:{}, new:{}
05-25 03:03:07.907   755  1185 V AccessibilityUserState: updateShortcutTargets: type:accessibility_button_targets, current:{}, new:{}
05-25 03:03:07.907   755  1185 V AccessibilityUserState: updateShortcutTargets: type:accessibility_gesture_targets, current:{}, new:{}
05-25 03:03:07.907   755  1185 V AccessibilityUserState: updateShortcutTargets: type:accessibility_qs_targets, current:{}, new:{}
05-25 03:03:07.908   755  1185 V AccessibilityUserState: updateShortcutTargets: type:accessibility_key_gesture_targets, current:{}, new:{}
05-25 03:03:07.908   755  1185 W MagnificationConnectionManager: requestConnection duplicated request: connect=false, mConnectionState=DISCONNECTED
05-25 03:03:07.908   755  1185 D AccessibilityManagerService: restoreCurrentUserForTestAutomationIfNeededLocked(): ignoring because device doesn't support visible background users
05-25 03:03:07.908   755   755 W libbinder.IPCThreadState: Sending oneway calls to frozen process.
05-25 03:03:07.908   755   755 W libbinder.IPCThreadState: Sending oneway calls to frozen process.
05-25 03:03:07.908   755   755 W libbinder.IPCThreadState: Sending oneway calls to frozen process.
05-25 03:03:07.908   755   755 W libbinder.IPCThreadState: Sending oneway calls to frozen process.
05-25 03:03:07.908   755   755 W libbinder.IPCThreadState: Sending oneway calls to frozen process.
05-25 03:03:07.908   755   755 W libbinder.IPCThreadState: Sending oneway calls to frozen process.
05-25 03:03:07.908   755   755 W libbinder.IPCThreadState: Sending oneway calls to frozen process.
05-25 03:03:07.908   755   755 W libbinder.IPCThreadState: Sending oneway calls to frozen process.
05-25 03:03:07.908   755   755 W libbinder.IPCThreadState: Sending oneway calls to frozen process.
05-25 03:03:07.908   755   755 W libbinder.IPCThreadState: Sending oneway calls to frozen process.
05-25 03:03:07.908   755   755 W libbinder.IPCThreadState: Sending oneway calls to frozen process.
05-25 03:03:07.908   755   755 W libbinder.IPCThreadState: Sending oneway calls to frozen process.
05-25 03:03:07.908   755   755 W libbinder.IPCThreadState: Sending oneway calls to frozen process.
05-25 03:03:07.908   755   755 W libbinder.IPCThreadState: Sending oneway calls to frozen process.
05-25 03:03:07.909   755   755 W libbinder.IPCThreadState: Sending oneway calls to frozen process.
05-25 03:03:07.909   755   755 W libbinder.IPCThreadState: Sending oneway calls to frozen process.
05-25 03:03:07.909   755   755 W libbinder.IPCThreadState: Sending oneway calls to frozen process.
05-25 03:03:07.909  1546  1927 I AiAiEcho: Predicting[0]:  [CONTEXT sampling_count=5 ]
05-25 03:03:07.909  1546  1927 I AiAiEcho: EchoTargets: 
05-25 03:03:07.909  1546  1927 I AiAiEcho: Filtered by AiAi flag check: 
05-25 03:03:07.909  1546  1927 I AiAiEcho: [CONTEXT ratelimit_period="10 SECONDS" ]
05-25 03:03:07.910 10576 10576 D AndroidRuntime: Shutting down VM
05-25 03:03:07.910   755   755 W libbinder.IPCThreadState: Sending oneway calls to frozen process.
05-25 03:03:07.910   755   755 W libbinder.IPCThreadState: Sending oneway calls to frozen process.
05-25 03:03:07.910   755   755 W libbinder.IPCThreadState: Sending oneway calls to frozen process.
05-25 03:03:07.910   755   755 W libbinder.IPCThreadState: Sending oneway calls to frozen process.
05-25 03:03:07.910   755   755 W libbinder.IPCThreadState: Sending oneway calls to frozen process.
05-25 03:03:07.911   755   755 W libbinder.IPCThreadState: Sending oneway calls to frozen process.
05-25 03:03:07.911   755   755 W libbinder.IPCThreadState: Sending oneway calls to frozen process.
05-25 03:03:07.911  1546  1927 I AiAiEcho: #remoteViewsTwiddler: feature disabled.
05-25 03:03:07.912   755   755 D BatterySaverPolicy: accessibility changed to false, updating policy.
05-25 03:03:07.912  1546  1927 I AiAiEcho: Predicting[0]:  [CONTEXT sampling_count=5 ]
05-25 03:03:07.912  1546  1927 I AiAiEcho: EchoTargets: 
05-25 03:03:07.912  1546  1927 I AiAiEcho: Filtered by AiAi flag check: 
05-25 03:03:07.912  1546  1927 I AiAiEcho: [CONTEXT ratelimit_period="10 SECONDS" ]
05-25 03:03:07.913  1546  1927 I AiAiEcho: #remoteViewsTwiddler: feature disabled.
05-25 03:03:07.913  1546  1927 I AiAiEcho: #postPredictionTargets: Sending updates to UISurface lockscreen with targets# 0 (types=[])
05-25 03:03:07.914  1546  1927 I AiAiEcho: #postPredictionTargets: Sending updates to UISurface home with targets# 0 (types=[])
05-25 03:03:07.914 10576 10585 W libbinder.IPCThreadState: call to talkWithDriver in joinThreadPool returned error: -9 (Bad file descriptor), FD: -1
05-25 03:03:07.914  1012  1012 W SsPagerDots: Total number of pages invalid: 0. Assuming 1 page.
05-25 03:03:07.914 10576 10584 W libbinder.IPCThreadState: call to talkWithDriver in joinThreadPool returned error: -9 (Bad file descriptor), FD: -1
05-25 03:03:08.034  1529  1529 D WM-DelayedWorkTracker: Scheduling work d2fcf04e-203f-40cd-8be8-db079fda010e
05-25 03:03:08.034  1529  1529 D WM-GreedyScheduler: Starting tracking for d2fcf04e-203f-40cd-8be8-db079fda010e
05-25 03:03:08.034  1529  1868 D WM-ConstraintTracker: BatteryNotLowTracker: initial state = true
05-25 03:03:08.035  1529  1868 D WM-BrdcstRcvrCnstrntTrc: BatteryNotLowTracker: registering receiver
05-25 03:03:08.035  1529  1868 D WM-GreedyScheduler: Constraints met: Scheduling work ID WorkGenerationalId(workSpecId=d2fcf04e-203f-40cd-8be8-db079fda010e, generation=0)
05-25 03:03:08.036  1529  1868 D WM-Processor: Processor: processing WorkGenerationalId(workSpecId=d2fcf04e-203f-40cd-8be8-db079fda010e, generation=0)
05-25 03:03:08.037  1529  1529 D WM-WorkerWrapper: Starting work for com.android.providers.media.photopicker.sync.ProactiveSyncWorker
05-25 03:03:08.038  1529 10588 I PSyncWorker: Starting proactive picker sync from sync source: 1
05-25 03:03:08.038  1529 10588 I PickerSyncTracker: Created new sync future java.util.concurrent.CompletableFuture@2b42ad1[Not completed, 1 dependents]. Future map: {d2fcf04e-203f-40cd-8be8-db079fda010e=java.util.concurrent.CompletableFuture@2b42ad1[Not completed, 1 dependents]}
05-25 03:03:08.038  1529 10588 D PickerSyncController: syncAllMediaFromProvider() LOCAL, auth=com.android.providers.media.photopicker, retry=true
05-25 03:03:08.038  1529 10588 D PickerSyncController: getSyncRequestParams() LOCAL, auth=com.android.providers.media.photopicker
05-25 03:03:08.039  1529 10588 D PickerSyncController:    Latest ID/Gen=92835bc8fd6dde81:external_primary/2922
05-25 03:03:08.039  1529 10588 D PickerSyncController:    Cached ID/Gen=92835bc8fd6dde81:external_primary/2913
05-25 03:03:08.039  1529 10588 D PickerSyncController:    RESULT=SyncRequestParams{type=MEDIA_INCREMENTAL, gen=2913, latest=Bundle[{last_media_sync_generation=2922, media_collection_id=92835bc8fd6dde81:external_primary}], pageSize=1000}
05-25 03:03:08.039  1529 10588 I PickerSyncController: Executing SyncAdd. isLocal: true. authority: com.android.providers.media.photopicker
05-25 03:03:08.040  1529 10588 D PickerSyncLockManager: Trying to acquire lock com.android.providers.media.photopicker.sync.CloseableReentrantLock@cffd47[Unlocked]. Lock Name = CLOUD_PROVIDER_LOCK. Threads that may be waiting to acquire this lock = [] with timeout.
05-25 03:03:08.040  1529 10588 D CloseableReentrantLock: Successfully acquired lock com.android.providers.media.photopicker.sync.CloseableReentrantLock@cffd47[Locked by thread pool-4-thread-141]. Lock Name = CLOUD_PROVIDER_LOCK. Threads that may be waiting to acquire this lock = []
05-25 03:03:08.040  1529 10588 D CloseableReentrantLock: Successfully released lock com.android.providers.media.photopicker.sync.CloseableReentrantLock@cffd47[Unlocked]. Lock Name = CLOUD_PROVIDER_LOCK. Threads that may be waiting to acquire this lock = []
05-25 03:03:08.040  1529 10588 D ExternalDbFacade: Token received for queryMedia = null
05-25 03:03:08.040  1529 10588 D PickerSyncLockManager: Trying to acquire lock com.android.providers.media.photopicker.sync.CloseableReentrantLock@cffd47[Unlocked]. Lock Name = CLOUD_PROVIDER_LOCK. Threads that may be waiting to acquire this lock = [] with timeout.
05-25 03:03:08.040  1529 10588 D CloseableReentrantLock: Successfully acquired lock com.android.providers.media.photopicker.sync.CloseableReentrantLock@cffd47[Locked by thread pool-4-thread-141]. Lock Name = CLOUD_PROVIDER_LOCK. Threads that may be waiting to acquire this lock = []
05-25 03:03:08.040  1529 10588 D PickerSyncController: Saving next page token: 1779674586000|267 for key: local_provider:media_add:resume
05-25 03:03:08.040  1529 10588 D CloseableReentrantLock: Successfully released lock com.android.providers.media.photopicker.sync.CloseableReentrantLock@cffd47[Unlocked]. Lock Name = CLOUD_PROVIDER_LOCK. Threads that may be waiting to acquire this lock = []
05-25 03:03:08.041  1529 10588 D PickerNotificationSender: Sending a notification for media update
05-25 03:03:08.041  1529 10588 D PickerNotificationSender: Sending a notification for merged album media update Videos
05-25 03:03:08.041  1529 10588 D PickerNotificationSender: Sending a notification for album media update Videos
05-25 03:03:08.041  1529 10588 D PickerNotificationSender: Sending a notification for merged album media update Favorites
05-25 03:03:08.041  1529 10588 D PickerNotificationSender: Sending a notification for album media update Favorites
05-25 03:03:08.042  1529 10588 D ExternalDbFacade: Token received for queryMedia = 1779674586000|267
05-25 03:03:08.042  1529 10588 D PickerSyncLockManager: Trying to acquire lock com.android.providers.media.photopicker.sync.CloseableReentrantLock@cffd47[Unlocked]. Lock Name = CLOUD_PROVIDER_LOCK. Threads that may be waiting to acquire this lock = [] with timeout.
05-25 03:03:08.042  1529 10588 D CloseableReentrantLock: Successfully acquired lock com.android.providers.media.photopicker.sync.CloseableReentrantLock@cffd47[Locked by thread pool-4-thread-141]. Lock Name = CLOUD_PROVIDER_LOCK. Threads that may be waiting to acquire this lock = []
05-25 03:03:08.042  1529 10588 D PickerSyncController: Clearing next page token for key: local_provider:media_add:resume
05-25 03:03:08.042  1529 10588 D CloseableReentrantLock: Successfully released lock com.android.providers.media.photopicker.sync.CloseableReentrantLock@cffd47[Unlocked]. Lock Name = CLOUD_PROVIDER_LOCK. Threads that may be waiting to acquire this lock = []
05-25 03:03:08.042  1529 10588 D PickerNotificationSender: Sending a notification for media update
05-25 03:03:08.042  1529 10588 D PickerNotificationSender: Sending a notification for merged album media update Videos
05-25 03:03:08.042  1529 10588 D PickerNotificationSender: Sending a notification for album media update Videos
05-25 03:03:08.042  1529 10588 D PickerNotificationSender: Sending a notification for merged album media update Favorites
05-25 03:03:08.042  1529 10588 D PickerNotificationSender: Sending a notification for album media update Favorites
05-25 03:03:08.043  1529 10588 I PickerSyncController: Paged sync successful. QueryArgs: Bundle[{android.provider.extra.PAGE_TOKEN=1779674586000|267, android.provider.extra.SYNC_GENERATION=2913, android.provider.extra.PAGE_SIZE=1000}] Total Rows: 1
05-25 03:03:08.043  1529 10588 I PickerSyncController: Executing SyncRemove. isLocal: true. authority: com.android.providers.media.photopicker
05-25 03:03:08.043  1529 10588 D PickerSyncLockManager: Trying to acquire lock com.android.providers.media.photopicker.sync.CloseableReentrantLock@cffd47[Unlocked]. Lock Name = CLOUD_PROVIDER_LOCK. Threads that may be waiting to acquire this lock = [] with timeout.
05-25 03:03:08.043  1529 10588 D CloseableReentrantLock: Successfully acquired lock com.android.providers.media.photopicker.sync.CloseableReentrantLock@cffd47[Locked by thread pool-4-thread-141]. Lock Name = CLOUD_PROVIDER_LOCK. Threads that may be waiting to acquire this lock = []
05-25 03:03:08.043  1529 10588 D CloseableReentrantLock: Successfully released lock com.android.providers.media.photopicker.sync.CloseableReentrantLock@cffd47[Unlocked]. Lock Name = CLOUD_PROVIDER_LOCK. Threads that may be waiting to acquire this lock = []
05-25 03:03:08.043  1529 10588 D PickerSyncLockManager: Trying to acquire lock com.android.providers.media.photopicker.sync.CloseableReentrantLock@cffd47[Unlocked]. Lock Name = CLOUD_PROVIDER_LOCK. Threads that may be waiting to acquire this lock = [] with timeout.
05-25 03:03:08.043  1529 10588 D CloseableReentrantLock: Successfully acquired lock com.android.providers.media.photopicker.sync.CloseableReentrantLock@cffd47[Locked by thread pool-4-thread-141]. Lock Name = CLOUD_PROVIDER_LOCK. Threads that may be waiting to acquire this lock = []
05-25 03:03:08.043  1529 10588 D PickerSyncController: Clearing next page token for key: local_provider:media_remove:resume
05-25 03:03:08.043  1529 10588 D CloseableReentrantLock: Successfully released lock com.android.providers.media.photopicker.sync.CloseableReentrantLock@cffd47[Unlocked]. Lock Name = CLOUD_PROVIDER_LOCK. Threads that may be waiting to acquire this lock = []
05-25 03:03:08.043  1529 10588 D PickerNotificationSender: Sending a notification for media update
05-25 03:03:08.044  1529 10588 D PickerNotificationSender: Sending a notification for merged album media update Videos
05-25 03:03:08.044  1529 10588 D PickerNotificationSender: Sending a notification for album media update Videos
05-25 03:03:08.046  1529 10588 D PickerNotificationSender: Sending a notification for merged album media update Favorites
05-25 03:03:08.046  1529 10588 D PickerNotificationSender: Sending a notification for album media update Favorites
05-25 03:03:08.047  1529 10588 I PickerSyncController: Paged sync successful. QueryArgs: Bundle[{android.provider.extra.PAGE_TOKEN=1779674586000|267, android.provider.extra.SYNC_GENERATION=2913, android.provider.extra.PAGE_SIZE=1000}] Total Rows: 0
05-25 03:03:08.047  1529 10588 I PickerSyncTracker: Marked sync future complete for work id: d2fcf04e-203f-40cd-8be8-db079fda010e. Future map: {}
05-25 03:03:08.047  1529 10588 I PSyncWorker: Completed picker proactive sync complete from local provider.
05-25 03:03:08.048  1529  1727 I WM-WorkerWrapper: Worker result SUCCESS for Work [ id=d2fcf04e-203f-40cd-8be8-db079fda010e, tags={ com.android.providers.media.photopicker.sync.ProactiveSyncWorker } ]
05-25 03:03:08.048  1529  1529 D WM-Processor: Processor d2fcf04e-203f-40cd-8be8-db079fda010e executed; reschedule = false
05-25 03:03:08.049  1529  1529 D WM-GreedyScheduler: Stopping tracking for WorkGenerationalId(workSpecId=d2fcf04e-203f-40cd-8be8-db079fda010e, generation=0)
05-25 03:03:08.050  1529  1874 D WM-GreedyScheduler: Cancelling work ID d2fcf04e-203f-40cd-8be8-db079fda010e
05-25 03:03:08.050  1529  1874 D WM-GreedyScheduler: Ignoring {WorkSpec: fce74054-5d75-49ac-b1fb-61b1c63b64d1}. Requires device idle.
05-25 03:03:08.050  1529  1874 D WM-GreedyScheduler: Ignoring {WorkSpec: 748d3965-3023-45a6-9a32-baafa7d90ebf}. Requires device idle.
05-25 03:03:08.050  1529  1874 D WM-GreedyScheduler: Ignoring {WorkSpec: bbc248da-5aec-4565-83d8-ed90ba3a683c}. Requires device idle.
05-25 03:03:08.050  1529  1874 D WM-GreedyScheduler: Ignoring {WorkSpec: a7b8fc44-3a39-43d5-96b8-cef5bb529d35}. Requires device idle.
05-25 03:03:08.051  1529  1868 D WM-BrdcstRcvrCnstrntTrc: BatteryNotLowTracker: unregistering receiver
05-25 03:03:08.128   755  1931 D ActivityManager: sync unfroze 1484 com.google.android.gms for 6
05-25 03:03:08.129   755  1931 D ActivityManager: sync unfroze 9602 com.google.android.adservices.api for 6
05-25 03:03:08.134   755  1931 W ProcessStats: Tracking association SourceState{120d728 com.google.android.gms/10147 ImpBg #3985} whose proc state 6 is better than process ProcessState{8a31b6 com.google.android.adservices.api/10202 pkg=com.google.android.adservices.api} proc state 14 (1 skipped)
05-25 03:03:08.134  1334 10416 I NetworkScheduler.Stats: (REDACTED) Task %s/%s started execution. cause:%s exec_start_elapsed_seconds: %s
05-25 03:03:08.137  1334  9652 I NetworkScheduler.Stats: (REDACTED) Task %s/%s finished executing. cause:%s result: %s elapsed_millis: %s uptime_millis: %s exec_start_elapsed_seconds: %s
05-25 03:03:08.854 10591 10591 D AndroidRuntime: >>>>>> START com.android.internal.os.RuntimeInit uid 2000 <<<<<<
05-25 03:03:08.857 10591 10591 I AndroidRuntime: Using default boot image
05-25 03:03:08.857 10591 10591 I AndroidRuntime: Leaving lock profiling enabled
05-25 03:03:08.859 10591 10591 I app_process: Using CollectorTypeCMC GC.
05-25 03:03:08.926 10591 10591 D nativeloader: InitDefaultPublicLibraries for_preload=1: libandroid.so:libaaudio.so:libamidi.so:libbinder_ndk.so:libc.so:libcamera2ndk.so:libdl.so:libEGL.so:libGLESv1_CM.so:libGLESv2.so:libGLESv3.so:libicu.so:libicui18n.so:libicuuc.so:libjnigraphics.so:liblog.so:libmediandk.so:libm.so:libnativehelper.so:libnativewindow.so:libOpenMAXAL.so:libOpenSLES.so:libRS.so:libstdc++.so:libsync.so:libvulkan.so:libwebviewchromium_plat_support.so:libz.so
05-25 03:03:08.934 10591 10591 D nativeloader: Load libicu_jni.so using APEX ns com_android_art for caller /apex/com.android.art/javalib/core-oj.jar: ok
05-25 03:03:08.934 10591 10591 D app_process: u_setTimeZoneFilesDirectory("/apex/com.android.tzdata/etc/tz/versioned/9/icu") succeeded. 
05-25 03:03:08.934 10591 10591 D app_process: I18n APEX ICU file found: /apex/com.android.i18n/etc/icu/icudt76l.dat
05-25 03:03:08.934 10591 10591 D nativeloader: Load libjavacore.so using APEX ns com_android_art for caller /apex/com.android.art/javalib/core-oj.jar: ok
05-25 03:03:08.935 10591 10591 D nativeloader: Load libopenjdk.so using APEX ns com_android_art for caller /apex/com.android.art/javalib/core-oj.jar: ok
05-25 03:03:08.936 10591 10591 I app_process: Priority-to-niceness mapping: 19, 16, 13, 10, 0, -2, -4, -5, -6, -8
05-25 03:03:08.936 10591 10591 W app_process: Unexpected CPU variant for x86: x86_64.
05-25 03:03:08.936 10591 10591 W app_process: Known variants: atom, sandybridge, silvermont, goldmont, goldmont-plus, goldmont-without-sha-xsaves, tremont, kabylake, alderlake, default
05-25 03:03:08.938 10591 10591 W app_process: ClassLoaderContext shared library size mismatch. Expected=2, found=0 (PCL[]{PCL[/system/framework/android.test.base.jar*1653369819]#PCL[/system/framework/android.test.mock.jar*1009639922]} | PCL[])
05-25 03:03:08.938 10591 10591 W app_process: ClassLoaderContext classpath size mismatch. expected=0, found=1 (PCL[]{PCL[/system/framework/android.test.runner.jar*3954641918]{PCL[/system/framework/android.test.base.jar*1653369819]#PCL[/system/framework/android.test.mock.jar*1009639922]}#PCL[/system/framework/android.test.base.jar*1653369819]} | PCL[/system/framework/android.test.runner.jar*3954641918])
05-25 03:03:08.956 10591 10591 D nativeloader: Load libframework-connectivity-tiramisu-jni.so using APEX ns com_android_tethering for caller /apex/com.android.tethering/javalib/framework-connectivity-t.jar: ok
05-25 03:03:08.957 10591 10591 D AndroidRuntime: Calling main entry com.android.commands.uiautomator.Launcher
05-25 03:03:08.960 10591 10591 I AconfigPackage: android.media.swcodec.flags is mapped to com.android.media.swcodec
05-25 03:03:08.960 10591 10591 I AconfigPackage: com.android.permission.flags is mapped to com.android.permission
05-25 03:03:08.960 10591 10591 I AconfigPackage: com.android.permissioncontroller.flags is mapped to com.android.permission
05-25 03:03:08.960 10591 10591 I AconfigPackage: com.android.icu is mapped to com.android.i18n
05-25 03:03:08.960 10591 10591 I AconfigPackage: com.android.appsearch.flags is mapped to com.android.appsearch
05-25 03:03:08.960 10591 10591 I AconfigPackage: android.uprobestats.mainline.flags is mapped to com.android.uprobestats
05-25 03:03:08.961 10591 10591 I AconfigPackage: com.android.crashrecovery.flags is mapped to com.android.crashrecovery
05-25 03:03:08.961 10591 10591 I AconfigPackage: android.provider.flags is mapped to com.android.configinfrastructure
05-25 03:03:08.961 10591 10591 I AconfigPackage: com.android.server.deviceconfig is mapped to com.android.configinfrastructure
05-25 03:03:08.961 10591 10591 I AconfigPackage: com.android.compos.flags is mapped to com.android.compos
05-25 03:03:08.961 10591 10591 I AconfigPackage: com.android.art.flags is mapped to com.android.art
05-25 03:03:08.961 10591 10591 I AconfigPackage: com.android.art.rw.flags is mapped to com.android.art
05-25 03:03:08.961 10591 10591 I AconfigPackage: com.android.libcore is mapped to com.android.art
05-25 03:03:08.961 10591 10591 I AconfigPackage: com.android.telephony.flags is mapped to com.android.telephonycore
05-25 03:03:08.961 10591 10591 I AconfigPackage: com.android.media.extractor.flags is mapped to com.android.media
05-25 03:03:08.961 10591 10591 I AconfigPackage: com.android.media.mainline.flags is mapped to com.android.media
05-25 03:03:08.961 10591 10591 I AconfigPackage: com.android.wifi.flags is mapped to com.android.wifi
05-25 03:03:08.961 10591 10591 I AconfigPackage: com.android.org.conscrypt.flags is mapped to com.android.conscrypt
05-25 03:03:08.961 10591 10591 I AconfigPackage: com.android.org.conscrypt.net.flags is mapped to com.android.conscrypt
05-25 03:03:08.961 10591 10591 I AconfigPackage: com.android.healthfitness.flags is mapped to com.android.healthfitness
05-25 03:03:08.962 10591 10591 I AconfigPackage: com.android.ipsec.flags is mapped to com.android.ipsec
05-25 03:03:08.962 10591 10591 I AconfigPackage: com.android.nfc.module.flags is mapped to com.android.nfcservices
05-25 03:03:08.962   755   906 I HalDevMgr: bestIfaceCreationProposal is null, requestIface=STA, existingIface=[name=wlan0 type=STA]
05-25 03:03:08.962 10591 10591 I AconfigPackage: com.android.adservices.ondevicepersonalization.flags is mapped to com.android.ondevicepersonalization
05-25 03:03:08.962 10591 10591 I AconfigPackage: com.android.adbd.flags is mapped to com.android.adbd
05-25 03:03:08.962 10591 10591 I AconfigPackage: com.android.bluetooth.flags is mapped to com.android.bt
05-25 03:03:08.962 10591 10591 I AconfigPackage: com.android.devicelock.flags is mapped to com.android.devicelock
05-25 03:03:08.962 10591 10591 I AconfigPackage: android.os.profiling is mapped to com.android.profiling
05-25 03:03:08.962 10591 10591 I AconfigPackage: android.os.profiling.anomaly.flags is mapped to com.android.profiling
05-25 03:03:08.962 10591 10591 I AconfigPackage: com.android.os.statsd.flags is mapped to com.android.os.statsd
05-25 03:03:08.962 10591 10591 I AconfigPackage: com.android.rkpd.flags is mapped to com.android.rkpd
05-25 03:03:08.962 10591 10591 I AconfigPackage: com.android.cellbroadcastreceiver.flags is mapped to com.android.cellbroadcast
05-25 03:03:08.962 10591 10591 I AconfigPackage: com.android.adservices.flags is mapped to com.android.adservices
05-25 03:03:08.962 10591 10591 I AconfigPackage: com.android.sdksandbox.flags is mapped to com.android.adservices
05-25 03:03:08.963 10591 10591 I AconfigPackage: com.android.uwb.flags is mapped to com.android.uwb
05-25 03:03:08.963 10591 10591 I AconfigPackage: com.android.ranging.flags is mapped to com.android.uwb
05-25 03:03:08.966 10591 10591 I AconfigPackage: android.graphics.pdf.flags is mapped to com.android.mediaprovider
05-25 03:03:08.966 10591 10591 I AconfigPackage: com.android.providers.media.flags is mapped to com.android.mediaprovider
05-25 03:03:08.966 10591 10591 I AconfigPackage: android.graphics.pdf.flags.readonly is mapped to com.android.mediaprovider
05-25 03:03:08.966 10591 10591 I AconfigPackage: com.android.tethering.mainline.beta is mapped to com.android.tethering
05-25 03:03:08.966 10591 10591 I AconfigPackage: android.net.http is mapped to com.android.tethering
05-25 03:03:08.966 10591 10591 I AconfigPackage: com.android.tethering.readonly.flags is mapped to com.android.tethering
05-25 03:03:08.966 10591 10591 I AconfigPackage: android.net.vcn is mapped to com.android.tethering
05-25 03:03:08.966 10591 10591 I AconfigPackage: com.android.net.flags is mapped to com.android.tethering
05-25 03:03:08.967 10591 10591 I AconfigPackage: com.android.tethering.beta.test is mapped to com.android.tethering
05-25 03:03:08.967 10591 10591 I AconfigPackage: com.android.nearby.flags is mapped to com.android.tethering
05-25 03:03:08.967 10591 10591 I AconfigPackage: com.android.net.ct.flags is mapped to com.android.tethering
05-25 03:03:08.967 10591 10591 I AconfigPackage: com.android.net.thread.flags is mapped to com.android.tethering
05-25 03:03:08.967 10591 10591 I AconfigPackage: com.android.system.virtualmachine.flags is mapped to com.android.virt
05-25 03:03:08.967 10591 10591 E FeatureFlagsImplExport: android.os.flagging.AconfigStorageReadException: ERROR_PACKAGE_NOT_FOUND: package android.xr cannot be found on the device
05-25 03:03:08.968 10591 10591 D UiAutomationConnection: Created on user UserHandle{0}
05-25 03:03:08.968 10591 10591 I UiAutomation: Initialized for user 0 on display 0
05-25 03:03:08.968 10591 10591 W UiAutomation: Created with deprecatead constructor, assumes DEFAULT_DISPLAY
05-25 03:03:08.969   755  3184 D AccessibilityManagerService: changeCurrentUserForTestAutomationIfNeededLocked(0): ignoring because device doesn't support visible background users
05-25 03:03:08.969   755  3184 I UiAutomationManager: Registering UiTestAutomationService (id=com.android.server.accessibility/UiAutomation, flags=0x0) when called by user 0
05-25 03:03:08.969   755  3184 V AccessibilityManagerService: onUserStateChangedLocked for userId: 0, forceUpdate: false
05-25 03:03:08.972   755  3184 V AccessibilityUserState: updateShortcutTargets: type:accessibility_shortcut_target_service, current:{}, new:{}
05-25 03:03:08.972   755  3184 V AccessibilityUserState: updateShortcutTargets: type:accessibility_button_targets, current:{}, new:{}
05-25 03:03:08.972   755  3184 V AccessibilityUserState: updateShortcutTargets: type:accessibility_gesture_targets, current:{}, new:{}
05-25 03:03:08.972   755  3184 V AccessibilityUserState: updateShortcutTargets: type:accessibility_qs_targets, current:{}, new:{}
05-25 03:03:08.972   755  3184 V AccessibilityUserState: updateShortcutTargets: type:accessibility_key_gesture_targets, current:{}, new:{}
05-25 03:03:08.972   755  3184 W MagnificationConnectionManager: requestConnection duplicated request: connect=false, mConnectionState=DISCONNECTED
05-25 03:03:08.972  1546  3179 I AiAiEcho: Settings changed for uri: content://settings/secure/accessibility_enabled
05-25 03:03:08.972  1546  1927 I AiAiEcho: Predicting[0]:  [CONTEXT sampling_count=5 ]
05-25 03:03:08.973  1546  1927 I AiAiEcho: EchoTargets: 
05-25 03:03:08.973  1546  1927 I AiAiEcho: Filtered by AiAi flag check: 
05-25 03:03:08.973  1546  1927 I AiAiEcho: [CONTEXT ratelimit_period="10 SECONDS" ]
05-25 03:03:08.973  1546  1927 I AiAiEcho: #remoteViewsTwiddler: feature disabled.
05-25 03:03:08.973  1546  1927 I AiAiEcho: Predicting[0]:  [CONTEXT sampling_count=5 ]
05-25 03:03:08.973  1546  1927 I AiAiEcho: EchoTargets: 
05-25 03:03:08.973  1546  1927 I AiAiEcho: Filtered by AiAi flag check: 
05-25 03:03:08.973  1546  1927 I AiAiEcho: [CONTEXT ratelimit_period="10 SECONDS" ]
05-25 03:03:08.973  1546  1927 I AiAiEcho: #remoteViewsTwiddler: feature disabled.
05-25 03:03:08.973  1546  1927 I AiAiEcho: #postPredictionTargets: Sending updates to UISurface lockscreen with targets# 0 (types=[])
05-25 03:03:08.973  1546  1927 I AiAiEcho: #postPredictionTargets: Sending updates to UISurface home with targets# 0 (types=[])
05-25 03:03:08.973   755   755 W libbinder.IPCThreadState: Sending oneway calls to frozen process.
05-25 03:03:08.973   755   755 W libbinder.IPCThreadState: Sending oneway calls to frozen process.
05-25 03:03:08.973   755   755 W libbinder.IPCThreadState: Sending oneway calls to frozen process.
05-25 03:03:08.973   755   755 W libbinder.IPCThreadState: Sending oneway calls to frozen process.
05-25 03:03:08.974  1012  1012 W SsPagerDots: Total number of pages invalid: 0. Assuming 1 page.
05-25 03:03:08.974   755   755 W libbinder.IPCThreadState: Sending oneway calls to frozen process.
05-25 03:03:08.974   755   755 W libbinder.IPCThreadState: Sending oneway calls to frozen process.
05-25 03:03:08.974   755   755 W libbinder.IPCThreadState: Sending oneway calls to frozen process.
05-25 03:03:08.975   755   755 W libbinder.IPCThreadState: Sending oneway calls to frozen process.
05-25 03:03:08.975   755   755 W libbinder.IPCThreadState: Sending oneway calls to frozen process.
05-25 03:03:08.975   755   755 W libbinder.IPCThreadState: Sending oneway calls to frozen process.
05-25 03:03:08.975   755   755 W libbinder.IPCThreadState: Sending oneway calls to frozen process.
05-25 03:03:08.975   755   755 W libbinder.IPCThreadState: Sending oneway calls to frozen process.
05-25 03:03:08.975   755   755 W libbinder.IPCThreadState: Sending oneway calls to frozen process.
05-25 03:03:08.975   755   755 W libbinder.IPCThreadState: Sending oneway calls to frozen process.
05-25 03:03:08.975   755   755 W libbinder.IPCThreadState: Sending oneway calls to frozen process.
05-25 03:03:08.976   755   755 W libbinder.IPCThreadState: Sending oneway calls to frozen process.
05-25 03:03:08.976   755  1923 V AccessibilityManagerService: onUserStateChangedLocked for userId: 0, forceUpdate: false
05-25 03:03:08.977  1546  3179 I AiAiEcho: Settings changed for uri: content://settings/secure/accessibility_enabled
05-25 03:03:08.977   755  1923 V AccessibilityUserState: updateShortcutTargets: type:accessibility_shortcut_target_service, current:{}, new:{}
05-25 03:03:08.977   755  1923 V AccessibilityUserState: updateShortcutTargets: type:accessibility_button_targets, current:{}, new:{}
05-25 03:03:08.977   755  1923 V AccessibilityUserState: updateShortcutTargets: type:accessibility_gesture_targets, current:{}, new:{}
05-25 03:03:08.977   755  1923 V AccessibilityUserState: updateShortcutTargets: type:accessibility_qs_targets, current:{}, new:{}
05-25 03:03:08.977   755  1923 V AccessibilityUserState: updateShortcutTargets: type:accessibility_key_gesture_targets, current:{}, new:{}
05-25 03:03:08.977   755  1923 W MagnificationConnectionManager: requestConnection duplicated request: connect=false, mConnectionState=DISCONNECTED
05-25 03:03:08.977  1546  1927 I AiAiEcho: Predicting[0]:  [CONTEXT sampling_count=5 ]
05-25 03:03:08.977  1546  1927 I AiAiEcho: EchoTargets: 
05-25 03:03:08.977  1546  1927 I AiAiEcho: Filtered by AiAi flag check: 
05-25 03:03:08.977  1546  1927 I AiAiEcho: [CONTEXT ratelimit_period="10 SECONDS" ]
05-25 03:03:08.977  1546  1927 I AiAiEcho: #remoteViewsTwiddler: feature disabled.
05-25 03:03:08.977  1546  1927 I AiAiEcho: Predicting[0]:  [CONTEXT sampling_count=5 ]
05-25 03:03:08.977  1546  1927 I AiAiEcho: EchoTargets: 
05-25 03:03:08.977  1546  1927 I AiAiEcho: Filtered by AiAi flag check: 
05-25 03:03:08.977  1546  1927 I AiAiEcho: [CONTEXT ratelimit_period="10 SECONDS" ]
05-25 03:03:08.977  1546  1927 I AiAiEcho: #remoteViewsTwiddler: feature disabled.
05-25 03:03:08.977  1546  1927 I AiAiEcho: #postPredictionTargets: Sending updates to UISurface lockscreen with targets# 0 (types=[])
05-25 03:03:08.977  1546  1927 I AiAiEcho: #postPredictionTargets: Sending updates to UISurface home with targets# 0 (types=[])
05-25 03:03:08.978   755   755 W libbinder.IPCThreadState: Sending oneway calls to frozen process.
05-25 03:03:08.978   755   755 W libbinder.IPCThreadState: Sending oneway calls to frozen process.
05-25 03:03:08.978   755   755 W libbinder.IPCThreadState: Sending oneway calls to frozen process.
05-25 03:03:08.978   755   755 W libbinder.IPCThreadState: Sending oneway calls to frozen process.
05-25 03:03:08.978   755   755 W libbinder.IPCThreadState: Sending oneway calls to frozen process.
05-25 03:03:08.978   755   755 W libbinder.IPCThreadState: Sending oneway calls to frozen process.
05-25 03:03:08.981   755   755 W libbinder.IPCThreadState: Sending oneway calls to frozen process.
05-25 03:03:08.981   755   755 W libbinder.IPCThreadState: Sending oneway calls to frozen process.
05-25 03:03:08.981   755   755 W libbinder.IPCThreadState: Sending oneway calls to frozen process.
05-25 03:03:08.981   755   755 W libbinder.IPCThreadState: Sending oneway calls to frozen process.
05-25 03:03:08.982   755   755 W libbinder.IPCThreadState: Sending oneway calls to frozen process.
05-25 03:03:08.982   755   755 W libbinder.IPCThreadState: Sending oneway calls to frozen process.
05-25 03:03:08.982   755   755 W libbinder.IPCThreadState: Sending oneway calls to frozen process.
05-25 03:03:08.982   755   755 W libbinder.IPCThreadState: Sending oneway calls to frozen process.
05-25 03:03:08.982   755   755 W libbinder.IPCThreadState: Sending oneway calls to frozen process.
05-25 03:03:08.982   755   755 W libbinder.IPCThreadState: Sending oneway calls to frozen process.
05-25 03:03:08.982   755   755 W libbinder.IPCThreadState: Sending oneway calls to frozen process.
05-25 03:03:08.982   755   755 W libbinder.IPCThreadState: Sending oneway calls to frozen process.
05-25 03:03:08.982   755   755 W libbinder.IPCThreadState: Sending oneway calls to frozen process.
05-25 03:03:08.982   755   755 W libbinder.IPCThreadState: Sending oneway calls to frozen process.
05-25 03:03:08.982   755   755 W libbinder.IPCThreadState: Sending oneway calls to frozen process.
05-25 03:03:08.982   755   755 W libbinder.IPCThreadState: Sending oneway calls to frozen process.
05-25 03:03:08.983   755   755 W libbinder.IPCThreadState: Sending oneway calls to frozen process.
05-25 03:03:08.983   755   755 W libbinder.IPCThreadState: Sending oneway calls to frozen process.
05-25 03:03:08.983   755   755 D BatterySaverPolicy: accessibility changed to true, updating policy.
05-25 03:03:08.984  1012  1012 W SsPagerDots: Total number of pages invalid: 0. Assuming 1 page.
05-25 03:03:08.984   755  1185 D AccessibilityManagerService: .getAccessibilityShortcutTargets {shortcutType=32, userId=0}
05-25 03:03:09.998 10591 10591 W AccessibilityNodeInfoDumper: Fetch time: 2ms
05-25 03:03:10.001   755  1185 V AccessibilityManagerService: onUserStateChangedLocked for userId: 0, forceUpdate: false
05-25 03:03:10.002   755  1185 V AccessibilityUserState: updateShortcutTargets: type:accessibility_shortcut_target_service, current:{}, new:{}
05-25 03:03:10.002   755  1185 V AccessibilityUserState: updateShortcutTargets: type:accessibility_button_targets, current:{}, new:{}
05-25 03:03:10.002   755  1185 V AccessibilityUserState: updateShortcutTargets: type:accessibility_gesture_targets, current:{}, new:{}
05-25 03:03:10.002   755  1185 V AccessibilityUserState: updateShortcutTargets: type:accessibility_qs_targets, current:{}, new:{}
05-25 03:03:10.002   755  1185 V AccessibilityUserState: updateShortcutTargets: type:accessibility_key_gesture_targets, current:{}, new:{}
05-25 03:03:10.002   755  1185 W MagnificationConnectionManager: requestConnection duplicated request: connect=false, mConnectionState=DISCONNECTED
05-25 03:03:10.002   755  1185 D AccessibilityManagerService: restoreCurrentUserForTestAutomationIfNeededLocked(): ignoring because device doesn't support visible background users
05-25 03:03:10.002   755   755 W libbinder.IPCThreadState: Sending oneway calls to frozen process.
05-25 03:03:10.002   755   755 W libbinder.IPCThreadState: Sending oneway calls to frozen process.
05-25 03:03:10.002   755   755 W libbinder.IPCThreadState: Sending oneway calls to frozen process.
05-25 03:03:10.002   755   755 W libbinder.IPCThreadState: Sending oneway calls to frozen process.
05-25 03:03:10.002   755   755 W libbinder.IPCThreadState: Sending oneway calls to frozen process.
05-25 03:03:10.003   755   755 W libbinder.IPCThreadState: Sending oneway calls to frozen process.
05-25 03:03:10.003  1546  3179 I AiAiEcho: Settings changed for uri: content://settings/secure/accessibility_enabled
05-25 03:03:10.003   755   755 W libbinder.IPCThreadState: Sending oneway calls to frozen process.
05-25 03:03:10.003   755   755 W libbinder.IPCThreadState: Sending oneway calls to frozen process.
05-25 03:03:10.004   755   755 W libbinder.IPCThreadState: Sending oneway calls to frozen process.
05-25 03:03:10.004   755   755 W libbinder.IPCThreadState: Sending oneway calls to frozen process.
05-25 03:03:10.004   755   755 W libbinder.IPCThreadState: Sending oneway calls to frozen process.
05-25 03:03:10.004   755   755 W libbinder.IPCThreadState: Sending oneway calls to frozen process.
05-25 03:03:10.004   755   755 W libbinder.IPCThreadState: Sending oneway calls to frozen process.
05-25 03:03:10.004   755   755 W libbinder.IPCThreadState: Sending oneway calls to frozen process.
05-25 03:03:10.004 10591 10599 W libbinder.IPCThreadState: call to talkWithDriver in joinThreadPool returned error: -9 (Bad file descriptor), FD: -1
05-25 03:03:10.004 10591 10591 D AndroidRuntime: Shutting down VM
05-25 03:03:10.004   755   755 W libbinder.IPCThreadState: Sending oneway calls to frozen process.
05-25 03:03:10.004   755   755 W libbinder.IPCThreadState: Sending oneway calls to frozen process.
05-25 03:03:10.004   755   755 W libbinder.IPCThreadState: Sending oneway calls to frozen process.
05-25 03:03:10.004   755   755 W libbinder.IPCThreadState: Sending oneway calls to frozen process.
05-25 03:03:10.004   755   755 W libbinder.IPCThreadState: Sending oneway calls to frozen process.
05-25 03:03:10.004   755   755 W libbinder.IPCThreadState: Sending oneway calls to frozen process.
05-25 03:03:10.004   755   755 W libbinder.IPCThreadState: Sending oneway calls to frozen process.
05-25 03:03:10.004   755   755 W libbinder.IPCThreadState: Sending oneway calls to frozen process.
05-25 03:03:10.004 10591 10600 W libbinder.IPCThreadState: call to talkWithDriver in joinThreadPool returned error: -9 (Bad file descriptor), FD: -1
05-25 03:03:10.005  1546  1927 I AiAiEcho: Predicting[0]:  [CONTEXT sampling_count=5 ]
05-25 03:03:10.005  1546  1927 I AiAiEcho: EchoTargets: 
05-25 03:03:10.005  1546  1927 I AiAiEcho: Filtered by AiAi flag check: 
05-25 03:03:10.005  1546  1927 I AiAiEcho: [CONTEXT ratelimit_period="10 SECONDS" ]
05-25 03:03:10.005 10591 10603 W libbinder.IPCThreadState: call to talkWithDriver in joinThreadPool returned error: -9 (Bad file descriptor), FD: -1
05-25 03:03:10.005  1546  1927 I AiAiEcho: #remoteViewsTwiddler: feature disabled.
05-25 03:03:10.005  1546  1927 I AiAiEcho: Predicting[0]:  [CONTEXT sampling_count=5 ]
05-25 03:03:10.005  1546  1927 I AiAiEcho: EchoTargets: 
05-25 03:03:10.005  1546  1927 I AiAiEcho: Filtered by AiAi flag check: 
05-25 03:03:10.005  1546  1927 I AiAiEcho: [CONTEXT ratelimit_period="10 SECONDS" ]
05-25 03:03:10.006   755   755 W libbinder.IPCThreadState: Sending oneway calls to frozen process.
05-25 03:03:10.006   755   755 W libbinder.IPCThreadState: Sending oneway calls to frozen process.
05-25 03:03:10.006   755   755 D BatterySaverPolicy: accessibility changed to false, updating policy.
05-25 03:03:10.007  1546  1927 I AiAiEcho: #remoteViewsTwiddler: feature disabled.
05-25 03:03:10.007  1546  1927 I AiAiEcho: #postPredictionTargets: Sending updates to UISurface lockscreen with targets# 0 (types=[])
05-25 03:03:10.007  1546  1927 I AiAiEcho: #postPredictionTargets: Sending updates to UISurface home with targets# 0 (types=[])
05-25 03:03:10.009  1012  1012 W SsPagerDots: Total number of pages invalid: 0. Assuming 1 page.
05-25 03:03:11.967   755   906 I HalDevMgr: bestIfaceCreationProposal is null, requestIface=STA, existingIface=[name=wlan0 type=STA]
05-25 03:03:13.144   755   916 D InetDiagMessage: Destroyed 0 sockets, proto=IPPROTO_TCP, family=AF_INET, states=14
05-25 03:03:13.144   755   916 D InetDiagMessage: Destroyed 0 sockets, proto=IPPROTO_TCP, family=AF_INET6, states=14
05-25 03:03:13.144   755   916 D InetDiagMessage: Destroyed live tcp sockets for uids={10202} in 1ms
05-25 03:03:13.145   755   916 D InetDiagMessage: Destroyed 0 sockets, proto=IPPROTO_TCP, family=AF_INET, states=14
05-25 03:03:13.145   755   916 D InetDiagMessage: Destroyed 0 sockets, proto=IPPROTO_TCP, family=AF_INET6, states=14
05-25 03:03:13.145   755   916 D InetDiagMessage: Destroyed live tcp sockets for uids={20202} in 1ms
05-25 03:03:13.877  1139  1263 D SatelliteController: iisInCarrierRoamingNbIotNtn: satellite is disabled
05-25 03:03:13.877  1139  1263 D SatelliteController: getCarrierRoamingNtnConnectType: Falling back to global carrier config connect type: 0
05-25 03:03:13.877   755  1923 W libbinder.IPCThreadState: Sending oneway calls to frozen process.
05-25 03:03:14.973   755   906 I HalDevMgr: bestIfaceCreationProposal is null, requestIface=STA, existingIface=[name=wlan0 type=STA]
05-25 03:03:16.887   755   785 W libbinder.IPCThreadState: Sending oneway calls to frozen process.
05-25 03:03:16.887   755   785 W libbinder.IPCThreadState: Sending oneway calls to frozen process.
05-25 03:03:17.914   755   785 W libbinder.IPCThreadState: Sending oneway calls to frozen process.
05-25 03:03:17.977   755   906 I HalDevMgr: bestIfaceCreationProposal is null, requestIface=STA, existingIface=[name=wlan0 type=STA]
05-25 03:03:18.158  1484 10605 I GmscoreIpa: Starting mediastore instant index [CONTEXT service_id=255 ]
05-25 03:03:18.979   755   785 W libbinder.IPCThreadState: Sending oneway calls to frozen process.
05-25 03:03:18.979   755   785 W libbinder.IPCThreadState: Sending oneway calls to frozen process.
05-25 03:03:20.008   755   785 W libbinder.IPCThreadState: Sending oneway calls to frozen process.
