05-25 03:13:53.016  1529  1727 D WM-GreedyScheduler: Ignoring {WorkSpec: a7b8fc44-3a39-43d5-96b8-cef5bb529d35}. Requires device idle.
05-25 03:13:53.016  1529  1727 D WM-GreedyScheduler: Starting work for 5df6ec40-df0f-4744-b5f8-e529331eb22c
05-25 03:13:53.017  1529  1727 D WM-Processor: Processor: processing WorkGenerationalId(workSpecId=5df6ec40-df0f-4744-b5f8-e529331eb22c, generation=0)
05-25 03:13:53.017  1529  1727 D WM-Processor: Work WorkGenerationalId(workSpecId=5df6ec40-df0f-4744-b5f8-e529331eb22c, generation=0) is already enqueued for processing
05-25 03:13:53.018  1529  1529 D WM-WorkerWrapper: Starting work for com.android.providers.media.MediaServiceV2
05-25 03:13:53.020  1529 11814 I MediaServiceV2: Work initiated for action [ android.intent.action.MEDIA_SCANNER_SCAN_FILE ]
05-25 03:13:53.030  1529 11814 I MediaServiceV2: Work ended for action [ android.intent.action.MEDIA_SCANNER_SCAN_FILE ]
05-25 03:13:53.032  1529  1727 I WM-WorkerWrapper: Worker result SUCCESS for Work [ id=5df6ec40-df0f-4744-b5f8-e529331eb22c, tags={ com.android.providers.media.MediaServiceV2 } ]
05-25 03:13:53.033  1529  1529 D WM-Processor: Processor 5df6ec40-df0f-4744-b5f8-e529331eb22c executed; reschedule = false
05-25 03:13:53.033  1529  1529 D WM-SystemJobService: 5df6ec40-df0f-4744-b5f8-e529331eb22c executed on JobScheduler
05-25 03:13:53.036  1529  1727 D WM-SystemJobScheduler: Scheduling work ID 7a915809-95ec-46e5-af25-9ad75a882665Job ID 766
05-25 03:13:53.037  1529  1727 D WM-GreedyScheduler: Ignoring {WorkSpec: fce74054-5d75-49ac-b1fb-61b1c63b64d1}. Requires device idle.
05-25 03:13:53.037  1529  1727 D WM-GreedyScheduler: Ignoring {WorkSpec: 748d3965-3023-45a6-9a32-baafa7d90ebf}. Requires device idle.
05-25 03:13:53.037  1529  1727 D WM-GreedyScheduler: Ignoring {WorkSpec: bbc248da-5aec-4565-83d8-ed90ba3a683c}. Requires device idle.
05-25 03:13:53.037  1529  1727 D WM-GreedyScheduler: Ignoring {WorkSpec: a7b8fc44-3a39-43d5-96b8-cef5bb529d35}. Requires device idle.
05-25 03:13:53.038  1529  1727 D WM-GreedyScheduler: Cancelling work ID 5df6ec40-df0f-4744-b5f8-e529331eb22c
05-25 03:13:53.038  1529  1727 D WM-GreedyScheduler: Ignoring {WorkSpec: fce74054-5d75-49ac-b1fb-61b1c63b64d1}. Requires device idle.
05-25 03:13:53.038  1529  1727 D WM-GreedyScheduler: Ignoring {WorkSpec: 748d3965-3023-45a6-9a32-baafa7d90ebf}. Requires device idle.
05-25 03:13:53.038  1529  1727 D WM-GreedyScheduler: Ignoring {WorkSpec: bbc248da-5aec-4565-83d8-ed90ba3a683c}. Requires device idle.
05-25 03:13:53.038  1529  1727 D WM-GreedyScheduler: Ignoring {WorkSpec: a7b8fc44-3a39-43d5-96b8-cef5bb529d35}. Requires device idle.
05-25 03:13:53.156 11818 11818 D AndroidRuntime: >>>>>> START com.android.internal.os.RuntimeInit uid 2000 <<<<<<
05-25 03:13:53.159 11818 11818 I AndroidRuntime: Using default boot image
05-25 03:13:53.159 11818 11818 I AndroidRuntime: Leaving lock profiling enabled
05-25 03:13:53.161 11818 11818 I app_process: Using CollectorTypeCMC GC.
05-25 03:13:53.192   755   785 W libbinder.IPCThreadState: Sending oneway calls to frozen process.
05-25 03:13:53.233 11818 11818 D nativeloader: InitDefaultPublicLibraries for_preload=1: libandroid.so:libaaudio.so:libamidi.so:libbinder_ndk.so:libc.so:libcamera2ndk.so:libdl.so:libEGL.so:libGLESv1_CM.so:libGLESv2.so:libGLESv3.so:libicu.so:libicui18n.so:libicuuc.so:libjnigraphics.so:liblog.so:libmediandk.so:libm.so:libnativehelper.so:libnativewindow.so:libOpenMAXAL.so:libOpenSLES.so:libRS.so:libstdc++.so:libsync.so:libvulkan.so:libwebviewchromium_plat_support.so:libz.so
05-25 03:13:53.239 11818 11818 D nativeloader: Load libicu_jni.so using APEX ns com_android_art for caller /apex/com.android.art/javalib/core-oj.jar: ok
05-25 03:13:53.239 11818 11818 D app_process: u_setTimeZoneFilesDirectory("/apex/com.android.tzdata/etc/tz/versioned/9/icu") succeeded. 
05-25 03:13:53.239 11818 11818 D app_process: I18n APEX ICU file found: /apex/com.android.i18n/etc/icu/icudt76l.dat
05-25 03:13:53.239 11818 11818 D nativeloader: Load libjavacore.so using APEX ns com_android_art for caller /apex/com.android.art/javalib/core-oj.jar: ok
05-25 03:13:53.240 11818 11818 D nativeloader: Load libopenjdk.so using APEX ns com_android_art for caller /apex/com.android.art/javalib/core-oj.jar: ok
05-25 03:13:53.240 11818 11818 I app_process: Priority-to-niceness mapping: 19, 16, 13, 10, 0, -2, -4, -5, -6, -8
05-25 03:13:53.241 11818 11818 W app_process: Unexpected CPU variant for x86: x86_64.
05-25 03:13:53.241 11818 11818 W app_process: Known variants: atom, sandybridge, silvermont, goldmont, goldmont-plus, goldmont-without-sha-xsaves, tremont, kabylake, alderlake, default
05-25 03:13:53.241 11818 11818 W app_process: ClassLoaderContext shared library size mismatch. Expected=2, found=0 (PCL[]{PCL[/system/framework/android.test.base.jar*1653369819]#PCL[/system/framework/android.test.mock.jar*1009639922]} | PCL[])
05-25 03:13:53.242 11818 11818 W app_process: ClassLoaderContext classpath size mismatch. expected=0, found=1 (PCL[]{PCL[/system/framework/android.test.runner.jar*3954641918]{PCL[/system/framework/android.test.base.jar*1653369819]#PCL[/system/framework/android.test.mock.jar*1009639922]}#PCL[/system/framework/android.test.base.jar*1653369819]} | PCL[/system/framework/android.test.runner.jar*3954641918])
05-25 03:13:53.261 11818 11818 D nativeloader: Load libframework-connectivity-tiramisu-jni.so using APEX ns com_android_tethering for caller /apex/com.android.tethering/javalib/framework-connectivity-t.jar: ok
05-25 03:13:53.262 11818 11818 D AndroidRuntime: Calling main entry com.android.commands.uiautomator.Launcher
05-25 03:13:53.266 11818 11818 I AconfigPackage: android.media.swcodec.flags is mapped to com.android.media.swcodec
05-25 03:13:53.267 11818 11818 I AconfigPackage: com.android.permission.flags is mapped to com.android.permission
05-25 03:13:53.267 11818 11818 I AconfigPackage: com.android.permissioncontroller.flags is mapped to com.android.permission
05-25 03:13:53.267 11818 11818 I AconfigPackage: com.android.icu is mapped to com.android.i18n
05-25 03:13:53.267 11818 11818 I AconfigPackage: com.android.appsearch.flags is mapped to com.android.appsearch
05-25 03:13:53.267 11818 11818 I AconfigPackage: android.uprobestats.mainline.flags is mapped to com.android.uprobestats
05-25 03:13:53.268 11818 11818 I AconfigPackage: com.android.crashrecovery.flags is mapped to com.android.crashrecovery
05-25 03:13:53.268 11818 11818 I AconfigPackage: android.provider.flags is mapped to com.android.configinfrastructure
05-25 03:13:53.268 11818 11818 I AconfigPackage: com.android.server.deviceconfig is mapped to com.android.configinfrastructure
05-25 03:13:53.268 11818 11818 I AconfigPackage: com.android.compos.flags is mapped to com.android.compos
05-25 03:13:53.268 11818 11818 I AconfigPackage: com.android.art.flags is mapped to com.android.art
05-25 03:13:53.268 11818 11818 I AconfigPackage: com.android.art.rw.flags is mapped to com.android.art
05-25 03:13:53.268 11818 11818 I AconfigPackage: com.android.libcore is mapped to com.android.art
05-25 03:13:53.268 11818 11818 I AconfigPackage: com.android.telephony.flags is mapped to com.android.telephonycore
05-25 03:13:53.268 11818 11818 I AconfigPackage: com.android.media.extractor.flags is mapped to com.android.media
05-25 03:13:53.269 11818 11818 I AconfigPackage: com.android.media.mainline.flags is mapped to com.android.media
05-25 03:13:53.269 11818 11818 I AconfigPackage: com.android.wifi.flags is mapped to com.android.wifi
05-25 03:13:53.269 11818 11818 I AconfigPackage: com.android.org.conscrypt.flags is mapped to com.android.conscrypt
05-25 03:13:53.269 11818 11818 I AconfigPackage: com.android.org.conscrypt.net.flags is mapped to com.android.conscrypt
05-25 03:13:53.269 11818 11818 I AconfigPackage: com.android.healthfitness.flags is mapped to com.android.healthfitness
05-25 03:13:53.269 11818 11818 I AconfigPackage: com.android.ipsec.flags is mapped to com.android.ipsec
05-25 03:13:53.269 11818 11818 I AconfigPackage: com.android.nfc.module.flags is mapped to com.android.nfcservices
05-25 03:13:53.269 11818 11818 I AconfigPackage: com.android.adservices.ondevicepersonalization.flags is mapped to com.android.ondevicepersonalization
05-25 03:13:53.269 11818 11818 I AconfigPackage: com.android.adbd.flags is mapped to com.android.adbd
05-25 03:13:53.269 11818 11818 I AconfigPackage: com.android.bluetooth.flags is mapped to com.android.bt
05-25 03:13:53.269 11818 11818 I AconfigPackage: com.android.devicelock.flags is mapped to com.android.devicelock
05-25 03:13:53.269 11818 11818 I AconfigPackage: android.os.profiling is mapped to com.android.profiling
05-25 03:13:53.269 11818 11818 I AconfigPackage: android.os.profiling.anomaly.flags is mapped to com.android.profiling
05-25 03:13:53.269 11818 11818 I AconfigPackage: com.android.os.statsd.flags is mapped to com.android.os.statsd
05-25 03:13:53.269 11818 11818 I AconfigPackage: com.android.rkpd.flags is mapped to com.android.rkpd
05-25 03:13:53.269 11818 11818 I AconfigPackage: com.android.cellbroadcastreceiver.flags is mapped to com.android.cellbroadcast
05-25 03:13:53.269 11818 11818 I AconfigPackage: com.android.adservices.flags is mapped to com.android.adservices
05-25 03:13:53.269 11818 11818 I AconfigPackage: com.android.sdksandbox.flags is mapped to com.android.adservices
05-25 03:13:53.270 11818 11818 I AconfigPackage: com.android.uwb.flags is mapped to com.android.uwb
05-25 03:13:53.270 11818 11818 I AconfigPackage: com.android.ranging.flags is mapped to com.android.uwb
05-25 03:13:53.270 11818 11818 I AconfigPackage: android.graphics.pdf.flags is mapped to com.android.mediaprovider
05-25 03:13:53.270 11818 11818 I AconfigPackage: com.android.providers.media.flags is mapped to com.android.mediaprovider
05-25 03:13:53.270 11818 11818 I AconfigPackage: android.graphics.pdf.flags.readonly is mapped to com.android.mediaprovider
05-25 03:13:53.270 11818 11818 I AconfigPackage: com.android.tethering.mainline.beta is mapped to com.android.tethering
05-25 03:13:53.270 11818 11818 I AconfigPackage: android.net.http is mapped to com.android.tethering
05-25 03:13:53.270 11818 11818 I AconfigPackage: com.android.tethering.readonly.flags is mapped to com.android.tethering
05-25 03:13:53.270 11818 11818 I AconfigPackage: android.net.vcn is mapped to com.android.tethering
05-25 03:13:53.270 11818 11818 I AconfigPackage: com.android.net.flags is mapped to com.android.tethering
05-25 03:13:53.270 11818 11818 I AconfigPackage: com.android.tethering.beta.test is mapped to com.android.tethering
05-25 03:13:53.270 11818 11818 I AconfigPackage: com.android.nearby.flags is mapped to com.android.tethering
05-25 03:13:53.270 11818 11818 I AconfigPackage: com.android.net.ct.flags is mapped to com.android.tethering
05-25 03:13:53.270 11818 11818 I AconfigPackage: com.android.net.thread.flags is mapped to com.android.tethering
05-25 03:13:53.270 11818 11818 I AconfigPackage: com.android.system.virtualmachine.flags is mapped to com.android.virt
05-25 03:13:53.270 11818 11818 E FeatureFlagsImplExport: android.os.flagging.AconfigStorageReadException: ERROR_PACKAGE_NOT_FOUND: package android.xr cannot be found on the device
05-25 03:13:53.270 11818 11818 D UiAutomationConnection: Created on user UserHandle{0}
05-25 03:13:53.271 11818 11818 I UiAutomation: Initialized for user 0 on display 0
05-25 03:13:53.271 11818 11818 W UiAutomation: Created with deprecatead constructor, assumes DEFAULT_DISPLAY
05-25 03:13:53.271   755  1052 D AccessibilityManagerService: changeCurrentUserForTestAutomationIfNeededLocked(0): ignoring because device doesn't support visible background users
05-25 03:13:53.271   755  1052 I UiAutomationManager: Registering UiTestAutomationService (id=com.android.server.accessibility/UiAutomation, flags=0x0) when called by user 0
05-25 03:13:53.271   755  1052 V AccessibilityManagerService: onUserStateChangedLocked for userId: 0, forceUpdate: false
05-25 03:13:53.272   755  1052 V AccessibilityUserState: updateShortcutTargets: type:accessibility_shortcut_target_service, current:{}, new:{}
05-25 03:13:53.272   755  1052 V AccessibilityUserState: updateShortcutTargets: type:accessibility_button_targets, current:{}, new:{}
05-25 03:13:53.272   755  1052 V AccessibilityUserState: updateShortcutTargets: type:accessibility_gesture_targets, current:{}, new:{}
05-25 03:13:53.272   755  1052 V AccessibilityUserState: updateShortcutTargets: type:accessibility_qs_targets, current:{}, new:{}
05-25 03:13:53.272   755  1052 V AccessibilityUserState: updateShortcutTargets: type:accessibility_key_gesture_targets, current:{}, new:{}
05-25 03:13:53.272   755  1052 W MagnificationConnectionManager: requestConnection duplicated request: connect=false, mConnectionState=DISCONNECTED
05-25 03:13:53.272  1546  3179 I AiAiEcho: Settings changed for uri: content://settings/secure/accessibility_enabled
05-25 03:13:53.273  1546  1927 I AiAiEcho: Predicting[0]:  [CONTEXT sampling_count=5 ]
05-25 03:13:53.273  1546  1927 I AiAiEcho: EchoTargets: 
05-25 03:13:53.273  1546  1927 I AiAiEcho: Filtered by AiAi flag check: 
05-25 03:13:53.273  1546  1927 I AiAiEcho: [CONTEXT ratelimit_period="10 SECONDS" ]
05-25 03:13:53.273  1546  1927 I AiAiEcho: #remoteViewsTwiddler: feature disabled.
05-25 03:13:53.273   755   755 W libbinder.IPCThreadState: Sending oneway calls to frozen process.
05-25 03:13:53.273   755   755 W libbinder.IPCThreadState: Sending oneway calls to frozen process.
05-25 03:13:53.273   755   755 W libbinder.IPCThreadState: Sending oneway calls to frozen process.
05-25 03:13:53.273  1546  1927 I AiAiEcho: Predicting[0]:  [CONTEXT sampling_count=5 ]
05-25 03:13:53.273   755   755 W libbinder.IPCThreadState: Sending oneway calls to frozen process.
05-25 03:13:53.273  1546  1927 I AiAiEcho: EchoTargets: 
05-25 03:13:53.273  1546  1927 I AiAiEcho: Filtered by AiAi flag check: 
05-25 03:13:53.273  1546  1927 I AiAiEcho: [CONTEXT ratelimit_period="10 SECONDS" ]
05-25 03:13:53.273   755   755 W libbinder.IPCThreadState: Sending oneway calls to frozen process.
05-25 03:13:53.273   755   755 W libbinder.IPCThreadState: Sending oneway calls to frozen process.
05-25 03:13:53.273  1546  1927 I AiAiEcho: #remoteViewsTwiddler: feature disabled.
05-25 03:13:53.273  1546  1927 I AiAiEcho: #postPredictionTargets: Sending updates to UISurface lockscreen with targets# 0 (types=[])
05-25 03:13:53.274  1546  1927 I AiAiEcho: #postPredictionTargets: Sending updates to UISurface home with targets# 0 (types=[])
05-25 03:13:53.274  1012  1012 W SsPagerDots: Total number of pages invalid: 0. Assuming 1 page.
05-25 03:13:53.274   755   755 W libbinder.IPCThreadState: Sending oneway calls to frozen process.
05-25 03:13:53.274   755   755 W libbinder.IPCThreadState: Sending oneway calls to frozen process.
05-25 03:13:53.274   755   755 W libbinder.IPCThreadState: Sending oneway calls to frozen process.
05-25 03:13:53.274   755   755 W libbinder.IPCThreadState: Sending oneway calls to frozen process.
05-25 03:13:53.274   755   755 W libbinder.IPCThreadState: Sending oneway calls to frozen process.
05-25 03:13:53.274   755   755 W libbinder.IPCThreadState: Sending oneway calls to frozen process.
05-25 03:13:53.274   755   755 W libbinder.IPCThreadState: Sending oneway calls to frozen process.
05-25 03:13:53.276   755   755 W libbinder.IPCThreadState: Sending oneway calls to frozen process.
05-25 03:13:53.277   755   755 W libbinder.IPCThreadState: Sending oneway calls to frozen process.
05-25 03:13:53.277   755   755 W libbinder.IPCThreadState: Sending oneway calls to frozen process.
05-25 03:13:53.277   755   755 W libbinder.IPCThreadState: Sending oneway calls to frozen process.
05-25 03:13:53.277   755   755 W libbinder.IPCThreadState: Sending oneway calls to frozen process.
05-25 03:13:53.277   755   755 W libbinder.IPCThreadState: Sending oneway calls to frozen process.
05-25 03:13:53.277   755   755 W libbinder.IPCThreadState: Sending oneway calls to frozen process.
05-25 03:13:53.277   755  1188 V AccessibilityManagerService: onUserStateChangedLocked for userId: 0, forceUpdate: false
05-25 03:13:53.278   755   755 W libbinder.IPCThreadState: Sending oneway calls to frozen process.
05-25 03:13:53.278   755   755 D BatterySaverPolicy: accessibility changed to true, updating policy.
05-25 03:13:53.280   755  1188 V AccessibilityUserState: updateShortcutTargets: type:accessibility_shortcut_target_service, current:{}, new:{}
05-25 03:13:53.280   755  1188 V AccessibilityUserState: updateShortcutTargets: type:accessibility_button_targets, current:{}, new:{}
05-25 03:13:53.280   755  1188 V AccessibilityUserState: updateShortcutTargets: type:accessibility_gesture_targets, current:{}, new:{}
05-25 03:13:53.280   755  1188 V AccessibilityUserState: updateShortcutTargets: type:accessibility_qs_targets, current:{}, new:{}
05-25 03:13:53.280   755  1188 V AccessibilityUserState: updateShortcutTargets: type:accessibility_key_gesture_targets, current:{}, new:{}
05-25 03:13:53.280   755  1188 W MagnificationConnectionManager: requestConnection duplicated request: connect=false, mConnectionState=DISCONNECTED
05-25 03:13:53.280  1546  3179 I AiAiEcho: Settings changed for uri: content://settings/secure/accessibility_enabled
05-25 03:13:53.282   755   755 W libbinder.IPCThreadState: Sending oneway calls to frozen process.
05-25 03:13:53.282   755   755 W libbinder.IPCThreadState: Sending oneway calls to frozen process.
05-25 03:13:53.282   755   755 W libbinder.IPCThreadState: Sending oneway calls to frozen process.
05-25 03:13:53.282   755   755 W libbinder.IPCThreadState: Sending oneway calls to frozen process.
05-25 03:13:53.282   755   755 W libbinder.IPCThreadState: Sending oneway calls to frozen process.
05-25 03:13:53.282   755   755 W libbinder.IPCThreadState: Sending oneway calls to frozen process.
05-25 03:13:53.282  1546  1927 I AiAiEcho: Predicting[0]:  [CONTEXT sampling_count=5 ]
05-25 03:13:53.282  1546  1927 I AiAiEcho: EchoTargets: 
05-25 03:13:53.282  1546  1927 I AiAiEcho: Filtered by AiAi flag check: 
05-25 03:13:53.282  1546  1927 I AiAiEcho: [CONTEXT ratelimit_period="10 SECONDS" ]
05-25 03:13:53.282   755   755 W libbinder.IPCThreadState: Sending oneway calls to frozen process.
05-25 03:13:53.283   755   755 W libbinder.IPCThreadState: Sending oneway calls to frozen process.
05-25 03:13:53.283  1546  1927 I AiAiEcho: #remoteViewsTwiddler: feature disabled.
05-25 03:13:53.283   755   755 W libbinder.IPCThreadState: Sending oneway calls to frozen process.
05-25 03:13:53.283   755   755 W libbinder.IPCThreadState: Sending oneway calls to frozen process.
05-25 03:13:53.283   755   755 W libbinder.IPCThreadState: Sending oneway calls to frozen process.
05-25 03:13:53.283   755   755 W libbinder.IPCThreadState: Sending oneway calls to frozen process.
05-25 03:13:53.283   755   755 W libbinder.IPCThreadState: Sending oneway calls to frozen process.
05-25 03:13:53.283   755   755 W libbinder.IPCThreadState: Sending oneway calls to frozen process.
05-25 03:13:53.283  1546  1927 I AiAiEcho: Predicting[0]:  [CONTEXT sampling_count=5 ]
05-25 03:13:53.283  1546  1927 I AiAiEcho: EchoTargets: 
05-25 03:13:53.283  1546  1927 I AiAiEcho: Filtered by AiAi flag check: 
05-25 03:13:53.283  1546  1927 I AiAiEcho: [CONTEXT ratelimit_period="10 SECONDS" ]
05-25 03:13:53.283  1546  1927 I AiAiEcho: #remoteViewsTwiddler: feature disabled.
05-25 03:13:53.284  1546  1927 I AiAiEcho: #postPredictionTargets: Sending updates to UISurface lockscreen with targets# 0 (types=[])
05-25 03:13:53.284  1546  1927 I AiAiEcho: #postPredictionTargets: Sending updates to UISurface home with targets# 0 (types=[])
05-25 03:13:53.285  1012  1012 W SsPagerDots: Total number of pages invalid: 0. Assuming 1 page.
05-25 03:13:53.286   755  1052 D AccessibilityManagerService: .getAccessibilityShortcutTargets {shortcutType=32, userId=0}
05-25 03:13:53.891  1139  1263 D SatelliteController: iisInCarrierRoamingNbIotNtn: satellite is disabled
05-25 03:13:53.891   755  1052 W libbinder.IPCThreadState: Sending oneway calls to frozen process.
05-25 03:13:53.892  1139  1263 D SatelliteController: getCarrierRoamingNtnConnectType: Falling back to global carrier config connect type: 0
05-25 03:13:54.197   755   785 W libbinder.IPCThreadState: Sending oneway calls to frozen process.
05-25 03:13:54.197   755   785 W libbinder.IPCThreadState: Sending oneway calls to frozen process.
05-25 03:13:54.302 11818 11818 W AccessibilityNodeInfoDumper: Fetch time: 2ms
05-25 03:13:54.304   755  1052 V AccessibilityManagerService: onUserStateChangedLocked for userId: 0, forceUpdate: false
05-25 03:13:54.305   755  1052 V AccessibilityUserState: updateShortcutTargets: type:accessibility_shortcut_target_service, current:{}, new:{}
05-25 03:13:54.305   755  1052 V AccessibilityUserState: updateShortcutTargets: type:accessibility_button_targets, current:{}, new:{}
05-25 03:13:54.305   755  1052 V AccessibilityUserState: updateShortcutTargets: type:accessibility_gesture_targets, current:{}, new:{}
05-25 03:13:54.305   755  1052 V AccessibilityUserState: updateShortcutTargets: type:accessibility_qs_targets, current:{}, new:{}
05-25 03:13:54.305   755  1052 V AccessibilityUserState: updateShortcutTargets: type:accessibility_key_gesture_targets, current:{}, new:{}
05-25 03:13:54.305   755  1052 W MagnificationConnectionManager: requestConnection duplicated request: connect=false, mConnectionState=DISCONNECTED
05-25 03:13:54.305   755  1052 D AccessibilityManagerService: restoreCurrentUserForTestAutomationIfNeededLocked(): ignoring because device doesn't support visible background users
05-25 03:13:54.305  1546  3179 I AiAiEcho: Settings changed for uri: content://settings/secure/accessibility_enabled
05-25 03:13:54.305   755   755 W libbinder.IPCThreadState: Sending oneway calls to frozen process.
05-25 03:13:54.305   755   755 W libbinder.IPCThreadState: Sending oneway calls to frozen process.
05-25 03:13:54.305   755   755 W libbinder.IPCThreadState: Sending oneway calls to frozen process.
05-25 03:13:54.305   755   755 W libbinder.IPCThreadState: Sending oneway calls to frozen process.
05-25 03:13:54.305   755   755 W libbinder.IPCThreadState: Sending oneway calls to frozen process.
05-25 03:13:54.305   755   755 W libbinder.IPCThreadState: Sending oneway calls to frozen process.
05-25 03:13:54.306   755   755 W libbinder.IPCThreadState: Sending oneway calls to frozen process.
05-25 03:13:54.306   755   755 W libbinder.IPCThreadState: Sending oneway calls to frozen process.
05-25 03:13:54.306   755   755 W libbinder.IPCThreadState: Sending oneway calls to frozen process.
05-25 03:13:54.306   755   755 W libbinder.IPCThreadState: Sending oneway calls to frozen process.
05-25 03:13:54.306   755   755 W libbinder.IPCThreadState: Sending oneway calls to frozen process.
05-25 03:13:54.306   755   755 W libbinder.IPCThreadState: Sending oneway calls to frozen process.
05-25 03:13:54.306   755   755 W libbinder.IPCThreadState: Sending oneway calls to frozen process.
05-25 03:13:54.306  1546  1927 I AiAiEcho: Predicting[0]:  [CONTEXT sampling_count=5 ]
05-25 03:13:54.307  1546  1927 I AiAiEcho: EchoTargets: 
05-25 03:13:54.307  1546  1927 I AiAiEcho: Filtered by AiAi flag check: 
05-25 03:13:54.307  1546  1927 I AiAiEcho: [CONTEXT ratelimit_period="10 SECONDS" ]
05-25 03:13:54.308  1546  1927 I AiAiEcho: #remoteViewsTwiddler: feature disabled.
05-25 03:13:54.308  1546  1927 I AiAiEcho: Predicting[0]:  [CONTEXT sampling_count=5 ]
05-25 03:13:54.308  1546  1927 I AiAiEcho: EchoTargets: 
05-25 03:13:54.308  1546  1927 I AiAiEcho: Filtered by AiAi flag check: 
05-25 03:13:54.308  1546  1927 I AiAiEcho: [CONTEXT ratelimit_period="10 SECONDS" ]
05-25 03:13:54.308 11818 11827 W libbinder.IPCThreadState: call to talkWithDriver in joinThreadPool returned error: -9 (Bad file descriptor), FD: -1
05-25 03:13:54.309  1546  1927 I AiAiEcho: #remoteViewsTwiddler: feature disabled.
05-25 03:13:54.309   755   755 W libbinder.IPCThreadState: Sending oneway calls to frozen process.
05-25 03:13:54.309 11818 11826 W libbinder.IPCThreadState: call to talkWithDriver in joinThreadPool returned error: -9 (Bad file descriptor), FD: -1
05-25 03:13:54.309 11818 11830 W libbinder.IPCThreadState: call to talkWithDriver in joinThreadPool returned error: -9 (Bad file descriptor), FD: -1
05-25 03:13:54.309   755   755 W libbinder.IPCThreadState: Sending oneway calls to frozen process.
05-25 03:13:54.309 11818 11818 D AndroidRuntime: Shutting down VM
05-25 03:13:54.309   755   755 W libbinder.IPCThreadState: Sending oneway calls to frozen process.
05-25 03:13:54.309   755   755 W libbinder.IPCThreadState: Sending oneway calls to frozen process.
05-25 03:13:54.309   755   755 W libbinder.IPCThreadState: Sending oneway calls to frozen process.
05-25 03:13:54.309   755   755 W libbinder.IPCThreadState: Sending oneway calls to frozen process.
05-25 03:13:54.309   755   755 W libbinder.IPCThreadState: Sending oneway calls to frozen process.
05-25 03:13:54.310  1546  1927 I AiAiEcho: #postPredictionTargets: Sending updates to UISurface lockscreen with targets# 0 (types=[])
05-25 03:13:54.312   755   755 W libbinder.IPCThreadState: Sending oneway calls to frozen process.
05-25 03:13:54.313   755   755 D BatterySaverPolicy: accessibility changed to false, updating policy.
05-25 03:13:54.313  1546  1927 I AiAiEcho: #postPredictionTargets: Sending updates to UISurface home with targets# 0 (types=[])
05-25 03:13:54.317  1012  1012 W SsPagerDots: Total number of pages invalid: 0. Assuming 1 page.
05-25 03:13:54.536  1529  1529 D WM-DelayedWorkTracker: Scheduling work 7a915809-95ec-46e5-af25-9ad75a882665
05-25 03:13:54.537  1529  1529 D WM-GreedyScheduler: Starting tracking for 7a915809-95ec-46e5-af25-9ad75a882665
05-25 03:13:54.538  1529  1727 D WM-ConstraintTracker: BatteryNotLowTracker: initial state = true
05-25 03:13:54.538  1529  1727 D WM-BrdcstRcvrCnstrntTrc: BatteryNotLowTracker: registering receiver
05-25 03:13:54.538  1529  1727 D WM-GreedyScheduler: Constraints met: Scheduling work ID WorkGenerationalId(workSpecId=7a915809-95ec-46e5-af25-9ad75a882665, generation=0)
05-25 03:13:54.539  1529  1529 D WM-SystemJobService: onStartJob for WorkGenerationalId(workSpecId=7a915809-95ec-46e5-af25-9ad75a882665, generation=0)
05-25 03:13:54.540  1529  1727 D WM-Processor: Processor: processing WorkGenerationalId(workSpecId=7a915809-95ec-46e5-af25-9ad75a882665, generation=0)
05-25 03:13:54.540  1529  1727 D WM-Processor: Work WorkGenerationalId(workSpecId=7a915809-95ec-46e5-af25-9ad75a882665, generation=0) is already enqueued for processing
05-25 03:13:54.541  1529  1529 D WM-WorkerWrapper: Starting work for com.android.providers.media.photopicker.sync.ProactiveSyncWorker
05-25 03:13:54.542  1529 11831 I PSyncWorker: Starting proactive picker sync from sync source: 1
05-25 03:13:54.542  1529 11831 I PickerSyncTracker: Created new sync future java.util.concurrent.CompletableFuture@7e0da32[Not completed, 1 dependents]. Future map: {7a915809-95ec-46e5-af25-9ad75a882665=java.util.concurrent.CompletableFuture@7e0da32[Not completed, 1 dependents]}
05-25 03:13:54.542  1529 11831 D PickerSyncController: syncAllMediaFromProvider() LOCAL, auth=com.android.providers.media.photopicker, retry=true
05-25 03:13:54.542  1529 11831 D PickerSyncController: getSyncRequestParams() LOCAL, auth=com.android.providers.media.photopicker
05-25 03:13:54.544  1529 11831 D PickerSyncController:    Latest ID/Gen=92835bc8fd6dde81:external_primary/3078
05-25 03:13:54.544  1529 11831 D PickerSyncController:    Cached ID/Gen=92835bc8fd6dde81:external_primary/3069
05-25 03:13:54.544  1529 11831 D PickerSyncController:    RESULT=SyncRequestParams{type=MEDIA_INCREMENTAL, gen=3069, latest=Bundle[{last_media_sync_generation=3078, media_collection_id=92835bc8fd6dde81:external_primary}], pageSize=1000}
05-25 03:13:54.544  1529 11831 I PickerSyncController: Executing SyncAdd. isLocal: true. authority: com.android.providers.media.photopicker
05-25 03:13:54.544  1529 11831 D PickerSyncLockManager: Trying to acquire lock com.android.providers.media.photopicker.sync.CloseableReentrantLock@cffd47[Unlocked]. Lock Name = CLOUD_PROVIDER_LOCK. Threads that may be waiting to acquire this lock = [] with timeout.
05-25 03:13:54.544  1529 11831 D CloseableReentrantLock: Successfully acquired lock com.android.providers.media.photopicker.sync.CloseableReentrantLock@cffd47[Locked by thread pool-4-thread-176]. Lock Name = CLOUD_PROVIDER_LOCK. Threads that may be waiting to acquire this lock = []
05-25 03:13:54.544  1529 11831 D CloseableReentrantLock: Successfully released lock com.android.providers.media.photopicker.sync.CloseableReentrantLock@cffd47[Unlocked]. Lock Name = CLOUD_PROVIDER_LOCK. Threads that may be waiting to acquire this lock = []
05-25 03:13:54.544  1529 11831 D ExternalDbFacade: Token received for queryMedia = null
05-25 03:13:54.548  1529 11831 D PickerSyncLockManager: Trying to acquire lock com.android.providers.media.photopicker.sync.CloseableReentrantLock@cffd47[Unlocked]. Lock Name = CLOUD_PROVIDER_LOCK. Threads that may be waiting to acquire this lock = [] with timeout.
05-25 03:13:54.548  1529 11831 D CloseableReentrantLock: Successfully acquired lock com.android.providers.media.photopicker.sync.CloseableReentrantLock@cffd47[Locked by thread pool-4-thread-176]. Lock Name = CLOUD_PROVIDER_LOCK. Threads that may be waiting to acquire this lock = []
05-25 03:13:54.548  1529 11831 D PickerSyncController: Saving next page token: 1779675232000|284 for key: local_provider:media_add:resume
05-25 03:13:54.548  1529 11831 D CloseableReentrantLock: Successfully released lock com.android.providers.media.photopicker.sync.CloseableReentrantLock@cffd47[Unlocked]. Lock Name = CLOUD_PROVIDER_LOCK. Threads that may be waiting to acquire this lock = []
05-25 03:13:54.548  1529 11831 D PickerNotificationSender: Sending a notification for media update
05-25 03:13:54.549  1529 11831 D PickerNotificationSender: Sending a notification for merged album media update Videos
05-25 03:13:54.549  1529 11831 D PickerNotificationSender: Sending a notification for album media update Videos
05-25 03:13:54.550  1529 11831 D PickerNotificationSender: Sending a notification for merged album media update Favorites
05-25 03:13:54.550  1529 11831 D PickerNotificationSender: Sending a notification for album media update Favorites
05-25 03:13:54.550  1529 11831 D ExternalDbFacade: Token received for queryMedia = 1779675232000|284
05-25 03:13:54.551  1529 11831 D PickerSyncLockManager: Trying to acquire lock com.android.providers.media.photopicker.sync.CloseableReentrantLock@cffd47[Unlocked]. Lock Name = CLOUD_PROVIDER_LOCK. Threads that may be waiting to acquire this lock = [] with timeout.
05-25 03:13:54.551  1529 11831 D CloseableReentrantLock: Successfully acquired lock com.android.providers.media.photopicker.sync.CloseableReentrantLock@cffd47[Locked by thread pool-4-thread-176]. Lock Name = CLOUD_PROVIDER_LOCK. Threads that may be waiting to acquire this lock = []
05-25 03:13:54.551  1529 11831 D PickerSyncController: Clearing next page token for key: local_provider:media_add:resume
05-25 03:13:54.551  1529 11831 D CloseableReentrantLock: Successfully released lock com.android.providers.media.photopicker.sync.CloseableReentrantLock@cffd47[Unlocked]. Lock Name = CLOUD_PROVIDER_LOCK. Threads that may be waiting to acquire this lock = []
05-25 03:13:54.551  1529 11831 D PickerNotificationSender: Sending a notification for media update
05-25 03:13:54.551  1529 11831 D PickerNotificationSender: Sending a notification for merged album media update Videos
05-25 03:13:54.551  1529 11831 D PickerNotificationSender: Sending a notification for album media update Videos
05-25 03:13:54.552  1529 11831 D PickerNotificationSender: Sending a notification for merged album media update Favorites
05-25 03:13:54.552  1529 11831 D PickerNotificationSender: Sending a notification for album media update Favorites
05-25 03:13:54.552  1529 11831 I PickerSyncController: Paged sync successful. QueryArgs: Bundle[{android.provider.extra.PAGE_TOKEN=1779675232000|284, android.provider.extra.SYNC_GENERATION=3069, android.provider.extra.PAGE_SIZE=1000}] Total Rows: 1
05-25 03:13:54.552  1529 11831 I PickerSyncController: Executing SyncRemove. isLocal: true. authority: com.android.providers.media.photopicker
05-25 03:13:54.552  1529 11831 D PickerSyncLockManager: Trying to acquire lock com.android.providers.media.photopicker.sync.CloseableReentrantLock@cffd47[Unlocked]. Lock Name = CLOUD_PROVIDER_LOCK. Threads that may be waiting to acquire this lock = [] with timeout.
05-25 03:13:54.552  1529 11831 D CloseableReentrantLock: Successfully acquired lock com.android.providers.media.photopicker.sync.CloseableReentrantLock@cffd47[Locked by thread pool-4-thread-176]. Lock Name = CLOUD_PROVIDER_LOCK. Threads that may be waiting to acquire this lock = []
05-25 03:13:54.552  1529 11831 D CloseableReentrantLock: Successfully released lock com.android.providers.media.photopicker.sync.CloseableReentrantLock@cffd47[Unlocked]. Lock Name = CLOUD_PROVIDER_LOCK. Threads that may be waiting to acquire this lock = []
05-25 03:13:54.553  1529 11831 D PickerSyncLockManager: Trying to acquire lock com.android.providers.media.photopicker.sync.CloseableReentrantLock@cffd47[Unlocked]. Lock Name = CLOUD_PROVIDER_LOCK. Threads that may be waiting to acquire this lock = [] with timeout.
05-25 03:13:54.553  1529 11831 D CloseableReentrantLock: Successfully acquired lock com.android.providers.media.photopicker.sync.CloseableReentrantLock@cffd47[Locked by thread pool-4-thread-176]. Lock Name = CLOUD_PROVIDER_LOCK. Threads that may be waiting to acquire this lock = []
05-25 03:13:54.553  1529 11831 D PickerSyncController: Clearing next page token for key: local_provider:media_remove:resume
05-25 03:13:54.553  1529 11831 D CloseableReentrantLock: Successfully released lock com.android.providers.media.photopicker.sync.CloseableReentrantLock@cffd47[Unlocked]. Lock Name = CLOUD_PROVIDER_LOCK. Threads that may be waiting to acquire this lock = []
05-25 03:13:54.553  1529 11831 D PickerNotificationSender: Sending a notification for media update
05-25 03:13:54.553  1529 11831 D PickerNotificationSender: Sending a notification for merged album media update Videos
05-25 03:13:54.554  1529 11831 D PickerNotificationSender: Sending a notification for album media update Videos
05-25 03:13:54.554  1529 11831 D PickerNotificationSender: Sending a notification for merged album media update Favorites
05-25 03:13:54.554  1529 11831 D PickerNotificationSender: Sending a notification for album media update Favorites
05-25 03:13:54.554  1529 11831 I PickerSyncController: Paged sync successful. QueryArgs: Bundle[{android.provider.extra.PAGE_TOKEN=1779675232000|284, android.provider.extra.SYNC_GENERATION=3069, android.provider.extra.PAGE_SIZE=1000}] Total Rows: 0
05-25 03:13:54.554  1529 11831 I PickerSyncTracker: Marked sync future complete for work id: 7a915809-95ec-46e5-af25-9ad75a882665. Future map: {}
05-25 03:13:54.554  1529 11831 I PSyncWorker: Completed picker proactive sync complete from local provider.
05-25 03:13:54.555  1529  1727 I WM-WorkerWrapper: Worker result SUCCESS for Work [ id=7a915809-95ec-46e5-af25-9ad75a882665, tags={ com.android.providers.media.photopicker.sync.ProactiveSyncWorker } ]
05-25 03:13:54.555  1529  1529 D WM-Processor: Processor 7a915809-95ec-46e5-af25-9ad75a882665 executed; reschedule = false
05-25 03:13:54.555  1529  1529 D WM-GreedyScheduler: Stopping tracking for WorkGenerationalId(workSpecId=7a915809-95ec-46e5-af25-9ad75a882665, generation=0)
05-25 03:13:54.556  1529  1529 D WM-SystemJobService: 7a915809-95ec-46e5-af25-9ad75a882665 executed on JobScheduler
05-25 03:13:54.556  1529  1727 D WM-GreedyScheduler: Cancelling work ID 7a915809-95ec-46e5-af25-9ad75a882665
05-25 03:13:54.557   755  1185 W JobScheduler: Job didn't exist in JobStore: ed2d1bc {androidx.work.systemjobscheduler} #u0a210/766 #ProactiveSyncWorker#@androidx.work.systemjobscheduler@com.google.android.providers.media.module/androidx.work.impl.background.systemjob.SystemJobService
05-25 03:13:54.557  1529  1727 D WM-GreedyScheduler: Ignoring {WorkSpec: fce74054-5d75-49ac-b1fb-61b1c63b64d1}. Requires device idle.
05-25 03:13:54.557  1529  1727 D WM-GreedyScheduler: Ignoring {WorkSpec: 748d3965-3023-45a6-9a32-baafa7d90ebf}. Requires device idle.
05-25 03:13:54.557  1529  1727 D WM-GreedyScheduler: Ignoring {WorkSpec: bbc248da-5aec-4565-83d8-ed90ba3a683c}. Requires device idle.
05-25 03:13:54.557  1529  1727 D WM-GreedyScheduler: Ignoring {WorkSpec: a7b8fc44-3a39-43d5-96b8-cef5bb529d35}. Requires device idle.
05-25 03:13:54.557  1529  1727 D WM-BrdcstRcvrCnstrntTrc: BatteryNotLowTracker: unregistering receiver
05-25 03:13:54.558  1529  1529 D WM-SystemJobService: onStopJob for WorkGenerationalId(workSpecId=7a915809-95ec-46e5-af25-9ad75a882665, generation=0)
05-25 03:13:54.786  1334 11554 I NetworkScheduler.Stats: (REDACTED) Task %s/%s started execution. cause:%s exec_start_elapsed_seconds: %s
05-25 03:13:54.790  1334 11488 I NetworkScheduler.Stats: (REDACTED) Task %s/%s finished executing. cause:%s result: %s elapsed_millis: %s uptime_millis: %s exec_start_elapsed_seconds: %s
05-25 03:13:55.086   755   906 I HalDevMgr: bestIfaceCreationProposal is null, requestIface=STA, existingIface=[name=wlan0 type=STA]
05-25 03:13:55.236   755   785 W libbinder.IPCThreadState: Sending oneway calls to frozen process.
05-25 03:13:55.238 11834 11834 D AndroidRuntime: >>>>>> START com.android.internal.os.RuntimeInit uid 2000 <<<<<<
05-25 03:13:55.241 11834 11834 I AndroidRuntime: Using default boot image
05-25 03:13:55.241 11834 11834 I AndroidRuntime: Leaving lock profiling enabled
05-25 03:13:55.243 11834 11834 I app_process: Using CollectorTypeCMC GC.
05-25 03:13:55.303 11834 11834 D nativeloader: InitDefaultPublicLibraries for_preload=1: libandroid.so:libaaudio.so:libamidi.so:libbinder_ndk.so:libc.so:libcamera2ndk.so:libdl.so:libEGL.so:libGLESv1_CM.so:libGLESv2.so:libGLESv3.so:libicu.so:libicui18n.so:libicuuc.so:libjnigraphics.so:liblog.so:libmediandk.so:libm.so:libnativehelper.so:libnativewindow.so:libOpenMAXAL.so:libOpenSLES.so:libRS.so:libstdc++.so:libsync.so:libvulkan.so:libwebviewchromium_plat_support.so:libz.so
05-25 03:13:55.311 11834 11834 D nativeloader: Load libicu_jni.so using APEX ns com_android_art for caller /apex/com.android.art/javalib/core-oj.jar: ok
05-25 03:13:55.311 11834 11834 D app_process: u_setTimeZoneFilesDirectory("/apex/com.android.tzdata/etc/tz/versioned/9/icu") succeeded. 
05-25 03:13:55.311 11834 11834 D app_process: I18n APEX ICU file found: /apex/com.android.i18n/etc/icu/icudt76l.dat
05-25 03:13:55.311 11834 11834 D nativeloader: Load libjavacore.so using APEX ns com_android_art for caller /apex/com.android.art/javalib/core-oj.jar: ok
05-25 03:13:55.312 11834 11834 D nativeloader: Load libopenjdk.so using APEX ns com_android_art for caller /apex/com.android.art/javalib/core-oj.jar: ok
05-25 03:13:55.315 11834 11834 I app_process: Priority-to-niceness mapping: 19, 16, 13, 10, 0, -2, -4, -5, -6, -8
05-25 03:13:55.315 11834 11834 W app_process: Unexpected CPU variant for x86: x86_64.
05-25 03:13:55.315 11834 11834 W app_process: Known variants: atom, sandybridge, silvermont, goldmont, goldmont-plus, goldmont-without-sha-xsaves, tremont, kabylake, alderlake, default
05-25 03:13:55.316 11834 11834 W app_process: ClassLoaderContext shared library size mismatch. Expected=2, found=0 (PCL[]{PCL[/system/framework/android.test.base.jar*1653369819]#PCL[/system/framework/android.test.mock.jar*1009639922]} | PCL[])
05-25 03:13:55.317 11834 11834 W app_process: ClassLoaderContext classpath size mismatch. expected=0, found=1 (PCL[]{PCL[/system/framework/android.test.runner.jar*3954641918]{PCL[/system/framework/android.test.base.jar*1653369819]#PCL[/system/framework/android.test.mock.jar*1009639922]}#PCL[/system/framework/android.test.base.jar*1653369819]} | PCL[/system/framework/android.test.runner.jar*3954641918])
05-25 03:13:55.334 11834 11834 D nativeloader: Load libframework-connectivity-tiramisu-jni.so using APEX ns com_android_tethering for caller /apex/com.android.tethering/javalib/framework-connectivity-t.jar: ok
05-25 03:13:55.335 11834 11834 D AndroidRuntime: Calling main entry com.android.commands.uiautomator.Launcher
05-25 03:13:55.338 11834 11834 I AconfigPackage: android.media.swcodec.flags is mapped to com.android.media.swcodec
05-25 03:13:55.339 11834 11834 I AconfigPackage: com.android.permission.flags is mapped to com.android.permission
05-25 03:13:55.339 11834 11834 I AconfigPackage: com.android.permissioncontroller.flags is mapped to com.android.permission
05-25 03:13:55.339 11834 11834 I AconfigPackage: com.android.icu is mapped to com.android.i18n
05-25 03:13:55.339 11834 11834 I AconfigPackage: com.android.appsearch.flags is mapped to com.android.appsearch
05-25 03:13:55.339 11834 11834 I AconfigPackage: android.uprobestats.mainline.flags is mapped to com.android.uprobestats
05-25 03:13:55.340 11834 11834 I AconfigPackage: com.android.crashrecovery.flags is mapped to com.android.crashrecovery
05-25 03:13:55.340 11834 11834 I AconfigPackage: android.provider.flags is mapped to com.android.configinfrastructure
05-25 03:13:55.340 11834 11834 I AconfigPackage: com.android.server.deviceconfig is mapped to com.android.configinfrastructure
05-25 03:13:55.340 11834 11834 I AconfigPackage: com.android.compos.flags is mapped to com.android.compos
05-25 03:13:55.340 11834 11834 I AconfigPackage: com.android.art.flags is mapped to com.android.art
05-25 03:13:55.340 11834 11834 I AconfigPackage: com.android.art.rw.flags is mapped to com.android.art
05-25 03:13:55.340 11834 11834 I AconfigPackage: com.android.libcore is mapped to com.android.art
05-25 03:13:55.340 11834 11834 I AconfigPackage: com.android.telephony.flags is mapped to com.android.telephonycore
05-25 03:13:55.340 11834 11834 I AconfigPackage: com.android.media.extractor.flags is mapped to com.android.media
05-25 03:13:55.341 11834 11834 I AconfigPackage: com.android.media.mainline.flags is mapped to com.android.media
05-25 03:13:55.341 11834 11834 I AconfigPackage: com.android.wifi.flags is mapped to com.android.wifi
05-25 03:13:55.341 11834 11834 I AconfigPackage: com.android.org.conscrypt.flags is mapped to com.android.conscrypt
05-25 03:13:55.341 11834 11834 I AconfigPackage: com.android.org.conscrypt.net.flags is mapped to com.android.conscrypt
05-25 03:13:55.341 11834 11834 I AconfigPackage: com.android.healthfitness.flags is mapped to com.android.healthfitness
05-25 03:13:55.341 11834 11834 I AconfigPackage: com.android.ipsec.flags is mapped to com.android.ipsec
05-25 03:13:55.341 11834 11834 I AconfigPackage: com.android.nfc.module.flags is mapped to com.android.nfcservices
05-25 03:13:55.342 11834 11834 I AconfigPackage: com.android.adservices.ondevicepersonalization.flags is mapped to com.android.ondevicepersonalization
05-25 03:13:55.342 11834 11834 I AconfigPackage: com.android.adbd.flags is mapped to com.android.adbd
05-25 03:13:55.342 11834 11834 I AconfigPackage: com.android.bluetooth.flags is mapped to com.android.bt
05-25 03:13:55.342 11834 11834 I AconfigPackage: com.android.devicelock.flags is mapped to com.android.devicelock
05-25 03:13:55.342 11834 11834 I AconfigPackage: android.os.profiling is mapped to com.android.profiling
05-25 03:13:55.342 11834 11834 I AconfigPackage: android.os.profiling.anomaly.flags is mapped to com.android.profiling
05-25 03:13:55.343 11834 11834 I AconfigPackage: com.android.os.statsd.flags is mapped to com.android.os.statsd
05-25 03:13:55.343 11834 11834 I AconfigPackage: com.android.rkpd.flags is mapped to com.android.rkpd
05-25 03:13:55.343 11834 11834 I AconfigPackage: com.android.cellbroadcastreceiver.flags is mapped to com.android.cellbroadcast
05-25 03:13:55.343 11834 11834 I AconfigPackage: com.android.adservices.flags is mapped to com.android.adservices
05-25 03:13:55.343 11834 11834 I AconfigPackage: com.android.sdksandbox.flags is mapped to com.android.adservices
05-25 03:13:55.343 11834 11834 I AconfigPackage: com.android.uwb.flags is mapped to com.android.uwb
05-25 03:13:55.343 11834 11834 I AconfigPackage: com.android.ranging.flags is mapped to com.android.uwb
05-25 03:13:55.344 11834 11834 I AconfigPackage: android.graphics.pdf.flags is mapped to com.android.mediaprovider
05-25 03:13:55.344 11834 11834 I AconfigPackage: com.android.providers.media.flags is mapped to com.android.mediaprovider
05-25 03:13:55.344 11834 11834 I AconfigPackage: android.graphics.pdf.flags.readonly is mapped to com.android.mediaprovider
05-25 03:13:55.344 11834 11834 I AconfigPackage: com.android.tethering.mainline.beta is mapped to com.android.tethering
05-25 03:13:55.344 11834 11834 I AconfigPackage: android.net.http is mapped to com.android.tethering
05-25 03:13:55.344 11834 11834 I AconfigPackage: com.android.tethering.readonly.flags is mapped to com.android.tethering
05-25 03:13:55.344 11834 11834 I AconfigPackage: android.net.vcn is mapped to com.android.tethering
05-25 03:13:55.344 11834 11834 I AconfigPackage: com.android.net.flags is mapped to com.android.tethering
05-25 03:13:55.344 11834 11834 I AconfigPackage: com.android.tethering.beta.test is mapped to com.android.tethering
05-25 03:13:55.344 11834 11834 I AconfigPackage: com.android.nearby.flags is mapped to com.android.tethering
05-25 03:13:55.344 11834 11834 I AconfigPackage: com.android.net.ct.flags is mapped to com.android.tethering
05-25 03:13:55.344 11834 11834 I AconfigPackage: com.android.net.thread.flags is mapped to com.android.tethering
05-25 03:13:55.344 11834 11834 I AconfigPackage: com.android.system.virtualmachine.flags is mapped to com.android.virt
05-25 03:13:55.344 11834 11834 E FeatureFlagsImplExport: android.os.flagging.AconfigStorageReadException: ERROR_PACKAGE_NOT_FOUND: package android.xr cannot be found on the device
05-25 03:13:55.348 11834 11834 D UiAutomationConnection: Created on user UserHandle{0}
05-25 03:13:55.348 11834 11834 I UiAutomation: Initialized for user 0 on display 0
05-25 03:13:55.348 11834 11834 W UiAutomation: Created with deprecatead constructor, assumes DEFAULT_DISPLAY
05-25 03:13:55.349   755  1925 D AccessibilityManagerService: changeCurrentUserForTestAutomationIfNeededLocked(0): ignoring because device doesn't support visible background users
05-25 03:13:55.349   755  1925 I UiAutomationManager: Registering UiTestAutomationService (id=com.android.server.accessibility/UiAutomation, flags=0x0) when called by user 0
05-25 03:13:55.349   755  1925 V AccessibilityManagerService: onUserStateChangedLocked for userId: 0, forceUpdate: false
05-25 03:13:55.350  1546  3179 I AiAiEcho: Settings changed for uri: content://settings/secure/accessibility_enabled
05-25 03:13:55.350   755  1925 V AccessibilityUserState: updateShortcutTargets: type:accessibility_shortcut_target_service, current:{}, new:{}
05-25 03:13:55.350   755  1925 V AccessibilityUserState: updateShortcutTargets: type:accessibility_button_targets, current:{}, new:{}
05-25 03:13:55.350   755  1925 V AccessibilityUserState: updateShortcutTargets: type:accessibility_gesture_targets, current:{}, new:{}
05-25 03:13:55.350   755  1925 V AccessibilityUserState: updateShortcutTargets: type:accessibility_qs_targets, current:{}, new:{}
05-25 03:13:55.350   755  1925 V AccessibilityUserState: updateShortcutTargets: type:accessibility_key_gesture_targets, current:{}, new:{}
05-25 03:13:55.351   755  1925 W MagnificationConnectionManager: requestConnection duplicated request: connect=false, mConnectionState=DISCONNECTED
05-25 03:13:55.351  1546  1927 I AiAiEcho: Predicting[0]:  [CONTEXT sampling_count=5 ]
05-25 03:13:55.351  1546  1927 I AiAiEcho: EchoTargets: 
05-25 03:13:55.351  1546  1927 I AiAiEcho: Filtered by AiAi flag check: 
05-25 03:13:55.351  1546  1927 I AiAiEcho: [CONTEXT ratelimit_period="10 SECONDS" ]
05-25 03:13:55.351  1546  1927 I AiAiEcho: #remoteViewsTwiddler: feature disabled.
05-25 03:13:55.352  1546  1927 I AiAiEcho: Predicting[0]:  [CONTEXT sampling_count=5 ]
05-25 03:13:55.352  1546  1927 I AiAiEcho: EchoTargets: 
05-25 03:13:55.352  1546  1927 I AiAiEcho: Filtered by AiAi flag check: 
05-25 03:13:55.352  1546  1927 I AiAiEcho: [CONTEXT ratelimit_period="10 SECONDS" ]
05-25 03:13:55.352  1546  1927 I AiAiEcho: #remoteViewsTwiddler: feature disabled.
05-25 03:13:55.352  1546  1927 I AiAiEcho: #postPredictionTargets: Sending updates to UISurface lockscreen with targets# 0 (types=[])
05-25 03:13:55.352   755   755 W libbinder.IPCThreadState: Sending oneway calls to frozen process.
05-25 03:13:55.352  1546  1927 I AiAiEcho: #postPredictionTargets: Sending updates to UISurface home with targets# 0 (types=[])
05-25 03:13:55.352   755   755 W libbinder.IPCThreadState: Sending oneway calls to frozen process.
05-25 03:13:55.352   755   755 W libbinder.IPCThreadState: Sending oneway calls to frozen process.
05-25 03:13:55.352   755   755 W libbinder.IPCThreadState: Sending oneway calls to frozen process.
05-25 03:13:55.352   755   755 W libbinder.IPCThreadState: Sending oneway calls to frozen process.
05-25 03:13:55.352  1012  1012 W SsPagerDots: Total number of pages invalid: 0. Assuming 1 page.
05-25 03:13:55.353   755   755 W libbinder.IPCThreadState: Sending oneway calls to frozen process.
05-25 03:13:55.353   755   755 W libbinder.IPCThreadState: Sending oneway calls to frozen process.
05-25 03:13:55.353   755   755 W libbinder.IPCThreadState: Sending oneway calls to frozen process.
05-25 03:13:55.354   755  1925 V AccessibilityManagerService: onUserStateChangedLocked for userId: 0, forceUpdate: false
05-25 03:13:55.354   755   755 W libbinder.IPCThreadState: Sending oneway calls to frozen process.
