05-25 02:08:14.283  6084  6084 W libbinder.BpBinder: Linking to death on android.gui.ISurfaceComposer but there are no threads (yet?) listening to incoming transactions. See ProcessState::startThreadPool and ProcessState::setThreadPoolMaxThreadCount. Generally you should setup the binder threadpool before other initialization steps.
05-25 02:08:14.283  6084  6084 W libbinder.ProcessState: Extra binder thread started, but 0 threads requested. Do not use *startThreadPool when zero threads are requested.
05-25 02:08:14.363  1529  1788 W MediaProvider: isAppCloneUserPair for user 0: false
05-25 02:08:14.782   755  2150 I ActivityManager: Broadcasting: Intent { act=android.intent.action.MEDIA_SCANNER_SCAN_FILE dat=file:///... flg=0x400000 }
05-25 02:08:14.783   755  2150 I ActivityManager: Enqueued broadcast Intent { act=android.intent.action.MEDIA_SCANNER_SCAN_FILE dat=file:///... flg=0x400000 }: 0
05-25 02:08:14.783  1529  1529 I MediaServiceV2: Creating work for intent Intent { act=android.intent.action.MEDIA_SCANNER_SCAN_FILE dat=file:///... flg=0x1400010 cmp=com.google.android.providers.media.module/com.android.providers.media.MediaServiceV2 }
05-25 02:08:14.783  1529  1529 I MediaServiceV2: Work enqueued for intent: Intent { act=android.intent.action.MEDIA_SCANNER_SCAN_FILE dat=file:///... flg=0x1400010 cmp=com.google.android.providers.media.module/com.android.providers.media.MediaServiceV2 }
05-25 02:08:14.784   755   775 I ActivityManager: Broadcast completed: result=0
05-25 02:08:14.789  1529  1874 W JobInfo : Requested important-while-foreground flag for job609 is ignored and takes no effect
05-25 02:08:14.789  1529  1874 D WM-SystemJobScheduler: Scheduling work ID 20f385ad-cb8e-4f93-b8b9-b4250ab9621aJob ID 609
05-25 02:08:14.793  1529  1874 D WM-GreedyScheduler: Ignoring {WorkSpec: fce74054-5d75-49ac-b1fb-61b1c63b64d1}. Requires device idle.
05-25 02:08:14.793  1529  1874 D WM-GreedyScheduler: Ignoring {WorkSpec: 748d3965-3023-45a6-9a32-baafa7d90ebf}. Requires device idle.
05-25 02:08:14.793  1529  1874 D WM-GreedyScheduler: Ignoring {WorkSpec: bbc248da-5aec-4565-83d8-ed90ba3a683c}. Requires device idle.
05-25 02:08:14.793  1529  1874 D WM-GreedyScheduler: Ignoring {WorkSpec: a7b8fc44-3a39-43d5-96b8-cef5bb529d35}. Requires device idle.
05-25 02:08:14.793  1529  1874 D WM-GreedyScheduler: Starting work for 20f385ad-cb8e-4f93-b8b9-b4250ab9621a
05-25 02:08:14.793  1529  1529 D WM-SystemJobService: onStartJob for WorkGenerationalId(workSpecId=20f385ad-cb8e-4f93-b8b9-b4250ab9621a, generation=0)
05-25 02:08:14.793  1529  1727 D WM-Processor: Processor: processing WorkGenerationalId(workSpecId=20f385ad-cb8e-4f93-b8b9-b4250ab9621a, generation=0)
05-25 02:08:14.794  1529  1727 D WM-Processor: Work WorkGenerationalId(workSpecId=20f385ad-cb8e-4f93-b8b9-b4250ab9621a, generation=0) is already enqueued for processing
05-25 02:08:14.795  1529  1529 D WM-WorkerWrapper: Starting work for com.android.providers.media.MediaServiceV2
05-25 02:08:14.796  1529  6091 I MediaServiceV2: Work initiated for action [ android.intent.action.MEDIA_SCANNER_SCAN_FILE ]
05-25 02:08:14.808  1529  6091 I MediaServiceV2: Work ended for action [ android.intent.action.MEDIA_SCANNER_SCAN_FILE ]
05-25 02:08:14.813  1529  1874 I WM-WorkerWrapper: Worker result SUCCESS for Work [ id=20f385ad-cb8e-4f93-b8b9-b4250ab9621a, tags={ com.android.providers.media.MediaServiceV2 } ]
05-25 02:08:14.814  1529  1529 D WM-Processor: Processor 20f385ad-cb8e-4f93-b8b9-b4250ab9621a executed; reschedule = false
05-25 02:08:14.817  1529  1727 D WM-SystemJobScheduler: Scheduling work ID 972c7387-1776-44f4-9aae-6d8d09828523Job ID 610
05-25 02:08:14.817  1529  1529 D WM-SystemJobService: 20f385ad-cb8e-4f93-b8b9-b4250ab9621a executed on JobScheduler
05-25 02:08:14.818  1529  1727 D WM-GreedyScheduler: Ignoring {WorkSpec: fce74054-5d75-49ac-b1fb-61b1c63b64d1}. Requires device idle.
05-25 02:08:14.818  1529  1727 D WM-GreedyScheduler: Ignoring {WorkSpec: 748d3965-3023-45a6-9a32-baafa7d90ebf}. Requires device idle.
05-25 02:08:14.818  1529  1727 D WM-GreedyScheduler: Ignoring {WorkSpec: bbc248da-5aec-4565-83d8-ed90ba3a683c}. Requires device idle.
05-25 02:08:14.818  1529  1727 D WM-GreedyScheduler: Ignoring {WorkSpec: a7b8fc44-3a39-43d5-96b8-cef5bb529d35}. Requires device idle.
05-25 02:08:14.821  1529  1874 D WM-GreedyScheduler: Cancelling work ID 20f385ad-cb8e-4f93-b8b9-b4250ab9621a
05-25 02:08:14.822  1529  1874 D WM-GreedyScheduler: Ignoring {WorkSpec: fce74054-5d75-49ac-b1fb-61b1c63b64d1}. Requires device idle.
05-25 02:08:14.822  1529  1874 D WM-GreedyScheduler: Ignoring {WorkSpec: 748d3965-3023-45a6-9a32-baafa7d90ebf}. Requires device idle.
05-25 02:08:14.822  1529  1874 D WM-GreedyScheduler: Ignoring {WorkSpec: bbc248da-5aec-4565-83d8-ed90ba3a683c}. Requires device idle.
05-25 02:08:14.822  1529  1874 D WM-GreedyScheduler: Ignoring {WorkSpec: a7b8fc44-3a39-43d5-96b8-cef5bb529d35}. Requires device idle.
05-25 02:08:14.949  6095  6095 D AndroidRuntime: >>>>>> START com.android.internal.os.RuntimeInit uid 2000 <<<<<<
05-25 02:08:14.953  6095  6095 I AndroidRuntime: Using default boot image
05-25 02:08:14.953  6095  6095 I AndroidRuntime: Leaving lock profiling enabled
05-25 02:08:14.954  6095  6095 I app_process: Using CollectorTypeCMC GC.
05-25 02:08:15.016  6095  6095 D nativeloader: InitDefaultPublicLibraries for_preload=1: libandroid.so:libaaudio.so:libamidi.so:libbinder_ndk.so:libc.so:libcamera2ndk.so:libdl.so:libEGL.so:libGLESv1_CM.so:libGLESv2.so:libGLESv3.so:libicu.so:libicui18n.so:libicuuc.so:libjnigraphics.so:liblog.so:libmediandk.so:libm.so:libnativehelper.so:libnativewindow.so:libOpenMAXAL.so:libOpenSLES.so:libRS.so:libstdc++.so:libsync.so:libvulkan.so:libwebviewchromium_plat_support.so:libz.so
05-25 02:08:15.024  6095  6095 D nativeloader: Load libicu_jni.so using APEX ns com_android_art for caller /apex/com.android.art/javalib/core-oj.jar: ok
05-25 02:08:15.024  6095  6095 D app_process: u_setTimeZoneFilesDirectory("/apex/com.android.tzdata/etc/tz/versioned/9/icu") succeeded. 
05-25 02:08:15.024  6095  6095 D app_process: I18n APEX ICU file found: /apex/com.android.i18n/etc/icu/icudt76l.dat
05-25 02:08:15.025  6095  6095 D nativeloader: Load libjavacore.so using APEX ns com_android_art for caller /apex/com.android.art/javalib/core-oj.jar: ok
05-25 02:08:15.026  6095  6095 D nativeloader: Load libopenjdk.so using APEX ns com_android_art for caller /apex/com.android.art/javalib/core-oj.jar: ok
05-25 02:08:15.027  6095  6095 I app_process: Priority-to-niceness mapping: 19, 16, 13, 10, 0, -2, -4, -5, -6, -8
05-25 02:08:15.027  6095  6095 W app_process: Unexpected CPU variant for x86: x86_64.
05-25 02:08:15.027  6095  6095 W app_process: Known variants: atom, sandybridge, silvermont, goldmont, goldmont-plus, goldmont-without-sha-xsaves, tremont, kabylake, alderlake, default
05-25 02:08:15.028  6095  6095 W app_process: ClassLoaderContext shared library size mismatch. Expected=2, found=0 (PCL[]{PCL[/system/framework/android.test.base.jar*1653369819]#PCL[/system/framework/android.test.mock.jar*1009639922]} | PCL[])
05-25 02:08:15.029  6095  6095 W app_process: ClassLoaderContext classpath size mismatch. expected=0, found=1 (PCL[]{PCL[/system/framework/android.test.runner.jar*3954641918]{PCL[/system/framework/android.test.base.jar*1653369819]#PCL[/system/framework/android.test.mock.jar*1009639922]}#PCL[/system/framework/android.test.base.jar*1653369819]} | PCL[/system/framework/android.test.runner.jar*3954641918])
05-25 02:08:15.046  6095  6095 D nativeloader: Load libframework-connectivity-tiramisu-jni.so using APEX ns com_android_tethering for caller /apex/com.android.tethering/javalib/framework-connectivity-t.jar: ok
05-25 02:08:15.047  6095  6095 D AndroidRuntime: Calling main entry com.android.commands.uiautomator.Launcher
05-25 02:08:15.051  6095  6095 I AconfigPackage: android.media.swcodec.flags is mapped to com.android.media.swcodec
05-25 02:08:15.051  6095  6095 I AconfigPackage: com.android.permission.flags is mapped to com.android.permission
05-25 02:08:15.051  6095  6095 I AconfigPackage: com.android.permissioncontroller.flags is mapped to com.android.permission
05-25 02:08:15.051  6095  6095 I AconfigPackage: com.android.icu is mapped to com.android.i18n
05-25 02:08:15.051  6095  6095 I AconfigPackage: com.android.appsearch.flags is mapped to com.android.appsearch
05-25 02:08:15.051  6095  6095 I AconfigPackage: android.uprobestats.mainline.flags is mapped to com.android.uprobestats
05-25 02:08:15.051  6095  6095 I AconfigPackage: com.android.crashrecovery.flags is mapped to com.android.crashrecovery
05-25 02:08:15.051  6095  6095 I AconfigPackage: android.provider.flags is mapped to com.android.configinfrastructure
05-25 02:08:15.051  6095  6095 I AconfigPackage: com.android.server.deviceconfig is mapped to com.android.configinfrastructure
05-25 02:08:15.051  6095  6095 I AconfigPackage: com.android.compos.flags is mapped to com.android.compos
05-25 02:08:15.051  6095  6095 I AconfigPackage: com.android.art.flags is mapped to com.android.art
05-25 02:08:15.051  6095  6095 I AconfigPackage: com.android.art.rw.flags is mapped to com.android.art
05-25 02:08:15.051  6095  6095 I AconfigPackage: com.android.libcore is mapped to com.android.art
05-25 02:08:15.051  6095  6095 I AconfigPackage: com.android.telephony.flags is mapped to com.android.telephonycore
05-25 02:08:15.052  6095  6095 I AconfigPackage: com.android.media.extractor.flags is mapped to com.android.media
05-25 02:08:15.052  6095  6095 I AconfigPackage: com.android.media.mainline.flags is mapped to com.android.media
05-25 02:08:15.052  6095  6095 I AconfigPackage: com.android.wifi.flags is mapped to com.android.wifi
05-25 02:08:15.052  6095  6095 I AconfigPackage: com.android.org.conscrypt.flags is mapped to com.android.conscrypt
05-25 02:08:15.052  6095  6095 I AconfigPackage: com.android.org.conscrypt.net.flags is mapped to com.android.conscrypt
05-25 02:08:15.052  6095  6095 I AconfigPackage: com.android.healthfitness.flags is mapped to com.android.healthfitness
05-25 02:08:15.052  6095  6095 I AconfigPackage: com.android.ipsec.flags is mapped to com.android.ipsec
05-25 02:08:15.052  6095  6095 I AconfigPackage: com.android.nfc.module.flags is mapped to com.android.nfcservices
05-25 02:08:15.052  6095  6095 I AconfigPackage: com.android.adservices.ondevicepersonalization.flags is mapped to com.android.ondevicepersonalization
05-25 02:08:15.052  6095  6095 I AconfigPackage: com.android.adbd.flags is mapped to com.android.adbd
05-25 02:08:15.052  6095  6095 I AconfigPackage: com.android.bluetooth.flags is mapped to com.android.bt
05-25 02:08:15.052  6095  6095 I AconfigPackage: com.android.devicelock.flags is mapped to com.android.devicelock
05-25 02:08:15.053  6095  6095 I AconfigPackage: android.os.profiling is mapped to com.android.profiling
05-25 02:08:15.053  6095  6095 I AconfigPackage: android.os.profiling.anomaly.flags is mapped to com.android.profiling
05-25 02:08:15.053  6095  6095 I AconfigPackage: com.android.os.statsd.flags is mapped to com.android.os.statsd
05-25 02:08:15.053  6095  6095 I AconfigPackage: com.android.rkpd.flags is mapped to com.android.rkpd
05-25 02:08:15.053  6095  6095 I AconfigPackage: com.android.cellbroadcastreceiver.flags is mapped to com.android.cellbroadcast
05-25 02:08:15.053  6095  6095 I AconfigPackage: com.android.adservices.flags is mapped to com.android.adservices
05-25 02:08:15.053  6095  6095 I AconfigPackage: com.android.sdksandbox.flags is mapped to com.android.adservices
05-25 02:08:15.053  6095  6095 I AconfigPackage: com.android.uwb.flags is mapped to com.android.uwb
05-25 02:08:15.053  6095  6095 I AconfigPackage: com.android.ranging.flags is mapped to com.android.uwb
05-25 02:08:15.053  6095  6095 I AconfigPackage: android.graphics.pdf.flags is mapped to com.android.mediaprovider
05-25 02:08:15.053  6095  6095 I AconfigPackage: com.android.providers.media.flags is mapped to com.android.mediaprovider
05-25 02:08:15.053  6095  6095 I AconfigPackage: android.graphics.pdf.flags.readonly is mapped to com.android.mediaprovider
05-25 02:08:15.053  6095  6095 I AconfigPackage: com.android.tethering.mainline.beta is mapped to com.android.tethering
05-25 02:08:15.053  6095  6095 I AconfigPackage: android.net.http is mapped to com.android.tethering
05-25 02:08:15.053  6095  6095 I AconfigPackage: com.android.tethering.readonly.flags is mapped to com.android.tethering
05-25 02:08:15.053  6095  6095 I AconfigPackage: android.net.vcn is mapped to com.android.tethering
05-25 02:08:15.053  6095  6095 I AconfigPackage: com.android.net.flags is mapped to com.android.tethering
05-25 02:08:15.053  6095  6095 I AconfigPackage: com.android.tethering.beta.test is mapped to com.android.tethering
05-25 02:08:15.053  6095  6095 I AconfigPackage: com.android.nearby.flags is mapped to com.android.tethering
05-25 02:08:15.053  6095  6095 I AconfigPackage: com.android.net.ct.flags is mapped to com.android.tethering
05-25 02:08:15.053  6095  6095 I AconfigPackage: com.android.net.thread.flags is mapped to com.android.tethering
05-25 02:08:15.053  6095  6095 I AconfigPackage: com.android.system.virtualmachine.flags is mapped to com.android.virt
05-25 02:08:15.054  6095  6095 E FeatureFlagsImplExport: android.os.flagging.AconfigStorageReadException: ERROR_PACKAGE_NOT_FOUND: package android.xr cannot be found on the device
05-25 02:08:15.056  6095  6095 D UiAutomationConnection: Created on user UserHandle{0}
05-25 02:08:15.056  6095  6095 I UiAutomation: Initialized for user 0 on display 0
05-25 02:08:15.056  6095  6095 W UiAutomation: Created with deprecatead constructor, assumes DEFAULT_DISPLAY
05-25 02:08:15.056   755  1251 D AccessibilityManagerService: changeCurrentUserForTestAutomationIfNeededLocked(0): ignoring because device doesn't support visible background users
05-25 02:08:15.056   755  1251 I UiAutomationManager: Registering UiTestAutomationService (id=com.android.server.accessibility/UiAutomation, flags=0x0) when called by user 0
05-25 02:08:15.056   755  1251 V AccessibilityManagerService: onUserStateChangedLocked for userId: 0, forceUpdate: false
05-25 02:08:15.057   755  1251 V AccessibilityUserState: updateShortcutTargets: type:accessibility_shortcut_target_service, current:{}, new:{}
05-25 02:08:15.057   755  1251 V AccessibilityUserState: updateShortcutTargets: type:accessibility_button_targets, current:{}, new:{}
05-25 02:08:15.057   755  1251 V AccessibilityUserState: updateShortcutTargets: type:accessibility_gesture_targets, current:{}, new:{}
05-25 02:08:15.057   755  1251 V AccessibilityUserState: updateShortcutTargets: type:accessibility_qs_targets, current:{}, new:{}
05-25 02:08:15.057   755  1251 V AccessibilityUserState: updateShortcutTargets: type:accessibility_key_gesture_targets, current:{}, new:{}
05-25 02:08:15.057   755  1251 W MagnificationConnectionManager: requestConnection duplicated request: connect=false, mConnectionState=DISCONNECTED
05-25 02:08:15.057  1546  2095 I AiAiEcho: Settings changed for uri: content://settings/secure/accessibility_enabled
05-25 02:08:15.058  1546  1927 I AiAiEcho: Predicting[0]:  [CONTEXT sampling_count=5 ]
05-25 02:08:15.058  1546  1927 I AiAiEcho: EchoTargets: 
05-25 02:08:15.058  1546  1927 I AiAiEcho: Filtered by AiAi flag check: 
05-25 02:08:15.058  1546  1927 I AiAiEcho: [CONTEXT ratelimit_period="10 SECONDS" ]
05-25 02:08:15.058  1546  1927 I AiAiEcho: #remoteViewsTwiddler: feature disabled.
05-25 02:08:15.058  1546  1927 I AiAiEcho: Predicting[0]:  [CONTEXT sampling_count=5 ]
05-25 02:08:15.059   755   755 W libbinder.IPCThreadState: Sending oneway calls to frozen process.
05-25 02:08:15.059   755   755 W libbinder.IPCThreadState: Sending oneway calls to frozen process.
05-25 02:08:15.059   755   755 W libbinder.IPCThreadState: Sending oneway calls to frozen process.
05-25 02:08:15.059   755   755 W libbinder.IPCThreadState: Sending oneway calls to frozen process.
05-25 02:08:15.059   755   755 W libbinder.IPCThreadState: Sending oneway calls to frozen process.
05-25 02:08:15.059  1546  1927 I AiAiEcho: EchoTargets: 
05-25 02:08:15.059  1546  1927 I AiAiEcho: Filtered by AiAi flag check: 
05-25 02:08:15.059  1546  1927 I AiAiEcho: [CONTEXT ratelimit_period="10 SECONDS" ]
05-25 02:08:15.059   755   755 W libbinder.IPCThreadState: Sending oneway calls to frozen process.
05-25 02:08:15.059   755   755 W libbinder.IPCThreadState: Sending oneway calls to frozen process.
05-25 02:08:15.059  1546  1927 I AiAiEcho: #remoteViewsTwiddler: feature disabled.
05-25 02:08:15.059   755   755 W libbinder.IPCThreadState: Sending oneway calls to frozen process.
05-25 02:08:15.059   755   755 W libbinder.IPCThreadState: Sending oneway calls to frozen process.
05-25 02:08:15.059   755   755 W libbinder.IPCThreadState: Sending oneway calls to frozen process.
05-25 02:08:15.059   755   755 W libbinder.IPCThreadState: Sending oneway calls to frozen process.
05-25 02:08:15.060  1546  1927 I AiAiEcho: #postPredictionTargets: Sending updates to UISurface lockscreen with targets# 0 (types=[])
05-25 02:08:15.060  1546  1927 I AiAiEcho: #postPredictionTargets: Sending updates to UISurface home with targets# 0 (types=[])
05-25 02:08:15.061   755   755 W libbinder.IPCThreadState: Sending oneway calls to frozen process.
05-25 02:08:15.062   755   755 W libbinder.IPCThreadState: Sending oneway calls to frozen process.
05-25 02:08:15.062   755   755 W libbinder.IPCThreadState: Sending oneway calls to frozen process.
05-25 02:08:15.062   755   755 W libbinder.IPCThreadState: Sending oneway calls to frozen process.
05-25 02:08:15.063   755  1865 V AccessibilityManagerService: onUserStateChangedLocked for userId: 0, forceUpdate: false
05-25 02:08:15.063   755   755 W libbinder.IPCThreadState: Sending oneway calls to frozen process.
05-25 02:08:15.064   755   755 W libbinder.IPCThreadState: Sending oneway calls to frozen process.
05-25 02:08:15.064   755   755 W libbinder.IPCThreadState: Sending oneway calls to frozen process.
05-25 02:08:15.064   755   755 W libbinder.IPCThreadState: Sending oneway calls to frozen process.
05-25 02:08:15.064   755  1865 V AccessibilityUserState: updateShortcutTargets: type:accessibility_shortcut_target_service, current:{}, new:{}
05-25 02:08:15.064   755  1865 V AccessibilityUserState: updateShortcutTargets: type:accessibility_button_targets, current:{}, new:{}
05-25 02:08:15.064   755  1865 V AccessibilityUserState: updateShortcutTargets: type:accessibility_gesture_targets, current:{}, new:{}
05-25 02:08:15.064   755  1865 V AccessibilityUserState: updateShortcutTargets: type:accessibility_qs_targets, current:{}, new:{}
05-25 02:08:15.064   755  1865 V AccessibilityUserState: updateShortcutTargets: type:accessibility_key_gesture_targets, current:{}, new:{}
05-25 02:08:15.064   755  1865 W MagnificationConnectionManager: requestConnection duplicated request: connect=false, mConnectionState=DISCONNECTED
05-25 02:08:15.064  1546  2095 I AiAiEcho: Settings changed for uri: content://settings/secure/accessibility_enabled
05-25 02:08:15.065   755   755 W libbinder.IPCThreadState: Sending oneway calls to frozen process.
05-25 02:08:15.065   755   755 W libbinder.IPCThreadState: Sending oneway calls to frozen process.
05-25 02:08:15.065  1546  1927 I AiAiEcho: Predicting[0]:  [CONTEXT sampling_count=5 ]
05-25 02:08:15.065  1546  1927 I AiAiEcho: EchoTargets: 
05-25 02:08:15.065  1546  1927 I AiAiEcho: Filtered by AiAi flag check: 
05-25 02:08:15.065  1546  1927 I AiAiEcho: [CONTEXT ratelimit_period="10 SECONDS" ]
05-25 02:08:15.065  1546  1927 I AiAiEcho: #remoteViewsTwiddler: feature disabled.
05-25 02:08:15.065  1546  1927 I AiAiEcho: Predicting[0]:  [CONTEXT sampling_count=5 ]
05-25 02:08:15.065  1546  1927 I AiAiEcho: EchoTargets: 
05-25 02:08:15.065  1546  1927 I AiAiEcho: Filtered by AiAi flag check: 
05-25 02:08:15.065  1546  1927 I AiAiEcho: [CONTEXT ratelimit_period="10 SECONDS" ]
05-25 02:08:15.065  1546  1927 I AiAiEcho: #remoteViewsTwiddler: feature disabled.
05-25 02:08:15.066  1546  1927 I AiAiEcho: #postPredictionTargets: Sending updates to UISurface lockscreen with targets# 0 (types=[])
05-25 02:08:15.066  1546  1927 I AiAiEcho: #postPredictionTargets: Sending updates to UISurface home with targets# 0 (types=[])
05-25 02:08:15.067   755   755 D BatterySaverPolicy: accessibility changed to true, updating policy.
05-25 02:08:15.067   755   755 W libbinder.IPCThreadState: Sending oneway calls to frozen process.
05-25 02:08:15.067   755   755 W libbinder.IPCThreadState: Sending oneway calls to frozen process.
05-25 02:08:15.067   755   755 W libbinder.IPCThreadState: Sending oneway calls to frozen process.
05-25 02:08:15.067   755   755 W libbinder.IPCThreadState: Sending oneway calls to frozen process.
05-25 02:08:15.067   755   755 W libbinder.IPCThreadState: Sending oneway calls to frozen process.
05-25 02:08:15.067   755   755 W libbinder.IPCThreadState: Sending oneway calls to frozen process.
05-25 02:08:15.067   755   755 W libbinder.IPCThreadState: Sending oneway calls to frozen process.
05-25 02:08:15.068   755   755 W libbinder.IPCThreadState: Sending oneway calls to frozen process.
05-25 02:08:15.068   755   755 W libbinder.IPCThreadState: Sending oneway calls to frozen process.
05-25 02:08:15.068   755   755 W libbinder.IPCThreadState: Sending oneway calls to frozen process.
05-25 02:08:15.068   755   755 W libbinder.IPCThreadState: Sending oneway calls to frozen process.
05-25 02:08:15.068   755   755 W libbinder.IPCThreadState: Sending oneway calls to frozen process.
05-25 02:08:15.068   755   755 W libbinder.IPCThreadState: Sending oneway calls to frozen process.
05-25 02:08:15.068   755   755 W libbinder.IPCThreadState: Sending oneway calls to frozen process.
05-25 02:08:15.068  1012  1012 W SsPagerDots: Total number of pages invalid: 0. Assuming 1 page.
05-25 02:08:15.069  1012  1012 W SsPagerDots: Total number of pages invalid: 0. Assuming 1 page.
05-25 02:08:15.069   755  1928 D AccessibilityManagerService: .getAccessibilityShortcutTargets {shortcutType=32, userId=0}
05-25 02:08:15.138   755   906 I HalDevMgr: bestIfaceCreationProposal is null, requestIface=STA, existingIface=[name=wlan0 type=STA]
05-25 02:08:16.090  6095  6095 W AccessibilityNodeInfoDumper: Fetch time: 1ms
05-25 02:08:16.092   755  1931 V AccessibilityManagerService: onUserStateChangedLocked for userId: 0, forceUpdate: false
05-25 02:08:16.092   755  1931 V AccessibilityUserState: updateShortcutTargets: type:accessibility_shortcut_target_service, current:{}, new:{}
05-25 02:08:16.092   755  1931 V AccessibilityUserState: updateShortcutTargets: type:accessibility_button_targets, current:{}, new:{}
05-25 02:08:16.092   755  1931 V AccessibilityUserState: updateShortcutTargets: type:accessibility_gesture_targets, current:{}, new:{}
05-25 02:08:16.093   755  1931 V AccessibilityUserState: updateShortcutTargets: type:accessibility_qs_targets, current:{}, new:{}
05-25 02:08:16.093   755  1931 V AccessibilityUserState: updateShortcutTargets: type:accessibility_key_gesture_targets, current:{}, new:{}
05-25 02:08:16.093   755  1931 W MagnificationConnectionManager: requestConnection duplicated request: connect=false, mConnectionState=DISCONNECTED
05-25 02:08:16.093   755  1931 D AccessibilityManagerService: restoreCurrentUserForTestAutomationIfNeededLocked(): ignoring because device doesn't support visible background users
05-25 02:08:16.093  1546  2095 I AiAiEcho: Settings changed for uri: content://settings/secure/accessibility_enabled
05-25 02:08:16.093   755   755 W libbinder.IPCThreadState: Sending oneway calls to frozen process.
05-25 02:08:16.093   755   755 W libbinder.IPCThreadState: Sending oneway calls to frozen process.
05-25 02:08:16.093   755   755 W libbinder.IPCThreadState: Sending oneway calls to frozen process.
05-25 02:08:16.093   755   755 W libbinder.IPCThreadState: Sending oneway calls to frozen process.
05-25 02:08:16.093   755   755 W libbinder.IPCThreadState: Sending oneway calls to frozen process.
05-25 02:08:16.093  1546  1927 I AiAiEcho: Predicting[0]:  [CONTEXT sampling_count=5 ]
05-25 02:08:16.093  1546  1927 I AiAiEcho: EchoTargets: 
05-25 02:08:16.093  1546  1927 I AiAiEcho: Filtered by AiAi flag check: 
05-25 02:08:16.093  1546  1927 I AiAiEcho: [CONTEXT ratelimit_period="10 SECONDS" ]
05-25 02:08:16.093  1546  1927 I AiAiEcho: #remoteViewsTwiddler: feature disabled.
05-25 02:08:16.094  1546  1927 I AiAiEcho: Predicting[0]:  [CONTEXT sampling_count=5 ]
05-25 02:08:16.094  1546  1927 I AiAiEcho: EchoTargets: 
05-25 02:08:16.094  1546  1927 I AiAiEcho: Filtered by AiAi flag check: 
05-25 02:08:16.094  1546  1927 I AiAiEcho: [CONTEXT ratelimit_period="10 SECONDS" ]
05-25 02:08:16.094  1546  1927 I AiAiEcho: #remoteViewsTwiddler: feature disabled.
05-25 02:08:16.094   755   755 W libbinder.IPCThreadState: Sending oneway calls to frozen process.
05-25 02:08:16.094   755   755 W libbinder.IPCThreadState: Sending oneway calls to frozen process.
05-25 02:08:16.094   755   755 W libbinder.IPCThreadState: Sending oneway calls to frozen process.
05-25 02:08:16.094   755   755 W libbinder.IPCThreadState: Sending oneway calls to frozen process.
05-25 02:08:16.094   755   755 W libbinder.IPCThreadState: Sending oneway calls to frozen process.
05-25 02:08:16.094   755   755 W libbinder.IPCThreadState: Sending oneway calls to frozen process.
05-25 02:08:16.095   755   755 W libbinder.IPCThreadState: Sending oneway calls to frozen process.
05-25 02:08:16.095   755   755 W libbinder.IPCThreadState: Sending oneway calls to frozen process.
05-25 02:08:16.095   755   755 W libbinder.IPCThreadState: Sending oneway calls to frozen process.
05-25 02:08:16.095   755   755 W libbinder.IPCThreadState: Sending oneway calls to frozen process.
05-25 02:08:16.095   755   755 W libbinder.IPCThreadState: Sending oneway calls to frozen process.
05-25 02:08:16.095   755   755 W libbinder.IPCThreadState: Sending oneway calls to frozen process.
05-25 02:08:16.095   755   755 W libbinder.IPCThreadState: Sending oneway calls to frozen process.
05-25 02:08:16.095   755   755 W libbinder.IPCThreadState: Sending oneway calls to frozen process.
05-25 02:08:16.095   755   755 W libbinder.IPCThreadState: Sending oneway calls to frozen process.
05-25 02:08:16.095   755   755 W libbinder.IPCThreadState: Sending oneway calls to frozen process.
05-25 02:08:16.095   755   755 D BatterySaverPolicy: accessibility changed to false, updating policy.
05-25 02:08:16.095  6095  6095 D AndroidRuntime: Shutting down VM
05-25 02:08:16.096  6095  6104 W libbinder.IPCThreadState: call to talkWithDriver in joinThreadPool returned error: -9 (Bad file descriptor), FD: -1
05-25 02:08:16.096  6095  6107 W libbinder.IPCThreadState: call to talkWithDriver in joinThreadPool returned error: -9 (Bad file descriptor), FD: -1
05-25 02:08:16.096  6095  6103 W libbinder.IPCThreadState: call to talkWithDriver in joinThreadPool returned error: -9 (Bad file descriptor), FD: -1
05-25 02:08:16.096  1546  1927 I AiAiEcho: #postPredictionTargets: Sending updates to UISurface lockscreen with targets# 0 (types=[])
05-25 02:08:16.096  6095  6108 W libbinder.IPCThreadState: call to talkWithDriver in joinThreadPool returned error: -9 (Bad file descriptor), FD: -1
05-25 02:08:16.097  1546  1927 I AiAiEcho: #postPredictionTargets: Sending updates to UISurface home with targets# 0 (types=[])
05-25 02:08:16.097  1012  1012 W SsPagerDots: Total number of pages invalid: 0. Assuming 1 page.
05-25 02:08:16.319  1529  1529 D WM-DelayedWorkTracker: Scheduling work 972c7387-1776-44f4-9aae-6d8d09828523
05-25 02:08:16.319  1529  1529 D WM-GreedyScheduler: Starting tracking for 972c7387-1776-44f4-9aae-6d8d09828523
05-25 02:08:16.320  1529  1874 D WM-ConstraintTracker: BatteryNotLowTracker: initial state = true
05-25 02:08:16.320  1529  1874 D WM-BrdcstRcvrCnstrntTrc: BatteryNotLowTracker: registering receiver
05-25 02:08:16.321  1529  1874 D WM-GreedyScheduler: Constraints met: Scheduling work ID WorkGenerationalId(workSpecId=972c7387-1776-44f4-9aae-6d8d09828523, generation=0)
05-25 02:08:16.322  1529  1874 D WM-Processor: Processor: processing WorkGenerationalId(workSpecId=972c7387-1776-44f4-9aae-6d8d09828523, generation=0)
05-25 02:08:16.323  1529  1529 D WM-WorkerWrapper: Starting work for com.android.providers.media.photopicker.sync.ProactiveSyncWorker
05-25 02:08:16.323  1529  6109 I PSyncWorker: Starting proactive picker sync from sync source: 1
05-25 02:08:16.323  1529  6109 I PickerSyncTracker: Created new sync future java.util.concurrent.CompletableFuture@e18db39[Not completed, 1 dependents]. Future map: {972c7387-1776-44f4-9aae-6d8d09828523=java.util.concurrent.CompletableFuture@e18db39[Not completed, 1 dependents]}
05-25 02:08:16.323  1529  6109 D PickerSyncController: syncAllMediaFromProvider() LOCAL, auth=com.android.providers.media.photopicker, retry=true
05-25 02:08:16.324  1529  6109 D PickerSyncController: getSyncRequestParams() LOCAL, auth=com.android.providers.media.photopicker
05-25 02:08:16.325  1529  6109 D PickerSyncController:    Latest ID/Gen=92835bc8fd6dde81:external_primary/2394
05-25 02:08:16.325  1529  6109 D PickerSyncController:    Cached ID/Gen=92835bc8fd6dde81:external_primary/2385
05-25 02:08:16.325  1529  6109 D PickerSyncController:    RESULT=SyncRequestParams{type=MEDIA_INCREMENTAL, gen=2385, latest=Bundle[{last_media_sync_generation=2394, media_collection_id=92835bc8fd6dde81:external_primary}], pageSize=1000}
05-25 02:08:16.325  1529  6109 I PickerSyncController: Executing SyncAdd. isLocal: true. authority: com.android.providers.media.photopicker
05-25 02:08:16.325  1529  6109 D PickerSyncLockManager: Trying to acquire lock com.android.providers.media.photopicker.sync.CloseableReentrantLock@cffd47[Unlocked]. Lock Name = CLOUD_PROVIDER_LOCK. Threads that may be waiting to acquire this lock = [] with timeout.
05-25 02:08:16.325  1529  6109 D CloseableReentrantLock: Successfully acquired lock com.android.providers.media.photopicker.sync.CloseableReentrantLock@cffd47[Locked by thread pool-4-thread-20]. Lock Name = CLOUD_PROVIDER_LOCK. Threads that may be waiting to acquire this lock = []
05-25 02:08:16.325  1529  6109 D CloseableReentrantLock: Successfully released lock com.android.providers.media.photopicker.sync.CloseableReentrantLock@cffd47[Unlocked]. Lock Name = CLOUD_PROVIDER_LOCK. Threads that may be waiting to acquire this lock = []
05-25 02:08:16.325  1529  6109 D ExternalDbFacade: Token received for queryMedia = null
05-25 02:08:16.326  1529  6109 D PickerSyncLockManager: Trying to acquire lock com.android.providers.media.photopicker.sync.CloseableReentrantLock@cffd47[Unlocked]. Lock Name = CLOUD_PROVIDER_LOCK. Threads that may be waiting to acquire this lock = [] with timeout.
05-25 02:08:16.326  1529  6109 D CloseableReentrantLock: Successfully acquired lock com.android.providers.media.photopicker.sync.CloseableReentrantLock@cffd47[Locked by thread pool-4-thread-20]. Lock Name = CLOUD_PROVIDER_LOCK. Threads that may be waiting to acquire this lock = []
05-25 02:08:16.326  1529  6109 D PickerSyncController: Saving next page token: 1779671294000|212 for key: local_provider:media_add:resume
05-25 02:08:16.326  1529  6109 D CloseableReentrantLock: Successfully released lock com.android.providers.media.photopicker.sync.CloseableReentrantLock@cffd47[Unlocked]. Lock Name = CLOUD_PROVIDER_LOCK. Threads that may be waiting to acquire this lock = []
05-25 02:08:16.326  1529  6109 D PickerNotificationSender: Sending a notification for media update
05-25 02:08:16.329  1529  6109 D PickerNotificationSender: Sending a notification for merged album media update Videos
05-25 02:08:16.329  1529  6109 D PickerNotificationSender: Sending a notification for album media update Videos
05-25 02:08:16.329  1529  6109 D PickerNotificationSender: Sending a notification for merged album media update Favorites
05-25 02:08:16.329  1529  6109 D PickerNotificationSender: Sending a notification for album media update Favorites
05-25 02:08:16.330  1529  6109 D ExternalDbFacade: Token received for queryMedia = 1779671294000|212
05-25 02:08:16.330  1529  6109 D PickerSyncLockManager: Trying to acquire lock com.android.providers.media.photopicker.sync.CloseableReentrantLock@cffd47[Unlocked]. Lock Name = CLOUD_PROVIDER_LOCK. Threads that may be waiting to acquire this lock = [] with timeout.
05-25 02:08:16.330  1529  6109 D CloseableReentrantLock: Successfully acquired lock com.android.providers.media.photopicker.sync.CloseableReentrantLock@cffd47[Locked by thread pool-4-thread-20]. Lock Name = CLOUD_PROVIDER_LOCK. Threads that may be waiting to acquire this lock = []
05-25 02:08:16.330  1529  6109 D PickerSyncController: Clearing next page token for key: local_provider:media_add:resume
05-25 02:08:16.330  1529  6109 D CloseableReentrantLock: Successfully released lock com.android.providers.media.photopicker.sync.CloseableReentrantLock@cffd47[Unlocked]. Lock Name = CLOUD_PROVIDER_LOCK. Threads that may be waiting to acquire this lock = []
05-25 02:08:16.330  1529  6109 D PickerNotificationSender: Sending a notification for media update
05-25 02:08:16.331  1529  6109 D PickerNotificationSender: Sending a notification for merged album media update Videos
05-25 02:08:16.331  1529  6109 D PickerNotificationSender: Sending a notification for album media update Videos
05-25 02:08:16.331  1529  6109 D PickerNotificationSender: Sending a notification for merged album media update Favorites
05-25 02:08:16.331  1529  6109 D PickerNotificationSender: Sending a notification for album media update Favorites
05-25 02:08:16.332  1529  6109 I PickerSyncController: Paged sync successful. QueryArgs: Bundle[{android.provider.extra.PAGE_TOKEN=1779671294000|212, android.provider.extra.SYNC_GENERATION=2385, android.provider.extra.PAGE_SIZE=1000}] Total Rows: 1
05-25 02:08:16.332  1529  6109 I PickerSyncController: Executing SyncRemove. isLocal: true. authority: com.android.providers.media.photopicker
05-25 02:08:16.332  1529  6109 D PickerSyncLockManager: Trying to acquire lock com.android.providers.media.photopicker.sync.CloseableReentrantLock@cffd47[Unlocked]. Lock Name = CLOUD_PROVIDER_LOCK. Threads that may be waiting to acquire this lock = [] with timeout.
05-25 02:08:16.332  1529  6109 D CloseableReentrantLock: Successfully acquired lock com.android.providers.media.photopicker.sync.CloseableReentrantLock@cffd47[Locked by thread pool-4-thread-20]. Lock Name = CLOUD_PROVIDER_LOCK. Threads that may be waiting to acquire this lock = []
05-25 02:08:16.332  1529  6109 D CloseableReentrantLock: Successfully released lock com.android.providers.media.photopicker.sync.CloseableReentrantLock@cffd47[Unlocked]. Lock Name = CLOUD_PROVIDER_LOCK. Threads that may be waiting to acquire this lock = []
05-25 02:08:16.337  1529  6109 D PickerSyncLockManager: Trying to acquire lock com.android.providers.media.photopicker.sync.CloseableReentrantLock@cffd47[Unlocked]. Lock Name = CLOUD_PROVIDER_LOCK. Threads that may be waiting to acquire this lock = [] with timeout.
05-25 02:08:16.337  1529  6109 D CloseableReentrantLock: Successfully acquired lock com.android.providers.media.photopicker.sync.CloseableReentrantLock@cffd47[Locked by thread pool-4-thread-20]. Lock Name = CLOUD_PROVIDER_LOCK. Threads that may be waiting to acquire this lock = []
05-25 02:08:16.337  1529  6109 D PickerSyncController: Clearing next page token for key: local_provider:media_remove:resume
05-25 02:08:16.337  1529  6109 D CloseableReentrantLock: Successfully released lock com.android.providers.media.photopicker.sync.CloseableReentrantLock@cffd47[Unlocked]. Lock Name = CLOUD_PROVIDER_LOCK. Threads that may be waiting to acquire this lock = []
05-25 02:08:16.337  1529  6109 D PickerNotificationSender: Sending a notification for media update
05-25 02:08:16.337  1529  6109 D PickerNotificationSender: Sending a notification for merged album media update Videos
05-25 02:08:16.337  1529  6109 D PickerNotificationSender: Sending a notification for album media update Videos
05-25 02:08:16.337  1529  6109 D PickerNotificationSender: Sending a notification for merged album media update Favorites
05-25 02:08:16.337  1529  6109 D PickerNotificationSender: Sending a notification for album media update Favorites
05-25 02:08:16.338  1529  6109 I PickerSyncController: Paged sync successful. QueryArgs: Bundle[{android.provider.extra.PAGE_TOKEN=1779671294000|212, android.provider.extra.SYNC_GENERATION=2385, android.provider.extra.PAGE_SIZE=1000}] Total Rows: 0
05-25 02:08:16.338  1529  6109 I PickerSyncTracker: Marked sync future complete for work id: 972c7387-1776-44f4-9aae-6d8d09828523. Future map: {}
05-25 02:08:16.338  1529  6109 I PSyncWorker: Completed picker proactive sync complete from local provider.
05-25 02:08:16.339  1529  1868 I WM-WorkerWrapper: Worker result SUCCESS for Work [ id=972c7387-1776-44f4-9aae-6d8d09828523, tags={ com.android.providers.media.photopicker.sync.ProactiveSyncWorker } ]
05-25 02:08:16.339  1529  1529 D WM-Processor: Processor 972c7387-1776-44f4-9aae-6d8d09828523 executed; reschedule = false
05-25 02:08:16.339  1529  1529 D WM-GreedyScheduler: Stopping tracking for WorkGenerationalId(workSpecId=972c7387-1776-44f4-9aae-6d8d09828523, generation=0)
05-25 02:08:16.341  1529  1868 D WM-GreedyScheduler: Cancelling work ID 972c7387-1776-44f4-9aae-6d8d09828523
05-25 02:08:16.341  1529  1868 D WM-GreedyScheduler: Ignoring {WorkSpec: fce74054-5d75-49ac-b1fb-61b1c63b64d1}. Requires device idle.
05-25 02:08:16.341  1529  1868 D WM-GreedyScheduler: Ignoring {WorkSpec: 748d3965-3023-45a6-9a32-baafa7d90ebf}. Requires device idle.
05-25 02:08:16.341  1529  1868 D WM-GreedyScheduler: Ignoring {WorkSpec: bbc248da-5aec-4565-83d8-ed90ba3a683c}. Requires device idle.
05-25 02:08:16.341  1529  1868 D WM-GreedyScheduler: Ignoring {WorkSpec: a7b8fc44-3a39-43d5-96b8-cef5bb529d35}. Requires device idle.
05-25 02:08:16.341  1529  1727 D WM-BrdcstRcvrCnstrntTrc: BatteryNotLowTracker: unregistering receiver
05-25 02:08:18.147   755   906 I HalDevMgr: bestIfaceCreationProposal is null, requestIface=STA, existingIface=[name=wlan0 type=STA]
05-25 02:08:18.189   755  1931 D WifiNl80211Manager: Scan result ready event
05-25 02:08:18.189   755  1931 D WifiNative: Scan result ready event
05-25 02:08:18.190  1334  1505 I WifiScanner: onFullResults
05-25 02:08:18.190  1334  1505 I WifiScanner: onFullResults
05-25 02:08:18.190   755   906 I HalDevMgr: bestIfaceCreationProposal is null, requestIface=STA, existingIface=[name=wlan0 type=STA]
05-25 02:08:19.819   755   854 D ActivityManager: freezing 1484 com.google.android.gms
05-25 02:08:20.747   755   785 W libbinder.IPCThreadState: Sending oneway calls to frozen process.
05-25 02:08:20.747   755   785 W libbinder.IPCThreadState: Sending oneway calls to frozen process.
05-25 02:08:21.149   755   906 I HalDevMgr: bestIfaceCreationProposal is null, requestIface=STA, existingIface=[name=wlan0 type=STA]
05-25 02:08:21.791   755   785 W libbinder.IPCThreadState: Sending oneway calls to frozen process.
05-25 02:08:23.806  1139  1263 D SatelliteController: iisInCarrierRoamingNbIotNtn: satellite is disabled
05-25 02:08:23.806  1139  1263 D SatelliteController: getCarrierRoamingNtnConnectType: Falling back to global carrier config connect type: 0
05-25 02:08:23.806   755  1931 W libbinder.IPCThreadState: Sending oneway calls to frozen process.
05-25 02:08:24.155   755   906 I HalDevMgr: bestIfaceCreationProposal is null, requestIface=STA, existingIface=[name=wlan0 type=STA]
05-25 02:08:24.814   755   845 D OomAdjuster: Not killing cached processes
05-25 02:08:24.832   755   845 D ActivityManager: sync unfroze 2368 com.google.android.apps.photos for 6
05-25 02:08:24.847  2368  2904 W JobInfo : Requested important-while-foreground flag for job555000105 is ignored and takes no effect
05-25 02:08:24.847   755  1928 W ProcessStats: Tracking association SourceState{a3049ec system/1000 ImpBg #2099} whose proc state 6 is better than process ProcessState{1341b4b com.google.android.apps.photos/10162 pkg=com.google.android.apps.photos} proc state 14 (0 skipped)
05-25 02:08:24.856   755  1928 D ConnectivityService: requestNetwork for uid/pid:10162/2368 activeRequest: null callbackRequest: 181 [NetworkRequest [ REQUEST id=182, [ Capabilities: INTERNET&NOT_RESTRICTED&TRUSTED&NOT_VCN_MANAGED&NOT_BANDWIDTH_CONSTRAINED Uid: 10162 RequestorUid: 10162 RequestorPkg: com.google.android.apps.photos UnderlyingNetworks: Null] ]] callback flags: 0 order: 2147483647 isUidTracked: false declaredMethods: AVAIL|LOST|NC|BLK
05-25 02:08:24.859   755   906 D WifiNetworkFactory: got request NetworkRequest [ REQUEST id=182, [ Capabilities: INTERNET&NOT_RESTRICTED&TRUSTED&NOT_VCN_MANAGED&NOT_BANDWIDTH_CONSTRAINED Uid: 10162 RequestorUid: 10162 RequestorPkg: com.google.android.apps.photos UnderlyingNetworks: Null] ]
05-25 02:08:24.859   755   916 D ConnectivityService: NetReassign [182 : null → 100] [c 1] [a 1] [i 1]
05-25 02:08:24.859   755   906 D UntrustedWifiNetworkFactory: got request NetworkRequest [ REQUEST id=182, [ Capabilities: INTERNET&NOT_RESTRICTED&TRUSTED&NOT_VCN_MANAGED&NOT_BANDWIDTH_CONSTRAINED Uid: 10162 RequestorUid: 10162 RequestorPkg: com.google.android.apps.photos UnderlyingNetworks: Null] ]
05-25 02:08:24.859   755   906 D OemPaidWifiNetworkFactory: got request NetworkRequest [ REQUEST id=182, [ Capabilities: INTERNET&NOT_RESTRICTED&TRUSTED&NOT_VCN_MANAGED&NOT_BANDWIDTH_CONSTRAINED Uid: 10162 RequestorUid: 10162 RequestorPkg: com.google.android.apps.photos UnderlyingNetworks: Null] ]
05-25 02:08:24.862   755   906 D MultiInternetWifiNetworkFactory: got request NetworkRequest [ REQUEST id=182, [ Capabilities: INTERNET&NOT_RESTRICTED&TRUSTED&NOT_VCN_MANAGED&NOT_BANDWIDTH_CONSTRAINED Uid: 10162 RequestorUid: 10162 RequestorPkg: com.google.android.apps.photos UnderlyingNetworks: Null] ]
05-25 02:08:24.865   755  1928 W JobScheduler: Job didn't exist in JobStore: c5f5ff2 #u0a162/1034 com.google.android.apps.photos/com.google.android.libraries.social.mediamonitor.MediaMonitorJobSchedulerService
05-25 02:08:24.869   755  1928 W UriGrantsManagerService: No permission grants found for com.google.android.apps.photos
05-25 02:08:24.869   755  1928 W UriGrantsManagerService: No permission grants found for com.google.android.apps.photos
05-25 02:08:24.942   755  1931 W JobInfo : Job 'com.google.android.apps.photos/com.google.android.libraries.social.async.BackgroundTaskJobService#1043' has a deadline with no functional constraints. The deadline won't improve job execution latency. Consider removing the deadline.
05-25 02:08:24.962   755   771 W UriGrantsManagerService: No permission grants found for com.google.android.apps.photos
05-25 02:08:24.962   755   771 W UriGrantsManagerService: No permission grants found for com.google.android.apps.photos
05-25 02:08:24.989  2368  6114 I XmpUtil : XMP parse: only JPEG file is supported
05-25 02:08:24.989  2368  6113 I XmpUtil : XMP parse: only JPEG file is supported
05-25 02:08:25.033   755  1931 W UriGrantsManagerService: No permission grants found for com.google.android.apps.photos
05-25 02:08:25.034   755  1931 W UriGrantsManagerService: No permission grants found for com.google.android.apps.photos
05-25 02:08:25.054   755  1865 W JobInfo : Job 'com.google.android.apps.photos/com.google.android.libraries.social.async.BackgroundTaskJobService#1043' has a deadline with no functional constraints. The deadline won't improve job execution latency. Consider removing the deadline.
05-25 02:08:25.060   755   785 W libbinder.IPCThreadState: Sending oneway calls to frozen process.
05-25 02:08:25.065   755   785 W libbinder.IPCThreadState: Sending oneway calls to frozen process.
05-25 02:08:26.097   755   785 W libbinder.IPCThreadState: Sending oneway calls to frozen process.
05-25 02:08:27.159   755   906 I HalDevMgr: bestIfaceCreationProposal is null, requestIface=STA, existingIface=[name=wlan0 type=STA]
05-25 02:08:29.758   755  1931 D ActivityManager: sync unfroze 1484 com.google.android.gms for 6
05-25 02:08:29.765  1334  5928 I NetworkScheduler.Stats: (REDACTED) Task %s/%s started execution. cause:%s exec_start_elapsed_seconds: %s
05-25 02:08:29.771  1334  5574 I NetworkScheduler.Stats: (REDACTED) Task %s/%s finished executing. cause:%s result: %s elapsed_millis: %s uptime_millis: %s exec_start_elapsed_seconds: %s
05-25 02:08:29.865   755  2150 D OomAdjuster: Not killing cached processes
05-25 02:08:30.165   755   906 I HalDevMgr: bestIfaceCreationProposal is null, requestIface=STA, existingIface=[name=wlan0 type=STA]
05-25 02:08:33.170   755   906 I HalDevMgr: bestIfaceCreationProposal is null, requestIface=STA, existingIface=[name=wlan0 type=STA]
05-25 02:08:33.806  1139  1263 D SatelliteController: iisInCarrierRoamingNbIotNtn: satellite is disabled
05-25 02:08:33.806  1139  1263 D SatelliteController: getCarrierRoamingNtnConnectType: Falling back to global carrier config connect type: 0
05-25 02:08:33.807   755  2150 W libbinder.IPCThreadState: Sending oneway calls to frozen process.
05-25 02:08:35.944   755  2150 D OomAdjuster: Not killing cached processes
05-25 02:08:36.172   755   906 I HalDevMgr: bestIfaceCreationProposal is null, requestIface=STA, existingIface=[name=wlan0 type=STA]
05-25 02:08:39.180   755   906 I HalDevMgr: bestIfaceCreationProposal is null, requestIface=STA, existingIface=[name=wlan0 type=STA]
05-25 02:08:39.773  1484  6119 I GmscoreIpa: Starting mediastore instant index [CONTEXT service_id=255 ]
05-25 02:08:40.960   755   916 D InetDiagMessage: Destroyed 0 sockets, proto=IPPROTO_TCP, family=AF_INET, states=14
05-25 02:08:40.960   755   916 D InetDiagMessage: Destroyed 0 sockets, proto=IPPROTO_TCP, family=AF_INET6, states=14
05-25 02:08:40.960   755   916 D InetDiagMessage: Destroyed live tcp sockets for uids={10162} in 0ms
05-25 02:08:40.961   755   916 D InetDiagMessage: Destroyed 0 sockets, proto=IPPROTO_TCP, family=AF_INET, states=14
05-25 02:08:40.961   755   916 D InetDiagMessage: Destroyed 0 sockets, proto=IPPROTO_TCP, family=AF_INET6, states=14
05-25 02:08:40.961   755   916 D InetDiagMessage: Destroyed live tcp sockets for uids={20162} in 1ms
05-25 02:08:42.185   755   906 I HalDevMgr: bestIfaceCreationProposal is null, requestIface=STA, existingIface=[name=wlan0 type=STA]
05-25 02:08:43.807  1139  1263 D SatelliteController: iisInCarrierRoamingNbIotNtn: satellite is disabled
05-25 02:08:43.807  1139  1263 D SatelliteController: getCarrierRoamingNtnConnectType: Falling back to global carrier config connect type: 0
05-25 02:08:43.807   755  1928 W libbinder.IPCThreadState: Sending oneway calls to frozen process.
05-25 02:08:44.853   755  1928 D OomAdjuster: Not killing cached processes
05-25 02:08:45.190   755   906 I HalDevMgr: bestIfaceCreationProposal is null, requestIface=STA, existingIface=[name=wlan0 type=STA]
05-25 02:08:45.977   755   854 D ActivityManager: freezing 2368 com.google.android.apps.photos
05-25 02:08:45.981   755   916 D InetDiagMessage: Destroyed 0 sockets, proto=IPPROTO_TCP, family=AF_INET, states=14
05-25 02:08:45.982   755   916 D InetDiagMessage: Destroyed 0 sockets, proto=IPPROTO_TCP, family=AF_INET6, states=14
05-25 02:08:45.982   755   916 D InetDiagMessage: Destroyed live tcp sockets for uids={10162} in 1ms
05-25 02:08:48.196   755   906 I HalDevMgr: bestIfaceCreationProposal is null, requestIface=STA, existingIface=[name=wlan0 type=STA]
05-25 02:08:51.202   755   906 I HalDevMgr: bestIfaceCreationProposal is null, requestIface=STA, existingIface=[name=wlan0 type=STA]
05-25 02:08:53.806  1139  1263 D SatelliteController: iisInCarrierRoamingNbIotNtn: satellite is disabled
05-25 02:08:53.807  1139  1263 D SatelliteController: getCarrierRoamingNtnConnectType: Falling back to global carrier config connect type: 0
05-25 02:08:53.807   755  2150 W libbinder.IPCThreadState: Sending oneway calls to frozen process.
05-25 02:08:54.208   755   906 I HalDevMgr: bestIfaceCreationProposal is null, requestIface=STA, existingIface=[name=wlan0 type=STA]
05-25 02:08:56.792   755   854 D ActivityManager: freezing 1484 com.google.android.gms
05-25 02:08:57.214   755   906 I HalDevMgr: bestIfaceCreationProposal is null, requestIface=STA, existingIface=[name=wlan0 type=STA]
05-25 02:09:00.221   755   906 I HalDevMgr: bestIfaceCreationProposal is null, requestIface=STA, existingIface=[name=wlan0 type=STA]
05-25 02:09:03.225   755   906 I HalDevMgr: bestIfaceCreationProposal is null, requestIface=STA, existingIface=[name=wlan0 type=STA]
05-25 02:09:03.806  1139  1263 D SatelliteController: iisInCarrierRoamingNbIotNtn: satellite is disabled
05-25 02:09:03.807   755  2150 W libbinder.IPCThreadState: Sending oneway calls to frozen process.
05-25 02:09:03.807  1139  1263 D SatelliteController: getCarrierRoamingNtnConnectType: Falling back to global carrier config connect type: 0
05-25 02:09:06.231   755   906 I HalDevMgr: bestIfaceCreationProposal is null, requestIface=STA, existingIface=[name=wlan0 type=STA]
05-25 02:09:09.236   755   906 I HalDevMgr: bestIfaceCreationProposal is null, requestIface=STA, existingIface=[name=wlan0 type=STA]
05-25 02:09:12.245   755   906 I HalDevMgr: bestIfaceCreationProposal is null, requestIface=STA, existingIface=[name=wlan0 type=STA]
05-25 02:09:13.807  1139  1263 D SatelliteController: iisInCarrierRoamingNbIotNtn: satellite is disabled
05-25 02:09:13.807  1139  1263 D SatelliteController: getCarrierRoamingNtnConnectType: Falling back to global carrier config connect type: 0
05-25 02:09:13.807   755  2150 W libbinder.IPCThreadState: Sending oneway calls to frozen process.
05-25 02:09:15.250   755   906 I HalDevMgr: bestIfaceCreationProposal is null, requestIface=STA, existingIface=[name=wlan0 type=STA]
05-25 02:09:18.255   755   906 I HalDevMgr: bestIfaceCreationProposal is null, requestIface=STA, existingIface=[name=wlan0 type=STA]
