05-25 04:12:04.621 I/flutter (16696): [Main] Firebase initialised successfully
05-25 04:12:04.621 I/flutter (16696): [ConsentScreen] ConsentScreen: diagnostics consent=true
05-25 04:12:04.627 I/flutter (16696): [SupabaseService] [SupabaseService] Placeholder credentials detected - running in offline-only mode.
05-25 04:12:04.629 I/FirebaseCrashlytics(16696): No version control information found
05-25 04:12:04.633 W/libbinder.IPCThreadState(  663): Sending oneway calls to frozen process.
05-25 04:12:05.397 D/ActivityManager(  755): freezing 2490 com.android.vending
05-25 04:12:05.401 D/InetDiagMessage(  755): Destroyed 0 sockets, proto=IPPROTO_TCP, family=AF_INET, states=14
05-25 04:12:05.402 D/InetDiagMessage(  755): Destroyed 0 sockets, proto=IPPROTO_TCP, family=AF_INET6, states=14
05-25 04:12:05.402 D/InetDiagMessage(  755): Destroyed live tcp sockets for uids={10145} in 1ms
05-25 04:12:05.931 D/ActivityManager(  755): freezing 2218 com.google.android.apps.wellbeing
05-25 04:12:05.934 D/InetDiagMessage(  755): Destroyed 0 sockets, proto=IPPROTO_TCP, family=AF_INET, states=14
05-25 04:12:05.935 D/InetDiagMessage(  755): Destroyed 0 sockets, proto=IPPROTO_TCP, family=AF_INET6, states=14
05-25 04:12:05.935 D/InetDiagMessage(  755): Destroyed live tcp sockets for uids={10151} in 1ms
05-25 04:12:07.194 I/HalDevMgr(  755): bestIfaceCreationProposal is null, requestIface=STA, existingIface=[name=wlan0 type=STA]
05-25 04:12:07.563 D/ProfileInstaller(16696): Installing profile for com.tiarnanlarkin.danio
05-25 04:12:07.932 W/AS.PlaybackActivityMon(  755): No piid assigned for invalid/internal port id 15
05-25 04:12:07.960 D/WindowOnBackDispatcher(16696): setTopOnBackInvokedCallback (unwrapped): io.flutter.embedding.android.FlutterActivity$1@6f0874a
05-25 04:12:07.961 D/CoreBackPreview(  755): Window{b4fd55d u0 com.tiarnanlarkin.danio/com.tiarnanlarkin.danio.MainActivity}: Setting back callback OnBackInvokedCallbackInfo{mCallback=android.window.IOnBackInvokedCallback$Stub$Proxy@61d54d7, mPriority=0, mIsAnimationCallback=true, mOverrideBehavior=0}
05-25 04:12:08.787 W/AS.PlaybackActivityMon(  755): No piid assigned for invalid/internal port id 15
05-25 04:12:08.819 D/AudioFlinger(  615): mixer(0x762b98748790) throttle end: throttle time(33)
05-25 04:12:08.978 D/ActivityManager(  755): freezing 6183 com.android.keychain
05-25 04:12:08.983 D/ActivityManager(  755): freezing 1227 com.android.settings
05-25 04:12:08.983 D/ActivityManager(  755): freezing 2915 com.android.dynsystem:dynsystem
05-25 04:12:08.984 D/ActivityManager(  755): freezing 2874 com.android.dynsystem
05-25 04:12:09.903 W/libbinder.BackendUnifiedServiceManager(16775): Thread Pool max thread count is 0. Cannot cache binder as linkToDeath cannot be implemented. serviceName: SurfaceFlingerAIDL
05-25 04:12:09.904 W/libbinder.BpBinder(16775): Linking to death on android.gui.ISurfaceComposer but there are no threads (yet?) listening to incoming transactions. See ProcessState::startThreadPool and ProcessState::setThreadPoolMaxThreadCount. Generally you should setup the binder threadpool before other initialization steps.
05-25 04:12:09.904 W/libbinder.ProcessState(16775): Extra binder thread started, but 0 threads requested. Do not use *startThreadPool when zero threads are requested.
05-25 04:12:09.998 W/MediaProvider( 1529): isAppCloneUserPair for user 0: false
05-25 04:12:10.044 D/ActivityManager(  755): sync unfroze 1484 com.google.android.gms for 6
05-25 04:12:10.064 D/ActivityManager(  755): sync unfroze 9602 com.google.android.adservices.api for 6
05-25 04:12:10.073 W/ProcessStats(  755): Tracking association SourceState{120d728 com.google.android.gms/10147 ImpBg #6947} whose proc state 6 is better than process ProcessState{8a31b6 com.google.android.adservices.api/10202 pkg=com.google.android.adservices.api} proc state 14 (0 skipped)
05-25 04:12:10.076 I/NetworkScheduler.Stats( 1334): (REDACTED) Task %s/%s started execution. cause:%s exec_start_elapsed_seconds: %s
05-25 04:12:10.084 I/NetworkScheduler.Stats( 1334): (REDACTED) Task %s/%s finished executing. cause:%s result: %s elapsed_millis: %s uptime_millis: %s exec_start_elapsed_seconds: %s
05-25 04:12:10.168 I/ActivityManager(  755): Broadcasting: Intent { act=android.intent.action.MEDIA_SCANNER_SCAN_FILE dat=file:///... flg=0x400000 }
05-25 04:12:10.169 I/ActivityManager(  755): Enqueued broadcast Intent { act=android.intent.action.MEDIA_SCANNER_SCAN_FILE dat=file:///... flg=0x400000 }: 0
05-25 04:12:10.169 I/MediaServiceV2( 1529): Creating work for intent Intent { act=android.intent.action.MEDIA_SCANNER_SCAN_FILE dat=file:///... flg=0x1400010 cmp=com.google.android.providers.media.module/com.android.providers.media.MediaServiceV2 }
05-25 04:12:10.170 I/MediaServiceV2( 1529): Work enqueued for intent: Intent { act=android.intent.action.MEDIA_SCANNER_SCAN_FILE dat=file:///... flg=0x1400010 cmp=com.google.android.providers.media.module/com.android.providers.media.MediaServiceV2 }
05-25 04:12:10.170 I/ActivityManager(  755): Broadcast completed: result=0
05-25 04:12:10.195 W/JobInfo ( 1529): Requested important-while-foreground flag for job865 is ignored and takes no effect
05-25 04:12:10.195 D/WM-SystemJobScheduler( 1529): Scheduling work ID 90e60017-9492-4070-be23-535a9e9675bdJob ID 865
05-25 04:12:10.199 I/HalDevMgr(  755): bestIfaceCreationProposal is null, requestIface=STA, existingIface=[name=wlan0 type=STA]
05-25 04:12:10.201 D/WM-GreedyScheduler( 1529): Ignoring {WorkSpec: fce74054-5d75-49ac-b1fb-61b1c63b64d1}. Requires device idle.
05-25 04:12:10.202 D/WM-GreedyScheduler( 1529): Ignoring {WorkSpec: 748d3965-3023-45a6-9a32-baafa7d90ebf}. Requires device idle.
05-25 04:12:10.202 D/WM-GreedyScheduler( 1529): Ignoring {WorkSpec: bbc248da-5aec-4565-83d8-ed90ba3a683c}. Requires device idle.
05-25 04:12:10.202 D/WM-GreedyScheduler( 1529): Ignoring {WorkSpec: a7b8fc44-3a39-43d5-96b8-cef5bb529d35}. Requires device idle.
05-25 04:12:10.202 D/WM-GreedyScheduler( 1529): Starting work for 90e60017-9492-4070-be23-535a9e9675bd
05-25 04:12:10.202 D/WM-SystemJobService( 1529): onStartJob for WorkGenerationalId(workSpecId=90e60017-9492-4070-be23-535a9e9675bd, generation=0)
05-25 04:12:10.202 D/WM-Processor( 1529): Processor: processing WorkGenerationalId(workSpecId=90e60017-9492-4070-be23-535a9e9675bd, generation=0)
05-25 04:12:10.203 D/WM-Processor( 1529): Work WorkGenerationalId(workSpecId=90e60017-9492-4070-be23-535a9e9675bd, generation=0) is already enqueued for processing
05-25 04:12:10.204 D/WM-WorkerWrapper( 1529): Starting work for com.android.providers.media.MediaServiceV2
05-25 04:12:10.204 I/MediaServiceV2( 1529): Work initiated for action [ android.intent.action.MEDIA_SCANNER_SCAN_FILE ]
05-25 04:12:10.212 I/MediaServiceV2( 1529): Work ended for action [ android.intent.action.MEDIA_SCANNER_SCAN_FILE ]
05-25 04:12:10.214 I/WM-WorkerWrapper( 1529): Worker result SUCCESS for Work [ id=90e60017-9492-4070-be23-535a9e9675bd, tags={ com.android.providers.media.MediaServiceV2 } ]
05-25 04:12:10.216 D/WM-Processor( 1529): Processor 90e60017-9492-4070-be23-535a9e9675bd executed; reschedule = false
05-25 04:12:10.216 D/WM-SystemJobService( 1529): 90e60017-9492-4070-be23-535a9e9675bd executed on JobScheduler
05-25 04:12:10.220 D/WM-GreedyScheduler( 1529): Cancelling work ID 90e60017-9492-4070-be23-535a9e9675bd
05-25 04:12:10.224 D/WM-GreedyScheduler( 1529): Ignoring {WorkSpec: fce74054-5d75-49ac-b1fb-61b1c63b64d1}. Requires device idle.
05-25 04:12:10.224 D/WM-GreedyScheduler( 1529): Ignoring {WorkSpec: 748d3965-3023-45a6-9a32-baafa7d90ebf}. Requires device idle.
05-25 04:12:10.224 D/WM-GreedyScheduler( 1529): Ignoring {WorkSpec: bbc248da-5aec-4565-83d8-ed90ba3a683c}. Requires device idle.
05-25 04:12:10.224 D/WM-GreedyScheduler( 1529): Ignoring {WorkSpec: a7b8fc44-3a39-43d5-96b8-cef5bb529d35}. Requires device idle.
05-25 04:12:10.227 D/WM-SystemJobScheduler( 1529): Scheduling work ID f0b6bdb8-1fc1-4320-83cc-29ec4ee8dd97Job ID 866
05-25 04:12:10.232 D/WM-GreedyScheduler( 1529): Ignoring {WorkSpec: fce74054-5d75-49ac-b1fb-61b1c63b64d1}. Requires device idle.
05-25 04:12:10.232 D/WM-GreedyScheduler( 1529): Ignoring {WorkSpec: 748d3965-3023-45a6-9a32-baafa7d90ebf}. Requires device idle.
05-25 04:12:10.232 D/WM-GreedyScheduler( 1529): Ignoring {WorkSpec: bbc248da-5aec-4565-83d8-ed90ba3a683c}. Requires device idle.
05-25 04:12:10.232 D/WM-GreedyScheduler( 1529): Ignoring {WorkSpec: a7b8fc44-3a39-43d5-96b8-cef5bb529d35}. Requires device idle.
05-25 04:12:10.395 D/AndroidRuntime(16786): >>>>>> START com.android.internal.os.RuntimeInit uid 2000 <<<<<<
05-25 04:12:10.399 I/AndroidRuntime(16786): Using default boot image
05-25 04:12:10.399 I/AndroidRuntime(16786): Leaving lock profiling enabled
05-25 04:12:10.401 I/app_process(16786): Using CollectorTypeCMC GC.
05-25 04:12:10.467 D/nativeloader(16786): InitDefaultPublicLibraries for_preload=1: libandroid.so:libaaudio.so:libamidi.so:libbinder_ndk.so:libc.so:libcamera2ndk.so:libdl.so:libEGL.so:libGLESv1_CM.so:libGLESv2.so:libGLESv3.so:libicu.so:libicui18n.so:libicuuc.so:libjnigraphics.so:liblog.so:libmediandk.so:libm.so:libnativehelper.so:libnativewindow.so:libOpenMAXAL.so:libOpenSLES.so:libRS.so:libstdc++.so:libsync.so:libvulkan.so:libwebviewchromium_plat_support.so:libz.so
05-25 04:12:10.476 D/nativeloader(16786): Load libicu_jni.so using APEX ns com_android_art for caller /apex/com.android.art/javalib/core-oj.jar: ok
05-25 04:12:10.477 D/app_process(16786): u_setTimeZoneFilesDirectory("/apex/com.android.tzdata/etc/tz/versioned/9/icu") succeeded. 
05-25 04:12:10.477 D/app_process(16786): I18n APEX ICU file found: /apex/com.android.i18n/etc/icu/icudt76l.dat
05-25 04:12:10.477 D/nativeloader(16786): Load libjavacore.so using APEX ns com_android_art for caller /apex/com.android.art/javalib/core-oj.jar: ok
05-25 04:12:10.477 D/nativeloader(16786): Load libopenjdk.so using APEX ns com_android_art for caller /apex/com.android.art/javalib/core-oj.jar: ok
05-25 04:12:10.478 I/app_process(16786): Priority-to-niceness mapping: 19, 16, 13, 10, 0, -2, -4, -5, -6, -8
05-25 04:12:10.478 W/app_process(16786): Unexpected CPU variant for x86: x86_64.
05-25 04:12:10.478 W/app_process(16786): Known variants: atom, sandybridge, silvermont, goldmont, goldmont-plus, goldmont-without-sha-xsaves, tremont, kabylake, alderlake, default
05-25 04:12:10.480 W/app_process(16786): ClassLoaderContext shared library size mismatch. Expected=2, found=0 (PCL[]{PCL[/system/framework/android.test.base.jar*1653369819]#PCL[/system/framework/android.test.mock.jar*1009639922]} | PCL[])
05-25 04:12:10.481 W/app_process(16786): ClassLoaderContext classpath size mismatch. expected=0, found=1 (PCL[]{PCL[/system/framework/android.test.runner.jar*3954641918]{PCL[/system/framework/android.test.base.jar*1653369819]#PCL[/system/framework/android.test.mock.jar*1009639922]}#PCL[/system/framework/android.test.base.jar*1653369819]} | PCL[/system/framework/android.test.runner.jar*3954641918])
05-25 04:12:10.498 D/nativeloader(16786): Load libframework-connectivity-tiramisu-jni.so using APEX ns com_android_tethering for caller /apex/com.android.tethering/javalib/framework-connectivity-t.jar: ok
05-25 04:12:10.499 D/AndroidRuntime(16786): Calling main entry com.android.commands.uiautomator.Launcher
05-25 04:12:10.503 I/AconfigPackage(16786): android.media.swcodec.flags is mapped to com.android.media.swcodec
05-25 04:12:10.503 I/AconfigPackage(16786): com.android.permission.flags is mapped to com.android.permission
05-25 04:12:10.503 I/AconfigPackage(16786): com.android.permissioncontroller.flags is mapped to com.android.permission
05-25 04:12:10.503 I/AconfigPackage(16786): com.android.icu is mapped to com.android.i18n
05-25 04:12:10.503 I/AconfigPackage(16786): com.android.appsearch.flags is mapped to com.android.appsearch
05-25 04:12:10.504 I/AconfigPackage(16786): android.uprobestats.mainline.flags is mapped to com.android.uprobestats
05-25 04:12:10.504 I/AconfigPackage(16786): com.android.crashrecovery.flags is mapped to com.android.crashrecovery
05-25 04:12:10.504 I/AconfigPackage(16786): android.provider.flags is mapped to com.android.configinfrastructure
05-25 04:12:10.504 I/AconfigPackage(16786): com.android.server.deviceconfig is mapped to com.android.configinfrastructure
05-25 04:12:10.504 I/AconfigPackage(16786): com.android.compos.flags is mapped to com.android.compos
05-25 04:12:10.504 I/AconfigPackage(16786): com.android.art.flags is mapped to com.android.art
05-25 04:12:10.504 I/AconfigPackage(16786): com.android.art.rw.flags is mapped to com.android.art
05-25 04:12:10.504 I/AconfigPackage(16786): com.android.libcore is mapped to com.android.art
05-25 04:12:10.504 I/AconfigPackage(16786): com.android.telephony.flags is mapped to com.android.telephonycore
05-25 04:12:10.504 I/AconfigPackage(16786): com.android.media.extractor.flags is mapped to com.android.media
05-25 04:12:10.504 I/AconfigPackage(16786): com.android.media.mainline.flags is mapped to com.android.media
05-25 04:12:10.504 I/AconfigPackage(16786): com.android.wifi.flags is mapped to com.android.wifi
05-25 04:12:10.504 I/AconfigPackage(16786): com.android.org.conscrypt.flags is mapped to com.android.conscrypt
05-25 04:12:10.504 I/AconfigPackage(16786): com.android.org.conscrypt.net.flags is mapped to com.android.conscrypt
05-25 04:12:10.504 I/AconfigPackage(16786): com.android.healthfitness.flags is mapped to com.android.healthfitness
05-25 04:12:10.504 I/AconfigPackage(16786): com.android.ipsec.flags is mapped to com.android.ipsec
05-25 04:12:10.504 I/AconfigPackage(16786): com.android.nfc.module.flags is mapped to com.android.nfcservices
05-25 04:12:10.505 I/AconfigPackage(16786): com.android.adservices.ondevicepersonalization.flags is mapped to com.android.ondevicepersonalization
05-25 04:12:10.505 I/AconfigPackage(16786): com.android.adbd.flags is mapped to com.android.adbd
05-25 04:12:10.505 I/AconfigPackage(16786): com.android.bluetooth.flags is mapped to com.android.bt
05-25 04:12:10.505 I/AconfigPackage(16786): com.android.devicelock.flags is mapped to com.android.devicelock
05-25 04:12:10.505 I/AconfigPackage(16786): android.os.profiling is mapped to com.android.profiling
05-25 04:12:10.505 I/AconfigPackage(16786): android.os.profiling.anomaly.flags is mapped to com.android.profiling
05-25 04:12:10.505 I/AconfigPackage(16786): com.android.os.statsd.flags is mapped to com.android.os.statsd
05-25 04:12:10.505 I/AconfigPackage(16786): com.android.rkpd.flags is mapped to com.android.rkpd
05-25 04:12:10.505 I/AconfigPackage(16786): com.android.cellbroadcastreceiver.flags is mapped to com.android.cellbroadcast
05-25 04:12:10.505 I/AconfigPackage(16786): com.android.adservices.flags is mapped to com.android.adservices
05-25 04:12:10.505 I/AconfigPackage(16786): com.android.sdksandbox.flags is mapped to com.android.adservices
05-25 04:12:10.505 I/AconfigPackage(16786): com.android.uwb.flags is mapped to com.android.uwb
05-25 04:12:10.505 I/AconfigPackage(16786): com.android.ranging.flags is mapped to com.android.uwb
05-25 04:12:10.505 I/AconfigPackage(16786): android.graphics.pdf.flags is mapped to com.android.mediaprovider
05-25 04:12:10.505 I/AconfigPackage(16786): com.android.providers.media.flags is mapped to com.android.mediaprovider
05-25 04:12:10.505 I/AconfigPackage(16786): android.graphics.pdf.flags.readonly is mapped to com.android.mediaprovider
05-25 04:12:10.506 I/AconfigPackage(16786): com.android.tethering.mainline.beta is mapped to com.android.tethering
05-25 04:12:10.506 I/AconfigPackage(16786): android.net.http is mapped to com.android.tethering
05-25 04:12:10.506 I/AconfigPackage(16786): com.android.tethering.readonly.flags is mapped to com.android.tethering
05-25 04:12:10.506 I/AconfigPackage(16786): android.net.vcn is mapped to com.android.tethering
05-25 04:12:10.506 I/AconfigPackage(16786): com.android.net.flags is mapped to com.android.tethering
05-25 04:12:10.506 I/AconfigPackage(16786): com.android.tethering.beta.test is mapped to com.android.tethering
05-25 04:12:10.506 I/AconfigPackage(16786): com.android.nearby.flags is mapped to com.android.tethering
05-25 04:12:10.506 I/AconfigPackage(16786): com.android.net.ct.flags is mapped to com.android.tethering
05-25 04:12:10.506 I/AconfigPackage(16786): com.android.net.thread.flags is mapped to com.android.tethering
05-25 04:12:10.506 I/AconfigPackage(16786): com.android.system.virtualmachine.flags is mapped to com.android.virt
05-25 04:12:10.506 E/FeatureFlagsImplExport(16786): android.os.flagging.AconfigStorageReadException: ERROR_PACKAGE_NOT_FOUND: package android.xr cannot be found on the device
05-25 04:12:10.507 D/UiAutomationConnection(16786): Created on user UserHandle{0}
05-25 04:12:10.507 I/UiAutomation(16786): Initialized for user 0 on display 0
05-25 04:12:10.507 W/UiAutomation(16786): Created with deprecatead constructor, assumes DEFAULT_DISPLAY
05-25 04:12:10.508 D/AccessibilityManagerService(  755): changeCurrentUserForTestAutomationIfNeededLocked(0): ignoring because device doesn't support visible background users
05-25 04:12:10.508 I/UiAutomationManager(  755): Registering UiTestAutomationService (id=com.android.server.accessibility/UiAutomation, flags=0x0) when called by user 0
05-25 04:12:10.508 V/AccessibilityManagerService(  755): onUserStateChangedLocked for userId: 0, forceUpdate: false
05-25 04:12:10.509 V/AccessibilityUserState(  755): updateShortcutTargets: type:accessibility_shortcut_target_service, current:{}, new:{}
05-25 04:12:10.509 V/AccessibilityUserState(  755): updateShortcutTargets: type:accessibility_button_targets, current:{}, new:{}
05-25 04:12:10.509 V/AccessibilityUserState(  755): updateShortcutTargets: type:accessibility_gesture_targets, current:{}, new:{}
05-25 04:12:10.509 V/AccessibilityUserState(  755): updateShortcutTargets: type:accessibility_qs_targets, current:{}, new:{}
05-25 04:12:10.509 V/AccessibilityUserState(  755): updateShortcutTargets: type:accessibility_key_gesture_targets, current:{}, new:{}
05-25 04:12:10.509 W/MagnificationConnectionManager(  755): requestConnection duplicated request: connect=false, mConnectionState=DISCONNECTED
05-25 04:12:10.512 W/libbinder.IPCThreadState(  755): Sending oneway calls to frozen process.
05-25 04:12:10.512 W/libbinder.IPCThreadState(  755): Sending oneway calls to frozen process.
05-25 04:12:10.512 W/libbinder.IPCThreadState(  755): Sending oneway calls to frozen process.
05-25 04:12:10.512 W/libbinder.IPCThreadState(  755): Sending oneway calls to frozen process.
05-25 04:12:10.512 W/libbinder.IPCThreadState(  755): Sending oneway calls to frozen process.
05-25 04:12:10.512 I/AiAiEcho( 1546): Settings changed for uri: content://settings/secure/accessibility_enabled
05-25 04:12:10.512 W/libbinder.IPCThreadState(  755): Sending oneway calls to frozen process.
05-25 04:12:10.512 W/libbinder.IPCThreadState(  755): Sending oneway calls to frozen process.
05-25 04:12:10.512 I/AiAiEcho( 1546): Predicting[0]:  [CONTEXT sampling_count=5 ]
05-25 04:12:10.512 I/AiAiEcho( 1546): EchoTargets: 
05-25 04:12:10.512 I/AiAiEcho( 1546): Filtered by AiAi flag check: 
05-25 04:12:10.512 I/AiAiEcho( 1546): [CONTEXT ratelimit_period="10 SECONDS" ]
05-25 04:12:10.512 I/AiAiEcho( 1546): #remoteViewsTwiddler: feature disabled.
05-25 04:12:10.513 I/AiAiEcho( 1546): Predicting[0]:  [CONTEXT sampling_count=5 ]
05-25 04:12:10.513 I/AiAiEcho( 1546): EchoTargets: 
05-25 04:12:10.513 I/AiAiEcho( 1546): Filtered by AiAi flag check: 
05-25 04:12:10.513 I/AiAiEcho( 1546): [CONTEXT ratelimit_period="10 SECONDS" ]
05-25 04:12:10.513 I/AiAiEcho( 1546): #remoteViewsTwiddler: feature disabled.
05-25 04:12:10.513 I/AiAiEcho( 1546): #postPredictionTargets: Sending updates to UISurface lockscreen with targets# 0 (types=[])
05-25 04:12:10.513 W/libbinder.IPCThreadState(  755): Sending oneway calls to frozen process.
05-25 04:12:10.513 W/libbinder.IPCThreadState(  755): Sending oneway calls to frozen process.
05-25 04:12:10.514 W/libbinder.IPCThreadState(  755): Sending oneway calls to frozen process.
05-25 04:12:10.514 W/libbinder.IPCThreadState(  755): Sending oneway calls to frozen process.
05-25 04:12:10.514 W/libbinder.IPCThreadState(  755): Sending oneway calls to frozen process.
05-25 04:12:10.514 W/libbinder.IPCThreadState(  755): Sending oneway calls to frozen process.
05-25 04:12:10.514 W/libbinder.IPCThreadState(  755): Sending oneway calls to frozen process.
05-25 04:12:10.514 W/libbinder.IPCThreadState(  755): Sending oneway calls to frozen process.
05-25 04:12:10.514 W/libbinder.IPCThreadState(  755): Sending oneway calls to frozen process.
05-25 04:12:10.514 W/libbinder.IPCThreadState(  755): Sending oneway calls to frozen process.
05-25 04:12:10.514 W/libbinder.IPCThreadState(  755): Sending oneway calls to frozen process.
05-25 04:12:10.514 W/libbinder.IPCThreadState(  755): Sending oneway calls to frozen process.
05-25 04:12:10.514 W/libbinder.IPCThreadState(  755): Sending oneway calls to frozen process.
05-25 04:12:10.514 W/libbinder.IPCThreadState(  755): Sending oneway calls to frozen process.
05-25 04:12:10.514 W/libbinder.IPCThreadState(  755): Sending oneway calls to frozen process.
05-25 04:12:10.515 W/SsPagerDots( 1012): Total number of pages invalid: 0. Assuming 1 page.
05-25 04:12:10.515 V/AccessibilityManagerService(  755): onUserStateChangedLocked for userId: 0, forceUpdate: false
05-25 04:12:10.515 W/libbinder.IPCThreadState(  755): Sending oneway calls to frozen process.
05-25 04:12:10.515 W/libbinder.IPCThreadState(  755): Sending oneway calls to frozen process.
05-25 04:12:10.515 D/BatterySaverPolicy(  755): accessibility changed to true, updating policy.
05-25 04:12:10.516 V/AccessibilityUserState(  755): updateShortcutTargets: type:accessibility_shortcut_target_service, current:{}, new:{}
05-25 04:12:10.516 V/AccessibilityUserState(  755): updateShortcutTargets: type:accessibility_button_targets, current:{}, new:{}
05-25 04:12:10.516 V/AccessibilityUserState(  755): updateShortcutTargets: type:accessibility_gesture_targets, current:{}, new:{}
05-25 04:12:10.516 V/AccessibilityUserState(  755): updateShortcutTargets: type:accessibility_qs_targets, current:{}, new:{}
05-25 04:12:10.516 V/AccessibilityUserState(  755): updateShortcutTargets: type:accessibility_key_gesture_targets, current:{}, new:{}
05-25 04:12:10.516 W/MagnificationConnectionManager(  755): requestConnection duplicated request: connect=false, mConnectionState=DISCONNECTED
05-25 04:12:10.516 W/libbinder.IPCThreadState(  755): Sending oneway calls to frozen process.
05-25 04:12:10.517 W/libbinder.IPCThreadState(  755): Sending oneway calls to frozen process.
05-25 04:12:10.517 W/libbinder.IPCThreadState(  755): Sending oneway calls to frozen process.
05-25 04:12:10.517 W/libbinder.IPCThreadState(  755): Sending oneway calls to frozen process.
05-25 04:12:10.517 W/libbinder.IPCThreadState(  755): Sending oneway calls to frozen process.
05-25 04:12:10.517 W/libbinder.IPCThreadState(  755): Sending oneway calls to frozen process.
05-25 04:12:10.517 I/AiAiEcho( 1546): #postPredictionTargets: Sending updates to UISurface home with targets# 0 (types=[])
05-25 04:12:10.517 W/libbinder.IPCThreadState(  755): Sending oneway calls to frozen process.
05-25 04:12:10.517 W/libbinder.IPCThreadState(  755): Sending oneway calls to frozen process.
05-25 04:12:10.518 W/libbinder.IPCThreadState(  755): Sending oneway calls to frozen process.
05-25 04:12:10.518 W/libbinder.IPCThreadState(  755): Sending oneway calls to frozen process.
05-25 04:12:10.518 W/libbinder.IPCThreadState(  755): Sending oneway calls to frozen process.
05-25 04:12:10.518 W/libbinder.IPCThreadState(  755): Sending oneway calls to frozen process.
05-25 04:12:10.518 W/libbinder.IPCThreadState(  755): Sending oneway calls to frozen process.
05-25 04:12:10.519 W/libbinder.IPCThreadState(  755): Sending oneway calls to frozen process.
05-25 04:12:10.519 I/AiAiEcho( 1546): Settings changed for uri: content://settings/secure/accessibility_enabled
05-25 04:12:10.520 I/AiAiEcho( 1546): Predicting[0]:  [CONTEXT sampling_count=5 ]
05-25 04:12:10.520 I/AiAiEcho( 1546): EchoTargets: 
05-25 04:12:10.520 I/AiAiEcho( 1546): Filtered by AiAi flag check: 
05-25 04:12:10.520 I/AiAiEcho( 1546): [CONTEXT ratelimit_period="10 SECONDS" ]
05-25 04:12:10.520 I/AiAiEcho( 1546): #remoteViewsTwiddler: feature disabled.
05-25 04:12:10.521 I/AiAiEcho( 1546): Predicting[0]:  [CONTEXT sampling_count=5 ]
05-25 04:12:10.521 I/AiAiEcho( 1546): EchoTargets: 
05-25 04:12:10.521 I/AiAiEcho( 1546): Filtered by AiAi flag check: 
05-25 04:12:10.521 I/AiAiEcho( 1546): [CONTEXT ratelimit_period="10 SECONDS" ]
05-25 04:12:10.521 I/AiAiEcho( 1546): #remoteViewsTwiddler: feature disabled.
05-25 04:12:10.521 W/libbinder.IPCThreadState(  755): Sending oneway calls to frozen process.
05-25 04:12:10.521 W/libbinder.IPCThreadState(  755): Sending oneway calls to frozen process.
05-25 04:12:10.522 I/AiAiEcho( 1546): #postPredictionTargets: Sending updates to UISurface lockscreen with targets# 0 (types=[])
05-25 04:12:10.522 I/AiAiEcho( 1546): #postPredictionTargets: Sending updates to UISurface home with targets# 0 (types=[])
05-25 04:12:10.527 D/AccessibilityManagerService(  755): .getAccessibilityShortcutTargets {shortcutType=32, userId=0}
05-25 04:12:10.528 W/SsPagerDots( 1012): Total number of pages invalid: 0. Assuming 1 page.
05-25 04:12:11.605 W/nanlarkin.danio(16696): userfaultfd: MOVE ioctl seems unsupported: Connection timed out
05-25 04:12:11.689 W/AccessibilityNodeInfoDumper(16786): Fetch time: 100ms
05-25 04:12:11.690 V/AccessibilityManagerService(  755): onUserStateChangedLocked for userId: 0, forceUpdate: false
05-25 04:12:11.692 V/AccessibilityUserState(  755): updateShortcutTargets: type:accessibility_shortcut_target_service, current:{}, new:{}
05-25 04:12:11.692 V/AccessibilityUserState(  755): updateShortcutTargets: type:accessibility_button_targets, current:{}, new:{}
05-25 04:12:11.692 V/AccessibilityUserState(  755): updateShortcutTargets: type:accessibility_gesture_targets, current:{}, new:{}
05-25 04:12:11.692 V/AccessibilityUserState(  755): updateShortcutTargets: type:accessibility_qs_targets, current:{}, new:{}
05-25 04:12:11.692 V/AccessibilityUserState(  755): updateShortcutTargets: type:accessibility_key_gesture_targets, current:{}, new:{}
05-25 04:12:11.692 W/MagnificationConnectionManager(  755): requestConnection duplicated request: connect=false, mConnectionState=DISCONNECTED
05-25 04:12:11.692 D/AccessibilityManagerService(  755): restoreCurrentUserForTestAutomationIfNeededLocked(): ignoring because device doesn't support visible background users
05-25 04:12:11.692 W/libbinder.IPCThreadState(  755): Sending oneway calls to frozen process.
05-25 04:12:11.693 W/libbinder.IPCThreadState(  755): Sending oneway calls to frozen process.
05-25 04:12:11.693 W/libbinder.IPCThreadState(  755): Sending oneway calls to frozen process.
05-25 04:12:11.693 W/libbinder.IPCThreadState(  755): Sending oneway calls to frozen process.
05-25 04:12:11.693 W/libbinder.IPCThreadState(  755): Sending oneway calls to frozen process.
05-25 04:12:11.693 W/libbinder.IPCThreadState(  755): Sending oneway calls to frozen process.
05-25 04:12:11.693 I/AiAiEcho( 1546): Settings changed for uri: content://settings/secure/accessibility_enabled
05-25 04:12:11.693 W/libbinder.IPCThreadState(  755): Sending oneway calls to frozen process.
05-25 04:12:11.693 W/libbinder.IPCThreadState(  755): Sending oneway calls to frozen process.
05-25 04:12:11.693 W/libbinder.IPCThreadState(  755): Sending oneway calls to frozen process.
05-25 04:12:11.693 W/libbinder.IPCThreadState(  755): Sending oneway calls to frozen process.
05-25 04:12:11.693 W/libbinder.IPCThreadState(  755): Sending oneway calls to frozen process.
05-25 04:12:11.693 W/libbinder.IPCThreadState(  755): Sending oneway calls to frozen process.
05-25 04:12:11.693 W/libbinder.IPCThreadState(  755): Sending oneway calls to frozen process.
05-25 04:12:11.693 W/libbinder.IPCThreadState(  755): Sending oneway calls to frozen process.
05-25 04:12:11.694 I/AiAiEcho( 1546): Predicting[0]:  [CONTEXT sampling_count=5 ]
05-25 04:12:11.694 I/AiAiEcho( 1546): EchoTargets: 
05-25 04:12:11.694 I/AiAiEcho( 1546): Filtered by AiAi flag check: 
05-25 04:12:11.694 I/AiAiEcho( 1546): [CONTEXT ratelimit_period="10 SECONDS" ]
05-25 04:12:11.694 W/libbinder.IPCThreadState(  755): Sending oneway calls to frozen process.
05-25 04:12:11.694 W/libbinder.IPCThreadState(  755): Sending oneway calls to frozen process.
05-25 04:12:11.694 W/libbinder.IPCThreadState(  755): Sending oneway calls to frozen process.
05-25 04:12:11.694 W/libbinder.IPCThreadState(  755): Sending oneway calls to frozen process.
05-25 04:12:11.694 W/libbinder.IPCThreadState(  755): Sending oneway calls to frozen process.
05-25 04:12:11.694 W/libbinder.IPCThreadState(  755): Sending oneway calls to frozen process.
05-25 04:12:11.694 W/libbinder.IPCThreadState(  755): Sending oneway calls to frozen process.
05-25 04:12:11.695 W/libbinder.IPCThreadState(  755): Sending oneway calls to frozen process.
05-25 04:12:11.695 W/libbinder.IPCThreadState(  755): Sending oneway calls to frozen process.
05-25 04:12:11.695 W/libbinder.IPCThreadState(  755): Sending oneway calls to frozen process.
05-25 04:12:11.695 D/BatterySaverPolicy(  755): accessibility changed to false, updating policy.
05-25 04:12:11.696 I/AiAiEcho( 1546): #remoteViewsTwiddler: feature disabled.
05-25 04:12:11.696 I/AiAiEcho( 1546): Predicting[0]:  [CONTEXT sampling_count=5 ]
05-25 04:12:11.696 I/AiAiEcho( 1546): EchoTargets: 
05-25 04:12:11.696 I/AiAiEcho( 1546): Filtered by AiAi flag check: 
05-25 04:12:11.696 I/AiAiEcho( 1546): [CONTEXT ratelimit_period="10 SECONDS" ]
05-25 04:12:11.696 I/AiAiEcho( 1546): #remoteViewsTwiddler: feature disabled.
05-25 04:12:11.697 I/AiAiEcho( 1546): #postPredictionTargets: Sending updates to UISurface lockscreen with targets# 0 (types=[])
05-25 04:12:11.698 W/SsPagerDots( 1012): Total number of pages invalid: 0. Assuming 1 page.
05-25 04:12:11.699 I/AiAiEcho( 1546): #postPredictionTargets: Sending updates to UISurface home with targets# 0 (types=[])
05-25 04:12:11.700 D/AndroidRuntime(16786): Shutting down VM
05-25 04:12:11.700 W/libbinder.IPCThreadState(16786): call to talkWithDriver in joinThreadPool returned error: -9 (Bad file descriptor), FD: -1
05-25 04:12:11.700 W/libbinder.IPCThreadState(16786): call to talkWithDriver in joinThreadPool returned error: -9 (Bad file descriptor), FD: -1
05-25 04:12:11.701 W/libbinder.IPCThreadState(16786): call to talkWithDriver in joinThreadPool returned error: -9 (Bad file descriptor), FD: -1
05-25 04:12:11.727 D/WM-DelayedWorkTracker( 1529): Scheduling work f0b6bdb8-1fc1-4320-83cc-29ec4ee8dd97
05-25 04:12:11.727 D/WM-GreedyScheduler( 1529): Starting tracking for f0b6bdb8-1fc1-4320-83cc-29ec4ee8dd97
05-25 04:12:11.727 D/WM-ConstraintTracker( 1529): BatteryNotLowTracker: initial state = true
05-25 04:12:11.728 D/WM-BrdcstRcvrCnstrntTrc( 1529): BatteryNotLowTracker: registering receiver
05-25 04:12:11.728 D/WM-GreedyScheduler( 1529): Constraints met: Scheduling work ID WorkGenerationalId(workSpecId=f0b6bdb8-1fc1-4320-83cc-29ec4ee8dd97, generation=0)
05-25 04:12:11.729 D/WM-Processor( 1529): Processor: processing WorkGenerationalId(workSpecId=f0b6bdb8-1fc1-4320-83cc-29ec4ee8dd97, generation=0)
05-25 04:12:11.730 D/WM-WorkerWrapper( 1529): Starting work for com.android.providers.media.photopicker.sync.ProactiveSyncWorker
05-25 04:12:11.731 I/PSyncWorker( 1529): Starting proactive picker sync from sync source: 1
05-25 04:12:11.731 I/PickerSyncTracker( 1529): Created new sync future java.util.concurrent.CompletableFuture@1fbbfcf[Not completed, 1 dependents]. Future map: {f0b6bdb8-1fc1-4320-83cc-29ec4ee8dd97=java.util.concurrent.CompletableFuture@1fbbfcf[Not completed, 1 dependents]}
05-25 04:12:11.731 D/PickerSyncController( 1529): syncAllMediaFromProvider() LOCAL, auth=com.android.providers.media.photopicker, retry=true
05-25 04:12:11.731 D/PickerSyncController( 1529): getSyncRequestParams() LOCAL, auth=com.android.providers.media.photopicker
05-25 04:12:11.733 D/PickerSyncController( 1529):    Latest ID/Gen=92835bc8fd6dde81:external_primary/3528
05-25 04:12:11.733 D/PickerSyncController( 1529):    Cached ID/Gen=92835bc8fd6dde81:external_primary/3519
05-25 04:12:11.733 D/PickerSyncController( 1529):    RESULT=SyncRequestParams{type=MEDIA_INCREMENTAL, gen=3519, latest=Bundle[{last_media_sync_generation=3528, media_collection_id=92835bc8fd6dde81:external_primary}], pageSize=1000}
05-25 04:12:11.733 I/PickerSyncController( 1529): Executing SyncAdd. isLocal: true. authority: com.android.providers.media.photopicker
05-25 04:12:11.733 D/PickerSyncLockManager( 1529): Trying to acquire lock com.android.providers.media.photopicker.sync.CloseableReentrantLock@cffd47[Unlocked]. Lock Name = CLOUD_PROVIDER_LOCK. Threads that may be waiting to acquire this lock = [] with timeout.
05-25 04:12:11.733 D/CloseableReentrantLock( 1529): Successfully acquired lock com.android.providers.media.photopicker.sync.CloseableReentrantLock@cffd47[Locked by thread pool-4-thread-276]. Lock Name = CLOUD_PROVIDER_LOCK. Threads that may be waiting to acquire this lock = []
05-25 04:12:11.733 D/CloseableReentrantLock( 1529): Successfully released lock com.android.providers.media.photopicker.sync.CloseableReentrantLock@cffd47[Unlocked]. Lock Name = CLOUD_PROVIDER_LOCK. Threads that may be waiting to acquire this lock = []
05-25 04:12:11.733 D/ExternalDbFacade( 1529): Token received for queryMedia = null
05-25 04:12:11.735 D/PickerSyncLockManager( 1529): Trying to acquire lock com.android.providers.media.photopicker.sync.CloseableReentrantLock@cffd47[Unlocked]. Lock Name = CLOUD_PROVIDER_LOCK. Threads that may be waiting to acquire this lock = [] with timeout.
05-25 04:12:11.735 D/CloseableReentrantLock( 1529): Successfully acquired lock com.android.providers.media.photopicker.sync.CloseableReentrantLock@cffd47[Locked by thread pool-4-thread-276]. Lock Name = CLOUD_PROVIDER_LOCK. Threads that may be waiting to acquire this lock = []
05-25 04:12:11.735 D/PickerSyncController( 1529): Saving next page token: 1779678730000|334 for key: local_provider:media_add:resume
05-25 04:12:11.735 D/CloseableReentrantLock( 1529): Successfully released lock com.android.providers.media.photopicker.sync.CloseableReentrantLock@cffd47[Unlocked]. Lock Name = CLOUD_PROVIDER_LOCK. Threads that may be waiting to acquire this lock = []
05-25 04:12:11.736 D/PickerNotificationSender( 1529): Sending a notification for media update
05-25 04:12:11.737 D/PickerNotificationSender( 1529): Sending a notification for merged album media update Videos
05-25 04:12:11.737 D/PickerNotificationSender( 1529): Sending a notification for album media update Videos
05-25 04:12:11.737 D/PickerNotificationSender( 1529): Sending a notification for merged album media update Favorites
05-25 04:12:11.737 D/PickerNotificationSender( 1529): Sending a notification for album media update Favorites
05-25 04:12:11.738 D/ExternalDbFacade( 1529): Token received for queryMedia = 1779678730000|334
05-25 04:12:11.738 D/PickerSyncLockManager( 1529): Trying to acquire lock com.android.providers.media.photopicker.sync.CloseableReentrantLock@cffd47[Unlocked]. Lock Name = CLOUD_PROVIDER_LOCK. Threads that may be waiting to acquire this lock = [] with timeout.
05-25 04:12:11.738 D/CloseableReentrantLock( 1529): Successfully acquired lock com.android.providers.media.photopicker.sync.CloseableReentrantLock@cffd47[Locked by thread pool-4-thread-276]. Lock Name = CLOUD_PROVIDER_LOCK. Threads that may be waiting to acquire this lock = []
05-25 04:12:11.738 D/PickerSyncController( 1529): Clearing next page token for key: local_provider:media_add:resume
05-25 04:12:11.738 D/CloseableReentrantLock( 1529): Successfully released lock com.android.providers.media.photopicker.sync.CloseableReentrantLock@cffd47[Unlocked]. Lock Name = CLOUD_PROVIDER_LOCK. Threads that may be waiting to acquire this lock = []
05-25 04:12:11.738 D/PickerNotificationSender( 1529): Sending a notification for media update
05-25 04:12:11.742 D/PickerNotificationSender( 1529): Sending a notification for merged album media update Videos
05-25 04:12:11.742 D/PickerNotificationSender( 1529): Sending a notification for album media update Videos
05-25 04:12:11.742 D/PickerNotificationSender( 1529): Sending a notification for merged album media update Favorites
05-25 04:12:11.742 D/PickerNotificationSender( 1529): Sending a notification for album media update Favorites
05-25 04:12:11.744 I/PickerSyncController( 1529): Paged sync successful. QueryArgs: Bundle[{android.provider.extra.PAGE_TOKEN=1779678730000|334, android.provider.extra.SYNC_GENERATION=3519, android.provider.extra.PAGE_SIZE=1000}] Total Rows: 1
05-25 04:12:11.744 I/PickerSyncController( 1529): Executing SyncRemove. isLocal: true. authority: com.android.providers.media.photopicker
05-25 04:12:11.747 D/PickerSyncLockManager( 1529): Trying to acquire lock com.android.providers.media.photopicker.sync.CloseableReentrantLock@cffd47[Unlocked]. Lock Name = CLOUD_PROVIDER_LOCK. Threads that may be waiting to acquire this lock = [] with timeout.
05-25 04:12:11.747 D/CloseableReentrantLock( 1529): Successfully acquired lock com.android.providers.media.photopicker.sync.CloseableReentrantLock@cffd47[Locked by thread pool-4-thread-276]. Lock Name = CLOUD_PROVIDER_LOCK. Threads that may be waiting to acquire this lock = []
05-25 04:12:11.747 D/CloseableReentrantLock( 1529): Successfully released lock com.android.providers.media.photopicker.sync.CloseableReentrantLock@cffd47[Unlocked]. Lock Name = CLOUD_PROVIDER_LOCK. Threads that may be waiting to acquire this lock = []
05-25 04:12:11.750 D/PickerSyncLockManager( 1529): Trying to acquire lock com.android.providers.media.photopicker.sync.CloseableReentrantLock@cffd47[Unlocked]. Lock Name = CLOUD_PROVIDER_LOCK. Threads that may be waiting to acquire this lock = [] with timeout.
05-25 04:12:11.750 D/CloseableReentrantLock( 1529): Successfully acquired lock com.android.providers.media.photopicker.sync.CloseableReentrantLock@cffd47[Locked by thread pool-4-thread-276]. Lock Name = CLOUD_PROVIDER_LOCK. Threads that may be waiting to acquire this lock = []
05-25 04:12:11.750 D/PickerSyncController( 1529): Clearing next page token for key: local_provider:media_remove:resume
05-25 04:12:11.750 D/CloseableReentrantLock( 1529): Successfully released lock com.android.providers.media.photopicker.sync.CloseableReentrantLock@cffd47[Unlocked]. Lock Name = CLOUD_PROVIDER_LOCK. Threads that may be waiting to acquire this lock = []
05-25 04:12:11.750 D/PickerNotificationSender( 1529): Sending a notification for media update
05-25 04:12:11.750 D/PickerNotificationSender( 1529): Sending a notification for merged album media update Videos
05-25 04:12:11.750 D/PickerNotificationSender( 1529): Sending a notification for album media update Videos
05-25 04:12:11.750 D/PickerNotificationSender( 1529): Sending a notification for merged album media update Favorites
05-25 04:12:11.750 D/PickerNotificationSender( 1529): Sending a notification for album media update Favorites
05-25 04:12:11.751 I/PickerSyncController( 1529): Paged sync successful. QueryArgs: Bundle[{android.provider.extra.PAGE_TOKEN=1779678730000|334, android.provider.extra.SYNC_GENERATION=3519, android.provider.extra.PAGE_SIZE=1000}] Total Rows: 0
05-25 04:12:11.751 I/PickerSyncTracker( 1529): Marked sync future complete for work id: f0b6bdb8-1fc1-4320-83cc-29ec4ee8dd97. Future map: {}
05-25 04:12:11.751 I/PSyncWorker( 1529): Completed picker proactive sync complete from local provider.
05-25 04:12:11.751 I/WM-WorkerWrapper( 1529): Worker result SUCCESS for Work [ id=f0b6bdb8-1fc1-4320-83cc-29ec4ee8dd97, tags={ com.android.providers.media.photopicker.sync.ProactiveSyncWorker } ]
05-25 04:12:11.752 D/WM-Processor( 1529): Processor f0b6bdb8-1fc1-4320-83cc-29ec4ee8dd97 executed; reschedule = false
05-25 04:12:11.752 D/WM-GreedyScheduler( 1529): Stopping tracking for WorkGenerationalId(workSpecId=f0b6bdb8-1fc1-4320-83cc-29ec4ee8dd97, generation=0)
05-25 04:12:11.753 D/WM-GreedyScheduler( 1529): Cancelling work ID f0b6bdb8-1fc1-4320-83cc-29ec4ee8dd97
05-25 04:12:11.754 D/WM-GreedyScheduler( 1529): Ignoring {WorkSpec: fce74054-5d75-49ac-b1fb-61b1c63b64d1}. Requires device idle.
05-25 04:12:11.754 D/WM-GreedyScheduler( 1529): Ignoring {WorkSpec: 748d3965-3023-45a6-9a32-baafa7d90ebf}. Requires device idle.
05-25 04:12:11.754 D/WM-GreedyScheduler( 1529): Ignoring {WorkSpec: bbc248da-5aec-4565-83d8-ed90ba3a683c}. Requires device idle.
05-25 04:12:11.754 D/WM-GreedyScheduler( 1529): Ignoring {WorkSpec: a7b8fc44-3a39-43d5-96b8-cef5bb529d35}. Requires device idle.
05-25 04:12:11.754 D/WM-BrdcstRcvrCnstrntTrc( 1529): BatteryNotLowTracker: unregistering receiver
05-25 04:12:11.897 D/android.hardware.audio@7.1-impl.ranchu(  553): threadLoop: entering standby, frames: 10826688
05-25 04:12:11.897 D/android.hardware.audio@7.1-impl.ranchu(  553): ~TinyalsaSink: joining consumeThread
05-25 04:12:11.907 D/android.hardware.audio@7.1-impl.ranchu(  553): consumeThread: exiting
05-25 04:12:11.907 D/android.hardware.audio@7.1-impl.ranchu(  553): ~TinyalsaSink: stopping PCM stream
05-25 04:12:12.856 I/ImeTracker(16696): com.tiarnanlarkin.danio:b14cc996: onRequestShow at ORIGIN_CLIENT reason SHOW_SOFT_INPUT fromUser false
05-25 04:12:12.858 I/HWUI    (16696): Using FreeType backend (prop=Auto)
05-25 04:12:12.861 D/InsetsController(16696): show(ime())
05-25 04:12:12.861 D/InsetsController(16696): Setting requestedVisibleTypes to 511 (was 503)
05-25 04:12:12.864 D/BackgroundInstallControlService(  755): Package event received: 0
05-25 04:12:12.864 I/GoogleInputMethodService( 1440): GoogleInputMethodService.onFinishInput():2259 
05-25 04:12:12.865 I/Module  ( 1440): DeviceLockedStatusModuleProvider$Module.updateDeviceLockedStatus():103 repeatCheckTimes = 0, locked = false
05-25 04:12:12.865 V/AutofillSession(  755): Primary service component name: ComponentInfo{com.google.android.gms/com.google.android.gms.autofill.service.AutofillService}, secondary service component name: ComponentInfo{com.android.credentialmanager/com.android.credentialmanager.autofill.CredentialAutofillService}
05-25 04:12:12.865 V/SecondaryProviderHandler(  755): Creating a secondary provider handler with component name, ComponentInfo{com.android.credentialmanager/com.android.credentialmanager.autofill.CredentialAutofillService}
05-25 04:12:12.866 D/PresentationStatsEventLogger(  755): Started new PresentationStatsEvent
05-25 04:12:12.866 I/AppsFilter(  755): interaction: PackageSetting{2ec38de com.tiarnanlarkin.danio/10219} -> PackageSetting{d1436f7 com.google.android.inputmethod.latin/10158} BLOCKED
05-25 04:12:12.866 W/FillRequestEventLogger(  755): Couldn't find packageName: com.google.android.inputmethod.latin
05-25 04:12:12.866 I/GoogleInputMethodService( 1440): GoogleInputMethodService.onStartInput():1446 onStartInput(EditorInfo{EditorInfo{packageName=com.tiarnanlarkin.danio, inputType=8001, inputTypeString=Normal[AutoCorrect], enableLearning=true, autoCorrection=true, autoComplete=true, imeOptions=2000006, privateImeOptions=null, actionName=DONE, actionLabel=null, initialSelStart=-1, initialSelEnd=-1, initialCapsMode=0, label=null, fieldId=1, fieldName=null, extras=Bundle[mParcelledData.dataSize=168], hintText=null, hintLocales=[]}}, false)
05-25 04:12:12.867 I/AndroidIME( 1440): LatinIMEBase.updateInputViewCoverNavigation():322 Update input view padding, isNavbarOverInputWindow=true, bottom inset=126
05-25 04:12:12.867 I/Module  ( 1440): DeviceLockedStatusModuleProvider$Module.updateDeviceLockedStatus():103 repeatCheckTimes = 1, locked = false
05-25 04:12:12.868 W/PackageConfigPersister(  755): App-specific configuration not found for packageName: com.tiarnanlarkin.danio and userId: 0
05-25 04:12:12.869 I/GoogleInputMethodService( 1440): GoogleInputMethodService.onStartInputView():1532 onStartInputView(EditorInfo{EditorInfo{packageName=com.tiarnanlarkin.danio, inputType=8001, inputTypeString=Normal[AutoCorrect], enableLearning=true, autoCorrection=true, autoComplete=true, imeOptions=2000006, privateImeOptions=null, actionName=DONE, actionLabel=null, initialSelStart=-1, initialSelEnd=-1, initialCapsMode=0, label=null, fieldId=1, fieldName=null, extras=Bundle[{androidx.core.view.inputmethod.EditorInfoCompat.STYLUS_HANDWRITING_ENABLED=true}], hintText=null, hintLocales=[]}}, false)
05-25 04:12:12.870 I/ImeTracker(16696): com.tiarnanlarkin.danio:d4a0bb21: onRequestShow at ORIGIN_CLIENT reason SHOW_SOFT_INPUT fromUser false
05-25 04:12:12.870 I/KeyboardHeightUtil( 1440): KeyboardHeightUtil.getOemKeyboardHeightRatio():81 systemKeyboardHeightRatio:1.000000.
05-25 04:12:12.870 D/InsetsController(16696): show(ime())
05-25 04:12:12.870 I/ImeTracker(16696): com.tiarnanlarkin.danio:d4a0bb21: onCancelled at PHASE_CLIENT_REPORT_REQUESTED_VISIBLE_TYPES
05-25 04:12:12.871 W/ModuleManager( 1440): ModuleManager.loadModule():634 Module pyg is not available
05-25 04:12:12.875 D/InputConnectionAdaptor(16696): The input method toggled cursor monitoring on
05-25 04:12:12.878 I/AssistStructure(16696): Flattened final assist data: 524 bytes, containing 1 windows, 3 views
05-25 04:12:12.878 D/AutofillSession(  755): createPendingIntent for request 542
05-25 04:12:12.878 D/ContentCapturePerUserService(  755): Notified activity assist data for activity: Token{e5fe0a4 ActivityRecord{241596470 u0 com.tiarnanlarkin.danio/.MainActivity t28}} without a session Id
05-25 04:12:12.880 I/InputContextChangeTracker( 1440): InputContextChangeTracker.fixLyingSelectionRangeFromSurroundingText():1678 fixLyingSelectionRangeFromSurroundingText(): [-1, -1]([-1, -1]) -> [0, 0]([0, 0])
05-25 04:12:12.880 I/AndroidIME( 1440): InputBundleManager.startInput():357 startInput2 restarting=false
05-25 04:12:12.880 I/AndroidIME( 1440): InputBundleManager.loadActiveInputBundleId():542 loadActiveInputBundleId: en-US, ime_english_united_states
05-25 04:12:12.880 I/InputBundle( 1440): InputBundle.activateIme():597 activateIme: INACTIVE, keyboardType=prime
05-25 04:12:12.880 I/AndroidIME( 1440): AbstractIme.onActivate():95 LatinIme.onActivate() : EditorInfo = EditorInfo{packageName=com.tiarnanlarkin.danio, inputType=8001, inputTypeString=Normal[AutoCorrect], enableLearning=true, autoCorrection=true, autoComplete=true, imeOptions=2000006, privateImeOptions=null, actionName=DONE, actionLabel=null, initialSelStart=-1, initialSelEnd=-1, initialCapsMode=0, label=null, fieldId=1, fieldName=null, extras=Bundle[{androidx.core.view.inputmethod.EditorInfoCompat.STYLUS_HANDWRITING_ENABLED=true}], hintText=null, hintLocales=[]}, IncognitoMode = false, DeviceLocked = false
05-25 04:12:12.881 I/InputBundle( 1440): InputBundle.consumeEvent():1051 Skip consuming an event as keyboard status is INACTIVE
05-25 04:12:12.881 I/Delight5Facilitator( 1440): Delight5Facilitator.initializeForIme():745 initializeForIme() : Locale = [en_US], layout = qwerty
05-25 04:12:12.881 I/LatinIme( 1440): LatinIme.updateEnableInlineSuggestionsOnDecoderSideFlags():1277 inline flag updated to:false
05-25 04:12:12.881 I/NebulaeTrainingCacheMetricsProcessor( 1440): NebulaeTrainingCacheMetricsProcessor.processBeginSession():252 Begin training cache session: com.tiarnanlarkin.danio_1/
05-25 04:12:12.881 I/LatinIme( 1440): LatinIme.updateEnableInlineSuggestionsOnDecoderSideFlags():1277 inline flag updated to:false
05-25 04:12:12.882 I/InputBundle( 1440): InputBundle.consumeEvent():1051 Skip consuming an event as keyboard status is INACTIVE
05-25 04:12:12.882 I/LatinIme( 1440): LatinIme.resetInputContext():2284 resetInputContext(): reason=1, externalEditsInfo=ExternalEditsInfo{action=0, offset=-1, text=null, originalText=null, edits=null}
05-25 04:12:12.882 I/InputBundle( 1440): InputBundle.consumeEvent():1051 Skip consuming an event as keyboard status is INACTIVE
05-25 04:12:12.883 I/InputBundle( 1440): InputBundle.activateKeyboard():652 activateKeyboard: ACTIVE, type=ocu[keyboardType=prime, payload=null]
05-25 04:12:12.883 I/KeyboardWrapper( 1440): KeyboardWrapper.activateKeyboard():592 activateKeyboard(): type=prime, status=INACTIVE, imeDef=obp{stringId=ime_english_united_states, language=en-US, languageTag=en-US, processedConditions={writing_helper_enable_by_word_revert=false, true=true, enable_number_row=false, device=phone, enable_pk_simulator=false}, className=com.google.android.apps.inputmethod.libs.latin5.LatinIme, label=0, keyEventInterpreter=null, inlineComposing=true, autoCapital=true, announceAutoSelectedCandidate=true, statusIcon=0, indicatorIcon=0, indicatorLabel=US, displayAppCompletions=true, extraValues=obi{#0x7f0b02e5=TypedValue{t=0x3/d=0x0 "com.google.android.apps.inputmethod.libs.latin5.LatinIme"}}, processors=odh@58112c1, unacceptableMetaKeys=4098, languageSpecificSettings=0, asciiCapable=true, alwaysShowSuggestions=false, useAsciiPasswordKeyboard=false, keyboardGroupDef=ocq@b62eb64, phenotypeFlagId=0, localizationLanguageTag=null, supportsInlineSuggestion=true}
05-25 04:12:12.883 I/KeyboardManager( 1440): KeyboardManager.requestKeyboard():249 Creating keyboard prime, imeId=ime_english_united_states, cacheKey=theme,!gsf,!pgsans,!pgsf,!use_system_font,BORDER,DYNAMIC_DARK_BRIGHT_KEY,FLAVOR_DPI=XXHDPI,IS_LIGHT,KEYBOARD_WIDTH_CATEGORY=NORMAL,KEY_BORDER_SHAPE=1,LIGHT_THEME=true,PHYSICAL_DIAGONAL=6.1297245,POPUP,SCREEN_SHORTEST_WIDTH=411,SCREEN_SHORTEST_WIDTH_NO_SCALE=411,SW400DP,XXHDPI,bottom4dp,bright_key_on_dynamic_color_dark_theme=true,enable_popup_on_keypress=true,keyboard_redesign_google_sans=true,non_linear_scale,noshadow,overlay_builtin_dynamic_color_light_base.binarypb:gm3-light-fffaf8fe-ff4e5e8b-4fee5571778e92b08ff4c2d3d15b9d3f,silkpopup
