05-25 02:39:28.658  8185  8185 D nativeloader: InitDefaultPublicLibraries for_preload=1: libandroid.so:libaaudio.so:libamidi.so:libbinder_ndk.so:libc.so:libcamera2ndk.so:libdl.so:libEGL.so:libGLESv1_CM.so:libGLESv2.so:libGLESv3.so:libicu.so:libicui18n.so:libicuuc.so:libjnigraphics.so:liblog.so:libmediandk.so:libm.so:libnativehelper.so:libnativewindow.so:libOpenMAXAL.so:libOpenSLES.so:libRS.so:libstdc++.so:libsync.so:libvulkan.so:libwebviewchromium_plat_support.so:libz.so
05-25 02:39:28.666  8185  8185 D nativeloader: Load libicu_jni.so using APEX ns com_android_art for caller /apex/com.android.art/javalib/core-oj.jar: ok
05-25 02:39:28.667  8185  8185 D app_process: u_setTimeZoneFilesDirectory("/apex/com.android.tzdata/etc/tz/versioned/9/icu") succeeded. 
05-25 02:39:28.667  8185  8185 D app_process: I18n APEX ICU file found: /apex/com.android.i18n/etc/icu/icudt76l.dat
05-25 02:39:28.667  8185  8185 D nativeloader: Load libjavacore.so using APEX ns com_android_art for caller /apex/com.android.art/javalib/core-oj.jar: ok
05-25 02:39:28.668  8185  8185 D nativeloader: Load libopenjdk.so using APEX ns com_android_art for caller /apex/com.android.art/javalib/core-oj.jar: ok
05-25 02:39:28.669  8185  8185 I app_process: Priority-to-niceness mapping: 19, 16, 13, 10, 0, -2, -4, -5, -6, -8
05-25 02:39:28.669  8185  8185 W app_process: Unexpected CPU variant for x86: x86_64.
05-25 02:39:28.669  8185  8185 W app_process: Known variants: atom, sandybridge, silvermont, goldmont, goldmont-plus, goldmont-without-sha-xsaves, tremont, kabylake, alderlake, default
05-25 02:39:28.670  8185  8185 W app_process: ClassLoaderContext shared library size mismatch. Expected=2, found=0 (PCL[]{PCL[/system/framework/android.test.base.jar*1653369819]#PCL[/system/framework/android.test.mock.jar*1009639922]} | PCL[])
05-25 02:39:28.671  8185  8185 W app_process: ClassLoaderContext classpath size mismatch. expected=0, found=1 (PCL[]{PCL[/system/framework/android.test.runner.jar*3954641918]{PCL[/system/framework/android.test.base.jar*1653369819]#PCL[/system/framework/android.test.mock.jar*1009639922]}#PCL[/system/framework/android.test.base.jar*1653369819]} | PCL[/system/framework/android.test.runner.jar*3954641918])
05-25 02:39:28.689  8185  8185 D nativeloader: Load libframework-connectivity-tiramisu-jni.so using APEX ns com_android_tethering for caller /apex/com.android.tethering/javalib/framework-connectivity-t.jar: ok
05-25 02:39:28.689  8185  8185 D AndroidRuntime: Calling main entry com.android.commands.uiautomator.Launcher
05-25 02:39:28.693  8185  8185 I AconfigPackage: android.media.swcodec.flags is mapped to com.android.media.swcodec
05-25 02:39:28.694  8185  8185 I AconfigPackage: com.android.permission.flags is mapped to com.android.permission
05-25 02:39:28.694  8185  8185 I AconfigPackage: com.android.permissioncontroller.flags is mapped to com.android.permission
05-25 02:39:28.694  8185  8185 I AconfigPackage: com.android.icu is mapped to com.android.i18n
05-25 02:39:28.694  8185  8185 I AconfigPackage: com.android.appsearch.flags is mapped to com.android.appsearch
05-25 02:39:28.694  8185  8185 I AconfigPackage: android.uprobestats.mainline.flags is mapped to com.android.uprobestats
05-25 02:39:28.694  8185  8185 I AconfigPackage: com.android.crashrecovery.flags is mapped to com.android.crashrecovery
05-25 02:39:28.694  8185  8185 I AconfigPackage: android.provider.flags is mapped to com.android.configinfrastructure
05-25 02:39:28.694  8185  8185 I AconfigPackage: com.android.server.deviceconfig is mapped to com.android.configinfrastructure
05-25 02:39:28.694  8185  8185 I AconfigPackage: com.android.compos.flags is mapped to com.android.compos
05-25 02:39:28.695  8185  8185 I AconfigPackage: com.android.art.flags is mapped to com.android.art
05-25 02:39:28.695  8185  8185 I AconfigPackage: com.android.art.rw.flags is mapped to com.android.art
05-25 02:39:28.695  8185  8185 I AconfigPackage: com.android.libcore is mapped to com.android.art
05-25 02:39:28.695  8185  8185 I AconfigPackage: com.android.telephony.flags is mapped to com.android.telephonycore
05-25 02:39:28.695  8185  8185 I AconfigPackage: com.android.media.extractor.flags is mapped to com.android.media
05-25 02:39:28.695  8185  8185 I AconfigPackage: com.android.media.mainline.flags is mapped to com.android.media
05-25 02:39:28.696  8185  8185 I AconfigPackage: com.android.wifi.flags is mapped to com.android.wifi
05-25 02:39:28.696  8185  8185 I AconfigPackage: com.android.org.conscrypt.flags is mapped to com.android.conscrypt
05-25 02:39:28.696  8185  8185 I AconfigPackage: com.android.org.conscrypt.net.flags is mapped to com.android.conscrypt
05-25 02:39:28.696  8185  8185 I AconfigPackage: com.android.healthfitness.flags is mapped to com.android.healthfitness
05-25 02:39:28.696  8185  8185 I AconfigPackage: com.android.ipsec.flags is mapped to com.android.ipsec
05-25 02:39:28.696  8185  8185 I AconfigPackage: com.android.nfc.module.flags is mapped to com.android.nfcservices
05-25 02:39:28.697  8185  8185 I AconfigPackage: com.android.adservices.ondevicepersonalization.flags is mapped to com.android.ondevicepersonalization
05-25 02:39:28.697  8185  8185 I AconfigPackage: com.android.adbd.flags is mapped to com.android.adbd
05-25 02:39:28.697  8185  8185 I AconfigPackage: com.android.bluetooth.flags is mapped to com.android.bt
05-25 02:39:28.697  8185  8185 I AconfigPackage: com.android.devicelock.flags is mapped to com.android.devicelock
05-25 02:39:28.697  8185  8185 I AconfigPackage: android.os.profiling is mapped to com.android.profiling
05-25 02:39:28.698  8185  8185 I AconfigPackage: android.os.profiling.anomaly.flags is mapped to com.android.profiling
05-25 02:39:28.698  8185  8185 I AconfigPackage: com.android.os.statsd.flags is mapped to com.android.os.statsd
05-25 02:39:28.698  8185  8185 I AconfigPackage: com.android.rkpd.flags is mapped to com.android.rkpd
05-25 02:39:28.698  8185  8185 I AconfigPackage: com.android.cellbroadcastreceiver.flags is mapped to com.android.cellbroadcast
05-25 02:39:28.698  8185  8185 I AconfigPackage: com.android.adservices.flags is mapped to com.android.adservices
05-25 02:39:28.698  8185  8185 I AconfigPackage: com.android.sdksandbox.flags is mapped to com.android.adservices
05-25 02:39:28.698  8185  8185 I AconfigPackage: com.android.uwb.flags is mapped to com.android.uwb
05-25 02:39:28.699  8185  8185 I AconfigPackage: com.android.ranging.flags is mapped to com.android.uwb
05-25 02:39:28.699  8185  8185 I AconfigPackage: android.graphics.pdf.flags is mapped to com.android.mediaprovider
05-25 02:39:28.699  8185  8185 I AconfigPackage: com.android.providers.media.flags is mapped to com.android.mediaprovider
05-25 02:39:28.699  8185  8185 I AconfigPackage: android.graphics.pdf.flags.readonly is mapped to com.android.mediaprovider
05-25 02:39:28.699  8185  8185 I AconfigPackage: com.android.tethering.mainline.beta is mapped to com.android.tethering
05-25 02:39:28.699  8185  8185 I AconfigPackage: android.net.http is mapped to com.android.tethering
05-25 02:39:28.699  8185  8185 I AconfigPackage: com.android.tethering.readonly.flags is mapped to com.android.tethering
05-25 02:39:28.699  8185  8185 I AconfigPackage: android.net.vcn is mapped to com.android.tethering
05-25 02:39:28.699  8185  8185 I AconfigPackage: com.android.net.flags is mapped to com.android.tethering
05-25 02:39:28.699  8185  8185 I AconfigPackage: com.android.tethering.beta.test is mapped to com.android.tethering
05-25 02:39:28.699  8185  8185 I AconfigPackage: com.android.nearby.flags is mapped to com.android.tethering
05-25 02:39:28.699  8185  8185 I AconfigPackage: com.android.net.ct.flags is mapped to com.android.tethering
05-25 02:39:28.699  8185  8185 I AconfigPackage: com.android.net.thread.flags is mapped to com.android.tethering
05-25 02:39:28.699  8185  8185 I AconfigPackage: com.android.system.virtualmachine.flags is mapped to com.android.virt
05-25 02:39:28.700  8185  8185 E FeatureFlagsImplExport: android.os.flagging.AconfigStorageReadException: ERROR_PACKAGE_NOT_FOUND: package android.xr cannot be found on the device
05-25 02:39:28.701  8185  8185 D UiAutomationConnection: Created on user UserHandle{0}
05-25 02:39:28.702  8185  8185 I UiAutomation: Initialized for user 0 on display 0
05-25 02:39:28.702  8185  8185 W UiAutomation: Created with deprecatead constructor, assumes DEFAULT_DISPLAY
05-25 02:39:28.702   755  1052 D AccessibilityManagerService: changeCurrentUserForTestAutomationIfNeededLocked(0): ignoring because device doesn't support visible background users
05-25 02:39:28.703   755  1052 I UiAutomationManager: Registering UiTestAutomationService (id=com.android.server.accessibility/UiAutomation, flags=0x0) when called by user 0
05-25 02:39:28.703   755  1052 V AccessibilityManagerService: onUserStateChangedLocked for userId: 0, forceUpdate: false
05-25 02:39:28.703   755  1052 V AccessibilityUserState: updateShortcutTargets: type:accessibility_shortcut_target_service, current:{}, new:{}
05-25 02:39:28.704   755  1052 V AccessibilityUserState: updateShortcutTargets: type:accessibility_button_targets, current:{}, new:{}
05-25 02:39:28.704   755  1052 V AccessibilityUserState: updateShortcutTargets: type:accessibility_gesture_targets, current:{}, new:{}
05-25 02:39:28.704   755  1052 V AccessibilityUserState: updateShortcutTargets: type:accessibility_qs_targets, current:{}, new:{}
05-25 02:39:28.704   755  1052 V AccessibilityUserState: updateShortcutTargets: type:accessibility_key_gesture_targets, current:{}, new:{}
05-25 02:39:28.704   755  1052 W MagnificationConnectionManager: requestConnection duplicated request: connect=false, mConnectionState=DISCONNECTED
05-25 02:39:28.704  1546  2094 I AiAiEcho: Settings changed for uri: content://settings/secure/accessibility_enabled
05-25 02:39:28.705   755   755 W libbinder.IPCThreadState: Sending oneway calls to frozen process.
05-25 02:39:28.705  1546  1927 I AiAiEcho: Predicting[0]:  [CONTEXT sampling_count=5 ]
05-25 02:39:28.705  1546  1927 I AiAiEcho: EchoTargets: 
05-25 02:39:28.705  1546  1927 I AiAiEcho: Filtered by AiAi flag check: 
05-25 02:39:28.705  1546  1927 I AiAiEcho: [CONTEXT ratelimit_period="10 SECONDS" ]
05-25 02:39:28.705  1546  1927 I AiAiEcho: #remoteViewsTwiddler: feature disabled.
05-25 02:39:28.706   755   755 W libbinder.IPCThreadState: Sending oneway calls to frozen process.
05-25 02:39:28.706  1546  1927 I AiAiEcho: Predicting[0]:  [CONTEXT sampling_count=5 ]
05-25 02:39:28.706   755   755 W libbinder.IPCThreadState: Sending oneway calls to frozen process.
05-25 02:39:28.706   755   755 W libbinder.IPCThreadState: Sending oneway calls to frozen process.
05-25 02:39:28.706   755   755 W libbinder.IPCThreadState: Sending oneway calls to frozen process.
05-25 02:39:28.706   755   755 W libbinder.IPCThreadState: Sending oneway calls to frozen process.
05-25 02:39:28.706  1546  1927 I AiAiEcho: EchoTargets: 
05-25 02:39:28.706  1546  1927 I AiAiEcho: Filtered by AiAi flag check: 
05-25 02:39:28.706  1546  1927 I AiAiEcho: [CONTEXT ratelimit_period="10 SECONDS" ]
05-25 02:39:28.706  1546  1927 I AiAiEcho: #remoteViewsTwiddler: feature disabled.
05-25 02:39:28.706  1546  1927 I AiAiEcho: #postPredictionTargets: Sending updates to UISurface lockscreen with targets# 0 (types=[])
05-25 02:39:28.706  1546  1927 I AiAiEcho: #postPredictionTargets: Sending updates to UISurface home with targets# 0 (types=[])
05-25 02:39:28.707  1012  1012 W SsPagerDots: Total number of pages invalid: 0. Assuming 1 page.
05-25 02:39:28.707   755   755 W libbinder.IPCThreadState: Sending oneway calls to frozen process.
05-25 02:39:28.707   755   755 W libbinder.IPCThreadState: Sending oneway calls to frozen process.
05-25 02:39:28.707   755   755 W libbinder.IPCThreadState: Sending oneway calls to frozen process.
05-25 02:39:28.708   755   755 W libbinder.IPCThreadState: Sending oneway calls to frozen process.
05-25 02:39:28.708   755   755 W libbinder.IPCThreadState: Sending oneway calls to frozen process.
05-25 02:39:28.708   755  1052 V AccessibilityManagerService: onUserStateChangedLocked for userId: 0, forceUpdate: false
05-25 02:39:28.708   755   755 W libbinder.IPCThreadState: Sending oneway calls to frozen process.
05-25 02:39:28.708   755   755 W libbinder.IPCThreadState: Sending oneway calls to frozen process.
05-25 02:39:28.708   755  1052 V AccessibilityUserState: updateShortcutTargets: type:accessibility_shortcut_target_service, current:{}, new:{}
05-25 02:39:28.708   755  1052 V AccessibilityUserState: updateShortcutTargets: type:accessibility_button_targets, current:{}, new:{}
05-25 02:39:28.708   755  1052 V AccessibilityUserState: updateShortcutTargets: type:accessibility_gesture_targets, current:{}, new:{}
05-25 02:39:28.708   755  1052 V AccessibilityUserState: updateShortcutTargets: type:accessibility_qs_targets, current:{}, new:{}
05-25 02:39:28.708   755  1052 V AccessibilityUserState: updateShortcutTargets: type:accessibility_key_gesture_targets, current:{}, new:{}
05-25 02:39:28.708   755  1052 W MagnificationConnectionManager: requestConnection duplicated request: connect=false, mConnectionState=DISCONNECTED
05-25 02:39:28.709   755   755 W libbinder.IPCThreadState: Sending oneway calls to frozen process.
05-25 02:39:28.709   755   755 W libbinder.IPCThreadState: Sending oneway calls to frozen process.
05-25 02:39:28.709   755   755 W libbinder.IPCThreadState: Sending oneway calls to frozen process.
05-25 02:39:28.709   755   755 W libbinder.IPCThreadState: Sending oneway calls to frozen process.
05-25 02:39:28.709   755   755 W libbinder.IPCThreadState: Sending oneway calls to frozen process.
05-25 02:39:28.709   755   755 W libbinder.IPCThreadState: Sending oneway calls to frozen process.
05-25 02:39:28.709   755   755 W libbinder.IPCThreadState: Sending oneway calls to frozen process.
05-25 02:39:28.709   755   755 W libbinder.IPCThreadState: Sending oneway calls to frozen process.
05-25 02:39:28.711   755   755 W libbinder.IPCThreadState: Sending oneway calls to frozen process.
05-25 02:39:28.711   755   755 W libbinder.IPCThreadState: Sending oneway calls to frozen process.
05-25 02:39:28.711   755   755 W libbinder.IPCThreadState: Sending oneway calls to frozen process.
05-25 02:39:28.710  1546  3179 I AiAiEcho: Settings changed for uri: content://settings/secure/accessibility_enabled
05-25 02:39:28.712   755   755 W libbinder.IPCThreadState: Sending oneway calls to frozen process.
05-25 02:39:28.712   755   755 W libbinder.IPCThreadState: Sending oneway calls to frozen process.
05-25 02:39:28.712   755   755 W libbinder.IPCThreadState: Sending oneway calls to frozen process.
05-25 02:39:28.714   755   755 W libbinder.IPCThreadState: Sending oneway calls to frozen process.
05-25 02:39:28.714   755   755 W libbinder.IPCThreadState: Sending oneway calls to frozen process.
05-25 02:39:28.714   755   755 W libbinder.IPCThreadState: Sending oneway calls to frozen process.
05-25 02:39:28.714   755   755 W libbinder.IPCThreadState: Sending oneway calls to frozen process.
05-25 02:39:28.714   755   755 W libbinder.IPCThreadState: Sending oneway calls to frozen process.
05-25 02:39:28.714   755   755 W libbinder.IPCThreadState: Sending oneway calls to frozen process.
05-25 02:39:28.714   755   755 W libbinder.IPCThreadState: Sending oneway calls to frozen process.
05-25 02:39:28.714   755   755 W libbinder.IPCThreadState: Sending oneway calls to frozen process.
05-25 02:39:28.715   755   755 W libbinder.IPCThreadState: Sending oneway calls to frozen process.
05-25 02:39:28.715   755   755 W libbinder.IPCThreadState: Sending oneway calls to frozen process.
05-25 02:39:28.715   755   755 W libbinder.IPCThreadState: Sending oneway calls to frozen process.
05-25 02:39:28.715   755   755 W libbinder.IPCThreadState: Sending oneway calls to frozen process.
05-25 02:39:28.715   755   755 W libbinder.IPCThreadState: Sending oneway calls to frozen process.
05-25 02:39:28.715   755   755 D BatterySaverPolicy: accessibility changed to true, updating policy.
05-25 02:39:28.716  1546  1927 I AiAiEcho: Predicting[0]:  [CONTEXT sampling_count=5 ]
05-25 02:39:28.716  1546  1927 I AiAiEcho: EchoTargets: 
05-25 02:39:28.716  1546  1927 I AiAiEcho: Filtered by AiAi flag check: 
05-25 02:39:28.716  1546  1927 I AiAiEcho: [CONTEXT ratelimit_period="10 SECONDS" ]
05-25 02:39:28.717  1546  1927 I AiAiEcho: #remoteViewsTwiddler: feature disabled.
05-25 02:39:28.717  1546  1927 I AiAiEcho: Predicting[0]:  [CONTEXT sampling_count=5 ]
05-25 02:39:28.717  1546  1927 I AiAiEcho: EchoTargets: 
05-25 02:39:28.717  1546  1927 I AiAiEcho: Filtered by AiAi flag check: 
05-25 02:39:28.717  1546  1927 I AiAiEcho: [CONTEXT ratelimit_period="10 SECONDS" ]
05-25 02:39:28.717  1546  1927 I AiAiEcho: #remoteViewsTwiddler: feature disabled.
05-25 02:39:28.717  1546  1927 I AiAiEcho: #postPredictionTargets: Sending updates to UISurface lockscreen with targets# 0 (types=[])
05-25 02:39:28.717  1546  1927 I AiAiEcho: #postPredictionTargets: Sending updates to UISurface home with targets# 0 (types=[])
05-25 02:39:28.720   755  1052 D AccessibilityManagerService: .getAccessibilityShortcutTargets {shortcutType=32, userId=0}
05-25 02:39:28.721  1012  1012 W SsPagerDots: Total number of pages invalid: 0. Assuming 1 page.
05-25 02:39:29.731  8185  8185 W AccessibilityNodeInfoDumper: Fetch time: 1ms
05-25 02:39:29.732   755  3185 V AccessibilityManagerService: onUserStateChangedLocked for userId: 0, forceUpdate: false
05-25 02:39:29.733   755  3185 V AccessibilityUserState: updateShortcutTargets: type:accessibility_shortcut_target_service, current:{}, new:{}
05-25 02:39:29.733   755  3185 V AccessibilityUserState: updateShortcutTargets: type:accessibility_button_targets, current:{}, new:{}
05-25 02:39:29.733   755  3185 V AccessibilityUserState: updateShortcutTargets: type:accessibility_gesture_targets, current:{}, new:{}
05-25 02:39:29.733   755  3185 V AccessibilityUserState: updateShortcutTargets: type:accessibility_qs_targets, current:{}, new:{}
05-25 02:39:29.733   755  3185 V AccessibilityUserState: updateShortcutTargets: type:accessibility_key_gesture_targets, current:{}, new:{}
05-25 02:39:29.733   755  3185 W MagnificationConnectionManager: requestConnection duplicated request: connect=false, mConnectionState=DISCONNECTED
05-25 02:39:29.733   755  3185 D AccessibilityManagerService: restoreCurrentUserForTestAutomationIfNeededLocked(): ignoring because device doesn't support visible background users
05-25 02:39:29.733   755   755 W libbinder.IPCThreadState: Sending oneway calls to frozen process.
05-25 02:39:29.733   755   755 W libbinder.IPCThreadState: Sending oneway calls to frozen process.
05-25 02:39:29.733   755   755 W libbinder.IPCThreadState: Sending oneway calls to frozen process.
05-25 02:39:29.733   755   755 W libbinder.IPCThreadState: Sending oneway calls to frozen process.
05-25 02:39:29.733   755   755 W libbinder.IPCThreadState: Sending oneway calls to frozen process.
05-25 02:39:29.734  1546  3179 I AiAiEcho: Settings changed for uri: content://settings/secure/accessibility_enabled
05-25 02:39:29.734  1546  1927 I AiAiEcho: Predicting[0]:  [CONTEXT sampling_count=5 ]
05-25 02:39:29.734  1546  1927 I AiAiEcho: EchoTargets: 
05-25 02:39:29.734  1546  1927 I AiAiEcho: Filtered by AiAi flag check: 
05-25 02:39:29.734  1546  1927 I AiAiEcho: [CONTEXT ratelimit_period="10 SECONDS" ]
05-25 02:39:29.734  1546  1927 I AiAiEcho: #remoteViewsTwiddler: feature disabled.
05-25 02:39:29.735  1546  1927 I AiAiEcho: Predicting[0]:  [CONTEXT sampling_count=5 ]
05-25 02:39:29.735  1546  1927 I AiAiEcho: EchoTargets: 
05-25 02:39:29.735  1546  1927 I AiAiEcho: Filtered by AiAi flag check: 
05-25 02:39:29.735  1546  1927 I AiAiEcho: [CONTEXT ratelimit_period="10 SECONDS" ]
05-25 02:39:29.735  1546  1927 I AiAiEcho: #remoteViewsTwiddler: feature disabled.
05-25 02:39:29.735  1546  1927 I AiAiEcho: #postPredictionTargets: Sending updates to UISurface lockscreen with targets# 0 (types=[])
05-25 02:39:29.735  8185  8193 W libbinder.IPCThreadState: call to talkWithDriver in joinThreadPool returned error: -9 (Bad file descriptor), FD: -1
05-25 02:39:29.736  1546  1927 I AiAiEcho: #postPredictionTargets: Sending updates to UISurface home with targets# 0 (types=[])
05-25 02:39:29.736  8185  8197 W libbinder.IPCThreadState: call to talkWithDriver in joinThreadPool returned error: -9 (Bad file descriptor), FD: -1
05-25 02:39:29.736  8185  8194 W libbinder.IPCThreadState: call to talkWithDriver in joinThreadPool returned error: -9 (Bad file descriptor), FD: -1
05-25 02:39:29.736  8185  8185 D AndroidRuntime: Shutting down VM
05-25 02:39:29.737  1012  1012 W SsPagerDots: Total number of pages invalid: 0. Assuming 1 page.
05-25 02:39:29.737   755   755 W libbinder.IPCThreadState: Sending oneway calls to frozen process.
05-25 02:39:29.737   755   755 W libbinder.IPCThreadState: Sending oneway calls to frozen process.
05-25 02:39:29.737   755   755 W libbinder.IPCThreadState: Sending oneway calls to frozen process.
05-25 02:39:29.737   755   755 W libbinder.IPCThreadState: Sending oneway calls to frozen process.
05-25 02:39:29.737   755   755 W libbinder.IPCThreadState: Sending oneway calls to frozen process.
05-25 02:39:29.737   755   755 W libbinder.IPCThreadState: Sending oneway calls to frozen process.
05-25 02:39:29.737   755   755 W libbinder.IPCThreadState: Sending oneway calls to frozen process.
05-25 02:39:29.737   755   755 W libbinder.IPCThreadState: Sending oneway calls to frozen process.
05-25 02:39:29.737   755   755 W libbinder.IPCThreadState: Sending oneway calls to frozen process.
05-25 02:39:29.737   755   755 W libbinder.IPCThreadState: Sending oneway calls to frozen process.
05-25 02:39:29.737   755   755 W libbinder.IPCThreadState: Sending oneway calls to frozen process.
05-25 02:39:29.737   755   755 W libbinder.IPCThreadState: Sending oneway calls to frozen process.
05-25 02:39:29.737   755   755 W libbinder.IPCThreadState: Sending oneway calls to frozen process.
05-25 02:39:29.737   755   755 W libbinder.IPCThreadState: Sending oneway calls to frozen process.
05-25 02:39:29.738   755   755 W libbinder.IPCThreadState: Sending oneway calls to frozen process.
05-25 02:39:29.738   755   755 W libbinder.IPCThreadState: Sending oneway calls to frozen process.
05-25 02:39:29.738   755   755 W libbinder.IPCThreadState: Sending oneway calls to frozen process.
05-25 02:39:29.739   755   755 W libbinder.IPCThreadState: Sending oneway calls to frozen process.
05-25 02:39:29.739   755   755 W libbinder.IPCThreadState: Sending oneway calls to frozen process.
05-25 02:39:29.739   755   755 D BatterySaverPolicy: accessibility changed to false, updating policy.
05-25 02:39:29.938  1529  1529 D WM-DelayedWorkTracker: Scheduling work 7aa4fedf-ba7b-4c39-873b-05c34290b727
05-25 02:39:29.938  1529  1529 D WM-GreedyScheduler: Starting tracking for 7aa4fedf-ba7b-4c39-873b-05c34290b727
05-25 02:39:29.938  1529  1727 D WM-ConstraintTracker: BatteryNotLowTracker: initial state = true
05-25 02:39:29.939  1529  1727 D WM-BrdcstRcvrCnstrntTrc: BatteryNotLowTracker: registering receiver
05-25 02:39:29.939  1529  1727 D WM-GreedyScheduler: Constraints met: Scheduling work ID WorkGenerationalId(workSpecId=7aa4fedf-ba7b-4c39-873b-05c34290b727, generation=0)
05-25 02:39:29.940  1529  1727 D WM-Processor: Processor: processing WorkGenerationalId(workSpecId=7aa4fedf-ba7b-4c39-873b-05c34290b727, generation=0)
05-25 02:39:29.941  1529  1529 D WM-WorkerWrapper: Starting work for com.android.providers.media.photopicker.sync.ProactiveSyncWorker
05-25 02:39:29.942  1529  8198 I PSyncWorker: Starting proactive picker sync from sync source: 1
05-25 02:39:29.942  1529  8198 I PickerSyncTracker: Created new sync future java.util.concurrent.CompletableFuture@39b051f[Not completed, 1 dependents]. Future map: {7aa4fedf-ba7b-4c39-873b-05c34290b727=java.util.concurrent.CompletableFuture@39b051f[Not completed, 1 dependents]}
05-25 02:39:29.943  1529  8198 D PickerSyncController: syncAllMediaFromProvider() LOCAL, auth=com.android.providers.media.photopicker, retry=true
05-25 02:39:29.943  1529  8198 D PickerSyncController: getSyncRequestParams() LOCAL, auth=com.android.providers.media.photopicker
05-25 02:39:29.943  1529  1529 D WM-SystemJobService: onStartJob for WorkGenerationalId(workSpecId=7aa4fedf-ba7b-4c39-873b-05c34290b727, generation=0)
05-25 02:39:29.944  1529  8198 D PickerSyncController:    Latest ID/Gen=92835bc8fd6dde81:external_primary/2583
05-25 02:39:29.944  1529  1874 D WM-Processor: Work WorkGenerationalId(workSpecId=7aa4fedf-ba7b-4c39-873b-05c34290b727, generation=0) is already enqueued for processing
05-25 02:39:29.944  1529  8198 D PickerSyncController:    Cached ID/Gen=92835bc8fd6dde81:external_primary/2565
05-25 02:39:29.944  1529  8198 D PickerSyncController:    RESULT=SyncRequestParams{type=MEDIA_INCREMENTAL, gen=2565, latest=Bundle[{last_media_sync_generation=2583, media_collection_id=92835bc8fd6dde81:external_primary}], pageSize=1000}
05-25 02:39:29.944  1529  8198 I PickerSyncController: Executing SyncAdd. isLocal: true. authority: com.android.providers.media.photopicker
05-25 02:39:29.944  1529  8198 D PickerSyncLockManager: Trying to acquire lock com.android.providers.media.photopicker.sync.CloseableReentrantLock@cffd47[Unlocked]. Lock Name = CLOUD_PROVIDER_LOCK. Threads that may be waiting to acquire this lock = [] with timeout.
05-25 02:39:29.944  1529  8198 D CloseableReentrantLock: Successfully acquired lock com.android.providers.media.photopicker.sync.CloseableReentrantLock@cffd47[Locked by thread pool-4-thread-64]. Lock Name = CLOUD_PROVIDER_LOCK. Threads that may be waiting to acquire this lock = []
05-25 02:39:29.944  1529  8198 D CloseableReentrantLock: Successfully released lock com.android.providers.media.photopicker.sync.CloseableReentrantLock@cffd47[Unlocked]. Lock Name = CLOUD_PROVIDER_LOCK. Threads that may be waiting to acquire this lock = []
05-25 02:39:29.945  1529  8198 D ExternalDbFacade: Token received for queryMedia = null
05-25 02:39:29.945  1529  8198 V PickerDbFacade: Failed to insert picker db media. ContentValues: _user_id=0 standard_mime_type_extension=0 size_bytes=172652 orientation=0 height=2400 owner_package_name=com.android.shell date_taken_ms=1779673116000 duration_ms=0 sync_generation=2579 mime_type=image/png width=1080 is_favorite=0 local_id=230 is_visible=1
05-25 02:39:29.945  1529  8198 V PickerDbFacade: android.database.sqlite.SQLiteConstraintException: UNIQUE constraint failed: media.local_id, media.is_visible (code 2067 SQLITE_CONSTRAINT_UNIQUE)
05-25 02:39:29.945  1529  8198 V PickerDbFacade: 	at android.database.sqlite.SQLiteConnection.nativeExecuteForLastInsertedRowId(Native Method)
05-25 02:39:29.945  1529  8198 V PickerDbFacade: 	at android.database.sqlite.SQLiteConnection.executeForLastInsertedRowId(SQLiteConnection.java:995)
05-25 02:39:29.945  1529  8198 V PickerDbFacade: 	at android.database.sqlite.SQLiteSession.executeForLastInsertedRowId(SQLiteSession.java:825)
05-25 02:39:29.945  1529  8198 V PickerDbFacade: 	at android.database.sqlite.SQLiteStatement.executeInsert(SQLiteStatement.java:89)
05-25 02:39:29.945  1529  8198 V PickerDbFacade: 	at android.database.DatabaseUtils.executeInsert(DatabaseUtils.java:234)
05-25 02:39:29.945  1529  8198 V PickerDbFacade: 	at android.database.sqlite.SQLiteQueryBuilder.insert(SQLiteQueryBuilder.java:638)
05-25 02:39:29.945  1529  8198 V PickerDbFacade: 	at com.android.providers.media.photopicker.data.PickerDbFacade$AddMediaOperation.insertMedia(PickerDbFacade.java:644)
05-25 02:39:29.945  1529  8198 V PickerDbFacade: 	at com.android.providers.media.photopicker.data.PickerDbFacade$AddMediaOperation.upsertMedia(PickerDbFacade.java:658)
05-25 02:39:29.945  1529  8198 V PickerDbFacade: 	at com.android.providers.media.photopicker.data.PickerDbFacade$AddMediaOperation.executeInternal(PickerDbFacade.java:616)
05-25 02:39:29.945  1529  8198 V PickerDbFacade: 	at com.android.providers.media.photopicker.data.PickerDbFacade$DbWriteOperation.execute(PickerDbFacade.java:405)
05-25 02:39:29.945  1529  8198 V PickerDbFacade: 	at com.android.providers.media.photopicker.PickerSyncController.executePagedSync(PickerSyncController.java:1822)
05-25 02:39:29.945  1529  8198 V PickerDbFacade: 	at com.android.providers.media.photopicker.PickerSyncController.executePagedSync(PickerSyncController.java:1741)
05-25 02:39:29.945  1529  8198 V PickerDbFacade: 	at com.android.providers.media.photopicker.PickerSyncController.executeSyncAdd(PickerSyncController.java:1138)
05-25 02:39:29.945  1529  8198 V PickerDbFacade: 	at com.android.providers.media.photopicker.PickerSyncController.syncAllMediaFromProvider(PickerSyncController.java:982)
05-25 02:39:29.945  1529  8198 V PickerDbFacade: 	at com.android.providers.media.photopicker.PickerSyncController.syncAllMediaFromLocalProvider(PickerSyncController.java:402)
05-25 02:39:29.945  1529  8198 V PickerDbFacade: 	at com.android.providers.media.photopicker.sync.ProactiveSyncWorker.doWork(ProactiveSyncWorker.java:89)
05-25 02:39:29.945  1529  8198 V PickerDbFacade: 	at androidx.work.Worker.startWork$lambda$0(Worker.kt:64)
05-25 02:39:29.945  1529  8198 V PickerDbFacade: 	at androidx.work.Worker.$r8$lambda$opNRPVQx7zi4ENxyGPOIhxFU0oM(Worker.kt:0)
05-25 02:39:29.945  1529  8198 V PickerDbFacade: 	at androidx.work.Worker$$ExternalSyntheticLambda0.invoke(R8$$SyntheticClass:0)
05-25 02:39:29.945  1529  8198 V PickerDbFacade: 	at androidx.work.WorkerKt.future$lambda$2$lambda$1(Worker.kt:100)
05-25 02:39:29.945  1529  8198 V PickerDbFacade: 	at androidx.work.WorkerKt.$r8$lambda$06LNzu7McnKR6G06fSbfQ2BCegc(Worker.kt:0)
05-25 02:39:29.945  1529  8198 V PickerDbFacade: 	at androidx.work.WorkerKt$$ExternalSyntheticLambda2.run(R8$$SyntheticClass:0)
05-25 02:39:29.945  1529  8198 V PickerDbFacade: 	at java.util.concurrent.ThreadPoolExecutor.runWorker(ThreadPoolExecutor.java:1154)
05-25 02:39:29.945  1529  8198 V PickerDbFacade: 	at java.util.concurrent.ThreadPoolExecutor$Worker.run(ThreadPoolExecutor.java:652)
05-25 02:39:29.945  1529  8198 V PickerDbFacade: 	at java.lang.Thread.run(Thread.java:1563)
05-25 02:39:29.945  1529  8198 V PickerDbFacade: Retrying failed insert as update. ContentValues: _user_id=0 standard_mime_type_extension=0 size_bytes=172652 orientation=0 height=2400 owner_package_name=com.android.shell date_taken_ms=1779673116000 duration_ms=0 sync_generation=2579 mime_type=image/png width=1080 is_favorite=0 local_id=230 is_visible=1
05-25 02:39:29.946  1529  8198 V PickerDbFacade: Failed to insert picker db media. ContentValues: _user_id=0 standard_mime_type_extension=0 size_bytes=300322 orientation=0 height=2400 owner_package_name=com.android.shell date_taken_ms=1779673112000 duration_ms=0 sync_generation=2576 mime_type=image/png width=1080 is_favorite=0 local_id=229 is_visible=1
05-25 02:39:29.946  1529  8198 V PickerDbFacade: android.database.sqlite.SQLiteConstraintException: UNIQUE constraint failed: media.local_id, media.is_visible (code 2067 SQLITE_CONSTRAINT_UNIQUE)
05-25 02:39:29.946  1529  8198 V PickerDbFacade: 	at android.database.sqlite.SQLiteConnection.nativeExecuteForLastInsertedRowId(Native Method)
05-25 02:39:29.946  1529  8198 V PickerDbFacade: 	at android.database.sqlite.SQLiteConnection.executeForLastInsertedRowId(SQLiteConnection.java:995)
05-25 02:39:29.946  1529  8198 V PickerDbFacade: 	at android.database.sqlite.SQLiteSession.executeForLastInsertedRowId(SQLiteSession.java:825)
05-25 02:39:29.946  1529  8198 V PickerDbFacade: 	at android.database.sqlite.SQLiteStatement.executeInsert(SQLiteStatement.java:89)
05-25 02:39:29.946  1529  8198 V PickerDbFacade: 	at android.database.DatabaseUtils.executeInsert(DatabaseUtils.java:234)
05-25 02:39:29.946  1529  8198 V PickerDbFacade: 	at android.database.sqlite.SQLiteQueryBuilder.insert(SQLiteQueryBuilder.java:638)
05-25 02:39:29.946  1529  8198 V PickerDbFacade: 	at com.android.providers.media.photopicker.data.PickerDbFacade$AddMediaOperation.insertMedia(PickerDbFacade.java:644)
05-25 02:39:29.946  1529  8198 V PickerDbFacade: 	at com.android.providers.media.photopicker.data.PickerDbFacade$AddMediaOperation.upsertMedia(PickerDbFacade.java:658)
05-25 02:39:29.946  1529  8198 V PickerDbFacade: 	at com.android.providers.media.photopicker.data.PickerDbFacade$AddMediaOperation.executeInternal(PickerDbFacade.java:616)
05-25 02:39:29.946  1529  8198 V PickerDbFacade: 	at com.android.providers.media.photopicker.data.PickerDbFacade$DbWriteOperation.execute(PickerDbFacade.java:405)
05-25 02:39:29.946  1529  8198 V PickerDbFacade: 	at com.android.providers.media.photopicker.PickerSyncController.executePagedSync(PickerSyncController.java:1822)
05-25 02:39:29.946  1529  8198 V PickerDbFacade: 	at com.android.providers.media.photopicker.PickerSyncController.executePagedSync(PickerSyncController.java:1741)
05-25 02:39:29.946  1529  8198 V PickerDbFacade: 	at com.android.providers.media.photopicker.PickerSyncController.executeSyncAdd(PickerSyncController.java:1138)
05-25 02:39:29.946  1529  8198 V PickerDbFacade: 	at com.android.providers.media.photopicker.PickerSyncController.syncAllMediaFromProvider(PickerSyncController.java:982)
05-25 02:39:29.946  1529  8198 V PickerDbFacade: 	at com.android.providers.media.photopicker.PickerSyncController.syncAllMediaFromLocalProvider(PickerSyncController.java:402)
05-25 02:39:29.946  1529  8198 V PickerDbFacade: 	at com.android.providers.media.photopicker.sync.ProactiveSyncWorker.doWork(ProactiveSyncWorker.java:89)
05-25 02:39:29.946  1529  8198 V PickerDbFacade: 	at androidx.work.Worker.startWork$lambda$0(Worker.kt:64)
05-25 02:39:29.946  1529  8198 V PickerDbFacade: 	at androidx.work.Worker.$r8$lambda$opNRPVQx7zi4ENxyGPOIhxFU0oM(Worker.kt:0)
05-25 02:39:29.946  1529  8198 V PickerDbFacade: 	at androidx.work.Worker$$ExternalSyntheticLambda0.invoke(R8$$SyntheticClass:0)
05-25 02:39:29.946  1529  8198 V PickerDbFacade: 	at androidx.work.WorkerKt.future$lambda$2$lambda$1(Worker.kt:100)
05-25 02:39:29.946  1529  8198 V PickerDbFacade: 	at androidx.work.WorkerKt.$r8$lambda$06LNzu7McnKR6G06fSbfQ2BCegc(Worker.kt:0)
05-25 02:39:29.946  1529  8198 V PickerDbFacade: 	at androidx.work.WorkerKt$$ExternalSyntheticLambda2.run(R8$$SyntheticClass:0)
05-25 02:39:29.946  1529  8198 V PickerDbFacade: 	at java.util.concurrent.ThreadPoolExecutor.runWorker(ThreadPoolExecutor.java:1154)
05-25 02:39:29.946  1529  8198 V PickerDbFacade: 	at java.util.concurrent.ThreadPoolExecutor$Worker.run(ThreadPoolExecutor.java:652)
05-25 02:39:29.946  1529  8198 V PickerDbFacade: 	at java.lang.Thread.run(Thread.java:1563)
05-25 02:39:29.946  1529  8198 V PickerDbFacade: Retrying failed insert as update. ContentValues: _user_id=0 standard_mime_type_extension=0 size_bytes=300322 orientation=0 height=2400 owner_package_name=com.android.shell date_taken_ms=1779673112000 duration_ms=0 sync_generation=2576 mime_type=image/png width=1080 is_favorite=0 local_id=229 is_visible=1
05-25 02:39:29.946  1529  8198 V PickerDbFacade: Failed to insert picker db media. ContentValues: _user_id=0 standard_mime_type_extension=0 size_bytes=245955 orientation=0 height=2400 owner_package_name=com.android.shell date_taken_ms=1779673106000 duration_ms=0 sync_generation=2573 mime_type=image/png width=1080 is_favorite=0 local_id=228 is_visible=1
05-25 02:39:29.946  1529  8198 V PickerDbFacade: android.database.sqlite.SQLiteConstraintException: UNIQUE constraint failed: media.local_id, media.is_visible (code 2067 SQLITE_CONSTRAINT_UNIQUE)
05-25 02:39:29.946  1529  8198 V PickerDbFacade: 	at android.database.sqlite.SQLiteConnection.nativeExecuteForLastInsertedRowId(Native Method)
05-25 02:39:29.946  1529  8198 V PickerDbFacade: 	at android.database.sqlite.SQLiteConnection.executeForLastInsertedRowId(SQLiteConnection.java:995)
05-25 02:39:29.946  1529  8198 V PickerDbFacade: 	at android.database.sqlite.SQLiteSession.executeForLastInsertedRowId(SQLiteSession.java:825)
05-25 02:39:29.946  1529  8198 V PickerDbFacade: 	at android.database.sqlite.SQLiteStatement.executeInsert(SQLiteStatement.java:89)
05-25 02:39:29.946  1529  8198 V PickerDbFacade: 	at android.database.DatabaseUtils.executeInsert(DatabaseUtils.java:234)
05-25 02:39:29.946  1529  8198 V PickerDbFacade: 	at android.database.sqlite.SQLiteQueryBuilder.insert(SQLiteQueryBuilder.java:638)
05-25 02:39:29.946  1529  8198 V PickerDbFacade: 	at com.android.providers.media.photopicker.data.PickerDbFacade$AddMediaOperation.insertMedia(PickerDbFacade.java:644)
05-25 02:39:29.946  1529  8198 V PickerDbFacade: 	at com.android.providers.media.photopicker.data.PickerDbFacade$AddMediaOperation.upsertMedia(PickerDbFacade.java:658)
05-25 02:39:29.946  1529  8198 V PickerDbFacade: 	at com.android.providers.media.photopicker.data.PickerDbFacade$AddMediaOperation.executeInternal(PickerDbFacade.java:616)
05-25 02:39:29.946  1529  8198 V PickerDbFacade: 	at com.android.providers.media.photopicker.data.PickerDbFacade$DbWriteOperation.execute(PickerDbFacade.java:405)
05-25 02:39:29.946  1529  8198 V PickerDbFacade: 	at com.android.providers.media.photopicker.PickerSyncController.executePagedSync(PickerSyncController.java:1822)
05-25 02:39:29.946  1529  8198 V PickerDbFacade: 	at com.android.providers.media.photopicker.PickerSyncController.executePagedSync(PickerSyncController.java:1741)
05-25 02:39:29.946  1529  8198 V PickerDbFacade: 	at com.android.providers.media.photopicker.PickerSyncController.executeSyncAdd(PickerSyncController.java:1138)
05-25 02:39:29.946  1529  8198 V PickerDbFacade: 	at com.android.providers.media.photopicker.PickerSyncController.syncAllMediaFromProvider(PickerSyncController.java:982)
05-25 02:39:29.946  1529  8198 V PickerDbFacade: 	at com.android.providers.media.photopicker.PickerSyncController.syncAllMediaFromLocalProvider(PickerSyncController.java:402)
05-25 02:39:29.946  1529  8198 V PickerDbFacade: 	at com.android.providers.media.photopicker.sync.ProactiveSyncWorker.doWork(ProactiveSyncWorker.java:89)
05-25 02:39:29.946  1529  8198 V PickerDbFacade: 	at androidx.work.Worker.startWork$lambda$0(Worker.kt:64)
05-25 02:39:29.946  1529  8198 V PickerDbFacade: 	at androidx.work.Worker.$r8$lambda$opNRPVQx7zi4ENxyGPOIhxFU0oM(Worker.kt:0)
05-25 02:39:29.946  1529  8198 V PickerDbFacade: 	at androidx.work.Worker$$ExternalSyntheticLambda0.invoke(R8$$SyntheticClass:0)
05-25 02:39:29.946  1529  8198 V PickerDbFacade: 	at androidx.work.WorkerKt.future$lambda$2$lambda$1(Worker.kt:100)
05-25 02:39:29.946  1529  8198 V PickerDbFacade: 	at androidx.work.WorkerKt.$r8$lambda$06LNzu7McnKR6G06fSbfQ2BCegc(Worker.kt:0)
05-25 02:39:29.946  1529  8198 V PickerDbFacade: 	at androidx.work.WorkerKt$$ExternalSyntheticLambda2.run(R8$$SyntheticClass:0)
05-25 02:39:29.946  1529  8198 V PickerDbFacade: 	at java.util.concurrent.ThreadPoolExecutor.runWorker(ThreadPoolExecutor.java:1154)
05-25 02:39:29.946  1529  8198 V PickerDbFacade: 	at java.util.concurrent.ThreadPoolExecutor$Worker.run(ThreadPoolExecutor.java:652)
05-25 02:39:29.946  1529  8198 V PickerDbFacade: 	at java.lang.Thread.run(Thread.java:1563)
05-25 02:39:29.946  1529  8198 V PickerDbFacade: Retrying failed insert as update. ContentValues: _user_id=0 standard_mime_type_extension=0 size_bytes=245955 orientation=0 height=2400 owner_package_name=com.android.shell date_taken_ms=1779673106000 duration_ms=0 sync_generation=2573 mime_type=image/png width=1080 is_favorite=0 local_id=228 is_visible=1
05-25 02:39:29.946  1529  8198 D PickerSyncLockManager: Trying to acquire lock com.android.providers.media.photopicker.sync.CloseableReentrantLock@cffd47[Unlocked]. Lock Name = CLOUD_PROVIDER_LOCK. Threads that may be waiting to acquire this lock = [] with timeout.
05-25 02:39:29.946  1529  8198 D CloseableReentrantLock: Successfully acquired lock com.android.providers.media.photopicker.sync.CloseableReentrantLock@cffd47[Locked by thread pool-4-thread-64]. Lock Name = CLOUD_PROVIDER_LOCK. Threads that may be waiting to acquire this lock = []
05-25 02:39:29.946  1529  8198 D PickerSyncController: Saving next page token: 1779673106000|228 for key: local_provider:media_add:resume
05-25 02:39:29.946  1529  8198 D CloseableReentrantLock: Successfully released lock com.android.providers.media.photopicker.sync.CloseableReentrantLock@cffd47[Unlocked]. Lock Name = CLOUD_PROVIDER_LOCK. Threads that may be waiting to acquire this lock = []
05-25 02:39:29.946  1529  8198 D PickerNotificationSender: Sending a notification for media update
05-25 02:39:29.947  1529  8198 D PickerNotificationSender: Sending a notification for merged album media update Videos
05-25 02:39:29.947  1529  8198 D PickerNotificationSender: Sending a notification for album media update Videos
05-25 02:39:29.948  1529  8198 D PickerNotificationSender: Sending a notification for merged album media update Favorites
05-25 02:39:29.948  1529  8198 D PickerNotificationSender: Sending a notification for album media update Favorites
05-25 02:39:29.949  1529  8198 D ExternalDbFacade: Token received for queryMedia = 1779673106000|228
05-25 02:39:29.949  1529  8198 D PickerSyncLockManager: Trying to acquire lock com.android.providers.media.photopicker.sync.CloseableReentrantLock@cffd47[Unlocked]. Lock Name = CLOUD_PROVIDER_LOCK. Threads that may be waiting to acquire this lock = [] with timeout.
05-25 02:39:29.949  1529  8198 D CloseableReentrantLock: Successfully acquired lock com.android.providers.media.photopicker.sync.CloseableReentrantLock@cffd47[Locked by thread pool-4-thread-64]. Lock Name = CLOUD_PROVIDER_LOCK. Threads that may be waiting to acquire this lock = []
05-25 02:39:29.949  1529  8198 D PickerSyncController: Clearing next page token for key: local_provider:media_add:resume
05-25 02:39:29.949  1529  8198 D CloseableReentrantLock: Successfully released lock com.android.providers.media.photopicker.sync.CloseableReentrantLock@cffd47[Unlocked]. Lock Name = CLOUD_PROVIDER_LOCK. Threads that may be waiting to acquire this lock = []
05-25 02:39:29.949  1529  8198 D PickerNotificationSender: Sending a notification for media update
05-25 02:39:29.949  1529  8198 D PickerNotificationSender: Sending a notification for merged album media update Videos
05-25 02:39:29.949  1529  8198 D PickerNotificationSender: Sending a notification for album media update Videos
05-25 02:39:29.950  1529  8198 D PickerNotificationSender: Sending a notification for merged album media update Favorites
05-25 02:39:29.950  1529  8198 D PickerNotificationSender: Sending a notification for album media update Favorites
05-25 02:39:29.950  1529  8198 I PickerSyncController: Paged sync successful. QueryArgs: Bundle[{android.provider.extra.PAGE_TOKEN=1779673106000|228, android.provider.extra.SYNC_GENERATION=2565, android.provider.extra.PAGE_SIZE=1000}] Total Rows: 4
05-25 02:39:29.950  1529  8198 I PickerSyncController: Executing SyncRemove. isLocal: true. authority: com.android.providers.media.photopicker
05-25 02:39:29.950  1529  8198 D PickerSyncLockManager: Trying to acquire lock com.android.providers.media.photopicker.sync.CloseableReentrantLock@cffd47[Unlocked]. Lock Name = CLOUD_PROVIDER_LOCK. Threads that may be waiting to acquire this lock = [] with timeout.
05-25 02:39:29.950  1529  8198 D CloseableReentrantLock: Successfully acquired lock com.android.providers.media.photopicker.sync.CloseableReentrantLock@cffd47[Locked by thread pool-4-thread-64]. Lock Name = CLOUD_PROVIDER_LOCK. Threads that may be waiting to acquire this lock = []
05-25 02:39:29.950  1529  8198 D CloseableReentrantLock: Successfully released lock com.android.providers.media.photopicker.sync.CloseableReentrantLock@cffd47[Unlocked]. Lock Name = CLOUD_PROVIDER_LOCK. Threads that may be waiting to acquire this lock = []
05-25 02:39:29.951  1529  8198 D PickerSyncLockManager: Trying to acquire lock com.android.providers.media.photopicker.sync.CloseableReentrantLock@cffd47[Unlocked]. Lock Name = CLOUD_PROVIDER_LOCK. Threads that may be waiting to acquire this lock = [] with timeout.
05-25 02:39:29.951  1529  8198 D CloseableReentrantLock: Successfully acquired lock com.android.providers.media.photopicker.sync.CloseableReentrantLock@cffd47[Locked by thread pool-4-thread-64]. Lock Name = CLOUD_PROVIDER_LOCK. Threads that may be waiting to acquire this lock = []
05-25 02:39:29.951  1529  8198 D PickerSyncController: Clearing next page token for key: local_provider:media_remove:resume
05-25 02:39:29.951  1529  8198 D CloseableReentrantLock: Successfully released lock com.android.providers.media.photopicker.sync.CloseableReentrantLock@cffd47[Unlocked]. Lock Name = CLOUD_PROVIDER_LOCK. Threads that may be waiting to acquire this lock = []
05-25 02:39:29.951  1529  8198 D PickerNotificationSender: Sending a notification for media update
05-25 02:39:29.951  1529  8198 D PickerNotificationSender: Sending a notification for merged album media update Videos
05-25 02:39:29.951  1529  8198 D PickerNotificationSender: Sending a notification for album media update Videos
05-25 02:39:29.952  1529  8198 D PickerNotificationSender: Sending a notification for merged album media update Favorites
05-25 02:39:29.952  1529  8198 D PickerNotificationSender: Sending a notification for album media update Favorites
05-25 02:39:29.952  1529  8198 I PickerSyncController: Paged sync successful. QueryArgs: Bundle[{android.provider.extra.PAGE_TOKEN=1779673106000|228, android.provider.extra.SYNC_GENERATION=2565, android.provider.extra.PAGE_SIZE=1000}] Total Rows: 0
05-25 02:39:29.952  1529  8198 I PickerSyncTracker: Marked sync future complete for work id: 7aa4fedf-ba7b-4c39-873b-05c34290b727. Future map: {}
05-25 02:39:29.952  1529  8198 I PSyncWorker: Completed picker proactive sync complete from local provider.
05-25 02:39:29.953  1529  1868 I WM-WorkerWrapper: Worker result SUCCESS for Work [ id=7aa4fedf-ba7b-4c39-873b-05c34290b727, tags={ com.android.providers.media.photopicker.sync.ProactiveSyncWorker } ]
05-25 02:39:29.953  1529  1529 D WM-Processor: Processor 7aa4fedf-ba7b-4c39-873b-05c34290b727 executed; reschedule = false
05-25 02:39:29.953  1529  1529 D WM-GreedyScheduler: Stopping tracking for WorkGenerationalId(workSpecId=7aa4fedf-ba7b-4c39-873b-05c34290b727, generation=0)
05-25 02:39:29.953  1529  1529 D WM-SystemJobService: 7aa4fedf-ba7b-4c39-873b-05c34290b727 executed on JobScheduler
05-25 02:39:29.955  1529  1868 D WM-GreedyScheduler: Cancelling work ID 7aa4fedf-ba7b-4c39-873b-05c34290b727
05-25 02:39:29.956  1529  1868 D WM-GreedyScheduler: Ignoring {WorkSpec: fce74054-5d75-49ac-b1fb-61b1c63b64d1}. Requires device idle.
05-25 02:39:29.956  1529  1868 D WM-GreedyScheduler: Ignoring {WorkSpec: 748d3965-3023-45a6-9a32-baafa7d90ebf}. Requires device idle.
05-25 02:39:29.956  1529  1868 D WM-GreedyScheduler: Ignoring {WorkSpec: bbc248da-5aec-4565-83d8-ed90ba3a683c}. Requires device idle.
05-25 02:39:29.956  1529  1868 D WM-GreedyScheduler: Ignoring {WorkSpec: a7b8fc44-3a39-43d5-96b8-cef5bb529d35}. Requires device idle.
05-25 02:39:29.956  1529  1868 D WM-BrdcstRcvrCnstrntTrc: BatteryNotLowTracker: unregistering receiver
05-25 02:39:30.462   755   906 I HalDevMgr: bestIfaceCreationProposal is null, requestIface=STA, existingIface=[name=wlan0 type=STA]
05-25 02:39:30.622   755  1250 W AS.PlaybackActivityMon: No piid assigned for invalid/internal port id 15
05-25 02:39:30.624   615   709 D AudioFlinger: mixer(0x762b98748790) throttle end: throttle time(36)
05-25 02:39:31.724  8206  8206 W libbinder.BackendUnifiedServiceManager: Thread Pool max thread count is 0. Cannot cache binder as linkToDeath cannot be implemented. serviceName: SurfaceFlingerAIDL
05-25 02:39:31.725  8206  8206 W libbinder.BpBinder: Linking to death on android.gui.ISurfaceComposer but there are no threads (yet?) listening to incoming transactions. See ProcessState::startThreadPool and ProcessState::setThreadPoolMaxThreadCount. Generally you should setup the binder threadpool before other initialization steps.
05-25 02:39:31.725  8206  8206 W libbinder.ProcessState: Extra binder thread started, but 0 threads requested. Do not use *startThreadPool when zero threads are requested.
05-25 02:39:31.812  1529  1788 W MediaProvider: isAppCloneUserPair for user 0: false
05-25 02:39:31.906   755   982 I ActivityManager: Broadcasting: Intent { act=android.intent.action.MEDIA_SCANNER_SCAN_FILE dat=file:///... flg=0x400000 }
05-25 02:39:31.907   755   982 I ActivityManager: Enqueued broadcast Intent { act=android.intent.action.MEDIA_SCANNER_SCAN_FILE dat=file:///... flg=0x400000 }: 0
05-25 02:39:31.907  1529  1529 I MediaServiceV2: Creating work for intent Intent { act=android.intent.action.MEDIA_SCANNER_SCAN_FILE dat=file:///... flg=0x1400010 cmp=com.google.android.providers.media.module/com.android.providers.media.MediaServiceV2 }
05-25 02:39:31.908  1529  1529 I MediaServiceV2: Work enqueued for intent: Intent { act=android.intent.action.MEDIA_SCANNER_SCAN_FILE dat=file:///... flg=0x1400010 cmp=com.google.android.providers.media.module/com.android.providers.media.MediaServiceV2 }
05-25 02:39:31.908   755   775 I ActivityManager: Broadcast completed: result=0
05-25 02:39:31.914  1529  1727 W JobInfo : Requested important-while-foreground flag for job655 is ignored and takes no effect
05-25 02:39:31.914  1529  1727 D WM-SystemJobScheduler: Scheduling work ID 5f72bcb0-0d3c-429f-b969-66e0fc5241a4Job ID 655
05-25 02:39:31.919  1529  1727 D WM-GreedyScheduler: Ignoring {WorkSpec: fce74054-5d75-49ac-b1fb-61b1c63b64d1}. Requires device idle.
05-25 02:39:31.919  1529  1727 D WM-GreedyScheduler: Ignoring {WorkSpec: 748d3965-3023-45a6-9a32-baafa7d90ebf}. Requires device idle.
05-25 02:39:31.919  1529  1727 D WM-GreedyScheduler: Ignoring {WorkSpec: bbc248da-5aec-4565-83d8-ed90ba3a683c}. Requires device idle.
