05-25 04:48:49.340 V/AccessibilityUserState(  755): updateShortcutTargets: type:accessibility_gesture_targets, current:{}, new:{}
05-25 04:48:49.340 V/AccessibilityUserState(  755): updateShortcutTargets: type:accessibility_qs_targets, current:{}, new:{}
05-25 04:48:49.340 V/AccessibilityUserState(  755): updateShortcutTargets: type:accessibility_key_gesture_targets, current:{}, new:{}
05-25 04:48:49.340 W/MagnificationConnectionManager(  755): requestConnection duplicated request: connect=false, mConnectionState=DISCONNECTED
05-25 04:48:49.340 I/AiAiEcho( 1546): Settings changed for uri: content://settings/secure/accessibility_enabled
05-25 04:48:49.340 I/AiAiEcho( 1546): Predicting[0]:  [CONTEXT sampling_count=5 ]
05-25 04:48:49.341 I/AiAiEcho( 1546): EchoTargets: 
05-25 04:48:49.341 I/AiAiEcho( 1546): Filtered by AiAi flag check: 
05-25 04:48:49.341 I/AiAiEcho( 1546): [CONTEXT ratelimit_period="10 SECONDS" ]
05-25 04:48:49.341 I/AiAiEcho( 1546): #remoteViewsTwiddler: feature disabled.
05-25 04:48:49.341 I/AiAiEcho( 1546): Predicting[0]:  [CONTEXT sampling_count=5 ]
05-25 04:48:49.341 I/AiAiEcho( 1546): EchoTargets: 
05-25 04:48:49.341 I/AiAiEcho( 1546): Filtered by AiAi flag check: 
05-25 04:48:49.341 I/AiAiEcho( 1546): [CONTEXT ratelimit_period="10 SECONDS" ]
05-25 04:48:49.341 I/AiAiEcho( 1546): #remoteViewsTwiddler: feature disabled.
05-25 04:48:49.341 I/AiAiEcho( 1546): #postPredictionTargets: Sending updates to UISurface lockscreen with targets# 0 (types=[])
05-25 04:48:49.341 I/AiAiEcho( 1546): #postPredictionTargets: Sending updates to UISurface home with targets# 0 (types=[])
05-25 04:48:49.341 W/SsPagerDots( 1012): Total number of pages invalid: 0. Assuming 1 page.
05-25 04:48:49.344 W/libbinder.IPCThreadState(  755): Sending oneway calls to frozen process.
05-25 04:48:49.344 W/libbinder.IPCThreadState(  755): Sending oneway calls to frozen process.
05-25 04:48:49.344 W/libbinder.IPCThreadState(  755): Sending oneway calls to frozen process.
05-25 04:48:49.344 W/libbinder.IPCThreadState(  755): Sending oneway calls to frozen process.
05-25 04:48:49.344 W/libbinder.IPCThreadState(  755): Sending oneway calls to frozen process.
05-25 04:48:49.344 W/libbinder.IPCThreadState(  755): Sending oneway calls to frozen process.
05-25 04:48:49.345 V/AccessibilityManagerService(  755): onUserStateChangedLocked for userId: 0, forceUpdate: false
05-25 04:48:49.345 V/AccessibilityUserState(  755): updateShortcutTargets: type:accessibility_shortcut_target_service, current:{}, new:{}
05-25 04:48:49.345 V/AccessibilityUserState(  755): updateShortcutTargets: type:accessibility_button_targets, current:{}, new:{}
05-25 04:48:49.345 V/AccessibilityUserState(  755): updateShortcutTargets: type:accessibility_gesture_targets, current:{}, new:{}
05-25 04:48:49.345 V/AccessibilityUserState(  755): updateShortcutTargets: type:accessibility_qs_targets, current:{}, new:{}
05-25 04:48:49.345 V/AccessibilityUserState(  755): updateShortcutTargets: type:accessibility_key_gesture_targets, current:{}, new:{}
05-25 04:48:49.345 W/MagnificationConnectionManager(  755): requestConnection duplicated request: connect=false, mConnectionState=DISCONNECTED
05-25 04:48:49.350 W/libbinder.IPCThreadState(  755): Sending oneway calls to frozen process.
05-25 04:48:49.350 W/libbinder.IPCThreadState(  755): Sending oneway calls to frozen process.
05-25 04:48:49.350 W/libbinder.IPCThreadState(  755): Sending oneway calls to frozen process.
05-25 04:48:49.350 W/libbinder.IPCThreadState(  755): Sending oneway calls to frozen process.
05-25 04:48:49.355 I/AiAiEcho( 1546): Settings changed for uri: content://settings/secure/accessibility_enabled
05-25 04:48:49.356 W/libbinder.IPCThreadState(  755): Sending oneway calls to frozen process.
05-25 04:48:49.356 W/libbinder.IPCThreadState(  755): Sending oneway calls to frozen process.
05-25 04:48:49.356 I/AiAiEcho( 1546): Predicting[0]:  [CONTEXT sampling_count=5 ]
05-25 04:48:49.356 I/AiAiEcho( 1546): EchoTargets: 
05-25 04:48:49.356 I/AiAiEcho( 1546): Filtered by AiAi flag check: 
05-25 04:48:49.356 I/AiAiEcho( 1546): [CONTEXT ratelimit_period="10 SECONDS" ]
05-25 04:48:49.357 W/libbinder.IPCThreadState(  755): Sending oneway calls to frozen process.
05-25 04:48:49.357 W/libbinder.IPCThreadState(  755): Sending oneway calls to frozen process.
05-25 04:48:49.357 W/libbinder.IPCThreadState(  755): Sending oneway calls to frozen process.
05-25 04:48:49.357 I/AiAiEcho( 1546): #remoteViewsTwiddler: feature disabled.
05-25 04:48:49.357 W/libbinder.IPCThreadState(  755): Sending oneway calls to frozen process.
05-25 04:48:49.357 W/libbinder.IPCThreadState(  755): Sending oneway calls to frozen process.
05-25 04:48:49.357 I/AiAiEcho( 1546): Predicting[0]:  [CONTEXT sampling_count=5 ]
05-25 04:48:49.357 W/libbinder.IPCThreadState(  755): Sending oneway calls to frozen process.
05-25 04:48:49.358 I/AiAiEcho( 1546): EchoTargets: 
05-25 04:48:49.358 I/AiAiEcho( 1546): Filtered by AiAi flag check: 
05-25 04:48:49.358 I/AiAiEcho( 1546): [CONTEXT ratelimit_period="10 SECONDS" ]
05-25 04:48:49.358 I/AiAiEcho( 1546): #remoteViewsTwiddler: feature disabled.
05-25 04:48:49.358 I/AiAiEcho( 1546): #postPredictionTargets: Sending updates to UISurface lockscreen with targets# 0 (types=[])
05-25 04:48:49.359 I/AiAiEcho( 1546): #postPredictionTargets: Sending updates to UISurface home with targets# 0 (types=[])
05-25 04:48:49.360 W/libbinder.IPCThreadState(  755): Sending oneway calls to frozen process.
05-25 04:48:49.360 W/libbinder.IPCThreadState(  755): Sending oneway calls to frozen process.
05-25 04:48:49.360 W/libbinder.IPCThreadState(  755): Sending oneway calls to frozen process.
05-25 04:48:49.360 W/libbinder.IPCThreadState(  755): Sending oneway calls to frozen process.
05-25 04:48:49.360 W/libbinder.IPCThreadState(  755): Sending oneway calls to frozen process.
05-25 04:48:49.360 W/libbinder.IPCThreadState(  755): Sending oneway calls to frozen process.
05-25 04:48:49.360 W/libbinder.IPCThreadState(  755): Sending oneway calls to frozen process.
05-25 04:48:49.361 W/libbinder.IPCThreadState(  755): Sending oneway calls to frozen process.
05-25 04:48:49.361 W/libbinder.IPCThreadState(  755): Sending oneway calls to frozen process.
05-25 04:48:49.361 W/libbinder.IPCThreadState(  755): Sending oneway calls to frozen process.
05-25 04:48:49.361 W/libbinder.IPCThreadState(  755): Sending oneway calls to frozen process.
05-25 04:48:49.362 W/libbinder.IPCThreadState(  755): Sending oneway calls to frozen process.
05-25 04:48:49.362 D/BatterySaverPolicy(  755): accessibility changed to true, updating policy.
05-25 04:48:49.371 W/SsPagerDots( 1012): Total number of pages invalid: 0. Assuming 1 page.
05-25 04:48:49.371 D/AccessibilityManagerService(  755): .getAccessibilityShortcutTargets {shortcutType=32, userId=0}
05-25 04:48:50.389 W/AccessibilityNodeInfoDumper(19572): Fetch time: 2ms
05-25 04:48:50.390 V/AccessibilityManagerService(  755): onUserStateChangedLocked for userId: 0, forceUpdate: false
05-25 04:48:50.392 V/AccessibilityUserState(  755): updateShortcutTargets: type:accessibility_shortcut_target_service, current:{}, new:{}
05-25 04:48:50.392 V/AccessibilityUserState(  755): updateShortcutTargets: type:accessibility_button_targets, current:{}, new:{}
05-25 04:48:50.392 V/AccessibilityUserState(  755): updateShortcutTargets: type:accessibility_gesture_targets, current:{}, new:{}
05-25 04:48:50.392 V/AccessibilityUserState(  755): updateShortcutTargets: type:accessibility_qs_targets, current:{}, new:{}
05-25 04:48:50.392 V/AccessibilityUserState(  755): updateShortcutTargets: type:accessibility_key_gesture_targets, current:{}, new:{}
05-25 04:48:50.392 W/MagnificationConnectionManager(  755): requestConnection duplicated request: connect=false, mConnectionState=DISCONNECTED
05-25 04:48:50.392 D/AccessibilityManagerService(  755): restoreCurrentUserForTestAutomationIfNeededLocked(): ignoring because device doesn't support visible background users
05-25 04:48:50.392 I/AiAiEcho( 1546): Settings changed for uri: content://settings/secure/accessibility_enabled
05-25 04:48:50.393 I/AiAiEcho( 1546): Predicting[0]:  [CONTEXT sampling_count=5 ]
05-25 04:48:50.393 I/AiAiEcho( 1546): EchoTargets: 
05-25 04:48:50.393 I/AiAiEcho( 1546): Filtered by AiAi flag check: 
05-25 04:48:50.393 I/AiAiEcho( 1546): [CONTEXT ratelimit_period="10 SECONDS" ]
05-25 04:48:50.393 W/libbinder.IPCThreadState(  755): Sending oneway calls to frozen process.
05-25 04:48:50.393 W/libbinder.IPCThreadState(  755): Sending oneway calls to frozen process.
05-25 04:48:50.393 W/libbinder.IPCThreadState(  755): Sending oneway calls to frozen process.
05-25 04:48:50.393 W/libbinder.IPCThreadState(  755): Sending oneway calls to frozen process.
05-25 04:48:50.393 I/AiAiEcho( 1546): #remoteViewsTwiddler: feature disabled.
05-25 04:48:50.394 I/AiAiEcho( 1546): Predicting[0]:  [CONTEXT sampling_count=5 ]
05-25 04:48:50.394 I/AiAiEcho( 1546): EchoTargets: 
05-25 04:48:50.394 I/AiAiEcho( 1546): Filtered by AiAi flag check: 
05-25 04:48:50.394 I/AiAiEcho( 1546): [CONTEXT ratelimit_period="10 SECONDS" ]
05-25 04:48:50.394 I/AiAiEcho( 1546): #remoteViewsTwiddler: feature disabled.
05-25 04:48:50.394 I/AiAiEcho( 1546): #postPredictionTargets: Sending updates to UISurface lockscreen with targets# 0 (types=[])
05-25 04:48:50.394 W/libbinder.IPCThreadState(  755): Sending oneway calls to frozen process.
05-25 04:48:50.394 W/libbinder.IPCThreadState(  755): Sending oneway calls to frozen process.
05-25 04:48:50.394 D/AndroidRuntime(19572): Shutting down VM
05-25 04:48:50.395 W/libbinder.IPCThreadState(  755): Sending oneway calls to frozen process.
05-25 04:48:50.395 W/libbinder.IPCThreadState(  755): Sending oneway calls to frozen process.
05-25 04:48:50.395 W/libbinder.IPCThreadState(  755): Sending oneway calls to frozen process.
05-25 04:48:50.395 W/libbinder.IPCThreadState(  755): Sending oneway calls to frozen process.
05-25 04:48:50.395 W/libbinder.IPCThreadState(  755): Sending oneway calls to frozen process.
05-25 04:48:50.395 W/libbinder.IPCThreadState(  755): Sending oneway calls to frozen process.
05-25 04:48:50.395 I/AiAiEcho( 1546): #postPredictionTargets: Sending updates to UISurface home with targets# 0 (types=[])
05-25 04:48:50.395 W/libbinder.IPCThreadState(19572): call to talkWithDriver in joinThreadPool returned error: -9 (Bad file descriptor), FD: -1
05-25 04:48:50.395 W/libbinder.IPCThreadState(  755): Sending oneway calls to frozen process.
05-25 04:48:50.395 W/libbinder.IPCThreadState(  755): Sending oneway calls to frozen process.
05-25 04:48:50.395 W/libbinder.IPCThreadState(  755): Sending oneway calls to frozen process.
05-25 04:48:50.395 W/libbinder.IPCThreadState(  755): Sending oneway calls to frozen process.
05-25 04:48:50.396 W/libbinder.IPCThreadState(  755): Sending oneway calls to frozen process.
05-25 04:48:50.396 W/libbinder.IPCThreadState(19572): call to talkWithDriver in joinThreadPool returned error: -9 (Bad file descriptor), FD: -1
05-25 04:48:50.396 W/libbinder.IPCThreadState(  755): Sending oneway calls to frozen process.
05-25 04:48:50.396 D/BatterySaverPolicy(  755): accessibility changed to false, updating policy.
05-25 04:48:50.399 W/SsPagerDots( 1012): Total number of pages invalid: 0. Assuming 1 page.
