05-25 04:44:50.564 W/libbinder.IPCThreadState(  755): Sending oneway calls to frozen process.
05-25 04:44:50.564 W/libbinder.IPCThreadState(  755): Sending oneway calls to frozen process.
05-25 04:44:50.564 W/libbinder.IPCThreadState(  755): Sending oneway calls to frozen process.
05-25 04:44:50.564 V/AccessibilityManagerService(  755): onUserStateChangedLocked for userId: 0, forceUpdate: false
05-25 04:44:50.565 V/AccessibilityUserState(  755): updateShortcutTargets: type:accessibility_shortcut_target_service, current:{}, new:{}
05-25 04:44:50.565 V/AccessibilityUserState(  755): updateShortcutTargets: type:accessibility_button_targets, current:{}, new:{}
05-25 04:44:50.565 V/AccessibilityUserState(  755): updateShortcutTargets: type:accessibility_gesture_targets, current:{}, new:{}
05-25 04:44:50.565 V/AccessibilityUserState(  755): updateShortcutTargets: type:accessibility_qs_targets, current:{}, new:{}
05-25 04:44:50.565 V/AccessibilityUserState(  755): updateShortcutTargets: type:accessibility_key_gesture_targets, current:{}, new:{}
05-25 04:44:50.565 W/MagnificationConnectionManager(  755): requestConnection duplicated request: connect=false, mConnectionState=DISCONNECTED
05-25 04:44:50.566 W/libbinder.IPCThreadState(  755): Sending oneway calls to frozen process.
05-25 04:44:50.566 W/libbinder.IPCThreadState(  755): Sending oneway calls to frozen process.
05-25 04:44:50.566 I/AiAiEcho( 1546): Settings changed for uri: content://settings/secure/accessibility_enabled
05-25 04:44:50.566 W/libbinder.IPCThreadState(  755): Sending oneway calls to frozen process.
05-25 04:44:50.566 W/libbinder.IPCThreadState(  755): Sending oneway calls to frozen process.
05-25 04:44:50.567 I/AiAiEcho( 1546): Predicting[0]:  [CONTEXT sampling_count=5 ]
05-25 04:44:50.567 I/AiAiEcho( 1546): EchoTargets: 
05-25 04:44:50.567 I/AiAiEcho( 1546): Filtered by AiAi flag check: 
05-25 04:44:50.567 I/AiAiEcho( 1546): [CONTEXT ratelimit_period="10 SECONDS" ]
05-25 04:44:50.567 I/AiAiEcho( 1546): #remoteViewsTwiddler: feature disabled.
05-25 04:44:50.567 I/AiAiEcho( 1546): Predicting[0]:  [CONTEXT sampling_count=5 ]
05-25 04:44:50.567 I/AiAiEcho( 1546): EchoTargets: 
05-25 04:44:50.567 I/AiAiEcho( 1546): Filtered by AiAi flag check: 
05-25 04:44:50.567 I/AiAiEcho( 1546): [CONTEXT ratelimit_period="10 SECONDS" ]
05-25 04:44:50.567 I/AiAiEcho( 1546): #remoteViewsTwiddler: feature disabled.
05-25 04:44:50.568 I/AiAiEcho( 1546): #postPredictionTargets: Sending updates to UISurface lockscreen with targets# 0 (types=[])
05-25 04:44:50.568 I/AiAiEcho( 1546): #postPredictionTargets: Sending updates to UISurface home with targets# 0 (types=[])
05-25 04:44:50.568 W/libbinder.IPCThreadState(  755): Sending oneway calls to frozen process.
05-25 04:44:50.568 W/libbinder.IPCThreadState(  755): Sending oneway calls to frozen process.
05-25 04:44:50.568 W/libbinder.IPCThreadState(  755): Sending oneway calls to frozen process.
05-25 04:44:50.569 W/libbinder.IPCThreadState(  755): Sending oneway calls to frozen process.
05-25 04:44:50.569 W/libbinder.IPCThreadState(  755): Sending oneway calls to frozen process.
05-25 04:44:50.569 W/libbinder.IPCThreadState(  755): Sending oneway calls to frozen process.
05-25 04:44:50.569 W/libbinder.IPCThreadState(  755): Sending oneway calls to frozen process.
05-25 04:44:50.569 W/libbinder.IPCThreadState(  755): Sending oneway calls to frozen process.
05-25 04:44:50.569 W/libbinder.IPCThreadState(  755): Sending oneway calls to frozen process.
05-25 04:44:50.569 W/SsPagerDots( 1012): Total number of pages invalid: 0. Assuming 1 page.
05-25 04:44:50.569 W/libbinder.IPCThreadState(  755): Sending oneway calls to frozen process.
05-25 04:44:50.569 W/libbinder.IPCThreadState(  755): Sending oneway calls to frozen process.
05-25 04:44:50.569 W/libbinder.IPCThreadState(  755): Sending oneway calls to frozen process.
05-25 04:44:50.569 W/libbinder.IPCThreadState(  755): Sending oneway calls to frozen process.
05-25 04:44:50.569 W/libbinder.IPCThreadState(  755): Sending oneway calls to frozen process.
05-25 04:44:50.569 W/libbinder.IPCThreadState(  755): Sending oneway calls to frozen process.
05-25 04:44:50.569 W/libbinder.IPCThreadState(  755): Sending oneway calls to frozen process.
05-25 04:44:50.569 W/libbinder.IPCThreadState(  755): Sending oneway calls to frozen process.
05-25 04:44:50.569 W/libbinder.IPCThreadState(  755): Sending oneway calls to frozen process.
05-25 04:44:50.569 W/libbinder.IPCThreadState(  755): Sending oneway calls to frozen process.
05-25 04:44:50.569 W/libbinder.IPCThreadState(  755): Sending oneway calls to frozen process.
05-25 04:44:50.569 W/libbinder.IPCThreadState(  755): Sending oneway calls to frozen process.
05-25 04:44:50.570 W/libbinder.IPCThreadState(  755): Sending oneway calls to frozen process.
05-25 04:44:50.570 W/libbinder.IPCThreadState(  755): Sending oneway calls to frozen process.
05-25 04:44:50.570 W/libbinder.IPCThreadState(  755): Sending oneway calls to frozen process.
05-25 04:44:50.570 W/libbinder.IPCThreadState(  755): Sending oneway calls to frozen process.
05-25 04:44:50.570 W/libbinder.IPCThreadState(  755): Sending oneway calls to frozen process.
05-25 04:44:50.570 W/libbinder.IPCThreadState(  755): Sending oneway calls to frozen process.
05-25 04:44:50.570 D/BatterySaverPolicy(  755): accessibility changed to true, updating policy.
05-25 04:44:50.599 D/AccessibilityManagerService(  755): .getAccessibilityShortcutTargets {shortcutType=32, userId=0}
05-25 04:44:51.602 W/AccessibilityNodeInfoDumper(19268): Fetch time: 2ms
05-25 04:44:51.605 V/AccessibilityManagerService(  755): onUserStateChangedLocked for userId: 0, forceUpdate: false
05-25 04:44:51.607 I/AiAiEcho( 1546): Settings changed for uri: content://settings/secure/accessibility_enabled
05-25 04:44:51.607 V/AccessibilityUserState(  755): updateShortcutTargets: type:accessibility_shortcut_target_service, current:{}, new:{}
05-25 04:44:51.607 V/AccessibilityUserState(  755): updateShortcutTargets: type:accessibility_button_targets, current:{}, new:{}
05-25 04:44:51.607 V/AccessibilityUserState(  755): updateShortcutTargets: type:accessibility_gesture_targets, current:{}, new:{}
05-25 04:44:51.607 V/AccessibilityUserState(  755): updateShortcutTargets: type:accessibility_qs_targets, current:{}, new:{}
05-25 04:44:51.607 V/AccessibilityUserState(  755): updateShortcutTargets: type:accessibility_key_gesture_targets, current:{}, new:{}
05-25 04:44:51.607 W/MagnificationConnectionManager(  755): requestConnection duplicated request: connect=false, mConnectionState=DISCONNECTED
05-25 04:44:51.607 D/AccessibilityManagerService(  755): restoreCurrentUserForTestAutomationIfNeededLocked(): ignoring because device doesn't support visible background users
05-25 04:44:51.607 W/libbinder.IPCThreadState(  755): Sending oneway calls to frozen process.
05-25 04:44:51.607 I/AiAiEcho( 1546): Predicting[0]:  [CONTEXT sampling_count=5 ]
05-25 04:44:51.607 I/AiAiEcho( 1546): EchoTargets: 
05-25 04:44:51.607 I/AiAiEcho( 1546): Filtered by AiAi flag check: 
05-25 04:44:51.607 I/AiAiEcho( 1546): [CONTEXT ratelimit_period="10 SECONDS" ]
05-25 04:44:51.607 I/AiAiEcho( 1546): #remoteViewsTwiddler: feature disabled.
05-25 04:44:51.607 I/AiAiEcho( 1546): Predicting[0]:  [CONTEXT sampling_count=5 ]
05-25 04:44:51.607 I/AiAiEcho( 1546): EchoTargets: 
05-25 04:44:51.607 I/AiAiEcho( 1546): Filtered by AiAi flag check: 
05-25 04:44:51.607 I/AiAiEcho( 1546): [CONTEXT ratelimit_period="10 SECONDS" ]
05-25 04:44:51.607 I/AiAiEcho( 1546): #remoteViewsTwiddler: feature disabled.
05-25 04:44:51.607 I/AiAiEcho( 1546): #postPredictionTargets: Sending updates to UISurface lockscreen with targets# 0 (types=[])
05-25 04:44:51.608 I/AiAiEcho( 1546): #postPredictionTargets: Sending updates to UISurface home with targets# 0 (types=[])
05-25 04:44:51.608 W/libbinder.IPCThreadState(  755): Sending oneway calls to frozen process.
05-25 04:44:51.609 W/libbinder.IPCThreadState(  755): Sending oneway calls to frozen process.
05-25 04:44:51.609 W/libbinder.IPCThreadState(  755): Sending oneway calls to frozen process.
05-25 04:44:51.609 W/libbinder.IPCThreadState(  755): Sending oneway calls to frozen process.
05-25 04:44:51.609 W/SsPagerDots( 1012): Total number of pages invalid: 0. Assuming 1 page.
05-25 04:44:51.609 W/libbinder.IPCThreadState(  755): Sending oneway calls to frozen process.
05-25 04:44:51.609 W/libbinder.IPCThreadState(  755): Sending oneway calls to frozen process.
05-25 04:44:51.609 W/libbinder.IPCThreadState(  755): Sending oneway calls to frozen process.
05-25 04:44:51.609 W/libbinder.IPCThreadState(  755): Sending oneway calls to frozen process.
05-25 04:44:51.609 W/libbinder.IPCThreadState(19268): call to talkWithDriver in joinThreadPool returned error: -9 (Bad file descriptor), FD: -1
05-25 04:44:51.609 W/libbinder.IPCThreadState(  755): Sending oneway calls to frozen process.
05-25 04:44:51.609 W/libbinder.IPCThreadState(19268): call to talkWithDriver in joinThreadPool returned error: -9 (Bad file descriptor), FD: -1
05-25 04:44:51.610 W/libbinder.IPCThreadState(  755): Sending oneway calls to frozen process.
05-25 04:44:51.610 W/libbinder.IPCThreadState(  755): Sending oneway calls to frozen process.
05-25 04:44:51.610 W/libbinder.IPCThreadState(  755): Sending oneway calls to frozen process.
05-25 04:44:51.610 W/libbinder.IPCThreadState(  755): Sending oneway calls to frozen process.
05-25 04:44:51.610 W/libbinder.IPCThreadState(  755): Sending oneway calls to frozen process.
05-25 04:44:51.610 W/libbinder.IPCThreadState(  755): Sending oneway calls to frozen process.
05-25 04:44:51.610 W/libbinder.IPCThreadState(  755): Sending oneway calls to frozen process.
05-25 04:44:51.610 W/libbinder.IPCThreadState(  755): Sending oneway calls to frozen process.
05-25 04:44:51.610 W/libbinder.IPCThreadState(  755): Sending oneway calls to frozen process.
05-25 04:44:51.610 W/libbinder.IPCThreadState(  755): Sending oneway calls to frozen process.
05-25 04:44:51.610 W/libbinder.IPCThreadState(  755): Sending oneway calls to frozen process.
05-25 04:44:51.610 W/libbinder.IPCThreadState(  755): Sending oneway calls to frozen process.
05-25 04:44:51.610 W/libbinder.IPCThreadState(  755): Sending oneway calls to frozen process.
05-25 04:44:51.610 W/libbinder.IPCThreadState(  755): Sending oneway calls to frozen process.
05-25 04:44:51.610 D/BatterySaverPolicy(  755): accessibility changed to false, updating policy.
05-25 04:44:51.612 D/AndroidRuntime(19268): Shutting down VM
05-25 04:44:51.612 W/libbinder.IPCThreadState(19268): call to talkWithDriver in joinThreadPool returned error: -9 (Bad file descriptor), FD: -1
05-25 04:44:51.685 I/HalDevMgr(  755): bestIfaceCreationProposal is null, requestIface=STA, existingIface=[name=wlan0 type=STA]
