05-25 03:13:37.678 11697 11697 I AconfigPackage: com.android.system.virtualmachine.flags is mapped to com.android.virt
05-25 03:13:37.678 11697 11697 E FeatureFlagsImplExport: android.os.flagging.AconfigStorageReadException: ERROR_PACKAGE_NOT_FOUND: package android.xr cannot be found on the device
05-25 03:13:37.681 11697 11697 D UiAutomationConnection: Created on user UserHandle{0}
05-25 03:13:37.681 11697 11697 I UiAutomation: Initialized for user 0 on display 0
05-25 03:13:37.681 11697 11697 W UiAutomation: Created with deprecatead constructor, assumes DEFAULT_DISPLAY
05-25 03:13:37.684   755  1052 D AccessibilityManagerService: changeCurrentUserForTestAutomationIfNeededLocked(0): ignoring because device doesn't support visible background users
05-25 03:13:37.684   755  1052 I UiAutomationManager: Registering UiTestAutomationService (id=com.android.server.accessibility/UiAutomation, flags=0x0) when called by user 0
05-25 03:13:37.684   755  1052 V AccessibilityManagerService: onUserStateChangedLocked for userId: 0, forceUpdate: false
05-25 03:13:37.685   755  1052 V AccessibilityUserState: updateShortcutTargets: type:accessibility_shortcut_target_service, current:{}, new:{}
05-25 03:13:37.685   755  1052 V AccessibilityUserState: updateShortcutTargets: type:accessibility_button_targets, current:{}, new:{}
05-25 03:13:37.685   755  1052 V AccessibilityUserState: updateShortcutTargets: type:accessibility_gesture_targets, current:{}, new:{}
05-25 03:13:37.685   755  1052 V AccessibilityUserState: updateShortcutTargets: type:accessibility_qs_targets, current:{}, new:{}
05-25 03:13:37.685   755  1052 V AccessibilityUserState: updateShortcutTargets: type:accessibility_key_gesture_targets, current:{}, new:{}
05-25 03:13:37.685   755  1052 W MagnificationConnectionManager: requestConnection duplicated request: connect=false, mConnectionState=DISCONNECTED
05-25 03:13:37.686  1546  2094 I AiAiEcho: Settings changed for uri: content://settings/secure/accessibility_enabled
05-25 03:13:37.686   755   755 W libbinder.IPCThreadState: Sending oneway calls to frozen process.
05-25 03:13:37.686   755   755 W libbinder.IPCThreadState: Sending oneway calls to frozen process.
05-25 03:13:37.686   755   755 W libbinder.IPCThreadState: Sending oneway calls to frozen process.
05-25 03:13:37.686   755   755 W libbinder.IPCThreadState: Sending oneway calls to frozen process.
05-25 03:13:37.686   755   755 W libbinder.IPCThreadState: Sending oneway calls to frozen process.
05-25 03:13:37.686   755   755 W libbinder.IPCThreadState: Sending oneway calls to frozen process.
05-25 03:13:37.686   755   755 W libbinder.IPCThreadState: Sending oneway calls to frozen process.
05-25 03:13:37.687   755   755 W libbinder.IPCThreadState: Sending oneway calls to frozen process.
05-25 03:13:37.687  1546  1927 I AiAiEcho: Predicting[0]:  [CONTEXT sampling_count=5 ]
05-25 03:13:37.687   755   755 W libbinder.IPCThreadState: Sending oneway calls to frozen process.
05-25 03:13:37.687   755   755 W libbinder.IPCThreadState: Sending oneway calls to frozen process.
05-25 03:13:37.687   755   755 W libbinder.IPCThreadState: Sending oneway calls to frozen process.
05-25 03:13:37.687   755   755 W libbinder.IPCThreadState: Sending oneway calls to frozen process.
05-25 03:13:37.687  1546  1927 I AiAiEcho: EchoTargets: 
05-25 03:13:37.687  1546  1927 I AiAiEcho: Filtered by AiAi flag check: 
05-25 03:13:37.687  1546  1927 I AiAiEcho: [CONTEXT ratelimit_period="10 SECONDS" ]
05-25 03:13:37.687   755   755 W libbinder.IPCThreadState: Sending oneway calls to frozen process.
05-25 03:13:37.687  1546  1927 I AiAiEcho: #remoteViewsTwiddler: feature disabled.
05-25 03:13:37.687   755   755 W libbinder.IPCThreadState: Sending oneway calls to frozen process.
05-25 03:13:37.687   755   755 W libbinder.IPCThreadState: Sending oneway calls to frozen process.
05-25 03:13:37.687   755   755 W libbinder.IPCThreadState: Sending oneway calls to frozen process.
05-25 03:13:37.687   755   755 W libbinder.IPCThreadState: Sending oneway calls to frozen process.
05-25 03:13:37.687   755   755 W libbinder.IPCThreadState: Sending oneway calls to frozen process.
05-25 03:13:37.687   755   755 W libbinder.IPCThreadState: Sending oneway calls to frozen process.
05-25 03:13:37.687   755   755 W libbinder.IPCThreadState: Sending oneway calls to frozen process.
05-25 03:13:37.687   755   755 W libbinder.IPCThreadState: Sending oneway calls to frozen process.
05-25 03:13:37.687   755   755 W libbinder.IPCThreadState: Sending oneway calls to frozen process.
05-25 03:13:37.688   755   755 W libbinder.IPCThreadState: Sending oneway calls to frozen process.
05-25 03:13:37.688   755   755 W libbinder.IPCThreadState: Sending oneway calls to frozen process.
05-25 03:13:37.688   755   755 D BatterySaverPolicy: accessibility changed to true, updating policy.
05-25 03:13:37.689   755  1925 V AccessibilityManagerService: onUserStateChangedLocked for userId: 0, forceUpdate: false
05-25 03:13:37.690   755  1925 V AccessibilityUserState: updateShortcutTargets: type:accessibility_shortcut_target_service, current:{}, new:{}
05-25 03:13:37.690  1546  1927 I AiAiEcho: Predicting[0]:  [CONTEXT sampling_count=5 ]
05-25 03:13:37.690  1546  1927 I AiAiEcho: EchoTargets: 
05-25 03:13:37.690  1546  1927 I AiAiEcho: Filtered by AiAi flag check: 
05-25 03:13:37.690  1546  1927 I AiAiEcho: [CONTEXT ratelimit_period="10 SECONDS" ]
05-25 03:13:37.690   755  1925 V AccessibilityUserState: updateShortcutTargets: type:accessibility_button_targets, current:{}, new:{}
05-25 03:13:37.690   755  1925 V AccessibilityUserState: updateShortcutTargets: type:accessibility_gesture_targets, current:{}, new:{}
05-25 03:13:37.690   755  1925 V AccessibilityUserState: updateShortcutTargets: type:accessibility_qs_targets, current:{}, new:{}
05-25 03:13:37.690   755  1925 V AccessibilityUserState: updateShortcutTargets: type:accessibility_key_gesture_targets, current:{}, new:{}
05-25 03:13:37.690   755  1925 W MagnificationConnectionManager: requestConnection duplicated request: connect=false, mConnectionState=DISCONNECTED
05-25 03:13:37.690  1546  1927 I AiAiEcho: #remoteViewsTwiddler: feature disabled.
05-25 03:13:37.690  1546  1927 I AiAiEcho: #postPredictionTargets: Sending updates to UISurface lockscreen with targets# 0 (types=[])
05-25 03:13:37.691  1546  1927 I AiAiEcho: #postPredictionTargets: Sending updates to UISurface home with targets# 0 (types=[])
05-25 03:13:37.692  1546  2094 I AiAiEcho: Settings changed for uri: content://settings/secure/accessibility_enabled
05-25 03:13:37.694  1546  1927 I AiAiEcho: Predicting[0]:  [CONTEXT sampling_count=5 ]
05-25 03:13:37.695  1546  1927 I AiAiEcho: EchoTargets: 
05-25 03:13:37.695  1546  1927 I AiAiEcho: Filtered by AiAi flag check: 
05-25 03:13:37.695  1546  1927 I AiAiEcho: [CONTEXT ratelimit_period="10 SECONDS" ]
05-25 03:13:37.695  1546  1927 I AiAiEcho: #remoteViewsTwiddler: feature disabled.
05-25 03:13:37.695   755   755 W libbinder.IPCThreadState: Sending oneway calls to frozen process.
05-25 03:13:37.695  1546  1927 I AiAiEcho: Predicting[0]:  [CONTEXT sampling_count=5 ]
05-25 03:13:37.696   755   755 W libbinder.IPCThreadState: Sending oneway calls to frozen process.
05-25 03:13:37.696   755   755 W libbinder.IPCThreadState: Sending oneway calls to frozen process.
05-25 03:13:37.696   755   755 W libbinder.IPCThreadState: Sending oneway calls to frozen process.
05-25 03:13:37.696   755   755 W libbinder.IPCThreadState: Sending oneway calls to frozen process.
05-25 03:13:37.696   755   755 W libbinder.IPCThreadState: Sending oneway calls to frozen process.
05-25 03:13:37.696  1546  1927 I AiAiEcho: EchoTargets: 
05-25 03:13:37.696  1546  1927 I AiAiEcho: Filtered by AiAi flag check: 
05-25 03:13:37.696  1546  1927 I AiAiEcho: [CONTEXT ratelimit_period="10 SECONDS" ]
05-25 03:13:37.696  1546  1927 I AiAiEcho: #remoteViewsTwiddler: feature disabled.
05-25 03:13:37.696   755   755 W libbinder.IPCThreadState: Sending oneway calls to frozen process.
05-25 03:13:37.696   755   755 W libbinder.IPCThreadState: Sending oneway calls to frozen process.
05-25 03:13:37.696   755   755 W libbinder.IPCThreadState: Sending oneway calls to frozen process.
05-25 03:13:37.696   755   755 W libbinder.IPCThreadState: Sending oneway calls to frozen process.
05-25 03:13:37.696   755   755 W libbinder.IPCThreadState: Sending oneway calls to frozen process.
05-25 03:13:37.696   755   755 W libbinder.IPCThreadState: Sending oneway calls to frozen process.
05-25 03:13:37.696   755   755 W libbinder.IPCThreadState: Sending oneway calls to frozen process.
05-25 03:13:37.696   755   755 W libbinder.IPCThreadState: Sending oneway calls to frozen process.
05-25 03:13:37.696   755   755 W libbinder.IPCThreadState: Sending oneway calls to frozen process.
05-25 03:13:37.696   755   755 W libbinder.IPCThreadState: Sending oneway calls to frozen process.
05-25 03:13:37.698  1546  1927 I AiAiEcho: #postPredictionTargets: Sending updates to UISurface lockscreen with targets# 0 (types=[])
05-25 03:13:37.698  1546  1927 I AiAiEcho: #postPredictionTargets: Sending updates to UISurface home with targets# 0 (types=[])
05-25 03:13:37.705  1012  1012 W SsPagerDots: Total number of pages invalid: 0. Assuming 1 page.
05-25 03:13:37.706   755  1925 D AccessibilityManagerService: .getAccessibilityShortcutTargets {shortcutType=32, userId=0}
05-25 03:13:37.706  1012  1012 W SsPagerDots: Total number of pages invalid: 0. Assuming 1 page.
05-25 03:13:38.720 11697 11697 W AccessibilityNodeInfoDumper: Fetch time: 2ms
05-25 03:13:38.722   755  1925 V AccessibilityManagerService: onUserStateChangedLocked for userId: 0, forceUpdate: false
05-25 03:13:38.724  1546  3179 I AiAiEcho: Settings changed for uri: content://settings/secure/accessibility_enabled
05-25 03:13:38.724   755  1925 V AccessibilityUserState: updateShortcutTargets: type:accessibility_shortcut_target_service, current:{}, new:{}
05-25 03:13:38.724   755  1925 V AccessibilityUserState: updateShortcutTargets: type:accessibility_button_targets, current:{}, new:{}
05-25 03:13:38.724   755  1925 V AccessibilityUserState: updateShortcutTargets: type:accessibility_gesture_targets, current:{}, new:{}
05-25 03:13:38.724   755  1925 V AccessibilityUserState: updateShortcutTargets: type:accessibility_qs_targets, current:{}, new:{}
05-25 03:13:38.724   755  1925 V AccessibilityUserState: updateShortcutTargets: type:accessibility_key_gesture_targets, current:{}, new:{}
05-25 03:13:38.724   755  1925 W MagnificationConnectionManager: requestConnection duplicated request: connect=false, mConnectionState=DISCONNECTED
05-25 03:13:38.724   755  1925 D AccessibilityManagerService: restoreCurrentUserForTestAutomationIfNeededLocked(): ignoring because device doesn't support visible background users
05-25 03:13:38.725   755   755 W libbinder.IPCThreadState: Sending oneway calls to frozen process.
05-25 03:13:38.725   755   755 W libbinder.IPCThreadState: Sending oneway calls to frozen process.
05-25 03:13:38.725   755   755 W libbinder.IPCThreadState: Sending oneway calls to frozen process.
05-25 03:13:38.725   755   755 W libbinder.IPCThreadState: Sending oneway calls to frozen process.
05-25 03:13:38.725   755   755 W libbinder.IPCThreadState: Sending oneway calls to frozen process.
05-25 03:13:38.725   755   755 W libbinder.IPCThreadState: Sending oneway calls to frozen process.
05-25 03:13:38.726  1546  1927 I AiAiEcho: Predicting[0]:  [CONTEXT sampling_count=5 ]
05-25 03:13:38.726  1546  1927 I AiAiEcho: EchoTargets: 
05-25 03:13:38.726  1546  1927 I AiAiEcho: Filtered by AiAi flag check: 
05-25 03:13:38.726  1546  1927 I AiAiEcho: [CONTEXT ratelimit_period="10 SECONDS" ]
05-25 03:13:38.726  1546  1927 I AiAiEcho: #remoteViewsTwiddler: feature disabled.
05-25 03:13:38.726  1546  1927 I AiAiEcho: Predicting[0]:  [CONTEXT sampling_count=5 ]
05-25 03:13:38.726  1546  1927 I AiAiEcho: EchoTargets: 
05-25 03:13:38.726  1546  1927 I AiAiEcho: Filtered by AiAi flag check: 
05-25 03:13:38.726  1546  1927 I AiAiEcho: [CONTEXT ratelimit_period="10 SECONDS" ]
05-25 03:13:38.726 11697 11706 W libbinder.IPCThreadState: call to talkWithDriver in joinThreadPool returned error: -9 (Bad file descriptor), FD: -1
05-25 03:13:38.726   755   755 W libbinder.IPCThreadState: Sending oneway calls to frozen process.
05-25 03:13:38.726   755   755 W libbinder.IPCThreadState: Sending oneway calls to frozen process.
05-25 03:13:38.726 11697 11709 W libbinder.IPCThreadState: call to talkWithDriver in joinThreadPool returned error: -9 (Bad file descriptor), FD: -1
05-25 03:13:38.727   755   755 W libbinder.IPCThreadState: Sending oneway calls to frozen process.
05-25 03:13:38.727   755   755 W libbinder.IPCThreadState: Sending oneway calls to frozen process.
05-25 03:13:38.727   755   755 W libbinder.IPCThreadState: Sending oneway calls to frozen process.
05-25 03:13:38.727   755   755 W libbinder.IPCThreadState: Sending oneway calls to frozen process.
05-25 03:13:38.727   755   755 W libbinder.IPCThreadState: Sending oneway calls to frozen process.
05-25 03:13:38.728   755   755 W libbinder.IPCThreadState: Sending oneway calls to frozen process.
05-25 03:13:38.728  1546  1927 I AiAiEcho: #remoteViewsTwiddler: feature disabled.
05-25 03:13:38.728   755   755 W libbinder.IPCThreadState: Sending oneway calls to frozen process.
05-25 03:13:38.728   755   755 W libbinder.IPCThreadState: Sending oneway calls to frozen process.
05-25 03:13:38.728   755   755 W libbinder.IPCThreadState: Sending oneway calls to frozen process.
05-25 03:13:38.728   755   755 W libbinder.IPCThreadState: Sending oneway calls to frozen process.
05-25 03:13:38.729   755   755 W libbinder.IPCThreadState: Sending oneway calls to frozen process.
05-25 03:13:38.729   755   755 W libbinder.IPCThreadState: Sending oneway calls to frozen process.
05-25 03:13:38.729   755   755 W libbinder.IPCThreadState: Sending oneway calls to frozen process.
05-25 03:13:38.729   755   755 W libbinder.IPCThreadState: Sending oneway calls to frozen process.
05-25 03:13:38.729   755   755 W libbinder.IPCThreadState: Sending oneway calls to frozen process.
05-25 03:13:38.729   755   755 W libbinder.IPCThreadState: Sending oneway calls to frozen process.
05-25 03:13:38.729   755   755 D BatterySaverPolicy: accessibility changed to false, updating policy.
05-25 03:13:38.729  1546  1927 I AiAiEcho: #postPredictionTargets: Sending updates to UISurface lockscreen with targets# 0 (types=[])
05-25 03:13:38.729 11697 11705 W libbinder.IPCThreadState: call to talkWithDriver in joinThreadPool returned error: -9 (Bad file descriptor), FD: -1
05-25 03:13:38.729  1546  1927 I AiAiEcho: #postPredictionTargets: Sending updates to UISurface home with targets# 0 (types=[])
05-25 03:13:38.729 11697 11697 D AndroidRuntime: Shutting down VM
05-25 03:13:38.730  1012  1012 W SsPagerDots: Total number of pages invalid: 0. Assuming 1 page.
05-25 03:13:39.648   755  1185 W AS.PlaybackActivityMon: No piid assigned for invalid/internal port id 15
05-25 03:13:39.649   615   709 D AudioFlinger: mixer(0x762b98748790) throttle end: throttle time(36)
05-25 03:13:39.783 11587 11587 D WindowOnBackDispatcher: setTopOnBackInvokedCallback (unwrapped): io.flutter.embedding.android.FlutterActivity$1@6f0874a
05-25 03:13:39.784   755  1925 D CoreBackPreview: Window{c037531 u0 com.tiarnanlarkin.danio/com.tiarnanlarkin.danio.MainActivity}: Setting back callback OnBackInvokedCallbackInfo{mCallback=android.window.IOnBackInvokedCallback$Stub$Proxy@4fb47d, mPriority=0, mIsAnimationCallback=true, mOverrideBehavior=0}
05-25 03:13:39.829   755   916 D InetDiagMessage: Destroyed 0 sockets, proto=IPPROTO_TCP, family=AF_INET, states=14
05-25 03:13:39.830   755   916 D InetDiagMessage: Destroyed 0 sockets, proto=IPPROTO_TCP, family=AF_INET6, states=14
05-25 03:13:39.830   755   916 D InetDiagMessage: Destroyed live tcp sockets for uids={10202} in 1ms
05-25 03:13:39.830   755   916 D InetDiagMessage: Destroyed 0 sockets, proto=IPPROTO_TCP, family=AF_INET, states=14
05-25 03:13:39.830   755   916 D InetDiagMessage: Destroyed 0 sockets, proto=IPPROTO_TCP, family=AF_INET6, states=14
05-25 03:13:39.830   755   916 D InetDiagMessage: Destroyed live tcp sockets for uids={20202} in 0ms
05-25 03:13:39.979 11587 11587 D FlutterJNI: Sending viewport metrics to the engine.
05-25 03:13:40.059   755   906 I HalDevMgr: bestIfaceCreationProposal is null, requestIface=STA, existingIface=[name=wlan0 type=STA]
05-25 03:13:41.734 11717 11717 W libbinder.BackendUnifiedServiceManager: Thread Pool max thread count is 0. Cannot cache binder as linkToDeath cannot be implemented. serviceName: SurfaceFlingerAIDL
05-25 03:13:41.734 11717 11717 W libbinder.BpBinder: Linking to death on android.gui.ISurfaceComposer but there are no threads (yet?) listening to incoming transactions. See ProcessState::startThreadPool and ProcessState::setThreadPoolMaxThreadCount. Generally you should setup the binder threadpool before other initialization steps.
05-25 03:13:41.734 11717 11717 W libbinder.ProcessState: Extra binder thread started, but 0 threads requested. Do not use *startThreadPool when zero threads are requested.
05-25 03:13:41.818  1529  5580 W MediaProvider: isAppCloneUserPair for user 0: false
05-25 03:13:41.901   755  1185 I ActivityManager: Broadcasting: Intent { act=android.intent.action.MEDIA_SCANNER_SCAN_FILE dat=file:///... flg=0x400000 }
05-25 03:13:41.902   755  1185 I ActivityManager: Enqueued broadcast Intent { act=android.intent.action.MEDIA_SCANNER_SCAN_FILE dat=file:///... flg=0x400000 }: 0
05-25 03:13:41.903  1529  1529 I MediaServiceV2: Creating work for intent Intent { act=android.intent.action.MEDIA_SCANNER_SCAN_FILE dat=file:///... flg=0x1400010 cmp=com.google.android.providers.media.module/com.android.providers.media.MediaServiceV2 }
05-25 03:13:41.903  1529  1529 I MediaServiceV2: Work enqueued for intent: Intent { act=android.intent.action.MEDIA_SCANNER_SCAN_FILE dat=file:///... flg=0x1400010 cmp=com.google.android.providers.media.module/com.android.providers.media.MediaServiceV2 }
05-25 03:13:41.904   755   775 I ActivityManager: Broadcast completed: result=0
05-25 03:13:41.908  1529  1727 W JobInfo : Requested important-while-foreground flag for job763 is ignored and takes no effect
05-25 03:13:41.908  1529  1727 D WM-SystemJobScheduler: Scheduling work ID b1e04d16-ac6b-4348-8af9-770c13450964Job ID 763
05-25 03:13:41.912  1529  1529 D WM-SystemJobService: onStartJob for WorkGenerationalId(workSpecId=b1e04d16-ac6b-4348-8af9-770c13450964, generation=0)
05-25 03:13:41.918  1529  1727 D WM-GreedyScheduler: Ignoring {WorkSpec: fce74054-5d75-49ac-b1fb-61b1c63b64d1}. Requires device idle.
05-25 03:13:41.918  1529  1727 D WM-GreedyScheduler: Ignoring {WorkSpec: 748d3965-3023-45a6-9a32-baafa7d90ebf}. Requires device idle.
05-25 03:13:41.918  1529  1727 D WM-GreedyScheduler: Ignoring {WorkSpec: bbc248da-5aec-4565-83d8-ed90ba3a683c}. Requires device idle.
05-25 03:13:41.918  1529  1727 D WM-GreedyScheduler: Ignoring {WorkSpec: a7b8fc44-3a39-43d5-96b8-cef5bb529d35}. Requires device idle.
05-25 03:13:41.918  1529  1727 D WM-GreedyScheduler: Starting work for b1e04d16-ac6b-4348-8af9-770c13450964
05-25 03:13:41.919  1529  1868 D WM-Processor: Processor: processing WorkGenerationalId(workSpecId=b1e04d16-ac6b-4348-8af9-770c13450964, generation=0)
05-25 03:13:41.919  1529  1727 D WM-Processor: Work WorkGenerationalId(workSpecId=b1e04d16-ac6b-4348-8af9-770c13450964, generation=0) is already enqueued for processing
05-25 03:13:41.920  1529  1529 D WM-WorkerWrapper: Starting work for com.android.providers.media.MediaServiceV2
05-25 03:13:41.921  1529 11724 I MediaServiceV2: Work initiated for action [ android.intent.action.MEDIA_SCANNER_SCAN_FILE ]
05-25 03:13:41.925  1529 11724 I MediaServiceV2: Work ended for action [ android.intent.action.MEDIA_SCANNER_SCAN_FILE ]
05-25 03:13:41.925  1529  1727 I WM-WorkerWrapper: Worker result SUCCESS for Work [ id=b1e04d16-ac6b-4348-8af9-770c13450964, tags={ com.android.providers.media.MediaServiceV2 } ]
05-25 03:13:41.926  1529  1529 D WM-Processor: Processor b1e04d16-ac6b-4348-8af9-770c13450964 executed; reschedule = false
05-25 03:13:41.926  1529  1529 D WM-SystemJobService: b1e04d16-ac6b-4348-8af9-770c13450964 executed on JobScheduler
05-25 03:13:41.928  1529  1868 D WM-SystemJobScheduler: Scheduling work ID a7151687-cfb0-48cc-87df-a26cb45d8355Job ID 764
05-25 03:13:41.929  1529  1868 D WM-GreedyScheduler: Ignoring {WorkSpec: fce74054-5d75-49ac-b1fb-61b1c63b64d1}. Requires device idle.
05-25 03:13:41.929  1529  1868 D WM-GreedyScheduler: Ignoring {WorkSpec: 748d3965-3023-45a6-9a32-baafa7d90ebf}. Requires device idle.
05-25 03:13:41.929  1529  1868 D WM-GreedyScheduler: Ignoring {WorkSpec: bbc248da-5aec-4565-83d8-ed90ba3a683c}. Requires device idle.
05-25 03:13:41.929  1529  1868 D WM-GreedyScheduler: Ignoring {WorkSpec: a7b8fc44-3a39-43d5-96b8-cef5bb529d35}. Requires device idle.
05-25 03:13:41.929  1529  1868 D WM-GreedyScheduler: Cancelling work ID b1e04d16-ac6b-4348-8af9-770c13450964
05-25 03:13:41.930  1529  1868 D WM-GreedyScheduler: Ignoring {WorkSpec: fce74054-5d75-49ac-b1fb-61b1c63b64d1}. Requires device idle.
05-25 03:13:41.930  1529  1868 D WM-GreedyScheduler: Ignoring {WorkSpec: 748d3965-3023-45a6-9a32-baafa7d90ebf}. Requires device idle.
05-25 03:13:41.930  1529  1868 D WM-GreedyScheduler: Ignoring {WorkSpec: bbc248da-5aec-4565-83d8-ed90ba3a683c}. Requires device idle.
05-25 03:13:41.930  1529  1868 D WM-GreedyScheduler: Ignoring {WorkSpec: a7b8fc44-3a39-43d5-96b8-cef5bb529d35}. Requires device idle.
05-25 03:13:42.038 11728 11728 D AndroidRuntime: >>>>>> START com.android.internal.os.RuntimeInit uid 2000 <<<<<<
05-25 03:13:42.041 11728 11728 I AndroidRuntime: Using default boot image
05-25 03:13:42.042 11728 11728 I AndroidRuntime: Leaving lock profiling enabled
05-25 03:13:42.044 11728 11728 I app_process: Using CollectorTypeCMC GC.
05-25 03:13:42.100 11728 11728 D nativeloader: InitDefaultPublicLibraries for_preload=1: libandroid.so:libaaudio.so:libamidi.so:libbinder_ndk.so:libc.so:libcamera2ndk.so:libdl.so:libEGL.so:libGLESv1_CM.so:libGLESv2.so:libGLESv3.so:libicu.so:libicui18n.so:libicuuc.so:libjnigraphics.so:liblog.so:libmediandk.so:libm.so:libnativehelper.so:libnativewindow.so:libOpenMAXAL.so:libOpenSLES.so:libRS.so:libstdc++.so:libsync.so:libvulkan.so:libwebviewchromium_plat_support.so:libz.so
05-25 03:13:42.108 11728 11728 D nativeloader: Load libicu_jni.so using APEX ns com_android_art for caller /apex/com.android.art/javalib/core-oj.jar: ok
05-25 03:13:42.108 11728 11728 D app_process: u_setTimeZoneFilesDirectory("/apex/com.android.tzdata/etc/tz/versioned/9/icu") succeeded. 
05-25 03:13:42.108 11728 11728 D app_process: I18n APEX ICU file found: /apex/com.android.i18n/etc/icu/icudt76l.dat
05-25 03:13:42.108 11728 11728 D nativeloader: Load libjavacore.so using APEX ns com_android_art for caller /apex/com.android.art/javalib/core-oj.jar: ok
05-25 03:13:42.109 11728 11728 D nativeloader: Load libopenjdk.so using APEX ns com_android_art for caller /apex/com.android.art/javalib/core-oj.jar: ok
05-25 03:13:42.110 11728 11728 I app_process: Priority-to-niceness mapping: 19, 16, 13, 10, 0, -2, -4, -5, -6, -8
05-25 03:13:42.110 11728 11728 W app_process: Unexpected CPU variant for x86: x86_64.
05-25 03:13:42.110 11728 11728 W app_process: Known variants: atom, sandybridge, silvermont, goldmont, goldmont-plus, goldmont-without-sha-xsaves, tremont, kabylake, alderlake, default
05-25 03:13:42.112 11728 11728 W app_process: ClassLoaderContext shared library size mismatch. Expected=2, found=0 (PCL[]{PCL[/system/framework/android.test.base.jar*1653369819]#PCL[/system/framework/android.test.mock.jar*1009639922]} | PCL[])
05-25 03:13:42.113 11728 11728 W app_process: ClassLoaderContext classpath size mismatch. expected=0, found=1 (PCL[]{PCL[/system/framework/android.test.runner.jar*3954641918]{PCL[/system/framework/android.test.base.jar*1653369819]#PCL[/system/framework/android.test.mock.jar*1009639922]}#PCL[/system/framework/android.test.base.jar*1653369819]} | PCL[/system/framework/android.test.runner.jar*3954641918])
05-25 03:13:42.126 11728 11728 D nativeloader: Load libframework-connectivity-tiramisu-jni.so using APEX ns com_android_tethering for caller /apex/com.android.tethering/javalib/framework-connectivity-t.jar: ok
05-25 03:13:42.127 11728 11728 D AndroidRuntime: Calling main entry com.android.commands.uiautomator.Launcher
05-25 03:13:42.129 11728 11728 I AconfigPackage: android.media.swcodec.flags is mapped to com.android.media.swcodec
05-25 03:13:42.129 11728 11728 I AconfigPackage: com.android.permission.flags is mapped to com.android.permission
05-25 03:13:42.129 11728 11728 I AconfigPackage: com.android.permissioncontroller.flags is mapped to com.android.permission
05-25 03:13:42.129 11728 11728 I AconfigPackage: com.android.icu is mapped to com.android.i18n
05-25 03:13:42.130 11728 11728 I AconfigPackage: com.android.appsearch.flags is mapped to com.android.appsearch
05-25 03:13:42.130 11728 11728 I AconfigPackage: android.uprobestats.mainline.flags is mapped to com.android.uprobestats
05-25 03:13:42.130 11728 11728 I AconfigPackage: com.android.crashrecovery.flags is mapped to com.android.crashrecovery
05-25 03:13:42.130 11728 11728 I AconfigPackage: android.provider.flags is mapped to com.android.configinfrastructure
05-25 03:13:42.130 11728 11728 I AconfigPackage: com.android.server.deviceconfig is mapped to com.android.configinfrastructure
05-25 03:13:42.130 11728 11728 I AconfigPackage: com.android.compos.flags is mapped to com.android.compos
05-25 03:13:42.130 11728 11728 I AconfigPackage: com.android.art.flags is mapped to com.android.art
05-25 03:13:42.130 11728 11728 I AconfigPackage: com.android.art.rw.flags is mapped to com.android.art
05-25 03:13:42.130 11728 11728 I AconfigPackage: com.android.libcore is mapped to com.android.art
05-25 03:13:42.131 11728 11728 I AconfigPackage: com.android.telephony.flags is mapped to com.android.telephonycore
05-25 03:13:42.131 11728 11728 I AconfigPackage: com.android.media.extractor.flags is mapped to com.android.media
05-25 03:13:42.131 11728 11728 I AconfigPackage: com.android.media.mainline.flags is mapped to com.android.media
05-25 03:13:42.131 11728 11728 I AconfigPackage: com.android.wifi.flags is mapped to com.android.wifi
05-25 03:13:42.131 11728 11728 I AconfigPackage: com.android.org.conscrypt.flags is mapped to com.android.conscrypt
05-25 03:13:42.131 11728 11728 I AconfigPackage: com.android.org.conscrypt.net.flags is mapped to com.android.conscrypt
05-25 03:13:42.131 11728 11728 I AconfigPackage: com.android.healthfitness.flags is mapped to com.android.healthfitness
05-25 03:13:42.131 11728 11728 I AconfigPackage: com.android.ipsec.flags is mapped to com.android.ipsec
05-25 03:13:42.131 11728 11728 I AconfigPackage: com.android.nfc.module.flags is mapped to com.android.nfcservices
05-25 03:13:42.131 11728 11728 I AconfigPackage: com.android.adservices.ondevicepersonalization.flags is mapped to com.android.ondevicepersonalization
05-25 03:13:42.131 11728 11728 I AconfigPackage: com.android.adbd.flags is mapped to com.android.adbd
05-25 03:13:42.132 11728 11728 I AconfigPackage: com.android.bluetooth.flags is mapped to com.android.bt
05-25 03:13:42.132 11728 11728 I AconfigPackage: com.android.devicelock.flags is mapped to com.android.devicelock
05-25 03:13:42.132 11728 11728 I AconfigPackage: android.os.profiling is mapped to com.android.profiling
05-25 03:13:42.132 11728 11728 I AconfigPackage: android.os.profiling.anomaly.flags is mapped to com.android.profiling
05-25 03:13:42.132 11728 11728 I AconfigPackage: com.android.os.statsd.flags is mapped to com.android.os.statsd
05-25 03:13:42.132 11728 11728 I AconfigPackage: com.android.rkpd.flags is mapped to com.android.rkpd
05-25 03:13:42.133 11728 11728 I AconfigPackage: com.android.cellbroadcastreceiver.flags is mapped to com.android.cellbroadcast
05-25 03:13:42.133 11728 11728 I AconfigPackage: com.android.adservices.flags is mapped to com.android.adservices
05-25 03:13:42.133 11728 11728 I AconfigPackage: com.android.sdksandbox.flags is mapped to com.android.adservices
05-25 03:13:42.133 11728 11728 I AconfigPackage: com.android.uwb.flags is mapped to com.android.uwb
05-25 03:13:42.133 11728 11728 I AconfigPackage: com.android.ranging.flags is mapped to com.android.uwb
05-25 03:13:42.133 11728 11728 I AconfigPackage: android.graphics.pdf.flags is mapped to com.android.mediaprovider
05-25 03:13:42.133 11728 11728 I AconfigPackage: com.android.providers.media.flags is mapped to com.android.mediaprovider
05-25 03:13:42.133 11728 11728 I AconfigPackage: android.graphics.pdf.flags.readonly is mapped to com.android.mediaprovider
05-25 03:13:42.133 11728 11728 I AconfigPackage: com.android.tethering.mainline.beta is mapped to com.android.tethering
05-25 03:13:42.133 11728 11728 I AconfigPackage: android.net.http is mapped to com.android.tethering
05-25 03:13:42.133 11728 11728 I AconfigPackage: com.android.tethering.readonly.flags is mapped to com.android.tethering
05-25 03:13:42.133 11728 11728 I AconfigPackage: android.net.vcn is mapped to com.android.tethering
05-25 03:13:42.133 11728 11728 I AconfigPackage: com.android.net.flags is mapped to com.android.tethering
05-25 03:13:42.133 11728 11728 I AconfigPackage: com.android.tethering.beta.test is mapped to com.android.tethering
05-25 03:13:42.133 11728 11728 I AconfigPackage: com.android.nearby.flags is mapped to com.android.tethering
05-25 03:13:42.133 11728 11728 I AconfigPackage: com.android.net.ct.flags is mapped to com.android.tethering
05-25 03:13:42.133 11728 11728 I AconfigPackage: com.android.net.thread.flags is mapped to com.android.tethering
05-25 03:13:42.133 11728 11728 I AconfigPackage: com.android.system.virtualmachine.flags is mapped to com.android.virt
05-25 03:13:42.133 11728 11728 E FeatureFlagsImplExport: android.os.flagging.AconfigStorageReadException: ERROR_PACKAGE_NOT_FOUND: package android.xr cannot be found on the device
05-25 03:13:42.135 11728 11728 D UiAutomationConnection: Created on user UserHandle{0}
05-25 03:13:42.135 11728 11728 I UiAutomation: Initialized for user 0 on display 0
05-25 03:13:42.135 11728 11728 W UiAutomation: Created with deprecatead constructor, assumes DEFAULT_DISPLAY
05-25 03:13:42.136   755  1925 D AccessibilityManagerService: changeCurrentUserForTestAutomationIfNeededLocked(0): ignoring because device doesn't support visible background users
05-25 03:13:42.136   755  1925 I UiAutomationManager: Registering UiTestAutomationService (id=com.android.server.accessibility/UiAutomation, flags=0x0) when called by user 0
05-25 03:13:42.136   755  1925 V AccessibilityManagerService: onUserStateChangedLocked for userId: 0, forceUpdate: false
05-25 03:13:42.137   755  1925 V AccessibilityUserState: updateShortcutTargets: type:accessibility_shortcut_target_service, current:{}, new:{}
05-25 03:13:42.137   755  1925 V AccessibilityUserState: updateShortcutTargets: type:accessibility_button_targets, current:{}, new:{}
05-25 03:13:42.137   755  1925 V AccessibilityUserState: updateShortcutTargets: type:accessibility_gesture_targets, current:{}, new:{}
05-25 03:13:42.137   755  1925 V AccessibilityUserState: updateShortcutTargets: type:accessibility_qs_targets, current:{}, new:{}
05-25 03:13:42.137   755  1925 V AccessibilityUserState: updateShortcutTargets: type:accessibility_key_gesture_targets, current:{}, new:{}
05-25 03:13:42.137   755  1925 W MagnificationConnectionManager: requestConnection duplicated request: connect=false, mConnectionState=DISCONNECTED
05-25 03:13:42.138  1546  2094 I AiAiEcho: Settings changed for uri: content://settings/secure/accessibility_enabled
05-25 03:13:42.138  1546  1927 I AiAiEcho: Predicting[0]:  [CONTEXT sampling_count=5 ]
05-25 03:13:42.138  1546  1927 I AiAiEcho: EchoTargets: 
05-25 03:13:42.138  1546  1927 I AiAiEcho: Filtered by AiAi flag check: 
05-25 03:13:42.138  1546  1927 I AiAiEcho: [CONTEXT ratelimit_period="10 SECONDS" ]
05-25 03:13:42.138  1546  1927 I AiAiEcho: #remoteViewsTwiddler: feature disabled.
05-25 03:13:42.139  1546  1927 I AiAiEcho: Predicting[0]:  [CONTEXT sampling_count=5 ]
05-25 03:13:42.139  1546  1927 I AiAiEcho: EchoTargets: 
05-25 03:13:42.139  1546  1927 I AiAiEcho: Filtered by AiAi flag check: 
05-25 03:13:42.139  1546  1927 I AiAiEcho: [CONTEXT ratelimit_period="10 SECONDS" ]
05-25 03:13:42.139   755   755 W libbinder.IPCThreadState: Sending oneway calls to frozen process.
05-25 03:13:42.139   755   755 W libbinder.IPCThreadState: Sending oneway calls to frozen process.
05-25 03:13:42.139   755   755 W libbinder.IPCThreadState: Sending oneway calls to frozen process.
05-25 03:13:42.139   755   755 W libbinder.IPCThreadState: Sending oneway calls to frozen process.
05-25 03:13:42.139   755   755 W libbinder.IPCThreadState: Sending oneway calls to frozen process.
05-25 03:13:42.139   755   755 W libbinder.IPCThreadState: Sending oneway calls to frozen process.
05-25 03:13:42.140  1546  1927 I AiAiEcho: #remoteViewsTwiddler: feature disabled.
05-25 03:13:42.140  1546  1927 I AiAiEcho: #postPredictionTargets: Sending updates to UISurface lockscreen with targets# 0 (types=[])
05-25 03:13:42.140  1546  1927 I AiAiEcho: #postPredictionTargets: Sending updates to UISurface home with targets# 0 (types=[])
05-25 03:13:42.140   755   755 W libbinder.IPCThreadState: Sending oneway calls to frozen process.
05-25 03:13:42.140  1012  1012 W SsPagerDots: Total number of pages invalid: 0. Assuming 1 page.
05-25 03:13:42.140   755   755 W libbinder.IPCThreadState: Sending oneway calls to frozen process.
05-25 03:13:42.140   755   755 W libbinder.IPCThreadState: Sending oneway calls to frozen process.
05-25 03:13:42.141   755   755 W libbinder.IPCThreadState: Sending oneway calls to frozen process.
05-25 03:13:42.141   755   755 W libbinder.IPCThreadState: Sending oneway calls to frozen process.
05-25 03:13:42.141   755   755 W libbinder.IPCThreadState: Sending oneway calls to frozen process.
05-25 03:13:42.141   755   755 W libbinder.IPCThreadState: Sending oneway calls to frozen process.
05-25 03:13:42.141   755   755 W libbinder.IPCThreadState: Sending oneway calls to frozen process.
05-25 03:13:42.141   755  1925 V AccessibilityManagerService: onUserStateChangedLocked for userId: 0, forceUpdate: false
05-25 03:13:42.142   755  1925 V AccessibilityUserState: updateShortcutTargets: type:accessibility_shortcut_target_service, current:{}, new:{}
05-25 03:13:42.142  1546  2094 I AiAiEcho: Settings changed for uri: content://settings/secure/accessibility_enabled
05-25 03:13:42.142   755  1925 V AccessibilityUserState: updateShortcutTargets: type:accessibility_button_targets, current:{}, new:{}
05-25 03:13:42.142   755  1925 V AccessibilityUserState: updateShortcutTargets: type:accessibility_gesture_targets, current:{}, new:{}
05-25 03:13:42.142   755  1925 V AccessibilityUserState: updateShortcutTargets: type:accessibility_qs_targets, current:{}, new:{}
05-25 03:13:42.142   755  1925 V AccessibilityUserState: updateShortcutTargets: type:accessibility_key_gesture_targets, current:{}, new:{}
05-25 03:13:42.142   755  1925 W MagnificationConnectionManager: requestConnection duplicated request: connect=false, mConnectionState=DISCONNECTED
05-25 03:13:42.142   755   755 W libbinder.IPCThreadState: Sending oneway calls to frozen process.
05-25 03:13:42.142   755   755 W libbinder.IPCThreadState: Sending oneway calls to frozen process.
05-25 03:13:42.142   755   755 W libbinder.IPCThreadState: Sending oneway calls to frozen process.
05-25 03:13:42.142   755   755 W libbinder.IPCThreadState: Sending oneway calls to frozen process.
05-25 03:13:42.142   755   755 W libbinder.IPCThreadState: Sending oneway calls to frozen process.
05-25 03:13:42.142   755   755 W libbinder.IPCThreadState: Sending oneway calls to frozen process.
05-25 03:13:42.142   755   755 W libbinder.IPCThreadState: Sending oneway calls to frozen process.
05-25 03:13:42.142   755   755 W libbinder.IPCThreadState: Sending oneway calls to frozen process.
05-25 03:13:42.143   755   755 W libbinder.IPCThreadState: Sending oneway calls to frozen process.
05-25 03:13:42.143   755   755 W libbinder.IPCThreadState: Sending oneway calls to frozen process.
05-25 03:13:42.143  1546  1927 I AiAiEcho: Predicting[0]:  [CONTEXT sampling_count=5 ]
05-25 03:13:42.143  1546  1927 I AiAiEcho: EchoTargets: 
05-25 03:13:42.143  1546  1927 I AiAiEcho: Filtered by AiAi flag check: 
05-25 03:13:42.143  1546  1927 I AiAiEcho: [CONTEXT ratelimit_period="10 SECONDS" ]
05-25 03:13:42.143  1546  1927 I AiAiEcho: #remoteViewsTwiddler: feature disabled.
05-25 03:13:42.144  1546  1927 I AiAiEcho: Predicting[0]:  [CONTEXT sampling_count=5 ]
05-25 03:13:42.145   755   755 W libbinder.IPCThreadState: Sending oneway calls to frozen process.
05-25 03:13:42.145   755   755 W libbinder.IPCThreadState: Sending oneway calls to frozen process.
05-25 03:13:42.145   755   755 W libbinder.IPCThreadState: Sending oneway calls to frozen process.
05-25 03:13:42.145   755   755 W libbinder.IPCThreadState: Sending oneway calls to frozen process.
05-25 03:13:42.145   755   755 W libbinder.IPCThreadState: Sending oneway calls to frozen process.
05-25 03:13:42.145   755   755 W libbinder.IPCThreadState: Sending oneway calls to frozen process.
05-25 03:13:42.145  1546  1927 I AiAiEcho: EchoTargets: 
05-25 03:13:42.145  1546  1927 I AiAiEcho: Filtered by AiAi flag check: 
05-25 03:13:42.145  1546  1927 I AiAiEcho: [CONTEXT ratelimit_period="10 SECONDS" ]
05-25 03:13:42.145  1546  1927 I AiAiEcho: #remoteViewsTwiddler: feature disabled.
05-25 03:13:42.145   755   755 W libbinder.IPCThreadState: Sending oneway calls to frozen process.
05-25 03:13:42.145   755   755 W libbinder.IPCThreadState: Sending oneway calls to frozen process.
05-25 03:13:42.145   755   755 W libbinder.IPCThreadState: Sending oneway calls to frozen process.
05-25 03:13:42.145   755   755 W libbinder.IPCThreadState: Sending oneway calls to frozen process.
05-25 03:13:42.145   755   755 W libbinder.IPCThreadState: Sending oneway calls to frozen process.
05-25 03:13:42.145   755   755 W libbinder.IPCThreadState: Sending oneway calls to frozen process.
05-25 03:13:42.145   755   755 W libbinder.IPCThreadState: Sending oneway calls to frozen process.
05-25 03:13:42.145  1546  1927 I AiAiEcho: #postPredictionTargets: Sending updates to UISurface lockscreen with targets# 0 (types=[])
05-25 03:13:42.145   755   755 W libbinder.IPCThreadState: Sending oneway calls to frozen process.
05-25 03:13:42.145   755   755 W libbinder.IPCThreadState: Sending oneway calls to frozen process.
05-25 03:13:42.146   755   755 W libbinder.IPCThreadState: Sending oneway calls to frozen process.
05-25 03:13:42.146   755   755 D BatterySaverPolicy: accessibility changed to true, updating policy.
05-25 03:13:42.146  1546  1927 I AiAiEcho: #postPredictionTargets: Sending updates to UISurface home with targets# 0 (types=[])
05-25 03:13:42.150  1012  1012 W SsPagerDots: Total number of pages invalid: 0. Assuming 1 page.
05-25 03:13:42.151   755  1188 D AccessibilityManagerService: .getAccessibilityShortcutTargets {shortcutType=32, userId=0}
05-25 03:13:42.688   553  4294 D android.hardware.audio@7.1-impl.ranchu: threadLoop: entering standby, frames: 7901056
05-25 03:13:42.688   553  4294 D android.hardware.audio@7.1-impl.ranchu: ~TinyalsaSink: joining consumeThread
05-25 03:13:42.703   553 11716 D android.hardware.audio@7.1-impl.ranchu: consumeThread: exiting
05-25 03:13:42.703   553  4294 D android.hardware.audio@7.1-impl.ranchu: ~TinyalsaSink: stopping PCM stream
05-25 03:13:43.065   755   906 I HalDevMgr: bestIfaceCreationProposal is null, requestIface=STA, existingIface=[name=wlan0 type=STA]
05-25 03:13:43.182 11728 11728 W AccessibilityNodeInfoDumper: Fetch time: 1ms
05-25 03:13:43.183   755  1928 V AccessibilityManagerService: onUserStateChangedLocked for userId: 0, forceUpdate: false
05-25 03:13:43.185   755  1928 V AccessibilityUserState: updateShortcutTargets: type:accessibility_shortcut_target_service, current:{}, new:{}
05-25 03:13:43.185   755  1928 V AccessibilityUserState: updateShortcutTargets: type:accessibility_button_targets, current:{}, new:{}
05-25 03:13:43.185   755  1928 V AccessibilityUserState: updateShortcutTargets: type:accessibility_gesture_targets, current:{}, new:{}
05-25 03:13:43.185   755  1928 V AccessibilityUserState: updateShortcutTargets: type:accessibility_qs_targets, current:{}, new:{}
05-25 03:13:43.185   755  1928 V AccessibilityUserState: updateShortcutTargets: type:accessibility_key_gesture_targets, current:{}, new:{}
05-25 03:13:43.185   755  1928 W MagnificationConnectionManager: requestConnection duplicated request: connect=false, mConnectionState=DISCONNECTED
05-25 03:13:43.185   755  1928 D AccessibilityManagerService: restoreCurrentUserForTestAutomationIfNeededLocked(): ignoring because device doesn't support visible background users
05-25 03:13:43.185  1546  2094 I AiAiEcho: Settings changed for uri: content://settings/secure/accessibility_enabled
05-25 03:13:43.186  1546  1927 I AiAiEcho: Predicting[0]:  [CONTEXT sampling_count=5 ]
05-25 03:13:43.186  1546  1927 I AiAiEcho: EchoTargets: 
05-25 03:13:43.186  1546  1927 I AiAiEcho: Filtered by AiAi flag check: 
05-25 03:13:43.186  1546  1927 I AiAiEcho: [CONTEXT ratelimit_period="10 SECONDS" ]
05-25 03:13:43.186  1546  1927 I AiAiEcho: #remoteViewsTwiddler: feature disabled.
05-25 03:13:43.186   755   755 W libbinder.IPCThreadState: Sending oneway calls to frozen process.
05-25 03:13:43.186  1546  1927 I AiAiEcho: Predicting[0]:  [CONTEXT sampling_count=5 ]
05-25 03:13:43.186   755   755 W libbinder.IPCThreadState: Sending oneway calls to frozen process.
05-25 03:13:43.186  1546  1927 I AiAiEcho: EchoTargets: 
05-25 03:13:43.186  1546  1927 I AiAiEcho: Filtered by AiAi flag check: 
05-25 03:13:43.186  1546  1927 I AiAiEcho: [CONTEXT ratelimit_period="10 SECONDS" ]
05-25 03:13:43.186   755   755 W libbinder.IPCThreadState: Sending oneway calls to frozen process.
05-25 03:13:43.186   755   755 W libbinder.IPCThreadState: Sending oneway calls to frozen process.
05-25 03:13:43.186   755   755 W libbinder.IPCThreadState: Sending oneway calls to frozen process.
05-25 03:13:43.186  1546  1927 I AiAiEcho: #remoteViewsTwiddler: feature disabled.
05-25 03:13:43.186   755   755 W libbinder.IPCThreadState: Sending oneway calls to frozen process.
05-25 03:13:43.187  1546  1927 I AiAiEcho: #postPredictionTargets: Sending updates to UISurface lockscreen with targets# 0 (types=[])
05-25 03:13:43.187   755   755 W libbinder.IPCThreadState: Sending oneway calls to frozen process.
05-25 03:13:43.187   755   755 W libbinder.IPCThreadState: Sending oneway calls to frozen process.
05-25 03:13:43.187   755   755 W libbinder.IPCThreadState: Sending oneway calls to frozen process.
05-25 03:13:43.187   755   755 W libbinder.IPCThreadState: Sending oneway calls to frozen process.
05-25 03:13:43.187   755   755 W libbinder.IPCThreadState: Sending oneway calls to frozen process.
05-25 03:13:43.187   755   755 W libbinder.IPCThreadState: Sending oneway calls to frozen process.
05-25 03:13:43.187   755   755 W libbinder.IPCThreadState: Sending oneway calls to frozen process.
05-25 03:13:43.187  1546  1927 I AiAiEcho: #postPredictionTargets: Sending updates to UISurface home with targets# 0 (types=[])
05-25 03:13:43.187   755   755 W libbinder.IPCThreadState: Sending oneway calls to frozen process.
05-25 03:13:43.188   755   755 W libbinder.IPCThreadState: Sending oneway calls to frozen process.
05-25 03:13:43.188   755   755 W libbinder.IPCThreadState: Sending oneway calls to frozen process.
05-25 03:13:43.188 11728 11728 D AndroidRuntime: Shutting down VM
05-25 03:13:43.188 11728 11740 W libbinder.IPCThreadState: call to talkWithDriver in joinThreadPool returned error: -9 (Bad file descriptor), FD: -1
05-25 03:13:43.188 11728 11737 W libbinder.IPCThreadState: call to talkWithDriver in joinThreadPool returned error: -9 (Bad file descriptor), FD: -1
05-25 03:13:43.188 11728 11736 W libbinder.IPCThreadState: call to talkWithDriver in joinThreadPool returned error: -9 (Bad file descriptor), FD: -1
05-25 03:13:43.191   755   755 W libbinder.IPCThreadState: Sending oneway calls to frozen process.
05-25 03:13:43.191   755   755 W libbinder.IPCThreadState: Sending oneway calls to frozen process.
05-25 03:13:43.191   755   755 W libbinder.IPCThreadState: Sending oneway calls to frozen process.
05-25 03:13:43.191   755   755 W libbinder.IPCThreadState: Sending oneway calls to frozen process.
05-25 03:13:43.191   755   755 W libbinder.IPCThreadState: Sending oneway calls to frozen process.
05-25 03:13:43.191   755   755 W libbinder.IPCThreadState: Sending oneway calls to frozen process.
05-25 03:13:43.192   755   755 W libbinder.IPCThreadState: Sending oneway calls to frozen process.
05-25 03:13:43.192   755   755 W libbinder.IPCThreadState: Sending oneway calls to frozen process.
05-25 03:13:43.192   755   755 D BatterySaverPolicy: accessibility changed to false, updating policy.
05-25 03:13:43.196  1012  1012 W SsPagerDots: Total number of pages invalid: 0. Assuming 1 page.
05-25 03:13:43.428  1529  1529 D WM-DelayedWorkTracker: Scheduling work a7151687-cfb0-48cc-87df-a26cb45d8355
05-25 03:13:43.428  1529  1529 D WM-GreedyScheduler: Starting tracking for a7151687-cfb0-48cc-87df-a26cb45d8355
05-25 03:13:43.428  1529  1727 D WM-ConstraintTracker: BatteryNotLowTracker: initial state = true
05-25 03:13:43.429  1529  1727 D WM-BrdcstRcvrCnstrntTrc: BatteryNotLowTracker: registering receiver
05-25 03:13:43.429  1529  1874 D WM-GreedyScheduler: Constraints met: Scheduling work ID WorkGenerationalId(workSpecId=a7151687-cfb0-48cc-87df-a26cb45d8355, generation=0)
05-25 03:13:43.430  1529  1874 D WM-Processor: Processor: processing WorkGenerationalId(workSpecId=a7151687-cfb0-48cc-87df-a26cb45d8355, generation=0)
05-25 03:13:43.431  1529  1529 D WM-WorkerWrapper: Starting work for com.android.providers.media.photopicker.sync.ProactiveSyncWorker
05-25 03:13:43.432  1529 11741 I PSyncWorker: Starting proactive picker sync from sync source: 1
05-25 03:13:43.432  1529 11741 I PickerSyncTracker: Created new sync future java.util.concurrent.CompletableFuture@ac8ddb8[Not completed, 1 dependents]. Future map: {a7151687-cfb0-48cc-87df-a26cb45d8355=java.util.concurrent.CompletableFuture@ac8ddb8[Not completed, 1 dependents]}
05-25 03:13:43.433  1529 11741 D PickerSyncController: syncAllMediaFromProvider() LOCAL, auth=com.android.providers.media.photopicker, retry=true
05-25 03:13:43.433  1529 11741 D PickerSyncController: getSyncRequestParams() LOCAL, auth=com.android.providers.media.photopicker
05-25 03:13:43.434  1529 11741 D PickerSyncController:    Latest ID/Gen=92835bc8fd6dde81:external_primary/3069
05-25 03:13:43.434  1529 11741 D PickerSyncController:    Cached ID/Gen=92835bc8fd6dde81:external_primary/3060
05-25 03:13:43.434  1529 11741 D PickerSyncController:    RESULT=SyncRequestParams{type=MEDIA_INCREMENTAL, gen=3060, latest=Bundle[{last_media_sync_generation=3069, media_collection_id=92835bc8fd6dde81:external_primary}], pageSize=1000}
05-25 03:13:43.434  1529 11741 I PickerSyncController: Executing SyncAdd. isLocal: true. authority: com.android.providers.media.photopicker
05-25 03:13:43.435  1529 11741 D PickerSyncLockManager: Trying to acquire lock com.android.providers.media.photopicker.sync.CloseableReentrantLock@cffd47[Unlocked]. Lock Name = CLOUD_PROVIDER_LOCK. Threads that may be waiting to acquire this lock = [] with timeout.
05-25 03:13:43.435  1529 11741 D CloseableReentrantLock: Successfully acquired lock com.android.providers.media.photopicker.sync.CloseableReentrantLock@cffd47[Locked by thread pool-4-thread-174]. Lock Name = CLOUD_PROVIDER_LOCK. Threads that may be waiting to acquire this lock = []
05-25 03:13:43.435  1529 11741 D CloseableReentrantLock: Successfully released lock com.android.providers.media.photopicker.sync.CloseableReentrantLock@cffd47[Unlocked]. Lock Name = CLOUD_PROVIDER_LOCK. Threads that may be waiting to acquire this lock = []
05-25 03:13:43.435  1529 11741 D ExternalDbFacade: Token received for queryMedia = null
05-25 03:13:43.436  1529 11741 D PickerSyncLockManager: Trying to acquire lock com.android.providers.media.photopicker.sync.CloseableReentrantLock@cffd47[Unlocked]. Lock Name = CLOUD_PROVIDER_LOCK. Threads that may be waiting to acquire this lock = [] with timeout.
05-25 03:13:43.436  1529 11741 D CloseableReentrantLock: Successfully acquired lock com.android.providers.media.photopicker.sync.CloseableReentrantLock@cffd47[Locked by thread pool-4-thread-174]. Lock Name = CLOUD_PROVIDER_LOCK. Threads that may be waiting to acquire this lock = []
05-25 03:13:43.436  1529 11741 D PickerSyncController: Saving next page token: 1779675221000|283 for key: local_provider:media_add:resume
05-25 03:13:43.436  1529 11741 D CloseableReentrantLock: Successfully released lock com.android.providers.media.photopicker.sync.CloseableReentrantLock@cffd47[Unlocked]. Lock Name = CLOUD_PROVIDER_LOCK. Threads that may be waiting to acquire this lock = []
05-25 03:13:43.439  1529 11741 D PickerNotificationSender: Sending a notification for media update
05-25 03:13:43.440  1529 11741 D PickerNotificationSender: Sending a notification for merged album media update Videos
05-25 03:13:43.440  1529 11741 D PickerNotificationSender: Sending a notification for album media update Videos
05-25 03:13:43.440  1529 11741 D PickerNotificationSender: Sending a notification for merged album media update Favorites
05-25 03:13:43.440  1529 11741 D PickerNotificationSender: Sending a notification for album media update Favorites
05-25 03:13:43.440  1529 11741 D ExternalDbFacade: Token received for queryMedia = 1779675221000|283
