05-25 04:31:53.996 D/SatelliteController( 1139): getCarrierRoamingNtnConnectType: Falling back to global carrier config connect type: 0
05-25 04:31:53.997 W/libbinder.IPCThreadState(  755): Sending oneway calls to frozen process.
05-25 04:31:54.538 D/WifiNl80211Manager(  755): Scan result ready event
05-25 04:31:54.538 D/WifiNative(  755): Scan result ready event
05-25 04:31:54.539 I/WifiScanner( 1334): onFullResults
05-25 04:31:54.540 I/WifiScanner( 1334): onFullResults
05-25 04:31:54.541 I/HalDevMgr(  755): bestIfaceCreationProposal is null, requestIface=STA, existingIface=[name=wlan0 type=STA]
05-25 04:31:56.234 I/HalDevMgr(  755): bestIfaceCreationProposal is null, requestIface=STA, existingIface=[name=wlan0 type=STA]
05-25 04:31:59.239 I/HalDevMgr(  755): bestIfaceCreationProposal is null, requestIface=STA, existingIface=[name=wlan0 type=STA]
05-25 04:32:00.578 D/InetDiagMessage(  755): Destroyed 0 sockets, proto=IPPROTO_TCP, family=AF_INET, states=14
05-25 04:32:00.579 D/InetDiagMessage(  755): Destroyed 0 sockets, proto=IPPROTO_TCP, family=AF_INET6, states=14
05-25 04:32:00.579 D/InetDiagMessage(  755): Destroyed live tcp sockets for uids={10202} in 1ms
05-25 04:32:00.580 D/InetDiagMessage(  755): Destroyed 0 sockets, proto=IPPROTO_TCP, family=AF_INET, states=14
05-25 04:32:00.580 D/InetDiagMessage(  755): Destroyed 0 sockets, proto=IPPROTO_TCP, family=AF_INET6, states=14
05-25 04:32:00.580 D/InetDiagMessage(  755): Destroyed live tcp sockets for uids={20202} in 1ms
05-25 04:32:02.245 I/HalDevMgr(  755): bestIfaceCreationProposal is null, requestIface=STA, existingIface=[name=wlan0 type=STA]
05-25 04:32:03.995 D/SatelliteController( 1139): iisInCarrierRoamingNbIotNtn: satellite is disabled
05-25 04:32:03.996 W/libbinder.IPCThreadState(  755): Sending oneway calls to frozen process.
05-25 04:32:03.996 D/SatelliteController( 1139): getCarrierRoamingNtnConnectType: Falling back to global carrier config connect type: 0
05-25 04:32:05.252 I/HalDevMgr(  755): bestIfaceCreationProposal is null, requestIface=STA, existingIface=[name=wlan0 type=STA]
05-25 04:32:05.611 D/ActivityManager(  755): freezing 1484 com.google.android.gms
05-25 04:32:05.612 D/ActivityManager(  755): freezing 9602 com.google.android.adservices.api
05-25 04:32:05.636 D/InetDiagMessage(  755): Destroyed 0 sockets, proto=IPPROTO_TCP, family=AF_INET, states=14
05-25 04:32:05.636 D/InetDiagMessage(  755): Destroyed 0 sockets, proto=IPPROTO_TCP, family=AF_INET6, states=14
05-25 04:32:05.636 D/InetDiagMessage(  755): Destroyed live tcp sockets for uids={10202} in 1ms
05-25 04:32:07.138 W/libbinder.BackendUnifiedServiceManager(17746): Thread Pool max thread count is 0. Cannot cache binder as linkToDeath cannot be implemented. serviceName: SurfaceFlingerAIDL
05-25 04:32:07.138 W/libbinder.BpBinder(17746): Linking to death on android.gui.ISurfaceComposer but there are no threads (yet?) listening to incoming transactions. See ProcessState::startThreadPool and ProcessState::setThreadPoolMaxThreadCount. Generally you should setup the binder threadpool before other initialization steps.
05-25 04:32:07.138 W/libbinder.ProcessState(17746): Extra binder thread started, but 0 threads requested. Do not use *startThreadPool when zero threads are requested.
05-25 04:32:07.253 W/MediaProvider( 1529): isAppCloneUserPair for user 0: false
05-25 04:32:07.326 D/ActivityManager(  755): sync unfroze 1484 com.google.android.gms for 6
05-25 04:32:07.332 D/ActivityManager(  755): sync unfroze 9602 com.google.android.adservices.api for 6
05-25 04:32:07.356 W/ProcessStats(  755): Tracking association SourceState{120d728 com.google.android.gms/10147 ImpBg #7470} whose proc state 6 is better than process ProcessState{8a31b6 com.google.android.adservices.api/10202 pkg=com.google.android.adservices.api} proc state 14 (13 skipped)
05-25 04:32:07.357 I/NetworkScheduler.Stats( 1334): (REDACTED) Task %s/%s started execution. cause:%s exec_start_elapsed_seconds: %s
05-25 04:32:07.375 I/NetworkScheduler.Stats( 1334): (REDACTED) Task %s/%s finished executing. cause:%s result: %s elapsed_millis: %s uptime_millis: %s exec_start_elapsed_seconds: %s
05-25 04:32:07.458 I/ActivityManager(  755): Broadcasting: Intent { act=android.intent.action.MEDIA_SCANNER_SCAN_FILE dat=file:///... flg=0x400000 }
05-25 04:32:07.458 I/ActivityManager(  755): Enqueued broadcast Intent { act=android.intent.action.MEDIA_SCANNER_SCAN_FILE dat=file:///... flg=0x400000 }: 0
05-25 04:32:07.461 I/MediaServiceV2( 1529): Creating work for intent Intent { act=android.intent.action.MEDIA_SCANNER_SCAN_FILE dat=file:///... flg=0x1400010 cmp=com.google.android.providers.media.module/com.android.providers.media.MediaServiceV2 }
05-25 04:32:07.461 I/MediaServiceV2( 1529): Work enqueued for intent: Intent { act=android.intent.action.MEDIA_SCANNER_SCAN_FILE dat=file:///... flg=0x1400010 cmp=com.google.android.providers.media.module/com.android.providers.media.MediaServiceV2 }
05-25 04:32:07.462 I/ActivityManager(  755): Broadcast completed: result=0
05-25 04:32:07.494 W/JobInfo ( 1529): Requested important-while-foreground flag for job895 is ignored and takes no effect
05-25 04:32:07.494 D/WM-SystemJobScheduler( 1529): Scheduling work ID 51d83902-9ff0-4f03-be4b-9715a456fa9bJob ID 895
05-25 04:32:07.509 D/WM-SystemJobService( 1529): onStartJob for WorkGenerationalId(workSpecId=51d83902-9ff0-4f03-be4b-9715a456fa9b, generation=0)
05-25 04:32:07.509 D/WM-GreedyScheduler( 1529): Ignoring {WorkSpec: fce74054-5d75-49ac-b1fb-61b1c63b64d1}. Requires device idle.
05-25 04:32:07.509 D/WM-GreedyScheduler( 1529): Ignoring {WorkSpec: 748d3965-3023-45a6-9a32-baafa7d90ebf}. Requires device idle.
05-25 04:32:07.509 D/WM-GreedyScheduler( 1529): Ignoring {WorkSpec: bbc248da-5aec-4565-83d8-ed90ba3a683c}. Requires device idle.
05-25 04:32:07.509 D/WM-GreedyScheduler( 1529): Ignoring {WorkSpec: a7b8fc44-3a39-43d5-96b8-cef5bb529d35}. Requires device idle.
05-25 04:32:07.509 D/WM-GreedyScheduler( 1529): Starting work for 51d83902-9ff0-4f03-be4b-9715a456fa9b
05-25 04:32:07.512 D/WM-Processor( 1529): Processor: processing WorkGenerationalId(workSpecId=51d83902-9ff0-4f03-be4b-9715a456fa9b, generation=0)
05-25 04:32:07.513 D/WM-Processor( 1529): Work WorkGenerationalId(workSpecId=51d83902-9ff0-4f03-be4b-9715a456fa9b, generation=0) is already enqueued for processing
05-25 04:32:07.514 D/WM-WorkerWrapper( 1529): Starting work for com.android.providers.media.MediaServiceV2
05-25 04:32:07.514 I/MediaServiceV2( 1529): Work initiated for action [ android.intent.action.MEDIA_SCANNER_SCAN_FILE ]
05-25 04:32:07.523 I/MediaServiceV2( 1529): Work ended for action [ android.intent.action.MEDIA_SCANNER_SCAN_FILE ]
05-25 04:32:07.525 I/WM-WorkerWrapper( 1529): Worker result SUCCESS for Work [ id=51d83902-9ff0-4f03-be4b-9715a456fa9b, tags={ com.android.providers.media.MediaServiceV2 } ]
05-25 04:32:07.526 D/WM-Processor( 1529): Processor 51d83902-9ff0-4f03-be4b-9715a456fa9b executed; reschedule = false
05-25 04:32:07.531 D/WM-GreedyScheduler( 1529): Cancelling work ID 51d83902-9ff0-4f03-be4b-9715a456fa9b
05-25 04:32:07.532 D/WM-SystemJobService( 1529): 51d83902-9ff0-4f03-be4b-9715a456fa9b executed on JobScheduler
05-25 04:32:07.532 D/WM-SystemJobService( 1529): onStopJob for WorkGenerationalId(workSpecId=51d83902-9ff0-4f03-be4b-9715a456fa9b, generation=0)
05-25 04:32:07.532 D/WM-GreedyScheduler( 1529): Ignoring {WorkSpec: fce74054-5d75-49ac-b1fb-61b1c63b64d1}. Requires device idle.
05-25 04:32:07.532 D/WM-GreedyScheduler( 1529): Ignoring {WorkSpec: 748d3965-3023-45a6-9a32-baafa7d90ebf}. Requires device idle.
05-25 04:32:07.532 D/WM-GreedyScheduler( 1529): Ignoring {WorkSpec: bbc248da-5aec-4565-83d8-ed90ba3a683c}. Requires device idle.
05-25 04:32:07.532 D/WM-GreedyScheduler( 1529): Ignoring {WorkSpec: a7b8fc44-3a39-43d5-96b8-cef5bb529d35}. Requires device idle.
05-25 04:32:07.534 W/JobScheduler(  755): Job didn't exist in JobStore: 3eaf6e9 {androidx.work.systemjobscheduler} #u0a210/895 #MediaServiceV2#@androidx.work.systemjobscheduler@com.google.android.providers.media.module/androidx.work.impl.background.systemjob.SystemJobService
05-25 04:32:07.541 D/WM-SystemJobScheduler( 1529): Scheduling work ID dd2b1b46-e250-4119-9f5a-2ee11998a85aJob ID 896
05-25 04:32:07.543 D/WM-GreedyScheduler( 1529): Ignoring {WorkSpec: fce74054-5d75-49ac-b1fb-61b1c63b64d1}. Requires device idle.
05-25 04:32:07.543 D/WM-GreedyScheduler( 1529): Ignoring {WorkSpec: 748d3965-3023-45a6-9a32-baafa7d90ebf}. Requires device idle.
05-25 04:32:07.543 D/WM-GreedyScheduler( 1529): Ignoring {WorkSpec: bbc248da-5aec-4565-83d8-ed90ba3a683c}. Requires device idle.
05-25 04:32:07.543 D/WM-GreedyScheduler( 1529): Ignoring {WorkSpec: a7b8fc44-3a39-43d5-96b8-cef5bb529d35}. Requires device idle.
05-25 04:32:07.721 D/AndroidRuntime(17758): >>>>>> START com.android.internal.os.RuntimeInit uid 2000 <<<<<<
05-25 04:32:07.725 I/AndroidRuntime(17758): Using default boot image
05-25 04:32:07.725 I/AndroidRuntime(17758): Leaving lock profiling enabled
05-25 04:32:07.732 I/app_process(17758): Using CollectorTypeCMC GC.
05-25 04:32:07.824 D/nativeloader(17758): InitDefaultPublicLibraries for_preload=1: libandroid.so:libaaudio.so:libamidi.so:libbinder_ndk.so:libc.so:libcamera2ndk.so:libdl.so:libEGL.so:libGLESv1_CM.so:libGLESv2.so:libGLESv3.so:libicu.so:libicui18n.so:libicuuc.so:libjnigraphics.so:liblog.so:libmediandk.so:libm.so:libnativehelper.so:libnativewindow.so:libOpenMAXAL.so:libOpenSLES.so:libRS.so:libstdc++.so:libsync.so:libvulkan.so:libwebviewchromium_plat_support.so:libz.so
05-25 04:32:07.835 D/nativeloader(17758): Load libicu_jni.so using APEX ns com_android_art for caller /apex/com.android.art/javalib/core-oj.jar: ok
05-25 04:32:07.835 D/app_process(17758): u_setTimeZoneFilesDirectory("/apex/com.android.tzdata/etc/tz/versioned/9/icu") succeeded. 
05-25 04:32:07.835 D/app_process(17758): I18n APEX ICU file found: /apex/com.android.i18n/etc/icu/icudt76l.dat
05-25 04:32:07.836 D/nativeloader(17758): Load libjavacore.so using APEX ns com_android_art for caller /apex/com.android.art/javalib/core-oj.jar: ok
05-25 04:32:07.837 D/nativeloader(17758): Load libopenjdk.so using APEX ns com_android_art for caller /apex/com.android.art/javalib/core-oj.jar: ok
05-25 04:32:07.838 I/app_process(17758): Priority-to-niceness mapping: 19, 16, 13, 10, 0, -2, -4, -5, -6, -8
05-25 04:32:07.838 W/app_process(17758): Unexpected CPU variant for x86: x86_64.
05-25 04:32:07.838 W/app_process(17758): Known variants: atom, sandybridge, silvermont, goldmont, goldmont-plus, goldmont-without-sha-xsaves, tremont, kabylake, alderlake, default
05-25 04:32:07.840 W/app_process(17758): ClassLoaderContext shared library size mismatch. Expected=2, found=0 (PCL[]{PCL[/system/framework/android.test.base.jar*1653369819]#PCL[/system/framework/android.test.mock.jar*1009639922]} | PCL[])
05-25 04:32:07.841 W/app_process(17758): ClassLoaderContext classpath size mismatch. expected=0, found=1 (PCL[]{PCL[/system/framework/android.test.runner.jar*3954641918]{PCL[/system/framework/android.test.base.jar*1653369819]#PCL[/system/framework/android.test.mock.jar*1009639922]}#PCL[/system/framework/android.test.base.jar*1653369819]} | PCL[/system/framework/android.test.runner.jar*3954641918])
05-25 04:32:07.865 D/nativeloader(17758): Load libframework-connectivity-tiramisu-jni.so using APEX ns com_android_tethering for caller /apex/com.android.tethering/javalib/framework-connectivity-t.jar: ok
05-25 04:32:07.866 D/AndroidRuntime(17758): Calling main entry com.android.commands.uiautomator.Launcher
05-25 04:32:07.872 I/AconfigPackage(17758): android.media.swcodec.flags is mapped to com.android.media.swcodec
05-25 04:32:07.873 I/AconfigPackage(17758): com.android.permission.flags is mapped to com.android.permission
05-25 04:32:07.873 I/AconfigPackage(17758): com.android.permissioncontroller.flags is mapped to com.android.permission
05-25 04:32:07.873 I/AconfigPackage(17758): com.android.icu is mapped to com.android.i18n
05-25 04:32:07.873 I/AconfigPackage(17758): com.android.appsearch.flags is mapped to com.android.appsearch
05-25 04:32:07.873 I/AconfigPackage(17758): android.uprobestats.mainline.flags is mapped to com.android.uprobestats
05-25 04:32:07.873 I/AconfigPackage(17758): com.android.crashrecovery.flags is mapped to com.android.crashrecovery
05-25 04:32:07.873 I/AconfigPackage(17758): android.provider.flags is mapped to com.android.configinfrastructure
05-25 04:32:07.873 I/AconfigPackage(17758): com.android.server.deviceconfig is mapped to com.android.configinfrastructure
05-25 04:32:07.873 I/AconfigPackage(17758): com.android.compos.flags is mapped to com.android.compos
05-25 04:32:07.874 I/AconfigPackage(17758): com.android.art.flags is mapped to com.android.art
05-25 04:32:07.874 I/AconfigPackage(17758): com.android.art.rw.flags is mapped to com.android.art
05-25 04:32:07.874 I/AconfigPackage(17758): com.android.libcore is mapped to com.android.art
05-25 04:32:07.874 I/AconfigPackage(17758): com.android.telephony.flags is mapped to com.android.telephonycore
05-25 04:32:07.874 I/AconfigPackage(17758): com.android.media.extractor.flags is mapped to com.android.media
05-25 04:32:07.874 I/AconfigPackage(17758): com.android.media.mainline.flags is mapped to com.android.media
05-25 04:32:07.874 I/AconfigPackage(17758): com.android.wifi.flags is mapped to com.android.wifi
05-25 04:32:07.874 I/AconfigPackage(17758): com.android.org.conscrypt.flags is mapped to com.android.conscrypt
05-25 04:32:07.874 I/AconfigPackage(17758): com.android.org.conscrypt.net.flags is mapped to com.android.conscrypt
05-25 04:32:07.874 I/AconfigPackage(17758): com.android.healthfitness.flags is mapped to com.android.healthfitness
05-25 04:32:07.874 I/AconfigPackage(17758): com.android.ipsec.flags is mapped to com.android.ipsec
05-25 04:32:07.874 I/AconfigPackage(17758): com.android.nfc.module.flags is mapped to com.android.nfcservices
05-25 04:32:07.876 I/AconfigPackage(17758): com.android.adservices.ondevicepersonalization.flags is mapped to com.android.ondevicepersonalization
05-25 04:32:07.876 I/AconfigPackage(17758): com.android.adbd.flags is mapped to com.android.adbd
05-25 04:32:07.876 I/AconfigPackage(17758): com.android.bluetooth.flags is mapped to com.android.bt
05-25 04:32:07.876 I/AconfigPackage(17758): com.android.devicelock.flags is mapped to com.android.devicelock
05-25 04:32:07.877 I/AconfigPackage(17758): android.os.profiling is mapped to com.android.profiling
05-25 04:32:07.877 I/AconfigPackage(17758): android.os.profiling.anomaly.flags is mapped to com.android.profiling
05-25 04:32:07.877 I/AconfigPackage(17758): com.android.os.statsd.flags is mapped to com.android.os.statsd
05-25 04:32:07.877 I/AconfigPackage(17758): com.android.rkpd.flags is mapped to com.android.rkpd
05-25 04:32:07.878 I/AconfigPackage(17758): com.android.cellbroadcastreceiver.flags is mapped to com.android.cellbroadcast
05-25 04:32:07.878 I/AconfigPackage(17758): com.android.adservices.flags is mapped to com.android.adservices
05-25 04:32:07.878 I/AconfigPackage(17758): com.android.sdksandbox.flags is mapped to com.android.adservices
05-25 04:32:07.878 I/AconfigPackage(17758): com.android.uwb.flags is mapped to com.android.uwb
05-25 04:32:07.878 I/AconfigPackage(17758): com.android.ranging.flags is mapped to com.android.uwb
05-25 04:32:07.878 I/AconfigPackage(17758): android.graphics.pdf.flags is mapped to com.android.mediaprovider
05-25 04:32:07.878 I/AconfigPackage(17758): com.android.providers.media.flags is mapped to com.android.mediaprovider
05-25 04:32:07.878 I/AconfigPackage(17758): android.graphics.pdf.flags.readonly is mapped to com.android.mediaprovider
05-25 04:32:07.879 I/AconfigPackage(17758): com.android.tethering.mainline.beta is mapped to com.android.tethering
05-25 04:32:07.879 I/AconfigPackage(17758): android.net.http is mapped to com.android.tethering
05-25 04:32:07.879 I/AconfigPackage(17758): com.android.tethering.readonly.flags is mapped to com.android.tethering
05-25 04:32:07.879 I/AconfigPackage(17758): android.net.vcn is mapped to com.android.tethering
05-25 04:32:07.879 I/AconfigPackage(17758): com.android.net.flags is mapped to com.android.tethering
05-25 04:32:07.879 I/AconfigPackage(17758): com.android.tethering.beta.test is mapped to com.android.tethering
05-25 04:32:07.879 I/AconfigPackage(17758): com.android.nearby.flags is mapped to com.android.tethering
05-25 04:32:07.879 I/AconfigPackage(17758): com.android.net.ct.flags is mapped to com.android.tethering
05-25 04:32:07.879 I/AconfigPackage(17758): com.android.net.thread.flags is mapped to com.android.tethering
05-25 04:32:07.879 I/AconfigPackage(17758): com.android.system.virtualmachine.flags is mapped to com.android.virt
05-25 04:32:07.879 E/FeatureFlagsImplExport(17758): android.os.flagging.AconfigStorageReadException: ERROR_PACKAGE_NOT_FOUND: package android.xr cannot be found on the device
05-25 04:32:07.883 D/UiAutomationConnection(17758): Created on user UserHandle{0}
05-25 04:32:07.883 I/UiAutomation(17758): Initialized for user 0 on display 0
05-25 04:32:07.883 W/UiAutomation(17758): Created with deprecatead constructor, assumes DEFAULT_DISPLAY
05-25 04:32:07.884 D/AccessibilityManagerService(  755): changeCurrentUserForTestAutomationIfNeededLocked(0): ignoring because device doesn't support visible background users
05-25 04:32:07.884 I/UiAutomationManager(  755): Registering UiTestAutomationService (id=com.android.server.accessibility/UiAutomation, flags=0x0) when called by user 0
05-25 04:32:07.885 V/AccessibilityManagerService(  755): onUserStateChangedLocked for userId: 0, forceUpdate: false
05-25 04:32:07.885 V/AccessibilityUserState(  755): updateShortcutTargets: type:accessibility_shortcut_target_service, current:{}, new:{}
05-25 04:32:07.885 V/AccessibilityUserState(  755): updateShortcutTargets: type:accessibility_button_targets, current:{}, new:{}
05-25 04:32:07.885 V/AccessibilityUserState(  755): updateShortcutTargets: type:accessibility_gesture_targets, current:{}, new:{}
05-25 04:32:07.885 V/AccessibilityUserState(  755): updateShortcutTargets: type:accessibility_qs_targets, current:{}, new:{}
05-25 04:32:07.885 V/AccessibilityUserState(  755): updateShortcutTargets: type:accessibility_key_gesture_targets, current:{}, new:{}
05-25 04:32:07.885 W/MagnificationConnectionManager(  755): requestConnection duplicated request: connect=false, mConnectionState=DISCONNECTED
05-25 04:32:07.886 I/AiAiEcho( 1546): Settings changed for uri: content://settings/secure/accessibility_enabled
05-25 04:32:07.887 W/libbinder.IPCThreadState(  755): Sending oneway calls to frozen process.
05-25 04:32:07.887 I/AiAiEcho( 1546): Predicting[0]:  [CONTEXT sampling_count=5 ]
05-25 04:32:07.887 W/libbinder.IPCThreadState(  755): Sending oneway calls to frozen process.
05-25 04:32:07.887 W/libbinder.IPCThreadState(  755): Sending oneway calls to frozen process.
05-25 04:32:07.887 W/libbinder.IPCThreadState(  755): Sending oneway calls to frozen process.
05-25 04:32:07.887 W/libbinder.IPCThreadState(  755): Sending oneway calls to frozen process.
05-25 04:32:07.888 W/libbinder.IPCThreadState(  755): Sending oneway calls to frozen process.
05-25 04:32:07.888 I/AiAiEcho( 1546): EchoTargets: 
05-25 04:32:07.888 I/AiAiEcho( 1546): Filtered by AiAi flag check: 
05-25 04:32:07.888 I/AiAiEcho( 1546): [CONTEXT ratelimit_period="10 SECONDS" ]
05-25 04:32:07.888 W/libbinder.IPCThreadState(  755): Sending oneway calls to frozen process.
05-25 04:32:07.888 W/libbinder.IPCThreadState(  755): Sending oneway calls to frozen process.
05-25 04:32:07.888 W/libbinder.IPCThreadState(  755): Sending oneway calls to frozen process.
05-25 04:32:07.888 W/libbinder.IPCThreadState(  755): Sending oneway calls to frozen process.
05-25 04:32:07.888 W/libbinder.IPCThreadState(  755): Sending oneway calls to frozen process.
05-25 04:32:07.888 W/libbinder.IPCThreadState(  755): Sending oneway calls to frozen process.
05-25 04:32:07.888 W/libbinder.IPCThreadState(  755): Sending oneway calls to frozen process.
05-25 04:32:07.888 W/libbinder.IPCThreadState(  755): Sending oneway calls to frozen process.
05-25 04:32:07.888 W/libbinder.IPCThreadState(  755): Sending oneway calls to frozen process.
05-25 04:32:07.888 W/libbinder.IPCThreadState(  755): Sending oneway calls to frozen process.
05-25 04:32:07.888 W/libbinder.IPCThreadState(  755): Sending oneway calls to frozen process.
05-25 04:32:07.888 W/libbinder.IPCThreadState(  755): Sending oneway calls to frozen process.
05-25 04:32:07.888 W/libbinder.IPCThreadState(  755): Sending oneway calls to frozen process.
05-25 04:32:07.888 W/libbinder.IPCThreadState(  755): Sending oneway calls to frozen process.
05-25 04:32:07.888 W/libbinder.IPCThreadState(  755): Sending oneway calls to frozen process.
05-25 04:32:07.888 W/libbinder.IPCThreadState(  755): Sending oneway calls to frozen process.
05-25 04:32:07.888 W/libbinder.IPCThreadState(  755): Sending oneway calls to frozen process.
05-25 04:32:07.888 W/libbinder.IPCThreadState(  755): Sending oneway calls to frozen process.
05-25 04:32:07.888 D/BatterySaverPolicy(  755): accessibility changed to true, updating policy.
05-25 04:32:07.888 I/AiAiEcho( 1546): #remoteViewsTwiddler: feature disabled.
05-25 04:32:07.889 I/AiAiEcho( 1546): Predicting[0]:  [CONTEXT sampling_count=5 ]
05-25 04:32:07.889 I/AiAiEcho( 1546): EchoTargets: 
05-25 04:32:07.889 I/AiAiEcho( 1546): Filtered by AiAi flag check: 
05-25 04:32:07.889 I/AiAiEcho( 1546): [CONTEXT ratelimit_period="10 SECONDS" ]
05-25 04:32:07.889 I/AiAiEcho( 1546): #remoteViewsTwiddler: feature disabled.
05-25 04:32:07.890 I/AiAiEcho( 1546): #postPredictionTargets: Sending updates to UISurface lockscreen with targets# 0 (types=[])
05-25 04:32:07.890 I/AiAiEcho( 1546): #postPredictionTargets: Sending updates to UISurface home with targets# 0 (types=[])
05-25 04:32:07.896 V/AccessibilityManagerService(  755): onUserStateChangedLocked for userId: 0, forceUpdate: false
05-25 04:32:07.897 V/AccessibilityUserState(  755): updateShortcutTargets: type:accessibility_shortcut_target_service, current:{}, new:{}
05-25 04:32:07.897 V/AccessibilityUserState(  755): updateShortcutTargets: type:accessibility_button_targets, current:{}, new:{}
05-25 04:32:07.897 V/AccessibilityUserState(  755): updateShortcutTargets: type:accessibility_gesture_targets, current:{}, new:{}
05-25 04:32:07.897 V/AccessibilityUserState(  755): updateShortcutTargets: type:accessibility_qs_targets, current:{}, new:{}
05-25 04:32:07.897 V/AccessibilityUserState(  755): updateShortcutTargets: type:accessibility_key_gesture_targets, current:{}, new:{}
05-25 04:32:07.897 W/MagnificationConnectionManager(  755): requestConnection duplicated request: connect=false, mConnectionState=DISCONNECTED
05-25 04:32:07.897 W/libbinder.IPCThreadState(  755): Sending oneway calls to frozen process.
05-25 04:32:07.897 W/libbinder.IPCThreadState(  755): Sending oneway calls to frozen process.
05-25 04:32:07.897 W/libbinder.IPCThreadState(  755): Sending oneway calls to frozen process.
05-25 04:32:07.897 W/libbinder.IPCThreadState(  755): Sending oneway calls to frozen process.
05-25 04:32:07.897 W/libbinder.IPCThreadState(  755): Sending oneway calls to frozen process.
05-25 04:32:07.897 W/libbinder.IPCThreadState(  755): Sending oneway calls to frozen process.
05-25 04:32:07.898 W/libbinder.IPCThreadState(  755): Sending oneway calls to frozen process.
05-25 04:32:07.898 W/libbinder.IPCThreadState(  755): Sending oneway calls to frozen process.
05-25 04:32:07.899 I/AiAiEcho( 1546): Settings changed for uri: content://settings/secure/accessibility_enabled
05-25 04:32:07.899 I/AiAiEcho( 1546): Predicting[0]:  [CONTEXT sampling_count=5 ]
05-25 04:32:07.900 I/AiAiEcho( 1546): EchoTargets: 
05-25 04:32:07.900 I/AiAiEcho( 1546): Filtered by AiAi flag check: 
05-25 04:32:07.900 I/AiAiEcho( 1546): [CONTEXT ratelimit_period="10 SECONDS" ]
05-25 04:32:07.900 W/libbinder.IPCThreadState(  755): Sending oneway calls to frozen process.
05-25 04:32:07.900 I/AiAiEcho( 1546): #remoteViewsTwiddler: feature disabled.
05-25 04:32:07.900 I/AiAiEcho( 1546): Predicting[0]:  [CONTEXT sampling_count=5 ]
05-25 04:32:07.900 I/AiAiEcho( 1546): EchoTargets: 
05-25 04:32:07.900 I/AiAiEcho( 1546): Filtered by AiAi flag check: 
05-25 04:32:07.900 I/AiAiEcho( 1546): [CONTEXT ratelimit_period="10 SECONDS" ]
05-25 04:32:07.900 I/AiAiEcho( 1546): #remoteViewsTwiddler: feature disabled.
05-25 04:32:07.900 I/AiAiEcho( 1546): #postPredictionTargets: Sending updates to UISurface lockscreen with targets# 0 (types=[])
05-25 04:32:07.901 W/libbinder.IPCThreadState(  755): Sending oneway calls to frozen process.
05-25 04:32:07.901 W/libbinder.IPCThreadState(  755): Sending oneway calls to frozen process.
05-25 04:32:07.901 W/libbinder.IPCThreadState(  755): Sending oneway calls to frozen process.
05-25 04:32:07.901 W/libbinder.IPCThreadState(  755): Sending oneway calls to frozen process.
05-25 04:32:07.901 W/libbinder.IPCThreadState(  755): Sending oneway calls to frozen process.
05-25 04:32:07.901 W/libbinder.IPCThreadState(  755): Sending oneway calls to frozen process.
05-25 04:32:07.901 W/libbinder.IPCThreadState(  755): Sending oneway calls to frozen process.
05-25 04:32:07.901 I/AiAiEcho( 1546): #postPredictionTargets: Sending updates to UISurface home with targets# 0 (types=[])
05-25 04:32:07.903 W/SsPagerDots( 1012): Total number of pages invalid: 0. Assuming 1 page.
05-25 04:32:07.903 D/AccessibilityManagerService(  755): .getAccessibilityShortcutTargets {shortcutType=32, userId=0}
05-25 04:32:07.903 W/SsPagerDots( 1012): Total number of pages invalid: 0. Assuming 1 page.
05-25 04:32:08.256 I/HalDevMgr(  755): bestIfaceCreationProposal is null, requestIface=STA, existingIface=[name=wlan0 type=STA]
05-25 04:32:08.925 W/AccessibilityNodeInfoDumper(17758): Fetch time: 2ms
05-25 04:32:08.926 V/AccessibilityManagerService(  755): onUserStateChangedLocked for userId: 0, forceUpdate: false
05-25 04:32:08.928 I/AiAiEcho( 1546): Settings changed for uri: content://settings/secure/accessibility_enabled
05-25 04:32:08.929 V/AccessibilityUserState(  755): updateShortcutTargets: type:accessibility_shortcut_target_service, current:{}, new:{}
05-25 04:32:08.929 V/AccessibilityUserState(  755): updateShortcutTargets: type:accessibility_button_targets, current:{}, new:{}
05-25 04:32:08.929 V/AccessibilityUserState(  755): updateShortcutTargets: type:accessibility_gesture_targets, current:{}, new:{}
05-25 04:32:08.929 V/AccessibilityUserState(  755): updateShortcutTargets: type:accessibility_qs_targets, current:{}, new:{}
05-25 04:32:08.929 V/AccessibilityUserState(  755): updateShortcutTargets: type:accessibility_key_gesture_targets, current:{}, new:{}
05-25 04:32:08.929 W/MagnificationConnectionManager(  755): requestConnection duplicated request: connect=false, mConnectionState=DISCONNECTED
05-25 04:32:08.929 D/AccessibilityManagerService(  755): restoreCurrentUserForTestAutomationIfNeededLocked(): ignoring because device doesn't support visible background users
05-25 04:32:08.929 W/libbinder.IPCThreadState(  755): Sending oneway calls to frozen process.
05-25 04:32:08.930 I/AiAiEcho( 1546): Predicting[0]:  [CONTEXT sampling_count=5 ]
05-25 04:32:08.930 I/AiAiEcho( 1546): EchoTargets: 
05-25 04:32:08.930 I/AiAiEcho( 1546): Filtered by AiAi flag check: 
05-25 04:32:08.930 I/AiAiEcho( 1546): [CONTEXT ratelimit_period="10 SECONDS" ]
05-25 04:32:08.930 D/AndroidRuntime(17758): Shutting down VM
05-25 04:32:08.930 I/AiAiEcho( 1546): #remoteViewsTwiddler: feature disabled.
05-25 04:32:08.930 I/AiAiEcho( 1546): Predicting[0]:  [CONTEXT sampling_count=5 ]
05-25 04:32:08.930 I/AiAiEcho( 1546): EchoTargets: 
05-25 04:32:08.930 I/AiAiEcho( 1546): Filtered by AiAi flag check: 
05-25 04:32:08.930 I/AiAiEcho( 1546): [CONTEXT ratelimit_period="10 SECONDS" ]
05-25 04:32:08.930 W/libbinder.IPCThreadState(17758): call to talkWithDriver in joinThreadPool returned error: -9 (Bad file descriptor), FD: -1
05-25 04:32:08.930 I/AiAiEcho( 1546): #remoteViewsTwiddler: feature disabled.
05-25 04:32:08.930 W/libbinder.IPCThreadState(17758): call to talkWithDriver in joinThreadPool returned error: -9 (Bad file descriptor), FD: -1
05-25 04:32:08.930 W/libbinder.IPCThreadState(  755): Sending oneway calls to frozen process.
05-25 04:32:08.930 W/libbinder.IPCThreadState(  755): Sending oneway calls to frozen process.
05-25 04:32:08.930 W/libbinder.IPCThreadState(  755): Sending oneway calls to frozen process.
05-25 04:32:08.930 W/libbinder.IPCThreadState(  755): Sending oneway calls to frozen process.
05-25 04:32:08.930 I/AiAiEcho( 1546): #postPredictionTargets: Sending updates to UISurface lockscreen with targets# 0 (types=[])
05-25 04:32:08.931 W/libbinder.IPCThreadState(  755): Sending oneway calls to frozen process.
05-25 04:32:08.931 I/AiAiEcho( 1546): #postPredictionTargets: Sending updates to UISurface home with targets# 0 (types=[])
05-25 04:32:08.931 W/libbinder.IPCThreadState(  755): Sending oneway calls to frozen process.
05-25 04:32:08.931 W/libbinder.IPCThreadState(17758): call to talkWithDriver in joinThreadPool returned error: -9 (Bad file descriptor), FD: -1
05-25 04:32:08.932 W/SsPagerDots( 1012): Total number of pages invalid: 0. Assuming 1 page.
05-25 04:32:08.933 W/libbinder.IPCThreadState(  755): Sending oneway calls to frozen process.
05-25 04:32:08.933 W/libbinder.IPCThreadState(  755): Sending oneway calls to frozen process.
05-25 04:32:08.933 W/libbinder.IPCThreadState(  755): Sending oneway calls to frozen process.
05-25 04:32:08.933 W/libbinder.IPCThreadState(  755): Sending oneway calls to frozen process.
05-25 04:32:08.933 W/libbinder.IPCThreadState(  755): Sending oneway calls to frozen process.
05-25 04:32:08.933 W/libbinder.IPCThreadState(  755): Sending oneway calls to frozen process.
05-25 04:32:08.933 W/libbinder.IPCThreadState(  755): Sending oneway calls to frozen process.
05-25 04:32:08.934 W/libbinder.IPCThreadState(  755): Sending oneway calls to frozen process.
05-25 04:32:08.934 W/libbinder.IPCThreadState(  755): Sending oneway calls to frozen process.
05-25 04:32:08.936 W/libbinder.IPCThreadState(  755): Sending oneway calls to frozen process.
05-25 04:32:08.936 W/libbinder.IPCThreadState(  755): Sending oneway calls to frozen process.
05-25 04:32:08.936 W/libbinder.IPCThreadState(  755): Sending oneway calls to frozen process.
05-25 04:32:08.936 W/libbinder.IPCThreadState(  755): Sending oneway calls to frozen process.
05-25 04:32:08.936 W/libbinder.IPCThreadState(  755): Sending oneway calls to frozen process.
05-25 04:32:08.936 W/libbinder.IPCThreadState(  755): Sending oneway calls to frozen process.
05-25 04:32:08.936 W/libbinder.IPCThreadState(  755): Sending oneway calls to frozen process.
05-25 04:32:08.936 W/libbinder.IPCThreadState(  755): Sending oneway calls to frozen process.
05-25 04:32:08.936 D/BatterySaverPolicy(  755): accessibility changed to false, updating policy.
05-25 04:32:09.033 D/WM-DelayedWorkTracker( 1529): Scheduling work dd2b1b46-e250-4119-9f5a-2ee11998a85a
05-25 04:32:09.034 D/WM-GreedyScheduler( 1529): Starting tracking for dd2b1b46-e250-4119-9f5a-2ee11998a85a
05-25 04:32:09.034 D/WM-ConstraintTracker( 1529): BatteryNotLowTracker: initial state = true
05-25 04:32:09.034 D/WM-BrdcstRcvrCnstrntTrc( 1529): BatteryNotLowTracker: registering receiver
05-25 04:32:09.035 D/WM-GreedyScheduler( 1529): Constraints met: Scheduling work ID WorkGenerationalId(workSpecId=dd2b1b46-e250-4119-9f5a-2ee11998a85a, generation=0)
05-25 04:32:09.036 D/WM-Processor( 1529): Processor: processing WorkGenerationalId(workSpecId=dd2b1b46-e250-4119-9f5a-2ee11998a85a, generation=0)
05-25 04:32:09.037 D/WM-WorkerWrapper( 1529): Starting work for com.android.providers.media.photopicker.sync.ProactiveSyncWorker
05-25 04:32:09.037 I/PSyncWorker( 1529): Starting proactive picker sync from sync source: 1
05-25 04:32:09.037 I/PickerSyncTracker( 1529): Created new sync future java.util.concurrent.CompletableFuture@4881754[Not completed, 1 dependents]. Future map: {dd2b1b46-e250-4119-9f5a-2ee11998a85a=java.util.concurrent.CompletableFuture@4881754[Not completed, 1 dependents]}
05-25 04:32:09.038 D/PickerSyncController( 1529): syncAllMediaFromProvider() LOCAL, auth=com.android.providers.media.photopicker, retry=true
05-25 04:32:09.039 D/PickerSyncController( 1529): getSyncRequestParams() LOCAL, auth=com.android.providers.media.photopicker
05-25 04:32:09.041 D/PickerSyncController( 1529):    Latest ID/Gen=92835bc8fd6dde81:external_primary/3663
05-25 04:32:09.042 D/PickerSyncController( 1529):    Cached ID/Gen=92835bc8fd6dde81:external_primary/3654
05-25 04:32:09.042 D/PickerSyncController( 1529):    RESULT=SyncRequestParams{type=MEDIA_INCREMENTAL, gen=3654, latest=Bundle[{last_media_sync_generation=3663, media_collection_id=92835bc8fd6dde81:external_primary}], pageSize=1000}
05-25 04:32:09.042 I/PickerSyncController( 1529): Executing SyncAdd. isLocal: true. authority: com.android.providers.media.photopicker
05-25 04:32:09.042 D/PickerSyncLockManager( 1529): Trying to acquire lock com.android.providers.media.photopicker.sync.CloseableReentrantLock@cffd47[Unlocked]. Lock Name = CLOUD_PROVIDER_LOCK. Threads that may be waiting to acquire this lock = [] with timeout.
05-25 04:32:09.042 D/CloseableReentrantLock( 1529): Successfully acquired lock com.android.providers.media.photopicker.sync.CloseableReentrantLock@cffd47[Locked by thread pool-4-thread-306]. Lock Name = CLOUD_PROVIDER_LOCK. Threads that may be waiting to acquire this lock = []
05-25 04:32:09.042 D/CloseableReentrantLock( 1529): Successfully released lock com.android.providers.media.photopicker.sync.CloseableReentrantLock@cffd47[Unlocked]. Lock Name = CLOUD_PROVIDER_LOCK. Threads that may be waiting to acquire this lock = []
05-25 04:32:09.043 D/ExternalDbFacade( 1529): Token received for queryMedia = null
05-25 04:32:09.045 D/PickerSyncLockManager( 1529): Trying to acquire lock com.android.providers.media.photopicker.sync.CloseableReentrantLock@cffd47[Unlocked]. Lock Name = CLOUD_PROVIDER_LOCK. Threads that may be waiting to acquire this lock = [] with timeout.
05-25 04:32:09.045 D/CloseableReentrantLock( 1529): Successfully acquired lock com.android.providers.media.photopicker.sync.CloseableReentrantLock@cffd47[Locked by thread pool-4-thread-306]. Lock Name = CLOUD_PROVIDER_LOCK. Threads that may be waiting to acquire this lock = []
05-25 04:32:09.045 D/PickerSyncController( 1529): Saving next page token: 1779679927000|349 for key: local_provider:media_add:resume
05-25 04:32:09.045 D/CloseableReentrantLock( 1529): Successfully released lock com.android.providers.media.photopicker.sync.CloseableReentrantLock@cffd47[Unlocked]. Lock Name = CLOUD_PROVIDER_LOCK. Threads that may be waiting to acquire this lock = []
05-25 04:32:09.050 D/ActivityManager(  755): sync unfroze 2004 com.google.android.googlequicksearchbox:search for 6
05-25 04:32:09.051 D/WM-DelayedWorkTracker( 2004): Scheduling work e5bdd0ea-2723-4fb2-a37f-e211525e5ba8
05-25 04:32:09.051 D/WM-GreedyScheduler( 2004): Starting tracking for e5bdd0ea-2723-4fb2-a37f-e211525e5ba8
05-25 04:32:09.052 D/WM-DelayedWorkTracker( 2004): Scheduling work b1e10a55-4907-41fe-aae6-4adff5558835
05-25 04:32:09.052 D/WM-GreedyScheduler( 2004): Starting tracking for b1e10a55-4907-41fe-aae6-4adff5558835
05-25 04:32:09.052 D/WM-DelayedWorkTracker( 2004): Scheduling work dfa8a575-b631-4efb-9e88-12a807989d10
05-25 04:32:09.052 D/WM-GreedyScheduler( 2004): Starting tracking for dfa8a575-b631-4efb-9e88-12a807989d10
05-25 04:32:09.052 D/WM-DelayedWorkTracker( 2004): Scheduling work 4571dede-c65e-4cdc-92e8-40a1d4e18d36
05-25 04:32:09.052 D/WM-GreedyScheduler( 2004): Starting work for 4571dede-c65e-4cdc-92e8-40a1d4e18d36
05-25 04:32:09.053 D/BackgroundInstallControlService(  755): Package event received: 0
05-25 04:32:09.054 D/WM-NetworkStateTracker( 2004): Network connection lost
05-25 04:32:09.056 D/ActivityManager(  755): sync unfroze 2321 com.google.android.googlequicksearchbox:googleapp for 6
05-25 04:32:09.059 D/PickerNotificationSender( 1529): Sending a notification for media update
05-25 04:32:09.062 D/WM-NetworkStateTracker( 2004): Network capabilities changed: [ Transports: CELLULAR Capabilities: MMS&SUPL&DUN&FOTA&IMS&CBS&INTERNET&NOT_RESTRICTED&TRUSTED&NOT_VPN&VALIDATED&NOT_ROAMING&NOT_CONGESTED&NOT_SUSPENDED&NOT_VCN_MANAGED&MMTEL&NOT_BANDWIDTH_CONSTRAINED LinkUpBandwidth>=60000Kbps LinkDnBandwidth>=145000Kbps Specifier: <TelephonyNetworkSpecifier [mSubId = 1]> SubscriptionIds: {1} UnderlyingNetworks: Null]
05-25 04:32:09.064 D/PickerNotificationSender( 1529): Sending a notification for merged album media update Videos
05-25 04:32:09.064 D/PickerNotificationSender( 1529): Sending a notification for album media update Videos
05-25 04:32:09.066 D/ActivityThread( 2004): Package [com.tiarnanlarkin.danio] reported as REPLACED, but missing application info. Assuming REMOVED.
05-25 04:32:09.067 D/PickerNotificationSender( 1529): Sending a notification for merged album media update Favorites
05-25 04:32:09.067 D/PickerNotificationSender( 1529): Sending a notification for album media update Favorites
05-25 04:32:09.067 D/ExternalDbFacade( 1529): Token received for queryMedia = 1779679927000|349
05-25 04:32:09.068 D/PickerSyncLockManager( 1529): Trying to acquire lock com.android.providers.media.photopicker.sync.CloseableReentrantLock@cffd47[Unlocked]. Lock Name = CLOUD_PROVIDER_LOCK. Threads that may be waiting to acquire this lock = [] with timeout.
05-25 04:32:09.068 D/CloseableReentrantLock( 1529): Successfully acquired lock com.android.providers.media.photopicker.sync.CloseableReentrantLock@cffd47[Locked by thread pool-4-thread-306]. Lock Name = CLOUD_PROVIDER_LOCK. Threads that may be waiting to acquire this lock = []
05-25 04:32:09.068 D/PickerSyncController( 1529): Clearing next page token for key: local_provider:media_add:resume
05-25 04:32:09.068 D/CloseableReentrantLock( 1529): Successfully released lock com.android.providers.media.photopicker.sync.CloseableReentrantLock@cffd47[Unlocked]. Lock Name = CLOUD_PROVIDER_LOCK. Threads that may be waiting to acquire this lock = []
05-25 04:32:09.068 D/PickerNotificationSender( 1529): Sending a notification for media update
05-25 04:32:09.070 D/PickerNotificationSender( 1529): Sending a notification for merged album media update Videos
05-25 04:32:09.070 D/PickerNotificationSender( 1529): Sending a notification for album media update Videos
05-25 04:32:09.070 D/WM-NetworkStateTracker( 2004): Network capabilities changed: [ Transports: CELLULAR Capabilities: MMS&SUPL&DUN&FOTA&IMS&CBS&INTERNET&NOT_RESTRICTED&TRUSTED&NOT_VPN&VALIDATED&NOT_ROAMING&FOREGROUND&NOT_CONGESTED&NOT_SUSPENDED&NOT_VCN_MANAGED&MMTEL&NOT_BANDWIDTH_CONSTRAINED LinkUpBandwidth>=60000Kbps LinkDnBandwidth>=145000Kbps Specifier: <TelephonyNetworkSpecifier [mSubId = 1]> SubscriptionIds: {1} UnderlyingNetworks: Null]
05-25 04:32:09.071 D/WM-SystemJobService( 1529): onStartJob for WorkGenerationalId(workSpecId=dd2b1b46-e250-4119-9f5a-2ee11998a85a, generation=0)
05-25 04:32:09.071 D/PickerNotificationSender( 1529): Sending a notification for merged album media update Favorites
05-25 04:32:09.071 D/PickerNotificationSender( 1529): Sending a notification for album media update Favorites
05-25 04:32:09.071 D/WM-NetworkStateTracker( 2004): Network capabilities changed: [ Transports: WIFI Capabilities: NOT_METERED&INTERNET&NOT_RESTRICTED&TRUSTED&NOT_VPN&VALIDATED&NOT_ROAMING&FOREGROUND&NOT_CONGESTED&NOT_SUSPENDED&NOT_VCN_MANAGED&NOT_BANDWIDTH_CONSTRAINED LinkUpBandwidth>=12000Kbps LinkDnBandwidth>=30000Kbps TransportInfo: <SSID: <unknown ssid>, BSSID: 02:00:00:00:00:00, MAC: 02:00:00:00:00:00, IP: /10.0.2.16, Security type: 0, Supplicant state: COMPLETED, Wi-Fi standard: legacy, RSSI: -50, Link speed: -1Mbps, Tx Link speed: -1Mbps, Max Supported Tx Link speed: 11Mbps, Rx Link speed: -1Mbps, Max Supported Rx Link speed: 11Mbps, Frequency: 2447MHz, Net ID: -1, Metered hint: false, score: 83, isUsable: true, CarrierMerged: false, SubscriptionId: -1, IsPrimary: -1, Trusted: true, Restricted: false, Ephemeral: false, OEM paid: false, OEM private: false, OSU AP: false, FQDN: <none>, Provider friendly name: <none>, Requesting package name: <none><none>MLO Information: , Is TID-To-Link negotiation supported by the AP: false, AP MLD Address: <none>, AP MLO Link Id: <none>, AP MLO Affiliated links: <none>, Vendor Data: <none>> SignalStrength: -50 UnderlyingNetworks: Null]
05-25 04:32:09.071 D/WM-NetworkStateTracker( 2004): Network capabilities changed: [ Transports: WIFI Capabilities: NOT_METERED&INTERNET&NOT_RESTRICTED&TRUSTED&NOT_VPN&VALIDATED&NOT_ROAMING&FOREGROUND&NOT_CONGESTED&NOT_SUSPENDED&NOT_VCN_MANAGED&NOT_BANDWIDTH_CONSTRAINED LinkUpBandwidth>=12000Kbps LinkDnBandwidth>=30000Kbps TransportInfo: <SSID: <unknown ssid>, BSSID: 02:00:00:00:00:00, MAC: 02:00:00:00:00:00, IP: /10.0.2.16, Security type: 0, Supplicant state: COMPLETED, Wi-Fi standard: legacy, RSSI: -50, Link speed: -1Mbps, Tx Link speed: -1Mbps, Max Supported Tx Link speed: 11Mbps, Rx Link speed: -1Mbps, Max Supported Rx Link speed: 11Mbps, Frequency: 2447MHz, Net ID: -1, Metered hint: false, score: 83, isUsable: true, CarrierMerged: false, SubscriptionId: -1, IsPrimary: -1, Trusted: true, Restricted: false, Ephemeral: false, OEM paid: false, OEM private: false, OSU AP: false, FQDN: <none>, Provider friendly name: <none>, Requesting package name: <none><none>MLO Information: , Is TID-To-Link negotiation supported by the AP: false, AP MLD Address: <none>, AP MLO Link Id: <none>, AP MLO Affiliated links: <none>, Vendor Data: <none>> SignalStrength: -50 UnderlyingNetworks: Null]
05-25 04:32:09.071 D/WM-NetworkStateTracker( 2004): Network capabilities changed: [ Transports: WIFI Capabilities: NOT_METERED&INTERNET&NOT_RESTRICTED&TRUSTED&NOT_VPN&VALIDATED&NOT_ROAMING&FOREGROUND&NOT_CONGESTED&NOT_SUSPENDED&NOT_VCN_MANAGED&NOT_BANDWIDTH_CONSTRAINED LinkUpBandwidth>=12000Kbps LinkDnBandwidth>=30000Kbps TransportInfo: <SSID: <unknown ssid>, BSSID: 02:00:00:00:00:00, MAC: 02:00:00:00:00:00, IP: /10.0.2.16, Security type: 0, Supplicant state: COMPLETED, Wi-Fi standard: legacy, RSSI: -50, Link speed: 1Mbps, Tx Link speed: 1Mbps, Max Supported Tx Link speed: 11Mbps, Rx Link speed: 2Mbps, Max Supported Rx Link speed: 11Mbps, Frequency: 2447MHz, Net ID: -1, Metered hint: false, score: 83, isUsable: true, CarrierMerged: false, SubscriptionId: -1, IsPrimary: -1, Trusted: true, Restricted: false, Ephemeral: false, OEM paid: false, OEM private: false, OSU AP: false, FQDN: <none>, Provider friendly name: <none>, Requesting package name: <none><none>MLO Information: , Is TID-To-Link negotiation supported by the AP: false, AP MLD Address: <none>, AP MLO Link Id: <none>, AP MLO Affiliated links: <none>, Vendor Data: <none>> SignalStrength: -50 UnderlyingNetworks: Null]
05-25 04:32:09.073 D/WM-Processor( 1529): Work WorkGenerationalId(workSpecId=dd2b1b46-e250-4119-9f5a-2ee11998a85a, generation=0) is already enqueued for processing
05-25 04:32:09.073 I/PickerSyncController( 1529): Paged sync successful. QueryArgs: Bundle[{android.provider.extra.PAGE_TOKEN=1779679927000|349, android.provider.extra.SYNC_GENERATION=3654, android.provider.extra.PAGE_SIZE=1000}] Total Rows: 1
05-25 04:32:09.073 I/PickerSyncController( 1529): Executing SyncRemove. isLocal: true. authority: com.android.providers.media.photopicker
05-25 04:32:09.073 D/PickerSyncLockManager( 1529): Trying to acquire lock com.android.providers.media.photopicker.sync.CloseableReentrantLock@cffd47[Unlocked]. Lock Name = CLOUD_PROVIDER_LOCK. Threads that may be waiting to acquire this lock = [] with timeout.
05-25 04:32:09.073 D/CloseableReentrantLock( 1529): Successfully acquired lock com.android.providers.media.photopicker.sync.CloseableReentrantLock@cffd47[Locked by thread pool-4-thread-306]. Lock Name = CLOUD_PROVIDER_LOCK. Threads that may be waiting to acquire this lock = []
05-25 04:32:09.073 D/CloseableReentrantLock( 1529): Successfully released lock com.android.providers.media.photopicker.sync.CloseableReentrantLock@cffd47[Unlocked]. Lock Name = CLOUD_PROVIDER_LOCK. Threads that may be waiting to acquire this lock = []
05-25 04:32:09.074 D/PickerSyncLockManager( 1529): Trying to acquire lock com.android.providers.media.photopicker.sync.CloseableReentrantLock@cffd47[Unlocked]. Lock Name = CLOUD_PROVIDER_LOCK. Threads that may be waiting to acquire this lock = [] with timeout.
05-25 04:32:09.074 D/CloseableReentrantLock( 1529): Successfully acquired lock com.android.providers.media.photopicker.sync.CloseableReentrantLock@cffd47[Locked by thread pool-4-thread-306]. Lock Name = CLOUD_PROVIDER_LOCK. Threads that may be waiting to acquire this lock = []
05-25 04:32:09.074 D/PickerSyncController( 1529): Clearing next page token for key: local_provider:media_remove:resume
05-25 04:32:09.074 D/CloseableReentrantLock( 1529): Successfully released lock com.android.providers.media.photopicker.sync.CloseableReentrantLock@cffd47[Unlocked]. Lock Name = CLOUD_PROVIDER_LOCK. Threads that may be waiting to acquire this lock = []
05-25 04:32:09.074 D/PickerNotificationSender( 1529): Sending a notification for media update
05-25 04:32:09.075 D/ActivityThread( 2004): Package [com.tiarnanlarkin.danio] reported as REPLACED, but missing application info. Assuming REMOVED.
05-25 04:32:09.076 D/ActivityThread( 2004): Package [com.tiarnanlarkin.danio] reported as REPLACED, but missing application info. Assuming REMOVED.
05-25 04:32:09.076 I/albd    ( 2004): #onLost()
05-25 04:32:09.077 D/ActivityThread( 2321): Package [com.tiarnanlarkin.danio] reported as REPLACED, but missing application info. Assuming REMOVED.
05-25 04:32:09.077 D/ActivityThread( 2321): Package [com.tiarnanlarkin.danio] reported as REPLACED, but missing application info. Assuming REMOVED.
05-25 04:32:09.077 D/ActivityThread( 2321): Package [com.tiarnanlarkin.danio] reported as REPLACED, but missing application info. Assuming REMOVED.
05-25 04:32:09.077 D/PickerNotificationSender( 1529): Sending a notification for merged album media update Videos
05-25 04:32:09.077 D/PickerNotificationSender( 1529): Sending a notification for album media update Videos
05-25 04:32:09.077 D/ActivityThread( 2321): Package [com.tiarnanlarkin.danio] reported as REPLACED, but missing application info. Assuming REMOVED.
05-25 04:32:09.078 D/ActivityThread( 2321): Package [com.tiarnanlarkin.danio] reported as REPLACED, but missing application info. Assuming REMOVED.
05-25 04:32:09.078 D/ActivityThread( 2321): Package [com.tiarnanlarkin.danio] reported as REPLACED, but missing application info. Assuming REMOVED.
05-25 04:32:09.078 D/ActivityThread( 2004): Package [com.tiarnanlarkin.danio] reported as REPLACED, but missing application info. Assuming REMOVED.
05-25 04:32:09.078 D/ActivityThread( 2004): Package [com.tiarnanlarkin.danio] reported as REPLACED, but missing application info. Assuming REMOVED.
05-25 04:32:09.078 D/ActivityThread( 2004): Package [com.tiarnanlarkin.danio] reported as REPLACED, but missing application info. Assuming REMOVED.
05-25 04:32:09.078 I/albd    ( 2004): #onAvailable()
05-25 04:32:09.078 D/PickerNotificationSender( 1529): Sending a notification for merged album media update Favorites
05-25 04:32:09.078 D/PickerNotificationSender( 1529): Sending a notification for album media update Favorites
05-25 04:32:09.080 I/PickerSyncController( 1529): Paged sync successful. QueryArgs: Bundle[{android.provider.extra.PAGE_TOKEN=1779679927000|349, android.provider.extra.SYNC_GENERATION=3654, android.provider.extra.PAGE_SIZE=1000}] Total Rows: 0
05-25 04:32:09.081 I/PickerSyncTracker( 1529): Marked sync future complete for work id: dd2b1b46-e250-4119-9f5a-2ee11998a85a. Future map: {}
05-25 04:32:09.081 I/PSyncWorker( 1529): Completed picker proactive sync complete from local provider.
05-25 04:32:09.081 D/WM-SystemJobService( 2004): onStartJob for WorkGenerationalId(workSpecId=4571dede-c65e-4cdc-92e8-40a1d4e18d36, generation=32)
05-25 04:32:09.082 I/WM-WorkerWrapper( 1529): Worker result SUCCESS for Work [ id=dd2b1b46-e250-4119-9f5a-2ee11998a85a, tags={ com.android.providers.media.photopicker.sync.ProactiveSyncWorker } ]
05-25 04:32:09.082 D/WM-Processor( 1529): Processor dd2b1b46-e250-4119-9f5a-2ee11998a85a executed; reschedule = false
05-25 04:32:09.083 D/WM-GreedyScheduler( 1529): Stopping tracking for WorkGenerationalId(workSpecId=dd2b1b46-e250-4119-9f5a-2ee11998a85a, generation=0)
05-25 04:32:09.083 D/WM-SystemJobService( 1529): dd2b1b46-e250-4119-9f5a-2ee11998a85a executed on JobScheduler
05-25 04:32:09.083 D/WM-GreedyScheduler( 1529): Cancelling work ID dd2b1b46-e250-4119-9f5a-2ee11998a85a
05-25 04:32:09.084 I/albd    ( 2004): #onAvailable()
05-25 04:32:09.085 D/WM-GreedyScheduler( 1529): Ignoring {WorkSpec: fce74054-5d75-49ac-b1fb-61b1c63b64d1}. Requires device idle.
05-25 04:32:09.085 D/WM-GreedyScheduler( 1529): Ignoring {WorkSpec: 748d3965-3023-45a6-9a32-baafa7d90ebf}. Requires device idle.
05-25 04:32:09.085 D/WM-GreedyScheduler( 1529): Ignoring {WorkSpec: bbc248da-5aec-4565-83d8-ed90ba3a683c}. Requires device idle.
05-25 04:32:09.085 D/WM-GreedyScheduler( 1529): Ignoring {WorkSpec: a7b8fc44-3a39-43d5-96b8-cef5bb529d35}. Requires device idle.
05-25 04:32:09.086 D/WM-BrdcstRcvrCnstrntTrc( 1529): BatteryNotLowTracker: unregistering receiver
05-25 04:32:09.088 W/JobScheduler(  755): Job didn't exist in JobStore: 6ce742b {androidx.work.systemjobscheduler} #u0a210/896 #ProactiveSyncWorker#@androidx.work.systemjobscheduler@com.google.android.providers.media.module/androidx.work.impl.background.systemjob.SystemJobService
05-25 04:32:09.089 D/WM-SystemJobService( 1529): onStopJob for WorkGenerationalId(workSpecId=dd2b1b46-e250-4119-9f5a-2ee11998a85a, generation=0)
05-25 04:32:09.090 D/WM-Processor( 2004): mib: processing WorkGenerationalId(workSpecId=4571dede-c65e-4cdc-92e8-40a1d4e18d36, generation=32)
