05-25 02:44:17.241   755   755 W libbinder.IPCThreadState: Sending oneway calls to frozen process.
05-25 02:44:17.241   755   755 W libbinder.IPCThreadState: Sending oneway calls to frozen process.
05-25 02:44:17.241   755   755 W libbinder.IPCThreadState: Sending oneway calls to frozen process.
05-25 02:44:17.241   755   755 W libbinder.IPCThreadState: Sending oneway calls to frozen process.
05-25 02:44:17.241   755   755 W libbinder.IPCThreadState: Sending oneway calls to frozen process.
05-25 02:44:17.241   755   755 W libbinder.IPCThreadState: Sending oneway calls to frozen process.
05-25 02:44:17.241   755   755 W libbinder.IPCThreadState: Sending oneway calls to frozen process.
05-25 02:44:17.242   755   755 W libbinder.IPCThreadState: Sending oneway calls to frozen process.
05-25 02:44:17.242   755   755 W libbinder.IPCThreadState: Sending oneway calls to frozen process.
05-25 02:44:17.242   755   755 D BatterySaverPolicy: accessibility changed to false, updating policy.
05-25 02:44:17.475  1529  1529 D WM-DelayedWorkTracker: Scheduling work 4a5f10f2-dd7d-4637-bd55-a06d31871b46
05-25 02:44:17.475  1529  1529 D WM-GreedyScheduler: Starting tracking for 4a5f10f2-dd7d-4637-bd55-a06d31871b46
05-25 02:44:17.476  1529  1874 D WM-ConstraintTracker: BatteryNotLowTracker: initial state = true
05-25 02:44:17.476  1529  1874 D WM-BrdcstRcvrCnstrntTrc: BatteryNotLowTracker: registering receiver
05-25 02:44:17.479  1529  1874 D WM-GreedyScheduler: Constraints met: Scheduling work ID WorkGenerationalId(workSpecId=4a5f10f2-dd7d-4637-bd55-a06d31871b46, generation=0)
05-25 02:44:17.480  1529  1874 D WM-Processor: Processor: processing WorkGenerationalId(workSpecId=4a5f10f2-dd7d-4637-bd55-a06d31871b46, generation=0)
05-25 02:44:17.481  1529  1529 D WM-WorkerWrapper: Starting work for com.android.providers.media.photopicker.sync.ProactiveSyncWorker
05-25 02:44:17.482  1529  9030 I PSyncWorker: Starting proactive picker sync from sync source: 1
05-25 02:44:17.482  1529  9030 I PickerSyncTracker: Created new sync future java.util.concurrent.CompletableFuture@b2fcd3d[Not completed, 1 dependents]. Future map: {4a5f10f2-dd7d-4637-bd55-a06d31871b46=java.util.concurrent.CompletableFuture@b2fcd3d[Not completed, 1 dependents]}
05-25 02:44:17.483  1529  9030 D PickerSyncController: syncAllMediaFromProvider() LOCAL, auth=com.android.providers.media.photopicker, retry=true
05-25 02:44:17.483  1529  9030 D PickerSyncController: getSyncRequestParams() LOCAL, auth=com.android.providers.media.photopicker
05-25 02:44:17.484  1529  9030 D PickerSyncController:    Latest ID/Gen=92835bc8fd6dde81:external_primary/2733
05-25 02:44:17.484  1529  9030 D PickerSyncController:    Cached ID/Gen=92835bc8fd6dde81:external_primary/2724
05-25 02:44:17.484  1529  9030 D PickerSyncController:    RESULT=SyncRequestParams{type=MEDIA_INCREMENTAL, gen=2724, latest=Bundle[{last_media_sync_generation=2733, media_collection_id=92835bc8fd6dde81:external_primary}], pageSize=1000}
05-25 02:44:17.484  1529  9030 I PickerSyncController: Executing SyncAdd. isLocal: true. authority: com.android.providers.media.photopicker
05-25 02:44:17.484  1529  9030 D PickerSyncLockManager: Trying to acquire lock com.android.providers.media.photopicker.sync.CloseableReentrantLock@cffd47[Unlocked]. Lock Name = CLOUD_PROVIDER_LOCK. Threads that may be waiting to acquire this lock = [] with timeout.
05-25 02:44:17.484  1529  9030 D CloseableReentrantLock: Successfully acquired lock com.android.providers.media.photopicker.sync.CloseableReentrantLock@cffd47[Locked by thread pool-4-thread-98]. Lock Name = CLOUD_PROVIDER_LOCK. Threads that may be waiting to acquire this lock = []
05-25 02:44:17.484  1529  9030 D CloseableReentrantLock: Successfully released lock com.android.providers.media.photopicker.sync.CloseableReentrantLock@cffd47[Unlocked]. Lock Name = CLOUD_PROVIDER_LOCK. Threads that may be waiting to acquire this lock = []
05-25 02:44:17.484  1529  9030 D ExternalDbFacade: Token received for queryMedia = null
05-25 02:44:17.484  1529  9030 D PickerSyncLockManager: Trying to acquire lock com.android.providers.media.photopicker.sync.CloseableReentrantLock@cffd47[Unlocked]. Lock Name = CLOUD_PROVIDER_LOCK. Threads that may be waiting to acquire this lock = [] with timeout.
05-25 02:44:17.484  1529  9030 D CloseableReentrantLock: Successfully acquired lock com.android.providers.media.photopicker.sync.CloseableReentrantLock@cffd47[Locked by thread pool-4-thread-98]. Lock Name = CLOUD_PROVIDER_LOCK. Threads that may be waiting to acquire this lock = []
05-25 02:44:17.484  1529  9030 D PickerSyncController: Saving next page token: 1779673455000|247 for key: local_provider:media_add:resume
05-25 02:44:17.484  1529  9030 D CloseableReentrantLock: Successfully released lock com.android.providers.media.photopicker.sync.CloseableReentrantLock@cffd47[Unlocked]. Lock Name = CLOUD_PROVIDER_LOCK. Threads that may be waiting to acquire this lock = []
05-25 02:44:17.485  1529  9030 D PickerNotificationSender: Sending a notification for media update
05-25 02:44:17.485  1529  9030 D PickerNotificationSender: Sending a notification for merged album media update Videos
05-25 02:44:17.485  1529  9030 D PickerNotificationSender: Sending a notification for album media update Videos
05-25 02:44:17.485  1529  9030 D PickerNotificationSender: Sending a notification for merged album media update Favorites
05-25 02:44:17.485  1529  9030 D PickerNotificationSender: Sending a notification for album media update Favorites
05-25 02:44:17.486  1529  9030 D ExternalDbFacade: Token received for queryMedia = 1779673455000|247
05-25 02:44:17.486  1529  9030 D PickerSyncLockManager: Trying to acquire lock com.android.providers.media.photopicker.sync.CloseableReentrantLock@cffd47[Unlocked]. Lock Name = CLOUD_PROVIDER_LOCK. Threads that may be waiting to acquire this lock = [] with timeout.
05-25 02:44:17.486  1529  9030 D CloseableReentrantLock: Successfully acquired lock com.android.providers.media.photopicker.sync.CloseableReentrantLock@cffd47[Locked by thread pool-4-thread-98]. Lock Name = CLOUD_PROVIDER_LOCK. Threads that may be waiting to acquire this lock = []
05-25 02:44:17.486  1529  9030 D PickerSyncController: Clearing next page token for key: local_provider:media_add:resume
05-25 02:44:17.486  1529  9030 D CloseableReentrantLock: Successfully released lock com.android.providers.media.photopicker.sync.CloseableReentrantLock@cffd47[Unlocked]. Lock Name = CLOUD_PROVIDER_LOCK. Threads that may be waiting to acquire this lock = []
05-25 02:44:17.486  1529  9030 D PickerNotificationSender: Sending a notification for media update
05-25 02:44:17.487  1529  9030 D PickerNotificationSender: Sending a notification for merged album media update Videos
05-25 02:44:17.487  1529  9030 D PickerNotificationSender: Sending a notification for album media update Videos
05-25 02:44:17.487  1529  9030 D PickerNotificationSender: Sending a notification for merged album media update Favorites
05-25 02:44:17.487  1529  9030 D PickerNotificationSender: Sending a notification for album media update Favorites
05-25 02:44:17.487  1529  9030 I PickerSyncController: Paged sync successful. QueryArgs: Bundle[{android.provider.extra.PAGE_TOKEN=1779673455000|247, android.provider.extra.SYNC_GENERATION=2724, android.provider.extra.PAGE_SIZE=1000}] Total Rows: 1
05-25 02:44:17.487  1529  9030 I PickerSyncController: Executing SyncRemove. isLocal: true. authority: com.android.providers.media.photopicker
05-25 02:44:17.487  1529  9030 D PickerSyncLockManager: Trying to acquire lock com.android.providers.media.photopicker.sync.CloseableReentrantLock@cffd47[Unlocked]. Lock Name = CLOUD_PROVIDER_LOCK. Threads that may be waiting to acquire this lock = [] with timeout.
05-25 02:44:17.488  1529  9030 D CloseableReentrantLock: Successfully acquired lock com.android.providers.media.photopicker.sync.CloseableReentrantLock@cffd47[Locked by thread pool-4-thread-98]. Lock Name = CLOUD_PROVIDER_LOCK. Threads that may be waiting to acquire this lock = []
05-25 02:44:17.488  1529  9030 D CloseableReentrantLock: Successfully released lock com.android.providers.media.photopicker.sync.CloseableReentrantLock@cffd47[Unlocked]. Lock Name = CLOUD_PROVIDER_LOCK. Threads that may be waiting to acquire this lock = []
05-25 02:44:17.488  1529  9030 D PickerSyncLockManager: Trying to acquire lock com.android.providers.media.photopicker.sync.CloseableReentrantLock@cffd47[Unlocked]. Lock Name = CLOUD_PROVIDER_LOCK. Threads that may be waiting to acquire this lock = [] with timeout.
05-25 02:44:17.488  1529  9030 D CloseableReentrantLock: Successfully acquired lock com.android.providers.media.photopicker.sync.CloseableReentrantLock@cffd47[Locked by thread pool-4-thread-98]. Lock Name = CLOUD_PROVIDER_LOCK. Threads that may be waiting to acquire this lock = []
05-25 02:44:17.488  1529  9030 D PickerSyncController: Clearing next page token for key: local_provider:media_remove:resume
05-25 02:44:17.488  1529  9030 D CloseableReentrantLock: Successfully released lock com.android.providers.media.photopicker.sync.CloseableReentrantLock@cffd47[Unlocked]. Lock Name = CLOUD_PROVIDER_LOCK. Threads that may be waiting to acquire this lock = []
05-25 02:44:17.488  1529  9030 D PickerNotificationSender: Sending a notification for media update
05-25 02:44:17.488  1529  9030 D PickerNotificationSender: Sending a notification for merged album media update Videos
05-25 02:44:17.488  1529  9030 D PickerNotificationSender: Sending a notification for album media update Videos
05-25 02:44:17.489  1529  9030 D PickerNotificationSender: Sending a notification for merged album media update Favorites
05-25 02:44:17.489  1529  9030 D PickerNotificationSender: Sending a notification for album media update Favorites
05-25 02:44:17.489  1529  9030 I PickerSyncController: Paged sync successful. QueryArgs: Bundle[{android.provider.extra.PAGE_TOKEN=1779673455000|247, android.provider.extra.SYNC_GENERATION=2724, android.provider.extra.PAGE_SIZE=1000}] Total Rows: 0
05-25 02:44:17.489  1529  9030 I PickerSyncTracker: Marked sync future complete for work id: 4a5f10f2-dd7d-4637-bd55-a06d31871b46. Future map: {}
05-25 02:44:17.489  1529  9030 I PSyncWorker: Completed picker proactive sync complete from local provider.
05-25 02:44:17.490  1529  1874 I WM-WorkerWrapper: Worker result SUCCESS for Work [ id=4a5f10f2-dd7d-4637-bd55-a06d31871b46, tags={ com.android.providers.media.photopicker.sync.ProactiveSyncWorker } ]
05-25 02:44:17.490  1529  1529 D WM-Processor: Processor 4a5f10f2-dd7d-4637-bd55-a06d31871b46 executed; reschedule = false
05-25 02:44:17.490  1529  1529 D WM-GreedyScheduler: Stopping tracking for WorkGenerationalId(workSpecId=4a5f10f2-dd7d-4637-bd55-a06d31871b46, generation=0)
05-25 02:44:17.492  1529  1874 D WM-GreedyScheduler: Cancelling work ID 4a5f10f2-dd7d-4637-bd55-a06d31871b46
05-25 02:44:17.493  1529  1874 D WM-GreedyScheduler: Ignoring {WorkSpec: fce74054-5d75-49ac-b1fb-61b1c63b64d1}. Requires device idle.
05-25 02:44:17.493  1529  1874 D WM-GreedyScheduler: Ignoring {WorkSpec: 748d3965-3023-45a6-9a32-baafa7d90ebf}. Requires device idle.
05-25 02:44:17.493  1529  1874 D WM-GreedyScheduler: Ignoring {WorkSpec: bbc248da-5aec-4565-83d8-ed90ba3a683c}. Requires device idle.
05-25 02:44:17.493  1529  1874 D WM-GreedyScheduler: Ignoring {WorkSpec: a7b8fc44-3a39-43d5-96b8-cef5bb529d35}. Requires device idle.
05-25 02:44:17.493  1529  1874 D WM-BrdcstRcvrCnstrntTrc: BatteryNotLowTracker: unregistering receiver
05-25 02:44:18.106  1440  1440 I StylusModule: StylusModule.onUpdateToolType():774 Update tool type = 0
05-25 02:44:18.964   755   906 I HalDevMgr: bestIfaceCreationProposal is null, requestIface=STA, existingIface=[name=wlan0 type=STA]
05-25 02:44:19.172  1012  1069 D ShellBackPreview: Finishing gesture with event action: 1
05-25 02:44:19.172  1012  1069 D ShellBackPreview: onGestureFinished called while no gesture is started
05-25 02:44:19.186   755  2150 W AS.PlaybackActivityMon: No piid assigned for invalid/internal port id 15
05-25 02:44:20.275  9043  9043 W libbinder.BackendUnifiedServiceManager: Thread Pool max thread count is 0. Cannot cache binder as linkToDeath cannot be implemented. serviceName: SurfaceFlingerAIDL
05-25 02:44:20.275  9043  9043 W libbinder.BpBinder: Linking to death on android.gui.ISurfaceComposer but there are no threads (yet?) listening to incoming transactions. See ProcessState::startThreadPool and ProcessState::setThreadPoolMaxThreadCount. Generally you should setup the binder threadpool before other initialization steps.
05-25 02:44:20.275  9043  9043 W libbinder.ProcessState: Extra binder thread started, but 0 threads requested. Do not use *startThreadPool when zero threads are requested.
05-25 02:44:20.357  1529  5580 W MediaProvider: isAppCloneUserPair for user 0: false
05-25 02:44:20.457   755  2150 I ActivityManager: Broadcasting: Intent { act=android.intent.action.MEDIA_SCANNER_SCAN_FILE dat=file:///... flg=0x400000 }
05-25 02:44:20.458   755  2150 I ActivityManager: Enqueued broadcast Intent { act=android.intent.action.MEDIA_SCANNER_SCAN_FILE dat=file:///... flg=0x400000 }: 0
05-25 02:44:20.458  1529  1529 I MediaServiceV2: Creating work for intent Intent { act=android.intent.action.MEDIA_SCANNER_SCAN_FILE dat=file:///... flg=0x1400010 cmp=com.google.android.providers.media.module/com.android.providers.media.MediaServiceV2 }
05-25 02:44:20.459  1529  1529 I MediaServiceV2: Work enqueued for intent: Intent { act=android.intent.action.MEDIA_SCANNER_SCAN_FILE dat=file:///... flg=0x1400010 cmp=com.google.android.providers.media.module/com.android.providers.media.MediaServiceV2 }
05-25 02:44:20.464   755   775 I ActivityManager: Broadcast completed: result=0
05-25 02:44:20.470  1529  1874 W JobInfo : Requested important-while-foreground flag for job689 is ignored and takes no effect
05-25 02:44:20.470  1529  1874 D WM-SystemJobScheduler: Scheduling work ID b81540ba-d3e6-47c5-b114-34addbeea388Job ID 689
05-25 02:44:20.473  1529  1529 D WM-SystemJobService: onStartJob for WorkGenerationalId(workSpecId=b81540ba-d3e6-47c5-b114-34addbeea388, generation=0)
05-25 02:44:20.473  1529  1874 D WM-GreedyScheduler: Ignoring {WorkSpec: fce74054-5d75-49ac-b1fb-61b1c63b64d1}. Requires device idle.
05-25 02:44:20.473  1529  1874 D WM-GreedyScheduler: Ignoring {WorkSpec: 748d3965-3023-45a6-9a32-baafa7d90ebf}. Requires device idle.
05-25 02:44:20.473  1529  1874 D WM-GreedyScheduler: Ignoring {WorkSpec: bbc248da-5aec-4565-83d8-ed90ba3a683c}. Requires device idle.
05-25 02:44:20.473  1529  1874 D WM-GreedyScheduler: Ignoring {WorkSpec: a7b8fc44-3a39-43d5-96b8-cef5bb529d35}. Requires device idle.
05-25 02:44:20.473  1529  1874 D WM-GreedyScheduler: Starting work for b81540ba-d3e6-47c5-b114-34addbeea388
05-25 02:44:20.474  1529  1874 D WM-Processor: Processor: processing WorkGenerationalId(workSpecId=b81540ba-d3e6-47c5-b114-34addbeea388, generation=0)
05-25 02:44:20.474  1529  1874 D WM-Processor: Work WorkGenerationalId(workSpecId=b81540ba-d3e6-47c5-b114-34addbeea388, generation=0) is already enqueued for processing
05-25 02:44:20.475  1529  1529 D WM-WorkerWrapper: Starting work for com.android.providers.media.MediaServiceV2
05-25 02:44:20.476  1529  9050 I MediaServiceV2: Work initiated for action [ android.intent.action.MEDIA_SCANNER_SCAN_FILE ]
05-25 02:44:20.488  1529  9050 I MediaServiceV2: Work ended for action [ android.intent.action.MEDIA_SCANNER_SCAN_FILE ]
05-25 02:44:20.492  1529  1874 D WM-SystemJobScheduler: Scheduling work ID 70ba29a2-39ad-4aaa-a8a9-3bd00ae2b6c7Job ID 690
05-25 02:44:20.494  1529  1874 D WM-GreedyScheduler: Ignoring {WorkSpec: fce74054-5d75-49ac-b1fb-61b1c63b64d1}. Requires device idle.
05-25 02:44:20.494  1529  1874 D WM-GreedyScheduler: Ignoring {WorkSpec: 748d3965-3023-45a6-9a32-baafa7d90ebf}. Requires device idle.
05-25 02:44:20.494  1529  1874 D WM-GreedyScheduler: Ignoring {WorkSpec: bbc248da-5aec-4565-83d8-ed90ba3a683c}. Requires device idle.
05-25 02:44:20.494  1529  1874 D WM-GreedyScheduler: Ignoring {WorkSpec: a7b8fc44-3a39-43d5-96b8-cef5bb529d35}. Requires device idle.
05-25 02:44:20.495  1529  1727 I WM-WorkerWrapper: Worker result SUCCESS for Work [ id=b81540ba-d3e6-47c5-b114-34addbeea388, tags={ com.android.providers.media.MediaServiceV2 } ]
05-25 02:44:20.495  1529  1529 D WM-Processor: Processor b81540ba-d3e6-47c5-b114-34addbeea388 executed; reschedule = false
05-25 02:44:20.495  1529  1529 D WM-SystemJobService: b81540ba-d3e6-47c5-b114-34addbeea388 executed on JobScheduler
05-25 02:44:20.498  1529  1868 D WM-GreedyScheduler: Cancelling work ID b81540ba-d3e6-47c5-b114-34addbeea388
05-25 02:44:20.498  1529  1868 D WM-GreedyScheduler: Ignoring {WorkSpec: fce74054-5d75-49ac-b1fb-61b1c63b64d1}. Requires device idle.
05-25 02:44:20.499  1529  1868 D WM-GreedyScheduler: Ignoring {WorkSpec: 748d3965-3023-45a6-9a32-baafa7d90ebf}. Requires device idle.
05-25 02:44:20.499  1529  1868 D WM-GreedyScheduler: Ignoring {WorkSpec: bbc248da-5aec-4565-83d8-ed90ba3a683c}. Requires device idle.
05-25 02:44:20.499  1529  1868 D WM-GreedyScheduler: Ignoring {WorkSpec: a7b8fc44-3a39-43d5-96b8-cef5bb529d35}. Requires device idle.
05-25 02:44:20.599  9054  9054 D AndroidRuntime: >>>>>> START com.android.internal.os.RuntimeInit uid 2000 <<<<<<
05-25 02:44:20.601  9054  9054 I AndroidRuntime: Using default boot image
05-25 02:44:20.601  9054  9054 I AndroidRuntime: Leaving lock profiling enabled
05-25 02:44:20.603  9054  9054 I app_process: Using CollectorTypeCMC GC.
05-25 02:44:20.658  9054  9054 D nativeloader: InitDefaultPublicLibraries for_preload=1: libandroid.so:libaaudio.so:libamidi.so:libbinder_ndk.so:libc.so:libcamera2ndk.so:libdl.so:libEGL.so:libGLESv1_CM.so:libGLESv2.so:libGLESv3.so:libicu.so:libicui18n.so:libicuuc.so:libjnigraphics.so:liblog.so:libmediandk.so:libm.so:libnativehelper.so:libnativewindow.so:libOpenMAXAL.so:libOpenSLES.so:libRS.so:libstdc++.so:libsync.so:libvulkan.so:libwebviewchromium_plat_support.so:libz.so
05-25 02:44:20.666  9054  9054 D nativeloader: Load libicu_jni.so using APEX ns com_android_art for caller /apex/com.android.art/javalib/core-oj.jar: ok
05-25 02:44:20.666  9054  9054 D app_process: u_setTimeZoneFilesDirectory("/apex/com.android.tzdata/etc/tz/versioned/9/icu") succeeded. 
05-25 02:44:20.666  9054  9054 D app_process: I18n APEX ICU file found: /apex/com.android.i18n/etc/icu/icudt76l.dat
05-25 02:44:20.666  9054  9054 D nativeloader: Load libjavacore.so using APEX ns com_android_art for caller /apex/com.android.art/javalib/core-oj.jar: ok
05-25 02:44:20.667  9054  9054 D nativeloader: Load libopenjdk.so using APEX ns com_android_art for caller /apex/com.android.art/javalib/core-oj.jar: ok
05-25 02:44:20.667  9054  9054 I app_process: Priority-to-niceness mapping: 19, 16, 13, 10, 0, -2, -4, -5, -6, -8
05-25 02:44:20.668  9054  9054 W app_process: Unexpected CPU variant for x86: x86_64.
05-25 02:44:20.668  9054  9054 W app_process: Known variants: atom, sandybridge, silvermont, goldmont, goldmont-plus, goldmont-without-sha-xsaves, tremont, kabylake, alderlake, default
05-25 02:44:20.669  9054  9054 W app_process: ClassLoaderContext shared library size mismatch. Expected=2, found=0 (PCL[]{PCL[/system/framework/android.test.base.jar*1653369819]#PCL[/system/framework/android.test.mock.jar*1009639922]} | PCL[])
05-25 02:44:20.669  9054  9054 W app_process: ClassLoaderContext classpath size mismatch. expected=0, found=1 (PCL[]{PCL[/system/framework/android.test.runner.jar*3954641918]{PCL[/system/framework/android.test.base.jar*1653369819]#PCL[/system/framework/android.test.mock.jar*1009639922]}#PCL[/system/framework/android.test.base.jar*1653369819]} | PCL[/system/framework/android.test.runner.jar*3954641918])
05-25 02:44:20.684  9054  9054 D nativeloader: Load libframework-connectivity-tiramisu-jni.so using APEX ns com_android_tethering for caller /apex/com.android.tethering/javalib/framework-connectivity-t.jar: ok
05-25 02:44:20.684  9054  9054 D AndroidRuntime: Calling main entry com.android.commands.uiautomator.Launcher
05-25 02:44:20.687  9054  9054 I AconfigPackage: android.media.swcodec.flags is mapped to com.android.media.swcodec
05-25 02:44:20.687  9054  9054 I AconfigPackage: com.android.permission.flags is mapped to com.android.permission
05-25 02:44:20.687  9054  9054 I AconfigPackage: com.android.permissioncontroller.flags is mapped to com.android.permission
05-25 02:44:20.687  9054  9054 I AconfigPackage: com.android.icu is mapped to com.android.i18n
05-25 02:44:20.687  9054  9054 I AconfigPackage: com.android.appsearch.flags is mapped to com.android.appsearch
05-25 02:44:20.687  9054  9054 I AconfigPackage: android.uprobestats.mainline.flags is mapped to com.android.uprobestats
05-25 02:44:20.688  9054  9054 I AconfigPackage: com.android.crashrecovery.flags is mapped to com.android.crashrecovery
05-25 02:44:20.688  9054  9054 I AconfigPackage: android.provider.flags is mapped to com.android.configinfrastructure
05-25 02:44:20.688  9054  9054 I AconfigPackage: com.android.server.deviceconfig is mapped to com.android.configinfrastructure
05-25 02:44:20.688  9054  9054 I AconfigPackage: com.android.compos.flags is mapped to com.android.compos
05-25 02:44:20.688  9054  9054 I AconfigPackage: com.android.art.flags is mapped to com.android.art
05-25 02:44:20.688  9054  9054 I AconfigPackage: com.android.art.rw.flags is mapped to com.android.art
05-25 02:44:20.688  9054  9054 I AconfigPackage: com.android.libcore is mapped to com.android.art
05-25 02:44:20.688  9054  9054 I AconfigPackage: com.android.telephony.flags is mapped to com.android.telephonycore
05-25 02:44:20.688  9054  9054 I AconfigPackage: com.android.media.extractor.flags is mapped to com.android.media
05-25 02:44:20.688  9054  9054 I AconfigPackage: com.android.media.mainline.flags is mapped to com.android.media
05-25 02:44:20.688  9054  9054 I AconfigPackage: com.android.wifi.flags is mapped to com.android.wifi
05-25 02:44:20.688  9054  9054 I AconfigPackage: com.android.org.conscrypt.flags is mapped to com.android.conscrypt
05-25 02:44:20.688  9054  9054 I AconfigPackage: com.android.org.conscrypt.net.flags is mapped to com.android.conscrypt
05-25 02:44:20.688  9054  9054 I AconfigPackage: com.android.healthfitness.flags is mapped to com.android.healthfitness
05-25 02:44:20.688  9054  9054 I AconfigPackage: com.android.ipsec.flags is mapped to com.android.ipsec
05-25 02:44:20.688  9054  9054 I AconfigPackage: com.android.nfc.module.flags is mapped to com.android.nfcservices
05-25 02:44:20.688  9054  9054 I AconfigPackage: com.android.adservices.ondevicepersonalization.flags is mapped to com.android.ondevicepersonalization
05-25 02:44:20.688  9054  9054 I AconfigPackage: com.android.adbd.flags is mapped to com.android.adbd
05-25 02:44:20.688  9054  9054 I AconfigPackage: com.android.bluetooth.flags is mapped to com.android.bt
05-25 02:44:20.689  9054  9054 I AconfigPackage: com.android.devicelock.flags is mapped to com.android.devicelock
05-25 02:44:20.689  9054  9054 I AconfigPackage: android.os.profiling is mapped to com.android.profiling
05-25 02:44:20.689  9054  9054 I AconfigPackage: android.os.profiling.anomaly.flags is mapped to com.android.profiling
05-25 02:44:20.689  9054  9054 I AconfigPackage: com.android.os.statsd.flags is mapped to com.android.os.statsd
05-25 02:44:20.689  9054  9054 I AconfigPackage: com.android.rkpd.flags is mapped to com.android.rkpd
05-25 02:44:20.689  9054  9054 I AconfigPackage: com.android.cellbroadcastreceiver.flags is mapped to com.android.cellbroadcast
05-25 02:44:20.689  9054  9054 I AconfigPackage: com.android.adservices.flags is mapped to com.android.adservices
05-25 02:44:20.689  9054  9054 I AconfigPackage: com.android.sdksandbox.flags is mapped to com.android.adservices
05-25 02:44:20.689  9054  9054 I AconfigPackage: com.android.uwb.flags is mapped to com.android.uwb
05-25 02:44:20.689  9054  9054 I AconfigPackage: com.android.ranging.flags is mapped to com.android.uwb
05-25 02:44:20.689  9054  9054 I AconfigPackage: android.graphics.pdf.flags is mapped to com.android.mediaprovider
05-25 02:44:20.689  9054  9054 I AconfigPackage: com.android.providers.media.flags is mapped to com.android.mediaprovider
05-25 02:44:20.689  9054  9054 I AconfigPackage: android.graphics.pdf.flags.readonly is mapped to com.android.mediaprovider
05-25 02:44:20.689  9054  9054 I AconfigPackage: com.android.tethering.mainline.beta is mapped to com.android.tethering
05-25 02:44:20.689  9054  9054 I AconfigPackage: android.net.http is mapped to com.android.tethering
05-25 02:44:20.689  9054  9054 I AconfigPackage: com.android.tethering.readonly.flags is mapped to com.android.tethering
05-25 02:44:20.689  9054  9054 I AconfigPackage: android.net.vcn is mapped to com.android.tethering
05-25 02:44:20.689  9054  9054 I AconfigPackage: com.android.net.flags is mapped to com.android.tethering
05-25 02:44:20.689  9054  9054 I AconfigPackage: com.android.tethering.beta.test is mapped to com.android.tethering
05-25 02:44:20.689  9054  9054 I AconfigPackage: com.android.nearby.flags is mapped to com.android.tethering
05-25 02:44:20.689  9054  9054 I AconfigPackage: com.android.net.ct.flags is mapped to com.android.tethering
05-25 02:44:20.689  9054  9054 I AconfigPackage: com.android.net.thread.flags is mapped to com.android.tethering
05-25 02:44:20.689  9054  9054 I AconfigPackage: com.android.system.virtualmachine.flags is mapped to com.android.virt
05-25 02:44:20.689  9054  9054 E FeatureFlagsImplExport: android.os.flagging.AconfigStorageReadException: ERROR_PACKAGE_NOT_FOUND: package android.xr cannot be found on the device
05-25 02:44:20.690  9054  9054 D UiAutomationConnection: Created on user UserHandle{0}
05-25 02:44:20.690  9054  9054 I UiAutomation: Initialized for user 0 on display 0
05-25 02:44:20.690  9054  9054 W UiAutomation: Created with deprecatead constructor, assumes DEFAULT_DISPLAY
05-25 02:44:20.692   755   785 W libbinder.IPCThreadState: Sending oneway calls to frozen process.
05-25 02:44:20.692   755   785 W libbinder.IPCThreadState: Sending oneway calls to frozen process.
05-25 02:44:20.692   755  1052 D AccessibilityManagerService: changeCurrentUserForTestAutomationIfNeededLocked(0): ignoring because device doesn't support visible background users
05-25 02:44:20.692   755  1052 I UiAutomationManager: Registering UiTestAutomationService (id=com.android.server.accessibility/UiAutomation, flags=0x0) when called by user 0
05-25 02:44:20.692   755  1052 V AccessibilityManagerService: onUserStateChangedLocked for userId: 0, forceUpdate: false
05-25 02:44:20.693   755  1052 V AccessibilityUserState: updateShortcutTargets: type:accessibility_shortcut_target_service, current:{}, new:{}
05-25 02:44:20.693   755  1052 V AccessibilityUserState: updateShortcutTargets: type:accessibility_button_targets, current:{}, new:{}
05-25 02:44:20.693   755  1052 V AccessibilityUserState: updateShortcutTargets: type:accessibility_gesture_targets, current:{}, new:{}
05-25 02:44:20.693  1546  3179 I AiAiEcho: Settings changed for uri: content://settings/secure/accessibility_enabled
05-25 02:44:20.693   755  1052 V AccessibilityUserState: updateShortcutTargets: type:accessibility_qs_targets, current:{}, new:{}
05-25 02:44:20.693   755  1052 V AccessibilityUserState: updateShortcutTargets: type:accessibility_key_gesture_targets, current:{}, new:{}
05-25 02:44:20.693   755  1052 W MagnificationConnectionManager: requestConnection duplicated request: connect=false, mConnectionState=DISCONNECTED
05-25 02:44:20.695  1546  1927 I AiAiEcho: Predicting[0]:  [CONTEXT sampling_count=5 ]
05-25 02:44:20.695  1546  1927 I AiAiEcho: EchoTargets: 
05-25 02:44:20.695  1546  1927 I AiAiEcho: Filtered by AiAi flag check: 
05-25 02:44:20.695  1546  1927 I AiAiEcho: [CONTEXT ratelimit_period="10 SECONDS" ]
05-25 02:44:20.695  1546  1927 I AiAiEcho: #remoteViewsTwiddler: feature disabled.
05-25 02:44:20.695  1546  1927 I AiAiEcho: Predicting[0]:  [CONTEXT sampling_count=5 ]
05-25 02:44:20.695  1546  1927 I AiAiEcho: EchoTargets: 
05-25 02:44:20.695  1546  1927 I AiAiEcho: Filtered by AiAi flag check: 
05-25 02:44:20.695  1546  1927 I AiAiEcho: [CONTEXT ratelimit_period="10 SECONDS" ]
05-25 02:44:20.696  1546  1927 I AiAiEcho: #remoteViewsTwiddler: feature disabled.
05-25 02:44:20.696   755  2150 V AccessibilityManagerService: onUserStateChangedLocked for userId: 0, forceUpdate: false
05-25 02:44:20.696  1546  1927 I AiAiEcho: #postPredictionTargets: Sending updates to UISurface lockscreen with targets# 0 (types=[])
05-25 02:44:20.696  1546  1927 I AiAiEcho: #postPredictionTargets: Sending updates to UISurface home with targets# 0 (types=[])
05-25 02:44:20.696  1012  1012 W SsPagerDots: Total number of pages invalid: 0. Assuming 1 page.
05-25 02:44:20.698  1546  3179 I AiAiEcho: Settings changed for uri: content://settings/secure/accessibility_enabled
05-25 02:44:20.698   755  2150 V AccessibilityUserState: updateShortcutTargets: type:accessibility_shortcut_target_service, current:{}, new:{}
05-25 02:44:20.698   755  2150 V AccessibilityUserState: updateShortcutTargets: type:accessibility_button_targets, current:{}, new:{}
05-25 02:44:20.698   755  2150 V AccessibilityUserState: updateShortcutTargets: type:accessibility_gesture_targets, current:{}, new:{}
05-25 02:44:20.698   755  2150 V AccessibilityUserState: updateShortcutTargets: type:accessibility_qs_targets, current:{}, new:{}
05-25 02:44:20.698   755  2150 V AccessibilityUserState: updateShortcutTargets: type:accessibility_key_gesture_targets, current:{}, new:{}
05-25 02:44:20.698   755  2150 W MagnificationConnectionManager: requestConnection duplicated request: connect=false, mConnectionState=DISCONNECTED
05-25 02:44:20.698  1546  1927 I AiAiEcho: Predicting[0]:  [CONTEXT sampling_count=5 ]
05-25 02:44:20.698  1546  1927 I AiAiEcho: EchoTargets: 
05-25 02:44:20.698  1546  1927 I AiAiEcho: Filtered by AiAi flag check: 
05-25 02:44:20.698  1546  1927 I AiAiEcho: [CONTEXT ratelimit_period="10 SECONDS" ]
05-25 02:44:20.699  1546  1927 I AiAiEcho: #remoteViewsTwiddler: feature disabled.
05-25 02:44:20.699  1546  1927 I AiAiEcho: Predicting[0]:  [CONTEXT sampling_count=5 ]
05-25 02:44:20.699  1546  1927 I AiAiEcho: EchoTargets: 
05-25 02:44:20.699  1546  1927 I AiAiEcho: Filtered by AiAi flag check: 
05-25 02:44:20.699  1546  1927 I AiAiEcho: [CONTEXT ratelimit_period="10 SECONDS" ]
05-25 02:44:20.699  1546  1927 I AiAiEcho: #remoteViewsTwiddler: feature disabled.
05-25 02:44:20.699  1546  1927 I AiAiEcho: #postPredictionTargets: Sending updates to UISurface lockscreen with targets# 0 (types=[])
05-25 02:44:20.699  1546  1927 I AiAiEcho: #postPredictionTargets: Sending updates to UISurface home with targets# 0 (types=[])
05-25 02:44:20.699  1012  1012 W SsPagerDots: Total number of pages invalid: 0. Assuming 1 page.
05-25 02:44:20.699   755   755 W libbinder.IPCThreadState: Sending oneway calls to frozen process.
05-25 02:44:20.700   755   755 W libbinder.IPCThreadState: Sending oneway calls to frozen process.
05-25 02:44:20.700   755   755 W libbinder.IPCThreadState: Sending oneway calls to frozen process.
05-25 02:44:20.700   755   755 W libbinder.IPCThreadState: Sending oneway calls to frozen process.
05-25 02:44:20.700   755   755 W libbinder.IPCThreadState: Sending oneway calls to frozen process.
05-25 02:44:20.700   755   755 W libbinder.IPCThreadState: Sending oneway calls to frozen process.
05-25 02:44:20.700   755   755 W libbinder.IPCThreadState: Sending oneway calls to frozen process.
05-25 02:44:20.700   755   755 W libbinder.IPCThreadState: Sending oneway calls to frozen process.
05-25 02:44:20.700   755   755 W libbinder.IPCThreadState: Sending oneway calls to frozen process.
05-25 02:44:20.700   755   755 W libbinder.IPCThreadState: Sending oneway calls to frozen process.
05-25 02:44:20.700   755   755 W libbinder.IPCThreadState: Sending oneway calls to frozen process.
05-25 02:44:20.700   755   755 W libbinder.IPCThreadState: Sending oneway calls to frozen process.
05-25 02:44:20.700   755   755 W libbinder.IPCThreadState: Sending oneway calls to frozen process.
05-25 02:44:20.700   755   755 W libbinder.IPCThreadState: Sending oneway calls to frozen process.
05-25 02:44:20.701   755   755 W libbinder.IPCThreadState: Sending oneway calls to frozen process.
05-25 02:44:20.701   755   755 W libbinder.IPCThreadState: Sending oneway calls to frozen process.
05-25 02:44:20.701   755   755 W libbinder.IPCThreadState: Sending oneway calls to frozen process.
05-25 02:44:20.701   755   755 W libbinder.IPCThreadState: Sending oneway calls to frozen process.
05-25 02:44:20.701   755   755 W libbinder.IPCThreadState: Sending oneway calls to frozen process.
05-25 02:44:20.701   755   755 W libbinder.IPCThreadState: Sending oneway calls to frozen process.
05-25 02:44:20.701   755   755 W libbinder.IPCThreadState: Sending oneway calls to frozen process.
05-25 02:44:20.701   755   755 W libbinder.IPCThreadState: Sending oneway calls to frozen process.
05-25 02:44:20.702   755   755 W libbinder.IPCThreadState: Sending oneway calls to frozen process.
05-25 02:44:20.702   755   755 W libbinder.IPCThreadState: Sending oneway calls to frozen process.
05-25 02:44:20.702   755   755 W libbinder.IPCThreadState: Sending oneway calls to frozen process.
05-25 02:44:20.702   755   755 W libbinder.IPCThreadState: Sending oneway calls to frozen process.
05-25 02:44:20.702   755   755 W libbinder.IPCThreadState: Sending oneway calls to frozen process.
05-25 02:44:20.702   755   755 W libbinder.IPCThreadState: Sending oneway calls to frozen process.
05-25 02:44:20.702   755   755 W libbinder.IPCThreadState: Sending oneway calls to frozen process.
05-25 02:44:20.702   755   755 W libbinder.IPCThreadState: Sending oneway calls to frozen process.
05-25 02:44:20.702   755   755 W libbinder.IPCThreadState: Sending oneway calls to frozen process.
05-25 02:44:20.703   755   755 W libbinder.IPCThreadState: Sending oneway calls to frozen process.
05-25 02:44:20.703   755   755 W libbinder.IPCThreadState: Sending oneway calls to frozen process.
05-25 02:44:20.703   755   755 W libbinder.IPCThreadState: Sending oneway calls to frozen process.
05-25 02:44:20.703   755   755 W libbinder.IPCThreadState: Sending oneway calls to frozen process.
05-25 02:44:20.703   755   755 W libbinder.IPCThreadState: Sending oneway calls to frozen process.
05-25 02:44:20.703   755   755 W libbinder.IPCThreadState: Sending oneway calls to frozen process.
05-25 02:44:20.703   755   755 W libbinder.IPCThreadState: Sending oneway calls to frozen process.
05-25 02:44:20.704   755   755 W libbinder.IPCThreadState: Sending oneway calls to frozen process.
05-25 02:44:20.704   755   755 W libbinder.IPCThreadState: Sending oneway calls to frozen process.
05-25 02:44:20.704   755   755 D BatterySaverPolicy: accessibility changed to true, updating policy.
05-25 02:44:20.707   755  2209 D AccessibilityManagerService: .getAccessibilityShortcutTargets {shortcutType=32, userId=0}
05-25 02:44:21.717   755   785 W libbinder.IPCThreadState: Sending oneway calls to frozen process.
05-25 02:44:21.722  9054  9054 W AccessibilityNodeInfoDumper: Fetch time: 1ms
05-25 02:44:21.724   755  2205 V AccessibilityManagerService: onUserStateChangedLocked for userId: 0, forceUpdate: false
05-25 02:44:21.724   755  2205 V AccessibilityUserState: updateShortcutTargets: type:accessibility_shortcut_target_service, current:{}, new:{}
05-25 02:44:21.724   755  2205 V AccessibilityUserState: updateShortcutTargets: type:accessibility_button_targets, current:{}, new:{}
05-25 02:44:21.724   755  2205 V AccessibilityUserState: updateShortcutTargets: type:accessibility_gesture_targets, current:{}, new:{}
05-25 02:44:21.724   755  2205 V AccessibilityUserState: updateShortcutTargets: type:accessibility_qs_targets, current:{}, new:{}
05-25 02:44:21.724   755  2205 V AccessibilityUserState: updateShortcutTargets: type:accessibility_key_gesture_targets, current:{}, new:{}
05-25 02:44:21.724   755  2205 W MagnificationConnectionManager: requestConnection duplicated request: connect=false, mConnectionState=DISCONNECTED
05-25 02:44:21.724   755  2205 D AccessibilityManagerService: restoreCurrentUserForTestAutomationIfNeededLocked(): ignoring because device doesn't support visible background users
05-25 02:44:21.724  1546  2094 I AiAiEcho: Settings changed for uri: content://settings/secure/accessibility_enabled
05-25 02:44:21.724   755   755 W libbinder.IPCThreadState: Sending oneway calls to frozen process.
05-25 02:44:21.725   755   755 W libbinder.IPCThreadState: Sending oneway calls to frozen process.
05-25 02:44:21.725   755   755 W libbinder.IPCThreadState: Sending oneway calls to frozen process.
05-25 02:44:21.725   755   755 W libbinder.IPCThreadState: Sending oneway calls to frozen process.
05-25 02:44:21.725   755   755 W libbinder.IPCThreadState: Sending oneway calls to frozen process.
05-25 02:44:21.725   755   755 W libbinder.IPCThreadState: Sending oneway calls to frozen process.
05-25 02:44:21.725   755   755 W libbinder.IPCThreadState: Sending oneway calls to frozen process.
05-25 02:44:21.725  1546  1927 I AiAiEcho: Predicting[0]:  [CONTEXT sampling_count=5 ]
05-25 02:44:21.725   755   755 W libbinder.IPCThreadState: Sending oneway calls to frozen process.
05-25 02:44:21.725  1546  1927 I AiAiEcho: EchoTargets: 
05-25 02:44:21.725  1546  1927 I AiAiEcho: Filtered by AiAi flag check: 
05-25 02:44:21.725  1546  1927 I AiAiEcho: [CONTEXT ratelimit_period="10 SECONDS" ]
05-25 02:44:21.726   755   755 W libbinder.IPCThreadState: Sending oneway calls to frozen process.
05-25 02:44:21.726  1546  1927 I AiAiEcho: #remoteViewsTwiddler: feature disabled.
05-25 02:44:21.726   755   755 W libbinder.IPCThreadState: Sending oneway calls to frozen process.
05-25 02:44:21.726   755   755 W libbinder.IPCThreadState: Sending oneway calls to frozen process.
05-25 02:44:21.726   755   755 W libbinder.IPCThreadState: Sending oneway calls to frozen process.
05-25 02:44:21.726   755   755 W libbinder.IPCThreadState: Sending oneway calls to frozen process.
05-25 02:44:21.726  9054  9063 W libbinder.IPCThreadState: call to talkWithDriver in joinThreadPool returned error: -9 (Bad file descriptor), FD: -1
05-25 02:44:21.726  9054  9054 D AndroidRuntime: Shutting down VM
05-25 02:44:21.726  9054  9066 W libbinder.IPCThreadState: call to talkWithDriver in joinThreadPool returned error: -9 (Bad file descriptor), FD: -1
05-25 02:44:21.726   755   755 W libbinder.IPCThreadState: Sending oneway calls to frozen process.
05-25 02:44:21.727  9054  9062 W libbinder.IPCThreadState: call to talkWithDriver in joinThreadPool returned error: -9 (Bad file descriptor), FD: -1
05-25 02:44:21.727   755   755 W libbinder.IPCThreadState: Sending oneway calls to frozen process.
05-25 02:44:21.727   755   755 W libbinder.IPCThreadState: Sending oneway calls to frozen process.
05-25 02:44:21.727   755   755 W libbinder.IPCThreadState: Sending oneway calls to frozen process.
05-25 02:44:21.727   755   755 W libbinder.IPCThreadState: Sending oneway calls to frozen process.
05-25 02:44:21.727   755   755 W libbinder.IPCThreadState: Sending oneway calls to frozen process.
05-25 02:44:21.727   755   755 W libbinder.IPCThreadState: Sending oneway calls to frozen process.
05-25 02:44:21.727   755   755 W libbinder.IPCThreadState: Sending oneway calls to frozen process.
05-25 02:44:21.727   755   755 W libbinder.IPCThreadState: Sending oneway calls to frozen process.
05-25 02:44:21.727   755   755 W libbinder.IPCThreadState: Sending oneway calls to frozen process.
05-25 02:44:21.727   755   755 W libbinder.IPCThreadState: Sending oneway calls to frozen process.
05-25 02:44:21.727   755   755 D BatterySaverPolicy: accessibility changed to false, updating policy.
05-25 02:44:21.728  1546  1927 I AiAiEcho: Predicting[0]:  [CONTEXT sampling_count=5 ]
05-25 02:44:21.728  1546  1927 I AiAiEcho: EchoTargets: 
05-25 02:44:21.728  1546  1927 I AiAiEcho: Filtered by AiAi flag check: 
05-25 02:44:21.728  1546  1927 I AiAiEcho: [CONTEXT ratelimit_period="10 SECONDS" ]
05-25 02:44:21.729  1546  1927 I AiAiEcho: #remoteViewsTwiddler: feature disabled.
05-25 02:44:21.729  1546  1927 I AiAiEcho: #postPredictionTargets: Sending updates to UISurface lockscreen with targets# 0 (types=[])
05-25 02:44:21.729  1546  1927 I AiAiEcho: #postPredictionTargets: Sending updates to UISurface home with targets# 0 (types=[])
05-25 02:44:21.731  1012  1012 W SsPagerDots: Total number of pages invalid: 0. Assuming 1 page.
05-25 02:44:21.970   755   906 I HalDevMgr: bestIfaceCreationProposal is null, requestIface=STA, existingIface=[name=wlan0 type=STA]
05-25 02:44:21.991  1529  1529 D WM-DelayedWorkTracker: Scheduling work 70ba29a2-39ad-4aaa-a8a9-3bd00ae2b6c7
05-25 02:44:21.991  1529  1529 D WM-GreedyScheduler: Starting tracking for 70ba29a2-39ad-4aaa-a8a9-3bd00ae2b6c7
05-25 02:44:21.992  1529  1727 D WM-ConstraintTracker: BatteryNotLowTracker: initial state = true
05-25 02:44:21.992  1529  1727 D WM-BrdcstRcvrCnstrntTrc: BatteryNotLowTracker: registering receiver
05-25 02:44:21.993  1529  1727 D WM-GreedyScheduler: Constraints met: Scheduling work ID WorkGenerationalId(workSpecId=70ba29a2-39ad-4aaa-a8a9-3bd00ae2b6c7, generation=0)
05-25 02:44:21.994  1529  1727 D WM-Processor: Processor: processing WorkGenerationalId(workSpecId=70ba29a2-39ad-4aaa-a8a9-3bd00ae2b6c7, generation=0)
05-25 02:44:21.997  1529  1529 D WM-WorkerWrapper: Starting work for com.android.providers.media.photopicker.sync.ProactiveSyncWorker
05-25 02:44:21.998  1529  9067 I PSyncWorker: Starting proactive picker sync from sync source: 1
05-25 02:44:21.998  1529  9067 I PickerSyncTracker: Created new sync future java.util.concurrent.CompletableFuture@70242e2[Not completed, 1 dependents]. Future map: {70ba29a2-39ad-4aaa-a8a9-3bd00ae2b6c7=java.util.concurrent.CompletableFuture@70242e2[Not completed, 1 dependents]}
05-25 02:44:21.998  1529  9067 D PickerSyncController: syncAllMediaFromProvider() LOCAL, auth=com.android.providers.media.photopicker, retry=true
05-25 02:44:21.998  1529  9067 D PickerSyncController: getSyncRequestParams() LOCAL, auth=com.android.providers.media.photopicker
05-25 02:44:22.000  1529  9067 D PickerSyncController:    Latest ID/Gen=92835bc8fd6dde81:external_primary/2742
05-25 02:44:22.000  1529  9067 D PickerSyncController:    Cached ID/Gen=92835bc8fd6dde81:external_primary/2733
05-25 02:44:22.000  1529  9067 D PickerSyncController:    RESULT=SyncRequestParams{type=MEDIA_INCREMENTAL, gen=2733, latest=Bundle[{last_media_sync_generation=2742, media_collection_id=92835bc8fd6dde81:external_primary}], pageSize=1000}
05-25 02:44:22.000  1529  9067 I PickerSyncController: Executing SyncAdd. isLocal: true. authority: com.android.providers.media.photopicker
05-25 02:44:22.000  1529  9067 D PickerSyncLockManager: Trying to acquire lock com.android.providers.media.photopicker.sync.CloseableReentrantLock@cffd47[Unlocked]. Lock Name = CLOUD_PROVIDER_LOCK. Threads that may be waiting to acquire this lock = [] with timeout.
05-25 02:44:22.000  1529  9067 D CloseableReentrantLock: Successfully acquired lock com.android.providers.media.photopicker.sync.CloseableReentrantLock@cffd47[Locked by thread pool-4-thread-100]. Lock Name = CLOUD_PROVIDER_LOCK. Threads that may be waiting to acquire this lock = []
05-25 02:44:22.000  1529  9067 D CloseableReentrantLock: Successfully released lock com.android.providers.media.photopicker.sync.CloseableReentrantLock@cffd47[Unlocked]. Lock Name = CLOUD_PROVIDER_LOCK. Threads that may be waiting to acquire this lock = []
05-25 02:44:22.000  1529  9067 D ExternalDbFacade: Token received for queryMedia = null
05-25 02:44:22.001  1529  9067 D PickerSyncLockManager: Trying to acquire lock com.android.providers.media.photopicker.sync.CloseableReentrantLock@cffd47[Unlocked]. Lock Name = CLOUD_PROVIDER_LOCK. Threads that may be waiting to acquire this lock = [] with timeout.
05-25 02:44:22.001  1529  9067 D CloseableReentrantLock: Successfully acquired lock com.android.providers.media.photopicker.sync.CloseableReentrantLock@cffd47[Locked by thread pool-4-thread-100]. Lock Name = CLOUD_PROVIDER_LOCK. Threads that may be waiting to acquire this lock = []
05-25 02:44:22.001  1529  9067 D PickerSyncController: Saving next page token: 1779673460000|248 for key: local_provider:media_add:resume
05-25 02:44:22.001  1529  9067 D CloseableReentrantLock: Successfully released lock com.android.providers.media.photopicker.sync.CloseableReentrantLock@cffd47[Unlocked]. Lock Name = CLOUD_PROVIDER_LOCK. Threads that may be waiting to acquire this lock = []
05-25 02:44:22.001  1529  9067 D PickerNotificationSender: Sending a notification for media update
05-25 02:44:22.002  1529  9067 D PickerNotificationSender: Sending a notification for merged album media update Videos
05-25 02:44:22.002  1529  9067 D PickerNotificationSender: Sending a notification for album media update Videos
05-25 02:44:22.002  1529  9067 D PickerNotificationSender: Sending a notification for merged album media update Favorites
05-25 02:44:22.002  1529  9067 D PickerNotificationSender: Sending a notification for album media update Favorites
05-25 02:44:22.002  1529  9067 D ExternalDbFacade: Token received for queryMedia = 1779673460000|248
05-25 02:44:22.003  1529  9067 D PickerSyncLockManager: Trying to acquire lock com.android.providers.media.photopicker.sync.CloseableReentrantLock@cffd47[Unlocked]. Lock Name = CLOUD_PROVIDER_LOCK. Threads that may be waiting to acquire this lock = [] with timeout.
05-25 02:44:22.003  1529  9067 D CloseableReentrantLock: Successfully acquired lock com.android.providers.media.photopicker.sync.CloseableReentrantLock@cffd47[Locked by thread pool-4-thread-100]. Lock Name = CLOUD_PROVIDER_LOCK. Threads that may be waiting to acquire this lock = []
05-25 02:44:22.003  1529  9067 D PickerSyncController: Clearing next page token for key: local_provider:media_add:resume
05-25 02:44:22.003  1529  9067 D CloseableReentrantLock: Successfully released lock com.android.providers.media.photopicker.sync.CloseableReentrantLock@cffd47[Unlocked]. Lock Name = CLOUD_PROVIDER_LOCK. Threads that may be waiting to acquire this lock = []
05-25 02:44:22.003  1529  9067 D PickerNotificationSender: Sending a notification for media update
05-25 02:44:22.004  1529  9067 D PickerNotificationSender: Sending a notification for merged album media update Videos
05-25 02:44:22.004  1529  9067 D PickerNotificationSender: Sending a notification for album media update Videos
05-25 02:44:22.004  1529  9067 D PickerNotificationSender: Sending a notification for merged album media update Favorites
05-25 02:44:22.004  1529  9067 D PickerNotificationSender: Sending a notification for album media update Favorites
05-25 02:44:22.004  1529  9067 I PickerSyncController: Paged sync successful. QueryArgs: Bundle[{android.provider.extra.PAGE_TOKEN=1779673460000|248, android.provider.extra.SYNC_GENERATION=2733, android.provider.extra.PAGE_SIZE=1000}] Total Rows: 1
05-25 02:44:22.005  1529  9067 I PickerSyncController: Executing SyncRemove. isLocal: true. authority: com.android.providers.media.photopicker
05-25 02:44:22.005  1529  9067 D PickerSyncLockManager: Trying to acquire lock com.android.providers.media.photopicker.sync.CloseableReentrantLock@cffd47[Unlocked]. Lock Name = CLOUD_PROVIDER_LOCK. Threads that may be waiting to acquire this lock = [] with timeout.
05-25 02:44:22.005  1529  9067 D CloseableReentrantLock: Successfully acquired lock com.android.providers.media.photopicker.sync.CloseableReentrantLock@cffd47[Locked by thread pool-4-thread-100]. Lock Name = CLOUD_PROVIDER_LOCK. Threads that may be waiting to acquire this lock = []
05-25 02:44:22.005  1529  9067 D CloseableReentrantLock: Successfully released lock com.android.providers.media.photopicker.sync.CloseableReentrantLock@cffd47[Unlocked]. Lock Name = CLOUD_PROVIDER_LOCK. Threads that may be waiting to acquire this lock = []
05-25 02:44:22.005  1529  9067 D PickerSyncLockManager: Trying to acquire lock com.android.providers.media.photopicker.sync.CloseableReentrantLock@cffd47[Unlocked]. Lock Name = CLOUD_PROVIDER_LOCK. Threads that may be waiting to acquire this lock = [] with timeout.
05-25 02:44:22.005  1529  9067 D CloseableReentrantLock: Successfully acquired lock com.android.providers.media.photopicker.sync.CloseableReentrantLock@cffd47[Locked by thread pool-4-thread-100]. Lock Name = CLOUD_PROVIDER_LOCK. Threads that may be waiting to acquire this lock = []
05-25 02:44:22.005  1529  9067 D PickerSyncController: Clearing next page token for key: local_provider:media_remove:resume
05-25 02:44:22.005  1529  9067 D CloseableReentrantLock: Successfully released lock com.android.providers.media.photopicker.sync.CloseableReentrantLock@cffd47[Unlocked]. Lock Name = CLOUD_PROVIDER_LOCK. Threads that may be waiting to acquire this lock = []
05-25 02:44:22.005  1529  9067 D PickerNotificationSender: Sending a notification for media update
05-25 02:44:22.006  1529  9067 D PickerNotificationSender: Sending a notification for merged album media update Videos
05-25 02:44:22.006  1529  9067 D PickerNotificationSender: Sending a notification for album media update Videos
05-25 02:44:22.006  1529  9067 D PickerNotificationSender: Sending a notification for merged album media update Favorites
05-25 02:44:22.006  1529  9067 D PickerNotificationSender: Sending a notification for album media update Favorites
05-25 02:44:22.007  1529  9067 I PickerSyncController: Paged sync successful. QueryArgs: Bundle[{android.provider.extra.PAGE_TOKEN=1779673460000|248, android.provider.extra.SYNC_GENERATION=2733, android.provider.extra.PAGE_SIZE=1000}] Total Rows: 0
05-25 02:44:22.007  1529  9067 I PickerSyncTracker: Marked sync future complete for work id: 70ba29a2-39ad-4aaa-a8a9-3bd00ae2b6c7. Future map: {}
