--------- beginning of main
05-25 03:08:50.790 11104 11104 D AndroidRuntime: >>>>>> START com.android.internal.os.RuntimeInit uid 2000 <<<<<<
05-25 03:08:50.793 11104 11104 I AndroidRuntime: Using default boot image
05-25 03:08:50.793 11104 11104 I AndroidRuntime: Leaving lock profiling enabled
05-25 03:08:50.795 11104 11104 I app_process: Using CollectorTypeCMC GC.
05-25 03:08:50.852 11104 11104 D nativeloader: InitDefaultPublicLibraries for_preload=1: libandroid.so:libaaudio.so:libamidi.so:libbinder_ndk.so:libc.so:libcamera2ndk.so:libdl.so:libEGL.so:libGLESv1_CM.so:libGLESv2.so:libGLESv3.so:libicu.so:libicui18n.so:libicuuc.so:libjnigraphics.so:liblog.so:libmediandk.so:libm.so:libnativehelper.so:libnativewindow.so:libOpenMAXAL.so:libOpenSLES.so:libRS.so:libstdc++.so:libsync.so:libvulkan.so:libwebviewchromium_plat_support.so:libz.so
05-25 03:08:50.858 11104 11104 D nativeloader: Load libicu_jni.so using APEX ns com_android_art for caller /apex/com.android.art/javalib/core-oj.jar: ok
05-25 03:08:50.858 11104 11104 D app_process: u_setTimeZoneFilesDirectory("/apex/com.android.tzdata/etc/tz/versioned/9/icu") succeeded. 
05-25 03:08:50.858 11104 11104 D app_process: I18n APEX ICU file found: /apex/com.android.i18n/etc/icu/icudt76l.dat
05-25 03:08:50.859 11104 11104 D nativeloader: Load libjavacore.so using APEX ns com_android_art for caller /apex/com.android.art/javalib/core-oj.jar: ok
05-25 03:08:50.860 11104 11104 D nativeloader: Load libopenjdk.so using APEX ns com_android_art for caller /apex/com.android.art/javalib/core-oj.jar: ok
05-25 03:08:50.861 11104 11104 I app_process: Priority-to-niceness mapping: 19, 16, 13, 10, 0, -2, -4, -5, -6, -8
05-25 03:08:50.861 11104 11104 W app_process: Unexpected CPU variant for x86: x86_64.
05-25 03:08:50.861 11104 11104 W app_process: Known variants: atom, sandybridge, silvermont, goldmont, goldmont-plus, goldmont-without-sha-xsaves, tremont, kabylake, alderlake, default
05-25 03:08:50.876 11104 11104 D nativeloader: Load libframework-connectivity-tiramisu-jni.so using APEX ns com_android_tethering for caller /apex/com.android.tethering/javalib/framework-connectivity-t.jar: ok
05-25 03:08:50.876 11104 11104 D AndroidRuntime: Calling main entry com.android.commands.monkey.Monkey
05-25 03:08:50.877 11104 11104 D nativeloader: Load /system/lib64/libmonkey_jni.so using ns default for caller /system/framework/monkey.jar in same partition (is_bridged=0): ok
05-25 03:08:50.878 11104 11104 W Monkey  : args: [-p, com.tiarnanlarkin.danio, 1]
05-25 03:08:50.880 11104 11104 I AconfigPackage: android.media.swcodec.flags is mapped to com.android.media.swcodec
05-25 03:08:50.880 11104 11104 I AconfigPackage: com.android.permission.flags is mapped to com.android.permission
05-25 03:08:50.880 11104 11104 I AconfigPackage: com.android.permissioncontroller.flags is mapped to com.android.permission
05-25 03:08:50.881 11104 11104 I AconfigPackage: com.android.icu is mapped to com.android.i18n
05-25 03:08:50.881 11104 11104 I AconfigPackage: com.android.appsearch.flags is mapped to com.android.appsearch
05-25 03:08:50.881 11104 11104 I AconfigPackage: android.uprobestats.mainline.flags is mapped to com.android.uprobestats
05-25 03:08:50.881 11104 11104 I AconfigPackage: com.android.crashrecovery.flags is mapped to com.android.crashrecovery
05-25 03:08:50.881 11104 11104 I AconfigPackage: android.provider.flags is mapped to com.android.configinfrastructure
05-25 03:08:50.881 11104 11104 I AconfigPackage: com.android.server.deviceconfig is mapped to com.android.configinfrastructure
05-25 03:08:50.882 11104 11104 I AconfigPackage: com.android.compos.flags is mapped to com.android.compos
05-25 03:08:50.882 11104 11104 I AconfigPackage: com.android.art.flags is mapped to com.android.art
05-25 03:08:50.882 11104 11104 I AconfigPackage: com.android.art.rw.flags is mapped to com.android.art
05-25 03:08:50.882 11104 11104 I AconfigPackage: com.android.libcore is mapped to com.android.art
05-25 03:08:50.882 11104 11104 I AconfigPackage: com.android.telephony.flags is mapped to com.android.telephonycore
05-25 03:08:50.882 11104 11104 I AconfigPackage: com.android.media.extractor.flags is mapped to com.android.media
05-25 03:08:50.882 11104 11104 I AconfigPackage: com.android.media.mainline.flags is mapped to com.android.media
05-25 03:08:50.882 11104 11104 I AconfigPackage: com.android.wifi.flags is mapped to com.android.wifi
05-25 03:08:50.883 11104 11104 I AconfigPackage: com.android.org.conscrypt.flags is mapped to com.android.conscrypt
05-25 03:08:50.883 11104 11104 I AconfigPackage: com.android.org.conscrypt.net.flags is mapped to com.android.conscrypt
05-25 03:08:50.883 11104 11104 I AconfigPackage: com.android.healthfitness.flags is mapped to com.android.healthfitness
05-25 03:08:50.883 11104 11104 I AconfigPackage: com.android.ipsec.flags is mapped to com.android.ipsec
05-25 03:08:50.883 11104 11104 I AconfigPackage: com.android.nfc.module.flags is mapped to com.android.nfcservices
05-25 03:08:50.883 11104 11104 I AconfigPackage: com.android.adservices.ondevicepersonalization.flags is mapped to com.android.ondevicepersonalization
05-25 03:08:50.884 11104 11104 I AconfigPackage: com.android.adbd.flags is mapped to com.android.adbd
05-25 03:08:50.884 11104 11104 I AconfigPackage: com.android.bluetooth.flags is mapped to com.android.bt
05-25 03:08:50.884 11104 11104 I AconfigPackage: com.android.devicelock.flags is mapped to com.android.devicelock
05-25 03:08:50.884 11104 11104 I AconfigPackage: android.os.profiling is mapped to com.android.profiling
05-25 03:08:50.884 11104 11104 I AconfigPackage: android.os.profiling.anomaly.flags is mapped to com.android.profiling
05-25 03:08:50.884 11104 11104 I AconfigPackage: com.android.os.statsd.flags is mapped to com.android.os.statsd
05-25 03:08:50.884 11104 11104 I AconfigPackage: com.android.rkpd.flags is mapped to com.android.rkpd
05-25 03:08:50.885 11104 11104 I AconfigPackage: com.android.cellbroadcastreceiver.flags is mapped to com.android.cellbroadcast
05-25 03:08:50.885 11104 11104 I AconfigPackage: com.android.adservices.flags is mapped to com.android.adservices
05-25 03:08:50.885 11104 11104 I AconfigPackage: com.android.sdksandbox.flags is mapped to com.android.adservices
05-25 03:08:50.885 11104 11104 I AconfigPackage: com.android.uwb.flags is mapped to com.android.uwb
05-25 03:08:50.885 11104 11104 I AconfigPackage: com.android.ranging.flags is mapped to com.android.uwb
05-25 03:08:50.885 11104 11104 I AconfigPackage: android.graphics.pdf.flags is mapped to com.android.mediaprovider
05-25 03:08:50.885 11104 11104 I AconfigPackage: com.android.providers.media.flags is mapped to com.android.mediaprovider
05-25 03:08:50.885 11104 11104 I AconfigPackage: android.graphics.pdf.flags.readonly is mapped to com.android.mediaprovider
05-25 03:08:50.885 11104 11104 I AconfigPackage: com.android.tethering.mainline.beta is mapped to com.android.tethering
05-25 03:08:50.885 11104 11104 I AconfigPackage: android.net.http is mapped to com.android.tethering
05-25 03:08:50.885 11104 11104 I AconfigPackage: com.android.tethering.readonly.flags is mapped to com.android.tethering
05-25 03:08:50.885 11104 11104 I AconfigPackage: android.net.vcn is mapped to com.android.tethering
05-25 03:08:50.885 11104 11104 I AconfigPackage: com.android.net.flags is mapped to com.android.tethering
05-25 03:08:50.885 11104 11104 I AconfigPackage: com.android.tethering.beta.test is mapped to com.android.tethering
05-25 03:08:50.885 11104 11104 I AconfigPackage: com.android.nearby.flags is mapped to com.android.tethering
05-25 03:08:50.885 11104 11104 I AconfigPackage: com.android.net.ct.flags is mapped to com.android.tethering
05-25 03:08:50.885 11104 11104 I AconfigPackage: com.android.net.thread.flags is mapped to com.android.tethering
05-25 03:08:50.885 11104 11104 I AconfigPackage: com.android.system.virtualmachine.flags is mapped to com.android.virt
05-25 03:08:50.886 11104 11104 E FeatureFlagsImplExport: android.os.flagging.AconfigStorageReadException: ERROR_PACKAGE_NOT_FOUND: package android.xr cannot be found on the device
05-25 03:08:50.890   755   864 D EventHub: No input device configuration file found for device 'Monkey touch'.
05-25 03:08:50.890 11104 11104 W Monkey  :  arg: "-p"
05-25 03:08:50.890 11104 11104 W Monkey  :  arg: "com.tiarnanlarkin.danio"
05-25 03:08:50.890 11104 11104 W Monkey  :  arg: "1"
05-25 03:08:50.890 11104 11104 W Monkey  : data="com.tiarnanlarkin.danio"
05-25 03:08:50.890   755   864 I EventHub: usingClockIoctl=true
05-25 03:08:50.890   755   864 I EventHub: New device: id=16, fd=651, path='/dev/input/event14', name='Monkey touch', classes=TOUCH | TOUCH_MT, configuration='', keyLayout='', keyCharacterMap='', builtinKeyboard=false, 
05-25 03:08:50.891   755   864 I InputReader: Device reconfigured: id=16, name='Monkey touch', size 1080x2400, orientation Rotation0, mode DIRECT, display id 0
05-25 03:08:50.891   755   864 I InputReader: Device added: id=16, eventHubId=16, name='Monkey touch', descriptor='e1fe28b90f915c7d1febbd52c1ef84b3c4cbed9f',sources=TOUCHSCREEN
--------- beginning of system
05-25 03:08:50.901   755  2205 W ActivityManager: registerReceiverWithFeature: no app for null
05-25 03:08:50.901   755   778 D WindowManager: Direct invocation of sendNewConfiguration: Display{#0 state=ON size=1080x2400 ROTATION_0}
05-25 03:08:50.902   755   778 W libbinder.IPCThreadState: Sending oneway calls to frozen process.
05-25 03:08:50.903  1440  1440 I PkDeviceHelper: PkDeviceHelper.refreshDevices():87 refreshing devices
05-25 03:08:50.903  1440  1440 I PkDeviceHelper: PkDeviceHelper.addDevice():125 device qwerty2 added
05-25 03:08:50.903  1440  1440 I PkDeviceHelper: PkDeviceHelper.addDevice():125 device AT Translated Set 2 keyboard added
05-25 03:08:50.910   755  2205 W ActivityTaskManager: callingPackage for (uid=2000, pid=11104) has no WPC
05-25 03:08:50.910   755  2205 V WindowManager: DesktopModeLaunchParamsModifier: phase= 0 task=null activity=null display-area-from-current-params=null display-area-from-default-fallback=DefaultTaskDisplayArea@179034865 display-id=0 task-display-area-windowing-mode=1 suggested-display-area=DefaultTaskDisplayArea@179034865 task null, skipping
05-25 03:08:50.910   755  2205 V WindowManager: TaskLaunchParamsModifier:phase=0 task=null activity=null display-area-from-current-params=null display-area-from-default-fallback=DefaultTaskDisplayArea@179034865 display-id=0 task-display-area-windowing-mode=1 suggested-display-area=DefaultTaskDisplayArea@179034865
05-25 03:08:50.911   755  2205 V GrammaticalInflectionUtils: AttributionSource: android.content.AttributionSource@f3022897 does not have READ_SYSTEM_GRAMMATICAL_GENDER permission.
05-25 03:08:50.912   755  2205 V WindowManager: DesktopModeLaunchParamsModifier: phase= 0 task=null activity=ActivityRecord{84195202 u0 com.tiarnanlarkin.danio/.MainActivity display-area-from-current-params=null display-area-from-default-fallback=DefaultTaskDisplayArea@179034865 display-id=0 task-display-area-windowing-mode=1 suggested-display-area=DefaultTaskDisplayArea@179034865 task null, skipping
05-25 03:08:50.912   755  2205 V WindowManager: TaskLaunchParamsModifier:phase=0 task=null activity=ActivityRecord{84195202 u0 com.tiarnanlarkin.danio/.MainActivity t-1} display-area-from-current-params=null display-area-from-default-fallback=DefaultTaskDisplayArea@179034865 display-id=0 task-display-area-windowing-mode=1 suggested-display-area=DefaultTaskDisplayArea@179034865
05-25 03:08:50.912   755  2205 V WindowManager: DesktopModeLaunchParamsModifier: phase= 3 task=null activity=ActivityRecord{84195202 u0 com.tiarnanlarkin.danio/.MainActivity t-1} display-area-from-current-params=null display-area-from-default-fallback=DefaultTaskDisplayArea@179034865 display-id=0 task-display-area-windowing-mode=1 suggested-display-area=DefaultTaskDisplayArea@179034865 task null, skipping
05-25 03:08:50.912   755  2205 V WindowManager: TaskLaunchParamsModifier:phase=3 task=null activity=ActivityRecord{84195202 u0 com.tiarnanlarkin.danio/.MainActivity t-1} display-area-from-current-params=null display-area-from-default-fallback=DefaultTaskDisplayArea@179034865 display-id=0 task-display-area-windowing-mode=1 suggested-display-area=DefaultTaskDisplayArea@179034865 non-freeform-task-display-area display-area=DefaultTaskDisplayArea@179034865 skip-bounds-fullscreen
05-25 03:08:50.913   755  2205 V WindowManager: DesktopModeLaunchParamsModifier: phase= 3 task=Task{377ee93 #17 type=standard I=com.tiarnanlarkin.danio/.MainActivity} activity=ActivityRecord{84195202 u0 com.tiarnanlarkin.danio/.MainActivity t-1} display-from-task=0 display-id=0 task-display-area-windowing-mode=1 suggested-display-area=DefaultTaskDisplayArea@179034865 not entering desktop mode, skipping
05-25 03:08:50.913   755  2205 V WindowManager: TaskLaunchParamsModifier:phase=3 task=Task{377ee93 #17 type=standard I=com.tiarnanlarkin.danio/.MainActivity} activity=ActivityRecord{84195202 u0 com.tiarnanlarkin.danio/.MainActivity t-1} display-from-task=0 display-id=0 task-display-area-windowing-mode=1 suggested-display-area=DefaultTaskDisplayArea@179034865 inherit-from-task=fullscreen non-freeform-task-display-area display-area=DefaultTaskDisplayArea@179034865 skip-bounds-fullscreen
05-25 03:08:50.914   620  1257 I libbinder.BpBinder: onLastStrongRef automatically unlinking death recipients for descriptor: '(not cached)'
05-25 03:08:50.916   755  2205 I ActivityTaskManager: START u0 {act=android.intent.action.MAIN cat=[android.intent.category.LAUNCHER] flg=0x10200000 cmp=com.tiarnanlarkin.danio/.MainActivity} with LAUNCH_SINGLE_TOP from uid 2000 (com.android.shell) (BAL_ALLOW_PERMISSION) result code=0
05-25 03:08:50.917  1012  1069 V WindowManagerShell: Transition requested (#33): android.os.BinderProxy@f096b13 TransitionRequestInfo { type = OPEN, triggerTask = TaskInfo{userId=0 taskId=17 effectiveUid=10219 displayId=0 isRunning=true baseIntent=Intent { act=android.intent.action.MAIN cat=[android.intent.category.LAUNCHER] flg=0x10200000 cmp=com.tiarnanlarkin.danio/.MainActivity } baseActivity=ComponentInfo{com.tiarnanlarkin.danio/com.tiarnanlarkin.danio.MainActivity} topActivity=ComponentInfo{com.tiarnanlarkin.danio/com.tiarnanlarkin.danio.MainActivity} origActivity=null realActivity=ComponentInfo{com.tiarnanlarkin.danio/com.tiarnanlarkin.danio.MainActivity} numActivities=1 lastActiveTime=4133425 supportsMultiWindow=true resizeMode=1 isResizeable=true minWidth=-1 minHeight=-1 defaultMinSize=220 token=WCT{android.os.BinderProxy@9549150} topActivityType=1 pictureInPictureParams=null shouldDockBigOverlays=false launchIntoPipHostTaskId=-1 lastParentTaskIdBeforePip=-1 displayCutoutSafeInsets=Rect(0, 0 - 0, 0) topActivityInfo=ActivityInfo{1286f49 com.tiarnanlarkin.danio.MainActivity} launchCookies=[] positionInParent=Point(0, 0) parentTaskId=-1 isFocused=false isVisible=false isVisibleRequested=false isTopActivityNoDisplay=false isSleeping=false locusId=null displayAreaFeatureId=1 isTopActivityTransparent=false isActivityStackTransparent=false lastNonFullscreenBounds=null capturedLink=null capturedLinkTimestamp=0 requestedVisibleTypes=503 topActivityRequestOpenInBrowserEducationTimestamp=0 appCompatTaskInfo=AppCompatTaskInfo { topActivityInSizeCompat=false isLeafTask= true eligibleForLetterboxEducation= false isLetterboxEducationEnabled= true isLetterboxDoubleTapEnabled= false eligibleForUserAspectRatioButton= false topActivityBoundsLetterboxed= false isFromLetterboxDoubleTap= false topActivityLetterboxVerticalPosition= -1 topActivityLetterboxHorizontalPosition= -1 topActivityLetterboxWidth=-1 topActivityLetterboxHeight=-1 topActivityAppBounds=Rect(0, 0 - 1080, 2400) isUserFullscreenOverrideEnabled=false isSystemFullscreenOverrideEnabled=false hasMinAspectRatioOverride=false topActivityLetterboxBounds=null cameraCompatTaskInfo=CameraCompatTaskInfo { cameraCompatMode=inactive0} topNonResizableActivityAspectRatio=-1.0} topActivityMainWindowFrame=null isAppBubble=false}, pipChange = null, remoteTransition = null, displayChange = null, requestedLocation = null, userChange = null, windowingLayerChange = null, flags = 0, debugId = 33 }
05-25 03:08:50.917  1012  1069 D ShellSplitScreen: logExit: no-op, mLoggerSessionId is null
05-25 03:08:50.917   755  1188 D CompatChangeReporter: Compat change id reported: 377864165; UID 10219; state: ENABLED
05-25 03:08:50.917 11104 11104 I Monkey  : Events injected: 1
05-25 03:08:50.919  1151  1151 D BaseActivity: Launcher flags updated: [state_started|state_resumed|state_deferred_resumed|state_window_focused] -[state_user_active]
05-25 03:08:50.919  1151  1151 D BaseActivity: Launcher flags updated: [state_started|state_window_focused] -[state_resumed|state_deferred_resumed]
05-25 03:08:50.920  1151  1151 W SplitSelectStateCtor: Missing session instanceIds
05-25 03:08:50.920  1151  1151 D StatsLog: LAUNCHER_SPLIT_SELECTION_EXIT_INTERRUPTED
05-25 03:08:50.920   755   778 V GrammaticalInflectionUtils: AttributionSource: android.content.AttributionSource@f3022897 does not have READ_SYSTEM_GRAMMATICAL_GENDER permission.
05-25 03:08:50.922  1012  1069 D WindowManagerShell: setLauncherKeepClearAreaHeight: visible=false, height=495
05-25 03:08:50.923   755  2205 I AppsFilter: interaction: PackageSetting{911905 com.android.microdroid.empty_payload/10214} -> PackageSetting{228e0ef com.tiarnanlarkin.danio/10219} BLOCKED
05-25 03:08:50.923   755  2205 I AppsFilter: interaction: PackageSetting{7965b8b com.wgtr.app.debug/10221} -> PackageSetting{228e0ef com.tiarnanlarkin.danio/10219} BLOCKED
05-25 03:08:50.924 11104 11104 I Monkey  : ## Network stats: elapsed time=12ms (0ms mobile, 0ms wifi, 12ms not connected)
05-25 03:08:50.925   755  2205 V WindowManager: Defer transition id=33 for TaskFragmentTransaction=android.os.Binder@32e1e85
05-25 03:08:50.925   755  2205 V WindowManager: deferTransitionReady deferReadyDepth=1 stack=com.android.server.wm.TransitionController.deferTransitionReady:1061 com.android.server.wm.TaskFragmentOrganizerController$TaskFragmentOrganizerState.dispatchTransaction:517 com.android.server.wm.TaskFragmentOrganizerController.dispatchPendingEvents:1259 com.android.server.wm.TaskFragmentOrganizerController.dispatchPendingEvents:1228 com.android.server.wm.RootWindowContainer.performSurfacePlacement:777 
05-25 03:08:50.925 11104 11104 I app_process: System.exit called, status: 0
05-25 03:08:50.925 11104 11104 I AndroidRuntime: VM exiting with result code 0.
05-25 03:08:50.925  1151  1151 D RecentsView: onTaskDisplayChanged: 17, new displayId = 0
05-25 03:08:50.927  1151  1151 D b/417220811: invalidateLoadedTasks - previous requestLoadId: -1
05-25 03:08:50.930   755   966 D BackgroundInstallControlService: Package event received: 0
05-25 03:08:50.930  1151  1151 D b/417220811: invalidateLoadedTasks - previous requestLoadId: -1
05-25 03:08:50.933   755  2150 V WindowManager: Continue transition id=33 for TaskFragmentTransaction=android.os.Binder@32e1e85
05-25 03:08:50.933   755  2150 V WindowManager: continueTransitionReady deferReadyDepth=0 stack=com.android.server.wm.TransitionController.continueTransitionReady:1071 com.android.server.wm.TaskFragmentOrganizerController$TaskFragmentOrganizerState.onTransactionFinished:546 com.android.server.wm.TaskFragmentOrganizerController.onTransactionHandled:740 android.window.ITaskFragmentOrganizerController$Stub.onTransact:225 android.os.Binder.execTransactInternal:1473 
05-25 03:08:50.934   545   545 D Zygote  : Forked child process 11116
05-25 03:08:50.935   755   787 I ActivityManager: Start proc 11116:com.tiarnanlarkin.danio/u0a219 for next-top-activity {com.tiarnanlarkin.danio/com.tiarnanlarkin.danio.MainActivity}
05-25 03:08:50.941   755   864 I EventHub: Removing device Monkey touch due to epoll hang-up event.
05-25 03:08:50.941   755   864 I EventHub: Removed device: path=/dev/input/event14 name=Monkey touch id=16 fd=651 classes=TOUCH | TOUCH_MT
05-25 03:08:50.943 11116 11116 I Zygote  : Process 11116 created for com.tiarnanlarkin.danio
05-25 03:08:50.944 11116 11116 I nanlarkin.danio: Late-enabling -Xcheck:jni
05-25 03:08:50.956  1151  1151 D BaseActivity: Launcher flags updated: [state_started] -[state_window_focused]
05-25 03:08:50.968   755   864 I InputReader: Device removed: id=16, eventHubId=16, name='Monkey touch', descriptor='e1fe28b90f915c7d1febbd52c1ef84b3c4cbed9f', sources=TOUCHSCREEN
05-25 03:08:50.977 11116 11116 I nanlarkin.danio: Using CollectorTypeCMC GC.
05-25 03:08:50.978 11116 11116 W nanlarkin.danio: Unexpected CPU variant for x86: x86_64.
05-25 03:08:50.978 11116 11116 W nanlarkin.danio: Known variants: atom, sandybridge, silvermont, goldmont, goldmont-plus, goldmont-without-sha-xsaves, tremont, kabylake, alderlake, default
05-25 03:08:50.978   755   864 I EventHub: Removing device '/dev/input/event14' due to inotify event
05-25 03:08:50.982   755   775 V WindowManager: Sent Transition (#33) createdAt=05-25 03:08:50.912 via request=TransitionRequestInfo { type = OPEN, triggerTask = TaskInfo{userId=0 taskId=17 effectiveUid=10219 displayId=0 isRunning=true baseIntent=Intent { act=android.intent.action.MAIN cat=[android.intent.category.LAUNCHER] flg=0x10200000 cmp=com.tiarnanlarkin.danio/.MainActivity } baseActivity=ComponentInfo{com.tiarnanlarkin.danio/com.tiarnanlarkin.danio.MainActivity} topActivity=ComponentInfo{com.tiarnanlarkin.danio/com.tiarnanlarkin.danio.MainActivity} origActivity=null realActivity=ComponentInfo{com.tiarnanlarkin.danio/com.tiarnanlarkin.danio.MainActivity} numActivities=1 lastActiveTime=4133425 supportsMultiWindow=true resizeMode=1 isResizeable=true minWidth=-1 minHeight=-1 defaultMinSize=220 token=WCT{RemoteToken{eed088a Task{377ee93 #17 type=standard I=com.tiarnanlarkin.danio/.MainActivity}}} topActivityType=1 pictureInPictureParams=null shouldDockBigOverlays=false launchIntoPipHostTaskId=-1 lastParentTaskIdBeforePip=-1 displayCutoutSafeInsets=Rect(0, 0 - 0, 0) topActivityInfo=ActivityInfo{842defb com.tiarnanlarkin.danio.MainActivity} launchCookies=[] positionInParent=Point(0, 0) parentTaskId=-1 isFocused=false isVisible=false isVisibleRequested=false isTopActivityNoDisplay=false isSleeping=false locusId=null displayAreaFeatureId=1 isTopActivityTransparent=false isActivityStackTransparent=false lastNonFullscreenBounds=null capturedLink=null capturedLinkTimestamp=0 requestedVisibleTypes=503 topActivityRequestOpenInBrowserEducationTimestamp=0 appCompatTaskInfo=AppCompatTaskInfo { topActivityInSizeCompat=false isLeafTask= true eligibleForLetterboxEducation= false isLetterboxEducationEnabled= true isLetterboxDoubleTapEnabled= false eligibleForUserAspectRatioButton= false topActivityBoundsLetterboxed= false isFromLetterboxDoubleTap= false topActivityLetterboxVerticalPosition= -1 topActivityLetterboxHorizontalPosition= -1 topActivityLetterboxWidth=-1 topActivityLetterboxHeight=-1 topActivityAppBounds=Rect(0, 0 - 1080, 2400) isUserFullscreenOverrideEnabled=false isSystemFullscreenOverrideEnabled=false hasMinAspectRatioOverride=false topActivityLetterboxBounds=null cameraCompatTaskInfo=CameraCompatTaskInfo { cameraCompatMode=inactive0} topNonResizableActivityAspectRatio=-1.0} topActivityMainWindowFrame=null isAppBubble=false}, pipChange = null, remoteTransition = null, displayChange = null, requestedLocation = null, userChange = null, windowingLayerChange = null, flags = 0, debugId = 33 }
05-25 03:08:50.982   755   775 V WindowManager:     startWCT=WindowContainerTransaction { changes= {} hops= [] errorCallbackToken=null taskFragmentOrganizer=null }
05-25 03:08:50.982   627   652 I adbd    : jdwp connection from 11116
05-25 03:08:50.982   755   775 V WindowManager:     info={id=33 t=OPEN f=0x0 trk=0 r=[0@Point(0, 0)] c=[
05-25 03:08:50.982   755   775 V WindowManager:         {WCT{RemoteToken{eed088a Task{377ee93 #17 type=standard I=com.tiarnanlarkin.danio/.MainActivity}}} m=OPEN f=NONE leash=Surface(name=Task=17#635)/@0xb4e282c sb=Rect(0, 0 - 1080, 2400) eb=Rect(0, 0 - 1080, 2400) epz=Point(1080, 2400) d=0 taskParent=-1 winMode=1 userId=0},
05-25 03:08:50.982   755   775 V WindowManager:         {WCT{RemoteToken{9b18a9 Task{dee529 #1 type=home}}} m=TO_BACK f=SHOW_WALLPAPER leash=Surface(name=Task=1#42)/@0xd1a2fc4 sb=Rect(0, 0 - 1080, 2400) eb=Rect(0, 0 - 1080, 2400) epz=Point(1080, 2400) d=0 taskParent=-1 winMode=1 userId=0},
05-25 03:08:50.982   755   775 V WindowManager:         {m=TO_BACK f=IS_WALLPAPER leash=Surface(name=WallpaperWindowToken{6b1c075}#58)/@0xe496ad7 sb=Rect(0, 0 - 1080, 2400) eb=Rect(0, 0 - 1080, 2400) epz=Point(1080, 2400) d=0}
05-25 03:08:50.982   755   775 V WindowManager:     ]}
05-25 03:08:50.983  1012  5013 V WindowManagerShell: onTransitionReady(transaction=3242700317568)
05-25 03:08:50.983  1012  1069 V WindowManagerShell: onTransitionReady (#33) android.os.BinderProxy@f096b13: {id=33 t=OPEN f=0x0 trk=0 r=[0@Point(0, 0)] c=[
05-25 03:08:50.983  1012  1069 V WindowManagerShell:         {m=OPEN f=NONE leash=Surface(name=Task=17#635)/@0xfe49f1 sb=Rect(0, 0 - 1080, 2400) eb=Rect(0, 0 - 1080, 2400) epz=Point(1080, 2400) d=0 taskParent=-1 winMode=1 userId=0},
05-25 03:08:50.983  1012  1069 V WindowManagerShell:         {m=TO_BACK f=SHOW_WALLPAPER leash=Surface(name=Task=1#42)/@0x83319d6 sb=Rect(0, 0 - 1080, 2400) eb=Rect(0, 0 - 1080, 2400) epz=Point(1080, 2400) d=0 taskParent=-1 winMode=1 userId=0},
05-25 03:08:50.983  1012  1069 V WindowManagerShell:         {m=TO_BACK f=IS_WALLPAPER leash=Surface(name=WallpaperWindowToken{6b1c075}#58)/@0x1256457 sb=Rect(0, 0 - 1080, 2400) eb=Rect(0, 0 - 1080, 2400) epz=Point(1080, 2400) d=0}
05-25 03:08:50.983  1012  1069 V WindowManagerShell:     ]}
05-25 03:08:50.983  1012  1069 V WindowManagerShell: Playing animation for (#33) android.os.BinderProxy@f096b13@0
05-25 03:08:50.984  1012  1069 V ShellRecents: RecentsTransitionHandler.startAnimation: no controller found
05-25 03:08:50.984  1012  1069 V WindowManagerShell: Transition doesn't have explicit remote, search filters for match for {id=33 t=OPEN f=0x0 trk=0 r=[0@Point(0, 0)] c=[{m=OPEN f=NONE leash=Surface(name=Task=17#635)/@0xfe49f1 sb=Rect(0, 0 - 1080, 2400) eb=Rect(0, 0 - 1080, 2400) epz=Point(1080, 2400) d=0 taskParent=-1 winMode=1 userId=0},{m=TO_BACK f=SHOW_WALLPAPER leash=Surface(name=Task=1#42)/@0x83319d6 sb=Rect(0, 0 - 1080, 2400) eb=Rect(0, 0 - 1080, 2400) epz=Point(1080, 2400) d=0 taskParent=-1 winMode=1 userId=0},{m=TO_BACK f=IS_WALLPAPER leash=Surface(name=WallpaperWindowToken{6b1c075}#58)/@0x1256457 sb=Rect(0, 0 - 1080, 2400) eb=Rect(0, 0 - 1080, 2400) epz=Point(1080, 2400) d=0}]}
05-25 03:08:50.984  1012  1069 V WindowManagerShell:  Checking filter Pair{{types=[] flags=0x0] notFlags=0x0 checks=[{atype=undefined independent=true modes=[CLOSE,TO_BACK] flags=IN_TASK_WITH_EMBEDDED_ACTIVITY mustBeTask=false order=ANY topActivity=null launchCookie=null taskFragmentToken=android.os.BinderProxy@783bfea windowingMode=undefined isCrossDisplayMove=false}]} RemoteTransition { remoteTransition = android.window.IRemoteTransition$Stub$Proxy@8e32db, appThread = android.app.IApplicationThread$Stub$Proxy@6c9178, debugName = overlayBackTransition }}
05-25 03:08:50.984  1012  1069 V WindowManagerShell:  Checking filter Pair{{types=[] flags=0x0] notFlags=0x0 checks=[{atype=dream independent=true modes=[OPEN,TO_FRONT] flags=NONE mustBeTask=false order=ANY topActivity=null launchCookie=null windowingMode=undefined isCrossDisplayMove=false},{atype=home independent=true modes=[CLOSE,TO_BACK] flags=NONE mustBeTask=false order=ANY topActivity=null launchCookie=null windowingMode=undefined isCrossDisplayMove=false}]} RemoteTransition { remoteTransition = android.window.IRemoteTransition$Stub$Proxy@d5cb051, appThread = android.app.IApplicationThread$Stub$Proxy@dd5f0b6, debugName = LauncherToDream }}
05-25 03:08:50.984   755   778 D WindowManager: Direct invocation of sendNewConfiguration: Display{#0 state=ON size=1080x2400 ROTATION_0}
05-25 03:08:50.984  1012  1069 V WindowManagerShell:  Checking filter Pair{{types=[] flags=0x0] notFlags=0x100 checks=[{atype=home independent=true modes=[OPEN,TO_FRONT] flags=NONE mustBeTask=false order=TOP topActivity=ComponentInfo{com.google.android.apps.nexuslauncher/com.google.android.apps.nexuslauncher.NexusLauncherActivity} launchCookie=null windowingMode=undefined isCrossDisplayMove=false},{atype=standard independent=true modes=[CLOSE,TO_BACK] flags=NONE mustBeTask=false order=ANY topActivity=null launchCookie=null windowingMode=undefined isCrossDisplayMove=false},{NOT atype=undefined independent=true modes=[] flags=NONE mustBeTask=true order=ANY topActivity=null launchCookie=null customAnim=true windowingMode=undefined isCrossDisplayMove=false}]} RemoteTransition { remoteTransition = android.window.IRemoteTransition$Stub$Proxy@63321b7, appThread = android.app.IApplicationThread$Stub$Proxy@2954d24, debugName = QuickstepLaunchHome }}
05-25 03:08:50.985  1012  1069 V WindowManagerShell:  Delegate animation for (#33) to null
05-25 03:08:50.985  1012  1069 V WindowManagerShell: start default transition animation, info = {id=33 t=OPEN f=0x0 trk=0 r=[0@Point(0, 0)] c=[{m=OPEN f=NONE leash=Surface(name=Task=17#635)/@0xfe49f1 sb=Rect(0, 0 - 1080, 2400) eb=Rect(0, 0 - 1080, 2400) epz=Point(1080, 2400) d=0 taskParent=-1 winMode=1 userId=0},{m=TO_BACK f=SHOW_WALLPAPER leash=Surface(name=Task=1#42)/@0x83319d6 sb=Rect(0, 0 - 1080, 2400) eb=Rect(0, 0 - 1080, 2400) epz=Point(1080, 2400) d=0 taskParent=-1 winMode=1 userId=0},{m=TO_BACK f=IS_WALLPAPER leash=Surface(name=WallpaperWindowToken{6b1c075}#58)/@0x1256457 sb=Rect(0, 0 - 1080, 2400) eb=Rect(0, 0 - 1080, 2400) epz=Point(1080, 2400) d=0}]}
05-25 03:08:50.985   755   778 W libbinder.IPCThreadState: Sending oneway calls to frozen process.
05-25 03:08:50.986  1012  1069 V WindowManagerShell: loadAnimation: anim=android.view.animation.AnimationSet@2b1eef3 animAttr=0x13 type=OPEN isEntrance=false
05-25 03:08:50.986  1440  1440 I PkDeviceHelper: PkDeviceHelper.refreshDevices():87 refreshing devices
05-25 03:08:50.986  1440  1440 I PkDeviceHelper: PkDeviceHelper.addDevice():125 device qwerty2 added
05-25 03:08:50.986  1440  1440 I PkDeviceHelper: PkDeviceHelper.addDevice():125 device AT Translated Set 2 keyboard added
05-25 03:08:50.986  1012  1069 V WindowManagerShell: loadAnimation: anim=android.view.animation.AnimationSet@d72874f animAttr=0x12 type=OPEN isEntrance=true
05-25 03:08:50.988   755   778 W PermissionService: getPermissionFlags: Unknown user -1
05-25 03:08:50.988  1012  1069 V WindowManagerShell:  animated by com.android.wm.shell.transition.DefaultTransitionHandler@7b0dc0f
05-25 03:08:50.988  1012  1069 V ShellTaskOrganizer: Task appeared taskId=17 listener=FullscreenTaskListener
05-25 03:08:50.988  1012  1069 V ShellTaskOrganizer: Fullscreen Task Appeared: #17
05-25 03:08:50.988  1151  1151 D b/417220811: invalidateLoadedTasks - previous requestLoadId: -1
05-25 03:08:50.988   755   778 W PermissionService: getPermissionFlags: Unknown user -1
05-25 03:08:50.995  1012  1012 D NavigationModeController: getCurrentUserContext: contextUser=0 currentUser=0
05-25 03:08:51.007 11116 11116 D nativeloader: Load libframework-connectivity-tiramisu-jni.so using APEX ns com_android_tethering for caller /apex/com.android.tethering/javalib/framework-connectivity-t.jar: ok
05-25 03:08:51.026   755   966 D BackgroundInstallControlService: Package event received: 0
05-25 03:08:51.028  1151  1151 D b/417220811: invalidateLoadedTasks - previous requestLoadId: -1
05-25 03:08:51.053 11116 11116 D ApplicationLoaders: Returning zygote-cached class loader: /system_ext/framework/androidx.window.extensions.jar
05-25 03:08:51.054 11116 11116 D ApplicationLoaders: Returning zygote-cached class loader: /system_ext/framework/androidx.window.sidecar.jar
05-25 03:08:51.193  1546  2111 W AiAiEcho: LyftNotificationParser Ridesharing ETA not enabled
05-25 03:08:51.193  1546  2111 I AiAiEcho: SmartspaceNotificationPredictor no parser can handle this notification or notification is invalid
05-25 03:08:51.293  1012  1069 V WindowManagerShell: Transition animation finished (aborted=false), notifying core (#33) android.os.BinderProxy@f096b13@0
05-25 03:08:51.298   755   775 V WindowManager: Finish Transition (#33): created at 05-25 03:08:50.912 collect-started=0.018ms request-sent=4.22ms started=5.244ms ready=67.542ms sent=69.313ms commit=12.536ms finished=385.757ms
05-25 03:08:51.299  1151  1151 D VRI[NexusLauncherActivity]: visibilityChanged oldVisibility=true newVisibility=false
05-25 03:08:51.300  1012  1069 V WindowManagerShell: Track 0 became idle
05-25 03:08:51.301  1012  1348 D WallpaperService: onVisibilityChanged(false): com.android.systemui.wallpapers.ImageWallpaper$CanvasEngine@ca2f989
05-25 03:08:51.301  1012  1069 V WindowManagerShell: All active transition animations finished
05-25 03:08:51.310  1151  1151 D NexusLauncherModelDelegate: notifySmartspaceEvent: SmartspaceTargetEvent{mSmartspaceTarget=null, mSmartspaceActionId='null', mEventType=7}
05-25 03:08:51.314 11116 11116 D nativeloader: Configuring clns-9 for other apk /data/app/~~nuCeRd-wfbrV0SWpqbqfRA==/com.tiarnanlarkin.danio-7qUC1cHUZjuBCdlR5NBVLg==/base.apk. target_sdk_version=36, uses_libraries=, library_path=/data/app/~~nuCeRd-wfbrV0SWpqbqfRA==/com.tiarnanlarkin.danio-7qUC1cHUZjuBCdlR5NBVLg==/lib/x86_64:/data/app/~~nuCeRd-wfbrV0SWpqbqfRA==/com.tiarnanlarkin.danio-7qUC1cHUZjuBCdlR5NBVLg==/base.apk!/lib/x86_64, permitted_path=/data:/mnt/expand:/data/user/0/com.tiarnanlarkin.danio
05-25 03:08:51.328 11116 11116 V GraphicsEnvironment: Currently set values for:
05-25 03:08:51.328 11116 11116 V GraphicsEnvironment:   angle_gl_driver_selection_pkgs=[]
05-25 03:08:51.328 11116 11116 V GraphicsEnvironment:   angle_gl_driver_selection_values=[]
05-25 03:08:51.328 11116 11116 V GraphicsEnvironment: com.tiarnanlarkin.danio is not listed in per-application setting
05-25 03:08:51.329 11116 11116 V GraphicsEnvironment: ANGLE allowlist from config: com.dreamgames.royalmatch com.dts.freefiremax com.dxx.firenow com.gramgames.mergedragons com.ludo.king com.mojang.minecraftpe com.my.defense com.nintendo.zaka com.os.airforce com.playrix.fishdomdd.gplay io.teslatech.callbreak jp.konami.prospia net.peakgames.toonblast
05-25 03:08:51.329 11116 11116 V GraphicsEnvironment: No special selections for ANGLE, returning default driver choice
05-25 03:08:51.329 11116 11116 V GraphicsEnvironment: Neither updatable production driver nor prerelease driver is supported.
05-25 03:08:51.355   755   966 D BackgroundInstallControlService: Package event received: 0
05-25 03:08:51.355   755   966 D BackgroundInstallControlService: Package event received: 0
05-25 03:08:51.356 11116 11133 I DisplayManager: Choreographer implicitly registered for the refresh rate.
05-25 03:08:51.368 11116 11116 E ashmem  : Pinning is deprecated since Android Q. Please use trim or other methods.
05-25 03:08:51.384 11116 11135 D FlutterJNI: Beginning load of flutter...
05-25 03:08:51.385 11116 11136 I ResourceExtractor: Found extracted resources res_timestamp-1-1779673908088
05-25 03:08:51.385 11116 11136 I ResourceExtractor: Resource version mismatch res_timestamp-1-1779674901038
05-25 03:08:51.488 11116 11135 D nativeloader: Load /data/app/~~nuCeRd-wfbrV0SWpqbqfRA==/com.tiarnanlarkin.danio-7qUC1cHUZjuBCdlR5NBVLg==/base.apk!/lib/x86_64/libflutter.so using class loader ns clns-9 (caller=/data/app/~~nuCeRd-wfbrV0SWpqbqfRA==/com.tiarnanlarkin.danio-7qUC1cHUZjuBCdlR5NBVLg==/base.apk): ok
05-25 03:08:51.494 11116 11135 D FlutterJNI: flutter (null) was loaded normally!
05-25 03:08:51.505 11116 11133 I GFXSTREAM: [eglDisplay.cpp(297)] Opening libGLESv1_CM_emulation.so
05-25 03:08:51.506 11116 11133 I GFXSTREAM: [eglDisplay.cpp(297)] Opening libGLESv2_emulation.so
05-25 03:08:51.514 11116 11133 W HWUI    : Failed to choose config with EGL_SWAP_BEHAVIOR_PRESERVED, retrying without...
05-25 03:08:51.515 11116 11133 W HWUI    : Failed to initialize 101010-2 format, error = EGL_SUCCESS
05-25 03:08:51.556   755   906 I HalDevMgr: bestIfaceCreationProposal is null, requestIface=STA, existingIface=[name=wlan0 type=STA]
05-25 03:08:51.922 11116 11136 I ResourceExtractor: Extracted baseline resource assets/flutter_assets/kernel_blob.bin
05-25 03:08:51.924 11116 11136 I ResourceExtractor: Extracted baseline resource assets/flutter_assets/vm_snapshot_data
05-25 03:08:51.968 11116 11136 I ResourceExtractor: Extracted baseline resource assets/flutter_assets/isolate_snapshot_data
05-25 03:08:51.970   755  1185 D FileUtils: Rounded bytes from 4104835072 to 8000000000
05-25 03:08:51.984 11116 11116 W nanlarkin.danio: type=1400 audit(0.0:59): avc:  denied  { read } for  name="max_map_count" dev="proc" ino=18116 scontext=u:r:untrusted_app:s0:c219,c256,c512,c768 tcontext=u:object_r:proc_max_map_count:s0 tclass=file permissive=0 app=com.tiarnanlarkin.danio
05-25 03:08:52.002 11116 11116 D DesktopExperienceFlags: Toggle override initialized to: false
05-25 03:08:52.002 11116 11116 D DesktopModeFlags: Toggle override initialized to: OVERRIDE_UNSET
05-25 03:08:52.053 11116 11138 I flutter : [IMPORTANT:flutter/shell/platform/android/android_context_gl_impeller.cc(104)] Using the Impeller rendering backend (OpenGLES).
05-25 03:08:52.058 11116 11145 I flutter : The Dart VM service is listening on http://127.0.0.1:38961/BThBhq26Aek=/
05-25 03:08:52.250 11116 11116 D com.llfbandit.app_links: Intent { act=android.intent.action.MAIN cat=[android.intent.category.LAUNCHER] flg=0x10200000 cmp=com.tiarnanlarkin.danio/.MainActivity }
05-25 03:08:52.289 11116 11116 I nanlarkin.danio: hiddenapi: Accessing hidden method Landroid/view/accessibility/AccessibilityNodeInfo;->getSourceNodeId()J (runtime_flags=0, domain=platform, api=unsupported,test-api) from Lio/flutter/view/AccessibilityViewEmbedder$ReflectionAccessors; (domain=app, TargetSdkVersion=36) using reflection: allowed
05-25 03:08:52.290 11116 11116 I nanlarkin.danio: hiddenapi: Accessing hidden method Landroid/view/accessibility/AccessibilityRecord;->getSourceNodeId()J (runtime_flags=0, domain=platform, api=unsupported) from Lio/flutter/view/AccessibilityViewEmbedder$ReflectionAccessors; (domain=app, TargetSdkVersion=36) using reflection: allowed
05-25 03:08:52.290 11116 11116 I nanlarkin.danio: hiddenapi: Accessing hidden field Landroid/view/accessibility/AccessibilityNodeInfo;->mChildNodeIds:Landroid/util/LongArray; (runtime_flags=0, domain=platform, api=unsupported) from Lio/flutter/view/AccessibilityViewEmbedder$ReflectionAccessors; (domain=app, TargetSdkVersion=36) using reflection: allowed
05-25 03:08:52.290 11116 11116 I nanlarkin.danio: hiddenapi: Accessing hidden method Landroid/util/LongArray;->get(I)J (runtime_flags=0, domain=platform, api=unsupported) from Lio/flutter/view/AccessibilityViewEmbedder$ReflectionAccessors; (domain=app, TargetSdkVersion=36) using reflection: allowed
05-25 03:08:52.299 11116 11116 D FlutterRenderer: Width is zero. 0,0
05-25 03:08:52.301 11116 11116 D CompatChangeReporter: Compat change id reported: 377864165; UID 10219; state: ENABLED
05-25 03:08:52.314 11116 11116 W HWUI    : Unknown dataspace 0
05-25 03:08:52.511 11116 11116 D WindowOnBackDispatcher: setTopOnBackInvokedCallback (unwrapped): android.app.Activity$$ExternalSyntheticLambda0@e0256e2
05-25 03:08:52.512   755  2150 D CoreBackPreview: Window{97eb642 u0 com.tiarnanlarkin.danio/com.tiarnanlarkin.danio.MainActivity}: Setting back callback OnBackInvokedCallbackInfo{mCallback=android.window.IOnBackInvokedCallback$Stub$Proxy@9ad7c89, mPriority=-1, mIsAnimationCallback=false, mOverrideBehavior=0}
05-25 03:08:52.551 11116 11116 I WindowExtensionsImpl: Initializing Window Extensions, vendor API level=9, activity embedding enabled=true
05-25 03:08:52.573 11116 11116 D VRI[MainActivity]: WindowInsets changed: 1080x2400 statusBars:[0,63,0,0] navigationBars:[0,0,0,63] mandatorySystemGestures:[0,63,0,84] 
05-25 03:08:52.573 11116 11116 D FlutterRenderer: Width is zero. 0,0
05-25 03:08:52.593 11116 11116 D FlutterRenderer: Width is zero. 0,0
05-25 03:08:52.594 11116 11116 D FlutterJNI: Sending viewport metrics to the engine.
05-25 03:08:52.626 11116 11121 I nanlarkin.danio: Compiler allocated 5087KB to compile void android.view.ViewRootImpl.performTraversals()
05-25 03:08:52.984 11116 11116 D FlutterJNI: Sending viewport metrics to the engine.
05-25 03:08:52.996 11116 11116 D WindowLayoutComponentImpl: Register WindowLayoutInfoListener on Context=com.tiarnanlarkin.danio.MainActivity@fadecaf, of which baseContext=android.app.ContextImpl@7c8c2a7
05-25 03:08:53.422 11116 11116 D FlutterJNI: Sending viewport metrics to the engine.
05-25 03:08:53.883  1139  1263 D SatelliteController: iisInCarrierRoamingNbIotNtn: satellite is disabled
05-25 03:08:53.884   755  2150 W libbinder.IPCThreadState: Sending oneway calls to frozen process.
05-25 03:08:53.888  1139  1263 D SatelliteController: getCarrierRoamingNtnConnectType: Falling back to global carrier config connect type: 0
05-25 03:08:54.165 11116 11116 I Choreographer: Skipped 45 frames!  The application may be doing too much work on its main thread.
05-25 03:08:54.168 11116 11116 D FlutterJNI: Sending viewport metrics to the engine.
05-25 03:08:54.198 11116 11130 I HWUI    : Davey! duration=785ms; Flags=1, FrameTimelineVsyncId=1754948, IntendedVsync=4135918114898, Vsync=4136668114868, InputEventId=0, HandleInputStart=4136674281913, AnimationStart=4136674283093, PerformTraversalsStart=4136674283466, DrawStart=4136680324010, FrameDeadline=4135934781564, FrameStartTime=4136674059686, FrameInterval=16666666, WorkloadTarget=16666666, SyncQueued=4136681098557, SyncStart=4136681909387, IssueDrawCommandsStart=4136682066150, SwapBuffers=4136690377937, FrameCompleted=4136704659499, DequeueBufferDuration=10813656, QueueBufferDuration=621806, GpuCompleted=4136693800819, SwapBuffersCompleted=4136704659499, DisplayPresentTime=124375850099301, CommandSubmissionCompleted=4136690377937, 
05-25 03:08:54.200   755   775 I ActivityTaskManager: Displayed com.tiarnanlarkin.danio/.MainActivity for user 0: +3s289ms
05-25 03:08:54.200   755   775 I ActivityTaskManager: Fully drawn com.tiarnanlarkin.danio/.MainActivity: +3s289ms
05-25 03:08:54.216 11116 11116 I flutter : [LocalJsonStorageService] ✅ Storage loaded successfully: 1 tanks, 0 livestock, 0 equipment
05-25 03:08:54.224 11116 11116 D WindowOnBackDispatcher: setTopOnBackInvokedCallback (unwrapped): io.flutter.embedding.android.FlutterActivity$1@6f0874a
05-25 03:08:54.225   755  1185 D CoreBackPreview: Window{97eb642 u0 com.tiarnanlarkin.danio/com.tiarnanlarkin.danio.MainActivity}: Setting back callback OnBackInvokedCallbackInfo{mCallback=android.window.IOnBackInvokedCallback$Stub$Proxy@91e7b54, mPriority=0, mIsAnimationCallback=true, mOverrideBehavior=0}
05-25 03:08:54.225 11116 11116 D WindowOnBackDispatcher: setTopOnBackInvokedCallback (unwrapped): android.app.Activity$$ExternalSyntheticLambda0@e0256e2
05-25 03:08:54.225   755  1185 D CoreBackPreview: Window{97eb642 u0 com.tiarnanlarkin.danio/com.tiarnanlarkin.danio.MainActivity}: Setting back callback OnBackInvokedCallbackInfo{mCallback=android.window.IOnBackInvokedCallback$Stub$Proxy@2864afd, mPriority=-1, mIsAnimationCallback=false, mOverrideBehavior=0}
05-25 03:08:54.387   755   873 I ImeTracker: com.tiarnanlarkin.danio:c914100d: onRequestHide at ORIGIN_SERVER reason HIDE_UNSPECIFIED_WINDOW fromUser false
05-25 03:08:54.391  1440  1440 I GoogleInputMethodService: GoogleInputMethodService.onFinishInput():2259 
05-25 03:08:54.391  1440  1440 I Module  : DeviceLockedStatusModuleProvider$Module.updateDeviceLockedStatus():103 repeatCheckTimes = 0, locked = false
05-25 03:08:54.391  1440  1440 I GoogleInputMethodService: GoogleInputMethodService.onStartInput():1446 onStartInput(EditorInfo{EditorInfo{packageName=com.tiarnanlarkin.danio, inputType=0, inputTypeString=NULL, enableLearning=false, autoCorrection=false, autoComplete=false, imeOptions=0, privateImeOptions=null, actionName=UNSPECIFIED, actionLabel=null, initialSelStart=-1, initialSelEnd=-1, initialCapsMode=0, label=null, fieldId=0, fieldName=null, extras=null, hintText=null, hintLocales=[]}}, false)
05-25 03:08:54.392  1440  1440 I AndroidIME: LatinIMEBase.updateInputViewCoverNavigation():322 Update input view padding, isNavbarOverInputWindow=true, bottom inset=126
05-25 03:08:54.392   755  2150 I ImeTracker: system_server:74503d10: onRequestHide at ORIGIN_SERVER reason IME_REQUESTED_CHANGED_LISTENER fromUser false
05-25 03:08:54.392  1440  1440 I Module  : DeviceLockedStatusModuleProvider$Module.updateDeviceLockedStatus():103 repeatCheckTimes = 1, locked = false
05-25 03:08:54.393   755   778 I ImeTracker: system_server:74503d10: onCancelled at PHASE_SERVER_SHOULD_HIDE
05-25 03:08:54.396   755  2150 W PackageConfigPersister: App-specific configuration not found for packageName: com.tiarnanlarkin.danio and userId: 0
05-25 03:08:54.432   755  2150 D ConnectivityService: requestNetwork for uid/pid:10219/11116 activeRequest: null callbackRequest: 239 [NetworkRequest [ REQUEST id=240, [ Capabilities: INTERNET&NOT_RESTRICTED&TRUSTED&NOT_VCN_MANAGED&NOT_BANDWIDTH_CONSTRAINED Uid: 10219 RequestorUid: 10219 RequestorPkg: com.tiarnanlarkin.danio UnderlyingNetworks: Null] ]] callback flags: 0 order: 2147483647 isUidTracked: false declaredMethods: AVAIL|LOST|NC
05-25 03:08:54.435   755   906 D WifiNetworkFactory: got request NetworkRequest [ REQUEST id=240, [ Capabilities: INTERNET&NOT_RESTRICTED&TRUSTED&NOT_VCN_MANAGED&NOT_BANDWIDTH_CONSTRAINED Uid: 10219 RequestorUid: 10219 RequestorPkg: com.tiarnanlarkin.danio UnderlyingNetworks: Null] ]
05-25 03:08:54.436 11116 11116 D FlutterJNI: Sending viewport metrics to the engine.
05-25 03:08:54.437   755   916 D ConnectivityService: NetReassign [240 : null → 100] [c 0] [a 1] [i 3]
05-25 03:08:54.437   755   906 D UntrustedWifiNetworkFactory: got request NetworkRequest [ REQUEST id=240, [ Capabilities: INTERNET&NOT_RESTRICTED&TRUSTED&NOT_VCN_MANAGED&NOT_BANDWIDTH_CONSTRAINED Uid: 10219 RequestorUid: 10219 RequestorPkg: com.tiarnanlarkin.danio UnderlyingNetworks: Null] ]
05-25 03:08:54.437   755   906 D OemPaidWifiNetworkFactory: got request NetworkRequest [ REQUEST id=240, [ Capabilities: INTERNET&NOT_RESTRICTED&TRUSTED&NOT_VCN_MANAGED&NOT_BANDWIDTH_CONSTRAINED Uid: 10219 RequestorUid: 10219 RequestorPkg: com.tiarnanlarkin.danio UnderlyingNetworks: Null] ]
05-25 03:08:54.438   755   906 D MultiInternetWifiNetworkFactory: got request NetworkRequest [ REQUEST id=240, [ Capabilities: INTERNET&NOT_RESTRICTED&TRUSTED&NOT_VCN_MANAGED&NOT_BANDWIDTH_CONSTRAINED Uid: 10219 RequestorUid: 10219 RequestorPkg: com.tiarnanlarkin.danio UnderlyingNetworks: Null] ]
05-25 03:08:54.441 11116 11116 D InsetsController: hide(ime())
05-25 03:08:54.442 11116 11116 I ImeTracker: com.tiarnanlarkin.danio:c914100d: onCancelled at PHASE_CLIENT_ALREADY_HIDDEN
05-25 03:08:54.465  1151  1151 D BaseActivity: Launcher flags updated: [] -[state_started]
05-25 03:08:54.465  1151  1151 D BaseDepthController: setSurface:
05-25 03:08:54.465  1151  1151 D BaseDepthController: 	mWaitingOnSurfaceValidity: false
05-25 03:08:54.465  1151  1151 D BaseDepthController: 	mBaseSurface: null
05-25 03:08:54.465  1151  1151 D BaseDepthController: mSurface is null and mCurrentBlur is: 0
05-25 03:08:54.465  1151  1151 D LauncherStateManager: StateManager.goToState: fromState: Normal, toState: Normal, partial trace:
05-25 03:08:54.465  1151  1151 D LauncherStateManager: 	at com.android.launcher3.statemanager.StateManager.moveToRestState(go/retraceme 7101499b44b219b757f6885b35ae099b24fc769225595efcaaacae5b0f94500b:6)
05-25 03:08:54.465  1151  1151 D LauncherStateManager: 	at com.android.launcher3.statemanager.StateManager.moveToRestState(go/retraceme 7101499b44b219b757f6885b35ae099b24fc769225595efcaaacae5b0f94500b:2)
05-25 03:08:54.465  1151  1151 D LauncherStateManager: 	at com.android.launcher3.statemanager.StatefulActivity.onStop(go/retraceme 7101499b44b219b757f6885b35ae099b24fc769225595efcaaacae5b0f94500b:32)
05-25 03:08:54.465  1151  1151 D LauncherStateManager: StateManager.onRepeatStateSetAborted: state: Normal
05-25 03:08:54.466  1151  1151 D ActivityContext: hideKeyboard
05-25 03:08:54.466  1151  1151 D ActivityContext: isImeShown: false
05-25 03:08:54.466  1151  1151 D StatsLog: LAUNCHER_ONSTOP
05-25 03:08:54.466  1151  1151 D StatsLog: LAUNCHER_GOOGLE_SEARCH_RESTORE_LIST_SIZE_AFTER_ACTIVITY_RESTART
05-25 03:08:54.480   755   966 D BackgroundInstallControlService: Package event received: 0
05-25 03:08:54.502 11116 11153 D SessionsDependencies: Dependency to CRASHLYTICS added.
05-25 03:08:54.504 11116 11153 I FirebaseApp: Device unlocked: initializing all Firebase APIs for app [DEFAULT]
05-25 03:08:54.548 11116 11153 D FirebaseSessions: Initializing Firebase Sessions SDK.
05-25 03:08:54.550 11116 11153 I FirebaseCrashlytics: Initializing Firebase Crashlytics 18.6.3 for com.tiarnanlarkin.danio
05-25 03:08:54.554 11116 11153 D SessionsDependencies: Subscriber CRASHLYTICS registered.
05-25 03:08:54.559   755   906 I HalDevMgr: bestIfaceCreationProposal is null, requestIface=STA, existingIface=[name=wlan0 type=STA]
05-25 03:08:54.559 11116 11165 D LifecycleServiceBinder: Binding service to application.
05-25 03:08:54.568 11116 11116 D SessionLifecycleService: Service bound to new client on process 11116
05-25 03:08:54.569 11116 11116 D SessionLifecycleClient: Connected to SessionLifecycleService. Queue size 0
05-25 03:08:54.574 11116 11168 D SessionLifecycleService: App has not yet foregrounded. Using previously stored session: null
05-25 03:08:54.575 11116 11168 D SessionLifecycleService: Client android.os.Messenger@6b8ebbc bound at 4137077. Clients: 1
05-25 03:08:54.618   755  1185 D FileUtils: Rounded bytes from 4104835072 to 8000000000
05-25 03:08:54.632 11116 11166 I FirebaseCrashlytics: No version control information found
05-25 03:08:54.633 11116 11116 I flutter : [Main] Firebase initialised successfully
