05-25 01:37:41.355  8235  8235 W .wgtr.app.debug: ClassLoaderContext classpath size mismatch. expected=0, found=2 (PCL[] | PCL[/system/framework/android.test.runner.jar*3954641918:/system/framework/android.test.mock.jar*1009639922]{PCL[/system/framework/android.test.base.jar*1653369819]#PCL[/system/framework/android.test.mock.jar*1009639922]#PCL[/system/framework/android.test.runner.jar*3954641918]{PCL[/system/framework/android.test.base.jar*1653369819]#PCL[/system/framework/android.test.mock.jar*1009639922]}};PCL[/system/framework/android.test.runner.jar*3954641918:/system/framework/android.test.mock.jar*1009639922:/system/framework/android.test.base.jar*1653369819:/data/app/~~FIld0uj9ibRKFqIU6QzL4Q==/com.wgtr.app.debug.test-EwMDKqaqLUCXmBz1EAEl2A==/base.apk*2373644349:/data/app/~~QHqEPpxEc3WQiI4PLvHVng==/com.wgtr.app.debug-j13HZmuxEkiCbj1RU5VrMA==/base.apk*2819784462]{PCL[/system_ext/framework/androidx.window.extensions.jar*1272918975]#PCL[/system_ext/framework/androidx.window.sidecar.jar*3267387525]})
05-25 01:37:41.880  8235  8235 I AndroidJUnitRunner: newApplication com.wgtr.app.TVRemoteApplication
05-25 01:37:41.898  8235  8235 W FirebaseApp: Default FirebaseApp failed to initialize because no default options were found. This usually means that com.google.gms:google-services was not applied to your gradle project.
05-25 01:37:41.898  8235  8235 I FirebaseInitProvider: FirebaseApp initialization unsuccessful
05-25 01:37:41.911  8235  8235 D WM-WrkMgrInitializer: Initializing WorkManager with default configuration.
05-25 01:37:41.942  8235  8235 D WM-PackageManagerHelper: Skipping component enablement for androidx.work.impl.background.systemjob.SystemJobService
05-25 01:37:41.943  8235  8235 D WM-Schedulers: Created SystemJobScheduler and enabled SystemJobService
05-25 01:37:41.948  8235  8249 D WM-ForceStopRunnable: The default process name was not specified.
05-25 01:37:41.948  8235  8249 D WM-ForceStopRunnable: Performing cleanup operations.
05-25 01:37:41.961  8235  8249 E ashmem  : Pinning is deprecated since Android Q. Please use trim or other methods.
05-25 01:37:41.961  8235  8235 I AndroidJUnitRunner: onCreate Bundle[mParcelledData.dataSize=176]
05-25 01:37:41.962  8235  8235 D AndroidJUnitRunner: Use the raw file system for managing file I/O.
05-25 01:37:41.991  8235  8249 D WM-ForceStopRunnable: Application was force-stopped, rescheduling.
05-25 01:37:42.012  8235  8252 D WM-PackageManagerHelper: Skipping component enablement for androidx.work.impl.background.systemalarm.RescheduleReceiver
05-25 01:37:42.015  8235  8235 V TestEventClient: No service name argument was given (testDiscoveryService, testRunEventService or orchestratorService)
05-25 01:37:42.016  8235  8253 D AndroidJUnitRunner: onStart is called.
05-25 01:37:42.035  8235  8235 D LocalNetworkGate: Local network permission not granted: android.permission.NEARBY_WIFI_DEVICES
05-25 01:37:42.037  8235  8235 D DiagnosticsHelper: DiagnosticsHelper initialized with snapshot repository
05-25 01:37:42.038  8235  8235 W SystemServiceRegistry: No service published for: consumer_ir
05-25 01:37:42.038  8235  8235 D IrCapabilityManager: IR: Hardware not available on this device
05-25 01:37:42.039  8235  8235 W AnalyticsManager: Firebase not configured - analytics disabled. Add google-services.json for full functionality.
05-25 01:37:42.039  8235  8235 W CrashReportingManager: Firebase not configured - crash reporting disabled. Add google-services.json for full functionality.
05-25 01:37:42.040  8235  8235 W PerformanceMonitor: Firebase not configured - performance monitoring disabled. Add google-services.json for full functionality.
05-25 01:37:42.043  8235  8235 D TVRemoteApplication: Worlds Greatest TV Remote application initialized
05-25 01:37:42.053  8235  8253 I InstrConnection: Could not send broadcast or register receiver (isolatedProcess?)
05-25 01:37:42.068  8235  8257 D MacroScheduler: MacroScheduler: Re-scheduling 0 macros
05-25 01:37:42.069  8235  8255 D LocalNetworkGate: Local network permission not granted: android.permission.NEARBY_WIFI_DEVICES
05-25 01:37:42.076  8235  8253 I TestRunner: run started: 1 tests
05-25 01:37:42.076  8235  8253 I TestRunner: started: scanScreen_manualAddAcceptsPastedRouterUrl(com.wgtr.app.ui.ScanScreenTest)
05-25 01:37:42.107  8235  8253 I Tracing : Tracer added: class androidx.test.platform.tracing.AndroidXTracer
05-25 01:37:42.114  8235  8253 D IdlingRegistry: Registering idling resources: [androidx.compose.ui.test.EspressoLink@d83149b]
05-25 01:37:42.119  8235  8253 W Settings: Setting always_finish_activities has moved from android.provider.Settings.System to android.provider.Settings.Global, returning read-only value.
05-25 01:37:42.123   803   818 V WindowManager: DesktopModeLaunchParamsModifier: phase= 0 task=null activity=null display-area-from-current-params=null display-area-from-default-fallback=DefaultTaskDisplayArea@244603552 display-id=0 task-display-area-windowing-mode=1 suggested-display-area=DefaultTaskDisplayArea@244603552 task null, skipping
05-25 01:37:42.123   803   818 V WindowManager: TaskLaunchParamsModifier:phase=0 task=null activity=null display-area-from-current-params=null display-area-from-default-fallback=DefaultTaskDisplayArea@244603552 display-id=0 task-display-area-windowing-mode=1 suggested-display-area=DefaultTaskDisplayArea@244603552
05-25 01:37:42.123   803   818 V GrammaticalInflectionUtils: AttributionSource: android.content.AttributionSource@8738015f does not have READ_SYSTEM_GRAMMATICAL_GENDER permission.
05-25 01:37:42.124   803   818 V WindowManager: DesktopModeLaunchParamsModifier: phase= 0 task=null activity=ActivityRecord{169121561 u0 com.wgtr.app.debug/androidx.activity.ComponentActivity display-area-from-current-params=null display-area-from-default-fallback=DefaultTaskDisplayArea@244603552 display-id=0 task-display-area-windowing-mode=1 suggested-display-area=DefaultTaskDisplayArea@244603552 task null, skipping
05-25 01:37:42.124   803   818 V WindowManager: TaskLaunchParamsModifier:phase=0 task=null activity=ActivityRecord{169121561 u0 com.wgtr.app.debug/androidx.activity.ComponentActivity t-1} display-area-from-current-params=null display-area-from-default-fallback=DefaultTaskDisplayArea@244603552 display-id=0 task-display-area-windowing-mode=1 suggested-display-area=DefaultTaskDisplayArea@244603552
05-25 01:37:42.124   803   818 V WindowManager: DesktopModeLaunchParamsModifier: phase= 3 task=null activity=ActivityRecord{169121561 u0 com.wgtr.app.debug/androidx.activity.ComponentActivity t-1} display-area-from-current-params=null display-area-from-default-fallback=DefaultTaskDisplayArea@244603552 display-id=0 task-display-area-windowing-mode=1 suggested-display-area=DefaultTaskDisplayArea@244603552 task null, skipping
05-25 01:37:42.124   803   818 V WindowManager: TaskLaunchParamsModifier:phase=3 task=null activity=ActivityRecord{169121561 u0 com.wgtr.app.debug/androidx.activity.ComponentActivity t-1} display-area-from-current-params=null display-area-from-default-fallback=DefaultTaskDisplayArea@244603552 display-id=0 task-display-area-windowing-mode=1 suggested-display-area=DefaultTaskDisplayArea@244603552 non-freeform-task-display-area display-area=DefaultTaskDisplayArea@244603552 skip-bounds-fullscreen
05-25 01:37:42.126   803   818 V WindowManager: DesktopModeLaunchParamsModifier: phase= 3 task=Task{72423de #441 type=standard A=10367:com.wgtr.app.debug} activity=ActivityRecord{169121561 u0 com.wgtr.app.debug/androidx.activity.ComponentActivity t-1} display-from-task=0 display-id=0 task-display-area-windowing-mode=1 suggested-display-area=DefaultTaskDisplayArea@244603552 not entering desktop mode, skipping
05-25 01:37:42.126   803   818 V WindowManager: TaskLaunchParamsModifier:phase=3 task=Task{72423de #441 type=standard A=10367:com.wgtr.app.debug} activity=ActivityRecord{169121561 u0 com.wgtr.app.debug/androidx.activity.ComponentActivity t-1} display-from-task=0 display-id=0 task-display-area-windowing-mode=1 suggested-display-area=DefaultTaskDisplayArea@244603552 inherit-from-task=fullscreen non-freeform-task-display-area display-area=DefaultTaskDisplayArea@244603552 skip-bounds-fullscreen
05-25 01:37:42.126   660   677 I libbinder.BpBinder: onLastStrongRef automatically unlinking death recipients for descriptor: '(not cached)'
05-25 01:37:42.129   803   818 I ActivityTaskManager: START u0 {act=android.intent.action.MAIN cat=[android.intent.category.LAUNCHER] flg=0x10008000 xflg=0x4 cmp=com.wgtr.app.debug/androidx.activity.ComponentActivity} with LAUNCH_MULTIPLE from uid 10367 (com.wgtr.app.debug) (BAL_ALLOW_PERMISSION) result code=0
05-25 01:37:42.130  1059  1099 V WindowManagerShell: Transition requested (#62): android.os.BinderProxy@5b40f61 TransitionRequestInfo { type = OPEN, triggerTask = TaskInfo{userId=0 taskId=441 effectiveUid=10367 displayId=0 isRunning=true baseIntent=Intent { act=android.intent.action.MAIN cat=[android.intent.category.LAUNCHER] flg=0x10008000 cmp=com.wgtr.app.debug/androidx.activity.ComponentActivity } baseActivity=ComponentInfo{com.wgtr.app.debug/androidx.activity.ComponentActivity} topActivity=ComponentInfo{com.wgtr.app.debug/androidx.activity.ComponentActivity} origActivity=null realActivity=ComponentInfo{com.wgtr.app.debug/androidx.activity.ComponentActivity} numActivities=1 lastActiveTime=678708 supportsMultiWindow=true resizeMode=1 isResizeable=true minWidth=-1 minHeight=-1 defaultMinSize=220 token=WCT{android.os.BinderProxy@604a86} topActivityType=1 pictureInPictureParams=null shouldDockBigOverlays=false launchIntoPipHostTaskId=-1 lastParentTaskIdBeforePip=-1 displayCutoutSafeInsets=Rect(0, 0 - 0, 0) topActivityInfo=ActivityInfo{958bf47 androidx.activity.ComponentActivity} launchCookies=[] positionInParent=Point(0, 0) parentTaskId=-1 isFocused=false isVisible=false isVisibleRequested=false isTopActivityNoDisplay=false isSleeping=false locusId=null displayAreaFeatureId=1 isTopActivityTransparent=false isActivityStackTransparent=false lastNonFullscreenBounds=null capturedLink=null capturedLinkTimestamp=0 requestedVisibleTypes=503 topActivityRequestOpenInBrowserEducationTimestamp=0 appCompatTaskInfo=AppCompatTaskInfo { topActivityInSizeCompat=false isLeafTask= true eligibleForLetterboxEducation= false isLetterboxEducationEnabled= true isLetterboxDoubleTapEnabled= false eligibleForUserAspectRatioButton= false topActivityBoundsLetterboxed= false isFromLetterboxDoubleTap= false topActivityLetterboxVerticalPosition= -1 topActivityLetterboxHorizontalPosition= -1 topActivityLetterboxWidth=-1 topActivityLetterboxHeight=-1 topActivityAppBounds=Rect(0, 0 - 1080, 2400) isUserFullscreenOverrideEnabled=false isSystemFullscreenOverrideEnabled=false hasMinAspectRatioOverride=false topActivityLetterboxBounds=null cameraCompatTaskInfo=CameraCompatTaskInfo { cameraCompatMode=inactive0} topNonResizableActivityAspectRatio=-1.0} topActivityMainWindowFrame=null isAppBubble=false}, pipChange = null, remoteTransition = null, displayChange = null, requestedLocation = null, userChange = null, windowingLayerChange = null, flags = 0, debugId = 62 }
05-25 01:37:42.130  1059  1099 D ShellSplitScreen: logExit: no-op, mLoggerSessionId is null
05-25 01:37:42.131  1230  1230 D BaseActivity: Launcher flags updated: [state_started|state_resumed|state_deferred_resumed|state_window_focused] -[state_user_active]
05-25 01:37:42.132  1230  1230 D BaseActivity: Launcher flags updated: [state_started|state_window_focused] -[state_resumed|state_deferred_resumed]
05-25 01:37:42.132  1230  1230 W SplitSelectStateCtor: Missing session instanceIds
05-25 01:37:42.132  1230  1230 D StatsLog: LAUNCHER_SPLIT_SELECTION_EXIT_INTERRUPTED
05-25 01:37:42.132   803   818 D CompatChangeReporter: Compat change id reported: 377864165; UID 10367; state: ENABLED
05-25 01:37:42.132  1059  1099 D WindowManagerShell: setLauncherKeepClearAreaHeight: visible=false, height=495
05-25 01:37:42.134   803  1014 D BackgroundInstallControlService: Package event received: 0
05-25 01:37:42.138   803   818 V WindowManager: Defer transition id=62 for TaskFragmentTransaction=android.os.Binder@8ca9fea
05-25 01:37:42.138   803   818 V WindowManager: deferTransitionReady deferReadyDepth=1 stack=com.android.server.wm.TransitionController.deferTransitionReady:1061 com.android.server.wm.TaskFragmentOrganizerController$TaskFragmentOrganizerState.dispatchTransaction:517 com.android.server.wm.TaskFragmentOrganizerController.dispatchPendingEvents:1259 com.android.server.wm.TaskFragmentOrganizerController.dispatchPendingEvents:1228 com.android.server.wm.RootWindowContainer.performSurfacePlacement:777 
05-25 01:37:42.139  1230  1230 D RecentsView: onTaskDisplayChanged: 441, new displayId = 0
05-25 01:37:42.139  1230  1230 D b/417220811: invalidateLoadedTasks - previous requestLoadId: -1
05-25 01:37:42.140   803   818 V WindowManager: Continue transition id=62 for TaskFragmentTransaction=android.os.Binder@8ca9fea
05-25 01:37:42.140   803   818 V WindowManager: continueTransitionReady deferReadyDepth=0 stack=com.android.server.wm.TransitionController.continueTransitionReady:1071 com.android.server.wm.TaskFragmentOrganizerController$TaskFragmentOrganizerState.onTransactionFinished:546 com.android.server.wm.TaskFragmentOrganizerController.onTransactionHandled:740 android.window.ITaskFragmentOrganizerController$Stub.onTransact:225 android.os.Binder.execTransactInternal:1473 
05-25 01:37:42.141  8235  8269 I DisplayManager: Choreographer implicitly registered for the refresh rate.
05-25 01:37:42.142   803  1014 D BackgroundInstallControlService: Package event received: 0
05-25 01:37:42.142   803  1014 D BackgroundInstallControlService: Package event received: 0
05-25 01:37:42.142   803  1014 D BackgroundInstallControlService: Package event received: 0
05-25 01:37:42.164  8235  8235 D DesktopExperienceFlags: Toggle override initialized to: false
05-25 01:37:42.178  1230  1230 D BaseActivity: Launcher flags updated: [state_started] -[state_window_focused]
05-25 01:37:42.186  8235  8235 D LifecycleMonitor: Lifecycle status change: androidx.activity.ComponentActivity@52cd781 in: PRE_ON_CREATE
05-25 01:37:42.186  8235  8235 V ActivityScenario: Activity lifecycle changed event received but ignored because the reported transition was not ON_CREATE while the last known transition was PRE_ON_CREATE
05-25 01:37:42.194  1059  1504 V WindowManagerShell: onTransitionReady(transaction=3448858746270)
05-25 01:37:42.195   803   831 V WindowManager: Sent Transition (#62) createdAt=05-25 01:37:42.124 via request=TransitionRequestInfo { type = OPEN, triggerTask = TaskInfo{userId=0 taskId=441 effectiveUid=10367 displayId=0 isRunning=true baseIntent=Intent { act=android.intent.action.MAIN cat=[android.intent.category.LAUNCHER] flg=0x10008000 cmp=com.wgtr.app.debug/androidx.activity.ComponentActivity } baseActivity=ComponentInfo{com.wgtr.app.debug/androidx.activity.ComponentActivity} topActivity=ComponentInfo{com.wgtr.app.debug/androidx.activity.ComponentActivity} origActivity=null realActivity=ComponentInfo{com.wgtr.app.debug/androidx.activity.ComponentActivity} numActivities=1 lastActiveTime=678708 supportsMultiWindow=true resizeMode=1 isResizeable=true minWidth=-1 minHeight=-1 defaultMinSize=220 token=WCT{RemoteToken{f99f790 Task{72423de #441 type=standard A=10367:com.wgtr.app.debug}}} topActivityType=1 pictureInPictureParams=null shouldDockBigOverlays=false launchIntoPipHostTaskId=-1 lastParentTaskIdBeforePip=-1 displayCutoutSafeInsets=Rect(0, 0 - 0, 0) topActivityInfo=ActivityInfo{75c7889 androidx.activity.ComponentActivity} launchCookies=[] positionInParent=Point(0, 0) parentTaskId=-1 isFocused=false isVisible=false isVisibleRequested=false isTopActivityNoDisplay=false isSleeping=false locusId=null displayAreaFeatureId=1 isTopActivityTransparent=false isActivityStackTransparent=false lastNonFullscreenBounds=null capturedLink=null capturedLinkTimestamp=0 requestedVisibleTypes=503 topActivityRequestOpenInBrowserEducationTimestamp=0 appCompatTaskInfo=AppCompatTaskInfo { topActivityInSizeCompat=false isLeafTask= true eligibleForLetterboxEducation= false isLetterboxEducationEnabled= true isLetterboxDoubleTapEnabled= false eligibleForUserAspectRatioButton= false topActivityBoundsLetterboxed= false isFromLetterboxDoubleTap= false topActivityLetterboxVerticalPosition= -1 topActivityLetterboxHorizontalPosition= -1 topActivityLetterboxWidth=-1 topActivityLetterboxHeight=-1 topActivityAppBounds=Rect(0, 0 - 1080, 2400) isUserFullscreenOverrideEnabled=false isSystemFullscreenOverrideEnabled=false hasMinAspectRatioOverride=false topActivityLetterboxBounds=null cameraCompatTaskInfo=CameraCompatTaskInfo { cameraCompatMode=inactive0} topNonResizableActivityAspectRatio=-1.0} topActivityMainWindowFrame=null isAppBubble=false}, pipChange = null, remoteTransition = null, displayChange = null, requestedLocation = null, userChange = null, windowingLayerChange = null, flags = 0, debugId = 62 }
05-25 01:37:42.195   803   831 V WindowManager:     startWCT=WindowContainerTransaction { changes= {} hops= [] errorCallbackToken=null taskFragmentOrganizer=null }
05-25 01:37:42.195   803   831 V WindowManager:     info={id=62 t=OPEN f=0x0 trk=0 r=[0@Point(0, 0)] c=[
05-25 01:37:42.195   803   831 V WindowManager:         {WCT{RemoteToken{f99f790 Task{72423de #441 type=standard A=10367:com.wgtr.app.debug}}} m=OPEN f=NONE leash=Surface(name=Task=441#905)/@0x38b4242 sb=Rect(0, 0 - 1080, 2400) eb=Rect(0, 0 - 1080, 2400) epz=Point(1080, 2400) d=0 taskParent=-1 winMode=1 userId=0},
05-25 01:37:42.195   803   831 V WindowManager:         {WCT{RemoteToken{de2d7e7 Task{ccdd9ea #1 type=home}}} m=TO_BACK f=SHOW_WALLPAPER leash=Surface(name=Task=1#44)/@0x831ff85 sb=Rect(0, 0 - 1080, 2400) eb=Rect(0, 0 - 1080, 2400) epz=Point(1080, 2400) d=0 taskParent=-1 winMode=1 userId=0},
05-25 01:37:42.195   803   831 V WindowManager:         {m=TO_BACK f=IS_WALLPAPER leash=Surface(name=WallpaperWindowToken{d6b66b3}#60)/@0xadd8cfc sb=Rect(0, 0 - 1080, 2400) eb=Rect(0, 0 - 1080, 2400) epz=Point(1080, 2400) d=0}
05-25 01:37:42.195   803   831 V WindowManager:     ]}
05-25 01:37:42.195  1059  1099 V WindowManagerShell: onTransitionReady (#62) android.os.BinderProxy@5b40f61: {id=62 t=OPEN f=0x0 trk=0 r=[0@Point(0, 0)] c=[
05-25 01:37:42.195  1059  1099 V WindowManagerShell:         {m=OPEN f=NONE leash=Surface(name=Task=441#905)/@0x7988b0d sb=Rect(0, 0 - 1080, 2400) eb=Rect(0, 0 - 1080, 2400) epz=Point(1080, 2400) d=0 taskParent=-1 winMode=1 userId=0},
05-25 01:37:42.195  1059  1099 V WindowManagerShell:         {m=TO_BACK f=SHOW_WALLPAPER leash=Surface(name=Task=1#44)/@0xf5f5ac2 sb=Rect(0, 0 - 1080, 2400) eb=Rect(0, 0 - 1080, 2400) epz=Point(1080, 2400) d=0 taskParent=-1 winMode=1 userId=0},
05-25 01:37:42.195  1059  1099 V WindowManagerShell:         {m=TO_BACK f=IS_WALLPAPER leash=Surface(name=WallpaperWindowToken{d6b66b3}#60)/@0xd4cf0d3 sb=Rect(0, 0 - 1080, 2400) eb=Rect(0, 0 - 1080, 2400) epz=Point(1080, 2400) d=0}
05-25 01:37:42.195  1059  1099 V WindowManagerShell:     ]}
05-25 01:37:42.196  1059  1099 V WindowManagerShell: Playing animation for (#62) android.os.BinderProxy@5b40f61@0
05-25 01:37:42.196  1059  1099 V ShellRecents: RecentsTransitionHandler.startAnimation: no controller found
05-25 01:37:42.196  1059  1099 V WindowManagerShell: Transition doesn't have explicit remote, search filters for match for {id=62 t=OPEN f=0x0 trk=0 r=[0@Point(0, 0)] c=[{m=OPEN f=NONE leash=Surface(name=Task=441#905)/@0x7988b0d sb=Rect(0, 0 - 1080, 2400) eb=Rect(0, 0 - 1080, 2400) epz=Point(1080, 2400) d=0 taskParent=-1 winMode=1 userId=0},{m=TO_BACK f=SHOW_WALLPAPER leash=Surface(name=Task=1#44)/@0xf5f5ac2 sb=Rect(0, 0 - 1080, 2400) eb=Rect(0, 0 - 1080, 2400) epz=Point(1080, 2400) d=0 taskParent=-1 winMode=1 userId=0},{m=TO_BACK f=IS_WALLPAPER leash=Surface(name=WallpaperWindowToken{d6b66b3}#60)/@0xd4cf0d3 sb=Rect(0, 0 - 1080, 2400) eb=Rect(0, 0 - 1080, 2400) epz=Point(1080, 2400) d=0}]}
05-25 01:37:42.196  1059  1099 V WindowManagerShell:  Checking filter Pair{{types=[] flags=0x0] notFlags=0x0 checks=[{atype=undefined independent=true modes=[CLOSE,TO_BACK] flags=IN_TASK_WITH_EMBEDDED_ACTIVITY mustBeTask=false order=ANY topActivity=null launchCookie=null taskFragmentToken=android.os.BinderProxy@28fc20a windowingMode=undefined isCrossDisplayMove=false}]} RemoteTransition { remoteTransition = android.window.IRemoteTransition$Stub$Proxy@210da7b, appThread = android.app.IApplicationThread$Stub$Proxy@9e0b098, debugName = overlayBackTransition }}
05-25 01:37:42.196  1059  1099 V WindowManagerShell:  Checking filter Pair{{types=[] flags=0x0] notFlags=0x0 checks=[{atype=dream independent=true modes=[OPEN,TO_FRONT] flags=NONE mustBeTask=false order=ANY topActivity=null launchCookie=null windowingMode=undefined isCrossDisplayMove=false},{atype=home independent=true modes=[CLOSE,TO_BACK] flags=NONE mustBeTask=false order=ANY topActivity=null launchCookie=null windowingMode=undefined isCrossDisplayMove=false}]} RemoteTransition { remoteTransition = android.window.IRemoteTransition$Stub$Proxy@809b0f1, appThread = android.app.IApplicationThread$Stub$Proxy@b6ff4d6, debugName = LauncherToDream }}
05-25 01:37:42.196  1059  1099 V WindowManagerShell:  Checking filter Pair{{types=[] flags=0x0] notFlags=0x100 checks=[{atype=home independent=true modes=[OPEN,TO_FRONT] flags=NONE mustBeTask=false order=TOP topActivity=ComponentInfo{com.google.android.apps.nexuslauncher/com.google.android.apps.nexuslauncher.NexusLauncherActivity} launchCookie=null windowingMode=undefined isCrossDisplayMove=false},{atype=standard independent=true modes=[CLOSE,TO_BACK] flags=NONE mustBeTask=false order=ANY topActivity=null launchCookie=null windowingMode=undefined isCrossDisplayMove=false},{NOT atype=undefined independent=true modes=[] flags=NONE mustBeTask=true order=ANY topActivity=null launchCookie=null customAnim=true windowingMode=undefined isCrossDisplayMove=false}]} RemoteTransition { remoteTransition = android.window.IRemoteTransition$Stub$Proxy@ec8a357, appThread = android.app.IApplicationThread$Stub$Proxy@97c3e44, debugName = QuickstepLaunchHome }}
05-25 01:37:42.196  1059  1099 V WindowManagerShell:  Delegate animation for (#62) to null
05-25 01:37:42.196  1059  1099 V WindowManagerShell: start default transition animation, info = {id=62 t=OPEN f=0x0 trk=0 r=[0@Point(0, 0)] c=[{m=OPEN f=NONE leash=Surface(name=Task=441#905)/@0x7988b0d sb=Rect(0, 0 - 1080, 2400) eb=Rect(0, 0 - 1080, 2400) epz=Point(1080, 2400) d=0 taskParent=-1 winMode=1 userId=0},{m=TO_BACK f=SHOW_WALLPAPER leash=Surface(name=Task=1#44)/@0xf5f5ac2 sb=Rect(0, 0 - 1080, 2400) eb=Rect(0, 0 - 1080, 2400) epz=Point(1080, 2400) d=0 taskParent=-1 winMode=1 userId=0},{m=TO_BACK f=IS_WALLPAPER leash=Surface(name=WallpaperWindowToken{d6b66b3}#60)/@0xd4cf0d3 sb=Rect(0, 0 - 1080, 2400) eb=Rect(0, 0 - 1080, 2400) epz=Point(1080, 2400) d=0}]}
05-25 01:37:42.197  1059  1099 V WindowManagerShell: loadAnimation: anim=android.view.animation.AnimationSet@64c610e animAttr=0x13 type=OPEN isEntrance=false
05-25 01:37:42.199  1059  1099 V WindowManagerShell: loadAnimation: anim=android.view.animation.AnimationSet@ff1801a animAttr=0x12 type=OPEN isEntrance=true
05-25 01:37:42.199  1059  1099 V WindowManagerShell:  animated by com.android.wm.shell.transition.DefaultTransitionHandler@4207c73
05-25 01:37:42.201  8235  8235 D CompatChangeReporter: Compat change id reported: 377864165; UID 10367; state: ENABLED
05-25 01:37:42.201  8235  8235 D DesktopModeFlags: Toggle override initialized to: OVERRIDE_UNSET
05-25 01:37:42.201  1059  1099 V WindowManagerShell: Transition animation finished (aborted=false), notifying core (#62) android.os.BinderProxy@5b40f61@0
05-25 01:37:42.204   803   831 V WindowManager: Finish Transition (#62): created at 05-25 01:37:42.124 collect-started=0.017ms request-sent=4.464ms started=6.296ms ready=16.274ms sent=68.598ms commit=8.415ms finished=79.255ms
05-25 01:37:42.204  1230  1230 D VRI[NexusLauncherActivity]: visibilityChanged oldVisibility=true newVisibility=false
05-25 01:37:42.205  1059  1359 D WallpaperService: onVisibilityChanged(false): com.android.systemui.wallpapers.ImageWallpaper$CanvasEngine@2a90f
05-25 01:37:42.205  1059  1099 V WindowManagerShell: Track 0 became idle
05-25 01:37:42.206  1059  1099 V WindowManagerShell: All active transition animations finished
05-25 01:37:42.206  1059  1099 V ShellTaskOrganizer: Task appeared taskId=441 listener=FullscreenTaskListener
05-25 01:37:42.206  1059  1099 V ShellTaskOrganizer: Fullscreen Task Appeared: #441
05-25 01:37:42.210  8235  8235 D LifecycleMonitor: Lifecycle status change: androidx.activity.ComponentActivity@52cd781 in: CREATED
05-25 01:37:42.211  8235  8235 V ActivityScenario: Update currentActivityStage to CREATED, currentActivity=androidx.activity.ComponentActivity@52cd781
05-25 01:37:42.212  8235  8235 D LifecycleMonitor: Lifecycle status change: androidx.activity.ComponentActivity@52cd781 in: STARTED
05-25 01:37:42.212  8235  8235 V ActivityScenario: Update currentActivityStage to STARTED, currentActivity=androidx.activity.ComponentActivity@52cd781
05-25 01:37:42.214  8235  8269 I GFXSTREAM: [eglDisplay.cpp(297)] Opening libGLESv1_CM_emulation.so
05-25 01:37:42.215  8235  8269 I GFXSTREAM: [eglDisplay.cpp(297)] Opening libGLESv2_emulation.so
05-25 01:37:42.217  1230  1230 D NexusLauncherModelDelegate: notifySmartspaceEvent: SmartspaceTargetEvent{mSmartspaceTarget=null, mSmartspaceActionId='null', mEventType=7}
05-25 01:37:42.219  8235  8235 D LifecycleMonitor: Lifecycle status change: androidx.activity.ComponentActivity@52cd781 in: RESUMED
05-25 01:37:42.219  8235  8235 V ActivityScenario: Update currentActivityStage to RESUMED, currentActivity=androidx.activity.ComponentActivity@52cd781
05-25 01:37:42.222  8235  8269 W HWUI    : Failed to choose config with EGL_SWAP_BEHAVIOR_PRESERVED, retrying without...
05-25 01:37:42.223  8235  8269 W HWUI    : Failed to initialize 101010-2 format, error = EGL_SUCCESS
05-25 01:37:42.227  1230  1230 D b/417220811: invalidateLoadedTasks - previous requestLoadId: -1
05-25 01:37:42.238  1230  1230 D b/417220811: invalidateLoadedTasks - previous requestLoadId: -1
05-25 01:37:42.293  8235  8235 W HWUI    : Unknown dataspace 0
05-25 01:37:42.782  1351  4252 I FontLog : (REDACTED) Received query %s, URI %s
05-25 01:37:42.783  1351  4252 I FontLog : (REDACTED) Query [%s] resolved to %s
05-25 01:37:42.785  8235  8235 D WindowOnBackDispatcher: setTopOnBackInvokedCallback (unwrapped): android.app.Activity$$ExternalSyntheticLambda0@8c66d41
05-25 01:37:42.785   803  1312 D CoreBackPreview: Window{6fcbff2 u0 com.wgtr.app.debug/androidx.activity.ComponentActivity}: Setting back callback OnBackInvokedCallbackInfo{mCallback=android.window.IOnBackInvokedCallback$Stub$Proxy@c12e93e, mPriority=-1, mIsAnimationCallback=false, mOverrideBehavior=0}
05-25 01:37:42.785  8235  8235 D VRI[ComponentActivity]: WindowInsets changed: 1080x2400 statusBars:[0,63,0,0] navigationBars:[0,0,0,63] mandatorySystemGestures:[0,63,0,84] 
05-25 01:37:42.796  1351  4252 I FontLog : (REDACTED) Fetch %s end status %s
05-25 01:37:42.800  1351  4252 I FontLog : (REDACTED) Pulling font file for id = %d, cache size = %d
05-25 01:37:42.802  8235  8276 I HWUI    : Using FreeType backend (prop=Auto)
05-25 01:37:42.811  1351  4252 I FontLog : (REDACTED) Pulling font file for id = %d, cache size = %d
05-25 01:37:42.825  8235  8239 I .wgtr.app.debug: Compiler allocated 5087KB to compile void android.view.ViewRootImpl.performTraversals()
05-25 01:37:42.848   803   831 I ActivityTaskManager: Displayed com.wgtr.app.debug/androidx.activity.ComponentActivity for user 0: +725ms
05-25 01:37:42.849  1230  1230 D BaseActivity: Launcher flags updated: [] -[state_started]
05-25 01:37:42.849  1230  1230 D BaseDepthController: setSurface:
05-25 01:37:42.849  1230  1230 D BaseDepthController: 	mWaitingOnSurfaceValidity: false
05-25 01:37:42.849  1230  1230 D BaseDepthController: 	mBaseSurface: null
05-25 01:37:42.849  1230  1230 D BaseDepthController: mSurface is null and mCurrentBlur is: 0
05-25 01:37:42.852  1230  1230 D LauncherStateManager: StateManager.goToState: fromState: Normal, toState: Normal, partial trace:
05-25 01:37:42.852  1230  1230 D LauncherStateManager: 	at com.android.launcher3.statemanager.StateManager.moveToRestState(go/retraceme 7101499b44b219b757f6885b35ae099b24fc769225595efcaaacae5b0f94500b:6)
05-25 01:37:42.852  1230  1230 D LauncherStateManager: 	at com.android.launcher3.statemanager.StateManager.moveToRestState(go/retraceme 7101499b44b219b757f6885b35ae099b24fc769225595efcaaacae5b0f94500b:2)
05-25 01:37:42.852  1230  1230 D LauncherStateManager: 	at com.android.launcher3.statemanager.StatefulActivity.onStop(go/retraceme 7101499b44b219b757f6885b35ae099b24fc769225595efcaaacae5b0f94500b:32)
05-25 01:37:42.852  1230  1230 D LauncherStateManager: StateManager.onRepeatStateSetAborted: state: Normal
05-25 01:37:42.853  1230  1230 D ActivityContext: hideKeyboard
05-25 01:37:42.853  1230  1230 D ActivityContext: isImeShown: false
05-25 01:37:42.853  1230  1230 D StatsLog: LAUNCHER_ONSTOP
05-25 01:37:42.855  1230  1230 D StatsLog: LAUNCHER_GOOGLE_SEARCH_RESTORE_LIST_SIZE_AFTER_ACTIVITY_RESTART
05-25 01:37:42.871   803  1014 D BackgroundInstallControlService: Package event received: 0
05-25 01:37:42.874   803   925 I ImeTracker: com.wgtr.app.debug:c0634512: onRequestHide at ORIGIN_SERVER reason HIDE_UNSPECIFIED_WINDOW fromUser false
05-25 01:37:42.876   803  1312 I ImeTracker: system_server:9c3fad76: onRequestHide at ORIGIN_SERVER reason IME_REQUESTED_CHANGED_LISTENER fromUser false
05-25 01:37:42.877   803   834 I ImeTracker: system_server:9c3fad76: onCancelled at PHASE_SERVER_SHOULD_HIDE
05-25 01:37:42.879  1529  1529 I GoogleInputMethodService: GoogleInputMethodService.onFinishInput():2057 
05-25 01:37:42.880  8235  8235 D InsetsController: hide(ime())
05-25 01:37:42.880  1529  1529 I Module  : DeviceLockedStatusModuleProvider$Module.updateDeviceLockedStatus():100 repeatCheckTimes = 0, locked = false
05-25 01:37:42.881  8235  8235 I ImeTracker: com.wgtr.app.debug:c0634512: onCancelled at PHASE_CLIENT_ALREADY_HIDDEN
05-25 01:37:42.881  1529  1529 I GoogleInputMethodService: GoogleInputMethodService.onStartInput():1318 onStartInput(EditorInfo{EditorInfo{packageName=com.wgtr.app.debug, inputType=0, inputTypeString=NULL, enableLearning=false, autoCorrection=false, autoComplete=false, imeOptions=0, privateImeOptions=null, actionName=UNSPECIFIED, actionLabel=null, initialSelStart=-1, initialSelEnd=-1, initialCapsMode=0, label=null, fieldId=0, fieldName=null, extras=null, hintText=null, hintLocales=[]}}, false)
05-25 01:37:42.882   803  1312 W PackageConfigPersister: App-specific configuration not found for packageName: com.wgtr.app.debug and userId: 0
05-25 01:37:42.883  1529  1529 I Module  : DeviceLockedStatusModuleProvider$Module.updateDeviceLockedStatus():100 repeatCheckTimes = 1, locked = false
05-25 01:37:42.944  8235  8253 W System.err: SLF4J: No SLF4J providers were found.
05-25 01:37:42.945  8235  8253 W System.err: SLF4J: Defaulting to no-operation (NOP) logger implementation
05-25 01:37:42.945  8235  8253 W System.err: SLF4J: See https://www.slf4j.org/codes.html#noProviders for further details.
05-25 01:37:42.959  8281  8281 W libbinder.BackendUnifiedServiceManager: Thread Pool max thread count is 0. Cannot cache binder as linkToDeath cannot be implemented. serviceName: package
05-25 01:37:42.959  8235  8253 D nativeloader: Load libmockkjvmtiagent.so using class loader ns clns-9 (caller=<unknown>): ok
05-25 01:37:42.962  8235  8253 W .wgtr.app.debug: hiddenapi: DexFile /data/user/0/com.wgtr.app.debug/cache/mockk-boot4501289793378935412.jar is in boot class path but is not in a known location
05-25 01:37:42.962  8235  8253 I .wgtr.app.debug: hiddenapi: Accessing hidden method Ldalvik/system/VMDebug;->allowHiddenApiReflectionFrom(Ljava/lang/Class;)V (runtime_flags=0, domain=core-platform, api=unsupported) from Lio/mockk/proxy/android/AndroidMockKAgentFactory; (domain=app, TargetSdkVersion=36) using reflection: allowed
05-25 01:37:43.003  2825  2825 I artd    : GetBestInfo: odex next to the dex file (/data/app/~~sQa6eE2vrkpu8H1Zj7JQAQ==/com.google.android.gms-EnRzgf8Wnp-H-bcGaypVSg==/oat/x86_64/base.odex) is kOatUpToDate with filter 'speed-profile' executable 'false'
05-25 01:37:43.005  2825  2825 I artd    : GetBestInfo: odex next to the dex file (/data/app/~~sQa6eE2vrkpu8H1Zj7JQAQ==/com.google.android.gms-EnRzgf8Wnp-H-bcGaypVSg==/oat/x86_64/split_AdsDynamite_installtime.odex) is kOatUpToDate with filter 'speed' executable 'false'
05-25 01:37:43.006  2825  2825 I artd    : GetBestInfo: odex next to the dex file (/data/app/~~sQa6eE2vrkpu8H1Zj7JQAQ==/com.google.android.gms-EnRzgf8Wnp-H-bcGaypVSg==/oat/x86_64/split_CronetDynamite_installtime.odex) is kOatUpToDate with filter 'speed' executable 'false'
05-25 01:37:43.007  2825  2825 I artd    : GetBestInfo: odex next to the dex file (/data/app/~~sQa6eE2vrkpu8H1Zj7JQAQ==/com.google.android.gms-EnRzgf8Wnp-H-bcGaypVSg==/oat/x86_64/split_DynamiteLoader_installtime.odex) is kOatUpToDate with filter 'speed' executable 'false'
05-25 01:37:43.008  2825  2825 I artd    : GetBestInfo: odex next to the dex file (/data/app/~~sQa6eE2vrkpu8H1Zj7JQAQ==/com.google.android.gms-EnRzgf8Wnp-H-bcGaypVSg==/oat/x86_64/split_DynamiteModulesA_installtime.odex) is kOatUpToDate with filter 'speed' executable 'false'
05-25 01:37:43.009  2825  2825 I artd    : GetBestInfo: odex next to the dex file (/data/app/~~sQa6eE2vrkpu8H1Zj7JQAQ==/com.google.android.gms-EnRzgf8Wnp-H-bcGaypVSg==/oat/x86_64/split_DynamiteModulesC_installtime.odex) is kOatUpToDate with filter 'speed' executable 'false'
05-25 01:37:43.010  2825  2825 I artd    : GetBestInfo: odex next to the dex file (/data/app/~~sQa6eE2vrkpu8H1Zj7JQAQ==/com.google.android.gms-EnRzgf8Wnp-H-bcGaypVSg==/oat/x86_64/split_GoogleCertificates_installtime.odex) is kOatUpToDate with filter 'speed' executable 'false'
05-25 01:37:43.011  2825  2825 I artd    : GetBestInfo: odex next to the dex file (/data/app/~~sQa6eE2vrkpu8H1Zj7JQAQ==/com.google.android.gms-EnRzgf8Wnp-H-bcGaypVSg==/oat/x86_64/split_MapsDynamite_installtime.odex) is kOatUpToDate with filter 'speed' executable 'false'
05-25 01:37:43.012  2825  2825 I artd    : GetBestInfo: odex next to the dex file (/data/app/~~sQa6eE2vrkpu8H1Zj7JQAQ==/com.google.android.gms-EnRzgf8Wnp-H-bcGaypVSg==/oat/x86_64/split_MeasurementDynamite_installtime.odex) is kOatUpToDate with filter 'speed' executable 'false'
05-25 01:37:43.013  2825  2825 I artd    : GetBestInfo: odex next to the dex file (/data/app/~~sQa6eE2vrkpu8H1Zj7JQAQ==/com.google.android.gms-EnRzgf8Wnp-H-bcGaypVSg==/oat/x86_64/split_all_locale_splits.odex) is kOatUpToDate with filter 'speed' executable 'false'
05-25 01:37:43.014  2825  2825 I artd    : GetBestInfo: /data/user_de/0/com.google.android.gms/app_chimera/m/00000001/CronetDynamite.apk has no usable artifacts
05-25 01:37:43.015  2825  2825 I artd    : GetBestInfo: vdex next to the dex file (/data/user/0/com.google.android.gms/app_dg_cache/3C458487C11623D174A33292B914D98AB3A4651D/oat/x86_64/the.vdex) is kOatUpToDate with filter 'verify' executable 'false'
05-25 01:37:43.015  2825  2825 I artd    : GetBestInfo: /data/user_de/0/com.google.android.gms/app_chimera/m/0000000f/dl-IdentityCredentialsPlacebo.optional_261631100800.apk has no usable artifacts
05-25 01:37:43.016  2825  2825 I artd    : GetBestInfo: /data/user_de/0/com.google.android.gms/app_chimera/m/0000000b/dl-MlkitOcrCommon.optional_261631100800.apk has no usable artifacts
05-25 01:37:43.017  2825  2825 I artd    : GetBestInfo: /data/user_de/0/com.google.android.gms/app_chimera/m/00000002/DynamiteLoader.apk has no usable artifacts
05-25 01:37:43.017  2825  2825 I artd    : GetBestInfo: /data/user_de/0/com.google.android.gms/app_chimera/m/00000005/GoogleCertificates.apk has no usable artifacts
05-25 01:37:43.018  2825  2825 I artd    : GetBestInfo: /data/user_de/0/com.google.android.gms/app_chimera/m/00000010/dl-IdentityCredentialsPlatform.optional_261631100800.apk has no usable artifacts
05-25 01:37:43.019  2825  2825 I artd    : GetBestInfo: /data/user_de/0/com.google.android.gms/app_chimera/m/0000000a/dl-MlkitBarcodeUi.optional_261631100800.apk has no usable artifacts
05-25 01:37:43.020  2825  2825 I artd    : GetBestInfo: /data/user_de/0/com.google.android.gms/app_chimera/m/00000008/dl-TfliteDynamiteDynamite.integ_252130102100800.apk has no usable artifacts
05-25 01:37:43.021  2825  2825 I artd    : GetBestInfo: /data/user_de/0/com.google.android.gms/app_chimera/m/00000019/dl-PlayCloudSearch.optional_261631100000.apk has no usable artifacts
05-25 01:37:43.022  2825  2825 I artd    : GetBestInfo: vdex next to the dex file (/data/user/0/com.google.android.gms/app_dg_cache/3C99312020F0F0D70782F583B896FDDF9030AAF4/oat/x86_64/the.vdex) is kOatUpToDate with filter 'verify' executable 'false'
05-25 01:37:43.023  2825  2825 I artd    : GetBestInfo: /data/user_de/0/com.google.android.gms/app_chimera/m/0000000e/dl-Appsearch.optional_261631100800.apk has no usable artifacts
05-25 01:37:43.023  2825  2825 I artd    : GetBestInfo: /data/user_de/0/com.google.android.gms/app_chimera/m/00000009/dl-VisionOcr.optional_261631100000.apk has no usable artifacts
05-25 01:37:43.025  2825  2825 I artd    : GetBestInfo: vdex next to the dex file (/data/user/0/com.google.android.gms/app_dg_cache/BF4FB787570FCDA4B6C94221003046B6FDF77C85/oat/x86_64/the.vdex) is kOatUpToDate with filter 'verify' executable 'false'
05-25 01:37:43.026  2825  2825 I artd    : GetBestInfo: vdex next to the dex file (/data/user/0/com.google.android.gms/app_dg_cache/BBB8ADBA11F43674FC873CF50B06D4CFE87E958C/oat/x86_64/the.vdex) is kOatUpToDate with filter 'verify' executable 'false'
05-25 01:37:43.026  2825  2825 W artd    : Could not get dex checksums for location /data/app/~~NxOwdyHZdYUXkufdiomtXQ==/com.android.vending-NyaZ45rUyHc5PC3nqWK3Fw==/base.apk, fd=-1
05-25 01:37:43.104  8235  8253 I UiAutomation: Initialized for user 0 on display 0
05-25 01:37:43.105   803  1312 D AccessibilityManagerService: changeCurrentUserForTestAutomationIfNeededLocked(0): ignoring because device doesn't support visible background users
05-25 01:37:43.105   803  1312 I UiAutomationManager: Registering UiTestAutomationService (id=com.android.server.accessibility/UiAutomation, flags=0x0) when called by user 0
05-25 01:37:43.105   803  1312 V AccessibilityManagerService: onUserStateChangedLocked for userId: 0, forceUpdate: false
05-25 01:37:43.106  1620  3171 I AiAiEcho: Settings changed for uri: content://settings/secure/accessibility_enabled
05-25 01:37:43.106   803  1312 V AccessibilityUserState: updateShortcutTargets: type:accessibility_shortcut_target_service, current:{}, new:{}
05-25 01:37:43.106   803  1312 V AccessibilityUserState: updateShortcutTargets: type:accessibility_button_targets, current:{}, new:{}
05-25 01:37:43.106   803  1312 V AccessibilityUserState: updateShortcutTargets: type:accessibility_gesture_targets, current:{}, new:{}
05-25 01:37:43.106   803  1312 V AccessibilityUserState: updateShortcutTargets: type:accessibility_qs_targets, current:{}, new:{}
05-25 01:37:43.106   803  1312 V AccessibilityUserState: updateShortcutTargets: type:accessibility_key_gesture_targets, current:{}, new:{}
05-25 01:37:43.106   803  1312 W MagnificationConnectionManager: requestConnection duplicated request: connect=false, mConnectionState=DISCONNECTED
05-25 01:37:43.107  1620  1867 I AiAiEcho: Predicting[0]:  [CONTEXT sampling_count=5 ]
05-25 01:37:43.107  1620  1867 I AiAiEcho: EchoTargets: 
05-25 01:37:43.107  1620  1867 I AiAiEcho: Filtered by AiAi flag check: 
05-25 01:37:43.107  1620  1867 I AiAiEcho: [CONTEXT ratelimit_period="10 SECONDS" ]
05-25 01:37:43.107  1620  1867 I AiAiEcho: #remoteViewsTwiddler: feature disabled.
05-25 01:37:43.107  1620  1867 I AiAiEcho: Predicting[0]:  [CONTEXT sampling_count=5 ]
05-25 01:37:43.107  1620  1867 I AiAiEcho: EchoTargets: 
05-25 01:37:43.107  1620  1867 I AiAiEcho: Filtered by AiAi flag check: 
05-25 01:37:43.107  1620  1867 I AiAiEcho: [CONTEXT ratelimit_period="10 SECONDS" ]
05-25 01:37:43.107  1620  1867 I AiAiEcho: #remoteViewsTwiddler: feature disabled.
05-25 01:37:43.107   803   803 W libbinder.IPCThreadState: Sending oneway calls to frozen process.
05-25 01:37:43.108  1620  1867 I AiAiEcho: #postPredictionTargets: Sending updates to UISurface lockscreen with targets# 0 (types=[])
05-25 01:37:43.108  1620  1867 I AiAiEcho: #postPredictionTargets: Sending updates to UISurface home with targets# 0 (types=[])
05-25 01:37:43.108  8235  8253 W UiAutomation: UiAutomation.grantRuntimePermission() is more robust and should be used instead of 'pm grant'
05-25 01:37:43.108   803   803 W libbinder.IPCThreadState: Sending oneway calls to frozen process.
05-25 01:37:43.109  1059  1059 W SsPagerDots: Total number of pages invalid: 0. Assuming 1 page.
05-25 01:37:43.109   803   803 W libbinder.IPCThreadState: Sending oneway calls to frozen process.
05-25 01:37:43.109   803   803 W libbinder.IPCThreadState: Sending oneway calls to frozen process.
05-25 01:37:43.110   803   803 W libbinder.IPCThreadState: Sending oneway calls to frozen process.
05-25 01:37:43.110   803   803 W libbinder.IPCThreadState: Sending oneway calls to frozen process.
05-25 01:37:43.110   803   803 W libbinder.IPCThreadState: Sending oneway calls to frozen process.
05-25 01:37:43.110   803   803 W libbinder.IPCThreadState: Sending oneway calls to frozen process.
05-25 01:37:43.110   803   803 W libbinder.IPCThreadState: Sending oneway calls to frozen process.
05-25 01:37:43.110   803   803 D BatterySaverPolicy: accessibility changed to true, updating policy.
05-25 01:37:43.126   803   803 D PermissionMonitor: setLocalNetworkPermissions in onPermissionsChanged took 37 microseconds.
05-25 01:37:43.129  8235  8253 E .wgtr.app.debug: hiddenapi: Accessing hidden field Ljava/lang/Object;->shadow$_monitor_:I (runtime_flags=0, domain=core-platform, api=max-target-o) from /apex/com.android.art/javalib/core-oj.jar-transformed (domain=app, TargetSdkVersion=36) using linking: denied
05-25 01:37:43.129  8235  8253 E .wgtr.app.debug: hiddenapi: Accessing hidden method Ljava/lang/Object;->identityHashCodeNative(Ljava/lang/Object;)I (runtime_flags=0, domain=core-platform, api=max-target-o) from /apex/com.android.art/javalib/core-oj.jar-transformed (domain=app, TargetSdkVersion=36) using linking: denied
05-25 01:37:43.129  8235  8253 E .wgtr.app.debug: hiddenapi: Accessing hidden method Ljava/lang/Object;->internalClone()Ljava/lang/Object; (runtime_flags=0, domain=core-platform, api=max-target-o) from /apex/com.android.art/javalib/core-oj.jar-transformed (domain=app, TargetSdkVersion=36) using linking: denied
05-25 01:37:43.129  8235  8253 E .wgtr.app.debug: hiddenapi: Accessing hidden field Ljava/lang/Object;->shadow$_klass_:Ljava/lang/Class; (runtime_flags=0, domain=core-platform, api=max-target-o) from /apex/com.android.art/javalib/core-oj.jar-transformed (domain=app, TargetSdkVersion=36) using linking: denied
05-25 01:37:43.163  8235  8253 I .wgtr.app.debug: hiddenapi: Accessing hidden method Ldalvik/system/BaseDexClassLoader;->addDexPath(Ljava/lang/String;)V (runtime_flags=CorePlatformApi, domain=core-platform, api=unsupported,core-platform-api) from Lcom/android/dx/DexMaker; (domain=app, TargetSdkVersion=36) using reflection: allowed
05-25 01:37:43.486  8235  8235 I .wgtr.app.debug: hiddenapi: Accessing hidden method Landroid/os/SystemProperties;->addChangeCallback(Ljava/lang/Runnable;)V (runtime_flags=0, domain=platform, api=unsupported) from Landroidx/compose/ui/platform/AndroidComposeView$Companion; (domain=app, TargetSdkVersion=36) using reflection: allowed
05-25 01:37:43.802   803   950 I HalDevMgr: bestIfaceCreationProposal is null, requestIface=STA, existingIface=[name=wlan0 type=STA]
05-25 01:37:43.855  8235  8235 D WindowOnBackDispatcher: setTopOnBackInvokedCallback (unwrapped): android.app.Dialog$$ExternalSyntheticLambda2@d0e8a77
05-25 01:37:43.855   803  1900 D CoreBackPreview: Window{8f47101 u0 com.wgtr.app.debug/androidx.activity.ComponentActivity}: Setting back callback OnBackInvokedCallbackInfo{mCallback=android.window.IOnBackInvokedCallback$Stub$Proxy@c4beb00, mPriority=-1, mIsAnimationCallback=false, mOverrideBehavior=0}
05-25 01:37:43.856  8235  8235 D WindowOnBackDispatcher: setTopOnBackInvokedCallback (unwrapped): androidx.navigationevent.OnBackInvokedInput$createOnBackAnimationCallback$1@c6b66e4
05-25 01:37:43.856   803  1900 D CoreBackPreview: Window{8f47101 u0 com.wgtr.app.debug/androidx.activity.ComponentActivity}: Setting back callback OnBackInvokedCallbackInfo{mCallback=android.window.IOnBackInvokedCallback$Stub$Proxy@fed3f39, mPriority=0, mIsAnimationCallback=true, mOverrideBehavior=0}
05-25 01:37:44.074   803   925 I ImeTracker: com.wgtr.app.debug:2ff6c48b: onRequestHide at ORIGIN_SERVER reason HIDE_UNSPECIFIED_WINDOW fromUser false
05-25 01:37:44.075  1529  1529 I GoogleInputMethodService: GoogleInputMethodService.onFinishInput():2057 
05-25 01:37:44.075   803  1900 I ImeTracker: system_server:35051c1e: onRequestHide at ORIGIN_SERVER reason IME_REQUESTED_CHANGED_LISTENER fromUser false
05-25 01:37:44.076   803   834 I ImeTracker: system_server:35051c1e: onCancelled at PHASE_SERVER_SHOULD_HIDE
05-25 01:37:44.076  1529  1529 I Module  : DeviceLockedStatusModuleProvider$Module.updateDeviceLockedStatus():100 repeatCheckTimes = 0, locked = false
05-25 01:37:44.076  1529  1529 I GoogleInputMethodService: GoogleInputMethodService.onStartInput():1318 onStartInput(EditorInfo{EditorInfo{packageName=com.wgtr.app.debug, inputType=0, inputTypeString=NULL, enableLearning=false, autoCorrection=false, autoComplete=false, imeOptions=0, privateImeOptions=null, actionName=UNSPECIFIED, actionLabel=null, initialSelStart=-1, initialSelEnd=-1, initialCapsMode=0, label=null, fieldId=0, fieldName=null, extras=null, hintText=null, hintLocales=[]}}, false)
05-25 01:37:44.076   803   818 W PackageConfigPersister: App-specific configuration not found for packageName: com.wgtr.app.debug and userId: 0
05-25 01:37:44.077  1529  1529 I Module  : DeviceLockedStatusModuleProvider$Module.updateDeviceLockedStatus():100 repeatCheckTimes = 1, locked = false
05-25 01:37:44.092  8235  8235 D InsetsController: hide(ime())
05-25 01:37:44.092  8235  8235 I ImeTracker: com.wgtr.app.debug:2ff6c48b: onCancelled at PHASE_CLIENT_ALREADY_HIDDEN
05-25 01:37:44.209   803  1900 V AutofillSession: Primary service component name: ComponentInfo{com.google.android.gms/com.google.android.gms.autofill.service.AutofillService}, secondary service component name: ComponentInfo{com.android.credentialmanager/com.android.credentialmanager.autofill.CredentialAutofillService}
05-25 01:37:44.209   803  1900 V SecondaryProviderHandler: Creating a secondary provider handler with component name, ComponentInfo{com.android.credentialmanager/com.android.credentialmanager.autofill.CredentialAutofillService}
05-25 01:37:44.211   803  1900 D PresentationStatsEventLogger: Started new PresentationStatsEvent
05-25 01:37:44.211   803  1900 I AppsFilter: interaction: PackageSetting{16b8e7e com.wgtr.app.debug/10367} -> PackageSetting{fd63948 com.google.android.inputmethod.latin/10158} BLOCKED
05-25 01:37:44.211   803  1900 W FillRequestEventLogger: Couldn't find packageName: com.google.android.inputmethod.latin
05-25 01:37:44.214   803   818 W PresentationStatsEventLogger: Bad view state for: -1, state: ViewState: [id=1073741825:i91@263939689, state:10010, currentValue:android.view.autofill.AutofillValue@1, virtualBounds:Rect(63, 189 - 777, 357)]
05-25 01:37:44.223  8235  8235 D InsetsController: show(ime())
05-25 01:37:44.224  8235  8235 I ImeTracker: com.wgtr.app.debug:6806bcd5: onRequestShow at ORIGIN_CLIENT reason SHOW_SOFT_INPUT_BY_INSETS_API fromUser false
05-25 01:37:44.225  8235  8235 D InsetsController: Setting requestedVisibleTypes to 511 (was 503)
05-25 01:37:44.226  1529  1529 I GoogleInputMethodService: GoogleInputMethodService.onFinishInput():2057 
05-25 01:37:44.227  1529  1529 I Module  : DeviceLockedStatusModuleProvider$Module.updateDeviceLockedStatus():100 repeatCheckTimes = 0, locked = false
05-25 01:37:44.228   803  1014 D BackgroundInstallControlService: Package event received: 0
05-25 01:37:44.230  1529  1529 W TooltipLifecycleManager: TooltipLifecycleManager.dismissTooltips():153 Tooltip with id SUGGESTION_VIEW_EDU_MINI_DIALOG not found in tooltipManager.
05-25 01:37:44.237  8235  8235 I AssistStructure: Flattened final assist data: 1032 bytes, containing 2 windows, 7 views
05-25 01:37:44.238   803  1030 D AutofillSession: createPendingIntent for request 758
05-25 01:37:44.238   803  1030 D ContentCapturePerUserService: Notified activity assist data for activity: Token{90519bf ActivityRecord{169121561 u0 com.wgtr.app.debug/androidx.activity.ComponentActivity t441}} without a session Id
05-25 01:37:44.240  1529  1529 I GoogleInputMethodService: GoogleInputMethodService.onStartInput():1318 onStartInput(EditorInfo{EditorInfo{packageName=com.wgtr.app.debug, inputType=8011, inputTypeString=Uri[AutoCorrect], enableLearning=true, autoCorrection=true, autoComplete=true, imeOptions=2000005, privateImeOptions=null, actionName=NEXT, actionLabel=null, initialSelStart=0, initialSelEnd=0, initialCapsMode=0, label=null, fieldId=-1, fieldName=null, extras=Bundle[mParcelledData.dataSize=404], hintText=null, hintLocales=[]}}, false)
05-25 01:37:44.242   803  1014 D BackgroundInstallControlService: Package event received: 0
05-25 01:37:44.243   803  1030 W PackageConfigPersister: App-specific configuration not found for packageName: com.wgtr.app.debug and userId: 0
05-25 01:37:44.244  1529  1529 I Module  : DeviceLockedStatusModuleProvider$Module.updateDeviceLockedStatus():100 repeatCheckTimes = 1, locked = false
