05-25 02:05:35.080  1151  1151 D AlphabeticalAppsList: addAppsWithSections: adding sectionName: S with appInfoTitle: Safety
05-25 02:05:35.080  1151  1151 D AlphabeticalAppsList: addAppsWithSections: adding sectionName: T with appInfoTitle: TMoble
05-25 02:05:35.080  1151  1151 D AlphabeticalAppsList: addAppsWithSections: adding sectionName: V with appInfoTitle: Voice Access
05-25 02:05:35.080  1151  1151 D AlphabeticalAppsList: addAppsWithSections: adding sectionName: W with appInfoTitle: World's Greatest TV Remote
05-25 02:05:35.080  1151  1151 D AlphabeticalAppsList: addAppsWithSections: adding sectionName: Y with appInfoTitle: YouTube
05-25 02:05:35.080  1151  1151 D AlphabeticalAppsList: Adding FastScrollSection duplicate to scroll to the bottom.
05-25 02:05:35.080  1151  1151 D AlphabeticalAppsList: Clearing FastScrollerSections.
05-25 02:05:35.080  1151  1151 D AlphabeticalAppsList: Adding apps with sections. HasPrivateApps: false
05-25 02:05:35.080  1151  1151 D AlphabeticalAppsList: addAppsWithSections: adding sectionName: C with appInfoTitle: Calendar
05-25 02:05:35.080  1151  1151 D AlphabeticalAppsList: addAppsWithSections: adding sectionName: D with appInfoTitle: Danio
05-25 02:05:35.080  1151  1151 D AlphabeticalAppsList: addAppsWithSections: adding sectionName: F with appInfoTitle: Files
05-25 02:05:35.080  1151  1151 D AlphabeticalAppsList: addAppsWithSections: adding sectionName: G with appInfoTitle: Gmail
05-25 02:05:35.081  1151  1151 D AlphabeticalAppsList: addAppsWithSections: adding sectionName: M with appInfoTitle: Maps
05-25 02:05:35.081  1151  1151 D AlphabeticalAppsList: addAppsWithSections: adding sectionName: P with appInfoTitle: Phone
05-25 02:05:35.081  1151  1151 D AlphabeticalAppsList: addAppsWithSections: adding sectionName: S with appInfoTitle: Safety
05-25 02:05:35.081  1151  1151 D AlphabeticalAppsList: addAppsWithSections: adding sectionName: T with appInfoTitle: TMoble
05-25 02:05:35.081  1151  1151 D AlphabeticalAppsList: addAppsWithSections: adding sectionName: V with appInfoTitle: Voice Access
05-25 02:05:35.081  1151  1151 D AlphabeticalAppsList: addAppsWithSections: adding sectionName: W with appInfoTitle: World's Greatest TV Remote
05-25 02:05:35.081  1151  1151 D AlphabeticalAppsList: addAppsWithSections: adding sectionName: Y with appInfoTitle: YouTube
05-25 02:05:35.081  1151  1151 D AlphabeticalAppsList: Adding FastScrollSection duplicate to scroll to the bottom.
05-25 02:05:35.082  1151  1151 D AlphabeticIndexCompat: computeSectionName: cs: Settings sectionName: S
05-25 02:05:35.082  1151  1151 D AlphabeticIndexCompat: computeSectionName: cs: Photos sectionName: P
05-25 02:05:35.082  1151  1151 D AlphabeticIndexCompat: computeSectionName: cs: Battery sectionName: B
05-25 02:05:35.082  1151  1151 D AlphabeticIndexCompat: computeSectionName: cs: Chrome sectionName: C
05-25 02:05:35.083  1151  1151 D AlphabeticIndexCompat: computeSectionName: cs: Gmail sectionName: G
05-25 02:05:35.083  1151  1151 D AlphabeticIndexCompat: computeSectionName: cs: Drive sectionName: D
05-25 02:05:35.083  1151  1151 D AlphabeticIndexCompat: computeSectionName: cs: Clock sectionName: C
05-25 02:05:35.083  1151  1151 D AlphabeticIndexCompat: computeSectionName: cs: Contacts sectionName: C
05-25 02:05:35.084  1151  1151 D AlphabeticIndexCompat: computeSectionName: cs: Calendar sectionName: C
05-25 02:05:35.084  1151  1151 D AlphabeticIndexCompat: computeSectionName: cs: Maps sectionName: M
05-25 02:05:35.084  1151  1151 D AlphabeticIndexCompat: computeSectionName: cs: YouTube Music sectionName: Y
05-25 02:05:35.084  1151  1151 D AlphabeticIndexCompat: computeSectionName: cs: YouTube sectionName: Y
05-25 02:05:35.085  1151  1151 D AlphabeticIndexCompat: computeSectionName: cs: World's Greatest TV Remote sectionName: W
05-25 02:05:35.085  1151  1151 D AlphabeticIndexCompat: computeSectionName: cs: Google sectionName: G
05-25 02:05:35.085  1151  1151 D AlphabeticIndexCompat: computeSectionName: cs: Android System Intelligence sectionName: A
05-25 02:05:35.085  1151  1151 D AlphabeticIndexCompat: computeSectionName: cs: Digital Wellbeing sectionName: D
05-25 02:05:35.085  1151  1151 D AlphabeticIndexCompat: computeSectionName: cs: Conversations sectionName: C
05-25 02:05:35.086  1151  1151 D OverviewActionsView: updateActionButtonsVisibility() called: showSingleTaskActions = [true], showGroupActions = [false]
05-25 02:05:35.087  1151  1151 D b/380940677: [mStateHandlerRequest=0, mCurrentStateRequest=0, mLastActivityFlags=5, mIgnoreAutoRotateSettings=false, mHomeRotationEnabled=false, mForceAllowRotationForTesting=false, mDestroyed=false, mIsFixedLandscape=false]
05-25 02:05:35.087  1151  1205 I PluginActionManager[com.android.systemui.action.PLUGIN_LAUNCHER_OVERLAY]: Found 0 plugins
05-25 02:05:35.088   755  1865 V WindowManager: Queueing transition: TransitionRecord{72ae9f2 id=-1 type=CHANGE flags=0x0 parallelCollectType=NONE recentsDisplayId=-1}
05-25 02:05:35.088  1151  1151 D BaseActivity: Launcher flags updated: [state_started] +[state_started]
05-25 02:05:35.088  1151  1151 D ActivityAllAppsContainerView: rebindAdapters: force: false
05-25 02:05:35.088  1151  1151 D ActivityAllAppsContainerView: rebindAdapters: Not needed.
05-25 02:05:35.088  1151  1151 D BaseActivity: Launcher flags updated: [state_started|state_resumed|state_user_active] +[state_resumed|state_user_active]
05-25 02:05:35.088  1334  1334 D BoundBrokerSvc: onRebind: Intent { act=com.google.android.gms.common.telemetry.service.START dat=chimera-action:/... xflg=0x4 cmp=com.google.android.gms/.chimera.PersistentApiService }
05-25 02:05:35.090  1546  1546 I AiAiEcho: SearchContextManagerImpl::setSearchContext resultTypes=[139867] extras=[Bundle[{launcher.maxInlineIcons=3, dynamic_ranking_m3_enabled=true, qs_tiles_asi_enabled=true, allowlist_enabled=false, one_search_enabled=true, system_clock=true, version_code=12, gms_play_query_lower_bound=2, gms_play_query_upper_bound=20, recent_search_block_enabled=true, gms_play_feature_supported=true, launcher.gridSize=4, showhiddentargets_enabled=false, ose_info=1}]] sessionId=[com.google.android.apps.nexuslauncher:c8ab6f93-b86d-47f1-9a7f-7bb2774d9cc4,0]
05-25 02:05:35.095  1151  1151 D BaseActivity: Launcher flags updated: [state_started|state_user_active] -[state_resumed]
05-25 02:05:35.096  1151  1201 D InputMonitorCompat: Input monitor (minus-one-disp0) created
05-25 02:05:35.097   755  1923 D ActivityManager: sync unfroze 2739 com.google.android.gms.unstable for 6
05-25 02:05:35.099  2739  2838 W Looper  : Slow delivery took 268927ms android.bg app=com.google.android.gms.unstable main=false group=FOREGROUND h=android.database.sqlite.SQLiteConnectionPool$IdleConnectionHandler c=null m=0
05-25 02:05:35.101   755   966 D BackgroundInstallControlService: Package event received: 0
05-25 02:05:35.106  1151  1151 W SplitSelectStateCtor: Missing session instanceIds
05-25 02:05:35.106  1151  1151 D StatsLog: LAUNCHER_SPLIT_SELECTION_EXIT_INTERRUPTED
05-25 02:05:35.114  1151  1201 D InputMonitorCompat: Input event receiver for monitor (minus-one-disp0) created
05-25 02:05:35.116  1151  1201 D SearchTargetUtil: queryLength=0 size=1
05-25 02:05:35.116  1012  1069 D WindowManagerShell: setLauncherKeepClearAreaHeight: visible=true, height=495
05-25 02:05:35.116  1151  1201 D SearchTargetUtil: layoutType=icon_row resultType=4096 packageName=
05-25 02:05:35.117  1484  1484 D BoundBrokerSvc: onUnbind: Intent { act=com.google.android.gms.safetynet.service.START dat=chimera-action:/... xflg=0x4 cmp=com.google.android.gms/.chimera.GmsBoundBrokerService }
05-25 02:05:35.120   755  5627 E SettingsToPropertiesMapper: invalid flag name: selinux_audit_job_enabled
05-25 02:05:35.121  1151  1151 D BaseActivity: Launcher flags updated: [] -[state_started|state_user_active]
05-25 02:05:35.126  1012  1069 D WindowManagerShell: setLauncherKeepClearAreaHeight: visible=false, height=495
05-25 02:05:35.126   755   755 D AppHibernationService: App hibernation changed to enabled=true
05-25 02:05:35.127  1151  1151 D LauncherStateManager: StateManager.goToState: fromState: Normal, toState: Normal, partial trace:
05-25 02:05:35.127  1151  1151 D LauncherStateManager: 	at com.android.launcher3.statemanager.StateManager.moveToRestState(go/retraceme 7101499b44b219b757f6885b35ae099b24fc769225595efcaaacae5b0f94500b:6)
05-25 02:05:35.127  1151  1151 D LauncherStateManager: 	at com.android.launcher3.statemanager.StateManager.moveToRestState(go/retraceme 7101499b44b219b757f6885b35ae099b24fc769225595efcaaacae5b0f94500b:2)
05-25 02:05:35.127  1151  1151 D LauncherStateManager: 	at com.android.launcher3.statemanager.StatefulActivity.onStop(go/retraceme 7101499b44b219b757f6885b35ae099b24fc769225595efcaaacae5b0f94500b:32)
05-25 02:05:35.127  1151  1151 D LauncherStateManager: StateManager.onRepeatStateSetAborted: state: Normal
05-25 02:05:35.128  1151  1151 D ActivityContext: hideKeyboard
05-25 02:05:35.128  1151  1151 D ActivityContext: isImeShown: false
05-25 02:05:35.128  1151  1151 D StatsLog: LAUNCHER_GOOGLE_SEARCH_RESTORE_LIST_SIZE_AFTER_ACTIVITY_RESTART
05-25 02:05:35.131  1151  1151 D WindowOnBackDispatcher: setTopOnBackInvokedCallback (unwrapped): android.app.Activity$$ExternalSyntheticLambda0@1fbbfcf
05-25 02:05:35.142  1151  1151 D WindowOnBackDispatcher: setTopOnBackInvokedCallback (unwrapped): com.android.launcher3.uioverrides.QuickstepLauncher$3@5bbed5c
05-25 02:05:35.142   755  1251 D CoreBackPreview: Window{255e6ec u0 com.google.android.apps.nexuslauncher/com.google.android.apps.nexuslauncher.NexusLauncherActivity}: Setting back callback OnBackInvokedCallbackInfo{mCallback=android.window.IOnBackInvokedCallback$Stub$Proxy@16db3a2, mPriority=-1, mIsAnimationCallback=false, mOverrideBehavior=0}
05-25 02:05:35.142   755  1251 D CoreBackPreview: Window{255e6ec u0 com.google.android.apps.nexuslauncher/com.google.android.apps.nexuslauncher.NexusLauncherActivity}: Setting back callback OnBackInvokedCallbackInfo{mCallback=android.window.IOnBackInvokedCallback$Stub$Proxy@9bd0833, mPriority=0, mIsAnimationCallback=true, mOverrideBehavior=0}
05-25 02:05:35.143  1151  1205 I PluginActionManager[com.android.systemui.action.PLUGIN_BC_SMARTSPACE_DATA]: Found 0 plugins
05-25 02:05:35.161  1151  1151 D VRI[NexusLauncherActivity]: WindowInsets changed: 1080x2400 statusBars:[0,63,0,0] navigationBars:[0,0,0,63] mandatorySystemGestures:[0,63,0,84] 
05-25 02:05:35.163  1151  1205 I PluginActionManager[com.android.systemui.action.PLUGIN_ALL_APPS_ACTIONS]: Found 0 plugins
05-25 02:05:35.169  1151  1151 D OverviewActionsView: updateActionButtonsVisibility() called: showSingleTaskActions = [true], showGroupActions = [false]
05-25 02:05:35.172  1151  1151 D LauncherStateManager: StateManager.cancelAnimation: animation ongoing: false, partial trace:
05-25 02:05:35.172  1151  1151 D LauncherStateManager: 	at com.android.launcher3.statemanager.StateManager.reapplyState(go/retraceme 7101499b44b219b757f6885b35ae099b24fc769225595efcaaacae5b0f94500b:40)
05-25 02:05:35.172  1151  1151 D LauncherStateManager: 	at com.android.launcher3.LauncherRootView.updateInsets(go/retraceme 7101499b44b219b757f6885b35ae099b24fc769225595efcaaacae5b0f94500b:54)
05-25 02:05:35.172  1151  1151 D LauncherStateManager: 	at com.android.launcher3.LauncherRootView.onApplyWindowInsets(go/retraceme 7101499b44b219b757f6885b35ae099b24fc769225595efcaaacae5b0f94500b:18)
05-25 02:05:35.172  1151  1151 D AllAppsTransitionController: shouldProtectHeader: false skipScrim: false state: Normal stateManager.getState(): Normal
05-25 02:05:35.173  1151  1151 D KeyboardInsetsHandler: setState, toState:Normal StateManager(mLastStableState:Normal, mCurrentStableState:Normal, mState:Normal, mRestState:null, isInTransition:false)
05-25 02:05:35.173  1151  1151 D KeyboardInsetsHandler: removePendingImeController: pendingImeController=null
05-25 02:05:35.173  1151  1151 D ActivityContext: hideKeyboard
05-25 02:05:35.173  1151  1151 D ActivityContext: isImeShown: false
05-25 02:05:35.187  2739  5646 W libc    : Access denied finding property "persist.adb.tls_server.enable"
05-25 02:05:35.187  2739  5646 W libc    : Access denied finding property "service.adb.tls.port"
05-25 02:05:35.180  2739  2739 W binder:2739_9: type=1400 audit(0.0:21): avc:  denied  { read } for  name="u:object_r:adbd_prop:s0" dev="tmpfs" ino=59 scontext=u:r:gmscore_app:s0:c512,c768 tcontext=u:object_r:adbd_prop:s0 tclass=file permissive=0 app=com.google.android.gms
05-25 02:05:35.193  1151  1151 D InputMonitorCompat: Input event receiver for monitor (minus-one-disp0) disposed
05-25 02:05:35.194  1151  1151 D InputMonitorCompat: Input monitor (minus-one-disp0) disposed
05-25 02:05:35.197  1151  1151 D TISBindHelper: TIS service connected
05-25 02:05:35.197  1151  1151 D TaskbarManager: setActivity: mActivity=null displayId=0 isDefaultDisplay=true
05-25 02:05:35.197  1151  1151 D TaskbarManager: setActivity: registering activity lifecycle callbacks. displayId=0 isDefaultDisplay=true
05-25 02:05:35.197  1151  1151 D TaskbarManager: getUnfoldTransitionProgressProviderForActivity displayId=0 isDefaultDisplay=true
05-25 02:05:35.197  1151  1151 D TaskbarManager: setRecentsViewContainer displayId=0 isDefaultDisplay=true
05-25 02:05:35.197  1151  1151 D TaskbarManager: createTaskbarUIControllerForRecentsViewContainer displayId=0 isDefaultDisplay=true
05-25 02:05:35.197  5653  5653 D AndroidRuntime: >>>>>> START com.android.internal.os.RuntimeInit uid 2000 <<<<<<
05-25 02:05:35.199   755  1923 V WindowManager: Continue transition id=7 for TaskFragmentTransaction=android.os.Binder@224053c
05-25 02:05:35.199   755  1923 V WindowManager: continueTransitionReady deferReadyDepth=1 stack=com.android.server.wm.TransitionController.continueTransitionReady:1071 com.android.server.wm.TaskFragmentOrganizerController$TaskFragmentOrganizerState.onTransactionFinished:546 com.android.server.wm.TaskFragmentOrganizerController.onTransactionHandled:740 android.window.ITaskFragmentOrganizerController$Stub.onTransact:225 android.os.Binder.execTransactInternal:1473 
05-25 02:05:35.200   755  1923 V WindowManager: Continue transition id=7 for TaskFragmentTransaction=android.os.Binder@b63beef
05-25 02:05:35.201   755  1923 V WindowManager: continueTransitionReady deferReadyDepth=0 stack=com.android.server.wm.TransitionController.continueTransitionReady:1071 com.android.server.wm.TaskFragmentOrganizerController$TaskFragmentOrganizerState.onTransactionFinished:546 com.android.server.wm.TaskFragmentOrganizerController.onTransactionHandled:740 android.window.ITaskFragmentOrganizerController$Stub.onTransact:225 android.os.Binder.execTransactInternal:1473 
05-25 02:05:35.202   755   775 V WindowManager: Sent Transition (#7) createdAt=05-25 02:05:34.926 via request=TransitionRequestInfo { type = CLOSE, triggerTask = null, pipChange = null, remoteTransition = RemoteTransition { remoteTransition = android.window.IRemoteTransition$Stub$Proxy@c2ad9dd, appThread = null, debugName = TaskFragmentComponent }, displayChange = null, requestedLocation = null, userChange = null, windowingLayerChange = null, flags = 0, debugId = 7 }
05-25 02:05:35.202   755   775 V WindowManager:     startWCT=WindowContainerTransaction { changes= {} hops= [] errorCallbackToken=null taskFragmentOrganizer=null }
05-25 02:05:35.202   755   775 V WindowManager:     info={id=7 t=CLOSE f=0x0 trk=0 r=[] c=[]}
05-25 02:05:35.202  5653  5653 I AndroidRuntime: Using default boot image
05-25 02:05:35.202  5653  5653 I AndroidRuntime: Leaving lock profiling enabled
05-25 02:05:35.202  1151  1151 D ModelCallbacks: Calling onCompleteSignal
05-25 02:05:35.203   755   778 V WindowManager: deferTransitionReady deferReadyDepth=1 stack=com.android.server.wm.WindowOrganizerController.applyTransaction:658 com.android.server.wm.WindowOrganizerController.applyTransaction:626 com.android.server.wm.WindowOrganizerController.lambda$applyTaskFragmentTransactionLocked$5:602 com.android.server.wm.WindowOrganizerController.$r8$lambda$b9SZ7IAloD3MuUhvAJTdz5zHJ5k:0 com.android.server.wm.WindowOrganizerController$$ExternalSyntheticLambda4.onCollectStarted:0 
05-25 02:05:35.203  1151  1151 D ViewOnDrawExecutor: markCompleted: executing tasks
05-25 02:05:35.203  1151  1151 D ActivityAllAppsContainerView: rebindAdapters: force: false
05-25 02:05:35.204  1151  1151 D ActivityAllAppsContainerView: rebindAdapters: Not needed.
05-25 02:05:35.204  5653  5653 I app_process: Using CollectorTypeCMC GC.
05-25 02:05:35.204   755   778 V WindowManager: continueTransitionReady deferReadyDepth=0 stack=com.android.server.wm.WindowOrganizerController.applyTransaction:799 com.android.server.wm.WindowOrganizerController.applyTransaction:626 com.android.server.wm.WindowOrganizerController.lambda$applyTaskFragmentTransactionLocked$5:602 com.android.server.wm.WindowOrganizerController.$r8$lambda$b9SZ7IAloD3MuUhvAJTdz5zHJ5k:0 com.android.server.wm.WindowOrganizerController$$ExternalSyntheticLambda4.onCollectStarted:0 
05-25 02:05:35.205   755   778 V WindowManager: Defer transition id=8 for TaskFragmentTransaction=android.os.Binder@a377d20
05-25 02:05:35.205   755   778 V WindowManager: deferTransitionReady deferReadyDepth=1 stack=com.android.server.wm.TransitionController.deferTransitionReady:1061 com.android.server.wm.TaskFragmentOrganizerController$TaskFragmentOrganizerState.dispatchTransaction:517 com.android.server.wm.TaskFragmentOrganizerController.dispatchPendingEvents:1259 com.android.server.wm.TaskFragmentOrganizerController.dispatchPendingEvents:1228 com.android.server.wm.RootWindowContainer.performSurfacePlacement:777 
05-25 02:05:35.206  1012  1810 V WindowManagerShell: onTransitionReady(transaction=3242700311400)
05-25 02:05:35.208  1012  1069 V WindowManagerShell: onTransitionReady (#7) android.os.BinderProxy@4ae5fb1: {id=7 t=CLOSE f=0x0 trk=0 r=[] c=[]}
05-25 02:05:35.208  1012  1069 V WindowManagerShell: No transition roots in (#7) android.os.BinderProxy@4ae5fb1@0 so abort
05-25 02:05:35.209  1012  1069 V WindowManagerShell: Transition animation finished (aborted=true), notifying core (#7) android.os.BinderProxy@4ae5fb1@0
05-25 02:05:35.209   755  1923 I ActivityTaskManager: Activity reported stop, but no longer stopping: ActivityRecord{196734200 u0 com.google.android.apps.nexuslauncher/.NexusLauncherActivity t2} STOPPED
05-25 02:05:35.211  1151  1151 D NexusLauncherModelDelegate: notifySmartspaceEvent: SmartspaceTargetEvent{mSmartspaceTarget=SmartspaceTarget{mSmartspaceTargetId='date_card_794317_92634', mHeaderAction=null, mBaseAction=null, mCreationTimeMillis=0, mExpiryTimeMillis=0, mScore=0.0, mActionChips=[], mIconGrid=[], mFeatureType=1, mSensitive=false, mShouldShowExpanded=false, mSourceNotificationKey='null', mComponentName=ComponentInfo{com.google.android.apps.nexuslauncher/w7.d0}, mUserHandle=UserHandle{0}, mAssociatedSmartspaceTargetId='null', mSliceUri=null, mWidget=null, mTemplateData=BaseTemplateData{mTemplateType=1, mPrimaryItem=null, mSubtitleItem=null, mSubtitleSupplementalItem=null, mSupplementalLineItem=null, mSupplementalAlarmItem=null, mLayoutWeight=0}, mRemoteViews=null}, mSmartspaceActionId='null', mEventType=8}
05-25 02:05:35.211  1151  1151 D TaskFragmentComponent: Setting valid task fragment surface control in TYPE_TASK_FRAGMENT_APPEARED
05-25 02:05:35.212  1151  1151 D TaskFragmentComponent: release and clear taskSurface
05-25 02:05:35.213   620  1257 I libbinder.BpBinder: onLastStrongRef automatically unlinking death recipients for descriptor: '(not cached)'
05-25 02:05:35.216   755   775 V WindowManager: Finish Transition (#7): created at 05-25 02:05:34.926 collect-started=0.279ms request-sent=3.644ms started=6.632ms ready=274.692ms sent=275.346ms commit=12.343ms finished=288.285ms
05-25 02:05:35.216  1012  1069 V WindowManagerShell: Track 0 became idle
05-25 02:05:35.216  1012  1069 V WindowManagerShell: All active transition animations finished
05-25 02:05:35.216  1012  1069 V WindowManagerShell: Transition requested (#8): android.os.BinderProxy@981fac9 TransitionRequestInfo { type = CHANGE, triggerTask = null, pipChange = null, remoteTransition = RemoteTransition { remoteTransition = android.window.IRemoteTransition$Stub$Proxy@73735ce, appThread = null, debugName = TaskFragmentComponent }, displayChange = null, requestedLocation = null, userChange = null, windowingLayerChange = null, flags = 0, debugId = 8 }
05-25 02:05:35.217  1012  1069 V WindowManagerShell: RemoteTransition directly requested for (#8) android.os.BinderProxy@981fac9: RemoteTransition { remoteTransition = android.window.IRemoteTransition$Stub$Proxy@73735ce, appThread = null, debugName = TaskFragmentComponent }
05-25 02:05:35.217  1012  1069 V WindowManagerShell: Transition (#8): request handled by RemoteTransitionHandler
05-25 02:05:35.217   755  2150 V WindowManager: Queueing transition: TransitionRecord{8c31f7f id=-1 type=CLOSE flags=0x0 parallelCollectType=NONE recentsDisplayId=-1}
05-25 02:05:35.218   755  1931 W TransitionChain: Combining tfTransact into #8(CHANGE|R|0x0) from tfTransact
05-25 02:05:35.219   755  1931 V WindowManager: deferTransitionReady deferReadyDepth=2 stack=com.android.server.wm.WindowOrganizerController.applyTransaction:658 com.android.server.wm.WindowOrganizerController.applyTaskFragmentTransactionLocked:585 com.android.server.wm.TaskFragmentOrganizerController.applyTransaction:764 com.android.server.wm.TaskFragmentOrganizerController.onTransactionHandled:730 android.window.ITaskFragmentOrganizerController$Stub.onTransact:225 
05-25 02:05:35.219   755  1931 V WindowManager: continueTransitionReady deferReadyDepth=1 stack=com.android.server.wm.WindowOrganizerController.applyTransaction:799 com.android.server.wm.WindowOrganizerController.applyTaskFragmentTransactionLocked:585 com.android.server.wm.TaskFragmentOrganizerController.applyTransaction:764 com.android.server.wm.TaskFragmentOrganizerController.onTransactionHandled:730 android.window.ITaskFragmentOrganizerController$Stub.onTransact:225 
05-25 02:05:35.221   755  1931 V WindowManager: Continue transition id=8 for TaskFragmentTransaction=android.os.Binder@a377d20
05-25 02:05:35.221   755  1931 V WindowManager: continueTransitionReady deferReadyDepth=0 stack=com.android.server.wm.TransitionController.continueTransitionReady:1071 com.android.server.wm.TaskFragmentOrganizerController$TaskFragmentOrganizerState.onTransactionFinished:546 com.android.server.wm.TaskFragmentOrganizerController.onTransactionHandled:740 android.window.ITaskFragmentOrganizerController$Stub.onTransact:225 android.os.Binder.execTransactInternal:1473 
05-25 02:05:35.223   755  1923 D FileUtils: Rounded bytes from 4104835072 to 8000000000
05-25 02:05:35.225  1012  1810 V WindowManagerShell: onTransitionReady(transaction=3242700311415)
05-25 02:05:35.226  1012  1069 V WindowManagerShell: onTransitionReady (#8) android.os.BinderProxy@981fac9: {id=8 t=CHANGE f=0x0 trk=1 r=[] c=[]}
05-25 02:05:35.226  1012  1069 V WindowManagerShell: No transition roots in (#8) android.os.BinderProxy@981fac9@1 so abort
05-25 02:05:35.226  1012  1069 V WindowManagerShell: Transition animation finished (aborted=true), notifying core (#8) android.os.BinderProxy@981fac9@1
05-25 02:05:35.227   755   775 V WindowManager: Sent Transition (#8) createdAt=05-25 02:05:35.087 via request=TransitionRequestInfo { type = CHANGE, triggerTask = null, pipChange = null, remoteTransition = RemoteTransition { remoteTransition = android.window.IRemoteTransition$Stub$Proxy@9e74b4c, appThread = null, debugName = TaskFragmentComponent }, displayChange = null, requestedLocation = null, userChange = null, windowingLayerChange = null, flags = 0, debugId = 8 }
05-25 02:05:35.227   755   775 V WindowManager:     startWCT=WindowContainerTransaction { changes= {} hops= [] errorCallbackToken=null taskFragmentOrganizer=null }
05-25 02:05:35.227   755   775 V WindowManager:     info={id=8 t=CHANGE f=0x0 trk=1 r=[] c=[]}
05-25 02:05:35.227   755   778 V WindowManager: deferTransitionReady deferReadyDepth=1 stack=com.android.server.wm.WindowOrganizerController.applyTransaction:658 com.android.server.wm.WindowOrganizerController.applyTransaction:626 com.android.server.wm.WindowOrganizerController.lambda$applyTaskFragmentTransactionLocked$5:602 com.android.server.wm.WindowOrganizerController.$r8$lambda$b9SZ7IAloD3MuUhvAJTdz5zHJ5k:0 com.android.server.wm.WindowOrganizerController$$ExternalSyntheticLambda4.onCollectStarted:0 
05-25 02:05:35.228   755   778 V WindowManager: continueTransitionReady deferReadyDepth=0 stack=com.android.server.wm.WindowOrganizerController.applyTransaction:799 com.android.server.wm.WindowOrganizerController.applyTransaction:626 com.android.server.wm.WindowOrganizerController.lambda$applyTaskFragmentTransactionLocked$5:602 com.android.server.wm.WindowOrganizerController.$r8$lambda$b9SZ7IAloD3MuUhvAJTdz5zHJ5k:0 com.android.server.wm.WindowOrganizerController$$ExternalSyntheticLambda4.onCollectStarted:0 
05-25 02:05:35.234   620  1257 I libbinder.BpBinder: onLastStrongRef automatically unlinking death recipients for descriptor: '(not cached)'
05-25 02:05:35.234   755   775 V WindowManager: Finish Transition (#8): created at 05-25 02:05:35.087 collect-started=114.803ms request-sent=118.719ms started=129.98ms ready=134.653ms sent=135.749ms commit=5.719ms finished=146.623ms
05-25 02:05:35.234  1012  1069 V WindowManagerShell: Track 1 became idle
05-25 02:05:35.235  1012  1069 V WindowManagerShell: All active transition animations finished
05-25 02:05:35.235  1012  1069 V WindowManagerShell: Transition requested (#9): android.os.BinderProxy@3adcef TransitionRequestInfo { type = CLOSE, triggerTask = null, pipChange = null, remoteTransition = RemoteTransition { remoteTransition = android.window.IRemoteTransition$Stub$Proxy@83b13fc, appThread = null, debugName = TaskFragmentComponent }, displayChange = null, requestedLocation = null, userChange = null, windowingLayerChange = null, flags = 0, debugId = 9 }
05-25 02:05:35.235  1012  1069 V WindowManagerShell: RemoteTransition directly requested for (#9) android.os.BinderProxy@3adcef: RemoteTransition { remoteTransition = android.window.IRemoteTransition$Stub$Proxy@83b13fc, appThread = null, debugName = TaskFragmentComponent }
05-25 02:05:35.235  1012  1069 V WindowManagerShell: Transition (#9): request handled by RemoteTransitionHandler
05-25 02:05:35.237   755   775 V WindowManager: Sent Transition (#9) createdAt=05-25 02:05:35.217 via request=TransitionRequestInfo { type = CLOSE, triggerTask = null, pipChange = null, remoteTransition = RemoteTransition { remoteTransition = android.window.IRemoteTransition$Stub$Proxy@9346795, appThread = null, debugName = TaskFragmentComponent }, displayChange = null, requestedLocation = null, userChange = null, windowingLayerChange = null, flags = 0, debugId = 9 }
05-25 02:05:35.237   755   775 V WindowManager:     startWCT=WindowContainerTransaction { changes= {} hops= [] errorCallbackToken=null taskFragmentOrganizer=null }
05-25 02:05:35.237   755   775 V WindowManager:     info={id=9 t=CLOSE f=0x0 trk=2 r=[] c=[]}
05-25 02:05:35.242  1012  1810 V WindowManagerShell: onTransitionReady(transaction=3242700311427)
05-25 02:05:35.242  1012  1069 V WindowManagerShell: onTransitionReady (#9) android.os.BinderProxy@3adcef: {id=9 t=CLOSE f=0x0 trk=2 r=[] c=[]}
05-25 02:05:35.242  1012  1069 V WindowManagerShell: No transition roots in (#9) android.os.BinderProxy@3adcef@2 so abort
05-25 02:05:35.243  1012  1069 V WindowManagerShell: Transition animation finished (aborted=true), notifying core (#9) android.os.BinderProxy@3adcef@2
05-25 02:05:35.248   755   775 V WindowManager: Finish Transition (#9): created at 05-25 02:05:35.217 collect-started=6.518ms request-sent=13.659ms started=17.935ms ready=17.923ms sent=19.712ms commit=8.631ms finished=30.313ms
05-25 02:05:35.248  1012  1069 V WindowManagerShell: Track 2 became idle
05-25 02:05:35.248  1012  1069 V WindowManagerShell: All active transition animations finished
05-25 02:05:35.266   755  5627 E SettingsToPropertiesMapper: failed to connect to aconfigd_system socket
05-25 02:05:35.266   755  5627 E SettingsToPropertiesMapper: java.io.IOException: No such file or directory
05-25 02:05:35.266   755  5627 E SettingsToPropertiesMapper: 	at android.net.LocalSocketImpl.connectLocal(Native Method)
05-25 02:05:35.266   755  5627 E SettingsToPropertiesMapper: 	at android.net.LocalSocketImpl.connect(LocalSocketImpl.java:259)
05-25 02:05:35.266   755  5627 E SettingsToPropertiesMapper: 	at android.net.LocalSocket.connect(LocalSocket.java:162)
05-25 02:05:35.266   755  5627 E SettingsToPropertiesMapper: 	at com.android.server.am.SettingsToPropertiesMapper.sendAconfigdRequests(SettingsToPropertiesMapper.java:270)
05-25 02:05:35.266   755  5627 E SettingsToPropertiesMapper: 	at com.android.server.am.SettingsToPropertiesMapper.sendAconfigdRequests(SettingsToPropertiesMapper.java:239)
05-25 02:05:35.266   755  5627 E SettingsToPropertiesMapper: 	at com.android.server.am.SettingsToPropertiesMapper.stageFlagsInNewStorage(SettingsToPropertiesMapper.java:558)
05-25 02:05:35.266   755  5627 E SettingsToPropertiesMapper: 	at com.android.server.am.SettingsToPropertiesMapper.$r8$lambda$xaooDt4T3agG1Hk5_pT9j0XnxEM(SettingsToPropertiesMapper.java:216)
05-25 02:05:35.266   755  5627 E SettingsToPropertiesMapper: 	at com.android.server.am.SettingsToPropertiesMapper$$ExternalSyntheticLambda1.onPropertiesChanged(R8$$SyntheticClass:0)
05-25 02:05:35.266   755  5627 E SettingsToPropertiesMapper: 	at android.provider.DeviceConfig.lambda$handleChange$1(DeviceConfig.java:1796)
05-25 02:05:35.266   755  5627 E SettingsToPropertiesMapper: 	at android.provider.DeviceConfig$$ExternalSyntheticLambda0.run(D8$$SyntheticClass:0)
05-25 02:05:35.266   755  5627 E SettingsToPropertiesMapper: 	at java.util.concurrent.Executors$RunnableAdapter.call(Executors.java:520)
05-25 02:05:35.266   755  5627 E SettingsToPropertiesMapper: 	at java.util.concurrent.FutureTask.run(FutureTask.java:317)
05-25 02:05:35.266   755  5627 E SettingsToPropertiesMapper: 	at java.util.concurrent.ScheduledThreadPoolExecutor$ScheduledFutureTask.run(ScheduledThreadPoolExecutor.java:348)
05-25 02:05:35.266   755  5627 E SettingsToPropertiesMapper: 	at java.util.concurrent.ThreadPoolExecutor.runWorker(ThreadPoolExecutor.java:1154)
05-25 02:05:35.266   755  5627 E SettingsToPropertiesMapper: 	at java.util.concurrent.ThreadPoolExecutor$Worker.run(ThreadPoolExecutor.java:652)
05-25 02:05:35.266   755  5627 E SettingsToPropertiesMapper: 	at java.lang.Thread.run(Thread.java:1563)
05-25 02:05:35.267   755  5627 E SettingsToPropertiesMapper: failed to connect to aconfigd_mainline socket
05-25 02:05:35.267   755  5627 E SettingsToPropertiesMapper: java.io.IOException: No such file or directory
05-25 02:05:35.267   755  5627 E SettingsToPropertiesMapper: 	at android.net.LocalSocketImpl.connectLocal(Native Method)
05-25 02:05:35.267   755  5627 E SettingsToPropertiesMapper: 	at android.net.LocalSocketImpl.connect(LocalSocketImpl.java:259)
05-25 02:05:35.267   755  5627 E SettingsToPropertiesMapper: 	at android.net.LocalSocket.connect(LocalSocket.java:162)
05-25 02:05:35.267   755  5627 E SettingsToPropertiesMapper: 	at com.android.server.am.SettingsToPropertiesMapper.sendAconfigdRequests(SettingsToPropertiesMapper.java:270)
05-25 02:05:35.267   755  5627 E SettingsToPropertiesMapper: 	at com.android.server.am.SettingsToPropertiesMapper.sendAconfigdRequests(SettingsToPropertiesMapper.java:249)
05-25 02:05:35.267   755  5627 E SettingsToPropertiesMapper: 	at com.android.server.am.SettingsToPropertiesMapper.stageFlagsInNewStorage(SettingsToPropertiesMapper.java:558)
05-25 02:05:35.267   755  5627 E SettingsToPropertiesMapper: 	at com.android.server.am.SettingsToPropertiesMapper.$r8$lambda$xaooDt4T3agG1Hk5_pT9j0XnxEM(SettingsToPropertiesMapper.java:216)
05-25 02:05:35.267   755  5627 E SettingsToPropertiesMapper: 	at com.android.server.am.SettingsToPropertiesMapper$$ExternalSyntheticLambda1.onPropertiesChanged(R8$$SyntheticClass:0)
05-25 02:05:35.267   755  5627 E SettingsToPropertiesMapper: 	at android.provider.DeviceConfig.lambda$handleChange$1(DeviceConfig.java:1796)
05-25 02:05:35.267   755  5627 E SettingsToPropertiesMapper: 	at android.provider.DeviceConfig$$ExternalSyntheticLambda0.run(D8$$SyntheticClass:0)
05-25 02:05:35.267   755  5627 E SettingsToPropertiesMapper: 	at java.util.concurrent.Executors$RunnableAdapter.call(Executors.java:520)
05-25 02:05:35.267   755  5627 E SettingsToPropertiesMapper: 	at java.util.concurrent.FutureTask.run(FutureTask.java:317)
05-25 02:05:35.267   755  5627 E SettingsToPropertiesMapper: 	at java.util.concurrent.ScheduledThreadPoolExecutor$ScheduledFutureTask.run(ScheduledThreadPoolExecutor.java:348)
05-25 02:05:35.267   755  5627 E SettingsToPropertiesMapper: 	at java.util.concurrent.ThreadPoolExecutor.runWorker(ThreadPoolExecutor.java:1154)
05-25 02:05:35.267   755  5627 E SettingsToPropertiesMapper: 	at java.util.concurrent.ThreadPoolExecutor$Worker.run(ThreadPoolExecutor.java:652)
05-25 02:05:35.267   755  5627 E SettingsToPropertiesMapper: 	at java.lang.Thread.run(Thread.java:1563)
05-25 02:05:35.267   755  5627 E SettingsToPropertiesMapper: invalid flag name: test_flag
05-25 02:05:35.269   755  5627 E SettingsToPropertiesMapper: invalid flag name: test_voyager_e2e_flag_1
05-25 02:05:35.276  5653  5653 D nativeloader: InitDefaultPublicLibraries for_preload=1: libandroid.so:libaaudio.so:libamidi.so:libbinder_ndk.so:libc.so:libcamera2ndk.so:libdl.so:libEGL.so:libGLESv1_CM.so:libGLESv2.so:libGLESv3.so:libicu.so:libicui18n.so:libicuuc.so:libjnigraphics.so:liblog.so:libmediandk.so:libm.so:libnativehelper.so:libnativewindow.so:libOpenMAXAL.so:libOpenSLES.so:libRS.so:libstdc++.so:libsync.so:libvulkan.so:libwebviewchromium_plat_support.so:libz.so
05-25 02:05:35.279  1334  1346 W GmsUrlRequestImpl: [https://android.googleapis.com/auth/devicekey] Content-Type header is overwritten.
05-25 02:05:35.285  5653  5653 D nativeloader: Load libicu_jni.so using APEX ns com_android_art for caller /apex/com.android.art/javalib/core-oj.jar: ok
05-25 02:05:35.285  5653  5653 D app_process: u_setTimeZoneFilesDirectory("/apex/com.android.tzdata/etc/tz/versioned/9/icu") succeeded. 
05-25 02:05:35.285  5653  5653 D app_process: I18n APEX ICU file found: /apex/com.android.i18n/etc/icu/icudt76l.dat
05-25 02:05:35.286  5653  5653 D nativeloader: Load libjavacore.so using APEX ns com_android_art for caller /apex/com.android.art/javalib/core-oj.jar: ok
05-25 02:05:35.287  5653  5653 D nativeloader: Load libopenjdk.so using APEX ns com_android_art for caller /apex/com.android.art/javalib/core-oj.jar: ok
05-25 02:05:35.287  5653  5653 I app_process: Priority-to-niceness mapping: 19, 16, 13, 10, 0, -2, -4, -5, -6, -8
05-25 02:05:35.288  5653  5653 W app_process: Unexpected CPU variant for x86: x86_64.
05-25 02:05:35.288  5653  5653 W app_process: Known variants: atom, sandybridge, silvermont, goldmont, goldmont-plus, goldmont-without-sha-xsaves, tremont, kabylake, alderlake, default
05-25 02:05:35.289  5653  5653 W app_process: ClassLoaderContext shared library size mismatch. Expected=2, found=0 (PCL[]{PCL[/system/framework/android.test.base.jar*1653369819]#PCL[/system/framework/android.test.mock.jar*1009639922]} | PCL[])
05-25 02:05:35.289  2739  2745 W id.gms.unstable: userfaultfd: MOVE ioctl seems unsupported: Try again
05-25 02:05:35.290  5653  5653 W app_process: ClassLoaderContext classpath size mismatch. expected=0, found=1 (PCL[]{PCL[/system/framework/android.test.runner.jar*3954641918]{PCL[/system/framework/android.test.base.jar*1653369819]#PCL[/system/framework/android.test.mock.jar*1009639922]}#PCL[/system/framework/android.test.base.jar*1653369819]} | PCL[/system/framework/android.test.runner.jar*3954641918])
05-25 02:05:35.302   755  5627 E SettingsToPropertiesMapper: invalid flag name: allow_freezing_idle_nls
05-25 02:05:35.302   755  5627 E SettingsToPropertiesMapper: invalid flag name: limit_per_uid_cumulative_workitem_size
05-25 02:05:35.310  5653  5653 D nativeloader: Load libframework-connectivity-tiramisu-jni.so using APEX ns com_android_tethering for caller /apex/com.android.tethering/javalib/framework-connectivity-t.jar: ok
05-25 02:05:35.311  5653  5653 D AndroidRuntime: Calling main entry com.android.commands.uiautomator.Launcher
05-25 02:05:35.315  5653  5653 I AconfigPackage: android.media.swcodec.flags is mapped to com.android.media.swcodec
05-25 02:05:35.315  5653  5653 I AconfigPackage: com.android.permission.flags is mapped to com.android.permission
05-25 02:05:35.315  5653  5653 I AconfigPackage: com.android.permissioncontroller.flags is mapped to com.android.permission
05-25 02:05:35.315  5653  5653 I AconfigPackage: com.android.icu is mapped to com.android.i18n
05-25 02:05:35.315  5653  5653 I AconfigPackage: com.android.appsearch.flags is mapped to com.android.appsearch
05-25 02:05:35.316  5653  5653 I AconfigPackage: android.uprobestats.mainline.flags is mapped to com.android.uprobestats
05-25 02:05:35.316  5653  5653 I AconfigPackage: com.android.crashrecovery.flags is mapped to com.android.crashrecovery
05-25 02:05:35.316  5653  5653 I AconfigPackage: android.provider.flags is mapped to com.android.configinfrastructure
05-25 02:05:35.316  5653  5653 I AconfigPackage: com.android.server.deviceconfig is mapped to com.android.configinfrastructure
05-25 02:05:35.316  5653  5653 I AconfigPackage: com.android.compos.flags is mapped to com.android.compos
05-25 02:05:35.317  5653  5653 I AconfigPackage: com.android.art.flags is mapped to com.android.art
05-25 02:05:35.317  5653  5653 I AconfigPackage: com.android.art.rw.flags is mapped to com.android.art
05-25 02:05:35.317  5653  5653 I AconfigPackage: com.android.libcore is mapped to com.android.art
05-25 02:05:35.317  5653  5653 I AconfigPackage: com.android.telephony.flags is mapped to com.android.telephonycore
05-25 02:05:35.317  5653  5653 I AconfigPackage: com.android.media.extractor.flags is mapped to com.android.media
05-25 02:05:35.317  5653  5653 I AconfigPackage: com.android.media.mainline.flags is mapped to com.android.media
05-25 02:05:35.317  5653  5653 I AconfigPackage: com.android.wifi.flags is mapped to com.android.wifi
05-25 02:05:35.317  5653  5653 I AconfigPackage: com.android.org.conscrypt.flags is mapped to com.android.conscrypt
05-25 02:05:35.318  5653  5653 I AconfigPackage: com.android.org.conscrypt.net.flags is mapped to com.android.conscrypt
05-25 02:05:35.318  5653  5653 I AconfigPackage: com.android.healthfitness.flags is mapped to com.android.healthfitness
05-25 02:05:35.318  5653  5653 I AconfigPackage: com.android.ipsec.flags is mapped to com.android.ipsec
05-25 02:05:35.318  5653  5653 I AconfigPackage: com.android.nfc.module.flags is mapped to com.android.nfcservices
05-25 02:05:35.318  5653  5653 I AconfigPackage: com.android.adservices.ondevicepersonalization.flags is mapped to com.android.ondevicepersonalization
05-25 02:05:35.318  5653  5653 I AconfigPackage: com.android.adbd.flags is mapped to com.android.adbd
05-25 02:05:35.319  5653  5653 I AconfigPackage: com.android.bluetooth.flags is mapped to com.android.bt
05-25 02:05:35.319  5653  5653 I AconfigPackage: com.android.devicelock.flags is mapped to com.android.devicelock
05-25 02:05:35.319  5653  5653 I AconfigPackage: android.os.profiling is mapped to com.android.profiling
05-25 02:05:35.319  5653  5653 I AconfigPackage: android.os.profiling.anomaly.flags is mapped to com.android.profiling
05-25 02:05:35.319  5653  5653 I AconfigPackage: com.android.os.statsd.flags is mapped to com.android.os.statsd
05-25 02:05:35.319  5653  5653 I AconfigPackage: com.android.rkpd.flags is mapped to com.android.rkpd
05-25 02:05:35.320  5653  5653 I AconfigPackage: com.android.cellbroadcastreceiver.flags is mapped to com.android.cellbroadcast
05-25 02:05:35.320  5653  5653 I AconfigPackage: com.android.adservices.flags is mapped to com.android.adservices
05-25 02:05:35.320  5653  5653 I AconfigPackage: com.android.sdksandbox.flags is mapped to com.android.adservices
05-25 02:05:35.320  5653  5653 I AconfigPackage: com.android.uwb.flags is mapped to com.android.uwb
05-25 02:05:35.320  5653  5653 I AconfigPackage: com.android.ranging.flags is mapped to com.android.uwb
05-25 02:05:35.320  5653  5653 I AconfigPackage: android.graphics.pdf.flags is mapped to com.android.mediaprovider
05-25 02:05:35.320  5653  5653 I AconfigPackage: com.android.providers.media.flags is mapped to com.android.mediaprovider
05-25 02:05:35.321  5653  5653 I AconfigPackage: android.graphics.pdf.flags.readonly is mapped to com.android.mediaprovider
05-25 02:05:35.321  5653  5653 I AconfigPackage: com.android.tethering.mainline.beta is mapped to com.android.tethering
05-25 02:05:35.321  5653  5653 I AconfigPackage: android.net.http is mapped to com.android.tethering
05-25 02:05:35.321  5653  5653 I AconfigPackage: com.android.tethering.readonly.flags is mapped to com.android.tethering
05-25 02:05:35.321  5653  5653 I AconfigPackage: android.net.vcn is mapped to com.android.tethering
05-25 02:05:35.321  5653  5653 I AconfigPackage: com.android.net.flags is mapped to com.android.tethering
05-25 02:05:35.321  5653  5653 I AconfigPackage: com.android.tethering.beta.test is mapped to com.android.tethering
05-25 02:05:35.321  5653  5653 I AconfigPackage: com.android.nearby.flags is mapped to com.android.tethering
05-25 02:05:35.321  5653  5653 I AconfigPackage: com.android.net.ct.flags is mapped to com.android.tethering
05-25 02:05:35.321  5653  5653 I AconfigPackage: com.android.net.thread.flags is mapped to com.android.tethering
05-25 02:05:35.321  5653  5653 I AconfigPackage: com.android.system.virtualmachine.flags is mapped to com.android.virt
05-25 02:05:35.321  5653  5653 E FeatureFlagsImplExport: android.os.flagging.AconfigStorageReadException: ERROR_PACKAGE_NOT_FOUND: package android.xr cannot be found on the device
05-25 02:05:35.323  5653  5653 D UiAutomationConnection: Created on user UserHandle{0}
05-25 02:05:35.323  5653  5653 I UiAutomation: Initialized for user 0 on display 0
05-25 02:05:35.323  5653  5653 W UiAutomation: Created with deprecatead constructor, assumes DEFAULT_DISPLAY
05-25 02:05:35.325   755  2150 D AccessibilityManagerService: changeCurrentUserForTestAutomationIfNeededLocked(0): ignoring because device doesn't support visible background users
05-25 02:05:35.325   755  2150 I UiAutomationManager: Registering UiTestAutomationService (id=com.android.server.accessibility/UiAutomation, flags=0x0) when called by user 0
05-25 02:05:35.325   755  2150 V AccessibilityManagerService: onUserStateChangedLocked for userId: 0, forceUpdate: false
05-25 02:05:35.325   755  2150 V AccessibilityUserState: updateShortcutTargets: type:accessibility_shortcut_target_service, current:{}, new:{}
05-25 02:05:35.325   755  2150 V AccessibilityUserState: updateShortcutTargets: type:accessibility_button_targets, current:{}, new:{}
05-25 02:05:35.325   755  2150 V AccessibilityUserState: updateShortcutTargets: type:accessibility_gesture_targets, current:{}, new:{}
05-25 02:05:35.325   755  2150 V AccessibilityUserState: updateShortcutTargets: type:accessibility_qs_targets, current:{}, new:{}
05-25 02:05:35.325   755  2150 V AccessibilityUserState: updateShortcutTargets: type:accessibility_key_gesture_targets, current:{}, new:{}
05-25 02:05:35.326   755  2150 W MagnificationConnectionManager: requestConnection duplicated request: connect=false, mConnectionState=DISCONNECTED
05-25 02:05:35.327   755   755 W libbinder.IPCThreadState: Sending oneway calls to frozen process.
05-25 02:05:35.331   755   755 W libbinder.IPCThreadState: Sending oneway calls to frozen process.
05-25 02:05:35.331  1546  3178 I AiAiEcho: Settings changed for uri: content://settings/secure/accessibility_enabled
05-25 02:05:35.332   755   755 W libbinder.IPCThreadState: Sending oneway calls to frozen process.
05-25 02:05:35.332   755   755 W libbinder.IPCThreadState: Sending oneway calls to frozen process.
05-25 02:05:35.332   755   755 W libbinder.IPCThreadState: Sending oneway calls to frozen process.
05-25 02:05:35.332  1546  1927 I AiAiEcho: Predicting[0]:  [CONTEXT sampling_count=5 ]
05-25 02:05:35.333  1546  1927 I AiAiEcho: EchoTargets: 
05-25 02:05:35.333  1546  1927 I AiAiEcho: Filtered by AiAi flag check: 
05-25 02:05:35.333  1546  1927 I AiAiEcho: [CONTEXT ratelimit_period="10 SECONDS" ]
05-25 02:05:35.333   755   755 W libbinder.IPCThreadState: Sending oneway calls to frozen process.
05-25 02:05:35.333  1546  1927 I AiAiEcho: #remoteViewsTwiddler: feature disabled.
05-25 02:05:35.333   755  1923 V AccessibilityManagerService: onUserStateChangedLocked for userId: 0, forceUpdate: false
05-25 02:05:35.335  1546  1927 I AiAiEcho: Predicting[0]:  [CONTEXT sampling_count=5 ]
05-25 02:05:35.336  1546  1927 I AiAiEcho: EchoTargets: 
05-25 02:05:35.336  1546  1927 I AiAiEcho: Filtered by AiAi flag check: 
05-25 02:05:35.336  1546  1927 I AiAiEcho: [CONTEXT ratelimit_period="10 SECONDS" ]
05-25 02:05:35.336   755  1923 V AccessibilityUserState: updateShortcutTargets: type:accessibility_shortcut_target_service, current:{}, new:{}
05-25 02:05:35.336   755  1923 V AccessibilityUserState: updateShortcutTargets: type:accessibility_button_targets, current:{}, new:{}
05-25 02:05:35.336   755  1923 V AccessibilityUserState: updateShortcutTargets: type:accessibility_gesture_targets, current:{}, new:{}
05-25 02:05:35.336   755  1923 V AccessibilityUserState: updateShortcutTargets: type:accessibility_qs_targets, current:{}, new:{}
05-25 02:05:35.336  1546  1927 I AiAiEcho: #remoteViewsTwiddler: feature disabled.
05-25 02:05:35.336   755  1923 V AccessibilityUserState: updateShortcutTargets: type:accessibility_key_gesture_targets, current:{}, new:{}
05-25 02:05:35.336  1546  1927 I AiAiEcho: #postPredictionTargets: Sending updates to UISurface lockscreen with targets# 0 (types=[])
05-25 02:05:35.336   755  1923 W MagnificationConnectionManager: requestConnection duplicated request: connect=false, mConnectionState=DISCONNECTED
05-25 02:05:35.337   755   755 W libbinder.IPCThreadState: Sending oneway calls to frozen process.
05-25 02:05:35.338   755   755 W libbinder.IPCThreadState: Sending oneway calls to frozen process.
05-25 02:05:35.339  1546  1927 I AiAiEcho: #postPredictionTargets: Sending updates to UISurface home with targets# 0 (types=[])
05-25 02:05:35.339   755   755 W libbinder.IPCThreadState: Sending oneway calls to frozen process.
05-25 02:05:35.339   755   755 W libbinder.IPCThreadState: Sending oneway calls to frozen process.
05-25 02:05:35.339   755   755 W libbinder.IPCThreadState: Sending oneway calls to frozen process.
05-25 02:05:35.341   755   755 W libbinder.IPCThreadState: Sending oneway calls to frozen process.
05-25 02:05:35.341   755   755 E DeviceConfig: Parsing int failed for location_mode
05-25 02:05:35.342   755   755 W libbinder.IPCThreadState: Sending oneway calls to frozen process.
05-25 02:05:35.342   755   755 W libbinder.IPCThreadState: Sending oneway calls to frozen process.
05-25 02:05:35.342   755   755 W libbinder.IPCThreadState: Sending oneway calls to frozen process.
05-25 02:05:35.342   755   755 W libbinder.IPCThreadState: Sending oneway calls to frozen process.
05-25 02:05:35.342   755   755 W libbinder.IPCThreadState: Sending oneway calls to frozen process.
05-25 02:05:35.342   755   755 W libbinder.IPCThreadState: Sending oneway calls to frozen process.
05-25 02:05:35.343   755   755 W libbinder.IPCThreadState: Sending oneway calls to frozen process.
05-25 02:05:35.346   755   755 W libbinder.IPCThreadState: Sending oneway calls to frozen process.
05-25 02:05:35.346   755   755 D BatterySaverPolicy: accessibility changed to true, updating policy.
05-25 02:05:35.353  1546  3178 I AiAiEcho: Settings changed for uri: content://settings/secure/accessibility_enabled
05-25 02:05:35.354  1546  1927 I AiAiEcho: Predicting[0]:  [CONTEXT sampling_count=5 ]
05-25 02:05:35.354  1546  1927 I AiAiEcho: EchoTargets: 
05-25 02:05:35.354  1546  1927 I AiAiEcho: Filtered by AiAi flag check: 
05-25 02:05:35.354  1546  1927 I AiAiEcho: [CONTEXT ratelimit_period="10 SECONDS" ]
05-25 02:05:35.354  1546  1927 I AiAiEcho: #remoteViewsTwiddler: feature disabled.
05-25 02:05:35.354  1546  1927 I AiAiEcho: Predicting[0]:  [CONTEXT sampling_count=5 ]
05-25 02:05:35.355  1546  1927 I AiAiEcho: EchoTargets: 
05-25 02:05:35.355  1546  1927 I AiAiEcho: Filtered by AiAi flag check: 
05-25 02:05:35.355  1546  1927 I AiAiEcho: [CONTEXT ratelimit_period="10 SECONDS" ]
05-25 02:05:35.355  1546  1927 I AiAiEcho: #remoteViewsTwiddler: feature disabled.
05-25 02:05:35.355  1546  1927 I AiAiEcho: #postPredictionTargets: Sending updates to UISurface lockscreen with targets# 0 (types=[])
05-25 02:05:35.355  1546  1927 I AiAiEcho: #postPredictionTargets: Sending updates to UISurface home with targets# 0 (types=[])
05-25 02:05:35.356  1012  1012 W SsPagerDots: Total number of pages invalid: 0. Assuming 1 page.
05-25 02:05:35.357   755  2150 D AccessibilityManagerService: .getAccessibilityShortcutTargets {shortcutType=32, userId=0}
05-25 02:05:35.358  1012  1012 W SsPagerDots: Total number of pages invalid: 0. Assuming 1 page.
05-25 02:05:35.420  1334  1346 W GLSUser : [AppCertManager] Exception while requesting key: 
05-25 02:05:35.420  1334  1346 W GLSUser : java.util.concurrent.ExecutionException: czle: Parsing Exception
05-25 02:05:35.420  1334  1346 W GLSUser : 	at hkyn.j(:com.google.android.gms@261631038@26.16.31 (260800-900800821):21)
05-25 02:05:35.420  1334  1346 W GLSUser : 	at hkyw.t(:com.google.android.gms@261631038@26.16.31 (260800-900800821):73)
05-25 02:05:35.420  1334  1346 W GLSUser : 	at amlt.b(:com.google.android.gms@261631038@26.16.31 (260800-900800821):435)
05-25 02:05:35.420  1334  1346 W GLSUser : 	at amlr.a(:com.google.android.gms@261631038@26.16.31 (260800-900800821):67)
