05-25 02:05:31.243  1071  5565 D android.hardware.gnss-service.ranchu: GnssHwListener:consume:87 sz=64
05-25 02:05:31.243  1071  5565 D android.hardware.gnss-service.ranchu: Gnss:onGnssLocationCb:311
05-25 02:05:31.243  1071  5565 D android.hardware.gnss-service.ranchu: Gnss:onGnssLocationCb:321
05-25 02:05:31.243  1071  5565 D android.hardware.gnss-service.ranchu: GnssHwListener:consume:87 sz=64
05-25 02:05:31.246  1071  5565 D android.hardware.gnss-service.ranchu: GnssHwListener:consume:87 sz=64
05-25 02:05:31.246  1071  5565 D android.hardware.gnss-service.ranchu: Gnss:onGnssLocationCb:311
05-25 02:05:31.246  1071  5565 D android.hardware.gnss-service.ranchu: Gnss:onGnssLocationCb:321
05-25 02:05:31.246  1071  5565 D android.hardware.gnss-service.ranchu: GnssHwListener:consume:87 sz=64
05-25 02:05:31.246  1071  5565 D android.hardware.gnss-service.ranchu: GnssHwListener:consume:87 sz=64
05-25 02:05:31.246  1071  5565 D android.hardware.gnss-service.ranchu: Gnss:onGnssLocationCb:311
05-25 02:05:31.246  1071  5565 D android.hardware.gnss-service.ranchu: Gnss:onGnssLocationCb:321
05-25 02:05:31.246  1071  5565 D android.hardware.gnss-service.ranchu: GnssHwListener:consume:87 sz=64
05-25 02:05:31.246  1071  5565 D android.hardware.gnss-service.ranchu: GnssHwListener:consume:87 sz=64
05-25 02:05:31.246  1071  5565 D android.hardware.gnss-service.ranchu: Gnss:onGnssLocationCb:311
05-25 02:05:31.246  1071  5565 D android.hardware.gnss-service.ranchu: Gnss:onGnssLocationCb:321
05-25 02:05:31.246  1071  5565 D android.hardware.gnss-service.ranchu: GnssHwListener:consume:87 sz=64
05-25 02:05:31.253  1071  5565 D android.hardware.gnss-service.ranchu: GnssHwListener:consume:87 sz=64
05-25 02:05:31.254  1071  5565 D android.hardware.gnss-service.ranchu: Gnss:onGnssLocationCb:311
05-25 02:05:31.254  1071  5565 D android.hardware.gnss-service.ranchu: Gnss:onGnssLocationCb:321
05-25 02:05:31.254  1071  5565 D android.hardware.gnss-service.ranchu: GnssHwListener:consume:87 sz=64
05-25 02:05:31.255  1071  5565 D android.hardware.gnss-service.ranchu: GnssHwListener:consume:87 sz=64
05-25 02:05:31.255  1071  5565 D android.hardware.gnss-service.ranchu: Gnss:onGnssLocationCb:311
05-25 02:05:31.255  1071  5565 D android.hardware.gnss-service.ranchu: Gnss:onGnssLocationCb:321
05-25 02:05:31.255  1071  5565 D android.hardware.gnss-service.ranchu: GnssHwListener:consume:87 sz=64
05-25 02:05:31.256  1071  5565 D android.hardware.gnss-service.ranchu: GnssHwListener:consume:87 sz=64
05-25 02:05:31.256  1071  5565 D android.hardware.gnss-service.ranchu: Gnss:onGnssLocationCb:311
05-25 02:05:31.256  1071  5565 D android.hardware.gnss-service.ranchu: Gnss:onGnssLocationCb:321
05-25 02:05:31.257  1071  5565 D android.hardware.gnss-service.ranchu: GnssHwListener:consume:87 sz=64
05-25 02:05:31.257  1071  5565 D android.hardware.gnss-service.ranchu: GnssHwListener:consume:87 sz=64
05-25 02:05:31.257  1071  5565 D android.hardware.gnss-service.ranchu: Gnss:onGnssLocationCb:311
05-25 02:05:31.257  1071  5565 D android.hardware.gnss-service.ranchu: Gnss:onGnssLocationCb:321
05-25 02:05:31.257  1071  5565 D android.hardware.gnss-service.ranchu: GnssHwListener:consume:87 sz=64
05-25 02:05:31.259  1071  5565 D android.hardware.gnss-service.ranchu: GnssHwListener:consume:87 sz=64
05-25 02:05:31.259  1071  5565 D android.hardware.gnss-service.ranchu: Gnss:onGnssLocationCb:311
05-25 02:05:31.259  1071  5565 D android.hardware.gnss-service.ranchu: Gnss:onGnssLocationCb:321
05-25 02:05:31.259  1071  5565 D android.hardware.gnss-service.ranchu: GnssHwListener:consume:87 sz=64
05-25 02:05:31.265  1071  5565 D android.hardware.gnss-service.ranchu: GnssHwListener:consume:87 sz=64
05-25 02:05:31.267  1071  5565 D android.hardware.gnss-service.ranchu: Gnss:onGnssLocationCb:311
05-25 02:05:31.267  1071  5565 D android.hardware.gnss-service.ranchu: Gnss:onGnssLocationCb:321
05-25 02:05:31.267  1071  5565 D android.hardware.gnss-service.ranchu: GnssHwListener:consume:87 sz=64
05-25 02:05:31.272  1071  5565 D android.hardware.gnss-service.ranchu: GnssHwListener:consume:87 sz=64
05-25 02:05:31.272  1071  5565 D android.hardware.gnss-service.ranchu: Gnss:onGnssLocationCb:311
05-25 02:05:31.272  1071  5565 D android.hardware.gnss-service.ranchu: Gnss:onGnssLocationCb:321
05-25 02:05:31.272  1071  5565 D android.hardware.gnss-service.ranchu: GnssHwListener:consume:87 sz=64
05-25 02:05:31.273  1071  5565 D android.hardware.gnss-service.ranchu: GnssHwListener:consume:87 sz=64
05-25 02:05:31.273  1071  5565 D android.hardware.gnss-service.ranchu: Gnss:onGnssLocationCb:311
05-25 02:05:31.273  1071  5565 D android.hardware.gnss-service.ranchu: Gnss:onGnssLocationCb:321
05-25 02:05:31.273  1071  5565 D android.hardware.gnss-service.ranchu: GnssHwListener:consume:87 sz=64
05-25 02:05:31.276  1071  5565 D android.hardware.gnss-service.ranchu: GnssHwListener:consume:87 sz=64
05-25 02:05:31.276  1071  5565 D android.hardware.gnss-service.ranchu: Gnss:onGnssLocationCb:311
05-25 02:05:31.276  1071  5565 D android.hardware.gnss-service.ranchu: Gnss:onGnssLocationCb:321
05-25 02:05:31.276  1071  5565 D android.hardware.gnss-service.ranchu: GnssHwListener:consume:87 sz=64
05-25 02:05:31.277  1071  5565 D android.hardware.gnss-service.ranchu: GnssHwListener:consume:87 sz=64
05-25 02:05:31.277  1071  5565 D android.hardware.gnss-service.ranchu: Gnss:onGnssLocationCb:311
05-25 02:05:31.277  1071  5565 D android.hardware.gnss-service.ranchu: Gnss:onGnssLocationCb:321
05-25 02:05:31.277  1071  5565 D android.hardware.gnss-service.ranchu: GnssHwListener:consume:87 sz=64
05-25 02:05:31.278  1071  5565 D android.hardware.gnss-service.ranchu: GnssHwListener:consume:87 sz=64
05-25 02:05:31.278  1071  5565 D android.hardware.gnss-service.ranchu: Gnss:onGnssLocationCb:311
05-25 02:05:31.278  1071  5565 D android.hardware.gnss-service.ranchu: Gnss:onGnssLocationCb:321
05-25 02:05:31.278  1071  5565 D android.hardware.gnss-service.ranchu: GnssHwListener:consume:87 sz=64
05-25 02:05:31.279  1071  5565 D android.hardware.gnss-service.ranchu: GnssHwListener:consume:87 sz=64
05-25 02:05:31.279  1071  5565 D android.hardware.gnss-service.ranchu: Gnss:onGnssLocationCb:311
05-25 02:05:31.279  1071  5565 D android.hardware.gnss-service.ranchu: Gnss:onGnssLocationCb:321
05-25 02:05:31.279  1071  5565 D android.hardware.gnss-service.ranchu: GnssHwListener:consume:87 sz=64
05-25 02:05:31.280  1071  5565 D android.hardware.gnss-service.ranchu: GnssHwListener:consume:87 sz=64
05-25 02:05:31.280  1071  5565 D android.hardware.gnss-service.ranchu: Gnss:onGnssLocationCb:311
05-25 02:05:31.280  1071  5565 D android.hardware.gnss-service.ranchu: Gnss:onGnssLocationCb:321
05-25 02:05:31.280  1071  5565 D android.hardware.gnss-service.ranchu: GnssHwListener:consume:87 sz=64
05-25 02:05:31.283  1071  5565 D android.hardware.gnss-service.ranchu: GnssHwListener:consume:87 sz=64
05-25 02:05:31.283  1071  5565 D android.hardware.gnss-service.ranchu: Gnss:onGnssLocationCb:311
05-25 02:05:31.283  1071  5565 D android.hardware.gnss-service.ranchu: Gnss:onGnssLocationCb:321
05-25 02:05:31.283  1071  5565 D android.hardware.gnss-service.ranchu: GnssHwListener:consume:87 sz=64
05-25 02:05:31.285  1071  5565 D android.hardware.gnss-service.ranchu: GnssHwListener:consume:87 sz=64
05-25 02:05:31.285  1071  5565 D android.hardware.gnss-service.ranchu: Gnss:onGnssLocationCb:311
05-25 02:05:31.285  1071  5565 D android.hardware.gnss-service.ranchu: Gnss:onGnssLocationCb:321
05-25 02:05:31.285  1071  5565 D android.hardware.gnss-service.ranchu: GnssHwListener:consume:87 sz=64
05-25 02:05:31.286  1071  5565 D android.hardware.gnss-service.ranchu: GnssHwListener:consume:87 sz=64
05-25 02:05:31.286  1071  5565 D android.hardware.gnss-service.ranchu: Gnss:onGnssLocationCb:311
05-25 02:05:31.286  1071  5565 D android.hardware.gnss-service.ranchu: Gnss:onGnssLocationCb:321
05-25 02:05:31.286  1071  5565 D android.hardware.gnss-service.ranchu: GnssHwListener:consume:87 sz=64
05-25 02:05:31.287  1071  5565 D android.hardware.gnss-service.ranchu: GnssHwListener:consume:87 sz=64
05-25 02:05:31.287  1071  5565 D android.hardware.gnss-service.ranchu: Gnss:onGnssLocationCb:311
05-25 02:05:31.287  1071  5565 D android.hardware.gnss-service.ranchu: Gnss:onGnssLocationCb:321
05-25 02:05:31.287  1071  5565 D android.hardware.gnss-service.ranchu: GnssHwListener:consume:87 sz=64
05-25 02:05:31.287  1071  5565 D android.hardware.gnss-service.ranchu: GnssHwListener:consume:87 sz=64
05-25 02:05:31.288  1071  5565 D android.hardware.gnss-service.ranchu: Gnss:onGnssLocationCb:311
05-25 02:05:31.288  1071  5565 D android.hardware.gnss-service.ranchu: Gnss:onGnssLocationCb:321
05-25 02:05:31.288  1071  5565 D android.hardware.gnss-service.ranchu: GnssHwListener:consume:87 sz=64
05-25 02:05:31.289  1071  5565 D android.hardware.gnss-service.ranchu: GnssHwListener:consume:87 sz=64
05-25 02:05:31.289  1071  5565 D android.hardware.gnss-service.ranchu: Gnss:onGnssLocationCb:311
05-25 02:05:31.289  1071  5565 D android.hardware.gnss-service.ranchu: Gnss:onGnssLocationCb:321
05-25 02:05:31.289  1071  5565 D android.hardware.gnss-service.ranchu: GnssHwListener:consume:87 sz=64
05-25 02:05:31.290  1071  5565 D android.hardware.gnss-service.ranchu: GnssHwListener:consume:87 sz=64
05-25 02:05:31.290  1071  5565 D android.hardware.gnss-service.ranchu: Gnss:onGnssLocationCb:311
05-25 02:05:31.290  1071  5565 D android.hardware.gnss-service.ranchu: Gnss:onGnssLocationCb:321
05-25 02:05:31.290  1071  5565 D android.hardware.gnss-service.ranchu: GnssHwListener:consume:87 sz=64
05-25 02:05:31.291  1071  5565 D android.hardware.gnss-service.ranchu: GnssHwListener:consume:87 sz=64
05-25 02:05:31.291  1071  5565 D android.hardware.gnss-service.ranchu: Gnss:onGnssLocationCb:311
05-25 02:05:31.291  1071  5565 D android.hardware.gnss-service.ranchu: Gnss:onGnssLocationCb:321
05-25 02:05:31.291  1071  5565 D android.hardware.gnss-service.ranchu: GnssHwListener:consume:87 sz=64
05-25 02:05:31.292  1071  5565 D android.hardware.gnss-service.ranchu: GnssHwListener:consume:87 sz=64
05-25 02:05:31.292  1071  5565 D android.hardware.gnss-service.ranchu: Gnss:onGnssLocationCb:311
05-25 02:05:31.292  1071  5565 D android.hardware.gnss-service.ranchu: Gnss:onGnssLocationCb:321
05-25 02:05:31.292  1071  5565 D android.hardware.gnss-service.ranchu: GnssHwListener:consume:87 sz=64
05-25 02:05:31.293  1071  5565 D android.hardware.gnss-service.ranchu: GnssHwListener:consume:87 sz=64
05-25 02:05:31.293  1071  5565 D android.hardware.gnss-service.ranchu: Gnss:onGnssLocationCb:311
05-25 02:05:31.293  1071  5565 D android.hardware.gnss-service.ranchu: Gnss:onGnssLocationCb:321
05-25 02:05:31.293  1071  5565 D android.hardware.gnss-service.ranchu: GnssHwListener:consume:87 sz=64
05-25 02:05:31.298  1071  5565 D android.hardware.gnss-service.ranchu: GnssHwListener:consume:87 sz=64
05-25 02:05:31.298  1071  5565 D android.hardware.gnss-service.ranchu: Gnss:onGnssLocationCb:311
05-25 02:05:31.298  1071  5565 D android.hardware.gnss-service.ranchu: Gnss:onGnssLocationCb:321
05-25 02:05:31.298  1071  5565 D android.hardware.gnss-service.ranchu: GnssHwListener:consume:87 sz=64
05-25 02:05:31.298  1071  5565 D android.hardware.gnss-service.ranchu: GnssHwListener:consume:87 sz=64
05-25 02:05:31.298  1071  5565 D android.hardware.gnss-service.ranchu: Gnss:onGnssLocationCb:311
05-25 02:05:31.298  1071  5565 D android.hardware.gnss-service.ranchu: Gnss:onGnssLocationCb:321
05-25 02:05:31.815  5566  5566 W libbinder.BackendUnifiedServiceManager: Thread Pool max thread count is 0. Cannot cache binder as linkToDeath cannot be implemented. serviceName: SurfaceFlingerAIDL
05-25 02:05:31.815  5566  5566 W libbinder.BpBinder: Linking to death on android.gui.ISurfaceComposer but there are no threads (yet?) listening to incoming transactions. See ProcessState::startThreadPool and ProcessState::setThreadPoolMaxThreadCount. Generally you should setup the binder threadpool before other initialization steps.
05-25 02:05:31.815  5566  5566 W libbinder.ProcessState: Extra binder thread started, but 0 threads requested. Do not use *startThreadPool when zero threads are requested.
05-25 02:05:31.907  1529  1788 W MediaProvider: isAppCloneUserPair for user 0: false
05-25 02:05:31.945   755  1251 D ActivityManager: sync unfroze 1484 com.google.android.gms for 6
05-25 02:05:31.956   755  1251 W ProcessStats: Tracking association SourceState{1e895c9 com.google.android.gms.persistent/10147 ImpBg #1811} whose proc state 6 is better than process ProcessState{2a8527d com.google.android.gms/10147 pkg=com.google.android.gms} proc state 14 (5 skipped)
05-25 02:05:31.960  1334  3843 I NetworkScheduler.Stats: (REDACTED) Task %s/%s started execution. cause:%s exec_start_elapsed_seconds: %s
05-25 02:05:31.971  1334  5574 I TapAndPay: deviceSupportsHce has detected emulator [CONTEXT service_id=79 ]
05-25 02:05:31.971  1334  3972 I NetworkScheduler.Stats: (REDACTED) Task %s/%s finished executing. cause:%s result: %s elapsed_millis: %s uptime_millis: %s exec_start_elapsed_seconds: %s
05-25 02:05:31.974  1334  5574 I TapAndPay: NfcAdapter is null while obtaining CardEmulation instance. [CONTEXT service_id=79 ]
05-25 02:05:32.003  1071  5565 D android.hardware.gnss-service.ranchu: GnssHwListener:consume:87 sz=64
05-25 02:05:32.003  1334  3972 I NetworkScheduler.Stats: (REDACTED) Task %s/%s started execution. cause:%s exec_start_elapsed_seconds: %s
05-25 02:05:32.005  1071  5565 D android.hardware.gnss-service.ranchu: GnssHwListener:consume:87 sz=64
05-25 02:05:32.005  1071  5565 D android.hardware.gnss-service.ranchu: Gnss:onGnssLocationCb:311
05-25 02:05:32.005  1071  5565 D android.hardware.gnss-service.ranchu: Gnss:onGnssLocationCb:321
05-25 02:05:32.007  1334  3972 I NetworkScheduler.Stats: (REDACTED) Task %s/%s finished executing. cause:%s result: %s elapsed_millis: %s uptime_millis: %s exec_start_elapsed_seconds: %s
05-25 02:05:32.035  1334  5574 I TapAndPay: Sending QUICK_ACCESS_WALLET_STATE_CHANGED broadcast to wallet app. [CONTEXT service_id=79 ]
05-25 02:05:32.040  1334  3972 I NetworkScheduler.Stats: (REDACTED) Task %s/%s started execution. cause:%s exec_start_elapsed_seconds: %s
05-25 02:05:32.046  1334  3972 I NetworkScheduler.Stats: (REDACTED) Task %s/%s finished executing. cause:%s result: %s elapsed_millis: %s uptime_millis: %s exec_start_elapsed_seconds: %s
05-25 02:05:32.858   755  1865 I ActivityManager: Broadcasting: Intent { act=android.intent.action.MEDIA_SCANNER_SCAN_FILE dat=file:///... flg=0x400000 }
05-25 02:05:32.859   755  1865 I ActivityManager: Enqueued broadcast Intent { act=android.intent.action.MEDIA_SCANNER_SCAN_FILE dat=file:///... flg=0x400000 }: 0
05-25 02:05:32.862  1529  1529 I MediaServiceV2: Creating work for intent Intent { act=android.intent.action.MEDIA_SCANNER_SCAN_FILE dat=file:///... flg=0x1400010 cmp=com.google.android.providers.media.module/com.android.providers.media.MediaServiceV2 }
05-25 02:05:32.862  1529  1529 I MediaServiceV2: Work enqueued for intent: Intent { act=android.intent.action.MEDIA_SCANNER_SCAN_FILE dat=file:///... flg=0x1400010 cmp=com.google.android.providers.media.module/com.android.providers.media.MediaServiceV2 }
05-25 02:05:32.863   755   775 I ActivityManager: Broadcast completed: result=0
05-25 02:05:32.880   755   906 I HalDevMgr: bestIfaceCreationProposal is null, requestIface=STA, existingIface=[name=wlan0 type=STA]
05-25 02:05:32.889  1529  1868 W JobInfo : Requested important-while-foreground flag for job595 is ignored and takes no effect
05-25 02:05:32.889  1529  1868 D WM-SystemJobScheduler: Scheduling work ID 5e39f96b-4d24-4dc2-bfa2-40abc32698cfJob ID 595
05-25 02:05:32.893  1529  1868 D WM-GreedyScheduler: Ignoring {WorkSpec: fce74054-5d75-49ac-b1fb-61b1c63b64d1}. Requires device idle.
05-25 02:05:32.893  1529  1868 D WM-GreedyScheduler: Ignoring {WorkSpec: 748d3965-3023-45a6-9a32-baafa7d90ebf}. Requires device idle.
05-25 02:05:32.893  1529  1868 D WM-GreedyScheduler: Ignoring {WorkSpec: bbc248da-5aec-4565-83d8-ed90ba3a683c}. Requires device idle.
05-25 02:05:32.893  1529  1868 D WM-GreedyScheduler: Ignoring {WorkSpec: a7b8fc44-3a39-43d5-96b8-cef5bb529d35}. Requires device idle.
05-25 02:05:32.893  1529  1868 D WM-GreedyScheduler: Starting work for 5e39f96b-4d24-4dc2-bfa2-40abc32698cf
05-25 02:05:32.895  1529  1529 D WM-SystemJobService: onStartJob for WorkGenerationalId(workSpecId=5e39f96b-4d24-4dc2-bfa2-40abc32698cf, generation=0)
05-25 02:05:32.896  1529  1868 D WM-Processor: Processor: processing WorkGenerationalId(workSpecId=5e39f96b-4d24-4dc2-bfa2-40abc32698cf, generation=0)
05-25 02:05:32.897  1529  1868 D WM-Processor: Work WorkGenerationalId(workSpecId=5e39f96b-4d24-4dc2-bfa2-40abc32698cf, generation=0) is already enqueued for processing
05-25 02:05:32.899  1529  1529 D WM-WorkerWrapper: Starting work for com.android.providers.media.MediaServiceV2
05-25 02:05:32.899  1529  5581 I MediaServiceV2: Work initiated for action [ android.intent.action.MEDIA_SCANNER_SCAN_FILE ]
05-25 02:05:32.937  1529  5581 I MediaServiceV2: Work ended for action [ android.intent.action.MEDIA_SCANNER_SCAN_FILE ]
05-25 02:05:32.938  1529  1868 I WM-WorkerWrapper: Worker result SUCCESS for Work [ id=5e39f96b-4d24-4dc2-bfa2-40abc32698cf, tags={ com.android.providers.media.MediaServiceV2 } ]
05-25 02:05:32.939  1529  1529 D WM-Processor: Processor 5e39f96b-4d24-4dc2-bfa2-40abc32698cf executed; reschedule = false
05-25 02:05:32.939  1529  1529 D WM-SystemJobService: 5e39f96b-4d24-4dc2-bfa2-40abc32698cf executed on JobScheduler
05-25 02:05:32.945  1529  1868 D WM-SystemJobScheduler: Scheduling work ID e83b55c1-6e23-42cb-9a07-8588e71771c3Job ID 596
05-25 02:05:32.947  1529  1868 D WM-GreedyScheduler: Ignoring {WorkSpec: fce74054-5d75-49ac-b1fb-61b1c63b64d1}. Requires device idle.
05-25 02:05:32.947  1529  1868 D WM-GreedyScheduler: Ignoring {WorkSpec: 748d3965-3023-45a6-9a32-baafa7d90ebf}. Requires device idle.
05-25 02:05:32.947  1529  1868 D WM-GreedyScheduler: Ignoring {WorkSpec: bbc248da-5aec-4565-83d8-ed90ba3a683c}. Requires device idle.
05-25 02:05:32.947  1529  1868 D WM-GreedyScheduler: Ignoring {WorkSpec: a7b8fc44-3a39-43d5-96b8-cef5bb529d35}. Requires device idle.
05-25 02:05:32.949  1529  1868 D WM-GreedyScheduler: Cancelling work ID 5e39f96b-4d24-4dc2-bfa2-40abc32698cf
05-25 02:05:32.950  1529  1868 D WM-GreedyScheduler: Ignoring {WorkSpec: fce74054-5d75-49ac-b1fb-61b1c63b64d1}. Requires device idle.
05-25 02:05:32.950  1529  1868 D WM-GreedyScheduler: Ignoring {WorkSpec: 748d3965-3023-45a6-9a32-baafa7d90ebf}. Requires device idle.
05-25 02:05:32.950  1529  1868 D WM-GreedyScheduler: Ignoring {WorkSpec: bbc248da-5aec-4565-83d8-ed90ba3a683c}. Requires device idle.
05-25 02:05:32.950  1529  1868 D WM-GreedyScheduler: Ignoring {WorkSpec: a7b8fc44-3a39-43d5-96b8-cef5bb529d35}. Requires device idle.
05-25 02:05:33.004  1071  5565 D android.hardware.gnss-service.ranchu: GnssHwListener:consume:87 sz=64
05-25 02:05:33.007  1071  5565 D android.hardware.gnss-service.ranchu: GnssHwListener:consume:87 sz=64
05-25 02:05:33.007  1071  5565 D android.hardware.gnss-service.ranchu: Gnss:onGnssLocationCb:311
05-25 02:05:33.007  1071  5565 D android.hardware.gnss-service.ranchu: Gnss:onGnssLocationCb:321
05-25 02:05:33.089  5587  5587 D AndroidRuntime: >>>>>> START com.android.internal.os.RuntimeInit uid 2000 <<<<<<
05-25 02:05:33.093  5587  5587 I AndroidRuntime: Using default boot image
05-25 02:05:33.093  5587  5587 I AndroidRuntime: Leaving lock profiling enabled
05-25 02:05:33.096  5587  5587 I app_process: Using CollectorTypeCMC GC.
05-25 02:05:33.166  5587  5587 D nativeloader: InitDefaultPublicLibraries for_preload=1: libandroid.so:libaaudio.so:libamidi.so:libbinder_ndk.so:libc.so:libcamera2ndk.so:libdl.so:libEGL.so:libGLESv1_CM.so:libGLESv2.so:libGLESv3.so:libicu.so:libicui18n.so:libicuuc.so:libjnigraphics.so:liblog.so:libmediandk.so:libm.so:libnativehelper.so:libnativewindow.so:libOpenMAXAL.so:libOpenSLES.so:libRS.so:libstdc++.so:libsync.so:libvulkan.so:libwebviewchromium_plat_support.so:libz.so
05-25 02:05:33.175  5587  5587 D nativeloader: Load libicu_jni.so using APEX ns com_android_art for caller /apex/com.android.art/javalib/core-oj.jar: ok
05-25 02:05:33.175  5587  5587 D app_process: u_setTimeZoneFilesDirectory("/apex/com.android.tzdata/etc/tz/versioned/9/icu") succeeded. 
05-25 02:05:33.175  5587  5587 D app_process: I18n APEX ICU file found: /apex/com.android.i18n/etc/icu/icudt76l.dat
05-25 02:05:33.176  5587  5587 D nativeloader: Load libjavacore.so using APEX ns com_android_art for caller /apex/com.android.art/javalib/core-oj.jar: ok
05-25 02:05:33.176  5587  5587 D nativeloader: Load libopenjdk.so using APEX ns com_android_art for caller /apex/com.android.art/javalib/core-oj.jar: ok
05-25 02:05:33.177  5587  5587 I app_process: Priority-to-niceness mapping: 19, 16, 13, 10, 0, -2, -4, -5, -6, -8
05-25 02:05:33.178  5587  5587 W app_process: Unexpected CPU variant for x86: x86_64.
05-25 02:05:33.178  5587  5587 W app_process: Known variants: atom, sandybridge, silvermont, goldmont, goldmont-plus, goldmont-without-sha-xsaves, tremont, kabylake, alderlake, default
05-25 02:05:33.179  5587  5587 W app_process: ClassLoaderContext shared library size mismatch. Expected=2, found=0 (PCL[]{PCL[/system/framework/android.test.base.jar*1653369819]#PCL[/system/framework/android.test.mock.jar*1009639922]} | PCL[])
05-25 02:05:33.180  5587  5587 W app_process: ClassLoaderContext classpath size mismatch. expected=0, found=1 (PCL[]{PCL[/system/framework/android.test.runner.jar*3954641918]{PCL[/system/framework/android.test.base.jar*1653369819]#PCL[/system/framework/android.test.mock.jar*1009639922]}#PCL[/system/framework/android.test.base.jar*1653369819]} | PCL[/system/framework/android.test.runner.jar*3954641918])
05-25 02:05:33.200  5587  5587 D nativeloader: Load libframework-connectivity-tiramisu-jni.so using APEX ns com_android_tethering for caller /apex/com.android.tethering/javalib/framework-connectivity-t.jar: ok
05-25 02:05:33.200  5587  5587 D AndroidRuntime: Calling main entry com.android.commands.uiautomator.Launcher
05-25 02:05:33.206  5587  5587 I AconfigPackage: android.media.swcodec.flags is mapped to com.android.media.swcodec
05-25 02:05:33.206  5587  5587 I AconfigPackage: com.android.permission.flags is mapped to com.android.permission
05-25 02:05:33.206  5587  5587 I AconfigPackage: com.android.permissioncontroller.flags is mapped to com.android.permission
05-25 02:05:33.206  5587  5587 I AconfigPackage: com.android.icu is mapped to com.android.i18n
05-25 02:05:33.206  5587  5587 I AconfigPackage: com.android.appsearch.flags is mapped to com.android.appsearch
05-25 02:05:33.206  5587  5587 I AconfigPackage: android.uprobestats.mainline.flags is mapped to com.android.uprobestats
05-25 02:05:33.207  5587  5587 I AconfigPackage: com.android.crashrecovery.flags is mapped to com.android.crashrecovery
05-25 02:05:33.207  5587  5587 I AconfigPackage: android.provider.flags is mapped to com.android.configinfrastructure
05-25 02:05:33.207  5587  5587 I AconfigPackage: com.android.server.deviceconfig is mapped to com.android.configinfrastructure
05-25 02:05:33.207  5587  5587 I AconfigPackage: com.android.compos.flags is mapped to com.android.compos
05-25 02:05:33.207  5587  5587 I AconfigPackage: com.android.art.flags is mapped to com.android.art
05-25 02:05:33.207  5587  5587 I AconfigPackage: com.android.art.rw.flags is mapped to com.android.art
05-25 02:05:33.207  5587  5587 I AconfigPackage: com.android.libcore is mapped to com.android.art
05-25 02:05:33.207  5587  5587 I AconfigPackage: com.android.telephony.flags is mapped to com.android.telephonycore
05-25 02:05:33.207  5587  5587 I AconfigPackage: com.android.media.extractor.flags is mapped to com.android.media
05-25 02:05:33.207  5587  5587 I AconfigPackage: com.android.media.mainline.flags is mapped to com.android.media
05-25 02:05:33.207  5587  5587 I AconfigPackage: com.android.wifi.flags is mapped to com.android.wifi
05-25 02:05:33.208  5587  5587 I AconfigPackage: com.android.org.conscrypt.flags is mapped to com.android.conscrypt
05-25 02:05:33.208  5587  5587 I AconfigPackage: com.android.org.conscrypt.net.flags is mapped to com.android.conscrypt
05-25 02:05:33.208  5587  5587 I AconfigPackage: com.android.healthfitness.flags is mapped to com.android.healthfitness
05-25 02:05:33.208  5587  5587 I AconfigPackage: com.android.ipsec.flags is mapped to com.android.ipsec
05-25 02:05:33.208  5587  5587 I AconfigPackage: com.android.nfc.module.flags is mapped to com.android.nfcservices
05-25 02:05:33.208  5587  5587 I AconfigPackage: com.android.adservices.ondevicepersonalization.flags is mapped to com.android.ondevicepersonalization
05-25 02:05:33.208  5587  5587 I AconfigPackage: com.android.adbd.flags is mapped to com.android.adbd
05-25 02:05:33.208  5587  5587 I AconfigPackage: com.android.bluetooth.flags is mapped to com.android.bt
05-25 02:05:33.208  5587  5587 I AconfigPackage: com.android.devicelock.flags is mapped to com.android.devicelock
05-25 02:05:33.209  5587  5587 I AconfigPackage: android.os.profiling is mapped to com.android.profiling
05-25 02:05:33.209  5587  5587 I AconfigPackage: android.os.profiling.anomaly.flags is mapped to com.android.profiling
05-25 02:05:33.209  5587  5587 I AconfigPackage: com.android.os.statsd.flags is mapped to com.android.os.statsd
05-25 02:05:33.209  5587  5587 I AconfigPackage: com.android.rkpd.flags is mapped to com.android.rkpd
05-25 02:05:33.209  5587  5587 I AconfigPackage: com.android.cellbroadcastreceiver.flags is mapped to com.android.cellbroadcast
05-25 02:05:33.209  5587  5587 I AconfigPackage: com.android.adservices.flags is mapped to com.android.adservices
05-25 02:05:33.209  5587  5587 I AconfigPackage: com.android.sdksandbox.flags is mapped to com.android.adservices
05-25 02:05:33.209  5587  5587 I AconfigPackage: com.android.uwb.flags is mapped to com.android.uwb
05-25 02:05:33.209  5587  5587 I AconfigPackage: com.android.ranging.flags is mapped to com.android.uwb
05-25 02:05:33.209  5587  5587 I AconfigPackage: android.graphics.pdf.flags is mapped to com.android.mediaprovider
05-25 02:05:33.209  5587  5587 I AconfigPackage: com.android.providers.media.flags is mapped to com.android.mediaprovider
05-25 02:05:33.209  5587  5587 I AconfigPackage: android.graphics.pdf.flags.readonly is mapped to com.android.mediaprovider
05-25 02:05:33.210  5587  5587 I AconfigPackage: com.android.tethering.mainline.beta is mapped to com.android.tethering
05-25 02:05:33.210  5587  5587 I AconfigPackage: android.net.http is mapped to com.android.tethering
05-25 02:05:33.210  5587  5587 I AconfigPackage: com.android.tethering.readonly.flags is mapped to com.android.tethering
05-25 02:05:33.210  5587  5587 I AconfigPackage: android.net.vcn is mapped to com.android.tethering
05-25 02:05:33.210  5587  5587 I AconfigPackage: com.android.net.flags is mapped to com.android.tethering
05-25 02:05:33.210  5587  5587 I AconfigPackage: com.android.tethering.beta.test is mapped to com.android.tethering
05-25 02:05:33.210  5587  5587 I AconfigPackage: com.android.nearby.flags is mapped to com.android.tethering
05-25 02:05:33.210  5587  5587 I AconfigPackage: com.android.net.ct.flags is mapped to com.android.tethering
05-25 02:05:33.210  5587  5587 I AconfigPackage: com.android.net.thread.flags is mapped to com.android.tethering
05-25 02:05:33.210  5587  5587 I AconfigPackage: com.android.system.virtualmachine.flags is mapped to com.android.virt
05-25 02:05:33.210  5587  5587 E FeatureFlagsImplExport: android.os.flagging.AconfigStorageReadException: ERROR_PACKAGE_NOT_FOUND: package android.xr cannot be found on the device
05-25 02:05:33.212  5587  5587 D UiAutomationConnection: Created on user UserHandle{0}
05-25 02:05:33.213  5587  5587 I UiAutomation: Initialized for user 0 on display 0
05-25 02:05:33.213  5587  5587 W UiAutomation: Created with deprecatead constructor, assumes DEFAULT_DISPLAY
05-25 02:05:33.216   755  1251 D AccessibilityManagerService: changeCurrentUserForTestAutomationIfNeededLocked(0): ignoring because device doesn't support visible background users
05-25 02:05:33.216   755  1251 I UiAutomationManager: Registering UiTestAutomationService (id=com.android.server.accessibility/UiAutomation, flags=0x0) when called by user 0
05-25 02:05:33.216   755  1251 V AccessibilityManagerService: onUserStateChangedLocked for userId: 0, forceUpdate: false
05-25 02:05:33.216   755  1251 V AccessibilityUserState: updateShortcutTargets: type:accessibility_shortcut_target_service, current:{}, new:{}
05-25 02:05:33.216   755  1251 V AccessibilityUserState: updateShortcutTargets: type:accessibility_button_targets, current:{}, new:{}
05-25 02:05:33.216   755  1251 V AccessibilityUserState: updateShortcutTargets: type:accessibility_gesture_targets, current:{}, new:{}
05-25 02:05:33.216   755  1251 V AccessibilityUserState: updateShortcutTargets: type:accessibility_qs_targets, current:{}, new:{}
05-25 02:05:33.216   755  1251 V AccessibilityUserState: updateShortcutTargets: type:accessibility_key_gesture_targets, current:{}, new:{}
05-25 02:05:33.216   755  1251 W MagnificationConnectionManager: requestConnection duplicated request: connect=false, mConnectionState=DISCONNECTED
05-25 02:05:33.217  1546  3178 I AiAiEcho: Settings changed for uri: content://settings/secure/accessibility_enabled
05-25 02:05:33.218  1546  1927 I AiAiEcho: Predicting[0]:  [CONTEXT sampling_count=5 ]
05-25 02:05:33.218  1546  1927 I AiAiEcho: EchoTargets: 
05-25 02:05:33.218  1546  1927 I AiAiEcho: Filtered by AiAi flag check: 
05-25 02:05:33.218  1546  1927 I AiAiEcho: [CONTEXT ratelimit_period="10 SECONDS" ]
05-25 02:05:33.218  1546  1927 I AiAiEcho: #remoteViewsTwiddler: feature disabled.
05-25 02:05:33.218  1546  1927 I AiAiEcho: Predicting[0]:  [CONTEXT sampling_count=5 ]
05-25 02:05:33.218  1546  1927 I AiAiEcho: EchoTargets: 
05-25 02:05:33.218  1546  1927 I AiAiEcho: Filtered by AiAi flag check: 
05-25 02:05:33.218  1546  1927 I AiAiEcho: [CONTEXT ratelimit_period="10 SECONDS" ]
05-25 02:05:33.218  1546  1927 I AiAiEcho: #remoteViewsTwiddler: feature disabled.
05-25 02:05:33.219  1546  1927 I AiAiEcho: #postPredictionTargets: Sending updates to UISurface lockscreen with targets# 0 (types=[])
05-25 02:05:33.219   755   755 W libbinder.IPCThreadState: Sending oneway calls to frozen process.
05-25 02:05:33.219   755   755 W libbinder.IPCThreadState: Sending oneway calls to frozen process.
05-25 02:05:33.219   755   755 W libbinder.IPCThreadState: Sending oneway calls to frozen process.
05-25 02:05:33.219   755   755 W libbinder.IPCThreadState: Sending oneway calls to frozen process.
05-25 02:05:33.219   755   755 W libbinder.IPCThreadState: Sending oneway calls to frozen process.
05-25 02:05:33.220  1546  1927 I AiAiEcho: #postPredictionTargets: Sending updates to UISurface home with targets# 0 (types=[])
05-25 02:05:33.220  1012  1012 W SsPagerDots: Total number of pages invalid: 0. Assuming 1 page.
05-25 02:05:33.220   755   755 W libbinder.IPCThreadState: Sending oneway calls to frozen process.
05-25 02:05:33.220   755   755 W libbinder.IPCThreadState: Sending oneway calls to frozen process.
05-25 02:05:33.220   755   755 W libbinder.IPCThreadState: Sending oneway calls to frozen process.
05-25 02:05:33.220   755   755 W libbinder.IPCThreadState: Sending oneway calls to frozen process.
05-25 02:05:33.220   755   755 W libbinder.IPCThreadState: Sending oneway calls to frozen process.
05-25 02:05:33.220   755   755 W libbinder.IPCThreadState: Sending oneway calls to frozen process.
05-25 02:05:33.221   755   755 W libbinder.IPCThreadState: Sending oneway calls to frozen process.
05-25 02:05:33.222   755   755 W libbinder.IPCThreadState: Sending oneway calls to frozen process.
05-25 02:05:33.224   755  1865 V AccessibilityManagerService: onUserStateChangedLocked for userId: 0, forceUpdate: false
05-25 02:05:33.224   755   755 W libbinder.IPCThreadState: Sending oneway calls to frozen process.
05-25 02:05:33.224   755  1865 V AccessibilityUserState: updateShortcutTargets: type:accessibility_shortcut_target_service, current:{}, new:{}
05-25 02:05:33.224   755  1865 V AccessibilityUserState: updateShortcutTargets: type:accessibility_button_targets, current:{}, new:{}
05-25 02:05:33.224   755  1865 V AccessibilityUserState: updateShortcutTargets: type:accessibility_gesture_targets, current:{}, new:{}
05-25 02:05:33.224   755  1865 V AccessibilityUserState: updateShortcutTargets: type:accessibility_qs_targets, current:{}, new:{}
05-25 02:05:33.224   755  1865 V AccessibilityUserState: updateShortcutTargets: type:accessibility_key_gesture_targets, current:{}, new:{}
05-25 02:05:33.224   755  1865 W MagnificationConnectionManager: requestConnection duplicated request: connect=false, mConnectionState=DISCONNECTED
05-25 02:05:33.225  1546  3178 I AiAiEcho: Settings changed for uri: content://settings/secure/accessibility_enabled
05-25 02:05:33.226   755   755 W libbinder.IPCThreadState: Sending oneway calls to frozen process.
05-25 02:05:33.226   755   755 W libbinder.IPCThreadState: Sending oneway calls to frozen process.
05-25 02:05:33.226   755   755 W libbinder.IPCThreadState: Sending oneway calls to frozen process.
05-25 02:05:33.226   755   755 W libbinder.IPCThreadState: Sending oneway calls to frozen process.
05-25 02:05:33.226  1546  1927 I AiAiEcho: Predicting[0]:  [CONTEXT sampling_count=5 ]
05-25 02:05:33.226  1546  1927 I AiAiEcho: EchoTargets: 
05-25 02:05:33.226  1546  1927 I AiAiEcho: Filtered by AiAi flag check: 
05-25 02:05:33.226  1546  1927 I AiAiEcho: [CONTEXT ratelimit_period="10 SECONDS" ]
05-25 02:05:33.226  1546  1927 I AiAiEcho: #remoteViewsTwiddler: feature disabled.
05-25 02:05:33.226  1546  1927 I AiAiEcho: Predicting[0]:  [CONTEXT sampling_count=5 ]
05-25 02:05:33.226   755   755 W libbinder.IPCThreadState: Sending oneway calls to frozen process.
05-25 02:05:33.226  1546  1927 I AiAiEcho: EchoTargets: 
05-25 02:05:33.226  1546  1927 I AiAiEcho: Filtered by AiAi flag check: 
05-25 02:05:33.226  1546  1927 I AiAiEcho: [CONTEXT ratelimit_period="10 SECONDS" ]
05-25 02:05:33.226  1546  1927 I AiAiEcho: #remoteViewsTwiddler: feature disabled.
05-25 02:05:33.226   755   755 W libbinder.IPCThreadState: Sending oneway calls to frozen process.
05-25 02:05:33.226   755   755 W libbinder.IPCThreadState: Sending oneway calls to frozen process.
05-25 02:05:33.228  1546  1927 I AiAiEcho: #postPredictionTargets: Sending updates to UISurface lockscreen with targets# 0 (types=[])
05-25 02:05:33.228  1546  1927 I AiAiEcho: #postPredictionTargets: Sending updates to UISurface home with targets# 0 (types=[])
05-25 02:05:33.228   755   755 W libbinder.IPCThreadState: Sending oneway calls to frozen process.
05-25 02:05:33.228   755   755 W libbinder.IPCThreadState: Sending oneway calls to frozen process.
05-25 02:05:33.229   755   755 W libbinder.IPCThreadState: Sending oneway calls to frozen process.
05-25 02:05:33.229   755   755 W libbinder.IPCThreadState: Sending oneway calls to frozen process.
05-25 02:05:33.229   755   755 W libbinder.IPCThreadState: Sending oneway calls to frozen process.
05-25 02:05:33.229   755   755 W libbinder.IPCThreadState: Sending oneway calls to frozen process.
05-25 02:05:33.229   755   755 W libbinder.IPCThreadState: Sending oneway calls to frozen process.
05-25 02:05:33.229   755   755 W libbinder.IPCThreadState: Sending oneway calls to frozen process.
05-25 02:05:33.229   755   755 W libbinder.IPCThreadState: Sending oneway calls to frozen process.
05-25 02:05:33.229   755   755 W libbinder.IPCThreadState: Sending oneway calls to frozen process.
05-25 02:05:33.229   755   755 W libbinder.IPCThreadState: Sending oneway calls to frozen process.
05-25 02:05:33.229   755   755 W libbinder.IPCThreadState: Sending oneway calls to frozen process.
05-25 02:05:33.230   755   755 W libbinder.IPCThreadState: Sending oneway calls to frozen process.
05-25 02:05:33.230   755   755 W libbinder.IPCThreadState: Sending oneway calls to frozen process.
05-25 02:05:33.230   755   755 D BatterySaverPolicy: accessibility changed to true, updating policy.
05-25 02:05:33.235  1012  1012 W SsPagerDots: Total number of pages invalid: 0. Assuming 1 page.
05-25 02:05:33.236   755  2205 D AccessibilityManagerService: .getAccessibilityShortcutTargets {shortcutType=32, userId=0}
05-25 02:05:33.802  1139  1263 D SatelliteController: iisInCarrierRoamingNbIotNtn: satellite is disabled
05-25 02:05:33.802  1139  1263 D SatelliteController: getCarrierRoamingNtnConnectType: Falling back to global carrier config connect type: 0
05-25 02:05:33.803   755  1865 W libbinder.IPCThreadState: Sending oneway calls to frozen process.
05-25 02:05:34.004  1071  5565 D android.hardware.gnss-service.ranchu: GnssHwListener:consume:87 sz=64
05-25 02:05:34.006  1071  5565 D android.hardware.gnss-service.ranchu: GnssHwListener:consume:87 sz=64
05-25 02:05:34.006  1071  5565 D android.hardware.gnss-service.ranchu: Gnss:onGnssLocationCb:311
05-25 02:05:34.006  1071  5565 D android.hardware.gnss-service.ranchu: Gnss:onGnssLocationCb:321
05-25 02:05:34.243  5587  5587 W AccessibilityNodeInfoDumper: Fetch time: 0ms
05-25 02:05:34.243   755  2205 V AccessibilityManagerService: onUserStateChangedLocked for userId: 0, forceUpdate: false
05-25 02:05:34.244   755  2205 V AccessibilityUserState: updateShortcutTargets: type:accessibility_shortcut_target_service, current:{}, new:{}
05-25 02:05:34.244   755  2205 V AccessibilityUserState: updateShortcutTargets: type:accessibility_button_targets, current:{}, new:{}
05-25 02:05:34.244   755  2205 V AccessibilityUserState: updateShortcutTargets: type:accessibility_gesture_targets, current:{}, new:{}
05-25 02:05:34.244   755  2205 V AccessibilityUserState: updateShortcutTargets: type:accessibility_qs_targets, current:{}, new:{}
05-25 02:05:34.244   755  2205 V AccessibilityUserState: updateShortcutTargets: type:accessibility_key_gesture_targets, current:{}, new:{}
05-25 02:05:34.244   755  2205 W MagnificationConnectionManager: requestConnection duplicated request: connect=false, mConnectionState=DISCONNECTED
05-25 02:05:34.244   755  2205 D AccessibilityManagerService: restoreCurrentUserForTestAutomationIfNeededLocked(): ignoring because device doesn't support visible background users
05-25 02:05:34.245  1546  3178 I AiAiEcho: Settings changed for uri: content://settings/secure/accessibility_enabled
05-25 02:05:34.246   755   755 W libbinder.IPCThreadState: Sending oneway calls to frozen process.
05-25 02:05:34.246   755   755 W libbinder.IPCThreadState: Sending oneway calls to frozen process.
05-25 02:05:34.246   755   755 W libbinder.IPCThreadState: Sending oneway calls to frozen process.
05-25 02:05:34.246   755   755 W libbinder.IPCThreadState: Sending oneway calls to frozen process.
05-25 02:05:34.246  5587  5587 D AndroidRuntime: Shutting down VM
05-25 02:05:34.246  5587  5595 W libbinder.IPCThreadState: call to talkWithDriver in joinThreadPool returned error: -9 (Bad file descriptor), FD: -1
05-25 02:05:34.246  1546  1927 I AiAiEcho: Predicting[0]:  [CONTEXT sampling_count=5 ]
05-25 02:05:34.246  1546  1927 I AiAiEcho: EchoTargets: 
05-25 02:05:34.246  1546  1927 I AiAiEcho: Filtered by AiAi flag check: 
05-25 02:05:34.246  1546  1927 I AiAiEcho: [CONTEXT ratelimit_period="10 SECONDS" ]
05-25 02:05:34.247  1546  1927 I AiAiEcho: #remoteViewsTwiddler: feature disabled.
05-25 02:05:34.247   755   755 W libbinder.IPCThreadState: Sending oneway calls to frozen process.
05-25 02:05:34.247  1546  1927 I AiAiEcho: Predicting[0]:  [CONTEXT sampling_count=5 ]
05-25 02:05:34.247  1546  1927 I AiAiEcho: EchoTargets: 
05-25 02:05:34.247  1546  1927 I AiAiEcho: Filtered by AiAi flag check: 
05-25 02:05:34.247  1546  1927 I AiAiEcho: [CONTEXT ratelimit_period="10 SECONDS" ]
05-25 02:05:34.247  5587  5596 W libbinder.IPCThreadState: call to talkWithDriver in joinThreadPool returned error: -9 (Bad file descriptor), FD: -1
05-25 02:05:34.247   755   755 W libbinder.IPCThreadState: Sending oneway calls to frozen process.
05-25 02:05:34.247  5587  5599 W libbinder.IPCThreadState: call to talkWithDriver in joinThreadPool returned error: -9 (Bad file descriptor), FD: -1
05-25 02:05:34.247   755   755 W libbinder.IPCThreadState: Sending oneway calls to frozen process.
05-25 02:05:34.247   755   755 W libbinder.IPCThreadState: Sending oneway calls to frozen process.
05-25 02:05:34.247   755   755 W libbinder.IPCThreadState: Sending oneway calls to frozen process.
05-25 02:05:34.247   755   755 W libbinder.IPCThreadState: Sending oneway calls to frozen process.
05-25 02:05:34.247   755   755 W libbinder.IPCThreadState: Sending oneway calls to frozen process.
05-25 02:05:34.247   755   755 W libbinder.IPCThreadState: Sending oneway calls to frozen process.
05-25 02:05:34.248  1546  1927 I AiAiEcho: #remoteViewsTwiddler: feature disabled.
05-25 02:05:34.248   755   755 W libbinder.IPCThreadState: Sending oneway calls to frozen process.
05-25 02:05:34.248   755   755 W libbinder.IPCThreadState: Sending oneway calls to frozen process.
05-25 02:05:34.248   755   755 W libbinder.IPCThreadState: Sending oneway calls to frozen process.
05-25 02:05:34.248   755   755 W libbinder.IPCThreadState: Sending oneway calls to frozen process.
05-25 02:05:34.248   755   755 W libbinder.IPCThreadState: Sending oneway calls to frozen process.
05-25 02:05:34.248   755   755 W libbinder.IPCThreadState: Sending oneway calls to frozen process.
05-25 02:05:34.248   755   755 W libbinder.IPCThreadState: Sending oneway calls to frozen process.
05-25 02:05:34.248  1546  1927 I AiAiEcho: #postPredictionTargets: Sending updates to UISurface lockscreen with targets# 0 (types=[])
05-25 02:05:34.249   755   755 W libbinder.IPCThreadState: Sending oneway calls to frozen process.
05-25 02:05:34.249   755   755 W libbinder.IPCThreadState: Sending oneway calls to frozen process.
05-25 02:05:34.249   755   755 D BatterySaverPolicy: accessibility changed to false, updating policy.
05-25 02:05:34.249  1546  1927 I AiAiEcho: #postPredictionTargets: Sending updates to UISurface home with targets# 0 (types=[])
05-25 02:05:34.249  1012  1012 W SsPagerDots: Total number of pages invalid: 0. Assuming 1 page.
05-25 02:05:34.443  1529  1529 D WM-DelayedWorkTracker: Scheduling work e83b55c1-6e23-42cb-9a07-8588e71771c3
05-25 02:05:34.446  1529  1529 D WM-GreedyScheduler: Starting tracking for e83b55c1-6e23-42cb-9a07-8588e71771c3
05-25 02:05:34.450  1529  1874 D WM-ConstraintTracker: BatteryNotLowTracker: initial state = true
05-25 02:05:34.450  1529  1874 D WM-BrdcstRcvrCnstrntTrc: BatteryNotLowTracker: registering receiver
05-25 02:05:34.472   755   845 D ActivityManager: sync unfroze 1738 com.google.android.settings.intelligence for 6
05-25 02:05:34.475  1529  1874 D WM-GreedyScheduler: Constraints met: Scheduling work ID WorkGenerationalId(workSpecId=e83b55c1-6e23-42cb-9a07-8588e71771c3, generation=0)
05-25 02:05:34.480  1529  1874 D WM-Processor: Processor: processing WorkGenerationalId(workSpecId=e83b55c1-6e23-42cb-9a07-8588e71771c3, generation=0)
05-25 02:05:34.482  1529  1529 D WM-WorkerWrapper: Starting work for com.android.providers.media.photopicker.sync.ProactiveSyncWorker
05-25 02:05:34.484  1529  5611 I PSyncWorker: Starting proactive picker sync from sync source: 1
05-25 02:05:34.486  1529  5611 I PickerSyncTracker: Created new sync future java.util.concurrent.CompletableFuture@6b4a9e[Not completed, 1 dependents]. Future map: {e83b55c1-6e23-42cb-9a07-8588e71771c3=java.util.concurrent.CompletableFuture@6b4a9e[Not completed, 1 dependents]}
05-25 02:05:34.486  1529  5611 D PickerSyncController: syncAllMediaFromProvider() LOCAL, auth=com.android.providers.media.photopicker, retry=true
05-25 02:05:34.486  1529  5611 D PickerSyncController: getSyncRequestParams() LOCAL, auth=com.android.providers.media.photopicker
05-25 02:05:34.488   755  1251 D CompatChangeReporter: Compat change id reported: 343977174; UID 10210; state: ENABLED
05-25 02:05:34.488   755   845 D ActivityManager: sync unfroze 2368 com.google.android.apps.photos for 6
05-25 02:05:34.490  1529  5611 D PickerSyncController:    Latest ID/Gen=92835bc8fd6dde81:external_primary/2331
05-25 02:05:34.490  1529  5611 D PickerSyncController:    Cached ID/Gen=92835bc8fd6dde81:external_primary/2271
05-25 02:05:34.490  1529  5611 D PickerSyncController:    RESULT=SyncRequestParams{type=MEDIA_INCREMENTAL, gen=2271, latest=Bundle[{last_media_sync_generation=2331, media_collection_id=92835bc8fd6dde81:external_primary}], pageSize=1000}
05-25 02:05:34.491  1529  5611 I PickerSyncController: Executing SyncAdd. isLocal: true. authority: com.android.providers.media.photopicker
05-25 02:05:34.491  1529  5611 D PickerSyncLockManager: Trying to acquire lock com.android.providers.media.photopicker.sync.CloseableReentrantLock@cffd47[Unlocked]. Lock Name = CLOUD_PROVIDER_LOCK. Threads that may be waiting to acquire this lock = [] with timeout.
05-25 02:05:34.492  1529  5611 D CloseableReentrantLock: Successfully acquired lock com.android.providers.media.photopicker.sync.CloseableReentrantLock@cffd47[Locked by thread pool-4-thread-6]. Lock Name = CLOUD_PROVIDER_LOCK. Threads that may be waiting to acquire this lock = []
05-25 02:05:34.494  1529  5611 D CloseableReentrantLock: Successfully released lock com.android.providers.media.photopicker.sync.CloseableReentrantLock@cffd47[Unlocked]. Lock Name = CLOUD_PROVIDER_LOCK. Threads that may be waiting to acquire this lock = []
05-25 02:05:34.494  1529  5611 D ExternalDbFacade: Token received for queryMedia = null
05-25 02:05:34.496  1529  1529 D WM-SystemJobService: onStartJob for WorkGenerationalId(workSpecId=e83b55c1-6e23-42cb-9a07-8588e71771c3, generation=0)
05-25 02:05:34.496   755  1923 W JobInfo : Job 'com.google.android.settings.intelligence/.modules.routines.impl.RoutinesJobIntentService#1728' has a deadline with no functional constraints. The deadline won't improve job execution latency. Consider removing the deadline.
05-25 02:05:34.498  1529  1874 D WM-Processor: Work WorkGenerationalId(workSpecId=e83b55c1-6e23-42cb-9a07-8588e71771c3, generation=0) is already enqueued for processing
05-25 02:05:34.511  1529  5611 V PickerDatabaseHelper: onConfigure() for picker.db
05-25 02:05:34.518  1529  5611 V PickerDbFacade: Failed to insert picker db media. ContentValues: _user_id=0 standard_mime_type_extension=0 size_bytes=1386756 orientation=0 height=2400 owner_package_name=com.android.shell date_taken_ms=1779666441000 duration_ms=0 sync_generation=2297 mime_type=image/png width=1080 is_favorite=0 local_id=139 is_visible=1
05-25 02:05:34.518  1529  5611 V PickerDbFacade: android.database.sqlite.SQLiteConstraintException: UNIQUE constraint failed: media.local_id, media.is_visible (code 2067 SQLITE_CONSTRAINT_UNIQUE)
05-25 02:05:34.518  1529  5611 V PickerDbFacade: 	at android.database.sqlite.SQLiteConnection.nativeExecuteForLastInsertedRowId(Native Method)
05-25 02:05:34.518  1529  5611 V PickerDbFacade: 	at android.database.sqlite.SQLiteConnection.executeForLastInsertedRowId(SQLiteConnection.java:995)
05-25 02:05:34.518  1529  5611 V PickerDbFacade: 	at android.database.sqlite.SQLiteSession.executeForLastInsertedRowId(SQLiteSession.java:825)
05-25 02:05:34.518  1529  5611 V PickerDbFacade: 	at android.database.sqlite.SQLiteStatement.executeInsert(SQLiteStatement.java:89)
05-25 02:05:34.518  1529  5611 V PickerDbFacade: 	at android.database.DatabaseUtils.executeInsert(DatabaseUtils.java:234)
05-25 02:05:34.518  1529  5611 V PickerDbFacade: 	at android.database.sqlite.SQLiteQueryBuilder.insert(SQLiteQueryBuilder.java:638)
05-25 02:05:34.518  1529  5611 V PickerDbFacade: 	at com.android.providers.media.photopicker.data.PickerDbFacade$AddMediaOperation.insertMedia(PickerDbFacade.java:644)
05-25 02:05:34.518  1529  5611 V PickerDbFacade: 	at com.android.providers.media.photopicker.data.PickerDbFacade$AddMediaOperation.upsertMedia(PickerDbFacade.java:658)
05-25 02:05:34.518  1529  5611 V PickerDbFacade: 	at com.android.providers.media.photopicker.data.PickerDbFacade$AddMediaOperation.executeInternal(PickerDbFacade.java:616)
05-25 02:05:34.518  1529  5611 V PickerDbFacade: 	at com.android.providers.media.photopicker.data.PickerDbFacade$DbWriteOperation.execute(PickerDbFacade.java:405)
05-25 02:05:34.518  1529  5611 V PickerDbFacade: 	at com.android.providers.media.photopicker.PickerSyncController.executePagedSync(PickerSyncController.java:1822)
05-25 02:05:34.518  1529  5611 V PickerDbFacade: 	at com.android.providers.media.photopicker.PickerSyncController.executePagedSync(PickerSyncController.java:1741)
05-25 02:05:34.518  1529  5611 V PickerDbFacade: 	at com.android.providers.media.photopicker.PickerSyncController.executeSyncAdd(PickerSyncController.java:1138)
05-25 02:05:34.518  1529  5611 V PickerDbFacade: 	at com.android.providers.media.photopicker.PickerSyncController.syncAllMediaFromProvider(PickerSyncController.java:982)
05-25 02:05:34.518  1529  5611 V PickerDbFacade: 	at com.android.providers.media.photopicker.PickerSyncController.syncAllMediaFromLocalProvider(PickerSyncController.java:402)
05-25 02:05:34.518  1529  5611 V PickerDbFacade: 	at com.android.providers.media.photopicker.sync.ProactiveSyncWorker.doWork(ProactiveSyncWorker.java:89)
05-25 02:05:34.518  1529  5611 V PickerDbFacade: 	at androidx.work.Worker.startWork$lambda$0(Worker.kt:64)
05-25 02:05:34.518  1529  5611 V PickerDbFacade: 	at androidx.work.Worker.$r8$lambda$opNRPVQx7zi4ENxyGPOIhxFU0oM(Worker.kt:0)
05-25 02:05:34.518  1529  5611 V PickerDbFacade: 	at androidx.work.Worker$$ExternalSyntheticLambda0.invoke(R8$$SyntheticClass:0)
05-25 02:05:34.518  1529  5611 V PickerDbFacade: 	at androidx.work.WorkerKt.future$lambda$2$lambda$1(Worker.kt:100)
