05-25 02:39:37.640  8257  8257 I AconfigPackage: com.android.tethering.mainline.beta is mapped to com.android.tethering
05-25 02:39:37.640  8257  8257 I AconfigPackage: android.net.http is mapped to com.android.tethering
05-25 02:39:37.640  8257  8257 I AconfigPackage: com.android.tethering.readonly.flags is mapped to com.android.tethering
05-25 02:39:37.640  8257  8257 I AconfigPackage: android.net.vcn is mapped to com.android.tethering
05-25 02:39:37.640  8257  8257 I AconfigPackage: com.android.net.flags is mapped to com.android.tethering
05-25 02:39:37.640  8257  8257 I AconfigPackage: com.android.tethering.beta.test is mapped to com.android.tethering
05-25 02:39:37.640  8257  8257 I AconfigPackage: com.android.nearby.flags is mapped to com.android.tethering
05-25 02:39:37.640  8257  8257 I AconfigPackage: com.android.net.ct.flags is mapped to com.android.tethering
05-25 02:39:37.640  8257  8257 I AconfigPackage: com.android.net.thread.flags is mapped to com.android.tethering
05-25 02:39:37.640  8257  8257 I AconfigPackage: com.android.system.virtualmachine.flags is mapped to com.android.virt
05-25 02:39:37.640  8257  8257 E FeatureFlagsImplExport: android.os.flagging.AconfigStorageReadException: ERROR_PACKAGE_NOT_FOUND: package android.xr cannot be found on the device
05-25 02:39:37.642  8257  8257 D UiAutomationConnection: Created on user UserHandle{0}
05-25 02:39:37.642  8257  8257 I UiAutomation: Initialized for user 0 on display 0
05-25 02:39:37.642  8257  8257 W UiAutomation: Created with deprecatead constructor, assumes DEFAULT_DISPLAY
05-25 02:39:37.643   755  3187 D AccessibilityManagerService: changeCurrentUserForTestAutomationIfNeededLocked(0): ignoring because device doesn't support visible background users
05-25 02:39:37.643   755  3187 I UiAutomationManager: Registering UiTestAutomationService (id=com.android.server.accessibility/UiAutomation, flags=0x0) when called by user 0
05-25 02:39:37.643   755  3187 V AccessibilityManagerService: onUserStateChangedLocked for userId: 0, forceUpdate: false
05-25 02:39:37.644   755  3187 V AccessibilityUserState: updateShortcutTargets: type:accessibility_shortcut_target_service, current:{}, new:{}
05-25 02:39:37.644   755  3187 V AccessibilityUserState: updateShortcutTargets: type:accessibility_button_targets, current:{}, new:{}
05-25 02:39:37.644   755  3187 V AccessibilityUserState: updateShortcutTargets: type:accessibility_gesture_targets, current:{}, new:{}
05-25 02:39:37.644   755  3187 V AccessibilityUserState: updateShortcutTargets: type:accessibility_qs_targets, current:{}, new:{}
05-25 02:39:37.644   755  3187 V AccessibilityUserState: updateShortcutTargets: type:accessibility_key_gesture_targets, current:{}, new:{}
05-25 02:39:37.644   755  3187 W MagnificationConnectionManager: requestConnection duplicated request: connect=false, mConnectionState=DISCONNECTED
05-25 02:39:37.645  1546  2094 I AiAiEcho: Settings changed for uri: content://settings/secure/accessibility_enabled
05-25 02:39:37.645  1546  1927 I AiAiEcho: Predicting[0]:  [CONTEXT sampling_count=5 ]
05-25 02:39:37.645  1546  1927 I AiAiEcho: EchoTargets: 
05-25 02:39:37.645  1546  1927 I AiAiEcho: Filtered by AiAi flag check: 
05-25 02:39:37.645  1546  1927 I AiAiEcho: [CONTEXT ratelimit_period="10 SECONDS" ]
05-25 02:39:37.645  1546  1927 I AiAiEcho: #remoteViewsTwiddler: feature disabled.
05-25 02:39:37.645  1546  1927 I AiAiEcho: Predicting[0]:  [CONTEXT sampling_count=5 ]
05-25 02:39:37.645  1546  1927 I AiAiEcho: EchoTargets: 
05-25 02:39:37.645  1546  1927 I AiAiEcho: Filtered by AiAi flag check: 
05-25 02:39:37.645  1546  1927 I AiAiEcho: [CONTEXT ratelimit_period="10 SECONDS" ]
05-25 02:39:37.645  1546  1927 I AiAiEcho: #remoteViewsTwiddler: feature disabled.
05-25 02:39:37.645  1546  1927 I AiAiEcho: #postPredictionTargets: Sending updates to UISurface lockscreen with targets# 0 (types=[])
05-25 02:39:37.645  1546  1927 I AiAiEcho: #postPredictionTargets: Sending updates to UISurface home with targets# 0 (types=[])
05-25 02:39:37.646  1012  1012 W SsPagerDots: Total number of pages invalid: 0. Assuming 1 page.
05-25 02:39:37.647   755   755 W libbinder.IPCThreadState: Sending oneway calls to frozen process.
05-25 02:39:37.647   755   755 W libbinder.IPCThreadState: Sending oneway calls to frozen process.
05-25 02:39:37.647   755   755 W libbinder.IPCThreadState: Sending oneway calls to frozen process.
05-25 02:39:37.647   755   755 W libbinder.IPCThreadState: Sending oneway calls to frozen process.
05-25 02:39:37.647   755   755 W libbinder.IPCThreadState: Sending oneway calls to frozen process.
05-25 02:39:37.647   755   755 W libbinder.IPCThreadState: Sending oneway calls to frozen process.
05-25 02:39:37.648   755   755 W libbinder.IPCThreadState: Sending oneway calls to frozen process.
05-25 02:39:37.648   755   755 W libbinder.IPCThreadState: Sending oneway calls to frozen process.
05-25 02:39:37.648   755   755 W libbinder.IPCThreadState: Sending oneway calls to frozen process.
05-25 02:39:37.648   755   755 W libbinder.IPCThreadState: Sending oneway calls to frozen process.
05-25 02:39:37.648   755   755 W libbinder.IPCThreadState: Sending oneway calls to frozen process.
05-25 02:39:37.648   755   755 W libbinder.IPCThreadState: Sending oneway calls to frozen process.
05-25 02:39:37.648   755   755 W libbinder.IPCThreadState: Sending oneway calls to frozen process.
05-25 02:39:37.648   755   755 W libbinder.IPCThreadState: Sending oneway calls to frozen process.
05-25 02:39:37.649   755   755 W libbinder.IPCThreadState: Sending oneway calls to frozen process.
05-25 02:39:37.649   755   755 W libbinder.IPCThreadState: Sending oneway calls to frozen process.
05-25 02:39:37.649   755   755 W libbinder.IPCThreadState: Sending oneway calls to frozen process.
05-25 02:39:37.649   755   755 W libbinder.IPCThreadState: Sending oneway calls to frozen process.
05-25 02:39:37.649   755   755 W libbinder.IPCThreadState: Sending oneway calls to frozen process.
05-25 02:39:37.649   755   755 W libbinder.IPCThreadState: Sending oneway calls to frozen process.
05-25 02:39:37.649   755   755 W libbinder.IPCThreadState: Sending oneway calls to frozen process.
05-25 02:39:37.649   755   982 V AccessibilityManagerService: onUserStateChangedLocked for userId: 0, forceUpdate: false
05-25 02:39:37.650   755   755 W libbinder.IPCThreadState: Sending oneway calls to frozen process.
05-25 02:39:37.650   755   755 W libbinder.IPCThreadState: Sending oneway calls to frozen process.
05-25 02:39:37.650   755   755 W libbinder.IPCThreadState: Sending oneway calls to frozen process.
05-25 02:39:37.650   755   755 D BatterySaverPolicy: accessibility changed to true, updating policy.
05-25 02:39:37.650   755   982 V AccessibilityUserState: updateShortcutTargets: type:accessibility_shortcut_target_service, current:{}, new:{}
05-25 02:39:37.650   755   982 V AccessibilityUserState: updateShortcutTargets: type:accessibility_button_targets, current:{}, new:{}
05-25 02:39:37.650   755   982 V AccessibilityUserState: updateShortcutTargets: type:accessibility_gesture_targets, current:{}, new:{}
05-25 02:39:37.650   755   982 V AccessibilityUserState: updateShortcutTargets: type:accessibility_qs_targets, current:{}, new:{}
05-25 02:39:37.650   755   982 V AccessibilityUserState: updateShortcutTargets: type:accessibility_key_gesture_targets, current:{}, new:{}
05-25 02:39:37.650   755   982 W MagnificationConnectionManager: requestConnection duplicated request: connect=false, mConnectionState=DISCONNECTED
05-25 02:39:37.651  1546  2094 I AiAiEcho: Settings changed for uri: content://settings/secure/accessibility_enabled
05-25 02:39:37.651  1546  1927 I AiAiEcho: Predicting[0]:  [CONTEXT sampling_count=5 ]
05-25 02:39:37.652  1546  1927 I AiAiEcho: EchoTargets: 
05-25 02:39:37.652  1546  1927 I AiAiEcho: Filtered by AiAi flag check: 
05-25 02:39:37.652  1546  1927 I AiAiEcho: [CONTEXT ratelimit_period="10 SECONDS" ]
05-25 02:39:37.652  1546  1927 I AiAiEcho: #remoteViewsTwiddler: feature disabled.
05-25 02:39:37.652   755   755 W libbinder.IPCThreadState: Sending oneway calls to frozen process.
05-25 02:39:37.652  1546  1927 I AiAiEcho: Predicting[0]:  [CONTEXT sampling_count=5 ]
05-25 02:39:37.652   755   755 W libbinder.IPCThreadState: Sending oneway calls to frozen process.
05-25 02:39:37.652   755   755 W libbinder.IPCThreadState: Sending oneway calls to frozen process.
05-25 02:39:37.652   755   755 W libbinder.IPCThreadState: Sending oneway calls to frozen process.
05-25 02:39:37.652   755   755 W libbinder.IPCThreadState: Sending oneway calls to frozen process.
05-25 02:39:37.652   755   755 W libbinder.IPCThreadState: Sending oneway calls to frozen process.
05-25 02:39:37.653  1546  1927 I AiAiEcho: EchoTargets: 
05-25 02:39:37.653  1546  1927 I AiAiEcho: Filtered by AiAi flag check: 
05-25 02:39:37.653  1546  1927 I AiAiEcho: [CONTEXT ratelimit_period="10 SECONDS" ]
05-25 02:39:37.653   755   755 W libbinder.IPCThreadState: Sending oneway calls to frozen process.
05-25 02:39:37.653  1546  1927 I AiAiEcho: #remoteViewsTwiddler: feature disabled.
05-25 02:39:37.653   755   755 W libbinder.IPCThreadState: Sending oneway calls to frozen process.
05-25 02:39:37.653  1546  1927 I AiAiEcho: #postPredictionTargets: Sending updates to UISurface lockscreen with targets# 0 (types=[])
05-25 02:39:37.654   755   755 W libbinder.IPCThreadState: Sending oneway calls to frozen process.
05-25 02:39:37.654   755   755 W libbinder.IPCThreadState: Sending oneway calls to frozen process.
05-25 02:39:37.654   755   755 W libbinder.IPCThreadState: Sending oneway calls to frozen process.
05-25 02:39:37.654   755   755 W libbinder.IPCThreadState: Sending oneway calls to frozen process.
05-25 02:39:37.654  1546  1927 I AiAiEcho: #postPredictionTargets: Sending updates to UISurface home with targets# 0 (types=[])
05-25 02:39:37.654   755   755 W libbinder.IPCThreadState: Sending oneway calls to frozen process.
05-25 02:39:37.654   755   755 W libbinder.IPCThreadState: Sending oneway calls to frozen process.
05-25 02:39:37.656   755   755 W libbinder.IPCThreadState: Sending oneway calls to frozen process.
05-25 02:39:37.656   755  1052 D AccessibilityManagerService: .getAccessibilityShortcutTargets {shortcutType=32, userId=0}
05-25 02:39:37.656   755   755 W libbinder.IPCThreadState: Sending oneway calls to frozen process.
05-25 02:39:37.657  1012  1012 W SsPagerDots: Total number of pages invalid: 0. Assuming 1 page.
05-25 02:39:38.379   755   854 D ActivityManager: freezing 1484 com.google.android.gms
05-25 02:39:38.682  8257  8257 W AccessibilityNodeInfoDumper: Fetch time: 2ms
05-25 02:39:38.683   755  3185 V AccessibilityManagerService: onUserStateChangedLocked for userId: 0, forceUpdate: false
05-25 02:39:38.685   755  3185 V AccessibilityUserState: updateShortcutTargets: type:accessibility_shortcut_target_service, current:{}, new:{}
05-25 02:39:38.685   755  3185 V AccessibilityUserState: updateShortcutTargets: type:accessibility_button_targets, current:{}, new:{}
05-25 02:39:38.685   755  3185 V AccessibilityUserState: updateShortcutTargets: type:accessibility_gesture_targets, current:{}, new:{}
05-25 02:39:38.685   755  3185 V AccessibilityUserState: updateShortcutTargets: type:accessibility_qs_targets, current:{}, new:{}
05-25 02:39:38.685   755  3185 V AccessibilityUserState: updateShortcutTargets: type:accessibility_key_gesture_targets, current:{}, new:{}
05-25 02:39:38.685   755  3185 W MagnificationConnectionManager: requestConnection duplicated request: connect=false, mConnectionState=DISCONNECTED
05-25 02:39:38.685   755  3185 D AccessibilityManagerService: restoreCurrentUserForTestAutomationIfNeededLocked(): ignoring because device doesn't support visible background users
05-25 02:39:38.685  1546  2094 I AiAiEcho: Settings changed for uri: content://settings/secure/accessibility_enabled
05-25 02:39:38.685   755   755 W libbinder.IPCThreadState: Sending oneway calls to frozen process.
05-25 02:39:38.685   755   755 W libbinder.IPCThreadState: Sending oneway calls to frozen process.
05-25 02:39:38.685   755   755 W libbinder.IPCThreadState: Sending oneway calls to frozen process.
05-25 02:39:38.685   755   755 W libbinder.IPCThreadState: Sending oneway calls to frozen process.
05-25 02:39:38.685   755   755 W libbinder.IPCThreadState: Sending oneway calls to frozen process.
05-25 02:39:38.685  1546  1927 I AiAiEcho: Predicting[0]:  [CONTEXT sampling_count=5 ]
05-25 02:39:38.685   755   755 W libbinder.IPCThreadState: Sending oneway calls to frozen process.
05-25 02:39:38.686  1546  1927 I AiAiEcho: EchoTargets: 
05-25 02:39:38.686  1546  1927 I AiAiEcho: Filtered by AiAi flag check: 
05-25 02:39:38.686  1546  1927 I AiAiEcho: [CONTEXT ratelimit_period="10 SECONDS" ]
05-25 02:39:38.686   755   755 W libbinder.IPCThreadState: Sending oneway calls to frozen process.
05-25 02:39:38.686   755   755 W libbinder.IPCThreadState: Sending oneway calls to frozen process.
05-25 02:39:38.686   755   755 W libbinder.IPCThreadState: Sending oneway calls to frozen process.
05-25 02:39:38.686  1546  1927 I AiAiEcho: #remoteViewsTwiddler: feature disabled.
05-25 02:39:38.686   755   755 W libbinder.IPCThreadState: Sending oneway calls to frozen process.
05-25 02:39:38.686   755   755 W libbinder.IPCThreadState: Sending oneway calls to frozen process.
05-25 02:39:38.686   755   755 W libbinder.IPCThreadState: Sending oneway calls to frozen process.
05-25 02:39:38.686   755   755 W libbinder.IPCThreadState: Sending oneway calls to frozen process.
05-25 02:39:38.686  1546  1927 I AiAiEcho: Predicting[0]:  [CONTEXT sampling_count=5 ]
05-25 02:39:38.687  1546  1927 I AiAiEcho: EchoTargets: 
05-25 02:39:38.687  1546  1927 I AiAiEcho: Filtered by AiAi flag check: 
05-25 02:39:38.687  1546  1927 I AiAiEcho: [CONTEXT ratelimit_period="10 SECONDS" ]
05-25 02:39:38.687  1546  1927 I AiAiEcho: #remoteViewsTwiddler: feature disabled.
05-25 02:39:38.687  8257  8257 D AndroidRuntime: Shutting down VM
05-25 02:39:38.687   755   755 W libbinder.IPCThreadState: Sending oneway calls to frozen process.
05-25 02:39:38.687  8257  8266 W libbinder.IPCThreadState: call to talkWithDriver in joinThreadPool returned error: -9 (Bad file descriptor), FD: -1
05-25 02:39:38.687  8257  8265 W libbinder.IPCThreadState: call to talkWithDriver in joinThreadPool returned error: -9 (Bad file descriptor), FD: -1
05-25 02:39:38.688  1546  1927 I AiAiEcho: #postPredictionTargets: Sending updates to UISurface lockscreen with targets# 0 (types=[])
05-25 02:39:38.688  1546  1927 I AiAiEcho: #postPredictionTargets: Sending updates to UISurface home with targets# 0 (types=[])
05-25 02:39:38.689   755   755 W libbinder.IPCThreadState: Sending oneway calls to frozen process.
05-25 02:39:38.689   755   755 W libbinder.IPCThreadState: Sending oneway calls to frozen process.
05-25 02:39:38.690   755   755 W libbinder.IPCThreadState: Sending oneway calls to frozen process.
05-25 02:39:38.690   755   755 W libbinder.IPCThreadState: Sending oneway calls to frozen process.
05-25 02:39:38.690  1012  1012 W SsPagerDots: Total number of pages invalid: 0. Assuming 1 page.
05-25 02:39:38.691   755   755 W libbinder.IPCThreadState: Sending oneway calls to frozen process.
05-25 02:39:38.691   755   755 W libbinder.IPCThreadState: Sending oneway calls to frozen process.
05-25 02:39:38.691   755   755 W libbinder.IPCThreadState: Sending oneway calls to frozen process.
05-25 02:39:38.691   755   755 W libbinder.IPCThreadState: Sending oneway calls to frozen process.
05-25 02:39:38.692   755   755 W libbinder.IPCThreadState: Sending oneway calls to frozen process.
05-25 02:39:38.692   755   755 W libbinder.IPCThreadState: Sending oneway calls to frozen process.
05-25 02:39:38.692   755   755 D BatterySaverPolicy: accessibility changed to false, updating policy.
05-25 02:39:38.752   755   785 W libbinder.IPCThreadState: Sending oneway calls to frozen process.
05-25 02:39:38.752   755   785 W libbinder.IPCThreadState: Sending oneway calls to frozen process.
05-25 02:39:38.903  1529  1529 D WM-DelayedWorkTracker: Scheduling work b2857e48-f830-4583-9f0d-18dadb3512b7
05-25 02:39:38.903  1529  1529 D WM-GreedyScheduler: Starting tracking for b2857e48-f830-4583-9f0d-18dadb3512b7
05-25 02:39:38.904  1529  1727 D WM-ConstraintTracker: BatteryNotLowTracker: initial state = true
05-25 02:39:38.904  1529  1727 D WM-BrdcstRcvrCnstrntTrc: BatteryNotLowTracker: registering receiver
05-25 02:39:38.904  1529  1727 D WM-GreedyScheduler: Constraints met: Scheduling work ID WorkGenerationalId(workSpecId=b2857e48-f830-4583-9f0d-18dadb3512b7, generation=0)
05-25 02:39:38.905  1529  1727 D WM-Processor: Processor: processing WorkGenerationalId(workSpecId=b2857e48-f830-4583-9f0d-18dadb3512b7, generation=0)
05-25 02:39:38.906  1529  1529 D WM-WorkerWrapper: Starting work for com.android.providers.media.photopicker.sync.ProactiveSyncWorker
05-25 02:39:38.906  1529  8270 I PSyncWorker: Starting proactive picker sync from sync source: 1
05-25 02:39:38.906  1529  8270 I PickerSyncTracker: Created new sync future java.util.concurrent.CompletableFuture@8524ef7[Not completed, 1 dependents]. Future map: {b2857e48-f830-4583-9f0d-18dadb3512b7=java.util.concurrent.CompletableFuture@8524ef7[Not completed, 1 dependents]}
05-25 02:39:38.907  1529  8270 D PickerSyncController: syncAllMediaFromProvider() LOCAL, auth=com.android.providers.media.photopicker, retry=true
05-25 02:39:38.907  1529  8270 D PickerSyncController: getSyncRequestParams() LOCAL, auth=com.android.providers.media.photopicker
05-25 02:39:38.908  1529  8270 D PickerSyncController:    Latest ID/Gen=92835bc8fd6dde81:external_primary/2601
05-25 02:39:38.908  1529  8270 D PickerSyncController:    Cached ID/Gen=92835bc8fd6dde81:external_primary/2592
05-25 02:39:38.908  1529  8270 D PickerSyncController:    RESULT=SyncRequestParams{type=MEDIA_INCREMENTAL, gen=2592, latest=Bundle[{last_media_sync_generation=2601, media_collection_id=92835bc8fd6dde81:external_primary}], pageSize=1000}
05-25 02:39:38.908  1529  8270 I PickerSyncController: Executing SyncAdd. isLocal: true. authority: com.android.providers.media.photopicker
05-25 02:39:38.908  1529  8270 D PickerSyncLockManager: Trying to acquire lock com.android.providers.media.photopicker.sync.CloseableReentrantLock@cffd47[Unlocked]. Lock Name = CLOUD_PROVIDER_LOCK. Threads that may be waiting to acquire this lock = [] with timeout.
05-25 02:39:38.908  1529  8270 D CloseableReentrantLock: Successfully acquired lock com.android.providers.media.photopicker.sync.CloseableReentrantLock@cffd47[Locked by thread pool-4-thread-68]. Lock Name = CLOUD_PROVIDER_LOCK. Threads that may be waiting to acquire this lock = []
05-25 02:39:38.908  1529  8270 D CloseableReentrantLock: Successfully released lock com.android.providers.media.photopicker.sync.CloseableReentrantLock@cffd47[Unlocked]. Lock Name = CLOUD_PROVIDER_LOCK. Threads that may be waiting to acquire this lock = []
05-25 02:39:38.908  1529  8270 D ExternalDbFacade: Token received for queryMedia = null
05-25 02:39:38.909  1529  8270 D PickerSyncLockManager: Trying to acquire lock com.android.providers.media.photopicker.sync.CloseableReentrantLock@cffd47[Unlocked]. Lock Name = CLOUD_PROVIDER_LOCK. Threads that may be waiting to acquire this lock = [] with timeout.
05-25 02:39:38.909  1529  8270 D CloseableReentrantLock: Successfully acquired lock com.android.providers.media.photopicker.sync.CloseableReentrantLock@cffd47[Locked by thread pool-4-thread-68]. Lock Name = CLOUD_PROVIDER_LOCK. Threads that may be waiting to acquire this lock = []
05-25 02:39:38.909  1529  8270 D PickerSyncController: Saving next page token: 1779673177000|233 for key: local_provider:media_add:resume
05-25 02:39:38.909  1529  8270 D CloseableReentrantLock: Successfully released lock com.android.providers.media.photopicker.sync.CloseableReentrantLock@cffd47[Unlocked]. Lock Name = CLOUD_PROVIDER_LOCK. Threads that may be waiting to acquire this lock = []
05-25 02:39:38.911  1529  8270 D PickerNotificationSender: Sending a notification for media update
05-25 02:39:38.912  1529  8270 D PickerNotificationSender: Sending a notification for merged album media update Videos
05-25 02:39:38.912  1529  8270 D PickerNotificationSender: Sending a notification for album media update Videos
05-25 02:39:38.913  1529  8270 D PickerNotificationSender: Sending a notification for merged album media update Favorites
05-25 02:39:38.913  1529  8270 D PickerNotificationSender: Sending a notification for album media update Favorites
05-25 02:39:38.913  1529  8270 D ExternalDbFacade: Token received for queryMedia = 1779673177000|233
05-25 02:39:38.914  1529  8270 D PickerSyncLockManager: Trying to acquire lock com.android.providers.media.photopicker.sync.CloseableReentrantLock@cffd47[Unlocked]. Lock Name = CLOUD_PROVIDER_LOCK. Threads that may be waiting to acquire this lock = [] with timeout.
05-25 02:39:38.914  1529  8270 D CloseableReentrantLock: Successfully acquired lock com.android.providers.media.photopicker.sync.CloseableReentrantLock@cffd47[Locked by thread pool-4-thread-68]. Lock Name = CLOUD_PROVIDER_LOCK. Threads that may be waiting to acquire this lock = []
05-25 02:39:38.914  1529  8270 D PickerSyncController: Clearing next page token for key: local_provider:media_add:resume
05-25 02:39:38.914  1529  8270 D CloseableReentrantLock: Successfully released lock com.android.providers.media.photopicker.sync.CloseableReentrantLock@cffd47[Unlocked]. Lock Name = CLOUD_PROVIDER_LOCK. Threads that may be waiting to acquire this lock = []
05-25 02:39:38.914  1529  8270 D PickerNotificationSender: Sending a notification for media update
05-25 02:39:38.915  1529  8270 D PickerNotificationSender: Sending a notification for merged album media update Videos
05-25 02:39:38.915  1529  8270 D PickerNotificationSender: Sending a notification for album media update Videos
05-25 02:39:38.915  1529  8270 D PickerNotificationSender: Sending a notification for merged album media update Favorites
05-25 02:39:38.915  1529  8270 D PickerNotificationSender: Sending a notification for album media update Favorites
05-25 02:39:38.916  1529  8270 I PickerSyncController: Paged sync successful. QueryArgs: Bundle[{android.provider.extra.PAGE_TOKEN=1779673177000|233, android.provider.extra.SYNC_GENERATION=2592, android.provider.extra.PAGE_SIZE=1000}] Total Rows: 1
05-25 02:39:38.916  1529  8270 I PickerSyncController: Executing SyncRemove. isLocal: true. authority: com.android.providers.media.photopicker
05-25 02:39:38.916  1529  8270 D PickerSyncLockManager: Trying to acquire lock com.android.providers.media.photopicker.sync.CloseableReentrantLock@cffd47[Unlocked]. Lock Name = CLOUD_PROVIDER_LOCK. Threads that may be waiting to acquire this lock = [] with timeout.
05-25 02:39:38.916  1529  8270 D CloseableReentrantLock: Successfully acquired lock com.android.providers.media.photopicker.sync.CloseableReentrantLock@cffd47[Locked by thread pool-4-thread-68]. Lock Name = CLOUD_PROVIDER_LOCK. Threads that may be waiting to acquire this lock = []
05-25 02:39:38.916  1529  8270 D CloseableReentrantLock: Successfully released lock com.android.providers.media.photopicker.sync.CloseableReentrantLock@cffd47[Unlocked]. Lock Name = CLOUD_PROVIDER_LOCK. Threads that may be waiting to acquire this lock = []
05-25 02:39:38.916  1529  8270 D PickerSyncLockManager: Trying to acquire lock com.android.providers.media.photopicker.sync.CloseableReentrantLock@cffd47[Unlocked]. Lock Name = CLOUD_PROVIDER_LOCK. Threads that may be waiting to acquire this lock = [] with timeout.
05-25 02:39:38.916  1529  8270 D CloseableReentrantLock: Successfully acquired lock com.android.providers.media.photopicker.sync.CloseableReentrantLock@cffd47[Locked by thread pool-4-thread-68]. Lock Name = CLOUD_PROVIDER_LOCK. Threads that may be waiting to acquire this lock = []
05-25 02:39:38.916  1529  8270 D PickerSyncController: Clearing next page token for key: local_provider:media_remove:resume
05-25 02:39:38.916  1529  8270 D CloseableReentrantLock: Successfully released lock com.android.providers.media.photopicker.sync.CloseableReentrantLock@cffd47[Unlocked]. Lock Name = CLOUD_PROVIDER_LOCK. Threads that may be waiting to acquire this lock = []
05-25 02:39:38.916  1529  8270 D PickerNotificationSender: Sending a notification for media update
05-25 02:39:38.917  1529  8270 D PickerNotificationSender: Sending a notification for merged album media update Videos
05-25 02:39:38.917  1529  8270 D PickerNotificationSender: Sending a notification for album media update Videos
05-25 02:39:38.917  1529  8270 D PickerNotificationSender: Sending a notification for merged album media update Favorites
05-25 02:39:38.917  1529  8270 D PickerNotificationSender: Sending a notification for album media update Favorites
05-25 02:39:38.918  1529  8270 I PickerSyncController: Paged sync successful. QueryArgs: Bundle[{android.provider.extra.PAGE_TOKEN=1779673177000|233, android.provider.extra.SYNC_GENERATION=2592, android.provider.extra.PAGE_SIZE=1000}] Total Rows: 0
05-25 02:39:38.918  1529  8270 I PickerSyncTracker: Marked sync future complete for work id: b2857e48-f830-4583-9f0d-18dadb3512b7. Future map: {}
05-25 02:39:38.918  1529  8270 I PSyncWorker: Completed picker proactive sync complete from local provider.
05-25 02:39:38.919  1529  1868 I WM-WorkerWrapper: Worker result SUCCESS for Work [ id=b2857e48-f830-4583-9f0d-18dadb3512b7, tags={ com.android.providers.media.photopicker.sync.ProactiveSyncWorker } ]
05-25 02:39:38.919  1529  1529 D WM-Processor: Processor b2857e48-f830-4583-9f0d-18dadb3512b7 executed; reschedule = false
05-25 02:39:38.919  1529  1529 D WM-GreedyScheduler: Stopping tracking for WorkGenerationalId(workSpecId=b2857e48-f830-4583-9f0d-18dadb3512b7, generation=0)
05-25 02:39:38.921  1529  1868 D WM-GreedyScheduler: Cancelling work ID b2857e48-f830-4583-9f0d-18dadb3512b7
05-25 02:39:38.921  1529  1868 D WM-GreedyScheduler: Ignoring {WorkSpec: fce74054-5d75-49ac-b1fb-61b1c63b64d1}. Requires device idle.
05-25 02:39:38.921  1529  1868 D WM-GreedyScheduler: Ignoring {WorkSpec: 748d3965-3023-45a6-9a32-baafa7d90ebf}. Requires device idle.
05-25 02:39:38.921  1529  1868 D WM-GreedyScheduler: Ignoring {WorkSpec: bbc248da-5aec-4565-83d8-ed90ba3a683c}. Requires device idle.
05-25 02:39:38.921  1529  1868 D WM-GreedyScheduler: Ignoring {WorkSpec: a7b8fc44-3a39-43d5-96b8-cef5bb529d35}. Requires device idle.
05-25 02:39:38.921  1529  1868 D WM-BrdcstRcvrCnstrntTrc: BatteryNotLowTracker: unregistering receiver
05-25 02:39:39.480   755   906 I HalDevMgr: bestIfaceCreationProposal is null, requestIface=STA, existingIface=[name=wlan0 type=STA]
05-25 02:39:39.608  8273  8273 D AndroidRuntime: >>>>>> START com.android.internal.os.RuntimeInit uid 2000 <<<<<<
05-25 02:39:39.611  8273  8273 I AndroidRuntime: Using default boot image
05-25 02:39:39.611  8273  8273 I AndroidRuntime: Leaving lock profiling enabled
05-25 02:39:39.614  8273  8273 I app_process: Using CollectorTypeCMC GC.
05-25 02:39:39.672  8273  8273 D nativeloader: InitDefaultPublicLibraries for_preload=1: libandroid.so:libaaudio.so:libamidi.so:libbinder_ndk.so:libc.so:libcamera2ndk.so:libdl.so:libEGL.so:libGLESv1_CM.so:libGLESv2.so:libGLESv3.so:libicu.so:libicui18n.so:libicuuc.so:libjnigraphics.so:liblog.so:libmediandk.so:libm.so:libnativehelper.so:libnativewindow.so:libOpenMAXAL.so:libOpenSLES.so:libRS.so:libstdc++.so:libsync.so:libvulkan.so:libwebviewchromium_plat_support.so:libz.so
05-25 02:39:39.678  8273  8273 D nativeloader: Load libicu_jni.so using APEX ns com_android_art for caller /apex/com.android.art/javalib/core-oj.jar: ok
05-25 02:39:39.678  8273  8273 D app_process: u_setTimeZoneFilesDirectory("/apex/com.android.tzdata/etc/tz/versioned/9/icu") succeeded. 
05-25 02:39:39.678  8273  8273 D app_process: I18n APEX ICU file found: /apex/com.android.i18n/etc/icu/icudt76l.dat
05-25 02:39:39.678  8273  8273 D nativeloader: Load libjavacore.so using APEX ns com_android_art for caller /apex/com.android.art/javalib/core-oj.jar: ok
05-25 02:39:39.679  8273  8273 D nativeloader: Load libopenjdk.so using APEX ns com_android_art for caller /apex/com.android.art/javalib/core-oj.jar: ok
05-25 02:39:39.680  8273  8273 I app_process: Priority-to-niceness mapping: 19, 16, 13, 10, 0, -2, -4, -5, -6, -8
05-25 02:39:39.680  8273  8273 W app_process: Unexpected CPU variant for x86: x86_64.
05-25 02:39:39.680  8273  8273 W app_process: Known variants: atom, sandybridge, silvermont, goldmont, goldmont-plus, goldmont-without-sha-xsaves, tremont, kabylake, alderlake, default
05-25 02:39:39.682  8273  8273 W app_process: ClassLoaderContext shared library size mismatch. Expected=2, found=0 (PCL[]{PCL[/system/framework/android.test.base.jar*1653369819]#PCL[/system/framework/android.test.mock.jar*1009639922]} | PCL[])
05-25 02:39:39.682  8273  8273 W app_process: ClassLoaderContext classpath size mismatch. expected=0, found=1 (PCL[]{PCL[/system/framework/android.test.runner.jar*3954641918]{PCL[/system/framework/android.test.base.jar*1653369819]#PCL[/system/framework/android.test.mock.jar*1009639922]}#PCL[/system/framework/android.test.base.jar*1653369819]} | PCL[/system/framework/android.test.runner.jar*3954641918])
05-25 02:39:39.698  8273  8273 D nativeloader: Load libframework-connectivity-tiramisu-jni.so using APEX ns com_android_tethering for caller /apex/com.android.tethering/javalib/framework-connectivity-t.jar: ok
05-25 02:39:39.699  8273  8273 D AndroidRuntime: Calling main entry com.android.commands.uiautomator.Launcher
05-25 02:39:39.702  8273  8273 I AconfigPackage: android.media.swcodec.flags is mapped to com.android.media.swcodec
05-25 02:39:39.702  8273  8273 I AconfigPackage: com.android.permission.flags is mapped to com.android.permission
05-25 02:39:39.702  8273  8273 I AconfigPackage: com.android.permissioncontroller.flags is mapped to com.android.permission
05-25 02:39:39.702  8273  8273 I AconfigPackage: com.android.icu is mapped to com.android.i18n
05-25 02:39:39.702  8273  8273 I AconfigPackage: com.android.appsearch.flags is mapped to com.android.appsearch
05-25 02:39:39.702  8273  8273 I AconfigPackage: android.uprobestats.mainline.flags is mapped to com.android.uprobestats
05-25 02:39:39.702  8273  8273 I AconfigPackage: com.android.crashrecovery.flags is mapped to com.android.crashrecovery
05-25 02:39:39.703  8273  8273 I AconfigPackage: android.provider.flags is mapped to com.android.configinfrastructure
05-25 02:39:39.703  8273  8273 I AconfigPackage: com.android.server.deviceconfig is mapped to com.android.configinfrastructure
05-25 02:39:39.703  8273  8273 I AconfigPackage: com.android.compos.flags is mapped to com.android.compos
05-25 02:39:39.703  8273  8273 I AconfigPackage: com.android.art.flags is mapped to com.android.art
05-25 02:39:39.703  8273  8273 I AconfigPackage: com.android.art.rw.flags is mapped to com.android.art
05-25 02:39:39.703  8273  8273 I AconfigPackage: com.android.libcore is mapped to com.android.art
05-25 02:39:39.703  8273  8273 I AconfigPackage: com.android.telephony.flags is mapped to com.android.telephonycore
05-25 02:39:39.703  8273  8273 I AconfigPackage: com.android.media.extractor.flags is mapped to com.android.media
05-25 02:39:39.703  8273  8273 I AconfigPackage: com.android.media.mainline.flags is mapped to com.android.media
05-25 02:39:39.703  8273  8273 I AconfigPackage: com.android.wifi.flags is mapped to com.android.wifi
05-25 02:39:39.703  8273  8273 I AconfigPackage: com.android.org.conscrypt.flags is mapped to com.android.conscrypt
05-25 02:39:39.703  8273  8273 I AconfigPackage: com.android.org.conscrypt.net.flags is mapped to com.android.conscrypt
05-25 02:39:39.703  8273  8273 I AconfigPackage: com.android.healthfitness.flags is mapped to com.android.healthfitness
05-25 02:39:39.703  8273  8273 I AconfigPackage: com.android.ipsec.flags is mapped to com.android.ipsec
05-25 02:39:39.703  8273  8273 I AconfigPackage: com.android.nfc.module.flags is mapped to com.android.nfcservices
05-25 02:39:39.704  8273  8273 I AconfigPackage: com.android.adservices.ondevicepersonalization.flags is mapped to com.android.ondevicepersonalization
05-25 02:39:39.704  8273  8273 I AconfigPackage: com.android.adbd.flags is mapped to com.android.adbd
05-25 02:39:39.704  8273  8273 I AconfigPackage: com.android.bluetooth.flags is mapped to com.android.bt
05-25 02:39:39.704  8273  8273 I AconfigPackage: com.android.devicelock.flags is mapped to com.android.devicelock
05-25 02:39:39.704  8273  8273 I AconfigPackage: android.os.profiling is mapped to com.android.profiling
05-25 02:39:39.704  8273  8273 I AconfigPackage: android.os.profiling.anomaly.flags is mapped to com.android.profiling
05-25 02:39:39.704  8273  8273 I AconfigPackage: com.android.os.statsd.flags is mapped to com.android.os.statsd
05-25 02:39:39.704  8273  8273 I AconfigPackage: com.android.rkpd.flags is mapped to com.android.rkpd
05-25 02:39:39.704  8273  8273 I AconfigPackage: com.android.cellbroadcastreceiver.flags is mapped to com.android.cellbroadcast
05-25 02:39:39.704  8273  8273 I AconfigPackage: com.android.adservices.flags is mapped to com.android.adservices
05-25 02:39:39.704  8273  8273 I AconfigPackage: com.android.sdksandbox.flags is mapped to com.android.adservices
05-25 02:39:39.705  8273  8273 I AconfigPackage: com.android.uwb.flags is mapped to com.android.uwb
05-25 02:39:39.705  8273  8273 I AconfigPackage: com.android.ranging.flags is mapped to com.android.uwb
05-25 02:39:39.705  8273  8273 I AconfigPackage: android.graphics.pdf.flags is mapped to com.android.mediaprovider
05-25 02:39:39.705  8273  8273 I AconfigPackage: com.android.providers.media.flags is mapped to com.android.mediaprovider
05-25 02:39:39.705  8273  8273 I AconfigPackage: android.graphics.pdf.flags.readonly is mapped to com.android.mediaprovider
05-25 02:39:39.705  8273  8273 I AconfigPackage: com.android.tethering.mainline.beta is mapped to com.android.tethering
05-25 02:39:39.705  8273  8273 I AconfigPackage: android.net.http is mapped to com.android.tethering
05-25 02:39:39.705  8273  8273 I AconfigPackage: com.android.tethering.readonly.flags is mapped to com.android.tethering
05-25 02:39:39.705  8273  8273 I AconfigPackage: android.net.vcn is mapped to com.android.tethering
05-25 02:39:39.705  8273  8273 I AconfigPackage: com.android.net.flags is mapped to com.android.tethering
05-25 02:39:39.705  8273  8273 I AconfigPackage: com.android.tethering.beta.test is mapped to com.android.tethering
05-25 02:39:39.705  8273  8273 I AconfigPackage: com.android.nearby.flags is mapped to com.android.tethering
05-25 02:39:39.705  8273  8273 I AconfigPackage: com.android.net.ct.flags is mapped to com.android.tethering
05-25 02:39:39.705  8273  8273 I AconfigPackage: com.android.net.thread.flags is mapped to com.android.tethering
05-25 02:39:39.705  8273  8273 I AconfigPackage: com.android.system.virtualmachine.flags is mapped to com.android.virt
05-25 02:39:39.705  8273  8273 E FeatureFlagsImplExport: android.os.flagging.AconfigStorageReadException: ERROR_PACKAGE_NOT_FOUND: package android.xr cannot be found on the device
05-25 02:39:39.706  8273  8273 D UiAutomationConnection: Created on user UserHandle{0}
05-25 02:39:39.706  8273  8273 I UiAutomation: Initialized for user 0 on display 0
05-25 02:39:39.706  8273  8273 W UiAutomation: Created with deprecatead constructor, assumes DEFAULT_DISPLAY
05-25 02:39:39.707   755  3185 D AccessibilityManagerService: changeCurrentUserForTestAutomationIfNeededLocked(0): ignoring because device doesn't support visible background users
05-25 02:39:39.707   755  3185 I UiAutomationManager: Registering UiTestAutomationService (id=com.android.server.accessibility/UiAutomation, flags=0x0) when called by user 0
05-25 02:39:39.707   755  3185 V AccessibilityManagerService: onUserStateChangedLocked for userId: 0, forceUpdate: false
05-25 02:39:39.707   755  3185 V AccessibilityUserState: updateShortcutTargets: type:accessibility_shortcut_target_service, current:{}, new:{}
05-25 02:39:39.707   755  3185 V AccessibilityUserState: updateShortcutTargets: type:accessibility_button_targets, current:{}, new:{}
05-25 02:39:39.707   755  3185 V AccessibilityUserState: updateShortcutTargets: type:accessibility_gesture_targets, current:{}, new:{}
05-25 02:39:39.707   755  3185 V AccessibilityUserState: updateShortcutTargets: type:accessibility_qs_targets, current:{}, new:{}
05-25 02:39:39.707   755  3185 V AccessibilityUserState: updateShortcutTargets: type:accessibility_key_gesture_targets, current:{}, new:{}
05-25 02:39:39.707   755  3185 W MagnificationConnectionManager: requestConnection duplicated request: connect=false, mConnectionState=DISCONNECTED
05-25 02:39:39.707  1546  2094 I AiAiEcho: Settings changed for uri: content://settings/secure/accessibility_enabled
05-25 02:39:39.708  1546  1927 I AiAiEcho: Predicting[0]:  [CONTEXT sampling_count=5 ]
05-25 02:39:39.708  1546  1927 I AiAiEcho: EchoTargets: 
05-25 02:39:39.708  1546  1927 I AiAiEcho: Filtered by AiAi flag check: 
05-25 02:39:39.708  1546  1927 I AiAiEcho: [CONTEXT ratelimit_period="10 SECONDS" ]
05-25 02:39:39.708  1546  1927 I AiAiEcho: #remoteViewsTwiddler: feature disabled.
05-25 02:39:39.708  1546  1927 I AiAiEcho: Predicting[0]:  [CONTEXT sampling_count=5 ]
05-25 02:39:39.708  1546  1927 I AiAiEcho: EchoTargets: 
05-25 02:39:39.708  1546  1927 I AiAiEcho: Filtered by AiAi flag check: 
05-25 02:39:39.708  1546  1927 I AiAiEcho: [CONTEXT ratelimit_period="10 SECONDS" ]
05-25 02:39:39.708   755   755 W libbinder.IPCThreadState: Sending oneway calls to frozen process.
05-25 02:39:39.708   755   755 W libbinder.IPCThreadState: Sending oneway calls to frozen process.
05-25 02:39:39.708   755   755 W libbinder.IPCThreadState: Sending oneway calls to frozen process.
05-25 02:39:39.708   755   755 W libbinder.IPCThreadState: Sending oneway calls to frozen process.
05-25 02:39:39.708   755   755 W libbinder.IPCThreadState: Sending oneway calls to frozen process.
05-25 02:39:39.708   755   755 W libbinder.IPCThreadState: Sending oneway calls to frozen process.
05-25 02:39:39.709   755   755 W libbinder.IPCThreadState: Sending oneway calls to frozen process.
05-25 02:39:39.709   755   755 W libbinder.IPCThreadState: Sending oneway calls to frozen process.
05-25 02:39:39.709  1546  1927 I AiAiEcho: #remoteViewsTwiddler: feature disabled.
05-25 02:39:39.709   755   755 W libbinder.IPCThreadState: Sending oneway calls to frozen process.
05-25 02:39:39.709   755   755 W libbinder.IPCThreadState: Sending oneway calls to frozen process.
05-25 02:39:39.709   755   755 W libbinder.IPCThreadState: Sending oneway calls to frozen process.
05-25 02:39:39.709   755   755 W libbinder.IPCThreadState: Sending oneway calls to frozen process.
05-25 02:39:39.709   755   755 W libbinder.IPCThreadState: Sending oneway calls to frozen process.
05-25 02:39:39.709   755   755 W libbinder.IPCThreadState: Sending oneway calls to frozen process.
05-25 02:39:39.709  1546  1927 I AiAiEcho: #postPredictionTargets: Sending updates to UISurface lockscreen with targets# 0 (types=[])
05-25 02:39:39.709   755   755 W libbinder.IPCThreadState: Sending oneway calls to frozen process.
05-25 02:39:39.709   755   755 W libbinder.IPCThreadState: Sending oneway calls to frozen process.
05-25 02:39:39.709   755   755 W libbinder.IPCThreadState: Sending oneway calls to frozen process.
05-25 02:39:39.709   755   755 W libbinder.IPCThreadState: Sending oneway calls to frozen process.
05-25 02:39:39.709   755   755 W libbinder.IPCThreadState: Sending oneway calls to frozen process.
05-25 02:39:39.709   755   755 W libbinder.IPCThreadState: Sending oneway calls to frozen process.
05-25 02:39:39.709   755   755 W libbinder.IPCThreadState: Sending oneway calls to frozen process.
05-25 02:39:39.709   755   755 W libbinder.IPCThreadState: Sending oneway calls to frozen process.
05-25 02:39:39.709   755   755 W libbinder.IPCThreadState: Sending oneway calls to frozen process.
05-25 02:39:39.709   755   755 W libbinder.IPCThreadState: Sending oneway calls to frozen process.
05-25 02:39:39.709   755   755 D BatterySaverPolicy: accessibility changed to true, updating policy.
05-25 02:39:39.710   755  3185 V AccessibilityManagerService: onUserStateChangedLocked for userId: 0, forceUpdate: false
05-25 02:39:39.710  1546  1927 I AiAiEcho: #postPredictionTargets: Sending updates to UISurface home with targets# 0 (types=[])
05-25 02:39:39.711   755  3185 V AccessibilityUserState: updateShortcutTargets: type:accessibility_shortcut_target_service, current:{}, new:{}
05-25 02:39:39.711   755  3185 V AccessibilityUserState: updateShortcutTargets: type:accessibility_button_targets, current:{}, new:{}
05-25 02:39:39.711   755  3185 V AccessibilityUserState: updateShortcutTargets: type:accessibility_gesture_targets, current:{}, new:{}
05-25 02:39:39.711   755  3185 V AccessibilityUserState: updateShortcutTargets: type:accessibility_qs_targets, current:{}, new:{}
05-25 02:39:39.711   755  3185 V AccessibilityUserState: updateShortcutTargets: type:accessibility_key_gesture_targets, current:{}, new:{}
05-25 02:39:39.711   755  3185 W MagnificationConnectionManager: requestConnection duplicated request: connect=false, mConnectionState=DISCONNECTED
05-25 02:39:39.712   755   755 W libbinder.IPCThreadState: Sending oneway calls to frozen process.
05-25 02:39:39.712  1546  3179 I AiAiEcho: Settings changed for uri: content://settings/secure/accessibility_enabled
05-25 02:39:39.712   755   755 W libbinder.IPCThreadState: Sending oneway calls to frozen process.
05-25 02:39:39.713   755   755 W libbinder.IPCThreadState: Sending oneway calls to frozen process.
05-25 02:39:39.713   755   755 W libbinder.IPCThreadState: Sending oneway calls to frozen process.
05-25 02:39:39.713   755   755 W libbinder.IPCThreadState: Sending oneway calls to frozen process.
05-25 02:39:39.713  1546  1927 I AiAiEcho: Predicting[0]:  [CONTEXT sampling_count=5 ]
05-25 02:39:39.713   755   755 W libbinder.IPCThreadState: Sending oneway calls to frozen process.
05-25 02:39:39.713  1546  1927 I AiAiEcho: EchoTargets: 
05-25 02:39:39.713  1546  1927 I AiAiEcho: Filtered by AiAi flag check: 
05-25 02:39:39.713  1546  1927 I AiAiEcho: [CONTEXT ratelimit_period="10 SECONDS" ]
05-25 02:39:39.713  1546  1927 I AiAiEcho: #remoteViewsTwiddler: feature disabled.
05-25 02:39:39.713   755   755 W libbinder.IPCThreadState: Sending oneway calls to frozen process.
05-25 02:39:39.713   755   755 W libbinder.IPCThreadState: Sending oneway calls to frozen process.
05-25 02:39:39.713  1546  1927 I AiAiEcho: Predicting[0]:  [CONTEXT sampling_count=5 ]
05-25 02:39:39.713   755   755 W libbinder.IPCThreadState: Sending oneway calls to frozen process.
05-25 02:39:39.713  1546  1927 I AiAiEcho: EchoTargets: 
05-25 02:39:39.713  1546  1927 I AiAiEcho: Filtered by AiAi flag check: 
05-25 02:39:39.713  1546  1927 I AiAiEcho: [CONTEXT ratelimit_period="10 SECONDS" ]
05-25 02:39:39.713   755   755 W libbinder.IPCThreadState: Sending oneway calls to frozen process.
05-25 02:39:39.713   755   755 W libbinder.IPCThreadState: Sending oneway calls to frozen process.
05-25 02:39:39.713  1546  1927 I AiAiEcho: #remoteViewsTwiddler: feature disabled.
05-25 02:39:39.713   755   755 W libbinder.IPCThreadState: Sending oneway calls to frozen process.
05-25 02:39:39.713   755   755 W libbinder.IPCThreadState: Sending oneway calls to frozen process.
05-25 02:39:39.714  1546  1927 I AiAiEcho: #postPredictionTargets: Sending updates to UISurface lockscreen with targets# 0 (types=[])
05-25 02:39:39.714   755   755 W libbinder.IPCThreadState: Sending oneway calls to frozen process.
05-25 02:39:39.714   755   755 W libbinder.IPCThreadState: Sending oneway calls to frozen process.
05-25 02:39:39.714  1546  1927 I AiAiEcho: #postPredictionTargets: Sending updates to UISurface home with targets# 0 (types=[])
05-25 02:39:39.714   755   755 W libbinder.IPCThreadState: Sending oneway calls to frozen process.
05-25 02:39:39.716  1012  1012 W SsPagerDots: Total number of pages invalid: 0. Assuming 1 page.
05-25 02:39:39.717   755  3185 D AccessibilityManagerService: .getAccessibilityShortcutTargets {shortcutType=32, userId=0}
05-25 02:39:39.718  1012  1012 W SsPagerDots: Total number of pages invalid: 0. Assuming 1 page.
05-25 02:39:39.735   755   785 W libbinder.IPCThreadState: Sending oneway calls to frozen process.
05-25 02:39:40.754  8273  8273 W AccessibilityNodeInfoDumper: Fetch time: 2ms
05-25 02:39:40.755   755  3185 V AccessibilityManagerService: onUserStateChangedLocked for userId: 0, forceUpdate: false
05-25 02:39:40.756   755  3185 V AccessibilityUserState: updateShortcutTargets: type:accessibility_shortcut_target_service, current:{}, new:{}
05-25 02:39:40.756   755  3185 V AccessibilityUserState: updateShortcutTargets: type:accessibility_button_targets, current:{}, new:{}
05-25 02:39:40.756   755  3185 V AccessibilityUserState: updateShortcutTargets: type:accessibility_gesture_targets, current:{}, new:{}
05-25 02:39:40.757   755  3185 V AccessibilityUserState: updateShortcutTargets: type:accessibility_qs_targets, current:{}, new:{}
05-25 02:39:40.757   755  3185 V AccessibilityUserState: updateShortcutTargets: type:accessibility_key_gesture_targets, current:{}, new:{}
05-25 02:39:40.757   755  3185 W MagnificationConnectionManager: requestConnection duplicated request: connect=false, mConnectionState=DISCONNECTED
05-25 02:39:40.757   755  3185 D AccessibilityManagerService: restoreCurrentUserForTestAutomationIfNeededLocked(): ignoring because device doesn't support visible background users
05-25 02:39:40.757   755   755 W libbinder.IPCThreadState: Sending oneway calls to frozen process.
05-25 02:39:40.757   755   755 W libbinder.IPCThreadState: Sending oneway calls to frozen process.
05-25 02:39:40.757   755   755 W libbinder.IPCThreadState: Sending oneway calls to frozen process.
05-25 02:39:40.757   755   755 W libbinder.IPCThreadState: Sending oneway calls to frozen process.
05-25 02:39:40.757   755   755 W libbinder.IPCThreadState: Sending oneway calls to frozen process.
05-25 02:39:40.757   755   755 W libbinder.IPCThreadState: Sending oneway calls to frozen process.
05-25 02:39:40.758   755   755 W libbinder.IPCThreadState: Sending oneway calls to frozen process.
05-25 02:39:40.758   755   755 W libbinder.IPCThreadState: Sending oneway calls to frozen process.
05-25 02:39:40.758   755   755 W libbinder.IPCThreadState: Sending oneway calls to frozen process.
05-25 02:39:40.758   755   755 W libbinder.IPCThreadState: Sending oneway calls to frozen process.
05-25 02:39:40.758   755   755 W libbinder.IPCThreadState: Sending oneway calls to frozen process.
05-25 02:39:40.758   755   755 W libbinder.IPCThreadState: Sending oneway calls to frozen process.
05-25 02:39:40.758  1546  3179 I AiAiEcho: Settings changed for uri: content://settings/secure/accessibility_enabled
05-25 02:39:40.758   755   755 W libbinder.IPCThreadState: Sending oneway calls to frozen process.
05-25 02:39:40.758   755   755 W libbinder.IPCThreadState: Sending oneway calls to frozen process.
05-25 02:39:40.758   755   755 W libbinder.IPCThreadState: Sending oneway calls to frozen process.
05-25 02:39:40.758   755   755 W libbinder.IPCThreadState: Sending oneway calls to frozen process.
05-25 02:39:40.759  8273  8281 W libbinder.IPCThreadState: call to talkWithDriver in joinThreadPool returned error: -9 (Bad file descriptor), FD: -1
05-25 02:39:40.760  1546  1927 I AiAiEcho: Predicting[0]:  [CONTEXT sampling_count=5 ]
05-25 02:39:40.760  1546  1927 I AiAiEcho: EchoTargets: 
05-25 02:39:40.760  1546  1927 I AiAiEcho: Filtered by AiAi flag check: 
05-25 02:39:40.760  1546  1927 I AiAiEcho: [CONTEXT ratelimit_period="10 SECONDS" ]
05-25 02:39:40.760  8273  8273 D AndroidRuntime: Shutting down VM
05-25 02:39:40.761  1546  1927 I AiAiEcho: #remoteViewsTwiddler: feature disabled.
05-25 02:39:40.761  1546  1927 I AiAiEcho: Predicting[0]:  [CONTEXT sampling_count=5 ]
05-25 02:39:40.761  1546  1927 I AiAiEcho: EchoTargets: 
05-25 02:39:40.761  1546  1927 I AiAiEcho: Filtered by AiAi flag check: 
05-25 02:39:40.761  1546  1927 I AiAiEcho: [CONTEXT ratelimit_period="10 SECONDS" ]
05-25 02:39:40.761  1546  1927 I AiAiEcho: #remoteViewsTwiddler: feature disabled.
05-25 02:39:40.761  1546  1927 I AiAiEcho: #postPredictionTargets: Sending updates to UISurface lockscreen with targets# 0 (types=[])
05-25 02:39:40.761  1546  1927 I AiAiEcho: #postPredictionTargets: Sending updates to UISurface home with targets# 0 (types=[])
05-25 02:39:40.762  8273  8282 W libbinder.IPCThreadState: call to talkWithDriver in joinThreadPool returned error: -9 (Bad file descriptor), FD: -1
05-25 02:39:40.764   755   755 W libbinder.IPCThreadState: Sending oneway calls to frozen process.
05-25 02:39:40.764   755   755 W libbinder.IPCThreadState: Sending oneway calls to frozen process.
05-25 02:39:40.764   755   755 W libbinder.IPCThreadState: Sending oneway calls to frozen process.
05-25 02:39:40.764   755   755 W libbinder.IPCThreadState: Sending oneway calls to frozen process.
05-25 02:39:40.764   755   755 W libbinder.IPCThreadState: Sending oneway calls to frozen process.
05-25 02:39:40.764   755   755 W libbinder.IPCThreadState: Sending oneway calls to frozen process.
05-25 02:39:40.764   755   755 W libbinder.IPCThreadState: Sending oneway calls to frozen process.
05-25 02:39:40.764   755   755 W libbinder.IPCThreadState: Sending oneway calls to frozen process.
05-25 02:39:40.764   755   755 D BatterySaverPolicy: accessibility changed to false, updating policy.
05-25 02:39:40.769  1012  1012 W SsPagerDots: Total number of pages invalid: 0. Assuming 1 page.
05-25 02:39:41.660   755  1052 W AS.PlaybackActivityMon: No piid assigned for invalid/internal port id 15
