05-25 04:31:14.171 I/HalDevMgr(  755): bestIfaceCreationProposal is null, requestIface=STA, existingIface=[name=wlan0 type=STA]
05-25 04:31:14.967 D/ActivityManager(  755): freezing 6183 com.android.keychain
05-25 04:31:14.971 D/ActivityManager(  755): freezing 1227 com.android.settings
05-25 04:31:14.972 D/ActivityManager(  755): freezing 2915 com.android.dynsystem:dynsystem
05-25 04:31:14.973 D/ActivityManager(  755): freezing 2874 com.android.dynsystem
05-25 04:31:15.588 W/nanlarkin.danio(17604): userfaultfd: MOVE ioctl seems unsupported: Connection timed out
05-25 04:31:17.177 I/HalDevMgr(  755): bestIfaceCreationProposal is null, requestIface=STA, existingIface=[name=wlan0 type=STA]
05-25 04:31:18.353 W/libbinder.BackendUnifiedServiceManager(17694): Thread Pool max thread count is 0. Cannot cache binder as linkToDeath cannot be implemented. serviceName: SurfaceFlingerAIDL
05-25 04:31:18.353 W/libbinder.BpBinder(17694): Linking to death on android.gui.ISurfaceComposer but there are no threads (yet?) listening to incoming transactions. See ProcessState::startThreadPool and ProcessState::setThreadPoolMaxThreadCount. Generally you should setup the binder threadpool before other initialization steps.
05-25 04:31:18.353 W/libbinder.ProcessState(17694): Extra binder thread started, but 0 threads requested. Do not use *startThreadPool when zero threads are requested.
05-25 04:31:18.454 W/MediaProvider( 1529): isAppCloneUserPair for user 0: false
05-25 04:31:18.525 D/ActivityManager(  755): sync unfroze 1484 com.google.android.gms for 6
05-25 04:31:18.527 D/ActivityManager(  755): sync unfroze 9602 com.google.android.adservices.api for 6
05-25 04:31:18.535 W/ProcessStats(  755): Tracking association SourceState{120d728 com.google.android.gms/10147 ImpBg #7436} whose proc state 6 is better than process ProcessState{8a31b6 com.google.android.adservices.api/10202 pkg=com.google.android.adservices.api} proc state 14 (0 skipped)
05-25 04:31:18.536 I/NetworkScheduler.Stats( 1334): (REDACTED) Task %s/%s started execution. cause:%s exec_start_elapsed_seconds: %s
05-25 04:31:18.542 I/NetworkScheduler.Stats( 1334): (REDACTED) Task %s/%s finished executing. cause:%s result: %s elapsed_millis: %s uptime_millis: %s exec_start_elapsed_seconds: %s
05-25 04:31:18.608 I/ActivityManager(  755): Broadcasting: Intent { act=android.intent.action.MEDIA_SCANNER_SCAN_FILE dat=file:///... flg=0x400000 }
05-25 04:31:18.609 I/ActivityManager(  755): Enqueued broadcast Intent { act=android.intent.action.MEDIA_SCANNER_SCAN_FILE dat=file:///... flg=0x400000 }: 0
05-25 04:31:18.610 I/MediaServiceV2( 1529): Creating work for intent Intent { act=android.intent.action.MEDIA_SCANNER_SCAN_FILE dat=file:///... flg=0x1400010 cmp=com.google.android.providers.media.module/com.android.providers.media.MediaServiceV2 }
05-25 04:31:18.610 I/MediaServiceV2( 1529): Work enqueued for intent: Intent { act=android.intent.action.MEDIA_SCANNER_SCAN_FILE dat=file:///... flg=0x1400010 cmp=com.google.android.providers.media.module/com.android.providers.media.MediaServiceV2 }
05-25 04:31:18.611 I/ActivityManager(  755): Broadcast completed: result=0
05-25 04:31:18.620 W/JobInfo ( 1529): Requested important-while-foreground flag for job893 is ignored and takes no effect
05-25 04:31:18.620 D/WM-SystemJobScheduler( 1529): Scheduling work ID 3a34765a-e0a6-45a1-b02e-c59c638d81e4Job ID 893
05-25 04:31:18.632 D/WM-GreedyScheduler( 1529): Ignoring {WorkSpec: fce74054-5d75-49ac-b1fb-61b1c63b64d1}. Requires device idle.
05-25 04:31:18.632 D/WM-GreedyScheduler( 1529): Ignoring {WorkSpec: 748d3965-3023-45a6-9a32-baafa7d90ebf}. Requires device idle.
05-25 04:31:18.632 D/WM-GreedyScheduler( 1529): Ignoring {WorkSpec: bbc248da-5aec-4565-83d8-ed90ba3a683c}. Requires device idle.
05-25 04:31:18.632 D/WM-GreedyScheduler( 1529): Ignoring {WorkSpec: a7b8fc44-3a39-43d5-96b8-cef5bb529d35}. Requires device idle.
05-25 04:31:18.632 D/WM-GreedyScheduler( 1529): Starting work for 3a34765a-e0a6-45a1-b02e-c59c638d81e4
05-25 04:31:18.634 D/WM-SystemJobService( 1529): onStartJob for WorkGenerationalId(workSpecId=3a34765a-e0a6-45a1-b02e-c59c638d81e4, generation=0)
05-25 04:31:18.635 D/WM-Processor( 1529): Processor: processing WorkGenerationalId(workSpecId=3a34765a-e0a6-45a1-b02e-c59c638d81e4, generation=0)
05-25 04:31:18.635 D/WM-Processor( 1529): Work WorkGenerationalId(workSpecId=3a34765a-e0a6-45a1-b02e-c59c638d81e4, generation=0) is already enqueued for processing
05-25 04:31:18.636 D/WM-WorkerWrapper( 1529): Starting work for com.android.providers.media.MediaServiceV2
05-25 04:31:18.637 I/MediaServiceV2( 1529): Work initiated for action [ android.intent.action.MEDIA_SCANNER_SCAN_FILE ]
05-25 04:31:18.645 I/MediaServiceV2( 1529): Work ended for action [ android.intent.action.MEDIA_SCANNER_SCAN_FILE ]
05-25 04:31:18.649 I/WM-WorkerWrapper( 1529): Worker result SUCCESS for Work [ id=3a34765a-e0a6-45a1-b02e-c59c638d81e4, tags={ com.android.providers.media.MediaServiceV2 } ]
05-25 04:31:18.649 D/WM-Processor( 1529): Processor 3a34765a-e0a6-45a1-b02e-c59c638d81e4 executed; reschedule = false
05-25 04:31:18.649 D/WM-SystemJobService( 1529): 3a34765a-e0a6-45a1-b02e-c59c638d81e4 executed on JobScheduler
05-25 04:31:18.651 D/WM-SystemJobScheduler( 1529): Scheduling work ID 2b96fd6e-5bc7-4255-becd-92fed4e9240cJob ID 894
05-25 04:31:18.652 D/WM-GreedyScheduler( 1529): Ignoring {WorkSpec: fce74054-5d75-49ac-b1fb-61b1c63b64d1}. Requires device idle.
05-25 04:31:18.652 D/WM-GreedyScheduler( 1529): Ignoring {WorkSpec: 748d3965-3023-45a6-9a32-baafa7d90ebf}. Requires device idle.
05-25 04:31:18.652 D/WM-GreedyScheduler( 1529): Ignoring {WorkSpec: bbc248da-5aec-4565-83d8-ed90ba3a683c}. Requires device idle.
05-25 04:31:18.652 D/WM-GreedyScheduler( 1529): Ignoring {WorkSpec: a7b8fc44-3a39-43d5-96b8-cef5bb529d35}. Requires device idle.
05-25 04:31:18.653 D/WM-GreedyScheduler( 1529): Cancelling work ID 3a34765a-e0a6-45a1-b02e-c59c638d81e4
05-25 04:31:18.653 D/WM-GreedyScheduler( 1529): Ignoring {WorkSpec: fce74054-5d75-49ac-b1fb-61b1c63b64d1}. Requires device idle.
05-25 04:31:18.653 D/WM-GreedyScheduler( 1529): Ignoring {WorkSpec: 748d3965-3023-45a6-9a32-baafa7d90ebf}. Requires device idle.
05-25 04:31:18.653 D/WM-GreedyScheduler( 1529): Ignoring {WorkSpec: bbc248da-5aec-4565-83d8-ed90ba3a683c}. Requires device idle.
05-25 04:31:18.653 D/WM-GreedyScheduler( 1529): Ignoring {WorkSpec: a7b8fc44-3a39-43d5-96b8-cef5bb529d35}. Requires device idle.
05-25 04:31:18.838 D/AndroidRuntime(17705): >>>>>> START com.android.internal.os.RuntimeInit uid 2000 <<<<<<
05-25 04:31:18.841 I/AndroidRuntime(17705): Using default boot image
05-25 04:31:18.842 I/AndroidRuntime(17705): Leaving lock profiling enabled
05-25 04:31:18.843 I/app_process(17705): Using CollectorTypeCMC GC.
05-25 04:31:18.908 D/nativeloader(17705): InitDefaultPublicLibraries for_preload=1: libandroid.so:libaaudio.so:libamidi.so:libbinder_ndk.so:libc.so:libcamera2ndk.so:libdl.so:libEGL.so:libGLESv1_CM.so:libGLESv2.so:libGLESv3.so:libicu.so:libicui18n.so:libicuuc.so:libjnigraphics.so:liblog.so:libmediandk.so:libm.so:libnativehelper.so:libnativewindow.so:libOpenMAXAL.so:libOpenSLES.so:libRS.so:libstdc++.so:libsync.so:libvulkan.so:libwebviewchromium_plat_support.so:libz.so
05-25 04:31:18.917 D/nativeloader(17705): Load libicu_jni.so using APEX ns com_android_art for caller /apex/com.android.art/javalib/core-oj.jar: ok
05-25 04:31:18.917 D/app_process(17705): u_setTimeZoneFilesDirectory("/apex/com.android.tzdata/etc/tz/versioned/9/icu") succeeded. 
05-25 04:31:18.917 D/app_process(17705): I18n APEX ICU file found: /apex/com.android.i18n/etc/icu/icudt76l.dat
05-25 04:31:18.918 D/nativeloader(17705): Load libjavacore.so using APEX ns com_android_art for caller /apex/com.android.art/javalib/core-oj.jar: ok
05-25 04:31:18.919 D/nativeloader(17705): Load libopenjdk.so using APEX ns com_android_art for caller /apex/com.android.art/javalib/core-oj.jar: ok
05-25 04:31:18.919 I/app_process(17705): Priority-to-niceness mapping: 19, 16, 13, 10, 0, -2, -4, -5, -6, -8
05-25 04:31:18.920 W/app_process(17705): Unexpected CPU variant for x86: x86_64.
05-25 04:31:18.920 W/app_process(17705): Known variants: atom, sandybridge, silvermont, goldmont, goldmont-plus, goldmont-without-sha-xsaves, tremont, kabylake, alderlake, default
05-25 04:31:18.921 W/app_process(17705): ClassLoaderContext shared library size mismatch. Expected=2, found=0 (PCL[]{PCL[/system/framework/android.test.base.jar*1653369819]#PCL[/system/framework/android.test.mock.jar*1009639922]} | PCL[])
05-25 04:31:18.921 W/app_process(17705): ClassLoaderContext classpath size mismatch. expected=0, found=1 (PCL[]{PCL[/system/framework/android.test.runner.jar*3954641918]{PCL[/system/framework/android.test.base.jar*1653369819]#PCL[/system/framework/android.test.mock.jar*1009639922]}#PCL[/system/framework/android.test.base.jar*1653369819]} | PCL[/system/framework/android.test.runner.jar*3954641918])
05-25 04:31:18.940 D/nativeloader(17705): Load libframework-connectivity-tiramisu-jni.so using APEX ns com_android_tethering for caller /apex/com.android.tethering/javalib/framework-connectivity-t.jar: ok
05-25 04:31:18.940 D/AndroidRuntime(17705): Calling main entry com.android.commands.uiautomator.Launcher
05-25 04:31:18.945 I/AconfigPackage(17705): android.media.swcodec.flags is mapped to com.android.media.swcodec
05-25 04:31:18.945 I/AconfigPackage(17705): com.android.permission.flags is mapped to com.android.permission
05-25 04:31:18.945 I/AconfigPackage(17705): com.android.permissioncontroller.flags is mapped to com.android.permission
05-25 04:31:18.945 I/AconfigPackage(17705): com.android.icu is mapped to com.android.i18n
05-25 04:31:18.945 I/AconfigPackage(17705): com.android.appsearch.flags is mapped to com.android.appsearch
05-25 04:31:18.945 I/AconfigPackage(17705): android.uprobestats.mainline.flags is mapped to com.android.uprobestats
05-25 04:31:18.946 I/AconfigPackage(17705): com.android.crashrecovery.flags is mapped to com.android.crashrecovery
05-25 04:31:18.946 I/AconfigPackage(17705): android.provider.flags is mapped to com.android.configinfrastructure
05-25 04:31:18.946 I/AconfigPackage(17705): com.android.server.deviceconfig is mapped to com.android.configinfrastructure
05-25 04:31:18.946 I/AconfigPackage(17705): com.android.compos.flags is mapped to com.android.compos
05-25 04:31:18.946 I/AconfigPackage(17705): com.android.art.flags is mapped to com.android.art
05-25 04:31:18.946 I/AconfigPackage(17705): com.android.art.rw.flags is mapped to com.android.art
05-25 04:31:18.946 I/AconfigPackage(17705): com.android.libcore is mapped to com.android.art
05-25 04:31:18.946 I/AconfigPackage(17705): com.android.telephony.flags is mapped to com.android.telephonycore
05-25 04:31:18.947 I/AconfigPackage(17705): com.android.media.extractor.flags is mapped to com.android.media
05-25 04:31:18.947 I/AconfigPackage(17705): com.android.media.mainline.flags is mapped to com.android.media
05-25 04:31:18.947 I/AconfigPackage(17705): com.android.wifi.flags is mapped to com.android.wifi
05-25 04:31:18.948 I/AconfigPackage(17705): com.android.org.conscrypt.flags is mapped to com.android.conscrypt
05-25 04:31:18.948 I/AconfigPackage(17705): com.android.org.conscrypt.net.flags is mapped to com.android.conscrypt
05-25 04:31:18.948 I/AconfigPackage(17705): com.android.healthfitness.flags is mapped to com.android.healthfitness
05-25 04:31:18.948 I/AconfigPackage(17705): com.android.ipsec.flags is mapped to com.android.ipsec
05-25 04:31:18.948 I/AconfigPackage(17705): com.android.nfc.module.flags is mapped to com.android.nfcservices
05-25 04:31:18.948 I/AconfigPackage(17705): com.android.adservices.ondevicepersonalization.flags is mapped to com.android.ondevicepersonalization
05-25 04:31:18.949 I/AconfigPackage(17705): com.android.adbd.flags is mapped to com.android.adbd
05-25 04:31:18.949 I/AconfigPackage(17705): com.android.bluetooth.flags is mapped to com.android.bt
05-25 04:31:18.949 I/AconfigPackage(17705): com.android.devicelock.flags is mapped to com.android.devicelock
05-25 04:31:18.949 I/AconfigPackage(17705): android.os.profiling is mapped to com.android.profiling
05-25 04:31:18.949 I/AconfigPackage(17705): android.os.profiling.anomaly.flags is mapped to com.android.profiling
05-25 04:31:18.949 I/AconfigPackage(17705): com.android.os.statsd.flags is mapped to com.android.os.statsd
05-25 04:31:18.949 I/AconfigPackage(17705): com.android.rkpd.flags is mapped to com.android.rkpd
05-25 04:31:18.950 I/AconfigPackage(17705): com.android.cellbroadcastreceiver.flags is mapped to com.android.cellbroadcast
05-25 04:31:18.950 I/AconfigPackage(17705): com.android.adservices.flags is mapped to com.android.adservices
05-25 04:31:18.950 I/AconfigPackage(17705): com.android.sdksandbox.flags is mapped to com.android.adservices
05-25 04:31:18.950 I/AconfigPackage(17705): com.android.uwb.flags is mapped to com.android.uwb
05-25 04:31:18.950 I/AconfigPackage(17705): com.android.ranging.flags is mapped to com.android.uwb
05-25 04:31:18.950 I/AconfigPackage(17705): android.graphics.pdf.flags is mapped to com.android.mediaprovider
05-25 04:31:18.950 I/AconfigPackage(17705): com.android.providers.media.flags is mapped to com.android.mediaprovider
05-25 04:31:18.950 I/AconfigPackage(17705): android.graphics.pdf.flags.readonly is mapped to com.android.mediaprovider
05-25 04:31:18.950 I/AconfigPackage(17705): com.android.tethering.mainline.beta is mapped to com.android.tethering
05-25 04:31:18.951 I/AconfigPackage(17705): android.net.http is mapped to com.android.tethering
05-25 04:31:18.951 I/AconfigPackage(17705): com.android.tethering.readonly.flags is mapped to com.android.tethering
05-25 04:31:18.951 I/AconfigPackage(17705): android.net.vcn is mapped to com.android.tethering
05-25 04:31:18.951 I/AconfigPackage(17705): com.android.net.flags is mapped to com.android.tethering
05-25 04:31:18.951 I/AconfigPackage(17705): com.android.tethering.beta.test is mapped to com.android.tethering
05-25 04:31:18.951 I/AconfigPackage(17705): com.android.nearby.flags is mapped to com.android.tethering
05-25 04:31:18.951 I/AconfigPackage(17705): com.android.net.ct.flags is mapped to com.android.tethering
05-25 04:31:18.951 I/AconfigPackage(17705): com.android.net.thread.flags is mapped to com.android.tethering
05-25 04:31:18.951 I/AconfigPackage(17705): com.android.system.virtualmachine.flags is mapped to com.android.virt
05-25 04:31:18.951 E/FeatureFlagsImplExport(17705): android.os.flagging.AconfigStorageReadException: ERROR_PACKAGE_NOT_FOUND: package android.xr cannot be found on the device
05-25 04:31:18.956 D/UiAutomationConnection(17705): Created on user UserHandle{0}
05-25 04:31:18.956 I/UiAutomation(17705): Initialized for user 0 on display 0
05-25 04:31:18.956 W/UiAutomation(17705): Created with deprecatead constructor, assumes DEFAULT_DISPLAY
05-25 04:31:18.957 D/AccessibilityManagerService(  755): changeCurrentUserForTestAutomationIfNeededLocked(0): ignoring because device doesn't support visible background users
05-25 04:31:18.957 I/UiAutomationManager(  755): Registering UiTestAutomationService (id=com.android.server.accessibility/UiAutomation, flags=0x0) when called by user 0
05-25 04:31:18.957 V/AccessibilityManagerService(  755): onUserStateChangedLocked for userId: 0, forceUpdate: false
05-25 04:31:18.958 V/AccessibilityUserState(  755): updateShortcutTargets: type:accessibility_shortcut_target_service, current:{}, new:{}
05-25 04:31:18.958 V/AccessibilityUserState(  755): updateShortcutTargets: type:accessibility_button_targets, current:{}, new:{}
05-25 04:31:18.958 V/AccessibilityUserState(  755): updateShortcutTargets: type:accessibility_gesture_targets, current:{}, new:{}
05-25 04:31:18.958 V/AccessibilityUserState(  755): updateShortcutTargets: type:accessibility_qs_targets, current:{}, new:{}
05-25 04:31:18.958 V/AccessibilityUserState(  755): updateShortcutTargets: type:accessibility_key_gesture_targets, current:{}, new:{}
05-25 04:31:18.958 W/MagnificationConnectionManager(  755): requestConnection duplicated request: connect=false, mConnectionState=DISCONNECTED
05-25 04:31:18.958 I/AiAiEcho( 1546): Settings changed for uri: content://settings/secure/accessibility_enabled
05-25 04:31:18.959 I/AiAiEcho( 1546): Predicting[0]:  [CONTEXT sampling_count=5 ]
05-25 04:31:18.959 I/AiAiEcho( 1546): EchoTargets: 
05-25 04:31:18.959 I/AiAiEcho( 1546): Filtered by AiAi flag check: 
05-25 04:31:18.959 I/AiAiEcho( 1546): [CONTEXT ratelimit_period="10 SECONDS" ]
05-25 04:31:18.959 I/AiAiEcho( 1546): #remoteViewsTwiddler: feature disabled.
05-25 04:31:18.959 I/AiAiEcho( 1546): Predicting[0]:  [CONTEXT sampling_count=5 ]
05-25 04:31:18.959 I/AiAiEcho( 1546): EchoTargets: 
05-25 04:31:18.959 I/AiAiEcho( 1546): Filtered by AiAi flag check: 
05-25 04:31:18.959 I/AiAiEcho( 1546): [CONTEXT ratelimit_period="10 SECONDS" ]
05-25 04:31:18.959 I/AiAiEcho( 1546): #remoteViewsTwiddler: feature disabled.
05-25 04:31:18.960 I/AiAiEcho( 1546): #postPredictionTargets: Sending updates to UISurface lockscreen with targets# 0 (types=[])
05-25 04:31:18.960 W/libbinder.IPCThreadState(  755): Sending oneway calls to frozen process.
05-25 04:31:18.960 I/AiAiEcho( 1546): #postPredictionTargets: Sending updates to UISurface home with targets# 0 (types=[])
05-25 04:31:18.960 W/libbinder.IPCThreadState(  755): Sending oneway calls to frozen process.
05-25 04:31:18.961 W/libbinder.IPCThreadState(  755): Sending oneway calls to frozen process.
05-25 04:31:18.961 W/libbinder.IPCThreadState(  755): Sending oneway calls to frozen process.
05-25 04:31:18.961 W/libbinder.IPCThreadState(  755): Sending oneway calls to frozen process.
05-25 04:31:18.961 W/libbinder.IPCThreadState(  755): Sending oneway calls to frozen process.
05-25 04:31:18.961 W/SsPagerDots( 1012): Total number of pages invalid: 0. Assuming 1 page.
05-25 04:31:18.962 W/libbinder.IPCThreadState(  755): Sending oneway calls to frozen process.
05-25 04:31:18.962 W/libbinder.IPCThreadState(  755): Sending oneway calls to frozen process.
05-25 04:31:18.962 W/libbinder.IPCThreadState(  755): Sending oneway calls to frozen process.
05-25 04:31:18.962 W/libbinder.IPCThreadState(  755): Sending oneway calls to frozen process.
05-25 04:31:18.962 W/libbinder.IPCThreadState(  755): Sending oneway calls to frozen process.
05-25 04:31:18.962 W/libbinder.IPCThreadState(  755): Sending oneway calls to frozen process.
05-25 04:31:18.962 W/libbinder.IPCThreadState(  755): Sending oneway calls to frozen process.
05-25 04:31:18.962 W/libbinder.IPCThreadState(  755): Sending oneway calls to frozen process.
05-25 04:31:18.963 W/libbinder.IPCThreadState(  755): Sending oneway calls to frozen process.
05-25 04:31:18.963 W/libbinder.IPCThreadState(  755): Sending oneway calls to frozen process.
05-25 04:31:18.965 W/libbinder.IPCThreadState(  755): Sending oneway calls to frozen process.
05-25 04:31:18.965 W/libbinder.IPCThreadState(  755): Sending oneway calls to frozen process.
05-25 04:31:18.965 V/AccessibilityManagerService(  755): onUserStateChangedLocked for userId: 0, forceUpdate: false
05-25 04:31:18.965 W/libbinder.IPCThreadState(  755): Sending oneway calls to frozen process.
05-25 04:31:18.965 W/libbinder.IPCThreadState(  755): Sending oneway calls to frozen process.
05-25 04:31:18.965 W/libbinder.IPCThreadState(  755): Sending oneway calls to frozen process.
05-25 04:31:18.965 W/libbinder.IPCThreadState(  755): Sending oneway calls to frozen process.
05-25 04:31:18.966 W/libbinder.IPCThreadState(  755): Sending oneway calls to frozen process.
05-25 04:31:18.966 W/libbinder.IPCThreadState(  755): Sending oneway calls to frozen process.
05-25 04:31:18.966 D/BatterySaverPolicy(  755): accessibility changed to true, updating policy.
05-25 04:31:18.966 I/AiAiEcho( 1546): Settings changed for uri: content://settings/secure/accessibility_enabled
05-25 04:31:18.966 I/AiAiEcho( 1546): Predicting[0]:  [CONTEXT sampling_count=5 ]
05-25 04:31:18.966 V/AccessibilityUserState(  755): updateShortcutTargets: type:accessibility_shortcut_target_service, current:{}, new:{}
05-25 04:31:18.966 I/AiAiEcho( 1546): EchoTargets: 
05-25 04:31:18.966 I/AiAiEcho( 1546): Filtered by AiAi flag check: 
05-25 04:31:18.966 I/AiAiEcho( 1546): [CONTEXT ratelimit_period="10 SECONDS" ]
05-25 04:31:18.966 V/AccessibilityUserState(  755): updateShortcutTargets: type:accessibility_button_targets, current:{}, new:{}
05-25 04:31:18.966 V/AccessibilityUserState(  755): updateShortcutTargets: type:accessibility_gesture_targets, current:{}, new:{}
05-25 04:31:18.966 V/AccessibilityUserState(  755): updateShortcutTargets: type:accessibility_qs_targets, current:{}, new:{}
05-25 04:31:18.966 V/AccessibilityUserState(  755): updateShortcutTargets: type:accessibility_key_gesture_targets, current:{}, new:{}
05-25 04:31:18.966 W/MagnificationConnectionManager(  755): requestConnection duplicated request: connect=false, mConnectionState=DISCONNECTED
05-25 04:31:18.967 I/AiAiEcho( 1546): #remoteViewsTwiddler: feature disabled.
05-25 04:31:18.967 I/AiAiEcho( 1546): Predicting[0]:  [CONTEXT sampling_count=5 ]
05-25 04:31:18.968 I/AiAiEcho( 1546): EchoTargets: 
05-25 04:31:18.968 I/AiAiEcho( 1546): Filtered by AiAi flag check: 
05-25 04:31:18.968 I/AiAiEcho( 1546): [CONTEXT ratelimit_period="10 SECONDS" ]
05-25 04:31:18.968 I/AiAiEcho( 1546): #remoteViewsTwiddler: feature disabled.
05-25 04:31:18.968 I/AiAiEcho( 1546): #postPredictionTargets: Sending updates to UISurface lockscreen with targets# 0 (types=[])
05-25 04:31:18.969 W/libbinder.IPCThreadState(  755): Sending oneway calls to frozen process.
05-25 04:31:18.969 W/libbinder.IPCThreadState(  755): Sending oneway calls to frozen process.
05-25 04:31:18.969 I/AiAiEcho( 1546): #postPredictionTargets: Sending updates to UISurface home with targets# 0 (types=[])
05-25 04:31:18.969 W/libbinder.IPCThreadState(  755): Sending oneway calls to frozen process.
05-25 04:31:18.969 W/libbinder.IPCThreadState(  755): Sending oneway calls to frozen process.
05-25 04:31:18.969 W/libbinder.IPCThreadState(  755): Sending oneway calls to frozen process.
05-25 04:31:18.969 W/libbinder.IPCThreadState(  755): Sending oneway calls to frozen process.
05-25 04:31:18.970 W/libbinder.IPCThreadState(  755): Sending oneway calls to frozen process.
05-25 04:31:18.970 W/libbinder.IPCThreadState(  755): Sending oneway calls to frozen process.
05-25 04:31:18.970 W/libbinder.IPCThreadState(  755): Sending oneway calls to frozen process.
05-25 04:31:18.970 W/libbinder.IPCThreadState(  755): Sending oneway calls to frozen process.
05-25 04:31:18.970 W/libbinder.IPCThreadState(  755): Sending oneway calls to frozen process.
05-25 04:31:18.970 W/libbinder.IPCThreadState(  755): Sending oneway calls to frozen process.
05-25 04:31:18.970 W/libbinder.IPCThreadState(  755): Sending oneway calls to frozen process.
05-25 04:31:18.970 W/libbinder.IPCThreadState(  755): Sending oneway calls to frozen process.
05-25 04:31:18.970 W/libbinder.IPCThreadState(  755): Sending oneway calls to frozen process.
05-25 04:31:18.970 W/libbinder.IPCThreadState(  755): Sending oneway calls to frozen process.
05-25 04:31:18.974 W/SsPagerDots( 1012): Total number of pages invalid: 0. Assuming 1 page.
05-25 04:31:18.974 D/AccessibilityManagerService(  755): .getAccessibilityShortcutTargets {shortcutType=32, userId=0}
05-25 04:31:20.054 W/AccessibilityNodeInfoDumper(17705): Fetch time: 2ms
05-25 04:31:20.055 V/AccessibilityManagerService(  755): onUserStateChangedLocked for userId: 0, forceUpdate: false
05-25 04:31:20.056 V/AccessibilityUserState(  755): updateShortcutTargets: type:accessibility_shortcut_target_service, current:{}, new:{}
05-25 04:31:20.056 V/AccessibilityUserState(  755): updateShortcutTargets: type:accessibility_button_targets, current:{}, new:{}
05-25 04:31:20.056 V/AccessibilityUserState(  755): updateShortcutTargets: type:accessibility_gesture_targets, current:{}, new:{}
05-25 04:31:20.056 V/AccessibilityUserState(  755): updateShortcutTargets: type:accessibility_qs_targets, current:{}, new:{}
05-25 04:31:20.056 V/AccessibilityUserState(  755): updateShortcutTargets: type:accessibility_key_gesture_targets, current:{}, new:{}
05-25 04:31:20.056 W/MagnificationConnectionManager(  755): requestConnection duplicated request: connect=false, mConnectionState=DISCONNECTED
05-25 04:31:20.057 D/AccessibilityManagerService(  755): restoreCurrentUserForTestAutomationIfNeededLocked(): ignoring because device doesn't support visible background users
05-25 04:31:20.057 W/libbinder.IPCThreadState(  755): Sending oneway calls to frozen process.
05-25 04:31:20.057 W/libbinder.IPCThreadState(  755): Sending oneway calls to frozen process.
05-25 04:31:20.057 W/libbinder.IPCThreadState(  755): Sending oneway calls to frozen process.
05-25 04:31:20.057 W/libbinder.IPCThreadState(  755): Sending oneway calls to frozen process.
05-25 04:31:20.057 W/libbinder.IPCThreadState(  755): Sending oneway calls to frozen process.
05-25 04:31:20.057 W/libbinder.IPCThreadState(  755): Sending oneway calls to frozen process.
05-25 04:31:20.058 W/libbinder.IPCThreadState(  755): Sending oneway calls to frozen process.
05-25 04:31:20.058 W/libbinder.IPCThreadState(  755): Sending oneway calls to frozen process.
05-25 04:31:20.058 W/libbinder.IPCThreadState(  755): Sending oneway calls to frozen process.
05-25 04:31:20.058 W/libbinder.IPCThreadState(  755): Sending oneway calls to frozen process.
05-25 04:31:20.058 W/libbinder.IPCThreadState(  755): Sending oneway calls to frozen process.
05-25 04:31:20.058 W/libbinder.IPCThreadState(  755): Sending oneway calls to frozen process.
05-25 04:31:20.058 W/libbinder.IPCThreadState(  755): Sending oneway calls to frozen process.
05-25 04:31:20.058 W/libbinder.IPCThreadState(  755): Sending oneway calls to frozen process.
05-25 04:31:20.058 W/libbinder.IPCThreadState(  755): Sending oneway calls to frozen process.
05-25 04:31:20.058 W/libbinder.IPCThreadState(  755): Sending oneway calls to frozen process.
05-25 04:31:20.058 W/libbinder.IPCThreadState(  755): Sending oneway calls to frozen process.
05-25 04:31:20.058 W/libbinder.IPCThreadState(  755): Sending oneway calls to frozen process.
05-25 04:31:20.058 W/libbinder.IPCThreadState(  755): Sending oneway calls to frozen process.
05-25 04:31:20.058 W/libbinder.IPCThreadState(  755): Sending oneway calls to frozen process.
05-25 04:31:20.058 W/libbinder.IPCThreadState(  755): Sending oneway calls to frozen process.
05-25 04:31:20.058 W/libbinder.IPCThreadState(  755): Sending oneway calls to frozen process.
05-25 04:31:20.058 W/libbinder.IPCThreadState(  755): Sending oneway calls to frozen process.
05-25 04:31:20.058 W/libbinder.IPCThreadState(  755): Sending oneway calls to frozen process.
05-25 04:31:20.058 D/BatterySaverPolicy(  755): accessibility changed to false, updating policy.
05-25 04:31:20.059 I/AiAiEcho( 1546): Settings changed for uri: content://settings/secure/accessibility_enabled
05-25 04:31:20.061 I/AiAiEcho( 1546): Predicting[0]:  [CONTEXT sampling_count=5 ]
05-25 04:31:20.061 D/AndroidRuntime(17705): Shutting down VM
05-25 04:31:20.061 I/AiAiEcho( 1546): EchoTargets: 
05-25 04:31:20.061 I/AiAiEcho( 1546): Filtered by AiAi flag check: 
05-25 04:31:20.061 I/AiAiEcho( 1546): [CONTEXT ratelimit_period="10 SECONDS" ]
05-25 04:31:20.061 I/AiAiEcho( 1546): #remoteViewsTwiddler: feature disabled.
05-25 04:31:20.062 I/AiAiEcho( 1546): Predicting[0]:  [CONTEXT sampling_count=5 ]
05-25 04:31:20.062 I/AiAiEcho( 1546): EchoTargets: 
05-25 04:31:20.062 I/AiAiEcho( 1546): Filtered by AiAi flag check: 
05-25 04:31:20.062 I/AiAiEcho( 1546): [CONTEXT ratelimit_period="10 SECONDS" ]
05-25 04:31:20.062 I/AiAiEcho( 1546): #remoteViewsTwiddler: feature disabled.
05-25 04:31:20.062 I/AiAiEcho( 1546): #postPredictionTargets: Sending updates to UISurface lockscreen with targets# 0 (types=[])
05-25 04:31:20.063 W/libbinder.IPCThreadState(17705): call to talkWithDriver in joinThreadPool returned error: -9 (Bad file descriptor), FD: -1
05-25 04:31:20.063 W/libbinder.IPCThreadState(17705): call to talkWithDriver in joinThreadPool returned error: -9 (Bad file descriptor), FD: -1
05-25 04:31:20.063 W/libbinder.IPCThreadState(17705): call to talkWithDriver in joinThreadPool returned error: -9 (Bad file descriptor), FD: -1
05-25 04:31:20.064 I/AiAiEcho( 1546): #postPredictionTargets: Sending updates to UISurface home with targets# 0 (types=[])
05-25 04:31:20.067 W/SsPagerDots( 1012): Total number of pages invalid: 0. Assuming 1 page.
05-25 04:31:20.156 D/WM-DelayedWorkTracker( 1529): Scheduling work 2b96fd6e-5bc7-4255-becd-92fed4e9240c
05-25 04:31:20.156 D/WM-GreedyScheduler( 1529): Starting tracking for 2b96fd6e-5bc7-4255-becd-92fed4e9240c
05-25 04:31:20.157 D/WM-ConstraintTracker( 1529): BatteryNotLowTracker: initial state = true
05-25 04:31:20.157 D/WM-BrdcstRcvrCnstrntTrc( 1529): BatteryNotLowTracker: registering receiver
05-25 04:31:20.158 D/WM-GreedyScheduler( 1529): Constraints met: Scheduling work ID WorkGenerationalId(workSpecId=2b96fd6e-5bc7-4255-becd-92fed4e9240c, generation=0)
05-25 04:31:20.159 D/WM-Processor( 1529): Processor: processing WorkGenerationalId(workSpecId=2b96fd6e-5bc7-4255-becd-92fed4e9240c, generation=0)
05-25 04:31:20.163 D/WM-WorkerWrapper( 1529): Starting work for com.android.providers.media.photopicker.sync.ProactiveSyncWorker
05-25 04:31:20.164 I/PSyncWorker( 1529): Starting proactive picker sync from sync source: 1
05-25 04:31:20.165 I/PickerSyncTracker( 1529): Created new sync future java.util.concurrent.CompletableFuture@5d940b6[Not completed, 1 dependents]. Future map: {2b96fd6e-5bc7-4255-becd-92fed4e9240c=java.util.concurrent.CompletableFuture@5d940b6[Not completed, 1 dependents]}
05-25 04:31:20.165 D/PickerSyncController( 1529): syncAllMediaFromProvider() LOCAL, auth=com.android.providers.media.photopicker, retry=true
05-25 04:31:20.165 D/PickerSyncController( 1529): getSyncRequestParams() LOCAL, auth=com.android.providers.media.photopicker
05-25 04:31:20.166 D/PickerSyncController( 1529):    Latest ID/Gen=92835bc8fd6dde81:external_primary/3654
05-25 04:31:20.166 D/PickerSyncController( 1529):    Cached ID/Gen=92835bc8fd6dde81:external_primary/3645
05-25 04:31:20.167 D/PickerSyncController( 1529):    RESULT=SyncRequestParams{type=MEDIA_INCREMENTAL, gen=3645, latest=Bundle[{last_media_sync_generation=3654, media_collection_id=92835bc8fd6dde81:external_primary}], pageSize=1000}
05-25 04:31:20.167 I/PickerSyncController( 1529): Executing SyncAdd. isLocal: true. authority: com.android.providers.media.photopicker
05-25 04:31:20.167 D/PickerSyncLockManager( 1529): Trying to acquire lock com.android.providers.media.photopicker.sync.CloseableReentrantLock@cffd47[Unlocked]. Lock Name = CLOUD_PROVIDER_LOCK. Threads that may be waiting to acquire this lock = [] with timeout.
05-25 04:31:20.167 D/CloseableReentrantLock( 1529): Successfully acquired lock com.android.providers.media.photopicker.sync.CloseableReentrantLock@cffd47[Locked by thread pool-4-thread-304]. Lock Name = CLOUD_PROVIDER_LOCK. Threads that may be waiting to acquire this lock = []
05-25 04:31:20.167 D/CloseableReentrantLock( 1529): Successfully released lock com.android.providers.media.photopicker.sync.CloseableReentrantLock@cffd47[Unlocked]. Lock Name = CLOUD_PROVIDER_LOCK. Threads that may be waiting to acquire this lock = []
05-25 04:31:20.167 D/ExternalDbFacade( 1529): Token received for queryMedia = null
05-25 04:31:20.167 D/PickerSyncLockManager( 1529): Trying to acquire lock com.android.providers.media.photopicker.sync.CloseableReentrantLock@cffd47[Unlocked]. Lock Name = CLOUD_PROVIDER_LOCK. Threads that may be waiting to acquire this lock = [] with timeout.
05-25 04:31:20.168 D/CloseableReentrantLock( 1529): Successfully acquired lock com.android.providers.media.photopicker.sync.CloseableReentrantLock@cffd47[Locked by thread pool-4-thread-304]. Lock Name = CLOUD_PROVIDER_LOCK. Threads that may be waiting to acquire this lock = []
05-25 04:31:20.168 D/PickerSyncController( 1529): Saving next page token: 1779679878000|348 for key: local_provider:media_add:resume
05-25 04:31:20.168 D/CloseableReentrantLock( 1529): Successfully released lock com.android.providers.media.photopicker.sync.CloseableReentrantLock@cffd47[Unlocked]. Lock Name = CLOUD_PROVIDER_LOCK. Threads that may be waiting to acquire this lock = []
05-25 04:31:20.168 D/PickerNotificationSender( 1529): Sending a notification for media update
05-25 04:31:20.169 D/PickerNotificationSender( 1529): Sending a notification for merged album media update Videos
05-25 04:31:20.169 D/PickerNotificationSender( 1529): Sending a notification for album media update Videos
05-25 04:31:20.169 D/PickerNotificationSender( 1529): Sending a notification for merged album media update Favorites
05-25 04:31:20.170 D/PickerNotificationSender( 1529): Sending a notification for album media update Favorites
05-25 04:31:20.170 D/ExternalDbFacade( 1529): Token received for queryMedia = 1779679878000|348
05-25 04:31:20.171 D/PickerSyncLockManager( 1529): Trying to acquire lock com.android.providers.media.photopicker.sync.CloseableReentrantLock@cffd47[Unlocked]. Lock Name = CLOUD_PROVIDER_LOCK. Threads that may be waiting to acquire this lock = [] with timeout.
05-25 04:31:20.171 D/CloseableReentrantLock( 1529): Successfully acquired lock com.android.providers.media.photopicker.sync.CloseableReentrantLock@cffd47[Locked by thread pool-4-thread-304]. Lock Name = CLOUD_PROVIDER_LOCK. Threads that may be waiting to acquire this lock = []
05-25 04:31:20.171 D/PickerSyncController( 1529): Clearing next page token for key: local_provider:media_add:resume
05-25 04:31:20.171 D/CloseableReentrantLock( 1529): Successfully released lock com.android.providers.media.photopicker.sync.CloseableReentrantLock@cffd47[Unlocked]. Lock Name = CLOUD_PROVIDER_LOCK. Threads that may be waiting to acquire this lock = []
05-25 04:31:20.171 D/PickerNotificationSender( 1529): Sending a notification for media update
05-25 04:31:20.171 D/PickerNotificationSender( 1529): Sending a notification for merged album media update Videos
05-25 04:31:20.171 D/PickerNotificationSender( 1529): Sending a notification for album media update Videos
05-25 04:31:20.172 D/PickerNotificationSender( 1529): Sending a notification for merged album media update Favorites
05-25 04:31:20.172 D/PickerNotificationSender( 1529): Sending a notification for album media update Favorites
05-25 04:31:20.172 I/PickerSyncController( 1529): Paged sync successful. QueryArgs: Bundle[{android.provider.extra.PAGE_TOKEN=1779679878000|348, android.provider.extra.SYNC_GENERATION=3645, android.provider.extra.PAGE_SIZE=1000}] Total Rows: 1
05-25 04:31:20.172 I/PickerSyncController( 1529): Executing SyncRemove. isLocal: true. authority: com.android.providers.media.photopicker
05-25 04:31:20.172 D/PickerSyncLockManager( 1529): Trying to acquire lock com.android.providers.media.photopicker.sync.CloseableReentrantLock@cffd47[Unlocked]. Lock Name = CLOUD_PROVIDER_LOCK. Threads that may be waiting to acquire this lock = [] with timeout.
05-25 04:31:20.172 D/CloseableReentrantLock( 1529): Successfully acquired lock com.android.providers.media.photopicker.sync.CloseableReentrantLock@cffd47[Locked by thread pool-4-thread-304]. Lock Name = CLOUD_PROVIDER_LOCK. Threads that may be waiting to acquire this lock = []
05-25 04:31:20.172 D/CloseableReentrantLock( 1529): Successfully released lock com.android.providers.media.photopicker.sync.CloseableReentrantLock@cffd47[Unlocked]. Lock Name = CLOUD_PROVIDER_LOCK. Threads that may be waiting to acquire this lock = []
05-25 04:31:20.173 D/PickerSyncLockManager( 1529): Trying to acquire lock com.android.providers.media.photopicker.sync.CloseableReentrantLock@cffd47[Unlocked]. Lock Name = CLOUD_PROVIDER_LOCK. Threads that may be waiting to acquire this lock = [] with timeout.
05-25 04:31:20.173 D/CloseableReentrantLock( 1529): Successfully acquired lock com.android.providers.media.photopicker.sync.CloseableReentrantLock@cffd47[Locked by thread pool-4-thread-304]. Lock Name = CLOUD_PROVIDER_LOCK. Threads that may be waiting to acquire this lock = []
05-25 04:31:20.173 D/PickerSyncController( 1529): Clearing next page token for key: local_provider:media_remove:resume
05-25 04:31:20.173 D/CloseableReentrantLock( 1529): Successfully released lock com.android.providers.media.photopicker.sync.CloseableReentrantLock@cffd47[Unlocked]. Lock Name = CLOUD_PROVIDER_LOCK. Threads that may be waiting to acquire this lock = []
05-25 04:31:20.173 D/PickerNotificationSender( 1529): Sending a notification for media update
05-25 04:31:20.173 D/PickerNotificationSender( 1529): Sending a notification for merged album media update Videos
05-25 04:31:20.173 D/PickerNotificationSender( 1529): Sending a notification for album media update Videos
05-25 04:31:20.173 D/PickerNotificationSender( 1529): Sending a notification for merged album media update Favorites
05-25 04:31:20.173 D/PickerNotificationSender( 1529): Sending a notification for album media update Favorites
05-25 04:31:20.174 I/PickerSyncController( 1529): Paged sync successful. QueryArgs: Bundle[{android.provider.extra.PAGE_TOKEN=1779679878000|348, android.provider.extra.SYNC_GENERATION=3645, android.provider.extra.PAGE_SIZE=1000}] Total Rows: 0
05-25 04:31:20.174 I/PickerSyncTracker( 1529): Marked sync future complete for work id: 2b96fd6e-5bc7-4255-becd-92fed4e9240c. Future map: {}
05-25 04:31:20.174 I/PSyncWorker( 1529): Completed picker proactive sync complete from local provider.
05-25 04:31:20.174 I/WM-WorkerWrapper( 1529): Worker result SUCCESS for Work [ id=2b96fd6e-5bc7-4255-becd-92fed4e9240c, tags={ com.android.providers.media.photopicker.sync.ProactiveSyncWorker } ]
05-25 04:31:20.175 D/WM-Processor( 1529): Processor 2b96fd6e-5bc7-4255-becd-92fed4e9240c executed; reschedule = false
05-25 04:31:20.176 D/WM-GreedyScheduler( 1529): Stopping tracking for WorkGenerationalId(workSpecId=2b96fd6e-5bc7-4255-becd-92fed4e9240c, generation=0)
05-25 04:31:20.179 D/WM-GreedyScheduler( 1529): Cancelling work ID 2b96fd6e-5bc7-4255-becd-92fed4e9240c
05-25 04:31:20.180 D/WM-GreedyScheduler( 1529): Ignoring {WorkSpec: fce74054-5d75-49ac-b1fb-61b1c63b64d1}. Requires device idle.
05-25 04:31:20.180 D/WM-GreedyScheduler( 1529): Ignoring {WorkSpec: 748d3965-3023-45a6-9a32-baafa7d90ebf}. Requires device idle.
05-25 04:31:20.180 D/WM-GreedyScheduler( 1529): Ignoring {WorkSpec: bbc248da-5aec-4565-83d8-ed90ba3a683c}. Requires device idle.
05-25 04:31:20.180 D/WM-GreedyScheduler( 1529): Ignoring {WorkSpec: a7b8fc44-3a39-43d5-96b8-cef5bb529d35}. Requires device idle.
05-25 04:31:20.180 D/WM-BrdcstRcvrCnstrntTrc( 1529): BatteryNotLowTracker: unregistering receiver
05-25 04:31:20.181 I/HalDevMgr(  755): bestIfaceCreationProposal is null, requestIface=STA, existingIface=[name=wlan0 type=STA]
05-25 04:31:23.188 I/HalDevMgr(  755): bestIfaceCreationProposal is null, requestIface=STA, existingIface=[name=wlan0 type=STA]
05-25 04:31:23.549 D/InetDiagMessage(  755): Destroyed 0 sockets, proto=IPPROTO_TCP, family=AF_INET, states=14
05-25 04:31:23.549 D/InetDiagMessage(  755): Destroyed 0 sockets, proto=IPPROTO_TCP, family=AF_INET6, states=14
05-25 04:31:23.549 D/InetDiagMessage(  755): Destroyed live tcp sockets for uids={10202} in 1ms
05-25 04:31:23.549 D/InetDiagMessage(  755): Destroyed 0 sockets, proto=IPPROTO_TCP, family=AF_INET, states=14
05-25 04:31:23.550 D/InetDiagMessage(  755): Destroyed 0 sockets, proto=IPPROTO_TCP, family=AF_INET6, states=14
05-25 04:31:23.550 D/InetDiagMessage(  755): Destroyed live tcp sockets for uids={20202} in 1ms
05-25 04:31:23.994 D/SatelliteController( 1139): iisInCarrierRoamingNbIotNtn: satellite is disabled
05-25 04:31:23.994 D/SatelliteController( 1139): getCarrierRoamingNtnConnectType: Falling back to global carrier config connect type: 0
05-25 04:31:23.995 W/libbinder.IPCThreadState(  755): Sending oneway calls to frozen process.
05-25 04:31:26.192 I/HalDevMgr(  755): bestIfaceCreationProposal is null, requestIface=STA, existingIface=[name=wlan0 type=STA]
05-25 04:31:28.575 D/ActivityManager(  755): freezing 1484 com.google.android.gms
05-25 04:31:28.577 D/ActivityManager(  755): freezing 9602 com.google.android.adservices.api
05-25 04:31:28.599 D/InetDiagMessage(  755): Destroyed 0 sockets, proto=IPPROTO_TCP, family=AF_INET, states=14
05-25 04:31:28.599 D/InetDiagMessage(  755): Destroyed 0 sockets, proto=IPPROTO_TCP, family=AF_INET6, states=14
05-25 04:31:28.599 D/InetDiagMessage(  755): Destroyed live tcp sockets for uids={10202} in 1ms
05-25 04:31:28.673 D/ActivityManager(  755): sync unfroze 2368 com.google.android.apps.photos for 6
05-25 04:31:28.678 D/ActivityThread( 2368): Package [com.tiarnanlarkin.danio] reported as REPLACED, but missing application info. Assuming REMOVED.
05-25 04:31:28.688 D/ActivityThread( 2368): Package [com.tiarnanlarkin.danio] reported as REPLACED, but missing application info. Assuming REMOVED.
05-25 04:31:28.692 W/JobInfo ( 2368): Requested important-while-foreground flag for job555000145 is ignored and takes no effect
05-25 04:31:28.700 W/ProcessStats(  755): Tracking association SourceState{c5f387 system/1000 ImpBg #7445} whose proc state 6 is better than process ProcessState{1341b4b com.google.android.apps.photos/10162 pkg=com.google.android.apps.photos} proc state 14 (1 skipped)
05-25 04:31:28.706 D/ConnectivityService(  755): requestNetwork for uid/pid:10162/2368 activeRequest: null callbackRequest: 319 [NetworkRequest [ REQUEST id=320, [ Capabilities: INTERNET&NOT_RESTRICTED&TRUSTED&NOT_VCN_MANAGED&NOT_BANDWIDTH_CONSTRAINED Uid: 10162 RequestorUid: 10162 RequestorPkg: com.google.android.apps.photos UnderlyingNetworks: Null] ]] callback flags: 0 order: 2147483647 isUidTracked: false declaredMethods: AVAIL|LOST|NC|BLK
05-25 04:31:28.711 D/ConnectivityService(  755): NetReassign [320 : null → 102] [c 0] [a 1] [i 2]
05-25 04:31:28.711 D/WifiNetworkFactory(  755): got request NetworkRequest [ REQUEST id=320, [ Capabilities: INTERNET&NOT_RESTRICTED&TRUSTED&NOT_VCN_MANAGED&NOT_BANDWIDTH_CONSTRAINED Uid: 10162 RequestorUid: 10162 RequestorPkg: com.google.android.apps.photos UnderlyingNetworks: Null] ]
05-25 04:31:28.712 D/UntrustedWifiNetworkFactory(  755): got request NetworkRequest [ REQUEST id=320, [ Capabilities: INTERNET&NOT_RESTRICTED&TRUSTED&NOT_VCN_MANAGED&NOT_BANDWIDTH_CONSTRAINED Uid: 10162 RequestorUid: 10162 RequestorPkg: com.google.android.apps.photos UnderlyingNetworks: Null] ]
05-25 04:31:28.712 D/OemPaidWifiNetworkFactory(  755): got request NetworkRequest [ REQUEST id=320, [ Capabilities: INTERNET&NOT_RESTRICTED&TRUSTED&NOT_VCN_MANAGED&NOT_BANDWIDTH_CONSTRAINED Uid: 10162 RequestorUid: 10162 RequestorPkg: com.google.android.apps.photos UnderlyingNetworks: Null] ]
05-25 04:31:28.712 D/MultiInternetWifiNetworkFactory(  755): got request NetworkRequest [ REQUEST id=320, [ Capabilities: INTERNET&NOT_RESTRICTED&TRUSTED&NOT_VCN_MANAGED&NOT_BANDWIDTH_CONSTRAINED Uid: 10162 RequestorUid: 10162 RequestorPkg: com.google.android.apps.photos UnderlyingNetworks: Null] ]
05-25 04:31:28.740 W/JobScheduler(  755): Job didn't exist in JobStore: 41f46d3 #u0a162/1034 com.google.android.apps.photos/com.google.android.libraries.social.mediamonitor.MediaMonitorJobSchedulerService
05-25 04:31:28.751 W/UriGrantsManagerService(  755): No permission grants found for com.google.android.apps.photos
05-25 04:31:28.751 W/UriGrantsManagerService(  755): No permission grants found for com.google.android.apps.photos
05-25 04:31:28.808 W/JobInfo (  755): Job 'com.google.android.apps.photos/com.google.android.libraries.social.async.BackgroundTaskJobService#1043' has a deadline with no functional constraints. The deadline won't improve job execution latency. Consider removing the deadline.
05-25 04:31:28.839 W/UriGrantsManagerService(  755): No permission grants found for com.google.android.apps.photos
05-25 04:31:28.839 W/UriGrantsManagerService(  755): No permission grants found for com.google.android.apps.photos
05-25 04:31:28.875 I/XmpUtil ( 2368): XMP parse: only JPEG file is supported
05-25 04:31:28.912 W/UriGrantsManagerService(  755): No permission grants found for com.google.android.apps.photos
05-25 04:31:28.913 W/UriGrantsManagerService(  755): No permission grants found for com.google.android.apps.photos
05-25 04:31:28.936 W/JobInfo (  755): Job 'com.google.android.apps.photos/com.google.android.libraries.social.async.BackgroundTaskJobService#1043' has a deadline with no functional constraints. The deadline won't improve job execution latency. Consider removing the deadline.
05-25 04:31:28.968 W/libbinder.IPCThreadState(  755): Sending oneway calls to frozen process.
05-25 04:31:28.968 W/libbinder.IPCThreadState(  755): Sending oneway calls to frozen process.
05-25 04:31:28.972 W/System  ( 2368): A resource failed to call close. 
05-25 04:31:29.196 I/HalDevMgr(  755): bestIfaceCreationProposal is null, requestIface=STA, existingIface=[name=wlan0 type=STA]
05-25 04:31:30.060 W/libbinder.IPCThreadState(  755): Sending oneway calls to frozen process.
05-25 04:31:32.201 I/HalDevMgr(  755): bestIfaceCreationProposal is null, requestIface=STA, existingIface=[name=wlan0 type=STA]
05-25 04:31:33.994 D/SatelliteController( 1139): iisInCarrierRoamingNbIotNtn: satellite is disabled
05-25 04:31:33.995 D/SatelliteController( 1139): getCarrierRoamingNtnConnectType: Falling back to global carrier config connect type: 0
05-25 04:31:33.995 W/libbinder.IPCThreadState(  755): Sending oneway calls to frozen process.
05-25 04:31:35.207 I/HalDevMgr(  755): bestIfaceCreationProposal is null, requestIface=STA, existingIface=[name=wlan0 type=STA]
05-25 04:31:35.544 I/AppSearchIcing(  755): icing-search-engine.cc:2327: Persisting data to disk with mode 3
05-25 04:31:35.549 I/AppSearchIcing(  755): icing-search-engine.cc:2340: PersistToDisk completed.
05-25 04:31:38.212 I/HalDevMgr(  755): bestIfaceCreationProposal is null, requestIface=STA, existingIface=[name=wlan0 type=STA]
05-25 04:31:38.513 D/ActivityManager(  755): sync unfroze 1484 com.google.android.gms for 6
05-25 04:31:38.514 D/ActivityManager(  755): sync unfroze 9602 com.google.android.adservices.api for 6
05-25 04:31:38.520 D/BoundBrokerSvc( 1484): onUnbind: Intent { act=com.google.android.gms.common.BIND_SHARED_PREFS xflg=0x4 pkg=com.google.android.gms }
05-25 04:31:38.522 I/NetworkScheduler.Stats( 1334): (REDACTED) Task %s/%s started execution. cause:%s exec_start_elapsed_seconds: %s
05-25 04:31:38.525 I/NetworkScheduler.Stats( 1334): (REDACTED) Task %s/%s finished executing. cause:%s result: %s elapsed_millis: %s uptime_millis: %s exec_start_elapsed_seconds: %s
05-25 04:31:41.214 I/HalDevMgr(  755): bestIfaceCreationProposal is null, requestIface=STA, existingIface=[name=wlan0 type=STA]
05-25 04:31:43.534 D/InetDiagMessage(  755): Destroyed 0 sockets, proto=IPPROTO_TCP, family=AF_INET, states=14
05-25 04:31:43.534 D/InetDiagMessage(  755): Destroyed 0 sockets, proto=IPPROTO_TCP, family=AF_INET6, states=14
05-25 04:31:43.534 D/InetDiagMessage(  755): Destroyed live tcp sockets for uids={10202} in 1ms
05-25 04:31:43.535 D/InetDiagMessage(  755): Destroyed 0 sockets, proto=IPPROTO_TCP, family=AF_INET, states=14
05-25 04:31:43.536 D/InetDiagMessage(  755): Destroyed 0 sockets, proto=IPPROTO_TCP, family=AF_INET6, states=14
05-25 04:31:43.536 D/InetDiagMessage(  755): Destroyed live tcp sockets for uids={20202} in 2ms
05-25 04:31:43.995 D/SatelliteController( 1139): iisInCarrierRoamingNbIotNtn: satellite is disabled
05-25 04:31:43.996 D/SatelliteController( 1139): getCarrierRoamingNtnConnectType: Falling back to global carrier config connect type: 0
05-25 04:31:43.996 W/libbinder.IPCThreadState(  755): Sending oneway calls to frozen process.
05-25 04:31:44.217 I/HalDevMgr(  755): bestIfaceCreationProposal is null, requestIface=STA, existingIface=[name=wlan0 type=STA]
05-25 04:31:44.822 D/InetDiagMessage(  755): Destroyed 0 sockets, proto=IPPROTO_TCP, family=AF_INET, states=14
05-25 04:31:44.822 D/InetDiagMessage(  755): Destroyed 0 sockets, proto=IPPROTO_TCP, family=AF_INET6, states=14
05-25 04:31:44.822 D/InetDiagMessage(  755): Destroyed live tcp sockets for uids={10162} in 1ms
05-25 04:31:44.822 D/InetDiagMessage(  755): Destroyed 0 sockets, proto=IPPROTO_TCP, family=AF_INET, states=14
05-25 04:31:44.823 D/InetDiagMessage(  755): Destroyed 0 sockets, proto=IPPROTO_TCP, family=AF_INET6, states=14
05-25 04:31:44.823 D/InetDiagMessage(  755): Destroyed live tcp sockets for uids={20162} in 1ms
05-25 04:31:47.069 W/AlarmManager( 1086): Unrecognized alarm listener com.android.networkstack.android.net.ip.IpClientLinkObserver$Dhcp6PdPreferredPrefixAlarmListener@53f750b
05-25 04:31:47.069 D/ApfFilter( 1086): (wlan0): Adding RA fe80::2 -> ff02::1 1800s fec0::/64 86400s/14400s 
05-25 04:31:47.220 I/HalDevMgr(  755): bestIfaceCreationProposal is null, requestIface=STA, existingIface=[name=wlan0 type=STA]
05-25 04:31:48.558 I/GmscoreIpa( 1484): Starting mediastore instant index [CONTEXT service_id=255 ]
05-25 04:31:49.819 D/ActivityManager(  755): freezing 2368 com.google.android.apps.photos
05-25 04:31:49.824 D/InetDiagMessage(  755): Destroyed 0 sockets, proto=IPPROTO_TCP, family=AF_INET, states=14
05-25 04:31:49.824 D/InetDiagMessage(  755): Destroyed 0 sockets, proto=IPPROTO_TCP, family=AF_INET6, states=14
05-25 04:31:49.824 D/InetDiagMessage(  755): Destroyed live tcp sockets for uids={10162} in 1ms
05-25 04:31:50.224 I/HalDevMgr(  755): bestIfaceCreationProposal is null, requestIface=STA, existingIface=[name=wlan0 type=STA]
05-25 04:31:53.231 I/HalDevMgr(  755): bestIfaceCreationProposal is null, requestIface=STA, existingIface=[name=wlan0 type=STA]
05-25 04:31:53.996 D/SatelliteController( 1139): iisInCarrierRoamingNbIotNtn: satellite is disabled
