--------- beginning of main
05-25 04:42:30.958 D/AndroidRuntime(18582): >>>>>> START com.android.internal.os.RuntimeInit uid 2000 <<<<<<
05-25 04:42:30.962 I/AndroidRuntime(18582): Using default boot image
05-25 04:42:30.963 I/AndroidRuntime(18582): Leaving lock profiling enabled
05-25 04:42:30.966 I/app_process(18582): Using CollectorTypeCMC GC.
05-25 04:42:31.036 D/nativeloader(18582): InitDefaultPublicLibraries for_preload=1: libandroid.so:libaaudio.so:libamidi.so:libbinder_ndk.so:libc.so:libcamera2ndk.so:libdl.so:libEGL.so:libGLESv1_CM.so:libGLESv2.so:libGLESv3.so:libicu.so:libicui18n.so:libicuuc.so:libjnigraphics.so:liblog.so:libmediandk.so:libm.so:libnativehelper.so:libnativewindow.so:libOpenMAXAL.so:libOpenSLES.so:libRS.so:libstdc++.so:libsync.so:libvulkan.so:libwebviewchromium_plat_support.so:libz.so
05-25 04:42:31.045 D/nativeloader(18582): Load libicu_jni.so using APEX ns com_android_art for caller /apex/com.android.art/javalib/core-oj.jar: ok
05-25 04:42:31.045 D/app_process(18582): u_setTimeZoneFilesDirectory("/apex/com.android.tzdata/etc/tz/versioned/9/icu") succeeded. 
05-25 04:42:31.045 D/app_process(18582): I18n APEX ICU file found: /apex/com.android.i18n/etc/icu/icudt76l.dat
05-25 04:42:31.046 D/nativeloader(18582): Load libjavacore.so using APEX ns com_android_art for caller /apex/com.android.art/javalib/core-oj.jar: ok
05-25 04:42:31.047 D/nativeloader(18582): Load libopenjdk.so using APEX ns com_android_art for caller /apex/com.android.art/javalib/core-oj.jar: ok
05-25 04:42:31.048 I/app_process(18582): Priority-to-niceness mapping: 19, 16, 13, 10, 0, -2, -4, -5, -6, -8
05-25 04:42:31.048 W/app_process(18582): Unexpected CPU variant for x86: x86_64.
05-25 04:42:31.048 W/app_process(18582): Known variants: atom, sandybridge, silvermont, goldmont, goldmont-plus, goldmont-without-sha-xsaves, tremont, kabylake, alderlake, default
05-25 04:42:31.050 W/app_process(18582): ClassLoaderContext shared library size mismatch. Expected=2, found=0 (PCL[]{PCL[/system/framework/android.test.base.jar*1653369819]#PCL[/system/framework/android.test.mock.jar*1009639922]} | PCL[])
05-25 04:42:31.050 W/app_process(18582): ClassLoaderContext classpath size mismatch. expected=0, found=1 (PCL[]{PCL[/system/framework/android.test.runner.jar*3954641918]{PCL[/system/framework/android.test.base.jar*1653369819]#PCL[/system/framework/android.test.mock.jar*1009639922]}#PCL[/system/framework/android.test.base.jar*1653369819]} | PCL[/system/framework/android.test.runner.jar*3954641918])
05-25 04:42:31.072 D/nativeloader(18582): Load libframework-connectivity-tiramisu-jni.so using APEX ns com_android_tethering for caller /apex/com.android.tethering/javalib/framework-connectivity-t.jar: ok
05-25 04:42:31.072 D/AndroidRuntime(18582): Calling main entry com.android.commands.uiautomator.Launcher
05-25 04:42:31.076 I/AconfigPackage(18582): android.media.swcodec.flags is mapped to com.android.media.swcodec
05-25 04:42:31.077 I/AconfigPackage(18582): com.android.permission.flags is mapped to com.android.permission
05-25 04:42:31.077 I/AconfigPackage(18582): com.android.permissioncontroller.flags is mapped to com.android.permission
05-25 04:42:31.077 I/AconfigPackage(18582): com.android.icu is mapped to com.android.i18n
05-25 04:42:31.077 I/AconfigPackage(18582): com.android.appsearch.flags is mapped to com.android.appsearch
05-25 04:42:31.077 I/AconfigPackage(18582): android.uprobestats.mainline.flags is mapped to com.android.uprobestats
05-25 04:42:31.077 I/AconfigPackage(18582): com.android.crashrecovery.flags is mapped to com.android.crashrecovery
05-25 04:42:31.077 I/AconfigPackage(18582): android.provider.flags is mapped to com.android.configinfrastructure
05-25 04:42:31.077 I/AconfigPackage(18582): com.android.server.deviceconfig is mapped to com.android.configinfrastructure
05-25 04:42:31.077 I/AconfigPackage(18582): com.android.compos.flags is mapped to com.android.compos
05-25 04:42:31.077 I/AconfigPackage(18582): com.android.art.flags is mapped to com.android.art
05-25 04:42:31.077 I/AconfigPackage(18582): com.android.art.rw.flags is mapped to com.android.art
05-25 04:42:31.077 I/AconfigPackage(18582): com.android.libcore is mapped to com.android.art
05-25 04:42:31.078 I/AconfigPackage(18582): com.android.telephony.flags is mapped to com.android.telephonycore
05-25 04:42:31.078 I/AconfigPackage(18582): com.android.media.extractor.flags is mapped to com.android.media
05-25 04:42:31.078 I/AconfigPackage(18582): com.android.media.mainline.flags is mapped to com.android.media
05-25 04:42:31.078 I/AconfigPackage(18582): com.android.wifi.flags is mapped to com.android.wifi
05-25 04:42:31.078 I/AconfigPackage(18582): com.android.org.conscrypt.flags is mapped to com.android.conscrypt
05-25 04:42:31.078 I/AconfigPackage(18582): com.android.org.conscrypt.net.flags is mapped to com.android.conscrypt
05-25 04:42:31.078 I/AconfigPackage(18582): com.android.healthfitness.flags is mapped to com.android.healthfitness
05-25 04:42:31.078 I/AconfigPackage(18582): com.android.ipsec.flags is mapped to com.android.ipsec
05-25 04:42:31.078 I/AconfigPackage(18582): com.android.nfc.module.flags is mapped to com.android.nfcservices
05-25 04:42:31.078 I/AconfigPackage(18582): com.android.adservices.ondevicepersonalization.flags is mapped to com.android.ondevicepersonalization
05-25 04:42:31.078 I/AconfigPackage(18582): com.android.adbd.flags is mapped to com.android.adbd
05-25 04:42:31.079 I/AconfigPackage(18582): com.android.bluetooth.flags is mapped to com.android.bt
05-25 04:42:31.079 I/AconfigPackage(18582): com.android.devicelock.flags is mapped to com.android.devicelock
05-25 04:42:31.079 I/AconfigPackage(18582): android.os.profiling is mapped to com.android.profiling
05-25 04:42:31.079 I/AconfigPackage(18582): android.os.profiling.anomaly.flags is mapped to com.android.profiling
05-25 04:42:31.079 I/AconfigPackage(18582): com.android.os.statsd.flags is mapped to com.android.os.statsd
05-25 04:42:31.079 I/AconfigPackage(18582): com.android.rkpd.flags is mapped to com.android.rkpd
05-25 04:42:31.079 I/AconfigPackage(18582): com.android.cellbroadcastreceiver.flags is mapped to com.android.cellbroadcast
05-25 04:42:31.079 I/AconfigPackage(18582): com.android.adservices.flags is mapped to com.android.adservices
05-25 04:42:31.080 I/AconfigPackage(18582): com.android.sdksandbox.flags is mapped to com.android.adservices
05-25 04:42:31.080 I/AconfigPackage(18582): com.android.uwb.flags is mapped to com.android.uwb
05-25 04:42:31.080 I/AconfigPackage(18582): com.android.ranging.flags is mapped to com.android.uwb
05-25 04:42:31.080 I/AconfigPackage(18582): android.graphics.pdf.flags is mapped to com.android.mediaprovider
05-25 04:42:31.080 I/AconfigPackage(18582): com.android.providers.media.flags is mapped to com.android.mediaprovider
05-25 04:42:31.080 I/AconfigPackage(18582): android.graphics.pdf.flags.readonly is mapped to com.android.mediaprovider
05-25 04:42:31.080 I/AconfigPackage(18582): com.android.tethering.mainline.beta is mapped to com.android.tethering
05-25 04:42:31.080 I/AconfigPackage(18582): android.net.http is mapped to com.android.tethering
05-25 04:42:31.080 I/AconfigPackage(18582): com.android.tethering.readonly.flags is mapped to com.android.tethering
05-25 04:42:31.080 I/AconfigPackage(18582): android.net.vcn is mapped to com.android.tethering
05-25 04:42:31.080 I/AconfigPackage(18582): com.android.net.flags is mapped to com.android.tethering
05-25 04:42:31.080 I/AconfigPackage(18582): com.android.tethering.beta.test is mapped to com.android.tethering
05-25 04:42:31.080 I/AconfigPackage(18582): com.android.nearby.flags is mapped to com.android.tethering
05-25 04:42:31.080 I/AconfigPackage(18582): com.android.net.ct.flags is mapped to com.android.tethering
05-25 04:42:31.080 I/AconfigPackage(18582): com.android.net.thread.flags is mapped to com.android.tethering
05-25 04:42:31.080 I/AconfigPackage(18582): com.android.system.virtualmachine.flags is mapped to com.android.virt
05-25 04:42:31.081 E/FeatureFlagsImplExport(18582): android.os.flagging.AconfigStorageReadException: ERROR_PACKAGE_NOT_FOUND: package android.xr cannot be found on the device
05-25 04:42:31.083 D/UiAutomationConnection(18582): Created on user UserHandle{0}
05-25 04:42:31.083 I/UiAutomation(18582): Initialized for user 0 on display 0
05-25 04:42:31.083 W/UiAutomation(18582): Created with deprecatead constructor, assumes DEFAULT_DISPLAY
--------- beginning of system
05-25 04:42:31.087 D/AccessibilityManagerService(  755): changeCurrentUserForTestAutomationIfNeededLocked(0): ignoring because device doesn't support visible background users
05-25 04:42:31.087 I/UiAutomationManager(  755): Registering UiTestAutomationService (id=com.android.server.accessibility/UiAutomation, flags=0x0) when called by user 0
05-25 04:42:31.087 V/AccessibilityManagerService(  755): onUserStateChangedLocked for userId: 0, forceUpdate: false
05-25 04:42:31.088 V/AccessibilityUserState(  755): updateShortcutTargets: type:accessibility_shortcut_target_service, current:{}, new:{}
05-25 04:42:31.088 V/AccessibilityUserState(  755): updateShortcutTargets: type:accessibility_button_targets, current:{}, new:{}
05-25 04:42:31.088 V/AccessibilityUserState(  755): updateShortcutTargets: type:accessibility_gesture_targets, current:{}, new:{}
05-25 04:42:31.088 V/AccessibilityUserState(  755): updateShortcutTargets: type:accessibility_qs_targets, current:{}, new:{}
05-25 04:42:31.088 V/AccessibilityUserState(  755): updateShortcutTargets: type:accessibility_key_gesture_targets, current:{}, new:{}
05-25 04:42:31.088 W/MagnificationConnectionManager(  755): requestConnection duplicated request: connect=false, mConnectionState=DISCONNECTED
05-25 04:42:31.088 I/AiAiEcho( 1546): Settings changed for uri: content://settings/secure/accessibility_enabled
05-25 04:42:31.089 I/AiAiEcho( 1546): Predicting[0]:  [CONTEXT sampling_count=5 ]
05-25 04:42:31.089 I/AiAiEcho( 1546): EchoTargets: 
05-25 04:42:31.089 I/AiAiEcho( 1546): Filtered by AiAi flag check: 
05-25 04:42:31.089 I/AiAiEcho( 1546): [CONTEXT ratelimit_period="10 SECONDS" ]
05-25 04:42:31.089 I/AiAiEcho( 1546): #remoteViewsTwiddler: feature disabled.
05-25 04:42:31.089 I/AiAiEcho( 1546): Predicting[0]:  [CONTEXT sampling_count=5 ]
05-25 04:42:31.089 I/AiAiEcho( 1546): EchoTargets: 
05-25 04:42:31.089 I/AiAiEcho( 1546): Filtered by AiAi flag check: 
05-25 04:42:31.089 I/AiAiEcho( 1546): [CONTEXT ratelimit_period="10 SECONDS" ]
05-25 04:42:31.089 I/AiAiEcho( 1546): #remoteViewsTwiddler: feature disabled.
05-25 04:42:31.090 W/libbinder.IPCThreadState(  755): Sending oneway calls to frozen process.
05-25 04:42:31.090 I/AiAiEcho( 1546): #postPredictionTargets: Sending updates to UISurface lockscreen with targets# 0 (types=[])
05-25 04:42:31.091 W/SsPagerDots( 1012): Total number of pages invalid: 0. Assuming 1 page.
05-25 04:42:31.091 I/AiAiEcho( 1546): #postPredictionTargets: Sending updates to UISurface home with targets# 0 (types=[])
05-25 04:42:31.094 W/libbinder.IPCThreadState(  755): Sending oneway calls to frozen process.
05-25 04:42:31.094 W/libbinder.IPCThreadState(  755): Sending oneway calls to frozen process.
05-25 04:42:31.094 W/libbinder.IPCThreadState(  755): Sending oneway calls to frozen process.
05-25 04:42:31.094 W/libbinder.IPCThreadState(  755): Sending oneway calls to frozen process.
05-25 04:42:31.094 W/libbinder.IPCThreadState(  755): Sending oneway calls to frozen process.
05-25 04:42:31.094 W/libbinder.IPCThreadState(  755): Sending oneway calls to frozen process.
05-25 04:42:31.094 W/libbinder.IPCThreadState(  755): Sending oneway calls to frozen process.
05-25 04:42:31.094 W/libbinder.IPCThreadState(  755): Sending oneway calls to frozen process.
05-25 04:42:31.097 W/libbinder.IPCThreadState(  755): Sending oneway calls to frozen process.
05-25 04:42:31.099 W/libbinder.IPCThreadState(  755): Sending oneway calls to frozen process.
05-25 04:42:31.099 V/AccessibilityManagerService(  755): onUserStateChangedLocked for userId: 0, forceUpdate: false
05-25 04:42:31.099 W/libbinder.IPCThreadState(  755): Sending oneway calls to frozen process.
05-25 04:42:31.099 W/libbinder.IPCThreadState(  755): Sending oneway calls to frozen process.
05-25 04:42:31.100 V/AccessibilityUserState(  755): updateShortcutTargets: type:accessibility_shortcut_target_service, current:{}, new:{}
05-25 04:42:31.100 V/AccessibilityUserState(  755): updateShortcutTargets: type:accessibility_button_targets, current:{}, new:{}
05-25 04:42:31.100 V/AccessibilityUserState(  755): updateShortcutTargets: type:accessibility_gesture_targets, current:{}, new:{}
05-25 04:42:31.100 V/AccessibilityUserState(  755): updateShortcutTargets: type:accessibility_qs_targets, current:{}, new:{}
05-25 04:42:31.100 V/AccessibilityUserState(  755): updateShortcutTargets: type:accessibility_key_gesture_targets, current:{}, new:{}
05-25 04:42:31.100 W/MagnificationConnectionManager(  755): requestConnection duplicated request: connect=false, mConnectionState=DISCONNECTED
05-25 04:42:31.100 I/AiAiEcho( 1546): Settings changed for uri: content://settings/secure/accessibility_enabled
05-25 04:42:31.100 W/libbinder.IPCThreadState(  755): Sending oneway calls to frozen process.
05-25 04:42:31.100 W/libbinder.IPCThreadState(  755): Sending oneway calls to frozen process.
05-25 04:42:31.101 I/AiAiEcho( 1546): Predicting[0]:  [CONTEXT sampling_count=5 ]
05-25 04:42:31.101 I/AiAiEcho( 1546): EchoTargets: 
05-25 04:42:31.101 I/AiAiEcho( 1546): Filtered by AiAi flag check: 
05-25 04:42:31.101 I/AiAiEcho( 1546): [CONTEXT ratelimit_period="10 SECONDS" ]
05-25 04:42:31.101 I/AiAiEcho( 1546): #remoteViewsTwiddler: feature disabled.
05-25 04:42:31.101 W/libbinder.IPCThreadState(  755): Sending oneway calls to frozen process.
05-25 04:42:31.102 W/libbinder.IPCThreadState(  755): Sending oneway calls to frozen process.
05-25 04:42:31.103 I/AiAiEcho( 1546): Predicting[0]:  [CONTEXT sampling_count=5 ]
05-25 04:42:31.103 I/AiAiEcho( 1546): EchoTargets: 
05-25 04:42:31.103 I/AiAiEcho( 1546): Filtered by AiAi flag check: 
05-25 04:42:31.103 I/AiAiEcho( 1546): [CONTEXT ratelimit_period="10 SECONDS" ]
05-25 04:42:31.103 I/AiAiEcho( 1546): #remoteViewsTwiddler: feature disabled.
05-25 04:42:31.103 I/AiAiEcho( 1546): #postPredictionTargets: Sending updates to UISurface lockscreen with targets# 0 (types=[])
05-25 04:42:31.104 W/SsPagerDots( 1012): Total number of pages invalid: 0. Assuming 1 page.
05-25 04:42:31.104 I/AiAiEcho( 1546): #postPredictionTargets: Sending updates to UISurface home with targets# 0 (types=[])
05-25 04:42:31.104 W/libbinder.IPCThreadState(  755): Sending oneway calls to frozen process.
05-25 04:42:31.104 W/libbinder.IPCThreadState(  755): Sending oneway calls to frozen process.
05-25 04:42:31.104 W/libbinder.IPCThreadState(  755): Sending oneway calls to frozen process.
05-25 04:42:31.104 W/libbinder.IPCThreadState(  755): Sending oneway calls to frozen process.
05-25 04:42:31.104 W/libbinder.IPCThreadState(  755): Sending oneway calls to frozen process.
05-25 04:42:31.105 W/libbinder.IPCThreadState(  755): Sending oneway calls to frozen process.
05-25 04:42:31.105 W/libbinder.IPCThreadState(  755): Sending oneway calls to frozen process.
05-25 04:42:31.105 W/libbinder.IPCThreadState(  755): Sending oneway calls to frozen process.
05-25 04:42:31.108 W/libbinder.IPCThreadState(  755): Sending oneway calls to frozen process.
05-25 04:42:31.108 W/libbinder.IPCThreadState(  755): Sending oneway calls to frozen process.
05-25 04:42:31.108 W/libbinder.IPCThreadState(  755): Sending oneway calls to frozen process.
05-25 04:42:31.108 W/libbinder.IPCThreadState(  755): Sending oneway calls to frozen process.
05-25 04:42:31.108 W/libbinder.IPCThreadState(  755): Sending oneway calls to frozen process.
05-25 04:42:31.109 W/libbinder.IPCThreadState(  755): Sending oneway calls to frozen process.
05-25 04:42:31.109 W/libbinder.IPCThreadState(  755): Sending oneway calls to frozen process.
05-25 04:42:31.109 W/libbinder.IPCThreadState(  755): Sending oneway calls to frozen process.
05-25 04:42:31.112 W/libbinder.IPCThreadState(  755): Sending oneway calls to frozen process.
05-25 04:42:31.112 W/libbinder.IPCThreadState(  755): Sending oneway calls to frozen process.
05-25 04:42:31.112 W/libbinder.IPCThreadState(  755): Sending oneway calls to frozen process.
05-25 04:42:31.112 W/libbinder.IPCThreadState(  755): Sending oneway calls to frozen process.
05-25 04:42:31.112 W/libbinder.IPCThreadState(  755): Sending oneway calls to frozen process.
05-25 04:42:31.113 W/libbinder.IPCThreadState(  755): Sending oneway calls to frozen process.
05-25 04:42:31.113 W/libbinder.IPCThreadState(  755): Sending oneway calls to frozen process.
05-25 04:42:31.113 D/BatterySaverPolicy(  755): accessibility changed to true, updating policy.
05-25 04:42:31.116 D/AccessibilityManagerService(  755): .getAccessibilityShortcutTargets {shortcutType=32, userId=0}
05-25 04:42:32.141 W/AccessibilityNodeInfoDumper(18582): Fetch time: 1ms
05-25 04:42:32.142 V/AccessibilityManagerService(  755): onUserStateChangedLocked for userId: 0, forceUpdate: false
05-25 04:42:32.145 V/AccessibilityUserState(  755): updateShortcutTargets: type:accessibility_shortcut_target_service, current:{}, new:{}
05-25 04:42:32.145 V/AccessibilityUserState(  755): updateShortcutTargets: type:accessibility_button_targets, current:{}, new:{}
05-25 04:42:32.145 V/AccessibilityUserState(  755): updateShortcutTargets: type:accessibility_gesture_targets, current:{}, new:{}
05-25 04:42:32.145 V/AccessibilityUserState(  755): updateShortcutTargets: type:accessibility_qs_targets, current:{}, new:{}
05-25 04:42:32.145 V/AccessibilityUserState(  755): updateShortcutTargets: type:accessibility_key_gesture_targets, current:{}, new:{}
05-25 04:42:32.145 W/MagnificationConnectionManager(  755): requestConnection duplicated request: connect=false, mConnectionState=DISCONNECTED
05-25 04:42:32.145 D/AccessibilityManagerService(  755): restoreCurrentUserForTestAutomationIfNeededLocked(): ignoring because device doesn't support visible background users
05-25 04:42:32.145 W/libbinder.IPCThreadState(  755): Sending oneway calls to frozen process.
05-25 04:42:32.147 I/AiAiEcho( 1546): Settings changed for uri: content://settings/secure/accessibility_enabled
05-25 04:42:32.147 D/AndroidRuntime(18582): Shutting down VM
05-25 04:42:32.148 I/AiAiEcho( 1546): Predicting[0]:  [CONTEXT sampling_count=5 ]
05-25 04:42:32.148 I/AiAiEcho( 1546): EchoTargets: 
05-25 04:42:32.148 I/AiAiEcho( 1546): Filtered by AiAi flag check: 
05-25 04:42:32.148 I/AiAiEcho( 1546): [CONTEXT ratelimit_period="10 SECONDS" ]
05-25 04:42:32.148 I/AiAiEcho( 1546): #remoteViewsTwiddler: feature disabled.
05-25 04:42:32.148 I/AiAiEcho( 1546): Predicting[0]:  [CONTEXT sampling_count=5 ]
05-25 04:42:32.148 I/AiAiEcho( 1546): EchoTargets: 
05-25 04:42:32.148 I/AiAiEcho( 1546): Filtered by AiAi flag check: 
05-25 04:42:32.148 I/AiAiEcho( 1546): [CONTEXT ratelimit_period="10 SECONDS" ]
05-25 04:42:32.148 W/libbinder.IPCThreadState(18582): call to talkWithDriver in joinThreadPool returned error: -9 (Bad file descriptor), FD: -1
05-25 04:42:32.148 I/AiAiEcho( 1546): #remoteViewsTwiddler: feature disabled.
05-25 04:42:32.149 I/AiAiEcho( 1546): #postPredictionTargets: Sending updates to UISurface lockscreen with targets# 0 (types=[])
05-25 04:42:32.149 W/libbinder.IPCThreadState(  755): Sending oneway calls to frozen process.
05-25 04:42:32.149 W/libbinder.IPCThreadState(  755): Sending oneway calls to frozen process.
05-25 04:42:32.149 W/libbinder.IPCThreadState(  755): Sending oneway calls to frozen process.
05-25 04:42:32.149 W/libbinder.IPCThreadState(  755): Sending oneway calls to frozen process.
05-25 04:42:32.149 I/AiAiEcho( 1546): #postPredictionTargets: Sending updates to UISurface home with targets# 0 (types=[])
05-25 04:42:32.149 W/libbinder.IPCThreadState(  755): Sending oneway calls to frozen process.
05-25 04:42:32.149 W/libbinder.IPCThreadState(  755): Sending oneway calls to frozen process.
05-25 04:42:32.149 W/SsPagerDots( 1012): Total number of pages invalid: 0. Assuming 1 page.
05-25 04:42:32.149 W/libbinder.IPCThreadState(  755): Sending oneway calls to frozen process.
05-25 04:42:32.150 W/libbinder.IPCThreadState(  755): Sending oneway calls to frozen process.
05-25 04:42:32.150 W/libbinder.IPCThreadState(18582): call to talkWithDriver in joinThreadPool returned error: -9 (Bad file descriptor), FD: -1
05-25 04:42:32.154 W/libbinder.IPCThreadState(  755): Sending oneway calls to frozen process.
05-25 04:42:32.154 W/libbinder.IPCThreadState(  755): Sending oneway calls to frozen process.
05-25 04:42:32.154 W/libbinder.IPCThreadState(  755): Sending oneway calls to frozen process.
05-25 04:42:32.154 W/libbinder.IPCThreadState(  755): Sending oneway calls to frozen process.
05-25 04:42:32.156 W/libbinder.IPCThreadState(  755): Sending oneway calls to frozen process.
05-25 04:42:32.158 W/libbinder.IPCThreadState(  755): Sending oneway calls to frozen process.
05-25 04:42:32.158 W/libbinder.IPCThreadState(  755): Sending oneway calls to frozen process.
05-25 04:42:32.158 W/libbinder.IPCThreadState(  755): Sending oneway calls to frozen process.
05-25 04:42:32.161 W/libbinder.IPCThreadState(  755): Sending oneway calls to frozen process.
05-25 04:42:32.161 W/libbinder.IPCThreadState(  755): Sending oneway calls to frozen process.
05-25 04:42:32.162 W/libbinder.IPCThreadState(  755): Sending oneway calls to frozen process.
05-25 04:42:32.162 W/libbinder.IPCThreadState(  755): Sending oneway calls to frozen process.
05-25 04:42:32.162 W/libbinder.IPCThreadState(  755): Sending oneway calls to frozen process.
05-25 04:42:32.162 W/libbinder.IPCThreadState(  755): Sending oneway calls to frozen process.
05-25 04:42:32.162 W/libbinder.IPCThreadState(  755): Sending oneway calls to frozen process.
05-25 04:42:32.162 D/BatterySaverPolicy(  755): accessibility changed to false, updating policy.
05-25 04:42:33.218 D/WindowOnBackDispatcher(18464): setTopOnBackInvokedCallback (unwrapped): io.flutter.embedding.android.FlutterActivity$1@6f0874a
05-25 04:42:33.219 D/CoreBackPreview(  755): Window{48019dd u0 com.tiarnanlarkin.danio/com.tiarnanlarkin.danio.MainActivity}: Setting back callback OnBackInvokedCallbackInfo{mCallback=android.window.IOnBackInvokedCallback$Stub$Proxy@bfd3ae1, mPriority=0, mIsAnimationCallback=true, mOverrideBehavior=0}
05-25 04:42:33.451 I/HalDevMgr(  755): bestIfaceCreationProposal is null, requestIface=STA, existingIface=[name=wlan0 type=STA]
05-25 04:42:34.012 D/SatelliteController( 1139): iisInCarrierRoamingNbIotNtn: satellite is disabled
05-25 04:42:34.012 D/SatelliteController( 1139): getCarrierRoamingNtnConnectType: Falling back to global carrier config connect type: 0
05-25 04:42:34.013 W/libbinder.IPCThreadState(  755): Sending oneway calls to frozen process.
05-25 04:42:34.547 D/WifiNl80211Manager(  755): Scan result ready event
05-25 04:42:34.547 D/WifiNative(  755): Scan result ready event
05-25 04:42:34.550 I/WifiScanner( 1334): onFullResults
05-25 04:42:34.550 I/WifiScanner( 1334): onFullResults
05-25 04:42:34.551 I/HalDevMgr(  755): bestIfaceCreationProposal is null, requestIface=STA, existingIface=[name=wlan0 type=STA]
05-25 04:42:34.804 W/libbinder.BackendUnifiedServiceManager(18602): Thread Pool max thread count is 0. Cannot cache binder as linkToDeath cannot be implemented. serviceName: SurfaceFlingerAIDL
05-25 04:42:34.804 W/libbinder.BpBinder(18602): Linking to death on android.gui.ISurfaceComposer but there are no threads (yet?) listening to incoming transactions. See ProcessState::startThreadPool and ProcessState::setThreadPoolMaxThreadCount. Generally you should setup the binder threadpool before other initialization steps.
05-25 04:42:34.804 W/libbinder.ProcessState(18602): Extra binder thread started, but 0 threads requested. Do not use *startThreadPool when zero threads are requested.
05-25 04:42:34.922 W/MediaProvider( 1529): isAppCloneUserPair for user 0: false
05-25 04:42:34.973 D/ActivityManager(  755): sync unfroze 1484 com.google.android.gms for 6
05-25 04:42:34.974 D/ActivityManager(  755): sync unfroze 9602 com.google.android.adservices.api for 6
05-25 04:42:34.980 I/NetworkScheduler.Stats( 1334): (REDACTED) Task %s/%s started execution. cause:%s exec_start_elapsed_seconds: %s
05-25 04:42:34.983 W/ProcessStats(  755): Tracking association SourceState{120d728 com.google.android.gms/10147 ImpBg #7885} whose proc state 6 is better than process ProcessState{8a31b6 com.google.android.adservices.api/10202 pkg=com.google.android.adservices.api} proc state 14 (1 skipped)
05-25 04:42:34.985 I/NetworkScheduler.Stats( 1334): (REDACTED) Task %s/%s finished executing. cause:%s result: %s elapsed_millis: %s uptime_millis: %s exec_start_elapsed_seconds: %s
05-25 04:42:35.253 I/ActivityManager(  755): Broadcasting: Intent { act=android.intent.action.MEDIA_SCANNER_SCAN_FILE dat=file:///... flg=0x400000 }
05-25 04:42:35.254 I/ActivityManager(  755): Enqueued broadcast Intent { act=android.intent.action.MEDIA_SCANNER_SCAN_FILE dat=file:///... flg=0x400000 }: 0
05-25 04:42:35.255 I/MediaServiceV2( 1529): Creating work for intent Intent { act=android.intent.action.MEDIA_SCANNER_SCAN_FILE dat=file:///... flg=0x1400010 cmp=com.google.android.providers.media.module/com.android.providers.media.MediaServiceV2 }
05-25 04:42:35.255 D/BackgroundInstallControlService(  755): Package event received: 0
05-25 04:42:35.256 I/MediaServiceV2( 1529): Work enqueued for intent: Intent { act=android.intent.action.MEDIA_SCANNER_SCAN_FILE dat=file:///... flg=0x1400010 cmp=com.google.android.providers.media.module/com.android.providers.media.MediaServiceV2 }
05-25 04:42:35.256 I/ActivityManager(  755): Broadcast completed: result=0
05-25 04:42:35.267 W/JobInfo ( 1529): Requested important-while-foreground flag for job918 is ignored and takes no effect
05-25 04:42:35.267 D/WM-SystemJobScheduler( 1529): Scheduling work ID 6934672f-39ed-4d37-bc7c-f6604081c290Job ID 918
05-25 04:42:35.270 D/WM-GreedyScheduler( 1529): Ignoring {WorkSpec: fce74054-5d75-49ac-b1fb-61b1c63b64d1}. Requires device idle.
05-25 04:42:35.270 D/WM-GreedyScheduler( 1529): Ignoring {WorkSpec: 748d3965-3023-45a6-9a32-baafa7d90ebf}. Requires device idle.
05-25 04:42:35.270 D/WM-GreedyScheduler( 1529): Ignoring {WorkSpec: bbc248da-5aec-4565-83d8-ed90ba3a683c}. Requires device idle.
05-25 04:42:35.270 D/WM-GreedyScheduler( 1529): Ignoring {WorkSpec: a7b8fc44-3a39-43d5-96b8-cef5bb529d35}. Requires device idle.
05-25 04:42:35.270 D/WM-GreedyScheduler( 1529): Starting work for 6934672f-39ed-4d37-bc7c-f6604081c290
05-25 04:42:35.274 D/WM-Processor( 1529): Processor: processing WorkGenerationalId(workSpecId=6934672f-39ed-4d37-bc7c-f6604081c290, generation=0)
05-25 04:42:35.281 D/WM-SystemJobService( 1529): onStartJob for WorkGenerationalId(workSpecId=6934672f-39ed-4d37-bc7c-f6604081c290, generation=0)
05-25 04:42:35.284 D/WM-WorkerWrapper( 1529): Starting work for com.android.providers.media.MediaServiceV2
05-25 04:42:35.287 I/MediaServiceV2( 1529): Work initiated for action [ android.intent.action.MEDIA_SCANNER_SCAN_FILE ]
05-25 04:42:35.287 D/WM-Processor( 1529): Work WorkGenerationalId(workSpecId=6934672f-39ed-4d37-bc7c-f6604081c290, generation=0) is already enqueued for processing
05-25 04:42:35.297 I/MediaServiceV2( 1529): Work ended for action [ android.intent.action.MEDIA_SCANNER_SCAN_FILE ]
05-25 04:42:35.298 I/WM-WorkerWrapper( 1529): Worker result SUCCESS for Work [ id=6934672f-39ed-4d37-bc7c-f6604081c290, tags={ com.android.providers.media.MediaServiceV2 } ]
05-25 04:42:35.300 D/WM-Processor( 1529): Processor 6934672f-39ed-4d37-bc7c-f6604081c290 executed; reschedule = false
05-25 04:42:35.302 D/WM-SystemJobService( 1529): 6934672f-39ed-4d37-bc7c-f6604081c290 executed on JobScheduler
05-25 04:42:35.305 D/WM-GreedyScheduler( 1529): Cancelling work ID 6934672f-39ed-4d37-bc7c-f6604081c290
05-25 04:42:35.305 D/WM-GreedyScheduler( 1529): Ignoring {WorkSpec: fce74054-5d75-49ac-b1fb-61b1c63b64d1}. Requires device idle.
05-25 04:42:35.305 D/WM-GreedyScheduler( 1529): Ignoring {WorkSpec: 748d3965-3023-45a6-9a32-baafa7d90ebf}. Requires device idle.
05-25 04:42:35.305 D/WM-GreedyScheduler( 1529): Ignoring {WorkSpec: bbc248da-5aec-4565-83d8-ed90ba3a683c}. Requires device idle.
05-25 04:42:35.305 D/WM-GreedyScheduler( 1529): Ignoring {WorkSpec: a7b8fc44-3a39-43d5-96b8-cef5bb529d35}. Requires device idle.
05-25 04:42:35.308 D/WM-SystemJobScheduler( 1529): Scheduling work ID 295489ee-da51-4f29-9014-f28f3d6a5122Job ID 919
05-25 04:42:35.318 D/WM-GreedyScheduler( 1529): Ignoring {WorkSpec: fce74054-5d75-49ac-b1fb-61b1c63b64d1}. Requires device idle.
05-25 04:42:35.318 D/WM-GreedyScheduler( 1529): Ignoring {WorkSpec: 748d3965-3023-45a6-9a32-baafa7d90ebf}. Requires device idle.
05-25 04:42:35.318 D/WM-GreedyScheduler( 1529): Ignoring {WorkSpec: bbc248da-5aec-4565-83d8-ed90ba3a683c}. Requires device idle.
05-25 04:42:35.318 D/WM-GreedyScheduler( 1529): Ignoring {WorkSpec: a7b8fc44-3a39-43d5-96b8-cef5bb529d35}. Requires device idle.
05-25 04:42:35.530 D/AndroidRuntime(18613): >>>>>> START com.android.internal.os.RuntimeInit uid 2000 <<<<<<
05-25 04:42:35.534 I/AndroidRuntime(18613): Using default boot image
05-25 04:42:35.534 I/AndroidRuntime(18613): Leaving lock profiling enabled
05-25 04:42:35.536 I/app_process(18613): Using CollectorTypeCMC GC.
05-25 04:42:35.607 D/nativeloader(18613): InitDefaultPublicLibraries for_preload=1: libandroid.so:libaaudio.so:libamidi.so:libbinder_ndk.so:libc.so:libcamera2ndk.so:libdl.so:libEGL.so:libGLESv1_CM.so:libGLESv2.so:libGLESv3.so:libicu.so:libicui18n.so:libicuuc.so:libjnigraphics.so:liblog.so:libmediandk.so:libm.so:libnativehelper.so:libnativewindow.so:libOpenMAXAL.so:libOpenSLES.so:libRS.so:libstdc++.so:libsync.so:libvulkan.so:libwebviewchromium_plat_support.so:libz.so
05-25 04:42:35.616 D/nativeloader(18613): Load libicu_jni.so using APEX ns com_android_art for caller /apex/com.android.art/javalib/core-oj.jar: ok
05-25 04:42:35.617 D/app_process(18613): u_setTimeZoneFilesDirectory("/apex/com.android.tzdata/etc/tz/versioned/9/icu") succeeded. 
05-25 04:42:35.617 D/app_process(18613): I18n APEX ICU file found: /apex/com.android.i18n/etc/icu/icudt76l.dat
05-25 04:42:35.617 D/nativeloader(18613): Load libjavacore.so using APEX ns com_android_art for caller /apex/com.android.art/javalib/core-oj.jar: ok
05-25 04:42:35.618 D/nativeloader(18613): Load libopenjdk.so using APEX ns com_android_art for caller /apex/com.android.art/javalib/core-oj.jar: ok
05-25 04:42:35.619 I/app_process(18613): Priority-to-niceness mapping: 19, 16, 13, 10, 0, -2, -4, -5, -6, -8
05-25 04:42:35.619 W/app_process(18613): Unexpected CPU variant for x86: x86_64.
05-25 04:42:35.619 W/app_process(18613): Known variants: atom, sandybridge, silvermont, goldmont, goldmont-plus, goldmont-without-sha-xsaves, tremont, kabylake, alderlake, default
05-25 04:42:35.621 W/app_process(18613): ClassLoaderContext shared library size mismatch. Expected=2, found=0 (PCL[]{PCL[/system/framework/android.test.base.jar*1653369819]#PCL[/system/framework/android.test.mock.jar*1009639922]} | PCL[])
05-25 04:42:35.622 W/app_process(18613): ClassLoaderContext classpath size mismatch. expected=0, found=1 (PCL[]{PCL[/system/framework/android.test.runner.jar*3954641918]{PCL[/system/framework/android.test.base.jar*1653369819]#PCL[/system/framework/android.test.mock.jar*1009639922]}#PCL[/system/framework/android.test.base.jar*1653369819]} | PCL[/system/framework/android.test.runner.jar*3954641918])
05-25 04:42:35.642 D/nativeloader(18613): Load libframework-connectivity-tiramisu-jni.so using APEX ns com_android_tethering for caller /apex/com.android.tethering/javalib/framework-connectivity-t.jar: ok
05-25 04:42:35.643 D/AndroidRuntime(18613): Calling main entry com.android.commands.uiautomator.Launcher
05-25 04:42:35.651 I/AconfigPackage(18613): android.media.swcodec.flags is mapped to com.android.media.swcodec
05-25 04:42:35.651 I/AconfigPackage(18613): com.android.permission.flags is mapped to com.android.permission
05-25 04:42:35.652 I/AconfigPackage(18613): com.android.permissioncontroller.flags is mapped to com.android.permission
05-25 04:42:35.652 I/AconfigPackage(18613): com.android.icu is mapped to com.android.i18n
05-25 04:42:35.652 I/AconfigPackage(18613): com.android.appsearch.flags is mapped to com.android.appsearch
05-25 04:42:35.652 I/AconfigPackage(18613): android.uprobestats.mainline.flags is mapped to com.android.uprobestats
05-25 04:42:35.652 I/AconfigPackage(18613): com.android.crashrecovery.flags is mapped to com.android.crashrecovery
05-25 04:42:35.652 I/AconfigPackage(18613): android.provider.flags is mapped to com.android.configinfrastructure
05-25 04:42:35.652 I/AconfigPackage(18613): com.android.server.deviceconfig is mapped to com.android.configinfrastructure
05-25 04:42:35.652 I/AconfigPackage(18613): com.android.compos.flags is mapped to com.android.compos
05-25 04:42:35.652 I/AconfigPackage(18613): com.android.art.flags is mapped to com.android.art
05-25 04:42:35.652 I/AconfigPackage(18613): com.android.art.rw.flags is mapped to com.android.art
05-25 04:42:35.652 I/AconfigPackage(18613): com.android.libcore is mapped to com.android.art
05-25 04:42:35.652 I/AconfigPackage(18613): com.android.telephony.flags is mapped to com.android.telephonycore
05-25 04:42:35.652 I/AconfigPackage(18613): com.android.media.extractor.flags is mapped to com.android.media
05-25 04:42:35.652 I/AconfigPackage(18613): com.android.media.mainline.flags is mapped to com.android.media
05-25 04:42:35.653 I/AconfigPackage(18613): com.android.wifi.flags is mapped to com.android.wifi
05-25 04:42:35.653 I/AconfigPackage(18613): com.android.org.conscrypt.flags is mapped to com.android.conscrypt
05-25 04:42:35.653 I/AconfigPackage(18613): com.android.org.conscrypt.net.flags is mapped to com.android.conscrypt
05-25 04:42:35.653 I/AconfigPackage(18613): com.android.healthfitness.flags is mapped to com.android.healthfitness
05-25 04:42:35.653 I/AconfigPackage(18613): com.android.ipsec.flags is mapped to com.android.ipsec
05-25 04:42:35.653 I/AconfigPackage(18613): com.android.nfc.module.flags is mapped to com.android.nfcservices
05-25 04:42:35.653 I/AconfigPackage(18613): com.android.adservices.ondevicepersonalization.flags is mapped to com.android.ondevicepersonalization
05-25 04:42:35.653 I/AconfigPackage(18613): com.android.adbd.flags is mapped to com.android.adbd
05-25 04:42:35.653 I/AconfigPackage(18613): com.android.bluetooth.flags is mapped to com.android.bt
05-25 04:42:35.653 I/AconfigPackage(18613): com.android.devicelock.flags is mapped to com.android.devicelock
05-25 04:42:35.653 I/AconfigPackage(18613): android.os.profiling is mapped to com.android.profiling
05-25 04:42:35.653 I/AconfigPackage(18613): android.os.profiling.anomaly.flags is mapped to com.android.profiling
05-25 04:42:35.654 I/AconfigPackage(18613): com.android.os.statsd.flags is mapped to com.android.os.statsd
05-25 04:42:35.654 I/AconfigPackage(18613): com.android.rkpd.flags is mapped to com.android.rkpd
05-25 04:42:35.654 I/AconfigPackage(18613): com.android.cellbroadcastreceiver.flags is mapped to com.android.cellbroadcast
05-25 04:42:35.654 I/AconfigPackage(18613): com.android.adservices.flags is mapped to com.android.adservices
05-25 04:42:35.654 I/AconfigPackage(18613): com.android.sdksandbox.flags is mapped to com.android.adservices
05-25 04:42:35.654 I/AconfigPackage(18613): com.android.uwb.flags is mapped to com.android.uwb
05-25 04:42:35.654 I/AconfigPackage(18613): com.android.ranging.flags is mapped to com.android.uwb
05-25 04:42:35.654 I/AconfigPackage(18613): android.graphics.pdf.flags is mapped to com.android.mediaprovider
05-25 04:42:35.654 I/AconfigPackage(18613): com.android.providers.media.flags is mapped to com.android.mediaprovider
05-25 04:42:35.654 I/AconfigPackage(18613): android.graphics.pdf.flags.readonly is mapped to com.android.mediaprovider
05-25 04:42:35.655 I/AconfigPackage(18613): com.android.tethering.mainline.beta is mapped to com.android.tethering
05-25 04:42:35.657 I/AconfigPackage(18613): android.net.http is mapped to com.android.tethering
05-25 04:42:35.657 I/AconfigPackage(18613): com.android.tethering.readonly.flags is mapped to com.android.tethering
05-25 04:42:35.657 I/AconfigPackage(18613): android.net.vcn is mapped to com.android.tethering
05-25 04:42:35.657 I/AconfigPackage(18613): com.android.net.flags is mapped to com.android.tethering
05-25 04:42:35.657 I/AconfigPackage(18613): com.android.tethering.beta.test is mapped to com.android.tethering
05-25 04:42:35.657 I/AconfigPackage(18613): com.android.nearby.flags is mapped to com.android.tethering
05-25 04:42:35.657 I/AconfigPackage(18613): com.android.net.ct.flags is mapped to com.android.tethering
05-25 04:42:35.657 I/AconfigPackage(18613): com.android.net.thread.flags is mapped to com.android.tethering
05-25 04:42:35.657 I/AconfigPackage(18613): com.android.system.virtualmachine.flags is mapped to com.android.virt
05-25 04:42:35.657 E/FeatureFlagsImplExport(18613): android.os.flagging.AconfigStorageReadException: ERROR_PACKAGE_NOT_FOUND: package android.xr cannot be found on the device
05-25 04:42:35.661 D/UiAutomationConnection(18613): Created on user UserHandle{0}
05-25 04:42:35.661 I/UiAutomation(18613): Initialized for user 0 on display 0
05-25 04:42:35.661 W/UiAutomation(18613): Created with deprecatead constructor, assumes DEFAULT_DISPLAY
05-25 04:42:35.662 D/AccessibilityManagerService(  755): changeCurrentUserForTestAutomationIfNeededLocked(0): ignoring because device doesn't support visible background users
05-25 04:42:35.662 I/UiAutomationManager(  755): Registering UiTestAutomationService (id=com.android.server.accessibility/UiAutomation, flags=0x0) when called by user 0
05-25 04:42:35.663 V/AccessibilityManagerService(  755): onUserStateChangedLocked for userId: 0, forceUpdate: false
05-25 04:42:35.664 V/AccessibilityUserState(  755): updateShortcutTargets: type:accessibility_shortcut_target_service, current:{}, new:{}
05-25 04:42:35.664 V/AccessibilityUserState(  755): updateShortcutTargets: type:accessibility_button_targets, current:{}, new:{}
05-25 04:42:35.664 V/AccessibilityUserState(  755): updateShortcutTargets: type:accessibility_gesture_targets, current:{}, new:{}
05-25 04:42:35.664 V/AccessibilityUserState(  755): updateShortcutTargets: type:accessibility_qs_targets, current:{}, new:{}
05-25 04:42:35.664 V/AccessibilityUserState(  755): updateShortcutTargets: type:accessibility_key_gesture_targets, current:{}, new:{}
05-25 04:42:35.664 W/MagnificationConnectionManager(  755): requestConnection duplicated request: connect=false, mConnectionState=DISCONNECTED
05-25 04:42:35.665 I/AiAiEcho( 1546): Settings changed for uri: content://settings/secure/accessibility_enabled
05-25 04:42:35.665 W/libbinder.IPCThreadState(  755): Sending oneway calls to frozen process.
05-25 04:42:35.667 W/libbinder.IPCThreadState(  755): Sending oneway calls to frozen process.
05-25 04:42:35.667 W/libbinder.IPCThreadState(  755): Sending oneway calls to frozen process.
05-25 04:42:35.667 W/libbinder.IPCThreadState(  755): Sending oneway calls to frozen process.
05-25 04:42:35.667 W/libbinder.IPCThreadState(  755): Sending oneway calls to frozen process.
05-25 04:42:35.667 W/libbinder.IPCThreadState(  755): Sending oneway calls to frozen process.
05-25 04:42:35.667 W/libbinder.IPCThreadState(  755): Sending oneway calls to frozen process.
05-25 04:42:35.667 W/libbinder.IPCThreadState(  755): Sending oneway calls to frozen process.
05-25 04:42:35.667 I/AiAiEcho( 1546): Predicting[0]:  [CONTEXT sampling_count=5 ]
05-25 04:42:35.667 I/AiAiEcho( 1546): EchoTargets: 
05-25 04:42:35.667 I/AiAiEcho( 1546): Filtered by AiAi flag check: 
05-25 04:42:35.667 I/AiAiEcho( 1546): [CONTEXT ratelimit_period="10 SECONDS" ]
05-25 04:42:35.667 W/libbinder.IPCThreadState(  755): Sending oneway calls to frozen process.
05-25 04:42:35.667 I/AiAiEcho( 1546): #remoteViewsTwiddler: feature disabled.
05-25 04:42:35.667 I/AiAiEcho( 1546): Predicting[0]:  [CONTEXT sampling_count=5 ]
05-25 04:42:35.667 I/AiAiEcho( 1546): EchoTargets: 
05-25 04:42:35.667 I/AiAiEcho( 1546): Filtered by AiAi flag check: 
05-25 04:42:35.667 I/AiAiEcho( 1546): [CONTEXT ratelimit_period="10 SECONDS" ]
05-25 04:42:35.668 I/AiAiEcho( 1546): #remoteViewsTwiddler: feature disabled.
05-25 04:42:35.669 I/AiAiEcho( 1546): #postPredictionTargets: Sending updates to UISurface lockscreen with targets# 0 (types=[])
05-25 04:42:35.669 I/AiAiEcho( 1546): #postPredictionTargets: Sending updates to UISurface home with targets# 0 (types=[])
05-25 04:42:35.669 W/SsPagerDots( 1012): Total number of pages invalid: 0. Assuming 1 page.
05-25 04:42:35.671 W/libbinder.IPCThreadState(  755): Sending oneway calls to frozen process.
05-25 04:42:35.671 W/libbinder.IPCThreadState(  755): Sending oneway calls to frozen process.
05-25 04:42:35.671 W/libbinder.IPCThreadState(  755): Sending oneway calls to frozen process.
05-25 04:42:35.671 W/libbinder.IPCThreadState(  755): Sending oneway calls to frozen process.
05-25 04:42:35.671 W/libbinder.IPCThreadState(  755): Sending oneway calls to frozen process.
05-25 04:42:35.671 V/AccessibilityManagerService(  755): onUserStateChangedLocked for userId: 0, forceUpdate: false
05-25 04:42:35.671 W/libbinder.IPCThreadState(  755): Sending oneway calls to frozen process.
05-25 04:42:35.671 W/libbinder.IPCThreadState(  755): Sending oneway calls to frozen process.
05-25 04:42:35.672 V/AccessibilityUserState(  755): updateShortcutTargets: type:accessibility_shortcut_target_service, current:{}, new:{}
05-25 04:42:35.672 V/AccessibilityUserState(  755): updateShortcutTargets: type:accessibility_button_targets, current:{}, new:{}
05-25 04:42:35.672 V/AccessibilityUserState(  755): updateShortcutTargets: type:accessibility_gesture_targets, current:{}, new:{}
05-25 04:42:35.672 V/AccessibilityUserState(  755): updateShortcutTargets: type:accessibility_qs_targets, current:{}, new:{}
05-25 04:42:35.672 V/AccessibilityUserState(  755): updateShortcutTargets: type:accessibility_key_gesture_targets, current:{}, new:{}
05-25 04:42:35.672 W/MagnificationConnectionManager(  755): requestConnection duplicated request: connect=false, mConnectionState=DISCONNECTED
05-25 04:42:35.673 I/AiAiEcho( 1546): Settings changed for uri: content://settings/secure/accessibility_enabled
05-25 04:42:35.673 I/AiAiEcho( 1546): Predicting[0]:  [CONTEXT sampling_count=5 ]
05-25 04:42:35.673 I/AiAiEcho( 1546): EchoTargets: 
05-25 04:42:35.673 I/AiAiEcho( 1546): Filtered by AiAi flag check: 
05-25 04:42:35.673 I/AiAiEcho( 1546): [CONTEXT ratelimit_period="10 SECONDS" ]
05-25 04:42:35.673 I/AiAiEcho( 1546): #remoteViewsTwiddler: feature disabled.
05-25 04:42:35.673 I/AiAiEcho( 1546): Predicting[0]:  [CONTEXT sampling_count=5 ]
05-25 04:42:35.673 I/AiAiEcho( 1546): EchoTargets: 
05-25 04:42:35.673 I/AiAiEcho( 1546): Filtered by AiAi flag check: 
05-25 04:42:35.673 I/AiAiEcho( 1546): [CONTEXT ratelimit_period="10 SECONDS" ]
05-25 04:42:35.673 I/AiAiEcho( 1546): #remoteViewsTwiddler: feature disabled.
05-25 04:42:35.674 W/libbinder.IPCThreadState(  755): Sending oneway calls to frozen process.
05-25 04:42:35.674 W/libbinder.IPCThreadState(  755): Sending oneway calls to frozen process.
05-25 04:42:35.674 W/libbinder.IPCThreadState(  755): Sending oneway calls to frozen process.
05-25 04:42:35.674 W/libbinder.IPCThreadState(  755): Sending oneway calls to frozen process.
05-25 04:42:35.674 W/libbinder.IPCThreadState(  755): Sending oneway calls to frozen process.
05-25 04:42:35.674 W/libbinder.IPCThreadState(  755): Sending oneway calls to frozen process.
05-25 04:42:35.675 I/AiAiEcho( 1546): #postPredictionTargets: Sending updates to UISurface lockscreen with targets# 0 (types=[])
05-25 04:42:35.676 I/AiAiEcho( 1546): #postPredictionTargets: Sending updates to UISurface home with targets# 0 (types=[])
05-25 04:42:35.677 W/libbinder.IPCThreadState(  755): Sending oneway calls to frozen process.
05-25 04:42:35.677 W/libbinder.IPCThreadState(  755): Sending oneway calls to frozen process.
05-25 04:42:35.678 W/libbinder.IPCThreadState(  755): Sending oneway calls to frozen process.
05-25 04:42:35.678 W/libbinder.IPCThreadState(  755): Sending oneway calls to frozen process.
05-25 04:42:35.678 W/libbinder.IPCThreadState(  755): Sending oneway calls to frozen process.
05-25 04:42:35.678 W/libbinder.IPCThreadState(  755): Sending oneway calls to frozen process.
05-25 04:42:35.678 W/libbinder.IPCThreadState(  755): Sending oneway calls to frozen process.
05-25 04:42:35.678 W/libbinder.IPCThreadState(  755): Sending oneway calls to frozen process.
05-25 04:42:35.679 W/libbinder.IPCThreadState(  755): Sending oneway calls to frozen process.
05-25 04:42:35.679 W/libbinder.IPCThreadState(  755): Sending oneway calls to frozen process.
05-25 04:42:35.679 W/libbinder.IPCThreadState(  755): Sending oneway calls to frozen process.
05-25 04:42:35.679 W/libbinder.IPCThreadState(  755): Sending oneway calls to frozen process.
05-25 04:42:35.679 W/libbinder.IPCThreadState(  755): Sending oneway calls to frozen process.
05-25 04:42:35.679 W/libbinder.IPCThreadState(  755): Sending oneway calls to frozen process.
05-25 04:42:35.679 W/libbinder.IPCThreadState(  755): Sending oneway calls to frozen process.
05-25 04:42:35.680 W/libbinder.IPCThreadState(  755): Sending oneway calls to frozen process.
05-25 04:42:35.680 W/libbinder.IPCThreadState(  755): Sending oneway calls to frozen process.
05-25 04:42:35.680 W/libbinder.IPCThreadState(  755): Sending oneway calls to frozen process.
05-25 04:42:35.680 D/BatterySaverPolicy(  755): accessibility changed to true, updating policy.
05-25 04:42:35.692 W/SsPagerDots( 1012): Total number of pages invalid: 0. Assuming 1 page.
05-25 04:42:35.692 D/AccessibilityManagerService(  755): .getAccessibilityShortcutTargets {shortcutType=32, userId=0}
05-25 04:42:36.455 I/HalDevMgr(  755): bestIfaceCreationProposal is null, requestIface=STA, existingIface=[name=wlan0 type=STA]
05-25 04:42:36.702 W/AccessibilityNodeInfoDumper(18613): Fetch time: 1ms
05-25 04:42:36.702 V/AccessibilityManagerService(  755): onUserStateChangedLocked for userId: 0, forceUpdate: false
05-25 04:42:36.703 I/AiAiEcho( 1546): Settings changed for uri: content://settings/secure/accessibility_enabled
05-25 04:42:36.704 V/AccessibilityUserState(  755): updateShortcutTargets: type:accessibility_shortcut_target_service, current:{}, new:{}
05-25 04:42:36.704 V/AccessibilityUserState(  755): updateShortcutTargets: type:accessibility_button_targets, current:{}, new:{}
05-25 04:42:36.704 V/AccessibilityUserState(  755): updateShortcutTargets: type:accessibility_gesture_targets, current:{}, new:{}
05-25 04:42:36.704 V/AccessibilityUserState(  755): updateShortcutTargets: type:accessibility_qs_targets, current:{}, new:{}
05-25 04:42:36.704 V/AccessibilityUserState(  755): updateShortcutTargets: type:accessibility_key_gesture_targets, current:{}, new:{}
05-25 04:42:36.704 W/MagnificationConnectionManager(  755): requestConnection duplicated request: connect=false, mConnectionState=DISCONNECTED
05-25 04:42:36.704 D/AccessibilityManagerService(  755): restoreCurrentUserForTestAutomationIfNeededLocked(): ignoring because device doesn't support visible background users
05-25 04:42:36.705 W/libbinder.IPCThreadState(  755): Sending oneway calls to frozen process.
05-25 04:42:36.705 I/AiAiEcho( 1546): Predicting[0]:  [CONTEXT sampling_count=5 ]
05-25 04:42:36.705 I/AiAiEcho( 1546): EchoTargets: 
05-25 04:42:36.705 I/AiAiEcho( 1546): Filtered by AiAi flag check: 
05-25 04:42:36.705 I/AiAiEcho( 1546): [CONTEXT ratelimit_period="10 SECONDS" ]
05-25 04:42:36.705 I/AiAiEcho( 1546): #remoteViewsTwiddler: feature disabled.
05-25 04:42:36.705 I/AiAiEcho( 1546): Predicting[0]:  [CONTEXT sampling_count=5 ]
05-25 04:42:36.705 I/AiAiEcho( 1546): EchoTargets: 
05-25 04:42:36.705 I/AiAiEcho( 1546): Filtered by AiAi flag check: 
05-25 04:42:36.705 I/AiAiEcho( 1546): [CONTEXT ratelimit_period="10 SECONDS" ]
05-25 04:42:36.705 I/AiAiEcho( 1546): #remoteViewsTwiddler: feature disabled.
05-25 04:42:36.706 I/AiAiEcho( 1546): #postPredictionTargets: Sending updates to UISurface lockscreen with targets# 0 (types=[])
05-25 04:42:36.706 I/AiAiEcho( 1546): #postPredictionTargets: Sending updates to UISurface home with targets# 0 (types=[])
05-25 04:42:36.706 W/SsPagerDots( 1012): Total number of pages invalid: 0. Assuming 1 page.
05-25 04:42:36.707 D/AndroidRuntime(18613): Shutting down VM
05-25 04:42:36.707 W/libbinder.IPCThreadState(18613): call to talkWithDriver in joinThreadPool returned error: -9 (Bad file descriptor), FD: -1
05-25 04:42:36.707 W/libbinder.IPCThreadState(18613): call to talkWithDriver in joinThreadPool returned error: -9 (Bad file descriptor), FD: -1
05-25 04:42:36.707 W/libbinder.IPCThreadState(  755): Sending oneway calls to frozen process.
05-25 04:42:36.707 W/libbinder.IPCThreadState(  755): Sending oneway calls to frozen process.
05-25 04:42:36.707 W/libbinder.IPCThreadState(18613): call to talkWithDriver in joinThreadPool returned error: -9 (Bad file descriptor), FD: -1
05-25 04:42:36.707 W/libbinder.IPCThreadState(  755): Sending oneway calls to frozen process.
05-25 04:42:36.708 W/libbinder.IPCThreadState(  755): Sending oneway calls to frozen process.
05-25 04:42:36.708 W/libbinder.IPCThreadState(  755): Sending oneway calls to frozen process.
05-25 04:42:36.708 W/libbinder.IPCThreadState(  755): Sending oneway calls to frozen process.
05-25 04:42:36.708 W/libbinder.IPCThreadState(  755): Sending oneway calls to frozen process.
05-25 04:42:36.708 W/libbinder.IPCThreadState(  755): Sending oneway calls to frozen process.
05-25 04:42:36.710 W/libbinder.IPCThreadState(  755): Sending oneway calls to frozen process.
