05-25 03:09:48.725 11453 11453 I UiAutomation: Initialized for user 0 on display 0
05-25 03:09:48.725 11453 11453 W UiAutomation: Created with deprecatead constructor, assumes DEFAULT_DISPLAY
05-25 03:09:48.726   755   771 D AccessibilityManagerService: changeCurrentUserForTestAutomationIfNeededLocked(0): ignoring because device doesn't support visible background users
05-25 03:09:48.726   755   771 I UiAutomationManager: Registering UiTestAutomationService (id=com.android.server.accessibility/UiAutomation, flags=0x0) when called by user 0
05-25 03:09:48.726   755   771 V AccessibilityManagerService: onUserStateChangedLocked for userId: 0, forceUpdate: false
05-25 03:09:48.727   755   771 V AccessibilityUserState: updateShortcutTargets: type:accessibility_shortcut_target_service, current:{}, new:{}
05-25 03:09:48.727   755   771 V AccessibilityUserState: updateShortcutTargets: type:accessibility_button_targets, current:{}, new:{}
05-25 03:09:48.727   755   771 V AccessibilityUserState: updateShortcutTargets: type:accessibility_gesture_targets, current:{}, new:{}
05-25 03:09:48.727   755   771 V AccessibilityUserState: updateShortcutTargets: type:accessibility_qs_targets, current:{}, new:{}
05-25 03:09:48.727   755   771 V AccessibilityUserState: updateShortcutTargets: type:accessibility_key_gesture_targets, current:{}, new:{}
05-25 03:09:48.727   755   771 W MagnificationConnectionManager: requestConnection duplicated request: connect=false, mConnectionState=DISCONNECTED
05-25 03:09:48.727  1546  2094 I AiAiEcho: Settings changed for uri: content://settings/secure/accessibility_enabled
05-25 03:09:48.728  1546  1927 I AiAiEcho: Predicting[0]:  [CONTEXT sampling_count=5 ]
05-25 03:09:48.728  1546  1927 I AiAiEcho: EchoTargets: 
05-25 03:09:48.728  1546  1927 I AiAiEcho: Filtered by AiAi flag check: 
05-25 03:09:48.728  1546  1927 I AiAiEcho: [CONTEXT ratelimit_period="10 SECONDS" ]
05-25 03:09:48.729  1546  1927 I AiAiEcho: #remoteViewsTwiddler: feature disabled.
05-25 03:09:48.729  1546  1927 I AiAiEcho: Predicting[0]:  [CONTEXT sampling_count=5 ]
05-25 03:09:48.729  1546  1927 I AiAiEcho: EchoTargets: 
05-25 03:09:48.729  1546  1927 I AiAiEcho: Filtered by AiAi flag check: 
05-25 03:09:48.729  1546  1927 I AiAiEcho: [CONTEXT ratelimit_period="10 SECONDS" ]
05-25 03:09:48.729  1546  1927 I AiAiEcho: #remoteViewsTwiddler: feature disabled.
05-25 03:09:48.729   755   755 W libbinder.IPCThreadState: Sending oneway calls to frozen process.
05-25 03:09:48.729   755   755 W libbinder.IPCThreadState: Sending oneway calls to frozen process.
05-25 03:09:48.730   755   755 W libbinder.IPCThreadState: Sending oneway calls to frozen process.
05-25 03:09:48.730   755   755 W libbinder.IPCThreadState: Sending oneway calls to frozen process.
05-25 03:09:48.730   755   755 W libbinder.IPCThreadState: Sending oneway calls to frozen process.
05-25 03:09:48.730   755   755 W libbinder.IPCThreadState: Sending oneway calls to frozen process.
05-25 03:09:48.730  1546  1927 I AiAiEcho: #postPredictionTargets: Sending updates to UISurface lockscreen with targets# 0 (types=[])
05-25 03:09:48.730   755   755 W libbinder.IPCThreadState: Sending oneway calls to frozen process.
05-25 03:09:48.731   755   755 W libbinder.IPCThreadState: Sending oneway calls to frozen process.
05-25 03:09:48.731   755   755 W libbinder.IPCThreadState: Sending oneway calls to frozen process.
05-25 03:09:48.731   755   755 W libbinder.IPCThreadState: Sending oneway calls to frozen process.
05-25 03:09:48.731   755   755 W libbinder.IPCThreadState: Sending oneway calls to frozen process.
05-25 03:09:48.731   755   755 W libbinder.IPCThreadState: Sending oneway calls to frozen process.
05-25 03:09:48.731  1012  1012 W SsPagerDots: Total number of pages invalid: 0. Assuming 1 page.
05-25 03:09:48.731  1546  1927 I AiAiEcho: #postPredictionTargets: Sending updates to UISurface home with targets# 0 (types=[])
05-25 03:09:48.731   755   755 W libbinder.IPCThreadState: Sending oneway calls to frozen process.
05-25 03:09:48.732   755   755 W libbinder.IPCThreadState: Sending oneway calls to frozen process.
05-25 03:09:48.733   755   755 W libbinder.IPCThreadState: Sending oneway calls to frozen process.
05-25 03:09:48.733   755   755 W libbinder.IPCThreadState: Sending oneway calls to frozen process.
05-25 03:09:48.733   755   755 W libbinder.IPCThreadState: Sending oneway calls to frozen process.
05-25 03:09:48.733   755   755 W libbinder.IPCThreadState: Sending oneway calls to frozen process.
05-25 03:09:48.733   755   755 W libbinder.IPCThreadState: Sending oneway calls to frozen process.
05-25 03:09:48.733   755   755 W libbinder.IPCThreadState: Sending oneway calls to frozen process.
05-25 03:09:48.734   755   755 W libbinder.IPCThreadState: Sending oneway calls to frozen process.
05-25 03:09:48.734   755   755 D BatterySaverPolicy: accessibility changed to true, updating policy.
05-25 03:09:48.734   755  1052 V AccessibilityManagerService: onUserStateChangedLocked for userId: 0, forceUpdate: false
05-25 03:09:48.736   755  1052 V AccessibilityUserState: updateShortcutTargets: type:accessibility_shortcut_target_service, current:{}, new:{}
05-25 03:09:48.736   755  1052 V AccessibilityUserState: updateShortcutTargets: type:accessibility_button_targets, current:{}, new:{}
05-25 03:09:48.736   755  1052 V AccessibilityUserState: updateShortcutTargets: type:accessibility_gesture_targets, current:{}, new:{}
05-25 03:09:48.736   755  1052 V AccessibilityUserState: updateShortcutTargets: type:accessibility_qs_targets, current:{}, new:{}
05-25 03:09:48.736   755  1052 V AccessibilityUserState: updateShortcutTargets: type:accessibility_key_gesture_targets, current:{}, new:{}
05-25 03:09:48.736   755  1052 W MagnificationConnectionManager: requestConnection duplicated request: connect=false, mConnectionState=DISCONNECTED
05-25 03:09:48.736  1546  2094 I AiAiEcho: Settings changed for uri: content://settings/secure/accessibility_enabled
05-25 03:09:48.736   755   755 W libbinder.IPCThreadState: Sending oneway calls to frozen process.
05-25 03:09:48.737   755   755 W libbinder.IPCThreadState: Sending oneway calls to frozen process.
05-25 03:09:48.737   755   755 W libbinder.IPCThreadState: Sending oneway calls to frozen process.
05-25 03:09:48.737   755   755 W libbinder.IPCThreadState: Sending oneway calls to frozen process.
05-25 03:09:48.737   755   755 W libbinder.IPCThreadState: Sending oneway calls to frozen process.
05-25 03:09:48.737   755   755 W libbinder.IPCThreadState: Sending oneway calls to frozen process.
05-25 03:09:48.737  1546  1927 I AiAiEcho: Predicting[0]:  [CONTEXT sampling_count=5 ]
05-25 03:09:48.737  1546  1927 I AiAiEcho: EchoTargets: 
05-25 03:09:48.737  1546  1927 I AiAiEcho: Filtered by AiAi flag check: 
05-25 03:09:48.737  1546  1927 I AiAiEcho: [CONTEXT ratelimit_period="10 SECONDS" ]
05-25 03:09:48.737  1546  1927 I AiAiEcho: #remoteViewsTwiddler: feature disabled.
05-25 03:09:48.737   755   755 W libbinder.IPCThreadState: Sending oneway calls to frozen process.
05-25 03:09:48.737  1546  1927 I AiAiEcho: Predicting[0]:  [CONTEXT sampling_count=5 ]
05-25 03:09:48.737  1546  1927 I AiAiEcho: EchoTargets: 
05-25 03:09:48.737  1546  1927 I AiAiEcho: Filtered by AiAi flag check: 
05-25 03:09:48.737  1546  1927 I AiAiEcho: [CONTEXT ratelimit_period="10 SECONDS" ]
05-25 03:09:48.738  1546  1927 I AiAiEcho: #remoteViewsTwiddler: feature disabled.
05-25 03:09:48.738   755   755 W libbinder.IPCThreadState: Sending oneway calls to frozen process.
05-25 03:09:48.738  1546  1927 I AiAiEcho: #postPredictionTargets: Sending updates to UISurface lockscreen with targets# 0 (types=[])
05-25 03:09:48.738  1546  1927 I AiAiEcho: #postPredictionTargets: Sending updates to UISurface home with targets# 0 (types=[])
05-25 03:09:48.738   755   755 W libbinder.IPCThreadState: Sending oneway calls to frozen process.
05-25 03:09:48.738   755   755 W libbinder.IPCThreadState: Sending oneway calls to frozen process.
05-25 03:09:48.738   755   755 W libbinder.IPCThreadState: Sending oneway calls to frozen process.
05-25 03:09:48.738   755   755 W libbinder.IPCThreadState: Sending oneway calls to frozen process.
05-25 03:09:48.739   755   755 W libbinder.IPCThreadState: Sending oneway calls to frozen process.
05-25 03:09:48.740   755   755 W libbinder.IPCThreadState: Sending oneway calls to frozen process.
05-25 03:09:48.741  1012  1012 W SsPagerDots: Total number of pages invalid: 0. Assuming 1 page.
05-25 03:09:48.741   755  2150 D AccessibilityManagerService: .getAccessibilityShortcutTargets {shortcutType=32, userId=0}
05-25 03:09:49.264   755   854 D ActivityManager: freezing 1484 com.google.android.gms
05-25 03:09:49.266   755   854 D ActivityManager: freezing 9602 com.google.android.adservices.api
05-25 03:09:49.365   755   916 D InetDiagMessage: Destroyed 0 sockets, proto=IPPROTO_TCP, family=AF_INET, states=14
05-25 03:09:49.365   755   916 D InetDiagMessage: Destroyed 0 sockets, proto=IPPROTO_TCP, family=AF_INET6, states=14
05-25 03:09:49.365   755   916 D InetDiagMessage: Destroyed live tcp sockets for uids={10202} in 0ms
05-25 03:09:49.757 11453 11453 W AccessibilityNodeInfoDumper: Fetch time: 0ms
05-25 03:09:49.758   755  2150 V AccessibilityManagerService: onUserStateChangedLocked for userId: 0, forceUpdate: false
05-25 03:09:49.759   755  2150 V AccessibilityUserState: updateShortcutTargets: type:accessibility_shortcut_target_service, current:{}, new:{}
05-25 03:09:49.759   755  2150 V AccessibilityUserState: updateShortcutTargets: type:accessibility_button_targets, current:{}, new:{}
05-25 03:09:49.759   755  2150 V AccessibilityUserState: updateShortcutTargets: type:accessibility_gesture_targets, current:{}, new:{}
05-25 03:09:49.759   755  2150 V AccessibilityUserState: updateShortcutTargets: type:accessibility_qs_targets, current:{}, new:{}
05-25 03:09:49.759   755  2150 V AccessibilityUserState: updateShortcutTargets: type:accessibility_key_gesture_targets, current:{}, new:{}
05-25 03:09:49.759   755  2150 W MagnificationConnectionManager: requestConnection duplicated request: connect=false, mConnectionState=DISCONNECTED
05-25 03:09:49.759   755  2150 D AccessibilityManagerService: restoreCurrentUserForTestAutomationIfNeededLocked(): ignoring because device doesn't support visible background users
05-25 03:09:49.759   755   755 W libbinder.IPCThreadState: Sending oneway calls to frozen process.
05-25 03:09:49.759  1546  2094 I AiAiEcho: Settings changed for uri: content://settings/secure/accessibility_enabled
05-25 03:09:49.759   755   755 W libbinder.IPCThreadState: Sending oneway calls to frozen process.
05-25 03:09:49.759   755   755 W libbinder.IPCThreadState: Sending oneway calls to frozen process.
05-25 03:09:49.759   755   755 W libbinder.IPCThreadState: Sending oneway calls to frozen process.
05-25 03:09:49.759   755   755 W libbinder.IPCThreadState: Sending oneway calls to frozen process.
05-25 03:09:49.760   755   755 W libbinder.IPCThreadState: Sending oneway calls to frozen process.
05-25 03:09:49.760   755   755 W libbinder.IPCThreadState: Sending oneway calls to frozen process.
05-25 03:09:49.760   755   755 W libbinder.IPCThreadState: Sending oneway calls to frozen process.
05-25 03:09:49.760   755   755 W libbinder.IPCThreadState: Sending oneway calls to frozen process.
05-25 03:09:49.760   755   755 W libbinder.IPCThreadState: Sending oneway calls to frozen process.
05-25 03:09:49.760   755   755 W libbinder.IPCThreadState: Sending oneway calls to frozen process.
05-25 03:09:49.760   755   755 W libbinder.IPCThreadState: Sending oneway calls to frozen process.
05-25 03:09:49.760  1546  1927 I AiAiEcho: Predicting[0]:  [CONTEXT sampling_count=5 ]
05-25 03:09:49.761 11453 11453 D AndroidRuntime: Shutting down VM
05-25 03:09:49.761  1546  1927 I AiAiEcho: EchoTargets: 
05-25 03:09:49.761  1546  1927 I AiAiEcho: Filtered by AiAi flag check: 
05-25 03:09:49.761  1546  1927 I AiAiEcho: [CONTEXT ratelimit_period="10 SECONDS" ]
05-25 03:09:49.762   755   755 W libbinder.IPCThreadState: Sending oneway calls to frozen process.
05-25 03:09:49.762  1546  1927 I AiAiEcho: #remoteViewsTwiddler: feature disabled.
05-25 03:09:49.762   755   755 W libbinder.IPCThreadState: Sending oneway calls to frozen process.
05-25 03:09:49.762   755   755 W libbinder.IPCThreadState: Sending oneway calls to frozen process.
05-25 03:09:49.762   755   755 W libbinder.IPCThreadState: Sending oneway calls to frozen process.
05-25 03:09:49.762   755   755 W libbinder.IPCThreadState: Sending oneway calls to frozen process.
05-25 03:09:49.762   755   755 W libbinder.IPCThreadState: Sending oneway calls to frozen process.
05-25 03:09:49.762   755   755 W libbinder.IPCThreadState: Sending oneway calls to frozen process.
05-25 03:09:49.762  1546  1927 I AiAiEcho: Predicting[0]:  [CONTEXT sampling_count=5 ]
05-25 03:09:49.762  1546  1927 I AiAiEcho: EchoTargets: 
05-25 03:09:49.762  1546  1927 I AiAiEcho: Filtered by AiAi flag check: 
05-25 03:09:49.762  1546  1927 I AiAiEcho: [CONTEXT ratelimit_period="10 SECONDS" ]
05-25 03:09:49.762  1546  1927 I AiAiEcho: #remoteViewsTwiddler: feature disabled.
05-25 03:09:49.762   755   755 W libbinder.IPCThreadState: Sending oneway calls to frozen process.
05-25 03:09:49.762   755   755 W libbinder.IPCThreadState: Sending oneway calls to frozen process.
05-25 03:09:49.762   755   755 D BatterySaverPolicy: accessibility changed to false, updating policy.
05-25 03:09:49.763 11453 11461 W libbinder.IPCThreadState: call to talkWithDriver in joinThreadPool returned error: -9 (Bad file descriptor), FD: -1
05-25 03:09:49.763  1546  1927 I AiAiEcho: #postPredictionTargets: Sending updates to UISurface lockscreen with targets# 0 (types=[])
05-25 03:09:49.764  1546  1927 I AiAiEcho: #postPredictionTargets: Sending updates to UISurface home with targets# 0 (types=[])
05-25 03:09:49.764 11453 11462 W libbinder.IPCThreadState: call to talkWithDriver in joinThreadPool returned error: -9 (Bad file descriptor), FD: -1
05-25 03:09:49.764 11453 11465 W libbinder.IPCThreadState: call to talkWithDriver in joinThreadPool returned error: -9 (Bad file descriptor), FD: -1
05-25 03:09:49.768  1012  1012 W SsPagerDots: Total number of pages invalid: 0. Assuming 1 page.
05-25 03:09:49.961  1529  1529 D WM-DelayedWorkTracker: Scheduling work 80ba50fa-1a36-46c0-9ed8-264a2f7e4b4f
05-25 03:09:49.962  1529  1529 D WM-GreedyScheduler: Starting tracking for 80ba50fa-1a36-46c0-9ed8-264a2f7e4b4f
05-25 03:09:49.962  1529  1868 D WM-ConstraintTracker: BatteryNotLowTracker: initial state = true
05-25 03:09:49.963  1529  1868 D WM-BrdcstRcvrCnstrntTrc: BatteryNotLowTracker: registering receiver
05-25 03:09:49.964  1529  1868 D WM-GreedyScheduler: Constraints met: Scheduling work ID WorkGenerationalId(workSpecId=80ba50fa-1a36-46c0-9ed8-264a2f7e4b4f, generation=0)
05-25 03:09:49.965  1529  1868 D WM-Processor: Processor: processing WorkGenerationalId(workSpecId=80ba50fa-1a36-46c0-9ed8-264a2f7e4b4f, generation=0)
05-25 03:09:49.966  1529  1529 D WM-WorkerWrapper: Starting work for com.android.providers.media.photopicker.sync.ProactiveSyncWorker
05-25 03:09:49.967  1529 11466 I PSyncWorker: Starting proactive picker sync from sync source: 1
05-25 03:09:49.967  1529 11466 I PickerSyncTracker: Created new sync future java.util.concurrent.CompletableFuture@5996b72[Not completed, 1 dependents]. Future map: {80ba50fa-1a36-46c0-9ed8-264a2f7e4b4f=java.util.concurrent.CompletableFuture@5996b72[Not completed, 1 dependents]}
05-25 03:09:49.969  1529 11466 D PickerSyncController: syncAllMediaFromProvider() LOCAL, auth=com.android.providers.media.photopicker, retry=true
05-25 03:09:49.969  1529 11466 D PickerSyncController: getSyncRequestParams() LOCAL, auth=com.android.providers.media.photopicker
05-25 03:09:49.971  1529  1529 D WM-SystemJobService: onStartJob for WorkGenerationalId(workSpecId=80ba50fa-1a36-46c0-9ed8-264a2f7e4b4f, generation=0)
05-25 03:09:49.971  1529 11466 D PickerSyncController:    Latest ID/Gen=92835bc8fd6dde81:external_primary/3051
05-25 03:09:49.971  1529 11466 D PickerSyncController:    Cached ID/Gen=92835bc8fd6dde81:external_primary/3042
05-25 03:09:49.971  1529 11466 D PickerSyncController:    RESULT=SyncRequestParams{type=MEDIA_INCREMENTAL, gen=3042, latest=Bundle[{last_media_sync_generation=3051, media_collection_id=92835bc8fd6dde81:external_primary}], pageSize=1000}
05-25 03:09:49.971  1529 11466 I PickerSyncController: Executing SyncAdd. isLocal: true. authority: com.android.providers.media.photopicker
05-25 03:09:49.971  1529  1874 D WM-Processor: Work WorkGenerationalId(workSpecId=80ba50fa-1a36-46c0-9ed8-264a2f7e4b4f, generation=0) is already enqueued for processing
05-25 03:09:49.972  1529 11466 D PickerSyncLockManager: Trying to acquire lock com.android.providers.media.photopicker.sync.CloseableReentrantLock@cffd47[Unlocked]. Lock Name = CLOUD_PROVIDER_LOCK. Threads that may be waiting to acquire this lock = [] with timeout.
05-25 03:09:49.972  1529 11466 D CloseableReentrantLock: Successfully acquired lock com.android.providers.media.photopicker.sync.CloseableReentrantLock@cffd47[Locked by thread pool-4-thread-170]. Lock Name = CLOUD_PROVIDER_LOCK. Threads that may be waiting to acquire this lock = []
05-25 03:09:49.972  1529 11466 D CloseableReentrantLock: Successfully released lock com.android.providers.media.photopicker.sync.CloseableReentrantLock@cffd47[Unlocked]. Lock Name = CLOUD_PROVIDER_LOCK. Threads that may be waiting to acquire this lock = []
05-25 03:09:49.972  1529 11466 D ExternalDbFacade: Token received for queryMedia = null
05-25 03:09:49.974  1529 11466 D PickerSyncLockManager: Trying to acquire lock com.android.providers.media.photopicker.sync.CloseableReentrantLock@cffd47[Unlocked]. Lock Name = CLOUD_PROVIDER_LOCK. Threads that may be waiting to acquire this lock = [] with timeout.
05-25 03:09:49.975  1529 11466 D CloseableReentrantLock: Successfully acquired lock com.android.providers.media.photopicker.sync.CloseableReentrantLock@cffd47[Locked by thread pool-4-thread-170]. Lock Name = CLOUD_PROVIDER_LOCK. Threads that may be waiting to acquire this lock = []
05-25 03:09:49.975  1529 11466 D PickerSyncController: Saving next page token: 1779674988000|281 for key: local_provider:media_add:resume
05-25 03:09:49.975  1529 11466 D CloseableReentrantLock: Successfully released lock com.android.providers.media.photopicker.sync.CloseableReentrantLock@cffd47[Unlocked]. Lock Name = CLOUD_PROVIDER_LOCK. Threads that may be waiting to acquire this lock = []
05-25 03:09:49.975  1529 11466 D PickerNotificationSender: Sending a notification for media update
05-25 03:09:49.976  1529 11466 D PickerNotificationSender: Sending a notification for merged album media update Videos
05-25 03:09:49.976  1529 11466 D PickerNotificationSender: Sending a notification for album media update Videos
05-25 03:09:49.976  1529 11466 D PickerNotificationSender: Sending a notification for merged album media update Favorites
05-25 03:09:49.976  1529 11466 D PickerNotificationSender: Sending a notification for album media update Favorites
05-25 03:09:49.977  1529 11466 D ExternalDbFacade: Token received for queryMedia = 1779674988000|281
05-25 03:09:49.977  1529 11466 D PickerSyncLockManager: Trying to acquire lock com.android.providers.media.photopicker.sync.CloseableReentrantLock@cffd47[Unlocked]. Lock Name = CLOUD_PROVIDER_LOCK. Threads that may be waiting to acquire this lock = [] with timeout.
05-25 03:09:49.978  1529 11466 D CloseableReentrantLock: Successfully acquired lock com.android.providers.media.photopicker.sync.CloseableReentrantLock@cffd47[Locked by thread pool-4-thread-170]. Lock Name = CLOUD_PROVIDER_LOCK. Threads that may be waiting to acquire this lock = []
05-25 03:09:49.978  1529 11466 D PickerSyncController: Clearing next page token for key: local_provider:media_add:resume
05-25 03:09:49.978  1529 11466 D CloseableReentrantLock: Successfully released lock com.android.providers.media.photopicker.sync.CloseableReentrantLock@cffd47[Unlocked]. Lock Name = CLOUD_PROVIDER_LOCK. Threads that may be waiting to acquire this lock = []
05-25 03:09:49.978  1529 11466 D PickerNotificationSender: Sending a notification for media update
05-25 03:09:49.978  1529 11466 D PickerNotificationSender: Sending a notification for merged album media update Videos
05-25 03:09:49.978  1529 11466 D PickerNotificationSender: Sending a notification for album media update Videos
05-25 03:09:49.979  1529 11466 D PickerNotificationSender: Sending a notification for merged album media update Favorites
05-25 03:09:49.979  1529 11466 D PickerNotificationSender: Sending a notification for album media update Favorites
05-25 03:09:49.979  1529 11466 I PickerSyncController: Paged sync successful. QueryArgs: Bundle[{android.provider.extra.PAGE_TOKEN=1779674988000|281, android.provider.extra.SYNC_GENERATION=3042, android.provider.extra.PAGE_SIZE=1000}] Total Rows: 1
05-25 03:09:49.980  1529 11466 I PickerSyncController: Executing SyncRemove. isLocal: true. authority: com.android.providers.media.photopicker
05-25 03:09:49.981  1529 11466 D PickerSyncLockManager: Trying to acquire lock com.android.providers.media.photopicker.sync.CloseableReentrantLock@cffd47[Unlocked]. Lock Name = CLOUD_PROVIDER_LOCK. Threads that may be waiting to acquire this lock = [] with timeout.
05-25 03:09:49.982  1529 11466 D CloseableReentrantLock: Successfully acquired lock com.android.providers.media.photopicker.sync.CloseableReentrantLock@cffd47[Locked by thread pool-4-thread-170]. Lock Name = CLOUD_PROVIDER_LOCK. Threads that may be waiting to acquire this lock = []
05-25 03:09:49.982  1529 11466 D CloseableReentrantLock: Successfully released lock com.android.providers.media.photopicker.sync.CloseableReentrantLock@cffd47[Unlocked]. Lock Name = CLOUD_PROVIDER_LOCK. Threads that may be waiting to acquire this lock = []
05-25 03:09:49.984  1529 11466 D PickerSyncLockManager: Trying to acquire lock com.android.providers.media.photopicker.sync.CloseableReentrantLock@cffd47[Unlocked]. Lock Name = CLOUD_PROVIDER_LOCK. Threads that may be waiting to acquire this lock = [] with timeout.
05-25 03:09:49.984  1529 11466 D CloseableReentrantLock: Successfully acquired lock com.android.providers.media.photopicker.sync.CloseableReentrantLock@cffd47[Locked by thread pool-4-thread-170]. Lock Name = CLOUD_PROVIDER_LOCK. Threads that may be waiting to acquire this lock = []
05-25 03:09:49.984  1529 11466 D PickerSyncController: Clearing next page token for key: local_provider:media_remove:resume
05-25 03:09:49.984  1529 11466 D CloseableReentrantLock: Successfully released lock com.android.providers.media.photopicker.sync.CloseableReentrantLock@cffd47[Unlocked]. Lock Name = CLOUD_PROVIDER_LOCK. Threads that may be waiting to acquire this lock = []
05-25 03:09:49.984  1529 11466 D PickerNotificationSender: Sending a notification for media update
05-25 03:09:49.984  1529 11466 D PickerNotificationSender: Sending a notification for merged album media update Videos
05-25 03:09:49.984  1529 11466 D PickerNotificationSender: Sending a notification for album media update Videos
05-25 03:09:49.985  1529 11466 D PickerNotificationSender: Sending a notification for merged album media update Favorites
05-25 03:09:49.985  1529 11466 D PickerNotificationSender: Sending a notification for album media update Favorites
05-25 03:09:49.985  1529 11466 I PickerSyncController: Paged sync successful. QueryArgs: Bundle[{android.provider.extra.PAGE_TOKEN=1779674988000|281, android.provider.extra.SYNC_GENERATION=3042, android.provider.extra.PAGE_SIZE=1000}] Total Rows: 0
05-25 03:09:49.985  1529 11466 I PickerSyncTracker: Marked sync future complete for work id: 80ba50fa-1a36-46c0-9ed8-264a2f7e4b4f. Future map: {}
05-25 03:09:49.985  1529 11466 I PSyncWorker: Completed picker proactive sync complete from local provider.
05-25 03:09:49.986  1529  1868 I WM-WorkerWrapper: Worker result SUCCESS for Work [ id=80ba50fa-1a36-46c0-9ed8-264a2f7e4b4f, tags={ com.android.providers.media.photopicker.sync.ProactiveSyncWorker } ]
05-25 03:09:49.986  1529  1529 D WM-Processor: Processor 80ba50fa-1a36-46c0-9ed8-264a2f7e4b4f executed; reschedule = false
05-25 03:09:49.986  1529  1529 D WM-GreedyScheduler: Stopping tracking for WorkGenerationalId(workSpecId=80ba50fa-1a36-46c0-9ed8-264a2f7e4b4f, generation=0)
05-25 03:09:49.986  1529  1529 D WM-SystemJobService: 80ba50fa-1a36-46c0-9ed8-264a2f7e4b4f executed on JobScheduler
05-25 03:09:49.988  1529  1868 D WM-GreedyScheduler: Cancelling work ID 80ba50fa-1a36-46c0-9ed8-264a2f7e4b4f
05-25 03:09:49.989  1529  1868 D WM-GreedyScheduler: Ignoring {WorkSpec: fce74054-5d75-49ac-b1fb-61b1c63b64d1}. Requires device idle.
05-25 03:09:49.989  1529  1868 D WM-GreedyScheduler: Ignoring {WorkSpec: 748d3965-3023-45a6-9a32-baafa7d90ebf}. Requires device idle.
05-25 03:09:49.989  1529  1868 D WM-GreedyScheduler: Ignoring {WorkSpec: bbc248da-5aec-4565-83d8-ed90ba3a683c}. Requires device idle.
05-25 03:09:49.989  1529  1868 D WM-GreedyScheduler: Ignoring {WorkSpec: a7b8fc44-3a39-43d5-96b8-cef5bb529d35}. Requires device idle.
05-25 03:09:49.989  1529  1868 D WM-BrdcstRcvrCnstrntTrc: BatteryNotLowTracker: unregistering receiver
05-25 03:09:50.401 11116 11116 I flutter : [ErrorBoundary] 🚨 ErrorBoundary caught: A ConfettiController was used after being disposed.
05-25 03:09:50.401 11116 11116 I flutter : Once you have called dispose() on a ConfettiController, it can no longer be used.
05-25 03:09:50.401 11116 11116 I flutter : #0      ChangeNotifier.debugAssertNotDisposed.<anonymous closure> (package:flutter/src/foundation/change_notifier.dart:182:9)
05-25 03:09:50.401 11116 11116 I flutter : #1      ChangeNotifier.debugAssertNotDisposed (package:flutter/src/foundation/change_notifier.dart:189:6)
05-25 03:09:50.401 11116 11116 I flutter : #2      ChangeNotifier.notifyListeners (package:flutter/src/foundation/change_notifier.dart:411:27)
05-25 03:09:50.401 11116 11116 I flutter : #3      ConfettiController.stop (package:confetti/src/confetti.dart:413:5)
05-25 03:09:50.402 11116 11116 I flutter : #4      _ConfettiWidgetState._stopAnimation (package:confetti/src/confetti.dart:252:31)
05-25 03:09:50.402 11116 11116 I flutter : #5      _ConfettiWidgetState._particleSystemListener (package:confetti/src/confetti.dart:224:7)
05-25 03:09:50.402 11116 11116 I flutter : #6      ChangeNotifier.notifyListeners (package:flutter/src/foundation/change_notifier.dart:432:24)
05-25 03:09:50.402 11116 11116 I flutter : #7      ParticleSystem.update (package:confetti/src/particle.dart:136:7)
05-25 03:09:50.402 11116 11116 I flutter : #8      _ConfettiWidgetState._animationListener (package:confetti/src/confetti.dart:210:21)
05-25 03:09:50.402 11116 11116 I flutter : #9      AnimationLocalListenersMixin.notifyListeners (package:flutter/src/animation/listener_helpers.dart:160:19)
05-25 03:09:50.402 11116 11116 I flutter : #10     AnimationController._tick (package:flutter/src/animation/animation_controller.dart:953:5)
05-25 03:09:50.402 11116 11116 I flutter : #11     Ticker._tick (package:flutter/src/scheduler/ticker.dart:277:12)
05-25 03:09:50.402 11116 11116 I flutter : #12     SchedulerBinding._invokeFrameCallback (package:flutter/src/scheduler/binding.dart:1430:15)
05-25 03:09:50.402 11116 11116 I flutter : #13     SchedulerBinding.handleBeginFrame.<anonymous closure> (package:flutter/src/scheduler/binding.dart:1263:11)
05-25 03:09:50.402 11116 11116 I flutter : #14     _LinkedHashMapMixin.forEach (dart:_compact_hash:765:13)
05-25 03:09:50.402 11116 11116 I flutter : #15     SchedulerBinding.handleBeginFrame (package:flutter/src/scheduler/binding.dart:1261:17)
05-25 03:09:50.402 11116 11116 I flutter : #16     SchedulerBinding._handleBeginFrame (package:flutter/src/scheduler/binding.dart:1177:5)
05-25 03:09:50.402 11116 11116 I flutter : #17     _invoke1 (dart:ui/hooks.dart:372:13)
05-25 03:09:50.402 11116 11116 I flutter : #18     PlatformDispatcher._beginFrame (dart:ui/platform_dispatcher.dart:426:5)
05-25 03:09:50.402 11116 11116 I flutter : #19     _beginFrame (dart:ui/hooks.dart:317:31)
05-25 03:09:50.402 11116 11116 I flutter : 
05-25 03:09:50.402 11116 11116 I flutter : Global error caught: A ConfettiController was used after being disposed.
05-25 03:09:50.402 11116 11116 I flutter : Once you have called dispose() on a ConfettiController, it can no longer be used.
05-25 03:09:50.402 11116 11116 I flutter : #0      ChangeNotifier.debugAssertNotDisposed.<anonymous closure> (package:flutter/src/foundation/change_notifier.dart:182:9)
05-25 03:09:50.402 11116 11116 I flutter : #1      ChangeNotifier.debugAssertNotDisposed (package:flutter/src/foundation/change_notifier.dart:189:6)
05-25 03:09:50.402 11116 11116 I flutter : #2      ChangeNotifier.notifyListeners (package:flutter/src/foundation/change_notifier.dart:411:27)
05-25 03:09:50.402 11116 11116 I flutter : #3      ConfettiController.stop (package:confetti/src/confetti.dart:413:5)
05-25 03:09:50.402 11116 11116 I flutter : #4      _ConfettiWidgetState._stopAnimation (package:confetti/src/confetti.dart:252:31)
05-25 03:09:50.402 11116 11116 I flutter : #5      _ConfettiWidgetState._particleSystemListener (package:confetti/src/confetti.dart:224:7)
05-25 03:09:50.402 11116 11116 I flutter : #6      ChangeNotifier.notifyListeners (package:flutter/src/foundation/change_notifier.dart:432:24)
05-25 03:09:50.402 11116 11116 I flutter : #7      ParticleSystem.update (package:confetti/src/particle.dart:136:7)
05-25 03:09:50.402 11116 11116 I flutter : #8      _ConfettiWidgetState._animationListener (package:confetti/src/confetti.dart:210:21)
05-25 03:09:50.402 11116 11116 I flutter : #9      AnimationLocalListenersMixin.notifyListeners (package:flutter/src/animation/listener_helpers.dart:160:19)
05-25 03:09:50.402 11116 11116 I flutter : #10     AnimationController._tick (package:flutter/src/animation/animation_controller.dart:953:5)
05-25 03:09:50.402 11116 11116 I flutter : #11     Ticker._tick (package:flutter/src/scheduler/ticker.dart:277:12)
05-25 03:09:50.402 11116 11116 I flutter : #12     SchedulerBinding._invokeFrameCallback (package:flutter/src/scheduler/binding.dart:1430:15)
05-25 03:09:50.402 11116 11116 I flutter : #13     SchedulerBinding.handleBeginFrame.<anonymous closure> (package:flutter/src/scheduler/binding.dart:1263:11)
05-25 03:09:50.402 11116 11116 I flutter : #14     _LinkedHashMapMixin.forEach (dart:_compact_hash:765:13)
05-25 03:09:50.402 11116 11116 I flutter : #15     SchedulerBinding.handleBeginFrame (package:flutter/src/scheduler/binding.dart:1261:17)
05-25 03:09:50.402 11116 11116 I flutter : #16     SchedulerBinding._handleBeginFrame (package:flutter/src/scheduler/binding.dart:1177:5)
05-25 03:09:50.402 11116 11116 I flutter : #17     _invoke1 (dart:ui/hooks.dart:372:13)
05-25 03:09:50.402 11116 11116 I flutter : #18     PlatformDispatcher._beginFrame (dart:ui/platform_dispatcher.dart:426:5)
05-25 03:09:50.402 11116 11116 I flutter : #19     _beginFrame (dart:ui/hooks.dart:317:31)
05-25 03:09:50.402 11116 11116 I flutter : 
05-25 03:09:50.691 11469 11469 D AndroidRuntime: >>>>>> START com.android.internal.os.RuntimeInit uid 2000 <<<<<<
05-25 03:09:50.694 11469 11469 I AndroidRuntime: Using default boot image
05-25 03:09:50.694 11469 11469 I AndroidRuntime: Leaving lock profiling enabled
05-25 03:09:50.696 11469 11469 I app_process: Using CollectorTypeCMC GC.
05-25 03:09:50.755 11469 11469 D nativeloader: InitDefaultPublicLibraries for_preload=1: libandroid.so:libaaudio.so:libamidi.so:libbinder_ndk.so:libc.so:libcamera2ndk.so:libdl.so:libEGL.so:libGLESv1_CM.so:libGLESv2.so:libGLESv3.so:libicu.so:libicui18n.so:libicuuc.so:libjnigraphics.so:liblog.so:libmediandk.so:libm.so:libnativehelper.so:libnativewindow.so:libOpenMAXAL.so:libOpenSLES.so:libRS.so:libstdc++.so:libsync.so:libvulkan.so:libwebviewchromium_plat_support.so:libz.so
05-25 03:09:50.761 11469 11469 D nativeloader: Load libicu_jni.so using APEX ns com_android_art for caller /apex/com.android.art/javalib/core-oj.jar: ok
05-25 03:09:50.761 11469 11469 D app_process: u_setTimeZoneFilesDirectory("/apex/com.android.tzdata/etc/tz/versioned/9/icu") succeeded. 
05-25 03:09:50.761 11469 11469 D app_process: I18n APEX ICU file found: /apex/com.android.i18n/etc/icu/icudt76l.dat
05-25 03:09:50.762 11469 11469 D nativeloader: Load libjavacore.so using APEX ns com_android_art for caller /apex/com.android.art/javalib/core-oj.jar: ok
05-25 03:09:50.763 11469 11469 D nativeloader: Load libopenjdk.so using APEX ns com_android_art for caller /apex/com.android.art/javalib/core-oj.jar: ok
05-25 03:09:50.763 11469 11469 I app_process: Priority-to-niceness mapping: 19, 16, 13, 10, 0, -2, -4, -5, -6, -8
05-25 03:09:50.764 11469 11469 W app_process: Unexpected CPU variant for x86: x86_64.
05-25 03:09:50.764 11469 11469 W app_process: Known variants: atom, sandybridge, silvermont, goldmont, goldmont-plus, goldmont-without-sha-xsaves, tremont, kabylake, alderlake, default
05-25 03:09:50.765 11469 11469 W app_process: ClassLoaderContext shared library size mismatch. Expected=2, found=0 (PCL[]{PCL[/system/framework/android.test.base.jar*1653369819]#PCL[/system/framework/android.test.mock.jar*1009639922]} | PCL[])
05-25 03:09:50.766 11469 11469 W app_process: ClassLoaderContext classpath size mismatch. expected=0, found=1 (PCL[]{PCL[/system/framework/android.test.runner.jar*3954641918]{PCL[/system/framework/android.test.base.jar*1653369819]#PCL[/system/framework/android.test.mock.jar*1009639922]}#PCL[/system/framework/android.test.base.jar*1653369819]} | PCL[/system/framework/android.test.runner.jar*3954641918])
05-25 03:09:50.779 11116 11116 I flutter : [ErrorBoundary] 🚨 ErrorBoundary caught: A ConfettiController was used after being disposed.
05-25 03:09:50.779 11116 11116 I flutter : Once you have called dispose() on a ConfettiController, it can no longer be used.
05-25 03:09:50.779 11116 11116 I flutter : #0      ChangeNotifier.debugAssertNotDisposed.<anonymous closure> (package:flutter/src/foundation/change_notifier.dart:182:9)
05-25 03:09:50.779 11116 11116 I flutter : #1      ChangeNotifier.debugAssertNotDisposed (package:flutter/src/foundation/change_notifier.dart:189:6)
05-25 03:09:50.779 11116 11116 I flutter : #2      ChangeNotifier.notifyListeners (package:flutter/src/foundation/change_notifier.dart:411:27)
05-25 03:09:50.779 11116 11116 I flutter : #3      ConfettiController.stop (package:confetti/src/confetti.dart:413:5)
05-25 03:09:50.779 11116 11116 I flutter : #4      _ConfettiWidgetState._stopAnimation (package:confetti/src/confetti.dart:252:31)
05-25 03:09:50.779 11116 11116 I flutter : #5      _ConfettiWidgetState._particleSystemListener (package:confetti/src/confetti.dart:224:7)
05-25 03:09:50.779 11116 11116 I flutter : #6      ChangeNotifier.notifyListeners (package:flutter/src/foundation/change_notifier.dart:432:24)
05-25 03:09:50.779 11116 11116 I flutter : #7      ParticleSystem.update (package:confetti/src/particle.dart:136:7)
05-25 03:09:50.779 11116 11116 I flutter : #8      _ConfettiWidgetState._animationListener (package:confetti/src/confetti.dart:210:21)
05-25 03:09:50.779 11116 11116 I flutter : #9      AnimationLocalListenersMixin.notifyListeners (package:flutter/src/animation/listener_helpers.dart:160:19)
05-25 03:09:50.779 11116 11116 I flutter : #10     AnimationController._tick (package:flutter/src/animation/animation_controller.dart:953:5)
05-25 03:09:50.779 11116 11116 I flutter : #11     Ticker._tick (package:flutter/src/scheduler/ticker.dart:277:12)
05-25 03:09:50.779 11116 11116 I flutter : #12     SchedulerBinding._invokeFrameCallback (package:flutter/src/scheduler/binding.dart:1430:15)
05-25 03:09:50.779 11116 11116 I flutter : #13     SchedulerBinding.handleBeginFrame.<anonymous closure> (package:flutter/src/scheduler/binding.dart:1263:11)
05-25 03:09:50.779 11116 11116 I flutter : #14     _LinkedHashMapMixin.forEach (dart:_compact_hash:765:13)
05-25 03:09:50.779 11116 11116 I flutter : #15     SchedulerBinding.handleBeginFrame (package:flutter/src/scheduler/binding.dart:1261:17)
05-25 03:09:50.779 11116 11116 I flutter : #16     SchedulerBinding._handleBeginFrame (package:flutter/src/scheduler/binding.dart:1177:5)
05-25 03:09:50.779 11116 11116 I flutter : #17     _invoke1 (dart:ui/hooks.dart:372:13)
05-25 03:09:50.779 11116 11116 I flutter : #18     PlatformDispatcher._beginFrame (dart:ui/platform_dispatcher.dart:426:5)
05-25 03:09:50.779 11116 11116 I flutter : #19     _beginFrame (dart:ui/hooks.dart:317:31)
05-25 03:09:50.779 11116 11116 I flutter : 
05-25 03:09:50.780 11116 11116 I flutter : Global error caught: A ConfettiController was used after being disposed.
05-25 03:09:50.780 11116 11116 I flutter : Once you have called dispose() on a ConfettiController, it can no longer be used.
05-25 03:09:50.780 11116 11116 I flutter : #0      ChangeNotifier.debugAssertNotDisposed.<anonymous closure> (package:flutter/src/foundation/change_notifier.dart:182:9)
05-25 03:09:50.780 11469 11469 D nativeloader: Load libframework-connectivity-tiramisu-jni.so using APEX ns com_android_tethering for caller /apex/com.android.tethering/javalib/framework-connectivity-t.jar: ok
05-25 03:09:50.780 11116 11116 I flutter : #1      ChangeNotifier.debugAssertNotDisposed (package:flutter/src/foundation/change_notifier.dart:189:6)
05-25 03:09:50.780 11116 11116 I flutter : #2      ChangeNotifier.notifyListeners (package:flutter/src/foundation/change_notifier.dart:411:27)
05-25 03:09:50.780 11116 11116 I flutter : #3      ConfettiController.stop (package:confetti/src/confetti.dart:413:5)
05-25 03:09:50.780 11116 11116 I flutter : #4      _ConfettiWidgetState._stopAnimation (package:confetti/src/confetti.dart:252:31)
05-25 03:09:50.780 11116 11116 I flutter : #5      _ConfettiWidgetState._particleSystemListener (package:confetti/src/confetti.dart:224:7)
05-25 03:09:50.780 11116 11116 I flutter : #6      ChangeNotifier.notifyListeners (package:flutter/src/foundation/change_notifier.dart:432:24)
05-25 03:09:50.780 11116 11116 I flutter : #7      ParticleSystem.update (package:confetti/src/particle.dart:136:7)
05-25 03:09:50.780 11116 11116 I flutter : #8      _ConfettiWidgetState._animationListener (package:confetti/src/confetti.dart:210:21)
05-25 03:09:50.780 11116 11116 I flutter : #9      AnimationLocalListenersMixin.notifyListeners (package:flutter/src/animation/listener_helpers.dart:160:19)
05-25 03:09:50.780 11116 11116 I flutter : #10     AnimationController._tick (package:flutter/src/animation/animation_controller.dart:953:5)
05-25 03:09:50.780 11116 11116 I flutter : #11     Ticker._tick (package:flutter/src/scheduler/ticker.dart:277:12)
05-25 03:09:50.780 11116 11116 I flutter : #12     SchedulerBinding._invokeFrameCallback (package:flutter/src/scheduler/binding.dart:1430:15)
05-25 03:09:50.780 11116 11116 I flutter : #13     SchedulerBinding.handleBeginFrame.<anonymous closure> (package:flutter/src/scheduler/binding.dart:1263:11)
05-25 03:09:50.780 11116 11116 I flutter : #14     _LinkedHashMapMixin.forEach (dart:_compact_hash:765:13)
05-25 03:09:50.780 11116 11116 I flutter : #15     SchedulerBinding.handleBeginFrame (package:flutter/src/scheduler/binding.dart:1261:17)
05-25 03:09:50.780 11116 11116 I flutter : #16     SchedulerBinding._handleBeginFrame (package:flutter/src/scheduler/binding.dart:1177:5)
05-25 03:09:50.780 11116 11116 I flutter : #17     _invoke1 (dart:ui/hooks.dart:372:13)
05-25 03:09:50.780 11116 11116 I flutter : #18     PlatformDispatcher._beginFrame (dart:ui/platform_dispatcher.dart:426:5)
05-25 03:09:50.780 11116 11116 I flutter : #19     _beginFrame (dart:ui/hooks.dart:317:31)
05-25 03:09:50.780 11116 11116 I flutter : 
05-25 03:09:50.780 11469 11469 D AndroidRuntime: Calling main entry com.android.commands.uiautomator.Launcher
05-25 03:09:50.782 11469 11469 I AconfigPackage: android.media.swcodec.flags is mapped to com.android.media.swcodec
05-25 03:09:50.783 11469 11469 I AconfigPackage: com.android.permission.flags is mapped to com.android.permission
05-25 03:09:50.783 11469 11469 I AconfigPackage: com.android.permissioncontroller.flags is mapped to com.android.permission
05-25 03:09:50.783 11469 11469 I AconfigPackage: com.android.icu is mapped to com.android.i18n
05-25 03:09:50.783 11469 11469 I AconfigPackage: com.android.appsearch.flags is mapped to com.android.appsearch
05-25 03:09:50.783 11469 11469 I AconfigPackage: android.uprobestats.mainline.flags is mapped to com.android.uprobestats
05-25 03:09:50.783 11469 11469 I AconfigPackage: com.android.crashrecovery.flags is mapped to com.android.crashrecovery
05-25 03:09:50.783 11469 11469 I AconfigPackage: android.provider.flags is mapped to com.android.configinfrastructure
05-25 03:09:50.783 11469 11469 I AconfigPackage: com.android.server.deviceconfig is mapped to com.android.configinfrastructure
05-25 03:09:50.783 11469 11469 I AconfigPackage: com.android.compos.flags is mapped to com.android.compos
05-25 03:09:50.783 11469 11469 I AconfigPackage: com.android.art.flags is mapped to com.android.art
05-25 03:09:50.783 11469 11469 I AconfigPackage: com.android.art.rw.flags is mapped to com.android.art
05-25 03:09:50.783 11469 11469 I AconfigPackage: com.android.libcore is mapped to com.android.art
05-25 03:09:50.783 11469 11469 I AconfigPackage: com.android.telephony.flags is mapped to com.android.telephonycore
05-25 03:09:50.783 11469 11469 I AconfigPackage: com.android.media.extractor.flags is mapped to com.android.media
05-25 03:09:50.783 11469 11469 I AconfigPackage: com.android.media.mainline.flags is mapped to com.android.media
05-25 03:09:50.783 11469 11469 I AconfigPackage: com.android.wifi.flags is mapped to com.android.wifi
05-25 03:09:50.783 11469 11469 I AconfigPackage: com.android.org.conscrypt.flags is mapped to com.android.conscrypt
05-25 03:09:50.783 11469 11469 I AconfigPackage: com.android.org.conscrypt.net.flags is mapped to com.android.conscrypt
05-25 03:09:50.783 11469 11469 I AconfigPackage: com.android.healthfitness.flags is mapped to com.android.healthfitness
05-25 03:09:50.783 11469 11469 I AconfigPackage: com.android.ipsec.flags is mapped to com.android.ipsec
05-25 03:09:50.783 11469 11469 I AconfigPackage: com.android.nfc.module.flags is mapped to com.android.nfcservices
05-25 03:09:50.783 11469 11469 I AconfigPackage: com.android.adservices.ondevicepersonalization.flags is mapped to com.android.ondevicepersonalization
05-25 03:09:50.783 11469 11469 I AconfigPackage: com.android.adbd.flags is mapped to com.android.adbd
05-25 03:09:50.783 11469 11469 I AconfigPackage: com.android.bluetooth.flags is mapped to com.android.bt
05-25 03:09:50.783 11469 11469 I AconfigPackage: com.android.devicelock.flags is mapped to com.android.devicelock
05-25 03:09:50.784 11469 11469 I AconfigPackage: android.os.profiling is mapped to com.android.profiling
05-25 03:09:50.784 11469 11469 I AconfigPackage: android.os.profiling.anomaly.flags is mapped to com.android.profiling
05-25 03:09:50.784 11469 11469 I AconfigPackage: com.android.os.statsd.flags is mapped to com.android.os.statsd
05-25 03:09:50.784 11469 11469 I AconfigPackage: com.android.rkpd.flags is mapped to com.android.rkpd
05-25 03:09:50.784 11469 11469 I AconfigPackage: com.android.cellbroadcastreceiver.flags is mapped to com.android.cellbroadcast
05-25 03:09:50.784 11469 11469 I AconfigPackage: com.android.adservices.flags is mapped to com.android.adservices
05-25 03:09:50.784 11469 11469 I AconfigPackage: com.android.sdksandbox.flags is mapped to com.android.adservices
05-25 03:09:50.784 11469 11469 I AconfigPackage: com.android.uwb.flags is mapped to com.android.uwb
05-25 03:09:50.784 11469 11469 I AconfigPackage: com.android.ranging.flags is mapped to com.android.uwb
05-25 03:09:50.784 11469 11469 I AconfigPackage: android.graphics.pdf.flags is mapped to com.android.mediaprovider
05-25 03:09:50.784 11469 11469 I AconfigPackage: com.android.providers.media.flags is mapped to com.android.mediaprovider
05-25 03:09:50.784 11469 11469 I AconfigPackage: android.graphics.pdf.flags.readonly is mapped to com.android.mediaprovider
05-25 03:09:50.784 11469 11469 I AconfigPackage: com.android.tethering.mainline.beta is mapped to com.android.tethering
05-25 03:09:50.784 11469 11469 I AconfigPackage: android.net.http is mapped to com.android.tethering
05-25 03:09:50.784 11469 11469 I AconfigPackage: com.android.tethering.readonly.flags is mapped to com.android.tethering
05-25 03:09:50.784 11469 11469 I AconfigPackage: android.net.vcn is mapped to com.android.tethering
05-25 03:09:50.784 11469 11469 I AconfigPackage: com.android.net.flags is mapped to com.android.tethering
05-25 03:09:50.784 11469 11469 I AconfigPackage: com.android.tethering.beta.test is mapped to com.android.tethering
05-25 03:09:50.784 11469 11469 I AconfigPackage: com.android.nearby.flags is mapped to com.android.tethering
05-25 03:09:50.784 11469 11469 I AconfigPackage: com.android.net.ct.flags is mapped to com.android.tethering
05-25 03:09:50.784 11469 11469 I AconfigPackage: com.android.net.thread.flags is mapped to com.android.tethering
05-25 03:09:50.784 11469 11469 I AconfigPackage: com.android.system.virtualmachine.flags is mapped to com.android.virt
05-25 03:09:50.784 11469 11469 E FeatureFlagsImplExport: android.os.flagging.AconfigStorageReadException: ERROR_PACKAGE_NOT_FOUND: package android.xr cannot be found on the device
05-25 03:09:50.785 11469 11469 D UiAutomationConnection: Created on user UserHandle{0}
05-25 03:09:50.785 11469 11469 I UiAutomation: Initialized for user 0 on display 0
05-25 03:09:50.785 11469 11469 W UiAutomation: Created with deprecatead constructor, assumes DEFAULT_DISPLAY
05-25 03:09:50.787   755  2150 D AccessibilityManagerService: changeCurrentUserForTestAutomationIfNeededLocked(0): ignoring because device doesn't support visible background users
05-25 03:09:50.787   755  2150 I UiAutomationManager: Registering UiTestAutomationService (id=com.android.server.accessibility/UiAutomation, flags=0x0) when called by user 0
05-25 03:09:50.787   755  2150 V AccessibilityManagerService: onUserStateChangedLocked for userId: 0, forceUpdate: false
05-25 03:09:50.787   755  2150 V AccessibilityUserState: updateShortcutTargets: type:accessibility_shortcut_target_service, current:{}, new:{}
05-25 03:09:50.788  1546  2094 I AiAiEcho: Settings changed for uri: content://settings/secure/accessibility_enabled
05-25 03:09:50.788   755  2150 V AccessibilityUserState: updateShortcutTargets: type:accessibility_button_targets, current:{}, new:{}
05-25 03:09:50.788   755  2150 V AccessibilityUserState: updateShortcutTargets: type:accessibility_gesture_targets, current:{}, new:{}
05-25 03:09:50.788   755  2150 V AccessibilityUserState: updateShortcutTargets: type:accessibility_qs_targets, current:{}, new:{}
05-25 03:09:50.788   755  2150 V AccessibilityUserState: updateShortcutTargets: type:accessibility_key_gesture_targets, current:{}, new:{}
05-25 03:09:50.788   755  2150 W MagnificationConnectionManager: requestConnection duplicated request: connect=false, mConnectionState=DISCONNECTED
05-25 03:09:50.788  1546  1927 I AiAiEcho: Predicting[0]:  [CONTEXT sampling_count=5 ]
05-25 03:09:50.788  1546  1927 I AiAiEcho: EchoTargets: 
05-25 03:09:50.788  1546  1927 I AiAiEcho: Filtered by AiAi flag check: 
05-25 03:09:50.788  1546  1927 I AiAiEcho: [CONTEXT ratelimit_period="10 SECONDS" ]
05-25 03:09:50.788  1546  1927 I AiAiEcho: #remoteViewsTwiddler: feature disabled.
05-25 03:09:50.788  1546  1927 I AiAiEcho: Predicting[0]:  [CONTEXT sampling_count=5 ]
05-25 03:09:50.788  1546  1927 I AiAiEcho: EchoTargets: 
05-25 03:09:50.788  1546  1927 I AiAiEcho: Filtered by AiAi flag check: 
05-25 03:09:50.788  1546  1927 I AiAiEcho: [CONTEXT ratelimit_period="10 SECONDS" ]
05-25 03:09:50.788  1546  1927 I AiAiEcho: #remoteViewsTwiddler: feature disabled.
05-25 03:09:50.789   755   755 W libbinder.IPCThreadState: Sending oneway calls to frozen process.
05-25 03:09:50.789  1546  1927 I AiAiEcho: #postPredictionTargets: Sending updates to UISurface lockscreen with targets# 0 (types=[])
05-25 03:09:50.789   755   755 W libbinder.IPCThreadState: Sending oneway calls to frozen process.
05-25 03:09:50.789   755   755 W libbinder.IPCThreadState: Sending oneway calls to frozen process.
05-25 03:09:50.789   755   755 W libbinder.IPCThreadState: Sending oneway calls to frozen process.
05-25 03:09:50.789   755   755 W libbinder.IPCThreadState: Sending oneway calls to frozen process.
05-25 03:09:50.789   755   755 W libbinder.IPCThreadState: Sending oneway calls to frozen process.
05-25 03:09:50.789  1546  1927 I AiAiEcho: #postPredictionTargets: Sending updates to UISurface home with targets# 0 (types=[])
05-25 03:09:50.789   755   755 W libbinder.IPCThreadState: Sending oneway calls to frozen process.
05-25 03:09:50.790   755   755 W libbinder.IPCThreadState: Sending oneway calls to frozen process.
05-25 03:09:50.790   755   755 W libbinder.IPCThreadState: Sending oneway calls to frozen process.
05-25 03:09:50.790  1012  1012 W SsPagerDots: Total number of pages invalid: 0. Assuming 1 page.
05-25 03:09:50.790   755   755 W libbinder.IPCThreadState: Sending oneway calls to frozen process.
05-25 03:09:50.790   755   755 W libbinder.IPCThreadState: Sending oneway calls to frozen process.
05-25 03:09:50.790   755   755 W libbinder.IPCThreadState: Sending oneway calls to frozen process.
05-25 03:09:50.790   755   755 W libbinder.IPCThreadState: Sending oneway calls to frozen process.
05-25 03:09:50.790   755  1185 V AccessibilityManagerService: onUserStateChangedLocked for userId: 0, forceUpdate: false
05-25 03:09:50.791   755  1185 V AccessibilityUserState: updateShortcutTargets: type:accessibility_shortcut_target_service, current:{}, new:{}
