05-17 23:34:45.073 18887 18887 I flutter : To safely refer to a widget's ancestor in its dispose() method, save a reference to the ancestor by calling dependOnInheritedWidgetOfExactType() in the widget's didChangeDependencies() method.
05-17 23:34:45.073 18887 18887 I flutter : #0      Element._debugCheckStateIsActiveForAncestorLookup.<anonymous closure> (package:flutter/src/widgets/framework.dart:5049:9)
05-17 23:34:45.073 18887 18887 I flutter : #1      Element._debugCheckStateIsActiveForAncestorLookup (package:flutter/src/widgets/framework.dart:5063:6)
05-17 23:34:45.073 18887 18887 I flutter : #2      Element.getElementForInheritedWidgetOfExactType (package:flutter/src/widgets/framework.dart:5098:12)
05-17 23:34:45.073 18887 18887 I flutter : #3      InheritedModel._findModels (package:flutter/src/widgets/inherited_model.dart:152:45)
05-17 23:34:45.073 18887 18887 I flutter : #4      InheritedModel.inheritFrom (package:flutter/src/widgets/inherited_model.dart:200:5)
05-17 23:34:45.073 18887 18887 I flutter : #5      MediaQuery._maybeOf (package:flutter/src/widgets/media_query.dart:1481:27)
05-17 23:34:45.073 18887 18887 I flutter : #6      MediaQuery.maybeInvertColorsOf (package:flutter/src/widgets/media_query.dart:1827:7)
05-17 23:34:45.073 18887 18887 I flutter : #7      _ImageState._updateInvertColors (package:flutter/src/widgets/image.dart:1193:20)
05-17 23:34:45.073 18887 18887 I flutter : #8      _ImageState.didChangeAccessibilityFeatures.<anonymous closure> (package:flutter/src/widgets/image.dart:1181:7)
05-17 23:34:45.073 18887 18887 I flutter : #9      State.setState (package:flutter/src/widgets/framework.dart:1199:30)
05-17 23:34:45.073 18887 18887 I flutter : #10     _ImageState.didChangeAccessibilityFeatures (package:flutter/src/widgets/image.dart:1180:5)
05-17 23:34:45.073 18887 18887 I flutter : #11     WidgetsBinding.handleAccessibilityFeaturesChanged (package:flutter/src/widgets/binding.dart:884:16)
05-17 23:34:45.073 18887 18887 I flutter : #12     SemanticsBinding.initInstances.<anonymous closure> (package:flutter/src/semantics/binding.dart:38:11)
05-17 23:34:45.073 18887 18887 I flutter : #13     _invoke (dart:ui/hooks.dart:356:13)
05-17 23:34:45.073 18887 18887 I flutter : #14     PlatformDispatcher._updateAccessibilityFeatures (dart:ui/platform_dispatcher.dart:939:5)
05-17 23:34:45.073 18887 18887 I flutter : #15     _updateAccessibilityFeatures (dart:ui/hooks.dart:297:31)
05-17 23:34:45.073 18887 18887 I flutter :
05-17 23:34:45.073 18887 18887 I flutter : Uncaught error: Looking up a deactivated widget's ancestor is unsafe.
05-17 23:34:45.073 18887 18887 I flutter : At this point the state of the widget's element tree is no longer stable.
05-17 23:34:45.073 18887 18887 I flutter : To safely refer to a widget's ancestor in its dispose() method, save a reference to the ancestor by calling dependOnInheritedWidgetOfExactType() in the widget's didChangeDependencies() method.
05-17 23:34:45.073 18887 18887 I flutter : #0      Element._debugCheckStateIsActiveForAncestorLookup.<anonymous closure> (package:flutter/src/widgets/framework.dart:5049:9)
05-17 23:34:45.073 18887 18887 I flutter : #1      Element._debugCheckStateIsActiveForAncestorLookup (package:flutter/src/widgets/framework.dart:5063:6)
05-17 23:34:45.073 18887 18887 I flutter : #2      Element.getElementForInheritedWidgetOfExactType (package:flutter/src/widgets/framework.dart:5098:12)
05-17 23:34:45.073 18887 18887 I flutter : #3      InheritedModel._findModels (package:flutter/src/widgets/inherited_model.dart:152:45)
05-17 23:34:45.073 18887 18887 I flutter : #4      InheritedModel.inheritFrom (package:flutter/src/widgets/inherited_model.dart:200:5)
05-17 23:34:45.073 18887 18887 I flutter : #5      MediaQuery._maybeOf (package:flutter/src/widgets/media_query.dart:1481:27)
05-17 23:34:45.073 18887 18887 I flutter : #6      MediaQuery.maybeInvertColorsOf (package:flutter/src/widgets/media_query.dart:1827:7)
05-17 23:34:45.073 18887 18887 I flutter : #7      _ImageState._updateInvertColors (package:flutter/src/widgets/image.dart:1193:20)
05-17 23:34:45.073 18887 18887 I flutter : #8      _ImageState.didChangeAccessibilityFeatures.<anonymous closure> (package:flutter/src/widgets/image.dart:1181:7)
05-17 23:34:45.073 18887 18887 I flutter : #9      State.setState (package:flutter/src/widgets/framework.dart:1199:30)
05-17 23:34:45.073 18887 18887 I flutter : #10     _ImageState.didChangeAccessibilityFeatures (package:flutter/src/widgets/image.dart:1180:5)
05-17 23:34:45.073 18887 18887 I flutter : #11     WidgetsBinding.handleAccessibilityFeaturesChanged (package:flutter/src/widgets/binding.dart:884:16)
05-17 23:34:45.073 18887 18887 I flutter : #12     SemanticsBinding.initInstances.<anonymous closure> (package:flutter/src/semantics/binding.dart:38:11)
05-17 23:34:45.073 18887 18887 I flutter : #13     _invoke (dart:ui/hooks.dart:356:13)
05-17 23:34:45.073 18887 18887 I flutter : #14     PlatformDispatcher._updateAccessibilityFeatures (dart:ui/platform_dispatcher.dart:939:5)
05-17 23:34:45.073 18887 18887 I flutter : #15     _updateAccessibilityFeatures (dart:ui/hooks.dart:297:31)
05-17 23:34:45.073 18887 18887 I flutter :
05-17 23:34:45.073 18887 18887 I flutter : Global error caught: Looking up a deactivated widget's ancestor is unsafe.
05-17 23:34:45.073 18887 18887 I flutter : At this point the state of the widget's element tree is no longer stable.
05-17 23:34:45.073 18887 18887 I flutter : To safely refer to a widget's ancestor in its dispose() method, save a reference to the ancestor by calling dependOnInheritedWidgetOfExactType() in the widget's didChangeDependencies() method.
05-17 23:34:45.073 18887 18887 I flutter : #0      Element._debugCheckStateIsActiveForAncestorLookup.<anonymous closure> (package:flutter/src/widgets/framework.dart:5049:9)
05-17 23:34:45.073 18887 18887 I flutter : #1      Element._debugCheckStateIsActiveForAncestorLookup (package:flutter/src/widgets/framework.dart:5063:6)
05-17 23:34:45.073 18887 18887 I flutter : #2      Element.getElementForInheritedWidgetOfExactType (package:flutter/src/widgets/framework.dart:5098:12)
05-17 23:34:45.073 18887 18887 I flutter : #3      InheritedModel._findModels (package:flutter/src/widgets/inherited_model.dart:152:45)
05-17 23:34:45.073 18887 18887 I flutter : #4      InheritedModel.inheritFrom (package:flutter/src/widgets/inherited_model.dart:200:5)
05-17 23:34:45.073 18887 18887 I flutter : #5      MediaQuery._maybeOf (package:flutter/src/widgets/media_query.dart:1481:27)
05-17 23:34:45.074 18887 18887 I flutter : #6      MediaQuery.maybeInvertColorsOf (package:flutter/src/widgets/media_query.dart:1827:7)
05-17 23:34:45.074 18887 18887 I flutter : #7      _ImageState._updateInvertColors (package:flutter/src/widgets/image.dart:1193:20)
05-17 23:34:45.074 18887 18887 I flutter : #8      _ImageState.didChangeAccessibilityFeatures.<anonymous closure> (package:flutter/src/widgets/image.dart:1181:7)
05-17 23:34:45.074 18887 18887 I flutter : #9      State.setState (package:flutter/src/widgets/framework.dart:1199:30)
05-17 23:34:45.074 18887 18887 I flutter : #10     _ImageState.didChangeAccessibilityFeatures (package:flutter/src/widgets/image.dart:1180:5)
05-17 23:34:45.074 18887 18887 I flutter : #11     WidgetsBinding.handleAccessibilityFeaturesChanged (package:flutter/src/widgets/binding.dart:884:16)
05-17 23:34:45.074 18887 18887 I flutter : #12     SemanticsBinding.initInstances.<anonymous closure> (package:flutter/src/semantics/binding.dart:38:11)
05-17 23:34:45.074 18887 18887 I flutter : #13     _invoke (dart:ui/hooks.dart:356:13)
05-17 23:34:45.074 18887 18887 I flutter : #14     PlatformDispatcher._updateAccessibilityFeatures (dart:ui/platform_dispatcher.dart:939:5)
05-17 23:34:45.074 18887 18887 I flutter : #15     _updateAccessibilityFeatures (dart:ui/hooks.dart:297:31)
05-17 23:34:45.074 18887 18887 I flutter :
05-17 23:34:45.074 18887 18887 I flutter : Uncaught error: Looking up a deactivated widget's ancestor is unsafe.
05-17 23:34:45.074 18887 18887 I flutter : At this point the state of the widget's element tree is no longer stable.
05-17 23:34:45.074 18887 18887 I flutter : To safely refer to a widget's ancestor in its dispose() method, save a reference to the ancestor by calling dependOnInheritedWidgetOfExactType() in the widget's didChangeDependencies() method.
05-17 23:34:45.074 18887 18887 I flutter : #0      Element._debugCheckStateIsActiveForAncestorLookup.<anonymous closure> (package:flutter/src/widgets/framework.dart:5049:9)
05-17 23:34:45.074 18887 18887 I flutter : #1      Element._debugCheckStateIsActiveForAncestorLookup (package:flutter/src/widgets/framework.dart:5063:6)
05-17 23:34:45.074 18887 18887 I flutter : #2      Element.getElementForInheritedWidgetOfExactType (package:flutter/src/widgets/framework.dart:5098:12)
05-17 23:34:45.074 18887 18887 I flutter : #3      InheritedModel._findModels (package:flutter/src/widgets/inherited_model.dart:152:45)
05-17 23:34:45.074 18887 18887 I flutter : #4      InheritedModel.inheritFrom (package:flutter/src/widgets/inherited_model.dart:200:5)
05-17 23:34:45.074 18887 18887 I flutter : #5      MediaQuery._maybeOf (package:flutter/src/widgets/media_query.dart:1481:27)
05-17 23:34:45.074 18887 18887 I flutter : #6      MediaQuery.maybeInvertColorsOf (package:flutter/src/widgets/media_query.dart:1827:7)
05-17 23:34:45.074 18887 18887 I flutter : #7      _ImageState._updateInvertColors (package:flutter/src/widgets/image.dart:1193:20)
05-17 23:34:45.074 18887 18887 I flutter : #8      _ImageState.didChangeAccessibilityFeatures.<anonymous closure> (package:flutter/src/widgets/image.dart:1181:7)
05-17 23:34:45.074 18887 18887 I flutter : #9      State.setState (package:flutter/src/widgets/framework.dart:1199:30)
05-17 23:34:45.074 18887 18887 I flutter : #10     _ImageState.didChangeAccessibilityFeatures (package:flutter/src/widgets/image.dart:1180:5)
05-17 23:34:45.074 18887 18887 I flutter : #11     WidgetsBinding.handleAccessibilityFeaturesChanged (package:flutter/src/widgets/binding.dart:884:16)
05-17 23:34:45.074 18887 18887 I flutter : #12     SemanticsBinding.initInstances.<anonymous closure> (package:flutter/src/semantics/binding.dart:38:11)
05-17 23:34:45.074 18887 18887 I flutter : #13     _invoke (dart:ui/hooks.dart:356:13)
05-17 23:34:45.074 18887 18887 I flutter : #14     PlatformDispatcher._updateAccessibilityFeatures (dart:ui/platform_dispatcher.dart:939:5)
05-17 23:34:45.074 18887 18887 I flutter : #15     _updateAccessibilityFeatures (dart:ui/hooks.dart:297:31)
05-17 23:34:45.074 18887 18887 I flutter :
05-17 23:34:45.074 18887 18887 I flutter : Global error caught: Looking up a deactivated widget's ancestor is unsafe.
05-17 23:34:45.074 18887 18887 I flutter : At this point the state of the widget's element tree is no longer stable.
05-17 23:34:45.074 18887 18887 I flutter : To safely refer to a widget's ancestor in its dispose() method, save a reference to the ancestor by calling dependOnInheritedWidgetOfExactType() in the widget's didChangeDependencies() method.
05-17 23:34:45.074 18887 18887 I flutter : #0      Element._debugCheckStateIsActiveForAncestorLookup.<anonymous closure> (package:flutter/src/widgets/framework.dart:5049:9)
05-17 23:34:45.074 18887 18887 I flutter : #1      Element._debugCheckStateIsActiveForAncestorLookup (package:flutter/src/widgets/framework.dart:5063:6)
05-17 23:34:45.074 18887 18887 I flutter : #2      Element.getElementForInheritedWidgetOfExactType (package:flutter/src/widgets/framework.dart:5098:12)
05-17 23:34:45.074 18887 18887 I flutter : #3      InheritedModel._findModels (package:flutter/src/widgets/inherited_model.dart:152:45)
05-17 23:34:45.074 18887 18887 I flutter : #4      InheritedModel.inheritFrom (package:flutter/src/widgets/inherited_model.dart:200:5)
05-17 23:34:45.074 18887 18887 I flutter : #5      MediaQuery._maybeOf (package:flutter/src/widgets/media_query.dart:1481:27)
05-17 23:34:45.074 18887 18887 I flutter : #6      MediaQuery.maybeInvertColorsOf (package:flutter/src/widgets/media_query.dart:1827:7)
05-17 23:34:45.074 18887 18887 I flutter : #7      _ImageState._updateInvertColors (package:flutter/src/widgets/image.dart:1193:20)
05-17 23:34:45.074 18887 18887 I flutter : #8      _ImageState.didChangeAccessibilityFeatures.<anonymous closure> (package:flutter/src/widgets/image.dart:1181:7)
05-17 23:34:45.074 18887 18887 I flutter : #9      State.setState (package:flutter/src/widgets/framework.dart:1199:30)
05-17 23:34:45.074 18887 18887 I flutter : #10     _ImageState.didChangeAccessibilityFeatures (package:flutter/src/widgets/image.dart:1180:5)
05-17 23:34:45.074 18887 18887 I flutter : #11     WidgetsBinding.handleAccessibilityFeaturesChanged (package:flutter/src/widgets/binding.dart:884:16)
05-17 23:34:45.074 18887 18887 I flutter : #12     SemanticsBinding.initInstances.<anonymous closure> (package:flutter/src/semantics/binding.dart:38:11)
05-17 23:34:45.074 18887 18887 I flutter : #13     _invoke (dart:ui/hooks.dart:356:13)
05-17 23:34:45.074 18887 18887 I flutter : #14     PlatformDispatcher._updateAccessibilityFeatures (dart:ui/platform_dispatcher.dart:939:5)
05-17 23:34:45.074 18887 18887 I flutter : #15     _updateAccessibilityFeatures (dart:ui/hooks.dart:297:31)
05-17 23:34:45.074 18887 18887 I flutter :
05-17 23:34:45.074 18887 18887 I flutter : Uncaught error: Looking up a deactivated widget's ancestor is unsafe.
05-17 23:34:45.074 18887 18887 I flutter : At this point the state of the widget's element tree is no longer stable.
05-17 23:34:45.074 18887 18887 I flutter : To safely refer to a widget's ancestor in its dispose() method, save a reference to the ancestor by calling dependOnInheritedWidgetOfExactType() in the widget's didChangeDependencies() method.
05-17 23:34:45.074 18887 18887 I flutter : #0      Element._debugCheckStateIsActiveForAncestorLookup.<anonymous closure> (package:flutter/src/widgets/framework.dart:5049:9)
05-17 23:34:45.074 18887 18887 I flutter : #1      Element._debugCheckStateIsActiveForAncestorLookup (package:flutter/src/widgets/framework.dart:5063:6)
05-17 23:34:45.074 18887 18887 I flutter : #2      Element.getElementForInheritedWidgetOfExactType (package:flutter/src/widgets/framework.dart:5098:12)
05-17 23:34:45.074 18887 18887 I flutter : #3      InheritedModel._findModels (package:flutter/src/widgets/inherited_model.dart:152:45)
05-17 23:34:45.074 18887 18887 I flutter : #4      InheritedModel.inheritFrom (package:flutter/src/widgets/inherited_model.dart:200:5)
05-17 23:34:45.074 18887 18887 I flutter : #5      MediaQuery._maybeOf (package:flutter/src/widgets/media_query.dart:1481:27)
05-17 23:34:45.074 18887 18887 I flutter : #6      MediaQuery.maybeInvertColorsOf (package:flutter/src/widgets/media_query.dart:1827:7)
05-17 23:34:45.253 22446 22618 D PowerManagerService: displayReady: false groupId=0
05-17 23:34:45.253 22446 22618 D DisplayPowerController[0]: animateScreenStateChange: target=ON, mIsEnabled=true
05-17 23:34:45.253 22446 22618 D DisplayPowerController[1]: animateScreenStateChange: target=OFF, mIsEnabled=false
05-17 23:34:45.253 22446 22618 D PowerManagerService: displayReady: true groupId=0
05-17 23:34:45.454 22446 22618 D PowerManagerService: displayReady: false groupId=0
05-17 23:34:45.454 22446 22618 D DisplayPowerController[0]: animateScreenStateChange: target=ON, mIsEnabled=true
05-17 23:34:45.454 22446 22618 D DisplayPowerController[1]: animateScreenStateChange: target=OFF, mIsEnabled=false
05-17 23:34:45.454 22446 22618 D PowerManagerService: displayReady: true groupId=0
05-17 23:34:45.654 22446 22618 D PowerManagerService: displayReady: false groupId=0
05-17 23:34:45.657 22446 22618 D DisplayPowerController[0]: animateScreenStateChange: target=ON, mIsEnabled=true
05-17 23:34:45.657 22446 22618 D DisplayPowerController[1]: animateScreenStateChange: target=OFF, mIsEnabled=false
05-17 23:34:45.657 22446 22618 D PowerManagerService: displayReady: true groupId=0
05-17 23:34:45.829  1812  2606 I sensors-hal: handle_sns_std_sensor_event:90, light_cct: ts = 175069284615982 ns; value = [327, 327, 125, 149, 398, 408, 227, 6, 62752, 15, 1]
05-17 23:34:45.857 22446 22618 D PowerManagerService: displayReady: false groupId=0
05-17 23:34:45.857 22446 22618 D DisplayPowerController[0]: animateScreenStateChange: target=ON, mIsEnabled=true
05-17 23:34:45.858 22446 22618 D DisplayPowerController[1]: animateScreenStateChange: target=OFF, mIsEnabled=false
05-17 23:34:45.858 22446 22618 D PowerManagerService: displayReady: true groupId=0
05-17 23:34:46.000 22113 22557 I thermal_core: pivot(AP) : 374, skin : 370
05-17 23:34:46.000 22113 22557 I vendor.samsung.hardware.thermal-service: index = 6.200000
05-17 23:34:46.000 22113 22557 I vendor.samsung.hardware.thermal-service: 1 / 2
05-17 23:34:46.058 22446 22618 D PowerManagerService: displayReady: false groupId=0
05-17 23:34:46.058 22446 22618 D DisplayPowerController[0]: animateScreenStateChange: target=ON, mIsEnabled=true
05-17 23:34:46.059 22446 22618 D DisplayPowerController[1]: animateScreenStateChange: target=OFF, mIsEnabled=false
05-17 23:34:46.059 22446 22618 D PowerManagerService: displayReady: true groupId=0
05-17 23:34:46.075 18887 18887 I flutter : #7      _ImageState._updateInvertColors (package:flutter/src/widgets/image.dart:1193:20)
05-17 23:34:46.075 18887 18887 I flutter : #8      _ImageState.didChangeAccessibilityFeatures.<anonymous closure> (package:flutter/src/widgets/image.dart:1181:7)
05-17 23:34:46.075 18887 18887 I flutter : #9      State.setState (package:flutter/src/widgets/framework.dart:1199:30)
05-17 23:34:46.075 18887 18887 I flutter : #10     _ImageState.didChangeAccessibilityFeatures (package:flutter/src/widgets/image.dart:1180:5)
05-17 23:34:46.075 18887 18887 I flutter : #11     WidgetsBinding.handleAccessibilityFeaturesChanged (package:flutter/src/widgets/binding.dart:884:16)
05-17 23:34:46.075 18887 18887 I flutter : #12     SemanticsBinding.initInstances.<anonymous closure> (package:flutter/src/semantics/binding.dart:38:11)
05-17 23:34:46.075 18887 18887 I flutter : #13     _invoke (dart:ui/hooks.dart:356:13)
05-17 23:34:46.075 18887 18887 I flutter : #14     PlatformDispatcher._updateAccessibilityFeatures (dart:ui/platform_dispatcher.dart:939:5)
05-17 23:34:46.075 18887 18887 I flutter : #15     _updateAccessibilityFeatures (dart:ui/hooks.dart:297:31)
05-17 23:34:46.075 18887 18887 I flutter :
05-17 23:34:46.259 22446 22618 D PowerManagerService: displayReady: false groupId=0
05-17 23:34:46.259 22446 22618 D DisplayPowerController[0]: animateScreenStateChange: target=ON, mIsEnabled=true
05-17 23:34:46.259 22446 22618 D DisplayPowerController[1]: animateScreenStateChange: target=OFF, mIsEnabled=false
05-17 23:34:46.259 22446 22618 D PowerManagerService: displayReady: true groupId=0
05-17 23:34:46.269 22446 22799 E WifiStaIfaceAidlImpl: getCachedScanData failed with service-specific exception: android.os.ServiceSpecificException:  (code 4)
05-17 23:34:46.271 22446 27495 D SemWifiUsabilityStatsMonitor: onWifiUsabilityStats - seqNum 28494, isSameBssidAndFreq true
05-17 23:34:46.274 22446 22924 I SemWifiLinkQualityMonitor: Link stat: 470 / 24 / 1.20 (6) / 5187 / -43.0 || 100.0 : 5187.00 / 0.5 : 0.83 / 0.55 : 0.05 / G (G) || fe7926386295: 0.077 / 103.337 / N || N N / 0 0 / N 2.0 / N X 2 / 112980672 0 || 2026-05-17 23:34:46  / 0: 0 0 0 0 0 0 / 0: 0 0 0 0 0 0 / 0: 0 0 0 0 0 0
05-17 23:34:46.275 22446 22925 D InsDataManager: onOutageCountUpdate() - Outage Data: 0, LQ : N. Outage Triggered: false
05-17 23:34:46.275 22446 22925 D SemInsManager: {"bssid": "fe7926386295","rssi": -43.0,"latency": 0.07741675679367442,"outage_count": 0,"lq_callback_triggered": false,"outage_log": "Link stat: 470 / 24 / 1.20 (6) / 5187 / -43.0 || 100.0 : 5187.00 / 0.5 : 0.83 / 0.55 : 0.05 / G (G) || fe7926386295: 0.077 / 103.337 / N || N N / 0 0 / N 2.0 / N X 2 / 112980672 0 || 2026-05-17 23:34:46  / 0: 0 0 0 0 0 0 / 0: 0 0 0 0 0 0 / 0: 0 0 0 0 0 0""Magnetic Sensor Events size": "0""Pressure Sensor Events size": "0"}
05-17 23:34:46.276 22446 22942 D SGM:GameManager: identifyGamePackage. com.tiarnanlarkin.danio, mCurrentUserId: 0, callingMethodInfo: com.samsung.android.game.SemGameManager.isGamePackage(SemGameManager.java:105)
05-17 23:34:46.276 22446 22942 D SGM:SemGameManager: isGamePackage(), pkgName=com.tiarnanlarkin.danio, ret=false
05-17 23:34:46.460 22446 22618 D PowerManagerService: displayReady: false groupId=0
05-17 23:34:46.460 22446 22618 D DisplayPowerController[0]: animateScreenStateChange: target=ON, mIsEnabled=true
05-17 23:34:46.460 22446 22618 D DisplayPowerController[1]: animateScreenStateChange: target=OFF, mIsEnabled=false
05-17 23:34:46.460 22446 22618 D PowerManagerService: displayReady: true groupId=0
05-17 23:34:46.622  8385 31737 I NearbyMediums: No BLE Fast/GATT advertisements found in the latest cycle.
05-17 23:34:46.623  8385 31737 I NearbyMediums: Current Tracked Scanning Clients are : {NearbyConnections.EnvironmentMonitor, NearbySharing, NearbyConnections.TxAdvertisement}
05-17 23:34:46.660 22446 22618 D PowerManagerService: displayReady: false groupId=0
05-17 23:34:46.660 22446 22618 D DisplayPowerController[0]: animateScreenStateChange: target=ON, mIsEnabled=true
05-17 23:34:46.661 22446 22618 D DisplayPowerController[1]: animateScreenStateChange: target=OFF, mIsEnabled=false
05-17 23:34:46.661 22446 22618 D PowerManagerService: displayReady: true groupId=0
05-17 23:34:46.861 22446 22618 D PowerManagerService: displayReady: false groupId=0
05-17 23:34:46.861 22446 22618 D DisplayPowerController[0]: animateScreenStateChange: target=ON, mIsEnabled=true
05-17 23:34:46.861 22446 22618 D DisplayPowerController[1]: animateScreenStateChange: target=OFF, mIsEnabled=false
05-17 23:34:46.861 22446 22618 D PowerManagerService: displayReady: true groupId=0
05-17 23:34:46.974 22446 22750 I ImeTracker: com.tiarnanlarkin.danio:a3e795f4: setFinished at PHASE_CLIENT_ANIMATION_CANCEL with STATUS_TIMEOUT
05-17 23:34:47.003 22113 22557 I thermal_core: pivot(AP) : 373, skin : 370
05-17 23:34:47.003 22113 22557 I vendor.samsung.hardware.thermal-service: index = 5.800000
05-17 23:34:47.003 22113 22557 I vendor.samsung.hardware.thermal-service: 2 / 2
05-17 23:34:47.034  1871  1954 E BatteryDump: !@new_battery_dump : 3815,817,1100,3100,25,318,309,374,318,0,371,374,318,Charging,NO_CHARGING,Normal,Good,PDIC,0,Normal,0,0,10494,0x8000,0x10010000,0x0,0,0,468,v0004,0,1/1-5000-0-3000,0000,0000,00000000,3818,3833,0,393,424,0,233,0,248,990,0,
05-17 23:34:47.034 22113 22113 I seh_thermal_service: getTemperaturesWithType SehTemperatureType: 3
05-17 23:34:47.034  1871  1871 I sehhealth-service: updateLrpSysfs: write: 370
05-17 23:34:47.035 22446 25253 D [SS]BattFunctions: [sendRemainingChargingTimeChangedIntent]remainingChargingTime:10826 ,mLastRemainingChargingTime:10841
05-17 23:34:47.035 22446 25253 D BatteryService: [processValuesLocked]batteryLevel:25 ,LastbatteryLevel:24 ,mPlugType:2 ,batteryStatus:2
05-17 23:34:47.035 22446 25253 D BatteryService: [countBatteryChangedConditions]mBatteryChangedConditionCounts:[52, 7, 1, 542, 51, 207, 175, 0, 0, 61, 49, 0, 64, 0, 0, 8, 113, 51, 0, 0, 0, 1]
05-17 23:34:47.035 22446 25253 D BatteryService: Sending ACTION_BATTERY_CHANGED: level:25, status:2, health:2, remain:10826, ac:false, usb:true, wireless:false, pogo:false, misc:0x10010000, charge_type:1, charger_type:1, voltage:3815, temperature:318, online:19, charging_status:0, cycle_count:0, current_avg:657187, ps:false, hvc:true, current_event:0x8000, mcc:0, mcv:0, cc:1086800, present:true, scale:100, technology:Li-ion, protection:0
05-17 23:34:47.035 22446 29032 V [SS]SleepChargingTimeController: [isActivated]mSleepChargingStatus isNowSessionTime False => false
05-17 23:34:47.036 22446 25253 D [SS]BattUtils: [readNode]path:/efs/FactoryApp/bsoh ,value:100
05-17 23:34:47.038 23268 23268 I AODBatteryManager: updateBatteryData: ACTION_BATTERY_CHANGED: true, isSleepModeChanged:false ,isRemainingTimeChanged: false, isUSBRestriction: false
05-17 23:34:47.038 23268 23268 I AODBatteryManager: saveBatteryData : AOD BatteryData [mBatteryLevel=25, mBatteryStatus=CHARGING, mBatteryPlugType=USB, mBatteryPlugged=true, mRemainingChargeTime=10841000, mBatteryChargingType=2, mBatteryChargerType=FAST, mBatteryOnline=NOT_DEFINED, mBatterySwellingMode=NONE, mBatteryProtectMode=false, mBatteryProtectModeType=4, mSleepChargingEvent=null, mSleepChargingEventFinishTime=null, mBatteryHealth=2, mIsDirectPowerMode=false, mIsUsbRestriction=false]
05-17 23:34:47.039 23268 23268 I ChargingInfoManager: updateChargingInfo: newState = AOD ChargingInfo [mState=BATTERY_AND_REMAIN_TIME, mIsCharging=true, mIsPlugged=true, mIsFullyCharged=false, mIsBatteryProtectMode=false, mBetteryLevel=25, mBetteryProtectModeType4, mIsSlowChargingfalse], oldState = AOD ChargingInfo [mState=BATTERY_AND_REMAIN_TIME, mIsCharging=true, mIsPlugged=true, mIsFullyCharged=false, mIsBatteryProtectMode=false, mBetteryLevel=24, mBetteryProtectModeType4, mIsSlowChargingfalse]
05-17 23:34:47.039 23268 23268 I AODBatteryManager: updateBatteryData: ACTION_BATTERY_CHANGED: false, isSleepModeChanged:false ,isRemainingTimeChanged: true, isUSBRestriction: false
05-17 23:34:47.039 23268 23268 I ChargingInfoManager: updateChargingInfo: newState = AOD ChargingInfo [mState=BATTERY_AND_REMAIN_TIME, mIsCharging=true, mIsPlugged=true, mIsFullyCharged=false, mIsBatteryProtectMode=false, mBetteryLevel=25, mBetteryProtectModeType4, mIsSlowChargingfalse], oldState = AOD ChargingInfo [mState=BATTERY_AND_REMAIN_TIME, mIsCharging=true, mIsPlugged=true, mIsFullyCharged=false, mIsBatteryProtectMode=false, mBetteryLevel=25, mBetteryProtectModeType4, mIsSlowChargingfalse]
05-17 23:34:47.040 22446 22446 D AdaptiveBrightnessLongtermModelBuilder[0]: Received android.intent.action.BATTERY_CHANGED
05-17 23:34:47.040 22446 22446 D SemWifiApIntentHandler: rcvd:android.intent.action.BATTERY_LEVEL_CHANGED
05-17 23:34:47.040 23268 23268 I PowerUI : mBootCompleted = true |  mFullyConnected = true
05-17 23:34:47.040 23268 23268 I PowerUI : BATTERY_HEALTH_CHECK / batteryHealth : 2 / wirelessOverheat : false
05-17 23:34:47.040 23268 23268 D PowerUI : Skip charging animation - by Plug reason
05-17 23:34:47.040 23268 23268 D PowerUI : Skip charging sound & vibrate - by Plug reason
05-17 23:34:47.040 23268 23268 D PowerUI : oldMisalign : false, curMisalign : false
05-17 23:34:47.041 22446 22978 I DeviceBatteryInfoService: action: android.intent.action.BATTERY_CHANGED
05-17 23:34:47.041 22446 22978 I DeviceBatteryInfoService: phone battery level: 25
05-17 23:34:47.041 22446 22978 I DeviceBatteryInfoService: phone battery status: 2
05-17 23:34:47.041 22446 22978 D DeviceBatteryInfoService: setBatteryStatus : 2
05-17 23:34:47.041 22446 22791 D MotionRecognitionService: [SAR]  onReceive : ACTION_BATTERY_CHANGED, Plugged: 2
05-17 23:34:47.041 24930 24930 I SDHMS:RutCore: Current options : ScreenBrightness(90), sScreenResolutionLevel(1), PerformanceRestricted, DataRestricted(PSM), AOD(On),
05-17 23:34:47.041 24930 24930 I SDHMS:RutCore: PSM gain = 99 -> Default(101), Brightness(4), Resolution(0), PerfRestrict(3), AOD(-9),
05-17 23:34:47.041 24930 24930 I SDHMS:RutCore: UPSM gain = 243 -> Default(245), Brightness(4), Resolution(0), PerfRestrict(3), AOD(-9),
05-17 23:34:47.041 23268 24016 D PowerUI.Notification: updateNotification mWarning = false mPlaySound = false
05-17 23:34:47.041 23268 23268 D PowerUI.Notification: showChargingNotice - Battery Level : 24 -> 25, Charging Type : 11 -> 11, Charging Time : 10841 -> 10826, Maximum protection : false -> false, Maximum threshold : 80 -> 80
05-17 23:34:47.042 23031 23031 D SemBigDataInfoController: Intent: android.intent.action.BATTERY_CHANGED
05-17 23:34:47.042 23031 23031 D SemBigDataInfoController: Intent: android.intent.action.BATTERY_CHANGED
05-17 23:34:47.042 23268 23268 I NotificationManager: com.android.systemui: notify(2131364000, charging_state, Notification(channel=CHR shortcut=null contentView=null vibrate=null sound=null defaults=0 flags=ONGOING_EVENT|ONLY_ALERT_ONCE color=0x00000000 category=sys groupKey=CHARGING vis=PUBLIC semFlags=0x0 semPriority=0 semMissedCount=0)) as user
05-17 23:34:47.042 22446 22576 I ActivityManager: Changes in 10278 19 to 11, 0 to 128
05-17 23:34:47.043 22446 23558 I ActivityManager: Changes in 10278 11 to 19, 128 to 0
05-17 23:34:47.044 22446 25253 E NotificationService: notification real name Exception
05-17 23:34:47.044 22446 25253 E NotificationService: java.lang.NullPointerException: Attempt to invoke virtual method 'boolean com.android.server.notification.sec.NotificationRealNamePolicy.checkAllowedNotification(android.service.notification.StatusBarNotification)' on a null object reference
05-17 23:34:47.044 22446 25253 E NotificationService: 	at com.android.server.notification.NotificationManagerService.enqueueNotificationInternal(qb/108023582 999c05e5e863f5a91343e9c689fb95844edbcca50f200155ef5f15f7dea487dc:124)
05-17 23:34:47.044 22446 25253 E NotificationService: 	at com.android.server.notification.NotificationManagerService.enqueueNotificationInternal(qb/108023582 999c05e5e863f5a91343e9c689fb95844edbcca50f200155ef5f15f7dea487dc:2)
05-17 23:34:47.044 22446 25253 E NotificationService: 	at com.android.server.notification.NotificationManagerService$17.enqueueNotificationWithTag(qb/108023582 999c05e5e863f5a91343e9c689fb95844edbcca50f200155ef5f15f7dea487dc:97)
05-17 23:34:47.044 22446 25253 E NotificationService: 	at android.app.INotificationManager$Stub.onTransact(INotificationManager.java:2027)
05-17 23:34:47.044 22446 25253 E NotificationService: 	at android.os.Binder.execTransactInternal(Binder.java:1462)
05-17 23:34:47.044 22446 25253 E NotificationService: 	at android.os.Binder.execTransact(Binder.java:1401)
05-17 23:34:47.044 22446 25253 W PermissionService: getPermissionFlags: Unknown user -1
05-17 23:34:47.044 22446 25253 W PermissionService: getPermissionFlags: Unknown user -1
05-17 23:34:47.045 22446 25253 D KNOX_MDM_SettingsProvider: isChangeAllowed() : name = ltc_highsoc_exceed_time
05-17 23:34:47.045 22446 25253 D KNOX_MDM_SettingsProvider: edmUri: content://com.sec.knox.provider/RestrictionPolicy3
05-17 23:34:47.045 22446 25253 D KNOX_MDM_SettingsProvider: projectionArgs: isSettingsChangesAllowed
05-17 23:34:47.045 22446 25253 D KNOX_MDM_SettingsProvider: selectionArgs: false
05-17 23:34:47.045 22446 25253 D KNOX_MDM_SettingsProvider: selectionArgs: 10049
05-17 23:34:47.045 22446 25253 D SecContentProvider: query(), uri = 17 selection = isSettingsChangesAllowed
05-17 23:34:47.045 22446 25253 D SecContentProvider: called from android.uid.systemui:10049
05-17 23:34:47.045 22446 25253 D RestrictionPolicy: isSettingsChangesAllowedAsUser, userId 0 : true
05-17 23:34:47.045 22446 25253 D KNOX_MDM_SettingsProvider: ret = 1
05-17 23:34:47.045 23268 23268 D PowerUI : Remaining charging time : 10826
05-17 23:34:47.045 23268 23268 D PowerUI : Charging time is changed, check charging notification
05-17 23:34:47.045 23268 23268 D PowerUI.Notification: showChargingNotice - There is no change charging status, so return!
05-17 23:34:47.045 23268 23268 D KeyguardUpdateMonitor: handleBatteryUpdate
05-17 23:34:47.045 23268 23268 D KeyguardSecIndicationController: addTrustAgentHelp false
05-17 23:34:47.045 23268 23268 D KeyguardSecIndicationPolicy:  remove Item pos = DEFAULT, type =     TRUST_AGENT_HELP
05-17 23:34:47.045 23268 23268 D KeyguardSecIndicationController: addUsbRestriction false/isSecure=true
05-17 23:34:47.046 23268 23268 D KeyguardSecIndicationPolicy:  remove Item pos = DEFAULT, type =      USB_RESTRICTION
05-17 23:34:47.046 23268 23268 D KeyguardSecIndicationController: addBatteryAndOwnerInfoIndication() battery status = BatteryStatus{status=2,level=25,plugged=2,chargingStatus=0,maxChargingWattage=-1,remaining=10826000ultraFastCharger=1}
05-17 23:34:47.046 23268 23268 D KeyguardSecIndicationController: addIndicationTimeout() returned - unlocking
05-17 23:34:47.046 23268 23268 D KeyguardSecIndicationController: addIndication() returned - unlocking
05-17 23:34:47.046 23268 23268 D SamsungBatteryMeterDrawable: onBatteryLevelChanged isSomethingChanged: true
05-17 23:34:47.046 23268 23268 D SamsungBatteryMeterDrawable: onBatteryLevelChanged isSomethingChanged: true
05-17 23:34:47.046 23268 23268 D SamsungBatteryMeterDrawable: onBatteryLevelChanged isSomethingChanged: true
05-17 23:34:47.046 23268 23268 D SamsungBatteryMeterDrawable: onBatteryLevelChanged isSomethingChanged: true
05-17 23:34:47.048 22092 24232 D AHAL_ModulePrimary_QTI: getVendorParameters: id count: 1
05-17 23:34:47.048 22092 24232 I PAL: ResourceManager: getActiveStream_l: 6569: no active streams found for device 3 ret -2
05-17 23:34:47.048 22092 24232 D AHAL_SecModulePrimary: onGetSECGenericParameters get temperature for g_hw_speaker_amp_temp_rcv: 0
05-17 23:34:47.048 22092 22202 D AHAL_ModulePrimary_QTI: getVendorParameters: id count: 1
05-17 23:34:47.048 22092 22202 I PAL: ResourceManager: getActiveStream_l: 6569: no active streams found for device 3 ret -2
05-17 23:34:47.048 22092 22202 D AHAL_SecModulePrimary: onGetSECGenericParameters get temperature for g_hw_speaker_amp_temp_spk: 0
05-17 23:34:47.048 24930 26001 I SDHMS:x : SIOP:: AP:373 BAT:318 USB:309 CHG:374 PA:368 CP:366 WIFI:374 CF:372 BLK:0 SUBBAT:318 LRPTHM:350 SKIN:367 SKINF:366 SKINB:369 LRP:367 LRF:366 LRB:369 APT:366 APR:369 RCV:300 SPK:296 CAPR:367 CRCV:312 CSPK:310 CAMT:363 UPSPK:318 DNSPK:318 VAP02:385 VAP05:385 AMB2:258 HIGH:0 AVGCUR:610 AVGSYS:651 POWER:2327
05-17 23:34:47.049 24930 26001 I AudioManager: setParameters keyValuePairs = g_hw_speaker_amp_temp_spk=31
05-17 23:34:47.049 22086 22406 D AudioFlinger: setParameters: filtered dev setParameters keyvalue g_hw_speaker_amp_temp_spk=31
05-17 23:34:47.049 22092 22202 D AHAL_HFP_QTI: hfp_set_parameters enter
05-17 23:34:47.049 22092 22202 D AHAL_HFP_QTI: hfp_set_parameters Exit
05-17 23:34:47.049 22092 22202 D AHAL_SecModulePrimary: processSetVendorParameters: configured g_hw_speaker_amp_temp_spk
05-17 23:34:47.049 22092 22202 D AHAL_SecModulePrimary: processSetVendorParameters: handler set on Feature:0
05-17 23:34:47.049 22092 22202 D AHAL_SecModulePrimary: onSetSECGenericParameters set temperature for g_hw_speaker_amp_temp_spk: 31
05-17 23:34:47.049 22092 22202 I PAL: API: pal_set_param: 1377: Enter: param id 3002
05-17 23:34:47.049 22092 22202 I PAL: ResourceManager: getActiveStream_l: 6569: no active streams found for device 3 ret -2
05-17 23:34:47.049 22086 22406 E ConversionHelperAidl: Function: parseAndSetVendorParameters Line: 94 Failed
05-17 23:34:47.049 22086 22406 E ConversionHelperAidl: Function: parseAndSetVendorParameters Line: 94 Failed
05-17 23:34:47.049 24930 26001 I AudioManager: setParameters keyValuePairs = g_hw_speaker_amp_temp_rcv=31
05-17 23:34:47.050 22086 22406 D AudioFlinger: setParameters: filtered dev setParameters keyvalue g_hw_speaker_amp_temp_rcv=31
05-17 23:34:47.050 22092 24232 D AHAL_HFP_QTI: hfp_set_parameters enter
05-17 23:34:47.050 22092 24232 D AHAL_HFP_QTI: hfp_set_parameters Exit
05-17 23:34:47.050 22092 24232 D AHAL_SecModulePrimary: processSetVendorParameters: configured g_hw_speaker_amp_temp_rcv
05-17 23:34:47.050 22092 24232 D AHAL_SecModulePrimary: processSetVendorParameters: handler set on Feature:0
05-17 23:34:47.050 22092 24232 D AHAL_SecModulePrimary: onSetSECGenericParameters set temperature for g_hw_speaker_amp_temp_rcv: 31
05-17 23:34:47.050 22092 24232 I PAL: API: pal_set_param: 1377: Enter: param id 3001
05-17 23:34:47.050 22092 24232 I PAL: ResourceManager: getActiveStream_l: 6569: no active streams found for device 3 ret -2
05-17 23:34:47.050 22086 22406 E ConversionHelperAidl: Function: parseAndSetVendorParameters Line: 94 Failed
05-17 23:34:47.050 22086 22406 E ConversionHelperAidl: Function: parseAndSetVendorParameters Line: 94 Failed
05-17 23:34:47.050 24930 25212 I M0      : limitCPUFreq:: freq = 4281600
05-17 23:34:47.050 24930 25212 I SemDvfsHyPerManager: acquire hyper - SIOP_ARM_MAX/24930@3, type = 301993986
05-17 23:34:47.050 22106 22129 I HYPER-HAL: [RequestManager.cpp]acquire(): Acquired ID : 310839714  [24930 / 3]    HINT :      list : [CPUMaxFreq / 4281600]
05-17 23:34:47.052 23268 23268 W View    : requestLayout() improperly called by com.android.systemui.qs.SecQSGradationDrawableView{aff9dda V.E...... ......ID 0,0-1080,310 #7f0a0a10 app:id/qs_gradation_view} during layout: running second layout pass
05-17 23:34:47.052 23268 23268 W View    : requestLayout() improperly called by android.widget.FrameLayout{18ad20b V.E...... ......ID 0,173-1080,2394 #7f0a0a0e app:id/qs_frame} during layout: running second layout pass
05-17 23:34:47.052 23268 23268 W RefactorFlag: New code path expects SceneContainerFlag to be enabled.
05-17 23:34:47.061 22446 22618 D PowerManagerService: displayReady: false groupId=0
05-17 23:34:47.061 22446 22618 D DisplayPowerController[0]: animateScreenStateChange: target=ON, mIsEnabled=true
05-17 23:34:47.061 22446 22618 D DisplayPowerController[1]: animateScreenStateChange: target=OFF, mIsEnabled=false
05-17 23:34:47.061 22446 22618 D PowerManagerService: displayReady: true groupId=0
05-17 23:34:47.246 22446 22446 I Telecom : SamsungTelecomServiceImpl : isInManagedCall - callingPackage : android / callingUser : UserHandle{0} / hasCrossUserAccess : true
05-17 23:34:47.255 23916 27231 I HoneySpace.NotificationListener: onNotificationPosted com.android.systemui: -1|com.android.systemui|2131364000|charging_state|10049: 0
05-17 23:34:47.255 23916 27231 I HoneySpace.NotificationListener: invalid notification: com.android.systemui UserHandle{-1}: canShowBadge is false
05-17 23:34:47.257 23916 23916 I HoneySpace.LargeFolderOperator: updateMoreIconBadgeCount 0  [id:71638] [title:Financial] [color:-421552820] [items:27] [container:0]
05-17 23:34:47.261 23268 23268 I LockscreenNotificationIconsOnlyController: onNotificationInfoUpdated 11
05-17 23:34:47.261 22446 22618 D PowerManagerService: displayReady: false groupId=0
05-17 23:34:47.261 22446 22618 D DisplayPowerController[0]: animateScreenStateChange: target=ON, mIsEnabled=true
05-17 23:34:47.261 22446 22618 D DisplayPowerController[1]: animateScreenStateChange: target=OFF, mIsEnabled=false
05-17 23:34:47.261 22446 22618 D PowerManagerService: displayReady: true groupId=0
05-17 23:34:47.262 23268 23268 I AODNotificationManager: updateNotification()
05-17 23:34:47.292 22446 22819 D InetDiagMessage: Destroyed 0 sockets, proto=IPPROTO_TCP, family=AF_INET, states=14
05-17 23:34:47.295 22446 22819 D InetDiagMessage: Destroyed 1 sockets, proto=IPPROTO_TCP, family=AF_INET6, states=14
05-17 23:34:47.295 22446 22819 D InetDiagMessage: Destroyed live tcp sockets for uids={10431} in 8ms
05-17 23:34:47.297 22446 22819 D InetDiagMessage: Destroyed 0 sockets, proto=IPPROTO_TCP, family=AF_INET, states=14
05-17 23:34:47.300 22446 22819 D InetDiagMessage: Destroyed 0 sockets, proto=IPPROTO_TCP, family=AF_INET6, states=14
05-17 23:34:47.300 22446 22819 D InetDiagMessage: Destroyed live tcp sockets for uids={20431} in 5ms
05-17 23:34:47.456 23268 23268 D Bubbles : onEntryUpdated : shouldBubbleUp=false ,key=-1|com.android.systemui|2131364000|charging_state|10049
05-17 23:34:47.456 23268 23268 I {OngoingActivityController}: onEntryUpdated and OA data is empty. So update latest task info
05-17 23:34:47.462 22446 22618 D PowerManagerService: displayReady: false groupId=0
05-17 23:34:47.462 22446 22618 D DisplayPowerController[0]: animateScreenStateChange: target=ON, mIsEnabled=true
05-17 23:34:47.462 22446 22618 D DisplayPowerController[1]: animateScreenStateChange: target=OFF, mIsEnabled=false
05-17 23:34:47.462 22446 22618 D PowerManagerService: displayReady: true groupId=0
05-17 23:34:47.473 23268 23268 W RefactorFlag: New code path expects SceneContainerFlag to be enabled.
05-17 23:34:47.473 23268 23268 D ExpandableNotifRow: mMaxSmallHeight different before reInflateViews mMaxSmallHeight: 245 mTempSmallHeight:0 -1|com.android.systemui|2131364000|charging_state|10049
05-17 23:34:47.473 23268 23268 D ExpandableNotifRow: mMaxSmallHeight different before reInflateViews mMaxSmallHeight: 245 mTempSmallHeight:0 -1|com.android.systemui|2131364000|charging_state|10049
05-17 23:34:47.476 23268 23268 I LockscreenNotificationIconsOnlyController: onNotificationInfoUpdated 11
05-17 23:34:47.478 23268 23268 I AODNotificationManager: updateNotification()
05-17 23:34:47.479 23268 23959 D LocalImageResolver: Couldn't use ImageDecoder for drawable, falling back to non-resized load.
05-17 23:34:47.480 23268 23959 D LocalImageResolver: Couldn't use ImageDecoder for drawable, falling back to non-resized load.
05-17 23:34:47.481 23268 23268 D LocalImageResolver: Couldn't use ImageDecoder for drawable, falling back to non-resized load.
05-17 23:34:47.484 23268 23268 W RefactorFlag: New code path expects SceneContainerFlag to be enabled.
05-17 23:34:47.488 23268 23268 D ExpandableNotifRow: mMaxSmallHeight different before reInflateViews mMaxSmallHeight: 245 mTempSmallHeight:0 -1|com.android.systemui|2131364000|charging_state|10049
05-17 23:34:47.488 23268 23268 D ExpandableNotifRow: mMaxSmallHeight different before reInflateViews mMaxSmallHeight: 245 mTempSmallHeight:0 -1|com.android.systemui|2131364000|charging_state|10049
05-17 23:34:47.488 23268 23268 D ExpandableNotifRow: mMaxSmallHeight different before reInflateViews mMaxSmallHeight: 245 mTempSmallHeight:0 -1|com.android.systemui|2131364000|charging_state|10049
05-17 23:34:47.488 23268 23268 D ExpandableNotifRow: mMaxSmallHeight different before reInflateViews mMaxSmallHeight: 245 mTempSmallHeight:0 -1|com.android.systemui|2131364000|charging_state|10049
05-17 23:34:47.490 23268 23268 D LocalImageResolver: Couldn't use ImageDecoder for drawable, falling back to non-resized load.
05-17 23:34:47.493 23268 23268 W RefactorFlag: New code path expects SceneContainerFlag to be enabled.
05-17 23:34:47.493 23268 23268 D ExpandableNotifRow: mMaxSmallHeight different before reInflateViews mMaxSmallHeight: 245 mTempSmallHeight:0 -1|com.android.systemui|2131364000|charging_state|10049
05-17 23:34:47.493 23268 23268 D ExpandableNotifRow: mMaxSmallHeight different before reInflateViews mMaxSmallHeight: 245 mTempSmallHeight:0 -1|com.android.systemui|2131364000|charging_state|10049
05-17 23:34:47.493 23268 23268 I LockscreenNotificationIconsOnlyController: onNotificationInfoUpdated 11
05-17 23:34:47.494 23268 23268 I AODNotificationManager: updateNotification()
05-17 23:34:47.545 22446 23558 I BatteryService_BatteryPropertiesRegistrar: [getProperty]id:4
05-17 23:34:47.545 22446 23558 I BatteryService_BatteryPropertiesRegistrar: [getProperty]prop.long:-9223372036854775808 ,prop.string:null
05-17 23:34:47.546 22446 23558 I BatteryService_BatteryPropertiesRegistrar: [getProperty]id:1
05-17 23:34:47.546 22446 23558 I BatteryService_BatteryPropertiesRegistrar: [getProperty]prop.long:-9223372036854775808 ,prop.string:null
05-17 23:34:47.546 22446 23558 I BatteryService_BatteryPropertiesRegistrar: [getProperty]id:3
05-17 23:34:47.546 22446 23558 I BatteryService_BatteryPropertiesRegistrar: [getProperty]prop.long:-9223372036854775808 ,prop.string:null
05-17 23:34:47.550 22446 25253 I BatteryService_BatteryPropertiesRegistrar: [getProperty]id:2
05-17 23:34:47.550 22446 25253 I BatteryService_BatteryPropertiesRegistrar: [getProperty]prop.long:-9223372036854775808 ,prop.string:null
05-17 23:34:47.551 22446 25253 I BatteryService_BatteryPropertiesRegistrar: [getProperty]id:5
05-17 23:34:47.551 22446 25253 I BatteryService_BatteryPropertiesRegistrar: [getProperty]prop.long:-9223372036854775808 ,prop.string:null
05-17 23:34:47.551 22446 25253 I BatteryService_BatteryPropertiesRegistrar: [getProperty]id:6
05-17 23:34:47.552 22446 25253 I BatteryService_BatteryPropertiesRegistrar: [getProperty]prop.long:-9223372036854775808 ,prop.string:null
05-17 23:34:47.590  1812 23009 I sensors-hal: handle_sns_std_sensor_event:127, [SSC_LIGHT] A: 327(327),c:151,b:408,m:37,cl:227,l:327,s:324,l0:62784,l1:96,s0:37000,s1:0,acl:3,opr:0.58,f(r):124,u(bl):100,if:124,wi:0,si:0,0(N:1)
05-17 23:34:47.663 22446 22618 D PowerManagerService: displayReady: false groupId=0
05-17 23:34:47.663 22446 22618 D DisplayPowerController[0]: animateScreenStateChange: target=ON, mIsEnabled=true
05-17 23:34:47.663 22446 22618 D DisplayPowerController[1]: animateScreenStateChange: target=OFF, mIsEnabled=false
05-17 23:34:47.665 22446 22618 D PowerManagerService: displayReady: true groupId=0
05-17 23:34:47.864 22446 22618 D PowerManagerService: displayReady: false groupId=0
05-17 23:34:47.864 22446 22618 D DisplayPowerController[0]: animateScreenStateChange: target=ON, mIsEnabled=true
05-17 23:34:47.864 22446 22618 D DisplayPowerController[1]: animateScreenStateChange: target=OFF, mIsEnabled=false
05-17 23:34:47.864 22446 22618 D PowerManagerService: displayReady: true groupId=0
05-17 23:34:48.050 22113 22557 I thermal_core: pivot(AP) : 372, skin : 369
05-17 23:34:48.051 22113 22557 I vendor.samsung.hardware.thermal-service: index = 5.000000
05-17 23:34:48.051 22113 22557 I vendor.samsung.hardware.thermal-service: 1 / 2
05-17 23:34:48.064 22446 22618 D PowerManagerService: displayReady: false groupId=0
05-17 23:34:48.064 22446 22618 D DisplayPowerController[0]: animateScreenStateChange: target=ON, mIsEnabled=true
05-17 23:34:48.065 22446 22618 D DisplayPowerController[1]: animateScreenStateChange: target=OFF, mIsEnabled=false
05-17 23:34:48.065 22446 22618 D PowerManagerService: displayReady: true groupId=0
05-17 23:34:48.141 10642 10719 I IPCThreadState: oneway function results for code 2 on binder at 0xb400007a352b4850 will be dropped but finished with status UNKNOWN_TRANSACTION
05-17 23:34:48.143 22446 24301 I NSLocationMonitor: getGPSUsingApps() called
05-17 23:34:48.144 24310 30709 I NSLocationManager_FLP: getGPSUsingApps, No change
05-17 23:34:48.146 22087 22087 I CameraService: onUidStateChanged: uid=10282, procState is changed. (17 -> 10)
05-17 23:34:48.147 22446 24301 D FreecessHandler: freeze com.instagram.android(10505) result : 18
05-17 23:34:48.148 22087 22087 W IPCThreadState: Sending oneway calls to frozen process.
05-17 23:34:48.148 22087 22087 W IPCThreadState: Sending oneway calls to frozen process.
05-17 23:34:48.148 22087 22087 I CameraService: onUidStateChanged: uid=10282, procState is changed. (10 -> 17)
05-17 23:34:48.148 22087 22087 W IPCThreadState: Sending oneway calls to frozen process.
05-17 23:34:48.148 22087 22087 W IPCThreadState: Sending oneway calls to frozen process.
05-17 23:34:48.265 22446 22618 D PowerManagerService: displayReady: false groupId=0
05-17 23:34:48.265 22446 22618 D DisplayPowerController[0]: animateScreenStateChange: target=ON, mIsEnabled=true
05-17 23:34:48.265 22446 22618 D DisplayPowerController[1]: animateScreenStateChange: target=OFF, mIsEnabled=false
05-17 23:34:48.265 22446 22618 D PowerManagerService: displayReady: true groupId=0
05-17 23:34:48.319 22446 24301 I NSLocationMonitor: getGPSUsingApps() called
05-17 23:34:48.320 24310 30709 I NSLocationManager_FLP: getGPSUsingApps, No change
05-17 23:34:48.324 22446 24301 D FreecessHandler: freeze com.microsoft.office.outlook(10354) result : 9
05-17 23:34:48.389  1812  2606 I sensors-hal: handle_sns_std_sensor_event:90, light_cct: ts = 175071844615200 ns; value = [329, 329, 125, 149, 400, 408, 227, 6, 62976, 15, 1]
05-17 23:34:48.465 22446 22618 D PowerManagerService: displayReady: false groupId=0
05-17 23:34:48.465 22446 22618 D DisplayPowerController[0]: animateScreenStateChange: target=ON, mIsEnabled=true
05-17 23:34:48.466 22446 22618 D DisplayPowerController[1]: animateScreenStateChange: target=OFF, mIsEnabled=false
05-17 23:34:48.466 22446 22618 D PowerManagerService: displayReady: true groupId=0
05-17 23:34:48.666 22446 22618 D PowerManagerService: displayReady: false groupId=0
05-17 23:34:48.666 22446 22618 D DisplayPowerController[0]: animateScreenStateChange: target=ON, mIsEnabled=true
05-17 23:34:48.666 22446 22618 D DisplayPowerController[1]: animateScreenStateChange: target=OFF, mIsEnabled=false
05-17 23:34:48.666 22446 22618 D PowerManagerService: displayReady: true groupId=0
05-17 23:34:48.691  1083  1083 D io_stats: !@   8,0 r 29378813 829056088 w 7189215 133437096 d 1119904 237166564 f 115774 400720 iot 2451976 0 th 0 0 0 pt 0 inp 0 0 112983.091
05-17 23:34:48.691  1083  1083 D io_stats: !@ Read_top(KB): chbox:googleapp:low(16090) 156 earchbox:search:low(10642) 76 stagram.android:low(10665) 16
05-17 23:34:48.691  1083  1083 D io_stats: !@ Write_top(KB): kworker/u17:1:/(14388) 1060 soft.appmanager:high(27438) 16 kworker/2:1:/(17148) 8
05-17 23:34:48.867 22446 22618 D PowerManagerService: displayReady: false groupId=0
05-17 23:34:48.867 22446 22618 D DisplayPowerController[0]: animateScreenStateChange: target=ON, mIsEnabled=true
05-17 23:34:48.867 22446 22618 D DisplayPowerController[1]: animateScreenStateChange: target=OFF, mIsEnabled=false
05-17 23:34:48.868 22446 22618 D PowerManagerService: displayReady: true groupId=0
05-17 23:34:49.052 22113 22557 I thermal_core: pivot(AP) : 370, skin : 369
05-17 23:34:49.053 22113 22557 I vendor.samsung.hardware.thermal-service: index = 3.600000
05-17 23:34:49.053 22113 22557 I vendor.samsung.hardware.thermal-service: 2 / 2
05-17 23:34:49.068 22446 22618 D PowerManagerService: displayReady: false groupId=0
05-17 23:34:49.068 22446 22618 D DisplayPowerController[0]: animateScreenStateChange: target=ON, mIsEnabled=true
05-17 23:34:49.069 22446 22618 D DisplayPowerController[1]: animateScreenStateChange: target=OFF, mIsEnabled=false
05-17 23:34:49.069 22446 22618 D PowerManagerService: displayReady: true groupId=0
05-17 23:34:49.097 22092 24232 D AHAL_ModulePrimary_QTI: getVendorParameters: id count: 1
05-17 23:34:49.097 22092 24232 I PAL: ResourceManager: getActiveStream_l: 6569: no active streams found for device 3 ret -2
