05-17 23:34:42.065 18887 18887 I flutter : #117    MultiChildRenderObjectElement.visitChildren (package:flutter/src/widgets/framework.dart:7223:16)
05-17 23:34:42.065 18887 18887 I flutter : #118    _InactiveElements._deactivateRecursively (package:flutter/src/widgets/framework.dart:2141:13)
05-17 23:34:42.065 18887 18887 I flutter : #119    ComponentElement.visitChildren (package:flutter/src/widgets/framework.dart:5871:14)
05-17 23:34:42.065 18887 18887 I flutter : #120    _InactiveElements._deactivateRecursively (package:flutter/src/widgets/framework.dart:2141:13)
05-17 23:34:42.065 18887 18887 I flutter : #121    SingleChildRenderObjectElement.visitChildren (package:flutter/src/widgets/framework.dart:7101:14)
05-17 23:34:42.065 18887 18887 I flutter : #122    _InactiveElements._deactivateRecursively (package:flutter/src/widgets/framework.dart:2141:13)
05-17 23:34:42.065 18887 18887 I flutter : #123    MultiChildRenderObjectElement.visitChildren (package:flutter/src/widgets/framework.dart:7223:16)
05-17 23:34:42.065 18887 18887 I flutter : #124    _InactiveElements._deactivateRecursively (package:flutter/src/widgets/framework.dart:2141:13)
05-17 23:34:42.065 18887 18887 I flutter : #125    ComponentElement.visitChildren (package:flutter/src/widgets/framework.dart:5871:14)
05-17 23:34:42.065 18887 18887 I flutter : #126    _InactiveElements._deactivateRecursively (package:flutter/src/widgets/framework.dart:2141:13)
05-17 23:34:42.065 18887 18887 I flutter : #127    ComponentElement.visitChildren (package:flutter/src/widgets/framework.dart:5871:14)
05-17 23:34:42.065 18887 18887 I flutter : #128    _InactiveElements._deactivateRecursively (package:flutter/src/widgets/framework.dart:2141:13)
05-17 23:34:42.065 18887 18887 I flutter : #129    _LayoutBuilderElement.visitChildren (package:flutter/src/widgets/layout_builder.dart:159:14)
05-17 23:34:42.065 18887 18887 I flutter : #130    _InactiveElements._deactivateRecursively (package:flutter/src/widgets/framework.dart:2141:13)
05-17 23:34:42.065 18887 18887 I flutter : #131    ComponentElement.visitChildren (package:flutter/src/widgets/framework.dart:5871:14)
05-17 23:34:42.065 18887 18887 I flutter : #132    _InactiveElements._deactivateRecursively (package:flutter/src/widgets/framework.dart:2141:13)
05-17 23:34:42.065 18887 18887 I flutter : #133    ComponentElement.visitChildren (package:flutter/src/widgets/framework.dart:5871:14)
05-17 23:34:42.065 18887 18887 I flutter : #134    _InactiveElements._deactivateRecursively (package:flutter/src/widgets/framework.dart:2141:13)
05-17 23:34:42.065 18887 18887 I flutter : #135    ComponentElement.visitChildren (package:flutter/src/widgets/framework.dart:5871:14)
05-17 23:34:42.065 18887 18887 I flutter : #136    _InactiveElements._deactivateRecursively (package:flutter/src/widgets/framework.dart:2141:13)
05-17 23:34:42.065 18887 18887 I flutter : #137    MultiChildRenderObjectElement.visitChildren (package:flutter/src/widgets/framework.dart:7223:16)
05-17 23:34:42.065 18887 18887 I flutter : #138    _InactiveElements._deactivateRecursively (package:flutter/src/widgets/framework.dart:2141:13)
05-17 23:34:42.065 18887 18887 I flutter : #139    ComponentElement.visitChildren (package:flutter/src/widgets/framework.dart:5871:14)
05-17 23:34:42.065 18887 18887 I flutter : #140    _InactiveElements._deactivateRecursively (package:flutter/src/widgets/framework.dart:2141:13)
05-17 23:34:42.065 18887 18887 I flutter : #141    ComponentElement.visitChildren (package:flutter/src/widgets/framework.dart:5871:14)
05-17 23:34:42.065 18887 18887 I flutter : #142    _InactiveElements._deactivateRecursively (package:flutter/src/widgets/framework.dart:2141:13)
05-17 23:34:42.065 18887 18887 I flutter : #143    ComponentElement.visitChildren (package:flutter/src/widgets/framework.dart:5871:14)
05-17 23:34:42.065 18887 18887 I flutter : #144    _InactiveElements._deactivateRecursively (package:flutter/src/widgets/framework.dart:2141:13)
05-17 23:34:42.065 18887 18887 I flutter : #145    ComponentElement.visitChildren (package:flutter/src/widgets/framework.dart:5871:14)
05-17 23:34:42.066 18887 18887 I flutter : #146    _InactiveElements._deactivateRecursively (package:flutter/src/widgets/framework.dart:2141:13)
05-17 23:34:42.066 18887 18887 I flutter : #147    ComponentElement.visitChildren (package:flutter/src/widgets/framework.dart:5871:14)
05-17 23:34:42.066 18887 18887 I flutter : #148    _InactiveElements._deactivateRecursively (package:flutter/src/widgets/framework.dart:2141:13)
05-17 23:34:42.066 18887 18887 I flutter : #149    SingleChildRenderObjectElement.visitChildren (package:flutter/src/widgets/framework.dart:7101:14)
05-17 23:34:42.066 18887 18887 I flutter : #150    _InactiveElements._deactivateRecursively (package:flutter/src/widgets/framework.dart:2141:13)
05-17 23:34:42.066 18887 18887 I flutter : #151    ComponentElement.visitChildren (package:flutter/src/widgets/framework.dart:5871:14)
05-17 23:34:42.066 18887 18887 I flutter : #152    _InactiveElements._deactivateRecursively (package:flutter/src/widgets/framework.dart:2141:13)
05-17 23:34:42.066 18887 18887 I flutter : #153    SingleChildRenderObjectElement.visitChildren (package:flutter/src/widgets/framework.dart:7101:14)
05-17 23:34:42.066 18887 18887 I flutter : #154    _InactiveElements._deactivateRecursively (package:flutter/src/widgets/framework.dart:2141:13)
05-17 23:34:42.066 18887 18887 I flutter : #155    ComponentElement.visitChildren (package:flutter/src/widgets/framework.dart:5871:14)
05-17 23:34:42.066 18887 18887 I flutter : #156    _InactiveElements._deactivateRecursively (package:flutter/src/widgets/framework.dart:2141:13)
05-17 23:34:42.066 18887 18887 I flutter : #157    ComponentElement.visitChildren (package:flutter/src/widgets/framework.dart:5871:14)
05-17 23:34:42.066 18887 18887 I flutter : #158    _InactiveElements._deactivateRecursively (package:flutter/src/widgets/framework.dart:2141:13)
05-17 23:34:42.066 18887 18887 I flutter : #159    ComponentElement.visitChildren (package:flutter/src/widgets/framework.dart:5871:14)
05-17 23:34:42.066 18887 18887 I flutter : #160    _InactiveElements._deactivateRecursively (package:flutter/src/widgets/framework.dart:2141:13)
05-17 23:34:42.066 18887 18887 I flutter : #161    ComponentElement.visitChildren (package:flutter/src/widgets/framework.dart:5871:14)
05-17 23:34:42.066 18887 18887 I flutter : #162    _InactiveElements._deactivateRecursively (package:flutter/src/widgets/framework.dart:2141:13)
05-17 23:34:42.066 18887 18887 I flutter : #163    ComponentElement.visitChildren (package:flutter/src/widgets/framework.dart:5871:14)
05-17 23:34:42.066 18887 18887 I flutter : #164    _InactiveElements._deactivateRecursively (package:flutter/src/widgets/framework.dart:2141:13)
05-17 23:34:42.066 18887 18887 I flutter : #165    ComponentElement.visitChildren (package:flutter/src/widgets/framework.dart:5871:14)
05-17 23:34:42.066 18887 18887 I flutter : #166    _InactiveElements._deactivateRecursively (package:flutter/src/widgets/framework.dart:2141:13)
05-17 23:34:42.066 18887 18887 I flutter : #167    ComponentElement.visitChildren (package:flutter/src/widgets/framework.dart:5871:14)
05-17 23:34:42.066 18887 18887 I flutter : #168    _InactiveElements._deactivateRecursively (package:flutter/src/widgets/framework.dart:2141:13)
05-17 23:34:42.066 18887 18887 I flutter : #169    ComponentElement.visitChildren (package:flutter/src/widgets/framework.dart:5871:14)
05-17 23:34:42.066 18887 18887 I flutter : #170    _InactiveElements._deactivateRecursively (package:flutter/src/widgets/framework.dart:2141:13)
05-17 23:34:42.066 18887 18887 I flutter : #171    ComponentElement.visitChildren (package:flutter/src/widgets/framework.dart:5871:14)
05-17 23:34:42.066 18887 18887 I flutter : #172    _InactiveElements._deactivateRecursively (package:flutter/src/widgets/framework.dart:2141:13)
05-17 23:34:42.066 18887 18887 I flutter : #173    ComponentElement.visitChildren (package:flutter/src/widgets/framework.dart:5871:14)
05-17 23:34:42.066 18887 18887 I flutter : #174    _InactiveElements._deactivateRecursively (package:flutter/src/widgets/framework.dart:2141:13)
05-17 23:34:42.066 18887 18887 I flutter : #175    ComponentElement.visitChildren (package:flutter/src/widgets/framework.dart:5871:14)
05-17 23:34:42.066 18887 18887 I flutter : #176    _InactiveElements._deactivateRecursively (package:flutter/src/widgets/framework.dart:2141:13)
05-17 23:34:42.066 18887 18887 I flutter : #177    ComponentElement.visitChildren (package:flutter/src/widgets/framework.dart:5871:14)
05-17 23:34:42.066 18887 18887 I flutter : #178    _InactiveElements._deactivateRecursively (package:flutter/src/widgets/framework.dart:2141:13)
05-17 23:34:42.066 18887 18887 I flutter : #179    ComponentElement.visitChildren (package:flutter/src/widgets/framework.dart:5871:14)
05-17 23:34:42.066 18887 18887 I flutter : #180    _InactiveElements._deactivateRecursively (package:flutter/src/widgets/framework.dart:2141:13)
05-17 23:34:42.066 18887 18887 I flutter : #181    SingleChildRenderObjectElement.visitChildren (package:flutter/src/widgets/framework.dart:7101:14)
05-17 23:34:42.066 18887 18887 I flutter : #182    _InactiveElements._deactivateRecursively (package:flutter/src/widgets/framework.dart:2141:13)
05-17 23:34:42.066 18887 18887 I flutter : #183    ComponentElement.visitChildren (package:flutter/src/widgets/framework.dart:5871:14)
05-17 23:34:42.066 18887 18887 I flutter : #184    _InactiveElements._deactivateRecursively (package:flutter/src/widgets/framework.dart:2141:13)
05-17 23:34:42.066 18887 18887 I flutter : #185    SingleChildRenderObjectElement.visitChildren (package:flutter/src/widgets/framework.dart:7101:14)
05-17 23:34:42.066 18887 18887 I flutter : #186    _InactiveElements._deactivateRecursively (package:flutter/src/widgets/framework.dart:2141:13)
05-17 23:34:42.066 18887 18887 I flutter : #187    SingleChildRenderObjectElement.visitChildren (package:flutter/src/widgets/framework.dart:7101:14)
05-17 23:34:42.066 18887 18887 I flutter : #188    _InactiveElements._deactivateRecursively (package:flutter/src/widgets/framework.dart:2141:13)
05-17 23:34:42.066 18887 18887 I flutter : #189    ComponentElement.visitChildren (package:flutter/src/widgets/framework.dart:5871:14)
05-17 23:34:42.066 18887 18887 I flutter : #190    _InactiveElements._deactivateRecursively (package:flutter/src/widgets/framework.dart:2141:13)
05-17 23:34:42.066 18887 18887 I flutter : #191    SingleChildRenderObjectElement.visitChildren (package:flutter/src/widgets/framework.dart:7101:14)
05-17 23:34:42.066 18887 18887 I flutter : #192    _InactiveElements._deactivateRecursively (package:flutter/src/widgets/framework.dart:2141:13)
05-17 23:34:42.066 18887 18887 I flutter : #193    ComponentElement.visitChildren (package:flutter/src/widgets/framework.dart:5871:14)
05-17 23:34:42.066 18887 18887 I flutter : #194    _InactiveElements._deactivateRecursively (package:flutter/src/widgets/framework.dart:2141:13)
05-17 23:34:42.066 18887 18887 I flutter : #195    SingleChildRenderObjectElement.visitChildren (package:flutter/src/widgets/framework.dart:7101:14)
05-17 23:34:42.066 18887 18887 I flutter : #196    _InactiveElements._deactivateRecursively (package:flutter/src/widgets/framework.dart:2141:13)
05-17 23:34:42.066 18887 18887 I flutter : #197    ComponentElement.visitChildren (package:flutter/src/widgets/framework.dart:5871:14)
05-17 23:34:42.066 18887 18887 I flutter : #198    _InactiveElements._deactivateRecursively (package:flutter/src/widgets/framework.dart:2141:13)
05-17 23:34:42.066 18887 18887 I flutter : #199    ComponentElement.visitChildren (package:flutter/src/widgets/framework.dart:5871:14)
05-17 23:34:42.066 18887 18887 I flutter : #200    _InactiveElements._deactivateRecursively (package:flutter/src/widgets/framework.dart:2141:13)
05-17 23:34:42.066 18887 18887 I flutter : #201    SingleChildRenderObjectElement.visitChildren (package:flutter/src/widgets/framework.dart:7101:14)
05-17 23:34:42.066 18887 18887 I flutter : #202    _InactiveElements._deactivateRecursively (package:flutter/src/widgets/framework.dart:2141:13)
05-17 23:34:42.066 18887 18887 I flutter : #203    ComponentElement.visitChildren (package:flutter/src/widgets/framework.dart:5871:14)
05-17 23:34:42.066 18887 18887 I flutter : #204    _InactiveElements._deactivateRecursively (package:flutter/src/widgets/framework.dart:2141:13)
05-17 23:34:42.066 18887 18887 I flutter : #205    SingleChildRenderObjectElement.visitChildren (package:flutter/src/widgets/framework.dart:7101:14)
05-17 23:34:42.066 18887 18887 I flutter : #206    _InactiveElements._deactivateRecursively (package:flutter/src/widgets/framework.dart:2141:13)
05-17 23:34:42.066 18887 18887 I flutter : #207    ComponentElement.visitChildren (package:flutter/src/widgets/framework.dart:5871:14)
05-17 23:34:42.066 18887 18887 I flutter : #208    _InactiveElements._deactivateRecursively (package:flutter/src/widgets/framework.dart:2141:13)
05-17 23:34:42.066 18887 18887 I flutter : #209    ComponentElement.visitChildren (package:flutter/src/widgets/framework.dart:5871:14)
05-17 23:34:42.066 18887 18887 I flutter : #210    _InactiveElements._deactivateRecursively (package:flutter/src/widgets/framework.dart:2141:13)
05-17 23:34:42.066 18887 18887 I flutter : #211    ComponentElement.visitChildren (package:flutter/src/widgets/framework.dart:5871:14)
05-17 23:34:42.066 18887 18887 I flutter : #212    _InactiveElements._deactivateRecursively (package:flutter/src/widgets/framework.dart:2141:13)
05-17 23:34:42.066 18887 18887 I flutter : #213    ComponentElement.visitChildren (package:flutter/src/widgets/framework.dart:5871:14)
05-17 23:34:42.066 18887 18887 I flutter : #214    _InactiveElements._deactivateRecursively (package:flutter/src/widgets/framework.dart:2141:13)
05-17 23:34:42.066 18887 18887 I flutter : #215    ComponentElement.visitChildren (package:flutter/src/widgets/framework.dart:5871:14)
05-17 23:34:42.098 19426 19426 D AndroidRuntime: >>>>>> START com.android.internal.os.RuntimeInit uid 2000 <<<<<<
05-17 23:34:42.101 19426 19426 I AndroidRuntime: Using default boot image
05-17 23:34:42.101 19426 19426 I AndroidRuntime: Leaving lock profiling enabled
05-17 23:34:42.103 19426 19426 I app_process: Using CollectorTypeCMC GC.
05-17 23:34:42.136 22446 24301 I NSLocationMonitor: getGPSUsingApps() called
05-17 23:34:42.137 24310 30709 I NSLocationManager_FLP: getGPSUsingApps, No change
05-17 23:34:42.141 22446 24301 D FreecessHandler: freeze com.instagram.android(10505) result : 18
05-17 23:34:42.142 19426 19426 D nativeloader: InitDefaultPublicLibraries for_preload=1: libandroid.so:libaaudio.so:libamidi.so:libbinder_ndk.so:libc.so:libcamera2ndk.so:libdl.so:libEGL.so:libGLESv1_CM.so:libGLESv2.so:libGLESv3.so:libicu.so:libicui18n.so:libicuuc.so:libjnigraphics.so:liblog.so:libmediandk.so:libm.so:libnativehelper.so:libnativewindow.so:libOpenMAXAL.so:libOpenSLES.so:libRS.so:libstdc++.so:libsync.so:libvulkan.so:libwebviewchromium_plat_support.so:libz.so
05-17 23:34:42.148 19426 19426 D nativeloader: Load libicu_jni.so using APEX ns com_android_art for caller /apex/com.android.art/javalib/core-oj.jar: ok
05-17 23:34:42.148 19426 19426 D app_process: u_setTimeZoneFilesDirectory("/apex/com.android.tzdata/etc/tz/versioned/9/icu") succeeded.
05-17 23:34:42.148 19426 19426 D app_process: I18n APEX ICU file found: /apex/com.android.i18n/etc/icu/icudt76l.dat
05-17 23:34:42.148 19426 19426 D nativeloader: Load libjavacore.so using APEX ns com_android_art for caller /apex/com.android.art/javalib/core-oj.jar: ok
05-17 23:34:42.149 19426 19426 D nativeloader: Load libopenjdk.so using APEX ns com_android_art for caller /apex/com.android.art/javalib/core-oj.jar: ok
05-17 23:34:42.149 19426 19426 I app_process: Priority-to-niceness mapping: 19, 16, 13, 10, 0, -2, -4, -5, -6, -8
05-17 23:34:42.157 19426 19426 E SemDvfsManager_JNI: SemDvfsManager: registerfunction enter
05-17 23:34:42.157 19426 19426 E SemAffinityControl: SemAffinityControl: registerfunction enter
05-17 23:34:42.160 19426 19426 D nativeloader: Load libframework-connectivity-tiramisu-jni.so using APEX ns com_android_tethering for caller /apex/com.android.tethering/javalib/framework-connectivity-t.jar: ok
05-17 23:34:42.160 19426 19426 D AndroidRuntime: Calling main entry com.android.commands.uiautomator.Launcher
05-17 23:34:42.162 19426 19426 W PlatformAconfigPackage: android.os.flagging.AconfigStorageReadException: ERROR_CANNOT_READ_STORAGE_FILE: Fail to mmap storage
05-17 23:34:42.162 19426 19426 I AconfigPackage: com.android.icu is mapped to com.android.i18n
05-17 23:34:42.162 19426 19426 I AconfigPackage: com.android.bluetooth.flags is mapped to com.android.bt
05-17 23:34:42.162 19426 19426 I AconfigPackage: com.android.devicelock.flags is mapped to com.android.devicelock
05-17 23:34:42.162 19426 19426 I AconfigPackage: com.android.art.flags is mapped to com.android.art
05-17 23:34:42.162 19426 19426 I AconfigPackage: com.android.art.rw.flags is mapped to com.android.art
05-17 23:34:42.162 19426 19426 I AconfigPackage: com.android.libcore is mapped to com.android.art
05-17 23:34:42.162 19426 19426 I AconfigPackage: android.media.swcodec.flags is mapped to com.android.media.swcodec
05-17 23:34:42.162 19426 19426 I AconfigPackage: com.android.system.virtualmachine.flags is mapped to com.android.virt
05-17 23:34:42.162 19426 19426 I AconfigPackage: android.graphics.pdf.flags is mapped to com.android.mediaprovider
05-17 23:34:42.162 19426 19426 I AconfigPackage: com.android.providers.media.flags is mapped to com.android.mediaprovider
05-17 23:34:42.162 19426 19426 I AconfigPackage: android.graphics.pdf.flags.readonly is mapped to com.android.mediaprovider
05-17 23:34:42.162 19426 19426 I AconfigPackage: com.android.wifi.flags is mapped to com.android.wifi
05-17 23:34:42.162 19426 19426 I AconfigPackage: android.provider.flags is mapped to com.android.configinfrastructure
05-17 23:34:42.162 19426 19426 I AconfigPackage: com.android.server.deviceconfig is mapped to com.android.configinfrastructure
05-17 23:34:42.163 19426 19426 I AconfigPackage: com.android.ipsec.flags is mapped to com.android.ipsec
05-17 23:34:42.163 19426 19426 I AconfigPackage: android.os.profiling is mapped to com.android.profiling
05-17 23:34:42.163 19426 19426 I AconfigPackage: com.android.os.statsd.flags is mapped to com.android.os.statsd
05-17 23:34:42.163 19426 19426 I AconfigPackage: com.android.adservices.flags is mapped to com.android.adservices
05-17 23:34:42.163 19426 19426 I AconfigPackage: com.android.sdksandbox.flags is mapped to com.android.adservices
05-17 23:34:42.163 19426 19426 I AconfigPackage: com.android.cellbroadcastreceiver.flags is mapped to com.android.cellbroadcast
05-17 23:34:42.163 19426 19426 I AconfigPackage: com.android.appsearch.flags is mapped to com.android.appsearch
05-17 23:34:42.163 19426 19426 I AconfigPackage: com.android.uwb.flags is mapped to com.android.uwb
05-17 23:34:42.163 19426 19426 I AconfigPackage: com.android.ranging.flags is mapped to com.android.uwb
05-17 23:34:42.163 19426 19426 I AconfigPackage: android.uprobestats.mainline.flags is mapped to com.android.uprobestats
05-17 23:34:42.163 19426 19426 I AconfigPackage: com.android.permission.flags is mapped to com.android.permission
05-17 23:34:42.163 19426 19426 I AconfigPackage: com.android.permissioncontroller.flags is mapped to com.android.permission
05-17 23:34:42.163 19426 19426 I AconfigPackage: com.android.media.extractor.flags is mapped to com.android.media
05-17 23:34:42.163 19426 19426 I AconfigPackage: com.android.media.mainline.flags is mapped to com.android.media
05-17 23:34:42.163 19426 19426 I AconfigPackage: com.android.tethering.mainline.beta is mapped to com.android.tethering
05-17 23:34:42.163 19426 19426 I AconfigPackage: android.net.http is mapped to com.android.tethering
05-17 23:34:42.163 19426 19426 I AconfigPackage: com.android.tethering.readonly.flags is mapped to com.android.tethering
05-17 23:34:42.163 19426 19426 I AconfigPackage: android.net.vcn is mapped to com.android.tethering
05-17 23:34:42.163 19426 19426 I AconfigPackage: com.android.net.flags is mapped to com.android.tethering
05-17 23:34:42.163 19426 19426 I AconfigPackage: com.android.tethering.flags is mapped to com.android.tethering
05-17 23:34:42.163 19426 19426 I AconfigPackage: com.android.tethering.beta.test is mapped to com.android.tethering
05-17 23:34:42.163 19426 19426 I AconfigPackage: com.android.nearby.flags is mapped to com.android.tethering
05-17 23:34:42.163 19426 19426 I AconfigPackage: com.android.net.thread.flags is mapped to com.android.tethering
05-17 23:34:42.163 19426 19426 I AconfigPackage: com.android.net.ct.flags is mapped to com.android.tethering
05-17 23:34:42.163 19426 19426 I AconfigPackage: com.android.healthfitness.flags is mapped to com.android.healthfitness
05-17 23:34:42.163 19426 19426 I AconfigPackage: com.android.org.conscrypt.flags is mapped to com.android.conscrypt
05-17 23:34:42.163 19426 19426 I AconfigPackage: com.android.org.conscrypt.net.flags is mapped to com.android.conscrypt
05-17 23:34:42.163 19426 19426 I AconfigPackage: com.android.adservices.ondevicepersonalization.flags is mapped to com.android.ondevicepersonalization
05-17 23:34:42.163 19426 19426 I AconfigPackage: com.android.rkpd.flags is mapped to com.android.rkpd
05-17 23:34:42.163 19426 19426 I AconfigPackage: com.android.adbd.flags is mapped to com.android.adbd
05-17 23:34:42.163 19426 19426 E FeatureFlagsImplExport: android.os.flagging.AconfigStorageReadException: ERROR_PACKAGE_NOT_FOUND: package android.xr cannot be found on the device
05-17 23:34:42.164 19426 19426 D UiAutomationConnection: Created on user UserHandle{0}
05-17 23:34:42.164 19426 19426 I UiAutomation: Initialized for user 0 on display 0
05-17 23:34:42.164 19426 19426 W UiAutomation: Created with deprecatead constructor, assumes DEFAULT_DISPLAY
05-17 23:34:42.164 22446 23558 D AccessibilityManagerService: changeCurrentUserForTestAutomationIfNeededLocked(0): ignoring because device doesn't support visible background users
05-17 23:34:42.164 22446 23558 I UiAutomationManager: Registering UiTestAutomationService (id=com.android.server.accessibility/UiAutomation, flags=0x0) when called by user 0
05-17 23:34:42.164 22446 23558 V AccessibilityManagerService: onUserStateChangedLocked for userId: 0, forceUpdate: false
05-17 23:34:42.165 22446 23558 D KNOX_MDM_SettingsProvider: isChangeAllowed() : name = accessibility_enabled
05-17 23:34:42.165 22446 23558 D SettingsProvider: PUT_ret(/secure/accessibility_enabled), callingPackage:android
05-17 23:34:42.165 22446 23558 D MagnificationConnectionManager: requestConnection :false mConnectionState : 3
05-17 23:34:42.165 22446 23558 W MagnificationConnectionManager: requestConnection duplicated request: connect=false, mConnectionState=DISCONNECTED
05-17 23:34:42.166  1939  2547 I SurfaceFlinger: id=43270 createSurf, flag=84004, WindowToken{15382b7 type=2032 android.os.Binder@3a735b6}#43270
05-17 23:34:42.167 23916 15643 I HoneySpace.GlobalSettingDataSourceImpl: Setting accessibility_enabled changed to 1
05-17 23:34:42.167 22446 22446 W IPCThreadState: Sending oneway calls to frozen process.
05-17 23:34:42.168 22446 22446 W IPCThreadState: Sending oneway calls to frozen process.
05-17 23:34:42.169 22446 22446 W IPCThreadState: Sending oneway calls to frozen process.
05-17 23:34:42.169  1939  1939 I SurfaceFlinger: [WindowToken{15382b7 type=2032 android.os.Binder@3a735b6}#43270] attach to parent LayerHierarchy{RequestedLayerState{Leaf:26:31#2394 parentId=2393} 3 children}
05-17 23:34:42.173 22446 23558 V AccessibilityManagerService: onUserStateChangedLocked for userId: 0, forceUpdate: false
05-17 23:34:42.173 22446 22446 W IPCThreadState: Sending oneway calls to frozen process.
05-17 23:34:42.173 22446 22446 W IPCThreadState: Sending oneway calls to frozen process.
05-17 23:34:42.174 22446 22446 W IPCThreadState: Sending oneway calls to frozen process.
05-17 23:34:42.174 22446 23558 D KNOX_MDM_SettingsProvider: isChangeAllowed() : name = accessibility_enabled
05-17 23:34:42.174 22446 23558 D SettingsProvider: PUT_ret(/secure/accessibility_enabled), callingPackage:android
05-17 23:34:42.174 22446 23558 D MagnificationConnectionManager: requestConnection :false mConnectionState : 3
05-17 23:34:42.174 22446 23558 W MagnificationConnectionManager: requestConnection duplicated request: connect=false, mConnectionState=DISCONNECTED
05-17 23:34:42.175 22446 23559 W WindowManager: Cannot find window which accessibility connection is added to
05-17 23:34:42.175 22446 22446 W IPCThreadState: Sending oneway calls to frozen process.
05-17 23:34:42.175 22446 22446 W IPCThreadState: Sending oneway calls to frozen process.
05-17 23:34:42.175 22446 25224 W WindowManager: Cannot find window which accessibility connection is added to
05-17 23:34:42.175 22446 22446 W IPCThreadState: Sending oneway calls to frozen process.
05-17 23:34:42.175 26582 19439 I outlook.platformSDK: Doing re-evaluation of requirements for keys [SettingKey(settingName=System.IsSpokenFeedbackEnabled, evaluationProperty=RuntimeReevaluate)]
05-17 23:34:42.176 26582 19439 I outlook.platformSDK: Number of contributions to re-evaluate requirements [0]
05-17 23:34:42.176 26582 19439 I outlook.platformSDK: Types from keys[0] Hosts[0] Types:
05-17 23:34:42.176 26582 19439 I outlook.platformSDK: minInit -> IsComplete[true]
05-17 23:34:42.176 26582 19439 I outlook.platformSDK: minInit <- IsComplete[true]
05-17 23:34:42.176 26582 19439 I outlook.platformSDK: Skipping loading [CalendarCategories] since requirements not fulfilled.
05-17 23:34:42.176 26582 19439 I outlook.platformSDK: Skipping loading [com.microsoft.office.outlook.platform.lpe] since requirements not fulfilled.
05-17 23:34:42.176 26582 19439 I outlook.platformSDK: Skipping loading [EventComposePartner] since requirements not fulfilled.
05-17 23:34:42.176 26582 19439 I outlook.platformSDK: Skipping loading [EventDetailsV2] since requirements not fulfilled.
05-17 23:34:42.176 26582 19439 I outlook.platformSDK: Skipping loading [GroupsPartner] since requirements not fulfilled.
05-17 23:34:42.177 22446 22446 W IPCThreadState: Sending oneway calls to frozen process.
05-17 23:34:42.177 22446 22446 W IPCThreadState: Sending oneway calls to frozen process.
05-17 23:34:42.177 26582 19439 I outlook.platformSDK: requestLoadContributionsAsyncV2[SettingsUpdatedContribution] - Packages[1]
05-17 23:34:42.177 22446 22446 W IPCThreadState: Sending oneway calls to frozen process.
05-17 23:34:42.177 26582 19439 I outlook.platformSDK: Package[MetaOsLaunchApps] Contribution[MetaOsSettingsMonitorContribution]
05-17 23:34:42.177 26582 19439 I outlook.platformSDK: requestLoadContributionsAsyncV2[SettingsUpdatedContribution] - Loaded[1]
05-17 23:34:42.177  1939  1939 I SurfaceFlinger: RequestedLayer [WindowToken{15382b7 type=2032 android.os.Binder@3a735b6}#43270] hidden!! flag  from(1) --> to(0)
05-17 23:34:42.178 22446 22446 W IPCThreadState: Sending oneway calls to frozen process.
05-17 23:34:42.178 22446 22446 W IPCThreadState: Sending oneway calls to frozen process.
05-17 23:34:42.178 22446 22446 W IPCThreadState: Sending oneway calls to frozen process.
05-17 23:34:42.179 22446 22446 D BatterySaverPolicy: accessibility changed to true, updating policy.
05-17 23:34:42.179 22446 22446 I AccessibilityManagerService: semIsAccessibilityServiceEnabled()
05-17 23:34:42.179 22446 22446 I AccessibilityManagerService: accessibilityService is null
05-17 23:34:42.179 22446 22446 I AccessibilityManagerService: semIsAccessibilityServiceEnabled()
05-17 23:34:42.179 22446 22446 I AccessibilityManagerService: accessibilityService is null
05-17 23:34:42.179 22446 22446 D AS.AudioService: Accessibility volume enabled = false
05-17 23:34:42.179 11231 11231 I SafetyCenterAccessibilityListener: accessibility event occurred, safety center feature not enabled.
05-17 23:34:42.244 22446 22618 D PowerManagerService: displayReady: false groupId=0
05-17 23:34:42.244 22446 22618 D DisplayPowerController[0]: animateScreenStateChange: target=ON, mIsEnabled=true
05-17 23:34:42.245 22446 22618 D DisplayPowerController[1]: animateScreenStateChange: target=OFF, mIsEnabled=false
05-17 23:34:42.245 22446 22618 D PowerManagerService: displayReady: true groupId=0
05-17 23:34:42.276 22446 22723 D ActivityManager: Received BROADCAST intent 0xd16fa75 Key{broadcastIntent pkg=com.tplink.tpm5 intent=act=component.appwidget.action.NETWORK_TOPOLOGY_PASSIVE_WIDGET_UPDATE_ACTION flg=0x20 xflg=0x4 pkg=com.tplink.tpm5 cmp=com.tplink.tpm5/.component.appwidget.topology.NetworkTopologyProvider flags=0x2000000 u=0} requestCode=1002 sent=0 from uid 1000
05-17 23:34:42.280 22446 22576 I ActivityManager: Changes in 10431 19 to 11, 0 to 128
05-17 23:34:42.281  7746  7746 D AppWidgetProvider: onReceive:component.appwidget.action.NETWORK_TOPOLOGY_PASSIVE_WIDGET_UPDATE_ACTION
05-17 23:34:42.281 24310 24378 I RequestManager_FLP: onOpChanged, op=0 / packageName=com.tplink.tpm5
05-17 23:34:42.285 22446 22844 I ActivityManager: Changes in 10431 11 to 19, 128 to 0
05-17 23:34:42.314 22446 24301 I NSLocationMonitor: getGPSUsingApps() called
05-17 23:34:42.314 24310 30709 I NSLocationManager_FLP: getGPSUsingApps, No change
05-17 23:34:42.318 22446 24301 D FreecessHandler: freeze com.microsoft.office.outlook(10354) result : 9
05-17 23:34:42.402 22446 22819 D InetDiagMessage: Destroyed 0 sockets, proto=IPPROTO_TCP, family=AF_INET, states=14
05-17 23:34:42.404 22446 22819 D InetDiagMessage: Destroyed 0 sockets, proto=IPPROTO_TCP, family=AF_INET6, states=14
05-17 23:34:42.404 22446 22819 D InetDiagMessage: Destroyed live tcp sockets for uids={10249} in 7ms
05-17 23:34:42.406 22446 22819 D InetDiagMessage: Destroyed 0 sockets, proto=IPPROTO_TCP, family=AF_INET, states=14
05-17 23:34:42.409 22446 22819 D InetDiagMessage: Destroyed 0 sockets, proto=IPPROTO_TCP, family=AF_INET6, states=14
05-17 23:34:42.409 22446 22819 D InetDiagMessage: Destroyed live tcp sockets for uids={20249} in 4ms
05-17 23:34:42.445 22446 22618 D PowerManagerService: displayReady: false groupId=0
05-17 23:34:42.445 22446 22618 D DisplayPowerController[0]: animateScreenStateChange: target=ON, mIsEnabled=true
05-17 23:34:42.445 22446 22618 D DisplayPowerController[1]: animateScreenStateChange: target=OFF, mIsEnabled=false
05-17 23:34:42.446 22446 22618 D PowerManagerService: displayReady: true groupId=0
05-17 23:34:42.451 22446 22988 D NetdEventListenerService: DNS Requested by 171, 10431(com.tplink.tpm5), SUCCESS, 1ms
05-17 23:34:42.631  1812 23009 I sensors-hal: handle_sns_std_sensor_event:127, [SSC_LIGHT] A: 326(326),c:151,b:408,m:37,cl:227,l:328,s:324,l0:62816,l1:96,s0:37000,s1:0,acl:3,opr:0.58,f(r):124,u(bl):100,if:124,wi:15,si:0,0(N:1)
05-17 23:34:42.645 22446 22618 D PowerManagerService: displayReady: false groupId=0
05-17 23:34:42.645 22446 22618 D DisplayPowerController[0]: animateScreenStateChange: target=ON, mIsEnabled=true
05-17 23:34:42.646 22446 22618 D DisplayPowerController[1]: animateScreenStateChange: target=OFF, mIsEnabled=false
05-17 23:34:42.646 22446 22618 D PowerManagerService: displayReady: true groupId=0
05-17 23:34:42.688  1083  1083 D io_stats: !@   8,0 r 29378712 829054744 w 7189175 133435800 d 1119904 237166564 f 115773 400716 iot 2451932 0 th 0 0 0 pt 0 inp 0 0 112977.088
05-17 23:34:42.846 22446 22618 D PowerManagerService: displayReady: false groupId=0
05-17 23:34:42.846 22446 22618 D DisplayPowerController[0]: animateScreenStateChange: target=ON, mIsEnabled=true
05-17 23:34:42.846 22446 22618 D DisplayPowerController[1]: animateScreenStateChange: target=OFF, mIsEnabled=false
05-17 23:34:42.846 22446 22618 D PowerManagerService: displayReady: true groupId=0
05-17 23:34:42.908 22113 22557 I thermal_core: pivot(AP) : 378, skin : 371
05-17 23:34:42.908 22113 22557 I vendor.samsung.hardware.thermal-service: index = 8.000000
05-17 23:34:42.908 22113 22557 I vendor.samsung.hardware.thermal-service: 2 / 2
05-17 23:34:42.946 22092 24232 D AHAL_ModulePrimary_QTI: getVendorParameters: id count: 1
05-17 23:34:42.946 22092 24232 I PAL: ResourceManager: getActiveStream_l: 6569: no active streams found for device 3 ret -2
05-17 23:34:42.946 22092 24232 D AHAL_SecModulePrimary: onGetSECGenericParameters get temperature for g_hw_speaker_amp_temp_rcv: 0
05-17 23:34:42.946 22092 22202 D AHAL_ModulePrimary_QTI: getVendorParameters: id count: 1
05-17 23:34:42.946 22092 22202 I PAL: ResourceManager: getActiveStream_l: 6569: no active streams found for device 3 ret -2
05-17 23:34:42.946 22092 22202 D AHAL_SecModulePrimary: onGetSECGenericParameters get temperature for g_hw_speaker_amp_temp_spk: 0
05-17 23:34:42.946 24930 26001 I SDHMS:x : SIOP:: AP:378 BAT:318 USB:309 CHG:377 PA:370 CP:368 WIFI:380 CF:375 BLK:0 SUBBAT:318 LRPTHM:351 SKIN:368 SKINF:367 SKINB:370 LRP:368 LRF:367 LRB:370 APT:367 APR:370 RCV:300 SPK:296 CAPR:368 CRCV:312 CSPK:310 CAMT:364 UPSPK:318 DNSPK:318 VAP02:386 VAP05:387 AMB2:258 HIGH:0 AVGCUR:610 AVGSYS:651 POWER:2325
05-17 23:34:42.947 24930 26001 I AudioManager: setParameters keyValuePairs = g_hw_speaker_amp_temp_spk=31
05-17 23:34:42.948 22086 22850 D AudioFlinger: setParameters: filtered dev setParameters keyvalue g_hw_speaker_amp_temp_spk=31
05-17 23:34:42.948 22092 24232 D AHAL_HFP_QTI: hfp_set_parameters enter
05-17 23:34:42.948 22092 24232 D AHAL_HFP_QTI: hfp_set_parameters Exit
05-17 23:34:42.948 22092 24232 D AHAL_SecModulePrimary: processSetVendorParameters: configured g_hw_speaker_amp_temp_spk
05-17 23:34:42.948 22092 24232 D AHAL_SecModulePrimary: processSetVendorParameters: handler set on Feature:0
05-17 23:34:42.948 22092 24232 D AHAL_SecModulePrimary: onSetSECGenericParameters set temperature for g_hw_speaker_amp_temp_spk: 31
05-17 23:34:42.948 22092 24232 I PAL: API: pal_set_param: 1377: Enter: param id 3002
05-17 23:34:42.948 22092 24232 I PAL: ResourceManager: getActiveStream_l: 6569: no active streams found for device 3 ret -2
05-17 23:34:42.948 22086 22850 E ConversionHelperAidl: Function: parseAndSetVendorParameters Line: 94 Failed
05-17 23:34:42.948 22086 22850 E ConversionHelperAidl: Function: parseAndSetVendorParameters Line: 94 Failed
05-17 23:34:42.948 24930 26001 I AudioManager: setParameters keyValuePairs = g_hw_speaker_amp_temp_rcv=31
05-17 23:34:42.949 22086 22406 D AudioFlinger: setParameters: filtered dev setParameters keyvalue g_hw_speaker_amp_temp_rcv=31
05-17 23:34:42.949 22092 22202 D AHAL_HFP_QTI: hfp_set_parameters enter
05-17 23:34:42.949 22092 22202 D AHAL_HFP_QTI: hfp_set_parameters Exit
05-17 23:34:42.949 22092 22202 D AHAL_SecModulePrimary: processSetVendorParameters: configured g_hw_speaker_amp_temp_rcv
05-17 23:34:42.949 22092 22202 D AHAL_SecModulePrimary: processSetVendorParameters: handler set on Feature:0
05-17 23:34:42.949 22092 22202 D AHAL_SecModulePrimary: onSetSECGenericParameters set temperature for g_hw_speaker_amp_temp_rcv: 31
05-17 23:34:42.949 22092 22202 I PAL: API: pal_set_param: 1377: Enter: param id 3001
05-17 23:34:42.949 22092 22202 I PAL: ResourceManager: getActiveStream_l: 6569: no active streams found for device 3 ret -2
05-17 23:34:42.949 22086 22406 E ConversionHelperAidl: Function: parseAndSetVendorParameters Line: 94 Failed
05-17 23:34:42.949 22086 22406 E ConversionHelperAidl: Function: parseAndSetVendorParameters Line: 94 Failed
05-17 23:34:43.047 22446 22618 D PowerManagerService: displayReady: false groupId=0
05-17 23:34:43.047 22446 22618 D DisplayPowerController[0]: animateScreenStateChange: target=ON, mIsEnabled=true
05-17 23:34:43.048 22446 22618 D DisplayPowerController[1]: animateScreenStateChange: target=OFF, mIsEnabled=false
05-17 23:34:43.049 22446 22618 D PowerManagerService: displayReady: true groupId=0
05-17 23:34:43.067 18887 18887 I flutter : #216    _InactiveElements._deactivateRecursively (package:flutter/src/widgets/framework.dart:2141:13)
05-17 23:34:43.067 18887 18887 I flutter : #217    ComponentElement.visitChildren (package:flutter/src/widgets/framework.dart:5871:14)
05-17 23:34:43.067 18887 18887 I flutter : #218    _InactiveElements._deactivateRecursively (package:flutter/src/widgets/framework.dart:2141:13)
05-17 23:34:43.067 18887 18887 I flutter : #219    SingleChildRenderObjectElement.visitChildren (package:flutter/src/widgets/framework.dart:7101:14)
05-17 23:34:43.067 18887 18887 I flutter : #220    _InactiveElements._deactivateRecursively (package:flutter/src/widgets/framework.dart:2141:13)
05-17 23:34:43.067 18887 18887 I flutter : #221    ComponentElement.visitChildren (package:flutter/src/widgets/framework.dart:5871:14)
05-17 23:34:43.067 18887 18887 I flutter : #222    _InactiveElements._deactivateRecursively (package:flutter/src/widgets/framework.dart:2141:13)
05-17 23:34:43.067 18887 18887 I flutter : #223    ComponentElement.visitChildren (package:flutter/src/widgets/framework.dart:5871:14)
05-17 23:34:43.067 18887 18887 I flutter : #224    _InactiveElements._deactivateRecursively (package:flutter/src/widgets/framework.dart:2141:13)
05-17 23:34:43.067 18887 18887 I flutter : #225    ComponentElement.visitChildren (package:flutter/src/widgets/framework.dart:5871:14)
05-17 23:34:43.067 18887 18887 I flutter : #226    _InactiveElements._deactivateRecursively (package:flutter/src/widgets/framework.dart:2141:13)
05-17 23:34:43.067 18887 18887 I flutter : #227    ComponentElement.visitChildren (package:flutter/src/widgets/framework.dart:5871:14)
05-17 23:34:43.067 18887 18887 I flutter : #228    _InactiveElements._deactivateRecursively (package:flutter/src/widgets/framework.dart:2141:13)
05-17 23:34:43.067 18887 18887 I flutter : #229    ComponentElement.visitChildren (package:flutter/src/widgets/framework.dart:5871:14)
05-17 23:34:43.067 18887 18887 I flutter : #230    _InactiveElements._deactivateRecursively (package:flutter/src/widgets/framework.dart:2141:13)
05-17 23:34:43.067 18887 18887 I flutter : #231    SingleChildRenderObjectElement.visitChildren (package:flutter/src/widgets/framework.dart:7101:14)
05-17 23:34:43.067 18887 18887 I flutter : #232    _InactiveElements._deactivateRecursively (package:flutter/src/widgets/framework.dart:2141:13)
05-17 23:34:43.067 18887 18887 I flutter : #233    ComponentElement.visitChildren (package:flutter/src/widgets/framework.dart:5871:14)
05-17 23:34:43.067 18887 18887 I flutter : #234    _InactiveElements._deactivateRecursively (package:flutter/src/widgets/framework.dart:2141:13)
05-17 23:34:43.067 18887 18887 I flutter : #235    ComponentElement.visitChildren (package:flutter/src/widgets/framework.dart:5871:14)
05-17 23:34:43.067 18887 18887 I flutter : #236    _InactiveElements._deactivateRecursively (package:flutter/src/widgets/framework.dart:2141:13)
05-17 23:34:43.067 18887 18887 I flutter : #237    ComponentElement.visitChildren (package:flutter/src/widgets/framework.dart:5871:14)
05-17 23:34:43.067 18887 18887 I flutter : #238    _InactiveElements._deactivateRecursively (package:flutter/src/widgets/framework.dart:2141:13)
05-17 23:34:43.067 18887 18887 I flutter : #239    ComponentElement.visitChildren (package:flutter/src/widgets/framework.dart:5871:14)
05-17 23:34:43.067 18887 18887 I flutter : #240    _InactiveElements._deactivateRecursively (package:flutter/src/widgets/framework.dart:2141:13)
05-17 23:34:43.067 18887 18887 I flutter : #241    ComponentElement.visitChildren (package:flutter/src/widgets/framework.dart:5871:14)
05-17 23:34:43.067 18887 18887 I flutter : #242    _InactiveElements._deactivateRecursively (package:flutter/src/widgets/framework.dart:2141:13)
05-17 23:34:43.067 18887 18887 I flutter : #243    MultiChildRenderObjectElement.visitChildren (package:flutter/src/widgets/framework.dart:7223:16)
05-17 23:34:43.067 18887 18887 I flutter : #244    _InactiveElements._deactivateRecursively (package:flutter/src/widgets/framework.dart:2141:13)
05-17 23:34:43.067 18887 18887 I flutter : #245    ComponentElement.visitChildren (package:flutter/src/widgets/framework.dart:5871:14)
05-17 23:34:43.067 18887 18887 I flutter : #246    _InactiveElements._deactivateRecursively (package:flutter/src/widgets/framework.dart:2141:13)
05-17 23:34:43.067 18887 18887 I flutter : #247    ComponentElement.visitChildren (package:flutter/src/widgets/framework.dart:5871:14)
05-17 23:34:43.067 18887 18887 I flutter : #248    _InactiveElements._deactivateRecursively (package:flutter/src/widgets/framework.dart:2141:13)
05-17 23:34:43.067 18887 18887 I flutter : #249    ComponentElement.visitChildren (package:flutter/src/widgets/framework.dart:5871:14)
05-17 23:34:43.067 18887 18887 I flutter : #250    _InactiveElements._deactivateRecursively (package:flutter/src/widgets/framework.dart:2141:13)
05-17 23:34:43.067 18887 18887 I flutter : #251    ComponentElement.visitChildren (package:flutter/src/widgets/framework.dart:5871:14)
05-17 23:34:43.067 18887 18887 I flutter : #252    _InactiveElements._deactivateRecursively (package:flutter/src/widgets/framework.dart:2141:13)
05-17 23:34:43.067 18887 18887 I flutter : #253    ComponentElement.visitChildren (package:flutter/src/widgets/framework.dart:5871:14)
05-17 23:34:43.067 18887 18887 I flutter : #254    _InactiveElements._deactivateRecursively (package:flutter/src/widgets/framework.dart:2141:13)
05-17 23:34:43.067 18887 18887 I flutter : #255    ComponentElement.visitChildren (package:flutter/src/widgets/framework.dart:5871:14)
05-17 23:34:43.067 18887 18887 I flutter : #256    _InactiveElements._deactivateRecursively (package:flutter/src/widgets/framework.dart:2141:13)
05-17 23:34:43.067 18887 18887 I flutter : #257    ComponentElement.visitChildren (package:flutter/src/widgets/framework.dart:5871:14)
05-17 23:34:43.067 18887 18887 I flutter : #258    _InactiveElements._deactivateRecursively (package:flutter/src/widgets/framework.dart:2141:13)
05-17 23:34:43.067 18887 18887 I flutter : #259    SingleChildRenderObjectElement.visitChildren (package:flutter/src/widgets/framework.dart:7101:14)
05-17 23:34:43.067 18887 18887 I flutter : #260    _InactiveElements._deactivateRecursively (package:flutter/src/widgets/framework.dart:2141:13)
05-17 23:34:43.067 18887 18887 I flutter : #261    SingleChildRenderObjectElement.visitChildren (package:flutter/src/widgets/framework.dart:7101:14)
05-17 23:34:43.067 18887 18887 I flutter : #262    _InactiveElements._deactivateRecursively (package:flutter/src/widgets/framework.dart:2141:13)
05-17 23:34:43.067 18887 18887 I flutter : #263    ComponentElement.visitChildren (package:flutter/src/widgets/framework.dart:5871:14)
05-17 23:34:43.067 18887 18887 I flutter : #264    _InactiveElements._deactivateRecursively (package:flutter/src/widgets/framework.dart:2141:13)
05-17 23:34:43.067 18887 18887 I flutter : #265    ComponentElement.visitChildren (package:flutter/src/widgets/framework.dart:5871:14)
05-17 23:34:43.067 18887 18887 I flutter : #266    _InactiveElements._deactivateRecursively (package:flutter/src/widgets/framework.dart:2141:13)
05-17 23:34:43.067 18887 18887 I flutter : #267    ComponentElement.visitChildren (package:flutter/src/widgets/framework.dart:5871:14)
05-17 23:34:43.067 18887 18887 I flutter : #268    _InactiveElements._deactivateRecursively (package:flutter/src/widgets/framework.dart:2141:13)
05-17 23:34:43.067 18887 18887 I flutter : #269    ComponentElement.visitChildren (package:flutter/src/widgets/framework.dart:5871:14)
05-17 23:34:43.067 18887 18887 I flutter : #270    _InactiveElements._deactivateRecursively (package:flutter/src/widgets/framework.dart:2141:13)
05-17 23:34:43.067 18887 18887 I flutter : #271    SingleChildRenderObjectElement.visitChildren (package:flutter/src/widgets/framework.dart:7101:14)
05-17 23:34:43.067 18887 18887 I flutter : #272    _InactiveElements._deactivateRecursively (package:flutter/src/widgets/framework.dart:2141:13)
05-17 23:34:43.067 18887 18887 I flutter : #273    ComponentElement.visitChildren (package:flutter/src/widgets/framework.dart:5871:14)
05-17 23:34:43.067 18887 18887 I flutter : #274    _InactiveElements._deactivateRecursively (package:flutter/src/widgets/framework.dart:2141:13)
05-17 23:34:43.067 18887 18887 I flutter : #275    MultiChildRenderObjectElement.visitChildren (package:flutter/src/widgets/framework.dart:7223:16)
05-17 23:34:43.067 18887 18887 I flutter : #276    _InactiveElements._deactivateRecursively (package:flutter/src/widgets/framework.dart:2141:13)
05-17 23:34:43.067 18887 18887 I flutter : #277    ComponentElement.visitChildren (package:flutter/src/widgets/framework.dart:5871:14)
05-17 23:34:43.067 18887 18887 I flutter : #278    _InactiveElements._deactivateRecursively (package:flutter/src/widgets/framework.dart:2141:13)
05-17 23:34:43.067 18887 18887 I flutter : #279    MultiChildRenderObjectElement.visitChildren (package:flutter/src/widgets/framework.dart:7223:16)
05-17 23:34:43.067 18887 18887 I flutter : #280    _InactiveElements._deactivateRecursively (package:flutter/src/widgets/framework.dart:2141:13)
05-17 23:34:43.067 18887 18887 I flutter : #281    ComponentElement.visitChildren (package:flutter/src/widgets/framework.dart:5871:14)
05-17 23:34:43.067 18887 18887 I flutter : #282    _InactiveElements._deactivateRecursively (package:flutter/src/widgets/framework.dart:2141:13)
05-17 23:34:43.067 18887 18887 I flutter : #283    ComponentElement.visitChildren (package:flutter/src/widgets/framework.dart:5871:14)
05-17 23:34:43.067 18887 18887 I flutter : #284    _InactiveElements._deactivateRecursively (package:flutter/src/widgets/framework.dart:2141:13)
05-17 23:34:43.067 18887 18887 I flutter : #285    ComponentElement.visitChildren (package:flutter/src/widgets/framework.dart:5871:14)
05-17 23:34:43.067 18887 18887 I flutter : #286    _InactiveElements._deactivateRecursively (package:flutter/src/widgets/framework.dart:2141:13)
05-17 23:34:43.067 18887 18887 I flutter : #287    ComponentElement.visitChildren (package:flutter/src/widgets/framework.dart:5871:14)
05-17 23:34:43.067 18887 18887 I flutter : #288    _InactiveElements._deactivateRecursively (package:flutter/src/widgets/framework.dart:2141:13)
05-17 23:34:43.067 18887 18887 I flutter : #289    ComponentElement.visitChildren (package:flutter/src/widgets/framework.dart:5871:14)
05-17 23:34:43.067 18887 18887 I flutter : #290    _InactiveElements._deactivateRecursively (package:flutter/src/widgets/framework.dart:2141:13)
05-17 23:34:43.067 18887 18887 I flutter : #291    ComponentElement.visitChildren (package:flutter/src/widgets/framework.dart:5871:14)
05-17 23:34:43.067 18887 18887 I flutter : #292    _InactiveElements._deactivateRecursively (package:flutter/src/widgets/framework.dart:2141:13)
05-17 23:34:43.067 18887 18887 I flutter : #293    ComponentElement.visitChildren (package:flutter/src/widgets/framework.dart:5871:14)
05-17 23:34:43.067 18887 18887 I flutter : #294    _InactiveElements._deactivateRecursively (package:flutter/src/widgets/framework.dart:2141:13)
05-17 23:34:43.067 18887 18887 I flutter : #295    ComponentElement.visitChildren (package:flutter/src/widgets/framework.dart:5871:14)
05-17 23:34:43.067 18887 18887 I flutter : #296    _InactiveElements._deactivateRecursively (package:flutter/src/widgets/framework.dart:2141:13)
05-17 23:34:43.067 18887 18887 I flutter : #297    ComponentElement.visitChildren (package:flutter/src/widgets/framework.dart:5871:14)
05-17 23:34:43.067 18887 18887 I flutter : #298    _InactiveElements._deactivateRecursively (package:flutter/src/widgets/framework.dart:2141:13)
05-17 23:34:43.067 18887 18887 I flutter : #299    ComponentElement.visitChildren (package:flutter/src/widgets/framework.dart:5871:14)
05-17 23:34:43.067 18887 18887 I flutter : #300    _InactiveElements._deactivateRecursively (package:flutter/src/widgets/framework.dart:2141:13)
05-17 23:34:43.067 18887 18887 I flutter : #301    ComponentElement.visitChildren (package:flutter/src/widgets/framework.dart:5871:14)
05-17 23:34:43.067 18887 18887 I flutter : #302    _InactiveElements._deactivateRecursively (package:flutter/src/widgets/framework.dart:2141:13)
05-17 23:34:43.067 18887 18887 I flutter : #303    ComponentElement.visitChildren (package:flutter/src/widgets/framework.dart:5871:14)
05-17 23:34:43.067 18887 18887 I flutter : #304    _InactiveElements._deactivateRecursively (package:flutter/src/widgets/framework.dart:2141:13)
05-17 23:34:43.067 18887 18887 I flutter : #305    ComponentElement.visitChildren (package:flutter/src/widgets/framework.dart:5871:14)
05-17 23:34:43.067 18887 18887 I flutter : #306    _InactiveElements._deactivateRecursively (package:flutter/src/widgets/framework.dart:2141:13)
05-17 23:34:43.067 18887 18887 I flutter : #307    ComponentElement.visitChildren (package:flutter/src/widgets/framework.dart:5871:14)
05-17 23:34:43.067 18887 18887 I flutter : #308    _InactiveElements._deactivateRecursively (package:flutter/src/widgets/framework.dart:2141:13)
05-17 23:34:43.067 18887 18887 I flutter : #309    ComponentElement.visitChildren (package:flutter/src/widgets/framework.dart:5871:14)
05-17 23:34:43.067 18887 18887 I flutter : #310    _InactiveElements._deactivateRecursively (package:flutter/src/widgets/framework.dart:2141:13)
05-17 23:34:43.067 18887 18887 I flutter : #311    ComponentElement.visitChildren (package:flutter/src/widgets/framework.dart:5871:14)
05-17 23:34:43.067 18887 18887 I flutter : #312    _InactiveElements._deactivateRecursively (package:flutter/src/widgets/framework.dart:2141:13)
05-17 23:34:43.067 18887 18887 I flutter : #313    ComponentElement.visitChildren (package:flutter/src/widgets/framework.dart:5871:14)
05-17 23:34:43.067 18887 18887 I flutter : #314    _InactiveElements._deactivateRecursively (package:flutter/src/widgets/framework.dart:2141:13)
