05-17 23:34:37.365 22960 22960 I HBD     : b updateConfig: [LanguageItem] English / [KeyboardViewTypeItem] 0 / [KeyboardInputTypeItem] mainType(0), subType(0)* / [CurrentLanguageInputTypeItem] mainType(0), subType(0) / [KeyboardInputRangeItem] 1* / [SelectedLanguageItem] 2 / [TextOrNullInputClassItem] true* / [DecimalNumberInputTypeItem] false* / [NumberInputClassItem] false* / [DigitEditorItem] false* / [NumberKeyFirstLineItem] true /
05-17 23:34:37.365 22960 22960 I HBD     : b updateConfig: [SpaceRowStyleCmItem] true / [SpaceRowStylePeriodItem] true / [SpaceRowStyleEmailURLPeriodItem] true / [SpaceRowStyleEmailURLDotComItem] true / [SpaceRowStyleEmailURLPeriodItem] true / [SpaceRowStyleEmailURLDotComItem] false* / [SpaceRowStyleJapaneseArrowItem] true / [SpaceRowStyleJapanesePeriodItem] true / [TouchAndHoldSpaceBarTypeItem] cursor_control / [UseToolBarItem] true / [VoiceInputTypeItem] 1 /
05-17 23:34:37.365 22960 19764 I HBD     : p updated Sub Types. English
05-17 23:34:37.365 22960 22960 I HBD     : b updateConfig: [DensityItem] 2.625 / [DisplayWidthItem] 1080 / [DisplayHeightItem] 2284 / [MainTextLabelItem] 1 / [LanguageSwitchingUsingKeyItem] true / [CoverDisplayModeItem] true / [VoiceEnabledItem] true* / [PredictionStatusItem] true / [EditorEnterActionItem] -1 /
05-17 23:34:37.365 22960 22960 I HBD     : e updateKeyboardViewHolder: MAKE NEW E: false CC: true UC: true
05-17 23:34:37.365 22960 22960 I HBD     : d load TMST TocuhLogic rune : true
05-17 23:34:37.366 22960 19402 I HBD     : a InputMethodSubtype is set as local:en_GB
05-17 23:34:37.366 22960 22960 I HBD     : d [NormalPresenterLocator] processLocateKeyboard: isUseCached(true), isUseKeysCafe(false)
05-17 23:34:37.366 22446 22446 I InputMethodManagerService: subtype state: oldSubtype = android.view.inputmethod.InputMethodSubtype@10002 newSubtype = android.view.inputmethod.InputMethodSubtype@10002 force = false, intent received : false
05-17 23:34:37.367 22960 22960 I HBD     : d [PF_OP][updateKeyboardViewHolder]  2 ms
05-17 23:34:37.367 22960 22960 I HBD     : f needOff = true , isForceOff = false, isNullInputClass : true
05-17 23:34:37.367 22960 22960 I HBD     : f update cached prediction status : false
05-17 23:34:37.367 22960 22960 I HBD     : a updateMultiTapTimeValue
05-17 23:34:37.367 22960 22960 I HBD     : a getMultiTapTimeoutValue
05-17 23:34:37.367 22960 22960 I HBD     : a getSingleVowelMultiTapTimeoutValue
05-17 23:34:37.367 22960 22960 I HBD     : a [AiWriter] determineTranslateLanguage
05-17 23:34:37.367 22960 19403 I HBD     : a [HBIC] requestCursorUpdates 2
05-17 23:34:37.367 22960 22960 I HBD     : b [AiWriter] chat translation null isTranslationClosed : false lang :  restarting : true hash : -1732769436 is from translation : false
05-17 23:34:37.367 22960 22960 I HBD     : h [PF_OP][onStartInputViewActivate]  0 ms
05-17 23:34:37.367 22960 22960 I HBD     : MultiModalSwitcher onStartInputView
05-17 23:34:37.367 22960 19403 I HBD     : b requestCursorUpdates returned  false ,  0
05-17 23:34:37.367 22960 22960 I HBD     : HoneyBoardService [PF_OP][onStartInputView]  7 ms
05-17 23:34:37.367 22960 22960 I HBD     : F EBD si S 0
05-17 23:34:37.368 22960 22960 I InputMethod: hideSoftInput(): flags=0
05-17 23:34:37.368 22960 22960 I HBD     : HoneyBoardService onFinishInputView finishingInput= false
05-17 23:34:37.368 22446 23559 V InputMethodManagerService: IME window vis: 0 active: 0 visible: 0 displayId: 0
05-17 23:34:37.368 22446 23559 D InputMethodManagerService: isImeSwitcherDisabledPackage : false
05-17 23:34:37.368 22960 22960 I HBD     : a [UpdatePolicy] [post] a: 3 cl: 65538 kit: [0/0] vt: 0 ir: 1
05-17 23:34:37.368 22960 22960 I HBD     : e processFinishInputView
05-17 23:34:37.368 22960 22960 I HBD     : d load TMST TocuhLogic rune : true
05-17 23:34:37.368 22446 23559 I InputMethodManagerService: setImeWindowStatus: vis=0, backDisposition=0
05-17 23:34:37.368 22960 22960 I HBD     : b stopRunningTimers
05-17 23:34:37.368 22960 22960 I HBD     : b [PF_EN] saveUserData() 0
05-17 23:34:37.368 23268 23268 D NavigationBar: setImeWindowStatus displayId=0 vis=0 backDisposition=0 showImeSwitcher=false isImeVisible=false
05-17 23:34:37.368 22960 22960 I HBD     : F EBD reset pbc:0 pdc:0
05-17 23:34:37.368 22960 19764 I HBD     : w [SKE_LM] saveDynamicModel,  false ,  false
05-17 23:34:37.368 22960 22960 I HBD     : t historic wpmWordCount:1582 wpmSessionTime:12641391 wpmPauseTime:1803276 wpm:8
05-17 23:34:37.368 22960 22960 I HBD     : t historic(rounded) wpmWordCount:1582 wpmSessionTime:12641391 wpmPauseTime:1803276 wpm:9
05-17 23:34:37.368 22960 19404 I HBD     : a [HBIC] requestCursorUpdates 0
05-17 23:34:37.368 22960 22960 I HBD     : o [AiWriter] unLoadOndeviceModel
05-17 23:34:37.368 22960 19404 I HBD     : b requestCursorUpdates(0),  0
05-17 23:34:37.368 22960 22960 I HBD     : o [AiWriter] buildAppInfo token:25 url:23 needSa:true skey:2480 account:B2C
05-17 23:34:37.368 22960 22960 I ScsApi@AppInfo: B2B account is not set
05-17 23:34:37.368 22960 22960 I ScsApi@AuthHeader: SCS SDK VERSION: 4.0.20
05-17 23:34:37.368 22960 22960 I ScsApi@AppInfo: B2B account is not set
05-17 23:34:37.368 22960 22960 I ScsApi@AuthHeader: SCS SDK VERSION: 4.0.20
05-17 23:34:37.368 22960 19405 I ScsApi@ServiceExecutor: task >> OnDeviceServiceExecutor@138f191 >> OnDeviceRunnable@1e7d39b
05-17 23:34:37.369 22960 19406 I ScsApi@ServiceExecutor: task >> OnDeviceServiceExecutor@8365993 >> OnDeviceRunnable@f531f11
05-17 23:34:37.369 22960 22960 I ScsApi@ToneConverter: release: false
05-17 23:34:37.369 22960 19407 I ScsApi@ServiceExecutor: task >> OnDeviceServiceExecutor@be2fbef >> OnDeviceRunnable@8660e77
05-17 23:34:37.369 22960 22960 I ScsApi@Corrector: release: false
05-17 23:34:37.369 22960 19408 I ScsApi@ServiceExecutor: task >> ToneConvertServiceExecutor@f3bc21b >> LlmServiceRunnable@fb99b4d
05-17 23:34:37.369 22960 22960 I ScsApi@EmojiAugmentor: release: false
05-17 23:34:37.369 22446 22895 D BackgroundInstallControlService: Package event received: 0
05-17 23:34:37.369 22960 19409 I ScsApi@ServiceExecutor: task >> CorrectionServiceExecutor@26a15cd >> LlmServiceRunnable@f231b13
05-17 23:34:37.369 22960 22960 I ScsApi@NeuralTranslator: NeuralTranslator -- close() executed
05-17 23:34:37.369 22960 22960 I ScsApi@Translator: release: false
05-17 23:34:37.369 22960 22960 I ScsApi@WritingComposer: release: false
05-17 23:34:37.369 22960 22960 I ScsApi@Feature: checkFeature() : FEATURE_SIVS_WRITING_COMPOSER_ONDEVICE, sdk : 4.0.20
05-17 23:34:37.369 22960 19410 I ScsApi@ServiceExecutor: task >> EmojiAugmentationServiceExecutor@90f41c9 >> LlmServiceRunnable@7e48150
05-17 23:34:37.369 22960 22960 I ScsApi@FeatureHolder: setStatus() : FEATURE_SIVS_WRITING_COMPOSER_ONDEVICE : 0
05-17 23:34:37.369 22960 22960 I ScsApi@Summarizer: release: false
05-17 23:34:37.369 22960 19411 I ScsApi@ServiceExecutor: task >> WritingComposerServiceExecutor@d2879e7 >> LlmServiceRunnable@e9a556f
05-17 23:34:37.369 22960 22960 I ScsApi@NotesOrganizer: release: false
05-17 23:34:37.369 22960 22960 I ScsApi@FormatConverter: release: false
05-17 23:34:37.369 22960 22960 I ScsApi@Configuration: release: false
05-17 23:34:37.369 22960 19412 I ScsApi@ServiceExecutor: task >> SummarizationServiceExecutor@4f90c3d >> LlmServiceRunnable@98627c
05-17 23:34:37.370 22960 22960 I HBD     : e unbindCurrentHoneyBoard : text_board
05-17 23:34:37.370 22960 22960 I HBD     : b onUnbind
05-17 23:34:37.370 22960 22960 I HBD     : e expression state[false], searchState[0]
05-17 23:34:37.370 22960 19413 I ScsApi@ServiceExecutor: task >> AiServiceExecutor@6cbe705 >> ImageEditorReleaseRunnable@472a68
05-17 23:34:37.370 22446 22895 D BackgroundInstallControlService: Package event received: 0
05-17 23:34:37.370 22446 22895 D BackgroundInstallControlService: Package event received: 0
05-17 23:34:37.370 22960 22960 I HBD     : a clear BaseLanguageRepo
05-17 23:34:37.370 22960 22960 I HBD     : MultiModalSwitcher onFinishInputView
05-17 23:34:37.370 22960 22960 I HBD     : HoneyBoardService [PF_CL][onFinishInputView]  2 ms
05-17 23:34:37.370 22960 22960 I HBD     : d showInputView requested current = true, applyNow = false
05-17 23:34:37.370 22960 22960 I HBD     : HoneyBoardService onWindowHidden
05-17 23:34:37.370 22960 22960 I HBD     : HoneyBoardService [PF_CL][onWindowHidden]  0 ms
05-17 23:34:37.370 22446 22895 D BackgroundInstallControlService: Package event received: 0
05-17 23:34:37.370  1939  1939 I SurfaceFlinger: destroyed Surface(name=ea10dcd NavigationBar0)/@0x50c39b9 - animation-leash of insets_animation#43266 form LifecycleManager
05-17 23:34:37.370  1939  1939 I SurfaceFlinger: id=43266 onLayerDestroyed from LayerHierarchyBuilder(RequestedLayerState{Surface(name=ea10dcd NavigationBar0)/@0x50c39b9 - animation-leash of insets_animation#43266 !handle})
05-17 23:34:37.370 22446 22895 D BackgroundInstallControlService: Package event received: 0
05-17 23:34:37.371  1939  1939 I Layer   : id=43266 Destroyed Surface(name=ea10dcd NavigationBar0)/@0x50c39b9 - animation-leash of insets_animation#43266
05-17 23:34:37.371 22446 22895 D BackgroundInstallControlService: Package event received: 0
05-17 23:34:37.372 22446 22895 D BackgroundInstallControlService: Package event received: 0
05-17 23:34:37.372 22446 25224 I ActivityManager: Changes in 10249 19 to 7, 0 to 128
05-17 23:34:37.372 22960 22960 I InputMethodService: scheduleImeSurfaceRemoval: removeImeSurface is posted.
05-17 23:34:37.372 22960 22960 I ImeTracker: system_server:8d13741d: onHidden
05-17 23:34:37.373 16466 16476 I SamsungAccount: [AccountManagerProvider] isChildAccount
05-17 23:34:37.373 16466 16476 I SamsungAccount: [AccountManagerProvider] Calling package : android.honeyboard.
05-17 23:34:37.373 22446 25163 D SecContentProvider: query(), uri = 15 selection = isClipboardAllowedAsUser
05-17 23:34:37.373 22446 25163 D SecContentProvider: called from android.uid.honeyboard:10219
05-17 23:34:37.373 22446 25163 D RestrictionPolicy: isClipboardAllowed : true
05-17 23:34:37.373 22446 25163 D SecContentProvider: SemKnoxPolicyContract.RestrictionPolicy.CLIPBOARD_ALLOWED_AS_USER return = true
05-17 23:34:37.373 22960  2017 I ScsApi@Feature: checkFeature() : FEATURE_SPEECH_RECOGNITION, sdk : 4.0.20
05-17 23:34:37.373 22960 22960 I HBD     : MultiModalSwitcher onAppPrivateCommand needsToShowImeSwitcher : false
05-17 23:34:37.373 22960  2017 I ScsApi@FeatureHolder: setStatus() : FEATURE_SPEECH_RECOGNITION : 0
05-17 23:34:37.373 22960  2017 I HBD     : l HoneyVoice checkFeature() 0 time: 0
05-17 23:34:37.374 22960  2017 I HBD     : a HoneyVoice isSCSSpeechFeatureEnabled : true 1 ms
05-17 23:34:37.374 16466 16476 I SamsungAccount: [SignatureInfoDbHelper] searchOnUser(fromDb) - [10/lfgff][android.honeyboard.][64/3291d] => matched
05-17 23:34:37.374 16466 16476 I SamsungAccount: [AccountManagerProvider] This is the access of the allowed application
05-17 23:34:37.374 16466 16476 I SamsungAccount: [AccountManagerUtil] isSamsungAccountSignedIn : true
05-17 23:34:37.375 16466 16476 I SamsungAccount: [TPMU]  SIMState     :SIM_STATE_READY
05-17 23:34:37.375 16466 16476 I SamsungAccount: [CountryCodeUtil] isChinaCountryCode : false
05-17 23:34:37.375 16466 16476 I SamsungAccount: [TPMU] getMccFromUsim
05-17 23:34:37.375 16466 16476 I SamsungAccount: [MccManager] saveMccToPreference Start
05-17 23:34:37.375 16466 16476 I SamsungAccount: [MccManager] saveMccToPreference, mcc is same with previous mcc
05-17 23:34:37.375 16466 16476 I SamsungAccount: [ChildAccountSupportedListManager] getSupportedListFromLocal from cache
05-17 23:34:37.375 16466 16476 I SamsungAccount: [TPMU]  SIMState     :SIM_STATE_READY
05-17 23:34:37.375 16466 16476 I SamsungAccount: [CountryCodeUtil] isChinaCountryCode : false
05-17 23:34:37.375 16466 16476 I SamsungAccount: [TPMU] getMccFromUsim
05-17 23:34:37.375 16466 16476 I SamsungAccount: [MccManager] saveMccToPreference Start
05-17 23:34:37.375 16466 16476 I SamsungAccount: [MccManager] saveMccToPreference, mcc is same with previous mcc
05-17 23:34:37.375 16466 16476 I SamsungAccount: [FamilyGroupUtil] meetKoreaCountryCondition(beforeSignUp=false): false
05-17 23:34:37.376 16466 16476 I SamsungAccount: [ChildAccountSupportedListManager] getSupportedListFromLocal from cache
05-17 23:34:37.376 16466 16476 I SamsungAccount: [TPMU]  SIMState     :SIM_STATE_READY
05-17 23:34:37.376 16466 16476 I SamsungAccount: [CountryCodeUtil] isChinaCountryCode : false
05-17 23:34:37.376 22446 23559 D VibratorManagerService: converted usage = TOUCH(18)
05-17 23:34:37.376 16466 16476 I SamsungAccount: [TPMU] getMccFromUsim
05-17 23:34:37.376 16466 16476 I SamsungAccount: [MccManager] saveMccToPreference Start
05-17 23:34:37.376 16466 16476 I SamsungAccount: [MccManager] saveMccToPreference, mcc is same with previous mcc
05-17 23:34:37.376 16466 16476 I SamsungAccount: [FamilyGroupUtil] meetServerCountryCondition(beforeSignUp=false): true
05-17 23:34:37.376 22446 23559 D VibratorManagerService: vibrate - uid: 10621, opPkg: com.tiarnanlarkin.danio, effect: Mono{mEffect=Composed{segments=[SemHaptic{mType=50025, mMagnitude=-1}], repeat=-1, mMagnitudeType=TYPE_EXTRA}}, attrs: VibrationAttributes{mUsage=TOUCH, mAudioUsage= USAGE_UNKNOWN, mFlags=0, tags=}, reason: performHapticFeedback(constant=3): ViewRootImpl#performHapticFeedback, token: com.android.server.vibrator.VibratorManagerService@d282b05
05-17 23:34:37.376 22446 23559 D SingleVibrationSession: semIndexVibrate : EFFECT_CLICK(1), repeat: -1, usage: TOUCH(18), magnitude: 10000
05-17 23:34:37.376 22446 23559 D VibratorManagerService: Starting vibrate for vibration 17138
05-17 23:34:37.376 22446 23559 D VibratorManagerService: Check AppOp mode VIBRATE for uid 10621 and package com.tiarnanlarkin.danio returned audio=allow, op=allow
05-17 23:34:37.376 16466 16476 I SamsungAccount: [TPMU]  SIMState     :SIM_STATE_READY
05-17 23:34:37.376 22446 23559 D VibrationThread: Vibration cancel requested with signal=EndInfo{status=CANCELLED_SUPERSEDED, endedBy=CallerInfo{ uid=10621, opPkg=com.tiarnanlarkin.danio, deviceId=0, attrs=VibrationAttributes{mUsage=TOUCH, mAudioUsage= USAGE_UNKNOWN, mFlags=0, tags=}, reason=performHapticFeedback(constant=3): ViewRootImpl#performHapticFeedback}}, immediate=false
05-17 23:34:37.376 16466 16476 I SamsungAccount: [CountryCodeUtil] isChinaCountryCode : false
05-17 23:34:37.376 22446 22720 D VibrationThread: Playing vibration id 17137 on vibrator 0 CompleteEffectVibratorStep (cleanup)
05-17 23:34:37.376 22446 22720 D VibrationThread: Running cancel vibration step on vibrator 0
05-17 23:34:37.376 22446 22720 D VibrationThread: Turning off vibrator 0
05-17 23:34:37.377 16466 16476 I SamsungAccount: [TPMU] getMccFromUsim
05-17 23:34:37.377  1896  1896 E SecVibrator-HAL-AIDL-CORE: V_2_0: Vibrator off
05-17 23:34:37.377  1896  1896 E SecVibrator-HAL-AIDL-CORE: HW_API: do_off
05-17 23:34:37.377  1896  1896 E SecVibrator-HAL-AIDL-CORE: HW_API: [triggerForceFeedbackVibration]on: 0
05-17 23:34:37.377 16466 16476 I SamsungAccount: [MccManager] saveMccToPreference Start
05-17 23:34:37.377 16466 16476 I SamsungAccount: [MccManager] saveMccToPreference, mcc is same with previous mcc
05-17 23:34:37.377 16466 16476 I SamsungAccount: [FamilyGroupUtil] meetKoreaOneUiCondition: false
05-17 23:34:37.377 22446 22720 D VibrationThread: Vibration 17137 finished with EndInfo{status=CANCELLED_SUPERSEDED, endedBy=CallerInfo{ uid=10621, opPkg=com.tiarnanlarkin.danio, deviceId=0, attrs=VibrationAttributes{mUsage=TOUCH, mAudioUsage= USAGE_UNKNOWN, mFlags=0, tags=}, reason=performHapticFeedback(constant=3): ViewRootImpl#performHapticFeedback}}
05-17 23:34:37.377 22446 22720 D VibratorManagerService: VibrationThread released vibration 17137
05-17 23:34:37.377 22446 22720 D VibratorManagerService: Finish AppOp mode VIBRATE for uid 10621 and package com.tiarnanlarkin.danio
05-17 23:34:37.377 16466 16476 I SamsungAccount: [ChildAccountSupportedListManager] getSupportedListFromLocal from cache
05-17 23:34:37.377 22446 22720 D VibratorManagerService: Vibration for uid=10621 and with attrs=VibrationAttributes{mUsage=TOUCH, mAudioUsage= USAGE_UNKNOWN, mFlags=0, tags=} ended with status CANCELLED_SUPERSEDED
05-17 23:34:37.377 16466 16476 I SamsungAccount: [FamilyGroupUtil] meetServerOneUiCondition: true
05-17 23:34:37.377 16466 16476 I SamsungAccount: [FamilyGroupUtil] isSupportFamilyService: true
05-17 23:34:37.377 16466 16476 I SamsungAccount: [AccountManagerUtil] isSamsungAccountSignedIn : true
05-17 23:34:37.377 22446 22720 D VibratorManagerService: Starting vibration 17138 on thread
05-17 23:34:37.377 16466 16476 I SamsungAccount: [ChildAccount] isChildAccount : false
05-17 23:34:37.377 22446 22720 D VibratorManagerService: Start AppOp mode VIBRATE for uid 10621 and package com.tiarnanlarkin.danio returned allow
05-17 23:34:37.377 16466 16476 I SamsungAccount: [AccountManagerProvider] makeResultBundle - resultCode : 0
05-17 23:34:37.377 22446 22720 D VibrationThread: Playing vibration id 17138 StartSequentialEffectStep
05-17 23:34:37.377 22446 22720 D VibrationThread: StartSequentialEffectStep for effect #0
05-17 23:34:37.377 22446 22720 D SemHapticStep: sepIndex=1, intensity=10000, repeat=false, duration=120
05-17 23:34:37.377 22446 22720 D SemHapticStep: Turning on vibrator 0 for 120ms
05-17 23:34:37.377 22960  2019 I HBD     : i [AiWriter] isChildAccount:false
05-17 23:34:37.377 22960  2019 I HBD     : i [AiWriter] updateChildAccountInfo reset
05-17 23:34:37.377 22960  2019 I HBD     : i [AiWriter] setCurrentCc resetCcAndLegalAge
05-17 23:34:37.377  1896  1896 E SecVibrator-HAL-AIDL-EXT: V_5_0: performPrebakedHapticPattern 1 : 10000 : 0
05-17 23:34:37.377  1896  1896 E SecVibrator-HAL-AIDL-CORE: HW_API: [setForceFeedbackAmplitude]amplitude: 10000
05-17 23:34:37.378  1896  1896 E SecVibrator-HAL-AIDL-CORE: HW_API: [uploadForceFeedbackeffect]ioctl success ,uploaded effect with ID: 0
05-17 23:34:37.378  1896  1896 E SecVibrator-HAL-AIDL-CORE: HW_API: do_on for timeoutMs: 1000
05-17 23:34:37.378  1896  1896 E SecVibrator-HAL-AIDL-CORE: HW_API: [triggerForceFeedbackVibration]on: 1
05-17 23:34:37.385 22446 25163 I WindowManager: Relayout Window{96aa0c8 u0 InputMethod}: viewVisibility=0 req=1080x2410 ty=2011 d0
05-17 23:34:37.385 22446 25163 D SurfaceComposerClient: setCornerRadius ## 159ac35 com.tiarnanlarkin.danio/com.tiarnanlarkin.danio.MainActivity#43250 cornerRadius=0.000000
05-17 23:34:37.385 22446 25163 D SurfaceComposerClient: setCornerRadius ## 159ac35 com.tiarnanlarkin.danio/com.tiarnanlarkin.danio.MainActivity#43250 cornerRadius=0.000000
05-17 23:34:37.386 22446 22564 D SurfaceComposerClient: setCornerRadius ## 159ac35 com.tiarnanlarkin.danio/com.tiarnanlarkin.danio.MainActivity#43250 cornerRadius=0.000000
05-17 23:34:37.386 22446 25163 I WindowManager: Relayout hash=96aa0c8, pid=22960, syncId=-1: mAttrs={(0,0)(fillxfill) gr=BOTTOM CENTER_VERTICAL sim={adjust=pan} ty=INPUT_METHOD fmt=TRANSPARENT wanim=0x7f1401fc preferredMinDisplayRefreshRate=60.0 receive insets ignoring z-order
05-17 23:34:37.386 22446 25163 I WindowManager:   fl=81800108
05-17 23:34:37.386 22446 25163 I WindowManager:   pfl=14000000
05-17 23:34:37.386 22446 25163 I WindowManager:   vsysui=10
05-17 23:34:37.386 22446 25163 I WindowManager:   apr=10
05-17 23:34:37.386 22446 25163 I WindowManager:   bhv=1
05-17 23:34:37.386 22446 25163 I WindowManager:   fitTypes=3
05-17 23:34:37.386 22446 25163 I WindowManager:   fitSides=7
05-17 23:34:37.386 22446 25163 I WindowManager:   fitIgnoreVis
05-17 23:34:37.386 22446 25163 I WindowManager:   frameRateBoostOnTouch=true
05-17 23:34:37.386 22446 25163 I WindowManager:   dvrrWindowFrameRateHint=true
05-17 23:34:37.386 22446 25163 I WindowManager:  dimAmount=0.0 dimDuration=150 naviIconColor=0}
05-17 23:34:37.386 22446 22564 D SurfaceComposerClient: setCornerRadius ## 159ac35 com.tiarnanlarkin.danio/com.tiarnanlarkin.danio.MainActivity#43250 cornerRadius=0.000000
05-17 23:34:37.386 22960 22960 I BLASTBufferQueue_Java: update, w= 1080 h= 2410 mName = VRI[InputMethod]@8cc6e3a mNativeObject= 0xb400007b352cf7f0 sc.mNativeObject= 0xb400007a6528a0d0 format= -2 caller= android.view.ViewRootImpl.updateBlastSurfaceIfNeeded:3559 android.view.ViewRootImpl.relayoutWindow:11614 android.view.ViewRootImpl.performTraversals:4755 android.view.ViewRootImpl.doTraversal:3904 android.view.ViewRootImpl$TraversalRunnable.run:12819 android.view.Choreographer$CallbackRecord.run:1901
05-17 23:34:37.386 22960 22960 I VRI[InputMethod]@8cc6e3a: Relayout returned: old=(0,110,1080,2520) new=(0,110,1080,2520) relayoutAsync=false req=(1080,2410)0 dur=1 res=0x1 s={true 0xb400007b952bf740} ch=false seqId=0
05-17 23:34:37.386 22960 22960 I SemTspStateManager: setDeadZone() v2=0.69%,1.9%,80.28%,0.69%,1.67%, v3=null
05-17 23:34:37.386 22960 22960 I HBD     : b Set dead zone & edge zone for SamsungIME deadzone_v2 :  0.69%,1.9%,80.28%,0.69%,1.67%
05-17 23:34:37.386 22960 22960 I HBD     : g [PresenterContainerImpl] onFirstOnLayoutChanged: set touch listeners
05-17 23:34:37.386 22960 22960 I HBD     : [KeysCafeGesture] c createGestureDetectInfoList by default gesture
05-17 23:34:37.386 22960 22960 I HBD     : [KeysCafeGesture] c gestureInfoList size = 2
05-17 23:34:37.387 22960 22960 I HBD     : g [PresenterContainerImpl] OnLayoutChangeListener: ViewInfo = pos(0, 0), size(1080, 742), posOnScreen(0, 1542), offset(0, 0), L
05-17 23:34:37.387 22960 22960 I HBD     : a [BoardScrapCreator] create: keyboardCount(1)
05-17 23:34:37.387 22960 22960 I HBD     : t0 updateChangedBoard - [LC:false][TC:true][RC:true][RB:false]
05-17 23:34:37.387 22960 22960 I HBD     : f needOff = true , isForceOff = false, isNullInputClass : true
05-17 23:34:37.387 22960 22960 I HBD     : f update cached prediction status : false
05-17 23:34:37.387 22960 22960 I HBD     : e updateCurrentEngine,  65538 ,  SWIFTKEY
05-17 23:34:37.387 22960 22960 I HBD     : h [SKE_TAM] Changed false
05-17 23:34:37.387 22960 22960 I HBD     : h [SKE_TAM] custom = false , useEngine = true
05-17 23:34:37.387 22960 22960 I HBD     : h [SKE_TAM] Changed false
05-17 23:34:37.387 22960 22960 I HBD     : j [SKE_LM] enable notTaggedWith:emoji, zh, yue_HK, nan_TW
05-17 23:34:37.387 22960 22960 I HBD     : a refresh(), mParameterMode,  0
05-17 23:34:37.387 22960 22960 I HBD     : b [PF_EN] updateChangedBoard() 0
05-17 23:34:37.387 22960 22960 I HBD     : F EBD bc S 0
05-17 23:34:37.388 22960 22960 I HBD     : c TMST - update statistics
05-17 23:34:37.389 22960 22960 I VRI[InputMethod]@8cc6e3a: Creating new active sync group VRI[InputMethod]@8cc6e3a#56
05-17 23:34:37.389 22446 25163 D WindowManager: setInsetsWindow Window{96aa0c8 u0 InputMethod}, contentInsets=Rect(0, 1427 - 0, 0) -> Rect(0, 1427 - 0, 0), visibleInsets=Rect(0, 1427 - 0, 0) -> Rect(0, 1427 - 0, 0), touchableRegion=SkRegion((0,1427,1080,2284)) -> SkRegion((0,1427,1080,2284)), touchableInsets 3 -> 3
05-17 23:34:37.389 22446 25163 D SurfaceComposerClient: setCornerRadius ## 159ac35 com.tiarnanlarkin.danio/com.tiarnanlarkin.danio.MainActivity#43250 cornerRadius=0.000000
05-17 23:34:37.389 22446 25163 D SurfaceComposerClient: setCornerRadius ## 159ac35 com.tiarnanlarkin.danio/com.tiarnanlarkin.danio.MainActivity#43250 cornerRadius=0.000000
05-17 23:34:37.391 22960 24012 I VRI[InputMethod]@8cc6e3a: mWNT: t=0xb400007a75317090 mBlastBufferQueue=0xb400007b352cf7f0 fn= 6 HdrRenderState mRenderHdrSdrRatio=1.0 caller= android.view.ViewRootImpl$12.onFrameDraw:15352 android.view.ThreadedRenderer$1.onFrameDraw:718 <bottom of call stack>
05-17 23:34:37.391 22960 24012 I VRI[InputMethod]@8cc6e3a: Setting up sync and frameCommitCallback
05-17 23:34:37.392 22960 24014 I VRI[InputMethod]@8cc6e3a: Received frameCommittedCallback lastAttemptedDrawFrameNum=6 didProduceBuffer=true
05-17 23:34:37.392 22960 22960 I HBD     : HoneyBoardService onTrimMemory 20
05-17 23:34:37.392 22446 25163 D WindowManager: finishDrawingWindow: Window{96aa0c8 u0 InputMethod} mDrawState=HAS_DRAWN seqId=0
05-17 23:34:37.392 22446 22564 D SurfaceComposerClient: setCornerRadius ## 159ac35 com.tiarnanlarkin.danio/com.tiarnanlarkin.danio.MainActivity#43250 cornerRadius=0.000000
05-17 23:34:37.392 22960 22960 I HBD     : CandidateExpandButtonViewModel Init expand button state by global layout listener
05-17 23:34:37.392 22446 22564 D SurfaceComposerClient: setCornerRadius ## 159ac35 com.tiarnanlarkin.danio/com.tiarnanlarkin.danio.MainActivity#43250 cornerRadius=0.000000
05-17 23:34:37.392 22960 19405 I ScsApi@TaskRunnable<>: run() - Thread[scs-pool-24-thread-128#OnDeviceRunnable@1e7d39b,5,main], interrupt : false
05-17 23:34:37.392 22960 19406 I ScsApi@TaskRunnable<>: run() - Thread[scs-pool-27-thread-128#OnDeviceRunnable@f531f11,5,main], interrupt : false
05-17 23:34:37.392 22960 19407 I ScsApi@TaskRunnable<>: run() - Thread[scs-pool-29-thread-128#OnDeviceRunnable@8660e77,5,main], interrupt : false
05-17 23:34:37.392 22960 19408 I ScsApi@TaskRunnable<>: run() - Thread[scs-pool-23-thread-128#LlmServiceRunnable@fb99b4d,5,main], interrupt : false
05-17 23:34:37.392 22960 19409 I ScsApi@TaskRunnable<>: run() - Thread[scs-pool-26-thread-128#LlmServiceRunnable@f231b13,5,main], interrupt : false
05-17 23:34:37.392 22960 19410 I ScsApi@TaskRunnable<>: run() - Thread[scs-pool-28-thread-128#LlmServiceRunnable@7e48150,5,main], interrupt : false
05-17 23:34:37.392 22960 19413 I ScsApi@TaskRunnable<>: run() - Thread[scs-pool-365-thread-1#ImageEditorReleaseRunnable@472a68,5,main], interrupt : false
05-17 23:34:37.392 22960 19413 I ScsApi@ImageEditorReleaseRunnable: execute
05-17 23:34:37.392 22960 19411 I ScsApi@TaskRunnable<>: run() - Thread[scs-pool-33-thread-128#LlmServiceRunnable@e9a556f,5,main], interrupt : false
05-17 23:34:37.392 22960 19412 I ScsApi@TaskRunnable<>: run() - Thread[scs-pool-34-thread-128#LlmServiceRunnable@98627c,5,main], interrupt : false
05-17 23:34:37.393 22960 22960 I ScsApi@ToneConverter: connected: true
05-17 23:34:37.393 22960 24025 W HBD     : f [SKE_KPM] -400 was not included in KPM.
05-17 23:34:37.393 22960 24025 W HBD     : f [SKE_KPM] -5 was not included in KPM.
05-17 23:34:37.393 22960 24025 W HBD     : f [SKE_KPM] -102 was not included in KPM.
05-17 23:34:37.394 22960 24025 W HBD     : f [SKE_KPM] -108 was not included in KPM.
05-17 23:34:37.394 22960 24025 W HBD     : f [SKE_KPM] -117 was not included in KPM.
05-17 23:34:37.394 22960 24025 W HBD     : f [SKE_KPM] -122 was not included in KPM.
05-17 23:34:37.394 22960 24025 W HBD     : f [SKE_KPM] 10 was not included in KPM.
05-17 23:34:37.394 22960 24025 I HBD     : f [SKE_KPM] load kpm : /data/user/0/com.samsung.android.honeyboard/app_KeyPressModel/model_0_0_1404919324.im
05-17 23:34:37.394 23572 23572 I SIS@ServiceBindingTracker: [CLEAR] All bindings removed for: TONE_CONVERSION
05-17 23:34:37.394 22960 22960 I ScsApi@Corrector: connected: true
05-17 23:34:37.394 23572 23572 I SIS@ServiceBindingTracker: [CLEAR] All bindings removed for: CORRECTION
05-17 23:34:37.394 22960 22960 I ScsApi@EmojiAugmentor: connected: true
05-17 23:34:37.395 23572 23572 I SIS@ServiceBindingTracker: [CLEAR] All bindings removed for: EMOJI_AUGMENTATION
05-17 23:34:37.395 22960 22960 I ScsApi@WritingComposer: connected: true
05-17 23:34:37.395 22960 22960 I ScsApi@Summarizer: connected: true
05-17 23:34:37.395 23572 23572 I SIS@ServiceBindingTracker: [CLEAR] All bindings removed for: WRITING_COMPOSER
05-17 23:34:37.395 22960 22960 I ScsApi@AiServiceExecutorContainer: release: true
05-17 23:34:37.396 23572 23572 I SIS@ServiceBindingTracker: [CLEAR] All bindings removed for: SUMMARIZATION
05-17 23:34:37.396 22446 25224 I ActivityManager: Changes in 10249 7 to 10, 128 to 0
05-17 23:34:37.402 22106 19399 I HYPER-HAL: [RequestManager.cpp]releaseLocked(): Released ID : 766280416
05-17 23:34:37.420 22106 19393 I HYPER-HAL: [RequestManager.cpp]releaseLocked(): Released ID : 766045543
05-17 23:34:37.423 22446 22618 D PowerManagerService: displayReady: false groupId=0
05-17 23:34:37.423 22446 22618 D DisplayPowerController[0]: animateScreenStateChange: target=ON, mIsEnabled=true
05-17 23:34:37.424 22446 22618 D DisplayPowerController[1]: animateScreenStateChange: target=OFF, mIsEnabled=false
05-17 23:34:37.424 22446 22618 D PowerManagerService: displayReady: true groupId=0
05-17 23:34:37.498 22446 22720 D VibrationThread: Playing vibration id 17138 on vibrator 0 CompleteEffectVibratorStep
05-17 23:34:37.498 22446 22720 D VibrationThread: Running complete vibration step on vibrator 0
05-17 23:34:37.498 22446 22720 D VibrationThread: Playing vibration id 17138 on vibrator 0 TurnOffVibratorStep
05-17 23:34:37.498 22446 22720 D VibrationThread: Turning off vibrator 0
05-17 23:34:37.498  1896  1896 E SecVibrator-HAL-AIDL-CORE: V_2_0: Vibrator off
05-17 23:34:37.498  1896  1896 E SecVibrator-HAL-AIDL-CORE: HW_API: do_off
05-17 23:34:37.498  1896  1896 E SecVibrator-HAL-AIDL-CORE: HW_API: [triggerForceFeedbackVibration]on: 0
05-17 23:34:37.498 22446 22720 D VibrationThread: Vibration 17138 finished with EndInfo{status=FINISHED, endedBy=null}
05-17 23:34:37.498 22446 22720 D VibrationThread: Playing vibration id 17138 FinishSequentialEffectStep (cleanup)
05-17 23:34:37.498 22446 22720 D VibrationThread: FinishSequentialEffectStep for effect #0
05-17 23:34:37.499 22446 22720 D VibratorManagerService: VibrationThread released vibration 17138
05-17 23:34:37.499 22446 22720 D VibratorManagerService: Finish AppOp mode VIBRATE for uid 10621 and package com.tiarnanlarkin.danio
05-17 23:34:37.499 22446 22720 D VibratorManagerService: Vibration for uid=10621 and with attrs=VibrationAttributes{mUsage=TOUCH, mAudioUsage= USAGE_UNKNOWN, mFlags=0, tags=} ended with status FINISHED
05-17 23:34:37.623 22446 22618 D PowerManagerService: displayReady: false groupId=0
05-17 23:34:37.624 22446 22618 D DisplayPowerController[0]: animateScreenStateChange: target=ON, mIsEnabled=true
05-17 23:34:37.624 22446 22618 D DisplayPowerController[1]: animateScreenStateChange: target=OFF, mIsEnabled=false
05-17 23:34:37.624 22446 22618 D PowerManagerService: displayReady: true groupId=0
05-17 23:34:37.673 23916 23916 I HoneySpace.EdgePanel.KeyboardVisibleObserver: updateSipStatus: 0 1 0 983
05-17 23:34:37.674 23916 23916 I HoneySpace.EdgePanel.EdgeVisibilityRepository: updateStateAction: 0x200000 false true
05-17 23:34:37.674 23916 23916 I HoneySpace.EdgePanel.EdgeVisibilityRepository: updateState: 0x1
05-17 23:34:37.674 23916 23916 I HoneySpace.EdgePanel.EdgeVisibilityRepository: getComputedTrayVisible : keyguardState = 1
05-17 23:34:37.674 23916 23916 I HoneySpace.EdgePanel.EdgeVisibilityRepository: updateTrayVisible: State = 0x1, visible = true, current containerState = 0, specificMode = 0
05-17 23:34:37.674 23916 23916 I HoneySpace.EdgePanel.EdgeVisibilityRepository: Same container state 0
05-17 23:34:37.732 22446 25224 I WindowManager: Relayout Window{96aa0c8 u0 InputMethod}: viewVisibility=8 req=1080x2410 ty=2011 d0
05-17 23:34:37.732 22446 25224 E WindowManager: win=Window{96aa0c8 u0 InputMethod} destroySurfaces: appStopped=true cleanupOnResume=false win.mWindowRemovalAllowed=false win.mRemoveOnExit=false win.mViewVisibility=8 caller=com.android.server.wm.WindowManagerService.tryStartExitingAnimation:134 com.android.server.wm.WindowManagerService.relayoutWindow:1213 com.android.server.wm.Session.relayout:27 android.view.IWindowSession$Stub.onTransact:829 com.android.server.wm.Session.onTransact:1 android.os.Binder.execTransactInternal:1457 android.os.Binder.execTransact:1401
05-17 23:34:37.733 22446 25224 D SurfaceComposerClient: setCornerRadius ## 159ac35 com.tiarnanlarkin.danio/com.tiarnanlarkin.danio.MainActivity#43250 cornerRadius=0.000000
05-17 23:34:37.733 22446 25224 I WindowManager: Cancelling animation restarting=true, leash=Surface(name=Surface(name=96aa0c8 InputMethod)/@0x3e05886 - animation-leash of insets_animation)/@0xea3c185
05-17 23:34:37.733 22446 25224 I WindowManager: Reparenting to original parent: Surface(name=WindowToken{356766d type=2011 android.os.Binder@70f6e84})/@0xf22b547, destroy=false, surface=Surface(name=96aa0c8 InputMethod)/@0x3e05886
05-17 23:34:37.733 22446 25224 I WindowManager: Reparenting to leash, surface=Surface(name=96aa0c8 InputMethod)/@0x3e05886, leashParent=Surface(name=WindowToken{356766d type=2011 android.os.Binder@70f6e84})/@0xf22b547
05-17 23:34:37.733  1939  2055 I SurfaceFlinger: id=43269 createSurf, flag=24004, Surface(name=96aa0c8 InputMethod)/@0x3e05886 - animation-leash of insets_animation#43269
05-17 23:34:37.733 22446 25224 D WindowManager: makeSurface duration=0 leash=Surface(name=Surface(name=96aa0c8 InputMethod)/@0x3e05886 - animation-leash of insets_animation)/@0x1d9a418
05-17 23:34:37.734 22446 25224 D InsetsSourceProvider: updateControlForTarget: control=InsetsSourceControl: {3 mType=ime mSurfacePosition=Point(0, 110) mInsetsHint=Insets{left=0, top=0, right=0, bottom=983}}, target=Window{159ac35 u0 com.tiarnanlarkin.danio/com.tiarnanlarkin.danio.MainActivity}, from=com.android.server.wm.ImeInsetsSourceProvider.updateControlForTarget:17 com.android.server.wm.ImeInsetsSourceProvider.setServerVisible:68 com.android.server.wm.InsetsSourceProvider.onPostLayout:30 com.android.server.wm.ImeInsetsSourceProvider.onPostLayout:3 com.android.server.wm.InsetsStateController.onPostLayout:26
05-17 23:34:37.734 22446 25224 I ImeTracker: system_server:55be4928: onRequestHide at ORIGIN_SERVER reason IME_REQUESTED_CHANGED_LISTENER fromUser false
05-17 23:34:37.734 22446 22563 V InputMethodManagerService: Client requesting input be hidden
05-17 23:34:37.734 22446 25224 D SurfaceComposerClient: setCornerRadius ## 159ac35 com.tiarnanlarkin.danio/com.tiarnanlarkin.danio.MainActivity#43250 cornerRadius=0.000000
05-17 23:34:37.734 22446 25224 D SurfaceControl: restrictHighRefreshRate, enabled=false
05-17 23:34:37.734 22446 22563 V InputMethodManagerService: setWindowStateInner, windowToken=android.os.BinderProxy@e3a3e6c, state=ImeTargetWindowState{ imeToken android.os.Binder@a06d456 imeFocusChanged false hasEditorFocused false requestedImeVisible false imeDisplayId 0 softInputModeState STATE_UNSPECIFIED|ADJUST_RESIZE isStartInputByGainFocus false}
05-17 23:34:37.734  1939  2055 I SurfaceFlinger: HRR : 0
05-17 23:34:37.734 22446 22563 I ImeTracker: system_server:55be4928: onCancelled at PHASE_SERVER_SHOULD_HIDE
05-17 23:34:37.734 22446 22563 V InputMethodManagerService: hideCurrentInputLocked : canceled, shouldHideSoftInput=false, mInputShown=false, mImeWindowVis=0
05-17 23:34:37.735 22446 25224 D SurfaceComposerClient: setCornerRadius ## 159ac35 com.tiarnanlarkin.danio/com.tiarnanlarkin.danio.MainActivity#43250 cornerRadius=0.000000
05-17 23:34:37.735 23916 23916 I VRI[CocktailBarService]@cdc7ca4: handleResized, frames=ClientWindowFrames{frame=[0,654][67,1175] display=[0,0][1080,2520] parentFrame=[0,0][0,0]} displayId=0 dragResizing=false compatScale=1.0 frameChanged=false attachedFrameChanged=false configChanged=false displayChanged=false compatScaleChanged=false dragResizingChanged=false
05-17 23:34:37.735 23268 23268 I VRI[StatusBar]@b4a1045: handleResized, frames=ClientWindowFrames{frame=[0,0][1080,110] display=[0,0][1080,2520] parentFrame=[0,0][0,0]} displayId=0 dragResizing=false compatScale=1.0 frameChanged=false attachedFrameChanged=false configChanged=false displayChanged=false compatScaleChanged=false dragResizingChanged=false
05-17 23:34:37.735 23268 23268 I VRI[NavigationBar0]@e3e71ff: handleResized, frames=ClientWindowFrames{frame=[0,2394][1080,2520] display=[0,0][1080,2520] parentFrame=[0,0][0,0]} displayId=0 dragResizing=false compatScale=1.0 frameChanged=false attachedFrameChanged=false configChanged=false displayChanged=false compatScaleChanged=false dragResizingChanged=false
05-17 23:34:37.735 22446 25224 D SurfaceComposerClient: setCornerRadius ## 159ac35 com.tiarnanlarkin.danio/com.tiarnanlarkin.danio.MainActivity#43250 cornerRadius=0.000000
05-17 23:34:37.735  1939  1939 I SurfaceFlinger: [LayerHierarchy{RequestedLayerState{InputMethod$_22960#43265} no children}] reparent to OffscreenRoot
05-17 23:34:37.735  1939  1939 I SurfaceFlinger: [LayerHierarchy{RequestedLayerState{InputMethod$_22960#43265} no children}] RelativeParent to null
05-17 23:34:37.735  1939  1939 I SurfaceFlinger: [Surface(name=96aa0c8 InputMethod)/@0x3e05886 - animation-leash of insets_animation#43269] attach to parent LayerHierarchy{RequestedLayerState{WindowToken{356766d type=2011 android.os.Binder@70f6e84}#8520 parentId=2371} 2 children}
05-17 23:34:37.735 18887 18887 I InsetsController: onStateChanged: host=com.tiarnanlarkin.danio/com.tiarnanlarkin.danio.MainActivity, from=android.view.ViewRootImpl.onInsetsStateChanged:3011, state=InsetsState: {mDisplayFrame=Rect(0, 0 - 1080, 2520), mDisplayCutout=DisplayCutout{insets=Rect(0, 110 - 0, 0) waterfall=Insets{left=0, top=0, right=0, bottom=0} boundingRect={Bounds=[Rect(0, 0 - 0, 0), Rect(510, 0 - 570, 110), Rect(0, 0 - 0, 0), Rect(0, 0 - 0, 0)]} cutoutPathParserInfo={CutoutPathParserInfo{displayWidth=1080 displayHeight=2520 physicalDisplayWidth=1080 physicalDisplayHeight=2520 density={2.625} cutoutSpec={M 0,0 H -11.42857142857143 V 41.9047619047619 H 11.42857142857143 V 0 H 0 Z @dp} rotation={0} scale={1.0} physicalPixelDisplaySizeRatio={1.0}}} sideOverrides={}}, mRoundedCorners=RoundedCorners{[RoundedCorner{position=TopLeft, radius=13, center=Point(13, 13)}, RoundedCorner{position=TopRight, radius=13, center=Point(1067, 13)}, RoundedCorner{position=BottomRight, radius=13, center=Point(1067, 2507)}, RoundedCorner{position=BottomLeft, radius=13, center=Point(13, 2507)}]}  mRoundedCornerFrame=Rect(0, 0 - 1080, 2520), mPrivacyIndicatorBounds=PrivacyIndicatorBounds {static bounds=Rect(964, 0 - 1080, 110) rotation=0}, mDisplayShape=DisplayShape{ spec=-311912193 displayWidth=1080 displayHeight=2520 physicalPixelDisplaySizeRatio=1.0 rotation=0 offsetX=0 offsetY=0 scale=1.0}, mSources= { InsetsSource: {3 mType=ime mFrame=[0,0][0,0] mVisible=false mFlags= mSideHint=NONE mBoundingRects=null}, InsetsSource: {27 mType=displayCutout mFrame=[0,0][1080,110] mVisible=true mFlags= mSideHint=TOP mBoundingRects=null}, InsetsSource: {a340001 mType=navigationBars mFrame=[0,2394][1080,2520] mVisible=true mFlags= mSideHint=BOTTOM mBoundingRects=null}, InsetsSource: {a340004 mType=systemGestures mFrame=[0,0][0,0] mVisible=true mFlags= mSideHint=NONE mBoundingRects=null}, InsetsSource: {a340005 mType=mandatorySystemGestures mFrame=[0,2394][1080,2520] mVisible=true mFlags= mSideHint=BOTTOM mBoundingRects=null}, InsetsSource: {a340006 mType=tappableElement mFrame=[0,2394][1080,2520] mVisible=true mFlags= mSideHint=BOTTOM mBoundingRects=null}, InsetsSource: {a340024 mType=systemGestures mFrame=[0,0][0,0] mVisible=true mFlags= mSideHint=NONE mBoundingRects=null}, InsetsSource: {68bc0000 mType=statusBars mFrame=[0,0][1080,110] mVisible=true mFlags= mSideHint=TOP mBoundingRects=null}, InsetsSource: {68bc0005 mType=mandatorySystemGestures mFrame=[0,0][1080,142] mVisible=true mFlags= mSideHint=TOP mBoundingRects=null}, InsetsSource: {68bc0006 mType=tappableElement mFrame=[0,0][1080,110] mVisible=true mFlags= mSideHint=TOP mBoundingRects=null} }
05-17 23:34:37.735 22446 25224 I WindowManager: Relayout hash=96aa0c8, pid=22960, syncId=-1: mAttrs={(0,0)(fillxfill) gr=BOTTOM CENTER_VERTICAL sim={adjust=pan} ty=INPUT_METHOD fmt=TRANSPARENT wanim=0x7f1401fc preferredMinDisplayRefreshRate=60.0 receive insets ignoring z-order
05-17 23:34:37.735 22446 25224 I WindowManager:   fl=81800108
05-17 23:34:37.735 22446 25224 I WindowManager:   pfl=14000000
05-17 23:34:37.735 22446 25224 I WindowManager:   vsysui=10
05-17 23:34:37.735 22446 25224 I WindowManager:   apr=10
05-17 23:34:37.735 22446 25224 I WindowManager:   bhv=1
05-17 23:34:37.735 22446 25224 I WindowManager:   fitTypes=3
05-17 23:34:37.735 22446 25224 I WindowManager:   fitSides=7
05-17 23:34:37.735 22446 25224 I WindowManager:   fitIgnoreVis
05-17 23:34:37.735 22446 25224 I WindowManager:   frameRateBoostOnTouch=true
05-17 23:34:37.735 22446 25224 I WindowManager:   dvrrWindowFrameRateHint=true
05-17 23:34:37.735 22446 25224 I WindowManager:  dimAmount=0.0 dimDuration=150 naviIconColor=0}
05-17 23:34:37.735 22446 22563 I RefreshRateModeManager: Schedule to change allowedModes=baseModeId=10 allowGroupSwitching=false primary=physical: (10.0 120.0) render:  (0.0 120.0) appRequest=physical: (10.0 120.0) render:  (0.0 120.0) idleScreenRefreshRateConfig=null, mDisplayToken=android.os.BinderProxy@eedcf45
05-17 23:34:37.735 22446 22563 I RefreshRateModeManager:     -1:
05-17 23:34:37.735 22446 22563 I RefreshRateModeManager:       PRIORITY_REFRESH_RATE_MODE -> CombinedVote{ mVotes=[PhysicalVote{ RefreshRateVote{  mMinRefreshRate=10.0, mMaxRefreshRate=120.0 } }, DisableRefreshRateSwitchingVote{ mDisableRefreshRateSwitching=false }] }
05-17 23:34:37.735 22446 22563 I RefreshRateModeManager:     0:
05-17 23:34:37.735 22446 22563 I RefreshRateModeManager:       PRIORITY_USER_SETTING_PEAK_RENDER_FRAME_RATE -> RenderVote{ RefreshRateVote{  mMinRefreshRate=0.0, mMaxRefreshRate=120.0 } }
05-17 23:34:37.735 22446 22563 I RefreshRateModeManager:       PRIORITY_USER_SETTING_PEAK_REFRESH_RATE -> CombinedVote{ mVotes=[PhysicalVote{ RefreshRateVote{  mMinRefreshRate=0.0, mMaxRefreshRate=120.0 } }, DisableRefreshRateSwitchingVote{ mDisableRefreshRateSwitching=false }] }
05-17 23:34:37.735 22446 22563 I RefreshRateModeManager:       PRIORITY_USER_SETTING_MIN_RENDER_FRAME_RATE -> RenderVote{ RefreshRateVote{  mMinRefreshRate=0.0, mMaxRefreshRate=Infinity } }
05-17 23:34:37.735 22446 22563 I RefreshRateModeManager:
05-17 23:34:37.735 22446 22563 I RefreshRateModeManager:  mModeSwitchingType: SWITCHING_TYPE_WITHIN_GROUPS mAlwaysRespectAppRequest: false
05-17 23:34:37.735 22446 22563 I RefreshRateModeManager:  Current Mode mReportedRefreshRateMode(toSurfaceFlinger)=REFRESH_RATE_MODE_SEAMLESS, mRefreshRateMode(fromSettings)=REFRESH_RATE_MODE_SEAMLESS
05-17 23:34:37.735 22446 22563 I RefreshRateModeManager:  BrightnessState mPassive=false, PassiveModeToken=false, mLfd=0, mBrightness=408, mAmbientLux=327.0, mIsWirelessCharing=false
05-17 23:34:37.736 18887 18887 I VRI[MainActivity]@12b063a: handleResized, frames=ClientWindowFrames{frame=[0,0][1080,2520] display=[0,0][1080,2520] parentFrame=[0,0][0,0]} displayId=0 dragResizing=false compatScale=1.0 frameChanged=false attachedFrameChanged=false configChanged=false displayChanged=false compatScaleChanged=false dragResizingChanged=false
05-17 23:34:37.736 22960 22960 I VRI[InputMethod]@8cc6e3a: Relayout returned: old=(0,110,1080,2520) new=(0,110,1080,2520) relayoutAsync=false req=(1080,2410)8 dur=5 res=0x2 s={false 0x0} ch=true seqId=0
05-17 23:34:37.736  1939  2055 I SurfaceFlinger: id=43265 Removed InputMethod$_22960#43265 (195)
05-17 23:34:37.737 22446 22564 D SurfaceComposerClient: setCornerRadius ## 159ac35 com.tiarnanlarkin.danio/com.tiarnanlarkin.danio.MainActivity#43250 cornerRadius=0.000000
05-17 23:34:37.737 22446 22564 W LocalDisplayAdapter: Ignoring request for invalid base mode id 10
05-17 23:34:37.737 22446 22563 D LocalDisplayAdapter: setDesiredDisplayModeSpecsAsync(4630946872173396372) : defaultMode=2 allowGroupSwitching=false primaryRanges=physical: (10.0 120.0) render:  (0.0 120.0) appRequestRanges=physical: (10.0 120.0) render:  (0.0 120.0) idleScreenRefreshRate=null
05-17 23:34:37.737  1939  1939 I RefreshRateSelector: Display 4630946872173396372 policy changed
05-17 23:34:37.737  1939  1939 I RefreshRateSelector: Previous: {defaultModeId=2, allowGroupSwitching=false, primaryRanges={physical=[60.00 Hz, 120.00 Hz], render=[60.00 Hz, 120.00 Hz]}, appRequestRanges={physical=[60.00 Hz, 120.00 Hz], render=[60.00 Hz, 120.00 Hz]} idleScreenConfig=nullptr}
05-17 23:34:37.737  1939  1939 I RefreshRateSelector: Current:  DisplayManagerPolicy{defaultModeId=2, allowGroupSwitching=false, primaryRanges={physical=[10.00 Hz, 120.00 Hz], render=[0.00 Hz, 120.00 Hz]}, appRequestRanges={physical=[10.00 Hz, 120.00 Hz], render=[0.00 Hz, 120.00 Hz]} idleScreenConfig=nullptr}
05-17 23:34:37.737  1939  1939 I RefreshRateSelector: 2 mode changes were performed under the previous policy
05-17 23:34:37.737  1939  1939 I SurfaceFlinger: [4630946872173396372] Setting desired display mode specs: {defaultModeId=2, allowGroupSwitching=false, primaryRanges={physical=[10.00 Hz, 120.00 Hz], render=[0.00 Hz, 120.00 Hz]}, appRequestRanges={physical=[10.00 Hz, 120.00 Hz], render=[0.00 Hz, 120.00 Hz]} idleScreenConfig=nullptr}
05-17 23:34:37.737 22446 25163 D WindowManager: setInsetsWindow Window{96aa0c8 u0 InputMethod}, contentInsets=Rect(0, 1427 - 0, 0) -> Rect(0, 1427 - 0, 0), visibleInsets=Rect(0, 1427 - 0, 0) -> Rect(0, 1427 - 0, 0), touchableRegion=SkRegion((0,1427,1080,2284)) -> SkRegion((0,1427,1080,2284)), touchableInsets 3 -> 3
05-17 23:34:37.738 22446 25163 D SurfaceComposerClient: setCornerRadius ## 159ac35 com.tiarnanlarkin.danio/com.tiarnanlarkin.danio.MainActivity#43250 cornerRadius=0.000000
05-17 23:34:37.738 22446 25163 D SurfaceComposerClient: setCornerRadius ## 159ac35 com.tiarnanlarkin.danio/com.tiarnanlarkin.danio.MainActivity#43250 cornerRadius=0.000000
05-17 23:34:37.738  1939  1939 D DisplayModeController: setDesiredMode 4630946872173396372 {mode={fps=120.00 Hz, modePtr={id=0, vsyncRate=120.00 Hz, peakRefreshRate=120.00 Hz}}, emitEvent=true, force=false}
05-17 23:34:37.743  1939  1939 I SurfaceFlinger: RequestedLayer [Surface(name=96aa0c8 InputMethod)/@0[...]tion-leash of insets_animation#43269] hidden!! flag  from(1) --> to(0)
05-17 23:34:37.743  1939  1939 E SurfaceFlinger: alpha changed 1.000 -> 0.000 - Surface(name=96aa0c8 InputMethod)/@0x3e05886 - animation-leash of insets_animation#43269
05-17 23:34:37.743  1939  1939 I SurfaceFlinger: destroyed InputMethod$_22960#43265 form LifecycleManager
05-17 23:34:37.743  1939  1939 I SurfaceFlinger: [LayerHierarchy{RequestedLayerState{Surface(name=96aa0c8 InputMethod)/@0x3e05886 - animation-leash of insets_animation#43259} 1 children}] reparent to OffscreenRoot
05-17 23:34:37.743  1939  1939 I SurfaceFlinger: [LayerHierarchy{RequestedLayerState{Surface(name=96aa0c8 InputMethod)/@0x3e05886 - animation-leash of insets_animation#43259} 1 children}] RelativeParent to null
05-17 23:34:37.743  1939  1939 I SurfaceFlinger: [LayerHierarchy{RequestedLayerState{96aa0c8 InputMethod#8522 parentId=43269} no children}] reparent to LayerHierarchy{RequestedLayerState{Surface(name=96aa0c8 InputMethod)/@0x3e05886 - animation-leash of insets_animation#43269 parentId=8520} 1 children}
05-17 23:34:37.743  1939  1939 I SurfaceFlinger: id=43265 onLayerDestroyed from LayerHierarchyBuilder(RequestedLayerState{InputMethod$_22960#43265 !handle})
05-17 23:34:37.744  1939  1939 I Layer   : id=43265 Destroyed InputMethod$_22960#43265
05-17 23:34:37.745  1939  2857 I SurfaceFlinger: id=43259 Removed Surface(name=96aa0c8 InputMethod)/@0x3e05886 - animation-leash of insets_animation#43259 (194)
05-17 23:34:37.752  1939  1939 I SurfaceFlinger: destroyed Surface(name=96aa0c8 InputMethod)/@0x3e05886 - animation-leash of insets_animation#43259 form LifecycleManager
05-17 23:34:37.752  1939  1939 I SurfaceFlinger: id=43259 onLayerDestroyed from LayerHierarchyBuilder(RequestedLayerState{Surface(name=96aa0c8 InputMethod)/@0x3e05886 - animation-leash of insets_animation#43259 !handle})
05-17 23:34:37.752  1939  1939 I Layer   : id=43259 Destroyed Surface(name=96aa0c8 InputMethod)/@0x3e05886 - animation-leash of insets_animation#43259
05-17 23:34:37.761 22106 19401 I HYPER-HAL: [RequestManager.cpp]releaseLocked(): Released ID : 263615242
05-17 23:34:37.814 22113 22557 I thermal_core: pivot(AP) : 387, skin : 371
05-17 23:34:37.814 22113 22557 I vendor.samsung.hardware.thermal-service: index = 11.800000
05-17 23:34:37.814 22113 22557 I vendor.samsung.hardware.thermal-service: 1 / 2
05-17 23:34:37.825 22446 22618 D PowerManagerService: displayReady: false groupId=0
05-17 23:34:37.825 22446 22618 D DisplayPowerController[0]: animateScreenStateChange: target=ON, mIsEnabled=true
05-17 23:34:37.825 22446 22618 D DisplayPowerController[1]: animateScreenStateChange: target=OFF, mIsEnabled=false
05-17 23:34:37.826 22446 22618 D PowerManagerService: displayReady: true groupId=0
05-17 23:34:37.830  1812 23009 I sensors-hal: handle_sns_std_sensor_event:127, [SSC_LIGHT] A: 328(328),c:151,b:408,m:37,cl:227,l:328,s:324,l0:62816,l1:96,s0:37000,s1:0,acl:3,opr:0.58,f(r):124,u(bl):100,if:124,wi:15,si:0,0(N:1)
05-17 23:34:37.873 22960 22960 I InputMethodService: removeImeSurface
05-17 23:34:37.873 22960 22960 I InputMethodService: cancelImeSurfaceRemoval: removeCallbacks
05-17 23:34:37.888 22446 19417 I SemInputMotionHelper: setMotionControl: ALL: 12, client=com.samsung.android.hardware.secinputdev.SemInputDeviceManager, ret=-1
05-17 23:34:37.888 22446 19418 D SemInputDeviceManager: setProperty: (0) CMD,GRIP_DATA,1,15,4,4,0
05-17 23:34:37.888 22446 19417 D SemInputDeviceManager: setProperty: (100) CMD,SIP,0
05-17 23:34:37.889 22446 19418 D TspStateManager: wrote command: cmd=1,15,4,4,0, type=1
05-17 23:34:37.889 22446 22883 D SemInputDevice:TSP_SUB: SetPropertyTask: CMD,set_grip_data,1,15,4,4,0 [05-17 23:34:37.888]
05-17 23:34:37.889 22446 19417 I SemInputCommandService: setPropertyAllTouch: SIP,0 retDefault=1 retExtra=1
05-17 23:34:37.889 22446 19417 D TspStateManager: wrote command: cmd=0, type=5
05-17 23:34:37.889 22446 22884 D SemInputDevice:TSP: SetPropertyTask: CMD,set_sip_mode,0 [05-17 23:34:37.889]
05-17 23:34:37.890  1892  1935 I sysinput:aidl: onReportInformation:93, 1, cmd@set_sip_mode,0:0
05-17 23:34:37.890 22446 22884 D SysinputHAL_AIDL: setProperty(TSP(1)): CMD, set_sip_mode,0 ret=0
05-17 23:34:37.890  1892  1935 I sysinput:Touch1: operator():241, OK
05-17 23:34:37.891  1892  1934 I sysinput:aidl: onReportInformation:93, 2, cmd@set_grip_data,1,15,4,4,0:0
05-17 23:34:37.891  1892  1934 I sysinput:Touch2: operator():241, OK
