--------- beginning of main
05-17 23:34:36.773  1871  1954 E BatteryDump: !@new_battery_dump : 3810,684,1100,3100,24,318,309,383,318,0,372,383,318,Charging,NO_CHARGING,Normal,Good,PDIC,0,Normal,0,0,10494,0x8000,0x10010000,0x0,0,0,568,v0004,0,1/1-5000-0-3000,0000,0000,00000000,3810,3830,0,323,361,0,233,0,247,990,0,
05-17 23:34:36.774 22113 22557 I thermal_core: pivot(AP) : 382, skin : 371
05-17 23:34:36.774 22113 22557 I vendor.samsung.hardware.thermal-service: index = 10.400000
05-17 23:34:36.774 22113 22557 I vendor.samsung.hardware.thermal-service: 2 / 2
05-17 23:34:36.776 22113 22113 I seh_thermal_service: getTemperaturesWithType SehTemperatureType: 3
05-17 23:34:36.776  1871  1871 I sehhealth-service: updateLrpSysfs: write: 371
05-17 23:34:36.810 22092 22202 D AHAL_ModulePrimary_QTI: getVendorParameters: id count: 1
05-17 23:34:36.811 22092 22202 I PAL: ResourceManager: getActiveStream_l: 6569: no active streams found for device 3 ret -2
05-17 23:34:36.811 22092 22202 D AHAL_SecModulePrimary: onGetSECGenericParameters get temperature for g_hw_speaker_amp_temp_rcv: 0
05-17 23:34:36.811 22092 22202 D AHAL_ModulePrimary_QTI: getVendorParameters: id count: 1
05-17 23:34:36.811 22092 22202 I PAL: ResourceManager: getActiveStream_l: 6569: no active streams found for device 3 ret -2
05-17 23:34:36.811 22092 22202 D AHAL_SecModulePrimary: onGetSECGenericParameters get temperature for g_hw_speaker_amp_temp_spk: 0
--------- beginning of system
05-17 23:34:36.812 24930 26001 I SDHMS:x : SIOP:: AP:382 BAT:318 USB:309 CHG:383 PA:374 CP:371 WIFI:385 CF:379 BLK:0 SUBBAT:318 LRPTHM:353 SKIN:370 SKINF:369 SKINB:371 LRP:370 LRF:369 LRB:371 APT:369 APR:371 RCV:300 SPK:296 CAPR:370 CRCV:312 CSPK:310 CAMT:365 UPSPK:318 DNSPK:318 VAP02:387 VAP05:390 AMB2:258 HIGH:0 AVGCUR:532 AVGSYS:557 POWER:2027
05-17 23:34:36.814 24930 26001 I AudioManager: setParameters keyValuePairs = g_hw_speaker_amp_temp_spk=31
05-17 23:34:36.814 22086 22850 D AudioFlinger: setParameters: filtered dev setParameters keyvalue g_hw_speaker_amp_temp_spk=31
05-17 23:34:36.815 22092 22202 D AHAL_HFP_QTI: hfp_set_parameters enter
05-17 23:34:36.815 22092 22202 D AHAL_HFP_QTI: hfp_set_parameters Exit
05-17 23:34:36.815 22092 22202 D AHAL_SecModulePrimary: processSetVendorParameters: configured g_hw_speaker_amp_temp_spk
05-17 23:34:36.815 22092 22202 D AHAL_SecModulePrimary: processSetVendorParameters: handler set on Feature:0
05-17 23:34:36.815 22092 22202 D AHAL_SecModulePrimary: onSetSECGenericParameters set temperature for g_hw_speaker_amp_temp_spk: 31
05-17 23:34:36.815 22092 22202 I PAL: API: pal_set_param: 1377: Enter: param id 3002
05-17 23:34:36.815 22092 22202 I PAL: ResourceManager: getActiveStream_l: 6569: no active streams found for device 3 ret -2
05-17 23:34:36.815 22086 22850 E ConversionHelperAidl: Function: parseAndSetVendorParameters Line: 94 Failed
05-17 23:34:36.816 22086 22850 E ConversionHelperAidl: Function: parseAndSetVendorParameters Line: 94 Failed
05-17 23:34:36.816 24930 26001 I AudioManager: setParameters keyValuePairs = g_hw_speaker_amp_temp_rcv=31
05-17 23:34:36.817 22086 22850 D AudioFlinger: setParameters: filtered dev setParameters keyvalue g_hw_speaker_amp_temp_rcv=31
05-17 23:34:36.817 22092 22202 D AHAL_HFP_QTI: hfp_set_parameters enter
05-17 23:34:36.817 22092 22202 D AHAL_HFP_QTI: hfp_set_parameters Exit
05-17 23:34:36.817 22092 22202 D AHAL_SecModulePrimary: processSetVendorParameters: configured g_hw_speaker_amp_temp_rcv
05-17 23:34:36.817 22092 22202 D AHAL_SecModulePrimary: processSetVendorParameters: handler set on Feature:0
05-17 23:34:36.817 22092 22202 D AHAL_SecModulePrimary: onSetSECGenericParameters set temperature for g_hw_speaker_amp_temp_rcv: 31
05-17 23:34:36.817 22092 22202 I PAL: API: pal_set_param: 1377: Enter: param id 3001
05-17 23:34:36.818 22092 22202 I PAL: ResourceManager: getActiveStream_l: 6569: no active streams found for device 3 ret -2
05-17 23:34:36.818 22086 22850 E ConversionHelperAidl: Function: parseAndSetVendorParameters Line: 94 Failed
05-17 23:34:36.818 22086 22850 E ConversionHelperAidl: Function: parseAndSetVendorParameters Line: 94 Failed
05-17 23:34:36.822 22446 22618 D PowerManagerService: displayReady: false groupId=0
05-17 23:34:36.822 22446 22618 D DisplayPowerController[0]: animateScreenStateChange: target=ON, mIsEnabled=true
05-17 23:34:36.822 22446 22618 D DisplayPowerController[1]: animateScreenStateChange: target=OFF, mIsEnabled=false
05-17 23:34:36.822 22446 22618 D PowerManagerService: displayReady: true groupId=0
05-17 23:34:36.830 23094 14105 D IpClient/wlan0: interfaceLinkStateChanged: ifindex 45 up
05-17 23:34:36.917 22446 25224 D InputDispatcher: Inject motion (19390/2000): action=0x0, time=112971317000000, f=0x0, d=0 dsdx=1.000000 dtdx=0.000000
05-17 23:34:36.918 22446 22734 I InputDispatcher: Delivering touch to (23268): action: 0x4, f=0x0, d=0, 'ea10dcd', t=1
05-17 23:34:36.918 22446 22734 I InputDispatcher: Delivering touch to (18887): action: 0x0, f=0x0, d=0, '159ac35', t=1
05-17 23:34:36.918 22446 22734 D PowerManagerService: [api] userActivityFromNative : touch displayId=0 eventTime=112971317
05-17 23:34:36.918 22446 22561 I GestureDetector: obtain mCurrentDownEvent. id: -230773440 caller: com.android.server.wm.SystemGesturesPointerEventListener.onPointerEvent:17 com.android.server.wm.PointerEventDispatcher.onInputEvent:51 android.view.InputEventReceiver.dispatchInputEvent:392
05-17 23:34:36.918 22446 22561 I GestureDetector: obtain mCurrentDownEvent. id: -230773440 caller: com.android.server.wm.SystemPerformancePointerEventListener.onPointerEvent:13 com.android.server.wm.PointerEventDispatcher.onInputEvent:51 android.view.InputEventReceiver.dispatchInputEvent:392
05-17 23:34:36.918 22446 22734 D PowerManagerService: UserActivityStateListenerState: 1
05-17 23:34:36.918  1939  2535 D DisplayModeController: setDesiredMode 4630946872173396372 {mode={fps=120.00 Hz, modePtr={id=0, vsyncRate=120.00 Hz, peakRefreshRate=120.00 Hz}}, emitEvent=true, force=false}
05-17 23:34:36.919 18887 18887 I VRI[MainActivity]@12b063a: ViewPostIme pointer 0
05-17 23:34:36.919 18887 18887 I VRI[MainActivity]@12b063a: call setFrameRateCategory for touch hint category=high hint, reason=touch, vri=VRI[MainActivity]@12b063a
05-17 23:34:36.919 22446 25224 D InputDispatcher: Inject motion (19390/2000): action=0x1, time=112971317000000, f=0x0, d=0 dsdx=1.000000 dtdx=0.000000
05-17 23:34:36.919 22446 22734 I InputDispatcher: Delivering touch to (18887): action: 0x1, f=0x0, d=0, '159ac35', t=1
05-17 23:34:36.919 22446 22561 I GestureDetector: obtain mCurrentMotionEventRaw. action: 1 id: -1073081004
05-17 23:34:36.919 22446 22561 I GestureDetector: obtain mCurrentMotionEventRaw. action: 1 id: -1073081004
05-17 23:34:36.920 22106 22129 I HYPER-HAL: [RequestManager.cpp]acquire(): Acquired ID : 766045543  [22109 / 17032]    HINT :      list : [UCLAMP_MIN_BOOST / 166] [TIMEOUT / 350] [TID / 18942] [TID / 18943] [TID / 18887] [TID / 18906]
05-17 23:34:36.920 24930 24930 I SemDvfsHyPerManager: acquire hyper - TA_TOUCH_SHARE/24930@30, type = -999
05-17 23:34:36.920 22106 22129 I HYPER-HAL: [RequestManager.cpp]acquire(): Acquired ID : 311513310  [24930 / 30]    HINT : TA_TOUCH_SHARE    list : [TIMEOUT / 1500]
05-17 23:34:36.923 23268 23268 W Choreographer: Frame time is 0.045832 ms in the future!  Check that graphics HAL is generating vsync timestamps using the correct timebase.
05-17 23:34:36.923  1939  1939 I SurfaceFlinger: [com.tiarnanlarkin.danio/com.tiarnanlarkin.danio.MainActivity$_18887#43251] setFrameRateCategory: HighHint
05-17 23:34:36.924  1939  1939 I LayerHistory: com.tiarnanlarkin.danio/com.tiarnanlarkin.danio.MainActivity$_18887#43251 voted ExplicitCategory with category: HighHint
05-17 23:34:36.924  1939  1939 I LayerHistory: 13a8894 SurfaceView[com.tiarnanlarkin.danio/com.tiarnanlarkin.danio.MainActivity]@0(BLAST)#43256 Max (can't resolve refresh rate)
05-17 23:34:36.924  1939  1939 I SurfaceFlinger: Touch Boost - choose 120.00 Hz
05-17 23:34:36.924  1939  1939 I HWComposer: [4630946872173396372] ActiveConfigToHWC, ID : 0
05-17 23:34:36.924  1845  1845 I SDM     : SDMDisplay::SetActiveConfigWithConstraints: ActiveConfig: 0
05-17 23:34:36.924  1845  1845 W SDM     : HWDeviceDRM::GetSupportedBitClkRate: Requested rate not supported: 1115000000
05-17 23:34:36.924  1845  1845 I SDM     : HWDeviceDRM::UpdateMixerAttributes: Mixer WxH 1080x2520-1 for Peripheral
05-17 23:34:36.924  1845  1845 I SDM     : DisplayBuiltIn::SetActiveConfig: setting activeConfig(0) on Display 16777302-0. error(0)
05-17 23:34:36.924  1845  1845 I SDM     : SDMDisplay::FinalizeDisplayConfig: ActiveConfig changed from config 2(2) to 0(0) for display [3]-[0]
05-17 23:34:36.925 18887 18887 I VRI[MainActivity]@12b063a: ViewPostIme pointer 1
05-17 23:34:36.925  1845  2495 I SDM     : HWDeviceDRM::SetupAtomic: update ActiveConfig. pre_vrefresh : 60, current_vrefresh: 120, update_mode_: 1
05-17 23:34:36.931  1939  1939 I SurfaceFlinger: mode set is pending and the fence hasn't fired yet.
05-17 23:34:36.932 22446 25224 D VibratorManagerService: converted usage = TOUCH(18)
05-17 23:34:36.932 22446 25224 D VibratorManagerService: vibrate - uid: 10621, opPkg: com.tiarnanlarkin.danio, effect: Mono{mEffect=Composed{segments=[SemHaptic{mType=50038, mMagnitude=-1}], repeat=-1, mMagnitudeType=TYPE_EXTRA}}, attrs: VibrationAttributes{mUsage=TOUCH, mAudioUsage= USAGE_UNKNOWN, mFlags=0, tags=}, reason: performHapticFeedback(constant=1): ViewRootImpl#performHapticFeedback, token: com.android.server.vibrator.VibratorManagerService@d282b05
05-17 23:34:36.932 22446 25224 D SingleVibrationSession: semIndexVibrate : EFFECT_HEAVY_CLICK(14), repeat: -1, usage: TOUCH(18), magnitude: 10000
05-17 23:34:36.932 22446 25224 D VibratorManagerService: Starting vibrate for vibration 17136
05-17 23:34:36.932 22446 25224 D VibratorManagerService: Check AppOp mode VIBRATE for uid 10621 and package com.tiarnanlarkin.danio returned audio=allow, op=allow
05-17 23:34:36.932 22446 25224 D VibratorManagerService: Starting vibration 17136 on thread
05-17 23:34:36.932 22446 25224 D VibratorManagerService: Start AppOp mode VIBRATE for uid 10621 and package com.tiarnanlarkin.danio returned allow
05-17 23:34:36.932 22446 22720 D VibrationThread: Playing vibration id 17136 StartSequentialEffectStep
05-17 23:34:36.932 22446 22720 D VibrationThread: StartSequentialEffectStep for effect #0
05-17 23:34:36.932 22446 22720 D SemHapticStep: sepIndex=14, intensity=10000, repeat=false, duration=130
05-17 23:34:36.932 22446 22720 D SemHapticStep: Turning on vibrator 0 for 130ms
05-17 23:34:36.933  1896  1896 E SecVibrator-HAL-AIDL-EXT: V_5_0: performPrebakedHapticPattern 14 : 10000 : 0
05-17 23:34:36.933  1896  1896 E SecVibrator-HAL-AIDL-CORE: HW_API: [setForceFeedbackAmplitude]amplitude: 10000
05-17 23:34:36.939 18887 18887 I flutter : [LocalJsonStorageService] 💾 Storage persisted: 1 tanks, 1 livestock
05-17 23:34:36.939  1939  2056 I VSyncReactor: Current= 60, Period= 120, hwcPeriod= 60
05-17 23:34:36.940  1896  1896 E SecVibrator-HAL-AIDL-CORE: HW_API: [uploadForceFeedbackeffect]ioctl success ,uploaded effect with ID: 0
05-17 23:34:36.940  1896  1896 E SecVibrator-HAL-AIDL-CORE: HW_API: do_on for timeoutMs: 1000
05-17 23:34:36.940  1896  1896 E SecVibrator-HAL-AIDL-CORE: HW_API: [triggerForceFeedbackVibration]on: 1
05-17 23:34:36.940 22446 24570 D MotionRecognitionService: inject vibrator info = 1.0
05-17 23:34:36.940  1812  1812 I sensors-hal: inject_sensor_data:309, accel - vib_onoff: 1
05-17 23:34:36.940  1812  1812 I sensors-hal: inject_sensor_data:315, write vib_onoff: 1
05-17 23:34:36.941  1916  1916 I SSC_DAEMON: handleSensorTestReqMsg:88, Sensor type :0, Msg type:3
05-17 23:34:36.941  1916  1916 I SSC_DAEMON: handleSensorTestReqMsg:88, Sensor type :8, Msg type:3
05-17 23:34:36.942  1916  6159 I SSC_DAEMON: accelMotorStateEvent:102, main: 1, 1
05-17 23:34:36.942  1916  6159 I SSC_DAEMON: accelMotorStateEvent:102, sub: 1, 1
05-17 23:34:36.948 22446 22563 D LocalDisplayAdapter: updateActiveModeLocked for d=4630946872173396372, mActiveModeId=8, mActiveSfDisplayMode=DisplayMode{id=0, width=1080, height=2520, xDpi=422.03076, yDpi=421.10526, peakRefreshRate=120.00001, vsyncRate=120.00001, appVsyncOffsetNanos=8333333, presentationDeadlineNanos=9333333, supportedHdrTypes=[4, 2, 3], group=0}
05-17 23:34:36.948 22446 22563 I DisplayDeviceRepository: Display device changed render timings: "Built-in Screen", renderFrameRate=120.00001, presentationDeadlineNanos=9333333, appVsyncOffsetNanos=8333333, frameRateOverrides=[]
05-17 23:34:36.950 22446 24548 D LiftUpHandler: [LTW] Stopped already.
05-17 23:34:36.950 22446 22561 D WindowManager: DeferredDisplayUpdater: partially applying DisplayInfo(1080 x 2520) immediately
05-17 23:34:36.950 22446 22446 D SGM:GameManager: onDisplayChanged. displyId: 0, state: 2
05-17 23:34:36.950 22446 22446 D AODManagerService: requestReCalToTSP IsSingleTouchMode = falserequestedReCalToTSP = false / previousDisplayState = ON
05-17 23:34:36.950 22960 22960 I HBD     : DeX h DeX mode state change in non-main thread
05-17 23:34:36.950 22960 22960 I HBD     : DeX h DeX mode state change: 3
05-17 23:34:36.950 22446 22757 D SGM:FgCheckThread: onLooperPrepared(), msg: MSG_LCD_ON
05-17 23:34:36.950 23916 18782 I HoneySpace.Memory-Monitor: current state = 2, didTrim = false
05-17 23:34:36.950 22086 22850 D AudioFlinger: setParameters: filtered dev setParameters keyvalue screen_state=on
05-17 23:34:36.950 22446 22561 D SurfaceComposerClient: setCornerRadius ## 159ac35 com.tiarnanlarkin.danio/com.tiarnanlarkin.danio.MainActivity#43250 cornerRadius=0.000000
05-17 23:34:36.950 22092 24232 I PAL: API: pal_set_param: 1377: Enter: param id 8
05-17 23:34:36.950 22092 24232 I PAL: ResourceManager: setParameter: 11407: Screen State:1
05-17 23:34:36.951 22092 22202 D AHAL_Module: updateScreenState: usb: 1
05-17 23:34:36.951 23268 23268 D DisplayLifecycle: updateDisplay id = 0
05-17 23:34:36.951 23268 23525 D StackScroller: onDisplayChanged for predraw skip to 2
05-17 23:34:36.951 22092 22202 D AHAL_Module: updateScreenState: r_submix: 1
05-17 23:34:36.951 22092 24232 D AHAL_Module: updateScreenState: bluetooth: 1
05-17 23:34:36.951 22446 22848 D AS.DesktopModeHelper: onDisplayChanged: #Id=0
05-17 23:34:36.951 22446 24392 D WifiDisplayAdapter: isFitToActiveDisplayLocked : false
05-17 23:34:36.951 23916 18773 I HoneySpace.RefreshRateSource: singleFrameMs 8
05-17 23:34:36.956  1939  2857 I VSyncReactor: Current= 60, Period= 120, hwcPeriod= 120
05-17 23:34:36.972 18887 18887 I ImeTracker: com.tiarnanlarkin.danio:a3e795f4: onRequestHide at ORIGIN_CLIENT reason HIDE_SOFT_INPUT fromUser false
05-17 23:34:36.972 18887 18887 I InputMethodManager_LC: hsifw() - flag : 0
05-17 23:34:36.972 18887 18887 I InputMethodManager_LC: hsifw() - mService.hideSoftInput
05-17 23:34:36.972 18887 18887 D InsetsController: hide(ime(), fromIme=false)
05-17 23:34:36.973 18887 18887 W WindowOnBackDispatcher: sendCancelIfRunning: isInProgress=false callback=android.view.ImeBackAnimationController@cc121bc
05-17 23:34:36.973 18887 18887 D InsetsController: Setting requestedVisibleTypes to -9 (was -1)
05-17 23:34:36.973 18887 18887 I InsetsController: setRequestedVisibleTypes: visible=false, mask=ime, host=com.tiarnanlarkin.danio/com.tiarnanlarkin.danio.MainActivity, from=android.view.InsetsController.controlAnimationUnchecked:1599 android.view.InsetsController.applyAnimation:2401 android.view.InsetsController.applyAnimation:2328 android.view.InsetsController.hide:1535 android.view.inputmethod.InputMethodManager.hideSoftInputFromWindow:2891 android.view.inputmethod.InputMethodManager.hideSoftInputFromWindow:2814 android.view.inputmethod.InputMethodManager.hideSoftInputFromWindow:2775 io.flutter.plugin.editing.TextInputPlugin.hideTextInput:447 io.flutter.plugin.editing.TextInputPlugin.access$400:44 io.flutter.plugin.editing.TextInputPlugin$2.hide:122
05-17 23:34:36.973 18887 18887 I InsetsController: controlAnimationUncheckedInner: Added types=ime, animType=1, host=com.tiarnanlarkin.danio/com.tiarnanlarkin.danio.MainActivity, from=android.view.InsetsController.controlAnimationUnchecked:1603 android.view.InsetsController.applyAnimation:2401 android.view.InsetsController.applyAnimation:2328
05-17 23:34:36.973 18887 18887 D CompatChangeReporter: Compat change id reported: 395521150; UID 10621; state: ENABLED
05-17 23:34:36.973 22446 23559 D CoreBackPreview: Window{159ac35 u0 com.tiarnanlarkin.danio/com.tiarnanlarkin.danio.MainActivity}: Setting back callback OnBackInvokedCallbackInfo{mCallback=android.window.IOnBackInvokedCallback$Stub$Proxy@d7b47b3, mPriority=0, mIsAnimationCallback=true, mOverrideBehavior=0}
05-17 23:34:36.994 18887 18887 I flutter : [ErrorBoundary] 🚨 ErrorBoundary caught: A TextEditingController was used after being disposed.
05-17 23:34:36.994 18887 18887 I flutter : Once you have called dispose() on a TextEditingController, it can no longer be used.
05-17 23:34:36.994 18887 18887 I flutter : #0      ChangeNotifier.debugAssertNotDisposed.<anonymous closure> (package:flutter/src/foundation/change_notifier.dart:182:9)
05-17 23:34:36.994 18887 18887 I flutter : #1      ChangeNotifier.debugAssertNotDisposed (package:flutter/src/foundation/change_notifier.dart:189:6)
05-17 23:34:36.994 18887 18887 I flutter : #2      ChangeNotifier.addListener (package:flutter/src/foundation/change_notifier.dart:271:27)
05-17 23:34:36.994 18887 18887 I flutter : #3      _MergingListenable.addListener (package:flutter/src/foundation/change_notifier.dart:500:14)
05-17 23:34:36.994 18887 18887 I flutter : #4      _AnimatedState.didUpdateWidget (package:flutter/src/widgets/transitions.dart:119:25)
05-17 23:34:36.994 18887 18887 I flutter : #5      StatefulElement.update (package:flutter/src/widgets/framework.dart:5991:55)
05-17 23:34:36.994 18887 18887 I flutter : #6      Element.updateChild (package:flutter/src/widgets/framework.dart:4037:15)
05-17 23:34:36.994 18887 18887 I flutter : #7      SingleChildRenderObjectElement.update (package:flutter/src/widgets/framework.dart:7122:14)
05-17 23:34:36.994 18887 18887 I flutter : #8      Element.updateChild (package:flutter/src/widgets/framework.dart:4037:15)
05-17 23:34:36.994 18887 18887 I flutter : #9      ComponentElement.performRebuild (package:flutter/src/widgets/framework.dart:5841:16)
05-17 23:34:36.994 18887 18887 I flutter : #10     StatefulElement.performRebuild (package:flutter/src/widgets/framework.dart:5982:11)
05-17 23:34:36.994 18887 18887 I flutter : #11     Element.rebuild (package:flutter/src/widgets/framework.dart:5529:7)
05-17 23:34:36.994 18887 18887 I flutter : #12     StatefulElement.update (package:flutter/src/widgets/framework.dart:6007:5)
05-17 23:34:36.994 18887 18887 I flutter : #13     Element.updateChild (package:flutter/src/widgets/framework.dart:4037:15)
05-17 23:34:36.994 18887 18887 I flutter : #14     ComponentElement.performRebuild (package:flutter/src/widgets/framework.dart:5841:16)
05-17 23:34:36.994 18887 18887 I flutter : #15     StatefulElement.performRebuild (package:flutter/src/widgets/framework.dart:5982:11)
05-17 23:34:36.994 18887 18887 I flutter : #16     Element.rebuild (package:flutter/src/widgets/framework.dart:5529:7)
05-17 23:34:36.994 18887 18887 I flutter : #17     StatefulElement.update (package:flutter/src/widgets/framework.dart:6007:5)
05-17 23:34:36.994 18887 18887 I flutter : #18     Element.updateChild (package:flutter/src/widgets/framework.dart:4037:15)
05-17 23:34:36.994 18887 18887 I flutter : #19     SingleChildRenderObjectElement.update (package:flutter/src/widgets/framework.dart:7122:14)
05-17 23:34:36.994 18887 18887 I flutter : #20     Element.updateChild (package:flutter/src/widgets/framework.dart:4037:15)
05-17 23:34:36.994 18887 18887 I flutter : #21     ComponentElement.performRebuild (package:flutter/src/widgets/framework.dart:5841:16)
05-17 23:34:36.994 18887 18887 I flutter : #22     StatefulElement.performRebuild (package:flutter/src/widgets/framework.dart:5982:11)
05-17 23:34:36.994 18887 18887 I flutter : #23     Element.rebuild (package:flutter/src/widgets/framework.dart:5529:7)
05-17 23:34:36.994 18887 18887 I flutter : #24     StatefulElement.update (package:flutter/src/widgets/framework.dart:6007:5)
05-17 23:34:36.994 18887 18887 I flutter : #25     Element.updateChild (package:flutter/src/widgets/framework.dart:4037:15)
05-17 23:34:36.994 18887 18887 I flutter : #26     SingleChildRenderObjectElement.update (package:flutter/src/widgets/framework.dart:7122:14)
05-17 23:34:36.994 18887 18887 I flutter : #27     Element.updateChild (package:flutter/src/widgets/framework.dart:4037:15)
05-17 23:34:36.994 18887 18887 I flutter : #28     SingleChildRenderObjectElement.update (package:flutter/src/widgets/framework.dart:7122:14)
05-17 23:34:36.994 18887 18887 I flutter : #29     Element.updateChild (package:flutter/src/widgets/framework.dart:4037:15)
05-17 23:34:36.994 18887 18887 I flutter : #30     SingleChildRenderObjectElement.update (package:flutter/src/widgets/framework.dart:7122:14)
05-17 23:34:36.994 18887 18887 I flutter : #31     Element.updateChild (package:flutter/src/widgets/framework.dart:4037:15)
05-17 23:34:36.994 18887 18887 I flutter : #32     ComponentElement.performRebuild (package:flutter/src/widgets/framework.dart:5841:16)
05-17 23:34:36.994 18887 18887 I flutter : #33     StatefulElement.performRebuild (package:flutter/src/widgets/framework.dart:5982:11)
05-17 23:34:36.994 18887 18887 I flutter : #34     Element.rebuild (package:flutter/src/widgets/framework.dart:5529:7)
05-17 23:34:36.994 18887 18887 I flutter : #35     BuildScope._tryRebuild (package:flutter/src/widgets/framework.dart:2750:15)
05-17 23:34:36.994 18887 18887 I flutter : #36     BuildScope._flushDirtyElements (package:flutter/src/widgets/framework.dart:2807:11)
05-17 23:34:36.994 18887 18887 I flutter : #37     BuildOwner.buildScope (package:flutter/src/widgets/framework.dart:3111:18)
05-17 23:34:36.994 18887 18887 I flutter : #38     _LayoutBuilderElement._rebuildWithConstraints (package:flutter/src/widgets/layout_builder.dart:270:12)
05-17 23:34:36.994 18887 18887 I flutter : #39     RenderAbstractLayoutBuilderMixin.layoutCallback (package:flutter/src/widgets/layout_builder.dart:333:38)
05-17 23:34:36.994 18887 18887 I flutter : #40     RenderObjectWithLayoutCallbackMixin.runLayoutCallback.<anonymous closure> (package:flutter/src/rendering/object.dart:4162:33)
05-17 23:34:36.994 18887 18887 I flutter : #41     RenderObject.invokeLayoutCallback.<anonymous closure> (package:flutter/src/rendering/object.dart:2887:17)
05-17 23:34:36.994 18887 18887 I flutter : #42     PipelineOwner._enableMutationsToDirtySubtrees (package:flutter/src/rendering/object.dart:1223:15)
05-17 23:34:36.994 18887 18887 I flutter : #43     RenderObject.invokeLayoutCallback (package:flutter/src/rendering/object.dart:2886:14)
05-17 23:34:36.994 18887 18887 I flutter : #44     RenderObjectWithLayoutCallbackMixin.runLayoutCallback (package:flutter/src/rendering/object.dart:4162:5)
05-17 23:34:36.994 18887 18887 I flutter : #45     _RenderLayoutBuilder.performLayout (package:flutter/src/widgets/layout_builder.dart:447:5)
05-17 23:34:36.994 18887 18887 I flutter : #46     RenderObject.layout (package:flutter/src/rendering/object.dart:2768:7)
05-17 23:34:36.994 18887 18887 I flutter : #47     MultiChildLayoutDelegate.layoutChild (package:flutter/src/rendering/custom_layout.dart:180:12)
05-17 23:34:36.994 18887 18887 I flutter : #48     _ScaffoldLayout.performLayout (package:flutter/src/material/scaffold.dart:1113:7)
05-17 23:34:36.994 18887 18887 I flutter : #49     MultiChildLayoutDelegate._callPerformLayout (package:flutter/src/rendering/custom_layout.dart:246:7)
05-17 23:34:36.994 18887 18887 I flutter : #50     RenderCustomMultiChildLayoutBox.performLayout (package:flutter/src/rendering/custom_layout.dart:417:14)
05-17 23:34:36.994 18887 18887 I flutter : #51     RenderObject._layoutWithoutResize (package:flutter/src/rendering/object.dart:2616:7)
05-17 23:34:36.994 18887 18887 I flutter : #52     PipelineOwner.flushLayout (package:flutter/src/rendering/object.dart:1174:18)
05-17 23:34:36.994 18887 18887 I flutter : #53     PipelineOwner.flushLayout (package:flutter/src/rendering/object.dart:1187:15)
05-17 23:34:36.994 18887 18887 I flutter : #54     RendererBinding.drawFrame (package:flutter/src/rendering/binding.dart:629:23)
05-17 23:34:36.994 18887 18887 I flutter : #55     WidgetsBinding.drawFrame (package:flutter/src/widgets/binding.dart:1304:13)
05-17 23:34:36.994 18887 18887 I flutter : #56     RendererBinding._handlePersistentFrameCallback (package:flutter/src/rendering/binding.dart:495:5)
05-17 23:34:36.994 18887 18887 I flutter : #57     SchedulerBinding._invokeFrameCallback (package:flutter/src/scheduler/binding.dart:1430:15)
05-17 23:34:36.994 18887 18887 I flutter : #58     SchedulerBinding.handleDrawFrame (package:flutter/src/scheduler/binding.dart:1345:9)
05-17 23:34:36.994 18887 18887 I flutter : #59     SchedulerBinding._handleDrawFrame (package:flutter/src/scheduler/binding.dart:1198:5)
05-17 23:34:36.994 18887 18887 I flutter : #60     _invoke (dart:ui/hooks.dart:356:13)
05-17 23:34:36.994 18887 18887 I flutter : #61     PlatformDispatcher._drawFrame (dart:ui/platform_dispatcher.dart:444:5)
05-17 23:34:36.994 18887 18887 I flutter : #62     _drawFrame (dart:ui/hooks.dart:328:31)
05-17 23:34:36.994 18887 18887 I flutter :
05-17 23:34:36.994 18887 18887 I flutter : Global error caught: A TextEditingController was used after being disposed.
05-17 23:34:36.994 18887 18887 I flutter : Once you have called dispose() on a TextEditingController, it can no longer be used.
05-17 23:34:36.994 18887 18887 I flutter : #0      ChangeNotifier.debugAssertNotDisposed.<anonymous closure> (package:flutter/src/foundation/change_notifier.dart:182:9)
05-17 23:34:36.994 18887 18887 I flutter : #1      ChangeNotifier.debugAssertNotDisposed (package:flutter/src/foundation/change_notifier.dart:189:6)
05-17 23:34:36.994 18887 18887 I flutter : #2      ChangeNotifier.addListener (package:flutter/src/foundation/change_notifier.dart:271:27)
05-17 23:34:36.994 18887 18887 I flutter : #3      _MergingListenable.addListener (package:flutter/src/foundation/change_notifier.dart:500:14)
05-17 23:34:36.994 18887 18887 I flutter : #4      _AnimatedState.didUpdateWidget (package:flutter/src/widgets/transitions.dart:119:25)
05-17 23:34:36.994 18887 18887 I flutter : #5      StatefulElement.update (package:flutter/src/widgets/framework.dart:5991:55)
05-17 23:34:36.994 18887 18887 I flutter : #6      Element.updateChild (package:flutter/src/widgets/framework.dart:4037:15)
05-17 23:34:36.994 18887 18887 I flutter : #7      SingleChildRenderObjectElement.update (package:flutter/src/widgets/framework.dart:7122:14)
05-17 23:34:36.994 18887 18887 I flutter : #8      Element.updateChild (package:flutter/src/widgets/framework.dart:4037:15)
05-17 23:34:36.994 18887 18887 I flutter : #9      ComponentElement.performRebuild (package:flutter/src/widgets/framework.dart:5841:16)
05-17 23:34:36.994 18887 18887 I flutter : #10     StatefulElement.performRebuild (package:flutter/src/widgets/framework.dart:5982:11)
05-17 23:34:36.994 18887 18887 I flutter : #11     Element.rebuild (package:flutter/src/widgets/framework.dart:5529:7)
05-17 23:34:36.994 18887 18887 I flutter : #12     StatefulElement.update (package:flutter/src/widgets/framework.dart:6007:5)
05-17 23:34:36.994 18887 18887 I flutter : #13     Element.updateChild (package:flutter/src/widgets/framework.dart:4037:15)
05-17 23:34:36.994 18887 18887 I flutter : #14     ComponentElement.performRebuild (package:flutter/src/widgets/framework.dart:5841:16)
05-17 23:34:36.994 18887 18887 I flutter : #15     StatefulElement.performRebuild (package:flutter/src/widgets/framework.dart:5982:11)
05-17 23:34:36.994 18887 18887 I flutter : #16     Element.rebuild (package:flutter/src/widgets/framework.dart:5529:7)
05-17 23:34:36.994 18887 18887 I flutter : #17     StatefulElement.update (package:flutter/src/widgets/framework.dart:6007:5)
05-17 23:34:36.994 18887 18887 I flutter : #18     Element.updateChild (package:flutter/src/widgets/framework.dart:4037:15)
05-17 23:34:36.994 18887 18887 I flutter : #19     SingleChildRenderObjectElement.update (package:flutter/src/widgets/framework.dart:7122:14)
05-17 23:34:36.994 18887 18887 I flutter : #20     Element.updateChild (package:flutter/src/widgets/framework.dart:4037:15)
05-17 23:34:36.994 18887 18887 I flutter : #21     ComponentElement.performRebuild (package:flutter/src/widgets/framework.dart:5841:16)
05-17 23:34:36.994 18887 18887 I flutter : #22     StatefulElement.performRebuild (package:flutter/src/widgets/framework.dart:5982:11)
05-17 23:34:36.994 18887 18887 I flutter : #23     Element.rebuild (package:flutter/src/widgets/framework.dart:5529:7)
05-17 23:34:36.994 18887 18887 I flutter : #24     StatefulElement.update (package:flutter/src/widgets/framework.dart:6007:5)
05-17 23:34:36.994 18887 18887 I flutter : #25     Element.updateChild (package:flutter/src/widgets/framework.dart:4037:15)
05-17 23:34:36.994 18887 18887 I flutter : #26     SingleChildRenderObjectElement.update (package:flutter/src/widgets/framework.dart:7122:14)
05-17 23:34:36.994 18887 18887 I flutter : #27     Element.updateChild (package:flutter/src/widgets/framework.dart:4037:15)
05-17 23:34:36.994 18887 18887 I flutter : #28     SingleChildRenderObjectElement.update (package:flutter/src/widgets/framework.dart:7122:14)
05-17 23:34:36.994 18887 18887 I flutter : #29     Element.updateChild (package:flutter/src/widgets/framework.dart:4037:15)
05-17 23:34:36.994 18887 18887 I flutter : #30     SingleChildRenderObjectElement.update (package:flutter/src/widgets/framework.dart:7122:14)
05-17 23:34:36.994 18887 18887 I flutter : #31     Element.updateChild (package:flutter/src/widgets/framework.dart:4037:15)
05-17 23:34:36.994 18887 18887 I flutter : #32     ComponentElement.performRebuild (package:flutter/src/widgets/framework.dart:5841:16)
05-17 23:34:36.994 18887 18887 I flutter : #33     StatefulElement.performRebuild (package:flutter/src/widgets/framework.dart:5982:11)
05-17 23:34:36.994 18887 18887 I flutter : #34     Element.rebuild (package:flutter/src/widgets/framework.dart:5529:7)
05-17 23:34:36.994 18887 18887 I flutter : #35     BuildScope._tryRebuild (package:flutter/src/widgets/framework.dart:2750:15)
05-17 23:34:36.994 18887 18887 I flutter : #36     BuildScope._flushDirtyElements (package:flutter/src/widgets/framework.dart:2807:11)
05-17 23:34:36.994 18887 18887 I flutter : #37     BuildOwner.buildScope (package:flutter/src/widgets/framework.dart:3111:18)
05-17 23:34:36.994 18887 18887 I flutter : #38     _LayoutBuilderElement._rebuildWithConstraints (package:flutter/src/widgets/layout_builder.dart:270:12)
05-17 23:34:36.994 18887 18887 I flutter : #39     RenderAbstractLayoutBuilderMixin.layoutCallback (package:flutter/src/widgets/layout_builder.dart:333:38)
05-17 23:34:36.994 18887 18887 I flutter : #40     RenderObjectWithLayoutCallbackMixin.runLayoutCallback.<anonymous closure> (package:flutter/src/rendering/object.dart:4162:33)
05-17 23:34:36.994 18887 18887 I flutter : #41     RenderObject.invokeLayoutCallback.<anonymous closure> (package:flutter/src/rendering/object.dart:2887:17)
05-17 23:34:36.994 18887 18887 I flutter : #42     PipelineOwner._enableMutationsToDirtySubtrees (package:flutter/src/rendering/object.dart:1223:15)
05-17 23:34:36.994 18887 18887 I flutter : #43     RenderObject.invokeLayoutCallback (package:flutter/src/rendering/object.dart:2886:14)
05-17 23:34:36.994 18887 18887 I flutter : #44     RenderObjectWithLayoutCallbackMixin.runLayoutCallback (package:flutter/src/rendering/object.dart:4162:5)
05-17 23:34:36.994 18887 18887 I flutter : #45     _RenderLayoutBuilder.performLayout (package:flutter/src/widgets/layout_builder.dart:447:5)
05-17 23:34:36.994 18887 18887 I flutter : #46     RenderObject.layout (package:flutter/src/rendering/object.dart:2768:7)
05-17 23:34:36.994 18887 18887 I flutter : #47     MultiChildLayoutDelegate.layoutChild (package:flutter/src/rendering/custom_layout.dart:180:12)
05-17 23:34:36.994 18887 18887 I flutter : #48     _ScaffoldLayout.performLayout (package:flutter/src/material/scaffold.dart:1113:7)
05-17 23:34:36.994 18887 18887 I flutter : #49     MultiChildLayoutDelegate._callPerformLayout (package:flutter/src/rendering/custom_layout.dart:246:7)
05-17 23:34:36.994 18887 18887 I flutter : #50     RenderCustomMultiChildLayoutBox.performLayout (package:flutter/src/rendering/custom_layout.dart:417:14)
05-17 23:34:36.994 18887 18887 I flutter : #51     RenderObject._layoutWithoutResize (package:flutter/src/rendering/object.dart:2616:7)
05-17 23:34:36.994 18887 18887 I flutter : #52     PipelineOwner.flushLayout (package:flutter/src/rendering/object.dart:1174:18)
05-17 23:34:36.994 18887 18887 I flutter : #53     PipelineOwner.flushLayout (package:flutter/src/rendering/object.dart:1187:15)
05-17 23:34:36.994 18887 18887 I flutter : #54     RendererBinding.drawFrame (package:flutter/src/rendering/binding.dart:629:23)
05-17 23:34:36.994 18887 18887 I flutter : #55     WidgetsBinding.drawFrame (package:flutter/src/widgets/binding.dart:1304:13)
05-17 23:34:36.994 18887 18887 I flutter : #56     RendererBinding._handlePersistentFrameCallback (package:flutter/src/rendering/binding.dart:495:5)
05-17 23:34:36.994 18887 18887 I flutter : #57     SchedulerBinding._invokeFrameCallback (package:flutter/src/scheduler/binding.dart:1430:15)
05-17 23:34:36.994 18887 18887 I flutter : #58     SchedulerBinding.handleDrawFrame (package:flutter/src/scheduler/binding.dart:1345:9)
05-17 23:34:36.994 18887 18887 I flutter : #59     SchedulerBinding._handleDrawFrame (package:flutter/src/scheduler/binding.dart:1198:5)
05-17 23:34:36.994 18887 18887 I flutter : #60     _invoke (dart:ui/hooks.dart:356:13)
05-17 23:34:36.994 18887 18887 I flutter : #61     PlatformDispatcher._drawFrame (dart:ui/platform_dispatcher.dart:444:5)
05-17 23:34:36.994 18887 18887 I flutter : #62     _drawFrame (dart:ui/hooks.dart:328:31)
05-17 23:34:36.994 18887 18887 I flutter :
05-17 23:34:37.022 22446 22618 D PowerManagerService: displayReady: false groupId=0
05-17 23:34:37.022 22446 22618 D DisplayPowerController[0]: animateScreenStateChange: target=ON, mIsEnabled=true
05-17 23:34:37.022 22446 22618 D DisplayPowerController[1]: animateScreenStateChange: target=OFF, mIsEnabled=false
05-17 23:34:37.022 22446 22618 D PowerManagerService: displayReady: true groupId=0
05-17 23:34:37.025 18887 18887 W WindowOnBackDispatcher: sendCancelIfRunning: isInProgress=false callback=io.flutter.embedding.android.FlutterActivity$1@55bc8f
05-17 23:34:37.025 22446 25224 D CoreBackPreview: Window{159ac35 u0 com.tiarnanlarkin.danio/com.tiarnanlarkin.danio.MainActivity}: Setting back callback OnBackInvokedCallbackInfo{mCallback=android.window.IOnBackInvokedCallback$Stub$Proxy@4c84170, mPriority=-1, mIsAnimationCallback=false, mOverrideBehavior=0}
05-17 23:34:37.025 22446 25224 I WindowManager: Relayout Window{159ac35 u0 com.tiarnanlarkin.danio/com.tiarnanlarkin.danio.MainActivity}: viewVisibility=0 req=1080x2520 ty=1 d0
05-17 23:34:37.025 18887 18887 I BLASTBufferQueue_Java: update, w= 1080 h= 2520 mName = VRI[MainActivity]@12b063a mNativeObject= 0xb400007b3529d4d0 sc.mNativeObject= 0xb400007a65280050 format= -3 caller= android.view.ViewRootImpl.updateBlastSurfaceIfNeeded:3559 android.view.ViewRootImpl.relayoutWindow:11614 android.view.ViewRootImpl.performTraversals:4755 android.view.ViewRootImpl.doTraversal:3904 android.view.ViewRootImpl$TraversalRunnable.run:12819 android.view.Choreographer$CallbackRecord.run:1901
05-17 23:34:37.025 18887 18887 I VRI[MainActivity]@12b063a: Relayout returned: old=(0,0,1080,2520) new=(0,0,1080,2520) relayoutAsync=true req=(1080,2520)0 dur=0 res=0x0 s={true 0xb400007b952749e0} ch=false seqId=0
05-17 23:34:37.025 22446 25224 D SurfaceComposerClient: setCornerRadius ## 159ac35 com.tiarnanlarkin.danio/com.tiarnanlarkin.danio.MainActivity#43250 cornerRadius=0.000000
05-17 23:34:37.026 22446 25224 D SurfaceComposerClient: setCornerRadius ## 159ac35 com.tiarnanlarkin.danio/com.tiarnanlarkin.danio.MainActivity#43250 cornerRadius=0.000000
05-17 23:34:37.026 18887 18887 D FlutterJNI: Sending viewport metrics to the engine.
05-17 23:34:37.026 18887 18887 I VRI[MainActivity]@12b063a: registerCallbackForPendingTransactions
05-17 23:34:37.026 22446 25224 I WindowManager: Relayout hash=159ac35, pid=0, syncId=-1: mAttrs={(0,0)(fillxfill) sim={adjust=resize} layoutInDisplayCutoutMode=always ty=BASE_APPLICATION fmt=TRANSLUCENT wanim=0x1030001
05-17 23:34:37.026 22446 25224 I WindowManager:   fl=81810100
05-17 23:34:37.026 22446 25224 I WindowManager:   pfl=10008840
05-17 23:34:37.026 22446 25224 I WindowManager:   vsysui=2700
05-17 23:34:37.026 22446 25224 I WindowManager:   apr=8
05-17 23:34:37.026 22446 25224 I WindowManager:   bhv=1
05-17 23:34:37.026 22446 25224 I WindowManager:   fitSides=0
05-17 23:34:37.026 22446 25224 I WindowManager:   frameRateBoostOnTouch=true
05-17 23:34:37.026 22446 25224 I WindowManager:   dvrrWindowFrameRateHint=true naviIconColor=0}
05-17 23:34:37.026 18887 18942 I VRI[MainActivity]@12b063a: mWNT: t=0xb400007a752effd0 mBlastBufferQueue=0xb400007b3529d4d0 fn= 57 HdrRenderState mRenderHdrSdrRatio=1.0 caller= android.view.SyncRtSurfaceTransactionApplier.applyTransaction:100 android.view.SyncRtSurfaceTransactionApplier.lambda$scheduleApply$0:73 android.view.SyncRtSurfaceTransactionApplier.$r8$lambda$afI4fXg3U3-nBZQEDQMiNy-B06s:0
05-17 23:34:37.026 18887 18942 I VRI[MainActivity]@12b063a: mWNT: t=0xb400007a752f6c50 mBlastBufferQueue=0xb400007b3529d4d0 fn= 57 HdrRenderState mRenderHdrSdrRatio=1.0 caller= android.view.ViewRootImpl$10.onFrameDraw:6487 android.view.ViewRootImpl$4.onFrameDraw:2474 android.view.ThreadedRenderer$1.onFrameDraw:718
05-17 23:34:37.031 18887 18887 D FlutterJNI: Sending viewport metrics to the engine.
05-17 23:34:37.031 18887 18943 I VRI[MainActivity]@12b063a: mWNT: t=0xb400007a752892d0 mBlastBufferQueue=0xb400007b3529d4d0 fn= 58 HdrRenderState mRenderHdrSdrRatio=1.0 caller= android.view.SyncRtSurfaceTransactionApplier.applyTransaction:100 android.view.SyncRtSurfaceTransactionApplier.lambda$scheduleApply$0:73 android.view.SyncRtSurfaceTransactionApplier.$r8$lambda$afI4fXg3U3-nBZQEDQMiNy-B06s:0
05-17 23:34:37.051 18887 18887 I flutter : [ErrorBoundary] 🚨 ErrorBoundary caught: 'package:flutter/src/widgets/framework.dart': Failed assertion: line 6268 pos 12: '_dependents.isEmpty': is not true.
05-17 23:34:37.051 18887 18887 I flutter : #0      _AssertionError._doThrowNew (dart:core-patch/errors_patch.dart:67:4)
05-17 23:34:37.051 18887 18887 I flutter : #1      _AssertionError._throwNew (dart:core-patch/errors_patch.dart:49:5)
05-17 23:34:37.051 18887 18887 I flutter : #2      InheritedElement.debugDeactivated (package:flutter/src/widgets/framework.dart:6268:12)
05-17 23:34:37.051 18887 18887 I flutter : #3      _InactiveElements._deactivateRecursively.<anonymous closure> (package:flutter/src/widgets/framework.dart:2143:15)
05-17 23:34:37.061 18887 18887 D FlutterJNI: Sending viewport metrics to the engine.
05-17 23:34:37.061 18887 18942 I VRI[MainActivity]@12b063a: mWNT: t=0xb400007a7530e9d0 mBlastBufferQueue=0xb400007b3529d4d0 fn= 59 HdrRenderState mRenderHdrSdrRatio=1.0 caller= android.view.SyncRtSurfaceTransactionApplier.applyTransaction:100 android.view.SyncRtSurfaceTransactionApplier.lambda$scheduleApply$0:73 android.view.SyncRtSurfaceTransactionApplier.$r8$lambda$afI4fXg3U3-nBZQEDQMiNy-B06s:0
05-17 23:34:37.062 22446 22720 D VibrationThread: Playing vibration id 17136 on vibrator 0 CompleteEffectVibratorStep
05-17 23:34:37.062 22446 22720 D VibrationThread: Running complete vibration step on vibrator 0
05-17 23:34:37.062 22446 22720 D VibrationThread: Playing vibration id 17136 on vibrator 0 TurnOffVibratorStep
05-17 23:34:37.062 22446 22720 D VibrationThread: Turning off vibrator 0
05-17 23:34:37.062  1896  1896 E SecVibrator-HAL-AIDL-CORE: V_2_0: Vibrator off
05-17 23:34:37.063  1896  1896 E SecVibrator-HAL-AIDL-CORE: HW_API: do_off
05-17 23:34:37.063  1896  1896 E SecVibrator-HAL-AIDL-CORE: HW_API: [triggerForceFeedbackVibration]on: 0
05-17 23:34:37.063 22446 22720 D VibrationThread: Vibration 17136 finished with EndInfo{status=FINISHED, endedBy=null}
05-17 23:34:37.063 22446 22720 D VibrationThread: Playing vibration id 17136 FinishSequentialEffectStep (cleanup)
05-17 23:34:37.063 22446 22720 D VibrationThread: FinishSequentialEffectStep for effect #0
05-17 23:34:37.064 22446 22720 D VibratorManagerService: VibrationThread released vibration 17136
05-17 23:34:37.064 18887 18887 D FlutterJNI: Sending viewport metrics to the engine.
05-17 23:34:37.064 22446 22720 D VibratorManagerService: Finish AppOp mode VIBRATE for uid 10621 and package com.tiarnanlarkin.danio
05-17 23:34:37.064 22446 22720 D VibratorManagerService: Vibration for uid=10621 and with attrs=VibrationAttributes{mUsage=TOUCH, mAudioUsage= USAGE_UNKNOWN, mFlags=0, tags=} ended with status FINISHED
05-17 23:34:37.064 18887 18943 I VRI[MainActivity]@12b063a: mWNT: t=0xb400007a752bc410 mBlastBufferQueue=0xb400007b3529d4d0 fn= 60 HdrRenderState mRenderHdrSdrRatio=1.0 caller= android.view.SyncRtSurfaceTransactionApplier.applyTransaction:100 android.view.SyncRtSurfaceTransactionApplier.lambda$scheduleApply$0:73 android.view.SyncRtSurfaceTransactionApplier.$r8$lambda$afI4fXg3U3-nBZQEDQMiNy-B06s:0
05-17 23:34:37.069 22106 22129 I HYPER-HAL: [RequestManager.cpp]acquire(): Acquired ID : 766045543  [22109 / 17032]    HINT :      list : [UCLAMP_MIN_BOOST / 0] [TIMEOUT / 350] [TID / 18942] [TID / 18943] [TID / 18887] [TID / 18906]
05-17 23:34:37.078 18887 18887 D FlutterJNI: Sending viewport metrics to the engine.
05-17 23:34:37.078 18887 18942 I VRI[MainActivity]@12b063a: mWNT: t=0xb400007a752eb9d0 mBlastBufferQueue=0xb400007b3529d4d0 fn= 61 HdrRenderState mRenderHdrSdrRatio=1.0 caller= android.view.SyncRtSurfaceTransactionApplier.applyTransaction:100 android.view.SyncRtSurfaceTransactionApplier.lambda$scheduleApply$0:73 android.view.SyncRtSurfaceTransactionApplier.$r8$lambda$afI4fXg3U3-nBZQEDQMiNy-B06s:0
05-17 23:34:37.080 18887 18887 D FlutterJNI: Sending viewport metrics to the engine.
05-17 23:34:37.080 18887 18943 I VRI[MainActivity]@12b063a: mWNT: t=0xb400007a752f61d0 mBlastBufferQueue=0xb400007b3529d4d0 fn= 62 HdrRenderState mRenderHdrSdrRatio=1.0 caller= android.view.SyncRtSurfaceTransactionApplier.applyTransaction:100 android.view.SyncRtSurfaceTransactionApplier.lambda$scheduleApply$0:73 android.view.SyncRtSurfaceTransactionApplier.$r8$lambda$afI4fXg3U3-nBZQEDQMiNy-B06s:0
05-17 23:34:37.084  1916  1916 I SSC_DAEMON: handleSensorTestReqMsg:88, Sensor type :6, Msg type:5
05-17 23:34:37.089 18887 18887 D FlutterJNI: Sending viewport metrics to the engine.
05-17 23:34:37.090 18887 18942 I VRI[MainActivity]@12b063a: mWNT: t=0xb400007a752dc850 mBlastBufferQueue=0xb400007b3529d4d0 fn= 63 HdrRenderState mRenderHdrSdrRatio=1.0 caller= android.view.SyncRtSurfaceTransactionApplier.applyTransaction:100 android.view.SyncRtSurfaceTransactionApplier.lambda$scheduleApply$0:73 android.view.SyncRtSurfaceTransactionApplier.$r8$lambda$afI4fXg3U3-nBZQEDQMiNy-B06s:0
05-17 23:34:37.097 18887 18887 D FlutterJNI: Sending viewport metrics to the engine.
05-17 23:34:37.097 18887 18943 I VRI[MainActivity]@12b063a: mWNT: t=0xb400007a752aba10 mBlastBufferQueue=0xb400007b3529d4d0 fn= 64 HdrRenderState mRenderHdrSdrRatio=1.0 caller= android.view.SyncRtSurfaceTransactionApplier.applyTransaction:100 android.view.SyncRtSurfaceTransactionApplier.lambda$scheduleApply$0:73 android.view.SyncRtSurfaceTransactionApplier.$r8$lambda$afI4fXg3U3-nBZQEDQMiNy-B06s:0
05-17 23:34:37.106 18887 18887 D FlutterJNI: Sending viewport metrics to the engine.
05-17 23:34:37.106 18887 18942 I VRI[MainActivity]@12b063a: mWNT: t=0xb400007a752cb210 mBlastBufferQueue=0xb400007b3529d4d0 fn= 65 HdrRenderState mRenderHdrSdrRatio=1.0 caller= android.view.SyncRtSurfaceTransactionApplier.applyTransaction:100 android.view.SyncRtSurfaceTransactionApplier.lambda$scheduleApply$0:73 android.view.SyncRtSurfaceTransactionApplier.$r8$lambda$afI4fXg3U3-nBZQEDQMiNy-B06s:0
05-17 23:34:37.116  1916  1916 I SSC_DAEMON: handleSensorTestReqMsg:88, Sensor type :6, Msg type:5
05-17 23:34:37.116 18887 18887 D FlutterJNI: Sending viewport metrics to the engine.
05-17 23:34:37.117 18887 18943 I VRI[MainActivity]@12b063a: mWNT: t=0xb400007a752fd550 mBlastBufferQueue=0xb400007b3529d4d0 fn= 66 HdrRenderState mRenderHdrSdrRatio=1.0 caller= android.view.SyncRtSurfaceTransactionApplier.applyTransaction:100 android.view.SyncRtSurfaceTransactionApplier.lambda$scheduleApply$0:73 android.view.SyncRtSurfaceTransactionApplier.$r8$lambda$afI4fXg3U3-nBZQEDQMiNy-B06s:0
05-17 23:34:37.122 18887 18887 D FlutterJNI: Sending viewport metrics to the engine.
05-17 23:34:37.123 18887 18942 I VRI[MainActivity]@12b063a: mWNT: t=0xb400007a7530be10 mBlastBufferQueue=0xb400007b3529d4d0 fn= 67 HdrRenderState mRenderHdrSdrRatio=1.0 caller= android.view.SyncRtSurfaceTransactionApplier.applyTransaction:100 android.view.SyncRtSurfaceTransactionApplier.lambda$scheduleApply$0:73 android.view.SyncRtSurfaceTransactionApplier.$r8$lambda$afI4fXg3U3-nBZQEDQMiNy-B06s:0
05-17 23:34:37.130 18887 18887 D FlutterJNI: Sending viewport metrics to the engine.
05-17 23:34:37.131 18887 18943 I VRI[MainActivity]@12b063a: mWNT: t=0xb400007a752c5010 mBlastBufferQueue=0xb400007b3529d4d0 fn= 68 HdrRenderState mRenderHdrSdrRatio=1.0 caller= android.view.SyncRtSurfaceTransactionApplier.applyTransaction:100 android.view.SyncRtSurfaceTransactionApplier.lambda$scheduleApply$0:73 android.view.SyncRtSurfaceTransactionApplier.$r8$lambda$afI4fXg3U3-nBZQEDQMiNy-B06s:0
05-17 23:34:37.138 18887 18887 D FlutterJNI: Sending viewport metrics to the engine.
05-17 23:34:37.139 18887 18942 I VRI[MainActivity]@12b063a: mWNT: t=0xb400007a752fb090 mBlastBufferQueue=0xb400007b3529d4d0 fn= 69 HdrRenderState mRenderHdrSdrRatio=1.0 caller= android.view.SyncRtSurfaceTransactionApplier.applyTransaction:100 android.view.SyncRtSurfaceTransactionApplier.lambda$scheduleApply$0:73 android.view.SyncRtSurfaceTransactionApplier.$r8$lambda$afI4fXg3U3-nBZQEDQMiNy-B06s:0
05-17 23:34:37.147 18887 18887 D FlutterJNI: Sending viewport metrics to the engine.
05-17 23:34:37.147 18887 18943 I VRI[MainActivity]@12b063a: mWNT: t=0xb400007a752a7950 mBlastBufferQueue=0xb400007b3529d4d0 fn= 70 HdrRenderState mRenderHdrSdrRatio=1.0 caller= android.view.SyncRtSurfaceTransactionApplier.applyTransaction:100 android.view.SyncRtSurfaceTransactionApplier.lambda$scheduleApply$0:73 android.view.SyncRtSurfaceTransactionApplier.$r8$lambda$afI4fXg3U3-nBZQEDQMiNy-B06s:0
05-17 23:34:37.155 18887 18887 D FlutterJNI: Sending viewport metrics to the engine.
05-17 23:34:37.156 18887 18942 I VRI[MainActivity]@12b063a: mWNT: t=0xb400007a7526a8d0 mBlastBufferQueue=0xb400007b3529d4d0 fn= 71 HdrRenderState mRenderHdrSdrRatio=1.0 caller= android.view.SyncRtSurfaceTransactionApplier.applyTransaction:100 android.view.SyncRtSurfaceTransactionApplier.lambda$scheduleApply$0:73 android.view.SyncRtSurfaceTransactionApplier.$r8$lambda$afI4fXg3U3-nBZQEDQMiNy-B06s:0
05-17 23:34:37.156  1916  1916 I SSC_DAEMON: handleSensorTestReqMsg:88, Sensor type :6, Msg type:5
05-17 23:34:37.165 18887 18887 D FlutterJNI: Sending viewport metrics to the engine.
05-17 23:34:37.166 18887 18943 I VRI[MainActivity]@12b063a: mWNT: t=0xb400007a752e5450 mBlastBufferQueue=0xb400007b3529d4d0 fn= 72 HdrRenderState mRenderHdrSdrRatio=1.0 caller= android.view.SyncRtSurfaceTransactionApplier.applyTransaction:100 android.view.SyncRtSurfaceTransactionApplier.lambda$scheduleApply$0:73 android.view.SyncRtSurfaceTransactionApplier.$r8$lambda$afI4fXg3U3-nBZQEDQMiNy-B06s:0
05-17 23:34:37.173 18887 18887 D FlutterJNI: Sending viewport metrics to the engine.
05-17 23:34:37.175 18887 18942 I VRI[MainActivity]@12b063a: mWNT: t=0xb400007a7528ec10 mBlastBufferQueue=0xb400007b3529d4d0 fn= 73 HdrRenderState mRenderHdrSdrRatio=1.0 caller= android.view.SyncRtSurfaceTransactionApplier.applyTransaction:100 android.view.SyncRtSurfaceTransactionApplier.lambda$scheduleApply$0:73 android.view.SyncRtSurfaceTransactionApplier.$r8$lambda$afI4fXg3U3-nBZQEDQMiNy-B06s:0
05-17 23:34:37.181 18887 18887 D FlutterJNI: Sending viewport metrics to the engine.
05-17 23:34:37.183 18887 18943 I VRI[MainActivity]@12b063a: mWNT: t=0xb400007a75342c90 mBlastBufferQueue=0xb400007b3529d4d0 fn= 74 HdrRenderState mRenderHdrSdrRatio=1.0 caller= android.view.SyncRtSurfaceTransactionApplier.applyTransaction:100 android.view.SyncRtSurfaceTransactionApplier.lambda$scheduleApply$0:73 android.view.SyncRtSurfaceTransactionApplier.$r8$lambda$afI4fXg3U3-nBZQEDQMiNy-B06s:0
05-17 23:34:37.190 18887 18887 D FlutterJNI: Sending viewport metrics to the engine.
05-17 23:34:37.190 18887 18942 I VRI[MainActivity]@12b063a: mWNT: t=0xb400007a752aa190 mBlastBufferQueue=0xb400007b3529d4d0 fn= 75 HdrRenderState mRenderHdrSdrRatio=1.0 caller= android.view.SyncRtSurfaceTransactionApplier.applyTransaction:100 android.view.SyncRtSurfaceTransactionApplier.lambda$scheduleApply$0:73 android.view.SyncRtSurfaceTransactionApplier.$r8$lambda$afI4fXg3U3-nBZQEDQMiNy-B06s:0
05-17 23:34:37.192 22446 22799 E WifiStaIfaceAidlImpl: getCachedScanData failed with service-specific exception: android.os.ServiceSpecificException:  (code 4)
05-17 23:34:37.192  1916  1916 I SSC_DAEMON: handleSensorTestReqMsg:88, Sensor type :6, Msg type:5
05-17 23:34:37.194 22446 27495 D SemWifiUsabilityStatsMonitor: onWifiUsabilityStats - seqNum 28491, isSameBssidAndFreq true
