--------- beginning of main
05-17 23:55:40.148 22446 22819 D InetDiagMessage: Destroyed live tcp sockets for uids={10431} in 4ms
05-17 23:55:40.152 22446 22819 D InetDiagMessage: Destroyed 0 sockets, proto=IPPROTO_TCP, family=AF_INET, states=14
05-17 23:55:40.153 22446 22819 D InetDiagMessage: Destroyed 0 sockets, proto=IPPROTO_TCP, family=AF_INET6, states=14
05-17 23:55:40.153 22446 22819 D InetDiagMessage: Destroyed live tcp sockets for uids={20431} in 6ms
05-17 23:55:40.158 14657 10798 I Moneta::BuiltInDataObserverWorkerController: execute. tag(gallery)
05-17 23:55:40.158 14657 10798 I Moneta::BuiltInDataObserverWorkerController: enqueueBuiltInDataObserverWorker tag(gallery) delay:3000
--------- beginning of system
05-17 23:55:40.264 22446 22618 D PowerManagerService: displayReady: false groupId=0
05-17 23:55:40.264 22446 22618 D DisplayPowerController[0]: animateScreenStateChange: target=ON, mIsEnabled=true
05-17 23:55:40.265 22446 22618 D DisplayPowerController[1]: animateScreenStateChange: target=OFF, mIsEnabled=false
05-17 23:55:40.265 22446 22618 D PowerManagerService: displayReady: true groupId=0
05-17 23:55:40.464 22446 22618 D PowerManagerService: displayReady: false groupId=0
05-17 23:55:40.465 22446 22618 D DisplayPowerController[0]: animateScreenStateChange: target=ON, mIsEnabled=true
05-17 23:55:40.465 22446 22618 D DisplayPowerController[1]: animateScreenStateChange: target=OFF, mIsEnabled=false
05-17 23:55:40.465 22446 22618 D PowerManagerService: displayReady: true groupId=0
05-17 23:55:40.640 24611 24611 D WM-DelayedWorkTracker: Scheduling work bffc2cf9-d384-4af1-b3a7-661b9a583f2f
05-17 23:55:40.640 24611 24611 D WM-GreedyScheduler: Starting tracking for bffc2cf9-d384-4af1-b3a7-661b9a583f2f
05-17 23:55:40.642 24611 25264 D WM-ConstraintTracker: BatteryNotLowTracker: initial state = true
05-17 23:55:40.642 24611 25264 D WM-BrdcstRcvrCnstrntTrc: BatteryNotLowTracker: registering receiver
05-17 23:55:40.643 24611 25264 D WM-GreedyScheduler: Constraints met: Scheduling work ID WorkGenerationalId(workSpecId=bffc2cf9-d384-4af1-b3a7-661b9a583f2f, generation=0)
05-17 23:55:40.644 24611 25264 D WM-Processor: Processor: processing WorkGenerationalId(workSpecId=bffc2cf9-d384-4af1-b3a7-661b9a583f2f, generation=0)
05-17 23:55:40.647 24611 24611 D WM-WorkerWrapper: Starting work for com.android.providers.media.photopicker.sync.ProactiveSyncWorker
05-17 23:55:40.648 24611 29356 I PSyncWorker: Starting proactive picker sync from sync source: 1
05-17 23:55:40.648 24611 29356 I PickerSyncTracker: Created new sync future java.util.concurrent.CompletableFuture@952ff18[Not completed, 1 dependents]. Future map: {bffc2cf9-d384-4af1-b3a7-661b9a583f2f=java.util.concurrent.CompletableFuture@952ff18[Not completed, 1 dependents]}
05-17 23:55:40.649 24611 29356 D PickerSyncController: syncAllMediaFromProvider() LOCAL, auth=com.android.providers.media.photopicker, retry=true
05-17 23:55:40.649 24611 29356 D PickerSyncController: getSyncRequestParams() LOCAL, auth=com.android.providers.media.photopicker
05-17 23:55:40.659 24611 29356 D PickerSyncController:    Latest ID/Gen=c3db3cfd24b6c800:external_primary/74868
05-17 23:55:40.659 24611 29356 D PickerSyncController:    Cached ID/Gen=c3db3cfd24b6c800:external_primary/74859
05-17 23:55:40.659 24611 29356 D PickerSyncController:    RESULT=SyncRequestParams{type=MEDIA_INCREMENTAL, gen=74859, latest=Bundle[{last_media_sync_generation=74868, media_collection_id=c3db3cfd24b6c800:external_primary}], pageSize=1000}
05-17 23:55:40.659 24611 29356 I PickerSyncController: Executing SyncAdd. isLocal: true. authority: com.android.providers.media.photopicker
05-17 23:55:40.659 24611 29356 D PickerSyncLockManager: Trying to acquire lock com.android.providers.media.photopicker.sync.CloseableReentrantLock@e22690c[Unlocked]. Lock Name = CLOUD_PROVIDER_LOCK. Threads that may be waiting to acquire this lock = [] with timeout.
05-17 23:55:40.659 24611 29356 D CloseableReentrantLock: Successfully acquired lock com.android.providers.media.photopicker.sync.CloseableReentrantLock@e22690c[Locked by thread pool-5-thread-129]. Lock Name = CLOUD_PROVIDER_LOCK. Threads that may be waiting to acquire this lock = []
05-17 23:55:40.659 24611 29356 D CloseableReentrantLock: Successfully released lock com.android.providers.media.photopicker.sync.CloseableReentrantLock@e22690c[Unlocked]. Lock Name = CLOUD_PROVIDER_LOCK. Threads that may be waiting to acquire this lock = []
05-17 23:55:40.659 24611 29356 D ExternalDbFacade: Token received for queryMedia = null
05-17 23:55:40.665 22446 22618 D PowerManagerService: displayReady: false groupId=0
05-17 23:55:40.665 22446 22618 D DisplayPowerController[0]: animateScreenStateChange: target=ON, mIsEnabled=true
05-17 23:55:40.665 24611 29356 D PickerSyncLockManager: Trying to acquire lock com.android.providers.media.photopicker.sync.CloseableReentrantLock@e22690c[Unlocked]. Lock Name = CLOUD_PROVIDER_LOCK. Threads that may be waiting to acquire this lock = [] with timeout.
05-17 23:55:40.665 24611 29356 D CloseableReentrantLock: Successfully acquired lock com.android.providers.media.photopicker.sync.CloseableReentrantLock@e22690c[Locked by thread pool-5-thread-129]. Lock Name = CLOUD_PROVIDER_LOCK. Threads that may be waiting to acquire this lock = []
05-17 23:55:40.665 24611 29356 D PickerSyncController: Saving next page token: 1779058539000|10894 for key: local_provider:media_add:resume
05-17 23:55:40.665 24611 29356 D CloseableReentrantLock: Successfully released lock com.android.providers.media.photopicker.sync.CloseableReentrantLock@e22690c[Unlocked]. Lock Name = CLOUD_PROVIDER_LOCK. Threads that may be waiting to acquire this lock = []
05-17 23:55:40.665 22446 22618 D DisplayPowerController[1]: animateScreenStateChange: target=OFF, mIsEnabled=false
05-17 23:55:40.666 22446 22618 D PowerManagerService: displayReady: true groupId=0
05-17 23:55:40.666 22446 24634 D SyncManager: userId - 0 auto - true
05-17 23:55:40.666 22446 24634 D SyncManager: userId - 0 auto - true
05-17 23:55:40.666 24611 29356 D PickerNotificationSender: Sending a notification for media update
05-17 23:55:40.666 22446 24634 D SyncManager: userId - 0 auto - true
05-17 23:55:40.667 22446 24634 D SyncManager: userId - 0 auto - true
05-17 23:55:40.667 24611 29356 D PickerNotificationSender: Sending a notification for merged album media update Favorites
05-17 23:55:40.667 24611 29356 D PickerNotificationSender: Sending a notification for album media update Favorites
05-17 23:55:40.667 22446 24634 D SyncManager: userId - 0 auto - true
05-17 23:55:40.667 22446 24634 D SyncManager: userId - 0 auto - true
05-17 23:55:40.667 24611 29356 D PickerNotificationSender: Sending a notification for merged album media update Videos
05-17 23:55:40.667 24611 29356 D PickerNotificationSender: Sending a notification for album media update Videos
05-17 23:55:40.667 22446 24634 D SyncManager: userId - 0 auto - true
05-17 23:55:40.668 22446 24634 D SyncManager: userId - 0 auto - true
05-17 23:55:40.668 24611 29356 D ExternalDbFacade: Token received for queryMedia = 1779058539000|10894
05-17 23:55:40.672 24611 29356 D PickerSyncLockManager: Trying to acquire lock com.android.providers.media.photopicker.sync.CloseableReentrantLock@e22690c[Unlocked]. Lock Name = CLOUD_PROVIDER_LOCK. Threads that may be waiting to acquire this lock = [] with timeout.
05-17 23:55:40.672 24611 29356 D CloseableReentrantLock: Successfully acquired lock com.android.providers.media.photopicker.sync.CloseableReentrantLock@e22690c[Locked by thread pool-5-thread-129]. Lock Name = CLOUD_PROVIDER_LOCK. Threads that may be waiting to acquire this lock = []
05-17 23:55:40.672 24611 29356 D PickerSyncController: Clearing next page token for key: local_provider:media_add:resume
05-17 23:55:40.672 24611 29356 D CloseableReentrantLock: Successfully released lock com.android.providers.media.photopicker.sync.CloseableReentrantLock@e22690c[Unlocked]. Lock Name = CLOUD_PROVIDER_LOCK. Threads that may be waiting to acquire this lock = []
05-17 23:55:40.672 24611 29356 D PickerNotificationSender: Sending a notification for media update
05-17 23:55:40.672 22446 24634 D SyncManager: userId - 0 auto - true
05-17 23:55:40.672 22446 24634 D SyncManager: userId - 0 auto - true
05-17 23:55:40.672 24611 29356 D PickerNotificationSender: Sending a notification for merged album media update Favorites
05-17 23:55:40.672 24611 29356 D PickerNotificationSender: Sending a notification for album media update Favorites
05-17 23:55:40.672 22446 24634 D SyncManager: userId - 0 auto - true
05-17 23:55:40.673 22446 24634 D SyncManager: userId - 0 auto - true
05-17 23:55:40.673 24611 29356 D PickerNotificationSender: Sending a notification for merged album media update Videos
05-17 23:55:40.673 24611 29356 D PickerNotificationSender: Sending a notification for album media update Videos
05-17 23:55:40.673 22446 23433 D SyncManager: userId - 0 auto - true
05-17 23:55:40.673 22446 23433 D SyncManager: userId - 0 auto - true
05-17 23:55:40.673 24611 29356 I PickerSyncController: Paged sync successful. QueryArgs: Bundle[{android.provider.extra.PAGE_TOKEN=1779058539000|10894, android.provider.extra.SYNC_GENERATION=74859, android.provider.extra.PAGE_SIZE=1000}] Total Rows: 1
05-17 23:55:40.673 24611 29356 I PickerSyncController: Executing SyncRemove. isLocal: true. authority: com.android.providers.media.photopicker
05-17 23:55:40.673 24611 29356 D PickerSyncLockManager: Trying to acquire lock com.android.providers.media.photopicker.sync.CloseableReentrantLock@e22690c[Unlocked]. Lock Name = CLOUD_PROVIDER_LOCK. Threads that may be waiting to acquire this lock = [] with timeout.
05-17 23:55:40.673 24611 29356 D CloseableReentrantLock: Successfully acquired lock com.android.providers.media.photopicker.sync.CloseableReentrantLock@e22690c[Locked by thread pool-5-thread-129]. Lock Name = CLOUD_PROVIDER_LOCK. Threads that may be waiting to acquire this lock = []
05-17 23:55:40.673 24611 29356 D CloseableReentrantLock: Successfully released lock com.android.providers.media.photopicker.sync.CloseableReentrantLock@e22690c[Unlocked]. Lock Name = CLOUD_PROVIDER_LOCK. Threads that may be waiting to acquire this lock = []
05-17 23:55:40.674 24611 29356 D PickerSyncLockManager: Trying to acquire lock com.android.providers.media.photopicker.sync.CloseableReentrantLock@e22690c[Unlocked]. Lock Name = CLOUD_PROVIDER_LOCK. Threads that may be waiting to acquire this lock = [] with timeout.
05-17 23:55:40.674 24611 29356 D CloseableReentrantLock: Successfully acquired lock com.android.providers.media.photopicker.sync.CloseableReentrantLock@e22690c[Locked by thread pool-5-thread-129]. Lock Name = CLOUD_PROVIDER_LOCK. Threads that may be waiting to acquire this lock = []
05-17 23:55:40.674 24611 29356 D PickerSyncController: Clearing next page token for key: local_provider:media_remove:resume
05-17 23:55:40.674 24611 29356 D CloseableReentrantLock: Successfully released lock com.android.providers.media.photopicker.sync.CloseableReentrantLock@e22690c[Unlocked]. Lock Name = CLOUD_PROVIDER_LOCK. Threads that may be waiting to acquire this lock = []
05-17 23:55:40.674 24611 29356 D PickerNotificationSender: Sending a notification for media update
05-17 23:55:40.675 22446 23433 D SyncManager: userId - 0 auto - true
05-17 23:55:40.675 22446 23433 D SyncManager: userId - 0 auto - true
05-17 23:55:40.675 24611 29356 D PickerNotificationSender: Sending a notification for merged album media update Favorites
05-17 23:55:40.675 24611 29356 D PickerNotificationSender: Sending a notification for album media update Favorites
05-17 23:55:40.675 22446 23433 D SyncManager: userId - 0 auto - true
05-17 23:55:40.675 22446 23433 D SyncManager: userId - 0 auto - true
05-17 23:55:40.675 24611 29356 D PickerNotificationSender: Sending a notification for merged album media update Videos
05-17 23:55:40.675 24611 29356 D PickerNotificationSender: Sending a notification for album media update Videos
05-17 23:55:40.675 22446 23433 D SyncManager: userId - 0 auto - true
05-17 23:55:40.676 22446 23433 D SyncManager: userId - 0 auto - true
05-17 23:55:40.676 24611 29356 I PickerSyncController: Paged sync successful. QueryArgs: Bundle[{android.provider.extra.PAGE_TOKEN=1779058539000|10894, android.provider.extra.SYNC_GENERATION=74859, android.provider.extra.PAGE_SIZE=1000}] Total Rows: 0
05-17 23:55:40.676 24611 29356 I PickerSyncTracker: Marked sync future complete for work id: bffc2cf9-d384-4af1-b3a7-661b9a583f2f. Future map: {}
05-17 23:55:40.676 24611 29356 I PSyncWorker: Completed picker proactive sync complete from local provider.
05-17 23:55:40.676 24611 25272 I WM-WorkerWrapper: Worker result SUCCESS for Work [ id=bffc2cf9-d384-4af1-b3a7-661b9a583f2f, tags={ com.android.providers.media.photopicker.sync.ProactiveSyncWorker } ]
05-17 23:55:40.676 24611 24611 D WM-Processor: Processor bffc2cf9-d384-4af1-b3a7-661b9a583f2f executed; reschedule = false
05-17 23:55:40.676 24611 24611 D WM-GreedyScheduler: Stopping tracking for WorkGenerationalId(workSpecId=bffc2cf9-d384-4af1-b3a7-661b9a583f2f, generation=0)
05-17 23:55:40.678 24611 25272 D WM-GreedyScheduler: Cancelling work ID bffc2cf9-d384-4af1-b3a7-661b9a583f2f
05-17 23:55:40.679 24611 25272 D WM-GreedyScheduler: Ignoring {WorkSpec: e23269f0-88c3-478a-9aaa-e552f82e3c4a}. Requires device idle.
05-17 23:55:40.679 24611 25272 D WM-GreedyScheduler: Ignoring {WorkSpec: a9a04212-50a0-4259-a0d7-7e1b8f99da3b}. Requires device idle.
05-17 23:55:40.679 24611 25272 D WM-GreedyScheduler: Ignoring {WorkSpec: db5f894f-89ba-4408-859f-c835d321acfb}. Requires device idle.
05-17 23:55:40.679 24611 25272 D WM-BrdcstRcvrCnstrntTrc: BatteryNotLowTracker: unregistering receiver
05-17 23:55:40.865 22446 22618 D PowerManagerService: displayReady: false groupId=0
05-17 23:55:40.866 22446 22618 D DisplayPowerController[0]: animateScreenStateChange: target=ON, mIsEnabled=true
05-17 23:55:40.866 22446 22618 D DisplayPowerController[1]: animateScreenStateChange: target=OFF, mIsEnabled=false
05-17 23:55:40.866 22446 22618 D PowerManagerService: displayReady: true groupId=0
05-17 23:55:41.047 22113 22557 I thermal_core: pivot(AP) : 341, skin : 346
05-17 23:55:41.047 22113 22557 I vendor.samsung.hardware.thermal-service: index = -7.800000
05-17 23:55:41.048 22113 22557 I vendor.samsung.hardware.thermal-service: 1 / 10
05-17 23:55:41.067 22446 22618 D PowerManagerService: displayReady: false groupId=0
05-17 23:55:41.067 22446 22618 D DisplayPowerController[0]: animateScreenStateChange: target=ON, mIsEnabled=true
05-17 23:55:41.067 22446 22618 D DisplayPowerController[1]: animateScreenStateChange: target=OFF, mIsEnabled=false
05-17 23:55:41.067 22446 22618 D PowerManagerService: displayReady: true groupId=0
05-17 23:55:41.202  1083  1083 D io_stats: !@   8,0 r 29573485 833542844 w 7219990 134673828 d 1124396 238057284 f 116365 402385 iot 2470788 0 th 0 0 0 pt 0 inp 0 0 114235.602
05-17 23:55:41.202  1083  1083 D io_stats: !@ Read_top(KB): c.android.sdhms:normal(24930) 1680 rs.media.module:high(24611) 204 providers.media:low(28309) 172
05-17 23:55:41.202  1083  1083 D io_stats: !@ Write_top(KB): f2fs_ckpt-254:6:/(1411) 800 c.android.sdhms:normal(24930) 716 kworker/4:3:/(28550) 644
05-17 23:55:41.202  1083  1083 D io_stats: !@ fuse-log: WORST (2000 35 5 1 5) (0 18 0 3 0) (2000 1 0 1 0) TOTAL_LATENCY (2000 5 35 5 1 1 0 1 25 0 3) (0 0 18 0 3) (10066 0 3 0 1 14 0 2 25 0 2) TOTAL_CNT (10066 8 14 2 25 2 63 2) (2000 6 25 3 1 1 35 1) (0 3 18 3)
05-17 23:55:41.268 22446 22618 D PowerManagerService: displayReady: false groupId=0
05-17 23:55:41.268 22446 22618 D DisplayPowerController[0]: animateScreenStateChange: target=ON, mIsEnabled=true
05-17 23:55:41.269 22446 22618 D DisplayPowerController[1]: animateScreenStateChange: target=OFF, mIsEnabled=false
05-17 23:55:41.269 22446 22618 D PowerManagerService: displayReady: true groupId=0
05-17 23:55:41.349  1812  2606 I sensors-hal: handle_sns_std_sensor_event:90, light_cct: ts = 176324804615709 ns; value = [360, 360, 126, 153, 441, 408, 220, 6, 65664, 0, 1]
05-17 23:55:41.380 14101 14101 I wpa_supplicant: Heartbeat 442
05-17 23:55:41.469 22446 22618 D PowerManagerService: displayReady: false groupId=0
05-17 23:55:41.469 22446 22618 D DisplayPowerController[0]: animateScreenStateChange: target=ON, mIsEnabled=true
05-17 23:55:41.469 22446 22618 D DisplayPowerController[1]: animateScreenStateChange: target=OFF, mIsEnabled=false
05-17 23:55:41.469 22446 22618 D PowerManagerService: displayReady: true groupId=0
05-17 23:55:41.537 22446 22799 E WifiStaIfaceAidlImpl: getCachedScanData failed with service-specific exception: android.os.ServiceSpecificException:  (code 4)
05-17 23:55:41.540 22446 27495 D SemWifiUsabilityStatsMonitor: onWifiUsabilityStats - seqNum 28910, isSameBssidAndFreq true
05-17 23:55:41.542 23916 23987 I HoneySpace.StatusIconTracker: invokeEvent() called with: event = Wifi(visible=true, resId=2131236016, activityId=2131236042)
05-17 23:55:41.544 22446 22924 I SemWifiLinkQualityMonitor: Link stat: 61 / 1 / 2.00 (2) / 5187 / -43.0 || 100.0 : 5187.00 / 0.5 : 0.50 / G (B) || fe7926386295: 0.223 / 35.925 / N || N N / 0 0 / N 2.0 / N X 2 / 114235940 0 || 2026-05-17 23:55:41  / 0: 0 0 0 0 0 0 / 0: 0 0 0 0 0 0 / 0: 0 0 0 0 0 0
05-17 23:55:41.544 22446 22925 D InsDataManager: onOutageCountUpdate() - Outage Data: 0, LQ : N. Outage Triggered: false
05-17 23:55:41.545 22446 22925 D SemInsManager: {"bssid": "fe7926386295","rssi": -43.0,"latency": 0.22268463466358202,"outage_count": 0,"lq_callback_triggered": false,"outage_log": "Link stat: 61 / 1 / 2.00 (2) / 5187 / -43.0 || 100.0 : 5187.00 / 0.5 : 0.50 / G (B) || fe7926386295: 0.223 / 35.925 / N || N N / 0 0 / N 2.0 / N X 2 / 114235940 0 || 2026-05-17 23:55:41  / 0: 0 0 0 0 0 0 / 0: 0 0 0 0 0 0 / 0: 0 0 0 0 0 0""Magnetic Sensor Events size": "0""Pressure Sensor Events size": "0"}
05-17 23:55:41.546 22446 22942 D SGM:GameManager: identifyGamePackage. com.tiarnanlarkin.danio, mCurrentUserId: 0, callingMethodInfo: com.samsung.android.game.SemGameManager.isGamePackage(SemGameManager.java:105)
05-17 23:55:41.546 22446 22942 D SGM:SemGameManager: isGamePackage(), pkgName=com.tiarnanlarkin.danio, ret=false
05-17 23:55:41.612  1871  1954 E BatteryDump: !@new_battery_dump : 3845,836,1100,3100,29,294,288,339,294,0,348,339,297,Charging,NO_CHARGING,Normal,Good,PDIC,0,Normal,0,0,10494,0x8000,0x10010000,0x0,0,0,419,v0004,0,1/1-5000-0-3000,0000,0000,00000000,3845,3862,0,385,451,0,233,0,293,990,0,
05-17 23:55:41.613 22446 23433 D [SS]BattFunctions: [sendRemainingChargingTimeChangedIntent]remainingChargingTime:10189 ,mLastRemainingChargingTime:10204
05-17 23:55:41.613 22113 22113 I seh_thermal_service: getTemperaturesWithType SehTemperatureType: 3
05-17 23:55:41.613 22446 29032 V [SS]SleepChargingTimeController: [isActivated]mSleepChargingStatus isNowSessionTime False => false
05-17 23:55:41.613  1871  1871 I sehhealth-service: updateLrpSysfs: write: 346
05-17 23:55:41.614 23268 23268 I AODBatteryManager: updateBatteryData: ACTION_BATTERY_CHANGED: false, isSleepModeChanged:false ,isRemainingTimeChanged: true, isUSBRestriction: false
05-17 23:55:41.614 23268 23268 I ChargingInfoManager: updateChargingInfo: newState = AOD ChargingInfo [mState=BATTERY_AND_REMAIN_TIME, mIsCharging=true, mIsPlugged=true, mIsFullyCharged=false, mIsBatteryProtectMode=false, mBetteryLevel=29, mBetteryProtectModeType4, mIsSlowChargingfalse], oldState = AOD ChargingInfo [mState=BATTERY_AND_REMAIN_TIME, mIsCharging=true, mIsPlugged=true, mIsFullyCharged=false, mIsBatteryProtectMode=false, mBetteryLevel=29, mBetteryProtectModeType4, mIsSlowChargingfalse]
05-17 23:55:41.614 23268 23268 D PowerUI : Remaining charging time : 10189
05-17 23:55:41.614 23268 23268 D PowerUI : Charging time is changed, check charging notification
05-17 23:55:41.615 23268 23268 D PowerUI.Notification: showChargingNotice - Battery Level : 29 -> 29, Charging Type : 11 -> 11, Charging Time : 10204 -> 10189, Maximum protection : false -> false, Maximum threshold : 80 -> 80
05-17 23:55:41.616 23268 23268 I NotificationManager: com.android.systemui: notify(2131364000, charging_state, Notification(channel=CHR shortcut=null contentView=null vibrate=null sound=null defaults=0 flags=ONGOING_EVENT|ONLY_ALERT_ONCE color=0x00000000 category=sys groupKey=CHARGING vis=PUBLIC semFlags=0x0 semPriority=0 semMissedCount=0)) as user
05-17 23:55:41.616 22446 23433 E NotificationService: notification real name Exception
05-17 23:55:41.616 22446 23433 E NotificationService: java.lang.NullPointerException: Attempt to invoke virtual method 'boolean com.android.server.notification.sec.NotificationRealNamePolicy.checkAllowedNotification(android.service.notification.StatusBarNotification)' on a null object reference
05-17 23:55:41.616 22446 23433 E NotificationService: 	at com.android.server.notification.NotificationManagerService.enqueueNotificationInternal(qb/108023582 999c05e5e863f5a91343e9c689fb95844edbcca50f200155ef5f15f7dea487dc:124)
05-17 23:55:41.616 22446 23433 E NotificationService: 	at com.android.server.notification.NotificationManagerService.enqueueNotificationInternal(qb/108023582 999c05e5e863f5a91343e9c689fb95844edbcca50f200155ef5f15f7dea487dc:2)
05-17 23:55:41.616 22446 23433 E NotificationService: 	at com.android.server.notification.NotificationManagerService$17.enqueueNotificationWithTag(qb/108023582 999c05e5e863f5a91343e9c689fb95844edbcca50f200155ef5f15f7dea487dc:97)
05-17 23:55:41.616 22446 23433 E NotificationService: 	at android.app.INotificationManager$Stub.onTransact(INotificationManager.java:2027)
05-17 23:55:41.616 22446 23433 E NotificationService: 	at android.os.Binder.execTransactInternal(Binder.java:1462)
05-17 23:55:41.616 22446 23433 E NotificationService: 	at android.os.Binder.execTransact(Binder.java:1401)
05-17 23:55:41.616 22446 23433 W PermissionService: getPermissionFlags: Unknown user -1
05-17 23:55:41.617 22446 23433 W PermissionService: getPermissionFlags: Unknown user -1
05-17 23:55:41.652 22446 24301 I NSLocationMonitor: getGPSUsingApps() called
05-17 23:55:41.653 24310  2497 I NSLocationManager_FLP: getGPSUsingApps, No change
05-17 23:55:41.657 22446 24301 D FreecessHandler: freeze com.instagram.android(10505) result : 18
05-17 23:55:41.670 22446 22618 D PowerManagerService: displayReady: false groupId=0
05-17 23:55:41.670 22446 22618 D DisplayPowerController[0]: animateScreenStateChange: target=ON, mIsEnabled=true
05-17 23:55:41.670 22446 22618 D DisplayPowerController[1]: animateScreenStateChange: target=OFF, mIsEnabled=false
05-17 23:55:41.670 22446 22618 D PowerManagerService: displayReady: true groupId=0
05-17 23:55:41.724 27044  4919 I SCS@AiSearch user 0: (BaseCollector::GALLERY) doesDataKeepChanging: postpone count: 0 - source count: very first = 1857, previous = 1857, current = 1857
05-17 23:55:41.724 27044  4919 I SCS@AiSearch user 0: (BaseCollector::GALLERY) [GALLERY-0] entering in collectChanges():
05-17 23:55:41.736 27044  4919 I SCS@AiSearch user 0: (BaseCollector::GALLERY) fetchInternal values : maxSyncId: 2147486713 indexCount: 1857 sourceCount: 1857
05-17 23:55:41.758 27044  4919 I SCS@AiSearch user 0: (IndexManager) [GALLERY-0] entering in addIndex():
05-17 23:55:41.759 27044  4919 I SCS@AiSearch user 0: (BaseCollector::GALLERY) fetch: fetching took  27 ms
05-17 23:55:41.759 27044  4919 I SCS@AiSearch user 0: (BaseCollector::GALLERY) fetchChanges: applied 0 items
05-17 23:55:41.759 27044  4919 I SCS@AiSearch user 0: (BaseCollector::GALLERY) Collect finished. Result: true
05-17 23:55:41.759 27044  4919 I SCS@AiSearch user 0: (BaseCollector::GALLERY) enqueue ObserverWorker name: com.google.android.providers.media, policy: APPEND_OR_REPLACE
05-17 23:55:41.759 27044 27167 I WM-WorkerWrapper: Worker result SUCCESS for Work [ id=c985ebd1-1363-42c7-a601-a40821d9900d, tags={ com.google.android.providers.media, com.samsung.android.scs.ai.search.data.collector.base.ObserverWorker } ]
05-17 23:55:41.761 22446 24634 I ActivityManager: Changes in 10120 8 to 10, 128 to 0
05-17 23:55:41.761 22446 24634 I ActivityManager: Changes in 10066 8 to 10, 128 to 0
05-17 23:55:41.761 22446 24634 I ActivityManager: Changes in 5004 8 to 10, 128 to 0
05-17 23:55:41.764 22446 24634 D PackageManager: setEnabledSetting : userId = 0 packageName = com.samsung.android.scs cmp = androidx.work.impl.background.systemalarm.RescheduleReceiver newState = 1 callingPackage = com.samsung.android.scs
05-17 23:55:41.764 22446 24634 D ApplicationPolicy: getApplicationStateEnabled : pkg = com.samsung.android.scs userId : 0
05-17 23:55:41.764 22446 24634 D ApplicationPolicy: getApplicationComponentState : pkg = com.samsung.android.scs userId : 0
05-17 23:55:41.764 27044 27167 W JobInfo : Requested important-while-foreground flag for job113470 is ignored and takes no effect
05-17 23:55:41.765 27044 27044 I SCS@AiSearch user 0: (SearchProvider) onTrimMemory(): 40
05-17 23:55:41.765 27454 27454 I CMHApplication: [#CMH#] Block to verify, Change Trim Memory Level: 40
05-17 23:55:41.819 22446 22446 I Telecom : SamsungTelecomServiceImpl : isInManagedCall - callingPackage : android / callingUser : UserHandle{0} / hasCrossUserAccess : true
05-17 23:55:41.831 23916 27231 I HoneySpace.NotificationListener: onNotificationPosted com.android.systemui: -1|com.android.systemui|2131364000|charging_state|10049: 0
05-17 23:55:41.831 23916 27231 I HoneySpace.NotificationListener: invalid notification: com.android.systemui UserHandle{-1}: canShowBadge is false
05-17 23:55:41.832 23916 23916 I HoneySpace.LargeFolderOperator: updateMoreIconBadgeCount 0  [id:71638] [title:Financial] [color:-421552820] [items:27] [container:0]
05-17 23:55:41.838 23268 23268 I LockscreenNotificationIconsOnlyController: onNotificationInfoUpdated 11
05-17 23:55:41.840 23268 23268 I AODNotificationManager: updateNotification()
05-17 23:55:41.870 22446 22618 D PowerManagerService: displayReady: false groupId=0
05-17 23:55:41.870 22446 22618 D DisplayPowerController[0]: animateScreenStateChange: target=ON, mIsEnabled=true
05-17 23:55:41.871 22446 22618 D DisplayPowerController[1]: animateScreenStateChange: target=OFF, mIsEnabled=false
05-17 23:55:41.871 22446 22618 D PowerManagerService: displayReady: true groupId=0
05-17 23:55:42.031 23268 23268 D Bubbles : onEntryUpdated : shouldBubbleUp=false ,key=-1|com.android.systemui|2131364000|charging_state|10049
05-17 23:55:42.031 23268 23268 I {OngoingActivityController}: onEntryUpdated and OA data is empty. So update latest task info
05-17 23:55:42.039 23268 23268 W RefactorFlag: New code path expects SceneContainerFlag to be enabled.
05-17 23:55:42.039 23268 23268 D ExpandableNotifRow: mMaxSmallHeight different before reInflateViews mMaxSmallHeight: 245 mTempSmallHeight:0 -1|com.android.systemui|2131364000|charging_state|10049
05-17 23:55:42.039 23268 23268 D ExpandableNotifRow: mMaxSmallHeight different before reInflateViews mMaxSmallHeight: 245 mTempSmallHeight:0 -1|com.android.systemui|2131364000|charging_state|10049
05-17 23:55:42.041 23268 23268 I LockscreenNotificationIconsOnlyController: onNotificationInfoUpdated 11
05-17 23:55:42.043 23268 23268 I AODNotificationManager: updateNotification()
05-17 23:55:42.045 23268 23959 D LocalImageResolver: Couldn't use ImageDecoder for drawable, falling back to non-resized load.
05-17 23:55:42.045 23268 23959 D LocalImageResolver: Couldn't use ImageDecoder for drawable, falling back to non-resized load.
05-17 23:55:42.046 23268 23268 D LocalImageResolver: Couldn't use ImageDecoder for drawable, falling back to non-resized load.
05-17 23:55:42.050 22113 22557 I thermal_core: pivot(AP) : 339, skin : 346
05-17 23:55:42.050 22113 22557 I vendor.samsung.hardware.thermal-service: index = -7.400000
05-17 23:55:42.050 22113 22557 I vendor.samsung.hardware.thermal-service: 2 / 10
05-17 23:55:42.051 23268 23268 W RefactorFlag: New code path expects SceneContainerFlag to be enabled.
05-17 23:55:42.056 23268 23268 D ExpandableNotifRow: mMaxSmallHeight different before reInflateViews mMaxSmallHeight: 245 mTempSmallHeight:0 -1|com.android.systemui|2131364000|charging_state|10049
05-17 23:55:42.056 23268 23268 D ExpandableNotifRow: mMaxSmallHeight different before reInflateViews mMaxSmallHeight: 245 mTempSmallHeight:0 -1|com.android.systemui|2131364000|charging_state|10049
05-17 23:55:42.057 23268 23268 D ExpandableNotifRow: mMaxSmallHeight different before reInflateViews mMaxSmallHeight: 245 mTempSmallHeight:0 -1|com.android.systemui|2131364000|charging_state|10049
05-17 23:55:42.057 23268 23268 D ExpandableNotifRow: mMaxSmallHeight different before reInflateViews mMaxSmallHeight: 245 mTempSmallHeight:0 -1|com.android.systemui|2131364000|charging_state|10049
05-17 23:55:42.061 23268 23268 D LocalImageResolver: Couldn't use ImageDecoder for drawable, falling back to non-resized load.
05-17 23:55:42.064 23268 23268 W RefactorFlag: New code path expects SceneContainerFlag to be enabled.
05-17 23:55:42.064 23268 23268 D ExpandableNotifRow: mMaxSmallHeight different before reInflateViews mMaxSmallHeight: 245 mTempSmallHeight:0 -1|com.android.systemui|2131364000|charging_state|10049
05-17 23:55:42.064 23268 23268 D ExpandableNotifRow: mMaxSmallHeight different before reInflateViews mMaxSmallHeight: 245 mTempSmallHeight:0 -1|com.android.systemui|2131364000|charging_state|10049
05-17 23:55:42.065 23268 23268 I LockscreenNotificationIconsOnlyController: onNotificationInfoUpdated 11
05-17 23:55:42.066 23268 23268 I AODNotificationManager: updateNotification()
05-17 23:55:42.070 22446 22618 D PowerManagerService: displayReady: false groupId=0
05-17 23:55:42.070 22446 22618 D DisplayPowerController[0]: animateScreenStateChange: target=ON, mIsEnabled=true
05-17 23:55:42.070 22446 22618 D DisplayPowerController[1]: animateScreenStateChange: target=OFF, mIsEnabled=false
05-17 23:55:42.070 22446 22618 D PowerManagerService: displayReady: true groupId=0
05-17 23:55:42.087 22446 22922 I SemWifiServiceDetector: Service det. suspended: T / T / 14636
05-17 23:55:42.271 22446 22618 D PowerManagerService: displayReady: false groupId=0
05-17 23:55:42.271 22446 22618 D DisplayPowerController[0]: animateScreenStateChange: target=ON, mIsEnabled=true
05-17 23:55:42.271 22446 22618 D DisplayPowerController[1]: animateScreenStateChange: target=OFF, mIsEnabled=false
05-17 23:55:42.271 22446 22618 D PowerManagerService: displayReady: true groupId=0
05-17 23:55:42.472 22446 22618 D PowerManagerService: displayReady: false groupId=0
05-17 23:55:42.472 22446 22618 D DisplayPowerController[0]: animateScreenStateChange: target=ON, mIsEnabled=true
05-17 23:55:42.472 22446 22618 D DisplayPowerController[1]: animateScreenStateChange: target=OFF, mIsEnabled=false
05-17 23:55:42.472 22446 22618 D PowerManagerService: displayReady: true groupId=0
05-17 23:55:42.608 24930 24930 I SDHMS:LOAD: type: LoadsFreqs, value: 24:9:16:1074047:3840000:1017600:672768:2745600:556800:160:160:160
05-17 23:55:42.672 22446 22618 D PowerManagerService: displayReady: false groupId=0
05-17 23:55:42.672 22446 22618 D DisplayPowerController[0]: animateScreenStateChange: target=ON, mIsEnabled=true
05-17 23:55:42.673 22446 22618 D DisplayPowerController[1]: animateScreenStateChange: target=OFF, mIsEnabled=false
05-17 23:55:42.673 22446 22618 D PowerManagerService: displayReady: true groupId=0
05-17 23:55:42.713 22446 24634 D SGM:GameManager: identifyForegroundApp. com.tiarnanlarkin.danio, mCurrentUserId: 0, callerUserId: 0
05-17 23:55:42.713 27454 27524 I PolicyManager: [#CMH#] Is foreground game app: false
05-17 23:55:42.723 27454 27524 I ControllerEventHandler: [#CMH#]  Check for starting Standalone FaceService for just shot !
05-17 23:55:42.723 27454 27524 I ControllerEventHandler: [#CMH#] requestToRegisterInstantWorker: mIsPolicyIgnore :  false
05-17 23:55:42.723 27454 27524 I ControllerUtils: [#CMH#] getFaceServiceUnProcessedMediaCount :E ..
05-17 23:55:42.724 27454 27524 I ControllerEventHandler: [#CMH#] pendingCount<=0, ignore processing ,with isPolicyIgnore : false
05-17 23:55:42.873 22446 22618 D PowerManagerService: displayReady: false groupId=0
05-17 23:55:42.873 22446 22618 D DisplayPowerController[0]: animateScreenStateChange: target=ON, mIsEnabled=true
05-17 23:55:42.874 22446 22618 D DisplayPowerController[1]: animateScreenStateChange: target=OFF, mIsEnabled=false
05-17 23:55:42.874 22446 22618 D PowerManagerService: displayReady: true groupId=0
05-17 23:55:42.975 22446 22988 D NetdEventListenerService: DNS Requested by 171, 10506(com.microsoft.teams), 4(FAIL), isBlocked=true, 0ms
05-17 23:55:42.984 22446 22988 D NetdEventListenerService: DNS Requested by 171, 10506(com.microsoft.teams), 4(FAIL), isBlocked=true, 0ms
05-17 23:55:43.052 22113 22557 I thermal_core: pivot(AP) : 338, skin : 346
05-17 23:55:43.052 22113 22557 I vendor.samsung.hardware.thermal-service: index = -7.200000
05-17 23:55:43.052 22113 22557 I vendor.samsung.hardware.thermal-service: 3 / 10
05-17 23:55:43.074 22446 22618 D PowerManagerService: displayReady: false groupId=0
05-17 23:55:43.074 22446 22618 D DisplayPowerController[0]: animateScreenStateChange: target=ON, mIsEnabled=true
05-17 23:55:43.074 22446 22618 D DisplayPowerController[1]: animateScreenStateChange: target=OFF, mIsEnabled=false
05-17 23:55:43.074 22446 22618 D PowerManagerService: displayReady: true groupId=0
05-17 23:55:43.203  1083  1083 D io_stats: !@   8,0 r 29573524 833543384 w 7220024 134674360 d 1124396 238057284 f 116365 402385 iot 2470800 0 th 0 0 0 pt 0 inp 0 0 114237.603
05-17 23:55:43.274 22446 22618 D PowerManagerService: displayReady: false groupId=0
05-17 23:55:43.274 22446 22618 D DisplayPowerController[0]: animateScreenStateChange: target=ON, mIsEnabled=true
05-17 23:55:43.274 22446 22618 D DisplayPowerController[1]: animateScreenStateChange: target=OFF, mIsEnabled=false
05-17 23:55:43.275 22446 22618 D PowerManagerService: displayReady: true groupId=0
05-17 23:55:43.474 22446 22618 D PowerManagerService: displayReady: false groupId=0
05-17 23:55:43.475 22446 22618 D DisplayPowerController[0]: animateScreenStateChange: target=ON, mIsEnabled=true
05-17 23:55:43.475 22446 22618 D DisplayPowerController[1]: animateScreenStateChange: target=OFF, mIsEnabled=false
05-17 23:55:43.475 22446 22618 D PowerManagerService: displayReady: true groupId=0
05-17 23:55:43.676 22446 22618 D PowerManagerService: displayReady: false groupId=0
05-17 23:55:43.676 22446 22618 D DisplayPowerController[0]: animateScreenStateChange: target=ON, mIsEnabled=true
05-17 23:55:43.676 22446 22618 D DisplayPowerController[1]: animateScreenStateChange: target=OFF, mIsEnabled=false
05-17 23:55:43.677 22446 22618 D PowerManagerService: displayReady: true groupId=0
05-17 23:55:43.680  1812 23009 I sensors-hal: handle_sns_std_sensor_event:127, [SSC_LIGHT] A: 360(360),c:147,b:408,m:37,cl:220,l:360,s:354,l0:65728,l1:96,s0:40250,s1:0,acl:3,opr:0.60,f(r):124,u(bl):100,if:124,wi:15,si:0,0(N:1)
05-17 23:55:43.682 22446 22954 D WifiConnectivityMonitor.NetworkStatsAnalyzer: Backhaul Disconnection due to RetransSeg
05-17 23:55:43.682 22446 22954 D WifiConnectivityMonitor.NetworkStatsAnalyzer: Backhaul result - RSSI:-43, CE:8, PE:8, TI:16, PTI:16, TW:2, PTW:2, Tx:32, Rx:30, TxS:16, RxS:13, RESULT:true, IC:0, ICT:5, WC:0, WCT:5, R:1, RC:20, IE:0, EC:0
05-17 23:55:43.876 22446 22618 D PowerManagerService: displayReady: false groupId=0
05-17 23:55:43.876 22446 22618 D DisplayPowerController[0]: animateScreenStateChange: target=ON, mIsEnabled=true
05-17 23:55:43.877 22446 22618 D DisplayPowerController[1]: animateScreenStateChange: target=OFF, mIsEnabled=false
05-17 23:55:43.877 22446 22618 D PowerManagerService: displayReady: true groupId=0
05-17 23:55:43.909  1812  2606 I sensors-hal: handle_sns_std_sensor_event:90, light_cct: ts = 176327364615969 ns; value = [359, 359, 126, 153, 435, 408, 220, 6, 65728, 0, 1]
05-17 23:55:43.922 23031 23167 D SatelliteController: isInCarrierRoamingNbIotNtn: satellite is disabled
05-17 23:55:43.923 23031 23167 V SatelliteController: getWwanIsInService: return true
05-17 23:55:44.054 22113 22557 I thermal_core: pivot(AP) : 337, skin : 346
05-17 23:55:44.054 22113 22557 I vendor.samsung.hardware.thermal-service: index = -7.000000
05-17 23:55:44.054 22113 22557 I vendor.samsung.hardware.thermal-service: 4 / 10
05-17 23:55:44.077 22446 22618 D PowerManagerService: displayReady: false groupId=0
05-17 23:55:44.077 22446 22618 D DisplayPowerController[0]: animateScreenStateChange: target=ON, mIsEnabled=true
05-17 23:55:44.077 22446 22618 D DisplayPowerController[1]: animateScreenStateChange: target=OFF, mIsEnabled=false
05-17 23:55:44.077 22446 22618 D PowerManagerService: displayReady: true groupId=0
05-17 23:55:44.148 22446 24634 D SyncManager: userId - 0 auto - true
05-17 23:55:44.149 27454 27540 I BaseThreadPoolExecutor: [#CMH#] Task com.samsung.cmh.core.task.MediaContentSyncTask@4c3a62 is submitted
05-17 23:55:44.157 27454 29352 I MediaContentSyncTask: [#CMH#] No of Row (SEC MP :  1857, Max Id : 2147486713) (CMH : 1857, Max Id : 2147486713) - Time :3
05-17 23:55:44.163 27454 29352 I MediaContentSyncTask: [#CMH#] MP time stamp :  1779058539145, CMH time stamp : 1779058539145
05-17 23:55:44.163 27454 29352 I MediaContentSyncTask: [#CMH#] Update ITEM :  0
05-17 23:55:44.164 27454 29352 I BaseThreadPoolExecutor: [#CMH#] afterExecute FutureTask
05-17 23:55:44.164 27454 29352 I ControllerEventHandler: [#CMH#] Alive Privacy Ignored Policy Called:  false
05-17 23:55:44.278 22446 22618 D PowerManagerService: displayReady: false groupId=0
05-17 23:55:44.278 22446 22618 D DisplayPowerController[0]: animateScreenStateChange: target=ON, mIsEnabled=true
05-17 23:55:44.278 22446 22618 D DisplayPowerController[1]: animateScreenStateChange: target=OFF, mIsEnabled=false
05-17 23:55:44.278 22446 22618 D PowerManagerService: displayReady: true groupId=0
05-17 23:55:44.404 22446 23433 I BatteryService_BatteryPropertiesRegistrar: [getProperty]id:4
05-17 23:55:44.404 22446 23433 I BatteryService_BatteryPropertiesRegistrar: [getProperty]prop.long:-9223372036854775808 ,prop.string:null
05-17 23:55:44.405 22446 23433 I BatteryService_BatteryPropertiesRegistrar: [getProperty]id:4
05-17 23:55:44.405 22446 23433 I BatteryService_BatteryPropertiesRegistrar: [getProperty]prop.long:-9223372036854775808 ,prop.string:null
05-17 23:55:44.479 22446 22618 D PowerManagerService: displayReady: false groupId=0
05-17 23:55:44.479 22446 22618 D DisplayPowerController[0]: animateScreenStateChange: target=ON, mIsEnabled=true
05-17 23:55:44.479 22446 22618 D DisplayPowerController[1]: animateScreenStateChange: target=OFF, mIsEnabled=false
05-17 23:55:44.480 22446 22618 D PowerManagerService: displayReady: true groupId=0
05-17 23:55:44.563 10665 11170 W soft_error.cpp: [pando::graphql::PandoGraphQLRequestHybrid::assertValid] : Using a PandoGraphQLRequest after it has been consumed. Query name is ScreenTimeSyncMutation
05-17 23:55:44.565 22446 22799 E WifiStaIfaceAidlImpl: getCachedScanData failed with service-specific exception: android.os.ServiceSpecificException:  (code 4)
05-17 23:55:44.566 22446 27495 D SemWifiUsabilityStatsMonitor: onWifiUsabilityStats - seqNum 28911, isSameBssidAndFreq true
05-17 23:55:44.568 23916 23987 I HoneySpace.StatusIconTracker: invokeEvent() called with: event = Wifi(visible=true, resId=2131236016, activityId=2131236041)
05-17 23:55:44.569 22446 22925 D InsDataManager: onOutageCountUpdate() - Outage Data: 0, LQ : N. Outage Triggered: false
05-17 23:55:44.569 22446 22925 D SemInsManager: {"bssid": "fe7926386295","rssi": -43.0,"latency": 0.0,"outage_count": 0,"lq_callback_triggered": false,"outage_log": "Unreliable statistics: -43.0 / 0 / 0 / 0 / 0 || fe7926386295: 0.000 / 0.000 / @ || N N / 0 0 / N 2.0 / N X 2 / 114238967 0 || 2026-05-17 23:55:44  / 0: 0 0 0 0 0 0 / 0: 0 0 0 0 0 0 / 0: 0 0 0 0 0 0""Magnetic Sensor Events size": "0""Pressure Sensor Events size": "0"}
05-17 23:55:44.571 22446 22942 D SGM:GameManager: identifyGamePackage. com.tiarnanlarkin.danio, mCurrentUserId: 0, callingMethodInfo: com.samsung.android.game.SemGameManager.isGamePackage(SemGameManager.java:105)
05-17 23:55:44.571 22446 22942 D SGM:SemGameManager: isGamePackage(), pkgName=com.tiarnanlarkin.danio, ret=false
05-17 23:55:44.679 22446 22618 D PowerManagerService: displayReady: false groupId=0
05-17 23:55:44.680 22446 22618 D DisplayPowerController[0]: animateScreenStateChange: target=ON, mIsEnabled=true
05-17 23:55:44.680 22446 22618 D DisplayPowerController[1]: animateScreenStateChange: target=OFF, mIsEnabled=false
05-17 23:55:44.680 22446 22618 D PowerManagerService: displayReady: true groupId=0
05-17 23:55:44.816 22446 24301 I NSLocationMonitor: getGPSUsingApps() called
05-17 23:55:44.816 24310  2497 I NSLocationManager_FLP: getGPSUsingApps, No change
05-17 23:55:44.820 22446 24301 D FreecessHandler: freeze com.microsoft.office.outlook(10354) result : 9
05-17 23:55:44.881 22446 22618 D PowerManagerService: displayReady: false groupId=0
05-17 23:55:44.881 22446 22618 D DisplayPowerController[0]: animateScreenStateChange: target=ON, mIsEnabled=true
05-17 23:55:44.881 22446 22618 D DisplayPowerController[1]: animateScreenStateChange: target=OFF, mIsEnabled=false
05-17 23:55:44.881 22446 22618 D PowerManagerService: displayReady: true groupId=0
05-17 23:55:45.056 22113 22557 I thermal_core: pivot(AP) : 337, skin : 346
05-17 23:55:45.056 22113 22557 I vendor.samsung.hardware.thermal-service: index = -7.600000
05-17 23:55:45.056 22113 22557 I vendor.samsung.hardware.thermal-service: 5 / 10
05-17 23:55:45.082 22446 22618 D PowerManagerService: displayReady: false groupId=0
05-17 23:55:45.082 22446 22618 D DisplayPowerController[0]: animateScreenStateChange: target=ON, mIsEnabled=true
05-17 23:55:45.082 22446 22618 D DisplayPowerController[1]: animateScreenStateChange: target=OFF, mIsEnabled=false
05-17 23:55:45.083 22446 22618 D PowerManagerService: displayReady: true groupId=0
05-17 23:55:45.094 22446 22922 I SemWifiServiceDetector: Service det. resumed: T / T / 14636
05-17 23:55:45.137 22446 22723 D ActivityManager: Received BROADCAST intent 0xd16fa75 Key{broadcastIntent pkg=com.tplink.tpm5 intent=act=component.appwidget.action.NETWORK_TOPOLOGY_PASSIVE_WIDGET_UPDATE_ACTION flg=0x20 xflg=0x4 pkg=com.tplink.tpm5 cmp=com.tplink.tpm5/.component.appwidget.topology.NetworkTopologyProvider flags=0x2000000 u=0} requestCode=1002 sent=0 from uid 1000
05-17 23:55:45.140 22446 22576 I ActivityManager: Changes in 10431 19 to 11, 0 to 128
05-17 23:55:45.141  7746  7746 D AppWidgetProvider: onReceive:component.appwidget.action.NETWORK_TOPOLOGY_PASSIVE_WIDGET_UPDATE_ACTION
05-17 23:55:45.141 22446 22723 D ActivityManager: Received BROADCAST intent 0x5494216 Key{broadcastIntent pkg=com.samsung.android.mcfds intent=act=com.samsung.android.ce.inference.spatial.ALARM_SCAN_INTENT xflg=0x4 pkg=com.samsung.android.mcfds flags=0x4000000 u=0} requestCode=75024 sent=0 from uid 1000
05-17 23:55:45.148 24310 24378 I RequestManager_FLP: onOpChanged, op=0 / packageName=com.tplink.tpm5
05-17 23:55:45.149 22446 23433 I ActivityManager: Changes in 10431 11 to 19, 128 to 0
05-17 23:55:45.152  2108  2134 I [CE]_ContextEngineReceiver: onReceive - action: com.samsung.android.ce.inference.spatial.ALARM_SCAN_INTENT
05-17 23:55:45.154 22446 11341 D PerProcessNandswap$NandswapHandler: nandswap start for non-activity com.samsung.android.app.dressroom(pid 26436) action:14 adj:905 type:1
05-17 23:55:45.156  2108  2134 I [CE]_DataAcquisitionManager: onReceive - ALARM_SCAN_INTENT
05-17 23:55:45.156  2108  2134 I [CE]_DataAcquisitionManager: registerScanTimer - Scan timer registered: 600000
05-17 23:55:45.156  2108  2134 I [CE]_WifiDataManager: startFullScan - hit!
05-17 23:55:45.159 22446 23433 I WifiService: startScan uid=10096
05-17 23:55:45.163  2108  2134 I [CE]_DataAcquisitionManager: startTimerBasedScan - Scan triggered
05-17 23:55:45.169 22446 11341 D PerProcessNandswap$NandswapHandler: nandswap end for non-activity com.samsung.android.app.dressroom(pid 26436) ret:17179836416 adj:905
05-17 23:55:45.170  2601 23014 D LOWI-9.0.1.112.a: [LOWI-Scan] wait_event:Wait done with Cmd 33
05-17 23:55:45.170  2601 23014 D LOWI-9.0.1.112.a: [LOWI-Scan] do_listen_events: Rcvd valid Netlink Cmd 0 Err 0
05-17 23:55:45.196 23031 23167 D SatelliteController: isInCarrierRoamingNbIotNtn: satellite is disabled
05-17 23:55:45.197 23031 23167 V SatelliteController: getWwanIsInService: return true
05-17 23:55:45.203  1083  1083 D io_stats: !@   8,0 r 29573728 833547876 w 7220028 134674376 d 1124548 238069496 f 116365 402385 iot 2470852 0 th 0 0 0 pt 0 inp 0 0 114239.603
05-17 23:55:45.204  1083  1083 D io_stats: !@ Read_top(KB): sung.android.ce:low(2108) 2500 stagram.android:low(10665) 1192 system_server:normal(22446) 552
05-17 23:55:45.204  1083  1083 D io_stats: !@ Write_top(KB): ung.android.scs:low(27044) 524 com.samsung.cmh:low(27454) 8 vendor.samsung.:normal(1871) 8
05-17 23:55:45.284 22446 22618 D PowerManagerService: displayReady: false groupId=0
05-17 23:55:45.284 22446 22618 D DisplayPowerController[0]: animateScreenStateChange: target=ON, mIsEnabled=true
05-17 23:55:45.285 22446 22618 D DisplayPowerController[1]: animateScreenStateChange: target=OFF, mIsEnabled=false
05-17 23:55:45.285 22446 22618 D PowerManagerService: displayReady: true groupId=0
05-17 23:55:45.358 22446 22988 D NetdEventListenerService: DNS Requested by 171, 10431(com.tplink.tpm5), SUCCESS, 44ms
05-17 23:55:45.484 22446 22618 D PowerManagerService: displayReady: false groupId=0
05-17 23:55:45.485 22446 22618 D DisplayPowerController[0]: animateScreenStateChange: target=ON, mIsEnabled=true
05-17 23:55:45.485 22446 22618 D DisplayPowerController[1]: animateScreenStateChange: target=OFF, mIsEnabled=false
05-17 23:55:45.485 22446 22618 D PowerManagerService: displayReady: true groupId=0
05-17 23:55:45.686 22446 22618 D PowerManagerService: displayReady: false groupId=0
05-17 23:55:45.686 22446 22618 D DisplayPowerController[0]: animateScreenStateChange: target=ON, mIsEnabled=true
05-17 23:55:45.686 22446 22618 D DisplayPowerController[1]: animateScreenStateChange: target=OFF, mIsEnabled=false
05-17 23:55:45.686 22446 22618 D PowerManagerService: displayReady: true groupId=0
05-17 23:55:45.886 22446 22618 D PowerManagerService: displayReady: false groupId=0
05-17 23:55:45.886 22446 22618 D DisplayPowerController[0]: animateScreenStateChange: target=ON, mIsEnabled=true
05-17 23:55:45.887 22446 22618 D DisplayPowerController[1]: animateScreenStateChange: target=OFF, mIsEnabled=false
05-17 23:55:45.887 22446 22618 D PowerManagerService: displayReady: true groupId=0
05-17 23:55:46.058 22113 22557 I thermal_core: pivot(AP) : 339, skin : 346
05-17 23:55:46.058 22113 22557 I vendor.samsung.hardware.thermal-service: index = -8.000000
05-17 23:55:46.058 22113 22557 I vendor.samsung.hardware.thermal-service: 6 / 10
05-17 23:55:46.087 22446 22618 D PowerManagerService: displayReady: false groupId=0
05-17 23:55:46.087 22446 22618 D DisplayPowerController[0]: animateScreenStateChange: target=ON, mIsEnabled=true
05-17 23:55:46.087 22446 22618 D DisplayPowerController[1]: animateScreenStateChange: target=OFF, mIsEnabled=false
05-17 23:55:46.087 22446 22618 D PowerManagerService: displayReady: true groupId=0
05-17 23:55:46.152 24310 24378 I RequestManager_FLP: onOpChanged, op=0 / packageName=com.tplink.tpm5
05-17 23:55:46.286  7746  7838 D CursorWindow: CursorWindow::CursorWindow initialSize:1048576 growBySize:1048576 maxSize:0
05-17 23:55:46.286  7746  7838 D CursorWindow: Created CursorWindow with new MemoryDealer: mFreeOffset = 524, mSize = 1048576, mInitialSize = 1048576, mGrowthPaddingSize = 1048576, mMaxSize = 0, mData = 0xb40000785af41000
05-17 23:55:46.286  7746  7838 D CursorWindow: native_init_empty: window = 0xb400007b2528d470
05-17 23:55:46.286  7746  7838 D CursorWindow: Not binding to startPos 0
05-17 23:55:46.286  7746  7838 D CursorWindow: Window: numRows = 0, size = 1048576, freeSpace = 1048052
05-17 23:55:46.286  7746  7838 D CursorWindow: Stepped statement 0xb400007a5532bb28 to row 0
05-17 23:55:46.286  7746  7838 D CursorWindow: allocRowSlot entered: Allocating row slot, mHeader->numRows is 0, chunkNum is 0, chunkPos is 0
05-17 23:55:46.286  7746  7838 D CursorWindow: Allocated row 0, rowSlot is at offset 8, fieldDir is 54 bytes at offset 524
05-17 23:55:46.286  7746  7838 D CursorWindow: getRowSlot entered: requesting row:0, current row num:1
05-17 23:55:46.286  7746  7838 D CursorWindow: getRowSlot walking list 0 times to find rowslot for row:0
05-17 23:55:46.286  7746  7838 D CursorWindow: 0,0 is TEXT with 64 bytes
05-17 23:55:46.286  7746  7838 D CursorWindow: getRowSlot entered: requesting row:0, current row num:1
05-17 23:55:46.286  7746  7838 D CursorWindow: getRowSlot walking list 0 times to find rowslot for row:0
05-17 23:55:46.286  7746  7838 D CursorWindow: 0,1 is TEXT with 22 bytes
05-17 23:55:46.286  7746  7838 D CursorWindow: getRowSlot entered: requesting row:0, current row num:1
05-17 23:55:46.286  7746  7838 D CursorWindow: getRowSlot walking list 0 times to find rowslot for row:0
05-17 23:55:46.286  7746  7838 D CursorWindow: 0,2 is TEXT with 26 bytes
05-17 23:55:46.286  7746  7838 D CursorWindow: getRowSlot entered: requesting row:0, current row num:1
05-17 23:55:46.286  7746  7838 D CursorWindow: getRowSlot walking list 0 times to find rowslot for row:0
05-17 23:55:46.286  7746  7838 D CursorWindow: 0,3 is TEXT with 6254 bytes
05-17 23:55:46.286  7746  7838 D CursorWindow: getFieldSlotWithCheck entered: row:0 column:4
05-17 23:55:46.286  7746  7838 D CursorWindow: getRowSlot entered: requesting row:0, current row num:1
05-17 23:55:46.286  7746  7838 D CursorWindow: getRowSlot walking list 0 times to find rowslot for row:0
05-17 23:55:46.286  7746  7838 D CursorWindow: 0,4 is NULL
05-17 23:55:46.286  7746  7838 D CursorWindow: getFieldSlotWithCheck entered: row:0 column:5
