05-17 23:56:00.013 23268 23268 D QSClockBellTower: Everyone heard the bell. run(currentTime:1779058560011, getTime():Sun May 17 23:56:00 GMT+01:00 2026, getTimeZone():libcore.util.ZoneInfo[mDstSavings=3600000,mUseDst=true,mDelegate=[id="Europe/London",mRawOffset=0,mEarliestRawOffset=-75000,transitions=366]])
05-17 23:56:00.013 23268 23268 D QSClockBellTower: He is ready to ring the bell. (((QSClockBellSound - TimeText:23:56, TimeContentDescription:23:56, DateText:Sun 17 May, ShortDateText:Sun 17 May, Demo:false)))
05-17 23:56:00.013 23268 23268 D QSClock : StatusBar clock=23:56 notifyTimeChanged(QSClockBellSound - TimeText:23:56, TimeContentDescription:23:56, DateText:Sun 17 May, ShortDateText:Sun 17 May, Demo:false) clockVisibleByPolicy=true, clockVisibleByUser=true, visible=true, parent=android.widget.LinearLayout{74f45ca V.E...... ......ID 0,0-98,63 #7f0a0697 app:id/left_clock_container} caller=com.android.systemui.statusbar.phone.fragment.CollapsedStatusBarFragment.animateShow:52 com.android.systemui.statusbar.phone.fragment.CollapsedStatusBarFragment.updateStatusBarVisibilitiesInner:227 com.android.systemui.statusbar.phone.fragment.CollapsedStatusBarFragment.updateStatusBarVisibilities:65 com.android.systemui.statusbar.phone.fragment.CollapsedStatusBarFragment.disable:71 com.android.systemui.statusbar.CommandQueue$H.handleMessage:2997
05-17 23:56:00.013 23268 23268 D QSClockBellTower: Everyone heard the bell. run(currentTime:1779058560013, getTime():Sun May 17 23:56:00 GMT+01:00 2026, getTimeZone():libcore.util.ZoneInfo[mDstSavings=3600000,mUseDst=true,mDelegate=[id="Europe/London",mRawOffset=0,mEarliestRawOffset=-75000,transitions=366]])
05-17 23:56:00.022 23268 23268 W RefactorFlag: New code path expects SceneContainerFlag to be enabled.
05-17 23:56:00.112 22446 22922 I SemWifiServiceDetector: Service det. suspended: T / T / 14636
05-17 23:56:00.129 22113 22557 I thermal_core: pivot(AP) : 336, skin : 345
05-17 23:56:00.129 22113 22557 I vendor.samsung.hardware.thermal-service: index = -8.400000
05-17 23:56:00.129 22113 22557 I vendor.samsung.hardware.thermal-service: 10 / 10
05-17 23:56:00.165 22092 22202 D AHAL_ModulePrimary_QTI: getVendorParameters: id count: 1
05-17 23:56:00.166 22092 22202 I PAL: ResourceManager: getActiveStream_l: 6569: no active streams found for device 3 ret -2
05-17 23:56:00.166 22092 22202 D AHAL_SecModulePrimary: onGetSECGenericParameters get temperature for g_hw_speaker_amp_temp_rcv: 0
05-17 23:56:00.166 22446 22819 D InetDiagMessage: Destroyed 0 sockets, proto=IPPROTO_TCP, family=AF_INET, states=14
05-17 23:56:00.166 22092 22102 D AHAL_ModulePrimary_QTI: getVendorParameters: id count: 1
05-17 23:56:00.166 22092 22102 I PAL: ResourceManager: getActiveStream_l: 6569: no active streams found for device 3 ret -2
05-17 23:56:00.166 22092 22102 D AHAL_SecModulePrimary: onGetSECGenericParameters get temperature for g_hw_speaker_amp_temp_spk: 0
05-17 23:56:00.167 24930 26001 I SDHMS:x : SIOP:: AP:336 BAT:292 USB:287 CHG:335 PA:332 CP:329 WIFI:340 CF:337 BLK:0 SUBBAT:295 LRPTHM:320 SKIN:337 SKINF:335 SKINB:343 LRP:337 LRF:335 LRB:343 APT:335 APR:343 RCV:289 SPK:284 CAPR:337 CRCV:305 CSPK:299 CAMT:334 UPSPK:298 DNSPK:299 VAP02:347 VAP05:339 AMB2:226 HIGH:0 AVGCUR:715 AVGSYS:525 POWER:2742
05-17 23:56:00.167 24930 26001 I AudioManager: setParameters keyValuePairs = g_hw_speaker_amp_temp_spk=30
05-17 23:56:00.168 22086 22086 D AudioFlinger: setParameters: filtered dev setParameters keyvalue g_hw_speaker_amp_temp_spk=30
05-17 23:56:00.168 22446 22819 D InetDiagMessage: Destroyed 1 sockets, proto=IPPROTO_TCP, family=AF_INET6, states=14
05-17 23:56:00.168 22446 22819 D InetDiagMessage: Destroyed live tcp sockets for uids={10431} in 6ms
05-17 23:56:00.168 22092 22102 D AHAL_HFP_QTI: hfp_set_parameters enter
05-17 23:56:00.168 22092 22102 D AHAL_HFP_QTI: hfp_set_parameters Exit
05-17 23:56:00.168 22092 22102 D AHAL_SecModulePrimary: processSetVendorParameters: configured g_hw_speaker_amp_temp_spk
05-17 23:56:00.168 22092 22102 D AHAL_SecModulePrimary: processSetVendorParameters: handler set on Feature:0
05-17 23:56:00.168 22092 22102 D AHAL_SecModulePrimary: onSetSECGenericParameters set temperature for g_hw_speaker_amp_temp_spk: 30
05-17 23:56:00.168 22092 22102 I PAL: API: pal_set_param: 1377: Enter: param id 3002
05-17 23:56:00.168 22092 22102 I PAL: ResourceManager: getActiveStream_l: 6569: no active streams found for device 3 ret -2
05-17 23:56:00.168 22086 22086 E ConversionHelperAidl: Function: parseAndSetVendorParameters Line: 94 Failed
05-17 23:56:00.169 22086 22086 E ConversionHelperAidl: Function: parseAndSetVendorParameters Line: 94 Failed
05-17 23:56:00.169 24930 26001 I AudioManager: setParameters keyValuePairs = g_hw_speaker_amp_temp_rcv=31
05-17 23:56:00.169 22086 22086 D AudioFlinger: setParameters: filtered dev setParameters keyvalue g_hw_speaker_amp_temp_rcv=31
05-17 23:56:00.169 22092 22202 D AHAL_HFP_QTI: hfp_set_parameters enter
05-17 23:56:00.169 22092 22202 D AHAL_HFP_QTI: hfp_set_parameters Exit
05-17 23:56:00.169 22092 22202 D AHAL_SecModulePrimary: processSetVendorParameters: configured g_hw_speaker_amp_temp_rcv
05-17 23:56:00.169 22092 22202 D AHAL_SecModulePrimary: processSetVendorParameters: handler set on Feature:0
05-17 23:56:00.169 22092 22202 D AHAL_SecModulePrimary: onSetSECGenericParameters set temperature for g_hw_speaker_amp_temp_rcv: 31
05-17 23:56:00.169 22092 22202 I PAL: API: pal_set_param: 1377: Enter: param id 3001
05-17 23:56:00.169 22092 22202 I PAL: ResourceManager: getActiveStream_l: 6569: no active streams found for device 3 ret -2
05-17 23:56:00.169 22086 22086 E ConversionHelperAidl: Function: parseAndSetVendorParameters Line: 94 Failed
05-17 23:56:00.169 22086 22086 E ConversionHelperAidl: Function: parseAndSetVendorParameters Line: 94 Failed
05-17 23:56:00.170 22446 22819 D InetDiagMessage: Destroyed 0 sockets, proto=IPPROTO_TCP, family=AF_INET, states=14
05-17 23:56:00.171 22446 22819 D InetDiagMessage: Destroyed 0 sockets, proto=IPPROTO_TCP, family=AF_INET6, states=14
05-17 23:56:00.171 22446 22819 D InetDiagMessage: Destroyed live tcp sockets for uids={20431} in 2ms
05-17 23:56:01.168 22113 22557 I thermal_core: pivot(AP) : 335, skin : 343
05-17 23:56:01.168 22113 22557 I vendor.samsung.hardware.thermal-service: index = -8.400000
05-17 23:56:01.168 22113 22557 I vendor.samsung.hardware.thermal-service: 1 / 10
05-17 23:56:01.210  1083  1083 D io_stats: !@   8,0 r 29574364 833558028 w 7220294 134684032 d 1124548 238069496 f 116367 402396 iot 2470996 0 th 0 0 0 pt 0 inp 0 0 114255.610
05-17 23:56:01.210  1083  1083 D io_stats: !@ Read_top(KB): azon.appmanager:low(24158) 248
05-17 23:56:01.210  1083  1083 D io_stats: !@ Write_top(KB): kworker/u17:0:/(26018) 752 .gms.persistent:high(8385) 40 soft.appmanager:high(27438) 28
05-17 23:56:01.382 14101 14101 I wpa_supplicant: Heartbeat 444
05-17 23:56:01.510  1812  2606 I sensors-hal: handle_sns_std_sensor_event:90, light_cct: ts = 176344964617925 ns; value = [360, 360, 126, 153, 438, 408, 220, 6, 65728, 15, 1]
05-17 23:56:02.013  1871  1954 E BatteryDump: !@new_battery_dump : 3847,802,1100,3100,29,292,287,334,292,0,345,334,295,Charging,NO_CHARGING,Normal,Good,PDIC,0,Normal,0,0,10494,0x8000,0x10010000,0x0,0,0,405,v0004,0,1/1-5000-0-3000,0000,0000,00000000,3847,3857,0,385,417,0,233,0,294,990,0,
05-17 23:56:02.014 22113 22113 I seh_thermal_service: getTemperaturesWithType SehTemperatureType: 3
05-17 23:56:02.014 22446 24634 D [SS]BattFunctions: [sendRemainingChargingTimeChangedIntent]remainingChargingTime:10175 ,mLastRemainingChargingTime:10189
05-17 23:56:02.014  1871  1871 I sehhealth-service: updateLrpSysfs: write: 343
05-17 23:56:02.014 22446 29032 V [SS]SleepChargingTimeController: [isActivated]mSleepChargingStatus isNowSessionTime False => false
05-17 23:56:02.015 23268 23268 I AODBatteryManager: updateBatteryData: ACTION_BATTERY_CHANGED: false, isSleepModeChanged:false ,isRemainingTimeChanged: true, isUSBRestriction: false
05-17 23:56:02.015 23268 23268 I ChargingInfoManager: updateChargingInfo: newState = AOD ChargingInfo [mState=BATTERY_AND_REMAIN_TIME, mIsCharging=true, mIsPlugged=true, mIsFullyCharged=false, mIsBatteryProtectMode=false, mBetteryLevel=29, mBetteryProtectModeType4, mIsSlowChargingfalse], oldState = AOD ChargingInfo [mState=BATTERY_AND_REMAIN_TIME, mIsCharging=true, mIsPlugged=true, mIsFullyCharged=false, mIsBatteryProtectMode=false, mBetteryLevel=29, mBetteryProtectModeType4, mIsSlowChargingfalse]
05-17 23:56:02.015 23268 23268 D PowerUI : Remaining charging time : 10175
05-17 23:56:02.015 23268 23268 D PowerUI : Charging time is changed, check charging notification
05-17 23:56:02.016 23268 23268 D PowerUI.Notification: showChargingNotice - Battery Level : 29 -> 29, Charging Type : 11 -> 11, Charging Time : 10189 -> 10175, Maximum protection : false -> false, Maximum threshold : 80 -> 80
05-17 23:56:02.017 23268 23268 I NotificationManager: com.android.systemui: notify(2131364000, charging_state, Notification(channel=CHR shortcut=null contentView=null vibrate=null sound=null defaults=0 flags=ONGOING_EVENT|ONLY_ALERT_ONCE color=0x00000000 category=sys groupKey=CHARGING vis=PUBLIC semFlags=0x0 semPriority=0 semMissedCount=0)) as user
05-17 23:56:02.018 22446 24355 E NotificationService: notification real name Exception
05-17 23:56:02.018 22446 24355 E NotificationService: java.lang.NullPointerException: Attempt to invoke virtual method 'boolean com.android.server.notification.sec.NotificationRealNamePolicy.checkAllowedNotification(android.service.notification.StatusBarNotification)' on a null object reference
05-17 23:56:02.018 22446 24355 E NotificationService: 	at com.android.server.notification.NotificationManagerService.enqueueNotificationInternal(qb/108023582 999c05e5e863f5a91343e9c689fb95844edbcca50f200155ef5f15f7dea487dc:124)
05-17 23:56:02.018 22446 24355 E NotificationService: 	at com.android.server.notification.NotificationManagerService.enqueueNotificationInternal(qb/108023582 999c05e5e863f5a91343e9c689fb95844edbcca50f200155ef5f15f7dea487dc:2)
05-17 23:56:02.018 22446 24355 E NotificationService: 	at com.android.server.notification.NotificationManagerService$17.enqueueNotificationWithTag(qb/108023582 999c05e5e863f5a91343e9c689fb95844edbcca50f200155ef5f15f7dea487dc:97)
05-17 23:56:02.018 22446 24355 E NotificationService: 	at android.app.INotificationManager$Stub.onTransact(INotificationManager.java:2027)
05-17 23:56:02.018 22446 24355 E NotificationService: 	at android.os.Binder.execTransactInternal(Binder.java:1462)
05-17 23:56:02.018 22446 24355 E NotificationService: 	at android.os.Binder.execTransact(Binder.java:1401)
05-17 23:56:02.018 22446 24355 W PermissionService: getPermissionFlags: Unknown user -1
05-17 23:56:02.018 22446 24355 W PermissionService: getPermissionFlags: Unknown user -1
05-17 23:56:02.140 22446 24355 E BatteryStatsService: Invalid uid for waking network packet: -1
05-17 23:56:02.170 22113 22557 I thermal_core: pivot(AP) : 335, skin : 343
05-17 23:56:02.170 22113 22557 I vendor.samsung.hardware.thermal-service: index = -8.400000
05-17 23:56:02.170 22113 22557 I vendor.samsung.hardware.thermal-service: 2 / 10
05-17 23:56:02.221 22446 22446 I Telecom : SamsungTelecomServiceImpl : isInManagedCall - callingPackage : android / callingUser : UserHandle{0} / hasCrossUserAccess : true
05-17 23:56:02.231 23916 27231 I HoneySpace.NotificationListener: onNotificationPosted com.android.systemui: -1|com.android.systemui|2131364000|charging_state|10049: 0
05-17 23:56:02.231 23916 27231 I HoneySpace.NotificationListener: invalid notification: com.android.systemui UserHandle{-1}: canShowBadge is false
05-17 23:56:02.233 23916 23916 I HoneySpace.LargeFolderOperator: updateMoreIconBadgeCount 0  [id:71638] [title:Financial] [color:-421552820] [items:27] [container:0]
05-17 23:56:02.236 23268 23268 I LockscreenNotificationIconsOnlyController: onNotificationInfoUpdated 11
05-17 23:56:02.237 23268 23268 I AODNotificationManager: updateNotification()
05-17 23:56:02.321 22446 24355 D NetdEventListenerService: CSC Feature value: true
05-17 23:56:02.321 22446 22988 D NetdEventListenerService: DNS Requested by 171, 10506(com.microsoft.teams), 4(FAIL), isBlocked=true, 0ms
05-17 23:56:02.351 22446 22547 I system_server: Background young concurrent mark compact GC freed 41MB AllocSpace bytes, 176(5552KB) LOS objects, 22% free, 166MB/213MB, paused 1.160ms,5.382ms total 123.740ms
05-17 23:56:02.403 22446 24634 I BatteryService_BatteryPropertiesRegistrar: [getProperty]id:4
05-17 23:56:02.403 22446 24634 I BatteryService_BatteryPropertiesRegistrar: [getProperty]prop.long:-9223372036854775808 ,prop.string:null
05-17 23:56:02.404 22446 24634 I BatteryService_BatteryPropertiesRegistrar: [getProperty]id:4
05-17 23:56:02.404 22446 24634 I BatteryService_BatteryPropertiesRegistrar: [getProperty]prop.long:-9223372036854775808 ,prop.string:null
05-17 23:56:02.432 23268 23268 D Bubbles : onEntryUpdated : shouldBubbleUp=false ,key=-1|com.android.systemui|2131364000|charging_state|10049
05-17 23:56:02.432 23268 23268 I {OngoingActivityController}: onEntryUpdated and OA data is empty. So update latest task info
05-17 23:56:02.446 23268 23268 W RefactorFlag: New code path expects SceneContainerFlag to be enabled.
05-17 23:56:02.447 23268 23268 D ExpandableNotifRow: mMaxSmallHeight different before reInflateViews mMaxSmallHeight: 245 mTempSmallHeight:0 -1|com.android.systemui|2131364000|charging_state|10049
05-17 23:56:02.447 23268 23268 D ExpandableNotifRow: mMaxSmallHeight different before reInflateViews mMaxSmallHeight: 245 mTempSmallHeight:0 -1|com.android.systemui|2131364000|charging_state|10049
05-17 23:56:02.450 23268 23268 I LockscreenNotificationIconsOnlyController: onNotificationInfoUpdated 11
05-17 23:56:02.452 23268 23268 I AODNotificationManager: updateNotification()
05-17 23:56:02.453 23268 23959 D LocalImageResolver: Couldn't use ImageDecoder for drawable, falling back to non-resized load.
05-17 23:56:02.454 23268 23959 D LocalImageResolver: Couldn't use ImageDecoder for drawable, falling back to non-resized load.
05-17 23:56:02.454 23268 23268 D LocalImageResolver: Couldn't use ImageDecoder for drawable, falling back to non-resized load.
05-17 23:56:02.456 23268 23268 W RefactorFlag: New code path expects SceneContainerFlag to be enabled.
05-17 23:56:02.461 23268 23268 D ExpandableNotifRow: mMaxSmallHeight different before reInflateViews mMaxSmallHeight: 245 mTempSmallHeight:0 -1|com.android.systemui|2131364000|charging_state|10049
05-17 23:56:02.461 23268 23268 D ExpandableNotifRow: mMaxSmallHeight different before reInflateViews mMaxSmallHeight: 245 mTempSmallHeight:0 -1|com.android.systemui|2131364000|charging_state|10049
05-17 23:56:02.461 23268 23268 D ExpandableNotifRow: mMaxSmallHeight different before reInflateViews mMaxSmallHeight: 245 mTempSmallHeight:0 -1|com.android.systemui|2131364000|charging_state|10049
05-17 23:56:02.461 23268 23268 D ExpandableNotifRow: mMaxSmallHeight different before reInflateViews mMaxSmallHeight: 245 mTempSmallHeight:0 -1|com.android.systemui|2131364000|charging_state|10049
05-17 23:56:02.463 23268 23268 D LocalImageResolver: Couldn't use ImageDecoder for drawable, falling back to non-resized load.
05-17 23:56:02.467 23268 23268 W RefactorFlag: New code path expects SceneContainerFlag to be enabled.
05-17 23:56:02.467 23268 23268 D ExpandableNotifRow: mMaxSmallHeight different before reInflateViews mMaxSmallHeight: 245 mTempSmallHeight:0 -1|com.android.systemui|2131364000|charging_state|10049
05-17 23:56:02.467 23268 23268 D ExpandableNotifRow: mMaxSmallHeight different before reInflateViews mMaxSmallHeight: 245 mTempSmallHeight:0 -1|com.android.systemui|2131364000|charging_state|10049
05-17 23:56:02.468 23268 23268 I LockscreenNotificationIconsOnlyController: onNotificationInfoUpdated 11
05-17 23:56:02.469 23268 23268 I AODNotificationManager: updateNotification()
05-17 23:56:02.671 22446 22799 E WifiStaIfaceAidlImpl: getCachedScanData failed with service-specific exception: android.os.ServiceSpecificException:  (code 4)
05-17 23:56:02.673 22446 27495 D SemWifiUsabilityStatsMonitor: onWifiUsabilityStats - seqNum 28917, isSameBssidAndFreq true
05-17 23:56:02.676 22446 22925 D InsDataManager: onOutageCountUpdate() - Outage Data: 0, LQ : N. Outage Triggered: false
05-17 23:56:02.677 22446 22925 D SemInsManager: {"bssid": "fe7926386295","rssi": -46.0,"latency": 0.0,"outage_count": 0,"lq_callback_triggered": false,"outage_log": "Unreliable statistics: -46.0 / 1 / 357 / 120 / 0 || fe7926386295: 0.000 / 0.000 / @ || N N / 0 0 / N 2.0 / N X 2 / 114257074 0 || 2026-05-17 23:56:02  / 0: 0 0 0 0 0 0 / 0: 0 0 0 0 0 0 / 0: 0 0 0 0 0 0""Magnetic Sensor Events size": "0""Pressure Sensor Events size": "0"}
05-17 23:56:02.679 22446 22942 D SGM:GameManager: identifyGamePackage. com.tiarnanlarkin.danio, mCurrentUserId: 0, callingMethodInfo: com.samsung.android.game.SemGameManager.isGamePackage(SemGameManager.java:105)
05-17 23:56:02.679 22446 22942 D SGM:SemGameManager: isGamePackage(), pkgName=com.tiarnanlarkin.danio, ret=false
05-17 23:56:02.756 24930 24930 I SDHMS:LOAD: type: LoadsFreqs, value: 23:9:16:1017600:1017600:1017600:671231:2745600:556800:160:160:160
05-17 23:56:02.838 22446 24301 I NSLocationMonitor: getGPSUsingApps() called
05-17 23:56:02.838 24310  2497 I NSLocationManager_FLP: getGPSUsingApps, No change
05-17 23:56:02.840 22446 24301 W Binder  : Outgoing transactions from this process must be FLAG_ONEWAY
05-17 23:56:02.840 22446 24301 W Binder  : java.lang.Throwable
05-17 23:56:02.840 22446 24301 W Binder  : 	at android.os.BinderProxy.transact(BinderProxy.java:566)
05-17 23:56:02.840 22446 24301 W Binder  : 	at android.bluetooth.IBluetoothGatt$Stub$Proxy.getAdvertisingSetUids(IBluetoothGatt.java:1678)
05-17 23:56:02.840 22446 24301 W Binder  : 	at android.bluetooth.BluetoothAdapter.getAdvertisingSetUids(BluetoothAdapter.java:8471)
05-17 23:56:02.840 22446 24301 W Binder  : 	at android.bluetooth.BluetoothAdapter.getHWUsingApps(BluetoothAdapter.java:1342)
05-17 23:56:02.840 22446 24301 W Binder  : 	at com.android.server.am.mars.filter.filter.BlueToothConnectedFilter.updateBTUsingPackages(qb/108023582 999c05e5e863f5a91343e9c689fb95844edbcca50f200155ef5f15f7dea487dc:22)
05-17 23:56:02.840 22446 24301 W Binder  : 	at com.android.server.am.FreecessController.freeze(qb/108023582 999c05e5e863f5a91343e9c689fb95844edbcca50f200155ef5f15f7dea487dc:117)
05-17 23:56:02.840 22446 24301 W Binder  : 	at com.android.server.am.FreecessHandler$MainHandler.handleLcdOnFreeze(qb/108023582 999c05e5e863f5a91343e9c689fb95844edbcca50f200155ef5f15f7dea487dc:55)
05-17 23:56:02.840 22446 24301 W Binder  : 	at com.android.server.am.FreecessHandler$MainHandler.handleMessage(qb/108023582 999c05e5e863f5a91343e9c689fb95844edbcca50f200155ef5f15f7dea487dc:793)
05-17 23:56:02.840 22446 24301 W Binder  : 	at android.os.Handler.dispatchMessage(Handler.java:110)
05-17 23:56:02.840 22446 24301 W Binder  : 	at android.os.Looper.loopOnce(Looper.java:273)
05-17 23:56:02.840 22446 24301 W Binder  : 	at android.os.Looper.loop(Looper.java:363)
05-17 23:56:02.840 22446 24301 W Binder  : 	at android.os.HandlerThread.run(HandlerThread.java:85)
05-17 23:56:02.843 22446 24301 D FreecessHandler: freeze com.microsoft.office.outlook(10354) result : 9
05-17 23:56:02.945 22446 22988 D NetdEventListenerService: DNS Requested by 171, 10506(com.microsoft.teams), 4(FAIL), isBlocked=true, 0ms
05-17 23:56:03.172 22113 22557 I thermal_core: pivot(AP) : 335, skin : 343
05-17 23:56:03.173 22113 22557 I vendor.samsung.hardware.thermal-service: index = -8.400000
05-17 23:56:03.173 22113 22557 I vendor.samsung.hardware.thermal-service: 3 / 10
05-17 23:56:03.210  1083  1083 D io_stats: !@   8,0 r 29574367 833558096 w 7220300 134684056 d 1124548 238069496 f 116367 402396 iot 2471000 0 th 0 0 0 pt 0 inp 0 0 114257.610
05-17 23:56:03.305 22446 22952 D WifiConnectivityMonitor: Stop WCM Poll. cnt : 5
05-17 23:56:03.305 22446 22952 D WifiConnectivityMonitor: Unregister WifiLinkQualityMonitorCallback
05-17 23:56:03.305 22446 22924 I SemWifiLinkQualityMonitor: LQ callback unregistered
05-17 23:56:03.589  1812 23009 I sensors-hal: handle_sns_std_sensor_event:127, [SSC_LIGHT] A: 359(359),c:147,b:408,m:37,cl:220,l:360,s:354,l0:65728,l1:96,s0:40250,s1:0,acl:3,opr:0.60,f(r):124,u(bl):100,if:124,wi:15,si:0,0(N:1)
05-17 23:56:03.687 22446 22954 D WifiConnectivityMonitor.NetworkStatsAnalyzer: Backhaul Disconnection due to RetransSeg
05-17 23:56:03.687 22446 22954 D WifiConnectivityMonitor.NetworkStatsAnalyzer: Backhaul result - RSSI:-47, CE:8, PE:8, TI:16, PTI:16, TW:1, PTW:1, Tx:24, Rx:24, TxS:14, RxS:11, RESULT:true, IC:0, ICT:5, WC:0, WCT:5, R:1, RC:22, IE:0, EC:0
05-17 23:56:03.773 22446 24634 E BatteryStatsService: Invalid uid for waking network packet: -1
05-17 23:56:03.973 22446 29448 D WifiConnectivityMonitor.DnsThread:  [|205]
05-17 23:56:03.974 22446 22954 D WifiConnectivityMonitor.NetworkStatsAnalyzer: DNS resultType : 0, responseTime : 205
05-17 23:56:03.975 22446 22952 D OpenNetworkQos[4.00]: updateBssidLatestDnsResultType - result: 0
05-17 23:56:03.975 22446 22952 D OpenNetworkQos[4.00]: updateBssidNoInternet: mBssidNoInternet = false
05-17 23:56:03.975 22446 22952 D OpenNetworkQos[4.00]: getOpenNetworkQosNoInternetStatus: false
05-17 23:56:03.975 22446 22952 D OpenNetworkQos[4.00]: getOpenNetworkQosScores: 26 0 0
05-17 23:56:03.975 22446 22952 D KNOX_MDM_SettingsProvider: isChangeAllowed() : name = wifi_wcm_qos_sharing_score_summary
05-17 23:56:03.975 22446 22952 I WifiProfileShare: network QoS data was changed (internet), updateQoSData networkType: true, qosData: false
05-17 23:56:03.976 22446 24256 V WifiProfileShare.Caster: update wips network, size: 0
05-17 23:56:03.976 22446 24256 D WifiProfileShare: nearby scanning settings run
05-17 23:56:03.976 22446 24256 D WifiProfileShare: network score provider settings enabled
05-17 23:56:03.976 22446 24256 D OpenNetworkQos[4.00]: getOpenNetworkQosScores: 26 0 0
05-17 23:56:03.976 22446 24256 D OpenNetworkQos[4.00]: getOpenNetworkQosNoInternetStatus: false
05-17 23:56:03.976 22446 24256 I WifiProfileShare.Caster: current network type: 0, score: [26, 0, 0]
05-17 23:56:03.977 22446 24256 V WifiProfileShare.Cache: update network score 24:41:fe:**:**:33
05-17 23:56:03.977 22446 24256 D WifiProfileShare.ScanMatcher: getMcfDataList size:4
05-17 23:56:03.977 22446 24256 I WifiProfileShare.Caster: qos data was updated , before:type:QOS, pBssid:38:d8:17, qosData:64 after:type:QOS, pBssid:38:d8:17, qosData:64
05-17 23:56:03.977 22446 24256 I [MCFSDK_android_1.3.7026]_4_McfCasterImpl: isNetworkEnabled - type : 1 ret : true
05-17 23:56:03.977 22446 24256 D WifiProfileShare.McfCast: -ME--- mIsNetworkEnabled :true
05-17 23:56:03.978 22446 24256 D WifiProfileShare.McfCast: updateQoSData ignored, same contents
05-17 23:56:03.978 22446 24256 D WifiProfileShare.MCF: success update QosData !
05-17 23:56:03.978 22446 24256 I [MCFSDK_android_1.3.7026]_4_McfCasterImpl: isNetworkEnabled - type : 1 ret : true
05-17 23:56:03.978 22446 24256 D WifiProfileShare.McfCast: -ME--- mIsNetworkEnabled :true
05-17 23:56:03.978 22446 24256 D WifiProfileShare.McfCast: -ME--- updatePasswordDate pwdData size:4
05-17 23:56:04.069  1812  2606 I sensors-hal: handle_sns_std_sensor_event:90, light_cct: ts = 176347524614800 ns; value = [361, 361, 126, 153, 435, 408, 220, 6, 65760, 15, 1]
05-17 23:56:04.174 22113 22557 I thermal_core: pivot(AP) : 334, skin : 343
05-17 23:56:04.175 22113 22557 I vendor.samsung.hardware.thermal-service: index = -8.400000
05-17 23:56:04.175 22113 22557 I vendor.samsung.hardware.thermal-service: 4 / 10
05-17 23:56:05.154 22446 22723 D ActivityManager: Received BROADCAST intent 0xd16fa75 Key{broadcastIntent pkg=com.tplink.tpm5 intent=act=component.appwidget.action.NETWORK_TOPOLOGY_PASSIVE_WIDGET_UPDATE_ACTION flg=0x20 xflg=0x4 pkg=com.tplink.tpm5 cmp=com.tplink.tpm5/.component.appwidget.topology.NetworkTopologyProvider flags=0x2000000 u=0} requestCode=1002 sent=0 from uid 1000
05-17 23:56:05.158 22446 22576 I ActivityManager: Changes in 10431 19 to 11, 0 to 128
05-17 23:56:05.160  7746  7746 D AppWidgetProvider: onReceive:component.appwidget.action.NETWORK_TOPOLOGY_PASSIVE_WIDGET_UPDATE_ACTION
05-17 23:56:05.163 24310 24378 I RequestManager_FLP: onOpChanged, op=0 / packageName=com.tplink.tpm5
05-17 23:56:05.164 22446 24355 I ActivityManager: Changes in 10431 11 to 19, 128 to 0
05-17 23:56:05.176 22113 22557 I thermal_core: pivot(AP) : 334, skin : 343
05-17 23:56:05.176 22113 22557 I vendor.samsung.hardware.thermal-service: index = -8.400000
05-17 23:56:05.176 22113 22557 I vendor.samsung.hardware.thermal-service: 5 / 10
05-17 23:56:05.211  1083  1083 D io_stats: !@   8,0 r 29574397 833558476 w 7220300 134684056 d 1124548 238069496 f 116367 402396 iot 2471012 0 th 0 0 0 pt 0 inp 0 0 114259.611
05-17 23:56:05.211  1083  1083 D io_stats: !@ Read_top(KB): kworker/u17:0:/(26018) 220 sh:normal(29449) 80 stagram.android:low(10665) 68
05-17 23:56:05.211  1083  1083 D io_stats: !@ Write_top(KB): ndroid.shopping:low(23639) 8 vendor.samsung.:normal(1871) 8 gestions:moneta:high(14657) 8
05-17 23:56:05.327 22446 22988 D NetdEventListenerService: DNS Requested by 171, 10431(com.tplink.tpm5), SUCCESS, 1ms
05-17 23:56:05.681 22446 24301 I NSLocationMonitor: getGPSUsingApps() called
05-17 23:56:05.681 24310  2497 I NSLocationManager_FLP: getGPSUsingApps, No change
05-17 23:56:05.687 22446 24301 D FreecessHandler: freeze com.instagram.android(10505) result : 18
05-17 23:56:05.689 22446 22799 E WifiStaIfaceAidlImpl: getCachedScanData failed with service-specific exception: android.os.ServiceSpecificException:  (code 4)
05-17 23:56:05.693 22446 27495 D SemWifiUsabilityStatsMonitor: onWifiUsabilityStats - seqNum 28918, isSameBssidAndFreq true
05-17 23:56:05.696 22446 22925 D InsDataManager: onOutageCountUpdate() - Outage Data: 0, LQ : N. Outage Triggered: false
05-17 23:56:05.696 22446 22925 D SemInsManager: {"bssid": "fe7926386295","rssi": -42.0,"latency": 0.0,"outage_count": 0,"lq_callback_triggered": false,"outage_log": "Unreliable statistics: -42.0 / 13 / 514 / 16 / 0 || fe7926386295: 0.000 / 0.000 / @ || N N / 0 0 / N 2.0 / N X 2 / 114260093 0 || 2026-05-17 23:56:05  / 0: 0 0 0 0 0 0 / 0: 0 0 0 0 0 0 / 0: 0 0 0 0 0 0""Magnetic Sensor Events size": "0""Pressure Sensor Events size": "0"}
05-17 23:56:05.698 22446 22942 D SGM:GameManager: identifyGamePackage. com.tiarnanlarkin.danio, mCurrentUserId: 0, callingMethodInfo: com.samsung.android.game.SemGameManager.isGamePackage(SemGameManager.java:105)
05-17 23:56:05.698 22446 22942 D SGM:SemGameManager: isGamePackage(), pkgName=com.tiarnanlarkin.danio, ret=false
05-17 23:56:06.120 22446 22922 I SemWifiServiceDetector: Service det. resumed: T / T / 14636
05-17 23:56:06.140 22446 24355 E BatteryStatsService: Invalid uid for waking network packet: -1
05-17 23:56:06.168 24310 24378 I RequestManager_FLP: onOpChanged, op=0 / packageName=com.tplink.tpm5
05-17 23:56:06.178 22113 22557 I thermal_core: pivot(AP) : 334, skin : 343
05-17 23:56:06.178 22113 22557 I vendor.samsung.hardware.thermal-service: index = -8.600000
05-17 23:56:06.178 22113 22557 I vendor.samsung.hardware.thermal-service: 6 / 10
05-17 23:56:06.629  1812  2606 I sensors-hal: handle_sns_std_sensor_event:90, light_cct: ts = 176350084619748 ns; value = [359, 359, 126, 153, 438, 408, 220, 6, 65696, 15, 1]
05-17 23:56:06.791  8385 28009 I NearbyMediums: No BLE Fast/GATT advertisements found in the latest cycle.
05-17 23:56:06.791  8385 28009 I NearbyMediums: Current Tracked Scanning Clients are : {NearbyConnections.EnvironmentMonitor, NearbySharing, NearbyConnections.TxAdvertisement}
05-17 23:56:07.181 22113 22557 I thermal_core: pivot(AP) : 334, skin : 343
05-17 23:56:07.181 22113 22557 I vendor.samsung.hardware.thermal-service: index = -8.800000
05-17 23:56:07.181 22113 22557 I vendor.samsung.hardware.thermal-service: 7 / 10
05-17 23:56:07.212  1083  1083 D io_stats: !@   8,0 r 29574411 833558576 w 7220319 134684804 d 1124548 238069496 f 116367 402396 iot 2471016 0 th 0 0 0 pt 0 inp 0 0 114261.612
05-17 23:56:07.337  2382  2382 I CNSS    : /sys/wifi/max_chipset_log_size doesn't exist
05-17 23:56:07.388 23639 24008 I MlsIntegration: Treatment for Weblab MLS_USE_PSEUDO_DEVICE_ID_ANDROID_1109242 is C_default (changed?: false)
05-17 23:56:07.388 23639 24008 I MlsIntegration: Treatment for Weblab MLS_ANDROID_ZAZ_MIGRATION_1364350 is C_default (changed?: false)
05-17 23:56:07.389 23639 24008 I MlsIntegration: Treatment for Weblab MLS_ENABLE_DEBUG_LOGS_1366122 is C_default (changed?: false)
05-17 23:56:08.184 22113 22557 I thermal_core: pivot(AP) : 333, skin : 343
05-17 23:56:08.184 22113 22557 I vendor.samsung.hardware.thermal-service: index = -9.200000
05-17 23:56:08.184 22113 22557 I vendor.samsung.hardware.thermal-service: 8 / 10
05-17 23:56:08.223 30266 30547 D ConnectivityManager: StackLog: [android.net.ConnectivityManager.sendRequestForNetwork(ConnectivityManager.java:4740)] [android.net.ConnectivityManager.registerDefaultNetworkCallbackForUid(ConnectivityManager.java:5465)] [android.net.ConnectivityManager.registerDefaultNetworkCallback(ConnectivityManager.java:5432)] [android.net.ConnectivityManager.registerDefaultNetworkCallback(ConnectivityManager.java:5406)] [com.antivirus.o.M02.a(NetworkApi24.kt:11)] [com.antivirus.o.p42.h(NetworkStateTracker.kt:20)] [com.antivirus.o.N10.c(ConstraintTracker.kt:73)] [com.antivirus.o.p10$a.invokeSuspend(ContraintControllers.kt:44)] [com.antivirus.o.p10$a.invoke(ContraintControllers.kt:1)] [com.antivirus.o.p10$a.invoke(ContraintControllers.kt:2)] [com.antivirus.o.pN.n(Builders.kt:3)] [com.antivirus.o.pN.h(Builders.kt:1)] [com.antivirus.o.CI.h(Builders.kt:61)] [com.antivirus.o.oN$b.invokeSuspend(ChannelFlow.kt:35)] [com.antivirus.o.gy.resumeWith(ContinuationImpl.kt:12)] [com.antivirus.o.Dq0.run(DispatchedTask.kt:126)] [com.antivirus.o.Q33$a.run(SerialExecutorImpl.java:3)] [java.util.concurrent.ThreadPoolExecutor.runWorker(ThreadPoolExecutor.java:1154)] [java.util.concurrent.ThreadPoolExecutor$Worker.run(ThreadPoolExecutor.java:652)] [java.lang.Thread.run(Thread.java:1564)]
05-17 23:56:08.224 22446 24634 D ConnectivityService: requestNetwork for uid/pid:10433/30266 activeRequest: null callbackRequest: 16270 [NetworkRequest [ REQUEST id=16271, [ Capabilities: INTERNET&NOT_RESTRICTED&TRUSTED&NOT_VCN_MANAGED&NOT_BANDWIDTH_CONSTRAINED Uid: 10433 RequestorUid: 10433 RequestorPkg: com.antivirus UnderlyingNetworks: Null] ]] callback flags: 0 order: 2147483647 isUidTracked: false declaredMethods: AVAIL|LOST|NC
05-17 23:56:08.226 22446 22819 D ConnectivityService:    accepting network in place of null for NetworkRequest [ REQUEST id=16271, [ Capabilities: INTERNET&NOT_RESTRICTED&TRUSTED&NOT_VCN_MANAGED&NOT_BANDWIDTH_CONSTRAINED Uid: 10433 RequestorUid: 10433 RequestorPkg: com.antivirus UnderlyingNetworks: Null] ]
05-17 23:56:08.229 22446 22799 D WifiNetworkFactory: got request NetworkRequest [ REQUEST id=16271, [ Capabilities: INTERNET&NOT_RESTRICTED&TRUSTED&NOT_VCN_MANAGED&NOT_BANDWIDTH_CONSTRAINED Uid: 10433 RequestorUid: 10433 RequestorPkg: com.antivirus UnderlyingNetworks: Null] ]
05-17 23:56:08.229 22446 22799 D UntrustedWifiNetworkFactory: got request NetworkRequest [ REQUEST id=16271, [ Capabilities: INTERNET&NOT_RESTRICTED&TRUSTED&NOT_VCN_MANAGED&NOT_BANDWIDTH_CONSTRAINED Uid: 10433 RequestorUid: 10433 RequestorPkg: com.antivirus UnderlyingNetworks: Null] ]
05-17 23:56:08.229 22446 22799 D OemPaidWifiNetworkFactory: got request NetworkRequest [ REQUEST id=16271, [ Capabilities: INTERNET&NOT_RESTRICTED&TRUSTED&NOT_VCN_MANAGED&NOT_BANDWIDTH_CONSTRAINED Uid: 10433 RequestorUid: 10433 RequestorPkg: com.antivirus UnderlyingNetworks: Null] ]
05-17 23:56:08.229 22446 22819 D ConnectivityService: Rematched networks [computed 2ms] [applied 1ms] [issued 2]
05-17 23:56:08.229 22446 22819 D ConnectivityService: NetworkReassignment :
05-17 23:56:08.229 22446 22819 D ConnectivityService:   16271 : null ? 171
05-17 23:56:08.229 22446 22799 D MultiInternetWifiNetworkFactory: got request NetworkRequest [ REQUEST id=16271, [ Capabilities: INTERNET&NOT_RESTRICTED&TRUSTED&NOT_VCN_MANAGED&NOT_BANDWIDTH_CONSTRAINED Uid: 10433 RequestorUid: 10433 RequestorPkg: com.antivirus UnderlyingNetworks: Null] ]
05-17 23:56:08.275 22446 22988 D NetdEventListenerService: DNS Requested by 171, 10433(com.antivirus), SUCCESS, 37ms
05-17 23:56:08.314  1812 23009 I sensors-hal: handle_sns_client_event:208, auto_rotation_debug_2 mode,255,last,0, type,3,0 main,0.024,9.308,2.757 sub,-0.019,9.332,-2.938, ar,0, h_ic,1, s,3, ver,12, pedo,1,e,1,i,3
05-17 23:56:08.391 30266 30485 I WM-WorkerWrapper: Worker result SUCCESS for Work [ id=0f4d3e84-f2f5-4c60-aafd-a33e5a643d2e, tags={ com.avast.android.burger.internal.scheduling.UploadWorker, UploadWorker } ]
05-17 23:56:08.401 22446 22691 I JobScheduler: maybeQueueReadyJobsForExecutionLocked: [BatchNetworkJob] 1 batched network jobs meet requirement for 171
05-17 23:56:08.404 22446 24634 I BatteryService_BatteryPropertiesRegistrar: [getProperty]id:4
05-17 23:56:08.404 22446 24634 I BatteryService_BatteryPropertiesRegistrar: [getProperty]prop.long:-9223372036854775808 ,prop.string:null
05-17 23:56:08.405 22446 24634 I BatteryService_BatteryPropertiesRegistrar: [getProperty]id:4
05-17 23:56:08.405 22446 24634 I BatteryService_BatteryPropertiesRegistrar: [getProperty]prop.long:-9223372036854775808 ,prop.string:null
05-17 23:56:08.405 30266 30485 D ConnectivityManager: StackLog: [android.net.ConnectivityManager.unregisterNetworkCallback(ConnectivityManager.java:5575)] [com.antivirus.o.K02.c(NetworkApi21.kt:11)] [com.antivirus.o.p42.i(NetworkStateTracker.kt:20)] [com.antivirus.o.N10.f(ConstraintTracker.kt:25)] [com.antivirus.o.p10$a$a.invoke(ContraintControllers.kt:2)] [com.antivirus.o.p10$a$a.invoke(ContraintControllers.kt:1)] [com.antivirus.o.Lv2.b(Produce.kt:124)] [com.antivirus.o.Lv2$a.invokeSuspend(Produce.kt:11)] [com.antivirus.o.gy.resumeWith(ContinuationImpl.kt:12)] [com.antivirus.o.Dq0.run(DispatchedTask.kt:112)] [com.antivirus.o.Q33$a.run(SerialExecutorImpl.java:3)] [java.util.concurrent.ThreadPoolExecutor.runWorker(ThreadPoolExecutor.java:1154)] [java.util.concurrent.ThreadPoolExecutor$Worker.run(ThreadPoolExecutor.java:652)] [java.lang.Thread.run(Thread.java:1564)]
05-17 23:56:08.406 22446 22819 D ConnectivityService:  Removing from current network [171 WIFI], leaving 342 requests.
05-17 23:56:08.579  1812 23009 I sensors-hal: handle_sns_std_sensor_event:127, [SSC_LIGHT] A: 360(360),c:147,b:408,m:37,cl:220,l:360,s:356,l0:65728,l1:96,s0:40500,s1:0,acl:3,opr:0.60,f(r):124,u(bl):100,if:124,wi:15,si:0,0(N:1)
05-17 23:56:08.609 22446 22988 D NetdEventListenerService: DNS Requested by 171, 10506(com.microsoft.teams), 4(FAIL), isBlocked=true, 0ms
05-17 23:56:08.704 22446 22799 E WifiStaIfaceAidlImpl: getCachedScanData failed with service-specific exception: android.os.ServiceSpecificException:  (code 4)
05-17 23:56:08.708 22446 27495 D SemWifiUsabilityStatsMonitor: onWifiUsabilityStats - seqNum 28919, isSameBssidAndFreq true
05-17 23:56:08.710 22446 22924 I SemWifiLinkQualityMonitor: Link stat: 608 / 18 / 1.25 (20) / 5764 / -43.0 || 100.0 : 5764.00 / 0.5 : 0.80 / 0.55 : 0.03 / G (G) || fe7926386295: 0.076 / 105.842 / N || N N / 0 0 / N 2.0 / N X 2 / 114263107 0 || 2026-05-17 23:56:08  / 0: 0 0 0 0 0 0 / 0: 0 0 0 0 0 0 / 0: 0 0 0 0 0 0
05-17 23:56:08.710 22446 22925 D InsDataManager: onOutageCountUpdate() - Outage Data: 0, LQ : N. Outage Triggered: false
05-17 23:56:08.711 22446 22925 D SemInsManager: {"bssid": "fe7926386295","rssi": -43.0,"latency": 0.07558453522153871,"outage_count": 0,"lq_callback_triggered": false,"outage_log": "Link stat: 608 / 18 / 1.25 (20) / 5764 / -43.0 || 100.0 : 5764.00 / 0.5 : 0.80 / 0.55 : 0.03 / G (G) || fe7926386295: 0.076 / 105.842 / N || N N / 0 0 / N 2.0 / N X 2 / 114263107 0 || 2026-05-17 23:56:08  / 0: 0 0 0 0 0 0 / 0: 0 0 0 0 0 0 / 0: 0 0 0 0 0 0""Magnetic Sensor Events size": "0""Pressure Sensor Events size": "0"}
05-17 23:56:08.712 22446 22942 D SGM:GameManager: identifyGamePackage. com.tiarnanlarkin.danio, mCurrentUserId: 0, callingMethodInfo: com.samsung.android.game.SemGameManager.isGamePackage(SemGameManager.java:105)
05-17 23:56:08.712 22446 22942 D SGM:SemGameManager: isGamePackage(), pkgName=com.tiarnanlarkin.danio, ret=false
05-17 23:56:08.738 22446 22988 D NetdEventListenerService: DNS Requested by 171, 10506(com.microsoft.teams), 4(FAIL), isBlocked=true, 0ms
05-17 23:56:08.843 22446 24301 I NSLocationMonitor: getGPSUsingApps() called
05-17 23:56:08.844 24310  2497 I NSLocationManager_FLP: getGPSUsingApps, No change
05-17 23:56:08.848 22446 24301 D FreecessHandler: freeze com.microsoft.office.outlook(10354) result : 9
05-17 23:56:09.187 22113 22557 I thermal_core: pivot(AP) : 333, skin : 343
05-17 23:56:09.187 22113 22557 I vendor.samsung.hardware.thermal-service: index = -9.400000
05-17 23:56:09.187 22113 22557 I vendor.samsung.hardware.thermal-service: 9 / 10
05-17 23:56:09.189  1812  2606 I sensors-hal: handle_sns_std_sensor_event:90, light_cct: ts = 176352644619227 ns; value = [359, 359, 126, 153, 441, 408, 220, 6, 65568, 15, 1]
05-17 23:56:09.213  1083  1083 D io_stats: !@   8,0 r 29574523 833562208 w 7220331 134684844 d 1124548 238069496 f 116368 402398 iot 2471040 0 th 0 0 0 pt 0 inp 0 0 114263.613
05-17 23:56:09.213  1083  1083 D io_stats: !@ Read_top(KB): com.antivirus:low(30266) 3460 rild:normal(22177) 156 stagram.android:low(10665) 96
05-17 23:56:09.214  1083  1083 D io_stats: !@ Write_top(KB): kworker/u17:3:/(20874) 716 com.tplink.tpm5:low(7746) 28 soft.appmanager:high(27438) 16
05-17 23:56:10.172 22446 22819 D InetDiagMessage: Destroyed 0 sockets, proto=IPPROTO_TCP, family=AF_INET, states=14
05-17 23:56:10.175 22446 22819 D InetDiagMessage: Destroyed 1 sockets, proto=IPPROTO_TCP, family=AF_INET6, states=14
05-17 23:56:10.176 22446 22819 D InetDiagMessage: Destroyed live tcp sockets for uids={10431} in 7ms
05-17 23:56:10.179 22446 22819 D InetDiagMessage: Destroyed 0 sockets, proto=IPPROTO_TCP, family=AF_INET, states=14
05-17 23:56:10.181 22446 22819 D InetDiagMessage: Destroyed 0 sockets, proto=IPPROTO_TCP, family=AF_INET6, states=14
05-17 23:56:10.181 22446 22819 D InetDiagMessage: Destroyed live tcp sockets for uids={20431} in 6ms
05-17 23:56:10.189 22113 22557 I thermal_core: pivot(AP) : 332, skin : 343
05-17 23:56:10.189 22113 22557 I vendor.samsung.hardware.thermal-service: index = -9.800000
05-17 23:56:10.189 22113 22557 I vendor.samsung.hardware.thermal-service: 10 / 10
05-17 23:56:10.228 22092 22202 D AHAL_ModulePrimary_QTI: getVendorParameters: id count: 1
05-17 23:56:10.229 22092 22202 I PAL: ResourceManager: getActiveStream_l: 6569: no active streams found for device 3 ret -2
05-17 23:56:10.229 22092 22202 D AHAL_SecModulePrimary: onGetSECGenericParameters get temperature for g_hw_speaker_amp_temp_rcv: 0
05-17 23:56:10.229 22092 22202 D AHAL_ModulePrimary_QTI: getVendorParameters: id count: 1
05-17 23:56:10.229 22092 22202 I PAL: ResourceManager: getActiveStream_l: 6569: no active streams found for device 3 ret -2
05-17 23:56:10.229 22092 22202 D AHAL_SecModulePrimary: onGetSECGenericParameters get temperature for g_hw_speaker_amp_temp_spk: 0
05-17 23:56:10.230 24930 26001 I SDHMS:x : SIOP:: AP:332 BAT:291 USB:286 CHG:332 PA:330 CP:327 WIFI:333 CF:334 BLK:0 SUBBAT:295 LRPTHM:319 SKIN:335 SKINF:333 SKINB:342 LRP:335 LRF:333 LRB:342 APT:333 APR:342 RCV:288 SPK:283 CAPR:335 CRCV:306 CSPK:299 CAMT:332 UPSPK:297 DNSPK:298 VAP02:344 VAP05:336 AMB2:226 HIGH:0 AVGCUR:764 AVGSYS:415 POWER:2930
05-17 23:56:10.230 24930 26001 I AudioManager: setParameters keyValuePairs = g_hw_speaker_amp_temp_spk=30
05-17 23:56:10.231 22086 22406 D AudioFlinger: setParameters: filtered dev setParameters keyvalue g_hw_speaker_amp_temp_spk=30
05-17 23:56:10.231 22092 22202 D AHAL_HFP_QTI: hfp_set_parameters enter
05-17 23:56:10.232 22092 22202 D AHAL_HFP_QTI: hfp_set_parameters Exit
05-17 23:56:10.232 22092 22202 D AHAL_SecModulePrimary: processSetVendorParameters: configured g_hw_speaker_amp_temp_spk
05-17 23:56:10.232 22092 22202 D AHAL_SecModulePrimary: processSetVendorParameters: handler set on Feature:0
05-17 23:56:10.232 22092 22202 D AHAL_SecModulePrimary: onSetSECGenericParameters set temperature for g_hw_speaker_amp_temp_spk: 30
05-17 23:56:10.232 22092 22202 I PAL: API: pal_set_param: 1377: Enter: param id 3002
05-17 23:56:10.232 22092 22202 I PAL: ResourceManager: getActiveStream_l: 6569: no active streams found for device 3 ret -2
05-17 23:56:10.232 22086 22406 E ConversionHelperAidl: Function: parseAndSetVendorParameters Line: 94 Failed
05-17 23:56:10.233 22086 22406 E ConversionHelperAidl: Function: parseAndSetVendorParameters Line: 94 Failed
05-17 23:56:10.233 24930 26001 I AudioManager: setParameters keyValuePairs = g_hw_speaker_amp_temp_rcv=31
05-17 23:56:10.233 22086 22406 D AudioFlinger: setParameters: filtered dev setParameters keyvalue g_hw_speaker_amp_temp_rcv=31
05-17 23:56:10.234 22092 22102 D AHAL_HFP_QTI: hfp_set_parameters enter
05-17 23:56:10.234 22092 22102 D AHAL_HFP_QTI: hfp_set_parameters Exit
05-17 23:56:10.234 22092 22102 D AHAL_SecModulePrimary: processSetVendorParameters: configured g_hw_speaker_amp_temp_rcv
05-17 23:56:10.234 22092 22102 D AHAL_SecModulePrimary: processSetVendorParameters: handler set on Feature:0
05-17 23:56:10.234 22092 22102 D AHAL_SecModulePrimary: onSetSECGenericParameters set temperature for g_hw_speaker_amp_temp_rcv: 31
05-17 23:56:10.234 22092 22102 I PAL: API: pal_set_param: 1377: Enter: param id 3001
05-17 23:56:10.234 22092 22102 I PAL: ResourceManager: getActiveStream_l: 6569: no active streams found for device 3 ret -2
05-17 23:56:10.234 22086 22406 E ConversionHelperAidl: Function: parseAndSetVendorParameters Line: 94 Failed
05-17 23:56:10.234 22086 22406 E ConversionHelperAidl: Function: parseAndSetVendorParameters Line: 94 Failed
05-17 23:56:11.214  1083  1083 D io_stats: !@   8,0 r 29574523 833562208 w 7220356 134685584 d 1124548 238069496 f 116369 402400 iot 2471044 0 th 0 0 0 pt 0 inp 0 0 114265.614
05-17 23:56:11.232 22113 22557 I thermal_core: pivot(AP) : 332, skin : 342
05-17 23:56:11.232 22113 22557 I vendor.samsung.hardware.thermal-service: index = -10.000000
05-17 23:56:11.232 22113 22557 I vendor.samsung.hardware.thermal-service: 1 / 10
05-17 23:56:11.383 14101 14101 I wpa_supplicant: Heartbeat 445
05-17 23:56:11.437 23031 23167 D SatelliteController: isInCarrierRoamingNbIotNtn: satellite is disabled
05-17 23:56:11.437 23031 23167 V SatelliteController: getWwanIsInService: return true
05-17 23:56:11.689 22446 24301 I NSLocationMonitor: getGPSUsingApps() called
05-17 23:56:11.689 24310  2497 I NSLocationManager_FLP: getGPSUsingApps, No change
05-17 23:56:11.695 22446 24301 D FreecessHandler: freeze com.instagram.android(10505) result : 18
05-17 23:56:11.721 22446 22799 E WifiStaIfaceAidlImpl: getCachedScanData failed with service-specific exception: android.os.ServiceSpecificException:  (code 4)
05-17 23:56:11.726 22446 27495 D SemWifiUsabilityStatsMonitor: onWifiUsabilityStats - seqNum 28920, isSameBssidAndFreq true
05-17 23:56:11.730 22446 22924 I SemWifiLinkQualityMonitor: Link stat: 201 / 18 / 1.67 (5) / 5187 / -45.0 || 100.0 : 5187.00 / 0.5 : 0.60 / 0.55 : 0.09 / G (G) || fe7926386295: 0.240 / 33.287 / N || N N / 0 0 / N 2.0 / N X 2 / 114266126 0 || 2026-05-17 23:56:11  / 0: 0 0 0 0 0 0 / 0: 0 0 0 0 0 0 / 0: 0 0 0 0 0 0
05-17 23:56:11.730 22446 22925 D InsDataManager: onOutageCountUpdate() - Outage Data: 0, LQ : N. Outage Triggered: false
05-17 23:56:11.730 22446 22925 D SemInsManager: {"bssid": "fe7926386295","rssi": -45.0,"latency": 0.24033053630292628,"outage_count": 0,"lq_callback_triggered": false,"outage_log": "Link stat: 201 / 18 / 1.67 (5) / 5187 / -45.0 || 100.0 : 5187.00 / 0.5 : 0.60 / 0.55 : 0.09 / G (G) || fe7926386295: 0.240 / 33.287 / N || N N / 0 0 / N 2.0 / N X 2 / 114266126 0 || 2026-05-17 23:56:11  / 0: 0 0 0 0 0 0 / 0: 0 0 0 0 0 0 / 0: 0 0 0 0 0 0""Magnetic Sensor Events size": "0""Pressure Sensor Events size": "0"}
05-17 23:56:11.732 22446 22942 D SGM:GameManager: identifyGamePackage. com.tiarnanlarkin.danio, mCurrentUserId: 0, callingMethodInfo: com.samsung.android.game.SemGameManager.isGamePackage(SemGameManager.java:105)
05-17 23:56:11.732 22446 22942 D SGM:SemGameManager: isGamePackage(), pkgName=com.tiarnanlarkin.danio, ret=false
05-17 23:56:11.749  1812  2606 I sensors-hal: handle_sns_std_sensor_event:90, light_cct: ts = 176355204619383 ns; value = [360, 360, 126, 153, 441, 408, 220, 6, 65728, 15, 1]
05-17 23:56:12.132 22446 22922 I SemWifiServiceDetector: Service det. suspended: T / T / 14636
05-17 23:56:12.234 22113 22557 I thermal_core: pivot(AP) : 331, skin : 342
05-17 23:56:12.234 22113 22557 I vendor.samsung.hardware.thermal-service: index = -10.400000
05-17 23:56:12.234 22113 22557 I vendor.samsung.hardware.thermal-service: 2 / 10
05-17 23:56:12.247  1871  1954 E BatteryDump: !@new_battery_dump : 3838,800,1100,3100,29,291,286,332,291,0,343,332,294,Charging,NO_CHARGING,Normal,Good,PDIC,0,Normal,0,0,10494,0x8000,0x10010000,0x0,0,0,522,v0004,0,1/1-5000-0-3000,0000,0000,00000000,3847,3862,0,365,435,0,233,0,294,990,0,
05-17 23:56:12.247 22113 22113 I seh_thermal_service: getTemperaturesWithType SehTemperatureType: 3
05-17 23:56:12.247 22446 24355 D BatteryService: [processValuesLocked]batteryLevel:29 ,LastbatteryLevel:29 ,mPlugType:2 ,batteryStatus:2
05-17 23:56:12.247 22446 24355 D BatteryService: [countBatteryChangedConditions]mBatteryChangedConditionCounts:[52, 7, 1, 546, 51, 211, 177, 0, 0, 61, 49, 0, 64, 0, 0, 8, 113, 51, 0, 0, 0, 1]
05-17 23:56:12.247 22446 24355 D BatteryService: Sending ACTION_BATTERY_CHANGED: level:29, status:2, health:2, remain:10175, ac:false, usb:true, wireless:false, pogo:false, misc:0x10010000, charge_type:1, charger_type:1, voltage:3838, temperature:291, online:19, charging_status:0, cycle_count:0, current_avg:766874, ps:false, hvc:true, current_event:0x8000, mcc:0, mcv:0, cc:1293600, present:true, scale:100, technology:Li-ion, protection:0
05-17 23:56:12.247  1871  1871 I sehhealth-service: updateLrpSysfs: write: 342
05-17 23:56:12.247 22446 29032 V [SS]SleepChargingTimeController: [isActivated]mSleepChargingStatus isNowSessionTime False => false
05-17 23:56:12.248 22446 24355 D [SS]BattUtils: [readNode]path:/efs/FactoryApp/bsoh ,value:100
05-17 23:56:12.249 23268 23268 I AODBatteryManager: updateBatteryData: ACTION_BATTERY_CHANGED: true, isSleepModeChanged:false ,isRemainingTimeChanged: false, isUSBRestriction: false
05-17 23:56:12.250 23268 23268 I AODBatteryManager: saveBatteryData : AOD BatteryData [mBatteryLevel=29, mBatteryStatus=CHARGING, mBatteryPlugType=USB, mBatteryPlugged=true, mRemainingChargeTime=10175000, mBatteryChargingType=2, mBatteryChargerType=FAST, mBatteryOnline=NOT_DEFINED, mBatterySwellingMode=NONE, mBatteryProtectMode=false, mBatteryProtectModeType=4, mSleepChargingEvent=null, mSleepChargingEventFinishTime=null, mBatteryHealth=2, mIsDirectPowerMode=false, mIsUsbRestriction=false]
05-17 23:56:12.250 23268 23268 I PowerUI : mBootCompleted = true |  mFullyConnected = true
05-17 23:56:12.250 23268 23268 I PowerUI : BATTERY_HEALTH_CHECK / batteryHealth : 2 / wirelessOverheat : false
05-17 23:56:12.250 23268 23268 D PowerUI : Skip charging animation - by Plug reason
05-17 23:56:12.250 23268 23268 D PowerUI : Skip charging sound & vibrate - by Plug reason
05-17 23:56:12.250 23268 23268 D PowerUI : oldMisalign : false, curMisalign : false
05-17 23:56:12.250 23268 12536 D PowerUI.Notification: updateNotification mWarning = false mPlaySound = false
05-17 23:56:12.251 23031 23031 D SemBigDataInfoController: Intent: android.intent.action.BATTERY_CHANGED
05-17 23:56:12.251 23031 23031 D SemBigDataInfoController: Intent: android.intent.action.BATTERY_CHANGED
05-17 23:56:12.251 22446 22791 D MotionRecognitionService: [SAR]  onReceive : ACTION_BATTERY_CHANGED, Plugged: 2
05-17 23:56:12.251 23268 23268 D PowerUI.Notification: showChargingNotice - There is no change charging status, so return!
05-17 23:56:12.251 22446 25222 D KNOX_MDM_SettingsProvider: isChangeAllowed() : name = ltc_highsoc_exceed_time
05-17 23:56:12.251 22446 25222 D KNOX_MDM_SettingsProvider: edmUri: content://com.sec.knox.provider/RestrictionPolicy3
05-17 23:56:12.251 22446 25222 D KNOX_MDM_SettingsProvider: projectionArgs: isSettingsChangesAllowed
05-17 23:56:12.251 22446 25222 D KNOX_MDM_SettingsProvider: selectionArgs: false
05-17 23:56:12.251 22446 25222 D KNOX_MDM_SettingsProvider: selectionArgs: 10049
05-17 23:56:12.251 22446 22978 I DeviceBatteryInfoService: action: android.intent.action.BATTERY_CHANGED
05-17 23:56:12.251 22446 22978 I DeviceBatteryInfoService: phone battery level: 29
05-17 23:56:12.251 22446 22978 I DeviceBatteryInfoService: phone battery status: 2
05-17 23:56:12.251 22446 25222 D SecContentProvider: query(), uri = 17 selection = isSettingsChangesAllowed
05-17 23:56:12.251 22446 25222 D SecContentProvider: called from android.uid.systemui:10049
05-17 23:56:12.252 22446 25222 D RestrictionPolicy: isSettingsChangesAllowedAsUser, userId 0 : true
05-17 23:56:12.252 22446 25222 D KNOX_MDM_SettingsProvider: ret = 1
05-17 23:56:12.252 22446 22446 D AdaptiveBrightnessLongtermModelBuilder[0]: Received android.intent.action.BATTERY_CHANGED
05-17 23:56:12.252 23268 23268 D KeyguardUpdateMonitor: handleBatteryUpdate
05-17 23:56:12.252 23268 23268 D SamsungBatteryMeterDrawable: onBatteryLevelChanged isSomethingChanged: false
05-17 23:56:12.252 23268 23268 D SamsungBatteryMeterDrawable: onBatteryLevelChanged isSomethingChanged: false
05-17 23:56:12.252 23268 23268 D SamsungBatteryMeterDrawable: onBatteryLevelChanged isSomethingChanged: false
05-17 23:56:12.252 23268 23268 D SamsungBatteryMeterDrawable: onBatteryLevelChanged isSomethingChanged: false
