05-17 23:55:50.116  1812  1812 D SensorsFlicker: Als_common::enable, handle : 1, mode : 1, en : 1
05-17 23:55:50.116  1812 29400 D SensorsFlicker: Als_common::sendCommand, send enable command
05-17 23:55:50.116 22446 24634 D SemContextService: lock : registerCallback
05-17 23:55:50.116 22446 24634 W CAE     : registerCallback(ContextAwareService.java:188) - [regi 01] Mutex is locked for TEST_FLAT_MOTION
05-17 23:55:50.116 22446 24634 W CAE     : registerCallback(ContextAwareService.java:195) - [regi 04]  com.samsung.android.contextaware.ContextAwareManager$CaListenerDelegate@9385180
05-17 23:55:50.117 22446 24634 W CAE     : getListener(ListenerListManager.java:127) - [getListener1]  com.samsung.android.contextaware.ContextAwareManager$CaListenerDelegate@9385180
05-17 23:55:50.117 22446 24634 W CAE     : getListener(ListenerListManager.java:128) - [getListener2]  com.samsung.android.contextaware.manager.ContextAwareService$Listener@8004e03
05-17 23:55:50.117 22446 24634 V CAE     : start(ContextProvider.java:128)
05-17 23:55:50.117 22446 24634 V CAE     : clear(TestFlatMotionRunner.java:126)
05-17 23:55:50.117 22446 24634 V CAE     : enable(TestFlatMotionRunner.java:102)
05-17 23:55:50.117 22446 22788 D SensorService: setSContextDataLocked ints length 2 , byte length 4
05-17 23:55:50.117 22446 22788 D SensorService: setSContextDataLocked 17b1
05-17 23:55:50.117  1812  1812 I sensors-hal: inject_sensor_data:412, handle 1502 send inject
05-17 23:55:50.117  1812  1812 I sensors-hal: sendContextData:303, sensor hal 4, (0xb1, 0x17, 0x0, 0x0)
05-17 23:55:50.117  1812  1812 I sensors-hal: updateActiveSensors:390, enable:177, handle:8, algo:25362432
05-17 23:55:50.117  1812  1812 I sensors-hal: is_restrict_mode:161, mode:normal
05-17 23:55:50.117  1812  1812 I sensors-hal: sendContextData:108, device_position 4
05-17 23:55:50.117  1812  1812 I sensors-hal: acquire_qsh_interface:140, acquire_qsh_interface with sensor_id 55 , conn_type 2
05-17 23:55:50.117  1812  1812 I sensors-hal: acquire_qsh_interface:150, returning _shared_instance[SHARED_SENSORHUBS].conn
05-17 23:55:50.117  1812  1812 I sensors-hal: acquire_shared_instance:174, re-use existing connection for type 2
05-17 23:55:50.118  1812  1812 I sensors-hal: create_sensor_config_request:48, device_position create_sensor_config_request
05-17 23:55:50.118  1812  1812 I sensors-hal: send_sensor_config_request:652, dt=device_position: convert sample_period=0 to batch_period=0
05-17 23:55:50.118  1812  1812 I sensors-hal: send_sync_sensor_request:515, send sync request
05-17 23:55:50.118  1812  1812 I sensors-hal: send_sync_sensor_request:544, wait for notification of response
05-17 23:55:50.119  1812  3750 I sensors-hal: qsh_conn_resp_cb:972, resp_value = 0 for device_position
05-17 23:55:50.119  1812  1812 I sensors-hal: send_sync_sensor_request:550, takes 1 ms to receive the response with 0
05-17 23:55:50.119 22446 24634 D CAE     : getFaultDetectionResult(TestFlatMotionRunner.java:139) - true
05-17 23:55:50.119 22446 24634 I CAE     : notifyCmdProcessResultObserver(ContextProvider.java:627) - CheckResult = 0, Cause = Success
05-17 23:55:50.121 22446 24634 D CAE     : doCommendProcess(ContextAwareService.java:396) - complete notify the operation result.
05-17 23:55:50.121 22446 24634 I CAE     : displayUsedCountForService(ContextAwareService.java:460) - totalCnt = 1, serviceCount = 1, subCollectionCount = 0
05-17 23:55:50.121 22446 24634 D CAE     : showListenerList(ContextAwareService.java:325) - ===== Context Aware Service List =====
05-17 23:55:50.122 22446 24634 I CAE     : showListenerList(ContextAwareService.java:334) - Listener : com.samsung.android.contextaware.manager.ContextAwareService$Listener@8004e03, Service : ACTIVITY_TRACKER_CURRENT_INFO(1)
05-17 23:55:50.122 22446 24634 I CAE     : showListenerList(ContextAwareService.java:334) - Listener : com.samsung.android.contextaware.manager.ContextAwareService$Listener@8004e03, Service : ACTIVITY_TRACKER_INTERRUPT(1)
05-17 23:55:50.122 22446 24634 I CAE     : showListenerList(ContextAwareService.java:334) - Listener : com.samsung.android.contextaware.manager.ContextAwareService$Listener@8004e03, Service : ACTIVITY_TRACKER_BATCH(1)
05-17 23:55:50.122 22446 24634 I CAE     : showListenerList(ContextAwareService.java:334) - Listener : com.samsung.android.contextaware.manager.ContextAwareService$Listener@8004e03, Service : PEDOMETER(1)
05-17 23:55:50.122 22446 24634 I CAE     : showListenerList(ContextAwareService.java:334) - Listener : com.samsung.android.contextaware.manager.ContextAwareService$Listener@8004e03, Service : SLOCATION_RUNNER(1)
05-17 23:55:50.122 22446 24634 I CAE     : showListenerList(ContextAwareService.java:334) - Listener : com.samsung.android.contextaware.manager.ContextAwareService$Listener@8004e03, Service : CH_LOC_TRIGGER(1)
05-17 23:55:50.122 22446 24634 I CAE     : showListenerList(ContextAwareService.java:334) - Listener : com.samsung.android.contextaware.manager.ContextAwareService$Listener@8004e03, Service : FREE_FALL_DETECTION(1)
05-17 23:55:50.122 22446 24634 I CAE     : showListenerList(ContextAwareService.java:334) - Listener : com.samsung.android.contextaware.manager.ContextAwareService$Listener@8004e03, Service : TEST_FLAT_MOTION(1)
05-17 23:55:50.122 22446 24634 I CAE     : showListenerList(ContextAwareService.java:334) - Listener : com.samsung.android.contextaware.manager.ContextAwareService$Listener@8004e03, Service : ACTIVITY_TRACKER(1)
05-17 23:55:50.122 22446 24634 I CAE     : showListenerList(ContextAwareService.java:334) - Listener : com.samsung.android.contextaware.manager.ContextAwareService$Listener@8004e03, Service : PEDOMETER_CURRENT_INFO(1)
05-17 23:55:50.122 22446 24634 W CAE     : registerCallback(ContextAwareService.java:209) - [regi 02] Mutex is unlocked for TEST_FLAT_MOTION
05-17 23:55:50.122 22446 24634 E SemContext.CaeProvider: setAttribute() : attribute is null!
05-17 23:55:50.122 22446 24634 D SemContextService: 	.registerCallback : 7, client= com.sec.android.sdhms
05-17 23:55:50.122 22446 24634 D SemContextService: unlock : registerCallback
05-17 23:55:50.122 22446 24634 E SensorService: BigData:Pakage) 5 already enabled.
05-17 23:55:50.123  1812  1812 I sensors-hal: set_config:64, no need to adjust sample_period_ns due to reporting_mode = 2
05-17 23:55:50.123  1812  1812 I sensors-hal: batch:368, android.sensor.light/51, period=200000000, max_latency=0 request completed
05-17 23:55:50.150  2601 23014 D LOWI-9.0.1.112.a: [LOWI-Scan] wait_event:Wait done with Cmd 34
05-17 23:55:50.150  2601 23014 D LOWI-9.0.1.112.a: [LOWI-Scan] do_listen_events: Rcvd valid Netlink Cmd 34 Err 0
05-17 23:55:50.151 22446 23433 D WifiNl80211Manager: Scan result ready event
05-17 23:55:50.152 22446 23433 D WifiNative: Scan result ready event
05-17 23:55:50.154  2601 23014 D LOWI-9.0.1.112.a: [LOWI-Scan]
05-17 23:55:50.154 22446 22819 D InetDiagMessage: Destroyed 0 sockets, proto=IPPROTO_TCP, family=AF_INET, states=14
05-17 23:55:50.156  2601 23014 D LOWI-9.0.1.112.a: [LOWI-Scan] BSS 26:41:fe:**:**:32 FREQ: 2412, cFreq1[40:80:160] = [0:0:0] cFreq2 = 0 SSID EE-T28NPJ, RSSI(dBM): -33, 11mcRanging: No, Country Code = GB
05-17 23:55:50.156 22446 22819 D InetDiagMessage: Destroyed 1 sockets, proto=IPPROTO_TCP, family=AF_INET6, states=14
05-17 23:55:50.156 22446 22819 D InetDiagMessage: Destroyed live tcp sockets for uids={10431} in 3ms
05-17 23:55:50.156  2601 23014 D LOWI-9.0.1.112.a: [LOWI-Scan]
05-17 23:55:50.156  2601 23014 D LOWI-9.0.1.112.a: [LOWI-Scan] BSS f2:a7:31:**:**:3b FREQ: 5200, cFreq1[40:80:160] = [5190:5210:0] cFreq2 = 0 SSID Deco, RSSI(dBM): -72, 11mcRanging: No, Country Code = DE
05-17 23:55:50.156  2601 23014 D LOWI-9.0.1.112.a: [LOWI-Scan]
05-17 23:55:50.157  2601 23014 I LOWI-9.0.1.112.a: [LOWI-Scan] secureLtf 0 secureRtt 0 urnmMfpr 0
05-17 23:55:50.157  2601 23014 D LOWI-9.0.1.112.a: [LOWI-Scan] BSS 24:41:fe:**:**:3a FREQ: 6295, cFreq1[40:80:160] = [0:6305:6305] cFreq2 = 6345 SSID , RSSI(dBM): -43, 11mcRanging: No, Country Code = GB
05-17 23:55:50.157  2601 23014 D LOWI-9.0.1.112.a: [LOWI-Scan]  -- associated
05-17 23:55:50.157  2601 23014 D LOWI-9.0.1.112.a: [LOWI-Scan]
05-17 23:55:50.157  2601 23014 I LOWI-9.0.1.112.a: [LOWI-Scan] secureLtf 0 secureRtt 0 urnmMfpr 0
05-17 23:55:50.157  2601 23014 D LOWI-9.0.1.112.a: [LOWI-Scan] BSS 24:41:fe:**:**:38 FREQ: 6295, cFreq1[40:80:160] = [0:6305:6305] cFreq2 = 6345 SSID MAINEEHUB, RSSI(dBM): -43, 11mcRanging: No, Country Code = GB
05-17 23:55:50.157  2601 23014 D LOWI-9.0.1.112.a: [LOWI-Scan]
05-17 23:55:50.157  2601 23014 D LOWI-9.0.1.112.a: [LOWI-Scan] BSS f2:a7:31:**:**:27 FREQ: 5200, cFreq1[40:80:160] = [5190:5210:0] cFreq2 = 0 SSID Deco, RSSI(dBM): -64, 11mcRanging: No, Country Code = DE
05-17 23:55:50.157  2601 23014 D LOWI-9.0.1.112.a: [LOWI-Scan]
05-17 23:55:50.157  2601 23014 D LOWI-9.0.1.112.a: [LOWI-Scan] BSS f2:a7:31:**:**:26 FREQ: 2422, cFreq1[40:80:160] = [2432:0:0] cFreq2 = 0 SSID Deco, RSSI(dBM): -55, 11mcRanging: No, Country Code = DE
05-17 23:55:50.157  2601 23014 D LOWI-9.0.1.112.a: [LOWI-Scan]
05-17 23:55:50.157  2601 23014 D LOWI-9.0.1.112.a: [LOWI-Scan] BSS f2:a7:31:**:**:5a FREQ: 2422, cFreq1[40:80:160] = [2432:0:0] cFreq2 = 0 SSID Deco, RSSI(dBM): -72, 11mcRanging: No, Country Code = DE
05-17 23:55:50.157  2601 23014 D LOWI-9.0.1.112.a: [LOWI-Scan]
05-17 23:55:50.157  2601 23014 D LOWI-9.0.1.112.a: [LOWI-Scan] BSS f2:a7:31:**:**:3a FREQ: 2422, cFreq1[40:80:160] = [2432:0:0] cFreq2 = 0 SSID Deco, RSSI(dBM): -69, 11mcRanging: No, Country Code = DE
05-17 23:55:50.157  2601 23014 D LOWI-9.0.1.112.a: [LOWI-Scan]
05-17 23:55:50.157  2601 23014 D LOWI-9.0.1.112.a: [LOWI-Scan] BSS 24:41:fe:**:**:72 FREQ: 2437, cFreq1[40:80:160] = [0:0:0] cFreq2 = 0 SSID EE WiFi, RSSI(dBM): -62, 11mcRanging: No, Country Code = GB
05-17 23:55:50.157  2601 23014 D LOWI-9.0.1.112.a: [LOWI-Scan]
05-17 23:55:50.157  2601 23014 D LOWI-9.0.1.112.a: [LOWI-Scan] BSS 22:41:fe:**:**:72 FREQ: 2437, cFreq1[40:80:160] = [0:0:0] cFreq2 = 0 SSID EE-T28NPJ, RSSI(dBM): -68, 11mcRanging: No, Country Code = GB
05-17 23:55:50.157  2601 23014 D LOWI-9.0.1.112.a: [LOWI-Scan]
05-17 23:55:50.157  2601 23014 I LOWI-9.0.1.112.a: [LOWI-Scan] secureLtf 0 secureRtt 0 urnmMfpr 0
05-17 23:55:50.157  2601 23014 D LOWI-9.0.1.112.a: [LOWI-Scan] BSS 24:41:fe:**:**:7a FREQ: 6295, cFreq1[40:80:160] = [0:6305:6305] cFreq2 = 6345 SSID , RSSI(dBM): -85, 11mcRanging: No, Country Code = GB
05-17 23:55:50.157 22446 22819 D InetDiagMessage: Destroyed 0 sockets, proto=IPPROTO_TCP, family=AF_INET, states=14
05-17 23:55:50.157  2601 23014 D LOWI-9.0.1.112.a: [LOWI-Scan]
05-17 23:55:50.157  2601 23014 I LOWI-9.0.1.112.a: [LOWI-Scan] secureLtf 0 secureRtt 0 urnmMfpr 0
05-17 23:55:50.157  2601 23014 D LOWI-9.0.1.112.a: [LOWI-Scan] BSS 24:41:fe:**:**:78 FREQ: 6295, cFreq1[40:80:160] = [0:6305:6305] cFreq2 = 6345 SSID MAINEEHUB, RSSI(dBM): -85, 11mcRanging: No, Country Code = GB
05-17 23:55:50.157  2601 23014 D LOWI-9.0.1.112.a: [LOWI-Scan]
05-17 23:55:50.157  2601 23014 D LOWI-9.0.1.112.a: [LOWI-Scan] BSS f0:a7:31:**:**:3b FREQ: 5200, cFreq1[40:80:160] = [5190:5210:0] cFreq2 = 0 SSID , RSSI(dBM): -71, 11mcRanging: No, Country Code = DE
05-17 23:55:50.157  2601 23014 D LOWI-9.0.1.112.a: [LOWI-Scan]
05-17 23:55:50.157  2601 23014 D LOWI-9.0.1.112.a: [LOWI-Scan] BSS f0:a7:31:**:**:3a FREQ: 2422, cFreq1[40:80:160] = [2432:0:0] cFreq2 = 0 SSID , RSSI(dBM): -69, 11mcRanging: No, Country Code =
05-17 23:55:50.157  2601 23014 D LOWI-9.0.1.112.a: [LOWI-Scan]
05-17 23:55:50.157  2601 23014 I LOWI-9.0.1.112.a: [LOWI-Scan] secureLtf 0 secureRtt 0 urnmMfpr 0
05-17 23:55:50.157  2601 23014 D LOWI-9.0.1.112.a: [LOWI-Scan] BSS 24:41:fe:**:**:73 FREQ: 5520, cFreq1[40:80:160] = [5510:5530:5530] cFreq2 = 5570 SSID MAINEEHUB, RSSI(dBM): -73, 11mcRanging: No, Country Code = GB
05-17 23:55:50.157  2601 23014 D LOWI-9.0.1.112.a: [LOWI-Scan]
05-17 23:55:50.157  2601 23014 D LOWI-9.0.1.112.a: [LOWI-Scan] BSS 26:41:fe:**:**:73 FREQ: 5520, cFreq1[40:80:160] = [5510:5530:5530] cFreq2 = 5570 SSID EE WiFi, RSSI(dBM): -72, 11mcRanging: No, Country Code = GB
05-17 23:55:50.157  2601 23014 D LOWI-9.0.1.112.a: [LOWI-Scan]
05-17 23:55:50.157  2601 23014 I LOWI-9.0.1.112.a: [LOWI-Scan] secureLtf 0 secureRtt 0 urnmMfpr 0
05-17 23:55:50.157  2601 23014 D LOWI-9.0.1.112.a: [LOWI-Scan] BSS 22:41:fe:**:**:73 FREQ: 5520, cFreq1[40:80:160] = [5510:5530:5530] cFreq2 = 5570 SSID , RSSI(dBM): -72, 11mcRanging: No, Country Code = GB
05-17 23:55:50.157  2601 23014 D LOWI-9.0.1.112.a: [LOWI-Scan]
05-17 23:55:50.157  2601 23014 D LOWI-9.0.1.112.a: [LOWI-Scan] BSS 2e:41:fe:**:**:73 FREQ: 5520, cFreq1[40:80:160] = [5510:5530:5530] cFreq2 = 5570 SSID EE-T28NPJ, RSSI(dBM): -73, 11mcRanging: No, Country Code = GB
05-17 23:55:50.157  2601 23014 D LOWI-9.0.1.112.a: [LOWI-Scan]
05-17 23:55:50.157  2601 23014 I LOWI-9.0.1.112.a: [LOWI-Scan] secureLtf 0 secureRtt 0 urnmMfpr 0
05-17 23:55:50.157  2601 23014 D LOWI-9.0.1.112.a: [LOWI-Scan] BSS 24:41:fe:**:**:33 FREQ: 5540, cFreq1[40:80:160] = [5550:5530:5530] cFreq2 = 5570 SSID MAINEEHUB, RSSI(dBM): -21, 11mcRanging: No, Country Code = GB
05-17 23:55:50.157  2601 23014 D LOWI-9.0.1.112.a: [LOWI-Scan]
05-17 23:55:50.157  2601 23014 I LOWI-9.0.1.112.a: [LOWI-Scan] secureLtf 0 secureRtt 0 urnmMfpr 0
05-17 23:55:50.157  2601 23014 D LOWI-9.0.1.112.a: [LOWI-Scan] BSS 26:41:fe:**:**:33 FREQ: 5540, cFreq1[40:80:160] = [5550:5530:5530] cFreq2 = 5570 SSID , RSSI(dBM): -17, 11mcRanging: No, Country Code = GB
05-17 23:55:50.157  2601 23014 D LOWI-9.0.1.112.a: [LOWI-Scan]
05-17 23:55:50.158  2601 23014 D LOWI-9.0.1.112.a: [LOWI-Scan] BSS 22:41:fe:**:**:33 FREQ: 5540, cFreq1[40:80:160] = [5550:5530:5530] cFreq2 = 5570 SSID EE-T28NPJ, RSSI(dBM): -21, 11mcRanging: No, Country Code = GB
05-17 23:55:50.158  2601 23014 D LOWI-9.0.1.112.a: [LOWIDiagLog] Log: lowiMeasResult->request: invalid null argument
05-17 23:55:50.158  2601 23014 I LOWI-9.0.1.112.a: [LOWI-Scan] lowi_close_record:Scan done in 176318181ms, 21 APs in scan results
05-17 23:55:50.158  2601 23014 D LOWI-9.0.1.112.a: [LOWI-Scan] WipsScanUsingNL: passive scan cached 0, took 338049 ms, err 0
05-17 23:55:50.158  2601 23014 D LOWI-9.0.1.112.a: [LOWI-Scan] lowi_proc_req_passive_scan_with_live_meas - No WLAN Frames to be parsed
05-17 23:55:50.158  2601 23014 D LOWI-9.0.1.112.a: [LOWIScanResultReceiver] Send scan meas to listener
05-17 23:55:50.158  2601 23014 D LOWI-9.0.1.112.a: [LOWIScanResultReceiver] Enter passive listening mode
05-17 23:55:50.158 22446 22819 D InetDiagMessage: Destroyed 0 sockets, proto=IPPROTO_TCP, family=AF_INET6, states=14
05-17 23:55:50.158  2601 23014 D LOWI-9.0.1.112.a: [LOWIWifiDriverInterface] getMeasurements - Passive listening mode
05-17 23:55:50.158 22446 22819 D InetDiagMessage: Destroyed live tcp sockets for uids={20431} in 2ms
05-17 23:55:50.158  2601 23014 D LOWI-9.0.1.112.a: [LOWI-Scan] WipsScanUsingNL:wait -1 sec for netlink message
05-17 23:55:50.159  2601  2784 D LOWI-9.0.1.112.a: [LOWIEventReceiver] handleEvent:FROM:NA, TO:NA, REQ:NA, IREQ:NA, REQ_ID:0, RESP:NA, INFO:NA
05-17 23:55:50.159  2601  2784 D LOWI-9.0.1.112.a: [LOWIBackgroundScanMgr] isRspForBgScanMgr: evt(LOWI_NO_EVT) - not handled
05-17 23:55:50.159  2601  2784 D LOWI-9.0.1.112.a: [LOWIScheduler] manageMsg: NULL results or NULL request in results
05-17 23:55:50.159  2601  2784 D LOWI-9.0.1.112.a: [LOWIController] Measurements received
05-17 23:55:50.159  2601  2784 D LOWI-9.0.1.112.a: [LOWICacheManager] putInCache:Num of Meas to add: 21
05-17 23:55:50.159  2601  2784 D LOWI-9.0.1.112.a: [LOWIController] processMeasurementResults: No current Request. Cache measurements
05-17 23:55:50.160  2601  2784 D LOWI-9.0.1.112.a: [LOWIController] sendAsyncScanResponse: Request FreeWifiScanObserver_28 is from a different client.
05-17 23:55:50.160  2601  2784 D LOWI-9.0.1.112.a: [LOWIController] generateResponse: Type (ASYNC_DISCOVERY_SCAN_RESULTS) ScanStatus (1) request FreeWifiScanObserver_28
05-17 23:55:50.160  2601  2784 D LOWI-9.0.1.112.a: [LOWIEventDispatcher] sendResponse - originator = FreeWifiScanObserver
05-17 23:55:50.160  2601  2784 D LOWI-9.0.1.112.a: [LOWIUtils] injectScanMeasurements - num of APs = 21
05-17 23:55:50.160  2601  2784 I LOWI-9.0.1.112.a: [LOWIUtils] responseToOutPostcard - TO: FreeWifiScanObserver, FROM:   LOWI-SERVER, RESP:  LOWI_ASYNC_DISCOVERY_SCAN_RESULTS
05-17 23:55:50.160  2601  2784 D LOWI-9.0.1.112.a: [LOWIControllerExtn] sendLOWILpDiscoveryScanResponse: Not a discovery scan response
05-17 23:55:50.166 22446 22803 W IE_Capabilities: Unknown RSN cipher suite: 6ac0f00
05-17 23:55:50.166 22446 22803 I WifiScanner: onFullResults
05-17 23:55:50.166 22446 22803 I WifiScanner: onFullResults
05-17 23:55:50.166 22446 22803 I WifiScanner: onFullResults
05-17 23:55:50.167  8385  8229 I WifiScanner: onFullResults
05-17 23:55:50.167  8385  8395 I WifiScanner: onFullResults
05-17 23:55:50.168  1811  2153 I LocSvc_api_v02: ---> locClientSendReq line 2409 QMI_LOC_INJECT_WIFI_AP_DATA_REQ_V02
05-17 23:55:50.168 22446 22908 D SemWifiScanPool: countryCode: GB, count: 14, totalSamples: 20, rate: 70.0%
05-17 23:55:50.168 22446 22908 V SemWifiScanPool: updateScanResult, full scan:21 configKeys: 7 pool_bssid:51 pool_configKeys:8
05-17 23:55:50.168 22446 22908 D WifiConnectivityMonitor: onScanResultUpdated
05-17 23:55:50.168 22446 22908 D WifiConnectivityMonitor: mMaxScannedCountryCode : GB
05-17 23:55:50.169 22446 23468 D SLocation: ReceiverPair - handleWifiScan - wifi scanned enter
05-17 23:55:50.169 22446 23468 D SLocation: ReceiverPair - ignore direction of location due to wifi, id = 2, reason = 500
05-17 23:55:50.169 22446 23468 I SLocation: ReceiverPairWithWifi - handle Wifi Scans ID = 45
05-17 23:55:50.169 22446 23468 I SLocation: ReceiverPairWithWifi - force set enter id=45 by wifi scan
05-17 23:55:50.169 22446 23468 D SLocation: ReceiverPair - ignore direction of location due to wifi, id = 45, reason = 500
05-17 23:55:50.169 22446 23468 I SLocation: ReceiverPairWithWifi - handle Wifi Scans ID = 46
05-17 23:55:50.169 22446 23468 I SLocation: ReceiverPairWithWifi - force set enter id=46 by wifi scan
05-17 23:55:50.169 22446 23468 D SLocation: ReceiverPair - ignore direction of location due to wifi, id = 46, reason = 500
05-17 23:55:50.169 22446 23468 D SLocation: LocationProviderStatus - try to update provider status (GPS/NLP)
05-17 23:55:50.169 22446 23468 D SLocation: LocationProviderStatus - set isGpsOn : true, isNlpOn : true
05-17 23:55:50.169 22446 23468 D SLocation: LocationProviderStatus - gps & nlp status not changed
05-17 23:55:50.169 22446 23468 D SLocation: GeofenceCoreManager - geofence core command pending size : 2
05-17 23:55:50.169 22446 23468 D SLocation: GeofenceCoreRecovery - removeGeofenceInfo id = 15000
05-17 23:55:50.170 22446 23468 D SLocation: SLocationCoreSem - send to coreSem, packet length : 3 / [17, 58, 152]
05-17 23:55:50.170 22446 23468 D SemContextLocationCoreAttribute: setAttribute() mode : 0 action : 23
05-17 23:55:50.170  1811 24269 I LocSvc_ApiV02: <--- globalRespCb line 385 QMI_LOC_INJECT_WIFI_AP_DATA_REQ_V02
05-17 23:55:50.170 22446 23468 D SemContextService: lock : changeParameters
05-17 23:55:50.170 22446 23468 D SemContext.CaeProvider.LocationCoreImpl: setAttribute() mode : 0 action : 23
05-17 23:55:50.171 22446 23468 W CAE     : setCAProperty(ContextAwareService.java:509) - [setProperty 01] Mutex is locked for SLOCATION_RUNNER
05-17 23:55:50.172 22446 23468 I CAE     : setPropertyValue(SLocationRunner.java:116) - SLocationRunner setProperty header : 17, len : 3
05-17 23:55:50.172 22446 22788 D SensorService: setSContextDataLocked ints length 3 , byte length 6
05-17 23:55:50.172 22446 22788 D SensorService: setSContextDataLocked 113717c1
05-17 23:55:50.172  1812  1812 I sensors-hal: inject_sensor_data:412, handle 1502 send inject
05-17 23:55:50.172  1812  1812 I sensors-hal: sendContextData:303, sensor hal 6, (0xc1, 0x17, 0x37, 0x11)
05-17 23:55:50.172  1812  1812 E sensors-hal: sendContextData:133, slocationcore h 193 m 23 s 55
05-17 23:55:50.172  1812  1812 I sensors-hal: sendUserData:119, slocationcore sendUserData
05-17 23:55:50.172  1812  1812 E sensors-hal: create_send_context_data:64, slocationcore create_send_context_data
05-17 23:55:50.172  1812  1812 I sensors-hal: send_context_data:701, slocationcore, 4986366670857974562, 1320970896291267344, msgid:700
05-17 23:55:50.172 22446 23468 W CAE     : setCAProperty(ContextAwareService.java:515) - [setProperty 02] Mutex is unlocked for SLOCATION_RUNNER
05-17 23:55:50.172 22446 23468 D SemContextService: unlock : changeParameters
05-17 23:55:50.172 22446 23468 D SemContextManager:   .changeParameters : listener = Z.i@f0df456, service=SLocation Core
05-17 23:55:50.172 22446 23468 D SLocation: GeofenceCoreManager - geofence core command pending size : 1
05-17 23:55:50.172 22446 23468 D SLocation: GeofenceCoreRecovery - storeGeofenceInfo 1 id = 15000, radius = 16642
05-17 23:55:50.172 22446 23468 D SLocation: SLocationCoreSem - send to coreSem, packet length : 16 / [16, 58, 152, 32, 162, 249, 118, 252, 14, 221, 172, 0, 0, 65, 2, 1]
05-17 23:55:50.172 22446 23468 D SemContextLocationCoreAttribute: setAttribute() mode : 0 action : 23
05-17 23:55:50.173 22446 23468 D SemContextService: lock : changeParameters
05-17 23:55:50.173 22446 23468 D SemContext.CaeProvider.LocationCoreImpl: setAttribute() mode : 0 action : 23
05-17 23:55:50.173 22446 23468 W CAE     : setCAProperty(ContextAwareService.java:509) - [setProperty 01] Mutex is locked for SLOCATION_RUNNER
05-17 23:55:50.173 22446 23468 I CAE     : setPropertyValue(SLocationRunner.java:116) - SLocationRunner setProperty header : 16, len : 16
05-17 23:55:50.173 22446 22799 D PasspointManager: ANQP entry not found for: 26:41:fe:79:26:33:<>
05-17 23:55:50.173 22446 22788 D SensorService: setSContextDataLocked ints length 6 , byte length 19
05-17 23:55:50.173 22446 22788 D SensorService: setSContextDataLocked 103717c1
05-17 23:55:50.173  1812  1812 I sensors-hal: inject_sensor_data:412, handle 1502 send inject
05-17 23:55:50.173  1812  1812 I sensors-hal: sendContextData:303, sensor hal 19, (0xc1, 0x17, 0x37, 0x10)
05-17 23:55:50.173  1812  1812 E sensors-hal: sendContextData:133, slocationcore h 193 m 23 s 55
05-17 23:55:50.173  1812  1812 I sensors-hal: sendUserData:119, slocationcore sendUserData
05-17 23:55:50.173  1812  1812 E sensors-hal: create_send_context_data:64, slocationcore create_send_context_data
05-17 23:55:50.173  1812  1812 I sensors-hal: send_context_data:701, slocationcore, 4986366670857974562, 1320970896291267344, msgid:700
05-17 23:55:50.173 22446 23468 W CAE     : setCAProperty(ContextAwareService.java:515) - [setProperty 02] Mutex is unlocked for SLOCATION_RUNNER
05-17 23:55:50.173 22446 23468 D SemContextService: unlock : changeParameters
05-17 23:55:50.173 22446 23468 D SemContextManager:   .changeParameters : listener = Z.i@f0df456, service=SLocation Core
05-17 23:55:50.173 22446 22799 D PasspointManager: ANQP entry not found for: 24:41:fe:79:26:33:<MAINEEHUB>
05-17 23:55:50.173 22446 22799 D PasspointManager: ANQP entry not found for: 22:41:fe:79:26:33:<EE-T28NPJ>
05-17 23:55:50.173 22446 22799 D PasspointManager: ANQP entry not found for: 26:41:fe:79:26:32:<EE-T28NPJ>
05-17 23:55:50.173 22446 22799 D PasspointManager: ANQP entry not found for: 24:41:fe:79:26:3a:<>
05-17 23:55:50.173 22446 22799 D PasspointManager: ANQP entry not found for: 24:41:fe:79:26:38:<MAINEEHUB>
05-17 23:55:50.173 22446 22799 D PasspointManager: ANQP entry not found for: 24:41:fe:84:7b:72:<EE WiFi>
05-17 23:55:50.173 22446 22799 D PasspointManager: ANQP entry not found for: 22:41:fe:84:7b:72:<EE-T28NPJ>
05-17 23:55:50.173 22446 22799 D PasspointManager: ANQP entry not found for: 26:41:fe:84:7b:73:<EE WiFi>
05-17 23:55:50.173  1812  3750 I sensors-hal: qsh_conn_resp_cb:972, resp_value = 0 for slocationcore
05-17 23:55:50.173 22446 22799 D PasspointManager: ANQP entry not found for: 22:41:fe:84:7b:73:<>
05-17 23:55:50.173 22446 22799 D PasspointManager: ANQP entry not found for: 24:41:fe:84:7b:73:<MAINEEHUB>
05-17 23:55:50.173 22446 22799 D PasspointManager: ANQP entry not found for: 2e:41:fe:84:7b:73:<EE-T28NPJ>
05-17 23:55:50.173 22446 22799 D PasspointManager: ANQP entry not found for: 24:41:fe:84:7b:7a:<>
05-17 23:55:50.173 22446 22799 D PasspointManager: ANQP entry not found for: 24:41:fe:84:7b:78:<MAINEEHUB>
05-17 23:55:50.173  1812  3750 I sensors-hal: qsh_conn_resp_cb:972, resp_value = 0 for slocationcore
05-17 23:55:50.174  1812  3750 I sensors-hal: qsh_conn_event_cb:927, event[0] sensor:slocationcore  Wakeup, msg_id=1025, ts=3385727201795
05-17 23:55:50.174  1812  3750 E sensors-hal: handle_sns_client_event:78, slocationcore_event: msgid:1025
05-17 23:55:50.174  1812  3750 I sensors-hal: insert_awaking_events:873, smp2p_event, 32.slocationcore, msgid:1025
05-17 23:55:50.174  1812  3750 I sensors-hal: qsh_conn_event_cb:927, event[0] sensor:slocationcore  Wakeup, msg_id=1025, ts=3385727202065
05-17 23:55:50.174  1812  3750 E sensors-hal: handle_sns_client_event:78, slocationcore_event: msgid:1025
05-17 23:55:50.174  1812  3750 I sensors-hal: qsh_conn_event_cb:927, event[0] sensor:slocationcore  Wakeup, msg_id=1025, ts=3385727205230
05-17 23:55:50.174  1812  3750 E sensors-hal: handle_sns_client_event:78, slocationcore_event: msgid:1025
05-17 23:55:50.174 22446 22786 D CAE     : onGetSensorHubData(SensorHubParserProvider.java:92) - onGetSensorHubData Event [event buffer len :56], AP_WAKEUP
05-17 23:55:50.174 22446 22786 I CAE     : parse(SensorHubParserProvider.java:188) - buffer size = 56
05-17 23:55:50.174 22446 22786 I CAE     : parse(SensorHubParserProvider.java:199) - 1, 1, 55, 0, 51, 5, 7, 2, 0, 0, 0, 0, 4, -26, -73, 8, 15, 5, 0, 0, 0, -56, 4, -26, -73, 8, 15, 5, 0, 0, 0, -56, 4, -26, -73, 8, 7, 2, 0, 0, 0, 9, 4, -26, -38, 48, 6, 30, 0, 0, 0, -56, 4, -21, 78, -48,
05-17 23:55:50.174 22446 22786 I CAE     : parse(SLocationRunner.java:88) - SLocationRunner parse start : 3
05-17 23:55:50.174 22446 22786 D CAE     : display(ContextProvider.java:375) - ================= SLOCATION_RUNNER =================
05-17 23:55:50.174 22446 22786 I CAE     : display(ContextProvider.java:391) - ExtraDataArray=[1, 1, 55, 0, 51, 5, 7, 2, 0, 0, 0, 0, 4, -26, -73, 8, 15, 5, 0, 0, 0, -56, 4, -26, -73, 8, 15, 5, 0, 0, 0, -56, 4, -26, -73, 8, 7, 2, 0, 0, 0, 9, 4, -26, -38, 48, 6, 30, 0, 0, 0, -56, 4, -21, 78, -48]
05-17 23:55:50.174 22446 22786 I CAE     : parse(SLocationRunner.java:96) - SLocationRunner parse end:56
05-17 23:55:50.174 22446 22786 D CAE     : onGetSensorHubData(SensorHubParserProvider.java:92) - onGetSensorHubData Event [event buffer len :10], AP_WAKEUP
05-17 23:55:50.175 22446 22786 I CAE     : parse(SensorHubParserProvider.java:188) - buffer size = 10
05-17 23:55:50.175 22446 22786 I CAE     : parse(SensorHubParserProvider.java:199) - 1, 1, 55, 0, 5, 2, 17, 0, 58, -104,
05-17 23:55:50.175 22446 22786 I CAE     : parse(SLocationRunner.java:88) - SLocationRunner parse start : 3
05-17 23:55:50.175 22446 22783 D SemContextService: Service.updateContext() : service = SLocation Core
05-17 23:55:50.175 22446 22786 D CAE     : display(ContextProvider.java:375) - ================= SLOCATION_RUNNER =================
05-17 23:55:50.175 22446 22786 I CAE     : display(ContextProvider.java:391) - ExtraDataArray=[1, 1, 55, 0, 5, 2, 17, 0, 58, -104]
05-17 23:55:50.175 22446 22786 I CAE     : parse(SLocationRunner.java:96) - SLocationRunner parse end:10
05-17 23:55:50.175 22446 22786 D CAE     : onGetSensorHubData(SensorHubParserProvider.java:92) - onGetSensorHubData Event [event buffer len :10], AP_WAKEUP
05-17 23:55:50.175 22446 22783 D SemContextService: Service.updateContext() : service = SLocation Core
05-17 23:55:50.175 22446 22786 I CAE     : parse(SensorHubParserProvider.java:188) - buffer size = 10
05-17 23:55:50.175 22446 22786 I CAE     : parse(SensorHubParserProvider.java:199) - 1, 1, 55, 0, 5, 2, 16, 0, 58, -104,
05-17 23:55:50.175 22446 22786 I CAE     : parse(SLocationRunner.java:88) - SLocationRunner parse start : 3
05-17 23:55:50.175 22446 22786 D CAE     : display(ContextProvider.java:375) - ================= SLOCATION_RUNNER =================
05-17 23:55:50.175 22446 22786 I CAE     : display(ContextProvider.java:391) - ExtraDataArray=[1, 1, 55, 0, 5, 2, 16, 0, 58, -104]
05-17 23:55:50.175 22446 22786 I CAE     : parse(SLocationRunner.java:96) - SLocationRunner parse end:10
05-17 23:55:50.175 22446 22783 D SemContextService: Service.updateContext() : service = SLocation Core
05-17 23:55:50.179 22446 22799 E WifiStaIfaceAidlImpl: getCachedScanData failed with service-specific exception: android.os.ServiceSpecificException:  (code 4)
05-17 23:55:50.181  2601 23014 D LOWI-9.0.1.112.a: [LOWI-Scan] wait_event:Wait done with Cmd 103
05-17 23:55:50.181  2601 23014 D LOWI-9.0.1.112.a: [LOWI-Scan] do_listen_events: Rcvd valid Netlink Cmd 0 Err 0
05-17 23:55:50.181 14101 14101 I wpa_supplicant: nl80211: Vendor event: wiphy=0 vendor_id=0x1374 subcmd=182
05-17 23:55:50.181  1814 23013 I WifiHAL : event received NL80211_CMD_VENDOR, vendor_id = 0x1374, subcmd = 0xb6
05-17 23:55:50.182  2513  2513 I cnss-daemon: nl80211 response handler invoked
05-17 23:55:50.182  2513  2513 I cnss-daemon: nl80211_response_handler: cmd 103, vendorID 4980, subcmd 182  received
05-17 23:55:50.188 22446 22446 D GnssLocationProvider_ex: receive broadcast intent, action: android.net.wifi.SCAN_RESULTS
05-17 23:55:50.188 22446 22446 D SemContextManager: onSemContextChanged() : event = SLocation Core
05-17 23:55:50.188 22446 22446 D SLocation: SensorHubWrapper - SemContextChanged type = 47, packet received
05-17 23:55:50.189 22446 22446 D SemContextManager: onSemContextChanged() : event = SLocation Core
05-17 23:55:50.189 22446 22446 D SLocation: SensorHubWrapper - SemContextChanged type = 47, packet received
05-17 23:55:50.189 22446 22446 D SemContextManager: onSemContextChanged() : event = SLocation Core
05-17 23:55:50.189 22446 22446 D SLocation: SensorHubWrapper - SemContextChanged type = 47, packet received
05-17 23:55:50.189 22446 23468 D SLocation: GeofenceCoreManager - received Extra Data from core, len : 51
05-17 23:55:50.189 22446 23468 D SLocation: CommonCoreManager - received Extra Data from core, len : 51
05-17 23:55:50.189 22446 23468 D SLocation: GeofenceCoreManager - received Extra Data from core, len : 5
05-17 23:55:50.189 22446 23468 D SLocation: GeofenceCoreManager - handleCommandCallback - GEOFENCE_REMOVE SUCCESS
05-17 23:55:50.189 22446 23468 I SLocation: SHardwareManager - handleRemoveCallback : GEOFENCE_SUCCESS, id = 15000
05-17 23:55:50.189 22446 23468 D SLocation: CommonCoreManager - received Extra Data from core, len : 5
05-17 23:55:50.189 22446 23468 D SLocation: GeofenceCoreManager - received Extra Data from core, len : 5
05-17 23:55:50.189 22446 23468 D SLocation: GeofenceCoreManager - handleCommandCallback - GEOFENCE_ADD SUCCESS
05-17 23:55:50.189 22446 23468 I SLocation: SHardwareManager - handleAddCallback : GEOFENCE_SUCCESS id = 15000
05-17 23:55:50.189 22446 23468 D SLocation: CommonCoreManager - received Extra Data from core, len : 5
05-17 23:55:50.190 22446 22952 D WifiConnectivityMonitor: MultiNetwork : false || false
05-17 23:55:50.190 22446 22952 D WifiConnectivityMonitor: MultiNetwork legacy (1000) false
05-17 23:55:50.190 22446 13381 I Mocca_VehicleDetectionHelper: (1.1.04.1)WiFi: WiFi delta: 7.0 totalKeys is: 25 ratio is: 28.0
05-17 23:55:50.190 22446 13381 I Mocca_VehicleDetectionHelper: (1.1.04.1)WiFi: Setting status to UNKNOWN as time diff is > 200
05-17 23:55:50.190 22446 13381 I Mocca_VehicleDetectionHelper: (1.1.04.1)WiFi: Updated WiFi status: 0
05-17 23:55:50.190 22446 13381 D VehicleSensorHub: vehicleSendToSensorHub status : 0 type : 16
05-17 23:55:50.190 22446 13381 I SensorManager: Get Sensor type = 65586
05-17 23:55:50.190 22446 13381 D SensorService: setSContextDataLocked ints length 3 , byte length 5
05-17 23:55:50.190 22446 13381 D SensorService: setSContextDataLocked 103c17c1
05-17 23:55:50.190  1812  1812 I sensors-hal: inject_sensor_data:412, handle 1502 send inject
05-17 23:55:50.190  1812  1812 I sensors-hal: sendContextData:303, sensor hal 5, (0xc1, 0x17, 0x3c, 0x10)
05-17 23:55:50.191  1812  1812 I sensors-hal: sendContextData:206, activities 5 c1, 1
05-17 23:55:50.191  1812  1812 I sensors-hal: sendUserData:227, Activities cmd 0xc1 0x17
05-17 23:55:50.191  1812  1812 I sensors-hal: create_send_context_data:45, sending create_send_context_data
05-17 23:55:50.191  1812  1812 I sensors-hal: send_context_data:701, activities, 4914309220830019584, 1320970896291267344, msgid:700
05-17 23:55:50.191  1812  3750 I sensors-hal: qsh_conn_resp_cb:972, resp_value = 0 for activities
05-17 23:55:50.192 22446 13381 W ContextImpl: Calling a method in the system process without a qualified user: android.app.ContextImpl.sendBroadcast:1335 com.samsung.android.mocca.app.vehicle.AdvancedVehicleDetection.reportAdvancedVehicleEvent:185 com.samsung.android.mocca.app.vehicle.AdvancedVehicleDetection.handleWifiScanResult:340 com.samsung.android.mocca.app.vehicle.AdvancedVehicleDetection.q:0 D.e.h:231
05-17 23:55:50.192  1812  1812 D SensorsFlicker: Als_common::setDelay, handle : 1 time : 10000000ns
05-17 23:55:50.192  1812  1812 D SensorsFlicker: Als_common::enable, handle : 1, mode : 1, en : 0
05-17 23:55:50.193  1812 29401 D SensorsFlicker: Als_common::sendCommand, send disable command
05-17 23:55:50.200  2108  2134 I [CE]_IndoorLocationManager: onNewScanResults - Update: 10
05-17 23:55:50.200  2108  2134 I [CE]_IndoorLocationManager: detectPoiEntryExit - State: 1
05-17 23:55:50.200  2108  2134 I [CE]_IndoorLocationManager: predict  - Sub-loc index: 8
05-17 23:55:50.200  2108  2134 I [CE]_IndoorLocationManager: identifyIndoorLocation - State: 0 / 8 / 0 / 0 / 16
05-17 23:55:50.200  2108  2134 I [CE]_ContextEngineReceiver: onReceive - action: com.samsung.android.mocca.ACTION_ADVANCED_VEHICLE_EVENT
05-17 23:55:50.201  2108  2134 I [CE]_AdvancedVehicleEvent: decode - not BT type: 16
05-17 23:55:50.201  2108  2134 I [CE]_AdvancedVehicleEvent: decode - not BT type: 16
05-17 23:55:50.201  2108  2134 I [CE]_MovingContextProvider: onReceive - Advanced Vehicle Context received: 16, 0
05-17 23:55:50.201  2108  2134 I [CE]_AdvancedVehicleEvent: decode - not BT type: 16
05-17 23:55:50.201  2108  2134 I [CE]_CarContextProvider: onReceive - Advanced Vehicle Context received: 16, 0
05-17 23:55:50.201  2108  2134 I [CE]_RealtimeMovingContextProvider: onReceive - Not started
05-17 23:55:50.250  1812  3750 I sensors-hal: qsh_conn_event_cb:894, SCHED_FIFO(10) for qmi_cbk
05-17 23:55:50.251  1812  3750 I sensors-hal: qsh_conn_event_cb:927, event[0] sensor:device_position  Wakeup, msg_id=1025, ts=3385728679536
05-17 23:55:50.251  1812  3750 I sensors-hal: handle_sns_client_event:78, device_position_event: msgid:1025
05-17 23:55:50.251  1812  3750 I sensors-hal: handle_sns_client_event:97, device_position_event: 3
05-17 23:55:50.252 22446 22786 D CAE     : onGetSensorHubData(SensorHubParserProvider.java:92) - onGetSensorHubData Event [event buffer len :4], AP_WAKEUP
05-17 23:55:50.252 22446 22786 I CAE     : parse(SensorHubParserProvider.java:188) - buffer size = 4
05-17 23:55:50.252 22446 22786 I CAE     : parse(SensorHubParserProvider.java:199) - 1, 1, 23, 3,
05-17 23:55:50.253 22446 22786 D CAE     : display(ContextProvider.java:375) - ================= TEST_FLAT_MOTION =================
05-17 23:55:50.253 22446 22786 I CAE     : display(ContextProvider.java:391) - Action=[3]
05-17 23:55:50.253 22446 22783 D SemContextService: Service.updateContext() : service = Device Position
05-17 23:55:50.254 22446 23433 D SemContextService: lock : unregisterCallback
05-17 23:55:50.254 22446 23433 D SemContextService: Service.removeListenerLocked() : listener = com.samsung.android.hardware.context.SemContextService$Listener@a4f264a, service = Device Position, used = 0
05-17 23:55:50.254 22446 23433 W CAE     : unregisterCallback(ContextAwareService.java:230) - [unregi 01] Mutex is locked for TEST_FLAT_MOTION
05-17 23:55:50.255 22446 23433 W CAE     : getListener(ListenerListManager.java:127) - [getListener1]  com.samsung.android.contextaware.ContextAwareManager$CaListenerDelegate@9385180
05-17 23:55:50.255 22446 23433 W CAE     : getListener(ListenerListManager.java:128) - [getListener2]  com.samsung.android.contextaware.manager.ContextAwareService$Listener@8004e03
05-17 23:55:50.255 22446 23433 V CAE     : stop(ContextProvider.java:155)
05-17 23:55:50.255 22446 23433 V CAE     : clear(TestFlatMotionRunner.java:126)
05-17 23:55:50.255 22446 23433 V CAE     : disable(TestFlatMotionRunner.java:115)
05-17 23:55:50.255 22446 22788 D SensorService: setSContextDataLocked ints length 2 , byte length 4
05-17 23:55:50.255 22446 22788 D SensorService: setSContextDataLocked 17b2
05-17 23:55:50.256  1812  1812 I sensors-hal: inject_sensor_data:412, handle 1502 send inject
05-17 23:55:50.256  1812  1812 I sensors-hal: sendContextData:303, sensor hal 4, (0xb2, 0x17, 0x0, 0x0)
05-17 23:55:50.256  1812  1812 I sensors-hal: updateActiveSensors:390, enable:178, handle:8, algo:25362688
05-17 23:55:50.256  1812  1812 I sensors-hal: sendContextData:108, device_position 4
05-17 23:55:50.256  1812  1812 I sensors-hal: send_sync_sensor_request:515, send sync request
05-17 23:55:50.256  1812  1812 I sensors-hal: send_sync_sensor_request:544, wait for notification of response
05-17 23:55:50.257  1812  3750 I sensors-hal: qsh_conn_resp_cb:972, resp_value = 0 for device_position
05-17 23:55:50.257  1812  1812 I sensors-hal: send_sync_sensor_request:550, takes 0 ms to receive the response with 0
05-17 23:55:50.257 22446 23433 D CAE     : getFaultDetectionResult(TestFlatMotionRunner.java:139) - true
05-17 23:55:50.257 22446 23433 I CAE     : notifyCmdProcessResultObserver(ContextProvider.java:627) - CheckResult = 0, Cause = Success
05-17 23:55:50.260 22446 23433 D CAE     : doCommendProcess(ContextAwareService.java:396) - complete notify the operation result.
05-17 23:55:50.260 22446 23433 I CAE     : displayUsedCountForService(ContextAwareService.java:460) - totalCnt = 0, serviceCount = 0, subCollectionCount = 0
05-17 23:55:50.260 22446 23433 D CAE     : showListenerList(ContextAwareService.java:325) - ===== Context Aware Service List =====
05-17 23:55:50.260 22446 23433 I CAE     : showListenerList(ContextAwareService.java:334) - Listener : com.samsung.android.contextaware.manager.ContextAwareService$Listener@8004e03, Service : ACTIVITY_TRACKER_CURRENT_INFO(1)
05-17 23:55:50.260 22446 23433 I CAE     : showListenerList(ContextAwareService.java:334) - Listener : com.samsung.android.contextaware.manager.ContextAwareService$Listener@8004e03, Service : ACTIVITY_TRACKER_INTERRUPT(1)
05-17 23:55:50.260 22446 23433 I CAE     : showListenerList(ContextAwareService.java:334) - Listener : com.samsung.android.contextaware.manager.ContextAwareService$Listener@8004e03, Service : ACTIVITY_TRACKER_BATCH(1)
05-17 23:55:50.260 22446 23433 I CAE     : showListenerList(ContextAwareService.java:334) - Listener : com.samsung.android.contextaware.manager.ContextAwareService$Listener@8004e03, Service : PEDOMETER(1)
05-17 23:55:50.260 22446 23433 I CAE     : showListenerList(ContextAwareService.java:334) - Listener : com.samsung.android.contextaware.manager.ContextAwareService$Listener@8004e03, Service : SLOCATION_RUNNER(1)
05-17 23:55:50.260 22446 23433 I CAE     : showListenerList(ContextAwareService.java:334) - Listener : com.samsung.android.contextaware.manager.ContextAwareService$Listener@8004e03, Service : CH_LOC_TRIGGER(1)
05-17 23:55:50.260 22446 23433 I CAE     : showListenerList(ContextAwareService.java:334) - Listener : com.samsung.android.contextaware.manager.ContextAwareService$Listener@8004e03, Service : FREE_FALL_DETECTION(1)
05-17 23:55:50.261 22446 23433 I CAE     : showListenerList(ContextAwareService.java:334) - Listener : com.samsung.android.contextaware.manager.ContextAwareService$Listener@8004e03, Service : ACTIVITY_TRACKER(1)
05-17 23:55:50.261 22446 23433 I CAE     : showListenerList(ContextAwareService.java:334) - Listener : com.samsung.android.contextaware.manager.ContextAwareService$Listener@8004e03, Service : PEDOMETER_CURRENT_INFO(1)
05-17 23:55:50.261 22446 23433 W CAE     : unregisterCallback(ContextAwareService.java:251) - [unregi 02] Mutex is unlocked for TEST_FLAT_MOTION
05-17 23:55:50.261 22446 23433 D SemContextService: 	.unregisterCallback : 7, client= com.sec.android.sdhms
05-17 23:55:50.261 22446 23433 D SemContextService: unlock : unregisterCallback
05-17 23:55:50.303 22446 22618 D PowerManagerService: displayReady: false groupId=0
05-17 23:55:50.303 22446 22618 D DisplayPowerController[0]: animateScreenStateChange: target=ON, mIsEnabled=true
05-17 23:55:50.304 22446 22618 D DisplayPowerController[1]: animateScreenStateChange: target=OFF, mIsEnabled=false
05-17 23:55:50.304 22446 22618 D PowerManagerService: displayReady: true groupId=0
05-17 23:55:50.332 14208 14228 V CpEventLog(u0): [P] cp_state: [                 contacts = {contacts=440, raw_contacts=950, data=4547, account={secphone(1)=8, sim(2)=0, sim2(3)=0, agg(4)=0, samsung(6)=73, whatsapp(8)=309, com.facebook.messenger(13)=0, com.github.android(15)=0, google(16)=0, com.microsoft.workaccount.ltw(19)=0, com.facebook.auth.login(20)=0, com.revolut.sso(22)=0, google(23)=2, www.instagram.com(24)=0, com.microsoft.msa.ltw(26)=0, com.avg.account.v2(28)=0, com.microsoft.appmanager(30)=0, mobileservice(32)=0, google(34)=372, duo(35)=106, com.microsoft.skydrive(36)=0, telegram(37)=80, ai.x.grok(41)=0}, trash=0, trash_acc={}, trash_sync=0, database=contacts2.db} ]
05-17 23:55:50.332 14208 14228 V CpEventLog(u0): [P] cp_state: [               aggregated = {[1,8,37,35]=1, [1,8,37]=1, [1,8]=4, [1]=1, [34,35]=6, [34,37,35]=2, [34,37]=3, [34,8]=2, [34]=102, [37]=1, [6,23,34]=2, [6,34,37]=1, [6,34]=4, [6,35]=1, [6,8,34,35]=2, [6,8,34]=3, [6,8,35]=6, [6,8,37,35]=7, [6,8,37]=10, [6,8]=27, [6]=10, [8,1,34,35]=1, [8,34,35,37]=1, [8,34,35]=64, [8,34,37,35]=15, [8,34,37]=37, [8,34]=127, [8,37]=1} ]
05-17 23:55:50.332 14208 14228 V CpEventLog(u0): [P] cp_state: [                  request = {} ]
05-17 23:55:50.332 14208 14228 V CpEventLog(u0): [P] cp_state: [                    calls = {types={[100]=512, [1000]=943, [1150]=545}, database=calllog.db} ]
05-17 23:55:50.332 14208 14228 V CpEventLog(u0): [P] cp_state: [                  profile = {contacts=0, raw_contacts=0, data=0, account={secphone(1)=0, sim(2)=0, sim2(3)=0, agg(4)=0, samsung(6)=0, whatsapp(8)=0, com.facebook.messenger(13)=0, com.github.android(15)=0, google(16)=0, com.microsoft.workaccount.ltw(19)=0, com.facebook.auth.login(20)=0, com.revolut.sso(22)=0, google(23)=0, www.instagram.com(24)=0, com.microsoft.msa.ltw(26)=0, com.avg.account.v2(28)=0, com.microsoft.appmanager(30)=0, mobileservice(32)=0, google(34)=0, duo(35)=0, com.microsoft.skydrive(36)=0, telegram(37)=0, ai.x.grok(41)=0}, trash=0, trash_acc={}, trash_sync=0, database=profile.db} ]
05-17 23:55:50.332 14208 14228 V CpEventLog(u0): [P] cp_state: [               sa_profile = {contacts=1, raw_contacts=1, data=2, account={secphone(1)=1, sim(2)=0, sim2(3)=0, agg(4)=0, samsung(6)=0, whatsapp(8)=0, com.facebook.messenger(13)=0, com.github.android(15)=0, google(16)=0, com.microsoft.workaccount.ltw(19)=0, com.facebook.auth.login(20)=0, com.revolut.sso(22)=0, google(23)=0, www.instagram.com(24)=0, com.microsoft.msa.ltw(26)=0, com.avg.account.v2(28)=0, com.microsoft.appmanager(30)=0, mobileservice(32)=0, google(34)=0, duo(35)=0, com.microsoft.skydrive(36)=0, telegram(37)=0, ai.x.grok(41)=0}, trash=0, trash_acc={}, trash_sync=0, database=profile_sa.db} ]
05-17 23:55:50.332 14208 14228 V CpEventLog(u0): [P] cp_state: [                      etc = {binders=0, country_iso=GB, version=15.6.18, db_version=2000, db_size=3, db_wal_size=0, csc=/BTU, sec_enabled=false, is_roaming=false} ]
05-17 23:55:50.332 14208 14228 V CpEventLog(u0): [P] cp_state: ------------------------------------------------------------------------------
05-17 23:55:50.405 22446 24355 I BatteryService_BatteryPropertiesRegistrar: [getProperty]id:4
05-17 23:55:50.405 22446 24355 I BatteryService_BatteryPropertiesRegistrar: [getProperty]prop.long:-9223372036854775808 ,prop.string:null
05-17 23:55:50.406 22446 24355 I BatteryService_BatteryPropertiesRegistrar: [getProperty]id:4
05-17 23:55:50.406 22446 24355 I BatteryService_BatteryPropertiesRegistrar: [getProperty]prop.long:-9223372036854775808 ,prop.string:null
05-17 23:55:50.458 22446 24355 E SensorService: BigData:Pakage) 5 already disabled.
05-17 23:55:50.458  1812  1812 I sensors-hal: set_config:64, no need to adjust sample_period_ns due to reporting_mode = 2
05-17 23:55:50.458  1812  1812 I sensors-hal: send_sensor_config_request:652, dt=ambient_light_v: convert sample_period=250000000 to batch_period=250000
05-17 23:55:50.458  1812  1812 I sensors-hal: send_sync_sensor_request:515, send sync request
05-17 23:55:50.459  1812  1812 I sensors-hal: send_sync_sensor_request:544, wait for notification of response
05-17 23:55:50.459  1812 23009 I sensors-hal: qsh_conn_resp_cb:972, resp_value = 0 for ambient_light_v
05-17 23:55:50.459  1812  1812 I sensors-hal: send_sync_sensor_request:550, takes 0 ms to receive the response with 0
05-17 23:55:50.459  1812  1812 I sensors-hal: batch:368, android.sensor.light/51, period=250000000, max_latency=0 request completed
05-17 23:55:50.504 22446 22618 D PowerManagerService: displayReady: false groupId=0
05-17 23:55:50.504 22446 22618 D DisplayPowerController[0]: animateScreenStateChange: target=ON, mIsEnabled=true
05-17 23:55:50.505 22446 22618 D DisplayPowerController[1]: animateScreenStateChange: target=OFF, mIsEnabled=false
05-17 23:55:50.505 22446 22618 D PowerManagerService: displayReady: true groupId=0
05-17 23:55:50.593 22446 22799 E WifiStaIfaceAidlImpl: getCachedScanData failed with service-specific exception: android.os.ServiceSpecificException:  (code 4)
05-17 23:55:50.597 22446 27495 D SemWifiUsabilityStatsMonitor: onWifiUsabilityStats - seqNum 28913, isSameBssidAndFreq true
05-17 23:55:50.601 22446 22924 I SemWifiLinkQualityMonitor: Link stat: 1424 / 29 / 1.50 (6) / 5187 / -44.0 || 100.0 : 5187.00 / 0.5 : 0.67 / 0.55 : 0.02 / G (G) || fe7926386295: 0.224 / 35.782 / N || N N / 0 0 / N 2.0 / N X 2 / 114244997 0 || 2026-05-17 23:55:50  / 0: 0 0 0 0 0 0 / 0: 0 0 0 0 0 0 / 0: 0 0 0 0 0 0
05-17 23:55:50.601 22446 22925 D InsDataManager: onOutageCountUpdate() - Outage Data: 0, LQ : N. Outage Triggered: false
05-17 23:55:50.602 22446 22925 D SemInsManager: {"bssid": "fe7926386295","rssi": -44.0,"latency": 0.22357495724422716,"outage_count": 0,"lq_callback_triggered": false,"outage_log": "Link stat: 1424 / 29 / 1.50 (6) / 5187 / -44.0 || 100.0 : 5187.00 / 0.5 : 0.67 / 0.55 : 0.02 / G (G) || fe7926386295: 0.224 / 35.782 / N || N N / 0 0 / N 2.0 / N X 2 / 114244997 0 || 2026-05-17 23:55:50  / 0: 0 0 0 0 0 0 / 0: 0 0 0 0 0 0 / 0: 0 0 0 0 0 0""Magnetic Sensor Events size": "0""Pressure Sensor Events size": "0"}
05-17 23:55:50.604 22446 22942 D SGM:GameManager: identifyGamePackage. com.tiarnanlarkin.danio, mCurrentUserId: 0, callingMethodInfo: com.samsung.android.game.SemGameManager.isGamePackage(SemGameManager.java:105)
05-17 23:55:50.604 22446 22942 D SGM:SemGameManager: isGamePackage(), pkgName=com.tiarnanlarkin.danio, ret=false
05-17 23:55:50.705 22446 22618 D PowerManagerService: displayReady: false groupId=0
05-17 23:55:50.705 22446 22618 D DisplayPowerController[0]: animateScreenStateChange: target=ON, mIsEnabled=true
05-17 23:55:50.705 22446 22618 D DisplayPowerController[1]: animateScreenStateChange: target=OFF, mIsEnabled=false
05-17 23:55:50.706 22446 22618 D PowerManagerService: displayReady: true groupId=0
05-17 23:55:50.821 22446 24301 I NSLocationMonitor: getGPSUsingApps() called
05-17 23:55:50.821 24310  2497 I NSLocationManager_FLP: getGPSUsingApps, No change
05-17 23:55:50.827 22446 24301 D FreecessHandler: freeze com.microsoft.office.outlook(10354) result : 9
05-17 23:55:50.905 22446 22618 D PowerManagerService: displayReady: false groupId=0
05-17 23:55:50.906 22446 22618 D DisplayPowerController[0]: animateScreenStateChange: target=ON, mIsEnabled=true
05-17 23:55:50.906 22446 22618 D DisplayPowerController[1]: animateScreenStateChange: target=OFF, mIsEnabled=false
05-17 23:55:50.906 22446 22618 D PowerManagerService: displayReady: true groupId=0
05-17 23:55:51.100 22446 22922 I SemWifiServiceDetector: Service det. suspended: T / T / 14636
05-17 23:55:51.107 22446 22618 D PowerManagerService: displayReady: false groupId=0
05-17 23:55:51.107 22446 22618 D DisplayPowerController[0]: animateScreenStateChange: target=ON, mIsEnabled=true
05-17 23:55:51.107 22446 22618 D DisplayPowerController[1]: animateScreenStateChange: target=OFF, mIsEnabled=false
05-17 23:55:51.107 22446 22618 D PowerManagerService: displayReady: true groupId=0
05-17 23:55:51.109 22113 22557 I thermal_core: pivot(AP) : 342, skin : 345
05-17 23:55:51.110 22113 22557 I vendor.samsung.hardware.thermal-service: index = -5.000000
05-17 23:55:51.110 22113 22557 I vendor.samsung.hardware.thermal-service: 1 / 10
05-17 23:55:51.206  1083  1083 D io_stats: !@   8,0 r 29574251 833556928 w 7220179 134679312 d 1124548 238069496 f 116366 402389 iot 2470924 0 th 0 0 0 pt 0 inp 0 0 114245.606
05-17 23:55:51.270  1812  2606 I sensors-hal: handle_sns_std_sensor_event:90, light_cct: ts = 176334724617792 ns; value = [360, 360, 126, 153, 438, 408, 220, 6, 65760, 0, 1]
05-17 23:55:51.293 22446 22567 E Watchdog: !@Sync: 3675 heap(MB): 200 / 213 FD: 1536 [2026-05-17 23:55:51.292]
05-17 23:55:51.308 22446 22618 D PowerManagerService: displayReady: false groupId=0
05-17 23:55:51.309 22446 22618 D DisplayPowerController[0]: animateScreenStateChange: target=ON, mIsEnabled=true
05-17 23:55:51.309 22446 22618 D DisplayPowerController[1]: animateScreenStateChange: target=OFF, mIsEnabled=false
