05-17 23:55:46.286  7746  7838 D CursorWindow: getRowSlot entered: requesting row:0, current row num:1
05-17 23:55:46.286  7746  7838 D CursorWindow: getRowSlot walking list 0 times to find rowslot for row:0
05-17 23:55:46.286  7746  7838 D CursorWindow: 0,5 is NULL
05-17 23:55:46.286  7746  7838 D CursorWindow: Processed all rows
05-17 23:55:46.286  7746  7838 D CursorWindow: Resetting statement 0xb400007a5532bb28 after fetching 1 rows in 6944 bytes
05-17 23:55:46.286  7746  7838 D CursorWindow:
05-17 23:55:46.286  7746  7838 D CursorWindow:
05-17 23:55:46.286  7746  7838 D CursorWindow:
05-17 23:55:46.286  7746  7838 D CursorWindow: Checking for NULL at 0,0 from 0xb400007b2528d470
05-17 23:55:46.286  7746  7838 D CursorWindow: getFieldSlotWithCheck entered: row:0 column:0
05-17 23:55:46.286  7746  7838 D CursorWindow: getRowSlot entered: requesting row:0, current row num:1
05-17 23:55:46.286  7746  7838 D CursorWindow: getRowSlot walking list 0 times to find rowslot for row:0
05-17 23:55:46.286  7746  7838 D CursorWindow: Getting string for 0,0 from 0xb400007b2528d470
05-17 23:55:46.286  7746  7838 D CursorWindow: read_field_slot entered: row:0, column:0, slotOut:0x7866bcc9f8
05-17 23:55:46.286  7746  7838 D CursorWindow: getRowSlot entered: requesting row:0, current row num:1
05-17 23:55:46.286  7746  7838 D CursorWindow: getRowSlot walking list 0 times to find rowslot for row:0
05-17 23:55:46.286  7746  7838 D CursorWindow: Found field directory for 0,0 at rowSlot 8, offset 524
05-17 23:55:46.286  7746  7838 D CursorWindow: Read field_slot_t 0,0: offset = 578, size = 64, type = 3
05-17 23:55:46.286  7746  7838 D CursorWindow: Checking for NULL at 0,1 from 0xb400007b2528d470
05-17 23:55:46.286  7746  7838 D CursorWindow: getFieldSlotWithCheck entered: row:0 column:1
05-17 23:55:46.286  7746  7838 D CursorWindow: getRowSlot entered: requesting row:0, current row num:1
05-17 23:55:46.286  7746  7838 D CursorWindow: getRowSlot walking list 0 times to find rowslot for row:0
05-17 23:55:46.286  7746  7838 D CursorWindow: Getting string for 0,1 from 0xb400007b2528d470
05-17 23:55:46.286  7746  7838 D CursorWindow: read_field_slot entered: row:0, column:1, slotOut:0x7866bcc9f8
05-17 23:55:46.286  7746  7838 D CursorWindow: getRowSlot entered: requesting row:0, current row num:1
05-17 23:55:46.286  7746  7838 D CursorWindow: getRowSlot walking list 0 times to find rowslot for row:0
05-17 23:55:46.286  7746  7838 D CursorWindow: Found field directory for 0,1 at rowSlot 8, offset 524
05-17 23:55:46.286  7746  7838 D CursorWindow: Read field_slot_t 0,1: offset = 642, size = 22, type = 3
05-17 23:55:46.286  7746  7838 D CursorWindow: Checking for NULL at 0,2 from 0xb400007b2528d470
05-17 23:55:46.286  7746  7838 D CursorWindow: getFieldSlotWithCheck entered: row:0 column:2
05-17 23:55:46.286  7746  7838 D CursorWindow: getRowSlot entered: requesting row:0, current row num:1
05-17 23:55:46.286  7746  7838 D CursorWindow: getRowSlot walking list 0 times to find rowslot for row:0
05-17 23:55:46.286  7746  7838 D CursorWindow: Getting string for 0,2 from 0xb400007b2528d470
05-17 23:55:46.286  7746  7838 D CursorWindow: read_field_slot entered: row:0, column:2, slotOut:0x7866bcc9f8
05-17 23:55:46.286  7746  7838 D CursorWindow: getRowSlot entered: requesting row:0, current row num:1
05-17 23:55:46.286  7746  7838 D CursorWindow: getRowSlot walking list 0 times to find rowslot for row:0
05-17 23:55:46.286  7746  7838 D CursorWindow: Found field directory for 0,2 at rowSlot 8, offset 524
05-17 23:55:46.286  7746  7838 D CursorWindow: Read field_slot_t 0,2: offset = 664, size = 26, type = 3
05-17 23:55:46.286  7746  7838 D CursorWindow: Checking for NULL at 0,3 from 0xb400007b2528d470
05-17 23:55:46.286  7746  7838 D CursorWindow: getFieldSlotWithCheck entered: row:0 column:3
05-17 23:55:46.286  7746  7838 D CursorWindow: getRowSlot entered: requesting row:0, current row num:1
05-17 23:55:46.286  7746  7838 D CursorWindow: getRowSlot walking list 0 times to find rowslot for row:0
05-17 23:55:46.286  7746  7838 D CursorWindow: Getting string for 0,3 from 0xb400007b2528d470
05-17 23:55:46.286  7746  7838 D CursorWindow: read_field_slot entered: row:0, column:3, slotOut:0x7866bcc9f8
05-17 23:55:46.286  7746  7838 D CursorWindow: getRowSlot entered: requesting row:0, current row num:1
05-17 23:55:46.286  7746  7838 D CursorWindow: getRowSlot walking list 0 times to find rowslot for row:0
05-17 23:55:46.286  7746  7838 D CursorWindow: Found field directory for 0,3 at rowSlot 8, offset 524
05-17 23:55:46.286  7746  7838 D CursorWindow: Read field_slot_t 0,3: offset = 690, size = 6254, type = 3
05-17 23:55:46.286  7746  7838 D CursorWindow: Checking for NULL at 0,4 from 0xb400007b2528d470
05-17 23:55:46.286  7746  7838 D CursorWindow: getFieldSlotWithCheck entered: row:0 column:4
05-17 23:55:46.286  7746  7838 D CursorWindow: getRowSlot entered: requesting row:0, current row num:1
05-17 23:55:46.286  7746  7838 D CursorWindow: getRowSlot walking list 0 times to find rowslot for row:0
05-17 23:55:46.286  7746  7838 D CursorWindow: Checking for NULL at 0,5 from 0xb400007b2528d470
05-17 23:55:46.286  7746  7838 D CursorWindow: getFieldSlotWithCheck entered: row:0 column:5
05-17 23:55:46.286  7746  7838 D CursorWindow: getRowSlot entered: requesting row:0, current row num:1
05-17 23:55:46.286  7746  7838 D CursorWindow: getRowSlot walking list 0 times to find rowslot for row:0
05-17 23:55:46.286  7746  7838 D CursorWindow: Closing window 0xb400007b2528d470
05-17 23:55:46.288 22446 22618 D PowerManagerService: displayReady: false groupId=0
05-17 23:55:46.288 22446 22618 D DisplayPowerController[0]: animateScreenStateChange: target=ON, mIsEnabled=true
05-17 23:55:46.288 22446 22618 D DisplayPowerController[1]: animateScreenStateChange: target=OFF, mIsEnabled=false
05-17 23:55:46.288 22446 22618 D PowerManagerService: displayReady: true groupId=0
05-17 23:55:46.469  1812  2606 I sensors-hal: handle_sns_std_sensor_event:90, light_cct: ts = 176329924615761 ns; value = [360, 360, 126, 153, 438, 408, 220, 6, 65728, 15, 1]
05-17 23:55:46.488 22446 22618 D PowerManagerService: displayReady: false groupId=0
05-17 23:55:46.489 22446 22618 D DisplayPowerController[0]: animateScreenStateChange: target=ON, mIsEnabled=true
05-17 23:55:46.489 22446 22618 D DisplayPowerController[1]: animateScreenStateChange: target=OFF, mIsEnabled=false
05-17 23:55:46.489 22446 22618 D PowerManagerService: displayReady: true groupId=0
05-17 23:55:46.689 22446 22618 D PowerManagerService: displayReady: false groupId=0
05-17 23:55:46.689 22446 22618 D DisplayPowerController[0]: animateScreenStateChange: target=ON, mIsEnabled=true
05-17 23:55:46.690 22446 22618 D DisplayPowerController[1]: animateScreenStateChange: target=OFF, mIsEnabled=false
05-17 23:55:46.690 22446 22618 D PowerManagerService: displayReady: true groupId=0
05-17 23:55:46.788  8385 28009 I NearbyMediums: No BLE Fast/GATT advertisements found in the latest cycle.
05-17 23:55:46.788  8385 28009 I NearbyMediums: Current Tracked Scanning Clients are : {NearbyConnections.EnvironmentMonitor, NearbySharing, NearbyConnections.TxAdvertisement}
05-17 23:55:46.890 22446 22618 D PowerManagerService: displayReady: false groupId=0
05-17 23:55:46.890 22446 22618 D DisplayPowerController[0]: animateScreenStateChange: target=ON, mIsEnabled=true
05-17 23:55:46.890 22446 22618 D DisplayPowerController[1]: animateScreenStateChange: target=OFF, mIsEnabled=false
05-17 23:55:46.890 22446 22618 D PowerManagerService: displayReady: true groupId=0
05-17 23:55:46.972  1812 23009 I sensors-hal: handle_sns_client_event:208, auto_rotation_debug_2 mode,255,last,0, type,3,0 main,0.014,9.299,2.752 sub,-0.014,9.342,-2.943, ar,0, h_ic,1, s,3, ver,12, pedo,1,e,1,i,3
05-17 23:55:47.060 22113 22557 I thermal_core: pivot(AP) : 339, skin : 346
05-17 23:55:47.060 22113 22557 I vendor.samsung.hardware.thermal-service: index = -8.000000
05-17 23:55:47.060 22113 22557 I vendor.samsung.hardware.thermal-service: 7 / 10
05-17 23:55:47.075  2382  2382 I CNSS    : /sys/wifi/max_chipset_log_size doesn't exist
05-17 23:55:47.092 22446 22618 D PowerManagerService: displayReady: false groupId=0
05-17 23:55:47.092 22446 22618 D DisplayPowerController[0]: animateScreenStateChange: target=ON, mIsEnabled=true
05-17 23:55:47.092 22446 22618 D DisplayPowerController[1]: animateScreenStateChange: target=OFF, mIsEnabled=false
05-17 23:55:47.093 22446 22618 D PowerManagerService: displayReady: true groupId=0
05-17 23:55:47.204  1083  1083 D io_stats: !@   8,0 r 29573732 833547892 w 7220105 134677336 d 1124548 238069496 f 116365 402385 iot 2470860 0 th 0 0 0 pt 0 inp 0 0 114241.604
05-17 23:55:47.292 22446 22618 D PowerManagerService: displayReady: false groupId=0
05-17 23:55:47.292 22446 22618 D DisplayPowerController[0]: animateScreenStateChange: target=ON, mIsEnabled=true
05-17 23:55:47.293 22446 22618 D DisplayPowerController[1]: animateScreenStateChange: target=OFF, mIsEnabled=false
05-17 23:55:47.293 22446 22618 D PowerManagerService: displayReady: true groupId=0
05-17 23:55:47.296 22446 22823 I MdnsReplySender: Sending {MdnsReplyInfo: /192.168.1.67:5353 to /224.0.0.251:5353, answers: 3, additionalAnswers: 1, knownAnswers: 0, sendDelayMs 33}
05-17 23:55:47.468  7746 29377 V Cursor  : Prepared statement 0xb400007a553290f8 on 0xb4000079c53cbfb8
05-17 23:55:47.468  7746 29377 D CursorWindow: CursorWindow::CursorWindow initialSize:1048576 growBySize:1048576 maxSize:0
05-17 23:55:47.468  7746 29377 D CursorWindow: Created CursorWindow with new MemoryDealer: mFreeOffset = 524, mSize = 1048576, mInitialSize = 1048576, mGrowthPaddingSize = 1048576, mMaxSize = 0, mData = 0xb40000785af41000
05-17 23:55:47.468  7746 29377 D CursorWindow: native_init_empty: window = 0xb400007b2528dfb0
05-17 23:55:47.468  7746 29377 D CursorWindow: Not binding to startPos 0
05-17 23:55:47.468  7746 29377 D CursorWindow: Window: numRows = 0, size = 1048576, freeSpace = 1048052
05-17 23:55:47.468  7746 29377 D CursorWindow: Stepped statement 0xb400007a553290f8 to row 0
05-17 23:55:47.468  7746 29377 D CursorWindow: allocRowSlot entered: Allocating row slot, mHeader->numRows is 0, chunkNum is 0, chunkPos is 0
05-17 23:55:47.468  7746 29377 D CursorWindow: Allocated row 0, rowSlot is at offset 8, fieldDir is 9 bytes at offset 524
05-17 23:55:47.468  7746 29377 D CursorWindow: getRowSlot entered: requesting row:0, current row num:1
05-17 23:55:47.468  7746 29377 D CursorWindow: getRowSlot walking list 0 times to find rowslot for row:0
05-17 23:55:47.468  7746 29377 D CursorWindow: 0,0 is TEXT with 6 bytes
05-17 23:55:47.468  7746 29377 D CursorWindow: Processed all rows
05-17 23:55:47.468  7746 29377 D CursorWindow: Resetting statement 0xb400007a553290f8 after fetching 1 rows in 539 bytes
05-17 23:55:47.468  7746 29377 D CursorWindow:
05-17 23:55:47.468  7746 29377 D CursorWindow:
05-17 23:55:47.468  7746 29377 D CursorWindow:
05-17 23:55:47.468  7746 29377 D CursorWindow: Getting string for 0,0 from 0xb400007b2528dfb0
05-17 23:55:47.468  7746 29377 D CursorWindow: read_field_slot entered: row:0, column:0, slotOut:0x7877f76fa8
05-17 23:55:47.468  7746 29377 D CursorWindow: getRowSlot entered: requesting row:0, current row num:1
05-17 23:55:47.468  7746 29377 D CursorWindow: getRowSlot walking list 0 times to find rowslot for row:0
05-17 23:55:47.468  7746 29377 D CursorWindow: Found field directory for 0,0 at rowSlot 8, offset 524
05-17 23:55:47.468  7746 29377 D CursorWindow: Read field_slot_t 0,0: offset = 533, size = 6, type = 3
05-17 23:55:47.468  7746 29377 D CursorWindow: Closing window 0xb400007b2528dfb0
05-17 23:55:47.468  7746 29377 V Database: Success on 0xb4000079c53cbfb8 when executing 'BEGIN IMMEDIATE;'
05-17 23:55:47.472  7746 29377 V Database: Success on 0xb4000079c53cbfb8 when executing 'COMMIT;'
05-17 23:55:47.472  7746  7813 V Database: Success on 0xb4000079c53cbfb8 when executing 'BEGIN IMMEDIATE;'
05-17 23:55:47.472  7746  7813 D CursorWindow: CursorWindow::CursorWindow initialSize:1048576 growBySize:1048576 maxSize:0
05-17 23:55:47.472  7746  7813 D CursorWindow: Created CursorWindow with new MemoryDealer: mFreeOffset = 524, mSize = 1048576, mInitialSize = 1048576, mGrowthPaddingSize = 1048576, mMaxSize = 0, mData = 0xb40000785af41000
05-17 23:55:47.472  7746  7813 D CursorWindow: native_init_empty: window = 0xb400007b25277720
05-17 23:55:47.472  7746  7813 D CursorWindow: Not binding to startPos 0
05-17 23:55:47.472  7746  7813 D CursorWindow: Window: numRows = 0, size = 1048576, freeSpace = 1048052
05-17 23:55:47.472  7746  7813 D CursorWindow: Processed all rows
05-17 23:55:47.472  7746  7813 D CursorWindow: Resetting statement 0xb400007a5532f818 after fetching 0 rows in 524 bytes
05-17 23:55:47.472  7746  7813 D CursorWindow:
05-17 23:55:47.472  7746  7813 D CursorWindow:
05-17 23:55:47.472  7746  7813 D CursorWindow:
05-17 23:55:47.472  7746  7813 D CursorWindow: Closing window 0xb400007b25277720
05-17 23:55:47.472  7746  7813 V Database: Success on 0xb4000079c53cbfb8 when executing 'COMMIT;'
05-17 23:55:47.472  7746 29376 V Cursor  : Prepared statement 0xb400007a553290f8 on 0xb4000079c53cbfb8
05-17 23:55:47.472  7746  7873 D CursorWindow: CursorWindow::CursorWindow initialSize:1048576 growBySize:1048576 maxSize:0
05-17 23:55:47.472  7746  7873 D CursorWindow: Created CursorWindow with new MemoryDealer: mFreeOffset = 524, mSize = 1048576, mInitialSize = 1048576, mGrowthPaddingSize = 1048576, mMaxSize = 0, mData = 0xb40000785af41000
05-17 23:55:47.472  7746  7873 D CursorWindow: native_init_empty: window = 0xb400007b2528db30
05-17 23:55:47.472  7746  7873 D CursorWindow: Not binding to startPos 0
05-17 23:55:47.472  7746  7873 D CursorWindow: Window: numRows = 0, size = 1048576, freeSpace = 1048052
05-17 23:55:47.472  7746  7873 D CursorWindow: Stepped statement 0xb400007a5532bb28 to row 0
05-17 23:55:47.472  7746  7873 D CursorWindow: allocRowSlot entered: Allocating row slot, mHeader->numRows is 0, chunkNum is 0, chunkPos is 0
05-17 23:55:47.472  7746  7873 D CursorWindow: Allocated row 0, rowSlot is at offset 8, fieldDir is 54 bytes at offset 524
05-17 23:55:47.473  7746  7873 D CursorWindow: getRowSlot entered: requesting row:0, current row num:1
05-17 23:55:47.473  7746  7873 D CursorWindow: getRowSlot walking list 0 times to find rowslot for row:0
05-17 23:55:47.473  7746  7873 D CursorWindow: 0,0 is TEXT with 64 bytes
05-17 23:55:47.473  7746  7873 D CursorWindow: getRowSlot entered: requesting row:0, current row num:1
05-17 23:55:47.473  7746  7873 D CursorWindow: getRowSlot walking list 0 times to find rowslot for row:0
05-17 23:55:47.473  7746  7873 D CursorWindow: 0,1 is TEXT with 22 bytes
05-17 23:55:47.473  7746  7873 D CursorWindow: getRowSlot entered: requesting row:0, current row num:1
05-17 23:55:47.473  7746  7873 D CursorWindow: getRowSlot walking list 0 times to find rowslot for row:0
05-17 23:55:47.473  7746  7873 D CursorWindow: 0,2 is TEXT with 26 bytes
05-17 23:55:47.473  7746  7873 D CursorWindow: getRowSlot entered: requesting row:0, current row num:1
05-17 23:55:47.473  7746  7873 D CursorWindow: getRowSlot walking list 0 times to find rowslot for row:0
05-17 23:55:47.473  7746  7873 D CursorWindow: 0,3 is TEXT with 6254 bytes
05-17 23:55:47.473  7746  7873 D CursorWindow: getFieldSlotWithCheck entered: row:0 column:4
05-17 23:55:47.473  7746  7873 D CursorWindow: getRowSlot entered: requesting row:0, current row num:1
05-17 23:55:47.473  7746  7873 D CursorWindow: getRowSlot walking list 0 times to find rowslot for row:0
05-17 23:55:47.473  7746  7873 D CursorWindow: 0,4 is NULL
05-17 23:55:47.473  7746  7873 D CursorWindow: getFieldSlotWithCheck entered: row:0 column:5
05-17 23:55:47.473  7746  7873 D CursorWindow: getRowSlot entered: requesting row:0, current row num:1
05-17 23:55:47.473  7746  7873 D CursorWindow: getRowSlot walking list 0 times to find rowslot for row:0
05-17 23:55:47.473  7746  7873 D CursorWindow: 0,5 is NULL
05-17 23:55:47.473  7746  7873 D CursorWindow: Processed all rows
05-17 23:55:47.473  7746  7873 D CursorWindow: Resetting statement 0xb400007a5532bb28 after fetching 1 rows in 6944 bytes
05-17 23:55:47.473  7746  7873 D CursorWindow:
05-17 23:55:47.473  7746  7873 D CursorWindow:
05-17 23:55:47.473  7746  7873 D CursorWindow:
05-17 23:55:47.473  7746  7873 D CursorWindow: Checking for NULL at 0,0 from 0xb400007b2528db30
05-17 23:55:47.473  7746  7873 D CursorWindow: getFieldSlotWithCheck entered: row:0 column:0
05-17 23:55:47.473  7746  7873 D CursorWindow: getRowSlot entered: requesting row:0, current row num:1
05-17 23:55:47.473  7746  7873 D CursorWindow: getRowSlot walking list 0 times to find rowslot for row:0
05-17 23:55:47.473  7746 29376 D CursorWindow: CursorWindow::CursorWindow initialSize:1048576 growBySize:1048576 maxSize:0
05-17 23:55:47.473  7746 29376 D CursorWindow: Created CursorWindow with new MemoryDealer: mFreeOffset = 524, mSize = 1048576, mInitialSize = 1048576, mGrowthPaddingSize = 1048576, mMaxSize = 0, mData = 0xb40000785c454000
05-17 23:55:47.473  7746 29376 D CursorWindow: native_init_empty: window = 0xb400007b2528fbd0
05-17 23:55:47.473  7746 29376 D CursorWindow: Not binding to startPos 0
05-17 23:55:47.473  7746 29376 D CursorWindow: Window: numRows = 0, size = 1048576, freeSpace = 1048052
05-17 23:55:47.473  7746 29376 D CursorWindow: Stepped statement 0xb400007a553290f8 to row 0
05-17 23:55:47.473  7746 29376 D CursorWindow: allocRowSlot entered: Allocating row slot, mHeader->numRows is 0, chunkNum is 0, chunkPos is 0
05-17 23:55:47.473  7746 29376 D CursorWindow: Allocated row 0, rowSlot is at offset 8, fieldDir is 9 bytes at offset 524
05-17 23:55:47.473  7746 29376 D CursorWindow: getRowSlot entered: requesting row:0, current row num:1
05-17 23:55:47.473  7746 29376 D CursorWindow: getRowSlot walking list 0 times to find rowslot for row:0
05-17 23:55:47.473  7746 29376 D CursorWindow: 0,0 is TEXT with 6 bytes
05-17 23:55:47.473  7746  7873 D CursorWindow: Getting string for 0,0 from 0xb400007b2528db30
05-17 23:55:47.473  7746  7873 D CursorWindow: read_field_slot entered: row:0, column:0, slotOut:0x785c4499f8
05-17 23:55:47.473  7746  7873 D CursorWindow: getRowSlot entered: requesting row:0, current row num:1
05-17 23:55:47.473  7746  7873 D CursorWindow: getRowSlot walking list 0 times to find rowslot for row:0
05-17 23:55:47.473  7746  7873 D CursorWindow: Found field directory for 0,0 at rowSlot 8, offset 524
05-17 23:55:47.473  7746 29376 D CursorWindow: Processed all rows
05-17 23:55:47.473  7746 29376 D CursorWindow: Resetting statement 0xb400007a553290f8 after fetching 1 rows in 539 bytes
05-17 23:55:47.473  7746 29376 D CursorWindow:
05-17 23:55:47.473  7746 29376 D CursorWindow:
05-17 23:55:47.473  7746 29376 D CursorWindow:
05-17 23:55:47.473  7746 29376 D CursorWindow: Getting string for 0,0 from 0xb400007b2528fbd0
05-17 23:55:47.473  7746 29376 D CursorWindow: read_field_slot entered: row:0, column:0, slotOut:0x7878386bc8
05-17 23:55:47.473  7746 29376 D CursorWindow: getRowSlot entered: requesting row:0, current row num:1
05-17 23:55:47.473  7746 29376 D CursorWindow: getRowSlot walking list 0 times to find rowslot for row:0
05-17 23:55:47.473  7746 29376 D CursorWindow: Found field directory for 0,0 at rowSlot 8, offset 524
05-17 23:55:47.473  7746 29376 D CursorWindow: Read field_slot_t 0,0: offset = 533, size = 6, type = 3
05-17 23:55:47.473  7746 29376 D CursorWindow: Closing window 0xb400007b2528fbd0
05-17 23:55:47.473  7746  7873 D CursorWindow: Read field_slot_t 0,0: offset = 578, size = 64, type = 3
05-17 23:55:47.473  7746  7873 D CursorWindow: Checking for NULL at 0,1 from 0xb400007b2528db30
05-17 23:55:47.473  7746  7873 D CursorWindow: getFieldSlotWithCheck entered: row:0 column:1
05-17 23:55:47.473  7746  7873 D CursorWindow: getRowSlot entered: requesting row:0, current row num:1
05-17 23:55:47.473  7746  7873 D CursorWindow: getRowSlot walking list 0 times to find rowslot for row:0
05-17 23:55:47.473  7746  7873 D CursorWindow: Getting string for 0,1 from 0xb400007b2528db30
05-17 23:55:47.473  7746  7873 D CursorWindow: read_field_slot entered: row:0, column:1, slotOut:0x785c4499f8
05-17 23:55:47.473  7746  7873 D CursorWindow: getRowSlot entered: requesting row:0, current row num:1
05-17 23:55:47.473  7746  7873 D CursorWindow: getRowSlot walking list 0 times to find rowslot for row:0
05-17 23:55:47.473  7746 29376 V Database: Success on 0xb4000079c53cbfb8 when executing 'BEGIN IMMEDIATE;'
05-17 23:55:47.473  7746  7873 D CursorWindow: Found field directory for 0,1 at rowSlot 8, offset 524
05-17 23:55:47.473  7746  7873 D CursorWindow: Read field_slot_t 0,1: offset = 642, size = 22, type = 3
05-17 23:55:47.473  7746  7873 D CursorWindow: Checking for NULL at 0,2 from 0xb400007b2528db30
05-17 23:55:47.473  7746  7873 D CursorWindow: getFieldSlotWithCheck entered: row:0 column:2
05-17 23:55:47.473  7746  7873 D CursorWindow: getRowSlot entered: requesting row:0, current row num:1
05-17 23:55:47.473  7746  7873 D CursorWindow: getRowSlot walking list 0 times to find rowslot for row:0
05-17 23:55:47.473  7746  7873 D CursorWindow: Getting string for 0,2 from 0xb400007b2528db30
05-17 23:55:47.473  7746  7873 D CursorWindow: read_field_slot entered: row:0, column:2, slotOut:0x785c4499f8
05-17 23:55:47.473  7746  7873 D CursorWindow: getRowSlot entered: requesting row:0, current row num:1
05-17 23:55:47.473  7746  7873 D CursorWindow: getRowSlot walking list 0 times to find rowslot for row:0
05-17 23:55:47.473  7746  7873 D CursorWindow: Found field directory for 0,2 at rowSlot 8, offset 524
05-17 23:55:47.473  7746  7873 D CursorWindow: Read field_slot_t 0,2: offset = 664, size = 26, type = 3
05-17 23:55:47.473  7746  7873 D CursorWindow: Checking for NULL at 0,3 from 0xb400007b2528db30
05-17 23:55:47.473  7746  7873 D CursorWindow: getFieldSlotWithCheck entered: row:0 column:3
05-17 23:55:47.473  7746  7873 D CursorWindow: getRowSlot entered: requesting row:0, current row num:1
05-17 23:55:47.473  7746  7873 D CursorWindow: getRowSlot walking list 0 times to find rowslot for row:0
05-17 23:55:47.473  7746  7873 D CursorWindow: Getting string for 0,3 from 0xb400007b2528db30
05-17 23:55:47.473  7746  7873 D CursorWindow: read_field_slot entered: row:0, column:3, slotOut:0x785c4499f8
05-17 23:55:47.473  7746  7873 D CursorWindow: getRowSlot entered: requesting row:0, current row num:1
05-17 23:55:47.473  7746  7873 D CursorWindow: getRowSlot walking list 0 times to find rowslot for row:0
05-17 23:55:47.473  7746  7873 D CursorWindow: Found field directory for 0,3 at rowSlot 8, offset 524
05-17 23:55:47.473  7746  7873 D CursorWindow: Read field_slot_t 0,3: offset = 690, size = 6254, type = 3
05-17 23:55:47.473  7746  7873 D CursorWindow: Checking for NULL at 0,4 from 0xb400007b2528db30
05-17 23:55:47.473  7746  7873 D CursorWindow: getFieldSlotWithCheck entered: row:0 column:4
05-17 23:55:47.473  7746  7873 D CursorWindow: getRowSlot entered: requesting row:0, current row num:1
05-17 23:55:47.473  7746  7873 D CursorWindow: getRowSlot walking list 0 times to find rowslot for row:0
05-17 23:55:47.473  7746  7873 D CursorWindow: Checking for NULL at 0,5 from 0xb400007b2528db30
05-17 23:55:47.473  7746  7873 D CursorWindow: getFieldSlotWithCheck entered: row:0 column:5
05-17 23:55:47.473  7746  7873 D CursorWindow: getRowSlot entered: requesting row:0, current row num:1
05-17 23:55:47.473  7746  7873 D CursorWindow: getRowSlot walking list 0 times to find rowslot for row:0
05-17 23:55:47.473  7746  7873 D CursorWindow: Closing window 0xb400007b2528db30
05-17 23:55:47.474  7746 29376 V Database: Success on 0xb4000079c53cbfb8 when executing 'COMMIT;'
05-17 23:55:47.474  7746  7810 V Database: Success on 0xb4000079c53cbfb8 when executing 'BEGIN IMMEDIATE;'
05-17 23:55:47.474  7746  7810 D CursorWindow: CursorWindow::CursorWindow initialSize:1048576 growBySize:1048576 maxSize:0
05-17 23:55:47.474  7746  7810 D CursorWindow: Created CursorWindow with new MemoryDealer: mFreeOffset = 524, mSize = 1048576, mInitialSize = 1048576, mGrowthPaddingSize = 1048576, mMaxSize = 0, mData = 0xb40000785af41000
05-17 23:55:47.474  7746  7810 D CursorWindow: native_init_empty: window = 0xb400007b2528d470
05-17 23:55:47.474  7746  7810 D CursorWindow: Not binding to startPos 0
05-17 23:55:47.474  7746  7810 D CursorWindow: Window: numRows = 0, size = 1048576, freeSpace = 1048052
05-17 23:55:47.474  7746  7810 D CursorWindow: Processed all rows
05-17 23:55:47.474  7746  7810 D CursorWindow: Resetting statement 0xb400007a5532f818 after fetching 0 rows in 524 bytes
05-17 23:55:47.474  7746  7810 D CursorWindow:
05-17 23:55:47.474  7746  7810 D CursorWindow:
05-17 23:55:47.474  7746  7810 D CursorWindow:
05-17 23:55:47.474  7746  7810 D CursorWindow: Closing window 0xb400007b2528d470
05-17 23:55:47.474  7746  7810 V Database: Success on 0xb4000079c53cbfb8 when executing 'COMMIT;'
05-17 23:55:47.493 22446 22618 D PowerManagerService: displayReady: false groupId=0
05-17 23:55:47.493 22446 22618 D DisplayPowerController[0]: animateScreenStateChange: target=ON, mIsEnabled=true
05-17 23:55:47.493 22446 22618 D DisplayPowerController[1]: animateScreenStateChange: target=OFF, mIsEnabled=false
05-17 23:55:47.493 22446 22618 D PowerManagerService: displayReady: true groupId=0
05-17 23:55:47.577 22446 22799 E WifiStaIfaceAidlImpl: getCachedScanData failed with service-specific exception: android.os.ServiceSpecificException:  (code 4)
05-17 23:55:47.582 22446 27495 D SemWifiUsabilityStatsMonitor: onWifiUsabilityStats - seqNum 28912, isSameBssidAndFreq true
05-17 23:55:47.583 23916 23987 I HoneySpace.StatusIconTracker: invokeEvent() called with: event = Wifi(visible=true, resId=2131236016, activityId=2131236031)
05-17 23:55:47.586 22446 22924 I SemWifiLinkQualityMonitor: Link stat: 1308 / 19 / 1.28 (23) / 5764 / -39.0 || 100.0 : 5764.00 / 0.5 : 0.78 / 0.55 : 0.01 / G (G) || fe7926386295: 0.074 / 107.456 / N || N N / 0 0 / N 2.0 / N X 2 / 114241982 0 || 2026-05-17 23:55:47  / 0: 0 0 0 0 0 0 / 0: 0 0 0 0 0 0 / 0: 0 0 0 0 0 0
05-17 23:55:47.586 22446 22925 D InsDataManager: onOutageCountUpdate() - Outage Data: 0, LQ : N. Outage Triggered: false
05-17 23:55:47.586 22446 22925 D SemInsManager: {"bssid": "fe7926386295","rssi": -39.0,"latency": 0.0744492128720627,"outage_count": 0,"lq_callback_triggered": false,"outage_log": "Link stat: 1308 / 19 / 1.28 (23) / 5764 / -39.0 || 100.0 : 5764.00 / 0.5 : 0.78 / 0.55 : 0.01 / G (G) || fe7926386295: 0.074 / 107.456 / N || N N / 0 0 / N 2.0 / N X 2 / 114241982 0 || 2026-05-17 23:55:47  / 0: 0 0 0 0 0 0 / 0: 0 0 0 0 0 0 / 0: 0 0 0 0 0 0""Magnetic Sensor Events size": "0""Pressure Sensor Events size": "0"}
05-17 23:55:47.589 22446 22942 D SGM:GameManager: identifyGamePackage. com.tiarnanlarkin.danio, mCurrentUserId: 0, callingMethodInfo: com.samsung.android.game.SemGameManager.isGamePackage(SemGameManager.java:105)
05-17 23:55:47.589 22446 22942 D SGM:SemGameManager: isGamePackage(), pkgName=com.tiarnanlarkin.danio, ret=false
05-17 23:55:47.660 22446 24301 I NSLocationMonitor: getGPSUsingApps() called
05-17 23:55:47.661 24310  2497 I NSLocationManager_FLP: getGPSUsingApps, No change
05-17 23:55:47.666 22446 24301 D FreecessHandler: freeze com.instagram.android(10505) result : 18
05-17 23:55:47.693 22446 22618 D PowerManagerService: displayReady: false groupId=0
05-17 23:55:47.693 22446 22618 D DisplayPowerController[0]: animateScreenStateChange: target=ON, mIsEnabled=true
05-17 23:55:47.694 22446 22618 D DisplayPowerController[1]: animateScreenStateChange: target=OFF, mIsEnabled=false
05-17 23:55:47.694 22446 22618 D PowerManagerService: displayReady: true groupId=0
05-17 23:55:47.894 22446 22618 D PowerManagerService: displayReady: false groupId=0
05-17 23:55:47.894 22446 22618 D DisplayPowerController[0]: animateScreenStateChange: target=ON, mIsEnabled=true
05-17 23:55:47.895 22446 22618 D DisplayPowerController[1]: animateScreenStateChange: target=OFF, mIsEnabled=false
05-17 23:55:47.895 22446 22618 D PowerManagerService: displayReady: true groupId=0
05-17 23:55:48.062 22113 22557 I thermal_core: pivot(AP) : 340, skin : 346
05-17 23:55:48.062 22113 22557 I vendor.samsung.hardware.thermal-service: index = -7.600000
05-17 23:55:48.062 22113 22557 I vendor.samsung.hardware.thermal-service: 8 / 10
05-17 23:55:48.095 22446 22618 D PowerManagerService: displayReady: false groupId=0
05-17 23:55:48.095 22446 22618 D DisplayPowerController[0]: animateScreenStateChange: target=ON, mIsEnabled=true
05-17 23:55:48.095 22446 22618 D DisplayPowerController[1]: animateScreenStateChange: target=OFF, mIsEnabled=false
05-17 23:55:48.095 22446 22618 D PowerManagerService: displayReady: true groupId=0
05-17 23:55:48.121 22446 22955 D WifiConnectivityMonitor: start WCM Poll.
05-17 23:55:48.121 22446 22952 D WifiConnectivityMonitor: Register WifiLinkQualityMonitorCallback
05-17 23:55:48.122 22446 22924 I SemWifiLinkQualityMonitor: LQ callback registered
05-17 23:55:48.122 22446 22952 I SemWifiLinkQualityMonitor: LQ L2 callback initialized: 0 / Y / Y
05-17 23:55:48.250 22446 22988 D NetdEventListenerService: DNS Requested by 171, 10506(com.microsoft.teams), 4(FAIL), isBlocked=true, 0ms
05-17 23:55:48.295 22446 22618 D PowerManagerService: displayReady: false groupId=0
05-17 23:55:48.295 22446 22618 D DisplayPowerController[0]: animateScreenStateChange: target=ON, mIsEnabled=true
05-17 23:55:48.296 22446 22618 D DisplayPowerController[1]: animateScreenStateChange: target=OFF, mIsEnabled=false
05-17 23:55:48.296 22446 22618 D PowerManagerService: displayReady: true groupId=0
05-17 23:55:48.496 22446 22618 D PowerManagerService: displayReady: false groupId=0
05-17 23:55:48.496 22446 22618 D DisplayPowerController[0]: animateScreenStateChange: target=ON, mIsEnabled=true
05-17 23:55:48.496 22446 22618 D DisplayPowerController[1]: animateScreenStateChange: target=OFF, mIsEnabled=false
05-17 23:55:48.497 22446 22618 D PowerManagerService: displayReady: true groupId=0
05-17 23:55:48.640  1812 23009 I sensors-hal: handle_sns_std_sensor_event:127, [SSC_LIGHT] A: 359(359),c:147,b:408,m:37,cl:220,l:359,s:354,l0:65536,l1:96,s0:40250,s1:0,acl:3,opr:0.60,f(r):124,u(bl):100,if:124,wi:15,si:0,0(N:1)
05-17 23:55:48.697 22446 22618 D PowerManagerService: displayReady: false groupId=0
05-17 23:55:48.697 22446 22618 D DisplayPowerController[0]: animateScreenStateChange: target=ON, mIsEnabled=true
05-17 23:55:48.697 22446 22618 D DisplayPowerController[1]: animateScreenStateChange: target=OFF, mIsEnabled=false
05-17 23:55:48.697 22446 22618 D PowerManagerService: displayReady: true groupId=0
05-17 23:55:48.745 22446 24634 D SGM:GameManager: identifyForegroundApp. com.tiarnanlarkin.danio, mCurrentUserId: 0, callerUserId: 0
05-17 23:55:48.745 27454 27524 I PolicyManager: [#CMH#] Is foreground game app: false
05-17 23:55:48.754 27454 27524 I ControllerEventHandler: [#CMH#]  Check for starting Standalone FaceService for just shot !
05-17 23:55:48.754 27454 27524 I ControllerEventHandler: [#CMH#] requestToRegisterInstantWorker: mIsPolicyIgnore :  false
05-17 23:55:48.754 27454 27524 I ControllerUtils: [#CMH#] getFaceServiceUnProcessedMediaCount :E ..
05-17 23:55:48.756 27454 27524 I ControllerEventHandler: [#CMH#] pendingCount<=0, ignore processing ,with isPolicyIgnore : false
05-17 23:55:48.860 22446 22988 D NetdEventListenerService: DNS Requested by 171, 10506(com.microsoft.teams), 4(FAIL), isBlocked=true, 0ms
05-17 23:55:48.898 22446 22618 D PowerManagerService: displayReady: false groupId=0
05-17 23:55:48.898 22446 22618 D DisplayPowerController[0]: animateScreenStateChange: target=ON, mIsEnabled=true
05-17 23:55:48.898 22446 22618 D DisplayPowerController[1]: animateScreenStateChange: target=OFF, mIsEnabled=false
05-17 23:55:48.899 22446 22618 D PowerManagerService: displayReady: true groupId=0
05-17 23:55:49.029  1812  2606 I sensors-hal: handle_sns_std_sensor_event:90, light_cct: ts = 176332484614250 ns; value = [359, 359, 126, 153, 441, 408, 220, 6, 65728, 15, 1]
05-17 23:55:49.064 22113 22557 I thermal_core: pivot(AP) : 341, skin : 346
05-17 23:55:49.064 22113 22557 I vendor.samsung.hardware.thermal-service: index = -6.800000
05-17 23:55:49.064 22113 22557 I vendor.samsung.hardware.thermal-service: 9 / 10
05-17 23:55:49.098 22446 22618 D PowerManagerService: displayReady: false groupId=0
05-17 23:55:49.098 22446 22618 D DisplayPowerController[0]: animateScreenStateChange: target=ON, mIsEnabled=true
05-17 23:55:49.099 22446 22618 D DisplayPowerController[1]: animateScreenStateChange: target=OFF, mIsEnabled=false
05-17 23:55:49.099 22446 22618 D PowerManagerService: displayReady: true groupId=0
05-17 23:55:49.155 22446 23433 I ActivityManager: Changes in 10092 19 to 5, 0 to 144
05-17 23:55:49.156 26894 26915 I WindowsLink: (YpcSignatureChecker) isSignatureAllowed in
05-17 23:55:49.156 26894 26915 I WindowsLink: (BaseContentProvider) call: method = JustInTips@tryShowNotification / subMethod = tryShowNotification
05-17 23:55:49.156 22446 22895 D BackgroundInstallControlService: Package event received: 0
05-17 23:55:49.157  7214 29392 I GmscoreIpa: Starting mediastore instant index [CONTEXT service_id=255 ]
05-17 23:55:49.158 22446 25222 D PackageManager: setEnabledSetting : userId = 0 packageName = com.microsoft.appmanager cmp = androidx.work.impl.background.systemalarm.RescheduleReceiver newState = 1 callingPackage = com.microsoft.appmanager
05-17 23:55:49.158 22446 25222 D ApplicationPolicy: getApplicationStateEnabled : pkg = com.microsoft.appmanager userId : 0
05-17 23:55:49.159 22446 25222 D ApplicationPolicy: getApplicationComponentState : pkg = com.microsoft.appmanager userId : 0
05-17 23:55:49.160 27438 28398 W JobInfo : Requested important-while-foreground flag for job3264 is ignored and takes no effect
05-17 23:55:49.166 22446 24634 D PackageManager: setEnabledSetting : userId = 0 packageName = com.microsoft.appmanager cmp = androidx.work.impl.background.systemalarm.RescheduleReceiver newState = 1 callingPackage = com.microsoft.appmanager
05-17 23:55:49.166 22446 24634 D ApplicationPolicy: getApplicationStateEnabled : pkg = com.microsoft.appmanager userId : 0
05-17 23:55:49.166 22446 24634 D ApplicationPolicy: getApplicationComponentState : pkg = com.microsoft.appmanager userId : 0
05-17 23:55:49.167 27438 28133 W JobInfo : Requested important-while-foreground flag for job3265 is ignored and takes no effect
05-17 23:55:49.169 22446 25222 D PackageManager: setEnabledSetting : userId = 0 packageName = com.microsoft.appmanager cmp = androidx.work.impl.background.systemalarm.RescheduleReceiver newState = 1 callingPackage = com.microsoft.appmanager
05-17 23:55:49.169 22446 25222 D ApplicationPolicy: getApplicationStateEnabled : pkg = com.microsoft.appmanager userId : 0
05-17 23:55:49.169 22446 25222 D ApplicationPolicy: getApplicationComponentState : pkg = com.microsoft.appmanager userId : 0
05-17 23:55:49.169 27438 28133 W JobInfo : Requested important-while-foreground flag for job3266 is ignored and takes no effect
05-17 23:55:49.205  1083  1083 D io_stats: !@   8,0 r 29573752 833547980 w 7220130 134677512 d 1124548 238069496 f 116365 402387 iot 2470880 0 th 0 0 0 pt 0 inp 0 0 114243.605
05-17 23:55:49.205  1083  1083 D io_stats: !@ Read_top(KB): com.tplink.tpm5:low(7746) 80 system_server:normal(22446) 24
05-17 23:55:49.205  1083  1083 D io_stats: !@ Write_top(KB): kworker/u17:0:/(26018) 2956 soft.appmanager:high(27438) 96 com.tplink.tpm5:low(7746) 64
05-17 23:55:49.205  1083  1083 D io_stats: !@ fuse-log: WORST (0 18 0 1 0) (2000 3 0 1 0) (2000 14 0 1 0) TOTAL_LATENCY (0 0 18 0 1) (2000 0 3 0 1 14 0 1 25 0 1) TOTAL_CNT (2000 4 3 1 14 1 25 1) (0 1 18 1)
05-17 23:55:49.299 22446 22618 D PowerManagerService: displayReady: false groupId=0
05-17 23:55:49.299 22446 22618 D DisplayPowerController[0]: animateScreenStateChange: target=ON, mIsEnabled=true
05-17 23:55:49.299 22446 22618 D DisplayPowerController[1]: animateScreenStateChange: target=OFF, mIsEnabled=false
05-17 23:55:49.300 22446 22618 D PowerManagerService: displayReady: true groupId=0
05-17 23:55:49.399 24158 24204 D MobileLoggingSuite: Executing Sushi UploadTask...
05-17 23:55:49.399 24158 24204 D MobileLoggingSuite: Starting upload of previously persisted events in path /data/user/0/com.amazon.appmanager/files/mls/nexus/sushi_normal
05-17 23:55:49.399 24158 24204 D MobileLoggingSuite: Uploading sushi file '/data/user/0/com.amazon.appmanager/files/mls/nexus/sushi_normal/file_ring/v2_1_na_4'...
05-17 23:55:49.403 24158 24204 E MobileLoggingSuite: Exception caught during file upload!
05-17 23:55:49.403 24158 24204 D MobileLoggingSuite: Upload of Sushi file '/data/user/0/com.amazon.appmanager/files/mls/nexus/sushi_normal/file_ring/v2_1_na_4' failed.
05-17 23:55:49.403 24158 24204 D MobileLoggingSuite: Uploading sushi file '/data/user/0/com.amazon.appmanager/files/mls/nexus/sushi_normal/file_ring/v2_2_na_1'...
05-17 23:55:49.404 24158 24204 E MobileLoggingSuite: Exception caught during file upload!
05-17 23:55:49.404 24158 24204 D MobileLoggingSuite: Upload of Sushi file '/data/user/0/com.amazon.appmanager/files/mls/nexus/sushi_normal/file_ring/v2_2_na_1' failed.
05-17 23:55:49.404 24158 24204 D MobileLoggingSuite: Uploading sushi file '/data/user/0/com.amazon.appmanager/files/mls/nexus/sushi_normal/file_ring/v2_3_na_2'...
05-17 23:55:49.404 24158 24204 E MobileLoggingSuite: Exception caught during file upload!
05-17 23:55:49.404 24158 24204 D MobileLoggingSuite: Upload of Sushi file '/data/user/0/com.amazon.appmanager/files/mls/nexus/sushi_normal/file_ring/v2_3_na_2' failed.
05-17 23:55:49.404 22446 22988 D NetdEventListenerService: DNS Requested by 171, 10347(com.amazon.appmanager), 4(FAIL), isBlocked=true, 0ms
05-17 23:55:49.404 24158 24204 D MobileLoggingSuite: Uploading sushi file '/data/user/0/com.amazon.appmanager/files/mls/nexus/sushi_normal/file_ring/v2_4_na_2'...
05-17 23:55:49.405 24158 24204 E MobileLoggingSuite: Exception caught during file upload!
05-17 23:55:49.405 24158 24204 D MobileLoggingSuite: Upload of Sushi file '/data/user/0/com.amazon.appmanager/files/mls/nexus/sushi_normal/file_ring/v2_4_na_2' failed.
05-17 23:55:49.405 24158 24204 D MobileLoggingSuite: Uploading sushi file '/data/user/0/com.amazon.appmanager/files/mls/nexus/sushi_normal/file_ring/v2_5_na_1'...
05-17 23:55:49.405 24158 24204 E MobileLoggingSuite: Exception caught during file upload!
05-17 23:55:49.405 24158 24204 D MobileLoggingSuite: Upload of Sushi file '/data/user/0/com.amazon.appmanager/files/mls/nexus/sushi_normal/file_ring/v2_5_na_1' failed.
05-17 23:55:49.405 24158 24204 D MobileLoggingSuite: Uploading sushi file '/data/user/0/com.amazon.appmanager/files/mls/nexus/sushi_normal/file_ring/v2_6_na_2'...
05-17 23:55:49.406 24158 24204 E MobileLoggingSuite: Exception caught during file upload!
05-17 23:55:49.406 24158 24204 D MobileLoggingSuite: Upload of Sushi file '/data/user/0/com.amazon.appmanager/files/mls/nexus/sushi_normal/file_ring/v2_6_na_2' failed.
05-17 23:55:49.406 24158 24204 D MobileLoggingSuite: Uploading sushi file '/data/user/0/com.amazon.appmanager/files/mls/nexus/sushi_normal/file_ring/v2_7_na_1'...
05-17 23:55:49.406 24158 24204 E MobileLoggingSuite: Exception caught during file upload!
05-17 23:55:49.406 24158 24204 D MobileLoggingSuite: Upload of Sushi file '/data/user/0/com.amazon.appmanager/files/mls/nexus/sushi_normal/file_ring/v2_7_na_1' failed.
05-17 23:55:49.406 24158 24204 D MobileLoggingSuite: Uploading sushi file '/data/user/0/com.amazon.appmanager/files/mls/nexus/sushi_normal/file_ring/v2_8_na_2'...
05-17 23:55:49.406 24158 24204 E MobileLoggingSuite: Exception caught during file upload!
05-17 23:55:49.406 24158 24204 D MobileLoggingSuite: Upload of Sushi file '/data/user/0/com.amazon.appmanager/files/mls/nexus/sushi_normal/file_ring/v2_8_na_2' failed.
05-17 23:55:49.406 24158 24204 D MobileLoggingSuite: Uploading sushi file '/data/user/0/com.amazon.appmanager/files/mls/nexus/sushi_normal/file_ring/v2_9_na_1'...
05-17 23:55:49.407 24158 24204 E MobileLoggingSuite: Exception caught during file upload!
05-17 23:55:49.407 24158 24204 D MobileLoggingSuite: Upload of Sushi file '/data/user/0/com.amazon.appmanager/files/mls/nexus/sushi_normal/file_ring/v2_9_na_1' failed.
05-17 23:55:49.407 24158 24204 D MobileLoggingSuite: Completed upload of previously persisted events in path /data/user/0/com.amazon.appmanager/files/mls/nexus/sushi_normal
05-17 23:55:49.407 24158 24204 D MobileLoggingSuite: Sushi UploadTask completed successfully
05-17 23:55:49.500 22446 22618 D PowerManagerService: displayReady: false groupId=0
05-17 23:55:49.500 22446 22618 D DisplayPowerController[0]: animateScreenStateChange: target=ON, mIsEnabled=true
05-17 23:55:49.501 22446 22618 D DisplayPowerController[1]: animateScreenStateChange: target=OFF, mIsEnabled=false
05-17 23:55:49.501 22446 22618 D PowerManagerService: displayReady: true groupId=0
05-17 23:55:49.664 22446 22691 I JobScheduler.HeavyJobController: com.samsung.android.smartsuggestions/androidx.work.impl.background.systemjob.SystemJobService has heavy job's constraints.
05-17 23:55:49.664 22446 22691 I JobScheduler: HeavyJobController::heavy job upper limit: 600000(1800000|1800000)
05-17 23:55:49.668 14657 14922 I Moneta::RemoteWorker: WorkerStart REALTIME_DATA_COLLECTOR [attempt=0, stop reason=NOT_STOPPED], workLog = WorkLog(id=9b2e149b-a2ba-4aca-a221-faad088f306f-0, workTag=REALTIME_DATA_COLLECTOR, startTime=0, endTime=null, stopTime=null, state=START, retryCount=0, errorCode=-256, tags=[gallery], executorThreadId=null)
05-17 23:55:49.668 14657 14922 I Moneta::RealTimeDataCollectingWorker: doWork - tag(gallery)
05-17 23:55:49.668 14657 14922 I Moneta::RealTimeDataCollectingWorker: START ACTION_NOTIFIED_DATA_CHANGED - tag: gallery
05-17 23:55:49.669 14657 14922 I Moneta::CoordinatorImpl: requestToCollectData() - collectionType: REAL_TIME, tag: gallery
05-17 23:55:49.669 14657 14922 I Moneta::CollectorDispatcher: handleCollectData: gallery
05-17 23:55:49.686 14657 14877 I Moneta::GalleryDataCollectorV2: version of media provider: 1601200000, last syncGeneration: 78135
05-17 23:55:49.687 22446 25222 I ActivityManager: Changes in 10066 10 to 5, 0 to 144
05-17 23:55:49.688 22446 22895 D BackgroundInstallControlService: Package event received: 0
05-17 23:55:49.700 22446 22618 D PowerManagerService: displayReady: false groupId=0
05-17 23:55:49.700 22446 22618 D DisplayPowerController[0]: animateScreenStateChange: target=ON, mIsEnabled=true
05-17 23:55:49.700 22446 22618 D DisplayPowerController[1]: animateScreenStateChange: target=OFF, mIsEnabled=false
05-17 23:55:49.700 22446 22618 D PowerManagerService: displayReady: true groupId=0
05-17 23:55:49.718 14657 14877 I Moneta::CollectorDispatcher: not changed, tag: gallery
05-17 23:55:49.718 14657 14877 I Moneta::RealTimeDataCollectingWorker: END ACTION_NOTIFIED_DATA_CHANGED - tag: gallery
05-17 23:55:49.718 14657 14877 I Moneta::FeatureDataSubscriber: onCollectedRealTimeData RealtimeFeatureAnalysisSchedulerWorker Enqueue
05-17 23:55:49.718 14657 14877 I Moneta::RealtimeFeatureAnalysisSchedulerController: execute
05-17 23:55:49.718 14657 14877 I Moneta::RealtimeFeatureAnalysisSchedulerController: RealtimeFeatureAnalysisSchedulerControllerWorker delay:2000
05-17 23:55:49.718 14657 14877 I Moneta::RealTimeDataCollectingWorker: Data Collecting All Complete & Publish Realtime(DataSubscriber) elapsedTime: 50ms, tags: [com.samsung.android.moneta.datacollector.taskexecutor.RealTimeDataCollectingWorker, REALTIME_DATA_COLLECTOR, MONETA_DATA_PLATFORM_COMMON_TAG, gallery]
05-17 23:55:49.719 14657 14877 I Moneta::RemoteWorker: WorkerEnd REALTIME_DATA_COLLECTOR (00:00:00.051), workLog = WorkLog(id=9b2e149b-a2ba-4aca-a221-faad088f306f-0, workTag=REALTIME_DATA_COLLECTOR, startTime=1779058549668, endTime=1779058549719, stopTime=null, state=END, retryCount=0, errorCode=-256, tags=[gallery], executorThreadId=14922)
05-17 23:55:49.721 24549 26270 I WM-WorkerWrapper: Worker result SUCCESS for Work [ id=9b2e149b-a2ba-4aca-a221-faad088f306f, tags={ com.samsung.android.moneta.datacollector.taskexecutor.RealTimeDataCollectingWorker, REALTIME_DATA_COLLECTOR, MONETA_DATA_PLATFORM_COMMON_TAG, gallery } ]
05-17 23:55:49.826 22446 22922 I SemWifiServiceDetector: NSD results: [0, 1, 2, 0, 0, 1, 2, 0, 0] Traff. type 1 Thr 0
05-17 23:55:49.901 22446 22618 D PowerManagerService: displayReady: false groupId=0
05-17 23:55:49.902 22446 22618 D DisplayPowerController[0]: animateScreenStateChange: target=ON, mIsEnabled=true
05-17 23:55:49.902 22446 22618 D DisplayPowerController[1]: animateScreenStateChange: target=OFF, mIsEnabled=false
05-17 23:55:49.902 22446 22618 D PowerManagerService: displayReady: true groupId=0
05-17 23:55:50.066 22113 22557 I thermal_core: pivot(AP) : 342, skin : 346
05-17 23:55:50.066 22113 22557 I vendor.samsung.hardware.thermal-service: index = -5.800000
05-17 23:55:50.066 22113 22557 I vendor.samsung.hardware.thermal-service: 10 / 10
05-17 23:55:50.102 22446 22618 D PowerManagerService: displayReady: false groupId=0
05-17 23:55:50.102 22446 22618 D DisplayPowerController[0]: animateScreenStateChange: target=ON, mIsEnabled=true
05-17 23:55:50.102 22446 22618 D DisplayPowerController[1]: animateScreenStateChange: target=OFF, mIsEnabled=false
05-17 23:55:50.102 22446 22618 D PowerManagerService: displayReady: true groupId=0
05-17 23:55:50.106 22092 22102 D AHAL_ModulePrimary_QTI: getVendorParameters: id count: 1
05-17 23:55:50.106 22092 22102 I PAL: ResourceManager: getActiveStream_l: 6569: no active streams found for device 3 ret -2
05-17 23:55:50.106 22092 22102 D AHAL_SecModulePrimary: onGetSECGenericParameters get temperature for g_hw_speaker_amp_temp_rcv: 0
05-17 23:55:50.106 22092 22202 D AHAL_ModulePrimary_QTI: getVendorParameters: id count: 1
05-17 23:55:50.106 22092 22202 I PAL: ResourceManager: getActiveStream_l: 6569: no active streams found for device 3 ret -2
05-17 23:55:50.106 22092 22202 D AHAL_SecModulePrimary: onGetSECGenericParameters get temperature for g_hw_speaker_amp_temp_spk: 0
05-17 23:55:50.108 24930 26001 I SDHMS:x : SIOP:: AP:342 BAT:293 USB:288 CHG:337 PA:334 CP:331 WIFI:355 CF:341 BLK:0 SUBBAT:297 LRPTHM:322 SKIN:339 SKINF:337 SKINB:345 LRP:339 LRF:337 LRB:345 APT:337 APR:345 RCV:290 SPK:284 CAPR:339 CRCV:306 CSPK:300 CAMT:335 UPSPK:299 DNSPK:300 VAP02:349 VAP05:343 AMB2:227 HIGH:0 AVGCUR:724 AVGSYS:504 POWER:2777
05-17 23:55:50.111 24930 26001 I AudioManager: setParameters keyValuePairs = g_hw_speaker_amp_temp_spk=30
05-17 23:55:50.112 22446 22446 D SemWifiP2pGoPowerSave: GopsReceiver : received : com.samsung.intent.action.CHECK_SIOP_LEVEL
05-17 23:55:50.112 22086 22850 D AudioFlinger: setParameters: filtered dev setParameters keyvalue g_hw_speaker_amp_temp_spk=30
05-17 23:55:50.112 22446 22446 I SemWifiP2pGoPowerSave: siop_level = -2
05-17 23:55:50.112  1812  1812 I sensors-hal: set_config:64, no need to adjust sample_period_ns due to reporting_mode = 2
05-17 23:55:50.112  1812  1812 I sensors-hal: send_sensor_config_request:652, dt=ambient_light_v: convert sample_period=200000000 to batch_period=200000
05-17 23:55:50.112  1812  1812 I sensors-hal: send_sync_sensor_request:515, send sync request
05-17 23:55:50.112 22092 22202 D AHAL_HFP_QTI: hfp_set_parameters enter
05-17 23:55:50.112  1812  1812 I sensors-hal: send_sync_sensor_request:544, wait for notification of response
05-17 23:55:50.112 22092 22202 D AHAL_HFP_QTI: hfp_set_parameters Exit
05-17 23:55:50.112 22092 22202 D AHAL_SecModulePrimary: processSetVendorParameters: configured g_hw_speaker_amp_temp_spk
05-17 23:55:50.112 22092 22202 D AHAL_SecModulePrimary: processSetVendorParameters: handler set on Feature:0
05-17 23:55:50.112 22092 22202 D AHAL_SecModulePrimary: onSetSECGenericParameters set temperature for g_hw_speaker_amp_temp_spk: 30
05-17 23:55:50.112 22092 22202 I PAL: API: pal_set_param: 1377: Enter: param id 3002
05-17 23:55:50.113 22092 22202 I PAL: ResourceManager: getActiveStream_l: 6569: no active streams found for device 3 ret -2
05-17 23:55:50.113 22086 22850 E ConversionHelperAidl: Function: parseAndSetVendorParameters Line: 94 Failed
05-17 23:55:50.113 22086 22850 E ConversionHelperAidl: Function: parseAndSetVendorParameters Line: 94 Failed
05-17 23:55:50.113  1812 23009 I sensors-hal: qsh_conn_resp_cb:972, resp_value = 0 for ambient_light_v
05-17 23:55:50.113  1812  1812 I sensors-hal: send_sync_sensor_request:550, takes 1 ms to receive the response with 0
05-17 23:55:50.113  1812  1812 I sensors-hal: batch:368, android.sensor.light/51, period=200000000, max_latency=0 request completed
05-17 23:55:50.113 24930 26001 I AudioManager: setParameters keyValuePairs = g_hw_speaker_amp_temp_rcv=31
05-17 23:55:50.114 22086 22850 D AudioFlinger: setParameters: filtered dev setParameters keyvalue g_hw_speaker_amp_temp_rcv=31
05-17 23:55:50.114 22092 22202 D AHAL_HFP_QTI: hfp_set_parameters enter
05-17 23:55:50.114 22092 22202 D AHAL_HFP_QTI: hfp_set_parameters Exit
05-17 23:55:50.114 22092 22202 D AHAL_SecModulePrimary: processSetVendorParameters: configured g_hw_speaker_amp_temp_rcv
05-17 23:55:50.114 22092 22202 D AHAL_SecModulePrimary: processSetVendorParameters: handler set on Feature:0
05-17 23:55:50.114 22092 22202 D AHAL_SecModulePrimary: onSetSECGenericParameters set temperature for g_hw_speaker_amp_temp_rcv: 31
05-17 23:55:50.114 22092 22202 I PAL: API: pal_set_param: 1377: Enter: param id 3001
05-17 23:55:50.114 22092 22202 I PAL: ResourceManager: getActiveStream_l: 6569: no active streams found for device 3 ret -2
05-17 23:55:50.114 22086 22850 E ConversionHelperAidl: Function: parseAndSetVendorParameters Line: 94 Failed
05-17 23:55:50.114  1812  1812 D SensorsFlicker: Als_common::setDelay, handle : 1 time : 10000000ns
05-17 23:55:50.114 22086 22850 E ConversionHelperAidl: Function: parseAndSetVendorParameters Line: 94 Failed
