07-04 03:52:49.574 14562 14562 I AconfigPackage: android.provider.flags is mapped to com.android.configinfrastructure
07-04 03:52:49.574 14562 14562 I AconfigPackage: com.android.server.deviceconfig is mapped to com.android.configinfrastructure
07-04 03:52:49.575 14562 14562 I AconfigPackage: com.android.nfc.flags is mapped to system
07-04 03:52:49.575 14562 14562 I AconfigPackage: android.app.admin.flags is mapped to system
07-04 03:52:49.575 14562 14562 I AconfigPackage: android.database.sqlite is mapped to system
07-04 03:52:49.576 14562 14562 I AconfigPackage: com.android.providers.calendar is mapped to system
07-04 03:52:49.576 14562 14562 I AconfigPackage: com.android.server.power.feature.flags is mapped to system
07-04 03:52:49.576 14562 14562 I AconfigPackage: com.android.media.performance.flags is mapped to system
07-04 03:52:49.576 14562 14562 I AconfigPackage: android.app.contextualsearch.flags is mapped to system
07-04 03:52:49.576 14562 14562 I AconfigPackage: android.app.ondeviceintelligence.flags is mapped to system
07-04 03:52:49.576 14562 14562 I AconfigPackage: com.android.media.projection.flags is mapped to system
07-04 03:52:49.576 14562 14562 I AconfigPackage: android.companion is mapped to system
07-04 03:52:49.577 14562 14562 I AconfigPackage: android.service.controls.flags is mapped to system
07-04 03:52:49.577 14562 14562 I AconfigPackage: com.android.text.flags is mapped to system
07-04 03:52:49.577 14562 14562 I AconfigPackage: com.android.providers.contactkeys.flags is mapped to system
07-04 03:52:49.578 14562 14562 I AconfigPackage: com.android.intentresolver is mapped to system
07-04 03:52:49.578 14562 14562 I AconfigPackage: android.companion.virtualdevice.flags is mapped to system
07-04 03:52:49.579 14562 14562 I AconfigPackage: android.uprobestats.flags is mapped to system
07-04 03:52:49.581 14562 14562 I AconfigPackage: com.android.net.thread.platform.flags is mapped to system
07-04 03:52:49.581 14562 14562 I AconfigPackage: android.view.contentprotection.flags is mapped to system
07-04 03:52:49.582 14562 14562 I AconfigPackage: com.android.server.dreams is mapped to system
07-04 03:52:49.582 14562 14562 I AconfigPackage: com.android.graphics.surfaceflinger.flags is mapped to system
07-04 03:52:49.583 14562 14562 I AconfigPackage: com.android.hardware.input is mapped to system
07-04 03:52:49.583 14562 14562 I AconfigPackage: android.sdk is mapped to system
07-04 03:52:49.583 14562 14562 I AconfigPackage: com.android.input.flags is mapped to system
07-04 03:52:49.584 14562 14562 I AconfigPackage: android.tracing is mapped to system
07-04 03:52:49.584 14562 14562 I AconfigPackage: com.android.server.biometrics is mapped to system
07-04 03:52:49.585 14562 14562 I AconfigPackage: android.view.contentcapture.flags is mapped to system
07-04 03:52:49.585 14562 14562 I AconfigPackage: android.app.job is mapped to system
07-04 03:52:49.586 14562 14562 I AconfigPackage: android.content.res is mapped to system
07-04 03:52:49.586 14562 14562 I AconfigPackage: android.net.platform.flags is mapped to system
07-04 03:52:49.588 14562 14562 I AconfigPackage: com.android.aconfig.flags is mapped to system
07-04 03:52:49.589 14562 14562 I AconfigPackage: com.android.graphics.flags is mapped to system
07-04 03:52:49.589 14562 14562 I AconfigPackage: android.server.app is mapped to system
07-04 03:52:49.589 14562 14562 I AconfigPackage: android.speech.flags is mapped to system
07-04 03:52:49.589 14562 14562 I AconfigPackage: com.android.server.stats is mapped to system
07-04 03:52:49.589 14562 14562 I AconfigPackage: android.hardware.biometrics is mapped to system
07-04 03:52:49.589 14562 14562 I AconfigPackage: android.car.feature is mapped to system
07-04 03:52:49.589 14562 14562 I AconfigPackage: android.adpf is mapped to system
07-04 03:52:49.590 14562 14562 I AconfigPackage: android.location.flags is mapped to system
07-04 03:52:49.590 14562 14562 I AconfigPackage: com.android.settingslib.flags is mapped to system
07-04 03:52:49.590 14562 14562 I AconfigPackage: com.android.managedprovisioning.flags is mapped to system
07-04 03:52:49.590 14562 14562 I AconfigPackage: android.app.assist.flags is mapped to system
07-04 03:52:49.590 14562 14562 I AconfigPackage: com.android.server.net is mapped to system
07-04 03:52:49.590 14562 14562 I AconfigPackage: com.android.settingslib.widget.flags is mapped to system
07-04 03:52:49.590 14562 14562 I AconfigPackage: com.android.internal.camera.flags is mapped to system
07-04 03:52:49.590 14562 14562 I AconfigPackage: com.android.hardware.libsensor.flags is mapped to system
07-04 03:52:49.591 14562 14562 I AconfigPackage: com.android.internal.jank is mapped to system
07-04 03:52:49.591 14562 14562 I AconfigPackage: com.android.providers.settings is mapped to system
07-04 03:52:49.591 14562 14562 I AconfigPackage: android.multiuser is mapped to system
07-04 03:52:49.591 14562 14562 I AconfigPackage: com.android.server.power.optimization is mapped to system
07-04 03:52:49.591 14562 14562 I AconfigPackage: com.android.calllogbackup is mapped to system
07-04 03:52:49.592 14562 14562 I AconfigPackage: com.android.media.flags is mapped to system
07-04 03:52:49.592 14562 14562 I AconfigPackage: com.android.server.flags is mapped to system
07-04 03:52:49.592 14562 14562 I AconfigPackage: com.android.graphics.libvulkan.flags is mapped to system
07-04 03:52:49.592 14562 14562 I AconfigPackage: android.app.appfunctions.flags is mapped to system
07-04 03:52:49.592 14562 14562 I AconfigPackage: android.app.smartspace.flags is mapped to system
07-04 03:52:49.592 14562 14562 I AconfigPackage: com.android.providers.contacts.flags is mapped to system
07-04 03:52:49.592 14562 14562 I AconfigPackage: com.android.shell.flags is mapped to system
07-04 03:52:49.593 14562 14562 I AconfigPackage: com.android.media.aaudio is mapped to system
07-04 03:52:49.593 14562 14562 I AconfigPackage: android.hardware.radio is mapped to system
07-04 03:52:49.593 14562 14562 I AconfigPackage: com.google.wear.services.infra.flags is mapped to system
07-04 03:52:49.594 14562 14562 I AconfigPackage: suspend_service.flags is mapped to system
07-04 03:52:49.594 14562 14562 I AconfigPackage: android.media.midi is mapped to system
07-04 03:52:49.594 14562 14562 I AconfigPackage: com.android.libcore.readonly is mapped to system
07-04 03:52:49.594 14562 14562 I AconfigPackage: com.android.settingslib.widget.selectorwithwidgetpreference.flags is mapped to system
07-04 03:52:49.594 14562 14562 I AconfigPackage: android.service.notification is mapped to system
07-04 03:52:49.594 14562 14562 I AconfigPackage: com.android.systemui.shared is mapped to system
07-04 03:52:49.594 14562 14562 I AconfigPackage: android.app.jank is mapped to system
07-04 03:52:49.594 14562 14562 I AconfigPackage: android.app.wearable is mapped to system
07-04 03:52:49.595 14562 14562 I AconfigPackage: com.android.media.audio is mapped to system
07-04 03:52:49.599 14562 14562 I AconfigPackage: android.service.chooser is mapped to system
07-04 03:52:49.600 14562 14562 I AconfigPackage: com.android.server.compat is mapped to system
07-04 03:52:49.600 14562 14562 I AconfigPackage: com.android.server.alarm is mapped to system
07-04 03:52:49.601 14562 14562 I AconfigPackage: com.android.apex.flags is mapped to system
07-04 03:52:49.601 14562 14562 I AconfigPackage: android.service.quickaccesswallet is mapped to system
07-04 03:52:49.602 14562 14562 I AconfigPackage: android.app.usage is mapped to system
07-04 03:52:49.602 14562 14562 I AconfigPackage: com.android.server.accessibility is mapped to system
07-04 03:52:49.602 14562 14562 I AconfigPackage: android.app.supervision.flags is mapped to system
07-04 03:52:49.602 14562 14562 I AconfigPackage: com.android.server.utils is mapped to system
07-04 03:52:49.602 14562 14562 I AconfigPackage: android.chre.flags is mapped to system
07-04 03:52:49.603 14562 14562 I AconfigPackage: android.content.flags is mapped to system
07-04 03:52:49.603 14562 14562 I AconfigPackage: android.media.codec is mapped to system
07-04 03:52:49.603 14562 14562 I AconfigPackage: com.android.internal.os is mapped to system
07-04 03:52:49.603 14562 14562 I AconfigPackage: com.android.nfc.nci.flags is mapped to system
07-04 03:52:49.603 14562 14562 I AconfigPackage: android.app is mapped to system
07-04 03:52:49.603 14562 14562 I AconfigPackage: android.security.keystore2 is mapped to system
07-04 03:52:49.603 14562 14562 I AconfigPackage: android.crashrecovery.flags is mapped to system
07-04 03:52:49.604 14562 14562 I AconfigPackage: com.android.tradeinmode.flags is mapped to system
07-04 03:52:49.604 14562 14562 I AconfigPackage: android.hardware.flags is mapped to system
07-04 03:52:49.604 14562 14562 I AconfigPackage: com.android.server.telecom.flags is mapped to system
07-04 03:52:49.604 14562 14562 I AconfigPackage: com.android.settingslib.media.flags is mapped to system
07-04 03:52:49.604 14562 14562 I AconfigPackage: com.android.server.policy is mapped to system
07-04 03:52:49.604 14562 14562 I AconfigPackage: android.media.audiopolicy is mapped to system
07-04 03:52:49.604 14562 14562 I AconfigPackage: com.android.egg.flags is mapped to system
07-04 03:52:49.604 14562 14562 I AconfigPackage: com.android.internal.compat.flags is mapped to system
07-04 03:52:49.604 14562 14562 I AconfigPackage: android.security is mapped to system
07-04 03:52:49.604 14562 14562 I AconfigPackage: android.service.autofill is mapped to system
07-04 03:52:49.604 14562 14562 I AconfigPackage: com.example.android.aconfig.demo.flags is mapped to system
07-04 03:52:49.604 14562 14562 I AconfigPackage: android.view.flags is mapped to system
07-04 03:52:49.604 14562 14562 I AconfigPackage: android.companion.virtual.flags is mapped to system
07-04 03:52:49.604 14562 14562 I AconfigPackage: com.android.aconfig_new_storage is mapped to system
07-04 03:52:49.605 14562 14562 I AconfigPackage: com.android.server.feature.flags is mapped to system
07-04 03:52:49.605 14562 14562 I AconfigPackage: com.android.systemui is mapped to system
07-04 03:52:49.605 14562 14562 I AconfigPackage: com.android.server.power.batterysaver is mapped to system
07-04 03:52:49.605 14562 14562 I AconfigPackage: android.widget.flags is mapped to system
07-04 03:52:49.605 14562 14562 I AconfigPackage: com.android.media.editing.flags is mapped to system
07-04 03:52:49.605 14562 14562 I AconfigPackage: com.android.media.codec.flags is mapped to system
07-04 03:52:49.605 14562 14562 I AconfigPackage: com.android.server.powerstats is mapped to system
07-04 03:52:49.606 14562 14562 I AconfigPackage: com.android.graphics.egl.flags is mapped to system
07-04 03:52:49.607 14562 14562 I AconfigPackage: com.android.media.audioserver is mapped to system
07-04 03:52:49.607 14562 14562 I AconfigPackage: com.android.server.deviceidle is mapped to system
07-04 03:52:49.607 14562 14562 I AconfigPackage: android.nfc is mapped to system
07-04 03:52:49.608 14562 14562 I AconfigPackage: android.permission.flags is mapped to system
07-04 03:52:49.609 14562 14562 I AconfigPackage: android.service.voice.flags is mapped to system
07-04 03:52:49.609 14562 14562 I AconfigPackage: android.content.pm is mapped to system
07-04 03:52:49.609 14562 14562 I AconfigPackage: com.android.server.power.hint is mapped to system
07-04 03:52:49.610 14562 14562 I AconfigPackage: android.os is mapped to system
07-04 03:52:49.610 14562 14562 I AconfigPackage: android.service.dreams is mapped to system
07-04 03:52:49.611 14562 14562 I AconfigPackage: com.android.graphics.libgui.flags is mapped to system
07-04 03:52:49.611 14562 14562 I AconfigPackage: android.hardware.usb.flags is mapped to system
07-04 03:52:49.611 14562 14562 I AconfigPackage: android.provider is mapped to system
07-04 03:52:49.611 14562 14562 I AconfigPackage: com.android.server.job is mapped to system
07-04 03:52:49.612 14562 14562 I AconfigPackage: com.android.internal.foldables.flags is mapped to system
07-04 03:52:49.612 14562 14562 I AconfigPackage: com.android.internal.telephony.flags is mapped to system
07-04 03:52:49.612 14562 14562 I AconfigPackage: android.webkit is mapped to system
07-04 03:52:49.612 14562 14562 I AconfigPackage: android.credentials.flags is mapped to system
07-04 03:52:49.613 14562 14562 I AconfigPackage: com.android.server.display.feature.flags is mapped to system
07-04 03:52:49.613 14562 14562 I AconfigPackage: com.android.server.notification is mapped to system
07-04 03:52:49.613 14562 14562 I AconfigPackage: android.appwidget.flags is mapped to system
07-04 03:52:49.614 14562 14562 I AconfigPackage: com.android.frameworks.sensorservice.flags is mapped to system
07-04 03:52:49.614 14562 14562 I AconfigPackage: com.android.printspooler.flags is mapped to system
07-04 03:52:49.615 14562 14562 I AconfigPackage: com.android.window.flags is mapped to system
07-04 03:52:49.615 14562 14562 I AconfigPackage: android.adaptiveauth is mapped to system
07-04 03:52:49.616 14562 14562 I AconfigPackage: android.net.wifi.flags is mapped to system
07-04 03:52:49.616 14562 14562 I AconfigPackage: android.media.tv.flags is mapped to system
07-04 03:52:49.617 14562 14562 I AconfigPackage: com.android.server.usb.flags is mapped to system
07-04 03:52:49.617 14562 14562 I AconfigPackage: android.os.vibrator is mapped to system
07-04 03:52:49.617 14562 14562 I AconfigPackage: android.hardware.devicestate.feature.flags is mapped to system
07-04 03:52:49.618 14562 14562 I AconfigPackage: com.android.server.usage is mapped to system
07-04 03:52:49.618 14562 14562 I AconfigPackage: android.server is mapped to system
07-04 03:52:49.619 14562 14562 I AconfigPackage: com.android.wm.shell is mapped to system
07-04 03:52:49.621 14562 14562 I AconfigPackage: android.view.inputmethod is mapped to system
07-04 03:52:49.621 14562 14562 I AconfigPackage: com.android.graphics.hwui.flags is mapped to system
07-04 03:52:49.621 14562 14562 I AconfigPackage: com.android.server.backup is mapped to system
07-04 03:52:49.621 14562 14562 I AconfigPackage: com.android.internal.pm.pkg.component.flags is mapped to system
07-04 03:52:49.621 14562 14562 I AconfigPackage: android.view.accessibility is mapped to system
07-04 03:52:49.621 14562 14562 I AconfigPackage: com.google.wear.sdk is mapped to system
07-04 03:52:49.621 14562 14562 I AconfigPackage: android.media.audio is mapped to system
07-04 03:52:49.622 14562 14562 I AconfigPackage: com.android.server.am is mapped to system
07-04 03:52:49.622 14562 14562 I AconfigPackage: com.android.media.playback.flags is mapped to system
07-04 03:52:49.622 14562 14562 I AconfigPackage: com.android.art.flags is mapped to com.android.art
07-04 03:52:49.622 14562 14562 I AconfigPackage: com.android.libcore is mapped to com.android.art
07-04 03:52:49.622 14562 14562 I AconfigPackage: com.android.media.extractor.flags is mapped to com.android.media
07-04 03:52:49.623 14562 14562 I AconfigPackage: com.android.media.mainline.flags is mapped to com.android.media
07-04 03:52:49.623 14562 14562 I AconfigPackage: com.android.wifi.flags is mapped to com.android.wifi
07-04 03:52:49.624 14562 14562 I AconfigPackage: com.android.org.conscrypt.flags is mapped to com.android.conscrypt
07-04 03:52:49.624 14562 14562 I AconfigPackage: com.android.healthfitness.flags is mapped to com.android.healthfitness
07-04 03:52:49.625 14562 14562 I AconfigPackage: com.google.android.input.twoshay.flags is mapped to vendor
07-04 03:52:49.625 14562 14562 I AconfigPackage: libgooglecamerahal.flags is mapped to vendor
07-04 03:52:49.625 14562 14562 I AconfigPackage: com.android.ipsec.flags is mapped to com.android.ipsec
07-04 03:52:49.625 14562 14562 I AconfigPackage: com.android.nfc.module.flags is mapped to com.android.nfcservices
07-04 03:52:49.625 14562 14562 I AconfigPackage: com.android.adservices.ondevicepersonalization.flags is mapped to com.android.ondevicepersonalization
07-04 03:52:49.626 14562 14562 I AconfigPackage: com.android.bluetooth.flags is mapped to com.android.bt
07-04 03:52:49.626 14562 14562 I AconfigPackage: com.android.devicelock.flags is mapped to com.android.devicelock
07-04 03:52:49.626 14562 14562 I AconfigPackage: android.os.profiling is mapped to com.android.profiling
07-04 03:52:49.626 14562 14562 I AconfigPackage: com.android.os.statsd.flags is mapped to com.android.os.statsd
07-04 03:52:49.627 14562 14562 I AconfigPackage: com.android.cellbroadcastreceiver.flags is mapped to com.android.cellbroadcast
07-04 03:52:49.627 14562 14562 I AconfigPackage: com.android.adservices.flags is mapped to com.android.adservices
07-04 03:52:49.627 14562 14562 I AconfigPackage: com.android.sdksandbox.flags is mapped to com.android.adservices
07-04 03:52:49.628 14562 14562 I AconfigPackage: com.android.uwb.flags is mapped to com.android.uwb
07-04 03:52:49.628 14562 14562 I AconfigPackage: com.android.ranging.flags is mapped to com.android.uwb
07-04 03:52:49.629 14562 14562 I AconfigPackage: android.graphics.pdf.flags is mapped to com.android.mediaprovider
07-04 03:52:49.629 14562 14562 I AconfigPackage: com.android.providers.media.flags is mapped to com.android.mediaprovider
07-04 03:52:49.629 14562 14562 I AconfigPackage: android.graphics.pdf.flags.readonly is mapped to com.android.mediaprovider
07-04 03:52:49.630 14562 14562 I AconfigPackage: com.android.net.ct.flags is mapped to com.android.tethering
07-04 03:52:49.630 14562 14562 I AconfigPackage: com.android.net.flags is mapped to com.android.tethering
07-04 03:52:49.630 14562 14562 I AconfigPackage: android.net.vcn is mapped to com.android.tethering
07-04 03:52:49.630 14562 14562 I AconfigPackage: com.android.nearby.flags is mapped to com.android.tethering
07-04 03:52:49.630 14562 14562 I AconfigPackage: android.net.http is mapped to com.android.tethering
07-04 03:52:49.630 14562 14562 I AconfigPackage: com.android.net.thread.flags is mapped to com.android.tethering
07-04 03:52:49.631 14562 14562 I AconfigPackage: com.android.system.virtualmachine.flags is mapped to com.android.virt
07-04 03:52:49.631 14562 14562 E FeatureFlagsImplExport: android.os.flagging.AconfigStorageReadException: ERROR_PACKAGE_NOT_FOUND: package android.xr cannot be found on the device
07-04 03:52:49.636 14562 14562 D UiAutomationConnection: Created on user UserHandle{0}
07-04 03:52:49.637 14562 14562 I UiAutomation: Initialized for user 0 on display 0
07-04 03:52:49.637 14562 14562 W UiAutomation: Created with deprecatead constructor, assumes DEFAULT_DISPLAY
07-04 03:52:49.638   706   788 D AccessibilityManagerService: changeCurrentUserForTestAutomationIfNeededLocked(0): ignoring because device doesn't support visible background users
07-04 03:52:49.638   706   788 I UiAutomationManager: Registering UiTestAutomationService (id=com.android.server.accessibility/UiAutomation, flags=0x0) when called by user 0
07-04 03:52:49.638   706   788 V AccessibilityManagerService: onUserStateChangedLocked for userId: 0, forceUpdate: false
07-04 03:52:49.639   706   788 W MagnificationConnectionManager: requestConnection duplicated request: connect=false, mConnectionState=DISCONNECTED
07-04 03:52:49.642  1528  2213 I AiAiEcho: Settings changed for uri: content://settings/secure/accessibility_enabled
07-04 03:52:49.642   706   706 W IPCThreadState: Sending oneway calls to frozen process.
07-04 03:52:49.642   706   706 W IPCThreadState: Sending oneway calls to frozen process.
07-04 03:52:49.642   706   706 W IPCThreadState: Sending oneway calls to frozen process.
07-04 03:52:49.642  1528  1766 I AiAiEcho: Predicting[0]:  [CONTEXT sampling_count=5 ]
07-04 03:52:49.642  1528  1766 I AiAiEcho: EchoTargets:
07-04 03:52:49.642  1528  1766 I AiAiEcho: Filtered by AiAi flag check:
07-04 03:52:49.642  1528  1766 I AiAiEcho: [CONTEXT ratelimit_period="10 SECONDS" ]
07-04 03:52:49.642   706   706 W IPCThreadState: Sending oneway calls to frozen process.
07-04 03:52:49.643   706   706 W IPCThreadState: Sending oneway calls to frozen process.
07-04 03:52:49.643  1528  1766 I AiAiEcho: #remoteViewsTwiddler: feature disabled.
07-04 03:52:49.643  1528  1766 I AiAiEcho: Predicting[0]:  [CONTEXT sampling_count=5 ]
07-04 03:52:49.643  1528  1766 I AiAiEcho: EchoTargets:
07-04 03:52:49.643  1528  1766 I AiAiEcho: Filtered by AiAi flag check:
07-04 03:52:49.643  1528  1766 I AiAiEcho: [CONTEXT ratelimit_period="10 SECONDS" ]
07-04 03:52:49.644   706   706 W IPCThreadState: Sending oneway calls to frozen process.
07-04 03:52:49.644   706   706 W IPCThreadState: Sending oneway calls to frozen process.
07-04 03:52:49.646   706   706 W IPCThreadState: Sending oneway calls to frozen process.
07-04 03:52:49.646   706   706 W IPCThreadState: Sending oneway calls to frozen process.
07-04 03:52:49.646   706   706 W IPCThreadState: Sending oneway calls to frozen process.
07-04 03:52:49.646   706   706 W IPCThreadState: Sending oneway calls to frozen process.
07-04 03:52:49.647  1528  1766 I AiAiEcho: #remoteViewsTwiddler: feature disabled.
07-04 03:52:49.647   706   706 W IPCThreadState: Sending oneway calls to frozen process.
07-04 03:52:49.647   706   706 W IPCThreadState: Sending oneway calls to frozen process.
07-04 03:52:49.647   706   706 W IPCThreadState: Sending oneway calls to frozen process.
07-04 03:52:49.647   706   706 W IPCThreadState: Sending oneway calls to frozen process.
07-04 03:52:49.647  1528  1766 I AiAiEcho: #postPredictionTargets: Sending updates to UISurface lockscreen with targets# 0 (types=[])
07-04 03:52:49.648   706   706 W IPCThreadState: Sending oneway calls to frozen process.
07-04 03:52:49.648   706   706 W IPCThreadState: Sending oneway calls to frozen process.
07-04 03:52:49.648   706   706 W IPCThreadState: Sending oneway calls to frozen process.
07-04 03:52:49.648   706   706 W IPCThreadState: Sending oneway calls to frozen process.
07-04 03:52:49.649   706   706 W IPCThreadState: Sending oneway calls to frozen process.
07-04 03:52:49.651   706   706 W IPCThreadState: Sending oneway calls to frozen process.
07-04 03:52:49.652   706   706 W IPCThreadState: Sending oneway calls to frozen process.
07-04 03:52:49.653   706   706 W IPCThreadState: Sending oneway calls to frozen process.
07-04 03:52:49.653   706   706 W IPCThreadState: Sending oneway calls to frozen process.
07-04 03:52:49.653   706   706 W IPCThreadState: Sending oneway calls to frozen process.
07-04 03:52:49.653 14562 14573 V UiAutomation: Init UiAutomation@aed063e[id=296, displayId=0, flags=0]
07-04 03:52:49.653   706   706 W IPCThreadState: Sending oneway calls to frozen process.
07-04 03:52:49.653   967   967 W PageIndicator: Total number of pages invalid: 0. Assuming 1 page.
07-04 03:52:49.653   706   706 W IPCThreadState: Sending oneway calls to frozen process.
07-04 03:52:49.654   706   706 W IPCThreadState: Sending oneway calls to frozen process.
07-04 03:52:49.655   706   706 W IPCThreadState: Sending oneway calls to frozen process.
07-04 03:52:49.657   706   788 V AccessibilityManagerService: onUserStateChangedLocked for userId: 0, forceUpdate: false
07-04 03:52:49.658  1528  1766 I AiAiEcho: #postPredictionTargets: Sending updates to UISurface home with targets# 0 (types=[])
07-04 03:52:49.658   706   706 W IPCThreadState: Sending oneway calls to frozen process.
07-04 03:52:49.658   706   706 W IPCThreadState: Sending oneway calls to frozen process.
07-04 03:52:49.659   706   706 W IPCThreadState: Sending oneway calls to frozen process.
07-04 03:52:49.659   706   706 W IPCThreadState: Sending oneway calls to frozen process.
07-04 03:52:49.664   706   706 D BatterySaverPolicy: accessibility changed to true, updating policy.
07-04 03:52:49.667   706   788 W MagnificationConnectionManager: requestConnection duplicated request: connect=false, mConnectionState=DISCONNECTED
07-04 03:52:49.669   706   706 W IPCThreadState: Sending oneway calls to frozen process.
07-04 03:52:49.670  1528  2213 I AiAiEcho: Settings changed for uri: content://settings/secure/accessibility_enabled
07-04 03:52:49.671   706   706 W IPCThreadState: Sending oneway calls to frozen process.
07-04 03:52:49.671  1528  1766 I AiAiEcho: Predicting[0]:  [CONTEXT sampling_count=5 ]
07-04 03:52:49.671  1129  1129 D SsBaseTemplateCard: No text view can be set up
07-04 03:52:49.671  1528  1766 I AiAiEcho: EchoTargets:
07-04 03:52:49.671  1528  1766 I AiAiEcho: Filtered by AiAi flag check:
07-04 03:52:49.671  1528  1766 I AiAiEcho: [CONTEXT ratelimit_period="10 SECONDS" ]
07-04 03:52:49.671  1129  1129 D SsBaseTemplateCard: Passed-in item info is null
07-04 03:52:49.672  1129  1129 D SsBaseTemplateCard: Passed-in item info is null
07-04 03:52:49.672  1528  1766 I AiAiEcho: #remoteViewsTwiddler: feature disabled.
07-04 03:52:49.672  1129  1129 D SsBaseTemplateCard: Passed-in item info is null
07-04 03:52:49.672  1528  1766 I AiAiEcho: Predicting[0]:  [CONTEXT sampling_count=5 ]
07-04 03:52:49.672   706   706 W IPCThreadState: Sending oneway calls to frozen process.
07-04 03:52:49.672  1528  1766 I AiAiEcho: EchoTargets:
07-04 03:52:49.672  1528  1766 I AiAiEcho: Filtered by AiAi flag check:
07-04 03:52:49.672  1528  1766 I AiAiEcho: [CONTEXT ratelimit_period="10 SECONDS" ]
07-04 03:52:49.673  1528  1766 I AiAiEcho: #remoteViewsTwiddler: feature disabled.
07-04 03:52:49.674  1129  1129 I SsBaseTemplateCard: Secondary card pane is null
07-04 03:52:49.675  1528  1766 I AiAiEcho: #postPredictionTargets: Sending updates to UISurface lockscreen with targets# 0 (types=[])
07-04 03:52:49.674   706   706 W IPCThreadState: Sending oneway calls to frozen process.
07-04 03:52:49.675  1528  1766 I AiAiEcho: #postPredictionTargets: Sending updates to UISurface home with targets# 0 (types=[])
07-04 03:52:49.676  1129  1129 D SsBaseTemplateCard: No text view can be set up
07-04 03:52:49.676  1129  1129 D SsBaseTemplateCard: Passed-in item info is null
07-04 03:52:49.676  1129  1129 D SsBaseTemplateCard: Passed-in item info is null
07-04 03:52:49.676  1129  1129 D SsBaseTemplateCard: Passed-in item info is null
07-04 03:52:49.676  1129  1129 I SsBaseTemplateCard: Secondary card pane is null
07-04 03:52:49.677   706   706 W IPCThreadState: Sending oneway calls to frozen process.
07-04 03:52:49.680   706   706 W IPCThreadState: Sending oneway calls to frozen process.
07-04 03:52:49.680   706   706 W IPCThreadState: Sending oneway calls to frozen process.
07-04 03:52:49.680   706   706 W IPCThreadState: Sending oneway calls to frozen process.
07-04 03:52:49.682   706   706 W IPCThreadState: Sending oneway calls to frozen process.
07-04 03:52:49.682   706   706 W IPCThreadState: Sending oneway calls to frozen process.
07-04 03:52:49.682   706   706 W IPCThreadState: Sending oneway calls to frozen process.
07-04 03:52:49.683   706   706 W IPCThreadState: Sending oneway calls to frozen process.
07-04 03:52:49.683   706   706 W IPCThreadState: Sending oneway calls to frozen process.
07-04 03:52:49.684   706   706 W IPCThreadState: Sending oneway calls to frozen process.
07-04 03:52:49.685   706   706 W IPCThreadState: Sending oneway calls to frozen process.
07-04 03:52:49.685   706   706 W IPCThreadState: Sending oneway calls to frozen process.
07-04 03:52:49.685   706   706 W IPCThreadState: Sending oneway calls to frozen process.
07-04 03:52:49.685   967   967 W PageIndicator: Total number of pages invalid: 0. Assuming 1 page.
07-04 03:52:49.685   706   706 W IPCThreadState: Sending oneway calls to frozen process.
07-04 03:52:49.686   706   706 W IPCThreadState: Sending oneway calls to frozen process.
07-04 03:52:49.686   706   706 W IPCThreadState: Sending oneway calls to frozen process.
07-04 03:52:49.686   706   706 W IPCThreadState: Sending oneway calls to frozen process.
07-04 03:52:49.686   706   706 W IPCThreadState: Sending oneway calls to frozen process.
07-04 03:52:49.744   706   742 W IPCThreadState: Sending oneway calls to frozen process.
07-04 03:52:50.146   706   742 W IPCThreadState: Sending oneway calls to frozen process.
07-04 03:52:50.163   706   742 W IPCThreadState: Sending oneway calls to frozen process.
07-04 03:52:50.646  1506  1506 D WM-DelayedWorkTracker: Scheduling work 07f7b58f-f516-43ca-9ab2-c7ba0fdbdf47
07-04 03:52:50.647  1506  1506 D WM-GreedyScheduler: Starting tracking for 07f7b58f-f516-43ca-9ab2-c7ba0fdbdf47
07-04 03:52:50.650  1506  1662 D WM-ConstraintTracker: BatteryNotLowTracker: initial state = true
07-04 03:52:50.650  1506  1662 D WM-BrdcstRcvrCnstrntTrc: BatteryNotLowTracker: registering receiver
07-04 03:52:50.653  1506  1662 D WM-GreedyScheduler: Constraints met: Scheduling work ID WorkGenerationalId(workSpecId=07f7b58f-f516-43ca-9ab2-c7ba0fdbdf47, generation=0)
07-04 03:52:50.655  1506  1662 D WM-Processor: Processor: processing WorkGenerationalId(workSpecId=07f7b58f-f516-43ca-9ab2-c7ba0fdbdf47, generation=0)
07-04 03:52:50.657  1506  1506 D WM-WorkerWrapper: Starting work for com.android.providers.media.photopicker.sync.ProactiveSyncWorker
07-04 03:52:50.658  1506  6299 I PSyncWorker: Starting proactive picker sync from sync source: 1
07-04 03:52:50.659  1506  6299 I PickerSyncTracker: Created new sync future java.util.concurrent.CompletableFuture@2d2fc5e[Not completed, 1 dependents]. Future map: {07f7b58f-f516-43ca-9ab2-c7ba0fdbdf47=java.util.concurrent.CompletableFuture@2d2fc5e[Not completed, 1 dependents]}
07-04 03:52:50.659  1506  6299 D PickerSyncController: syncAllMediaFromProvider() LOCAL, auth=com.android.providers.media.photopicker, retry=true
07-04 03:52:50.660  1506  6299 D PickerSyncController: getSyncRequestParams() LOCAL, auth=com.android.providers.media.photopicker
07-04 03:52:50.662  1506  6299 D PickerSyncController:    Latest ID/Gen=7cb2da8e3887eeff:external_primary/1119
07-04 03:52:50.662  1506  6299 D PickerSyncController:    Cached ID/Gen=7cb2da8e3887eeff:external_primary/1107
07-04 03:52:50.662  1506  6299 D PickerSyncController:    RESULT=SyncRequestParams{type=MEDIA_INCREMENTAL, gen=1107, latest=Bundle[{last_media_sync_generation=1119, media_collection_id=7cb2da8e3887eeff:external_primary}], pageSize=1000}
07-04 03:52:50.662  1506  6299 I PickerSyncController: Executing SyncAdd. isLocal: true. authority: com.android.providers.media.photopicker
07-04 03:52:50.663  1506  6299 D PickerSyncLockManager: Trying to acquire lock com.android.providers.media.photopicker.sync.CloseableReentrantLock@ee89538[Unlocked]. Lock Name = CLOUD_PROVIDER_LOCK. Threads that may be waiting to acquire this lock = [] with timeout.
07-04 03:52:50.663  1506  6299 D CloseableReentrantLock: Successfully acquired lock com.android.providers.media.photopicker.sync.CloseableReentrantLock@ee89538[Locked by thread pool-4-thread-9]. Lock Name = CLOUD_PROVIDER_LOCK. Threads that may be waiting to acquire this lock = []
07-04 03:52:50.663  1506  6299 D CloseableReentrantLock: Successfully released lock com.android.providers.media.photopicker.sync.CloseableReentrantLock@ee89538[Unlocked]. Lock Name = CLOUD_PROVIDER_LOCK. Threads that may be waiting to acquire this lock = []
07-04 03:52:50.664  1506  6299 D ExternalDbFacade: Token received for queryMedia = null
07-04 03:52:50.668  1506  6299 D PickerSyncLockManager: Trying to acquire lock com.android.providers.media.photopicker.sync.CloseableReentrantLock@ee89538[Unlocked]. Lock Name = CLOUD_PROVIDER_LOCK. Threads that may be waiting to acquire this lock = [] with timeout.
07-04 03:52:50.669  1506  6299 D CloseableReentrantLock: Successfully acquired lock com.android.providers.media.photopicker.sync.CloseableReentrantLock@ee89538[Locked by thread pool-4-thread-9]. Lock Name = CLOUD_PROVIDER_LOCK. Threads that may be waiting to acquire this lock = []
07-04 03:52:50.669  1506  6299 D PickerSyncController: Clearing next page token for key: local_provider:media_add:resume
07-04 03:52:50.670  1506  6299 D CloseableReentrantLock: Successfully released lock com.android.providers.media.photopicker.sync.CloseableReentrantLock@ee89538[Unlocked]. Lock Name = CLOUD_PROVIDER_LOCK. Threads that may be waiting to acquire this lock = []
07-04 03:52:50.670  1506  6299 D PickerNotificationSender: Sending a notification for media update
07-04 03:52:50.672  1506  6299 D PickerNotificationSender: Sending a notification for merged album media update Videos
07-04 03:52:50.672  1506  6299 D PickerNotificationSender: Sending a notification for album media update Videos
07-04 03:52:50.675  1506  6299 D PickerNotificationSender: Sending a notification for merged album media update Favorites
07-04 03:52:50.675  1506  6299 D PickerNotificationSender: Sending a notification for album media update Favorites
07-04 03:52:50.677  1506  6299 I PickerSyncController: Paged sync successful. QueryArgs: Bundle[{android.provider.extra.SYNC_GENERATION=1107, android.provider.extra.PAGE_SIZE=1000}] Total Rows: 0
07-04 03:52:50.678  1506  6299 I PickerSyncController: Executing SyncRemove. isLocal: true. authority: com.android.providers.media.photopicker
07-04 03:52:50.678  1506  6299 D PickerSyncLockManager: Trying to acquire lock com.android.providers.media.photopicker.sync.CloseableReentrantLock@ee89538[Unlocked]. Lock Name = CLOUD_PROVIDER_LOCK. Threads that may be waiting to acquire this lock = [] with timeout.
07-04 03:52:50.678  1506  6299 D CloseableReentrantLock: Successfully acquired lock com.android.providers.media.photopicker.sync.CloseableReentrantLock@ee89538[Locked by thread pool-4-thread-9]. Lock Name = CLOUD_PROVIDER_LOCK. Threads that may be waiting to acquire this lock = []
07-04 03:52:50.678  1506  6299 D CloseableReentrantLock: Successfully released lock com.android.providers.media.photopicker.sync.CloseableReentrantLock@ee89538[Unlocked]. Lock Name = CLOUD_PROVIDER_LOCK. Threads that may be waiting to acquire this lock = []
07-04 03:52:50.681  1506  6299 E PickerDbFacade: Could not get first date taken millis for media id: 117
07-04 03:52:50.682  1506  6299 W PickerDbFacade: Unable to promote cloud media with localId: 117
07-04 03:52:50.683  1506  6299 D PickerSyncLockManager: Trying to acquire lock com.android.providers.media.photopicker.sync.CloseableReentrantLock@ee89538[Unlocked]. Lock Name = CLOUD_PROVIDER_LOCK. Threads that may be waiting to acquire this lock = [] with timeout.
07-04 03:52:50.683  1506  6299 D CloseableReentrantLock: Successfully acquired lock com.android.providers.media.photopicker.sync.CloseableReentrantLock@ee89538[Locked by thread pool-4-thread-9]. Lock Name = CLOUD_PROVIDER_LOCK. Threads that may be waiting to acquire this lock = []
07-04 03:52:50.684  1506  6299 D PickerSyncController: Clearing next page token for key: local_provider:media_remove:resume
07-04 03:52:50.685  1506  6299 D CloseableReentrantLock: Successfully released lock com.android.providers.media.photopicker.sync.CloseableReentrantLock@ee89538[Unlocked]. Lock Name = CLOUD_PROVIDER_LOCK. Threads that may be waiting to acquire this lock = []
07-04 03:52:50.686  1506  6299 D PickerNotificationSender: Sending a notification for media update
07-04 03:52:50.687  1506  6299 D PickerNotificationSender: Sending a notification for merged album media update Videos
07-04 03:52:50.687  1506  6299 D PickerNotificationSender: Sending a notification for album media update Videos
07-04 03:52:50.688  1506  6299 D PickerNotificationSender: Sending a notification for merged album media update Favorites
07-04 03:52:50.688  1506  6299 D PickerNotificationSender: Sending a notification for album media update Favorites
07-04 03:52:50.690  1506  6299 I PickerSyncController: Paged sync successful. QueryArgs: Bundle[{android.provider.extra.SYNC_GENERATION=1107, android.provider.extra.PAGE_SIZE=1000}] Total Rows: 0
07-04 03:52:50.691  1506  6299 I PickerSyncTracker: Marked sync future complete for work id: 07f7b58f-f516-43ca-9ab2-c7ba0fdbdf47. Future map: {}
07-04 03:52:50.691  1506  6299 I PSyncWorker: Completed picker proactive sync complete from local provider.
07-04 03:52:50.692  1506  1809 I WM-WorkerWrapper: Worker result SUCCESS for Work [ id=07f7b58f-f516-43ca-9ab2-c7ba0fdbdf47, tags={ com.android.providers.media.photopicker.sync.ProactiveSyncWorker } ]
07-04 03:52:50.693  1506  1506 D WM-Processor: Processor 07f7b58f-f516-43ca-9ab2-c7ba0fdbdf47 executed; reschedule = false
07-04 03:52:50.694  1506  1506 D WM-GreedyScheduler: Stopping tracking for WorkGenerationalId(workSpecId=07f7b58f-f516-43ca-9ab2-c7ba0fdbdf47, generation=0)
07-04 03:52:50.709  1506  1809 D WM-GreedyScheduler: Cancelling work ID 07f7b58f-f516-43ca-9ab2-c7ba0fdbdf47
07-04 03:52:50.711  1506  1809 D WM-GreedyScheduler: Ignoring {WorkSpec: b7deacdd-77b4-4f95-8e2e-9470c54412a8}. Requires device idle.
07-04 03:52:50.711  1506  1809 D WM-GreedyScheduler: Ignoring {WorkSpec: 28d75524-0f78-4938-ae95-25d396d3275c}. Requires device idle.
07-04 03:52:50.711  1506  1809 D WM-BrdcstRcvrCnstrntTrc: BatteryNotLowTracker: unregistering receiver
07-04 03:52:50.859 14562 14562 W AccessibilityNodeInfoDumper: Fetch time: 136ms
07-04 03:52:50.864   706  2088 V AccessibilityManagerService: onUserStateChangedLocked for userId: 0, forceUpdate: false
07-04 03:52:50.869   706  2088 W MagnificationConnectionManager: requestConnection duplicated request: connect=false, mConnectionState=DISCONNECTED
07-04 03:52:50.870   706  2088 D AccessibilityManagerService: restoreCurrentUserForTestAutomationIfNeededLocked(): ignoring because device doesn't support visible background users
07-04 03:52:50.870  1528  2213 I AiAiEcho: Settings changed for uri: content://settings/secure/accessibility_enabled
07-04 03:52:50.871   706   706 W IPCThreadState: Sending oneway calls to frozen process.
07-04 03:52:50.871  1528  1766 I AiAiEcho: Predicting[0]:  [CONTEXT sampling_count=5 ]
07-04 03:52:50.871   706   706 W IPCThreadState: Sending oneway calls to frozen process.
07-04 03:52:50.871   706   706 W IPCThreadState: Sending oneway calls to frozen process.
07-04 03:52:50.871  1528  1766 I AiAiEcho: EchoTargets:
07-04 03:52:50.871  1528  1766 I AiAiEcho: Filtered by AiAi flag check:
07-04 03:52:50.871  1528  1766 I AiAiEcho: [CONTEXT ratelimit_period="10 SECONDS" ]
07-04 03:52:50.871   706   706 W IPCThreadState: Sending oneway calls to frozen process.
07-04 03:52:50.871   706   706 W IPCThreadState: Sending oneway calls to frozen process.
07-04 03:52:50.871  1528  1766 I AiAiEcho: #remoteViewsTwiddler: feature disabled.
07-04 03:52:50.871   706   706 W IPCThreadState: Sending oneway calls to frozen process.
07-04 03:52:50.872   706   706 W IPCThreadState: Sending oneway calls to frozen process.
07-04 03:52:50.872  1528  1766 I AiAiEcho: Predicting[0]:  [CONTEXT sampling_count=5 ]
07-04 03:52:50.873   706   706 W IPCThreadState: Sending oneway calls to frozen process.
07-04 03:52:50.873  1528  1766 I AiAiEcho: EchoTargets:
07-04 03:52:50.873  1528  1766 I AiAiEcho: Filtered by AiAi flag check:
07-04 03:52:50.873  1528  1766 I AiAiEcho: [CONTEXT ratelimit_period="10 SECONDS" ]
07-04 03:52:50.873   706   706 W IPCThreadState: Sending oneway calls to frozen process.
07-04 03:52:50.873   706   706 W IPCThreadState: Sending oneway calls to frozen process.
07-04 03:52:50.873  1528  1766 I AiAiEcho: #remoteViewsTwiddler: feature disabled.
07-04 03:52:50.874   706   706 W IPCThreadState: Sending oneway calls to frozen process.
07-04 03:52:50.874   706   706 W IPCThreadState: Sending oneway calls to frozen process.
07-04 03:52:50.875   706   706 W IPCThreadState: Sending oneway calls to frozen process.
07-04 03:52:50.875  1528  1766 I AiAiEcho: #postPredictionTargets: Sending updates to UISurface lockscreen with targets# 0 (types=[])
07-04 03:52:50.875   706   706 W IPCThreadState: Sending oneway calls to frozen process.
07-04 03:52:50.875   706   706 W IPCThreadState: Sending oneway calls to frozen process.
07-04 03:52:50.877   706   706 W IPCThreadState: Sending oneway calls to frozen process.
07-04 03:52:50.877 14562 14562 D AndroidRuntime: Shutting down VM
07-04 03:52:50.877 14562 14571 W IPCThreadState: call to talkWithDriver in joinThreadPool returned error: -9 (Bad file descriptor), FD: -1
07-04 03:52:50.877   706   706 W IPCThreadState: Sending oneway calls to frozen process.
07-04 03:52:50.877   706   706 W IPCThreadState: Sending oneway calls to frozen process.
07-04 03:52:50.877 14562 14574 W IPCThreadState: call to talkWithDriver in joinThreadPool returned error: -9 (Bad file descriptor), FD: -1
07-04 03:52:50.878 14562 14575 W IPCThreadState: call to talkWithDriver in joinThreadPool returned error: -9 (Bad file descriptor), FD: -1
07-04 03:52:50.878   706   706 W IPCThreadState: Sending oneway calls to frozen process.
07-04 03:52:50.879   706   706 W IPCThreadState: Sending oneway calls to frozen process.
07-04 03:52:50.881   706   706 W IPCThreadState: Sending oneway calls to frozen process.
07-04 03:52:50.881   706   706 W IPCThreadState: Sending oneway calls to frozen process.
07-04 03:52:50.884   706   706 W IPCThreadState: Sending oneway calls to frozen process.
07-04 03:52:50.885   706   706 W IPCThreadState: Sending oneway calls to frozen process.
07-04 03:52:50.885   706   706 W IPCThreadState: Sending oneway calls to frozen process.
07-04 03:52:50.885   706   706 W IPCThreadState: Sending oneway calls to frozen process.
07-04 03:52:50.886   706   706 W IPCThreadState: Sending oneway calls to frozen process.
07-04 03:52:50.886 14562 14570 W IPCThreadState: call to talkWithDriver in joinThreadPool returned error: -9 (Bad file descriptor), FD: -1
07-04 03:52:50.887   706   706 W IPCThreadState: Sending oneway calls to frozen process.
07-04 03:52:50.887   706   706 W IPCThreadState: Sending oneway calls to frozen process.
07-04 03:52:50.887   967   967 W PageIndicator: Total number of pages invalid: 0. Assuming 1 page.
07-04 03:52:50.888   706   706 W IPCThreadState: Sending oneway calls to frozen process.
07-04 03:52:50.888  1528  1766 I AiAiEcho: #postPredictionTargets: Sending updates to UISurface home with targets# 0 (types=[])
07-04 03:52:50.888   706   706 W IPCThreadState: Sending oneway calls to frozen process.
07-04 03:52:50.888   706   706 W IPCThreadState: Sending oneway calls to frozen process.
07-04 03:52:50.890   706   706 W IPCThreadState: Sending oneway calls to frozen process.
07-04 03:52:50.891   706   706 D BatterySaverPolicy: accessibility changed to false, updating policy.
07-04 03:52:50.903  1129  1129 D SsBaseTemplateCard: No text view can be set up
07-04 03:52:50.903  1129  1129 D SsBaseTemplateCard: Passed-in item info is null
07-04 03:52:50.903  1129  1129 D SsBaseTemplateCard: Passed-in item info is null
07-04 03:52:50.904  1129  1129 D SsBaseTemplateCard: Passed-in item info is null
07-04 03:52:50.904  1129  1129 I SsBaseTemplateCard: Secondary card pane is null
07-04 03:52:51.217   706   742 W IPCThreadState: Sending oneway calls to frozen process.
07-04 03:52:51.860   706  1678 W ActivityTaskManager: callingPackage for (uid=2000, pid=14578) has no WPC
07-04 03:52:51.861   706  1678 V GrammaticalInflectionUtils: AttributionSource: AttributionSource { uid = 10217, packageName = null, attributionTag = null, token = android.os.Binder@a09104d, deviceId = 0, next = null } does not have READ_SYSTEM_GRAMMATICAL_GENDER permission.
07-04 03:52:51.862   706  1678 W OptProp : Cannot read opt property android.window.PROPERTY_COMPAT_ALLOW_USER_ASPECT_RATIO_OVERRIDE
07-04 03:52:51.862   706  1678 W OptProp : Cannot read opt property android.window.PROPERTY_COMPAT_ALLOW_USER_ASPECT_RATIO_FULLSCREEN_OVERRIDE
07-04 03:52:51.862   706  1678 W OptProp : Cannot read opt property android.window.PROPERTY_COMPAT_ALLOW_RESIZEABLE_ACTIVITY_OVERRIDES
07-04 03:52:51.862   706  1678 W OptProp : Cannot read opt property android.window.PROPERTY_COMPAT_ALLOW_MIN_ASPECT_RATIO_OVERRIDE
07-04 03:52:51.868   967  1453 D KeyguardService: setOccluded(false)
07-04 03:52:51.868   706  1678 I ActivityTaskManager: START u0 {act=android.intent.action.VIEW dat=danio://qa/... flg=0x10000000 xflg=0x4 pkg=com.tiarnanlarkin.danio cmp=com.tiarnanlarkin.danio/.MainActivity} with LAUNCH_SINGLE_TOP from uid 2000 (BAL_ALLOW_PERMISSION) result code=3
07-04 03:52:51.868   967  1453 D KeyguardViewMediator: setOccluded(false)
07-04 03:52:51.869   967  1045 D WindowManagerShell: onActivityRestartAttempt: topActivity=ComponentInfo{com.tiarnanlarkin.danio/com.tiarnanlarkin.danio.MainActivity}, wasVisible=true
07-04 03:52:51.871 13309 13394 D SessionLifecycleClient: Sending lifecycle 2 to service
07-04 03:52:51.872   967   967 D KeyguardViewMediator: handleSetOccluded(false)
07-04 03:52:51.872 13309 13408 D SessionLifecycleService: Activity backgrounding at 11091404
07-04 03:52:51.873   967   967 D KeyguardViewMediator: KeyguardViewMediator queue processing message: SET_OCCLUDED
07-04 03:52:51.873   558  1156 I BpBinder: onLastStrongRef automatically unlinking death recipients:
07-04 03:52:51.878 13309 13309 I flutter : [QA] Deep link: danio://qa/hardscape-guide
07-04 03:52:51.886 13309 13392 D SessionLifecycleClient: Sending lifecycle 1 to service
07-04 03:52:51.886 13309 13408 D SessionLifecycleService: Activity foregrounding at 11091418.
07-04 03:52:52.088   706   737 W IPCThreadState: Sending oneway calls to frozen process.
07-04 03:52:52.088   706   737 W IPCThreadState: Sending oneway calls to frozen process.
07-04 03:52:52.089   706   737 W IPCThreadState: Sending oneway calls to frozen process.
07-04 03:52:52.089   706   737 W IPCThreadState: Sending oneway calls to frozen process.
07-04 03:52:52.090   706   737 W IPCThreadState: Sending oneway calls to frozen process.
07-04 03:52:52.090   706   737 W IPCThreadState: Sending oneway calls to frozen process.
07-04 03:52:52.090   706   737 W IPCThreadState: Sending oneway calls to frozen process.
07-04 03:52:52.090   706   737 W IPCThreadState: Sending oneway calls to frozen process.
07-04 03:52:52.091   706   737 W IPCThreadState: Sending oneway calls to frozen process.
07-04 03:52:52.091   706   737 W IPCThreadState: Sending oneway calls to frozen process.
07-04 03:52:52.092   706   737 W IPCThreadState: Sending oneway calls to frozen process.
07-04 03:52:52.092   706   737 W IPCThreadState: Sending oneway calls to frozen process.
07-04 03:52:52.092   706   737 W IPCThreadState: Sending oneway calls to frozen process.
07-04 03:52:52.096   706   737 W IPCThreadState: Sending oneway calls to frozen process.
07-04 03:52:52.097   706   737 W IPCThreadState: Sending oneway calls to frozen process.
07-04 03:52:52.098   706   737 W IPCThreadState: Sending oneway calls to frozen process.
07-04 03:52:52.098   706   737 W IPCThreadState: Sending oneway calls to frozen process.
07-04 03:52:52.099   706   737 W IPCThreadState: Sending oneway calls to frozen process.
07-04 03:52:52.099   706   737 W IPCThreadState: Sending oneway calls to frozen process.
07-04 03:52:52.100   706   737 W IPCThreadState: Sending oneway calls to frozen process.
07-04 03:52:52.100   706   737 W IPCThreadState: Sending oneway calls to frozen process.
07-04 03:52:52.100   706   737 W IPCThreadState: Sending oneway calls to frozen process.
07-04 03:52:52.101   706   737 W IPCThreadState: Sending oneway calls to frozen process.
07-04 03:52:52.102   706   737 W IPCThreadState: Sending oneway calls to frozen process.
07-04 03:52:52.102   706   737 W IPCThreadState: Sending oneway calls to frozen process.
07-04 03:52:52.102   706   737 W IPCThreadState: Sending oneway calls to frozen process.
07-04 03:52:52.103   706   737 W IPCThreadState: Sending oneway calls to frozen process.
07-04 03:52:52.103   706   737 W IPCThreadState: Sending oneway calls to frozen process.
07-04 03:52:52.104   706   737 W IPCThreadState: Sending oneway calls to frozen process.
07-04 03:52:52.105   706   737 W IPCThreadState: Sending oneway calls to frozen process.
07-04 03:52:52.106   706   737 W IPCThreadState: Sending oneway calls to frozen process.
07-04 03:52:52.107   706   737 W IPCThreadState: Sending oneway calls to frozen process.
07-04 03:52:52.108   706   737 W IPCThreadState: Sending oneway calls to frozen process.
07-04 03:52:52.109   706   737 W IPCThreadState: Sending oneway calls to frozen process.
07-04 03:52:52.109   706   737 W IPCThreadState: Sending oneway calls to frozen process.
07-04 03:52:52.109   706   737 W IPCThreadState: Sending oneway calls to frozen process.
07-04 03:52:52.110   706   737 W IPCThreadState: Sending oneway calls to frozen process.
07-04 03:52:52.111   706   737 W IPCThreadState: Sending oneway calls to frozen process.
07-04 03:52:52.111   706   737 W IPCThreadState: Sending oneway calls to frozen process.
07-04 03:52:52.111   706   737 W IPCThreadState: Sending oneway calls to frozen process.
07-04 03:52:52.113   706   737 W IPCThreadState: Sending oneway calls to frozen process.
07-04 03:52:52.118   706   737 W IPCThreadState: Sending oneway calls to frozen process.
07-04 03:52:52.118   706   737 W IPCThreadState: Sending oneway calls to frozen process.
07-04 03:52:52.513   706   871 D WifiClientModeImpl[23202:wlan0]: updateLinkLayerStatsRssiSpeedFrequencyCapabilities rssi=-50 TxLinkspeed=1 freq=2447 RxLinkSpeed=2
07-04 03:52:52.514   706   871 D WifiDataStall: tx tput in kbps: 11000
07-04 03:52:52.517   706   871 D WifiDataStall: rx tput in kbps: 11000
07-04 03:52:52.517   706   871 V WifiConfigManager: Updating scan detail cache freq=2447 BSSID=00:13:10:85:fe:01 RSSI=-50 for "AndroidWifi"NONE
07-04 03:52:52.518   706   871 D WifiThroughputPredictor:  utilization (LLS) 80 isBluetoothConnected: false final utilization: 80
07-04 03:52:52.519   706   871 D WifiThroughputPredictor:  BW: 0 RSSI: -50 Nss: 1 Mode: 1 symDur: 4000 snrDb 30 bitPerTone: 4500 rate: 54 throughput: 11
07-04 03:52:52.519   706   871 D WifiThroughputPredictor:  utilization (LLS) 80 isBluetoothConnected: false final utilization: 80
07-04 03:52:52.519   706   871 D WifiThroughputPredictor:  BW: 0 RSSI: -50 Nss: 1 Mode: 1 symDur: 4000 snrDb 30 bitPerTone: 4500 rate: 54 throughput: 11
