07-04 04:38:58.597 19318 19318 I flutter : [SupabaseService] [SupabaseService] Placeholder credentials detected - running in offline-only mode.
07-04 04:38:58.601 19318 19367 I FirebaseCrashlytics: No version control information found
07-04 04:38:59.368   967  1076 I QuickAccessWalletTile: QAW service is unavailable, recreating the wallet client.
07-04 04:39:00.161 19378 19378 W screencap: Thread Pool max thread count is 0. Cannot cache binder as linkToDeath cannot be implemented. serviceName: SurfaceFlingerAIDL
07-04 04:39:00.162 19378 19378 W BpBinder: Linking to death on android.gui.ISurfaceComposer but there are no threads (yet?) listening to incoming transactions. See ProcessState::startThreadPool and ProcessState::setThreadPoolMaxThreadCount. Generally you should setup the binder threadpool before other initialization steps.
07-04 04:39:00.163 19378 19378 W ProcessState: Extra binder thread started, but 0 threads requested. Do not use *startThreadPool when zero threads are requested.
07-04 04:39:00.191   558   568 E HwcComposer: getLuts failed Status(-8, EX_SERVICE_SPECIFIC): '8: '
07-04 04:39:00.191   558   568 E HWComposer: getLuts: getLuts failed for display 4619827259835644672: UNSUPPORTED (8)
07-04 04:39:00.192     0     0 I servicemanager: Caller(pid=19378,uid=2000,sid=u:r:shell:s0) Found android.hardware.graphics.allocator.IAllocator/default in device VINTF manifest.
07-04 04:39:00.196     0     0 I servicemanager: Caller(pid=19378,uid=2000,sid=u:r:shell:s0) Found android.hardware.graphics.allocator.IAllocator/default in device VINTF manifest.
07-04 04:39:00.200     0     0 I servicemanager: Caller(pid=19378,uid=2000,sid=u:r:shell:s0) Found mapper/ranchu in device VINTF manifest.
07-04 04:39:00.273  1506  3688 W MediaProvider: isAppCloneUserPair for user 0: false
07-04 04:39:00.476   706  2067 I ActivityManager: Broadcasting: Intent { act=android.intent.action.MEDIA_SCANNER_SCAN_FILE dat=file:///... flg=0x400000 }
07-04 04:39:00.479   706  2067 I ActivityManager: Enqueued broadcast Intent { act=android.intent.action.MEDIA_SCANNER_SCAN_FILE dat=file:///... flg=0x400000 }: 0
07-04 04:39:00.484   706  2107 W JobInfo : Job 'com.google.android.providers.media.module/com.android.providers.media.MediaService#-300' has a deadline with no functional constraints. The deadline won't improve job execution latency. Consider removing the deadline.
07-04 04:39:00.495   706   734 I ActivityManager: Broadcast completed: result=0
07-04 04:39:00.496  1506  1779 I MediaProvider: Begin Intent { act=android.intent.action.MEDIA_SCANNER_SCAN_FILE dat=file:///... flg=0x1400010 cmp=com.google.android.providers.media.module/com.android.providers.media.MediaService }
07-04 04:39:00.513  1506  1779 I MediaProvider: End Intent { act=android.intent.action.MEDIA_SCANNER_SCAN_FILE dat=file:///... flg=0x1400010 cmp=com.google.android.providers.media.module/com.android.providers.media.MediaService }
07-04 04:39:00.526  1506  1561 I FuseDaemon: Waiting for a blocking GC ProfileSaver
07-04 04:39:00.535  1506  1809 D WM-SystemJobScheduler: Scheduling work ID 397ca635-3884-4718-8790-db9244f01541Job ID 134
07-04 04:39:00.541  1506  1809 D WM-GreedyScheduler: Ignoring {WorkSpec: b7deacdd-77b4-4f95-8e2e-9470c54412a8}. Requires device idle.
07-04 04:39:00.541  1506  1809 D WM-GreedyScheduler: Ignoring {WorkSpec: 28d75524-0f78-4938-ae95-25d396d3275c}. Requires device idle.
07-04 04:39:00.627  1506  6408 W MediaProvider: Ignoring param:deletedata post U for external apps
07-04 04:39:00.634  1506  6408 I MediaProvider: Deleted 0 1 0 0 0 0 0 items on external_primary due to com.android.shell
07-04 04:39:00.741 19390 19390 D AndroidRuntime: >>>>>> START com.android.internal.os.RuntimeInit uid 2000 <<<<<<
07-04 04:39:00.747 19390 19390 I AndroidRuntime: Using default boot image
07-04 04:39:00.747 19390 19390 I AndroidRuntime: Leaving lock profiling enabled
07-04 04:39:00.749 19390 19390 I app_process: Core platform API reporting enabled, enforcing=false
07-04 04:39:00.749 19390 19390 I app_process: Using CollectorTypeCMC GC.
07-04 04:39:00.827 19390 19390 D nativeloader: InitDefaultPublicLibraries for_preload=1: libandroid.so:libaaudio.so:libamidi.so:libbinder_ndk.so:libc.so:libcamera2ndk.so:libdl.so:libEGL.so:libGLESv1_CM.so:libGLESv2.so:libGLESv3.so:libicu.so:libicui18n.so:libicuuc.so:libjnigraphics.so:liblog.so:libmediandk.so:libm.so:libnativehelper.so:libnativewindow.so:libOpenMAXAL.so:libOpenSLES.so:libRS.so:libstdc++.so:libsync.so:libvulkan.so:libwebviewchromium_plat_support.so:libz.so
07-04 04:39:00.837 19390 19390 D nativeloader: Load libicu_jni.so using APEX ns com_android_art for caller /apex/com.android.art/javalib/core-oj.jar: ok
07-04 04:39:00.838 19390 19390 D app_process: u_setTimeZoneFilesDirectory("/apex/com.android.tzdata/etc/tz/versioned/9/icu") succeeded. 
07-04 04:39:00.838 19390 19390 D app_process: I18n APEX ICU file found: /apex/com.android.i18n/etc/icu/icudt76l.dat
07-04 04:39:00.840 19390 19390 D nativeloader: Load libjavacore.so using APEX ns com_android_art for caller /apex/com.android.art/javalib/core-oj.jar: ok
07-04 04:39:00.841 19390 19390 D nativeloader: Load libopenjdk.so using APEX ns com_android_art for caller /apex/com.android.art/javalib/core-oj.jar: ok
07-04 04:39:00.842 19390 19390 W app_process: Unexpected CPU variant for x86: x86_64.
07-04 04:39:00.842 19390 19390 W app_process: Known variants: atom, sandybridge, silvermont, goldmont, goldmont-plus, goldmont-without-sha-xsaves, tremont, kabylake, alderlake, default
07-04 04:39:00.845 19390 19390 W app_process: ClassLoaderContext shared library size mismatch. Expected=2, found=0 (PCL[]{PCL[/system/framework/android.test.base.jar*2789897741]#PCL[/system/framework/android.test.mock.jar*3361312393]} | PCL[])
07-04 04:39:00.846 19390 19390 W app_process: ClassLoaderContext classpath size mismatch. expected=0, found=1 (PCL[]{PCL[/system/framework/android.test.runner.jar*895143020]#PCL[/system/framework/android.test.base.jar*2789897741]} | PCL[/system/framework/android.test.runner.jar*895143020])
07-04 04:39:00.867 19390 19390 D nativeloader: Load libframework-connectivity-tiramisu-jni.so using APEX ns com_android_tethering for caller /apex/com.android.tethering/javalib/framework-connectivity-t.jar: ok
07-04 04:39:00.869 19390 19390 D AndroidRuntime: Calling main entry com.android.commands.uiautomator.Launcher
07-04 04:39:00.873 19390 19390 I AconfigPackage: android.media.swcodec.flags is mapped to com.android.media.swcodec
07-04 04:39:00.874 19390 19390 I AconfigPackage: com.google.android.settings.simplemode.flags is mapped to system_ext
07-04 04:39:00.874 19390 19390 I AconfigPackage: com.google.android.systemui is mapped to system_ext
07-04 04:39:00.874 19390 19390 I AconfigPackage: com.google.android.apps.nexuslauncher is mapped to system_ext
07-04 04:39:00.874 19390 19390 I AconfigPackage: com.android.settings.accessibility is mapped to system_ext
07-04 04:39:00.874 19390 19390 I AconfigPackage: com.android.settings.flags is mapped to system_ext
07-04 04:39:00.874 19390 19390 I AconfigPackage: com.google.android.apps.miphone.aiai.matchmaker.overview.ui is mapped to system_ext
07-04 04:39:00.874 19390 19390 I AconfigPackage: com.google.android.settings.flags is mapped to system_ext
07-04 04:39:00.874 19390 19390 I AconfigPackage: com.android.launcher3 is mapped to system_ext
07-04 04:39:00.874 19390 19390 I AconfigPackage: com.android.wallpaper is mapped to system_ext
07-04 04:39:00.874 19390 19390 I AconfigPackage: com.android.settings.media_drm is mapped to system_ext
07-04 04:39:00.875 19390 19390 I AconfigPackage: com.android.systemui.accessibility.accessibilitymenu is mapped to system_ext
07-04 04:39:00.875 19390 19390 I AconfigPackage: com.android.settings.keyboard is mapped to system_ext
07-04 04:39:00.875 19390 19390 I AconfigPackage: com.android.server.policy.feature.flags is mapped to system_ext
07-04 04:39:00.875 19390 19390 I AconfigPackage: com.android.settings.factory_reset is mapped to system_ext
07-04 04:39:00.875 19390 19390 I AconfigPackage: com.google.android.haptics.flags is mapped to system_ext
07-04 04:39:00.875 19390 19390 I AconfigPackage: com.android.permission.flags is mapped to com.android.permission
07-04 04:39:00.875 19390 19390 I AconfigPackage: com.android.icu is mapped to com.android.i18n
07-04 04:39:00.876 19390 19390 I AconfigPackage: com.android.appsearch.flags is mapped to com.android.appsearch
07-04 04:39:00.878 19390 19390 I AconfigPackage: android.uprobestats.mainline.flags is mapped to com.android.uprobestats
07-04 04:39:00.879 19390 19390 I AconfigPackage: android.provider.flags is mapped to com.android.configinfrastructure
07-04 04:39:00.879 19390 19390 I AconfigPackage: com.android.server.deviceconfig is mapped to com.android.configinfrastructure
07-04 04:39:00.879 19390 19390 I AconfigPackage: com.android.nfc.flags is mapped to system
07-04 04:39:00.879 19390 19390 I AconfigPackage: android.app.admin.flags is mapped to system
07-04 04:39:00.879 19390 19390 I AconfigPackage: android.database.sqlite is mapped to system
07-04 04:39:00.879 19390 19390 I AconfigPackage: com.android.providers.calendar is mapped to system
07-04 04:39:00.879 19390 19390 I AconfigPackage: com.android.server.power.feature.flags is mapped to system
07-04 04:39:00.879 19390 19390 I AconfigPackage: com.android.media.performance.flags is mapped to system
07-04 04:39:00.879 19390 19390 I AconfigPackage: android.app.contextualsearch.flags is mapped to system
07-04 04:39:00.879 19390 19390 I AconfigPackage: android.app.ondeviceintelligence.flags is mapped to system
07-04 04:39:00.879 19390 19390 I AconfigPackage: com.android.media.projection.flags is mapped to system
07-04 04:39:00.879 19390 19390 I AconfigPackage: android.companion is mapped to system
07-04 04:39:00.879 19390 19390 I AconfigPackage: android.service.controls.flags is mapped to system
07-04 04:39:00.879 19390 19390 I AconfigPackage: com.android.text.flags is mapped to system
07-04 04:39:00.879 19390 19390 I AconfigPackage: com.android.providers.contactkeys.flags is mapped to system
07-04 04:39:00.879 19390 19390 I AconfigPackage: com.android.intentresolver is mapped to system
07-04 04:39:00.879 19390 19390 I AconfigPackage: android.companion.virtualdevice.flags is mapped to system
07-04 04:39:00.879 19390 19390 I AconfigPackage: android.uprobestats.flags is mapped to system
07-04 04:39:00.879 19390 19390 I AconfigPackage: com.android.net.thread.platform.flags is mapped to system
07-04 04:39:00.880 19390 19390 I AconfigPackage: android.view.contentprotection.flags is mapped to system
07-04 04:39:00.880 19390 19390 I AconfigPackage: com.android.server.dreams is mapped to system
07-04 04:39:00.880 19390 19390 I AconfigPackage: com.android.graphics.surfaceflinger.flags is mapped to system
07-04 04:39:00.880 19390 19390 I AconfigPackage: com.android.hardware.input is mapped to system
07-04 04:39:00.880 19390 19390 I AconfigPackage: android.sdk is mapped to system
07-04 04:39:00.880 19390 19390 I AconfigPackage: com.android.input.flags is mapped to system
07-04 04:39:00.880 19390 19390 I AconfigPackage: android.tracing is mapped to system
07-04 04:39:00.881 19390 19390 I AconfigPackage: com.android.server.biometrics is mapped to system
07-04 04:39:00.881 19390 19390 I AconfigPackage: android.view.contentcapture.flags is mapped to system
07-04 04:39:00.881 19390 19390 I AconfigPackage: android.app.job is mapped to system
07-04 04:39:00.881 19390 19390 I AconfigPackage: android.content.res is mapped to system
07-04 04:39:00.881 19390 19390 I AconfigPackage: android.net.platform.flags is mapped to system
07-04 04:39:00.881 19390 19390 I AconfigPackage: com.android.aconfig.flags is mapped to system
07-04 04:39:00.882 19390 19390 I AconfigPackage: com.android.graphics.flags is mapped to system
07-04 04:39:00.882 19390 19390 I AconfigPackage: android.server.app is mapped to system
07-04 04:39:00.882 19390 19390 I AconfigPackage: android.speech.flags is mapped to system
07-04 04:39:00.882 19390 19390 I AconfigPackage: com.android.server.stats is mapped to system
07-04 04:39:00.882 19390 19390 I AconfigPackage: android.hardware.biometrics is mapped to system
07-04 04:39:00.882 19390 19390 I AconfigPackage: android.car.feature is mapped to system
07-04 04:39:00.883 19390 19390 I AconfigPackage: android.adpf is mapped to system
07-04 04:39:00.883 19390 19390 I AconfigPackage: android.location.flags is mapped to system
07-04 04:39:00.884 19390 19390 I AconfigPackage: com.android.settingslib.flags is mapped to system
07-04 04:39:00.884 19390 19390 I AconfigPackage: com.android.managedprovisioning.flags is mapped to system
07-04 04:39:00.884 19390 19390 I AconfigPackage: android.app.assist.flags is mapped to system
07-04 04:39:00.884 19390 19390 I AconfigPackage: com.android.server.net is mapped to system
07-04 04:39:00.884 19390 19390 I AconfigPackage: com.android.settingslib.widget.flags is mapped to system
07-04 04:39:00.884 19390 19390 I AconfigPackage: com.android.internal.camera.flags is mapped to system
07-04 04:39:00.885 19390 19390 I AconfigPackage: com.android.hardware.libsensor.flags is mapped to system
07-04 04:39:00.885 19390 19390 I AconfigPackage: com.android.internal.jank is mapped to system
07-04 04:39:00.885 19390 19390 I AconfigPackage: com.android.providers.settings is mapped to system
07-04 04:39:00.885 19390 19390 I AconfigPackage: android.multiuser is mapped to system
07-04 04:39:00.886 19390 19390 I AconfigPackage: com.android.server.power.optimization is mapped to system
07-04 04:39:00.886 19390 19390 I AconfigPackage: com.android.calllogbackup is mapped to system
07-04 04:39:00.886 19390 19390 I AconfigPackage: com.android.media.flags is mapped to system
07-04 04:39:00.886 19390 19390 I AconfigPackage: com.android.server.flags is mapped to system
07-04 04:39:00.886 19390 19390 I AconfigPackage: com.android.graphics.libvulkan.flags is mapped to system
07-04 04:39:00.887 19390 19390 I AconfigPackage: android.app.appfunctions.flags is mapped to system
07-04 04:39:00.887 19390 19390 I AconfigPackage: android.app.smartspace.flags is mapped to system
07-04 04:39:00.887 19390 19390 I AconfigPackage: com.android.providers.contacts.flags is mapped to system
07-04 04:39:00.888 19390 19390 I AconfigPackage: com.android.shell.flags is mapped to system
07-04 04:39:00.888 19390 19390 I AconfigPackage: com.android.media.aaudio is mapped to system
07-04 04:39:00.888 19390 19390 I AconfigPackage: android.hardware.radio is mapped to system
07-04 04:39:00.888 19390 19390 I AconfigPackage: com.google.wear.services.infra.flags is mapped to system
07-04 04:39:00.889 19390 19390 I AconfigPackage: suspend_service.flags is mapped to system
07-04 04:39:00.890 19390 19390 I AconfigPackage: android.media.midi is mapped to system
07-04 04:39:00.890 19390 19390 I AconfigPackage: com.android.libcore.readonly is mapped to system
07-04 04:39:00.891 19390 19390 I AconfigPackage: com.android.settingslib.widget.selectorwithwidgetpreference.flags is mapped to system
07-04 04:39:00.891 19390 19390 I AconfigPackage: android.service.notification is mapped to system
07-04 04:39:00.893 19390 19390 I AconfigPackage: com.android.systemui.shared is mapped to system
07-04 04:39:00.893 19390 19390 I AconfigPackage: android.app.jank is mapped to system
07-04 04:39:00.894 19390 19390 I AconfigPackage: android.app.wearable is mapped to system
07-04 04:39:00.894 19390 19390 I AconfigPackage: com.android.media.audio is mapped to system
07-04 04:39:00.895 19390 19390 I AconfigPackage: android.service.chooser is mapped to system
07-04 04:39:00.895 19390 19390 I AconfigPackage: com.android.server.compat is mapped to system
07-04 04:39:00.896 19390 19390 I AconfigPackage: com.android.server.alarm is mapped to system
07-04 04:39:00.896 19390 19390 I AconfigPackage: com.android.apex.flags is mapped to system
07-04 04:39:00.896 19390 19390 I AconfigPackage: android.service.quickaccesswallet is mapped to system
07-04 04:39:00.897 19390 19390 I AconfigPackage: android.app.usage is mapped to system
07-04 04:39:00.897 19390 19390 I AconfigPackage: com.android.server.accessibility is mapped to system
07-04 04:39:00.898 19390 19390 I AconfigPackage: android.app.supervision.flags is mapped to system
07-04 04:39:00.898 19390 19390 I AconfigPackage: com.android.server.utils is mapped to system
07-04 04:39:00.898 19390 19390 I AconfigPackage: android.chre.flags is mapped to system
07-04 04:39:00.899 19390 19390 I AconfigPackage: android.content.flags is mapped to system
07-04 04:39:00.900 19390 19390 I AconfigPackage: android.media.codec is mapped to system
07-04 04:39:00.900 19390 19390 I AconfigPackage: com.android.internal.os is mapped to system
07-04 04:39:00.900 19390 19390 I AconfigPackage: com.android.nfc.nci.flags is mapped to system
07-04 04:39:00.901 19390 19390 I AconfigPackage: android.app is mapped to system
07-04 04:39:00.901 19390 19390 I AconfigPackage: android.security.keystore2 is mapped to system
07-04 04:39:00.902 19390 19390 I AconfigPackage: android.crashrecovery.flags is mapped to system
07-04 04:39:00.903 19390 19390 I AconfigPackage: com.android.tradeinmode.flags is mapped to system
07-04 04:39:00.903 19390 19390 I AconfigPackage: android.hardware.flags is mapped to system
07-04 04:39:00.904 19390 19390 I AconfigPackage: com.android.server.telecom.flags is mapped to system
07-04 04:39:00.904 19390 19390 I AconfigPackage: com.android.settingslib.media.flags is mapped to system
07-04 04:39:00.904 19390 19390 I AconfigPackage: com.android.server.policy is mapped to system
07-04 04:39:00.905 19390 19390 I AconfigPackage: android.media.audiopolicy is mapped to system
07-04 04:39:00.906 19390 19390 I AconfigPackage: com.android.egg.flags is mapped to system
07-04 04:39:00.906 19390 19390 I AconfigPackage: com.android.internal.compat.flags is mapped to system
07-04 04:39:00.906 19390 19390 I AconfigPackage: android.security is mapped to system
07-04 04:39:00.906 19390 19390 I AconfigPackage: android.service.autofill is mapped to system
07-04 04:39:00.906 19390 19390 I AconfigPackage: com.example.android.aconfig.demo.flags is mapped to system
07-04 04:39:00.907 19390 19390 I AconfigPackage: android.view.flags is mapped to system
07-04 04:39:00.908 19390 19390 I AconfigPackage: android.companion.virtual.flags is mapped to system
07-04 04:39:00.908 19390 19390 I AconfigPackage: com.android.aconfig_new_storage is mapped to system
07-04 04:39:00.908 19390 19390 I AconfigPackage: com.android.server.feature.flags is mapped to system
07-04 04:39:00.909 19390 19390 I AconfigPackage: com.android.systemui is mapped to system
07-04 04:39:00.909 19390 19390 I AconfigPackage: com.android.server.power.batterysaver is mapped to system
07-04 04:39:00.909 19390 19390 I AconfigPackage: android.widget.flags is mapped to system
07-04 04:39:00.909 19390 19390 I AconfigPackage: com.android.media.editing.flags is mapped to system
07-04 04:39:00.909 19390 19390 I AconfigPackage: com.android.media.codec.flags is mapped to system
07-04 04:39:00.909 19390 19390 I AconfigPackage: com.android.server.powerstats is mapped to system
07-04 04:39:00.910 19390 19390 I AconfigPackage: com.android.graphics.egl.flags is mapped to system
07-04 04:39:00.910 19390 19390 I AconfigPackage: com.android.media.audioserver is mapped to system
07-04 04:39:00.910 19390 19390 I AconfigPackage: com.android.server.deviceidle is mapped to system
07-04 04:39:00.911 19390 19390 I AconfigPackage: android.nfc is mapped to system
07-04 04:39:00.911 19390 19390 I AconfigPackage: android.permission.flags is mapped to system
07-04 04:39:00.911 19390 19390 I AconfigPackage: android.service.voice.flags is mapped to system
07-04 04:39:00.911 19390 19390 I AconfigPackage: android.content.pm is mapped to system
07-04 04:39:00.911 19390 19390 I AconfigPackage: com.android.server.power.hint is mapped to system
07-04 04:39:00.911 19390 19390 I AconfigPackage: android.os is mapped to system
07-04 04:39:00.911 19390 19390 I AconfigPackage: android.service.dreams is mapped to system
07-04 04:39:00.911 19390 19390 I AconfigPackage: com.android.graphics.libgui.flags is mapped to system
07-04 04:39:00.911 19390 19390 I AconfigPackage: android.hardware.usb.flags is mapped to system
07-04 04:39:00.911 19390 19390 I AconfigPackage: android.provider is mapped to system
07-04 04:39:00.911 19390 19390 I AconfigPackage: com.android.server.job is mapped to system
07-04 04:39:00.911 19390 19390 I AconfigPackage: com.android.internal.foldables.flags is mapped to system
07-04 04:39:00.911 19390 19390 I AconfigPackage: com.android.internal.telephony.flags is mapped to system
07-04 04:39:00.912 19390 19390 I AconfigPackage: android.webkit is mapped to system
07-04 04:39:00.912 19390 19390 I AconfigPackage: android.credentials.flags is mapped to system
07-04 04:39:00.912 19390 19390 I AconfigPackage: com.android.server.display.feature.flags is mapped to system
07-04 04:39:00.912 19390 19390 I AconfigPackage: com.android.server.notification is mapped to system
07-04 04:39:00.912 19390 19390 I AconfigPackage: android.appwidget.flags is mapped to system
07-04 04:39:00.912 19390 19390 I AconfigPackage: com.android.frameworks.sensorservice.flags is mapped to system
07-04 04:39:00.912 19390 19390 I AconfigPackage: com.android.printspooler.flags is mapped to system
07-04 04:39:00.913 19390 19390 I AconfigPackage: com.android.window.flags is mapped to system
07-04 04:39:00.914 19390 19390 I AconfigPackage: android.adaptiveauth is mapped to system
07-04 04:39:00.914 19390 19390 I AconfigPackage: android.net.wifi.flags is mapped to system
07-04 04:39:00.914 19390 19390 I AconfigPackage: android.media.tv.flags is mapped to system
07-04 04:39:00.914 19390 19390 I AconfigPackage: com.android.server.usb.flags is mapped to system
07-04 04:39:00.914 19390 19390 I AconfigPackage: android.os.vibrator is mapped to system
07-04 04:39:00.914 19390 19390 I AconfigPackage: android.hardware.devicestate.feature.flags is mapped to system
07-04 04:39:00.914 19390 19390 I AconfigPackage: com.android.server.usage is mapped to system
07-04 04:39:00.914 19390 19390 I AconfigPackage: android.server is mapped to system
07-04 04:39:00.914 19390 19390 I AconfigPackage: com.android.wm.shell is mapped to system
07-04 04:39:00.914 19390 19390 I AconfigPackage: android.view.inputmethod is mapped to system
07-04 04:39:00.914 19390 19390 I AconfigPackage: com.android.graphics.hwui.flags is mapped to system
07-04 04:39:00.915 19390 19390 I AconfigPackage: com.android.server.backup is mapped to system
07-04 04:39:00.915 19390 19390 I AconfigPackage: com.android.internal.pm.pkg.component.flags is mapped to system
07-04 04:39:00.915 19390 19390 I AconfigPackage: android.view.accessibility is mapped to system
07-04 04:39:00.915 19390 19390 I AconfigPackage: com.google.wear.sdk is mapped to system
07-04 04:39:00.915 19390 19390 I AconfigPackage: android.media.audio is mapped to system
07-04 04:39:00.915 19390 19390 I AconfigPackage: com.android.server.am is mapped to system
07-04 04:39:00.915 19390 19390 I AconfigPackage: com.android.media.playback.flags is mapped to system
07-04 04:39:00.916 19390 19390 I AconfigPackage: com.android.art.flags is mapped to com.android.art
07-04 04:39:00.917 19390 19390 I AconfigPackage: com.android.libcore is mapped to com.android.art
07-04 04:39:00.917 19390 19390 I AconfigPackage: com.android.media.extractor.flags is mapped to com.android.media
07-04 04:39:00.917 19390 19390 I AconfigPackage: com.android.media.mainline.flags is mapped to com.android.media
07-04 04:39:00.917 19390 19390 I AconfigPackage: com.android.wifi.flags is mapped to com.android.wifi
07-04 04:39:00.919 19390 19390 I AconfigPackage: com.android.org.conscrypt.flags is mapped to com.android.conscrypt
07-04 04:39:00.920 19390 19390 I AconfigPackage: com.android.healthfitness.flags is mapped to com.android.healthfitness
07-04 04:39:00.920 19390 19390 I AconfigPackage: com.google.android.input.twoshay.flags is mapped to vendor
07-04 04:39:00.920 19390 19390 I AconfigPackage: libgooglecamerahal.flags is mapped to vendor
07-04 04:39:00.920 19390 19390 I AconfigPackage: com.android.ipsec.flags is mapped to com.android.ipsec
07-04 04:39:00.920 19390 19390 I AconfigPackage: com.android.nfc.module.flags is mapped to com.android.nfcservices
07-04 04:39:00.921 19390 19390 I AconfigPackage: com.android.adservices.ondevicepersonalization.flags is mapped to com.android.ondevicepersonalization
07-04 04:39:00.922 19390 19390 I AconfigPackage: com.android.bluetooth.flags is mapped to com.android.bt
07-04 04:39:00.922 19390 19390 I AconfigPackage: com.android.devicelock.flags is mapped to com.android.devicelock
07-04 04:39:00.923 19390 19390 I AconfigPackage: android.os.profiling is mapped to com.android.profiling
07-04 04:39:00.923 19390 19390 I AconfigPackage: com.android.os.statsd.flags is mapped to com.android.os.statsd
07-04 04:39:00.923 19390 19390 I AconfigPackage: com.android.cellbroadcastreceiver.flags is mapped to com.android.cellbroadcast
07-04 04:39:00.923 19390 19390 I AconfigPackage: com.android.adservices.flags is mapped to com.android.adservices
07-04 04:39:00.923 19390 19390 I AconfigPackage: com.android.sdksandbox.flags is mapped to com.android.adservices
07-04 04:39:00.923 19390 19390 I AconfigPackage: com.android.uwb.flags is mapped to com.android.uwb
07-04 04:39:00.924 19390 19390 I AconfigPackage: com.android.ranging.flags is mapped to com.android.uwb
07-04 04:39:00.924 19390 19390 I AconfigPackage: android.graphics.pdf.flags is mapped to com.android.mediaprovider
07-04 04:39:00.924 19390 19390 I AconfigPackage: com.android.providers.media.flags is mapped to com.android.mediaprovider
07-04 04:39:00.924 19390 19390 I AconfigPackage: android.graphics.pdf.flags.readonly is mapped to com.android.mediaprovider
07-04 04:39:00.925 19390 19390 I AconfigPackage: com.android.net.ct.flags is mapped to com.android.tethering
07-04 04:39:00.925 19390 19390 I AconfigPackage: com.android.net.flags is mapped to com.android.tethering
07-04 04:39:00.926 19390 19390 I AconfigPackage: android.net.vcn is mapped to com.android.tethering
07-04 04:39:00.926 19390 19390 I AconfigPackage: com.android.nearby.flags is mapped to com.android.tethering
07-04 04:39:00.926 19390 19390 I AconfigPackage: android.net.http is mapped to com.android.tethering
07-04 04:39:00.927 19390 19390 I AconfigPackage: com.android.net.thread.flags is mapped to com.android.tethering
07-04 04:39:00.927 19390 19390 I AconfigPackage: com.android.system.virtualmachine.flags is mapped to com.android.virt
07-04 04:39:00.927 19390 19390 E FeatureFlagsImplExport: android.os.flagging.AconfigStorageReadException: ERROR_PACKAGE_NOT_FOUND: package android.xr cannot be found on the device
07-04 04:39:00.932 19390 19390 D UiAutomationConnection: Created on user UserHandle{0}
07-04 04:39:00.933 19390 19390 I UiAutomation: Initialized for user 0 on display 0
07-04 04:39:00.933 19390 19390 W UiAutomation: Created with deprecatead constructor, assumes DEFAULT_DISPLAY
07-04 04:39:00.935   706  2107 D AccessibilityManagerService: changeCurrentUserForTestAutomationIfNeededLocked(0): ignoring because device doesn't support visible background users
07-04 04:39:00.935   706  2107 I UiAutomationManager: Registering UiTestAutomationService (id=com.android.server.accessibility/UiAutomation, flags=0x0) when called by user 0
07-04 04:39:00.936   706  2107 V AccessibilityManagerService: onUserStateChangedLocked for userId: 0, forceUpdate: false
07-04 04:39:00.938   706  2107 W MagnificationConnectionManager: requestConnection duplicated request: connect=false, mConnectionState=DISCONNECTED
07-04 04:39:00.939  1528  1537 I AiAiEcho: Settings changed for uri: content://settings/secure/accessibility_enabled
07-04 04:39:00.941  1528  1766 I AiAiEcho: Predicting[0]:  [CONTEXT sampling_count=5 ]
07-04 04:39:00.941   706   706 W IPCThreadState: Sending oneway calls to frozen process.
07-04 04:39:00.941  1528  1766 I AiAiEcho: EchoTargets: 
07-04 04:39:00.941  1528  1766 I AiAiEcho: Filtered by AiAi flag check: 
07-04 04:39:00.941  1528  1766 I AiAiEcho: [CONTEXT ratelimit_period="10 SECONDS" ]
07-04 04:39:00.941   706   706 W IPCThreadState: Sending oneway calls to frozen process.
07-04 04:39:00.941   706   706 W IPCThreadState: Sending oneway calls to frozen process.
07-04 04:39:00.942   706   706 W IPCThreadState: Sending oneway calls to frozen process.
07-04 04:39:00.942  1528  1766 I AiAiEcho: #remoteViewsTwiddler: feature disabled.
07-04 04:39:00.942  1528  1766 I AiAiEcho: Predicting[0]:  [CONTEXT sampling_count=5 ]
07-04 04:39:00.942  1528  1766 I AiAiEcho: EchoTargets: 
07-04 04:39:00.942  1528  1766 I AiAiEcho: Filtered by AiAi flag check: 
07-04 04:39:00.942  1528  1766 I AiAiEcho: [CONTEXT ratelimit_period="10 SECONDS" ]
07-04 04:39:00.942   706   706 W IPCThreadState: Sending oneway calls to frozen process.
07-04 04:39:00.943  1528  1766 I AiAiEcho: #remoteViewsTwiddler: feature disabled.
07-04 04:39:00.945  1528  1766 I AiAiEcho: #postPredictionTargets: Sending updates to UISurface lockscreen with targets# 0 (types=[])
07-04 04:39:00.946   967   967 W PageIndicator: Total number of pages invalid: 0. Assuming 1 page.
07-04 04:39:00.946   706   706 W IPCThreadState: Sending oneway calls to frozen process.
07-04 04:39:00.947  1528  1766 I AiAiEcho: #postPredictionTargets: Sending updates to UISurface home with targets# 0 (types=[])
07-04 04:39:00.947   706   706 W IPCThreadState: Sending oneway calls to frozen process.
07-04 04:39:00.948   706   706 W IPCThreadState: Sending oneway calls to frozen process.
07-04 04:39:00.949   706   706 W IPCThreadState: Sending oneway calls to frozen process.
07-04 04:39:00.951   706   706 W IPCThreadState: Sending oneway calls to frozen process.
07-04 04:39:00.953   706   706 W IPCThreadState: Sending oneway calls to frozen process.
07-04 04:39:00.953   706   706 W IPCThreadState: Sending oneway calls to frozen process.
07-04 04:39:00.953   706   706 W IPCThreadState: Sending oneway calls to frozen process.
07-04 04:39:00.953   706   706 W IPCThreadState: Sending oneway calls to frozen process.
07-04 04:39:00.954   706   706 W IPCThreadState: Sending oneway calls to frozen process.
07-04 04:39:00.954   706   706 W IPCThreadState: Sending oneway calls to frozen process.
07-04 04:39:00.957   706   706 W IPCThreadState: Sending oneway calls to frozen process.
07-04 04:39:00.958  1129  1129 D SsBaseTemplateCard: No text view can be set up
07-04 04:39:00.958   706   706 W IPCThreadState: Sending oneway calls to frozen process.
07-04 04:39:00.958  1129  1129 D SsBaseTemplateCard: Passed-in item info is null
07-04 04:39:00.958   706   706 W IPCThreadState: Sending oneway calls to frozen process.
07-04 04:39:00.962  1129  1129 D SsBaseTemplateCard: Passed-in item info is null
07-04 04:39:00.963  1129  1129 D SsBaseTemplateCard: Passed-in item info is null
07-04 04:39:00.963 19390 19401 V UiAutomation: Init UiAutomation@b2be928[id=343, displayId=0, flags=0]
07-04 04:39:00.963  1129  1129 I SsBaseTemplateCard: Secondary card pane is null
07-04 04:39:00.985   706  2063 V AccessibilityManagerService: onUserStateChangedLocked for userId: 0, forceUpdate: false
07-04 04:39:00.987   706  2063 W MagnificationConnectionManager: requestConnection duplicated request: connect=false, mConnectionState=DISCONNECTED
07-04 04:39:00.990  1528  1537 I AiAiEcho: Settings changed for uri: content://settings/secure/accessibility_enabled
07-04 04:39:00.996  1528  1766 I AiAiEcho: Predicting[0]:  [CONTEXT sampling_count=5 ]
07-04 04:39:00.997  1528  1766 I AiAiEcho: EchoTargets: 
07-04 04:39:00.997  1528  1766 I AiAiEcho: Filtered by AiAi flag check: 
07-04 04:39:00.997  1528  1766 I AiAiEcho: [CONTEXT ratelimit_period="10 SECONDS" ]
07-04 04:39:00.998  1528  1766 I AiAiEcho: #remoteViewsTwiddler: feature disabled.
07-04 04:39:00.998  1528  1766 I AiAiEcho: Predicting[0]:  [CONTEXT sampling_count=5 ]
07-04 04:39:00.999  1528  1766 I AiAiEcho: EchoTargets: 
07-04 04:39:00.999  1528  1766 I AiAiEcho: Filtered by AiAi flag check: 
07-04 04:39:00.999  1528  1766 I AiAiEcho: [CONTEXT ratelimit_period="10 SECONDS" ]
07-04 04:39:01.022   706   706 W IPCThreadState: Sending oneway calls to frozen process.
07-04 04:39:01.022   706   706 W IPCThreadState: Sending oneway calls to frozen process.
07-04 04:39:01.023   706   706 W IPCThreadState: Sending oneway calls to frozen process.
07-04 04:39:01.023   706   706 W IPCThreadState: Sending oneway calls to frozen process.
07-04 04:39:01.023   706   706 W IPCThreadState: Sending oneway calls to frozen process.
07-04 04:39:01.023   706   706 W IPCThreadState: Sending oneway calls to frozen process.
07-04 04:39:01.023   706   706 W IPCThreadState: Sending oneway calls to frozen process.
07-04 04:39:01.031   706   706 W IPCThreadState: Sending oneway calls to frozen process.
07-04 04:39:01.031   706   706 W IPCThreadState: Sending oneway calls to frozen process.
07-04 04:39:01.031   706   706 W IPCThreadState: Sending oneway calls to frozen process.
07-04 04:39:01.031   706   706 W IPCThreadState: Sending oneway calls to frozen process.
07-04 04:39:01.038   706   706 W IPCThreadState: Sending oneway calls to frozen process.
07-04 04:39:01.038   706   706 W IPCThreadState: Sending oneway calls to frozen process.
07-04 04:39:01.038   706   706 W IPCThreadState: Sending oneway calls to frozen process.
07-04 04:39:01.038   706   706 W IPCThreadState: Sending oneway calls to frozen process.
07-04 04:39:01.038   706   706 W IPCThreadState: Sending oneway calls to frozen process.
07-04 04:39:01.038   706   706 W IPCThreadState: Sending oneway calls to frozen process.
07-04 04:39:01.045   706   706 W IPCThreadState: Sending oneway calls to frozen process.
07-04 04:39:01.046   706   706 W IPCThreadState: Sending oneway calls to frozen process.
07-04 04:39:01.046   706   706 W IPCThreadState: Sending oneway calls to frozen process.
07-04 04:39:01.047   706   706 W IPCThreadState: Sending oneway calls to frozen process.
07-04 04:39:01.053   706   706 W IPCThreadState: Sending oneway calls to frozen process.
07-04 04:39:01.053   706   706 W IPCThreadState: Sending oneway calls to frozen process.
07-04 04:39:01.054   706   706 W IPCThreadState: Sending oneway calls to frozen process.
07-04 04:39:01.054   706   706 W IPCThreadState: Sending oneway calls to frozen process.
07-04 04:39:01.054   706   706 W IPCThreadState: Sending oneway calls to frozen process.
07-04 04:39:01.055   706   706 W IPCThreadState: Sending oneway calls to frozen process.
07-04 04:39:01.059  1528  1766 I AiAiEcho: #remoteViewsTwiddler: feature disabled.
07-04 04:39:01.059   706   706 W IPCThreadState: Sending oneway calls to frozen process.
07-04 04:39:01.065   706   706 W IPCThreadState: Sending oneway calls to frozen process.
07-04 04:39:01.066   706   706 W IPCThreadState: Sending oneway calls to frozen process.
07-04 04:39:01.068  1528  1766 I AiAiEcho: #postPredictionTargets: Sending updates to UISurface lockscreen with targets# 0 (types=[])
07-04 04:39:01.068   706   706 W IPCThreadState: Sending oneway calls to frozen process.
07-04 04:39:01.071   967   967 W PageIndicator: Total number of pages invalid: 0. Assuming 1 page.
07-04 04:39:01.072   706   706 D BatterySaverPolicy: accessibility changed to true, updating policy.
07-04 04:39:01.074  1528  1766 I AiAiEcho: #postPredictionTargets: Sending updates to UISurface home with targets# 0 (types=[])
07-04 04:39:01.086  1129  1129 D SsBaseTemplateCard: No text view can be set up
07-04 04:39:01.086  1129  1129 D SsBaseTemplateCard: Passed-in item info is null
07-04 04:39:01.087  1129  1129 D SsBaseTemplateCard: Passed-in item info is null
07-04 04:39:01.087  1129  1129 D SsBaseTemplateCard: Passed-in item info is null
07-04 04:39:01.087  1129  1129 I SsBaseTemplateCard: Secondary card pane is null
07-04 04:39:01.446   706   871 D WifiClientModeImpl[23202:wlan0]: updateLinkLayerStatsRssiSpeedFrequencyCapabilities rssi=-50 TxLinkspeed=1 freq=2447 RxLinkSpeed=2
07-04 04:39:01.446   706   871 D WifiDataStall: tx tput in kbps: 11000
07-04 04:39:01.447   706   871 D WifiDataStall: rx tput in kbps: 11000
07-04 04:39:01.447   706   871 V WifiConfigManager: Updating scan detail cache freq=2447 BSSID=00:13:10:85:fe:01 RSSI=-50 for "AndroidWifi"NONE
07-04 04:39:01.447   706   871 D WifiThroughputPredictor:  utilization (LLS) 80 isBluetoothConnected: false final utilization: 80
07-04 04:39:01.448   706   871 D WifiThroughputPredictor:  BW: 0 RSSI: -50 Nss: 1 Mode: 1 symDur: 4000 snrDb 30 bitPerTone: 4500 rate: 54 throughput: 11
07-04 04:39:01.448   706   871 D WifiThroughputPredictor:  utilization (LLS) 80 isBluetoothConnected: false final utilization: 80
07-04 04:39:01.448   706   871 D WifiThroughputPredictor:  BW: 0 RSSI: -50 Nss: 1 Mode: 1 symDur: 4000 snrDb 30 bitPerTone: 4500 rate: 54 throughput: 11
07-04 04:39:01.448   706   871 D WifiThroughputPredictor:  utilization (LLS) 80 isBluetoothConnected: false final utilization: 80
07-04 04:39:01.448   706   871 D WifiThroughputPredictor:  BW: 0 RSSI: -50 Nss: 1 Mode: 1 symDur: 4000 snrDb 30 bitPerTone: 4500 rate: 54 throughput: 11
07-04 04:39:01.448   706   871 D WifiThroughputPredictor:  utilization (LLS) 80 isBluetoothConnected: false final utilization: 80
07-04 04:39:01.448   706   871 D WifiThroughputPredictor:  BW: 0 RSSI: -50 Nss: 1 Mode: 1 symDur: 4000 snrDb 30 bitPerTone: 4500 rate: 54 throughput: 11
07-04 04:39:01.450   706   871 D WifiScoreCard: BSSID update SIGNAL_POLL ID: 2146055532 SSID: "AndroidWifi", BSSID: 00:13:10:85:fe:01, MAC: 02:15:b4:00:00:00, IP: /10.0.2.17, Security type: 0, Supplicant state: COMPLETED, Wi-Fi standard: legacy, RSSI: -50, Link speed: 1Mbps, Tx Link speed: 1Mbps, Max Supported Tx Link speed: 11Mbps, Rx Link speed: 2Mbps, Max Supported Rx Link speed: 11Mbps, Frequency: 2447MHz, Net ID: 0, Metered hint: false, score: 60, isUsable: true, CarrierMerged: false, SubscriptionId: -1, IsPrimary: 1, Trusted: true, Restricted: false, Ephemeral: false, OEM paid: false, OEM private: false, OSU AP: false, FQDN: <none>, Provider friendly name: <none>, Requesting package name: <none>"AndroidWifi"openMLO Information: , Is TID-To-Link negotiation supported by the AP: false, AP MLD Address: <none>, AP MLO Link Id: <none>, AP MLO Affiliated links: <none>, Vendor Data: <none>
07-04 04:39:01.450   706   871 D WifiScoreCard: txRate: 1 txSpeed: 1
07-04 04:39:01.450   706   871 D WifiScoreCard: network update SIGNAL_POLL "AndroidWifi" ID: 290235138 RSSI -50 txSpeed -1
07-04 04:39:01.451   706   871 D WifiClientModeImpl[23202:wlan0]:  ClientModeImpl$L2ConnectedState screen=on 1 0 "AndroidWifi" 00:13:10:85:fe:01 rssi=-50 f=2447 sc=60 link=1 tx=0.0, 0.0, 0.0 rx=0.0 bcn=0 [on:0 tx:0 rx:0 period:3010] from screen [on:0 period:724913611] score=60
07-04 04:39:02.017  1506  1506 D WM-DelayedWorkTracker: Scheduling work 397ca635-3884-4718-8790-db9244f01541
07-04 04:39:02.017  1506  1506 D WM-GreedyScheduler: Starting tracking for 397ca635-3884-4718-8790-db9244f01541
07-04 04:39:02.019  1506  1818 D WM-ConstraintTracker: BatteryNotLowTracker: initial state = true
07-04 04:39:02.019  1506  1818 D WM-BrdcstRcvrCnstrntTrc: BatteryNotLowTracker: registering receiver
07-04 04:39:02.023  1506  1818 D WM-GreedyScheduler: Constraints met: Scheduling work ID WorkGenerationalId(workSpecId=397ca635-3884-4718-8790-db9244f01541, generation=0)
07-04 04:39:02.025  1506  1818 D WM-Processor: Processor: processing WorkGenerationalId(workSpecId=397ca635-3884-4718-8790-db9244f01541, generation=0)
07-04 04:39:02.031  1506  1506 D WM-WorkerWrapper: Starting work for com.android.providers.media.photopicker.sync.ProactiveSyncWorker
07-04 04:39:02.032  1506  6079 I PSyncWorker: Starting proactive picker sync from sync source: 1
07-04 04:39:02.032  1506  6079 I PickerSyncTracker: Created new sync future java.util.concurrent.CompletableFuture@e3d8f0e[Not completed, 1 dependents]. Future map: {397ca635-3884-4718-8790-db9244f01541=java.util.concurrent.CompletableFuture@e3d8f0e[Not completed, 1 dependents]}
07-04 04:39:02.032  1506  6079 D PickerSyncController: syncAllMediaFromProvider() LOCAL, auth=com.android.providers.media.photopicker, retry=true
07-04 04:39:02.033  1506  6079 D PickerSyncController: getSyncRequestParams() LOCAL, auth=com.android.providers.media.photopicker
07-04 04:39:02.036  1506  6079 D PickerSyncController:    Latest ID/Gen=7cb2da8e3887eeff:external_primary/1683
07-04 04:39:02.037  1506  6079 D PickerSyncController:    Cached ID/Gen=7cb2da8e3887eeff:external_primary/1671
07-04 04:39:02.037  1506  6079 D PickerSyncController:    RESULT=SyncRequestParams{type=MEDIA_INCREMENTAL, gen=1671, latest=Bundle[{last_media_sync_generation=1683, media_collection_id=7cb2da8e3887eeff:external_primary}], pageSize=1000}
07-04 04:39:02.037  1506  6079 I PickerSyncController: Executing SyncAdd. isLocal: true. authority: com.android.providers.media.photopicker
07-04 04:39:02.038  1506  6079 D PickerSyncLockManager: Trying to acquire lock com.android.providers.media.photopicker.sync.CloseableReentrantLock@ee89538[Unlocked]. Lock Name = CLOUD_PROVIDER_LOCK. Threads that may be waiting to acquire this lock = [] with timeout.
07-04 04:39:02.038  1506  6079 D CloseableReentrantLock: Successfully acquired lock com.android.providers.media.photopicker.sync.CloseableReentrantLock@ee89538[Locked by thread pool-4-thread-4]. Lock Name = CLOUD_PROVIDER_LOCK. Threads that may be waiting to acquire this lock = []
07-04 04:39:02.039  1506  6079 D CloseableReentrantLock: Successfully released lock com.android.providers.media.photopicker.sync.CloseableReentrantLock@ee89538[Unlocked]. Lock Name = CLOUD_PROVIDER_LOCK. Threads that may be waiting to acquire this lock = []
07-04 04:39:02.039  1506  6079 D ExternalDbFacade: Token received for queryMedia = null
07-04 04:39:02.043  1506  6079 D PickerSyncLockManager: Trying to acquire lock com.android.providers.media.photopicker.sync.CloseableReentrantLock@ee89538[Unlocked]. Lock Name = CLOUD_PROVIDER_LOCK. Threads that may be waiting to acquire this lock = [] with timeout.
07-04 04:39:02.043  1506  6079 D CloseableReentrantLock: Successfully acquired lock com.android.providers.media.photopicker.sync.CloseableReentrantLock@ee89538[Locked by thread pool-4-thread-4]. Lock Name = CLOUD_PROVIDER_LOCK. Threads that may be waiting to acquire this lock = []
07-04 04:39:02.043  1506  6079 D PickerSyncController: Clearing next page token for key: local_provider:media_add:resume
07-04 04:39:02.044  1506  6079 D CloseableReentrantLock: Successfully released lock com.android.providers.media.photopicker.sync.CloseableReentrantLock@ee89538[Unlocked]. Lock Name = CLOUD_PROVIDER_LOCK. Threads that may be waiting to acquire this lock = []
07-04 04:39:02.044  1506  6079 D PickerNotificationSender: Sending a notification for media update
07-04 04:39:02.048  1506  6079 D PickerNotificationSender: Sending a notification for merged album media update Videos
07-04 04:39:02.048  1506  6079 D PickerNotificationSender: Sending a notification for album media update Videos
07-04 04:39:02.050  1506  6079 D PickerNotificationSender: Sending a notification for merged album media update Favorites
07-04 04:39:02.051  1506  6079 D PickerNotificationSender: Sending a notification for album media update Favorites
07-04 04:39:02.056  1506  6079 I PickerSyncController: Paged sync successful. QueryArgs: Bundle[{android.provider.extra.SYNC_GENERATION=1671, android.provider.extra.PAGE_SIZE=1000}] Total Rows: 0
07-04 04:39:02.059  1506  6079 I PickerSyncController: Executing SyncRemove. isLocal: true. authority: com.android.providers.media.photopicker
07-04 04:39:02.059  1506  6079 D PickerSyncLockManager: Trying to acquire lock com.android.providers.media.photopicker.sync.CloseableReentrantLock@ee89538[Unlocked]. Lock Name = CLOUD_PROVIDER_LOCK. Threads that may be waiting to acquire this lock = [] with timeout.
07-04 04:39:02.059  1506  6079 D CloseableReentrantLock: Successfully acquired lock com.android.providers.media.photopicker.sync.CloseableReentrantLock@ee89538[Locked by thread pool-4-thread-4]. Lock Name = CLOUD_PROVIDER_LOCK. Threads that may be waiting to acquire this lock = []
07-04 04:39:02.061  1506  6079 D CloseableReentrantLock: Successfully released lock com.android.providers.media.photopicker.sync.CloseableReentrantLock@ee89538[Unlocked]. Lock Name = CLOUD_PROVIDER_LOCK. Threads that may be waiting to acquire this lock = []
07-04 04:39:02.062  1506  6079 E PickerDbFacade: Could not get first date taken millis for media id: 140
07-04 04:39:02.063  1506  6079 W PickerDbFacade: Unable to promote cloud media with localId: 140
07-04 04:39:02.063  1506  6079 D PickerSyncLockManager: Trying to acquire lock com.android.providers.media.photopicker.sync.CloseableReentrantLock@ee89538[Unlocked]. Lock Name = CLOUD_PROVIDER_LOCK. Threads that may be waiting to acquire this lock = [] with timeout.
07-04 04:39:02.065  1506  6079 D CloseableReentrantLock: Successfully acquired lock com.android.providers.media.photopicker.sync.CloseableReentrantLock@ee89538[Locked by thread pool-4-thread-4]. Lock Name = CLOUD_PROVIDER_LOCK. Threads that may be waiting to acquire this lock = []
07-04 04:39:02.065  1506  6079 D PickerSyncController: Clearing next page token for key: local_provider:media_remove:resume
07-04 04:39:02.065  1506  6079 D CloseableReentrantLock: Successfully released lock com.android.providers.media.photopicker.sync.CloseableReentrantLock@ee89538[Unlocked]. Lock Name = CLOUD_PROVIDER_LOCK. Threads that may be waiting to acquire this lock = []
07-04 04:39:02.065  1506  6079 D PickerNotificationSender: Sending a notification for media update
07-04 04:39:02.067  1506  6079 D PickerNotificationSender: Sending a notification for merged album media update Videos
07-04 04:39:02.067  1506  6079 D PickerNotificationSender: Sending a notification for album media update Videos
07-04 04:39:02.069  1506  6079 D PickerNotificationSender: Sending a notification for merged album media update Favorites
07-04 04:39:02.069  1506  6079 D PickerNotificationSender: Sending a notification for album media update Favorites
07-04 04:39:02.071  1506  6079 I PickerSyncController: Paged sync successful. QueryArgs: Bundle[{android.provider.extra.SYNC_GENERATION=1671, android.provider.extra.PAGE_SIZE=1000}] Total Rows: 0
07-04 04:39:02.071  1506  6079 I PickerSyncTracker: Marked sync future complete for work id: 397ca635-3884-4718-8790-db9244f01541. Future map: {}
07-04 04:39:02.072  1506  6079 I PSyncWorker: Completed picker proactive sync complete from local provider.
07-04 04:39:02.078  1506  1818 I WM-WorkerWrapper: Worker result SUCCESS for Work [ id=397ca635-3884-4718-8790-db9244f01541, tags={ com.android.providers.media.photopicker.sync.ProactiveSyncWorker } ]
07-04 04:39:02.080  1506  1506 D WM-Processor: Processor 397ca635-3884-4718-8790-db9244f01541 executed; reschedule = false
07-04 04:39:02.081  1506  1506 D WM-GreedyScheduler: Stopping tracking for WorkGenerationalId(workSpecId=397ca635-3884-4718-8790-db9244f01541, generation=0)
07-04 04:39:02.095  1506  1818 D WM-GreedyScheduler: Cancelling work ID 397ca635-3884-4718-8790-db9244f01541
07-04 04:39:02.096  1506  1818 D WM-GreedyScheduler: Ignoring {WorkSpec: b7deacdd-77b4-4f95-8e2e-9470c54412a8}. Requires device idle.
07-04 04:39:02.097  1506  1818 D WM-GreedyScheduler: Ignoring {WorkSpec: 28d75524-0f78-4938-ae95-25d396d3275c}. Requires device idle.
07-04 04:39:02.097  1506  1818 D WM-BrdcstRcvrCnstrntTrc: BatteryNotLowTracker: unregistering receiver
07-04 04:39:02.193   706   877 D InetDiagMessage: Destroyed 0 sockets, proto=IPPROTO_TCP, family=AF_INET, states=14
07-04 04:39:02.194   706   877 D InetDiagMessage: Destroyed 0 sockets, proto=IPPROTO_TCP, family=AF_INET6, states=14
07-04 04:39:02.194   706   877 D InetDiagMessage: Destroyed live tcp sockets for uids={10159} in 1ms
07-04 04:39:02.194   706   877 D InetDiagMessage: Destroyed 0 sockets, proto=IPPROTO_TCP, family=AF_INET, states=14
07-04 04:39:02.194   706   877 D InetDiagMessage: Destroyed 0 sockets, proto=IPPROTO_TCP, family=AF_INET6, states=14
07-04 04:39:02.194   706   877 D InetDiagMessage: Destroyed live tcp sockets for uids={20159} in 0ms
07-04 04:39:02.205 19390 19390 W AccessibilityNodeInfoDumper: Fetch time: 1ms
07-04 04:39:02.210   706  1659 V AccessibilityManagerService: onUserStateChangedLocked for userId: 0, forceUpdate: false
07-04 04:39:02.213   706  1659 W MagnificationConnectionManager: requestConnection duplicated request: connect=false, mConnectionState=DISCONNECTED
07-04 04:39:02.213   706  1659 D AccessibilityManagerService: restoreCurrentUserForTestAutomationIfNeededLocked(): ignoring because device doesn't support visible background users
07-04 04:39:02.214   706   706 W IPCThreadState: Sending oneway calls to frozen process.
07-04 04:39:02.215   706   706 W IPCThreadState: Sending oneway calls to frozen process.
07-04 04:39:02.215   706   706 W IPCThreadState: Sending oneway calls to frozen process.
07-04 04:39:02.215   706   706 W IPCThreadState: Sending oneway calls to frozen process.
07-04 04:39:02.215   706   706 W IPCThreadState: Sending oneway calls to frozen process.
07-04 04:39:02.216   706   706 W IPCThreadState: Sending oneway calls to frozen process.
07-04 04:39:02.216   706   706 W IPCThreadState: Sending oneway calls to frozen process.
07-04 04:39:02.217   706   706 W IPCThreadState: Sending oneway calls to frozen process.
07-04 04:39:02.217   706   706 W IPCThreadState: Sending oneway calls to frozen process.
07-04 04:39:02.217 19390 19390 D AndroidRuntime: Shutting down VM
07-04 04:39:02.218 19390 19398 W IPCThreadState: call to talkWithDriver in joinThreadPool returned error: -9 (Bad file descriptor), FD: -1
07-04 04:39:02.218 19390 19402 W IPCThreadState: call to talkWithDriver in joinThreadPool returned error: -9 (Bad file descriptor), FD: -1
