07-04 04:39:14.698 19489 19489 I AconfigPackage: com.android.media.aaudio is mapped to system
07-04 04:39:14.699 19489 19489 I AconfigPackage: android.hardware.radio is mapped to system
07-04 04:39:14.699 19489 19489 I AconfigPackage: com.google.wear.services.infra.flags is mapped to system
07-04 04:39:14.699 19489 19489 I AconfigPackage: suspend_service.flags is mapped to system
07-04 04:39:14.699 19489 19489 I AconfigPackage: android.media.midi is mapped to system
07-04 04:39:14.700 19489 19489 I AconfigPackage: com.android.libcore.readonly is mapped to system
07-04 04:39:14.700 19489 19489 I AconfigPackage: com.android.settingslib.widget.selectorwithwidgetpreference.flags is mapped to system
07-04 04:39:14.700 19489 19489 I AconfigPackage: android.service.notification is mapped to system
07-04 04:39:14.700 19489 19489 I AconfigPackage: com.android.systemui.shared is mapped to system
07-04 04:39:14.700 19489 19489 I AconfigPackage: android.app.jank is mapped to system
07-04 04:39:14.701 19489 19489 I AconfigPackage: android.app.wearable is mapped to system
07-04 04:39:14.701 19489 19489 I AconfigPackage: com.android.media.audio is mapped to system
07-04 04:39:14.701 19489 19489 I AconfigPackage: android.service.chooser is mapped to system
07-04 04:39:14.702 19489 19489 I AconfigPackage: com.android.server.compat is mapped to system
07-04 04:39:14.702 19489 19489 I AconfigPackage: com.android.server.alarm is mapped to system
07-04 04:39:14.702 19489 19489 I AconfigPackage: com.android.apex.flags is mapped to system
07-04 04:39:14.703 19489 19489 I AconfigPackage: android.service.quickaccesswallet is mapped to system
07-04 04:39:14.704 19489 19489 I AconfigPackage: android.app.usage is mapped to system
07-04 04:39:14.704 19489 19489 I AconfigPackage: com.android.server.accessibility is mapped to system
07-04 04:39:14.704 19489 19489 I AconfigPackage: android.app.supervision.flags is mapped to system
07-04 04:39:14.704 19489 19489 I AconfigPackage: com.android.server.utils is mapped to system
07-04 04:39:14.705 19489 19489 I AconfigPackage: android.chre.flags is mapped to system
07-04 04:39:14.706 19489 19489 I AconfigPackage: android.content.flags is mapped to system
07-04 04:39:14.706 19489 19489 I AconfigPackage: android.media.codec is mapped to system
07-04 04:39:14.706 19489 19489 I AconfigPackage: com.android.internal.os is mapped to system
07-04 04:39:14.706 19489 19489 I AconfigPackage: com.android.nfc.nci.flags is mapped to system
07-04 04:39:14.707 19489 19489 I AconfigPackage: android.app is mapped to system
07-04 04:39:14.707 19489 19489 I AconfigPackage: android.security.keystore2 is mapped to system
07-04 04:39:14.707 19489 19489 I AconfigPackage: android.crashrecovery.flags is mapped to system
07-04 04:39:14.707 19489 19489 I AconfigPackage: com.android.tradeinmode.flags is mapped to system
07-04 04:39:14.707 19489 19489 I AconfigPackage: android.hardware.flags is mapped to system
07-04 04:39:14.707 19489 19489 I AconfigPackage: com.android.server.telecom.flags is mapped to system
07-04 04:39:14.707 19489 19489 I AconfigPackage: com.android.settingslib.media.flags is mapped to system
07-04 04:39:14.707 19489 19489 I AconfigPackage: com.android.server.policy is mapped to system
07-04 04:39:14.707 19489 19489 I AconfigPackage: android.media.audiopolicy is mapped to system
07-04 04:39:14.707 19489 19489 I AconfigPackage: com.android.egg.flags is mapped to system
07-04 04:39:14.707 19489 19489 I AconfigPackage: com.android.internal.compat.flags is mapped to system
07-04 04:39:14.707 19489 19489 I AconfigPackage: android.security is mapped to system
07-04 04:39:14.707 19489 19489 I AconfigPackage: android.service.autofill is mapped to system
07-04 04:39:14.707 19489 19489 I AconfigPackage: com.example.android.aconfig.demo.flags is mapped to system
07-04 04:39:14.707 19489 19489 I AconfigPackage: android.view.flags is mapped to system
07-04 04:39:14.708 19489 19489 I AconfigPackage: android.companion.virtual.flags is mapped to system
07-04 04:39:14.708 19489 19489 I AconfigPackage: com.android.aconfig_new_storage is mapped to system
07-04 04:39:14.708 19489 19489 I AconfigPackage: com.android.server.feature.flags is mapped to system
07-04 04:39:14.708 19489 19489 I AconfigPackage: com.android.systemui is mapped to system
07-04 04:39:14.708 19489 19489 I AconfigPackage: com.android.server.power.batterysaver is mapped to system
07-04 04:39:14.708 19489 19489 I AconfigPackage: android.widget.flags is mapped to system
07-04 04:39:14.708 19489 19489 I AconfigPackage: com.android.media.editing.flags is mapped to system
07-04 04:39:14.708 19489 19489 I AconfigPackage: com.android.media.codec.flags is mapped to system
07-04 04:39:14.708 19489 19489 I AconfigPackage: com.android.server.powerstats is mapped to system
07-04 04:39:14.708 19489 19489 I AconfigPackage: com.android.graphics.egl.flags is mapped to system
07-04 04:39:14.708 19489 19489 I AconfigPackage: com.android.media.audioserver is mapped to system
07-04 04:39:14.708 19489 19489 I AconfigPackage: com.android.server.deviceidle is mapped to system
07-04 04:39:14.708 19489 19489 I AconfigPackage: android.nfc is mapped to system
07-04 04:39:14.708 19489 19489 I AconfigPackage: android.permission.flags is mapped to system
07-04 04:39:14.708 19489 19489 I AconfigPackage: android.service.voice.flags is mapped to system
07-04 04:39:14.708 19489 19489 I AconfigPackage: android.content.pm is mapped to system
07-04 04:39:14.708 19489 19489 I AconfigPackage: com.android.server.power.hint is mapped to system
07-04 04:39:14.709 19489 19489 I AconfigPackage: android.os is mapped to system
07-04 04:39:14.709 19489 19489 I AconfigPackage: android.service.dreams is mapped to system
07-04 04:39:14.710 19489 19489 I AconfigPackage: com.android.graphics.libgui.flags is mapped to system
07-04 04:39:14.710 19489 19489 I AconfigPackage: android.hardware.usb.flags is mapped to system
07-04 04:39:14.711 19489 19489 I AconfigPackage: android.provider is mapped to system
07-04 04:39:14.711 19489 19489 I AconfigPackage: com.android.server.job is mapped to system
07-04 04:39:14.711 19489 19489 I AconfigPackage: com.android.internal.foldables.flags is mapped to system
07-04 04:39:14.711 19489 19489 I AconfigPackage: com.android.internal.telephony.flags is mapped to system
07-04 04:39:14.711 19489 19489 I AconfigPackage: android.webkit is mapped to system
07-04 04:39:14.711 19489 19489 I AconfigPackage: android.credentials.flags is mapped to system
07-04 04:39:14.711 19489 19489 I AconfigPackage: com.android.server.display.feature.flags is mapped to system
07-04 04:39:14.711 19489 19489 I AconfigPackage: com.android.server.notification is mapped to system
07-04 04:39:14.711 19489 19489 I AconfigPackage: android.appwidget.flags is mapped to system
07-04 04:39:14.712 19489 19489 I AconfigPackage: com.android.frameworks.sensorservice.flags is mapped to system
07-04 04:39:14.712 19489 19489 I AconfigPackage: com.android.printspooler.flags is mapped to system
07-04 04:39:14.712 19489 19489 I AconfigPackage: com.android.window.flags is mapped to system
07-04 04:39:14.712 19489 19489 I AconfigPackage: android.adaptiveauth is mapped to system
07-04 04:39:14.712 19489 19489 I AconfigPackage: android.net.wifi.flags is mapped to system
07-04 04:39:14.712 19489 19489 I AconfigPackage: android.media.tv.flags is mapped to system
07-04 04:39:14.712 19489 19489 I AconfigPackage: com.android.server.usb.flags is mapped to system
07-04 04:39:14.713 19489 19489 I AconfigPackage: android.os.vibrator is mapped to system
07-04 04:39:14.713 19489 19489 I AconfigPackage: android.hardware.devicestate.feature.flags is mapped to system
07-04 04:39:14.713 19489 19489 I AconfigPackage: com.android.server.usage is mapped to system
07-04 04:39:14.714 19489 19489 I AconfigPackage: android.server is mapped to system
07-04 04:39:14.714 19489 19489 I AconfigPackage: com.android.wm.shell is mapped to system
07-04 04:39:14.714 19489 19489 I AconfigPackage: android.view.inputmethod is mapped to system
07-04 04:39:14.714 19489 19489 I AconfigPackage: com.android.graphics.hwui.flags is mapped to system
07-04 04:39:14.715 19489 19489 I AconfigPackage: com.android.server.backup is mapped to system
07-04 04:39:14.715 19489 19489 I AconfigPackage: com.android.internal.pm.pkg.component.flags is mapped to system
07-04 04:39:14.716 19489 19489 I AconfigPackage: android.view.accessibility is mapped to system
07-04 04:39:14.716 19489 19489 I AconfigPackage: com.google.wear.sdk is mapped to system
07-04 04:39:14.717 19489 19489 I AconfigPackage: android.media.audio is mapped to system
07-04 04:39:14.717 19489 19489 I AconfigPackage: com.android.server.am is mapped to system
07-04 04:39:14.718 19489 19489 I AconfigPackage: com.android.media.playback.flags is mapped to system
07-04 04:39:14.718 19489 19489 I AconfigPackage: com.android.art.flags is mapped to com.android.art
07-04 04:39:14.719 19489 19489 I AconfigPackage: com.android.libcore is mapped to com.android.art
07-04 04:39:14.719 19489 19489 I AconfigPackage: com.android.media.extractor.flags is mapped to com.android.media
07-04 04:39:14.720 19489 19489 I AconfigPackage: com.android.media.mainline.flags is mapped to com.android.media
07-04 04:39:14.720 19489 19489 I AconfigPackage: com.android.wifi.flags is mapped to com.android.wifi
07-04 04:39:14.720 19489 19489 I AconfigPackage: com.android.org.conscrypt.flags is mapped to com.android.conscrypt
07-04 04:39:14.721 19489 19489 I AconfigPackage: com.android.healthfitness.flags is mapped to com.android.healthfitness
07-04 04:39:14.721 19489 19489 I AconfigPackage: com.google.android.input.twoshay.flags is mapped to vendor
07-04 04:39:14.722 19489 19489 I AconfigPackage: libgooglecamerahal.flags is mapped to vendor
07-04 04:39:14.722 19489 19489 I AconfigPackage: com.android.ipsec.flags is mapped to com.android.ipsec
07-04 04:39:14.723 19489 19489 I AconfigPackage: com.android.nfc.module.flags is mapped to com.android.nfcservices
07-04 04:39:14.723 19489 19489 I AconfigPackage: com.android.adservices.ondevicepersonalization.flags is mapped to com.android.ondevicepersonalization
07-04 04:39:14.724 19489 19489 I AconfigPackage: com.android.bluetooth.flags is mapped to com.android.bt
07-04 04:39:14.725 19489 19489 I AconfigPackage: com.android.devicelock.flags is mapped to com.android.devicelock
07-04 04:39:14.725 19489 19489 I AconfigPackage: android.os.profiling is mapped to com.android.profiling
07-04 04:39:14.726 19489 19489 I AconfigPackage: com.android.os.statsd.flags is mapped to com.android.os.statsd
07-04 04:39:14.727 19489 19489 I AconfigPackage: com.android.cellbroadcastreceiver.flags is mapped to com.android.cellbroadcast
07-04 04:39:14.727 19489 19489 I AconfigPackage: com.android.adservices.flags is mapped to com.android.adservices
07-04 04:39:14.727 19489 19489 I AconfigPackage: com.android.sdksandbox.flags is mapped to com.android.adservices
07-04 04:39:14.728 19489 19489 I AconfigPackage: com.android.uwb.flags is mapped to com.android.uwb
07-04 04:39:14.729 19489 19489 I AconfigPackage: com.android.ranging.flags is mapped to com.android.uwb
07-04 04:39:14.729 19489 19489 I AconfigPackage: android.graphics.pdf.flags is mapped to com.android.mediaprovider
07-04 04:39:14.730 19489 19489 I AconfigPackage: com.android.providers.media.flags is mapped to com.android.mediaprovider
07-04 04:39:14.730 19489 19489 I AconfigPackage: android.graphics.pdf.flags.readonly is mapped to com.android.mediaprovider
07-04 04:39:14.731 19489 19489 I AconfigPackage: com.android.net.ct.flags is mapped to com.android.tethering
07-04 04:39:14.731 19489 19489 I AconfigPackage: com.android.net.flags is mapped to com.android.tethering
07-04 04:39:14.731 19489 19489 I AconfigPackage: android.net.vcn is mapped to com.android.tethering
07-04 04:39:14.731 19489 19489 I AconfigPackage: com.android.nearby.flags is mapped to com.android.tethering
07-04 04:39:14.731 19489 19489 I AconfigPackage: android.net.http is mapped to com.android.tethering
07-04 04:39:14.732 19489 19489 I AconfigPackage: com.android.net.thread.flags is mapped to com.android.tethering
07-04 04:39:14.733 19489 19489 I AconfigPackage: com.android.system.virtualmachine.flags is mapped to com.android.virt
07-04 04:39:14.734 19489 19489 E FeatureFlagsImplExport: android.os.flagging.AconfigStorageReadException: ERROR_PACKAGE_NOT_FOUND: package android.xr cannot be found on the device
07-04 04:39:14.743 19489 19489 D UiAutomationConnection: Created on user UserHandle{0}
07-04 04:39:14.745 19489 19489 I UiAutomation: Initialized for user 0 on display 0
07-04 04:39:14.745 19489 19489 W UiAutomation: Created with deprecatead constructor, assumes DEFAULT_DISPLAY
07-04 04:39:14.748   706  2119 D AccessibilityManagerService: changeCurrentUserForTestAutomationIfNeededLocked(0): ignoring because device doesn't support visible background users
07-04 04:39:14.748   706  2119 I UiAutomationManager: Registering UiTestAutomationService (id=com.android.server.accessibility/UiAutomation, flags=0x0) when called by user 0
07-04 04:39:14.751   706  2119 V AccessibilityManagerService: onUserStateChangedLocked for userId: 0, forceUpdate: false
07-04 04:39:14.754   706  2119 W MagnificationConnectionManager: requestConnection duplicated request: connect=false, mConnectionState=DISCONNECTED
07-04 04:39:14.754  1528  1537 I AiAiEcho: Settings changed for uri: content://settings/secure/accessibility_enabled
07-04 04:39:14.756  1528  1766 I AiAiEcho: Predicting[0]:  [CONTEXT sampling_count=5 ]
07-04 04:39:14.757  1528  1766 I AiAiEcho: EchoTargets: 
07-04 04:39:14.757  1528  1766 I AiAiEcho: Filtered by AiAi flag check: 
07-04 04:39:14.757  1528  1766 I AiAiEcho: [CONTEXT ratelimit_period="10 SECONDS" ]
07-04 04:39:14.757  1528  1766 I AiAiEcho: #remoteViewsTwiddler: feature disabled.
07-04 04:39:14.759  1528  1766 I AiAiEcho: Predicting[0]:  [CONTEXT sampling_count=5 ]
07-04 04:39:14.760  1528  1766 I AiAiEcho: EchoTargets: 
07-04 04:39:14.760  1528  1766 I AiAiEcho: Filtered by AiAi flag check: 
07-04 04:39:14.760  1528  1766 I AiAiEcho: [CONTEXT ratelimit_period="10 SECONDS" ]
07-04 04:39:14.761  1528  1766 I AiAiEcho: #remoteViewsTwiddler: feature disabled.
07-04 04:39:14.762   706   706 W IPCThreadState: Sending oneway calls to frozen process.
07-04 04:39:14.762  1528  1766 I AiAiEcho: #postPredictionTargets: Sending updates to UISurface lockscreen with targets# 0 (types=[])
07-04 04:39:14.762   706   706 W IPCThreadState: Sending oneway calls to frozen process.
07-04 04:39:14.763  1528  1766 I AiAiEcho: #postPredictionTargets: Sending updates to UISurface home with targets# 0 (types=[])
07-04 04:39:14.763   967   967 W PageIndicator: Total number of pages invalid: 0. Assuming 1 page.
07-04 04:39:14.763   706   706 W IPCThreadState: Sending oneway calls to frozen process.
07-04 04:39:14.765   706   706 W IPCThreadState: Sending oneway calls to frozen process.
07-04 04:39:14.766 19489 19500 V UiAutomation: Init UiAutomation@7a3910e[id=344, displayId=0, flags=0]
07-04 04:39:14.766   706   706 W IPCThreadState: Sending oneway calls to frozen process.
07-04 04:39:14.767   706   706 W IPCThreadState: Sending oneway calls to frozen process.
07-04 04:39:14.767  1129  1129 D SsBaseTemplateCard: No text view can be set up
07-04 04:39:14.767   706   706 W IPCThreadState: Sending oneway calls to frozen process.
07-04 04:39:14.768  1129  1129 D SsBaseTemplateCard: Passed-in item info is null
07-04 04:39:14.770   706   706 W IPCThreadState: Sending oneway calls to frozen process.
07-04 04:39:14.770  1129  1129 D SsBaseTemplateCard: Passed-in item info is null
07-04 04:39:14.771   706   706 W IPCThreadState: Sending oneway calls to frozen process.
07-04 04:39:14.771  1129  1129 D SsBaseTemplateCard: Passed-in item info is null
07-04 04:39:14.771  1129  1129 I SsBaseTemplateCard: Secondary card pane is null
07-04 04:39:14.772   706   706 W IPCThreadState: Sending oneway calls to frozen process.
07-04 04:39:14.773   706   706 W IPCThreadState: Sending oneway calls to frozen process.
07-04 04:39:14.773   706   706 W IPCThreadState: Sending oneway calls to frozen process.
07-04 04:39:14.773   706  2119 V AccessibilityManagerService: onUserStateChangedLocked for userId: 0, forceUpdate: false
07-04 04:39:14.774   706   706 W IPCThreadState: Sending oneway calls to frozen process.
07-04 04:39:14.774   706   706 W IPCThreadState: Sending oneway calls to frozen process.
07-04 04:39:14.775   706   706 W IPCThreadState: Sending oneway calls to frozen process.
07-04 04:39:14.778  1528  1537 I AiAiEcho: Settings changed for uri: content://settings/secure/accessibility_enabled
07-04 04:39:14.778   706  2119 W MagnificationConnectionManager: requestConnection duplicated request: connect=false, mConnectionState=DISCONNECTED
07-04 04:39:14.779  1528  1766 I AiAiEcho: Predicting[0]:  [CONTEXT sampling_count=5 ]
07-04 04:39:14.780   706   706 W IPCThreadState: Sending oneway calls to frozen process.
07-04 04:39:14.780  1528  1766 I AiAiEcho: EchoTargets: 
07-04 04:39:14.780  1528  1766 I AiAiEcho: Filtered by AiAi flag check: 
07-04 04:39:14.780  1528  1766 I AiAiEcho: [CONTEXT ratelimit_period="10 SECONDS" ]
07-04 04:39:14.780   706   706 W IPCThreadState: Sending oneway calls to frozen process.
07-04 04:39:14.782   706   706 W IPCThreadState: Sending oneway calls to frozen process.
07-04 04:39:14.782   706   706 W IPCThreadState: Sending oneway calls to frozen process.
07-04 04:39:14.782   706   706 W IPCThreadState: Sending oneway calls to frozen process.
07-04 04:39:14.783  1528  1766 I AiAiEcho: #remoteViewsTwiddler: feature disabled.
07-04 04:39:14.786  1528  1766 I AiAiEcho: Predicting[0]:  [CONTEXT sampling_count=5 ]
07-04 04:39:14.786  1528  1766 I AiAiEcho: EchoTargets: 
07-04 04:39:14.786  1528  1766 I AiAiEcho: Filtered by AiAi flag check: 
07-04 04:39:14.786  1528  1766 I AiAiEcho: [CONTEXT ratelimit_period="10 SECONDS" ]
07-04 04:39:14.787   706   706 W IPCThreadState: Sending oneway calls to frozen process.
07-04 04:39:14.787   706   706 W IPCThreadState: Sending oneway calls to frozen process.
07-04 04:39:14.789  1528  1766 I AiAiEcho: #remoteViewsTwiddler: feature disabled.
07-04 04:39:14.789   706   706 W IPCThreadState: Sending oneway calls to frozen process.
07-04 04:39:14.790   706   706 W IPCThreadState: Sending oneway calls to frozen process.
07-04 04:39:14.790   706   706 W IPCThreadState: Sending oneway calls to frozen process.
07-04 04:39:14.790   706   706 W IPCThreadState: Sending oneway calls to frozen process.
07-04 04:39:14.792   706   706 W IPCThreadState: Sending oneway calls to frozen process.
07-04 04:39:14.793   706   706 W IPCThreadState: Sending oneway calls to frozen process.
07-04 04:39:14.793   706   706 W IPCThreadState: Sending oneway calls to frozen process.
07-04 04:39:14.793  1528  1766 I AiAiEcho: #postPredictionTargets: Sending updates to UISurface lockscreen with targets# 0 (types=[])
07-04 04:39:14.795  1528  1766 I AiAiEcho: #postPredictionTargets: Sending updates to UISurface home with targets# 0 (types=[])
07-04 04:39:14.795   706   706 W IPCThreadState: Sending oneway calls to frozen process.
07-04 04:39:14.796   706   706 W IPCThreadState: Sending oneway calls to frozen process.
07-04 04:39:14.796   706   706 W IPCThreadState: Sending oneway calls to frozen process.
07-04 04:39:14.796   706   706 W IPCThreadState: Sending oneway calls to frozen process.
07-04 04:39:14.797   706   706 W IPCThreadState: Sending oneway calls to frozen process.
07-04 04:39:14.797   706   706 W IPCThreadState: Sending oneway calls to frozen process.
07-04 04:39:14.797   967   967 W PageIndicator: Total number of pages invalid: 0. Assuming 1 page.
07-04 04:39:14.797   706   706 W IPCThreadState: Sending oneway calls to frozen process.
07-04 04:39:14.798   706   706 W IPCThreadState: Sending oneway calls to frozen process.
07-04 04:39:14.798   706   706 W IPCThreadState: Sending oneway calls to frozen process.
07-04 04:39:14.798   706   706 W IPCThreadState: Sending oneway calls to frozen process.
07-04 04:39:14.798  1129  1129 D SsBaseTemplateCard: No text view can be set up
07-04 04:39:14.798   706   706 W IPCThreadState: Sending oneway calls to frozen process.
07-04 04:39:14.798  1129  1129 D SsBaseTemplateCard: Passed-in item info is null
07-04 04:39:14.798  1129  1129 D SsBaseTemplateCard: Passed-in item info is null
07-04 04:39:14.798   706   706 W IPCThreadState: Sending oneway calls to frozen process.
07-04 04:39:14.798   706   706 W IPCThreadState: Sending oneway calls to frozen process.
07-04 04:39:14.799   706   706 W IPCThreadState: Sending oneway calls to frozen process.
07-04 04:39:14.799   706   706 W IPCThreadState: Sending oneway calls to frozen process.
07-04 04:39:14.799   706   706 W IPCThreadState: Sending oneway calls to frozen process.
07-04 04:39:14.799   706   706 W IPCThreadState: Sending oneway calls to frozen process.
07-04 04:39:14.804   706   706 W IPCThreadState: Sending oneway calls to frozen process.
07-04 04:39:14.805  1129  1129 D SsBaseTemplateCard: Passed-in item info is null
07-04 04:39:14.805  1129  1129 I SsBaseTemplateCard: Secondary card pane is null
07-04 04:39:14.807   706   706 W IPCThreadState: Sending oneway calls to frozen process.
07-04 04:39:14.808   706   706 W IPCThreadState: Sending oneway calls to frozen process.
07-04 04:39:14.808   706   706 W IPCThreadState: Sending oneway calls to frozen process.
07-04 04:39:14.808   706   706 D BatterySaverPolicy: accessibility changed to true, updating policy.
07-04 04:39:15.031 19414 19419 I nanlarkin.danio: Background concurrent mark compact GC freed 4752KB AllocSpace bytes, 13(316KB) LOS objects, 49% free, 3406KB/6812KB, paused 802us,5.798ms total 52.619ms
07-04 04:39:15.776  1506  1506 D WM-DelayedWorkTracker: Scheduling work 6c6375a6-c4f8-4d47-a6be-2efc451be251
07-04 04:39:15.777  1506  1506 D WM-GreedyScheduler: Starting tracking for 6c6375a6-c4f8-4d47-a6be-2efc451be251
07-04 04:39:15.779  1506  1809 D WM-ConstraintTracker: BatteryNotLowTracker: initial state = true
07-04 04:39:15.780  1506  1809 D WM-BrdcstRcvrCnstrntTrc: BatteryNotLowTracker: registering receiver
07-04 04:39:15.782  1506  1809 D WM-GreedyScheduler: Constraints met: Scheduling work ID WorkGenerationalId(workSpecId=6c6375a6-c4f8-4d47-a6be-2efc451be251, generation=0)
07-04 04:39:15.785  1506  1809 D WM-Processor: Processor: processing WorkGenerationalId(workSpecId=6c6375a6-c4f8-4d47-a6be-2efc451be251, generation=0)
07-04 04:39:15.792  1506  1506 D WM-WorkerWrapper: Starting work for com.android.providers.media.photopicker.sync.ProactiveSyncWorker
07-04 04:39:15.793  1506  6113 I PSyncWorker: Starting proactive picker sync from sync source: 1
07-04 04:39:15.793  1506  6113 I PickerSyncTracker: Created new sync future java.util.concurrent.CompletableFuture@1db29d4[Not completed, 1 dependents]. Future map: {6c6375a6-c4f8-4d47-a6be-2efc451be251=java.util.concurrent.CompletableFuture@1db29d4[Not completed, 1 dependents]}
07-04 04:39:15.793  1506  6113 D PickerSyncController: syncAllMediaFromProvider() LOCAL, auth=com.android.providers.media.photopicker, retry=true
07-04 04:39:15.794  1506  6113 D PickerSyncController: getSyncRequestParams() LOCAL, auth=com.android.providers.media.photopicker
07-04 04:39:15.799  1506  6113 D PickerSyncController:    Latest ID/Gen=7cb2da8e3887eeff:external_primary/1695
07-04 04:39:15.799  1506  6113 D PickerSyncController:    Cached ID/Gen=7cb2da8e3887eeff:external_primary/1683
07-04 04:39:15.799  1506  6113 D PickerSyncController:    RESULT=SyncRequestParams{type=MEDIA_INCREMENTAL, gen=1683, latest=Bundle[{last_media_sync_generation=1695, media_collection_id=7cb2da8e3887eeff:external_primary}], pageSize=1000}
07-04 04:39:15.800  1506  6113 I PickerSyncController: Executing SyncAdd. isLocal: true. authority: com.android.providers.media.photopicker
07-04 04:39:15.801  1506  6113 D PickerSyncLockManager: Trying to acquire lock com.android.providers.media.photopicker.sync.CloseableReentrantLock@ee89538[Unlocked]. Lock Name = CLOUD_PROVIDER_LOCK. Threads that may be waiting to acquire this lock = [] with timeout.
07-04 04:39:15.801  1506  6113 D CloseableReentrantLock: Successfully acquired lock com.android.providers.media.photopicker.sync.CloseableReentrantLock@ee89538[Locked by thread pool-4-thread-5]. Lock Name = CLOUD_PROVIDER_LOCK. Threads that may be waiting to acquire this lock = []
07-04 04:39:15.802  1506  6113 D CloseableReentrantLock: Successfully released lock com.android.providers.media.photopicker.sync.CloseableReentrantLock@ee89538[Unlocked]. Lock Name = CLOUD_PROVIDER_LOCK. Threads that may be waiting to acquire this lock = []
07-04 04:39:15.802  1506  6113 D ExternalDbFacade: Token received for queryMedia = null
07-04 04:39:15.804  1506  6113 D PickerSyncLockManager: Trying to acquire lock com.android.providers.media.photopicker.sync.CloseableReentrantLock@ee89538[Unlocked]. Lock Name = CLOUD_PROVIDER_LOCK. Threads that may be waiting to acquire this lock = [] with timeout.
07-04 04:39:15.804  1506  6113 D CloseableReentrantLock: Successfully acquired lock com.android.providers.media.photopicker.sync.CloseableReentrantLock@ee89538[Locked by thread pool-4-thread-5]. Lock Name = CLOUD_PROVIDER_LOCK. Threads that may be waiting to acquire this lock = []
07-04 04:39:15.804  1506  6113 D PickerSyncController: Clearing next page token for key: local_provider:media_add:resume
07-04 04:39:15.804  1506  6113 D CloseableReentrantLock: Successfully released lock com.android.providers.media.photopicker.sync.CloseableReentrantLock@ee89538[Unlocked]. Lock Name = CLOUD_PROVIDER_LOCK. Threads that may be waiting to acquire this lock = []
07-04 04:39:15.805  1506  6113 D PickerNotificationSender: Sending a notification for media update
07-04 04:39:15.807  1506  6113 D PickerNotificationSender: Sending a notification for merged album media update Videos
07-04 04:39:15.808  1506  6113 D PickerNotificationSender: Sending a notification for album media update Videos
07-04 04:39:15.810  1506  6113 D PickerNotificationSender: Sending a notification for merged album media update Favorites
07-04 04:39:15.810  1506  6113 D PickerNotificationSender: Sending a notification for album media update Favorites
07-04 04:39:15.812  1506  6113 I PickerSyncController: Paged sync successful. QueryArgs: Bundle[{android.provider.extra.SYNC_GENERATION=1683, android.provider.extra.PAGE_SIZE=1000}] Total Rows: 0
07-04 04:39:15.812  1506  6113 I PickerSyncController: Executing SyncRemove. isLocal: true. authority: com.android.providers.media.photopicker
07-04 04:39:15.813  1506  6113 D PickerSyncLockManager: Trying to acquire lock com.android.providers.media.photopicker.sync.CloseableReentrantLock@ee89538[Unlocked]. Lock Name = CLOUD_PROVIDER_LOCK. Threads that may be waiting to acquire this lock = [] with timeout.
07-04 04:39:15.813  1506  6113 D CloseableReentrantLock: Successfully acquired lock com.android.providers.media.photopicker.sync.CloseableReentrantLock@ee89538[Locked by thread pool-4-thread-5]. Lock Name = CLOUD_PROVIDER_LOCK. Threads that may be waiting to acquire this lock = []
07-04 04:39:15.814  1506  6113 D CloseableReentrantLock: Successfully released lock com.android.providers.media.photopicker.sync.CloseableReentrantLock@ee89538[Unlocked]. Lock Name = CLOUD_PROVIDER_LOCK. Threads that may be waiting to acquire this lock = []
07-04 04:39:15.817  1506  6113 E PickerDbFacade: Could not get first date taken millis for media id: 141
07-04 04:39:15.818  1506  6113 W PickerDbFacade: Unable to promote cloud media with localId: 141
07-04 04:39:15.819  1506  6113 D PickerSyncLockManager: Trying to acquire lock com.android.providers.media.photopicker.sync.CloseableReentrantLock@ee89538[Unlocked]. Lock Name = CLOUD_PROVIDER_LOCK. Threads that may be waiting to acquire this lock = [] with timeout.
07-04 04:39:15.820  1506  6113 D CloseableReentrantLock: Successfully acquired lock com.android.providers.media.photopicker.sync.CloseableReentrantLock@ee89538[Locked by thread pool-4-thread-5]. Lock Name = CLOUD_PROVIDER_LOCK. Threads that may be waiting to acquire this lock = []
07-04 04:39:15.821  1506  6113 D PickerSyncController: Clearing next page token for key: local_provider:media_remove:resume
07-04 04:39:15.822  1506  6113 D CloseableReentrantLock: Successfully released lock com.android.providers.media.photopicker.sync.CloseableReentrantLock@ee89538[Unlocked]. Lock Name = CLOUD_PROVIDER_LOCK. Threads that may be waiting to acquire this lock = []
07-04 04:39:15.823  1506  6113 D PickerNotificationSender: Sending a notification for media update
07-04 04:39:15.824  1506  1506 D WM-SystemJobService: onStartJob for WorkGenerationalId(workSpecId=6c6375a6-c4f8-4d47-a6be-2efc451be251, generation=0)
07-04 04:39:15.825  1506  6113 D PickerNotificationSender: Sending a notification for merged album media update Videos
07-04 04:39:15.825  1506  6113 D PickerNotificationSender: Sending a notification for album media update Videos
07-04 04:39:15.827  1506  6113 D PickerNotificationSender: Sending a notification for merged album media update Favorites
07-04 04:39:15.827  1506  6113 D PickerNotificationSender: Sending a notification for album media update Favorites
07-04 04:39:15.828  1506  1809 D WM-Processor: Work WorkGenerationalId(workSpecId=6c6375a6-c4f8-4d47-a6be-2efc451be251, generation=0) is already enqueued for processing
07-04 04:39:15.829  1506  6113 I PickerSyncController: Paged sync successful. QueryArgs: Bundle[{android.provider.extra.SYNC_GENERATION=1683, android.provider.extra.PAGE_SIZE=1000}] Total Rows: 0
07-04 04:39:15.830  1506  6113 I PickerSyncTracker: Marked sync future complete for work id: 6c6375a6-c4f8-4d47-a6be-2efc451be251. Future map: {}
07-04 04:39:15.830  1506  6113 I PSyncWorker: Completed picker proactive sync complete from local provider.
07-04 04:39:15.832  1506  1662 I WM-WorkerWrapper: Worker result SUCCESS for Work [ id=6c6375a6-c4f8-4d47-a6be-2efc451be251, tags={ com.android.providers.media.photopicker.sync.ProactiveSyncWorker } ]
07-04 04:39:15.834  1506  1506 D WM-Processor: Processor 6c6375a6-c4f8-4d47-a6be-2efc451be251 executed; reschedule = false
07-04 04:39:15.834  1506  1506 D WM-GreedyScheduler: Stopping tracking for WorkGenerationalId(workSpecId=6c6375a6-c4f8-4d47-a6be-2efc451be251, generation=0)
07-04 04:39:15.834  1506  1506 D WM-SystemJobService: 6c6375a6-c4f8-4d47-a6be-2efc451be251 executed on JobScheduler
07-04 04:39:15.839  1506  1662 D WM-GreedyScheduler: Cancelling work ID 6c6375a6-c4f8-4d47-a6be-2efc451be251
07-04 04:39:15.845  1506  1662 D WM-GreedyScheduler: Ignoring {WorkSpec: b7deacdd-77b4-4f95-8e2e-9470c54412a8}. Requires device idle.
07-04 04:39:15.845  1506  1662 D WM-GreedyScheduler: Ignoring {WorkSpec: 28d75524-0f78-4938-ae95-25d396d3275c}. Requires device idle.
07-04 04:39:15.846  1506  1662 D WM-BrdcstRcvrCnstrntTrc: BatteryNotLowTracker: unregistering receiver
07-04 04:39:15.889   706   877 D InetDiagMessage: Destroyed 0 sockets, proto=IPPROTO_TCP, family=AF_INET, states=14
07-04 04:39:15.890   706   877 D InetDiagMessage: Destroyed 0 sockets, proto=IPPROTO_TCP, family=AF_INET6, states=14
07-04 04:39:15.890   706   877 D InetDiagMessage: Destroyed live tcp sockets for uids={10159} in 2ms
07-04 04:39:15.890   706   877 D InetDiagMessage: Destroyed 0 sockets, proto=IPPROTO_TCP, family=AF_INET, states=14
07-04 04:39:15.890   706   877 D InetDiagMessage: Destroyed 0 sockets, proto=IPPROTO_TCP, family=AF_INET6, states=14
07-04 04:39:15.891   706   877 D InetDiagMessage: Destroyed live tcp sockets for uids={20159} in 1ms
07-04 04:39:16.007 19489 19489 W AccessibilityNodeInfoDumper: Fetch time: 4ms
07-04 04:39:16.009   706  2067 V AccessibilityManagerService: onUserStateChangedLocked for userId: 0, forceUpdate: false
07-04 04:39:16.015   706  2067 W MagnificationConnectionManager: requestConnection duplicated request: connect=false, mConnectionState=DISCONNECTED
07-04 04:39:16.016   706  2067 D AccessibilityManagerService: restoreCurrentUserForTestAutomationIfNeededLocked(): ignoring because device doesn't support visible background users
07-04 04:39:16.017   706   706 W IPCThreadState: Sending oneway calls to frozen process.
07-04 04:39:16.018  1528  1537 I AiAiEcho: Settings changed for uri: content://settings/secure/accessibility_enabled
07-04 04:39:16.019   706   706 W IPCThreadState: Sending oneway calls to frozen process.
07-04 04:39:16.019  1528  1766 I AiAiEcho: Predicting[0]:  [CONTEXT sampling_count=5 ]
07-04 04:39:16.021  1528  1766 I AiAiEcho: EchoTargets: 
07-04 04:39:16.021  1528  1766 I AiAiEcho: Filtered by AiAi flag check: 
07-04 04:39:16.021  1528  1766 I AiAiEcho: [CONTEXT ratelimit_period="10 SECONDS" ]
07-04 04:39:16.021  1528  1766 I AiAiEcho: #remoteViewsTwiddler: feature disabled.
07-04 04:39:16.021   706   706 W IPCThreadState: Sending oneway calls to frozen process.
07-04 04:39:16.022   706   706 W IPCThreadState: Sending oneway calls to frozen process.
07-04 04:39:16.022   706   706 W IPCThreadState: Sending oneway calls to frozen process.
07-04 04:39:16.022   706   706 W IPCThreadState: Sending oneway calls to frozen process.
07-04 04:39:16.023  1528  1766 I AiAiEcho: Predicting[0]:  [CONTEXT sampling_count=5 ]
07-04 04:39:16.025 19489 19489 D AndroidRuntime: Shutting down VM
07-04 04:39:16.026  1528  1766 I AiAiEcho: EchoTargets: 
07-04 04:39:16.026  1528  1766 I AiAiEcho: Filtered by AiAi flag check: 
07-04 04:39:16.026  1528  1766 I AiAiEcho: [CONTEXT ratelimit_period="10 SECONDS" ]
07-04 04:39:16.027  1528  1766 I AiAiEcho: #remoteViewsTwiddler: feature disabled.
07-04 04:39:16.027  1528  1766 I AiAiEcho: #postPredictionTargets: Sending updates to UISurface lockscreen with targets# 0 (types=[])
07-04 04:39:16.028 19489 19497 W IPCThreadState: call to talkWithDriver in joinThreadPool returned error: -9 (Bad file descriptor), FD: -1
07-04 04:39:16.028  1528  1766 I AiAiEcho: #postPredictionTargets: Sending updates to UISurface home with targets# 0 (types=[])
07-04 04:39:16.029   967   967 W PageIndicator: Total number of pages invalid: 0. Assuming 1 page.
07-04 04:39:16.031 19489 19498 W IPCThreadState: call to talkWithDriver in joinThreadPool returned error: -9 (Bad file descriptor), FD: -1
07-04 04:39:16.026   706   706 W IPCThreadState: Sending oneway calls to frozen process.
07-04 04:39:16.031 19489 19501 W IPCThreadState: call to talkWithDriver in joinThreadPool returned error: -9 (Bad file descriptor), FD: -1
07-04 04:39:16.033   706   706 W IPCThreadState: Sending oneway calls to frozen process.
07-04 04:39:16.034  1129  1129 D SsBaseTemplateCard: No text view can be set up
07-04 04:39:16.034  1129  1129 D SsBaseTemplateCard: Passed-in item info is null
07-04 04:39:16.034   706   706 W IPCThreadState: Sending oneway calls to frozen process.
07-04 04:39:16.034  1129  1129 D SsBaseTemplateCard: Passed-in item info is null
07-04 04:39:16.034  1129  1129 D SsBaseTemplateCard: Passed-in item info is null
07-04 04:39:16.035  1129  1129 I SsBaseTemplateCard: Secondary card pane is null
07-04 04:39:16.035   706   706 W IPCThreadState: Sending oneway calls to frozen process.
07-04 04:39:16.035   706   706 W IPCThreadState: Sending oneway calls to frozen process.
07-04 04:39:16.036   706   706 W IPCThreadState: Sending oneway calls to frozen process.
07-04 04:39:16.036   706   706 W IPCThreadState: Sending oneway calls to frozen process.
07-04 04:39:16.036   706   706 W IPCThreadState: Sending oneway calls to frozen process.
07-04 04:39:16.038   706   706 W IPCThreadState: Sending oneway calls to frozen process.
07-04 04:39:16.038   706   706 W IPCThreadState: Sending oneway calls to frozen process.
07-04 04:39:16.038   706   706 W IPCThreadState: Sending oneway calls to frozen process.
07-04 04:39:16.039   706   706 W IPCThreadState: Sending oneway calls to frozen process.
07-04 04:39:16.039   706   706 W IPCThreadState: Sending oneway calls to frozen process.
07-04 04:39:16.040   706   706 W IPCThreadState: Sending oneway calls to frozen process.
07-04 04:39:16.043   706   706 W IPCThreadState: Sending oneway calls to frozen process.
07-04 04:39:16.044   706   706 W IPCThreadState: Sending oneway calls to frozen process.
07-04 04:39:16.045   706   706 W IPCThreadState: Sending oneway calls to frozen process.
07-04 04:39:16.046   706   706 W IPCThreadState: Sending oneway calls to frozen process.
07-04 04:39:16.047   706   706 W IPCThreadState: Sending oneway calls to frozen process.
07-04 04:39:16.047   706   706 W IPCThreadState: Sending oneway calls to frozen process.
07-04 04:39:16.048   706   706 W IPCThreadState: Sending oneway calls to frozen process.
07-04 04:39:16.049   706   706 W IPCThreadState: Sending oneway calls to frozen process.
07-04 04:39:16.049   706   706 W IPCThreadState: Sending oneway calls to frozen process.
07-04 04:39:16.050   706   706 W IPCThreadState: Sending oneway calls to frozen process.
07-04 04:39:16.050   706   706 D BatterySaverPolicy: accessibility changed to false, updating policy.
07-04 04:39:16.519   706   871 D WifiClientModeImpl[23202:wlan0]: updateLinkLayerStatsRssiSpeedFrequencyCapabilities rssi=-50 TxLinkspeed=1 freq=2447 RxLinkSpeed=2
07-04 04:39:16.520   706   871 D WifiDataStall: tx tput in kbps: 11000
07-04 04:39:16.520   706   871 D WifiDataStall: rx tput in kbps: 11000
07-04 04:39:16.521   706   871 V WifiConfigManager: Updating scan detail cache freq=2447 BSSID=00:13:10:85:fe:01 RSSI=-50 for "AndroidWifi"NONE
07-04 04:39:16.521   706   871 D WifiThroughputPredictor:  utilization (LLS) 80 isBluetoothConnected: false final utilization: 80
07-04 04:39:16.522   706   871 D WifiThroughputPredictor:  BW: 0 RSSI: -50 Nss: 1 Mode: 1 symDur: 4000 snrDb 30 bitPerTone: 4500 rate: 54 throughput: 11
07-04 04:39:16.522   706   871 D WifiThroughputPredictor:  utilization (LLS) 80 isBluetoothConnected: false final utilization: 80
07-04 04:39:16.522   706   871 D WifiThroughputPredictor:  BW: 0 RSSI: -50 Nss: 1 Mode: 1 symDur: 4000 snrDb 30 bitPerTone: 4500 rate: 54 throughput: 11
07-04 04:39:16.523   706   871 D WifiThroughputPredictor:  utilization (LLS) 80 isBluetoothConnected: false final utilization: 80
07-04 04:39:16.523   706   871 D WifiThroughputPredictor:  BW: 0 RSSI: -50 Nss: 1 Mode: 1 symDur: 4000 snrDb 30 bitPerTone: 4500 rate: 54 throughput: 11
07-04 04:39:16.525   706   871 D WifiThroughputPredictor:  utilization (LLS) 80 isBluetoothConnected: false final utilization: 80
07-04 04:39:16.525   706   871 D WifiThroughputPredictor:  BW: 0 RSSI: -50 Nss: 1 Mode: 1 symDur: 4000 snrDb 30 bitPerTone: 4500 rate: 54 throughput: 11
07-04 04:39:16.529   706   871 D WifiScoreCard: BSSID update SIGNAL_POLL ID: 2146055532 SSID: "AndroidWifi", BSSID: 00:13:10:85:fe:01, MAC: 02:15:b4:00:00:00, IP: /10.0.2.17, Security type: 0, Supplicant state: COMPLETED, Wi-Fi standard: legacy, RSSI: -50, Link speed: 1Mbps, Tx Link speed: 1Mbps, Max Supported Tx Link speed: 11Mbps, Rx Link speed: 2Mbps, Max Supported Rx Link speed: 11Mbps, Frequency: 2447MHz, Net ID: 0, Metered hint: false, score: 60, isUsable: true, CarrierMerged: false, SubscriptionId: -1, IsPrimary: 1, Trusted: true, Restricted: false, Ephemeral: false, OEM paid: false, OEM private: false, OSU AP: false, FQDN: <none>, Provider friendly name: <none>, Requesting package name: <none>"AndroidWifi"openMLO Information: , Is TID-To-Link negotiation supported by the AP: false, AP MLD Address: <none>, AP MLO Link Id: <none>, AP MLO Affiliated links: <none>, Vendor Data: <none>
07-04 04:39:16.530   706   871 D WifiScoreCard: txRate: 1 txSpeed: 1
07-04 04:39:16.530   706   871 D WifiScoreCard: network update SIGNAL_POLL "AndroidWifi" ID: 290235138 RSSI -50 txSpeed -1
07-04 04:39:16.531   706   871 D WifiClientModeImpl[23202:wlan0]:  ClientModeImpl$L2ConnectedState screen=on 1 0 "AndroidWifi" 00:13:10:85:fe:01 rssi=-50 f=2447 sc=60 link=1 tx=0.0, 0.0, 0.0 rx=0.0 bcn=0 [on:0 tx:0 rx:0 period:3016] from screen [on:0 period:724928691] score=60
07-04 04:39:16.953   706  2067 I ActivityManager: Force stopping com.tiarnanlarkin.danio appid=10217 user=0: from pid 19504
07-04 04:39:16.955   706  2067 I ActivityManager: Killing 19414:com.tiarnanlarkin.danio/u0a217 (adj 0): stop com.tiarnanlarkin.danio due to from pid 19504
07-04 04:39:16.958   558   610 W IPCThreadState: Sending oneway calls to frozen process.
07-04 04:39:16.961   706   877 D InetDiagMessage: Destroyed 0 sockets, proto=IPPROTO_TCP, family=AF_INET, states=14
07-04 04:39:16.965   706   877 D InetDiagMessage: Destroyed 0 sockets, proto=IPPROTO_TCP, family=AF_INET6, states=14
07-04 04:39:16.965   706  2067 W ActivityTaskManager: Force removing ActivityRecord{147724576 u0 com.tiarnanlarkin.danio/.MainActivity t65 f}}: app died, no saved state
07-04 04:39:16.969   706   877 D InetDiagMessage: Destroyed live tcp sockets for uids={10217} in 4ms
07-04 04:39:16.969   706   877 D InetDiagMessage: Destroyed 0 sockets, proto=IPPROTO_TCP, family=AF_INET, states=14
07-04 04:39:16.969   481   521 I netd    : tetherGetStats() -> {[]} <0.57ms>
07-04 04:39:16.970   706   877 D InetDiagMessage: Destroyed 0 sockets, proto=IPPROTO_TCP, family=AF_INET6, states=14
07-04 04:39:16.970   706   877 D InetDiagMessage: Destroyed live tcp sockets for uids={20217} in 1ms
07-04 04:39:16.970   967  1045 V WindowManagerShell: Transition requested (#173): android.os.BinderProxy@253a285 TransitionRequestInfo { type = CLOSE, triggerTask = TaskInfo{userId=0 taskId=65 effectiveUid=10217 displayId=0 isRunning=false baseIntent=Intent { act=android.intent.action.VIEW dat=danio://qa/... flg=0x10000000 pkg=com.tiarnanlarkin.danio cmp=com.tiarnanlarkin.danio/.MainActivity } baseActivity=null topActivity=null origActivity=null realActivity=ComponentInfo{com.tiarnanlarkin.danio/com.tiarnanlarkin.danio.MainActivity} numActivities=0 lastActiveTime=13863978 supportsMultiWindow=true resizeMode=1 isResizeable=true minWidth=-1 minHeight=-1 defaultMinSize=220 token=WCT{android.window.IWindowContainerToken$Stub$Proxy@fee8da} topActivityType=1 pictureInPictureParams=null shouldDockBigOverlays=false launchIntoPipHostTaskId=-1 lastParentTaskIdBeforePip=-1 displayCutoutSafeInsets=Rect(0, 0 - 0, 0) topActivityInfo=null launchCookies=[] positionInParent=Point(0, 0) parentTaskId=-1 isFocused=true isVisible=true isVisibleRequested=true isTopActivityNoDisplay=false isSleeping=false locusId=null displayAreaFeatureId=1 isTopActivityTransparent=false isActivityStackTransparent=true lastNonFullscreenBounds=Rect(892, 102 - 1668, 1482) capturedLink=null capturedLinkTimestamp=0 requestedVisibleTypes=-9 topActivityRequestOpenInBrowserEducationTimestamp=0 appCompatTaskInfo=AppCompatTaskInfo { topActivityInSizeCompat=false eligibleForLetterboxEducation= false isLetterboxEducationEnabled= false isLetterboxDoubleTapEnabled= false eligibleForUserAspectRatioButton= false topActivityBoundsLetterboxed= false isFromLetterboxDoubleTap= false topActivityLetterboxVerticalPosition= -1 topActivityLetterboxHorizontalPosition= -1 topActivityLetterboxWidth=-1 topActivityLetterboxHeight=-1 topActivityAppBounds=Rect(0, 0 - 0, 0) isUserFullscreenOverrideEnabled=false isSystemFullscreenOverrideEnabled=false hasMinAspectRatioOverride=false topActivityLetterboxBounds=null cameraCompatTaskInfo=CameraCompatTaskInfo { freeformCameraCompatMode=undefined}} topActivityMainWindowFrame=null}, pipChange = null, remoteTransition = null, displayChange = null, flags = 0, debugId = 173 }
07-04 04:39:16.973   706   926 D BackgroundInstallControlService: Package event received: 0
07-04 04:39:16.973   558  1156 I BpBinder: onLastStrongRef automatically unlinking death recipients: 
07-04 04:39:16.975  1129  1129 D ViewRootImpl: Skipping stats log for color mode
07-04 04:39:16.977   706  2067 W IPCThreadState: Sending oneway calls to frozen process.
07-04 04:39:16.978  1129  1129 D StatsLog: LAUNCHER_ONRESUME
07-04 04:39:16.979   706  2116 I AppWidgetServiceImpl: startListening() 0
07-04 04:39:16.979   706   926 D BackgroundInstallControlService: Package event received: 0
07-04 04:39:16.979   706   926 D BackgroundInstallControlService: Package event received: 0
07-04 04:39:16.979   706  2067 W IPCThreadState: Sending oneway calls to frozen process.
07-04 04:39:16.980   706  2067 W IPCThreadState: Sending oneway calls to frozen process.
07-04 04:39:16.981   706  2067 W IPCThreadState: Sending oneway calls to frozen process.
07-04 04:39:16.981   706  2067 W IPCThreadState: Sending oneway calls to frozen process.
07-04 04:39:16.982   706  2067 W IPCThreadState: Sending oneway calls to frozen process.
07-04 04:39:16.982   706  2067 W IPCThreadState: Sending oneway calls to frozen process.
07-04 04:39:16.982   706  2067 W IPCThreadState: Sending oneway calls to frozen process.
07-04 04:39:16.982   706  2067 W IPCThreadState: Sending oneway calls to frozen process.
07-04 04:39:16.983   706  2067 W IPCThreadState: Sending oneway calls to frozen process.
07-04 04:39:16.983   706  2067 W IPCThreadState: Sending oneway calls to frozen process.
07-04 04:39:16.983   706  2067 W IPCThreadState: Sending oneway calls to frozen process.
07-04 04:39:16.983   706  2067 W IPCThreadState: Sending oneway calls to frozen process.
07-04 04:39:16.983   706  2067 W IPCThreadState: Sending oneway calls to frozen process.
07-04 04:39:16.983   706  2067 W IPCThreadState: Sending oneway calls to frozen process.
07-04 04:39:16.984   706  2067 W IPCThreadState: Sending oneway calls to frozen process.
07-04 04:39:16.984   706  2067 W IPCThreadState: Sending oneway calls to frozen process.
07-04 04:39:16.984   706  2067 W IPCThreadState: Sending oneway calls to frozen process.
07-04 04:39:16.984   706  2067 W IPCThreadState: Sending oneway calls to frozen process.
07-04 04:39:16.985   706  2067 W IPCThreadState: Sending oneway calls to frozen process.
07-04 04:39:16.985   706  2067 W IPCThreadState: Sending oneway calls to frozen process.
07-04 04:39:16.985   706  2067 W IPCThreadState: Sending oneway calls to frozen process.
07-04 04:39:16.985   706  2067 W IPCThreadState: Sending oneway calls to frozen process.
07-04 04:39:16.985   706  2067 W IPCThreadState: Sending oneway calls to frozen process.
07-04 04:39:16.986   706  2067 W IPCThreadState: Sending oneway calls to frozen process.
07-04 04:39:16.986   706  2067 W IPCThreadState: Sending oneway calls to frozen process.
07-04 04:39:16.986   967  1045 D WindowManagerShell: setLauncherKeepClearAreaHeight: visible=true, height=202
07-04 04:39:16.986   706  2067 W IPCThreadState: Sending oneway calls to frozen process.
07-04 04:39:16.987   706  2067 W IPCThreadState: Sending oneway calls to frozen process.
07-04 04:39:16.987   706  2067 W IPCThreadState: Sending oneway calls to frozen process.
07-04 04:39:16.987   706  2067 W IPCThreadState: Sending oneway calls to frozen process.
07-04 04:39:16.987   706  2067 W IPCThreadState: Sending oneway calls to frozen process.
07-04 04:39:16.987   706  2067 W IPCThreadState: Sending oneway calls to frozen process.
07-04 04:39:16.987  1129  1167 D QuickstepModelDelegate: notifyAppTargetEvent action=1 launchLocation=workspace/0/[-1,-1]/[1,1]
07-04 04:39:16.987   706  2067 W IPCThreadState: Sending oneway calls to frozen process.
07-04 04:39:16.989   706  2067 W IPCThreadState: Sending oneway calls to frozen process.
07-04 04:39:16.989   706  2067 W IPCThreadState: Sending oneway calls to frozen process.
07-04 04:39:16.989   706  2067 W IPCThreadState: Sending oneway calls to frozen process.
07-04 04:39:16.990   706  2067 W IPCThreadState: Sending oneway calls to frozen process.
07-04 04:39:16.990   706  2067 W IPCThreadState: Sending oneway calls to frozen process.
07-04 04:39:16.990   706  2067 W IPCThreadState: Sending oneway calls to frozen process.
07-04 04:39:16.990   706  2067 W IPCThreadState: Sending oneway calls to frozen process.
07-04 04:39:16.991   706  2067 W IPCThreadState: Sending oneway calls to frozen process.
07-04 04:39:16.991   706  2067 W IPCThreadState: Sending oneway calls to frozen process.
07-04 04:39:16.991   706  2067 W IPCThreadState: Sending oneway calls to frozen process.
07-04 04:39:16.992   706  2067 W IPCThreadState: Sending oneway calls to frozen process.
07-04 04:39:16.992   706  2067 W IPCThreadState: Sending oneway calls to frozen process.
07-04 04:39:16.992   706  2067 W IPCThreadState: Sending oneway calls to frozen process.
07-04 04:39:16.993   706  2067 W IPCThreadState: Sending oneway calls to frozen process.
07-04 04:39:16.993   706  2067 W IPCThreadState: Sending oneway calls to frozen process.
07-04 04:39:16.993   706  2067 W IPCThreadState: Sending oneway calls to frozen process.
07-04 04:39:16.994   558   558 I BpBinder: onLastStrongRef automatically unlinking death recipients: 
07-04 04:39:16.994  1129  1129 D NexusLauncherModelDelegate: notifySmartspaceEvent: SmartspaceTargetEvent{mSmartspaceTarget=null, mSmartspaceActionId='null', mEventType=6}
07-04 04:39:17.007   706  2067 W IPCThreadState: Sending oneway calls to frozen process.
07-04 04:39:17.007   706   826 W InputDispatcher: channel 'd66d36a com.tiarnanlarkin.danio/com.tiarnanlarkin.danio.MainActivity' ~ Consumer closed input channel or an error occurred.  events=0x9
07-04 04:39:17.007   706   826 E InputDispatcher: channel 'd66d36a com.tiarnanlarkin.danio/com.tiarnanlarkin.danio.MainActivity' ~ Channel is unrecoverably broken and will be disposed!
07-04 04:39:17.007   566   566 I adbd    : Remote process closed the socket (on MSG_PEEK)
07-04 04:39:17.008   706   826 I WindowManager: WINDOW DIED Window{d66d36a u0 com.tiarnanlarkin.danio/com.tiarnanlarkin.danio.MainActivity}
07-04 04:39:16.987     0     0 I binder  : undelivered transaction 6779611, process died.
07-04 04:39:17.011   706  1682 I WindowManager: WIN DEATH: Window{d66d36a u0 com.tiarnanlarkin.danio/com.tiarnanlarkin.danio.MainActivity EXITING}
07-04 04:39:17.013  1129  1129 D BaseDepthController: setSurface:
