07-04 01:20:08.712  3236  3236 D BoundBrokerSvc: onRebind: Intent { act=com.google.android.gms.auth.aang.events.services.START dat=chimera-action:/... xflg=0x4 cmp=com.google.android.gms/.chimera.PersistentApiService }
07-04 01:20:08.716  3236  5276 I NetworkScheduler.Stats: Task com.google.android.gms/com.google.android.gms.ipa.base.IpaGcmTaskService finished executing. cause:9 result: 1 elapsed_millis: 44 uptime_millis: 44 exec_start_elapsed_seconds: 1928 [CONTEXT service_id=218 ]
07-04 01:20:08.728  1496  4335 I LocationHistory: [SettingsSyncOneOffTask] Synced ODLH settings for all accounts. [CONTEXT service_id=314 ]
07-04 01:20:08.737  1496  1496 D BoundBrokerSvc: onUnbind: Intent { act=com.google.android.gms.semanticlocationhistory.settings.SettingsSyncOneOffService.ACTION_TASK_READY dat=chimera-action:/... xflg=0x4 cmp=com.google.android.gms/.chimera.GmsInternalBoundBrokerService }
07-04 01:20:08.752  3236  5276 I NetworkScheduler.Stats: Task com.google.android.gms/com.google.android.gms.semanticlocationhistory.settings.SettingsSyncOneOffService finished executing. cause:9 result: 1 elapsed_millis: 43 uptime_millis: 43 exec_start_elapsed_seconds: 1928 [CONTEXT service_id=218 ]
07-04 01:20:09.168   706   742 W IPCThreadState: Sending oneway calls to frozen process.
07-04 01:20:09.426   706   871 D WifiClientModeImpl[23202:wlan0]: updateLinkLayerStatsRssiSpeedFrequencyCapabilities rssi=-50 TxLinkspeed=1 freq=2447 RxLinkSpeed=2
07-04 01:20:09.426   706   871 D WifiDataStall: tx tput in kbps: 11000
07-04 01:20:09.426   706   871 D WifiDataStall: rx tput in kbps: 11000
07-04 01:20:09.427   706   871 V WifiConfigManager: Updating scan detail cache freq=2447 BSSID=00:13:10:85:fe:01 RSSI=-50 for "AndroidWifi"NONE
07-04 01:20:09.428   706   871 D WifiThroughputPredictor:  utilization (LLS) 80 isBluetoothConnected: false final utilization: 80
07-04 01:20:09.429   706   871 D WifiThroughputPredictor:  BW: 0 RSSI: -50 Nss: 1 Mode: 1 symDur: 4000 snrDb 30 bitPerTone: 4500 rate: 54 throughput: 11
07-04 01:20:09.429   706   871 D WifiThroughputPredictor:  utilization (LLS) 80 isBluetoothConnected: false final utilization: 80
07-04 01:20:09.429   706   871 D WifiThroughputPredictor:  BW: 0 RSSI: -50 Nss: 1 Mode: 1 symDur: 4000 snrDb 30 bitPerTone: 4500 rate: 54 throughput: 11
07-04 01:20:09.429   706   871 D WifiThroughputPredictor:  utilization (LLS) 80 isBluetoothConnected: false final utilization: 80
07-04 01:20:09.429   706   871 D WifiThroughputPredictor:  BW: 0 RSSI: -50 Nss: 1 Mode: 1 symDur: 4000 snrDb 30 bitPerTone: 4500 rate: 54 throughput: 11
07-04 01:20:09.429   706   871 D WifiThroughputPredictor:  utilization (LLS) 80 isBluetoothConnected: false final utilization: 80
07-04 01:20:09.430   706   871 D WifiThroughputPredictor:  BW: 0 RSSI: -50 Nss: 1 Mode: 1 symDur: 4000 snrDb 30 bitPerTone: 4500 rate: 54 throughput: 11
07-04 01:20:09.430   706   871 D WifiScoreCard: BSSID update SIGNAL_POLL ID: 2146055532 SSID: "AndroidWifi", BSSID: 00:13:10:85:fe:01, MAC: 02:15:b4:00:00:00, IP: /10.0.2.17, Security type: 0, Supplicant state: COMPLETED, Wi-Fi standard: legacy, RSSI: -50, Link speed: 1Mbps, Tx Link speed: 1Mbps, Max Supported Tx Link speed: 11Mbps, Rx Link speed: 2Mbps, Max Supported Rx Link speed: 11Mbps, Frequency: 2447MHz, Net ID: 0, Metered hint: false, score: 60, isUsable: true, CarrierMerged: false, SubscriptionId: -1, IsPrimary: 1, Trusted: true, Restricted: false, Ephemeral: false, OEM paid: false, OEM private: false, OSU AP: false, FQDN: <none>, Provider friendly name: <none>, Requesting package name: <none>"AndroidWifi"openMLO Information: , Is TID-To-Link negotiation supported by the AP: false, AP MLD Address: <none>, AP MLO Link Id: <none>, AP MLO Affiliated links: <none>, Vendor Data: <none>
07-04 01:20:09.431   706   871 D WifiScoreCard: txRate: 1 txSpeed: 1
07-04 01:20:09.431   706   871 D WifiScoreCard: network update SIGNAL_POLL "AndroidWifi" ID: 290235138 RSSI -50 txSpeed -1
07-04 01:20:09.431   706   871 D WifiClientModeImpl[23202:wlan0]:  ClientModeImpl$L2ConnectedState screen=on 1 0 "AndroidWifi" 00:13:10:85:fe:01 rssi=-50 f=2447 sc=60 link=1 tx=0.0, 0.0, 0.0 rx=0.9 bcn=0 [on:0 tx:0 rx:0 period:3011] from screen [on:0 period:712981591] score=60
07-04 01:20:09.475   706   742 W IPCThreadState: Sending oneway calls to frozen process.
07-04 01:20:09.491   706   742 W IPCThreadState: Sending oneway calls to frozen process.
07-04 01:20:10.202   706   801 I system_server: AssetManager2(0x749911674f78) locale list changing from [] to [en-US]
07-04 01:20:10.204   706   926 D BackgroundInstallControlService: Package event received: 0
07-04 01:20:10.652   706   742 W IPCThreadState: Sending oneway calls to frozen process.
07-04 01:20:11.120  6526  6526 W screencap: Thread Pool max thread count is 0. Cannot cache binder as linkToDeath cannot be implemented. serviceName: SurfaceFlingerAIDL
07-04 01:20:11.120  6526  6526 W BpBinder: Linking to death on android.gui.ISurfaceComposer but there are no threads (yet?) listening to incoming transactions. See ProcessState::startThreadPool and ProcessState::setThreadPoolMaxThreadCount. Generally you should setup the binder threadpool before other initialization steps.
07-04 01:20:11.121  6526  6526 W ProcessState: Extra binder thread started, but 0 threads requested. Do not use *startThreadPool when zero threads are requested.
07-04 01:20:11.137   558   568 E HwcComposer: getLuts failed Status(-8, EX_SERVICE_SPECIFIC): '8: '
07-04 01:20:11.137   558   568 E HWComposer: getLuts: getLuts failed for display 4619827259835644672: UNSUPPORTED (8)
07-04 01:20:11.127     0     0 I servicemanager: Caller(pid=6526,uid=2000,sid=u:r:shell:s0) Found android.hardware.graphics.allocator.IAllocator/default in device VINTF manifest.
07-04 01:20:11.136     0     0 I servicemanager: Caller(pid=6526,uid=2000,sid=u:r:shell:s0) Found android.hardware.graphics.allocator.IAllocator/default in device VINTF manifest.
07-04 01:20:11.139     0     0 I servicemanager: Caller(pid=6526,uid=2000,sid=u:r:shell:s0) Found mapper/ranchu in device VINTF manifest.
07-04 01:20:11.206  1506  3688 W MediaProvider: isAppCloneUserPair for user 0: false
07-04 01:20:11.319   706  1682 I ActivityManager: Broadcasting: Intent { act=android.intent.action.MEDIA_SCANNER_SCAN_FILE dat=file:///... flg=0x400000 }
07-04 01:20:11.321   706  1682 I ActivityManager: Enqueued broadcast Intent { act=android.intent.action.MEDIA_SCANNER_SCAN_FILE dat=file:///... flg=0x400000 }: 0
07-04 01:20:11.322   706   926 D BackgroundInstallControlService: Package event received: 0
07-04 01:20:11.322   706  2114 W JobInfo : Job 'com.google.android.providers.media.module/com.android.providers.media.MediaService#-300' has a deadline with no functional constraints. The deadline won't improve job execution latency. Consider removing the deadline.
07-04 01:20:11.326   706   734 I ActivityManager: Broadcast completed: result=0
07-04 01:20:11.330  1506  1779 I MediaProvider: Begin Intent { act=android.intent.action.MEDIA_SCANNER_SCAN_FILE dat=file:///... flg=0x1400010 cmp=com.google.android.providers.media.module/com.android.providers.media.MediaService }
07-04 01:20:11.344  1506  1779 I MediaProvider: End Intent { act=android.intent.action.MEDIA_SCANNER_SCAN_FILE dat=file:///... flg=0x1400010 cmp=com.google.android.providers.media.module/com.android.providers.media.MediaService }
07-04 01:20:11.355  1506  1818 D WM-SystemJobScheduler: Scheduling work ID a1c96153-4a72-4528-aa3b-0456831847eeJob ID 42
07-04 01:20:11.357  1506  1818 D WM-GreedyScheduler: Ignoring {WorkSpec: b7deacdd-77b4-4f95-8e2e-9470c54412a8}. Requires device idle.
07-04 01:20:11.357  1506  1818 D WM-GreedyScheduler: Ignoring {WorkSpec: 28d75524-0f78-4938-ae95-25d396d3275c}. Requires device idle.
07-04 01:20:11.430  1506  1728 W MediaProvider: Ignoring param:deletedata post U for external apps
07-04 01:20:11.433  1506  1728 I MediaProvider: Deleted 0 1 0 0 0 0 0 items on external_primary due to com.android.shell
07-04 01:20:11.435  3236  3388 I UriTaskContentObserver: Throttling content uri change event for content://media/external/file/68 [CONTEXT service_id=218 ]
07-04 01:20:11.545  6536  6536 D AndroidRuntime: >>>>>> START com.android.internal.os.RuntimeInit uid 2000 <<<<<<
07-04 01:20:11.548  6536  6536 I AndroidRuntime: Using default boot image
07-04 01:20:11.548  6536  6536 I AndroidRuntime: Leaving lock profiling enabled
07-04 01:20:11.550  6536  6536 I app_process: Core platform API reporting enabled, enforcing=false
07-04 01:20:11.550  6536  6536 I app_process: Using CollectorTypeCMC GC.
07-04 01:20:11.612  6536  6536 D nativeloader: InitDefaultPublicLibraries for_preload=1: libandroid.so:libaaudio.so:libamidi.so:libbinder_ndk.so:libc.so:libcamera2ndk.so:libdl.so:libEGL.so:libGLESv1_CM.so:libGLESv2.so:libGLESv3.so:libicu.so:libicui18n.so:libicuuc.so:libjnigraphics.so:liblog.so:libmediandk.so:libm.so:libnativehelper.so:libnativewindow.so:libOpenMAXAL.so:libOpenSLES.so:libRS.so:libstdc++.so:libsync.so:libvulkan.so:libwebviewchromium_plat_support.so:libz.so
07-04 01:20:11.623  6536  6536 D nativeloader: Load libicu_jni.so using APEX ns com_android_art for caller /apex/com.android.art/javalib/core-oj.jar: ok
07-04 01:20:11.624  6536  6536 D app_process: u_setTimeZoneFilesDirectory("/apex/com.android.tzdata/etc/tz/versioned/9/icu") succeeded. 
07-04 01:20:11.624  6536  6536 D app_process: I18n APEX ICU file found: /apex/com.android.i18n/etc/icu/icudt76l.dat
07-04 01:20:11.625  6536  6536 D nativeloader: Load libjavacore.so using APEX ns com_android_art for caller /apex/com.android.art/javalib/core-oj.jar: ok
07-04 01:20:11.626  6536  6536 D nativeloader: Load libopenjdk.so using APEX ns com_android_art for caller /apex/com.android.art/javalib/core-oj.jar: ok
07-04 01:20:11.627  6536  6536 W app_process: Unexpected CPU variant for x86: x86_64.
07-04 01:20:11.627  6536  6536 W app_process: Known variants: atom, sandybridge, silvermont, goldmont, goldmont-plus, goldmont-without-sha-xsaves, tremont, kabylake, alderlake, default
07-04 01:20:11.628  6536  6536 W app_process: ClassLoaderContext shared library size mismatch. Expected=2, found=0 (PCL[]{PCL[/system/framework/android.test.base.jar*2789897741]#PCL[/system/framework/android.test.mock.jar*3361312393]} | PCL[])
07-04 01:20:11.628  6536  6536 W app_process: ClassLoaderContext classpath size mismatch. expected=0, found=1 (PCL[]{PCL[/system/framework/android.test.runner.jar*895143020]#PCL[/system/framework/android.test.base.jar*2789897741]} | PCL[/system/framework/android.test.runner.jar*895143020])
07-04 01:20:11.650  6536  6536 D nativeloader: Load libframework-connectivity-tiramisu-jni.so using APEX ns com_android_tethering for caller /apex/com.android.tethering/javalib/framework-connectivity-t.jar: ok
07-04 01:20:11.650  6536  6536 D AndroidRuntime: Calling main entry com.android.commands.uiautomator.Launcher
07-04 01:20:11.657  6536  6536 I AconfigPackage: android.media.swcodec.flags is mapped to com.android.media.swcodec
07-04 01:20:11.658  6536  6536 I AconfigPackage: com.google.android.settings.simplemode.flags is mapped to system_ext
07-04 01:20:11.658  6536  6536 I AconfigPackage: com.google.android.systemui is mapped to system_ext
07-04 01:20:11.658  6536  6536 I AconfigPackage: com.google.android.apps.nexuslauncher is mapped to system_ext
07-04 01:20:11.658  6536  6536 I AconfigPackage: com.android.settings.accessibility is mapped to system_ext
07-04 01:20:11.658  6536  6536 I AconfigPackage: com.android.settings.flags is mapped to system_ext
07-04 01:20:11.659  6536  6536 I AconfigPackage: com.google.android.apps.miphone.aiai.matchmaker.overview.ui is mapped to system_ext
07-04 01:20:11.659  6536  6536 I AconfigPackage: com.google.android.settings.flags is mapped to system_ext
07-04 01:20:11.659  6536  6536 I AconfigPackage: com.android.launcher3 is mapped to system_ext
07-04 01:20:11.660  6536  6536 I AconfigPackage: com.android.wallpaper is mapped to system_ext
07-04 01:20:11.660  6536  6536 I AconfigPackage: com.android.settings.media_drm is mapped to system_ext
07-04 01:20:11.660  6536  6536 I AconfigPackage: com.android.systemui.accessibility.accessibilitymenu is mapped to system_ext
07-04 01:20:11.660  6536  6536 I AconfigPackage: com.android.settings.keyboard is mapped to system_ext
07-04 01:20:11.660  6536  6536 I AconfigPackage: com.android.server.policy.feature.flags is mapped to system_ext
07-04 01:20:11.660  6536  6536 I AconfigPackage: com.android.settings.factory_reset is mapped to system_ext
07-04 01:20:11.660  6536  6536 I AconfigPackage: com.google.android.haptics.flags is mapped to system_ext
07-04 01:20:11.661  6536  6536 I AconfigPackage: com.android.permission.flags is mapped to com.android.permission
07-04 01:20:11.661  6536  6536 I AconfigPackage: com.android.icu is mapped to com.android.i18n
07-04 01:20:11.662  6536  6536 I AconfigPackage: com.android.appsearch.flags is mapped to com.android.appsearch
07-04 01:20:11.662  6536  6536 I AconfigPackage: android.uprobestats.mainline.flags is mapped to com.android.uprobestats
07-04 01:20:11.662  6536  6536 I AconfigPackage: android.provider.flags is mapped to com.android.configinfrastructure
07-04 01:20:11.663  6536  6536 I AconfigPackage: com.android.server.deviceconfig is mapped to com.android.configinfrastructure
07-04 01:20:11.663  6536  6536 I AconfigPackage: com.android.nfc.flags is mapped to system
07-04 01:20:11.663  6536  6536 I AconfigPackage: android.app.admin.flags is mapped to system
07-04 01:20:11.663  6536  6536 I AconfigPackage: android.database.sqlite is mapped to system
07-04 01:20:11.663  6536  6536 I AconfigPackage: com.android.providers.calendar is mapped to system
07-04 01:20:11.664  6536  6536 I AconfigPackage: com.android.server.power.feature.flags is mapped to system
07-04 01:20:11.664  6536  6536 I AconfigPackage: com.android.media.performance.flags is mapped to system
07-04 01:20:11.664  6536  6536 I AconfigPackage: android.app.contextualsearch.flags is mapped to system
07-04 01:20:11.664  6536  6536 I AconfigPackage: android.app.ondeviceintelligence.flags is mapped to system
07-04 01:20:11.664  6536  6536 I AconfigPackage: com.android.media.projection.flags is mapped to system
07-04 01:20:11.664  6536  6536 I AconfigPackage: android.companion is mapped to system
07-04 01:20:11.665  6536  6536 I AconfigPackage: android.service.controls.flags is mapped to system
07-04 01:20:11.665  6536  6536 I AconfigPackage: com.android.text.flags is mapped to system
07-04 01:20:11.666  6536  6536 I AconfigPackage: com.android.providers.contactkeys.flags is mapped to system
07-04 01:20:11.666  6536  6536 I AconfigPackage: com.android.intentresolver is mapped to system
07-04 01:20:11.666  6536  6536 I AconfigPackage: android.companion.virtualdevice.flags is mapped to system
07-04 01:20:11.666  6536  6536 I AconfigPackage: android.uprobestats.flags is mapped to system
07-04 01:20:11.667  6536  6536 I AconfigPackage: com.android.net.thread.platform.flags is mapped to system
07-04 01:20:11.667  6536  6536 I AconfigPackage: android.view.contentprotection.flags is mapped to system
07-04 01:20:11.667  6536  6536 I AconfigPackage: com.android.server.dreams is mapped to system
07-04 01:20:11.667  6536  6536 I AconfigPackage: com.android.graphics.surfaceflinger.flags is mapped to system
07-04 01:20:11.667  6536  6536 I AconfigPackage: com.android.hardware.input is mapped to system
07-04 01:20:11.667  6536  6536 I AconfigPackage: android.sdk is mapped to system
07-04 01:20:11.667  6536  6536 I AconfigPackage: com.android.input.flags is mapped to system
07-04 01:20:11.667  6536  6536 I AconfigPackage: android.tracing is mapped to system
07-04 01:20:11.667  6536  6536 I AconfigPackage: com.android.server.biometrics is mapped to system
07-04 01:20:11.667  6536  6536 I AconfigPackage: android.view.contentcapture.flags is mapped to system
07-04 01:20:11.667  6536  6536 I AconfigPackage: android.app.job is mapped to system
07-04 01:20:11.667  6536  6536 I AconfigPackage: android.content.res is mapped to system
07-04 01:20:11.667  6536  6536 I AconfigPackage: android.net.platform.flags is mapped to system
07-04 01:20:11.667  6536  6536 I AconfigPackage: com.android.aconfig.flags is mapped to system
07-04 01:20:11.668  6536  6536 I AconfigPackage: com.android.graphics.flags is mapped to system
07-04 01:20:11.668  6536  6536 I AconfigPackage: android.server.app is mapped to system
07-04 01:20:11.668  6536  6536 I AconfigPackage: android.speech.flags is mapped to system
07-04 01:20:11.668  6536  6536 I AconfigPackage: com.android.server.stats is mapped to system
07-04 01:20:11.668  6536  6536 I AconfigPackage: android.hardware.biometrics is mapped to system
07-04 01:20:11.668  6536  6536 I AconfigPackage: android.car.feature is mapped to system
07-04 01:20:11.668  6536  6536 I AconfigPackage: android.adpf is mapped to system
07-04 01:20:11.668  6536  6536 I AconfigPackage: android.location.flags is mapped to system
07-04 01:20:11.668  6536  6536 I AconfigPackage: com.android.settingslib.flags is mapped to system
07-04 01:20:11.668  6536  6536 I AconfigPackage: com.android.managedprovisioning.flags is mapped to system
07-04 01:20:11.668  6536  6536 I AconfigPackage: android.app.assist.flags is mapped to system
07-04 01:20:11.669  6536  6536 I AconfigPackage: com.android.server.net is mapped to system
07-04 01:20:11.669  6536  6536 I AconfigPackage: com.android.settingslib.widget.flags is mapped to system
07-04 01:20:11.669  6536  6536 I AconfigPackage: com.android.internal.camera.flags is mapped to system
07-04 01:20:11.669  6536  6536 I AconfigPackage: com.android.hardware.libsensor.flags is mapped to system
07-04 01:20:11.669  6536  6536 I AconfigPackage: com.android.internal.jank is mapped to system
07-04 01:20:11.669  6536  6536 I AconfigPackage: com.android.providers.settings is mapped to system
07-04 01:20:11.669  6536  6536 I AconfigPackage: android.multiuser is mapped to system
07-04 01:20:11.670  6536  6536 I AconfigPackage: com.android.server.power.optimization is mapped to system
07-04 01:20:11.670  6536  6536 I AconfigPackage: com.android.calllogbackup is mapped to system
07-04 01:20:11.670  6536  6536 I AconfigPackage: com.android.media.flags is mapped to system
07-04 01:20:11.670  6536  6536 I AconfigPackage: com.android.server.flags is mapped to system
07-04 01:20:11.670  6536  6536 I AconfigPackage: com.android.graphics.libvulkan.flags is mapped to system
07-04 01:20:11.670  6536  6536 I AconfigPackage: android.app.appfunctions.flags is mapped to system
07-04 01:20:11.670  6536  6536 I AconfigPackage: android.app.smartspace.flags is mapped to system
07-04 01:20:11.671  6536  6536 I AconfigPackage: com.android.providers.contacts.flags is mapped to system
07-04 01:20:11.671  6536  6536 I AconfigPackage: com.android.shell.flags is mapped to system
07-04 01:20:11.671  6536  6536 I AconfigPackage: com.android.media.aaudio is mapped to system
07-04 01:20:11.671  6536  6536 I AconfigPackage: android.hardware.radio is mapped to system
07-04 01:20:11.671  6536  6536 I AconfigPackage: com.google.wear.services.infra.flags is mapped to system
07-04 01:20:11.671  6536  6536 I AconfigPackage: suspend_service.flags is mapped to system
07-04 01:20:11.671  6536  6536 I AconfigPackage: android.media.midi is mapped to system
07-04 01:20:11.671  6536  6536 I AconfigPackage: com.android.libcore.readonly is mapped to system
07-04 01:20:11.671  6536  6536 I AconfigPackage: com.android.settingslib.widget.selectorwithwidgetpreference.flags is mapped to system
07-04 01:20:11.671  6536  6536 I AconfigPackage: android.service.notification is mapped to system
07-04 01:20:11.671  6536  6536 I AconfigPackage: com.android.systemui.shared is mapped to system
07-04 01:20:11.672  6536  6536 I AconfigPackage: android.app.jank is mapped to system
07-04 01:20:11.672  6536  6536 I AconfigPackage: android.app.wearable is mapped to system
07-04 01:20:11.672  6536  6536 I AconfigPackage: com.android.media.audio is mapped to system
07-04 01:20:11.672  6536  6536 I AconfigPackage: android.service.chooser is mapped to system
07-04 01:20:11.672  6536  6536 I AconfigPackage: com.android.server.compat is mapped to system
07-04 01:20:11.672  6536  6536 I AconfigPackage: com.android.server.alarm is mapped to system
07-04 01:20:11.672  6536  6536 I AconfigPackage: com.android.apex.flags is mapped to system
07-04 01:20:11.672  6536  6536 I AconfigPackage: android.service.quickaccesswallet is mapped to system
07-04 01:20:11.672  6536  6536 I AconfigPackage: android.app.usage is mapped to system
07-04 01:20:11.672  6536  6536 I AconfigPackage: com.android.server.accessibility is mapped to system
07-04 01:20:11.672  6536  6536 I AconfigPackage: android.app.supervision.flags is mapped to system
07-04 01:20:11.673  6536  6536 I AconfigPackage: com.android.server.utils is mapped to system
07-04 01:20:11.673  6536  6536 I AconfigPackage: android.chre.flags is mapped to system
07-04 01:20:11.673  6536  6536 I AconfigPackage: android.content.flags is mapped to system
07-04 01:20:11.673  6536  6536 I AconfigPackage: android.media.codec is mapped to system
07-04 01:20:11.674  6536  6536 I AconfigPackage: com.android.internal.os is mapped to system
07-04 01:20:11.674  6536  6536 I AconfigPackage: com.android.nfc.nci.flags is mapped to system
07-04 01:20:11.674  6536  6536 I AconfigPackage: android.app is mapped to system
07-04 01:20:11.674  6536  6536 I AconfigPackage: android.security.keystore2 is mapped to system
07-04 01:20:11.674  6536  6536 I AconfigPackage: android.crashrecovery.flags is mapped to system
07-04 01:20:11.675  6536  6536 I AconfigPackage: com.android.tradeinmode.flags is mapped to system
07-04 01:20:11.675  6536  6536 I AconfigPackage: android.hardware.flags is mapped to system
07-04 01:20:11.675  6536  6536 I AconfigPackage: com.android.server.telecom.flags is mapped to system
07-04 01:20:11.675  6536  6536 I AconfigPackage: com.android.settingslib.media.flags is mapped to system
07-04 01:20:11.675  6536  6536 I AconfigPackage: com.android.server.policy is mapped to system
07-04 01:20:11.675  6536  6536 I AconfigPackage: android.media.audiopolicy is mapped to system
07-04 01:20:11.675  6536  6536 I AconfigPackage: com.android.egg.flags is mapped to system
07-04 01:20:11.676  6536  6536 I AconfigPackage: com.android.internal.compat.flags is mapped to system
07-04 01:20:11.676  6536  6536 I AconfigPackage: android.security is mapped to system
07-04 01:20:11.676  6536  6536 I AconfigPackage: android.service.autofill is mapped to system
07-04 01:20:11.676  6536  6536 I AconfigPackage: com.example.android.aconfig.demo.flags is mapped to system
07-04 01:20:11.676  6536  6536 I AconfigPackage: android.view.flags is mapped to system
07-04 01:20:11.676  6536  6536 I AconfigPackage: android.companion.virtual.flags is mapped to system
07-04 01:20:11.676  6536  6536 I AconfigPackage: com.android.aconfig_new_storage is mapped to system
07-04 01:20:11.676  6536  6536 I AconfigPackage: com.android.server.feature.flags is mapped to system
07-04 01:20:11.677  6536  6536 I AconfigPackage: com.android.systemui is mapped to system
07-04 01:20:11.677  6536  6536 I AconfigPackage: com.android.server.power.batterysaver is mapped to system
07-04 01:20:11.677  6536  6536 I AconfigPackage: android.widget.flags is mapped to system
07-04 01:20:11.677  6536  6536 I AconfigPackage: com.android.media.editing.flags is mapped to system
07-04 01:20:11.677  6536  6536 I AconfigPackage: com.android.media.codec.flags is mapped to system
07-04 01:20:11.677  6536  6536 I AconfigPackage: com.android.server.powerstats is mapped to system
07-04 01:20:11.677  6536  6536 I AconfigPackage: com.android.graphics.egl.flags is mapped to system
07-04 01:20:11.677  6536  6536 I AconfigPackage: com.android.media.audioserver is mapped to system
07-04 01:20:11.678  6536  6536 I AconfigPackage: com.android.server.deviceidle is mapped to system
07-04 01:20:11.678  6536  6536 I AconfigPackage: android.nfc is mapped to system
07-04 01:20:11.678  6536  6536 I AconfigPackage: android.permission.flags is mapped to system
07-04 01:20:11.678  6536  6536 I AconfigPackage: android.service.voice.flags is mapped to system
07-04 01:20:11.678  6536  6536 I AconfigPackage: android.content.pm is mapped to system
07-04 01:20:11.678  6536  6536 I AconfigPackage: com.android.server.power.hint is mapped to system
07-04 01:20:11.678  6536  6536 I AconfigPackage: android.os is mapped to system
07-04 01:20:11.678  6536  6536 I AconfigPackage: android.service.dreams is mapped to system
07-04 01:20:11.678  6536  6536 I AconfigPackage: com.android.graphics.libgui.flags is mapped to system
07-04 01:20:11.678  6536  6536 I AconfigPackage: android.hardware.usb.flags is mapped to system
07-04 01:20:11.679  6536  6536 I AconfigPackage: android.provider is mapped to system
07-04 01:20:11.679  6536  6536 I AconfigPackage: com.android.server.job is mapped to system
07-04 01:20:11.679  6536  6536 I AconfigPackage: com.android.internal.foldables.flags is mapped to system
07-04 01:20:11.679  6536  6536 I AconfigPackage: com.android.internal.telephony.flags is mapped to system
07-04 01:20:11.679  6536  6536 I AconfigPackage: android.webkit is mapped to system
07-04 01:20:11.679  6536  6536 I AconfigPackage: android.credentials.flags is mapped to system
07-04 01:20:11.679  6536  6536 I AconfigPackage: com.android.server.display.feature.flags is mapped to system
07-04 01:20:11.680  6536  6536 I AconfigPackage: com.android.server.notification is mapped to system
07-04 01:20:11.680  6536  6536 I AconfigPackage: android.appwidget.flags is mapped to system
07-04 01:20:11.680  6536  6536 I AconfigPackage: com.android.frameworks.sensorservice.flags is mapped to system
07-04 01:20:11.680  6536  6536 I AconfigPackage: com.android.printspooler.flags is mapped to system
07-04 01:20:11.680  6536  6536 I AconfigPackage: com.android.window.flags is mapped to system
07-04 01:20:11.680  6536  6536 I AconfigPackage: android.adaptiveauth is mapped to system
07-04 01:20:11.680  6536  6536 I AconfigPackage: android.net.wifi.flags is mapped to system
07-04 01:20:11.680  6536  6536 I AconfigPackage: android.media.tv.flags is mapped to system
07-04 01:20:11.680  6536  6536 I AconfigPackage: com.android.server.usb.flags is mapped to system
07-04 01:20:11.680  6536  6536 I AconfigPackage: android.os.vibrator is mapped to system
07-04 01:20:11.680  6536  6536 I AconfigPackage: android.hardware.devicestate.feature.flags is mapped to system
07-04 01:20:11.680  6536  6536 I AconfigPackage: com.android.server.usage is mapped to system
07-04 01:20:11.680  6536  6536 I AconfigPackage: android.server is mapped to system
07-04 01:20:11.681  6536  6536 I AconfigPackage: com.android.wm.shell is mapped to system
07-04 01:20:11.681  6536  6536 I AconfigPackage: android.view.inputmethod is mapped to system
07-04 01:20:11.681  6536  6536 I AconfigPackage: com.android.graphics.hwui.flags is mapped to system
07-04 01:20:11.681  6536  6536 I AconfigPackage: com.android.server.backup is mapped to system
07-04 01:20:11.681  6536  6536 I AconfigPackage: com.android.internal.pm.pkg.component.flags is mapped to system
07-04 01:20:11.681  6536  6536 I AconfigPackage: android.view.accessibility is mapped to system
07-04 01:20:11.681  6536  6536 I AconfigPackage: com.google.wear.sdk is mapped to system
07-04 01:20:11.682  6536  6536 I AconfigPackage: android.media.audio is mapped to system
07-04 01:20:11.682  6536  6536 I AconfigPackage: com.android.server.am is mapped to system
07-04 01:20:11.682  6536  6536 I AconfigPackage: com.android.media.playback.flags is mapped to system
07-04 01:20:11.683  6536  6536 I AconfigPackage: com.android.art.flags is mapped to com.android.art
07-04 01:20:11.683  6536  6536 I AconfigPackage: com.android.libcore is mapped to com.android.art
07-04 01:20:11.683  6536  6536 I AconfigPackage: com.android.media.extractor.flags is mapped to com.android.media
07-04 01:20:11.684  6536  6536 I AconfigPackage: com.android.media.mainline.flags is mapped to com.android.media
07-04 01:20:11.684  6536  6536 I AconfigPackage: com.android.wifi.flags is mapped to com.android.wifi
07-04 01:20:11.684  6536  6536 I AconfigPackage: com.android.org.conscrypt.flags is mapped to com.android.conscrypt
07-04 01:20:11.685  6536  6536 I AconfigPackage: com.android.healthfitness.flags is mapped to com.android.healthfitness
07-04 01:20:11.686  6536  6536 I AconfigPackage: com.google.android.input.twoshay.flags is mapped to vendor
07-04 01:20:11.686  6536  6536 I AconfigPackage: libgooglecamerahal.flags is mapped to vendor
07-04 01:20:11.686  6536  6536 I AconfigPackage: com.android.ipsec.flags is mapped to com.android.ipsec
07-04 01:20:11.686  6536  6536 I AconfigPackage: com.android.nfc.module.flags is mapped to com.android.nfcservices
07-04 01:20:11.686  6536  6536 I AconfigPackage: com.android.adservices.ondevicepersonalization.flags is mapped to com.android.ondevicepersonalization
07-04 01:20:11.687  6536  6536 I AconfigPackage: com.android.bluetooth.flags is mapped to com.android.bt
07-04 01:20:11.687  6536  6536 I AconfigPackage: com.android.devicelock.flags is mapped to com.android.devicelock
07-04 01:20:11.687  6536  6536 I AconfigPackage: android.os.profiling is mapped to com.android.profiling
07-04 01:20:11.687  6536  6536 I AconfigPackage: com.android.os.statsd.flags is mapped to com.android.os.statsd
07-04 01:20:11.687  6536  6536 I AconfigPackage: com.android.cellbroadcastreceiver.flags is mapped to com.android.cellbroadcast
07-04 01:20:11.687  6536  6536 I AconfigPackage: com.android.adservices.flags is mapped to com.android.adservices
07-04 01:20:11.688  6536  6536 I AconfigPackage: com.android.sdksandbox.flags is mapped to com.android.adservices
07-04 01:20:11.688  6536  6536 I AconfigPackage: com.android.uwb.flags is mapped to com.android.uwb
07-04 01:20:11.688  6536  6536 I AconfigPackage: com.android.ranging.flags is mapped to com.android.uwb
07-04 01:20:11.688  6536  6536 I AconfigPackage: android.graphics.pdf.flags is mapped to com.android.mediaprovider
07-04 01:20:11.688  6536  6536 I AconfigPackage: com.android.providers.media.flags is mapped to com.android.mediaprovider
07-04 01:20:11.688  6536  6536 I AconfigPackage: android.graphics.pdf.flags.readonly is mapped to com.android.mediaprovider
07-04 01:20:11.688  6536  6536 I AconfigPackage: com.android.net.ct.flags is mapped to com.android.tethering
07-04 01:20:11.688  6536  6536 I AconfigPackage: com.android.net.flags is mapped to com.android.tethering
07-04 01:20:11.688  6536  6536 I AconfigPackage: android.net.vcn is mapped to com.android.tethering
07-04 01:20:11.688  6536  6536 I AconfigPackage: com.android.nearby.flags is mapped to com.android.tethering
07-04 01:20:11.688  6536  6536 I AconfigPackage: android.net.http is mapped to com.android.tethering
07-04 01:20:11.688  6536  6536 I AconfigPackage: com.android.net.thread.flags is mapped to com.android.tethering
07-04 01:20:11.689  6536  6536 I AconfigPackage: com.android.system.virtualmachine.flags is mapped to com.android.virt
07-04 01:20:11.689  6536  6536 E FeatureFlagsImplExport: android.os.flagging.AconfigStorageReadException: ERROR_PACKAGE_NOT_FOUND: package android.xr cannot be found on the device
07-04 01:20:11.695  6536  6536 D UiAutomationConnection: Created on user UserHandle{0}
07-04 01:20:11.695  6536  6536 I UiAutomation: Initialized for user 0 on display 0
07-04 01:20:11.695  6536  6536 W UiAutomation: Created with deprecatead constructor, assumes DEFAULT_DISPLAY
07-04 01:20:11.697   706  2069 D AccessibilityManagerService: changeCurrentUserForTestAutomationIfNeededLocked(0): ignoring because device doesn't support visible background users
07-04 01:20:11.699   706  2069 I UiAutomationManager: Registering UiTestAutomationService (id=com.android.server.accessibility/UiAutomation, flags=0x0) when called by user 0
07-04 01:20:11.700   706  2069 V AccessibilityManagerService: onUserStateChangedLocked for userId: 0, forceUpdate: false
07-04 01:20:11.702   706  2069 W MagnificationConnectionManager: requestConnection duplicated request: connect=false, mConnectionState=DISCONNECTED
07-04 01:20:11.702  1528  1937 I AiAiEcho: Settings changed for uri: content://settings/secure/accessibility_enabled
07-04 01:20:11.703  1528  1766 I AiAiEcho: Predicting[0]:  [CONTEXT sampling_count=5 ]
07-04 01:20:11.703  1528  1766 I AiAiEcho: EchoTargets: 
07-04 01:20:11.703  1528  1766 I AiAiEcho: Filtered by AiAi flag check: 
07-04 01:20:11.703  1528  1766 I AiAiEcho: [CONTEXT ratelimit_period="10 SECONDS" ]
07-04 01:20:11.703  1528  1766 I AiAiEcho: #remoteViewsTwiddler: feature disabled.
07-04 01:20:11.703   706   706 W IPCThreadState: Sending oneway calls to frozen process.
07-04 01:20:11.703  1528  1766 I AiAiEcho: Predicting[0]:  [CONTEXT sampling_count=5 ]
07-04 01:20:11.703   706   706 W IPCThreadState: Sending oneway calls to frozen process.
07-04 01:20:11.704   706   706 W IPCThreadState: Sending oneway calls to frozen process.
07-04 01:20:11.704  1528  1766 I AiAiEcho: EchoTargets: 
07-04 01:20:11.704  1528  1766 I AiAiEcho: Filtered by AiAi flag check: 
07-04 01:20:11.704  1528  1766 I AiAiEcho: [CONTEXT ratelimit_period="10 SECONDS" ]
07-04 01:20:11.704   706   706 W IPCThreadState: Sending oneway calls to frozen process.
07-04 01:20:11.704   706   706 W IPCThreadState: Sending oneway calls to frozen process.
07-04 01:20:11.704  1528  1766 I AiAiEcho: #remoteViewsTwiddler: feature disabled.
07-04 01:20:11.704   706   706 W IPCThreadState: Sending oneway calls to frozen process.
07-04 01:20:11.704   706   706 W IPCThreadState: Sending oneway calls to frozen process.
07-04 01:20:11.704   706   706 W IPCThreadState: Sending oneway calls to frozen process.
07-04 01:20:11.705   706   706 W IPCThreadState: Sending oneway calls to frozen process.
07-04 01:20:11.705  1528  1766 I AiAiEcho: #postPredictionTargets: Sending updates to UISurface lockscreen with targets# 0 (types=[])
07-04 01:20:11.705   706   706 W IPCThreadState: Sending oneway calls to frozen process.
07-04 01:20:11.705   706   706 W IPCThreadState: Sending oneway calls to frozen process.
07-04 01:20:11.705   706   706 W IPCThreadState: Sending oneway calls to frozen process.
07-04 01:20:11.705   706   706 W IPCThreadState: Sending oneway calls to frozen process.
07-04 01:20:11.705   706   706 W IPCThreadState: Sending oneway calls to frozen process.
07-04 01:20:11.705   706   706 W IPCThreadState: Sending oneway calls to frozen process.
07-04 01:20:11.706   706   706 W IPCThreadState: Sending oneway calls to frozen process.
07-04 01:20:11.706   706   706 W IPCThreadState: Sending oneway calls to frozen process.
07-04 01:20:11.706   706   706 W IPCThreadState: Sending oneway calls to frozen process.
07-04 01:20:11.706   706   706 W IPCThreadState: Sending oneway calls to frozen process.
07-04 01:20:11.706   706   706 W IPCThreadState: Sending oneway calls to frozen process.
07-04 01:20:11.706   706   706 W IPCThreadState: Sending oneway calls to frozen process.
07-04 01:20:11.706   706   706 W IPCThreadState: Sending oneway calls to frozen process.
07-04 01:20:11.706   706   706 W IPCThreadState: Sending oneway calls to frozen process.
07-04 01:20:11.707   706   706 W IPCThreadState: Sending oneway calls to frozen process.
07-04 01:20:11.706   967   967 W PageIndicator: Total number of pages invalid: 0. Assuming 1 page.
07-04 01:20:11.707   706   706 W IPCThreadState: Sending oneway calls to frozen process.
07-04 01:20:11.707  1528  1766 I AiAiEcho: #postPredictionTargets: Sending updates to UISurface home with targets# 0 (types=[])
07-04 01:20:11.708  6536  6548 V UiAutomation: Init UiAutomation@c0d25fb[id=42, displayId=0, flags=0]
07-04 01:20:11.709   706   706 W IPCThreadState: Sending oneway calls to frozen process.
07-04 01:20:11.709   706   706 W IPCThreadState: Sending oneway calls to frozen process.
07-04 01:20:11.709   706  2114 V AccessibilityManagerService: onUserStateChangedLocked for userId: 0, forceUpdate: false
07-04 01:20:11.709   706   706 W IPCThreadState: Sending oneway calls to frozen process.
07-04 01:20:11.710   706   706 W IPCThreadState: Sending oneway calls to frozen process.
07-04 01:20:11.710   706   706 W IPCThreadState: Sending oneway calls to frozen process.
07-04 01:20:11.710   706   706 D BatterySaverPolicy: accessibility changed to true, updating policy.
07-04 01:20:11.712  1129  1129 D SsBaseTemplateCard: No text view can be set up
07-04 01:20:11.712  1129  1129 D SsBaseTemplateCard: Passed-in item info is null
07-04 01:20:11.713  1129  1129 D SsBaseTemplateCard: Passed-in item info is null
07-04 01:20:11.713  1129  1129 D SsBaseTemplateCard: Passed-in item info is null
07-04 01:20:11.713  1129  1129 I SsBaseTemplateCard: Secondary card pane is null
07-04 01:20:11.716   706  2114 W MagnificationConnectionManager: requestConnection duplicated request: connect=false, mConnectionState=DISCONNECTED
07-04 01:20:11.716  1528  1937 I AiAiEcho: Settings changed for uri: content://settings/secure/accessibility_enabled
07-04 01:20:11.717  1528  1766 I AiAiEcho: Predicting[0]:  [CONTEXT sampling_count=5 ]
07-04 01:20:11.718  1528  1766 I AiAiEcho: EchoTargets: 
07-04 01:20:11.718  1528  1766 I AiAiEcho: Filtered by AiAi flag check: 
07-04 01:20:11.718  1528  1766 I AiAiEcho: [CONTEXT ratelimit_period="10 SECONDS" ]
07-04 01:20:11.718   706   706 W IPCThreadState: Sending oneway calls to frozen process.
07-04 01:20:11.718   706   706 W IPCThreadState: Sending oneway calls to frozen process.
07-04 01:20:11.718   706   706 W IPCThreadState: Sending oneway calls to frozen process.
07-04 01:20:11.719   706   706 W IPCThreadState: Sending oneway calls to frozen process.
07-04 01:20:11.719  1528  1766 I AiAiEcho: #remoteViewsTwiddler: feature disabled.
07-04 01:20:11.719   706   706 W IPCThreadState: Sending oneway calls to frozen process.
07-04 01:20:11.719  1528  1766 I AiAiEcho: Predicting[0]:  [CONTEXT sampling_count=5 ]
07-04 01:20:11.719  1528  1766 I AiAiEcho: EchoTargets: 
07-04 01:20:11.719  1528  1766 I AiAiEcho: Filtered by AiAi flag check: 
07-04 01:20:11.719  1528  1766 I AiAiEcho: [CONTEXT ratelimit_period="10 SECONDS" ]
07-04 01:20:11.719   706   706 W IPCThreadState: Sending oneway calls to frozen process.
07-04 01:20:11.719   706   706 W IPCThreadState: Sending oneway calls to frozen process.
07-04 01:20:11.719  1528  1766 I AiAiEcho: #remoteViewsTwiddler: feature disabled.
07-04 01:20:11.719   706   706 W IPCThreadState: Sending oneway calls to frozen process.
07-04 01:20:11.719   706   706 W IPCThreadState: Sending oneway calls to frozen process.
07-04 01:20:11.719   706   706 W IPCThreadState: Sending oneway calls to frozen process.
07-04 01:20:11.720   706   706 W IPCThreadState: Sending oneway calls to frozen process.
07-04 01:20:11.720   706   706 W IPCThreadState: Sending oneway calls to frozen process.
07-04 01:20:11.720  1528  1766 I AiAiEcho: #postPredictionTargets: Sending updates to UISurface lockscreen with targets# 0 (types=[])
07-04 01:20:11.720   706   706 W IPCThreadState: Sending oneway calls to frozen process.
07-04 01:20:11.720   706   706 W IPCThreadState: Sending oneway calls to frozen process.
07-04 01:20:11.720   706   706 W IPCThreadState: Sending oneway calls to frozen process.
07-04 01:20:11.720   706   706 W IPCThreadState: Sending oneway calls to frozen process.
07-04 01:20:11.720  1528  1766 I AiAiEcho: #postPredictionTargets: Sending updates to UISurface home with targets# 0 (types=[])
07-04 01:20:11.720   706   706 W IPCThreadState: Sending oneway calls to frozen process.
07-04 01:20:11.720   706   706 W IPCThreadState: Sending oneway calls to frozen process.
07-04 01:20:11.720   706   706 W IPCThreadState: Sending oneway calls to frozen process.
07-04 01:20:11.721  1129  1129 D SsBaseTemplateCard: No text view can be set up
07-04 01:20:11.721  1129  1129 D SsBaseTemplateCard: Passed-in item info is null
07-04 01:20:11.721  1129  1129 D SsBaseTemplateCard: Passed-in item info is null
07-04 01:20:11.722  1129  1129 D SsBaseTemplateCard: Passed-in item info is null
07-04 01:20:11.722  1129  1129 I SsBaseTemplateCard: Secondary card pane is null
07-04 01:20:11.724   706   706 W IPCThreadState: Sending oneway calls to frozen process.
07-04 01:20:11.726   967   967 W PageIndicator: Total number of pages invalid: 0. Assuming 1 page.
07-04 01:20:11.828   706   742 W IPCThreadState: Sending oneway calls to frozen process.
07-04 01:20:12.433   706   871 D WifiClientModeImpl[23202:wlan0]: updateLinkLayerStatsRssiSpeedFrequencyCapabilities rssi=-50 TxLinkspeed=1 freq=2447 RxLinkSpeed=2
07-04 01:20:12.434   706   871 D WifiDataStall: tx tput in kbps: 11000
07-04 01:20:12.434   706   871 D WifiDataStall: rx tput in kbps: 11000
07-04 01:20:12.434   706   871 V WifiConfigManager: Updating scan detail cache freq=2447 BSSID=00:13:10:85:fe:01 RSSI=-50 for "AndroidWifi"NONE
07-04 01:20:12.434   706   871 D WifiThroughputPredictor:  utilization (LLS) 80 isBluetoothConnected: false final utilization: 80
07-04 01:20:12.434   706   871 D WifiThroughputPredictor:  BW: 0 RSSI: -50 Nss: 1 Mode: 1 symDur: 4000 snrDb 30 bitPerTone: 4500 rate: 54 throughput: 11
07-04 01:20:12.434   706   871 D WifiThroughputPredictor:  utilization (LLS) 80 isBluetoothConnected: false final utilization: 80
07-04 01:20:12.434   706   871 D WifiThroughputPredictor:  BW: 0 RSSI: -50 Nss: 1 Mode: 1 symDur: 4000 snrDb 30 bitPerTone: 4500 rate: 54 throughput: 11
07-04 01:20:12.434   706   871 D WifiThroughputPredictor:  utilization (LLS) 80 isBluetoothConnected: false final utilization: 80
07-04 01:20:12.435   706   871 D WifiThroughputPredictor:  BW: 0 RSSI: -50 Nss: 1 Mode: 1 symDur: 4000 snrDb 30 bitPerTone: 4500 rate: 54 throughput: 11
07-04 01:20:12.435   706   871 D WifiThroughputPredictor:  utilization (LLS) 80 isBluetoothConnected: false final utilization: 80
07-04 01:20:12.435   706   871 D WifiThroughputPredictor:  BW: 0 RSSI: -50 Nss: 1 Mode: 1 symDur: 4000 snrDb 30 bitPerTone: 4500 rate: 54 throughput: 11
07-04 01:20:12.435   706   871 D WifiScoreCard: BSSID update SIGNAL_POLL ID: 2146055532 SSID: "AndroidWifi", BSSID: 00:13:10:85:fe:01, MAC: 02:15:b4:00:00:00, IP: /10.0.2.17, Security type: 0, Supplicant state: COMPLETED, Wi-Fi standard: legacy, RSSI: -50, Link speed: 1Mbps, Tx Link speed: 1Mbps, Max Supported Tx Link speed: 11Mbps, Rx Link speed: 2Mbps, Max Supported Rx Link speed: 11Mbps, Frequency: 2447MHz, Net ID: 0, Metered hint: false, score: 60, isUsable: true, CarrierMerged: false, SubscriptionId: -1, IsPrimary: 1, Trusted: true, Restricted: false, Ephemeral: false, OEM paid: false, OEM private: false, OSU AP: false, FQDN: <none>, Provider friendly name: <none>, Requesting package name: <none>"AndroidWifi"openMLO Information: , Is TID-To-Link negotiation supported by the AP: false, AP MLD Address: <none>, AP MLO Link Id: <none>, AP MLO Affiliated links: <none>, Vendor Data: <none>
07-04 01:20:12.435   706   871 D WifiScoreCard: txRate: 1 txSpeed: 1
07-04 01:20:12.435   706   871 D WifiScoreCard: network update SIGNAL_POLL "AndroidWifi" ID: 290235138 RSSI -50 txSpeed -1
07-04 01:20:12.436   706   871 D WifiClientModeImpl[23202:wlan0]:  ClientModeImpl$L2ConnectedState screen=on 1 0 "AndroidWifi" 00:13:10:85:fe:01 rssi=-50 f=2447 sc=60 link=1 tx=0.0, 0.0, 0.0 rx=0.3 bcn=0 [on:0 tx:0 rx:0 period:3005] from screen [on:0 period:712984596] score=60
07-04 01:20:12.748  1506  1728 W MediaProvider: isAppCloneUserPair for user 0: false
07-04 01:20:12.754  6536  6536 W AccessibilityNodeInfoDumper: Fetch time: 9ms
07-04 01:20:12.756   706  1212 V AccessibilityManagerService: onUserStateChangedLocked for userId: 0, forceUpdate: false
07-04 01:20:12.758  1528  1937 I AiAiEcho: Settings changed for uri: content://settings/secure/accessibility_enabled
07-04 01:20:12.758   706  1212 W MagnificationConnectionManager: requestConnection duplicated request: connect=false, mConnectionState=DISCONNECTED
07-04 01:20:12.758  1528  1766 I AiAiEcho: Predicting[0]:  [CONTEXT sampling_count=5 ]
07-04 01:20:12.758   706  1212 D AccessibilityManagerService: restoreCurrentUserForTestAutomationIfNeededLocked(): ignoring because device doesn't support visible background users
07-04 01:20:12.758  1528  1766 I AiAiEcho: EchoTargets: 
07-04 01:20:12.758  1528  1766 I AiAiEcho: Filtered by AiAi flag check: 
07-04 01:20:12.758  1528  1766 I AiAiEcho: [CONTEXT ratelimit_period="10 SECONDS" ]
07-04 01:20:12.759  1528  1766 I AiAiEcho: #remoteViewsTwiddler: feature disabled.
07-04 01:20:12.759   706   706 W IPCThreadState: Sending oneway calls to frozen process.
07-04 01:20:12.760  1528  1766 I AiAiEcho: Predicting[0]:  [CONTEXT sampling_count=5 ]
07-04 01:20:12.760   706   706 W IPCThreadState: Sending oneway calls to frozen process.
07-04 01:20:12.760   706   706 W IPCThreadState: Sending oneway calls to frozen process.
07-04 01:20:12.760  1528  1766 I AiAiEcho: EchoTargets: 
07-04 01:20:12.760  1528  1766 I AiAiEcho: Filtered by AiAi flag check: 
07-04 01:20:12.760  1528  1766 I AiAiEcho: [CONTEXT ratelimit_period="10 SECONDS" ]
07-04 01:20:12.761  6536  6536 D AndroidRuntime: Shutting down VM
07-04 01:20:12.761   706   706 W IPCThreadState: Sending oneway calls to frozen process.
07-04 01:20:12.761  6536  6549 W IPCThreadState: call to talkWithDriver in joinThreadPool returned error: -9 (Bad file descriptor), FD: -1
07-04 01:20:12.761  6536  6546 W IPCThreadState: call to talkWithDriver in joinThreadPool returned error: -9 (Bad file descriptor), FD: -1
07-04 01:20:12.761   706   706 W IPCThreadState: Sending oneway calls to frozen process.
07-04 01:20:12.761   706   706 W IPCThreadState: Sending oneway calls to frozen process.
07-04 01:20:12.762   706   706 W IPCThreadState: Sending oneway calls to frozen process.
07-04 01:20:12.762   706   706 W IPCThreadState: Sending oneway calls to frozen process.
07-04 01:20:12.762  1528  1766 I AiAiEcho: #remoteViewsTwiddler: feature disabled.
07-04 01:20:12.762   706   706 W IPCThreadState: Sending oneway calls to frozen process.
07-04 01:20:12.762   706   706 W IPCThreadState: Sending oneway calls to frozen process.
07-04 01:20:12.763  1528  1766 I AiAiEcho: #postPredictionTargets: Sending updates to UISurface lockscreen with targets# 0 (types=[])
07-04 01:20:12.763   706   706 W IPCThreadState: Sending oneway calls to frozen process.
07-04 01:20:12.763   706   706 W IPCThreadState: Sending oneway calls to frozen process.
07-04 01:20:12.763   706   706 W IPCThreadState: Sending oneway calls to frozen process.
07-04 01:20:12.763   706   706 W IPCThreadState: Sending oneway calls to frozen process.
07-04 01:20:12.764   706   706 W IPCThreadState: Sending oneway calls to frozen process.
07-04 01:20:12.764   706   706 W IPCThreadState: Sending oneway calls to frozen process.
07-04 01:20:12.764   706   706 W IPCThreadState: Sending oneway calls to frozen process.
07-04 01:20:12.765  6536  6545 W IPCThreadState: call to talkWithDriver in joinThreadPool returned error: -9 (Bad file descriptor), FD: -1
07-04 01:20:12.766   706   706 W IPCThreadState: Sending oneway calls to frozen process.
07-04 01:20:12.766   706   706 W IPCThreadState: Sending oneway calls to frozen process.
07-04 01:20:12.766  1528  1766 I AiAiEcho: #postPredictionTargets: Sending updates to UISurface home with targets# 0 (types=[])
07-04 01:20:12.766   706   706 W IPCThreadState: Sending oneway calls to frozen process.
07-04 01:20:12.770  1129  1129 D SsBaseTemplateCard: No text view can be set up
07-04 01:20:12.771  1129  1129 D SsBaseTemplateCard: Passed-in item info is null
07-04 01:20:12.771  1129  1129 D SsBaseTemplateCard: Passed-in item info is null
07-04 01:20:12.771  1129  1129 D SsBaseTemplateCard: Passed-in item info is null
07-04 01:20:12.771   967   967 W PageIndicator: Total number of pages invalid: 0. Assuming 1 page.
07-04 01:20:12.771  1129  1129 I SsBaseTemplateCard: Secondary card pane is null
07-04 01:20:12.771   706   706 W IPCThreadState: Sending oneway calls to frozen process.
07-04 01:20:12.771   706   706 W IPCThreadState: Sending oneway calls to frozen process.
07-04 01:20:12.771   706   706 W IPCThreadState: Sending oneway calls to frozen process.
07-04 01:20:12.772   706   706 W IPCThreadState: Sending oneway calls to frozen process.
07-04 01:20:12.772   706   706 W IPCThreadState: Sending oneway calls to frozen process.
07-04 01:20:12.772   706   706 W IPCThreadState: Sending oneway calls to frozen process.
07-04 01:20:12.772   706   706 W IPCThreadState: Sending oneway calls to frozen process.
07-04 01:20:12.772   706   706 W IPCThreadState: Sending oneway calls to frozen process.
07-04 01:20:12.772   706   706 W IPCThreadState: Sending oneway calls to frozen process.
07-04 01:20:12.773   706   706 W IPCThreadState: Sending oneway calls to frozen process.
07-04 01:20:12.774   706   706 D BatterySaverPolicy: accessibility changed to false, updating policy.
07-04 01:20:12.854  1506  1506 D WM-DelayedWorkTracker: Scheduling work a1c96153-4a72-4528-aa3b-0456831847ee
07-04 01:20:12.854  1506  1506 D WM-GreedyScheduler: Starting tracking for a1c96153-4a72-4528-aa3b-0456831847ee
07-04 01:20:12.855  1506  1818 D WM-ConstraintTracker: BatteryNotLowTracker: initial state = true
07-04 01:20:12.855  1506  1818 D WM-BrdcstRcvrCnstrntTrc: BatteryNotLowTracker: registering receiver
07-04 01:20:12.858  1506  1818 D WM-GreedyScheduler: Constraints met: Scheduling work ID WorkGenerationalId(workSpecId=a1c96153-4a72-4528-aa3b-0456831847ee, generation=0)
07-04 01:20:12.859  1506  1818 D WM-Processor: Processor: processing WorkGenerationalId(workSpecId=a1c96153-4a72-4528-aa3b-0456831847ee, generation=0)
07-04 01:20:12.862  1506  1506 D WM-WorkerWrapper: Starting work for com.android.providers.media.photopicker.sync.ProactiveSyncWorker
07-04 01:20:12.863  1506  6031 I PSyncWorker: Starting proactive picker sync from sync source: 1
