--------- beginning of main
07-04 03:52:19.791   706   706 W IPCThreadState: Sending oneway calls to frozen process.
07-04 03:52:19.791   706   706 W IPCThreadState: Sending oneway calls to frozen process.
07-04 03:52:19.791   706   706 W IPCThreadState: Sending oneway calls to frozen process.
07-04 03:52:19.791   706   706 W IPCThreadState: Sending oneway calls to frozen process.
--------- beginning of system
07-04 03:52:19.792   706   706 D BatterySaverPolicy: accessibility changed to true, updating policy.
07-04 03:52:19.795   967   967 W PageIndicator: Total number of pages invalid: 0. Assuming 1 page.
07-04 03:52:19.796  1528  1766 I AiAiEcho: #postPredictionTargets: Sending updates to UISurface home with targets# 0 (types=[])
07-04 03:52:19.799  1129  1129 D SsBaseTemplateCard: No text view can be set up
07-04 03:52:19.799  1129  1129 D SsBaseTemplateCard: Passed-in item info is null
07-04 03:52:19.799  1129  1129 D SsBaseTemplateCard: Passed-in item info is null
07-04 03:52:19.799  1129  1129 D SsBaseTemplateCard: Passed-in item info is null
07-04 03:52:19.799  1129  1129 I SsBaseTemplateCard: Secondary card pane is null
07-04 03:52:20.672  1506  1506 D WM-DelayedWorkTracker: Scheduling work 2006781a-eb12-470b-acd0-f42bef73c0d6
07-04 03:52:20.673  1506  1506 D WM-GreedyScheduler: Starting tracking for 2006781a-eb12-470b-acd0-f42bef73c0d6
07-04 03:52:20.675  1506  1662 D WM-ConstraintTracker: BatteryNotLowTracker: initial state = true
07-04 03:52:20.675  1506  1662 D WM-BrdcstRcvrCnstrntTrc: BatteryNotLowTracker: registering receiver
07-04 03:52:20.677  1506  1662 D WM-GreedyScheduler: Constraints met: Scheduling work ID WorkGenerationalId(workSpecId=2006781a-eb12-470b-acd0-f42bef73c0d6, generation=0)
07-04 03:52:20.679  1506  1662 D WM-Processor: Processor: processing WorkGenerationalId(workSpecId=2006781a-eb12-470b-acd0-f42bef73c0d6, generation=0)
07-04 03:52:20.684  1506  1506 D WM-WorkerWrapper: Starting work for com.android.providers.media.photopicker.sync.ProactiveSyncWorker
07-04 03:52:20.687  1506  6031 I PSyncWorker: Starting proactive picker sync from sync source: 1
07-04 03:52:20.687  1506  6031 I PickerSyncTracker: Created new sync future java.util.concurrent.CompletableFuture@573819e[Not completed, 1 dependents]. Future map: {2006781a-eb12-470b-acd0-f42bef73c0d6=java.util.concurrent.CompletableFuture@573819e[Not completed, 1 dependents]}
07-04 03:52:20.688  1506  6031 D PickerSyncController: syncAllMediaFromProvider() LOCAL, auth=com.android.providers.media.photopicker, retry=true
07-04 03:52:20.688  1506  6031 D PickerSyncController: getSyncRequestParams() LOCAL, auth=com.android.providers.media.photopicker
07-04 03:52:20.693  1506  6031 D PickerSyncController:    Latest ID/Gen=7cb2da8e3887eeff:external_primary/1047
07-04 03:52:20.694  1506  6031 D PickerSyncController:    Cached ID/Gen=7cb2da8e3887eeff:external_primary/1035
07-04 03:52:20.700  1506  6031 D PickerSyncController:    RESULT=SyncRequestParams{type=MEDIA_INCREMENTAL, gen=1035, latest=Bundle[{last_media_sync_generation=1047, media_collection_id=7cb2da8e3887eeff:external_primary}], pageSize=1000}
07-04 03:52:20.701  1506  6031 I PickerSyncController: Executing SyncAdd. isLocal: true. authority: com.android.providers.media.photopicker
07-04 03:52:20.702  1506  6031 D PickerSyncLockManager: Trying to acquire lock com.android.providers.media.photopicker.sync.CloseableReentrantLock@ee89538[Unlocked]. Lock Name = CLOUD_PROVIDER_LOCK. Threads that may be waiting to acquire this lock = [] with timeout.
07-04 03:52:20.702  1506  6031 D CloseableReentrantLock: Successfully acquired lock com.android.providers.media.photopicker.sync.CloseableReentrantLock@ee89538[Locked by thread pool-4-thread-3]. Lock Name = CLOUD_PROVIDER_LOCK. Threads that may be waiting to acquire this lock = []
07-04 03:52:20.703  1506  6031 D CloseableReentrantLock: Successfully released lock com.android.providers.media.photopicker.sync.CloseableReentrantLock@ee89538[Unlocked]. Lock Name = CLOUD_PROVIDER_LOCK. Threads that may be waiting to acquire this lock = []
07-04 03:52:20.703  1506  6031 D ExternalDbFacade: Token received for queryMedia = null
07-04 03:52:20.709  1506  6031 D PickerSyncLockManager: Trying to acquire lock com.android.providers.media.photopicker.sync.CloseableReentrantLock@ee89538[Unlocked]. Lock Name = CLOUD_PROVIDER_LOCK. Threads that may be waiting to acquire this lock = [] with timeout.
07-04 03:52:20.710  1506  6031 D CloseableReentrantLock: Successfully acquired lock com.android.providers.media.photopicker.sync.CloseableReentrantLock@ee89538[Locked by thread pool-4-thread-3]. Lock Name = CLOUD_PROVIDER_LOCK. Threads that may be waiting to acquire this lock = []
07-04 03:52:20.711  1506  6031 D PickerSyncController: Clearing next page token for key: local_provider:media_add:resume
07-04 03:52:20.711  1506  6031 D CloseableReentrantLock: Successfully released lock com.android.providers.media.photopicker.sync.CloseableReentrantLock@ee89538[Unlocked]. Lock Name = CLOUD_PROVIDER_LOCK. Threads that may be waiting to acquire this lock = []
07-04 03:52:20.711  1506  6031 D PickerNotificationSender: Sending a notification for media update
07-04 03:52:20.715  1506  6031 D PickerNotificationSender: Sending a notification for merged album media update Videos
07-04 03:52:20.716  1506  6031 D PickerNotificationSender: Sending a notification for album media update Videos
07-04 03:52:20.717  1506  6031 D PickerNotificationSender: Sending a notification for merged album media update Favorites
07-04 03:52:20.718  1506  6031 D PickerNotificationSender: Sending a notification for album media update Favorites
07-04 03:52:20.719  1506  6031 I PickerSyncController: Paged sync successful. QueryArgs: Bundle[{android.provider.extra.SYNC_GENERATION=1035, android.provider.extra.PAGE_SIZE=1000}] Total Rows: 0
07-04 03:52:20.720  1506  6031 I PickerSyncController: Executing SyncRemove. isLocal: true. authority: com.android.providers.media.photopicker
07-04 03:52:20.720  1506  6031 D PickerSyncLockManager: Trying to acquire lock com.android.providers.media.photopicker.sync.CloseableReentrantLock@ee89538[Unlocked]. Lock Name = CLOUD_PROVIDER_LOCK. Threads that may be waiting to acquire this lock = [] with timeout.
07-04 03:52:20.720  1506  6031 D CloseableReentrantLock: Successfully acquired lock com.android.providers.media.photopicker.sync.CloseableReentrantLock@ee89538[Locked by thread pool-4-thread-3]. Lock Name = CLOUD_PROVIDER_LOCK. Threads that may be waiting to acquire this lock = []
07-04 03:52:20.721  1506  6031 D CloseableReentrantLock: Successfully released lock com.android.providers.media.photopicker.sync.CloseableReentrantLock@ee89538[Unlocked]. Lock Name = CLOUD_PROVIDER_LOCK. Threads that may be waiting to acquire this lock = []
07-04 03:52:20.726  1506  6031 E PickerDbFacade: Could not get first date taken millis for media id: 111
07-04 03:52:20.729  1506  6031 W PickerDbFacade: Unable to promote cloud media with localId: 111
07-04 03:52:20.729  1506  6031 D PickerSyncLockManager: Trying to acquire lock com.android.providers.media.photopicker.sync.CloseableReentrantLock@ee89538[Unlocked]. Lock Name = CLOUD_PROVIDER_LOCK. Threads that may be waiting to acquire this lock = [] with timeout.
07-04 03:52:20.730  1506  6031 D CloseableReentrantLock: Successfully acquired lock com.android.providers.media.photopicker.sync.CloseableReentrantLock@ee89538[Locked by thread pool-4-thread-3]. Lock Name = CLOUD_PROVIDER_LOCK. Threads that may be waiting to acquire this lock = []
07-04 03:52:20.730  1506  6031 D PickerSyncController: Clearing next page token for key: local_provider:media_remove:resume
07-04 03:52:20.731  1506  6031 D CloseableReentrantLock: Successfully released lock com.android.providers.media.photopicker.sync.CloseableReentrantLock@ee89538[Unlocked]. Lock Name = CLOUD_PROVIDER_LOCK. Threads that may be waiting to acquire this lock = []
07-04 03:52:20.733  1506  6031 D PickerNotificationSender: Sending a notification for media update
07-04 03:52:20.734  1506  6031 D PickerNotificationSender: Sending a notification for merged album media update Videos
07-04 03:52:20.735  1506  6031 D PickerNotificationSender: Sending a notification for album media update Videos
07-04 03:52:20.736  1506  6031 D PickerNotificationSender: Sending a notification for merged album media update Favorites
07-04 03:52:20.737  1506  6031 D PickerNotificationSender: Sending a notification for album media update Favorites
07-04 03:52:20.738  1506  6031 I PickerSyncController: Paged sync successful. QueryArgs: Bundle[{android.provider.extra.SYNC_GENERATION=1035, android.provider.extra.PAGE_SIZE=1000}] Total Rows: 0
07-04 03:52:20.742  1506  6031 I PickerSyncTracker: Marked sync future complete for work id: 2006781a-eb12-470b-acd0-f42bef73c0d6. Future map: {}
07-04 03:52:20.744   706   742 W IPCThreadState: Sending oneway calls to frozen process.
07-04 03:52:20.747  1506  6031 I PSyncWorker: Completed picker proactive sync complete from local provider.
07-04 03:52:20.748  1506  1809 I WM-WorkerWrapper: Worker result SUCCESS for Work [ id=2006781a-eb12-470b-acd0-f42bef73c0d6, tags={ com.android.providers.media.photopicker.sync.ProactiveSyncWorker } ]
07-04 03:52:20.753  1506  1506 D WM-Processor: Processor 2006781a-eb12-470b-acd0-f42bef73c0d6 executed; reschedule = false
07-04 03:52:20.754  1506  1506 D WM-GreedyScheduler: Stopping tracking for WorkGenerationalId(workSpecId=2006781a-eb12-470b-acd0-f42bef73c0d6, generation=0)
07-04 03:52:20.769  1506  1809 D WM-GreedyScheduler: Cancelling work ID 2006781a-eb12-470b-acd0-f42bef73c0d6
07-04 03:52:20.771  1506  1809 D WM-GreedyScheduler: Ignoring {WorkSpec: b7deacdd-77b4-4f95-8e2e-9470c54412a8}. Requires device idle.
07-04 03:52:20.771  1506  1809 D WM-GreedyScheduler: Ignoring {WorkSpec: 28d75524-0f78-4938-ae95-25d396d3275c}. Requires device idle.
07-04 03:52:20.771  1506  1662 D WM-BrdcstRcvrCnstrntTrc: BatteryNotLowTracker: unregistering receiver
07-04 03:52:20.829 14374 14374 W AccessibilityNodeInfoDumper: Fetch time: 5ms
07-04 03:52:20.834   706   788 V AccessibilityManagerService: onUserStateChangedLocked for userId: 0, forceUpdate: false
07-04 03:52:20.835   706   788 W MagnificationConnectionManager: requestConnection duplicated request: connect=false, mConnectionState=DISCONNECTED
07-04 03:52:20.836   706   788 D AccessibilityManagerService: restoreCurrentUserForTestAutomationIfNeededLocked(): ignoring because device doesn't support visible background users
07-04 03:52:20.837  1528  2213 I AiAiEcho: Settings changed for uri: content://settings/secure/accessibility_enabled
07-04 03:52:20.837   706   706 W IPCThreadState: Sending oneway calls to frozen process.
07-04 03:52:20.837   706   706 W IPCThreadState: Sending oneway calls to frozen process.
07-04 03:52:20.837   706   706 W IPCThreadState: Sending oneway calls to frozen process.
07-04 03:52:20.838   706   706 W IPCThreadState: Sending oneway calls to frozen process.
07-04 03:52:20.838   706   706 W IPCThreadState: Sending oneway calls to frozen process.
07-04 03:52:20.838  1528  1766 I AiAiEcho: Predicting[0]:  [CONTEXT sampling_count=5 ]
07-04 03:52:20.838   706   706 W IPCThreadState: Sending oneway calls to frozen process.
07-04 03:52:20.838  1528  1766 I AiAiEcho: EchoTargets:
07-04 03:52:20.838  1528  1766 I AiAiEcho: Filtered by AiAi flag check:
07-04 03:52:20.838  1528  1766 I AiAiEcho: [CONTEXT ratelimit_period="10 SECONDS" ]
07-04 03:52:20.838   706   706 W IPCThreadState: Sending oneway calls to frozen process.
07-04 03:52:20.839  1528  1766 I AiAiEcho: #remoteViewsTwiddler: feature disabled.
07-04 03:52:20.839   706   706 W IPCThreadState: Sending oneway calls to frozen process.
07-04 03:52:20.839  1528  1766 I AiAiEcho: Predicting[0]:  [CONTEXT sampling_count=5 ]
07-04 03:52:20.839   706   706 W IPCThreadState: Sending oneway calls to frozen process.
07-04 03:52:20.839  1528  1766 I AiAiEcho: EchoTargets:
07-04 03:52:20.839  1528  1766 I AiAiEcho: Filtered by AiAi flag check:
07-04 03:52:20.839  1528  1766 I AiAiEcho: [CONTEXT ratelimit_period="10 SECONDS" ]
07-04 03:52:20.839   706   706 W IPCThreadState: Sending oneway calls to frozen process.
07-04 03:52:20.841  1528  1766 I AiAiEcho: #remoteViewsTwiddler: feature disabled.
07-04 03:52:20.842   706   706 W IPCThreadState: Sending oneway calls to frozen process.
07-04 03:52:20.842  1528  1766 I AiAiEcho: #postPredictionTargets: Sending updates to UISurface lockscreen with targets# 0 (types=[])
07-04 03:52:20.842 14374 14382 W IPCThreadState: call to talkWithDriver in joinThreadPool returned error: -9 (Bad file descriptor), FD: -1
07-04 03:52:20.842   706   706 W IPCThreadState: Sending oneway calls to frozen process.
07-04 03:52:20.842 14374 14387 W IPCThreadState: call to talkWithDriver in joinThreadPool returned error: -9 (Bad file descriptor), FD: -1
07-04 03:52:20.842   706   706 W IPCThreadState: Sending oneway calls to frozen process.
07-04 03:52:20.842   706   706 W IPCThreadState: Sending oneway calls to frozen process.
07-04 03:52:20.842   706   706 W IPCThreadState: Sending oneway calls to frozen process.
07-04 03:52:20.842   706   706 W IPCThreadState: Sending oneway calls to frozen process.
07-04 03:52:20.843  1528  1766 I AiAiEcho: #postPredictionTargets: Sending updates to UISurface home with targets# 0 (types=[])
07-04 03:52:20.844 14374 14383 W IPCThreadState: call to talkWithDriver in joinThreadPool returned error: -9 (Bad file descriptor), FD: -1
07-04 03:52:20.846 14374 14386 W IPCThreadState: call to talkWithDriver in joinThreadPool returned error: -9 (Bad file descriptor), FD: -1
07-04 03:52:20.846 14374 14374 D AndroidRuntime: Shutting down VM
07-04 03:52:20.848   706   706 W IPCThreadState: Sending oneway calls to frozen process.
07-04 03:52:20.850   706   706 W IPCThreadState: Sending oneway calls to frozen process.
07-04 03:52:20.851   706   706 W IPCThreadState: Sending oneway calls to frozen process.
07-04 03:52:20.851   706   706 W IPCThreadState: Sending oneway calls to frozen process.
07-04 03:52:20.852   706   706 W IPCThreadState: Sending oneway calls to frozen process.
07-04 03:52:20.855  1129  1129 D SsBaseTemplateCard: No text view can be set up
07-04 03:52:20.855  1129  1129 D SsBaseTemplateCard: Passed-in item info is null
07-04 03:52:20.855  1129  1129 D SsBaseTemplateCard: Passed-in item info is null
07-04 03:52:20.855  1129  1129 D SsBaseTemplateCard: Passed-in item info is null
07-04 03:52:20.855  1129  1129 I SsBaseTemplateCard: Secondary card pane is null
07-04 03:52:20.857   706   706 W IPCThreadState: Sending oneway calls to frozen process.
07-04 03:52:20.858   967   967 W PageIndicator: Total number of pages invalid: 0. Assuming 1 page.
07-04 03:52:20.866   706   706 W IPCThreadState: Sending oneway calls to frozen process.
07-04 03:52:20.868   706   706 W IPCThreadState: Sending oneway calls to frozen process.
07-04 03:52:20.869   706   706 W IPCThreadState: Sending oneway calls to frozen process.
07-04 03:52:20.869   706   706 W IPCThreadState: Sending oneway calls to frozen process.
07-04 03:52:20.869   706   706 W IPCThreadState: Sending oneway calls to frozen process.
07-04 03:52:20.870   706   706 W IPCThreadState: Sending oneway calls to frozen process.
07-04 03:52:20.870   706   706 W IPCThreadState: Sending oneway calls to frozen process.
07-04 03:52:20.870   706   706 W IPCThreadState: Sending oneway calls to frozen process.
07-04 03:52:20.870   706   706 W IPCThreadState: Sending oneway calls to frozen process.
07-04 03:52:20.870   706   706 W IPCThreadState: Sending oneway calls to frozen process.
07-04 03:52:20.871   706   706 W IPCThreadState: Sending oneway calls to frozen process.
07-04 03:52:20.872   706   706 D BatterySaverPolicy: accessibility changed to false, updating policy.
07-04 03:52:21.820   706  1055 W ActivityTaskManager: callingPackage for (uid=2000, pid=14390) has no WPC
07-04 03:52:21.821   706  1055 V GrammaticalInflectionUtils: AttributionSource: AttributionSource { uid = 10217, packageName = null, attributionTag = null, token = android.os.Binder@a09104d, deviceId = 0, next = null } does not have READ_SYSTEM_GRAMMATICAL_GENDER permission.
07-04 03:52:21.822   706  1055 W OptProp : Cannot read opt property android.window.PROPERTY_COMPAT_ALLOW_USER_ASPECT_RATIO_OVERRIDE
07-04 03:52:21.822   706  1055 W OptProp : Cannot read opt property android.window.PROPERTY_COMPAT_ALLOW_USER_ASPECT_RATIO_FULLSCREEN_OVERRIDE
07-04 03:52:21.823   706  1055 W OptProp : Cannot read opt property android.window.PROPERTY_COMPAT_ALLOW_RESIZEABLE_ACTIVITY_OVERRIDES
07-04 03:52:21.823   706  1055 W OptProp : Cannot read opt property android.window.PROPERTY_COMPAT_ALLOW_MIN_ASPECT_RATIO_OVERRIDE
07-04 03:52:21.827   706  1055 I ActivityTaskManager: START u0 {act=android.intent.action.VIEW dat=danio://qa/... flg=0x10000000 xflg=0x4 pkg=com.tiarnanlarkin.danio cmp=com.tiarnanlarkin.danio/.MainActivity} with LAUNCH_SINGLE_TOP from uid 2000 (BAL_ALLOW_PERMISSION) result code=3
07-04 03:52:21.834   558   568 I BpBinder: onLastStrongRef automatically unlinking death recipients:
07-04 03:52:21.835   967  1453 D KeyguardService: setOccluded(false)
07-04 03:52:21.837   967  1453 D KeyguardViewMediator: setOccluded(false)
07-04 03:52:21.838   967   967 D KeyguardViewMediator: handleSetOccluded(false)
07-04 03:52:21.840   967   967 D KeyguardViewMediator: KeyguardViewMediator queue processing message: SET_OCCLUDED
07-04 03:52:21.844   967  1045 D WindowManagerShell: onActivityRestartAttempt: topActivity=ComponentInfo{com.tiarnanlarkin.danio/com.tiarnanlarkin.danio.MainActivity}, wasVisible=true
07-04 03:52:21.845 13309 13384 D SessionLifecycleClient: Sending lifecycle 2 to service
07-04 03:52:21.845 13309 13309 I flutter : [QA] Deep link: danio://qa/feeding-guide
07-04 03:52:21.846 13309 13408 D SessionLifecycleService: Activity backgrounding at 11061377
07-04 03:52:21.852 13309 13391 D SessionLifecycleClient: Sending lifecycle 1 to service
07-04 03:52:21.853 13309 13408 D SessionLifecycleService: Activity foregrounding at 11061385.
07-04 03:52:22.242   706   737 W IPCThreadState: Sending oneway calls to frozen process.
07-04 03:52:22.243   706   737 W IPCThreadState: Sending oneway calls to frozen process.
07-04 03:52:22.243   706   737 W IPCThreadState: Sending oneway calls to frozen process.
07-04 03:52:22.243   706   737 W IPCThreadState: Sending oneway calls to frozen process.
07-04 03:52:22.244   706   737 W IPCThreadState: Sending oneway calls to frozen process.
07-04 03:52:22.244   706   737 W IPCThreadState: Sending oneway calls to frozen process.
07-04 03:52:22.245   706   737 W IPCThreadState: Sending oneway calls to frozen process.
07-04 03:52:22.246   706   737 W IPCThreadState: Sending oneway calls to frozen process.
07-04 03:52:22.247   706   737 W IPCThreadState: Sending oneway calls to frozen process.
07-04 03:52:22.248   706   737 W IPCThreadState: Sending oneway calls to frozen process.
07-04 03:52:22.248   706   737 W IPCThreadState: Sending oneway calls to frozen process.
07-04 03:52:22.250   706   737 W IPCThreadState: Sending oneway calls to frozen process.
07-04 03:52:22.250   706   737 W IPCThreadState: Sending oneway calls to frozen process.
07-04 03:52:22.251   706   737 W IPCThreadState: Sending oneway calls to frozen process.
07-04 03:52:22.252   706   737 W IPCThreadState: Sending oneway calls to frozen process.
07-04 03:52:22.253   706   737 W IPCThreadState: Sending oneway calls to frozen process.
07-04 03:52:22.253   706   737 W IPCThreadState: Sending oneway calls to frozen process.
07-04 03:52:22.253   706   737 W IPCThreadState: Sending oneway calls to frozen process.
07-04 03:52:22.253   706   737 W IPCThreadState: Sending oneway calls to frozen process.
07-04 03:52:22.254   706   737 W IPCThreadState: Sending oneway calls to frozen process.
07-04 03:52:22.254   706   737 W IPCThreadState: Sending oneway calls to frozen process.
07-04 03:52:22.254   706   737 W IPCThreadState: Sending oneway calls to frozen process.
07-04 03:52:22.254   706   737 W IPCThreadState: Sending oneway calls to frozen process.
07-04 03:52:22.255   706   737 W IPCThreadState: Sending oneway calls to frozen process.
07-04 03:52:22.255   706   737 W IPCThreadState: Sending oneway calls to frozen process.
07-04 03:52:22.255   706   737 W IPCThreadState: Sending oneway calls to frozen process.
07-04 03:52:22.256   706   737 W IPCThreadState: Sending oneway calls to frozen process.
07-04 03:52:22.256   706   737 W IPCThreadState: Sending oneway calls to frozen process.
07-04 03:52:22.257   706   737 W IPCThreadState: Sending oneway calls to frozen process.
07-04 03:52:22.258   706   737 W IPCThreadState: Sending oneway calls to frozen process.
07-04 03:52:22.258   706   737 W IPCThreadState: Sending oneway calls to frozen process.
07-04 03:52:22.258   706   737 W IPCThreadState: Sending oneway calls to frozen process.
07-04 03:52:22.258   706   737 W IPCThreadState: Sending oneway calls to frozen process.
07-04 03:52:22.259   706   737 W IPCThreadState: Sending oneway calls to frozen process.
07-04 03:52:22.259   706   737 W IPCThreadState: Sending oneway calls to frozen process.
07-04 03:52:22.259   706   737 W IPCThreadState: Sending oneway calls to frozen process.
07-04 03:52:22.259   706   737 W IPCThreadState: Sending oneway calls to frozen process.
07-04 03:52:22.260   706   737 W IPCThreadState: Sending oneway calls to frozen process.
07-04 03:52:22.260   706   737 W IPCThreadState: Sending oneway calls to frozen process.
07-04 03:52:22.260   706   737 W IPCThreadState: Sending oneway calls to frozen process.
07-04 03:52:22.261   706   737 W IPCThreadState: Sending oneway calls to frozen process.
07-04 03:52:22.262   706   737 W IPCThreadState: Sending oneway calls to frozen process.
07-04 03:52:22.262   706   737 W IPCThreadState: Sending oneway calls to frozen process.
07-04 03:52:22.263   706   737 W IPCThreadState: Sending oneway calls to frozen process.
07-04 03:52:22.263   706   737 W IPCThreadState: Sending oneway calls to frozen process.
07-04 03:52:22.263   706   737 W IPCThreadState: Sending oneway calls to frozen process.
07-04 03:52:22.263   706   737 W IPCThreadState: Sending oneway calls to frozen process.
07-04 03:52:22.263   706   737 W IPCThreadState: Sending oneway calls to frozen process.
07-04 03:52:22.264   706   737 W IPCThreadState: Sending oneway calls to frozen process.
07-04 03:52:22.265   706   737 W IPCThreadState: Sending oneway calls to frozen process.
07-04 03:52:22.369   706   871 D WifiClientModeImpl[23202:wlan0]: updateLinkLayerStatsRssiSpeedFrequencyCapabilities rssi=-50 TxLinkspeed=1 freq=2447 RxLinkSpeed=2
07-04 03:52:22.369   706   871 D WifiDataStall: tx tput in kbps: 11000
07-04 03:52:22.369   706   871 D WifiDataStall: rx tput in kbps: 11000
07-04 03:52:22.370   706   871 V WifiConfigManager: Updating scan detail cache freq=2447 BSSID=00:13:10:85:fe:01 RSSI=-50 for "AndroidWifi"NONE
07-04 03:52:22.371   706   871 D WifiThroughputPredictor:  utilization (LLS) 80 isBluetoothConnected: false final utilization: 80
07-04 03:52:22.372   706   871 D WifiThroughputPredictor:  BW: 0 RSSI: -50 Nss: 1 Mode: 1 symDur: 4000 snrDb 30 bitPerTone: 4500 rate: 54 throughput: 11
07-04 03:52:22.372   706   871 D WifiThroughputPredictor:  utilization (LLS) 80 isBluetoothConnected: false final utilization: 80
07-04 03:52:22.372   706   871 D WifiThroughputPredictor:  BW: 0 RSSI: -50 Nss: 1 Mode: 1 symDur: 4000 snrDb 30 bitPerTone: 4500 rate: 54 throughput: 11
07-04 03:52:22.374   706   871 D WifiThroughputPredictor:  utilization (LLS) 80 isBluetoothConnected: false final utilization: 80
07-04 03:52:22.375   706   871 D WifiThroughputPredictor:  BW: 0 RSSI: -50 Nss: 1 Mode: 1 symDur: 4000 snrDb 30 bitPerTone: 4500 rate: 54 throughput: 11
07-04 03:52:22.375   706   871 D WifiThroughputPredictor:  utilization (LLS) 80 isBluetoothConnected: false final utilization: 80
07-04 03:52:22.375   706   871 D WifiThroughputPredictor:  BW: 0 RSSI: -50 Nss: 1 Mode: 1 symDur: 4000 snrDb 30 bitPerTone: 4500 rate: 54 throughput: 11
07-04 03:52:22.376   706   871 D WifiScoreCard: BSSID update SIGNAL_POLL ID: 2146055532 SSID: "AndroidWifi", BSSID: 00:13:10:85:fe:01, MAC: 02:15:b4:00:00:00, IP: /10.0.2.17, Security type: 0, Supplicant state: COMPLETED, Wi-Fi standard: legacy, RSSI: -50, Link speed: 1Mbps, Tx Link speed: 1Mbps, Max Supported Tx Link speed: 11Mbps, Rx Link speed: 2Mbps, Max Supported Rx Link speed: 11Mbps, Frequency: 2447MHz, Net ID: 0, Metered hint: false, score: 60, isUsable: true, CarrierMerged: false, SubscriptionId: -1, IsPrimary: 1, Trusted: true, Restricted: false, Ephemeral: false, OEM paid: false, OEM private: false, OSU AP: false, FQDN: <none>, Provider friendly name: <none>, Requesting package name: <none>"AndroidWifi"openMLO Information: , Is TID-To-Link negotiation supported by the AP: false, AP MLD Address: <none>, AP MLO Link Id: <none>, AP MLO Affiliated links: <none>, Vendor Data: <none>
07-04 03:52:22.377   706   871 D WifiScoreCard: txRate: 1 txSpeed: 1
07-04 03:52:22.377   706   871 D WifiScoreCard: network update SIGNAL_POLL "AndroidWifi" ID: 290235138 RSSI -50 txSpeed -1
07-04 03:52:22.377   706   871 D WifiClientModeImpl[23202:wlan0]:  ClientModeImpl$L2ConnectedState screen=on 1 0 "AndroidWifi" 00:13:10:85:fe:01 rssi=-50 f=2447 sc=60 link=1 tx=0.0, 0.0, 0.0 rx=0.0 bcn=0 [on:0 tx:0 rx:0 period:3016] from screen [on:0 period:722114537] score=60
07-04 03:52:23.473   955   955 D wpa_supplicant: nl80211: Drv Event 64 (NL80211_CMD_NOTIFY_CQM) received for wlan0
07-04 03:52:23.474   955   955 D wpa_supplicant: nl80211: Beacon loss event
07-04 03:52:23.474   955   955 D wpa_supplicant: wlan0: Event BEACON_LOSS (53) received
07-04 03:52:23.474   955   955 I wpa_supplicant: wlan0: CTRL-EVENT-BEACON-LOSS
07-04 03:52:23.792 14393 14393 W screencap: Thread Pool max thread count is 0. Cannot cache binder as linkToDeath cannot be implemented. serviceName: SurfaceFlingerAIDL
07-04 03:52:23.793 14393 14393 W BpBinder: Linking to death on android.gui.ISurfaceComposer but there are no threads (yet?) listening to incoming transactions. See ProcessState::startThreadPool and ProcessState::setThreadPoolMaxThreadCount. Generally you should setup the binder threadpool before other initialization steps.
07-04 03:52:23.794 14393 14393 W ProcessState: Extra binder thread started, but 0 threads requested. Do not use *startThreadPool when zero threads are requested.
07-04 03:52:23.823   558   568 E HwcComposer: getLuts failed Status(-8, EX_SERVICE_SPECIFIC): '8: '
07-04 03:52:23.823   558   568 E HWComposer: getLuts: getLuts failed for display 4619827259835644672: UNSUPPORTED (8)
--------- beginning of kernel
07-04 03:52:23.815     0     0 I servicemanager: Caller(pid=14393,uid=2000,sid=u:r:shell:s0) Found android.hardware.graphics.allocator.IAllocator/default in device VINTF manifest.
07-04 03:52:23.821     0     0 I servicemanager: Caller(pid=14393,uid=2000,sid=u:r:shell:s0) Found android.hardware.graphics.allocator.IAllocator/default in device VINTF manifest.
07-04 03:52:23.825     0     0 I servicemanager: Caller(pid=14393,uid=2000,sid=u:r:shell:s0) Found mapper/ranchu in device VINTF manifest.
07-04 03:52:23.903  1506  1729 W MediaProvider: isAppCloneUserPair for user 0: false
07-04 03:52:24.136   706   788 I ActivityManager: Broadcasting: Intent { act=android.intent.action.MEDIA_SCANNER_SCAN_FILE dat=file:///... flg=0x400000 }
07-04 03:52:24.137   706   788 I ActivityManager: Enqueued broadcast Intent { act=android.intent.action.MEDIA_SCANNER_SCAN_FILE dat=file:///... flg=0x400000 }: 0
07-04 03:52:24.138   706  1055 W JobInfo : Job 'com.google.android.providers.media.module/com.android.providers.media.MediaService#-300' has a deadline with no functional constraints. The deadline won't improve job execution latency. Consider removing the deadline.
07-04 03:52:24.160   706   734 I ActivityManager: Broadcast completed: result=0
07-04 03:52:24.172  1506  1779 I MediaProvider: Begin Intent { act=android.intent.action.MEDIA_SCANNER_SCAN_FILE dat=file:///... flg=0x1400010 cmp=com.google.android.providers.media.module/com.android.providers.media.MediaService }
07-04 03:52:24.201  1506  1779 I MediaProvider: End Intent { act=android.intent.action.MEDIA_SCANNER_SCAN_FILE dat=file:///... flg=0x1400010 cmp=com.google.android.providers.media.module/com.android.providers.media.MediaService }
07-04 03:52:24.207  1506  1818 D WM-SystemJobScheduler: Scheduling work ID d603e51a-9638-47ca-9ef7-d6c59c619f94Job ID 82
07-04 03:52:24.224  1506  1818 D WM-GreedyScheduler: Ignoring {WorkSpec: b7deacdd-77b4-4f95-8e2e-9470c54412a8}. Requires device idle.
07-04 03:52:24.224  1506  1818 D WM-GreedyScheduler: Ignoring {WorkSpec: 28d75524-0f78-4938-ae95-25d396d3275c}. Requires device idle.
07-04 03:52:24.294   706   742 W IPCThreadState: Sending oneway calls to frozen process.
07-04 03:52:24.321  1506  3688 W MediaProvider: Ignoring param:deletedata post U for external apps
07-04 03:52:24.325  1506  3688 I MediaProvider: Deleted 0 1 0 0 0 0 0 items on external_primary due to com.android.shell
07-04 03:52:24.511 14405 14405 D AndroidRuntime: >>>>>> START com.android.internal.os.RuntimeInit uid 2000 <<<<<<
07-04 03:52:24.518 14405 14405 I AndroidRuntime: Using default boot image
07-04 03:52:24.518 14405 14405 I AndroidRuntime: Leaving lock profiling enabled
07-04 03:52:24.521 14405 14405 I app_process: Core platform API reporting enabled, enforcing=false
07-04 03:52:24.522 14405 14405 I app_process: Using CollectorTypeCMC GC.
07-04 03:52:24.625 14405 14405 D nativeloader: InitDefaultPublicLibraries for_preload=1: libandroid.so:libaaudio.so:libamidi.so:libbinder_ndk.so:libc.so:libcamera2ndk.so:libdl.so:libEGL.so:libGLESv1_CM.so:libGLESv2.so:libGLESv3.so:libicu.so:libicui18n.so:libicuuc.so:libjnigraphics.so:liblog.so:libmediandk.so:libm.so:libnativehelper.so:libnativewindow.so:libOpenMAXAL.so:libOpenSLES.so:libRS.so:libstdc++.so:libsync.so:libvulkan.so:libwebviewchromium_plat_support.so:libz.so
07-04 03:52:24.642 14405 14405 D nativeloader: Load libicu_jni.so using APEX ns com_android_art for caller /apex/com.android.art/javalib/core-oj.jar: ok
07-04 03:52:24.642 14405 14405 D app_process: u_setTimeZoneFilesDirectory("/apex/com.android.tzdata/etc/tz/versioned/9/icu") succeeded.
07-04 03:52:24.642 14405 14405 D app_process: I18n APEX ICU file found: /apex/com.android.i18n/etc/icu/icudt76l.dat
07-04 03:52:24.644 14405 14405 D nativeloader: Load libjavacore.so using APEX ns com_android_art for caller /apex/com.android.art/javalib/core-oj.jar: ok
07-04 03:52:24.646 14405 14405 D nativeloader: Load libopenjdk.so using APEX ns com_android_art for caller /apex/com.android.art/javalib/core-oj.jar: ok
07-04 03:52:24.649 14405 14405 W app_process: Unexpected CPU variant for x86: x86_64.
07-04 03:52:24.649 14405 14405 W app_process: Known variants: atom, sandybridge, silvermont, goldmont, goldmont-plus, goldmont-without-sha-xsaves, tremont, kabylake, alderlake, default
07-04 03:52:24.654 14405 14405 W app_process: ClassLoaderContext shared library size mismatch. Expected=2, found=0 (PCL[]{PCL[/system/framework/android.test.base.jar*2789897741]#PCL[/system/framework/android.test.mock.jar*3361312393]} | PCL[])
07-04 03:52:24.655 14405 14405 W app_process: ClassLoaderContext classpath size mismatch. expected=0, found=1 (PCL[]{PCL[/system/framework/android.test.runner.jar*895143020]#PCL[/system/framework/android.test.base.jar*2789897741]} | PCL[/system/framework/android.test.runner.jar*895143020])
07-04 03:52:24.678   706   742 W IPCThreadState: Sending oneway calls to frozen process.
07-04 03:52:24.686 14405 14405 D nativeloader: Load libframework-connectivity-tiramisu-jni.so using APEX ns com_android_tethering for caller /apex/com.android.tethering/javalib/framework-connectivity-t.jar: ok
07-04 03:52:24.688 14405 14405 D AndroidRuntime: Calling main entry com.android.commands.uiautomator.Launcher
07-04 03:52:24.694 14405 14405 I AconfigPackage: android.media.swcodec.flags is mapped to com.android.media.swcodec
07-04 03:52:24.695 14405 14405 I AconfigPackage: com.google.android.settings.simplemode.flags is mapped to system_ext
07-04 03:52:24.695 14405 14405 I AconfigPackage: com.google.android.systemui is mapped to system_ext
07-04 03:52:24.695 14405 14405 I AconfigPackage: com.google.android.apps.nexuslauncher is mapped to system_ext
07-04 03:52:24.695 14405 14405 I AconfigPackage: com.android.settings.accessibility is mapped to system_ext
07-04 03:52:24.695 14405 14405 I AconfigPackage: com.android.settings.flags is mapped to system_ext
07-04 03:52:24.695 14405 14405 I AconfigPackage: com.google.android.apps.miphone.aiai.matchmaker.overview.ui is mapped to system_ext
07-04 03:52:24.697   706   742 W IPCThreadState: Sending oneway calls to frozen process.
07-04 03:52:24.697 14405 14405 I AconfigPackage: com.google.android.settings.flags is mapped to system_ext
07-04 03:52:24.698 14405 14405 I AconfigPackage: com.android.launcher3 is mapped to system_ext
07-04 03:52:24.698 14405 14405 I AconfigPackage: com.android.wallpaper is mapped to system_ext
07-04 03:52:24.698 14405 14405 I AconfigPackage: com.android.settings.media_drm is mapped to system_ext
07-04 03:52:24.698 14405 14405 I AconfigPackage: com.android.systemui.accessibility.accessibilitymenu is mapped to system_ext
07-04 03:52:24.700 14405 14405 I AconfigPackage: com.android.settings.keyboard is mapped to system_ext
07-04 03:52:24.701 14405 14405 I AconfigPackage: com.android.server.policy.feature.flags is mapped to system_ext
07-04 03:52:24.701 14405 14405 I AconfigPackage: com.android.settings.factory_reset is mapped to system_ext
07-04 03:52:24.702 14405 14405 I AconfigPackage: com.google.android.haptics.flags is mapped to system_ext
07-04 03:52:24.702 14405 14405 I AconfigPackage: com.android.permission.flags is mapped to com.android.permission
07-04 03:52:24.703 14405 14405 I AconfigPackage: com.android.icu is mapped to com.android.i18n
07-04 03:52:24.704 14405 14405 I AconfigPackage: com.android.appsearch.flags is mapped to com.android.appsearch
07-04 03:52:24.705 14405 14405 I AconfigPackage: android.uprobestats.mainline.flags is mapped to com.android.uprobestats
07-04 03:52:24.705 14405 14405 I AconfigPackage: android.provider.flags is mapped to com.android.configinfrastructure
07-04 03:52:24.706 14405 14405 I AconfigPackage: com.android.server.deviceconfig is mapped to com.android.configinfrastructure
07-04 03:52:24.707 14405 14405 I AconfigPackage: com.android.nfc.flags is mapped to system
07-04 03:52:24.707 14405 14405 I AconfigPackage: android.app.admin.flags is mapped to system
07-04 03:52:24.707 14405 14405 I AconfigPackage: android.database.sqlite is mapped to system
07-04 03:52:24.707 14405 14405 I AconfigPackage: com.android.providers.calendar is mapped to system
07-04 03:52:24.707 14405 14405 I AconfigPackage: com.android.server.power.feature.flags is mapped to system
07-04 03:52:24.708 14405 14405 I AconfigPackage: com.android.media.performance.flags is mapped to system
07-04 03:52:24.709 14405 14405 I AconfigPackage: android.app.contextualsearch.flags is mapped to system
07-04 03:52:24.709 14405 14405 I AconfigPackage: android.app.ondeviceintelligence.flags is mapped to system
07-04 03:52:24.710 14405 14405 I AconfigPackage: com.android.media.projection.flags is mapped to system
07-04 03:52:24.710 14405 14405 I AconfigPackage: android.companion is mapped to system
07-04 03:52:24.710 14405 14405 I AconfigPackage: android.service.controls.flags is mapped to system
07-04 03:52:24.710 14405 14405 I AconfigPackage: com.android.text.flags is mapped to system
07-04 03:52:24.710 14405 14405 I AconfigPackage: com.android.providers.contactkeys.flags is mapped to system
07-04 03:52:24.711 14405 14405 I AconfigPackage: com.android.intentresolver is mapped to system
07-04 03:52:24.711 14405 14405 I AconfigPackage: android.companion.virtualdevice.flags is mapped to system
07-04 03:52:24.712 14405 14405 I AconfigPackage: android.uprobestats.flags is mapped to system
07-04 03:52:24.713 14405 14405 I AconfigPackage: com.android.net.thread.platform.flags is mapped to system
07-04 03:52:24.714 14405 14405 I AconfigPackage: android.view.contentprotection.flags is mapped to system
07-04 03:52:24.714 14405 14405 I AconfigPackage: com.android.server.dreams is mapped to system
07-04 03:52:24.714 14405 14405 I AconfigPackage: com.android.graphics.surfaceflinger.flags is mapped to system
07-04 03:52:24.714 14405 14405 I AconfigPackage: com.android.hardware.input is mapped to system
07-04 03:52:24.715 14405 14405 I AconfigPackage: android.sdk is mapped to system
07-04 03:52:24.715 14405 14405 I AconfigPackage: com.android.input.flags is mapped to system
07-04 03:52:24.716 14405 14405 I AconfigPackage: android.tracing is mapped to system
07-04 03:52:24.716 14405 14405 I AconfigPackage: com.android.server.biometrics is mapped to system
07-04 03:52:24.718 14405 14405 I AconfigPackage: android.view.contentcapture.flags is mapped to system
07-04 03:52:24.721 14405 14405 I AconfigPackage: android.app.job is mapped to system
07-04 03:52:24.721 14405 14405 I AconfigPackage: android.content.res is mapped to system
07-04 03:52:24.721 14405 14405 I AconfigPackage: android.net.platform.flags is mapped to system
07-04 03:52:24.721 14405 14405 I AconfigPackage: com.android.aconfig.flags is mapped to system
07-04 03:52:24.722 14405 14405 I AconfigPackage: com.android.graphics.flags is mapped to system
07-04 03:52:24.722 14405 14405 I AconfigPackage: android.server.app is mapped to system
07-04 03:52:24.722 14405 14405 I AconfigPackage: android.speech.flags is mapped to system
07-04 03:52:24.722 14405 14405 I AconfigPackage: com.android.server.stats is mapped to system
07-04 03:52:24.722 14405 14405 I AconfigPackage: android.hardware.biometrics is mapped to system
07-04 03:52:24.722 14405 14405 I AconfigPackage: android.car.feature is mapped to system
07-04 03:52:24.722 14405 14405 I AconfigPackage: android.adpf is mapped to system
07-04 03:52:24.722 14405 14405 I AconfigPackage: android.location.flags is mapped to system
07-04 03:52:24.722 14405 14405 I AconfigPackage: com.android.settingslib.flags is mapped to system
07-04 03:52:24.722 14405 14405 I AconfigPackage: com.android.managedprovisioning.flags is mapped to system
07-04 03:52:24.722 14405 14405 I AconfigPackage: android.app.assist.flags is mapped to system
07-04 03:52:24.722 14405 14405 I AconfigPackage: com.android.server.net is mapped to system
07-04 03:52:24.722 14405 14405 I AconfigPackage: com.android.settingslib.widget.flags is mapped to system
07-04 03:52:24.722 14405 14405 I AconfigPackage: com.android.internal.camera.flags is mapped to system
07-04 03:52:24.723 14405 14405 I AconfigPackage: com.android.hardware.libsensor.flags is mapped to system
07-04 03:52:24.723 14405 14405 I AconfigPackage: com.android.internal.jank is mapped to system
07-04 03:52:24.723 14405 14405 I AconfigPackage: com.android.providers.settings is mapped to system
07-04 03:52:24.723 14405 14405 I AconfigPackage: android.multiuser is mapped to system
07-04 03:52:24.723 14405 14405 I AconfigPackage: com.android.server.power.optimization is mapped to system
07-04 03:52:24.724 14405 14405 I AconfigPackage: com.android.calllogbackup is mapped to system
07-04 03:52:24.724 14405 14405 I AconfigPackage: com.android.media.flags is mapped to system
07-04 03:52:24.724 14405 14405 I AconfigPackage: com.android.server.flags is mapped to system
07-04 03:52:24.724 14405 14405 I AconfigPackage: com.android.graphics.libvulkan.flags is mapped to system
07-04 03:52:24.724 14405 14405 I AconfigPackage: android.app.appfunctions.flags is mapped to system
07-04 03:52:24.724 14405 14405 I AconfigPackage: android.app.smartspace.flags is mapped to system
07-04 03:52:24.725 14405 14405 I AconfigPackage: com.android.providers.contacts.flags is mapped to system
07-04 03:52:24.726 14405 14405 I AconfigPackage: com.android.shell.flags is mapped to system
07-04 03:52:24.726 14405 14405 I AconfigPackage: com.android.media.aaudio is mapped to system
07-04 03:52:24.726 14405 14405 I AconfigPackage: android.hardware.radio is mapped to system
07-04 03:52:24.727 14405 14405 I AconfigPackage: com.google.wear.services.infra.flags is mapped to system
07-04 03:52:24.727 14405 14405 I AconfigPackage: suspend_service.flags is mapped to system
07-04 03:52:24.728 14405 14405 I AconfigPackage: android.media.midi is mapped to system
07-04 03:52:24.728 14405 14405 I AconfigPackage: com.android.libcore.readonly is mapped to system
07-04 03:52:24.728 14405 14405 I AconfigPackage: com.android.settingslib.widget.selectorwithwidgetpreference.flags is mapped to system
07-04 03:52:24.728 14405 14405 I AconfigPackage: android.service.notification is mapped to system
07-04 03:52:24.728 14405 14405 I AconfigPackage: com.android.systemui.shared is mapped to system
07-04 03:52:24.728 14405 14405 I AconfigPackage: android.app.jank is mapped to system
07-04 03:52:24.728 14405 14405 I AconfigPackage: android.app.wearable is mapped to system
07-04 03:52:24.728 14405 14405 I AconfigPackage: com.android.media.audio is mapped to system
07-04 03:52:24.728 14405 14405 I AconfigPackage: android.service.chooser is mapped to system
07-04 03:52:24.728 14405 14405 I AconfigPackage: com.android.server.compat is mapped to system
07-04 03:52:24.729 14405 14405 I AconfigPackage: com.android.server.alarm is mapped to system
07-04 03:52:24.729 14405 14405 I AconfigPackage: com.android.apex.flags is mapped to system
07-04 03:52:24.729 14405 14405 I AconfigPackage: android.service.quickaccesswallet is mapped to system
07-04 03:52:24.729 14405 14405 I AconfigPackage: android.app.usage is mapped to system
07-04 03:52:24.729 14405 14405 I AconfigPackage: com.android.server.accessibility is mapped to system
07-04 03:52:24.729 14405 14405 I AconfigPackage: android.app.supervision.flags is mapped to system
07-04 03:52:24.729 14405 14405 I AconfigPackage: com.android.server.utils is mapped to system
07-04 03:52:24.729 14405 14405 I AconfigPackage: android.chre.flags is mapped to system
07-04 03:52:24.729 14405 14405 I AconfigPackage: android.content.flags is mapped to system
07-04 03:52:24.729 14405 14405 I AconfigPackage: android.media.codec is mapped to system
07-04 03:52:24.729 14405 14405 I AconfigPackage: com.android.internal.os is mapped to system
07-04 03:52:24.729 14405 14405 I AconfigPackage: com.android.nfc.nci.flags is mapped to system
07-04 03:52:24.730 14405 14405 I AconfigPackage: android.app is mapped to system
07-04 03:52:24.730 14405 14405 I AconfigPackage: android.security.keystore2 is mapped to system
07-04 03:52:24.730 14405 14405 I AconfigPackage: android.crashrecovery.flags is mapped to system
07-04 03:52:24.730 14405 14405 I AconfigPackage: com.android.tradeinmode.flags is mapped to system
07-04 03:52:24.730 14405 14405 I AconfigPackage: android.hardware.flags is mapped to system
07-04 03:52:24.730 14405 14405 I AconfigPackage: com.android.server.telecom.flags is mapped to system
07-04 03:52:24.731 14405 14405 I AconfigPackage: com.android.settingslib.media.flags is mapped to system
07-04 03:52:24.731 14405 14405 I AconfigPackage: com.android.server.policy is mapped to system
07-04 03:52:24.731 14405 14405 I AconfigPackage: android.media.audiopolicy is mapped to system
07-04 03:52:24.731 14405 14405 I AconfigPackage: com.android.egg.flags is mapped to system
07-04 03:52:24.732 14405 14405 I AconfigPackage: com.android.internal.compat.flags is mapped to system
07-04 03:52:24.732 14405 14405 I AconfigPackage: android.security is mapped to system
07-04 03:52:24.733 14405 14405 I AconfigPackage: android.service.autofill is mapped to system
07-04 03:52:24.733 14405 14405 I AconfigPackage: com.example.android.aconfig.demo.flags is mapped to system
07-04 03:52:24.733 14405 14405 I AconfigPackage: android.view.flags is mapped to system
07-04 03:52:24.733 14405 14405 I AconfigPackage: android.companion.virtual.flags is mapped to system
07-04 03:52:24.733 14405 14405 I AconfigPackage: com.android.aconfig_new_storage is mapped to system
07-04 03:52:24.733 14405 14405 I AconfigPackage: com.android.server.feature.flags is mapped to system
07-04 03:52:24.734 14405 14405 I AconfigPackage: com.android.systemui is mapped to system
07-04 03:52:24.734 14405 14405 I AconfigPackage: com.android.server.power.batterysaver is mapped to system
07-04 03:52:24.734 14405 14405 I AconfigPackage: android.widget.flags is mapped to system
07-04 03:52:24.734 14405 14405 I AconfigPackage: com.android.media.editing.flags is mapped to system
07-04 03:52:24.734 14405 14405 I AconfigPackage: com.android.media.codec.flags is mapped to system
07-04 03:52:24.734 14405 14405 I AconfigPackage: com.android.server.powerstats is mapped to system
07-04 03:52:24.734 14405 14405 I AconfigPackage: com.android.graphics.egl.flags is mapped to system
07-04 03:52:24.734 14405 14405 I AconfigPackage: com.android.media.audioserver is mapped to system
07-04 03:52:24.734 14405 14405 I AconfigPackage: com.android.server.deviceidle is mapped to system
07-04 03:52:24.734 14405 14405 I AconfigPackage: android.nfc is mapped to system
07-04 03:52:24.735 14405 14405 I AconfigPackage: android.permission.flags is mapped to system
07-04 03:52:24.735 14405 14405 I AconfigPackage: android.service.voice.flags is mapped to system
07-04 03:52:24.736 14405 14405 I AconfigPackage: android.content.pm is mapped to system
07-04 03:52:24.736 14405 14405 I AconfigPackage: com.android.server.power.hint is mapped to system
07-04 03:52:24.736 14405 14405 I AconfigPackage: android.os is mapped to system
07-04 03:52:24.736 14405 14405 I AconfigPackage: android.service.dreams is mapped to system
07-04 03:52:24.737 14405 14405 I AconfigPackage: com.android.graphics.libgui.flags is mapped to system
07-04 03:52:24.737 14405 14405 I AconfigPackage: android.hardware.usb.flags is mapped to system
07-04 03:52:24.738 14405 14405 I AconfigPackage: android.provider is mapped to system
07-04 03:52:24.738 14405 14405 I AconfigPackage: com.android.server.job is mapped to system
07-04 03:52:24.738 14405 14405 I AconfigPackage: com.android.internal.foldables.flags is mapped to system
07-04 03:52:24.738 14405 14405 I AconfigPackage: com.android.internal.telephony.flags is mapped to system
07-04 03:52:24.738 14405 14405 I AconfigPackage: android.webkit is mapped to system
07-04 03:52:24.738 14405 14405 I AconfigPackage: android.credentials.flags is mapped to system
07-04 03:52:24.738 14405 14405 I AconfigPackage: com.android.server.display.feature.flags is mapped to system
07-04 03:52:24.738 14405 14405 I AconfigPackage: com.android.server.notification is mapped to system
07-04 03:52:24.739 14405 14405 I AconfigPackage: android.appwidget.flags is mapped to system
07-04 03:52:24.739 14405 14405 I AconfigPackage: com.android.frameworks.sensorservice.flags is mapped to system
07-04 03:52:24.739 14405 14405 I AconfigPackage: com.android.printspooler.flags is mapped to system
07-04 03:52:24.739 14405 14405 I AconfigPackage: com.android.window.flags is mapped to system
07-04 03:52:24.739 14405 14405 I AconfigPackage: android.adaptiveauth is mapped to system
07-04 03:52:24.739 14405 14405 I AconfigPackage: android.net.wifi.flags is mapped to system
07-04 03:52:24.739 14405 14405 I AconfigPackage: android.media.tv.flags is mapped to system
07-04 03:52:24.739 14405 14405 I AconfigPackage: com.android.server.usb.flags is mapped to system
07-04 03:52:24.739 14405 14405 I AconfigPackage: android.os.vibrator is mapped to system
07-04 03:52:24.740 14405 14405 I AconfigPackage: android.hardware.devicestate.feature.flags is mapped to system
07-04 03:52:24.740 14405 14405 I AconfigPackage: com.android.server.usage is mapped to system
07-04 03:52:24.740 14405 14405 I AconfigPackage: android.server is mapped to system
07-04 03:52:24.740 14405 14405 I AconfigPackage: com.android.wm.shell is mapped to system
07-04 03:52:24.740 14405 14405 I AconfigPackage: android.view.inputmethod is mapped to system
07-04 03:52:24.740 14405 14405 I AconfigPackage: com.android.graphics.hwui.flags is mapped to system
07-04 03:52:24.740 14405 14405 I AconfigPackage: com.android.server.backup is mapped to system
07-04 03:52:24.740 14405 14405 I AconfigPackage: com.android.internal.pm.pkg.component.flags is mapped to system
07-04 03:52:24.740 14405 14405 I AconfigPackage: android.view.accessibility is mapped to system
07-04 03:52:24.740 14405 14405 I AconfigPackage: com.google.wear.sdk is mapped to system
07-04 03:52:24.740 14405 14405 I AconfigPackage: android.media.audio is mapped to system
07-04 03:52:24.740 14405 14405 I AconfigPackage: com.android.server.am is mapped to system
07-04 03:52:24.741 14405 14405 I AconfigPackage: com.android.media.playback.flags is mapped to system
07-04 03:52:24.741 14405 14405 I AconfigPackage: com.android.art.flags is mapped to com.android.art
07-04 03:52:24.742 14405 14405 I AconfigPackage: com.android.libcore is mapped to com.android.art
07-04 03:52:24.742 14405 14405 I AconfigPackage: com.android.media.extractor.flags is mapped to com.android.media
07-04 03:52:24.744 14405 14405 I AconfigPackage: com.android.media.mainline.flags is mapped to com.android.media
07-04 03:52:24.746 14405 14405 I AconfigPackage: com.android.wifi.flags is mapped to com.android.wifi
07-04 03:52:24.746 14405 14405 I AconfigPackage: com.android.org.conscrypt.flags is mapped to com.android.conscrypt
07-04 03:52:24.747 14405 14405 I AconfigPackage: com.android.healthfitness.flags is mapped to com.android.healthfitness
07-04 03:52:24.748 14405 14405 I AconfigPackage: com.google.android.input.twoshay.flags is mapped to vendor
07-04 03:52:24.748 14405 14405 I AconfigPackage: libgooglecamerahal.flags is mapped to vendor
07-04 03:52:24.748 14405 14405 I AconfigPackage: com.android.ipsec.flags is mapped to com.android.ipsec
