07-04 03:52:24.750 14405 14405 I AconfigPackage: com.android.nfc.module.flags is mapped to com.android.nfcservices
07-04 03:52:24.750 14405 14405 I AconfigPackage: com.android.adservices.ondevicepersonalization.flags is mapped to com.android.ondevicepersonalization
07-04 03:52:24.751 14405 14405 I AconfigPackage: com.android.bluetooth.flags is mapped to com.android.bt
07-04 03:52:24.752 14405 14405 I AconfigPackage: com.android.devicelock.flags is mapped to com.android.devicelock
07-04 03:52:24.752 14405 14405 I AconfigPackage: android.os.profiling is mapped to com.android.profiling
07-04 03:52:24.752 14405 14405 I AconfigPackage: com.android.os.statsd.flags is mapped to com.android.os.statsd
07-04 03:52:24.752 14405 14405 I AconfigPackage: com.android.cellbroadcastreceiver.flags is mapped to com.android.cellbroadcast
07-04 03:52:24.752 14405 14405 I AconfigPackage: com.android.adservices.flags is mapped to com.android.adservices
07-04 03:52:24.753 14405 14405 I AconfigPackage: com.android.sdksandbox.flags is mapped to com.android.adservices
07-04 03:52:24.753 14405 14405 I AconfigPackage: com.android.uwb.flags is mapped to com.android.uwb
07-04 03:52:24.754 14405 14405 I AconfigPackage: com.android.ranging.flags is mapped to com.android.uwb
07-04 03:52:24.754 14405 14405 I AconfigPackage: android.graphics.pdf.flags is mapped to com.android.mediaprovider
07-04 03:52:24.755 14405 14405 I AconfigPackage: com.android.providers.media.flags is mapped to com.android.mediaprovider
07-04 03:52:24.755 14405 14405 I AconfigPackage: android.graphics.pdf.flags.readonly is mapped to com.android.mediaprovider
07-04 03:52:24.756 14405 14405 I AconfigPackage: com.android.net.ct.flags is mapped to com.android.tethering
07-04 03:52:24.757 14405 14405 I AconfigPackage: com.android.net.flags is mapped to com.android.tethering
07-04 03:52:24.757 14405 14405 I AconfigPackage: android.net.vcn is mapped to com.android.tethering
07-04 03:52:24.757 14405 14405 I AconfigPackage: com.android.nearby.flags is mapped to com.android.tethering
07-04 03:52:24.757 14405 14405 I AconfigPackage: android.net.http is mapped to com.android.tethering
07-04 03:52:24.757 14405 14405 I AconfigPackage: com.android.net.thread.flags is mapped to com.android.tethering
07-04 03:52:24.758 14405 14405 I AconfigPackage: com.android.system.virtualmachine.flags is mapped to com.android.virt
07-04 03:52:24.758 14405 14405 E FeatureFlagsImplExport: android.os.flagging.AconfigStorageReadException: ERROR_PACKAGE_NOT_FOUND: package android.xr cannot be found on the device
07-04 03:52:24.760 14405 14405 D UiAutomationConnection: Created on user UserHandle{0}
07-04 03:52:24.760 14405 14405 I UiAutomation: Initialized for user 0 on display 0
07-04 03:52:24.760 14405 14405 W UiAutomation: Created with deprecatead constructor, assumes DEFAULT_DISPLAY
07-04 03:52:24.762   706  2067 D AccessibilityManagerService: changeCurrentUserForTestAutomationIfNeededLocked(0): ignoring because device doesn't support visible background users
07-04 03:52:24.762   706  2067 I UiAutomationManager: Registering UiTestAutomationService (id=com.android.server.accessibility/UiAutomation, flags=0x0) when called by user 0
07-04 03:52:24.763   706  2067 V AccessibilityManagerService: onUserStateChangedLocked for userId: 0, forceUpdate: false
07-04 03:52:24.767   706  2067 W MagnificationConnectionManager: requestConnection duplicated request: connect=false, mConnectionState=DISCONNECTED
07-04 03:52:24.769  1528  2213 I AiAiEcho: Settings changed for uri: content://settings/secure/accessibility_enabled
07-04 03:52:24.769   706   706 W IPCThreadState: Sending oneway calls to frozen process.
07-04 03:52:24.769   706   706 W IPCThreadState: Sending oneway calls to frozen process.
07-04 03:52:24.769   706   706 W IPCThreadState: Sending oneway calls to frozen process.
07-04 03:52:24.769   706   706 W IPCThreadState: Sending oneway calls to frozen process.
07-04 03:52:24.770   706   706 W IPCThreadState: Sending oneway calls to frozen process.
07-04 03:52:24.770   706   706 W IPCThreadState: Sending oneway calls to frozen process.
07-04 03:52:24.770   706   706 W IPCThreadState: Sending oneway calls to frozen process.
07-04 03:52:24.770   706   706 W IPCThreadState: Sending oneway calls to frozen process.
07-04 03:52:24.770   706   706 W IPCThreadState: Sending oneway calls to frozen process.
07-04 03:52:24.770   706   706 W IPCThreadState: Sending oneway calls to frozen process.
07-04 03:52:24.770   706   706 W IPCThreadState: Sending oneway calls to frozen process.
07-04 03:52:24.770   706   706 W IPCThreadState: Sending oneway calls to frozen process.
07-04 03:52:24.770   706   706 W IPCThreadState: Sending oneway calls to frozen process.
07-04 03:52:24.770  1528  1766 I AiAiEcho: Predicting[0]:  [CONTEXT sampling_count=5 ]
07-04 03:52:24.771   706   706 W IPCThreadState: Sending oneway calls to frozen process.
07-04 03:52:24.771   706   706 W IPCThreadState: Sending oneway calls to frozen process.
07-04 03:52:24.771  1528  1766 I AiAiEcho: EchoTargets:
07-04 03:52:24.771  1528  1766 I AiAiEcho: Filtered by AiAi flag check:
07-04 03:52:24.771  1528  1766 I AiAiEcho: [CONTEXT ratelimit_period="10 SECONDS" ]
07-04 03:52:24.771   706   706 W IPCThreadState: Sending oneway calls to frozen process.
07-04 03:52:24.771   706   706 W IPCThreadState: Sending oneway calls to frozen process.
07-04 03:52:24.771   706   706 W IPCThreadState: Sending oneway calls to frozen process.
07-04 03:52:24.772  1528  1766 I AiAiEcho: #remoteViewsTwiddler: feature disabled.
07-04 03:52:24.772  1528  1766 I AiAiEcho: Predicting[0]:  [CONTEXT sampling_count=5 ]
07-04 03:52:24.772  1528  1766 I AiAiEcho: EchoTargets:
07-04 03:52:24.772  1528  1766 I AiAiEcho: Filtered by AiAi flag check:
07-04 03:52:24.772  1528  1766 I AiAiEcho: [CONTEXT ratelimit_period="10 SECONDS" ]
07-04 03:52:24.772  1528  1766 I AiAiEcho: #remoteViewsTwiddler: feature disabled.
07-04 03:52:24.773  1528  1766 I AiAiEcho: #postPredictionTargets: Sending updates to UISurface lockscreen with targets# 0 (types=[])
07-04 03:52:24.773   706   706 W IPCThreadState: Sending oneway calls to frozen process.
07-04 03:52:24.774   706   706 W IPCThreadState: Sending oneway calls to frozen process.
07-04 03:52:24.774   706   706 W IPCThreadState: Sending oneway calls to frozen process.
07-04 03:52:24.774   706   706 W IPCThreadState: Sending oneway calls to frozen process.
07-04 03:52:24.775   706   706 W IPCThreadState: Sending oneway calls to frozen process.
07-04 03:52:24.775   706   706 W IPCThreadState: Sending oneway calls to frozen process.
07-04 03:52:24.776   706   706 W IPCThreadState: Sending oneway calls to frozen process.
07-04 03:52:24.776   706   706 W IPCThreadState: Sending oneway calls to frozen process.
07-04 03:52:24.778 14405 14416 V UiAutomation: Init UiAutomation@140a44c[id=291, displayId=0, flags=0]
07-04 03:52:24.778   706  2067 V AccessibilityManagerService: onUserStateChangedLocked for userId: 0, forceUpdate: false
07-04 03:52:24.779  1528  1766 I AiAiEcho: #postPredictionTargets: Sending updates to UISurface home with targets# 0 (types=[])
07-04 03:52:24.780   967   967 W PageIndicator: Total number of pages invalid: 0. Assuming 1 page.
07-04 03:52:24.781   706  2067 W MagnificationConnectionManager: requestConnection duplicated request: connect=false, mConnectionState=DISCONNECTED
07-04 03:52:24.783   706   706 W IPCThreadState: Sending oneway calls to frozen process.
07-04 03:52:24.785  1528  1537 I AiAiEcho: Settings changed for uri: content://settings/secure/accessibility_enabled
07-04 03:52:24.785   706   706 W IPCThreadState: Sending oneway calls to frozen process.
07-04 03:52:24.785   706   706 W IPCThreadState: Sending oneway calls to frozen process.
07-04 03:52:24.788   706   706 W IPCThreadState: Sending oneway calls to frozen process.
07-04 03:52:24.788  1528  1766 I AiAiEcho: Predicting[0]:  [CONTEXT sampling_count=5 ]
07-04 03:52:24.788  1528  1766 I AiAiEcho: EchoTargets:
07-04 03:52:24.788  1528  1766 I AiAiEcho: Filtered by AiAi flag check:
07-04 03:52:24.788  1528  1766 I AiAiEcho: [CONTEXT ratelimit_period="10 SECONDS" ]
07-04 03:52:24.788  1129  1129 D SsBaseTemplateCard: No text view can be set up
07-04 03:52:24.788  1528  1766 I AiAiEcho: #remoteViewsTwiddler: feature disabled.
07-04 03:52:24.789  1129  1129 D SsBaseTemplateCard: Passed-in item info is null
07-04 03:52:24.789  1129  1129 D SsBaseTemplateCard: Passed-in item info is null
07-04 03:52:24.789  1528  1766 I AiAiEcho: Predicting[0]:  [CONTEXT sampling_count=5 ]
07-04 03:52:24.789  1129  1129 D SsBaseTemplateCard: Passed-in item info is null
07-04 03:52:24.789  1129  1129 I SsBaseTemplateCard: Secondary card pane is null
07-04 03:52:24.789  1528  1766 I AiAiEcho: EchoTargets:
07-04 03:52:24.789  1528  1766 I AiAiEcho: Filtered by AiAi flag check:
07-04 03:52:24.789  1528  1766 I AiAiEcho: [CONTEXT ratelimit_period="10 SECONDS" ]
07-04 03:52:24.789   706   706 W IPCThreadState: Sending oneway calls to frozen process.
07-04 03:52:24.789   706   706 W IPCThreadState: Sending oneway calls to frozen process.
07-04 03:52:24.790   706   706 W IPCThreadState: Sending oneway calls to frozen process.
07-04 03:52:24.789  1528  1766 I AiAiEcho: #remoteViewsTwiddler: feature disabled.
07-04 03:52:24.790   706   706 W IPCThreadState: Sending oneway calls to frozen process.
07-04 03:52:24.791  1528  1766 I AiAiEcho: #postPredictionTargets: Sending updates to UISurface lockscreen with targets# 0 (types=[])
07-04 03:52:24.791   706   706 W IPCThreadState: Sending oneway calls to frozen process.
07-04 03:52:24.791   706   706 W IPCThreadState: Sending oneway calls to frozen process.
07-04 03:52:24.791   706   706 W IPCThreadState: Sending oneway calls to frozen process.
07-04 03:52:24.791   706   706 W IPCThreadState: Sending oneway calls to frozen process.
07-04 03:52:24.791  1528  1766 I AiAiEcho: #postPredictionTargets: Sending updates to UISurface home with targets# 0 (types=[])
07-04 03:52:24.791   706   706 W IPCThreadState: Sending oneway calls to frozen process.
07-04 03:52:24.791   967   967 W PageIndicator: Total number of pages invalid: 0. Assuming 1 page.
07-04 03:52:24.792   706   706 W IPCThreadState: Sending oneway calls to frozen process.
07-04 03:52:24.792   706   706 W IPCThreadState: Sending oneway calls to frozen process.
07-04 03:52:24.792   706   706 W IPCThreadState: Sending oneway calls to frozen process.
07-04 03:52:24.792   706   706 W IPCThreadState: Sending oneway calls to frozen process.
07-04 03:52:24.792   706   706 W IPCThreadState: Sending oneway calls to frozen process.
07-04 03:52:24.792  1129  1129 D SsBaseTemplateCard: No text view can be set up
07-04 03:52:24.792  1129  1129 D SsBaseTemplateCard: Passed-in item info is null
07-04 03:52:24.793  1129  1129 D SsBaseTemplateCard: Passed-in item info is null
07-04 03:52:24.793  1129  1129 D SsBaseTemplateCard: Passed-in item info is null
07-04 03:52:24.793   706   706 W IPCThreadState: Sending oneway calls to frozen process.
07-04 03:52:24.793  1129  1129 I SsBaseTemplateCard: Secondary card pane is null
07-04 03:52:24.793   706   706 W IPCThreadState: Sending oneway calls to frozen process.
07-04 03:52:24.794   706   706 W IPCThreadState: Sending oneway calls to frozen process.
07-04 03:52:24.794   706   706 W IPCThreadState: Sending oneway calls to frozen process.
07-04 03:52:24.794   706   706 W IPCThreadState: Sending oneway calls to frozen process.
07-04 03:52:24.794   706   706 W IPCThreadState: Sending oneway calls to frozen process.
07-04 03:52:24.795   706   706 W IPCThreadState: Sending oneway calls to frozen process.
07-04 03:52:24.796   706   706 W IPCThreadState: Sending oneway calls to frozen process.
07-04 03:52:24.796   706   706 W IPCThreadState: Sending oneway calls to frozen process.
07-04 03:52:24.796   706   706 W IPCThreadState: Sending oneway calls to frozen process.
07-04 03:52:24.796   706   706 W IPCThreadState: Sending oneway calls to frozen process.
07-04 03:52:24.796   706   706 D BatterySaverPolicy: accessibility changed to true, updating policy.
07-04 03:52:25.386   706   871 D WifiClientModeImpl[23202:wlan0]: updateLinkLayerStatsRssiSpeedFrequencyCapabilities rssi=-50 TxLinkspeed=1 freq=2447 RxLinkSpeed=2
07-04 03:52:25.389   706   871 D WifiDataStall: tx tput in kbps: 11000
07-04 03:52:25.389   706   871 D WifiDataStall: rx tput in kbps: 11000
07-04 03:52:25.389   706   871 V WifiConfigManager: Updating scan detail cache freq=2447 BSSID=00:13:10:85:fe:01 RSSI=-50 for "AndroidWifi"NONE
07-04 03:52:25.390   706   871 D WifiThroughputPredictor:  utilization (LLS) 80 isBluetoothConnected: false final utilization: 80
07-04 03:52:25.390   706   871 D WifiThroughputPredictor:  BW: 0 RSSI: -50 Nss: 1 Mode: 1 symDur: 4000 snrDb 30 bitPerTone: 4500 rate: 54 throughput: 11
07-04 03:52:25.390   706   871 D WifiThroughputPredictor:  utilization (LLS) 80 isBluetoothConnected: false final utilization: 80
07-04 03:52:25.391   706   871 D WifiThroughputPredictor:  BW: 0 RSSI: -50 Nss: 1 Mode: 1 symDur: 4000 snrDb 30 bitPerTone: 4500 rate: 54 throughput: 11
07-04 03:52:25.391   706   871 D WifiThroughputPredictor:  utilization (LLS) 80 isBluetoothConnected: false final utilization: 80
07-04 03:52:25.391   706   871 D WifiThroughputPredictor:  BW: 0 RSSI: -50 Nss: 1 Mode: 1 symDur: 4000 snrDb 30 bitPerTone: 4500 rate: 54 throughput: 11
07-04 03:52:25.392   706   871 D WifiThroughputPredictor:  utilization (LLS) 80 isBluetoothConnected: false final utilization: 80
07-04 03:52:25.394   706   871 D WifiThroughputPredictor:  BW: 0 RSSI: -50 Nss: 1 Mode: 1 symDur: 4000 snrDb 30 bitPerTone: 4500 rate: 54 throughput: 11
07-04 03:52:25.396   706   871 D WifiScoreCard: BSSID update SIGNAL_POLL ID: 2146055532 SSID: "AndroidWifi", BSSID: 00:13:10:85:fe:01, MAC: 02:15:b4:00:00:00, IP: /10.0.2.17, Security type: 0, Supplicant state: COMPLETED, Wi-Fi standard: legacy, RSSI: -50, Link speed: 1Mbps, Tx Link speed: 1Mbps, Max Supported Tx Link speed: 11Mbps, Rx Link speed: 2Mbps, Max Supported Rx Link speed: 11Mbps, Frequency: 2447MHz, Net ID: 0, Metered hint: false, score: 60, isUsable: true, CarrierMerged: false, SubscriptionId: -1, IsPrimary: 1, Trusted: true, Restricted: false, Ephemeral: false, OEM paid: false, OEM private: false, OSU AP: false, FQDN: <none>, Provider friendly name: <none>, Requesting package name: <none>"AndroidWifi"openMLO Information: , Is TID-To-Link negotiation supported by the AP: false, AP MLD Address: <none>, AP MLO Link Id: <none>, AP MLO Affiliated links: <none>, Vendor Data: <none>
07-04 03:52:25.396   706   871 D WifiScoreCard: txRate: 1 txSpeed: 1
07-04 03:52:25.396   706   871 D WifiScoreCard: network update SIGNAL_POLL "AndroidWifi" ID: 290235138 RSSI -50 txSpeed -1
07-04 03:52:25.396   706   871 D WifiClientModeImpl[23202:wlan0]:  ClientModeImpl$L2ConnectedState screen=on 1 0 "AndroidWifi" 00:13:10:85:fe:01 rssi=-50 f=2447 sc=60 link=1 tx=0.0, 0.0, 0.0 rx=0.0 bcn=0 [on:0 tx:0 rx:0 period:3018] from screen [on:0 period:722117556] score=60
07-04 03:52:25.692  1506  1506 D WM-DelayedWorkTracker: Scheduling work d603e51a-9638-47ca-9ef7-d6c59c619f94
07-04 03:52:25.694  1506  1506 D WM-GreedyScheduler: Starting tracking for d603e51a-9638-47ca-9ef7-d6c59c619f94
07-04 03:52:25.697  1506  1662 D WM-ConstraintTracker: BatteryNotLowTracker: initial state = true
07-04 03:52:25.697  1506  1662 D WM-BrdcstRcvrCnstrntTrc: BatteryNotLowTracker: registering receiver
07-04 03:52:25.701  1506  1662 D WM-GreedyScheduler: Constraints met: Scheduling work ID WorkGenerationalId(workSpecId=d603e51a-9638-47ca-9ef7-d6c59c619f94, generation=0)
07-04 03:52:25.705  1506  1662 D WM-Processor: Processor: processing WorkGenerationalId(workSpecId=d603e51a-9638-47ca-9ef7-d6c59c619f94, generation=0)
07-04 03:52:25.710  1506  1506 D WM-WorkerWrapper: Starting work for com.android.providers.media.photopicker.sync.ProactiveSyncWorker
07-04 03:52:25.712  1506  6079 I PSyncWorker: Starting proactive picker sync from sync source: 1
07-04 03:52:25.713  1506  6079 I PickerSyncTracker: Created new sync future java.util.concurrent.CompletableFuture@48ad8e4[Not completed, 1 dependents]. Future map: {d603e51a-9638-47ca-9ef7-d6c59c619f94=java.util.concurrent.CompletableFuture@48ad8e4[Not completed, 1 dependents]}
07-04 03:52:25.714  1506  6079 D PickerSyncController: syncAllMediaFromProvider() LOCAL, auth=com.android.providers.media.photopicker, retry=true
07-04 03:52:25.714  1506  6079 D PickerSyncController: getSyncRequestParams() LOCAL, auth=com.android.providers.media.photopicker
07-04 03:52:25.720  1506  6079 D PickerSyncController:    Latest ID/Gen=7cb2da8e3887eeff:external_primary/1059
07-04 03:52:25.721  1506  6079 D PickerSyncController:    Cached ID/Gen=7cb2da8e3887eeff:external_primary/1047
07-04 03:52:25.721  1506  6079 D PickerSyncController:    RESULT=SyncRequestParams{type=MEDIA_INCREMENTAL, gen=1047, latest=Bundle[{last_media_sync_generation=1059, media_collection_id=7cb2da8e3887eeff:external_primary}], pageSize=1000}
07-04 03:52:25.722  1506  6079 I PickerSyncController: Executing SyncAdd. isLocal: true. authority: com.android.providers.media.photopicker
07-04 03:52:25.722  1506  6079 D PickerSyncLockManager: Trying to acquire lock com.android.providers.media.photopicker.sync.CloseableReentrantLock@ee89538[Unlocked]. Lock Name = CLOUD_PROVIDER_LOCK. Threads that may be waiting to acquire this lock = [] with timeout.
07-04 03:52:25.723  1506  6079 D CloseableReentrantLock: Successfully acquired lock com.android.providers.media.photopicker.sync.CloseableReentrantLock@ee89538[Locked by thread pool-4-thread-4]. Lock Name = CLOUD_PROVIDER_LOCK. Threads that may be waiting to acquire this lock = []
07-04 03:52:25.724  1506  6079 D CloseableReentrantLock: Successfully released lock com.android.providers.media.photopicker.sync.CloseableReentrantLock@ee89538[Unlocked]. Lock Name = CLOUD_PROVIDER_LOCK. Threads that may be waiting to acquire this lock = []
07-04 03:52:25.724  1506  6079 D ExternalDbFacade: Token received for queryMedia = null
07-04 03:52:25.728  1506  6079 D PickerSyncLockManager: Trying to acquire lock com.android.providers.media.photopicker.sync.CloseableReentrantLock@ee89538[Unlocked]. Lock Name = CLOUD_PROVIDER_LOCK. Threads that may be waiting to acquire this lock = [] with timeout.
07-04 03:52:25.729  1506  6079 D CloseableReentrantLock: Successfully acquired lock com.android.providers.media.photopicker.sync.CloseableReentrantLock@ee89538[Locked by thread pool-4-thread-4]. Lock Name = CLOUD_PROVIDER_LOCK. Threads that may be waiting to acquire this lock = []
07-04 03:52:25.729  1506  6079 D PickerSyncController: Clearing next page token for key: local_provider:media_add:resume
07-04 03:52:25.730  1506  6079 D CloseableReentrantLock: Successfully released lock com.android.providers.media.photopicker.sync.CloseableReentrantLock@ee89538[Unlocked]. Lock Name = CLOUD_PROVIDER_LOCK. Threads that may be waiting to acquire this lock = []
07-04 03:52:25.730  1506  6079 D PickerNotificationSender: Sending a notification for media update
07-04 03:52:25.734  1506  6079 D PickerNotificationSender: Sending a notification for merged album media update Videos
07-04 03:52:25.734  1506  6079 D PickerNotificationSender: Sending a notification for album media update Videos
07-04 03:52:25.736  1506  6079 D PickerNotificationSender: Sending a notification for merged album media update Favorites
07-04 03:52:25.736  1506  6079 D PickerNotificationSender: Sending a notification for album media update Favorites
07-04 03:52:25.736  1506  6079 I PickerSyncController: Paged sync successful. QueryArgs: Bundle[{android.provider.extra.SYNC_GENERATION=1047, android.provider.extra.PAGE_SIZE=1000}] Total Rows: 0
07-04 03:52:25.737  1506  6079 I PickerSyncController: Executing SyncRemove. isLocal: true. authority: com.android.providers.media.photopicker
07-04 03:52:25.737  1506  6079 D PickerSyncLockManager: Trying to acquire lock com.android.providers.media.photopicker.sync.CloseableReentrantLock@ee89538[Unlocked]. Lock Name = CLOUD_PROVIDER_LOCK. Threads that may be waiting to acquire this lock = [] with timeout.
07-04 03:52:25.738  1506  6079 D CloseableReentrantLock: Successfully acquired lock com.android.providers.media.photopicker.sync.CloseableReentrantLock@ee89538[Locked by thread pool-4-thread-4]. Lock Name = CLOUD_PROVIDER_LOCK. Threads that may be waiting to acquire this lock = []
07-04 03:52:25.738  1506  6079 D CloseableReentrantLock: Successfully released lock com.android.providers.media.photopicker.sync.CloseableReentrantLock@ee89538[Unlocked]. Lock Name = CLOUD_PROVIDER_LOCK. Threads that may be waiting to acquire this lock = []
07-04 03:52:25.742  1506  6079 E PickerDbFacade: Could not get first date taken millis for media id: 112
07-04 03:52:25.742  1506  6079 W PickerDbFacade: Unable to promote cloud media with localId: 112
07-04 03:52:25.742  1506  6079 D PickerSyncLockManager: Trying to acquire lock com.android.providers.media.photopicker.sync.CloseableReentrantLock@ee89538[Unlocked]. Lock Name = CLOUD_PROVIDER_LOCK. Threads that may be waiting to acquire this lock = [] with timeout.
07-04 03:52:25.743  1506  6079 D CloseableReentrantLock: Successfully acquired lock com.android.providers.media.photopicker.sync.CloseableReentrantLock@ee89538[Locked by thread pool-4-thread-4]. Lock Name = CLOUD_PROVIDER_LOCK. Threads that may be waiting to acquire this lock = []
07-04 03:52:25.743  1506  6079 D PickerSyncController: Clearing next page token for key: local_provider:media_remove:resume
07-04 03:52:25.743  1506  6079 D CloseableReentrantLock: Successfully released lock com.android.providers.media.photopicker.sync.CloseableReentrantLock@ee89538[Unlocked]. Lock Name = CLOUD_PROVIDER_LOCK. Threads that may be waiting to acquire this lock = []
07-04 03:52:25.743  1506  6079 D PickerNotificationSender: Sending a notification for media update
07-04 03:52:25.748  1506  6079 D PickerNotificationSender: Sending a notification for merged album media update Videos
07-04 03:52:25.749  1506  6079 D PickerNotificationSender: Sending a notification for album media update Videos
07-04 03:52:25.751  1506  6079 D PickerNotificationSender: Sending a notification for merged album media update Favorites
07-04 03:52:25.752  1506  6079 D PickerNotificationSender: Sending a notification for album media update Favorites
07-04 03:52:25.753  1506  6079 I PickerSyncController: Paged sync successful. QueryArgs: Bundle[{android.provider.extra.SYNC_GENERATION=1047, android.provider.extra.PAGE_SIZE=1000}] Total Rows: 0
07-04 03:52:25.755  1506  6079 I PickerSyncTracker: Marked sync future complete for work id: d603e51a-9638-47ca-9ef7-d6c59c619f94. Future map: {}
07-04 03:52:25.755  1506  6079 I PSyncWorker: Completed picker proactive sync complete from local provider.
07-04 03:52:25.759  1506  1809 I WM-WorkerWrapper: Worker result SUCCESS for Work [ id=d603e51a-9638-47ca-9ef7-d6c59c619f94, tags={ com.android.providers.media.photopicker.sync.ProactiveSyncWorker } ]
07-04 03:52:25.765  1506  1506 D WM-Processor: Processor d603e51a-9638-47ca-9ef7-d6c59c619f94 executed; reschedule = false
07-04 03:52:25.767  1506  1506 D WM-GreedyScheduler: Stopping tracking for WorkGenerationalId(workSpecId=d603e51a-9638-47ca-9ef7-d6c59c619f94, generation=0)
07-04 03:52:25.787  1506  1818 D WM-GreedyScheduler: Cancelling work ID d603e51a-9638-47ca-9ef7-d6c59c619f94
07-04 03:52:25.791  1506  1818 D WM-GreedyScheduler: Ignoring {WorkSpec: b7deacdd-77b4-4f95-8e2e-9470c54412a8}. Requires device idle.
07-04 03:52:25.791  1506  1818 D WM-GreedyScheduler: Ignoring {WorkSpec: 28d75524-0f78-4938-ae95-25d396d3275c}. Requires device idle.
07-04 03:52:25.791  1506  1818 D WM-BrdcstRcvrCnstrntTrc: BatteryNotLowTracker: unregistering receiver
07-04 03:52:25.802   706   742 W IPCThreadState: Sending oneway calls to frozen process.
07-04 03:52:25.815  1496 14420 I GmscoreIpa: Starting mediastore instant index [CONTEXT service_id=255 ]
07-04 03:52:25.830 14405 14405 W AccessibilityNodeInfoDumper: Fetch time: 2ms
07-04 03:52:25.838   706   788 V AccessibilityManagerService: onUserStateChangedLocked for userId: 0, forceUpdate: false
07-04 03:52:25.851   706   788 W MagnificationConnectionManager: requestConnection duplicated request: connect=false, mConnectionState=DISCONNECTED
07-04 03:52:25.853   706   788 D AccessibilityManagerService: restoreCurrentUserForTestAutomationIfNeededLocked(): ignoring because device doesn't support visible background users
07-04 03:52:25.854   706   706 W IPCThreadState: Sending oneway calls to frozen process.
07-04 03:52:25.854   706   706 W IPCThreadState: Sending oneway calls to frozen process.
07-04 03:52:25.854   706   706 W IPCThreadState: Sending oneway calls to frozen process.
07-04 03:52:25.854   706   706 W IPCThreadState: Sending oneway calls to frozen process.
07-04 03:52:25.855   706   706 W IPCThreadState: Sending oneway calls to frozen process.
07-04 03:52:25.855  1528  1537 I AiAiEcho: Settings changed for uri: content://settings/secure/accessibility_enabled
07-04 03:52:25.857   706   706 W IPCThreadState: Sending oneway calls to frozen process.
07-04 03:52:25.857   706   706 W IPCThreadState: Sending oneway calls to frozen process.
07-04 03:52:25.857   706   706 W IPCThreadState: Sending oneway calls to frozen process.
07-04 03:52:25.858  1528  1766 I AiAiEcho: Predicting[0]:  [CONTEXT sampling_count=5 ]
07-04 03:52:25.858  1528  1766 I AiAiEcho: EchoTargets:
07-04 03:52:25.858  1528  1766 I AiAiEcho: Filtered by AiAi flag check:
07-04 03:52:25.858  1528  1766 I AiAiEcho: [CONTEXT ratelimit_period="10 SECONDS" ]
07-04 03:52:25.858   706   706 W IPCThreadState: Sending oneway calls to frozen process.
07-04 03:52:25.859   706   706 W IPCThreadState: Sending oneway calls to frozen process.
07-04 03:52:25.859  1528  1766 I AiAiEcho: #remoteViewsTwiddler: feature disabled.
07-04 03:52:25.859   706   706 W IPCThreadState: Sending oneway calls to frozen process.
07-04 03:52:25.859  1528  1766 I AiAiEcho: Predicting[0]:  [CONTEXT sampling_count=5 ]
07-04 03:52:25.859  1528  1766 I AiAiEcho: EchoTargets:
07-04 03:52:25.859  1528  1766 I AiAiEcho: Filtered by AiAi flag check:
07-04 03:52:25.859  1528  1766 I AiAiEcho: [CONTEXT ratelimit_period="10 SECONDS" ]
07-04 03:52:25.859   706   706 W IPCThreadState: Sending oneway calls to frozen process.
07-04 03:52:25.859   706   706 W IPCThreadState: Sending oneway calls to frozen process.
07-04 03:52:25.859  1528  1766 I AiAiEcho: #remoteViewsTwiddler: feature disabled.
07-04 03:52:25.859   706   706 W IPCThreadState: Sending oneway calls to frozen process.
07-04 03:52:25.860   706   706 W IPCThreadState: Sending oneway calls to frozen process.
07-04 03:52:25.860   706   706 W IPCThreadState: Sending oneway calls to frozen process.
07-04 03:52:25.860   706   706 W IPCThreadState: Sending oneway calls to frozen process.
07-04 03:52:25.860   706   706 W IPCThreadState: Sending oneway calls to frozen process.
07-04 03:52:25.860  1528  1766 I AiAiEcho: #postPredictionTargets: Sending updates to UISurface lockscreen with targets# 0 (types=[])
07-04 03:52:25.860   706   706 W IPCThreadState: Sending oneway calls to frozen process.
07-04 03:52:25.860   706   706 W IPCThreadState: Sending oneway calls to frozen process.
07-04 03:52:25.860   706   706 W IPCThreadState: Sending oneway calls to frozen process.
07-04 03:52:25.860   706   706 W IPCThreadState: Sending oneway calls to frozen process.
07-04 03:52:25.861   706   706 W IPCThreadState: Sending oneway calls to frozen process.
07-04 03:52:25.861   706   706 W IPCThreadState: Sending oneway calls to frozen process.
07-04 03:52:25.861   706   706 W IPCThreadState: Sending oneway calls to frozen process.
07-04 03:52:25.862   706   706 W IPCThreadState: Sending oneway calls to frozen process.
07-04 03:52:25.862   706   706 W IPCThreadState: Sending oneway calls to frozen process.
07-04 03:52:25.862   706   706 W IPCThreadState: Sending oneway calls to frozen process.
07-04 03:52:25.862   706   706 W IPCThreadState: Sending oneway calls to frozen process.
07-04 03:52:25.862   706   706 W IPCThreadState: Sending oneway calls to frozen process.
07-04 03:52:25.863   706   706 W IPCThreadState: Sending oneway calls to frozen process.
07-04 03:52:25.863   706   706 W IPCThreadState: Sending oneway calls to frozen process.
07-04 03:52:25.863   706   706 W IPCThreadState: Sending oneway calls to frozen process.
07-04 03:52:25.864   706   706 D BatterySaverPolicy: accessibility changed to false, updating policy.
07-04 03:52:25.866  1528  1766 I AiAiEcho: #postPredictionTargets: Sending updates to UISurface home with targets# 0 (types=[])
07-04 03:52:25.870 14405 14405 D AndroidRuntime: Shutting down VM
07-04 03:52:25.871 14405 14413 W IPCThreadState: call to talkWithDriver in joinThreadPool returned error: -9 (Bad file descriptor), FD: -1
07-04 03:52:25.871 14405 14414 W IPCThreadState: call to talkWithDriver in joinThreadPool returned error: -9 (Bad file descriptor), FD: -1
07-04 03:52:25.872 14405 14417 W IPCThreadState: call to talkWithDriver in joinThreadPool returned error: -9 (Bad file descriptor), FD: -1
07-04 03:52:25.873 14405 14418 W IPCThreadState: call to talkWithDriver in joinThreadPool returned error: -9 (Bad file descriptor), FD: -1
07-04 03:52:25.884   967   967 W PageIndicator: Total number of pages invalid: 0. Assuming 1 page.
07-04 03:52:25.884  1129  1129 D SsBaseTemplateCard: No text view can be set up
07-04 03:52:25.884  1129  1129 D SsBaseTemplateCard: Passed-in item info is null
07-04 03:52:25.884  1129  1129 D SsBaseTemplateCard: Passed-in item info is null
07-04 03:52:25.884  1129  1129 D SsBaseTemplateCard: Passed-in item info is null
07-04 03:52:25.884  1129  1129 I SsBaseTemplateCard: Secondary card pane is null
07-04 03:52:26.819   706   788 W ActivityTaskManager: callingPackage for (uid=2000, pid=14424) has no WPC
07-04 03:52:26.821   706   788 V GrammaticalInflectionUtils: AttributionSource: AttributionSource { uid = 10217, packageName = null, attributionTag = null, token = android.os.Binder@a09104d, deviceId = 0, next = null } does not have READ_SYSTEM_GRAMMATICAL_GENDER permission.
07-04 03:52:26.822   706   788 W OptProp : Cannot read opt property android.window.PROPERTY_COMPAT_ALLOW_USER_ASPECT_RATIO_OVERRIDE
07-04 03:52:26.822   706   788 W OptProp : Cannot read opt property android.window.PROPERTY_COMPAT_ALLOW_USER_ASPECT_RATIO_FULLSCREEN_OVERRIDE
07-04 03:52:26.822   706   788 W OptProp : Cannot read opt property android.window.PROPERTY_COMPAT_ALLOW_RESIZEABLE_ACTIVITY_OVERRIDES
07-04 03:52:26.822   706   788 W OptProp : Cannot read opt property android.window.PROPERTY_COMPAT_ALLOW_MIN_ASPECT_RATIO_OVERRIDE
07-04 03:52:26.825   967  1100 D KeyguardService: setOccluded(false)
07-04 03:52:26.825   967  1100 D KeyguardViewMediator: setOccluded(false)
07-04 03:52:26.825   706   788 I ActivityTaskManager: START u0 {act=android.intent.action.VIEW dat=danio://qa/... flg=0x10000000 xflg=0x4 pkg=com.tiarnanlarkin.danio cmp=com.tiarnanlarkin.danio/.MainActivity} with LAUNCH_SINGLE_TOP from uid 2000 (BAL_ALLOW_PERMISSION) result code=3
07-04 03:52:26.826   558   824 I BpBinder: onLastStrongRef automatically unlinking death recipients:
07-04 03:52:26.827   967   967 D KeyguardViewMediator: handleSetOccluded(false)
07-04 03:52:26.829   967   967 D KeyguardViewMediator: KeyguardViewMediator queue processing message: SET_OCCLUDED
07-04 03:52:26.834   967  1045 D WindowManagerShell: onActivityRestartAttempt: topActivity=ComponentInfo{com.tiarnanlarkin.danio/com.tiarnanlarkin.danio.MainActivity}, wasVisible=true
07-04 03:52:26.834 13309 13392 D SessionLifecycleClient: Sending lifecycle 2 to service
07-04 03:52:26.837 13309 13408 D SessionLifecycleService: Activity backgrounding at 11066369
07-04 03:52:26.841 13309 13309 I flutter : [QA] Deep link: danio://qa/acclimation-guide
07-04 03:52:26.845 13309 13384 D SessionLifecycleClient: Sending lifecycle 1 to service
07-04 03:52:26.855 13309 13408 D SessionLifecycleService: Activity foregrounding at 11066378.
07-04 03:52:28.262   706   753 I WifiService: isFeatureSupported uid=1000 returns [WIFI_FEATURE_INFRA, WIFI_FEATURE_P2P, WIFI_FEATURE_MOBILE_HOTSPOT, WIFI_FEATURE_WPA3_SAE, WIFI_FEATURE_WPA3_SUITE_B, WIFI_FEATURE_OWE, WIFI_FEATURE_DPP, WIFI_FEATURE_AP_RAND_MAC, WIFI_FEATURE_MBO, WIFI_FEATURE_FILS_SHA256, WIFI_FEATURE_FILS_SHA384, WIFI_FEATURE_SAE_PK, WIFI_FEATURE_DPP_ENROLLEE_RESPONDER, WIFI_FEATURE_PASSPOINT_TERMS_AND_CONDITIONS, WIFI_FEATURE_WFD_R2, WIFI_FEATURE_DECORATED_IDENTITY, WIFI_FEATURE_TRUST_ON_FIRST_USE, WIFI_FEATURE_SET_TLS_MINIMUM_VERSION, WIFI_FEATURE_TLS_V1_3, WIFI_FEATURE_WEP, WIFI_FEATURE_WPA_PERSONAL]
07-04 03:52:28.270   706   753 E BluetoothPowerStatsCollector: Cannot acquire BluetoothActivityEnergyInfo
07-04 03:52:28.270   706   753 E BluetoothPowerStatsCollector: java.util.concurrent.ExecutionException: java.lang.RuntimeException: error: 11
07-04 03:52:28.270   706   753 E BluetoothPowerStatsCollector: 	at java.util.concurrent.CompletableFuture.reportGet(CompletableFuture.java:372)
07-04 03:52:28.270   706   753 E BluetoothPowerStatsCollector: 	at java.util.concurrent.CompletableFuture.get(CompletableFuture.java:2072)
07-04 03:52:28.270   706   753 E BluetoothPowerStatsCollector: 	at com.android.server.power.stats.BluetoothPowerStatsCollector.collectBluetoothActivityInfo(BluetoothPowerStatsCollector.java:192)
07-04 03:52:28.270   706   753 E BluetoothPowerStatsCollector: 	at com.android.server.power.stats.BluetoothPowerStatsCollector.collectStats(BluetoothPowerStatsCollector.java:155)
07-04 03:52:28.270   706   753 E BluetoothPowerStatsCollector: 	at com.android.server.power.stats.PowerStatsCollector.collectAndDeliverStats(PowerStatsCollector.java:176)
07-04 03:52:28.270   706   753 E BluetoothPowerStatsCollector: 	at com.android.server.power.stats.PowerStatsCollector$$ExternalSyntheticLambda0.run(R8$$SyntheticClass:0)
07-04 03:52:28.270   706   753 E BluetoothPowerStatsCollector: 	at android.os.Handler.handleCallback(Handler.java:995)
07-04 03:52:28.270   706   753 E BluetoothPowerStatsCollector: 	at android.os.Handler.dispatchMessage(Handler.java:103)
07-04 03:52:28.270   706   753 E BluetoothPowerStatsCollector: 	at android.os.Looper.loopOnce(Looper.java:248)
07-04 03:52:28.270   706   753 E BluetoothPowerStatsCollector: 	at android.os.Looper.loop(Looper.java:338)
07-04 03:52:28.270   706   753 E BluetoothPowerStatsCollector: 	at android.os.HandlerThread.run(HandlerThread.java:85)
07-04 03:52:28.270   706   753 E BluetoothPowerStatsCollector: Caused by: java.lang.RuntimeException: error: 11
07-04 03:52:28.270   706   753 E BluetoothPowerStatsCollector: 	at com.android.server.power.stats.BluetoothPowerStatsCollector$1.onBluetoothActivityEnergyInfoError(BluetoothPowerStatsCollector.java:181)
07-04 03:52:28.270   706   753 E BluetoothPowerStatsCollector: 	at android.bluetooth.BluetoothAdapter$OnBluetoothActivityEnergyInfoProxy.lambda$onBluetoothActivityEnergyInfoAvailable$0(BluetoothAdapter.java:1037)
07-04 03:52:28.270   706   753 E BluetoothPowerStatsCollector: 	at android.bluetooth.BluetoothAdapter$OnBluetoothActivityEnergyInfoProxy$$ExternalSyntheticLambda1.run(D8$$SyntheticClass:0)
07-04 03:52:28.270   706   753 E BluetoothPowerStatsCollector: 	at android.bluetooth.BluetoothUtils.lambda$executeFromBinder$0(BluetoothUtils.java:343)
07-04 03:52:28.270   706   753 E BluetoothPowerStatsCollector: 	at android.bluetooth.BluetoothUtils$$ExternalSyntheticLambda1.run(D8$$SyntheticClass:0)
07-04 03:52:28.270   706   753 E BluetoothPowerStatsCollector: 	at com.android.server.SystemServerInitThreadPool$$ExternalSyntheticLambda0.execute(R8$$SyntheticClass:0)
07-04 03:52:28.270   706   753 E BluetoothPowerStatsCollector: 	at android.bluetooth.BluetoothUtils.executeFromBinder(BluetoothUtils.java:343)
07-04 03:52:28.270   706   753 E BluetoothPowerStatsCollector: 	at android.bluetooth.BluetoothAdapter$OnBluetoothActivityEnergyInfoProxy.onBluetoothActivityEnergyInfoAvailable(BluetoothAdapter.java:1035)
07-04 03:52:28.270   706   753 E BluetoothPowerStatsCollector: 	at android.bluetooth.IBluetoothActivityEnergyInfoListener$Stub.onTransact(IBluetoothActivityEnergyInfoListener.java:98)
07-04 03:52:28.270   706   753 E BluetoothPowerStatsCollector: 	at android.os.Binder.execTransactInternal(Binder.java:1426)
07-04 03:52:28.270   706   753 E BluetoothPowerStatsCollector: 	at android.os.Binder.execTransact(Binder.java:1365)
07-04 03:52:28.400   706   871 D WifiClientModeImpl[23202:wlan0]: updateLinkLayerStatsRssiSpeedFrequencyCapabilities rssi=-50 TxLinkspeed=1 freq=2447 RxLinkSpeed=2
07-04 03:52:28.401   706   871 D WifiDataStall: tx tput in kbps: 11000
07-04 03:52:28.401   706   871 D WifiDataStall: rx tput in kbps: 11000
07-04 03:52:28.401   706   871 V WifiConfigManager: Updating scan detail cache freq=2447 BSSID=00:13:10:85:fe:01 RSSI=-50 for "AndroidWifi"NONE
07-04 03:52:28.402   706   871 D WifiThroughputPredictor:  utilization (LLS) 80 isBluetoothConnected: false final utilization: 80
07-04 03:52:28.402   706   871 D WifiThroughputPredictor:  BW: 0 RSSI: -50 Nss: 1 Mode: 1 symDur: 4000 snrDb 30 bitPerTone: 4500 rate: 54 throughput: 11
07-04 03:52:28.402   706   871 D WifiThroughputPredictor:  utilization (LLS) 80 isBluetoothConnected: false final utilization: 80
07-04 03:52:28.402   706   871 D WifiThroughputPredictor:  BW: 0 RSSI: -50 Nss: 1 Mode: 1 symDur: 4000 snrDb 30 bitPerTone: 4500 rate: 54 throughput: 11
07-04 03:52:28.403   706   871 D WifiThroughputPredictor:  utilization (LLS) 80 isBluetoothConnected: false final utilization: 80
07-04 03:52:28.403   706   871 D WifiThroughputPredictor:  BW: 0 RSSI: -50 Nss: 1 Mode: 1 symDur: 4000 snrDb 30 bitPerTone: 4500 rate: 54 throughput: 11
07-04 03:52:28.403   706   871 D WifiThroughputPredictor:  utilization (LLS) 80 isBluetoothConnected: false final utilization: 80
07-04 03:52:28.403   706   871 D WifiThroughputPredictor:  BW: 0 RSSI: -50 Nss: 1 Mode: 1 symDur: 4000 snrDb 30 bitPerTone: 4500 rate: 54 throughput: 11
07-04 03:52:28.405   706   871 D WifiScoreCard: BSSID update SIGNAL_POLL ID: 2146055532 SSID: "AndroidWifi", BSSID: 00:13:10:85:fe:01, MAC: 02:15:b4:00:00:00, IP: /10.0.2.17, Security type: 0, Supplicant state: COMPLETED, Wi-Fi standard: legacy, RSSI: -50, Link speed: 1Mbps, Tx Link speed: 1Mbps, Max Supported Tx Link speed: 11Mbps, Rx Link speed: 2Mbps, Max Supported Rx Link speed: 11Mbps, Frequency: 2447MHz, Net ID: 0, Metered hint: false, score: 60, isUsable: true, CarrierMerged: false, SubscriptionId: -1, IsPrimary: 1, Trusted: true, Restricted: false, Ephemeral: false, OEM paid: false, OEM private: false, OSU AP: false, FQDN: <none>, Provider friendly name: <none>, Requesting package name: <none>"AndroidWifi"openMLO Information: , Is TID-To-Link negotiation supported by the AP: false, AP MLD Address: <none>, AP MLO Link Id: <none>, AP MLO Affiliated links: <none>, Vendor Data: <none>
07-04 03:52:28.405   706   871 D WifiScoreCard: txRate: 1 txSpeed: 1
07-04 03:52:28.406   706   871 D WifiScoreCard: network update SIGNAL_POLL "AndroidWifi" ID: 290235138 RSSI -50 txSpeed -1
07-04 03:52:28.406   706   871 D WifiClientModeImpl[23202:wlan0]:  ClientModeImpl$L2ConnectedState screen=on 1 0 "AndroidWifi" 00:13:10:85:fe:01 rssi=-50 f=2447 sc=60 link=1 tx=0.0, 0.0, 0.0 rx=0.0 bcn=0 [on:0 tx:0 rx:0 period:3010] from screen [on:0 period:722120566] score=60
07-04 03:52:28.415  1121  1337 D SatelliteController: iisInCarrierRoamingNbIotNtn: satellite is disabled
07-04 03:52:28.828 14427 14427 W screencap: Thread Pool max thread count is 0. Cannot cache binder as linkToDeath cannot be implemented. serviceName: SurfaceFlingerAIDL
07-04 03:52:28.828 14427 14427 W BpBinder: Linking to death on android.gui.ISurfaceComposer but there are no threads (yet?) listening to incoming transactions. See ProcessState::startThreadPool and ProcessState::setThreadPoolMaxThreadCount. Generally you should setup the binder threadpool before other initialization steps.
07-04 03:52:28.830 14427 14427 W ProcessState: Extra binder thread started, but 0 threads requested. Do not use *startThreadPool when zero threads are requested.
07-04 03:52:28.856   558   824 E HwcComposer: getLuts failed Status(-8, EX_SERVICE_SPECIFIC): '8: '
07-04 03:52:28.856   558   824 E HWComposer: getLuts: getLuts failed for display 4619827259835644672: UNSUPPORTED (8)
07-04 03:52:28.853     0     0 I servicemanager: Caller(pid=14427,uid=2000,sid=u:r:shell:s0) Found android.hardware.graphics.allocator.IAllocator/default in device VINTF manifest.
07-04 03:52:28.859     0     0 I servicemanager: Caller(pid=14427,uid=2000,sid=u:r:shell:s0) Found android.hardware.graphics.allocator.IAllocator/default in device VINTF manifest.
07-04 03:52:28.861     0     0 I servicemanager: Caller(pid=14427,uid=2000,sid=u:r:shell:s0) Found mapper/ranchu in device VINTF manifest.
07-04 03:52:28.959  1506  3688 W MediaProvider: isAppCloneUserPair for user 0: false
07-04 03:52:29.214   706  1055 I ActivityManager: Broadcasting: Intent { act=android.intent.action.MEDIA_SCANNER_SCAN_FILE dat=file:///... flg=0x400000 }
07-04 03:52:29.217   706  1055 I ActivityManager: Enqueued broadcast Intent { act=android.intent.action.MEDIA_SCANNER_SCAN_FILE dat=file:///... flg=0x400000 }: 0
07-04 03:52:29.224   706  2088 W JobInfo : Job 'com.google.android.providers.media.module/com.android.providers.media.MediaService#-300' has a deadline with no functional constraints. The deadline won't improve job execution latency. Consider removing the deadline.
07-04 03:52:29.258   706   734 I ActivityManager: Broadcast completed: result=0
07-04 03:52:29.272  1506  1779 I MediaProvider: Begin Intent { act=android.intent.action.MEDIA_SCANNER_SCAN_FILE dat=file:///... flg=0x1400010 cmp=com.google.android.providers.media.module/com.android.providers.media.MediaService }
07-04 03:52:29.282  1506  1779 D ExifInterface: Invalid image: ExifInterface got an unsupported or corrupted image file
07-04 03:52:29.282  1506  1779 D ExifInterface: java.io.EOFException
07-04 03:52:29.282  1506  1779 D ExifInterface: 	at android.media.ExifInterface$ByteOrderedDataInputStream.readShort(ExifInterface.java:5045)
07-04 03:52:29.282  1506  1779 D ExifInterface: 	at android.media.ExifInterface.readByteOrder(ExifInterface.java:3996)
07-04 03:52:29.282  1506  1779 D ExifInterface: 	at android.media.ExifInterface.parseTiffHeaders(ExifInterface.java:4016)
07-04 03:52:29.282  1506  1779 D ExifInterface: 	at android.media.ExifInterface.getRawAttributes(ExifInterface.java:2975)
07-04 03:52:29.282  1506  1779 D ExifInterface: 	at android.media.ExifInterface.loadAttributes(ExifInterface.java:2023)
07-04 03:52:29.282  1506  1779 D ExifInterface: 	at android.media.ExifInterface.<init>(ExifInterface.java:1640)
07-04 03:52:29.282  1506  1779 D ExifInterface: 	at android.media.ExifInterface.<init>(ExifInterface.java:1591)
07-04 03:52:29.282  1506  1779 D ExifInterface: 	at com.android.providers.media.scan.ModernMediaScanner.scanItemImage(ModernMediaScanner.java:1713)
07-04 03:52:29.282  1506  1779 D ExifInterface: 	at com.android.providers.media.scan.ModernMediaScanner.scanItem(ModernMediaScanner.java:1306)
07-04 03:52:29.282  1506  1779 D ExifInterface: 	at com.android.providers.media.scan.ModernMediaScanner.-$$Nest$mscanItem(ModernMediaScanner.java:0)
07-04 03:52:29.282  1506  1779 D ExifInterface: 	at com.android.providers.media.scan.ModernMediaScanner$Scan.visitFile(ModernMediaScanner.java:1020)
07-04 03:52:29.282  1506  1779 D ExifInterface: 	at com.android.providers.media.scan.ModernMediaScanner$Scan.visitFile(ModernMediaScanner.java:501)
07-04 03:52:29.282  1506  1779 D ExifInterface: 	at java.nio.file.Files.walkFileTree(Files.java:2670)
07-04 03:52:29.282  1506  1779 D ExifInterface: 	at java.nio.file.Files.walkFileTree(Files.java:2742)
07-04 03:52:29.282  1506  1779 D ExifInterface: 	at com.android.providers.media.scan.ModernMediaScanner$Scan.walkFileTree(ModernMediaScanner.java:624)
07-04 03:52:29.282  1506  1779 D ExifInterface: 	at com.android.providers.media.scan.ModernMediaScanner$Scan.runInternal(ModernMediaScanner.java:583)
07-04 03:52:29.282  1506  1779 D ExifInterface: 	at com.android.providers.media.scan.ModernMediaScanner$Scan.run(ModernMediaScanner.java:572)
07-04 03:52:29.282  1506  1779 D ExifInterface: 	at com.android.providers.media.scan.ModernMediaScanner.scanFile(ModernMediaScanner.java:420)
07-04 03:52:29.282  1506  1779 D ExifInterface: 	at com.android.providers.media.MediaProvider.scanFile(MediaProvider.java:2396)
07-04 03:52:29.282  1506  1779 D ExifInterface: 	at com.android.providers.media.MediaService.onScanFile(MediaService.java:237)
07-04 03:52:29.282  1506  1779 D ExifInterface: 	at com.android.providers.media.MediaService.onHandleWork(MediaService.java:85)
07-04 03:52:29.282  1506  1779 D ExifInterface: 	at androidx.core.app.JobIntentService$CommandProcessor.doInBackground(JobIntentService.java:397)
07-04 03:52:29.282  1506  1779 D ExifInterface: 	at androidx.core.app.JobIntentService$CommandProcessor.doInBackground(JobIntentService.java:388)
07-04 03:52:29.282  1506  1779 D ExifInterface: 	at android.os.AsyncTask$3.call(AsyncTask.java:394)
07-04 03:52:29.282  1506  1779 D ExifInterface: 	at java.util.concurrent.FutureTask.run(FutureTask.java:317)
07-04 03:52:29.282  1506  1779 D ExifInterface: 	at java.util.concurrent.ThreadPoolExecutor.runWorker(ThreadPoolExecutor.java:1156)
07-04 03:52:29.282  1506  1779 D ExifInterface: 	at java.util.concurrent.ThreadPoolExecutor$Worker.run(ThreadPoolExecutor.java:651)
07-04 03:52:29.282  1506  1779 D ExifInterface: 	at java.lang.Thread.run(Thread.java:1119)
07-04 03:52:29.309  1506  1779 I MediaProvider: End Intent { act=android.intent.action.MEDIA_SCANNER_SCAN_FILE dat=file:///... flg=0x1400010 cmp=com.google.android.providers.media.module/com.android.providers.media.MediaService }
07-04 03:52:29.351  1506  1818 D WM-SystemJobScheduler: Scheduling work ID a21c8f17-bdfd-4c7d-adae-555a3c9ffe8fJob ID 83
07-04 03:52:29.366   706   742 W IPCThreadState: Sending oneway calls to frozen process.
07-04 03:52:29.370  1506  1818 D WM-GreedyScheduler: Ignoring {WorkSpec: b7deacdd-77b4-4f95-8e2e-9470c54412a8}. Requires device idle.
07-04 03:52:29.370  1506  1818 D WM-GreedyScheduler: Ignoring {WorkSpec: 28d75524-0f78-4938-ae95-25d396d3275c}. Requires device idle.
07-04 03:52:29.486  1506  1728 W MediaProvider: Ignoring param:deletedata post U for external apps
07-04 03:52:29.490  1506  1728 I MediaProvider: Deleted 0 1 0 0 0 0 0 items on external_primary due to com.android.shell
07-04 03:52:29.657 14439 14439 D AndroidRuntime: >>>>>> START com.android.internal.os.RuntimeInit uid 2000 <<<<<<
07-04 03:52:29.662 14439 14439 I AndroidRuntime: Using default boot image
07-04 03:52:29.662 14439 14439 I AndroidRuntime: Leaving lock profiling enabled
07-04 03:52:29.663 14439 14439 I app_process: Core platform API reporting enabled, enforcing=false
07-04 03:52:29.664 14439 14439 I app_process: Using CollectorTypeCMC GC.
07-04 03:52:29.733   706   742 W IPCThreadState: Sending oneway calls to frozen process.
07-04 03:52:29.770 14439 14439 D nativeloader: InitDefaultPublicLibraries for_preload=1: libandroid.so:libaaudio.so:libamidi.so:libbinder_ndk.so:libc.so:libcamera2ndk.so:libdl.so:libEGL.so:libGLESv1_CM.so:libGLESv2.so:libGLESv3.so:libicu.so:libicui18n.so:libicuuc.so:libjnigraphics.so:liblog.so:libmediandk.so:libm.so:libnativehelper.so:libnativewindow.so:libOpenMAXAL.so:libOpenSLES.so:libRS.so:libstdc++.so:libsync.so:libvulkan.so:libwebviewchromium_plat_support.so:libz.so
07-04 03:52:29.774   706   742 W IPCThreadState: Sending oneway calls to frozen process.
07-04 03:52:29.783 14439 14439 D nativeloader: Load libicu_jni.so using APEX ns com_android_art for caller /apex/com.android.art/javalib/core-oj.jar: ok
07-04 03:52:29.783 14439 14439 D app_process: u_setTimeZoneFilesDirectory("/apex/com.android.tzdata/etc/tz/versioned/9/icu") succeeded.
07-04 03:52:29.784 14439 14439 D app_process: I18n APEX ICU file found: /apex/com.android.i18n/etc/icu/icudt76l.dat
07-04 03:52:29.784 14439 14439 D nativeloader: Load libjavacore.so using APEX ns com_android_art for caller /apex/com.android.art/javalib/core-oj.jar: ok
07-04 03:52:29.785 14439 14439 D nativeloader: Load libopenjdk.so using APEX ns com_android_art for caller /apex/com.android.art/javalib/core-oj.jar: ok
07-04 03:52:29.786 14439 14439 W app_process: Unexpected CPU variant for x86: x86_64.
07-04 03:52:29.786 14439 14439 W app_process: Known variants: atom, sandybridge, silvermont, goldmont, goldmont-plus, goldmont-without-sha-xsaves, tremont, kabylake, alderlake, default
07-04 03:52:29.788 14439 14439 W app_process: ClassLoaderContext shared library size mismatch. Expected=2, found=0 (PCL[]{PCL[/system/framework/android.test.base.jar*2789897741]#PCL[/system/framework/android.test.mock.jar*3361312393]} | PCL[])
07-04 03:52:29.789 14439 14439 W app_process: ClassLoaderContext classpath size mismatch. expected=0, found=1 (PCL[]{PCL[/system/framework/android.test.runner.jar*895143020]#PCL[/system/framework/android.test.base.jar*2789897741]} | PCL[/system/framework/android.test.runner.jar*895143020])
07-04 03:52:29.814 14439 14439 D nativeloader: Load libframework-connectivity-tiramisu-jni.so using APEX ns com_android_tethering for caller /apex/com.android.tethering/javalib/framework-connectivity-t.jar: ok
07-04 03:52:29.815 14439 14439 D AndroidRuntime: Calling main entry com.android.commands.uiautomator.Launcher
07-04 03:52:29.820 14439 14439 I AconfigPackage: android.media.swcodec.flags is mapped to com.android.media.swcodec
07-04 03:52:29.820 14439 14439 I AconfigPackage: com.google.android.settings.simplemode.flags is mapped to system_ext
07-04 03:52:29.821 14439 14439 I AconfigPackage: com.google.android.systemui is mapped to system_ext
