07-04 01:20:31.586   955   955 D wpa_supplicant: wlan0: Do not use results from externally requested scan operation for network selection
07-04 01:20:31.586   706  1682 D WifiNative: Scan result ready event
07-04 01:20:31.587   955   955 D wpa_supplicant: p2p-dev-wlan0: Updating scan results from sibling
07-04 01:20:31.587   955   955 D wpa_supplicant: nl80211: Received scan results (1 BSSes)
07-04 01:20:31.587   955   955 D wpa_supplicant: p2p-dev-wlan0: BSS: Start scan result update 18
07-04 01:20:31.587   955   955 D wpa_supplicant: BSS: last_scan_res_used=1/32
07-04 01:20:31.587   955   955 D wpa_supplicant: p2p-dev-wlan0: New scan results available (own=0 ext=1)
07-04 01:20:31.588   955   955 D wpa_supplicant: p2p-dev-wlan0: Do not use results from externally requested scan operation for network selection
07-04 01:20:31.594   706   875 D WifiNl80211Manager: get 1 scan results from wificond
07-04 01:20:31.594   706   875 D WifiNative: get 1 scan results from wificond
07-04 01:20:31.600   558   567 I BpBinder: onLastStrongRef automatically unlinking death recipients: 
07-04 01:20:31.602   706   875 I WifiScanningService: singleScanResults: ClientInfo[uid=1000, package=null, attributionTag=null, com.android.server.wifi.scanner.WifiScannerInternal$ScanListener@ad62bb0],results=1
07-04 01:20:31.603   706   875 I WifiScanningService: singleScanResults listener: ClientInfo[uid=1000, package=android, attributionTag=null, com.android.server.wifi.scanner.WifiScannerInternal$ScanListener@9e449c7],results=1
07-04 01:20:31.603   706   875 I WifiScanningService: singleScanResults listener: ClientInfo[uid=1000, package=android, attributionTag=null, com.android.server.wifi.scanner.WifiScannerInternal$ScanListener@74158de],results=1
07-04 01:20:31.603   706   875 I WifiScanningService: singleScanResults listener: ClientInfo[uid=1000, package=android, attributionTag=null, com.android.server.wifi.scanner.WifiScannerInternal$ScanListener@486d03e],results=1
07-04 01:20:31.603   706   875 I WifiScanningService: singleScanResults listener: ClientInfo[uid=10146, package=com.google.android.gms, attributionTag=network_location_provider, android.net.wifi.IWifiScannerListener$Stub$Proxy@c2c6b91],results=1
07-04 01:20:31.604   706   875 I WifiScanningService: Unregistering listener= com.android.server.wifi.scanner.WifiScannerInternal$ScanListener@ad62bb0 uid=1000 packageName=null workSource=WorkSource{1000}
07-04 01:20:31.604   706   871 D WifiScanRequestProxy: Scan results received
07-04 01:20:31.604   706   871 D WifiScanRequestProxy: Received 1 scan results
07-04 01:20:31.604  3236  3425 I WifiScanner: onFullResults
07-04 01:20:31.614   706   871 I HalDevMgr: bestIfaceCreationProposal is null, requestIface=STA, existingIface=[name=wlan0 type=STA]
07-04 01:20:31.614   706   871 V WifiConnectivityManager: AllSingleScanListener onResults: start network selection
07-04 01:20:31.615   706   871 V WifiConfigManager: getSavedNetworkFromScanResult Found "AndroidWifi"NONE for AndroidWifi[[ESS]]
07-04 01:20:31.616   706   871 D WifiNetworkSelector: Current connected network: 0
07-04 01:20:31.616   706   871 D WifiNetworkSelector: wlan0: Current connected network already sufficient. Skip network selection.
07-04 01:20:31.616   706   871 V WifiLastResortWatchdog: updateAvailableNetworks: size = 0
07-04 01:20:31.617   706   871 V WifiLastResortWatchdog: mWatchdogFeatureEnabled: true
07-04 01:20:31.617   706   871 V WifiLastResortWatchdog: mWatchdogAllowedToTrigger: true
07-04 01:20:31.617   706   871 V WifiLastResortWatchdog: mRecentAvailableNetworks: 0
07-04 01:20:31.617   706   871 V WifiLastResortWatchdog: mSsidFailureCount:
07-04 01:20:31.617   706   871 V WifiConnectivityManager: AllSingleScanListener:  No candidates
07-04 01:20:33.557   706   871 D WifiClientModeImpl[23202:wlan0]: updateLinkLayerStatsRssiSpeedFrequencyCapabilities rssi=-50 TxLinkspeed=1 freq=2447 RxLinkSpeed=2
07-04 01:20:33.557   706   871 D WifiDataStall: tx tput in kbps: 11000
07-04 01:20:33.558   706   871 D WifiDataStall: rx tput in kbps: 11000
07-04 01:20:33.558   706   871 V WifiConfigManager: Updating scan detail cache freq=2447 BSSID=00:13:10:85:fe:01 RSSI=-50 for "AndroidWifi"NONE
07-04 01:20:33.558   706   871 D WifiThroughputPredictor:  utilization (LLS) 80 isBluetoothConnected: false final utilization: 80
07-04 01:20:33.559   706   871 D WifiThroughputPredictor:  BW: 0 RSSI: -50 Nss: 1 Mode: 1 symDur: 4000 snrDb 30 bitPerTone: 4500 rate: 54 throughput: 11
07-04 01:20:33.559   706   871 D WifiThroughputPredictor:  utilization (LLS) 80 isBluetoothConnected: false final utilization: 80
07-04 01:20:33.560   706   871 D WifiThroughputPredictor:  BW: 0 RSSI: -50 Nss: 1 Mode: 1 symDur: 4000 snrDb 30 bitPerTone: 4500 rate: 54 throughput: 11
07-04 01:20:33.560   706   871 D WifiThroughputPredictor:  utilization (LLS) 80 isBluetoothConnected: false final utilization: 80
07-04 01:20:33.560   706   871 D WifiThroughputPredictor:  BW: 0 RSSI: -50 Nss: 1 Mode: 1 symDur: 4000 snrDb 30 bitPerTone: 4500 rate: 54 throughput: 11
07-04 01:20:33.561   706   871 D WifiThroughputPredictor:  utilization (LLS) 80 isBluetoothConnected: false final utilization: 80
07-04 01:20:33.561   706   871 D WifiThroughputPredictor:  BW: 0 RSSI: -50 Nss: 1 Mode: 1 symDur: 4000 snrDb 30 bitPerTone: 4500 rate: 54 throughput: 11
07-04 01:20:33.562   706   871 D WifiScoreCard: BSSID update SIGNAL_POLL ID: 2146055532 SSID: "AndroidWifi", BSSID: 00:13:10:85:fe:01, MAC: 02:15:b4:00:00:00, IP: /10.0.2.17, Security type: 0, Supplicant state: COMPLETED, Wi-Fi standard: legacy, RSSI: -50, Link speed: 1Mbps, Tx Link speed: 1Mbps, Max Supported Tx Link speed: 11Mbps, Rx Link speed: 2Mbps, Max Supported Rx Link speed: 11Mbps, Frequency: 2447MHz, Net ID: 0, Metered hint: false, score: 60, isUsable: true, CarrierMerged: false, SubscriptionId: -1, IsPrimary: 1, Trusted: true, Restricted: false, Ephemeral: false, OEM paid: false, OEM private: false, OSU AP: false, FQDN: <none>, Provider friendly name: <none>, Requesting package name: <none>"AndroidWifi"openMLO Information: , Is TID-To-Link negotiation supported by the AP: false, AP MLD Address: <none>, AP MLO Link Id: <none>, AP MLO Affiliated links: <none>, Vendor Data: <none>
07-04 01:20:33.563   706   871 D WifiScoreCard: txRate: 1 txSpeed: 1
07-04 01:20:33.563   706   871 D WifiScoreCard: network update SIGNAL_POLL "AndroidWifi" ID: 290235138 RSSI -50 txSpeed -1
07-04 01:20:33.565   706   871 D WifiClientModeImpl[23202:wlan0]:  ClientModeImpl$L2ConnectedState screen=on 1 0 "AndroidWifi" 00:13:10:85:fe:01 rssi=-50 f=2447 sc=60 link=1 tx=0.0, 0.0, 0.0 rx=0.0 bcn=0 [on:0 tx:0 rx:0 period:3015] from screen [on:0 period:713005725] score=60
07-04 01:20:34.217  6630  6630 W screencap: Thread Pool max thread count is 0. Cannot cache binder as linkToDeath cannot be implemented. serviceName: SurfaceFlingerAIDL
07-04 01:20:34.217  6630  6630 W BpBinder: Linking to death on android.gui.ISurfaceComposer but there are no threads (yet?) listening to incoming transactions. See ProcessState::startThreadPool and ProcessState::setThreadPoolMaxThreadCount. Generally you should setup the binder threadpool before other initialization steps.
07-04 01:20:34.218  6630  6630 W ProcessState: Extra binder thread started, but 0 threads requested. Do not use *startThreadPool when zero threads are requested.
07-04 01:20:34.868   558   568 E HwcComposer: getLuts failed Status(-8, EX_SERVICE_SPECIFIC): '8: '
07-04 01:20:34.868   558   568 E HWComposer: getLuts: getLuts failed for display 4619827259835644672: UNSUPPORTED (8)
07-04 01:20:35.236     0     0 I servicemanager: Caller(pid=6630,uid=2000,sid=u:r:shell:s0) Found android.hardware.graphics.allocator.IAllocator/default in device VINTF manifest.
07-04 01:20:35.285     0     0 I servicemanager: Caller(pid=6630,uid=2000,sid=u:r:shell:s0) Found android.hardware.graphics.allocator.IAllocator/default in device VINTF manifest.
07-04 01:20:35.291     0     0 I servicemanager: Caller(pid=6630,uid=2000,sid=u:r:shell:s0) Found mapper/ranchu in device VINTF manifest.
07-04 01:20:35.650  1506  1728 W MediaProvider: isAppCloneUserPair for user 0: false
07-04 01:20:35.708   706   801 D ActivityManager: sync unfroze 6131 com.google.android.apps.photos for 6
07-04 01:20:35.755   481   519 I netd    : tetherGetStats() -> {[]} <2.16ms>
07-04 01:20:35.902   706  1660 W UriGrantsManagerService: No permission grants found for com.google.android.apps.photos
07-04 01:20:35.902   706  1660 W UriGrantsManagerService: No permission grants found for com.google.android.apps.photos
07-04 01:20:35.918   706  1682 W JobScheduler: Job didn't exist in JobStore: 38aff2f #u0a159/1034 com.google.android.apps.photos/com.google.android.libraries.social.mediamonitor.MediaMonitorJobSchedulerService
07-04 01:20:35.966   706  1660 I ActivityManager: Broadcasting: Intent { act=android.intent.action.MEDIA_SCANNER_SCAN_FILE dat=file:///... flg=0x400000 }
07-04 01:20:35.967   706  1660 I ActivityManager: Enqueued broadcast Intent { act=android.intent.action.MEDIA_SCANNER_SCAN_FILE dat=file:///... flg=0x400000 }: 0
07-04 01:20:35.971   706  1682 W JobInfo : Job 'com.google.android.providers.media.module/com.android.providers.media.MediaService#-300' has a deadline with no functional constraints. The deadline won't improve job execution latency. Consider removing the deadline.
07-04 01:20:35.986   706  2114 W UriGrantsManagerService: No permission grants found for com.google.android.apps.photos
07-04 01:20:35.987   706  2114 W UriGrantsManagerService: No permission grants found for com.google.android.apps.photos
07-04 01:20:36.002   706   734 I ActivityManager: Broadcast completed: result=0
07-04 01:20:36.016  1506  1779 I MediaProvider: Begin Intent { act=android.intent.action.MEDIA_SCANNER_SCAN_FILE dat=file:///... flg=0x1400010 cmp=com.google.android.providers.media.module/com.android.providers.media.MediaService }
07-04 01:20:36.091  1506  1662 D WM-SystemJobScheduler: Scheduling work ID 03e15957-17bd-4f65-8949-5f0de9c1b14aJob ID 45
07-04 01:20:36.094  1506  1779 I MediaProvider: End Intent { act=android.intent.action.MEDIA_SCANNER_SCAN_FILE dat=file:///... flg=0x1400010 cmp=com.google.android.providers.media.module/com.android.providers.media.MediaService }
07-04 01:20:36.095   706  2066 W UriGrantsManagerService: No permission grants found for com.google.android.apps.photos
07-04 01:20:36.098   706  1660 W UriGrantsManagerService: No permission grants found for com.google.android.apps.photos
07-04 01:20:36.099  1506  1662 D WM-GreedyScheduler: Ignoring {WorkSpec: b7deacdd-77b4-4f95-8e2e-9470c54412a8}. Requires device idle.
07-04 01:20:36.100  1506  1662 D WM-GreedyScheduler: Ignoring {WorkSpec: 28d75524-0f78-4938-ae95-25d396d3275c}. Requires device idle.
07-04 01:20:36.152  6131  6160 I XmpUtil : XMP parse: only JPEG file is supported
07-04 01:20:36.192  6131  6160 D nativeloader: Load /product/app/Photos/Photos.apk!/lib/x86_64/libnative.so using class loader ns product-clns-9 (caller=/product/app/Photos/Photos.apk!classes5.dex): ok
07-04 01:20:36.196  1506  1729 W MediaProvider: Ignoring param:deletedata post U for external apps
07-04 01:20:36.219  1506  1729 I MediaProvider: Deleted 0 1 0 0 0 0 0 items on external_primary due to com.android.shell
07-04 01:20:36.430   706   753 I WifiService: isFeatureSupported uid=1000 returns [WIFI_FEATURE_INFRA, WIFI_FEATURE_P2P, WIFI_FEATURE_MOBILE_HOTSPOT, WIFI_FEATURE_WPA3_SAE, WIFI_FEATURE_WPA3_SUITE_B, WIFI_FEATURE_OWE, WIFI_FEATURE_DPP, WIFI_FEATURE_AP_RAND_MAC, WIFI_FEATURE_MBO, WIFI_FEATURE_FILS_SHA256, WIFI_FEATURE_FILS_SHA384, WIFI_FEATURE_SAE_PK, WIFI_FEATURE_DPP_ENROLLEE_RESPONDER, WIFI_FEATURE_PASSPOINT_TERMS_AND_CONDITIONS, WIFI_FEATURE_WFD_R2, WIFI_FEATURE_DECORATED_IDENTITY, WIFI_FEATURE_TRUST_ON_FIRST_USE, WIFI_FEATURE_SET_TLS_MINIMUM_VERSION, WIFI_FEATURE_TLS_V1_3, WIFI_FEATURE_WEP, WIFI_FEATURE_WPA_PERSONAL]
07-04 01:20:36.433   706   737 E BLASTSyncEngine: WM sent Transaction (#30, Transition-OPEN, tx=3032246912673) to organizer, but never received commit callback. Application ANR likely to follow.
07-04 01:20:36.439   706  2114 W JobInfo : Job 'com.google.android.apps.photos/com.google.android.libraries.social.async.BackgroundTaskJobService#1043' has a deadline with no functional constraints. The deadline won't improve job execution latency. Consider removing the deadline.
07-04 01:20:36.454  6131  6644 W JobInfo : Requested important-while-foreground flag for job555000002 is ignored and takes no effect
07-04 01:20:36.474  6131  6644 W JobInfo : Requested important-while-foreground flag for job555000004 is ignored and takes no effect
07-04 01:20:36.477   706  2114 W UriGrantsManagerService: No permission grants found for com.google.android.apps.photos
07-04 01:20:36.482   706  1660 W UriGrantsManagerService: No permission grants found for com.google.android.apps.photos
07-04 01:20:36.502   706  2114 W UriGrantsManagerService: No permission grants found for com.google.android.apps.photos
07-04 01:20:36.508   706  1660 W UriGrantsManagerService: No permission grants found for com.google.android.apps.photos
07-04 01:20:36.519   706  2114 W UriGrantsManagerService: No permission grants found for com.google.android.apps.photos
07-04 01:20:36.520   706  2114 W UriGrantsManagerService: No permission grants found for com.google.android.apps.photos
07-04 01:20:36.567   706   871 D WifiClientModeImpl[23202:wlan0]: updateLinkLayerStatsRssiSpeedFrequencyCapabilities rssi=-50 TxLinkspeed=1 freq=2447 RxLinkSpeed=2
07-04 01:20:36.568   706   871 D WifiDataStall: tx tput in kbps: 11000
07-04 01:20:36.568   706   871 D WifiDataStall: rx tput in kbps: 11000
07-04 01:20:36.568   706   871 V WifiConfigManager: Updating scan detail cache freq=2447 BSSID=00:13:10:85:fe:01 RSSI=-50 for "AndroidWifi"NONE
07-04 01:20:36.569   706   871 D WifiThroughputPredictor:  utilization (LLS) 80 isBluetoothConnected: false final utilization: 80
07-04 01:20:36.569   706   871 D WifiThroughputPredictor:  BW: 0 RSSI: -50 Nss: 1 Mode: 1 symDur: 4000 snrDb 30 bitPerTone: 4500 rate: 54 throughput: 11
07-04 01:20:36.569   706   871 D WifiThroughputPredictor:  utilization (LLS) 80 isBluetoothConnected: false final utilization: 80
07-04 01:20:36.569   706   871 D WifiThroughputPredictor:  BW: 0 RSSI: -50 Nss: 1 Mode: 1 symDur: 4000 snrDb 30 bitPerTone: 4500 rate: 54 throughput: 11
07-04 01:20:36.569   706   871 D WifiThroughputPredictor:  utilization (LLS) 80 isBluetoothConnected: false final utilization: 80
07-04 01:20:36.570   706   871 D WifiThroughputPredictor:  BW: 0 RSSI: -50 Nss: 1 Mode: 1 symDur: 4000 snrDb 30 bitPerTone: 4500 rate: 54 throughput: 11
07-04 01:20:36.570   706   871 D WifiThroughputPredictor:  utilization (LLS) 80 isBluetoothConnected: false final utilization: 80
07-04 01:20:36.570   706   871 D WifiThroughputPredictor:  BW: 0 RSSI: -50 Nss: 1 Mode: 1 symDur: 4000 snrDb 30 bitPerTone: 4500 rate: 54 throughput: 11
07-04 01:20:36.572   706   871 D WifiScoreCard: BSSID update SIGNAL_POLL ID: 2146055532 SSID: "AndroidWifi", BSSID: 00:13:10:85:fe:01, MAC: 02:15:b4:00:00:00, IP: /10.0.2.17, Security type: 0, Supplicant state: COMPLETED, Wi-Fi standard: legacy, RSSI: -50, Link speed: 1Mbps, Tx Link speed: 1Mbps, Max Supported Tx Link speed: 11Mbps, Rx Link speed: 2Mbps, Max Supported Rx Link speed: 11Mbps, Frequency: 2447MHz, Net ID: 0, Metered hint: false, score: 60, isUsable: true, CarrierMerged: false, SubscriptionId: -1, IsPrimary: 1, Trusted: true, Restricted: false, Ephemeral: false, OEM paid: false, OEM private: false, OSU AP: false, FQDN: <none>, Provider friendly name: <none>, Requesting package name: <none>"AndroidWifi"openMLO Information: , Is TID-To-Link negotiation supported by the AP: false, AP MLD Address: <none>, AP MLO Link Id: <none>, AP MLO Affiliated links: <none>, Vendor Data: <none>
07-04 01:20:36.572   706   871 D WifiScoreCard: txRate: 1 txSpeed: 1
07-04 01:20:36.572   706   871 D WifiScoreCard: network update SIGNAL_POLL "AndroidWifi" ID: 290235138 RSSI -50 txSpeed -1
07-04 01:20:36.575   706   871 D WifiClientModeImpl[23202:wlan0]:  ClientModeImpl$L2ConnectedState screen=on 1 0 "AndroidWifi" 00:13:10:85:fe:01 rssi=-50 f=2447 sc=60 link=1 tx=0.2, 0.0, 0.0 rx=0.2 bcn=0 [on:0 tx:0 rx:0 period:3010] from screen [on:0 period:713008735] score=60
07-04 01:20:36.617   706   706 W Looper  : Slow dispatch took 114ms main app=system_server main=true group=FOREGROUND h=android.app.ActivityThread$H c=android.app.LoadedApk$ServiceDispatcher$RunConnection@f514f40 m=0
07-04 01:20:36.630  6131  6648 W JobInfo : Requested important-while-foreground flag for job555000011 is ignored and takes no effect
07-04 01:20:36.666   706  2114 D ConnectivityService: requestNetwork for uid/pid:10159/6131 activeRequest: null callbackRequest: 230 [NetworkRequest [ REQUEST id=231, [ Capabilities: INTERNET&NOT_RESTRICTED&TRUSTED&NOT_VCN_MANAGED&NOT_BANDWIDTH_CONSTRAINED Uid: 10159 RequestorUid: 10159 RequestorPkg: com.google.android.apps.photos UnderlyingNetworks: Null] ]] callback flags: 0 order: 2147483647 isUidTracked: false declaredMethods: AVAIL|LOST|NC
07-04 01:20:36.668   706   871 D WifiNetworkFactory: got request NetworkRequest [ REQUEST id=231, [ Capabilities: INTERNET&NOT_RESTRICTED&TRUSTED&NOT_VCN_MANAGED&NOT_BANDWIDTH_CONSTRAINED Uid: 10159 RequestorUid: 10159 RequestorPkg: com.google.android.apps.photos UnderlyingNetworks: Null] ]
07-04 01:20:36.668   706   877 D ConnectivityService: NetReassign [231 : null → 100] [c 1] [a 0] [i 1]
07-04 01:20:36.668   706   871 V WifiNetworkFactory: Accepted network request NetworkRequest [ REQUEST id=231, [ Capabilities: INTERNET&NOT_RESTRICTED&TRUSTED&NOT_VCN_MANAGED&NOT_BANDWIDTH_CONSTRAINED Uid: 10159 RequestorUid: 10159 RequestorPkg: com.google.android.apps.photos UnderlyingNetworks: Null] ]
07-04 01:20:36.669   706   871 D UntrustedWifiNetworkFactory: got request NetworkRequest [ REQUEST id=231, [ Capabilities: INTERNET&NOT_RESTRICTED&TRUSTED&NOT_VCN_MANAGED&NOT_BANDWIDTH_CONSTRAINED Uid: 10159 RequestorUid: 10159 RequestorPkg: com.google.android.apps.photos UnderlyingNetworks: Null] ]
07-04 01:20:36.669   706   871 D OemPaidWifiNetworkFactory: got request NetworkRequest [ REQUEST id=231, [ Capabilities: INTERNET&NOT_RESTRICTED&TRUSTED&NOT_VCN_MANAGED&NOT_BANDWIDTH_CONSTRAINED Uid: 10159 RequestorUid: 10159 RequestorPkg: com.google.android.apps.photos UnderlyingNetworks: Null] ]
07-04 01:20:36.669   706   871 D MultiInternetWifiNetworkFactory: got request NetworkRequest [ REQUEST id=231, [ Capabilities: INTERNET&NOT_RESTRICTED&TRUSTED&NOT_VCN_MANAGED&NOT_BANDWIDTH_CONSTRAINED Uid: 10159 RequestorUid: 10159 RequestorPkg: com.google.android.apps.photos UnderlyingNetworks: Null] ]
07-04 01:20:37.250  6650  6650 D AndroidRuntime: >>>>>> START com.android.internal.os.RuntimeInit uid 2000 <<<<<<
07-04 01:20:37.258  6650  6650 I AndroidRuntime: Using default boot image
07-04 01:20:37.258  6650  6650 I AndroidRuntime: Leaving lock profiling enabled
07-04 01:20:37.260  6650  6650 I app_process: Core platform API reporting enabled, enforcing=false
07-04 01:20:37.263  6650  6650 I app_process: Using CollectorTypeCMC GC.
07-04 01:20:37.363  6650  6650 D nativeloader: InitDefaultPublicLibraries for_preload=1: libandroid.so:libaaudio.so:libamidi.so:libbinder_ndk.so:libc.so:libcamera2ndk.so:libdl.so:libEGL.so:libGLESv1_CM.so:libGLESv2.so:libGLESv3.so:libicu.so:libicui18n.so:libicuuc.so:libjnigraphics.so:liblog.so:libmediandk.so:libm.so:libnativehelper.so:libnativewindow.so:libOpenMAXAL.so:libOpenSLES.so:libRS.so:libstdc++.so:libsync.so:libvulkan.so:libwebviewchromium_plat_support.so:libz.so
07-04 01:20:37.379  6650  6650 D nativeloader: Load libicu_jni.so using APEX ns com_android_art for caller /apex/com.android.art/javalib/core-oj.jar: ok
07-04 01:20:37.380  6650  6650 D app_process: u_setTimeZoneFilesDirectory("/apex/com.android.tzdata/etc/tz/versioned/9/icu") succeeded. 
07-04 01:20:37.380  6650  6650 D app_process: I18n APEX ICU file found: /apex/com.android.i18n/etc/icu/icudt76l.dat
07-04 01:20:37.381  6650  6650 D nativeloader: Load libjavacore.so using APEX ns com_android_art for caller /apex/com.android.art/javalib/core-oj.jar: ok
07-04 01:20:37.383  6650  6650 D nativeloader: Load libopenjdk.so using APEX ns com_android_art for caller /apex/com.android.art/javalib/core-oj.jar: ok
07-04 01:20:37.384  6650  6650 W app_process: Unexpected CPU variant for x86: x86_64.
07-04 01:20:37.384  6650  6650 W app_process: Known variants: atom, sandybridge, silvermont, goldmont, goldmont-plus, goldmont-without-sha-xsaves, tremont, kabylake, alderlake, default
07-04 01:20:37.386  6650  6650 W app_process: ClassLoaderContext shared library size mismatch. Expected=2, found=0 (PCL[]{PCL[/system/framework/android.test.base.jar*2789897741]#PCL[/system/framework/android.test.mock.jar*3361312393]} | PCL[])
07-04 01:20:37.387  6650  6650 W app_process: ClassLoaderContext classpath size mismatch. expected=0, found=1 (PCL[]{PCL[/system/framework/android.test.runner.jar*895143020]#PCL[/system/framework/android.test.base.jar*2789897741]} | PCL[/system/framework/android.test.runner.jar*895143020])
07-04 01:20:37.413  6650  6650 D nativeloader: Load libframework-connectivity-tiramisu-jni.so using APEX ns com_android_tethering for caller /apex/com.android.tethering/javalib/framework-connectivity-t.jar: ok
07-04 01:20:37.414  6650  6650 D AndroidRuntime: Calling main entry com.android.commands.uiautomator.Launcher
07-04 01:20:37.418  6650  6650 I AconfigPackage: android.media.swcodec.flags is mapped to com.android.media.swcodec
07-04 01:20:37.418  6650  6650 I AconfigPackage: com.google.android.settings.simplemode.flags is mapped to system_ext
07-04 01:20:37.418  6650  6650 I AconfigPackage: com.google.android.systemui is mapped to system_ext
07-04 01:20:37.419  6650  6650 I AconfigPackage: com.google.android.apps.nexuslauncher is mapped to system_ext
07-04 01:20:37.419  6650  6650 I AconfigPackage: com.android.settings.accessibility is mapped to system_ext
07-04 01:20:37.419  6650  6650 I AconfigPackage: com.android.settings.flags is mapped to system_ext
07-04 01:20:37.419  6650  6650 I AconfigPackage: com.google.android.apps.miphone.aiai.matchmaker.overview.ui is mapped to system_ext
07-04 01:20:37.419  6650  6650 I AconfigPackage: com.google.android.settings.flags is mapped to system_ext
07-04 01:20:37.419  6650  6650 I AconfigPackage: com.android.launcher3 is mapped to system_ext
07-04 01:20:37.419  6650  6650 I AconfigPackage: com.android.wallpaper is mapped to system_ext
07-04 01:20:37.419  6650  6650 I AconfigPackage: com.android.settings.media_drm is mapped to system_ext
07-04 01:20:37.419  6650  6650 I AconfigPackage: com.android.systemui.accessibility.accessibilitymenu is mapped to system_ext
07-04 01:20:37.420  6650  6650 I AconfigPackage: com.android.settings.keyboard is mapped to system_ext
07-04 01:20:37.420  6650  6650 I AconfigPackage: com.android.server.policy.feature.flags is mapped to system_ext
07-04 01:20:37.420  6650  6650 I AconfigPackage: com.android.settings.factory_reset is mapped to system_ext
07-04 01:20:37.420  6650  6650 I AconfigPackage: com.google.android.haptics.flags is mapped to system_ext
07-04 01:20:37.420  6650  6650 I AconfigPackage: com.android.permission.flags is mapped to com.android.permission
07-04 01:20:37.420  6650  6650 I AconfigPackage: com.android.icu is mapped to com.android.i18n
07-04 01:20:37.421  6650  6650 I AconfigPackage: com.android.appsearch.flags is mapped to com.android.appsearch
07-04 01:20:37.422  6650  6650 I AconfigPackage: android.uprobestats.mainline.flags is mapped to com.android.uprobestats
07-04 01:20:37.423  6650  6650 I AconfigPackage: android.provider.flags is mapped to com.android.configinfrastructure
07-04 01:20:37.423  6650  6650 I AconfigPackage: com.android.server.deviceconfig is mapped to com.android.configinfrastructure
07-04 01:20:37.423  6650  6650 I AconfigPackage: com.android.nfc.flags is mapped to system
07-04 01:20:37.423  6650  6650 I AconfigPackage: android.app.admin.flags is mapped to system
07-04 01:20:37.424  6650  6650 I AconfigPackage: android.database.sqlite is mapped to system
07-04 01:20:37.424  6650  6650 I AconfigPackage: com.android.providers.calendar is mapped to system
07-04 01:20:37.424  6650  6650 I AconfigPackage: com.android.server.power.feature.flags is mapped to system
07-04 01:20:37.424  6650  6650 I AconfigPackage: com.android.media.performance.flags is mapped to system
07-04 01:20:37.424  6650  6650 I AconfigPackage: android.app.contextualsearch.flags is mapped to system
07-04 01:20:37.424  6650  6650 I AconfigPackage: android.app.ondeviceintelligence.flags is mapped to system
07-04 01:20:37.425  6650  6650 I AconfigPackage: com.android.media.projection.flags is mapped to system
07-04 01:20:37.425  6650  6650 I AconfigPackage: android.companion is mapped to system
07-04 01:20:37.425  6650  6650 I AconfigPackage: android.service.controls.flags is mapped to system
07-04 01:20:37.425  6650  6650 I AconfigPackage: com.android.text.flags is mapped to system
07-04 01:20:37.425  6650  6650 I AconfigPackage: com.android.providers.contactkeys.flags is mapped to system
07-04 01:20:37.426  6650  6650 I AconfigPackage: com.android.intentresolver is mapped to system
07-04 01:20:37.426  6650  6650 I AconfigPackage: android.companion.virtualdevice.flags is mapped to system
07-04 01:20:37.426  6650  6650 I AconfigPackage: android.uprobestats.flags is mapped to system
07-04 01:20:37.426  6650  6650 I AconfigPackage: com.android.net.thread.platform.flags is mapped to system
07-04 01:20:37.426  6650  6650 I AconfigPackage: android.view.contentprotection.flags is mapped to system
07-04 01:20:37.426  6650  6650 I AconfigPackage: com.android.server.dreams is mapped to system
07-04 01:20:37.427  6650  6650 I AconfigPackage: com.android.graphics.surfaceflinger.flags is mapped to system
07-04 01:20:37.427  6650  6650 I AconfigPackage: com.android.hardware.input is mapped to system
07-04 01:20:37.427  6650  6650 I AconfigPackage: android.sdk is mapped to system
07-04 01:20:37.428  6650  6650 I AconfigPackage: com.android.input.flags is mapped to system
07-04 01:20:37.428  6650  6650 I AconfigPackage: android.tracing is mapped to system
07-04 01:20:37.428  6650  6650 I AconfigPackage: com.android.server.biometrics is mapped to system
07-04 01:20:37.428  6650  6650 I AconfigPackage: android.view.contentcapture.flags is mapped to system
07-04 01:20:37.428  6650  6650 I AconfigPackage: android.app.job is mapped to system
07-04 01:20:37.428  6650  6650 I AconfigPackage: android.content.res is mapped to system
07-04 01:20:37.429  6650  6650 I AconfigPackage: android.net.platform.flags is mapped to system
07-04 01:20:37.429  6650  6650 I AconfigPackage: com.android.aconfig.flags is mapped to system
07-04 01:20:37.429  6650  6650 I AconfigPackage: com.android.graphics.flags is mapped to system
07-04 01:20:37.429  6650  6650 I AconfigPackage: android.server.app is mapped to system
07-04 01:20:37.429  6650  6650 I AconfigPackage: android.speech.flags is mapped to system
07-04 01:20:37.429  6650  6650 I AconfigPackage: com.android.server.stats is mapped to system
07-04 01:20:37.429  6650  6650 I AconfigPackage: android.hardware.biometrics is mapped to system
07-04 01:20:37.430  6650  6650 I AconfigPackage: android.car.feature is mapped to system
07-04 01:20:37.430  6650  6650 I AconfigPackage: android.adpf is mapped to system
07-04 01:20:37.430  6650  6650 I AconfigPackage: android.location.flags is mapped to system
07-04 01:20:37.430  6650  6650 I AconfigPackage: com.android.settingslib.flags is mapped to system
07-04 01:20:37.430  6650  6650 I AconfigPackage: com.android.managedprovisioning.flags is mapped to system
07-04 01:20:37.430  6650  6650 I AconfigPackage: android.app.assist.flags is mapped to system
07-04 01:20:37.431  6650  6650 I AconfigPackage: com.android.server.net is mapped to system
07-04 01:20:37.431  6650  6650 I AconfigPackage: com.android.settingslib.widget.flags is mapped to system
07-04 01:20:37.431  6650  6650 I AconfigPackage: com.android.internal.camera.flags is mapped to system
07-04 01:20:37.431  6650  6650 I AconfigPackage: com.android.hardware.libsensor.flags is mapped to system
07-04 01:20:37.432  6650  6650 I AconfigPackage: com.android.internal.jank is mapped to system
07-04 01:20:37.432  6650  6650 I AconfigPackage: com.android.providers.settings is mapped to system
07-04 01:20:37.432  6650  6650 I AconfigPackage: android.multiuser is mapped to system
07-04 01:20:37.433  6650  6650 I AconfigPackage: com.android.server.power.optimization is mapped to system
07-04 01:20:37.433  6650  6650 I AconfigPackage: com.android.calllogbackup is mapped to system
07-04 01:20:37.433  6650  6650 I AconfigPackage: com.android.media.flags is mapped to system
07-04 01:20:37.433  6650  6650 I AconfigPackage: com.android.server.flags is mapped to system
07-04 01:20:37.433  6650  6650 I AconfigPackage: com.android.graphics.libvulkan.flags is mapped to system
07-04 01:20:37.433  6650  6650 I AconfigPackage: android.app.appfunctions.flags is mapped to system
07-04 01:20:37.433  6650  6650 I AconfigPackage: android.app.smartspace.flags is mapped to system
07-04 01:20:37.433  6650  6650 I AconfigPackage: com.android.providers.contacts.flags is mapped to system
07-04 01:20:37.434  6650  6650 I AconfigPackage: com.android.shell.flags is mapped to system
07-04 01:20:37.434  6650  6650 I AconfigPackage: com.android.media.aaudio is mapped to system
07-04 01:20:37.434  6650  6650 I AconfigPackage: android.hardware.radio is mapped to system
07-04 01:20:37.434  6650  6650 I AconfigPackage: com.google.wear.services.infra.flags is mapped to system
07-04 01:20:37.434  6650  6650 I AconfigPackage: suspend_service.flags is mapped to system
07-04 01:20:37.435  6650  6650 I AconfigPackage: android.media.midi is mapped to system
07-04 01:20:37.435  6650  6650 I AconfigPackage: com.android.libcore.readonly is mapped to system
07-04 01:20:37.435  6650  6650 I AconfigPackage: com.android.settingslib.widget.selectorwithwidgetpreference.flags is mapped to system
07-04 01:20:37.435  6650  6650 I AconfigPackage: android.service.notification is mapped to system
07-04 01:20:37.435  6650  6650 I AconfigPackage: com.android.systemui.shared is mapped to system
07-04 01:20:37.435  6650  6650 I AconfigPackage: android.app.jank is mapped to system
07-04 01:20:37.436  6650  6650 I AconfigPackage: android.app.wearable is mapped to system
07-04 01:20:37.436  6650  6650 I AconfigPackage: com.android.media.audio is mapped to system
07-04 01:20:37.436  6650  6650 I AconfigPackage: android.service.chooser is mapped to system
07-04 01:20:37.436  6650  6650 I AconfigPackage: com.android.server.compat is mapped to system
07-04 01:20:37.437  6650  6650 I AconfigPackage: com.android.server.alarm is mapped to system
07-04 01:20:37.437  6650  6650 I AconfigPackage: com.android.apex.flags is mapped to system
07-04 01:20:37.437  6650  6650 I AconfigPackage: android.service.quickaccesswallet is mapped to system
07-04 01:20:37.437  6650  6650 I AconfigPackage: android.app.usage is mapped to system
07-04 01:20:37.437  6650  6650 I AconfigPackage: com.android.server.accessibility is mapped to system
07-04 01:20:37.437  6650  6650 I AconfigPackage: android.app.supervision.flags is mapped to system
07-04 01:20:37.437  6650  6650 I AconfigPackage: com.android.server.utils is mapped to system
07-04 01:20:37.438  6650  6650 I AconfigPackage: android.chre.flags is mapped to system
07-04 01:20:37.438  6650  6650 I AconfigPackage: android.content.flags is mapped to system
07-04 01:20:37.438  6650  6650 I AconfigPackage: android.media.codec is mapped to system
07-04 01:20:37.438  6650  6650 I AconfigPackage: com.android.internal.os is mapped to system
07-04 01:20:37.438  6650  6650 I AconfigPackage: com.android.nfc.nci.flags is mapped to system
07-04 01:20:37.438  6650  6650 I AconfigPackage: android.app is mapped to system
07-04 01:20:37.438  6650  6650 I AconfigPackage: android.security.keystore2 is mapped to system
07-04 01:20:37.438  6650  6650 I AconfigPackage: android.crashrecovery.flags is mapped to system
07-04 01:20:37.440  6650  6650 I AconfigPackage: com.android.tradeinmode.flags is mapped to system
07-04 01:20:37.440  6650  6650 I AconfigPackage: android.hardware.flags is mapped to system
07-04 01:20:37.441  6650  6650 I AconfigPackage: com.android.server.telecom.flags is mapped to system
07-04 01:20:37.443  6650  6650 I AconfigPackage: com.android.settingslib.media.flags is mapped to system
07-04 01:20:37.443  6650  6650 I AconfigPackage: com.android.server.policy is mapped to system
07-04 01:20:37.443  6650  6650 I AconfigPackage: android.media.audiopolicy is mapped to system
07-04 01:20:37.444  6650  6650 I AconfigPackage: com.android.egg.flags is mapped to system
07-04 01:20:37.444  6650  6650 I AconfigPackage: com.android.internal.compat.flags is mapped to system
07-04 01:20:37.444  6650  6650 I AconfigPackage: android.security is mapped to system
07-04 01:20:37.444  6650  6650 I AconfigPackage: android.service.autofill is mapped to system
07-04 01:20:37.445  6650  6650 I AconfigPackage: com.example.android.aconfig.demo.flags is mapped to system
07-04 01:20:37.445  6650  6650 I AconfigPackage: android.view.flags is mapped to system
07-04 01:20:37.445  6650  6650 I AconfigPackage: android.companion.virtual.flags is mapped to system
07-04 01:20:37.445  6650  6650 I AconfigPackage: com.android.aconfig_new_storage is mapped to system
07-04 01:20:37.446  6650  6650 I AconfigPackage: com.android.server.feature.flags is mapped to system
07-04 01:20:37.446  6650  6650 I AconfigPackage: com.android.systemui is mapped to system
07-04 01:20:37.446  6650  6650 I AconfigPackage: com.android.server.power.batterysaver is mapped to system
07-04 01:20:37.446  6650  6650 I AconfigPackage: android.widget.flags is mapped to system
07-04 01:20:37.446  6650  6650 I AconfigPackage: com.android.media.editing.flags is mapped to system
07-04 01:20:37.446  6650  6650 I AconfigPackage: com.android.media.codec.flags is mapped to system
07-04 01:20:37.446  6650  6650 I AconfigPackage: com.android.server.powerstats is mapped to system
07-04 01:20:37.446  6650  6650 I AconfigPackage: com.android.graphics.egl.flags is mapped to system
07-04 01:20:37.446  6650  6650 I AconfigPackage: com.android.media.audioserver is mapped to system
07-04 01:20:37.447  6650  6650 I AconfigPackage: com.android.server.deviceidle is mapped to system
07-04 01:20:37.447  6650  6650 I AconfigPackage: android.nfc is mapped to system
07-04 01:20:37.447  6650  6650 I AconfigPackage: android.permission.flags is mapped to system
07-04 01:20:37.447  6650  6650 I AconfigPackage: android.service.voice.flags is mapped to system
07-04 01:20:37.447  6650  6650 I AconfigPackage: android.content.pm is mapped to system
07-04 01:20:37.447  6650  6650 I AconfigPackage: com.android.server.power.hint is mapped to system
07-04 01:20:37.448  6650  6650 I AconfigPackage: android.os is mapped to system
07-04 01:20:37.448  6650  6650 I AconfigPackage: android.service.dreams is mapped to system
07-04 01:20:37.448  6650  6650 I AconfigPackage: com.android.graphics.libgui.flags is mapped to system
07-04 01:20:37.448  6650  6650 I AconfigPackage: android.hardware.usb.flags is mapped to system
07-04 01:20:37.449  6650  6650 I AconfigPackage: android.provider is mapped to system
07-04 01:20:37.449  6650  6650 I AconfigPackage: com.android.server.job is mapped to system
07-04 01:20:37.449  6650  6650 I AconfigPackage: com.android.internal.foldables.flags is mapped to system
07-04 01:20:37.449  6650  6650 I AconfigPackage: com.android.internal.telephony.flags is mapped to system
07-04 01:20:37.449  6650  6650 I AconfigPackage: android.webkit is mapped to system
07-04 01:20:37.449  6650  6650 I AconfigPackage: android.credentials.flags is mapped to system
07-04 01:20:37.449  6650  6650 I AconfigPackage: com.android.server.display.feature.flags is mapped to system
07-04 01:20:37.450  6650  6650 I AconfigPackage: com.android.server.notification is mapped to system
07-04 01:20:37.450  6650  6650 I AconfigPackage: android.appwidget.flags is mapped to system
07-04 01:20:37.450  6650  6650 I AconfigPackage: com.android.frameworks.sensorservice.flags is mapped to system
07-04 01:20:37.450  6650  6650 I AconfigPackage: com.android.printspooler.flags is mapped to system
07-04 01:20:37.450  6650  6650 I AconfigPackage: com.android.window.flags is mapped to system
07-04 01:20:37.450  6650  6650 I AconfigPackage: android.adaptiveauth is mapped to system
07-04 01:20:37.450  6650  6650 I AconfigPackage: android.net.wifi.flags is mapped to system
07-04 01:20:37.451  6650  6650 I AconfigPackage: android.media.tv.flags is mapped to system
07-04 01:20:37.451  6650  6650 I AconfigPackage: com.android.server.usb.flags is mapped to system
07-04 01:20:37.451  6650  6650 I AconfigPackage: android.os.vibrator is mapped to system
07-04 01:20:37.451  6650  6650 I AconfigPackage: android.hardware.devicestate.feature.flags is mapped to system
07-04 01:20:37.451  6650  6650 I AconfigPackage: com.android.server.usage is mapped to system
07-04 01:20:37.451  6650  6650 I AconfigPackage: android.server is mapped to system
07-04 01:20:37.452  6650  6650 I AconfigPackage: com.android.wm.shell is mapped to system
07-04 01:20:37.452  6650  6650 I AconfigPackage: android.view.inputmethod is mapped to system
07-04 01:20:37.452  6650  6650 I AconfigPackage: com.android.graphics.hwui.flags is mapped to system
07-04 01:20:37.453  6650  6650 I AconfigPackage: com.android.server.backup is mapped to system
07-04 01:20:37.453  6650  6650 I AconfigPackage: com.android.internal.pm.pkg.component.flags is mapped to system
07-04 01:20:37.453  6650  6650 I AconfigPackage: android.view.accessibility is mapped to system
07-04 01:20:37.453  6650  6650 I AconfigPackage: com.google.wear.sdk is mapped to system
07-04 01:20:37.453  6650  6650 I AconfigPackage: android.media.audio is mapped to system
07-04 01:20:37.454  6650  6650 I AconfigPackage: com.android.server.am is mapped to system
07-04 01:20:37.454  6650  6650 I AconfigPackage: com.android.media.playback.flags is mapped to system
07-04 01:20:37.454  6650  6650 I AconfigPackage: com.android.art.flags is mapped to com.android.art
07-04 01:20:37.454  6650  6650 I AconfigPackage: com.android.libcore is mapped to com.android.art
07-04 01:20:37.455  6650  6650 I AconfigPackage: com.android.media.extractor.flags is mapped to com.android.media
07-04 01:20:37.455  6650  6650 I AconfigPackage: com.android.media.mainline.flags is mapped to com.android.media
07-04 01:20:37.455  6650  6650 I AconfigPackage: com.android.wifi.flags is mapped to com.android.wifi
07-04 01:20:37.455  6650  6650 I AconfigPackage: com.android.org.conscrypt.flags is mapped to com.android.conscrypt
07-04 01:20:37.455  6650  6650 I AconfigPackage: com.android.healthfitness.flags is mapped to com.android.healthfitness
07-04 01:20:37.456  6650  6650 I AconfigPackage: com.google.android.input.twoshay.flags is mapped to vendor
07-04 01:20:37.456  6650  6650 I AconfigPackage: libgooglecamerahal.flags is mapped to vendor
07-04 01:20:37.456  6650  6650 I AconfigPackage: com.android.ipsec.flags is mapped to com.android.ipsec
07-04 01:20:37.456  6650  6650 I AconfigPackage: com.android.nfc.module.flags is mapped to com.android.nfcservices
07-04 01:20:37.456  6650  6650 I AconfigPackage: com.android.adservices.ondevicepersonalization.flags is mapped to com.android.ondevicepersonalization
07-04 01:20:37.457  6650  6650 I AconfigPackage: com.android.bluetooth.flags is mapped to com.android.bt
07-04 01:20:37.458  6650  6650 I AconfigPackage: com.android.devicelock.flags is mapped to com.android.devicelock
07-04 01:20:37.458  6650  6650 I AconfigPackage: android.os.profiling is mapped to com.android.profiling
07-04 01:20:37.458  6650  6650 I AconfigPackage: com.android.os.statsd.flags is mapped to com.android.os.statsd
07-04 01:20:37.459  6650  6650 I AconfigPackage: com.android.cellbroadcastreceiver.flags is mapped to com.android.cellbroadcast
07-04 01:20:37.459  6650  6650 I AconfigPackage: com.android.adservices.flags is mapped to com.android.adservices
07-04 01:20:37.459  6650  6650 I AconfigPackage: com.android.sdksandbox.flags is mapped to com.android.adservices
07-04 01:20:37.460  6650  6650 I AconfigPackage: com.android.uwb.flags is mapped to com.android.uwb
07-04 01:20:37.460  6650  6650 I AconfigPackage: com.android.ranging.flags is mapped to com.android.uwb
07-04 01:20:37.460  6650  6650 I AconfigPackage: android.graphics.pdf.flags is mapped to com.android.mediaprovider
07-04 01:20:37.460  6650  6650 I AconfigPackage: com.android.providers.media.flags is mapped to com.android.mediaprovider
07-04 01:20:37.461  6650  6650 I AconfigPackage: android.graphics.pdf.flags.readonly is mapped to com.android.mediaprovider
07-04 01:20:37.462  6650  6650 I AconfigPackage: com.android.net.ct.flags is mapped to com.android.tethering
07-04 01:20:37.462  6650  6650 I AconfigPackage: com.android.net.flags is mapped to com.android.tethering
07-04 01:20:37.462  6650  6650 I AconfigPackage: android.net.vcn is mapped to com.android.tethering
07-04 01:20:37.462  6650  6650 I AconfigPackage: com.android.nearby.flags is mapped to com.android.tethering
07-04 01:20:37.462  6650  6650 I AconfigPackage: android.net.http is mapped to com.android.tethering
07-04 01:20:37.462  6650  6650 I AconfigPackage: com.android.net.thread.flags is mapped to com.android.tethering
07-04 01:20:37.462  6650  6650 I AconfigPackage: com.android.system.virtualmachine.flags is mapped to com.android.virt
07-04 01:20:37.463  6650  6650 E FeatureFlagsImplExport: android.os.flagging.AconfigStorageReadException: ERROR_PACKAGE_NOT_FOUND: package android.xr cannot be found on the device
07-04 01:20:37.465  6650  6650 D UiAutomationConnection: Created on user UserHandle{0}
07-04 01:20:37.466  6650  6650 I UiAutomation: Initialized for user 0 on display 0
07-04 01:20:37.466  6650  6650 W UiAutomation: Created with deprecatead constructor, assumes DEFAULT_DISPLAY
07-04 01:20:37.468   706  2066 D AccessibilityManagerService: changeCurrentUserForTestAutomationIfNeededLocked(0): ignoring because device doesn't support visible background users
07-04 01:20:37.469   706  2066 I UiAutomationManager: Registering UiTestAutomationService (id=com.android.server.accessibility/UiAutomation, flags=0x0) when called by user 0
07-04 01:20:37.469   706  2066 V AccessibilityManagerService: onUserStateChangedLocked for userId: 0, forceUpdate: false
07-04 01:20:37.471   706  2066 W MagnificationConnectionManager: requestConnection duplicated request: connect=false, mConnectionState=DISCONNECTED
07-04 01:20:37.474   706   706 W IPCThreadState: Sending oneway calls to frozen process.
07-04 01:20:37.474   706   706 W IPCThreadState: Sending oneway calls to frozen process.
07-04 01:20:37.475   706   706 W IPCThreadState: Sending oneway calls to frozen process.
07-04 01:20:37.475   706   706 W IPCThreadState: Sending oneway calls to frozen process.
07-04 01:20:37.476   706   706 W IPCThreadState: Sending oneway calls to frozen process.
07-04 01:20:37.477   706   706 W IPCThreadState: Sending oneway calls to frozen process.
07-04 01:20:37.478  6650  6663 V UiAutomation: Init UiAutomation@334825d[id=45, displayId=0, flags=0]
07-04 01:20:37.478   706   706 W IPCThreadState: Sending oneway calls to frozen process.
07-04 01:20:37.479   706   706 W IPCThreadState: Sending oneway calls to frozen process.
07-04 01:20:37.479   706   706 W IPCThreadState: Sending oneway calls to frozen process.
07-04 01:20:37.479   706   706 W IPCThreadState: Sending oneway calls to frozen process.
07-04 01:20:37.479  1528  1537 I AiAiEcho: Settings changed for uri: content://settings/secure/accessibility_enabled
07-04 01:20:37.479   706   706 W IPCThreadState: Sending oneway calls to frozen process.
07-04 01:20:37.480   706   706 W IPCThreadState: Sending oneway calls to frozen process.
07-04 01:20:37.480   706   706 W IPCThreadState: Sending oneway calls to frozen process.
07-04 01:20:37.480   706   706 W IPCThreadState: Sending oneway calls to frozen process.
07-04 01:20:37.482   706   706 W IPCThreadState: Sending oneway calls to frozen process.
07-04 01:20:37.482   706   706 W IPCThreadState: Sending oneway calls to frozen process.
07-04 01:20:37.482   706   706 W IPCThreadState: Sending oneway calls to frozen process.
07-04 01:20:37.482   706   706 W IPCThreadState: Sending oneway calls to frozen process.
07-04 01:20:37.483   706   706 W IPCThreadState: Sending oneway calls to frozen process.
07-04 01:20:37.483   706   706 W IPCThreadState: Sending oneway calls to frozen process.
07-04 01:20:37.483   706   706 W IPCThreadState: Sending oneway calls to frozen process.
07-04 01:20:37.484   706   706 W IPCThreadState: Sending oneway calls to frozen process.
07-04 01:20:37.484   706   706 W IPCThreadState: Sending oneway calls to frozen process.
07-04 01:20:37.486   706   706 W IPCThreadState: Sending oneway calls to frozen process.
07-04 01:20:37.486   706   706 W IPCThreadState: Sending oneway calls to frozen process.
07-04 01:20:37.487   706   706 W IPCThreadState: Sending oneway calls to frozen process.
07-04 01:20:37.488   706   706 W IPCThreadState: Sending oneway calls to frozen process.
07-04 01:20:37.489   706   706 D BatterySaverPolicy: accessibility changed to true, updating policy.
07-04 01:20:37.491   706  2069 V AccessibilityManagerService: onUserStateChangedLocked for userId: 0, forceUpdate: false
07-04 01:20:37.493   706  2069 W MagnificationConnectionManager: requestConnection duplicated request: connect=false, mConnectionState=DISCONNECTED
07-04 01:20:37.495   706   706 W IPCThreadState: Sending oneway calls to frozen process.
07-04 01:20:37.495  1528  1537 I AiAiEcho: Settings changed for uri: content://settings/secure/accessibility_enabled
07-04 01:20:37.495   706   706 W IPCThreadState: Sending oneway calls to frozen process.
07-04 01:20:37.495   706   706 W IPCThreadState: Sending oneway calls to frozen process.
07-04 01:20:37.495   706   706 W IPCThreadState: Sending oneway calls to frozen process.
07-04 01:20:37.496   706   706 W IPCThreadState: Sending oneway calls to frozen process.
07-04 01:20:37.496   706   706 W IPCThreadState: Sending oneway calls to frozen process.
07-04 01:20:37.496   706   706 W IPCThreadState: Sending oneway calls to frozen process.
07-04 01:20:37.497   706   706 W IPCThreadState: Sending oneway calls to frozen process.
07-04 01:20:37.497  1528  1766 I AiAiEcho: Predicting[0]:  [CONTEXT sampling_count=5 ]
07-04 01:20:37.497  1528  1766 I AiAiEcho: EchoTargets: 
07-04 01:20:37.497  1528  1766 I AiAiEcho: Filtered by AiAi flag check: 
07-04 01:20:37.497  1528  1766 I AiAiEcho: [CONTEXT ratelimit_period="10 SECONDS" ]
07-04 01:20:37.498  1528  1766 I AiAiEcho: #remoteViewsTwiddler: feature disabled.
07-04 01:20:37.499  1528  1766 I AiAiEcho: Predicting[0]:  [CONTEXT sampling_count=5 ]
07-04 01:20:37.499  1528  1766 I AiAiEcho: EchoTargets: 
07-04 01:20:37.499  1528  1766 I AiAiEcho: Filtered by AiAi flag check: 
07-04 01:20:37.499  1528  1766 I AiAiEcho: [CONTEXT ratelimit_period="10 SECONDS" ]
07-04 01:20:37.499   706   706 W IPCThreadState: Sending oneway calls to frozen process.
07-04 01:20:37.499  1528  1766 I AiAiEcho: #remoteViewsTwiddler: feature disabled.
07-04 01:20:37.500   706   706 W IPCThreadState: Sending oneway calls to frozen process.
07-04 01:20:37.500   706   706 W IPCThreadState: Sending oneway calls to frozen process.
07-04 01:20:37.500   706   706 W IPCThreadState: Sending oneway calls to frozen process.
07-04 01:20:37.500  1528  1766 I AiAiEcho: Predicting[0]:  [CONTEXT sampling_count=5 ]
07-04 01:20:37.500   706   706 W IPCThreadState: Sending oneway calls to frozen process.
07-04 01:20:37.500  1528  1766 I AiAiEcho: EchoTargets: 
07-04 01:20:37.500  1528  1766 I AiAiEcho: Filtered by AiAi flag check: 
07-04 01:20:37.500  1528  1766 I AiAiEcho: [CONTEXT ratelimit_period="10 SECONDS" ]
07-04 01:20:37.501   706   706 W IPCThreadState: Sending oneway calls to frozen process.
07-04 01:20:37.501  1528  1766 I AiAiEcho: #remoteViewsTwiddler: feature disabled.
07-04 01:20:37.501   706   706 W IPCThreadState: Sending oneway calls to frozen process.
07-04 01:20:37.502  1528  1766 I AiAiEcho: Predicting[0]:  [CONTEXT sampling_count=5 ]
07-04 01:20:37.502   706   706 W IPCThreadState: Sending oneway calls to frozen process.
07-04 01:20:37.502  1528  1766 I AiAiEcho: EchoTargets: 
07-04 01:20:37.502  1528  1766 I AiAiEcho: Filtered by AiAi flag check: 
07-04 01:20:37.502  1528  1766 I AiAiEcho: [CONTEXT ratelimit_period="10 SECONDS" ]
07-04 01:20:37.502   706   706 W IPCThreadState: Sending oneway calls to frozen process.
07-04 01:20:37.502   706   706 W IPCThreadState: Sending oneway calls to frozen process.
07-04 01:20:37.502  1528  1766 I AiAiEcho: #remoteViewsTwiddler: feature disabled.
07-04 01:20:37.503  1528  1766 I AiAiEcho: #postPredictionTargets: Sending updates to UISurface lockscreen with targets# 0 (types=[])
07-04 01:20:37.505  1528  1766 I AiAiEcho: #postPredictionTargets: Sending updates to UISurface home with targets# 0 (types=[])
07-04 01:20:37.506  1528  1766 I AiAiEcho: #postPredictionTargets: Sending updates to UISurface lockscreen with targets# 0 (types=[])
07-04 01:20:37.506  1528  1766 I AiAiEcho: #postPredictionTargets: Sending updates to UISurface home with targets# 0 (types=[])
07-04 01:20:37.516  1129  1129 D SsBaseTemplateCard: No text view can be set up
07-04 01:20:37.516  1129  1129 D SsBaseTemplateCard: Passed-in item info is null
07-04 01:20:37.517  1129  1129 D SsBaseTemplateCard: Passed-in item info is null
07-04 01:20:37.517  1129  1129 D SsBaseTemplateCard: Passed-in item info is null
