07-04 03:52:40.150  1528  1766 I AiAiEcho: Filtered by AiAi flag check:
07-04 03:52:40.150  1528  1766 I AiAiEcho: [CONTEXT ratelimit_period="10 SECONDS" ]
07-04 03:52:40.151  1528  1766 I AiAiEcho: #remoteViewsTwiddler: feature disabled.
07-04 03:52:40.151  1528  1766 I AiAiEcho: Predicting[0]:  [CONTEXT sampling_count=5 ]
07-04 03:52:40.151   706   706 W IPCThreadState: Sending oneway calls to frozen process.
07-04 03:52:40.152  1528  1766 I AiAiEcho: EchoTargets:
07-04 03:52:40.152  1528  1766 I AiAiEcho: Filtered by AiAi flag check:
07-04 03:52:40.152  1528  1766 I AiAiEcho: [CONTEXT ratelimit_period="10 SECONDS" ]
07-04 03:52:40.152   706   706 W IPCThreadState: Sending oneway calls to frozen process.
07-04 03:52:40.153  1528  1766 I AiAiEcho: #remoteViewsTwiddler: feature disabled.
07-04 03:52:40.153   706   706 W IPCThreadState: Sending oneway calls to frozen process.
07-04 03:52:40.153  1528  1766 I AiAiEcho: #postPredictionTargets: Sending updates to UISurface lockscreen with targets# 0 (types=[])
07-04 03:52:40.153   706   706 W IPCThreadState: Sending oneway calls to frozen process.
07-04 03:52:40.153   706   706 W IPCThreadState: Sending oneway calls to frozen process.
07-04 03:52:40.154   706   706 W IPCThreadState: Sending oneway calls to frozen process.
07-04 03:52:40.154  1528  1766 I AiAiEcho: #postPredictionTargets: Sending updates to UISurface home with targets# 0 (types=[])
07-04 03:52:40.154   706   706 W IPCThreadState: Sending oneway calls to frozen process.
07-04 03:52:40.154 14500 14511 V UiAutomation: Init UiAutomation@e9c45e7[id=294, displayId=0, flags=0]
07-04 03:52:40.154   967   967 W PageIndicator: Total number of pages invalid: 0. Assuming 1 page.
07-04 03:52:40.154   706   706 W IPCThreadState: Sending oneway calls to frozen process.
07-04 03:52:40.155   706   706 W IPCThreadState: Sending oneway calls to frozen process.
07-04 03:52:40.155   706   706 W IPCThreadState: Sending oneway calls to frozen process.
07-04 03:52:40.155   706   706 W IPCThreadState: Sending oneway calls to frozen process.
07-04 03:52:40.155  1129  1129 D SsBaseTemplateCard: No text view can be set up
07-04 03:52:40.155   706   706 W IPCThreadState: Sending oneway calls to frozen process.
07-04 03:52:40.155  1129  1129 D SsBaseTemplateCard: Passed-in item info is null
07-04 03:52:40.155  1129  1129 D SsBaseTemplateCard: Passed-in item info is null
07-04 03:52:40.155   706   706 W IPCThreadState: Sending oneway calls to frozen process.
07-04 03:52:40.155  1129  1129 D SsBaseTemplateCard: Passed-in item info is null
07-04 03:52:40.155  1129  1129 I SsBaseTemplateCard: Secondary card pane is null
07-04 03:52:40.155   706   706 W IPCThreadState: Sending oneway calls to frozen process.
07-04 03:52:40.155   706   706 W IPCThreadState: Sending oneway calls to frozen process.
07-04 03:52:40.156   706   788 V AccessibilityManagerService: onUserStateChangedLocked for userId: 0, forceUpdate: false
07-04 03:52:40.158   706   788 W MagnificationConnectionManager: requestConnection duplicated request: connect=false, mConnectionState=DISCONNECTED
07-04 03:52:40.159  1528  2213 I AiAiEcho: Settings changed for uri: content://settings/secure/accessibility_enabled
07-04 03:52:40.160   706   706 W IPCThreadState: Sending oneway calls to frozen process.
07-04 03:52:40.160  1528  1766 I AiAiEcho: Predicting[0]:  [CONTEXT sampling_count=5 ]
07-04 03:52:40.161  1528  1766 I AiAiEcho: EchoTargets:
07-04 03:52:40.161  1528  1766 I AiAiEcho: Filtered by AiAi flag check:
07-04 03:52:40.161  1528  1766 I AiAiEcho: [CONTEXT ratelimit_period="10 SECONDS" ]
07-04 03:52:40.161  1528  1766 I AiAiEcho: #remoteViewsTwiddler: feature disabled.
07-04 03:52:40.162  1528  1766 I AiAiEcho: Predicting[0]:  [CONTEXT sampling_count=5 ]
07-04 03:52:40.162  1528  1766 I AiAiEcho: EchoTargets:
07-04 03:52:40.162  1528  1766 I AiAiEcho: Filtered by AiAi flag check:
07-04 03:52:40.162  1528  1766 I AiAiEcho: [CONTEXT ratelimit_period="10 SECONDS" ]
07-04 03:52:40.162  1528  1766 I AiAiEcho: #remoteViewsTwiddler: feature disabled.
07-04 03:52:40.163  1528  1766 I AiAiEcho: #postPredictionTargets: Sending updates to UISurface lockscreen with targets# 0 (types=[])
07-04 03:52:40.165  1528  1766 I AiAiEcho: #postPredictionTargets: Sending updates to UISurface home with targets# 0 (types=[])
07-04 03:52:40.167   706   706 W IPCThreadState: Sending oneway calls to frozen process.
07-04 03:52:40.167   706   706 W IPCThreadState: Sending oneway calls to frozen process.
07-04 03:52:40.167  1129  1129 D SsBaseTemplateCard: No text view can be set up
07-04 03:52:40.167   706   706 W IPCThreadState: Sending oneway calls to frozen process.
07-04 03:52:40.167  1129  1129 D SsBaseTemplateCard: Passed-in item info is null
07-04 03:52:40.167  1129  1129 D SsBaseTemplateCard: Passed-in item info is null
07-04 03:52:40.169   706   706 W IPCThreadState: Sending oneway calls to frozen process.
07-04 03:52:40.169  1129  1129 D SsBaseTemplateCard: Passed-in item info is null
07-04 03:52:40.169  1129  1129 I SsBaseTemplateCard: Secondary card pane is null
07-04 03:52:40.170   706   706 W IPCThreadState: Sending oneway calls to frozen process.
07-04 03:52:40.170   706   706 W IPCThreadState: Sending oneway calls to frozen process.
07-04 03:52:40.171   706   706 W IPCThreadState: Sending oneway calls to frozen process.
07-04 03:52:40.171   706   706 W IPCThreadState: Sending oneway calls to frozen process.
07-04 03:52:40.171   706   706 W IPCThreadState: Sending oneway calls to frozen process.
07-04 03:52:40.171   967   967 W PageIndicator: Total number of pages invalid: 0. Assuming 1 page.
07-04 03:52:40.171   706   706 W IPCThreadState: Sending oneway calls to frozen process.
07-04 03:52:40.171   706   706 W IPCThreadState: Sending oneway calls to frozen process.
07-04 03:52:40.171   706   706 W IPCThreadState: Sending oneway calls to frozen process.
07-04 03:52:40.171   706   706 W IPCThreadState: Sending oneway calls to frozen process.
07-04 03:52:40.172   706   706 W IPCThreadState: Sending oneway calls to frozen process.
07-04 03:52:40.172   706   706 W IPCThreadState: Sending oneway calls to frozen process.
07-04 03:52:40.172   706   706 W IPCThreadState: Sending oneway calls to frozen process.
07-04 03:52:40.172   706   706 W IPCThreadState: Sending oneway calls to frozen process.
07-04 03:52:40.173   706   706 W IPCThreadState: Sending oneway calls to frozen process.
07-04 03:52:40.173   706   706 W IPCThreadState: Sending oneway calls to frozen process.
07-04 03:52:40.175   706   706 W IPCThreadState: Sending oneway calls to frozen process.
07-04 03:52:40.175   706   706 W IPCThreadState: Sending oneway calls to frozen process.
07-04 03:52:40.175   706   706 W IPCThreadState: Sending oneway calls to frozen process.
07-04 03:52:40.175   706   706 W IPCThreadState: Sending oneway calls to frozen process.
07-04 03:52:40.176   706   706 W IPCThreadState: Sending oneway calls to frozen process.
07-04 03:52:40.176   706   706 W IPCThreadState: Sending oneway calls to frozen process.
07-04 03:52:40.176   706   706 W IPCThreadState: Sending oneway calls to frozen process.
07-04 03:52:40.176   706   706 W IPCThreadState: Sending oneway calls to frozen process.
07-04 03:52:40.177   706   706 W IPCThreadState: Sending oneway calls to frozen process.
07-04 03:52:40.178   706   706 W IPCThreadState: Sending oneway calls to frozen process.
07-04 03:52:40.178   706   706 W IPCThreadState: Sending oneway calls to frozen process.
07-04 03:52:40.178   706   706 W IPCThreadState: Sending oneway calls to frozen process.
07-04 03:52:40.178   706   706 W IPCThreadState: Sending oneway calls to frozen process.
07-04 03:52:40.178   706   706 W IPCThreadState: Sending oneway calls to frozen process.
07-04 03:52:40.179   706   706 W IPCThreadState: Sending oneway calls to frozen process.
07-04 03:52:40.179   706   706 W IPCThreadState: Sending oneway calls to frozen process.
07-04 03:52:40.179   706   706 W IPCThreadState: Sending oneway calls to frozen process.
07-04 03:52:40.179   706   706 W IPCThreadState: Sending oneway calls to frozen process.
07-04 03:52:40.184   706   706 W IPCThreadState: Sending oneway calls to frozen process.
07-04 03:52:40.185   706   706 W IPCThreadState: Sending oneway calls to frozen process.
07-04 03:52:40.185   706   706 D BatterySaverPolicy: accessibility changed to true, updating policy.
07-04 03:52:40.469   706   871 D WifiClientModeImpl[23202:wlan0]: updateLinkLayerStatsRssiSpeedFrequencyCapabilities rssi=-50 TxLinkspeed=1 freq=2447 RxLinkSpeed=2
07-04 03:52:40.469   706   871 D WifiDataStall: tx tput in kbps: 11000
07-04 03:52:40.470   706   871 D WifiDataStall: rx tput in kbps: 11000
07-04 03:52:40.470   706   871 V WifiConfigManager: Updating scan detail cache freq=2447 BSSID=00:13:10:85:fe:01 RSSI=-50 for "AndroidWifi"NONE
07-04 03:52:40.471   706   871 D WifiThroughputPredictor:  utilization (LLS) 80 isBluetoothConnected: false final utilization: 80
07-04 03:52:40.471   706   871 D WifiThroughputPredictor:  BW: 0 RSSI: -50 Nss: 1 Mode: 1 symDur: 4000 snrDb 30 bitPerTone: 4500 rate: 54 throughput: 11
07-04 03:52:40.471   706   871 D WifiThroughputPredictor:  utilization (LLS) 80 isBluetoothConnected: false final utilization: 80
07-04 03:52:40.472   706   871 D WifiThroughputPredictor:  BW: 0 RSSI: -50 Nss: 1 Mode: 1 symDur: 4000 snrDb 30 bitPerTone: 4500 rate: 54 throughput: 11
07-04 03:52:40.472   706   871 D WifiThroughputPredictor:  utilization (LLS) 80 isBluetoothConnected: false final utilization: 80
07-04 03:52:40.472   706   871 D WifiThroughputPredictor:  BW: 0 RSSI: -50 Nss: 1 Mode: 1 symDur: 4000 snrDb 30 bitPerTone: 4500 rate: 54 throughput: 11
07-04 03:52:40.472   706   871 D WifiThroughputPredictor:  utilization (LLS) 80 isBluetoothConnected: false final utilization: 80
07-04 03:52:40.472   706   871 D WifiThroughputPredictor:  BW: 0 RSSI: -50 Nss: 1 Mode: 1 symDur: 4000 snrDb 30 bitPerTone: 4500 rate: 54 throughput: 11
07-04 03:52:40.473   706   871 D WifiScoreCard: BSSID update SIGNAL_POLL ID: 2146055532 SSID: "AndroidWifi", BSSID: 00:13:10:85:fe:01, MAC: 02:15:b4:00:00:00, IP: /10.0.2.17, Security type: 0, Supplicant state: COMPLETED, Wi-Fi standard: legacy, RSSI: -50, Link speed: 1Mbps, Tx Link speed: 1Mbps, Max Supported Tx Link speed: 11Mbps, Rx Link speed: 2Mbps, Max Supported Rx Link speed: 11Mbps, Frequency: 2447MHz, Net ID: 0, Metered hint: false, score: 60, isUsable: true, CarrierMerged: false, SubscriptionId: -1, IsPrimary: 1, Trusted: true, Restricted: false, Ephemeral: false, OEM paid: false, OEM private: false, OSU AP: false, FQDN: <none>, Provider friendly name: <none>, Requesting package name: <none>"AndroidWifi"openMLO Information: , Is TID-To-Link negotiation supported by the AP: false, AP MLD Address: <none>, AP MLO Link Id: <none>, AP MLO Affiliated links: <none>, Vendor Data: <none>
07-04 03:52:40.473   706   871 D WifiScoreCard: txRate: 1 txSpeed: 1
07-04 03:52:40.473   706   871 D WifiScoreCard: network update SIGNAL_POLL "AndroidWifi" ID: 290235138 RSSI -50 txSpeed -1
07-04 03:52:40.473   706   871 D WifiClientModeImpl[23202:wlan0]:  ClientModeImpl$L2ConnectedState screen=on 1 0 "AndroidWifi" 00:13:10:85:fe:01 rssi=-50 f=2447 sc=60 link=1 tx=0.0, 0.0, 0.0 rx=0.0 bcn=0 [on:0 tx:0 rx:0 period:3008] from screen [on:0 period:722132633] score=60
07-04 03:52:40.988   706   742 W IPCThreadState: Sending oneway calls to frozen process.
07-04 03:52:41.089  1506  1506 D WM-DelayedWorkTracker: Scheduling work 9f3abf82-eb90-46ff-bfd4-e417c44c7c90
07-04 03:52:41.090  1506  1506 D WM-GreedyScheduler: Starting tracking for 9f3abf82-eb90-46ff-bfd4-e417c44c7c90
07-04 03:52:41.091  1506  1662 D WM-ConstraintTracker: BatteryNotLowTracker: initial state = true
07-04 03:52:41.092  1506  1662 D WM-BrdcstRcvrCnstrntTrc: BatteryNotLowTracker: registering receiver
07-04 03:52:41.093  1506  1662 D WM-GreedyScheduler: Constraints met: Scheduling work ID WorkGenerationalId(workSpecId=9f3abf82-eb90-46ff-bfd4-e417c44c7c90, generation=0)
07-04 03:52:41.094  1506  1662 D WM-Processor: Processor: processing WorkGenerationalId(workSpecId=9f3abf82-eb90-46ff-bfd4-e417c44c7c90, generation=0)
07-04 03:52:41.097  1506  1506 D WM-WorkerWrapper: Starting work for com.android.providers.media.photopicker.sync.ProactiveSyncWorker
07-04 03:52:41.100  1506  6223 I PSyncWorker: Starting proactive picker sync from sync source: 1
07-04 03:52:41.102  1506  6223 I PickerSyncTracker: Created new sync future java.util.concurrent.CompletableFuture@e41db62[Not completed, 1 dependents]. Future map: {9f3abf82-eb90-46ff-bfd4-e417c44c7c90=java.util.concurrent.CompletableFuture@e41db62[Not completed, 1 dependents]}
07-04 03:52:41.102  1506  6223 D PickerSyncController: syncAllMediaFromProvider() LOCAL, auth=com.android.providers.media.photopicker, retry=true
07-04 03:52:41.102  1506  6223 D PickerSyncController: getSyncRequestParams() LOCAL, auth=com.android.providers.media.photopicker
07-04 03:52:41.107  1506  6223 D PickerSyncController:    Latest ID/Gen=7cb2da8e3887eeff:external_primary/1095
07-04 03:52:41.107  1506  6223 D PickerSyncController:    Cached ID/Gen=7cb2da8e3887eeff:external_primary/1083
07-04 03:52:41.107  1506  6223 D PickerSyncController:    RESULT=SyncRequestParams{type=MEDIA_INCREMENTAL, gen=1083, latest=Bundle[{last_media_sync_generation=1095, media_collection_id=7cb2da8e3887eeff:external_primary}], pageSize=1000}
07-04 03:52:41.107  1506  6223 I PickerSyncController: Executing SyncAdd. isLocal: true. authority: com.android.providers.media.photopicker
07-04 03:52:41.108  1506  6223 D PickerSyncLockManager: Trying to acquire lock com.android.providers.media.photopicker.sync.CloseableReentrantLock@ee89538[Unlocked]. Lock Name = CLOUD_PROVIDER_LOCK. Threads that may be waiting to acquire this lock = [] with timeout.
07-04 03:52:41.108  1506  6223 D CloseableReentrantLock: Successfully acquired lock com.android.providers.media.photopicker.sync.CloseableReentrantLock@ee89538[Locked by thread pool-4-thread-7]. Lock Name = CLOUD_PROVIDER_LOCK. Threads that may be waiting to acquire this lock = []
07-04 03:52:41.108  1506  6223 D CloseableReentrantLock: Successfully released lock com.android.providers.media.photopicker.sync.CloseableReentrantLock@ee89538[Unlocked]. Lock Name = CLOUD_PROVIDER_LOCK. Threads that may be waiting to acquire this lock = []
07-04 03:52:41.108  1506  6223 D ExternalDbFacade: Token received for queryMedia = null
07-04 03:52:41.109  1506  6223 D PickerSyncLockManager: Trying to acquire lock com.android.providers.media.photopicker.sync.CloseableReentrantLock@ee89538[Unlocked]. Lock Name = CLOUD_PROVIDER_LOCK. Threads that may be waiting to acquire this lock = [] with timeout.
07-04 03:52:41.110  1506  6223 D CloseableReentrantLock: Successfully acquired lock com.android.providers.media.photopicker.sync.CloseableReentrantLock@ee89538[Locked by thread pool-4-thread-7]. Lock Name = CLOUD_PROVIDER_LOCK. Threads that may be waiting to acquire this lock = []
07-04 03:52:41.110  1506  6223 D PickerSyncController: Clearing next page token for key: local_provider:media_add:resume
07-04 03:52:41.113  1506  6223 D CloseableReentrantLock: Successfully released lock com.android.providers.media.photopicker.sync.CloseableReentrantLock@ee89538[Unlocked]. Lock Name = CLOUD_PROVIDER_LOCK. Threads that may be waiting to acquire this lock = []
07-04 03:52:41.114  1506  6223 D PickerNotificationSender: Sending a notification for media update
07-04 03:52:41.117  1506  6223 D PickerNotificationSender: Sending a notification for merged album media update Videos
07-04 03:52:41.117  1506  6223 D PickerNotificationSender: Sending a notification for album media update Videos
07-04 03:52:41.119  1506  6223 D PickerNotificationSender: Sending a notification for merged album media update Favorites
07-04 03:52:41.120  1506  6223 D PickerNotificationSender: Sending a notification for album media update Favorites
07-04 03:52:41.121  1506  6223 I PickerSyncController: Paged sync successful. QueryArgs: Bundle[{android.provider.extra.SYNC_GENERATION=1083, android.provider.extra.PAGE_SIZE=1000}] Total Rows: 0
07-04 03:52:41.122  1506  6223 I PickerSyncController: Executing SyncRemove. isLocal: true. authority: com.android.providers.media.photopicker
07-04 03:52:41.122  1506  6223 D PickerSyncLockManager: Trying to acquire lock com.android.providers.media.photopicker.sync.CloseableReentrantLock@ee89538[Unlocked]. Lock Name = CLOUD_PROVIDER_LOCK. Threads that may be waiting to acquire this lock = [] with timeout.
07-04 03:52:41.122  1506  6223 D CloseableReentrantLock: Successfully acquired lock com.android.providers.media.photopicker.sync.CloseableReentrantLock@ee89538[Locked by thread pool-4-thread-7]. Lock Name = CLOUD_PROVIDER_LOCK. Threads that may be waiting to acquire this lock = []
07-04 03:52:41.122  1506  6223 D CloseableReentrantLock: Successfully released lock com.android.providers.media.photopicker.sync.CloseableReentrantLock@ee89538[Unlocked]. Lock Name = CLOUD_PROVIDER_LOCK. Threads that may be waiting to acquire this lock = []
07-04 03:52:41.124  1506  6223 E PickerDbFacade: Could not get first date taken millis for media id: 115
07-04 03:52:41.124  1506  6223 W PickerDbFacade: Unable to promote cloud media with localId: 115
07-04 03:52:41.125  1506  6223 D PickerSyncLockManager: Trying to acquire lock com.android.providers.media.photopicker.sync.CloseableReentrantLock@ee89538[Unlocked]. Lock Name = CLOUD_PROVIDER_LOCK. Threads that may be waiting to acquire this lock = [] with timeout.
07-04 03:52:41.125  1506  6223 D CloseableReentrantLock: Successfully acquired lock com.android.providers.media.photopicker.sync.CloseableReentrantLock@ee89538[Locked by thread pool-4-thread-7]. Lock Name = CLOUD_PROVIDER_LOCK. Threads that may be waiting to acquire this lock = []
07-04 03:52:41.125  1506  6223 D PickerSyncController: Clearing next page token for key: local_provider:media_remove:resume
07-04 03:52:41.125  1506  6223 D CloseableReentrantLock: Successfully released lock com.android.providers.media.photopicker.sync.CloseableReentrantLock@ee89538[Unlocked]. Lock Name = CLOUD_PROVIDER_LOCK. Threads that may be waiting to acquire this lock = []
07-04 03:52:41.125  1506  6223 D PickerNotificationSender: Sending a notification for media update
07-04 03:52:41.126  1506  6223 D PickerNotificationSender: Sending a notification for merged album media update Videos
07-04 03:52:41.126  1506  6223 D PickerNotificationSender: Sending a notification for album media update Videos
07-04 03:52:41.128  1506  6223 D PickerNotificationSender: Sending a notification for merged album media update Favorites
07-04 03:52:41.128  1506  6223 D PickerNotificationSender: Sending a notification for album media update Favorites
07-04 03:52:41.129  1506  6223 I PickerSyncController: Paged sync successful. QueryArgs: Bundle[{android.provider.extra.SYNC_GENERATION=1083, android.provider.extra.PAGE_SIZE=1000}] Total Rows: 0
07-04 03:52:41.129  1506  6223 I PickerSyncTracker: Marked sync future complete for work id: 9f3abf82-eb90-46ff-bfd4-e417c44c7c90. Future map: {}
07-04 03:52:41.129  1506  6223 I PSyncWorker: Completed picker proactive sync complete from local provider.
07-04 03:52:41.134  1506  1818 I WM-WorkerWrapper: Worker result SUCCESS for Work [ id=9f3abf82-eb90-46ff-bfd4-e417c44c7c90, tags={ com.android.providers.media.photopicker.sync.ProactiveSyncWorker } ]
07-04 03:52:41.138  1506  1506 D WM-Processor: Processor 9f3abf82-eb90-46ff-bfd4-e417c44c7c90 executed; reschedule = false
07-04 03:52:41.138  1506  1506 D WM-GreedyScheduler: Stopping tracking for WorkGenerationalId(workSpecId=9f3abf82-eb90-46ff-bfd4-e417c44c7c90, generation=0)
07-04 03:52:41.153  1506  1818 D WM-GreedyScheduler: Cancelling work ID 9f3abf82-eb90-46ff-bfd4-e417c44c7c90
07-04 03:52:41.155  1506  1818 D WM-GreedyScheduler: Ignoring {WorkSpec: b7deacdd-77b4-4f95-8e2e-9470c54412a8}. Requires device idle.
07-04 03:52:41.155  1506  1818 D WM-GreedyScheduler: Ignoring {WorkSpec: 28d75524-0f78-4938-ae95-25d396d3275c}. Requires device idle.
07-04 03:52:41.156  1506  1662 D WM-BrdcstRcvrCnstrntTrc: BatteryNotLowTracker: unregistering receiver
07-04 03:52:41.208 14500 14500 W AccessibilityNodeInfoDumper: Fetch time: 3ms
07-04 03:52:41.210   706  1678 V AccessibilityManagerService: onUserStateChangedLocked for userId: 0, forceUpdate: false
07-04 03:52:41.211   706  1678 W MagnificationConnectionManager: requestConnection duplicated request: connect=false, mConnectionState=DISCONNECTED
07-04 03:52:41.214  1528  2213 I AiAiEcho: Settings changed for uri: content://settings/secure/accessibility_enabled
07-04 03:52:41.214  1528  1766 I AiAiEcho: Predicting[0]:  [CONTEXT sampling_count=5 ]
07-04 03:52:41.214  1528  1766 I AiAiEcho: EchoTargets:
07-04 03:52:41.214  1528  1766 I AiAiEcho: Filtered by AiAi flag check:
07-04 03:52:41.214  1528  1766 I AiAiEcho: [CONTEXT ratelimit_period="10 SECONDS" ]
07-04 03:52:41.215  1528  1766 I AiAiEcho: #remoteViewsTwiddler: feature disabled.
07-04 03:52:41.216   706  1678 D AccessibilityManagerService: restoreCurrentUserForTestAutomationIfNeededLocked(): ignoring because device doesn't support visible background users
07-04 03:52:41.217   706   706 W IPCThreadState: Sending oneway calls to frozen process.
07-04 03:52:41.218   706   706 W IPCThreadState: Sending oneway calls to frozen process.
07-04 03:52:41.218   706   706 W IPCThreadState: Sending oneway calls to frozen process.
07-04 03:52:41.218   706   706 W IPCThreadState: Sending oneway calls to frozen process.
07-04 03:52:41.218   706   706 W IPCThreadState: Sending oneway calls to frozen process.
07-04 03:52:41.221 14500 14509 W IPCThreadState: call to talkWithDriver in joinThreadPool returned error: -9 (Bad file descriptor), FD: -1
07-04 03:52:41.221 14500 14500 D AndroidRuntime: Shutting down VM
07-04 03:52:41.223  1528  1766 I AiAiEcho: Predicting[0]:  [CONTEXT sampling_count=5 ]
07-04 03:52:41.224 14500 14508 W IPCThreadState: call to talkWithDriver in joinThreadPool returned error: -9 (Bad file descriptor), FD: -1
07-04 03:52:41.224   706   706 W IPCThreadState: Sending oneway calls to frozen process.
07-04 03:52:41.224  1528  1766 I AiAiEcho: EchoTargets:
07-04 03:52:41.224  1528  1766 I AiAiEcho: Filtered by AiAi flag check:
07-04 03:52:41.224  1528  1766 I AiAiEcho: [CONTEXT ratelimit_period="10 SECONDS" ]
07-04 03:52:41.224   706   706 W IPCThreadState: Sending oneway calls to frozen process.
07-04 03:52:41.224  1528  1766 I AiAiEcho: #remoteViewsTwiddler: feature disabled.
07-04 03:52:41.225 14500 14512 W IPCThreadState: call to talkWithDriver in joinThreadPool returned error: -9 (Bad file descriptor), FD: -1
07-04 03:52:41.225  1528  1766 I AiAiEcho: #postPredictionTargets: Sending updates to UISurface lockscreen with targets# 0 (types=[])
07-04 03:52:41.226   706   706 W IPCThreadState: Sending oneway calls to frozen process.
07-04 03:52:41.226   706   706 W IPCThreadState: Sending oneway calls to frozen process.
07-04 03:52:41.226   706   706 W IPCThreadState: Sending oneway calls to frozen process.
07-04 03:52:41.226   706   706 W IPCThreadState: Sending oneway calls to frozen process.
07-04 03:52:41.227   706   706 W IPCThreadState: Sending oneway calls to frozen process.
07-04 03:52:41.228   706   706 W IPCThreadState: Sending oneway calls to frozen process.
07-04 03:52:41.229  1528  1766 I AiAiEcho: #postPredictionTargets: Sending updates to UISurface home with targets# 0 (types=[])
07-04 03:52:41.230   967   967 W PageIndicator: Total number of pages invalid: 0. Assuming 1 page.
07-04 03:52:41.231  1129  1129 D SsBaseTemplateCard: No text view can be set up
07-04 03:52:41.232  1129  1129 D SsBaseTemplateCard: Passed-in item info is null
07-04 03:52:41.233  1129  1129 D SsBaseTemplateCard: Passed-in item info is null
07-04 03:52:41.233   706   706 W IPCThreadState: Sending oneway calls to frozen process.
07-04 03:52:41.234   706   706 W IPCThreadState: Sending oneway calls to frozen process.
07-04 03:52:41.234   706   706 W IPCThreadState: Sending oneway calls to frozen process.
07-04 03:52:41.234  1129  1129 D SsBaseTemplateCard: Passed-in item info is null
07-04 03:52:41.234  1129  1129 I SsBaseTemplateCard: Secondary card pane is null
07-04 03:52:41.235   706   706 W IPCThreadState: Sending oneway calls to frozen process.
07-04 03:52:41.235   706   706 W IPCThreadState: Sending oneway calls to frozen process.
07-04 03:52:41.236   706   706 W IPCThreadState: Sending oneway calls to frozen process.
07-04 03:52:41.237   706   706 W IPCThreadState: Sending oneway calls to frozen process.
07-04 03:52:41.238   706   706 W IPCThreadState: Sending oneway calls to frozen process.
07-04 03:52:41.238   706   706 W IPCThreadState: Sending oneway calls to frozen process.
07-04 03:52:41.239   706   706 W IPCThreadState: Sending oneway calls to frozen process.
07-04 03:52:41.239   706   706 W IPCThreadState: Sending oneway calls to frozen process.
07-04 03:52:41.239   706   706 W IPCThreadState: Sending oneway calls to frozen process.
07-04 03:52:41.239   706   706 W IPCThreadState: Sending oneway calls to frozen process.
07-04 03:52:41.239   706   706 W IPCThreadState: Sending oneway calls to frozen process.
07-04 03:52:41.239   706   706 W IPCThreadState: Sending oneway calls to frozen process.
07-04 03:52:41.240   706   706 W IPCThreadState: Sending oneway calls to frozen process.
07-04 03:52:41.240   706   706 W IPCThreadState: Sending oneway calls to frozen process.
07-04 03:52:41.241   706   706 W IPCThreadState: Sending oneway calls to frozen process.
07-04 03:52:41.241   706   706 W IPCThreadState: Sending oneway calls to frozen process.
07-04 03:52:41.241   706   706 W IPCThreadState: Sending oneway calls to frozen process.
07-04 03:52:41.241   706   706 D BatterySaverPolicy: accessibility changed to false, updating policy.
07-04 03:52:42.186   706  1055 W ActivityTaskManager: callingPackage for (uid=2000, pid=14515) has no WPC
07-04 03:52:42.187   706  1055 V GrammaticalInflectionUtils: AttributionSource: AttributionSource { uid = 10217, packageName = null, attributionTag = null, token = android.os.Binder@a09104d, deviceId = 0, next = null } does not have READ_SYSTEM_GRAMMATICAL_GENDER permission.
07-04 03:52:42.187   706  1055 W OptProp : Cannot read opt property android.window.PROPERTY_COMPAT_ALLOW_USER_ASPECT_RATIO_OVERRIDE
07-04 03:52:42.188   706  1055 W OptProp : Cannot read opt property android.window.PROPERTY_COMPAT_ALLOW_USER_ASPECT_RATIO_FULLSCREEN_OVERRIDE
07-04 03:52:42.188   706  1055 W OptProp : Cannot read opt property android.window.PROPERTY_COMPAT_ALLOW_RESIZEABLE_ACTIVITY_OVERRIDES
07-04 03:52:42.188   706  1055 W OptProp : Cannot read opt property android.window.PROPERTY_COMPAT_ALLOW_MIN_ASPECT_RATIO_OVERRIDE
07-04 03:52:42.193   706  1055 I ActivityTaskManager: START u0 {act=android.intent.action.VIEW dat=danio://qa/... flg=0x10000000 xflg=0x4 pkg=com.tiarnanlarkin.danio cmp=com.tiarnanlarkin.danio/.MainActivity} with LAUNCH_SINGLE_TOP from uid 2000 (BAL_ALLOW_PERMISSION) result code=3
07-04 03:52:42.194   558   824 I BpBinder: onLastStrongRef automatically unlinking death recipients:
07-04 03:52:42.196   967  1100 D KeyguardService: setOccluded(false)
07-04 03:52:42.197   967  1045 D WindowManagerShell: onActivityRestartAttempt: topActivity=ComponentInfo{com.tiarnanlarkin.danio/com.tiarnanlarkin.danio.MainActivity}, wasVisible=true
07-04 03:52:42.197   967  1100 D KeyguardViewMediator: setOccluded(false)
07-04 03:52:42.201   967   967 D KeyguardViewMediator: handleSetOccluded(false)
07-04 03:52:42.202   967   967 D KeyguardViewMediator: KeyguardViewMediator queue processing message: SET_OCCLUDED
07-04 03:52:42.203 13309 13384 D SessionLifecycleClient: Sending lifecycle 2 to service
07-04 03:52:42.205 13309 13309 I flutter : [QA] Deep link: danio://qa/equipment-guide
07-04 03:52:42.206 13309 13408 D SessionLifecycleService: Activity backgrounding at 11081736
07-04 03:52:42.210 13309 13391 D SessionLifecycleClient: Sending lifecycle 1 to service
07-04 03:52:42.214 13309 13408 D SessionLifecycleService: Activity foregrounding at 11081742.
07-04 03:52:42.411   706   737 W IPCThreadState: Sending oneway calls to frozen process.
07-04 03:52:42.412   706   737 W IPCThreadState: Sending oneway calls to frozen process.
07-04 03:52:42.413   706   737 W IPCThreadState: Sending oneway calls to frozen process.
07-04 03:52:42.413   706   737 W IPCThreadState: Sending oneway calls to frozen process.
07-04 03:52:42.414   706   737 W IPCThreadState: Sending oneway calls to frozen process.
07-04 03:52:42.416   706   737 W IPCThreadState: Sending oneway calls to frozen process.
07-04 03:52:42.417   706   737 W IPCThreadState: Sending oneway calls to frozen process.
07-04 03:52:42.418   706   737 W IPCThreadState: Sending oneway calls to frozen process.
07-04 03:52:43.476   706   871 D WifiClientModeImpl[23202:wlan0]: updateLinkLayerStatsRssiSpeedFrequencyCapabilities rssi=-50 TxLinkspeed=1 freq=2447 RxLinkSpeed=2
07-04 03:52:43.476   706   871 D WifiDataStall: tx tput in kbps: 11000
07-04 03:52:43.477   706   871 D WifiDataStall: rx tput in kbps: 11000
07-04 03:52:43.477   706   871 V WifiConfigManager: Updating scan detail cache freq=2447 BSSID=00:13:10:85:fe:01 RSSI=-50 for "AndroidWifi"NONE
07-04 03:52:43.477   706   871 D WifiThroughputPredictor:  utilization (LLS) 80 isBluetoothConnected: false final utilization: 80
07-04 03:52:43.477   706   871 D WifiThroughputPredictor:  BW: 0 RSSI: -50 Nss: 1 Mode: 1 symDur: 4000 snrDb 30 bitPerTone: 4500 rate: 54 throughput: 11
07-04 03:52:43.478   706   871 D WifiThroughputPredictor:  utilization (LLS) 80 isBluetoothConnected: false final utilization: 80
07-04 03:52:43.478   706   871 D WifiThroughputPredictor:  BW: 0 RSSI: -50 Nss: 1 Mode: 1 symDur: 4000 snrDb 30 bitPerTone: 4500 rate: 54 throughput: 11
07-04 03:52:43.478   706   871 D WifiThroughputPredictor:  utilization (LLS) 80 isBluetoothConnected: false final utilization: 80
07-04 03:52:43.478   706   871 D WifiThroughputPredictor:  BW: 0 RSSI: -50 Nss: 1 Mode: 1 symDur: 4000 snrDb 30 bitPerTone: 4500 rate: 54 throughput: 11
07-04 03:52:43.478   706   871 D WifiThroughputPredictor:  utilization (LLS) 80 isBluetoothConnected: false final utilization: 80
07-04 03:52:43.479   706   871 D WifiThroughputPredictor:  BW: 0 RSSI: -50 Nss: 1 Mode: 1 symDur: 4000 snrDb 30 bitPerTone: 4500 rate: 54 throughput: 11
07-04 03:52:43.481   706   871 D WifiScoreCard: BSSID update SIGNAL_POLL ID: 2146055532 SSID: "AndroidWifi", BSSID: 00:13:10:85:fe:01, MAC: 02:15:b4:00:00:00, IP: /10.0.2.17, Security type: 0, Supplicant state: COMPLETED, Wi-Fi standard: legacy, RSSI: -50, Link speed: 1Mbps, Tx Link speed: 1Mbps, Max Supported Tx Link speed: 11Mbps, Rx Link speed: 2Mbps, Max Supported Rx Link speed: 11Mbps, Frequency: 2447MHz, Net ID: 0, Metered hint: false, score: 60, isUsable: true, CarrierMerged: false, SubscriptionId: -1, IsPrimary: 1, Trusted: true, Restricted: false, Ephemeral: false, OEM paid: false, OEM private: false, OSU AP: false, FQDN: <none>, Provider friendly name: <none>, Requesting package name: <none>"AndroidWifi"openMLO Information: , Is TID-To-Link negotiation supported by the AP: false, AP MLD Address: <none>, AP MLO Link Id: <none>, AP MLO Affiliated links: <none>, Vendor Data: <none>
07-04 03:52:43.481   706   871 D WifiScoreCard: txRate: 1 txSpeed: 1
07-04 03:52:43.482   706   871 D WifiScoreCard: network update SIGNAL_POLL "AndroidWifi" ID: 290235138 RSSI -50 txSpeed -1
07-04 03:52:43.483   706   871 D WifiClientModeImpl[23202:wlan0]:  ClientModeImpl$L2ConnectedState screen=on 1 0 "AndroidWifi" 00:13:10:85:fe:01 rssi=-50 f=2447 sc=60 link=1 tx=0.0, 0.0, 0.0 rx=0.0 bcn=0 [on:0 tx:0 rx:0 period:3010] from screen [on:0 period:722135643] score=60
07-04 03:52:44.134 14518 14518 W screencap: Thread Pool max thread count is 0. Cannot cache binder as linkToDeath cannot be implemented. serviceName: SurfaceFlingerAIDL
07-04 03:52:44.134 14518 14518 W BpBinder: Linking to death on android.gui.ISurfaceComposer but there are no threads (yet?) listening to incoming transactions. See ProcessState::startThreadPool and ProcessState::setThreadPoolMaxThreadCount. Generally you should setup the binder threadpool before other initialization steps.
07-04 03:52:44.134 14518 14518 W ProcessState: Extra binder thread started, but 0 threads requested. Do not use *startThreadPool when zero threads are requested.
07-04 03:52:44.158   558   824 E HwcComposer: getLuts failed Status(-8, EX_SERVICE_SPECIFIC): '8: '
07-04 03:52:44.158   558   824 E HWComposer: getLuts: getLuts failed for display 4619827259835644672: UNSUPPORTED (8)
07-04 03:52:44.149     0     0 I servicemanager: Caller(pid=14518,uid=2000,sid=u:r:shell:s0) Found android.hardware.graphics.allocator.IAllocator/default in device VINTF manifest.
07-04 03:52:44.153     0     0 I servicemanager: Caller(pid=14518,uid=2000,sid=u:r:shell:s0) Found android.hardware.graphics.allocator.IAllocator/default in device VINTF manifest.
07-04 03:52:44.155     0     0 I servicemanager: Caller(pid=14518,uid=2000,sid=u:r:shell:s0) Found mapper/ranchu in device VINTF manifest.
07-04 03:52:44.234  1506  1729 W MediaProvider: isAppCloneUserPair for user 0: false
07-04 03:52:44.417   706  1055 I ActivityManager: Broadcasting: Intent { act=android.intent.action.MEDIA_SCANNER_SCAN_FILE dat=file:///... flg=0x400000 }
07-04 03:52:44.418   706  1055 I ActivityManager: Enqueued broadcast Intent { act=android.intent.action.MEDIA_SCANNER_SCAN_FILE dat=file:///... flg=0x400000 }: 0
07-04 03:52:44.420   706  1678 W JobInfo : Job 'com.google.android.providers.media.module/com.android.providers.media.MediaService#-300' has a deadline with no functional constraints. The deadline won't improve job execution latency. Consider removing the deadline.
07-04 03:52:44.433   706   734 I ActivityManager: Broadcast completed: result=0
07-04 03:52:44.436  1506  1779 I MediaProvider: Begin Intent { act=android.intent.action.MEDIA_SCANNER_SCAN_FILE dat=file:///... flg=0x1400010 cmp=com.google.android.providers.media.module/com.android.providers.media.MediaService }
07-04 03:52:44.442  1506  1779 I MediaProvider: End Intent { act=android.intent.action.MEDIA_SCANNER_SCAN_FILE dat=file:///... flg=0x1400010 cmp=com.google.android.providers.media.module/com.android.providers.media.MediaService }
07-04 03:52:44.463  1506  1809 D WM-SystemJobScheduler: Scheduling work ID 84a71788-c7d3-416a-bb62-8666cff5b720Job ID 86
07-04 03:52:44.469  1506  1809 D WM-GreedyScheduler: Ignoring {WorkSpec: b7deacdd-77b4-4f95-8e2e-9470c54412a8}. Requires device idle.
07-04 03:52:44.469  1506  1809 D WM-GreedyScheduler: Ignoring {WorkSpec: 28d75524-0f78-4938-ae95-25d396d3275c}. Requires device idle.
07-04 03:52:44.542   706   742 W IPCThreadState: Sending oneway calls to frozen process.
07-04 03:52:44.545  1506  1728 W MediaProvider: Ignoring param:deletedata post U for external apps
07-04 03:52:44.554  1506  1728 I MediaProvider: Deleted 0 1 0 0 0 0 0 items on external_primary due to com.android.shell
07-04 03:52:44.667 14530 14530 D AndroidRuntime: >>>>>> START com.android.internal.os.RuntimeInit uid 2000 <<<<<<
07-04 03:52:44.670 14530 14530 I AndroidRuntime: Using default boot image
07-04 03:52:44.670 14530 14530 I AndroidRuntime: Leaving lock profiling enabled
07-04 03:52:44.671 14530 14530 I app_process: Core platform API reporting enabled, enforcing=false
07-04 03:52:44.672 14530 14530 I app_process: Using CollectorTypeCMC GC.
07-04 03:52:44.760 14530 14530 D nativeloader: InitDefaultPublicLibraries for_preload=1: libandroid.so:libaaudio.so:libamidi.so:libbinder_ndk.so:libc.so:libcamera2ndk.so:libdl.so:libEGL.so:libGLESv1_CM.so:libGLESv2.so:libGLESv3.so:libicu.so:libicui18n.so:libicuuc.so:libjnigraphics.so:liblog.so:libmediandk.so:libm.so:libnativehelper.so:libnativewindow.so:libOpenMAXAL.so:libOpenSLES.so:libRS.so:libstdc++.so:libsync.so:libvulkan.so:libwebviewchromium_plat_support.so:libz.so
07-04 03:52:44.771 14530 14530 D nativeloader: Load libicu_jni.so using APEX ns com_android_art for caller /apex/com.android.art/javalib/core-oj.jar: ok
07-04 03:52:44.771 14530 14530 D app_process: u_setTimeZoneFilesDirectory("/apex/com.android.tzdata/etc/tz/versioned/9/icu") succeeded.
07-04 03:52:44.771 14530 14530 D app_process: I18n APEX ICU file found: /apex/com.android.i18n/etc/icu/icudt76l.dat
07-04 03:52:44.772 14530 14530 D nativeloader: Load libjavacore.so using APEX ns com_android_art for caller /apex/com.android.art/javalib/core-oj.jar: ok
07-04 03:52:44.772 14530 14530 D nativeloader: Load libopenjdk.so using APEX ns com_android_art for caller /apex/com.android.art/javalib/core-oj.jar: ok
07-04 03:52:44.775 14530 14530 W app_process: Unexpected CPU variant for x86: x86_64.
07-04 03:52:44.775 14530 14530 W app_process: Known variants: atom, sandybridge, silvermont, goldmont, goldmont-plus, goldmont-without-sha-xsaves, tremont, kabylake, alderlake, default
07-04 03:52:44.776 14530 14530 W app_process: ClassLoaderContext shared library size mismatch. Expected=2, found=0 (PCL[]{PCL[/system/framework/android.test.base.jar*2789897741]#PCL[/system/framework/android.test.mock.jar*3361312393]} | PCL[])
07-04 03:52:44.776 14530 14530 W app_process: ClassLoaderContext classpath size mismatch. expected=0, found=1 (PCL[]{PCL[/system/framework/android.test.runner.jar*895143020]#PCL[/system/framework/android.test.base.jar*2789897741]} | PCL[/system/framework/android.test.runner.jar*895143020])
07-04 03:52:44.802 14530 14530 D nativeloader: Load libframework-connectivity-tiramisu-jni.so using APEX ns com_android_tethering for caller /apex/com.android.tethering/javalib/framework-connectivity-t.jar: ok
07-04 03:52:44.802 14530 14530 D AndroidRuntime: Calling main entry com.android.commands.uiautomator.Launcher
07-04 03:52:44.805 14530 14530 I AconfigPackage: android.media.swcodec.flags is mapped to com.android.media.swcodec
07-04 03:52:44.805 14530 14530 I AconfigPackage: com.google.android.settings.simplemode.flags is mapped to system_ext
07-04 03:52:44.806 14530 14530 I AconfigPackage: com.google.android.systemui is mapped to system_ext
07-04 03:52:44.806 14530 14530 I AconfigPackage: com.google.android.apps.nexuslauncher is mapped to system_ext
07-04 03:52:44.806 14530 14530 I AconfigPackage: com.android.settings.accessibility is mapped to system_ext
07-04 03:52:44.806 14530 14530 I AconfigPackage: com.android.settings.flags is mapped to system_ext
07-04 03:52:44.806 14530 14530 I AconfigPackage: com.google.android.apps.miphone.aiai.matchmaker.overview.ui is mapped to system_ext
07-04 03:52:44.806 14530 14530 I AconfigPackage: com.google.android.settings.flags is mapped to system_ext
07-04 03:52:44.806 14530 14530 I AconfigPackage: com.android.launcher3 is mapped to system_ext
07-04 03:52:44.806 14530 14530 I AconfigPackage: com.android.wallpaper is mapped to system_ext
07-04 03:52:44.806 14530 14530 I AconfigPackage: com.android.settings.media_drm is mapped to system_ext
07-04 03:52:44.806 14530 14530 I AconfigPackage: com.android.systemui.accessibility.accessibilitymenu is mapped to system_ext
07-04 03:52:44.806 14530 14530 I AconfigPackage: com.android.settings.keyboard is mapped to system_ext
07-04 03:52:44.806 14530 14530 I AconfigPackage: com.android.server.policy.feature.flags is mapped to system_ext
07-04 03:52:44.807 14530 14530 I AconfigPackage: com.android.settings.factory_reset is mapped to system_ext
07-04 03:52:44.807 14530 14530 I AconfigPackage: com.google.android.haptics.flags is mapped to system_ext
07-04 03:52:44.807 14530 14530 I AconfigPackage: com.android.permission.flags is mapped to com.android.permission
07-04 03:52:44.807 14530 14530 I AconfigPackage: com.android.icu is mapped to com.android.i18n
07-04 03:52:44.807 14530 14530 I AconfigPackage: com.android.appsearch.flags is mapped to com.android.appsearch
07-04 03:52:44.807 14530 14530 I AconfigPackage: android.uprobestats.mainline.flags is mapped to com.android.uprobestats
07-04 03:52:44.807 14530 14530 I AconfigPackage: android.provider.flags is mapped to com.android.configinfrastructure
07-04 03:52:44.807 14530 14530 I AconfigPackage: com.android.server.deviceconfig is mapped to com.android.configinfrastructure
07-04 03:52:44.807 14530 14530 I AconfigPackage: com.android.nfc.flags is mapped to system
07-04 03:52:44.807 14530 14530 I AconfigPackage: android.app.admin.flags is mapped to system
07-04 03:52:44.808 14530 14530 I AconfigPackage: android.database.sqlite is mapped to system
07-04 03:52:44.808 14530 14530 I AconfigPackage: com.android.providers.calendar is mapped to system
07-04 03:52:44.808 14530 14530 I AconfigPackage: com.android.server.power.feature.flags is mapped to system
07-04 03:52:44.808 14530 14530 I AconfigPackage: com.android.media.performance.flags is mapped to system
07-04 03:52:44.808 14530 14530 I AconfigPackage: android.app.contextualsearch.flags is mapped to system
07-04 03:52:44.809 14530 14530 I AconfigPackage: android.app.ondeviceintelligence.flags is mapped to system
07-04 03:52:44.809 14530 14530 I AconfigPackage: com.android.media.projection.flags is mapped to system
07-04 03:52:44.809 14530 14530 I AconfigPackage: android.companion is mapped to system
07-04 03:52:44.809 14530 14530 I AconfigPackage: android.service.controls.flags is mapped to system
07-04 03:52:44.809 14530 14530 I AconfigPackage: com.android.text.flags is mapped to system
07-04 03:52:44.809 14530 14530 I AconfigPackage: com.android.providers.contactkeys.flags is mapped to system
07-04 03:52:44.809 14530 14530 I AconfigPackage: com.android.intentresolver is mapped to system
07-04 03:52:44.809 14530 14530 I AconfigPackage: android.companion.virtualdevice.flags is mapped to system
07-04 03:52:44.809 14530 14530 I AconfigPackage: android.uprobestats.flags is mapped to system
07-04 03:52:44.809 14530 14530 I AconfigPackage: com.android.net.thread.platform.flags is mapped to system
07-04 03:52:44.809 14530 14530 I AconfigPackage: android.view.contentprotection.flags is mapped to system
07-04 03:52:44.810 14530 14530 I AconfigPackage: com.android.server.dreams is mapped to system
07-04 03:52:44.810 14530 14530 I AconfigPackage: com.android.graphics.surfaceflinger.flags is mapped to system
07-04 03:52:44.810 14530 14530 I AconfigPackage: com.android.hardware.input is mapped to system
07-04 03:52:44.810 14530 14530 I AconfigPackage: android.sdk is mapped to system
07-04 03:52:44.810 14530 14530 I AconfigPackage: com.android.input.flags is mapped to system
07-04 03:52:44.810 14530 14530 I AconfigPackage: android.tracing is mapped to system
07-04 03:52:44.810 14530 14530 I AconfigPackage: com.android.server.biometrics is mapped to system
07-04 03:52:44.810 14530 14530 I AconfigPackage: android.view.contentcapture.flags is mapped to system
07-04 03:52:44.811 14530 14530 I AconfigPackage: android.app.job is mapped to system
07-04 03:52:44.811 14530 14530 I AconfigPackage: android.content.res is mapped to system
07-04 03:52:44.811 14530 14530 I AconfigPackage: android.net.platform.flags is mapped to system
07-04 03:52:44.811 14530 14530 I AconfigPackage: com.android.aconfig.flags is mapped to system
07-04 03:52:44.811 14530 14530 I AconfigPackage: com.android.graphics.flags is mapped to system
07-04 03:52:44.811 14530 14530 I AconfigPackage: android.server.app is mapped to system
07-04 03:52:44.812 14530 14530 I AconfigPackage: android.speech.flags is mapped to system
07-04 03:52:44.812 14530 14530 I AconfigPackage: com.android.server.stats is mapped to system
07-04 03:52:44.812 14530 14530 I AconfigPackage: android.hardware.biometrics is mapped to system
07-04 03:52:44.812 14530 14530 I AconfigPackage: android.car.feature is mapped to system
07-04 03:52:44.813 14530 14530 I AconfigPackage: android.adpf is mapped to system
07-04 03:52:44.813 14530 14530 I AconfigPackage: android.location.flags is mapped to system
07-04 03:52:44.814 14530 14530 I AconfigPackage: com.android.settingslib.flags is mapped to system
07-04 03:52:44.814 14530 14530 I AconfigPackage: com.android.managedprovisioning.flags is mapped to system
07-04 03:52:44.815 14530 14530 I AconfigPackage: android.app.assist.flags is mapped to system
07-04 03:52:44.815 14530 14530 I AconfigPackage: com.android.server.net is mapped to system
07-04 03:52:44.815 14530 14530 I AconfigPackage: com.android.settingslib.widget.flags is mapped to system
07-04 03:52:44.815 14530 14530 I AconfigPackage: com.android.internal.camera.flags is mapped to system
07-04 03:52:44.816 14530 14530 I AconfigPackage: com.android.hardware.libsensor.flags is mapped to system
07-04 03:52:44.816 14530 14530 I AconfigPackage: com.android.internal.jank is mapped to system
07-04 03:52:44.816 14530 14530 I AconfigPackage: com.android.providers.settings is mapped to system
07-04 03:52:44.816 14530 14530 I AconfigPackage: android.multiuser is mapped to system
07-04 03:52:44.817 14530 14530 I AconfigPackage: com.android.server.power.optimization is mapped to system
07-04 03:52:44.817 14530 14530 I AconfigPackage: com.android.calllogbackup is mapped to system
07-04 03:52:44.817 14530 14530 I AconfigPackage: com.android.media.flags is mapped to system
07-04 03:52:44.818 14530 14530 I AconfigPackage: com.android.server.flags is mapped to system
07-04 03:52:44.818 14530 14530 I AconfigPackage: com.android.graphics.libvulkan.flags is mapped to system
07-04 03:52:44.818 14530 14530 I AconfigPackage: android.app.appfunctions.flags is mapped to system
07-04 03:52:44.818 14530 14530 I AconfigPackage: android.app.smartspace.flags is mapped to system
07-04 03:52:44.818 14530 14530 I AconfigPackage: com.android.providers.contacts.flags is mapped to system
07-04 03:52:44.818 14530 14530 I AconfigPackage: com.android.shell.flags is mapped to system
07-04 03:52:44.818 14530 14530 I AconfigPackage: com.android.media.aaudio is mapped to system
07-04 03:52:44.818 14530 14530 I AconfigPackage: android.hardware.radio is mapped to system
07-04 03:52:44.818 14530 14530 I AconfigPackage: com.google.wear.services.infra.flags is mapped to system
07-04 03:52:44.818 14530 14530 I AconfigPackage: suspend_service.flags is mapped to system
07-04 03:52:44.818 14530 14530 I AconfigPackage: android.media.midi is mapped to system
07-04 03:52:44.818 14530 14530 I AconfigPackage: com.android.libcore.readonly is mapped to system
07-04 03:52:44.818 14530 14530 I AconfigPackage: com.android.settingslib.widget.selectorwithwidgetpreference.flags is mapped to system
07-04 03:52:44.818 14530 14530 I AconfigPackage: android.service.notification is mapped to system
07-04 03:52:44.819 14530 14530 I AconfigPackage: com.android.systemui.shared is mapped to system
07-04 03:52:44.819 14530 14530 I AconfigPackage: android.app.jank is mapped to system
07-04 03:52:44.819 14530 14530 I AconfigPackage: android.app.wearable is mapped to system
07-04 03:52:44.819 14530 14530 I AconfigPackage: com.android.media.audio is mapped to system
07-04 03:52:44.819 14530 14530 I AconfigPackage: android.service.chooser is mapped to system
07-04 03:52:44.819 14530 14530 I AconfigPackage: com.android.server.compat is mapped to system
07-04 03:52:44.819 14530 14530 I AconfigPackage: com.android.server.alarm is mapped to system
07-04 03:52:44.819 14530 14530 I AconfigPackage: com.android.apex.flags is mapped to system
07-04 03:52:44.819 14530 14530 I AconfigPackage: android.service.quickaccesswallet is mapped to system
07-04 03:52:44.819 14530 14530 I AconfigPackage: android.app.usage is mapped to system
07-04 03:52:44.819 14530 14530 I AconfigPackage: com.android.server.accessibility is mapped to system
07-04 03:52:44.819 14530 14530 I AconfigPackage: android.app.supervision.flags is mapped to system
07-04 03:52:44.819 14530 14530 I AconfigPackage: com.android.server.utils is mapped to system
07-04 03:52:44.819 14530 14530 I AconfigPackage: android.chre.flags is mapped to system
07-04 03:52:44.820 14530 14530 I AconfigPackage: android.content.flags is mapped to system
07-04 03:52:44.820 14530 14530 I AconfigPackage: android.media.codec is mapped to system
07-04 03:52:44.820 14530 14530 I AconfigPackage: com.android.internal.os is mapped to system
07-04 03:52:44.820 14530 14530 I AconfigPackage: com.android.nfc.nci.flags is mapped to system
07-04 03:52:44.821 14530 14530 I AconfigPackage: android.app is mapped to system
07-04 03:52:44.821 14530 14530 I AconfigPackage: android.security.keystore2 is mapped to system
07-04 03:52:44.821 14530 14530 I AconfigPackage: android.crashrecovery.flags is mapped to system
07-04 03:52:44.821 14530 14530 I AconfigPackage: com.android.tradeinmode.flags is mapped to system
07-04 03:52:44.821 14530 14530 I AconfigPackage: android.hardware.flags is mapped to system
07-04 03:52:44.821 14530 14530 I AconfigPackage: com.android.server.telecom.flags is mapped to system
07-04 03:52:44.821 14530 14530 I AconfigPackage: com.android.settingslib.media.flags is mapped to system
07-04 03:52:44.821 14530 14530 I AconfigPackage: com.android.server.policy is mapped to system
07-04 03:52:44.821 14530 14530 I AconfigPackage: android.media.audiopolicy is mapped to system
07-04 03:52:44.821 14530 14530 I AconfigPackage: com.android.egg.flags is mapped to system
07-04 03:52:44.822 14530 14530 I AconfigPackage: com.android.internal.compat.flags is mapped to system
07-04 03:52:44.822 14530 14530 I AconfigPackage: android.security is mapped to system
07-04 03:52:44.822 14530 14530 I AconfigPackage: android.service.autofill is mapped to system
07-04 03:52:44.822 14530 14530 I AconfigPackage: com.example.android.aconfig.demo.flags is mapped to system
07-04 03:52:44.822 14530 14530 I AconfigPackage: android.view.flags is mapped to system
07-04 03:52:44.822 14530 14530 I AconfigPackage: android.companion.virtual.flags is mapped to system
07-04 03:52:44.822 14530 14530 I AconfigPackage: com.android.aconfig_new_storage is mapped to system
