--------- beginning of main
07-04 01:19:53.835  1129  1129 D SsBaseTemplateCard: Passed-in item info is null
07-04 01:19:53.835  1129  1129 D SsBaseTemplateCard: Passed-in item info is null
07-04 01:19:53.835  1129  1129 I SsBaseTemplateCard: Secondary card pane is null
--------- beginning of system
07-04 01:19:53.835   706  1212 W MagnificationConnectionManager: requestConnection duplicated request: connect=false, mConnectionState=DISCONNECTED
07-04 01:19:53.837  1528  1937 I AiAiEcho: Settings changed for uri: content://settings/secure/accessibility_enabled
07-04 01:19:53.837   706   706 W IPCThreadState: Sending oneway calls to frozen process.
07-04 01:19:53.838   706   706 W IPCThreadState: Sending oneway calls to frozen process.
07-04 01:19:53.838  1528  1766 I AiAiEcho: Predicting[0]:  [CONTEXT sampling_count=5 ]
07-04 01:19:53.838  1528  1766 I AiAiEcho: EchoTargets: 
07-04 01:19:53.838  1528  1766 I AiAiEcho: Filtered by AiAi flag check: 
07-04 01:19:53.838  1528  1766 I AiAiEcho: [CONTEXT ratelimit_period="10 SECONDS" ]
07-04 01:19:53.839   706   706 W IPCThreadState: Sending oneway calls to frozen process.
07-04 01:19:53.839  1528  1766 I AiAiEcho: #remoteViewsTwiddler: feature disabled.
07-04 01:19:53.839   706   706 W IPCThreadState: Sending oneway calls to frozen process.
07-04 01:19:53.839  1528  1766 I AiAiEcho: Predicting[0]:  [CONTEXT sampling_count=5 ]
07-04 01:19:53.840  1528  1766 I AiAiEcho: EchoTargets: 
07-04 01:19:53.840  1528  1766 I AiAiEcho: Filtered by AiAi flag check: 
07-04 01:19:53.840  1528  1766 I AiAiEcho: [CONTEXT ratelimit_period="10 SECONDS" ]
07-04 01:19:53.840   706   706 W IPCThreadState: Sending oneway calls to frozen process.
07-04 01:19:53.840  1528  1766 I AiAiEcho: #remoteViewsTwiddler: feature disabled.
07-04 01:19:53.840   706   706 W IPCThreadState: Sending oneway calls to frozen process.
07-04 01:19:53.841   706   706 W IPCThreadState: Sending oneway calls to frozen process.
07-04 01:19:53.842   706   706 W IPCThreadState: Sending oneway calls to frozen process.
07-04 01:19:53.843  1528  1766 I AiAiEcho: #postPredictionTargets: Sending updates to UISurface lockscreen with targets# 0 (types=[])
07-04 01:19:53.845  1528  1766 I AiAiEcho: #postPredictionTargets: Sending updates to UISurface home with targets# 0 (types=[])
07-04 01:19:53.847   706   706 W IPCThreadState: Sending oneway calls to frozen process.
07-04 01:19:53.847   706   706 W IPCThreadState: Sending oneway calls to frozen process.
07-04 01:19:53.847   967   967 W PageIndicator: Total number of pages invalid: 0. Assuming 1 page.
07-04 01:19:53.848   706   706 W IPCThreadState: Sending oneway calls to frozen process.
07-04 01:19:53.848   706   706 W IPCThreadState: Sending oneway calls to frozen process.
07-04 01:19:53.849   706   706 W IPCThreadState: Sending oneway calls to frozen process.
07-04 01:19:53.849   967   967 W PageIndicator: Total number of pages invalid: 0. Assuming 1 page.
07-04 01:19:53.849   706   706 W IPCThreadState: Sending oneway calls to frozen process.
07-04 01:19:53.850   706   706 W IPCThreadState: Sending oneway calls to frozen process.
07-04 01:19:53.850   706   706 W IPCThreadState: Sending oneway calls to frozen process.
07-04 01:19:53.850  1129  1129 D SsBaseTemplateCard: No text view can be set up
07-04 01:19:53.850  1129  1129 D SsBaseTemplateCard: Passed-in item info is null
07-04 01:19:53.850  1129  1129 D SsBaseTemplateCard: Passed-in item info is null
07-04 01:19:53.850  1129  1129 D SsBaseTemplateCard: Passed-in item info is null
07-04 01:19:53.851  1129  1129 I SsBaseTemplateCard: Secondary card pane is null
07-04 01:19:53.851   706   706 W IPCThreadState: Sending oneway calls to frozen process.
07-04 01:19:53.851   706   706 W IPCThreadState: Sending oneway calls to frozen process.
07-04 01:19:53.851   706   706 W IPCThreadState: Sending oneway calls to frozen process.
07-04 01:19:53.851   706   706 W IPCThreadState: Sending oneway calls to frozen process.
07-04 01:19:53.852   706   706 W IPCThreadState: Sending oneway calls to frozen process.
07-04 01:19:53.852   706   706 W IPCThreadState: Sending oneway calls to frozen process.
07-04 01:19:53.853   706   706 W IPCThreadState: Sending oneway calls to frozen process.
07-04 01:19:53.854   706   706 W IPCThreadState: Sending oneway calls to frozen process.
07-04 01:19:53.854   706   706 W IPCThreadState: Sending oneway calls to frozen process.
07-04 01:19:53.854   706   706 W IPCThreadState: Sending oneway calls to frozen process.
07-04 01:19:53.855   706   706 W IPCThreadState: Sending oneway calls to frozen process.
07-04 01:19:53.855   706   706 W IPCThreadState: Sending oneway calls to frozen process.
07-04 01:19:53.855   706   706 W IPCThreadState: Sending oneway calls to frozen process.
07-04 01:19:53.855   706   706 W IPCThreadState: Sending oneway calls to frozen process.
07-04 01:19:53.856   706   706 W IPCThreadState: Sending oneway calls to frozen process.
07-04 01:19:53.857   706   706 W IPCThreadState: Sending oneway calls to frozen process.
07-04 01:19:53.858   706   706 W IPCThreadState: Sending oneway calls to frozen process.
07-04 01:19:53.858   706   706 W IPCThreadState: Sending oneway calls to frozen process.
07-04 01:19:53.858   706   706 W IPCThreadState: Sending oneway calls to frozen process.
07-04 01:19:53.859   706   706 W IPCThreadState: Sending oneway calls to frozen process.
07-04 01:19:53.859   706   706 D BatterySaverPolicy: accessibility changed to true, updating policy.
07-04 01:19:54.378   706   871 D WifiClientModeImpl[23202:wlan0]: updateLinkLayerStatsRssiSpeedFrequencyCapabilities rssi=-50 TxLinkspeed=1 freq=2447 RxLinkSpeed=2
07-04 01:19:54.379   706   871 D WifiDataStall: tx tput in kbps: 11000
07-04 01:19:54.379   706   871 D WifiDataStall: rx tput in kbps: 11000
07-04 01:19:54.379   706   871 V WifiConfigManager: Updating scan detail cache freq=2447 BSSID=00:13:10:85:fe:01 RSSI=-50 for "AndroidWifi"NONE
07-04 01:19:54.380   706   871 D WifiThroughputPredictor:  utilization (LLS) 80 isBluetoothConnected: false final utilization: 80
07-04 01:19:54.380   706   871 D WifiThroughputPredictor:  BW: 0 RSSI: -50 Nss: 1 Mode: 1 symDur: 4000 snrDb 30 bitPerTone: 4500 rate: 54 throughput: 11
07-04 01:19:54.380   706   871 D WifiThroughputPredictor:  utilization (LLS) 80 isBluetoothConnected: false final utilization: 80
07-04 01:19:54.380   706   871 D WifiThroughputPredictor:  BW: 0 RSSI: -50 Nss: 1 Mode: 1 symDur: 4000 snrDb 30 bitPerTone: 4500 rate: 54 throughput: 11
07-04 01:19:54.380   706   871 D WifiThroughputPredictor:  utilization (LLS) 80 isBluetoothConnected: false final utilization: 80
07-04 01:19:54.381   706   871 D WifiThroughputPredictor:  BW: 0 RSSI: -50 Nss: 1 Mode: 1 symDur: 4000 snrDb 30 bitPerTone: 4500 rate: 54 throughput: 11
07-04 01:19:54.381   706   871 D WifiThroughputPredictor:  utilization (LLS) 80 isBluetoothConnected: false final utilization: 80
07-04 01:19:54.382   706   871 D WifiThroughputPredictor:  BW: 0 RSSI: -50 Nss: 1 Mode: 1 symDur: 4000 snrDb 30 bitPerTone: 4500 rate: 54 throughput: 11
07-04 01:19:54.383   706   871 D WifiScoreCard: BSSID update SIGNAL_POLL ID: 2146055532 SSID: "AndroidWifi", BSSID: 00:13:10:85:fe:01, MAC: 02:15:b4:00:00:00, IP: /10.0.2.17, Security type: 0, Supplicant state: COMPLETED, Wi-Fi standard: legacy, RSSI: -50, Link speed: 1Mbps, Tx Link speed: 1Mbps, Max Supported Tx Link speed: 11Mbps, Rx Link speed: 2Mbps, Max Supported Rx Link speed: 11Mbps, Frequency: 2447MHz, Net ID: 0, Metered hint: false, score: 60, isUsable: true, CarrierMerged: false, SubscriptionId: -1, IsPrimary: 1, Trusted: true, Restricted: false, Ephemeral: false, OEM paid: false, OEM private: false, OSU AP: false, FQDN: <none>, Provider friendly name: <none>, Requesting package name: <none>"AndroidWifi"openMLO Information: , Is TID-To-Link negotiation supported by the AP: false, AP MLD Address: <none>, AP MLO Link Id: <none>, AP MLO Affiliated links: <none>, Vendor Data: <none>
07-04 01:19:54.383   706   871 D WifiScoreCard: txRate: 1 txSpeed: 1
07-04 01:19:54.383   706   871 D WifiScoreCard: network update SIGNAL_POLL "AndroidWifi" ID: 290235138 RSSI -50 txSpeed -1
07-04 01:19:54.384   706   871 D WifiClientModeImpl[23202:wlan0]:  ClientModeImpl$L2ConnectedState screen=on 1 0 "AndroidWifi" 00:13:10:85:fe:01 rssi=-50 f=2447 sc=60 link=1 tx=0.0, 0.0, 0.0 rx=7.9 bcn=0 [on:0 tx:0 rx:0 period:3008] from screen [on:0 period:712966544] score=60
07-04 01:19:54.860  1506  1506 D WM-DelayedWorkTracker: Scheduling work 70bdb630-1452-46dc-a66e-0dedda4ba12c
07-04 01:19:54.862  1506  1506 D WM-GreedyScheduler: Starting tracking for 70bdb630-1452-46dc-a66e-0dedda4ba12c
07-04 01:19:54.862  1506  1662 D WM-ConstraintTracker: BatteryNotLowTracker: initial state = true
07-04 01:19:54.862  1506  1662 D WM-BrdcstRcvrCnstrntTrc: BatteryNotLowTracker: registering receiver
07-04 01:19:54.865  1506  1662 D WM-GreedyScheduler: Constraints met: Scheduling work ID WorkGenerationalId(workSpecId=70bdb630-1452-46dc-a66e-0dedda4ba12c, generation=0)
07-04 01:19:54.867  1506  1662 D WM-Processor: Processor: processing WorkGenerationalId(workSpecId=70bdb630-1452-46dc-a66e-0dedda4ba12c, generation=0)
07-04 01:19:54.872  1506  1506 D WM-WorkerWrapper: Starting work for com.android.providers.media.photopicker.sync.ProactiveSyncWorker
07-04 01:19:54.874  1506  6444 I PSyncWorker: Starting proactive picker sync from sync source: 1
07-04 01:19:54.875  1506  6444 I PickerSyncTracker: Created new sync future java.util.concurrent.CompletableFuture@cc7f0a[Not completed, 1 dependents]. Future map: {70bdb630-1452-46dc-a66e-0dedda4ba12c=java.util.concurrent.CompletableFuture@cc7f0a[Not completed, 1 dependents]}
07-04 01:19:54.876  1506  6444 D PickerSyncController: syncAllMediaFromProvider() LOCAL, auth=com.android.providers.media.photopicker, retry=true
07-04 01:19:54.876  1506  6444 D PickerSyncController: getSyncRequestParams() LOCAL, auth=com.android.providers.media.photopicker
07-04 01:19:54.879  1506  6444 D PickerSyncController:    Latest ID/Gen=7cb2da8e3887eeff:external_primary/481
07-04 01:19:54.879  1506  6444 D PickerSyncController:    Cached ID/Gen=7cb2da8e3887eeff:external_primary/465
07-04 01:19:54.879  1506  6444 D PickerSyncController:    RESULT=SyncRequestParams{type=MEDIA_INCREMENTAL, gen=465, latest=Bundle[{last_media_sync_generation=481, media_collection_id=7cb2da8e3887eeff:external_primary}], pageSize=1000}
07-04 01:19:54.879  1506  6444 I PickerSyncController: Executing SyncAdd. isLocal: true. authority: com.android.providers.media.photopicker
07-04 01:19:54.879  1506  6444 D PickerSyncLockManager: Trying to acquire lock com.android.providers.media.photopicker.sync.CloseableReentrantLock@ee89538[Unlocked]. Lock Name = CLOUD_PROVIDER_LOCK. Threads that may be waiting to acquire this lock = [] with timeout.
07-04 01:19:54.879  1506  6444 D CloseableReentrantLock: Successfully acquired lock com.android.providers.media.photopicker.sync.CloseableReentrantLock@ee89538[Locked by thread pool-4-thread-13]. Lock Name = CLOUD_PROVIDER_LOCK. Threads that may be waiting to acquire this lock = []
07-04 01:19:54.879  1506  6444 D CloseableReentrantLock: Successfully released lock com.android.providers.media.photopicker.sync.CloseableReentrantLock@ee89538[Unlocked]. Lock Name = CLOUD_PROVIDER_LOCK. Threads that may be waiting to acquire this lock = []
07-04 01:19:54.880  1506  6444 D ExternalDbFacade: Token received for queryMedia = null
07-04 01:19:54.883  1506  6444 D PickerSyncLockManager: Trying to acquire lock com.android.providers.media.photopicker.sync.CloseableReentrantLock@ee89538[Unlocked]. Lock Name = CLOUD_PROVIDER_LOCK. Threads that may be waiting to acquire this lock = [] with timeout.
07-04 01:19:54.884  1506  6444 D CloseableReentrantLock: Successfully acquired lock com.android.providers.media.photopicker.sync.CloseableReentrantLock@ee89538[Locked by thread pool-4-thread-13]. Lock Name = CLOUD_PROVIDER_LOCK. Threads that may be waiting to acquire this lock = []
07-04 01:19:54.884  1506  6444 D PickerSyncController: Clearing next page token for key: local_provider:media_add:resume
07-04 01:19:54.885  1506  6444 D CloseableReentrantLock: Successfully released lock com.android.providers.media.photopicker.sync.CloseableReentrantLock@ee89538[Unlocked]. Lock Name = CLOUD_PROVIDER_LOCK. Threads that may be waiting to acquire this lock = []
07-04 01:19:54.885  1506  6444 D PickerNotificationSender: Sending a notification for media update
07-04 01:19:54.886  1506  6408 W MediaProvider: isAppCloneUserPair for user 0: false
07-04 01:19:54.889  1506  6444 D PickerNotificationSender: Sending a notification for merged album media update Videos
07-04 01:19:54.889  1506  6444 D PickerNotificationSender: Sending a notification for album media update Videos
07-04 01:19:54.891  1506  6444 D PickerNotificationSender: Sending a notification for merged album media update Favorites
07-04 01:19:54.891  1506  6444 D PickerNotificationSender: Sending a notification for album media update Favorites
07-04 01:19:54.893  1506  6444 I PickerSyncController: Paged sync successful. QueryArgs: Bundle[{android.provider.extra.SYNC_GENERATION=465, android.provider.extra.PAGE_SIZE=1000}] Total Rows: 0
07-04 01:19:54.894  1506  6444 I PickerSyncController: Executing SyncRemove. isLocal: true. authority: com.android.providers.media.photopicker
07-04 01:19:54.894  1506  6444 D PickerSyncLockManager: Trying to acquire lock com.android.providers.media.photopicker.sync.CloseableReentrantLock@ee89538[Unlocked]. Lock Name = CLOUD_PROVIDER_LOCK. Threads that may be waiting to acquire this lock = [] with timeout.
07-04 01:19:54.894  1506  6444 D CloseableReentrantLock: Successfully acquired lock com.android.providers.media.photopicker.sync.CloseableReentrantLock@ee89538[Locked by thread pool-4-thread-13]. Lock Name = CLOUD_PROVIDER_LOCK. Threads that may be waiting to acquire this lock = []
07-04 01:19:54.895  1506  6444 D CloseableReentrantLock: Successfully released lock com.android.providers.media.photopicker.sync.CloseableReentrantLock@ee89538[Unlocked]. Lock Name = CLOUD_PROVIDER_LOCK. Threads that may be waiting to acquire this lock = []
07-04 01:19:54.896  1506  6444 E PickerDbFacade: Could not get first date taken millis for media id: 62
07-04 01:19:54.897  1506  6444 W PickerDbFacade: Unable to promote cloud media with localId: 62
07-04 01:19:54.897  1506  6444 D PickerSyncLockManager: Trying to acquire lock com.android.providers.media.photopicker.sync.CloseableReentrantLock@ee89538[Unlocked]. Lock Name = CLOUD_PROVIDER_LOCK. Threads that may be waiting to acquire this lock = [] with timeout.
07-04 01:19:54.897  1506  6444 D CloseableReentrantLock: Successfully acquired lock com.android.providers.media.photopicker.sync.CloseableReentrantLock@ee89538[Locked by thread pool-4-thread-13]. Lock Name = CLOUD_PROVIDER_LOCK. Threads that may be waiting to acquire this lock = []
07-04 01:19:54.897  1506  6444 D PickerSyncController: Clearing next page token for key: local_provider:media_remove:resume
07-04 01:19:54.898  1506  6444 D CloseableReentrantLock: Successfully released lock com.android.providers.media.photopicker.sync.CloseableReentrantLock@ee89538[Unlocked]. Lock Name = CLOUD_PROVIDER_LOCK. Threads that may be waiting to acquire this lock = []
07-04 01:19:54.898  1506  6444 D PickerNotificationSender: Sending a notification for media update
07-04 01:19:54.899  1506  6444 D PickerNotificationSender: Sending a notification for merged album media update Videos
07-04 01:19:54.899  1506  6444 D PickerNotificationSender: Sending a notification for album media update Videos
07-04 01:19:54.901  1506  6444 D PickerNotificationSender: Sending a notification for merged album media update Favorites
07-04 01:19:54.901  1506  6444 D PickerNotificationSender: Sending a notification for album media update Favorites
07-04 01:19:54.902  1506  6444 I PickerSyncController: Paged sync successful. QueryArgs: Bundle[{android.provider.extra.SYNC_GENERATION=465, android.provider.extra.PAGE_SIZE=1000}] Total Rows: 0
07-04 01:19:54.902  1506  6444 I PickerSyncTracker: Marked sync future complete for work id: 70bdb630-1452-46dc-a66e-0dedda4ba12c. Future map: {}
07-04 01:19:54.902  1506  6444 I PSyncWorker: Completed picker proactive sync complete from local provider.
07-04 01:19:54.903  1506  1809 I WM-WorkerWrapper: Worker result SUCCESS for Work [ id=70bdb630-1452-46dc-a66e-0dedda4ba12c, tags={ com.android.providers.media.photopicker.sync.ProactiveSyncWorker } ]
07-04 01:19:54.905  1506  1506 D WM-Processor: Processor 70bdb630-1452-46dc-a66e-0dedda4ba12c executed; reschedule = false
07-04 01:19:54.905  1506  1506 D WM-GreedyScheduler: Stopping tracking for WorkGenerationalId(workSpecId=70bdb630-1452-46dc-a66e-0dedda4ba12c, generation=0)
07-04 01:19:54.913  1506  1809 D WM-GreedyScheduler: Cancelling work ID 70bdb630-1452-46dc-a66e-0dedda4ba12c
07-04 01:19:54.922  1506  1809 D WM-GreedyScheduler: Ignoring {WorkSpec: b7deacdd-77b4-4f95-8e2e-9470c54412a8}. Requires device idle.
07-04 01:19:54.922  1506  1809 D WM-GreedyScheduler: Ignoring {WorkSpec: 28d75524-0f78-4938-ae95-25d396d3275c}. Requires device idle.
07-04 01:19:54.922  1506  1809 D WM-BrdcstRcvrCnstrntTrc: BatteryNotLowTracker: unregistering receiver
07-04 01:19:55.014  6429  6429 W AccessibilityNodeInfoDumper: Fetch time: 133ms
07-04 01:19:55.017   706  1682 V AccessibilityManagerService: onUserStateChangedLocked for userId: 0, forceUpdate: false
07-04 01:19:55.019   706  1682 W MagnificationConnectionManager: requestConnection duplicated request: connect=false, mConnectionState=DISCONNECTED
07-04 01:19:55.019   706  1682 D AccessibilityManagerService: restoreCurrentUserForTestAutomationIfNeededLocked(): ignoring because device doesn't support visible background users
07-04 01:19:55.019  1528  1937 I AiAiEcho: Settings changed for uri: content://settings/secure/accessibility_enabled
07-04 01:19:55.020   706   706 W IPCThreadState: Sending oneway calls to frozen process.
07-04 01:19:55.020   706   706 W IPCThreadState: Sending oneway calls to frozen process.
07-04 01:19:55.020   706   706 W IPCThreadState: Sending oneway calls to frozen process.
07-04 01:19:55.020  1528  1766 I AiAiEcho: Predicting[0]:  [CONTEXT sampling_count=5 ]
07-04 01:19:55.021  1528  1766 I AiAiEcho: EchoTargets: 
07-04 01:19:55.021  1528  1766 I AiAiEcho: Filtered by AiAi flag check: 
07-04 01:19:55.021  1528  1766 I AiAiEcho: [CONTEXT ratelimit_period="10 SECONDS" ]
07-04 01:19:55.021   706   706 W IPCThreadState: Sending oneway calls to frozen process.
07-04 01:19:55.021  1528  1766 I AiAiEcho: #remoteViewsTwiddler: feature disabled.
07-04 01:19:55.021   706   706 W IPCThreadState: Sending oneway calls to frozen process.
07-04 01:19:55.021   706   706 W IPCThreadState: Sending oneway calls to frozen process.
07-04 01:19:55.021  1528  1766 I AiAiEcho: Predicting[0]:  [CONTEXT sampling_count=5 ]
07-04 01:19:55.021   706   706 W IPCThreadState: Sending oneway calls to frozen process.
07-04 01:19:55.022   706   706 W IPCThreadState: Sending oneway calls to frozen process.
07-04 01:19:55.022  1528  1766 I AiAiEcho: EchoTargets: 
07-04 01:19:55.022  1528  1766 I AiAiEcho: Filtered by AiAi flag check: 
07-04 01:19:55.022  1528  1766 I AiAiEcho: [CONTEXT ratelimit_period="10 SECONDS" ]
07-04 01:19:55.022   706   706 W IPCThreadState: Sending oneway calls to frozen process.
07-04 01:19:55.022   706   706 W IPCThreadState: Sending oneway calls to frozen process.
07-04 01:19:55.023  6429  6429 D AndroidRuntime: Shutting down VM
07-04 01:19:55.023   706   706 W IPCThreadState: Sending oneway calls to frozen process.
07-04 01:19:55.023  6429  6438 W IPCThreadState: call to talkWithDriver in joinThreadPool returned error: -9 (Bad file descriptor), FD: -1
07-04 01:19:55.024   706   706 W IPCThreadState: Sending oneway calls to frozen process.
07-04 01:19:55.024  1528  1766 I AiAiEcho: #remoteViewsTwiddler: feature disabled.
07-04 01:19:55.024   706   706 W IPCThreadState: Sending oneway calls to frozen process.
07-04 01:19:55.025  6429  6443 W IPCThreadState: call to talkWithDriver in joinThreadPool returned error: -9 (Bad file descriptor), FD: -1
07-04 01:19:55.026   706   706 W IPCThreadState: Sending oneway calls to frozen process.
07-04 01:19:55.026  6429  6439 W IPCThreadState: call to talkWithDriver in joinThreadPool returned error: -9 (Bad file descriptor), FD: -1
07-04 01:19:55.028   706   706 W IPCThreadState: Sending oneway calls to frozen process.
07-04 01:19:55.028   706   706 W IPCThreadState: Sending oneway calls to frozen process.
07-04 01:19:55.029  1528  1766 I AiAiEcho: #postPredictionTargets: Sending updates to UISurface lockscreen with targets# 0 (types=[])
07-04 01:19:55.030   706   706 W IPCThreadState: Sending oneway calls to frozen process.
07-04 01:19:55.030   706   706 W IPCThreadState: Sending oneway calls to frozen process.
07-04 01:19:55.030   706   706 W IPCThreadState: Sending oneway calls to frozen process.
07-04 01:19:55.030   706   706 W IPCThreadState: Sending oneway calls to frozen process.
07-04 01:19:55.032  1528  1766 I AiAiEcho: #postPredictionTargets: Sending updates to UISurface home with targets# 0 (types=[])
07-04 01:19:55.037  1129  1129 D SsBaseTemplateCard: No text view can be set up
07-04 01:19:55.037  1129  1129 D SsBaseTemplateCard: Passed-in item info is null
07-04 01:19:55.037  1129  1129 D SsBaseTemplateCard: Passed-in item info is null
07-04 01:19:55.037  1129  1129 D SsBaseTemplateCard: Passed-in item info is null
07-04 01:19:55.037  1129  1129 I SsBaseTemplateCard: Secondary card pane is null
07-04 01:19:55.046   706   706 W IPCThreadState: Sending oneway calls to frozen process.
07-04 01:19:55.046   706   706 W IPCThreadState: Sending oneway calls to frozen process.
07-04 01:19:55.046   706   706 W IPCThreadState: Sending oneway calls to frozen process.
07-04 01:19:55.046   706   706 W IPCThreadState: Sending oneway calls to frozen process.
07-04 01:19:55.046   706   706 W IPCThreadState: Sending oneway calls to frozen process.
07-04 01:19:55.046   706   706 W IPCThreadState: Sending oneway calls to frozen process.
07-04 01:19:55.046   706   706 W IPCThreadState: Sending oneway calls to frozen process.
07-04 01:19:55.046   706   706 W IPCThreadState: Sending oneway calls to frozen process.
07-04 01:19:55.047   706   706 W IPCThreadState: Sending oneway calls to frozen process.
07-04 01:19:55.048   706   706 W IPCThreadState: Sending oneway calls to frozen process.
07-04 01:19:55.050   967   967 W PageIndicator: Total number of pages invalid: 0. Assuming 1 page.
07-04 01:19:55.050   706   706 D BatterySaverPolicy: accessibility changed to false, updating policy.
07-04 01:19:55.959  1506  6408 W MediaProvider: Ignoring param:deletedata post U for external apps
07-04 01:19:55.963  1506  6408 I MediaProvider: Deleted 0 0 0 0 0 0 1 items on external_primary due to com.android.shell
07-04 01:19:56.029   706  2066 W ActivityTaskManager: callingPackage for (uid=2000, pid=6451) has no WPC
07-04 01:19:56.033   706  2066 V GrammaticalInflectionUtils: AttributionSource: AttributionSource { uid = 10217, packageName = null, attributionTag = null, token = android.os.Binder@a09104d, deviceId = 0, next = null } does not have READ_SYSTEM_GRAMMATICAL_GENDER permission.
07-04 01:19:56.033   706  2066 W OptProp : Cannot read opt property android.window.PROPERTY_COMPAT_ALLOW_USER_ASPECT_RATIO_OVERRIDE
07-04 01:19:56.034   706  2066 W OptProp : Cannot read opt property android.window.PROPERTY_COMPAT_ALLOW_USER_ASPECT_RATIO_FULLSCREEN_OVERRIDE
07-04 01:19:56.034   706  2066 W OptProp : Cannot read opt property android.window.PROPERTY_COMPAT_ALLOW_RESIZEABLE_ACTIVITY_OVERRIDES
07-04 01:19:56.034   706  2066 W OptProp : Cannot read opt property android.window.PROPERTY_COMPAT_ALLOW_MIN_ASPECT_RATIO_OVERRIDE
07-04 01:19:56.037   967   977 D KeyguardService: setOccluded(false)
07-04 01:19:56.037   706  2066 I ActivityTaskManager: START u0 {act=android.intent.action.VIEW dat=danio://qa/... flg=0x10000000 xflg=0x4 pkg=com.tiarnanlarkin.danio cmp=com.tiarnanlarkin.danio/.MainActivity} with LAUNCH_SINGLE_TOP from uid 2000 (BAL_ALLOW_PERMISSION) result code=3
07-04 01:19:56.037   967   977 D KeyguardViewMediator: setOccluded(false)
07-04 01:19:56.039   967  1045 D WindowManagerShell: onActivityRestartAttempt: topActivity=ComponentInfo{com.tiarnanlarkin.danio/com.tiarnanlarkin.danio.MainActivity}, wasVisible=true
07-04 01:19:56.042  5335  5335 I flutter : [QA] Deep link: danio://qa/lesson-quiz?state=selected-correct
07-04 01:19:56.043   558  1156 I BpBinder: onLastStrongRef automatically unlinking death recipients: 
07-04 01:19:56.045   967   967 D KeyguardViewMediator: handleSetOccluded(false)
07-04 01:19:56.045   967   967 D KeyguardViewMediator: KeyguardViewMediator queue processing message: SET_OCCLUDED
07-04 01:19:56.529   706   742 W IPCThreadState: Sending oneway calls to frozen process.
07-04 01:19:57.144   706   742 W IPCThreadState: Sending oneway calls to frozen process.
07-04 01:19:57.173   706   742 W IPCThreadState: Sending oneway calls to frozen process.
07-04 01:19:57.385   706   871 D WifiClientModeImpl[23202:wlan0]: updateLinkLayerStatsRssiSpeedFrequencyCapabilities rssi=-50 TxLinkspeed=1 freq=2447 RxLinkSpeed=2
07-04 01:19:57.385   706   871 D WifiDataStall: tx tput in kbps: 11000
07-04 01:19:57.385   706   871 D WifiDataStall: rx tput in kbps: 11000
07-04 01:19:57.386   706   871 V WifiConfigManager: Updating scan detail cache freq=2447 BSSID=00:13:10:85:fe:01 RSSI=-50 for "AndroidWifi"NONE
07-04 01:19:57.386   706   871 D WifiThroughputPredictor:  utilization (LLS) 80 isBluetoothConnected: false final utilization: 80
07-04 01:19:57.386   706   871 D WifiThroughputPredictor:  BW: 0 RSSI: -50 Nss: 1 Mode: 1 symDur: 4000 snrDb 30 bitPerTone: 4500 rate: 54 throughput: 11
07-04 01:19:57.386   706   871 D WifiThroughputPredictor:  utilization (LLS) 80 isBluetoothConnected: false final utilization: 80
07-04 01:19:57.386   706   871 D WifiThroughputPredictor:  BW: 0 RSSI: -50 Nss: 1 Mode: 1 symDur: 4000 snrDb 30 bitPerTone: 4500 rate: 54 throughput: 11
07-04 01:19:57.387   706   871 D WifiThroughputPredictor:  utilization (LLS) 80 isBluetoothConnected: false final utilization: 80
07-04 01:19:57.387   706   871 D WifiThroughputPredictor:  BW: 0 RSSI: -50 Nss: 1 Mode: 1 symDur: 4000 snrDb 30 bitPerTone: 4500 rate: 54 throughput: 11
07-04 01:19:57.387   706   871 D WifiThroughputPredictor:  utilization (LLS) 80 isBluetoothConnected: false final utilization: 80
07-04 01:19:57.387   706   871 D WifiThroughputPredictor:  BW: 0 RSSI: -50 Nss: 1 Mode: 1 symDur: 4000 snrDb 30 bitPerTone: 4500 rate: 54 throughput: 11
07-04 01:19:57.387   706   871 D WifiScoreCard: BSSID update SIGNAL_POLL ID: 2146055532 SSID: "AndroidWifi", BSSID: 00:13:10:85:fe:01, MAC: 02:15:b4:00:00:00, IP: /10.0.2.17, Security type: 0, Supplicant state: COMPLETED, Wi-Fi standard: legacy, RSSI: -50, Link speed: 1Mbps, Tx Link speed: 1Mbps, Max Supported Tx Link speed: 11Mbps, Rx Link speed: 2Mbps, Max Supported Rx Link speed: 11Mbps, Frequency: 2447MHz, Net ID: 0, Metered hint: false, score: 60, isUsable: true, CarrierMerged: false, SubscriptionId: -1, IsPrimary: 1, Trusted: true, Restricted: false, Ephemeral: false, OEM paid: false, OEM private: false, OSU AP: false, FQDN: <none>, Provider friendly name: <none>, Requesting package name: <none>"AndroidWifi"openMLO Information: , Is TID-To-Link negotiation supported by the AP: false, AP MLD Address: <none>, AP MLO Link Id: <none>, AP MLO Affiliated links: <none>, Vendor Data: <none>
07-04 01:19:57.387   706   871 D WifiScoreCard: txRate: 1 txSpeed: 1
07-04 01:19:57.388   706   871 D WifiScoreCard: network update SIGNAL_POLL "AndroidWifi" ID: 290235138 RSSI -50 txSpeed -1
07-04 01:19:57.389   706   871 D WifiClientModeImpl[23202:wlan0]:  ClientModeImpl$L2ConnectedState screen=on 1 0 "AndroidWifi" 00:13:10:85:fe:01 rssi=-50 f=2447 sc=60 link=1 tx=0.0, 0.0, 0.0 rx=3.7 bcn=0 [on:0 tx:0 rx:0 period:3004] from screen [on:0 period:712969549] score=60
07-04 01:19:58.087  1121  1337 D SatelliteController: iisInCarrierRoamingNbIotNtn: satellite is disabled
07-04 01:19:58.643   706   742 W IPCThreadState: Sending oneway calls to frozen process.
07-04 01:19:58.732   706   815 D ActivityManager: freezing 1496 com.google.android.gms
07-04 01:19:58.767  6454  6454 W screencap: Thread Pool max thread count is 0. Cannot cache binder as linkToDeath cannot be implemented. serviceName: SurfaceFlingerAIDL
07-04 01:19:58.767  6454  6454 W BpBinder: Linking to death on android.gui.ISurfaceComposer but there are no threads (yet?) listening to incoming transactions. See ProcessState::startThreadPool and ProcessState::setThreadPoolMaxThreadCount. Generally you should setup the binder threadpool before other initialization steps.
07-04 01:19:58.768  6454  6454 W ProcessState: Extra binder thread started, but 0 threads requested. Do not use *startThreadPool when zero threads are requested.
07-04 01:19:58.795   558   567 E HwcComposer: getLuts failed Status(-8, EX_SERVICE_SPECIFIC): '8: '
07-04 01:19:58.795   558   567 E HWComposer: getLuts: getLuts failed for display 4619827259835644672: UNSUPPORTED (8)
--------- beginning of kernel
07-04 01:19:58.792     0     0 I servicemanager: Caller(pid=6454,uid=2000,sid=u:r:shell:s0) Found android.hardware.graphics.allocator.IAllocator/default in device VINTF manifest.
07-04 01:19:58.800     0     0 I servicemanager: Caller(pid=6454,uid=2000,sid=u:r:shell:s0) Found android.hardware.graphics.allocator.IAllocator/default in device VINTF manifest.
07-04 01:19:58.804     0     0 I servicemanager: Caller(pid=6454,uid=2000,sid=u:r:shell:s0) Found mapper/ranchu in device VINTF manifest.
07-04 01:19:58.875  1506  6408 W MediaProvider: isAppCloneUserPair for user 0: false
07-04 01:19:59.005   706  2066 I ActivityManager: Broadcasting: Intent { act=android.intent.action.MEDIA_SCANNER_SCAN_FILE dat=file:///... flg=0x400000 }
07-04 01:19:59.005   706  2066 I ActivityManager: Enqueued broadcast Intent { act=android.intent.action.MEDIA_SCANNER_SCAN_FILE dat=file:///... flg=0x400000 }: 0
07-04 01:19:59.008   706  1212 W JobInfo : Job 'com.google.android.providers.media.module/com.android.providers.media.MediaService#-300' has a deadline with no functional constraints. The deadline won't improve job execution latency. Consider removing the deadline.
07-04 01:19:59.021   706   734 I ActivityManager: Broadcast completed: result=0
07-04 01:19:59.024  1506  1779 I MediaProvider: Begin Intent { act=android.intent.action.MEDIA_SCANNER_SCAN_FILE dat=file:///... flg=0x1400010 cmp=com.google.android.providers.media.module/com.android.providers.media.MediaService }
07-04 01:19:59.058  1506  1779 I MediaProvider: End Intent { act=android.intent.action.MEDIA_SCANNER_SCAN_FILE dat=file:///... flg=0x1400010 cmp=com.google.android.providers.media.module/com.android.providers.media.MediaService }
07-04 01:19:59.071  1506  1809 D WM-SystemJobScheduler: Scheduling work ID 392832dd-22e1-4a93-93e5-284f249734e2Job ID 40
07-04 01:19:59.074  1506  1809 D WM-GreedyScheduler: Ignoring {WorkSpec: b7deacdd-77b4-4f95-8e2e-9470c54412a8}. Requires device idle.
07-04 01:19:59.074  1506  1809 D WM-GreedyScheduler: Ignoring {WorkSpec: 28d75524-0f78-4938-ae95-25d396d3275c}. Requires device idle.
07-04 01:19:59.143  1506  6408 W MediaProvider: Ignoring param:deletedata post U for external apps
07-04 01:19:59.147  1506  6408 I MediaProvider: Deleted 0 1 0 0 0 0 0 items on external_primary due to com.android.shell
07-04 01:19:59.281  6464  6464 D AndroidRuntime: >>>>>> START com.android.internal.os.RuntimeInit uid 2000 <<<<<<
07-04 01:19:59.285  6464  6464 I AndroidRuntime: Using default boot image
07-04 01:19:59.286  6464  6464 I AndroidRuntime: Leaving lock profiling enabled
07-04 01:19:59.287  6464  6464 I app_process: Core platform API reporting enabled, enforcing=false
07-04 01:19:59.287  6464  6464 I app_process: Using CollectorTypeCMC GC.
07-04 01:19:59.377  6464  6464 D nativeloader: InitDefaultPublicLibraries for_preload=1: libandroid.so:libaaudio.so:libamidi.so:libbinder_ndk.so:libc.so:libcamera2ndk.so:libdl.so:libEGL.so:libGLESv1_CM.so:libGLESv2.so:libGLESv3.so:libicu.so:libicui18n.so:libicuuc.so:libjnigraphics.so:liblog.so:libmediandk.so:libm.so:libnativehelper.so:libnativewindow.so:libOpenMAXAL.so:libOpenSLES.so:libRS.so:libstdc++.so:libsync.so:libvulkan.so:libwebviewchromium_plat_support.so:libz.so
07-04 01:19:59.385  6464  6464 D nativeloader: Load libicu_jni.so using APEX ns com_android_art for caller /apex/com.android.art/javalib/core-oj.jar: ok
07-04 01:19:59.386  6464  6464 D app_process: u_setTimeZoneFilesDirectory("/apex/com.android.tzdata/etc/tz/versioned/9/icu") succeeded. 
07-04 01:19:59.386  6464  6464 D app_process: I18n APEX ICU file found: /apex/com.android.i18n/etc/icu/icudt76l.dat
07-04 01:19:59.386  6464  6464 D nativeloader: Load libjavacore.so using APEX ns com_android_art for caller /apex/com.android.art/javalib/core-oj.jar: ok
07-04 01:19:59.387  6464  6464 D nativeloader: Load libopenjdk.so using APEX ns com_android_art for caller /apex/com.android.art/javalib/core-oj.jar: ok
07-04 01:19:59.388  6464  6464 W app_process: Unexpected CPU variant for x86: x86_64.
07-04 01:19:59.388  6464  6464 W app_process: Known variants: atom, sandybridge, silvermont, goldmont, goldmont-plus, goldmont-without-sha-xsaves, tremont, kabylake, alderlake, default
07-04 01:19:59.389  6464  6464 W app_process: ClassLoaderContext shared library size mismatch. Expected=2, found=0 (PCL[]{PCL[/system/framework/android.test.base.jar*2789897741]#PCL[/system/framework/android.test.mock.jar*3361312393]} | PCL[])
07-04 01:19:59.391  6464  6464 W app_process: ClassLoaderContext classpath size mismatch. expected=0, found=1 (PCL[]{PCL[/system/framework/android.test.runner.jar*895143020]#PCL[/system/framework/android.test.base.jar*2789897741]} | PCL[/system/framework/android.test.runner.jar*895143020])
07-04 01:19:59.409   955   955 D wpa_supplicant: nl80211: Drv Event 64 (NL80211_CMD_NOTIFY_CQM) received for wlan0
07-04 01:19:59.409   955   955 D wpa_supplicant: nl80211: Beacon loss event
07-04 01:19:59.409   955   955 D wpa_supplicant: wlan0: Event BEACON_LOSS (53) received
07-04 01:19:59.409   955   955 I wpa_supplicant: wlan0: CTRL-EVENT-BEACON-LOSS 
07-04 01:19:59.414  6464  6464 D nativeloader: Load libframework-connectivity-tiramisu-jni.so using APEX ns com_android_tethering for caller /apex/com.android.tethering/javalib/framework-connectivity-t.jar: ok
07-04 01:19:59.415  6464  6464 D AndroidRuntime: Calling main entry com.android.commands.uiautomator.Launcher
07-04 01:19:59.419  6464  6464 I AconfigPackage: android.media.swcodec.flags is mapped to com.android.media.swcodec
07-04 01:19:59.419  6464  6464 I AconfigPackage: com.google.android.settings.simplemode.flags is mapped to system_ext
07-04 01:19:59.419  6464  6464 I AconfigPackage: com.google.android.systemui is mapped to system_ext
07-04 01:19:59.420  6464  6464 I AconfigPackage: com.google.android.apps.nexuslauncher is mapped to system_ext
07-04 01:19:59.420  6464  6464 I AconfigPackage: com.android.settings.accessibility is mapped to system_ext
07-04 01:19:59.420  6464  6464 I AconfigPackage: com.android.settings.flags is mapped to system_ext
07-04 01:19:59.420  6464  6464 I AconfigPackage: com.google.android.apps.miphone.aiai.matchmaker.overview.ui is mapped to system_ext
07-04 01:19:59.420  6464  6464 I AconfigPackage: com.google.android.settings.flags is mapped to system_ext
07-04 01:19:59.420  6464  6464 I AconfigPackage: com.android.launcher3 is mapped to system_ext
07-04 01:19:59.420  6464  6464 I AconfigPackage: com.android.wallpaper is mapped to system_ext
07-04 01:19:59.421  6464  6464 I AconfigPackage: com.android.settings.media_drm is mapped to system_ext
07-04 01:19:59.421  6464  6464 I AconfigPackage: com.android.systemui.accessibility.accessibilitymenu is mapped to system_ext
07-04 01:19:59.421  6464  6464 I AconfigPackage: com.android.settings.keyboard is mapped to system_ext
07-04 01:19:59.421  6464  6464 I AconfigPackage: com.android.server.policy.feature.flags is mapped to system_ext
07-04 01:19:59.421  6464  6464 I AconfigPackage: com.android.settings.factory_reset is mapped to system_ext
07-04 01:19:59.421  6464  6464 I AconfigPackage: com.google.android.haptics.flags is mapped to system_ext
07-04 01:19:59.422  6464  6464 I AconfigPackage: com.android.permission.flags is mapped to com.android.permission
07-04 01:19:59.422  6464  6464 I AconfigPackage: com.android.icu is mapped to com.android.i18n
07-04 01:19:59.422  6464  6464 I AconfigPackage: com.android.appsearch.flags is mapped to com.android.appsearch
07-04 01:19:59.422  6464  6464 I AconfigPackage: android.uprobestats.mainline.flags is mapped to com.android.uprobestats
07-04 01:19:59.422  6464  6464 I AconfigPackage: android.provider.flags is mapped to com.android.configinfrastructure
07-04 01:19:59.422  6464  6464 I AconfigPackage: com.android.server.deviceconfig is mapped to com.android.configinfrastructure
07-04 01:19:59.423  6464  6464 I AconfigPackage: com.android.nfc.flags is mapped to system
07-04 01:19:59.423  6464  6464 I AconfigPackage: android.app.admin.flags is mapped to system
07-04 01:19:59.424  6464  6464 I AconfigPackage: android.database.sqlite is mapped to system
07-04 01:19:59.424  6464  6464 I AconfigPackage: com.android.providers.calendar is mapped to system
07-04 01:19:59.424  6464  6464 I AconfigPackage: com.android.server.power.feature.flags is mapped to system
07-04 01:19:59.425  6464  6464 I AconfigPackage: com.android.media.performance.flags is mapped to system
07-04 01:19:59.425  6464  6464 I AconfigPackage: android.app.contextualsearch.flags is mapped to system
07-04 01:19:59.425  6464  6464 I AconfigPackage: android.app.ondeviceintelligence.flags is mapped to system
07-04 01:19:59.425  6464  6464 I AconfigPackage: com.android.media.projection.flags is mapped to system
07-04 01:19:59.425  6464  6464 I AconfigPackage: android.companion is mapped to system
07-04 01:19:59.425  6464  6464 I AconfigPackage: android.service.controls.flags is mapped to system
07-04 01:19:59.425  6464  6464 I AconfigPackage: com.android.text.flags is mapped to system
07-04 01:19:59.425  6464  6464 I AconfigPackage: com.android.providers.contactkeys.flags is mapped to system
07-04 01:19:59.425  6464  6464 I AconfigPackage: com.android.intentresolver is mapped to system
07-04 01:19:59.425  6464  6464 I AconfigPackage: android.companion.virtualdevice.flags is mapped to system
07-04 01:19:59.425  6464  6464 I AconfigPackage: android.uprobestats.flags is mapped to system
07-04 01:19:59.425  6464  6464 I AconfigPackage: com.android.net.thread.platform.flags is mapped to system
07-04 01:19:59.425  6464  6464 I AconfigPackage: android.view.contentprotection.flags is mapped to system
07-04 01:19:59.425  6464  6464 I AconfigPackage: com.android.server.dreams is mapped to system
07-04 01:19:59.425  6464  6464 I AconfigPackage: com.android.graphics.surfaceflinger.flags is mapped to system
07-04 01:19:59.425  6464  6464 I AconfigPackage: com.android.hardware.input is mapped to system
07-04 01:19:59.425  6464  6464 I AconfigPackage: android.sdk is mapped to system
07-04 01:19:59.425  6464  6464 I AconfigPackage: com.android.input.flags is mapped to system
07-04 01:19:59.426  6464  6464 I AconfigPackage: android.tracing is mapped to system
07-04 01:19:59.426  6464  6464 I AconfigPackage: com.android.server.biometrics is mapped to system
07-04 01:19:59.426  6464  6464 I AconfigPackage: android.view.contentcapture.flags is mapped to system
07-04 01:19:59.426  6464  6464 I AconfigPackage: android.app.job is mapped to system
07-04 01:19:59.426  6464  6464 I AconfigPackage: android.content.res is mapped to system
07-04 01:19:59.426  6464  6464 I AconfigPackage: android.net.platform.flags is mapped to system
07-04 01:19:59.426  6464  6464 I AconfigPackage: com.android.aconfig.flags is mapped to system
07-04 01:19:59.426  6464  6464 I AconfigPackage: com.android.graphics.flags is mapped to system
07-04 01:19:59.426  6464  6464 I AconfigPackage: android.server.app is mapped to system
07-04 01:19:59.426  6464  6464 I AconfigPackage: android.speech.flags is mapped to system
07-04 01:19:59.426  6464  6464 I AconfigPackage: com.android.server.stats is mapped to system
07-04 01:19:59.426  6464  6464 I AconfigPackage: android.hardware.biometrics is mapped to system
07-04 01:19:59.426  6464  6464 I AconfigPackage: android.car.feature is mapped to system
07-04 01:19:59.426  6464  6464 I AconfigPackage: android.adpf is mapped to system
07-04 01:19:59.426  6464  6464 I AconfigPackage: android.location.flags is mapped to system
07-04 01:19:59.426  6464  6464 I AconfigPackage: com.android.settingslib.flags is mapped to system
07-04 01:19:59.426  6464  6464 I AconfigPackage: com.android.managedprovisioning.flags is mapped to system
07-04 01:19:59.427  6464  6464 I AconfigPackage: android.app.assist.flags is mapped to system
07-04 01:19:59.427  6464  6464 I AconfigPackage: com.android.server.net is mapped to system
07-04 01:19:59.427  6464  6464 I AconfigPackage: com.android.settingslib.widget.flags is mapped to system
07-04 01:19:59.427  6464  6464 I AconfigPackage: com.android.internal.camera.flags is mapped to system
07-04 01:19:59.427  6464  6464 I AconfigPackage: com.android.hardware.libsensor.flags is mapped to system
07-04 01:19:59.427  6464  6464 I AconfigPackage: com.android.internal.jank is mapped to system
07-04 01:19:59.427  6464  6464 I AconfigPackage: com.android.providers.settings is mapped to system
07-04 01:19:59.427  6464  6464 I AconfigPackage: android.multiuser is mapped to system
07-04 01:19:59.428  6464  6464 I AconfigPackage: com.android.server.power.optimization is mapped to system
07-04 01:19:59.428  6464  6464 I AconfigPackage: com.android.calllogbackup is mapped to system
07-04 01:19:59.428  6464  6464 I AconfigPackage: com.android.media.flags is mapped to system
07-04 01:19:59.428  6464  6464 I AconfigPackage: com.android.server.flags is mapped to system
07-04 01:19:59.428  6464  6464 I AconfigPackage: com.android.graphics.libvulkan.flags is mapped to system
07-04 01:19:59.429  6464  6464 I AconfigPackage: android.app.appfunctions.flags is mapped to system
07-04 01:19:59.429  6464  6464 I AconfigPackage: android.app.smartspace.flags is mapped to system
07-04 01:19:59.429  6464  6464 I AconfigPackage: com.android.providers.contacts.flags is mapped to system
07-04 01:19:59.430  6464  6464 I AconfigPackage: com.android.shell.flags is mapped to system
07-04 01:19:59.430  6464  6464 I AconfigPackage: com.android.media.aaudio is mapped to system
07-04 01:19:59.430  6464  6464 I AconfigPackage: android.hardware.radio is mapped to system
07-04 01:19:59.430  6464  6464 I AconfigPackage: com.google.wear.services.infra.flags is mapped to system
07-04 01:19:59.430  6464  6464 I AconfigPackage: suspend_service.flags is mapped to system
07-04 01:19:59.431  6464  6464 I AconfigPackage: android.media.midi is mapped to system
07-04 01:19:59.431  6464  6464 I AconfigPackage: com.android.libcore.readonly is mapped to system
07-04 01:19:59.431  6464  6464 I AconfigPackage: com.android.settingslib.widget.selectorwithwidgetpreference.flags is mapped to system
07-04 01:19:59.431  6464  6464 I AconfigPackage: android.service.notification is mapped to system
07-04 01:19:59.431  6464  6464 I AconfigPackage: com.android.systemui.shared is mapped to system
07-04 01:19:59.431  6464  6464 I AconfigPackage: android.app.jank is mapped to system
07-04 01:19:59.432  6464  6464 I AconfigPackage: android.app.wearable is mapped to system
07-04 01:19:59.433  6464  6464 I AconfigPackage: com.android.media.audio is mapped to system
07-04 01:19:59.433  6464  6464 I AconfigPackage: android.service.chooser is mapped to system
07-04 01:19:59.433  6464  6464 I AconfigPackage: com.android.server.compat is mapped to system
07-04 01:19:59.434  6464  6464 I AconfigPackage: com.android.server.alarm is mapped to system
07-04 01:19:59.434  6464  6464 I AconfigPackage: com.android.apex.flags is mapped to system
07-04 01:19:59.434  6464  6464 I AconfigPackage: android.service.quickaccesswallet is mapped to system
07-04 01:19:59.435  6464  6464 I AconfigPackage: android.app.usage is mapped to system
07-04 01:19:59.435  6464  6464 I AconfigPackage: com.android.server.accessibility is mapped to system
07-04 01:19:59.435  6464  6464 I AconfigPackage: android.app.supervision.flags is mapped to system
07-04 01:19:59.435  6464  6464 I AconfigPackage: com.android.server.utils is mapped to system
07-04 01:19:59.435  6464  6464 I AconfigPackage: android.chre.flags is mapped to system
07-04 01:19:59.437  6464  6464 I AconfigPackage: android.content.flags is mapped to system
07-04 01:19:59.437  6464  6464 I AconfigPackage: android.media.codec is mapped to system
07-04 01:19:59.437  6464  6464 I AconfigPackage: com.android.internal.os is mapped to system
07-04 01:19:59.437  6464  6464 I AconfigPackage: com.android.nfc.nci.flags is mapped to system
07-04 01:19:59.438  6464  6464 I AconfigPackage: android.app is mapped to system
07-04 01:19:59.439  6464  6464 I AconfigPackage: android.security.keystore2 is mapped to system
07-04 01:19:59.439  6464  6464 I AconfigPackage: android.crashrecovery.flags is mapped to system
07-04 01:19:59.439  6464  6464 I AconfigPackage: com.android.tradeinmode.flags is mapped to system
07-04 01:19:59.439  6464  6464 I AconfigPackage: android.hardware.flags is mapped to system
07-04 01:19:59.439  6464  6464 I AconfigPackage: com.android.server.telecom.flags is mapped to system
07-04 01:19:59.440  6464  6464 I AconfigPackage: com.android.settingslib.media.flags is mapped to system
07-04 01:19:59.440  6464  6464 I AconfigPackage: com.android.server.policy is mapped to system
07-04 01:19:59.440  6464  6464 I AconfigPackage: android.media.audiopolicy is mapped to system
07-04 01:19:59.440  6464  6464 I AconfigPackage: com.android.egg.flags is mapped to system
07-04 01:19:59.440  6464  6464 I AconfigPackage: com.android.internal.compat.flags is mapped to system
07-04 01:19:59.440  6464  6464 I AconfigPackage: android.security is mapped to system
07-04 01:19:59.441  6464  6464 I AconfigPackage: android.service.autofill is mapped to system
07-04 01:19:59.441  6464  6464 I AconfigPackage: com.example.android.aconfig.demo.flags is mapped to system
07-04 01:19:59.441  6464  6464 I AconfigPackage: android.view.flags is mapped to system
07-04 01:19:59.442  6464  6464 I AconfigPackage: android.companion.virtual.flags is mapped to system
07-04 01:19:59.442  6464  6464 I AconfigPackage: com.android.aconfig_new_storage is mapped to system
07-04 01:19:59.442  6464  6464 I AconfigPackage: com.android.server.feature.flags is mapped to system
07-04 01:19:59.442  6464  6464 I AconfigPackage: com.android.systemui is mapped to system
07-04 01:19:59.442  6464  6464 I AconfigPackage: com.android.server.power.batterysaver is mapped to system
07-04 01:19:59.442  6464  6464 I AconfigPackage: android.widget.flags is mapped to system
07-04 01:19:59.442  6464  6464 I AconfigPackage: com.android.media.editing.flags is mapped to system
07-04 01:19:59.443  6464  6464 I AconfigPackage: com.android.media.codec.flags is mapped to system
07-04 01:19:59.443  6464  6464 I AconfigPackage: com.android.server.powerstats is mapped to system
07-04 01:19:59.443  6464  6464 I AconfigPackage: com.android.graphics.egl.flags is mapped to system
07-04 01:19:59.443  6464  6464 I AconfigPackage: com.android.media.audioserver is mapped to system
07-04 01:19:59.443  6464  6464 I AconfigPackage: com.android.server.deviceidle is mapped to system
07-04 01:19:59.443  6464  6464 I AconfigPackage: android.nfc is mapped to system
07-04 01:19:59.443  6464  6464 I AconfigPackage: android.permission.flags is mapped to system
07-04 01:19:59.443  6464  6464 I AconfigPackage: android.service.voice.flags is mapped to system
07-04 01:19:59.444  6464  6464 I AconfigPackage: android.content.pm is mapped to system
07-04 01:19:59.444  6464  6464 I AconfigPackage: com.android.server.power.hint is mapped to system
07-04 01:19:59.444  6464  6464 I AconfigPackage: android.os is mapped to system
07-04 01:19:59.444  6464  6464 I AconfigPackage: android.service.dreams is mapped to system
07-04 01:19:59.444  6464  6464 I AconfigPackage: com.android.graphics.libgui.flags is mapped to system
07-04 01:19:59.444  6464  6464 I AconfigPackage: android.hardware.usb.flags is mapped to system
07-04 01:19:59.444  6464  6464 I AconfigPackage: android.provider is mapped to system
07-04 01:19:59.444  6464  6464 I AconfigPackage: com.android.server.job is mapped to system
07-04 01:19:59.444  6464  6464 I AconfigPackage: com.android.internal.foldables.flags is mapped to system
07-04 01:19:59.444  6464  6464 I AconfigPackage: com.android.internal.telephony.flags is mapped to system
07-04 01:19:59.444  6464  6464 I AconfigPackage: android.webkit is mapped to system
07-04 01:19:59.444  6464  6464 I AconfigPackage: android.credentials.flags is mapped to system
07-04 01:19:59.444  6464  6464 I AconfigPackage: com.android.server.display.feature.flags is mapped to system
07-04 01:19:59.444  6464  6464 I AconfigPackage: com.android.server.notification is mapped to system
07-04 01:19:59.444  6464  6464 I AconfigPackage: android.appwidget.flags is mapped to system
07-04 01:19:59.444  6464  6464 I AconfigPackage: com.android.frameworks.sensorservice.flags is mapped to system
07-04 01:19:59.444  6464  6464 I AconfigPackage: com.android.printspooler.flags is mapped to system
07-04 01:19:59.445  6464  6464 I AconfigPackage: com.android.window.flags is mapped to system
07-04 01:19:59.445  6464  6464 I AconfigPackage: android.adaptiveauth is mapped to system
07-04 01:19:59.445  6464  6464 I AconfigPackage: android.net.wifi.flags is mapped to system
