07-04 04:39:27.573  1528  1939 I AiAiEcho: Settings changed for uri: content://settings/secure/accessibility_enabled
07-04 04:39:27.573   706   706 W IPCThreadState: Sending oneway calls to frozen process.
07-04 04:39:27.573   706   706 W IPCThreadState: Sending oneway calls to frozen process.
07-04 04:39:27.574  1528  1766 I AiAiEcho: Predicting[0]:  [CONTEXT sampling_count=5 ]
07-04 04:39:27.574   706   706 W IPCThreadState: Sending oneway calls to frozen process.
07-04 04:39:27.574  1528  1766 I AiAiEcho: EchoTargets: 
07-04 04:39:27.574  1528  1766 I AiAiEcho: Filtered by AiAi flag check: 
07-04 04:39:27.574  1528  1766 I AiAiEcho: [CONTEXT ratelimit_period="10 SECONDS" ]
07-04 04:39:27.574   706   706 W IPCThreadState: Sending oneway calls to frozen process.
07-04 04:39:27.575   706   706 W IPCThreadState: Sending oneway calls to frozen process.
07-04 04:39:27.575  1528  1766 I AiAiEcho: #remoteViewsTwiddler: feature disabled.
07-04 04:39:27.578   706   706 W IPCThreadState: Sending oneway calls to frozen process.
07-04 04:39:27.578   706   706 W IPCThreadState: Sending oneway calls to frozen process.
07-04 04:39:27.578   706   706 W IPCThreadState: Sending oneway calls to frozen process.
07-04 04:39:27.578   706   706 W IPCThreadState: Sending oneway calls to frozen process.
07-04 04:39:27.579   706   706 W IPCThreadState: Sending oneway calls to frozen process.
07-04 04:39:27.579   706   706 W IPCThreadState: Sending oneway calls to frozen process.
07-04 04:39:27.580   706   706 W IPCThreadState: Sending oneway calls to frozen process.
07-04 04:39:27.580   706   706 W IPCThreadState: Sending oneway calls to frozen process.
07-04 04:39:27.580   706   706 W IPCThreadState: Sending oneway calls to frozen process.
07-04 04:39:27.581   706   706 W IPCThreadState: Sending oneway calls to frozen process.
07-04 04:39:27.582  1528  1766 I AiAiEcho: Predicting[0]:  [CONTEXT sampling_count=5 ]
07-04 04:39:27.582  1528  1766 I AiAiEcho: EchoTargets: 
07-04 04:39:27.582  1528  1766 I AiAiEcho: Filtered by AiAi flag check: 
07-04 04:39:27.582  1528  1766 I AiAiEcho: [CONTEXT ratelimit_period="10 SECONDS" ]
07-04 04:39:27.583   706   706 W IPCThreadState: Sending oneway calls to frozen process.
07-04 04:39:27.583   706   706 W IPCThreadState: Sending oneway calls to frozen process.
07-04 04:39:27.583  1528  1766 I AiAiEcho: #remoteViewsTwiddler: feature disabled.
07-04 04:39:27.584   706   706 W IPCThreadState: Sending oneway calls to frozen process.
07-04 04:39:27.585   706   706 W IPCThreadState: Sending oneway calls to frozen process.
07-04 04:39:27.585   706   706 W IPCThreadState: Sending oneway calls to frozen process.
07-04 04:39:27.586   706   706 W IPCThreadState: Sending oneway calls to frozen process.
07-04 04:39:27.586   706   706 W IPCThreadState: Sending oneway calls to frozen process.
07-04 04:39:27.586  1528  1766 I AiAiEcho: #postPredictionTargets: Sending updates to UISurface lockscreen with targets# 0 (types=[])
07-04 04:39:27.587   706   706 W IPCThreadState: Sending oneway calls to frozen process.
07-04 04:39:27.588   706   706 W IPCThreadState: Sending oneway calls to frozen process.
07-04 04:39:27.591   706   706 W IPCThreadState: Sending oneway calls to frozen process.
07-04 04:39:27.591   706   706 W IPCThreadState: Sending oneway calls to frozen process.
07-04 04:39:27.592   706   706 W IPCThreadState: Sending oneway calls to frozen process.
07-04 04:39:27.593   706   706 W IPCThreadState: Sending oneway calls to frozen process.
07-04 04:39:27.593   706   706 W IPCThreadState: Sending oneway calls to frozen process.
07-04 04:39:27.594   706   706 W IPCThreadState: Sending oneway calls to frozen process.
07-04 04:39:27.594  1528  1766 I AiAiEcho: #postPredictionTargets: Sending updates to UISurface home with targets# 0 (types=[])
07-04 04:39:27.594   706   706 W IPCThreadState: Sending oneway calls to frozen process.
07-04 04:39:27.595   706   706 W IPCThreadState: Sending oneway calls to frozen process.
07-04 04:39:27.595   706   706 W IPCThreadState: Sending oneway calls to frozen process.
07-04 04:39:27.595   706   706 W IPCThreadState: Sending oneway calls to frozen process.
07-04 04:39:27.596   706   706 W IPCThreadState: Sending oneway calls to frozen process.
07-04 04:39:27.596   706   706 D BatterySaverPolicy: accessibility changed to true, updating policy.
07-04 04:39:27.613  1129  1129 D SsBaseTemplateCard: No text view can be set up
07-04 04:39:27.613  1129  1129 D SsBaseTemplateCard: Passed-in item info is null
07-04 04:39:27.613  1129  1129 D SsBaseTemplateCard: Passed-in item info is null
07-04 04:39:27.613  1129  1129 D SsBaseTemplateCard: Passed-in item info is null
07-04 04:39:27.613  1129  1129 I SsBaseTemplateCard: Secondary card pane is null
07-04 04:39:27.619   967   967 W PageIndicator: Total number of pages invalid: 0. Assuming 1 page.
07-04 04:39:28.481  1121  1337 D SatelliteController: iisInCarrierRoamingNbIotNtn: satellite is disabled
07-04 04:39:28.539  1506  1506 D WM-DelayedWorkTracker: Scheduling work f7056818-75cd-42b4-9599-697141707cb4
07-04 04:39:28.539  1506  1506 D WM-GreedyScheduler: Starting tracking for f7056818-75cd-42b4-9599-697141707cb4
07-04 04:39:28.540  1506  1662 D WM-ConstraintTracker: BatteryNotLowTracker: initial state = true
07-04 04:39:28.541  1506  1662 D WM-BrdcstRcvrCnstrntTrc: BatteryNotLowTracker: registering receiver
07-04 04:39:28.542  1506  1662 D WM-GreedyScheduler: Constraints met: Scheduling work ID WorkGenerationalId(workSpecId=f7056818-75cd-42b4-9599-697141707cb4, generation=0)
07-04 04:39:28.543  1506  1662 D WM-Processor: Processor: processing WorkGenerationalId(workSpecId=f7056818-75cd-42b4-9599-697141707cb4, generation=0)
07-04 04:39:28.546  1506  1506 D WM-WorkerWrapper: Starting work for com.android.providers.media.photopicker.sync.ProactiveSyncWorker
07-04 04:39:28.547  1506  6184 I PSyncWorker: Starting proactive picker sync from sync source: 1
07-04 04:39:28.547  1506  6184 I PickerSyncTracker: Created new sync future java.util.concurrent.CompletableFuture@c6f33b1[Not completed, 1 dependents]. Future map: {f7056818-75cd-42b4-9599-697141707cb4=java.util.concurrent.CompletableFuture@c6f33b1[Not completed, 1 dependents]}
07-04 04:39:28.547  1506  6184 D PickerSyncController: syncAllMediaFromProvider() LOCAL, auth=com.android.providers.media.photopicker, retry=true
07-04 04:39:28.547  1506  6184 D PickerSyncController: getSyncRequestParams() LOCAL, auth=com.android.providers.media.photopicker
07-04 04:39:28.549  1506  6184 D PickerSyncController:    Latest ID/Gen=7cb2da8e3887eeff:external_primary/1707
07-04 04:39:28.549  1506  6184 D PickerSyncController:    Cached ID/Gen=7cb2da8e3887eeff:external_primary/1695
07-04 04:39:28.549  1506  6184 D PickerSyncController:    RESULT=SyncRequestParams{type=MEDIA_INCREMENTAL, gen=1695, latest=Bundle[{last_media_sync_generation=1707, media_collection_id=7cb2da8e3887eeff:external_primary}], pageSize=1000}
07-04 04:39:28.550  1506  6184 I PickerSyncController: Executing SyncAdd. isLocal: true. authority: com.android.providers.media.photopicker
07-04 04:39:28.550  1506  6184 D PickerSyncLockManager: Trying to acquire lock com.android.providers.media.photopicker.sync.CloseableReentrantLock@ee89538[Unlocked]. Lock Name = CLOUD_PROVIDER_LOCK. Threads that may be waiting to acquire this lock = [] with timeout.
07-04 04:39:28.550  1506  6184 D CloseableReentrantLock: Successfully acquired lock com.android.providers.media.photopicker.sync.CloseableReentrantLock@ee89538[Locked by thread pool-4-thread-6]. Lock Name = CLOUD_PROVIDER_LOCK. Threads that may be waiting to acquire this lock = []
07-04 04:39:28.550  1506  6184 D CloseableReentrantLock: Successfully released lock com.android.providers.media.photopicker.sync.CloseableReentrantLock@ee89538[Unlocked]. Lock Name = CLOUD_PROVIDER_LOCK. Threads that may be waiting to acquire this lock = []
07-04 04:39:28.550  1506  6184 D ExternalDbFacade: Token received for queryMedia = null
07-04 04:39:28.551  1506  6184 D PickerSyncLockManager: Trying to acquire lock com.android.providers.media.photopicker.sync.CloseableReentrantLock@ee89538[Unlocked]. Lock Name = CLOUD_PROVIDER_LOCK. Threads that may be waiting to acquire this lock = [] with timeout.
07-04 04:39:28.552  1506  6184 D CloseableReentrantLock: Successfully acquired lock com.android.providers.media.photopicker.sync.CloseableReentrantLock@ee89538[Locked by thread pool-4-thread-6]. Lock Name = CLOUD_PROVIDER_LOCK. Threads that may be waiting to acquire this lock = []
07-04 04:39:28.552  1506  6184 D PickerSyncController: Clearing next page token for key: local_provider:media_add:resume
07-04 04:39:28.552  1506  6184 D CloseableReentrantLock: Successfully released lock com.android.providers.media.photopicker.sync.CloseableReentrantLock@ee89538[Unlocked]. Lock Name = CLOUD_PROVIDER_LOCK. Threads that may be waiting to acquire this lock = []
07-04 04:39:28.552  1506  6184 D PickerNotificationSender: Sending a notification for media update
07-04 04:39:28.555  1506  6184 D PickerNotificationSender: Sending a notification for merged album media update Videos
07-04 04:39:28.555  1506  6184 D PickerNotificationSender: Sending a notification for album media update Videos
07-04 04:39:28.556  1506  6184 D PickerNotificationSender: Sending a notification for merged album media update Favorites
07-04 04:39:28.556  1506  6184 D PickerNotificationSender: Sending a notification for album media update Favorites
07-04 04:39:28.557  1506  6184 I PickerSyncController: Paged sync successful. QueryArgs: Bundle[{android.provider.extra.SYNC_GENERATION=1695, android.provider.extra.PAGE_SIZE=1000}] Total Rows: 0
07-04 04:39:28.557  1506  6184 I PickerSyncController: Executing SyncRemove. isLocal: true. authority: com.android.providers.media.photopicker
07-04 04:39:28.558  1506  6184 D PickerSyncLockManager: Trying to acquire lock com.android.providers.media.photopicker.sync.CloseableReentrantLock@ee89538[Unlocked]. Lock Name = CLOUD_PROVIDER_LOCK. Threads that may be waiting to acquire this lock = [] with timeout.
07-04 04:39:28.558  1506  6184 D CloseableReentrantLock: Successfully acquired lock com.android.providers.media.photopicker.sync.CloseableReentrantLock@ee89538[Locked by thread pool-4-thread-6]. Lock Name = CLOUD_PROVIDER_LOCK. Threads that may be waiting to acquire this lock = []
07-04 04:39:28.558  1506  6184 D CloseableReentrantLock: Successfully released lock com.android.providers.media.photopicker.sync.CloseableReentrantLock@ee89538[Unlocked]. Lock Name = CLOUD_PROVIDER_LOCK. Threads that may be waiting to acquire this lock = []
07-04 04:39:28.559  1506  6184 E PickerDbFacade: Could not get first date taken millis for media id: 142
07-04 04:39:28.559  1506  6184 W PickerDbFacade: Unable to promote cloud media with localId: 142
07-04 04:39:28.559  1506  6184 D PickerSyncLockManager: Trying to acquire lock com.android.providers.media.photopicker.sync.CloseableReentrantLock@ee89538[Unlocked]. Lock Name = CLOUD_PROVIDER_LOCK. Threads that may be waiting to acquire this lock = [] with timeout.
07-04 04:39:28.559  1506  6184 D CloseableReentrantLock: Successfully acquired lock com.android.providers.media.photopicker.sync.CloseableReentrantLock@ee89538[Locked by thread pool-4-thread-6]. Lock Name = CLOUD_PROVIDER_LOCK. Threads that may be waiting to acquire this lock = []
07-04 04:39:28.560  1506  6184 D PickerSyncController: Clearing next page token for key: local_provider:media_remove:resume
07-04 04:39:28.560  1506  6184 D CloseableReentrantLock: Successfully released lock com.android.providers.media.photopicker.sync.CloseableReentrantLock@ee89538[Unlocked]. Lock Name = CLOUD_PROVIDER_LOCK. Threads that may be waiting to acquire this lock = []
07-04 04:39:28.560  1506  6184 D PickerNotificationSender: Sending a notification for media update
07-04 04:39:28.561  1506  6184 D PickerNotificationSender: Sending a notification for merged album media update Videos
07-04 04:39:28.561  1506  6184 D PickerNotificationSender: Sending a notification for album media update Videos
07-04 04:39:28.562   706   871 D WifiClientModeImpl[23202:wlan0]: updateLinkLayerStatsRssiSpeedFrequencyCapabilities rssi=-50 TxLinkspeed=5 freq=2447 RxLinkSpeed=2
07-04 04:39:28.562  1506  6184 D PickerNotificationSender: Sending a notification for merged album media update Favorites
07-04 04:39:28.563  1506  6184 D PickerNotificationSender: Sending a notification for album media update Favorites
07-04 04:39:28.563   706   871 D WifiDataStall: tx tput in kbps: 11000
07-04 04:39:28.563   706   871 D WifiDataStall: rx tput in kbps: 11000
07-04 04:39:28.563   706   871 V WifiConfigManager: Updating scan detail cache freq=2447 BSSID=00:13:10:85:fe:01 RSSI=-50 for "AndroidWifi"NONE
07-04 04:39:28.563  1506  6184 I PickerSyncController: Paged sync successful. QueryArgs: Bundle[{android.provider.extra.SYNC_GENERATION=1695, android.provider.extra.PAGE_SIZE=1000}] Total Rows: 0
07-04 04:39:28.564   706   871 D WifiThroughputPredictor:  utilization (LLS) 80 isBluetoothConnected: false final utilization: 80
07-04 04:39:28.564   706   871 D WifiThroughputPredictor:  BW: 0 RSSI: -50 Nss: 1 Mode: 1 symDur: 4000 snrDb 30 bitPerTone: 4500 rate: 54 throughput: 11
07-04 04:39:28.564  1506  6184 I PickerSyncTracker: Marked sync future complete for work id: f7056818-75cd-42b4-9599-697141707cb4. Future map: {}
07-04 04:39:28.564   706   871 D WifiThroughputPredictor:  utilization (LLS) 80 isBluetoothConnected: false final utilization: 80
07-04 04:39:28.564  1506  6184 I PSyncWorker: Completed picker proactive sync complete from local provider.
07-04 04:39:28.564   706   871 D WifiThroughputPredictor:  BW: 0 RSSI: -50 Nss: 1 Mode: 1 symDur: 4000 snrDb 30 bitPerTone: 4500 rate: 54 throughput: 11
07-04 04:39:28.564   706   871 D WifiThroughputPredictor:  utilization (LLS) 80 isBluetoothConnected: false final utilization: 80
07-04 04:39:28.565  1506  1809 I WM-WorkerWrapper: Worker result SUCCESS for Work [ id=f7056818-75cd-42b4-9599-697141707cb4, tags={ com.android.providers.media.photopicker.sync.ProactiveSyncWorker } ]
07-04 04:39:28.565   706   871 D WifiThroughputPredictor:  BW: 0 RSSI: -50 Nss: 1 Mode: 1 symDur: 4000 snrDb 30 bitPerTone: 4500 rate: 54 throughput: 11
07-04 04:39:28.565   706   871 D WifiThroughputPredictor:  utilization (LLS) 80 isBluetoothConnected: false final utilization: 80
07-04 04:39:28.565   706   871 D WifiThroughputPredictor:  BW: 0 RSSI: -50 Nss: 1 Mode: 1 symDur: 4000 snrDb 30 bitPerTone: 4500 rate: 54 throughput: 11
07-04 04:39:28.565  1506  1506 D WM-Processor: Processor f7056818-75cd-42b4-9599-697141707cb4 executed; reschedule = false
07-04 04:39:28.566  1506  1506 D WM-GreedyScheduler: Stopping tracking for WorkGenerationalId(workSpecId=f7056818-75cd-42b4-9599-697141707cb4, generation=0)
07-04 04:39:28.566   706   871 D WifiScoreCard: BSSID update SIGNAL_POLL ID: 2146055532 SSID: "AndroidWifi", BSSID: 00:13:10:85:fe:01, MAC: 02:15:b4:00:00:00, IP: /10.0.2.17, Security type: 0, Supplicant state: COMPLETED, Wi-Fi standard: legacy, RSSI: -50, Link speed: 5Mbps, Tx Link speed: 5Mbps, Max Supported Tx Link speed: 11Mbps, Rx Link speed: 2Mbps, Max Supported Rx Link speed: 11Mbps, Frequency: 2447MHz, Net ID: 0, Metered hint: false, score: 60, isUsable: true, CarrierMerged: false, SubscriptionId: -1, IsPrimary: 1, Trusted: true, Restricted: false, Ephemeral: false, OEM paid: false, OEM private: false, OSU AP: false, FQDN: <none>, Provider friendly name: <none>, Requesting package name: <none>"AndroidWifi"openMLO Information: , Is TID-To-Link negotiation supported by the AP: false, AP MLD Address: <none>, AP MLO Link Id: <none>, AP MLO Affiliated links: <none>, Vendor Data: <none>
07-04 04:39:28.566   706   871 D WifiScoreCard: txRate: 1 txSpeed: 5
07-04 04:39:28.566   706   871 D WifiScoreCard: network update SIGNAL_POLL "AndroidWifi" ID: 290235138 RSSI -50 txSpeed -1
07-04 04:39:28.567   706   871 D WifiClientModeImpl[23202:wlan0]:  ClientModeImpl$L2ConnectedState screen=on 1 0 "AndroidWifi" 00:13:10:85:fe:01 rssi=-50 f=2447 sc=60 link=5 tx=0.0, 0.0, 0.0 rx=0.1 bcn=0 [on:0 tx:0 rx:0 period:3009] from screen [on:0 period:724940727] score=60
07-04 04:39:28.571  1506  1809 D WM-GreedyScheduler: Cancelling work ID f7056818-75cd-42b4-9599-697141707cb4
07-04 04:39:28.572  1506  1809 D WM-GreedyScheduler: Ignoring {WorkSpec: b7deacdd-77b4-4f95-8e2e-9470c54412a8}. Requires device idle.
07-04 04:39:28.572  1506  1809 D WM-GreedyScheduler: Ignoring {WorkSpec: 28d75524-0f78-4938-ae95-25d396d3275c}. Requires device idle.
07-04 04:39:28.573  1506  1809 D WM-BrdcstRcvrCnstrntTrc: BatteryNotLowTracker: unregistering receiver
07-04 04:39:28.769 19587 19587 W AccessibilityNodeInfoDumper: Fetch time: 8ms
07-04 04:39:28.770   706  2116 V AccessibilityManagerService: onUserStateChangedLocked for userId: 0, forceUpdate: false
07-04 04:39:28.773   706  2116 W MagnificationConnectionManager: requestConnection duplicated request: connect=false, mConnectionState=DISCONNECTED
07-04 04:39:28.773  1528  1537 I AiAiEcho: Settings changed for uri: content://settings/secure/accessibility_enabled
07-04 04:39:28.773   706  2116 D AccessibilityManagerService: restoreCurrentUserForTestAutomationIfNeededLocked(): ignoring because device doesn't support visible background users
07-04 04:39:28.773  1528  1766 I AiAiEcho: Predicting[0]:  [CONTEXT sampling_count=5 ]
07-04 04:39:28.774  1528  1766 I AiAiEcho: EchoTargets: 
07-04 04:39:28.774  1528  1766 I AiAiEcho: Filtered by AiAi flag check: 
07-04 04:39:28.774  1528  1766 I AiAiEcho: [CONTEXT ratelimit_period="10 SECONDS" ]
07-04 04:39:28.774   706   706 W IPCThreadState: Sending oneway calls to frozen process.
07-04 04:39:28.774   706   706 W IPCThreadState: Sending oneway calls to frozen process.
07-04 04:39:28.774  1528  1766 I AiAiEcho: #remoteViewsTwiddler: feature disabled.
07-04 04:39:28.774   706   706 W IPCThreadState: Sending oneway calls to frozen process.
07-04 04:39:28.774   706   706 W IPCThreadState: Sending oneway calls to frozen process.
07-04 04:39:28.774  1528  1766 I AiAiEcho: Predicting[0]:  [CONTEXT sampling_count=5 ]
07-04 04:39:28.774   706   706 W IPCThreadState: Sending oneway calls to frozen process.
07-04 04:39:28.774  1528  1766 I AiAiEcho: EchoTargets: 
07-04 04:39:28.774  1528  1766 I AiAiEcho: Filtered by AiAi flag check: 
07-04 04:39:28.774  1528  1766 I AiAiEcho: [CONTEXT ratelimit_period="10 SECONDS" ]
07-04 04:39:28.774   706   706 W IPCThreadState: Sending oneway calls to frozen process.
07-04 04:39:28.774  1528  1766 I AiAiEcho: #remoteViewsTwiddler: feature disabled.
07-04 04:39:28.774   706   706 W IPCThreadState: Sending oneway calls to frozen process.
07-04 04:39:28.774   706   706 W IPCThreadState: Sending oneway calls to frozen process.
07-04 04:39:28.774  1528  1766 I AiAiEcho: #postPredictionTargets: Sending updates to UISurface lockscreen with targets# 0 (types=[])
07-04 04:39:28.774   706   706 W IPCThreadState: Sending oneway calls to frozen process.
07-04 04:39:28.774   706   706 W IPCThreadState: Sending oneway calls to frozen process.
07-04 04:39:28.774  1528  1766 I AiAiEcho: #postPredictionTargets: Sending updates to UISurface home with targets# 0 (types=[])
07-04 04:39:28.774   706   706 W IPCThreadState: Sending oneway calls to frozen process.
07-04 04:39:28.775   706   706 W IPCThreadState: Sending oneway calls to frozen process.
07-04 04:39:28.775   706   706 W IPCThreadState: Sending oneway calls to frozen process.
07-04 04:39:28.775   706   706 W IPCThreadState: Sending oneway calls to frozen process.
07-04 04:39:28.775   706   706 W IPCThreadState: Sending oneway calls to frozen process.
07-04 04:39:28.775  1129  1129 D SsBaseTemplateCard: No text view can be set up
07-04 04:39:28.775  1129  1129 D SsBaseTemplateCard: Passed-in item info is null
07-04 04:39:28.776  1129  1129 D SsBaseTemplateCard: Passed-in item info is null
07-04 04:39:28.777  1129  1129 D SsBaseTemplateCard: Passed-in item info is null
07-04 04:39:28.777   967   967 W PageIndicator: Total number of pages invalid: 0. Assuming 1 page.
07-04 04:39:28.777  1129  1129 I SsBaseTemplateCard: Secondary card pane is null
07-04 04:39:28.777 19587 19596 W IPCThreadState: call to talkWithDriver in joinThreadPool returned error: -9 (Bad file descriptor), FD: -1
07-04 04:39:28.777   706   706 W IPCThreadState: Sending oneway calls to frozen process.
07-04 04:39:28.777   706   706 W IPCThreadState: Sending oneway calls to frozen process.
07-04 04:39:28.777 19587 19599 W IPCThreadState: call to talkWithDriver in joinThreadPool returned error: -9 (Bad file descriptor), FD: -1
07-04 04:39:28.778 19587 19587 D AndroidRuntime: Shutting down VM
07-04 04:39:28.778 19587 19595 W IPCThreadState: call to talkWithDriver in joinThreadPool returned error: -9 (Bad file descriptor), FD: -1
07-04 04:39:28.779   706   706 W IPCThreadState: Sending oneway calls to frozen process.
07-04 04:39:28.779   706   706 W IPCThreadState: Sending oneway calls to frozen process.
07-04 04:39:28.779   706   706 W IPCThreadState: Sending oneway calls to frozen process.
07-04 04:39:28.783   706   706 W IPCThreadState: Sending oneway calls to frozen process.
07-04 04:39:28.783   706   706 W IPCThreadState: Sending oneway calls to frozen process.
07-04 04:39:28.784   706   706 W IPCThreadState: Sending oneway calls to frozen process.
07-04 04:39:28.784   706   706 W IPCThreadState: Sending oneway calls to frozen process.
07-04 04:39:28.784   706   706 W IPCThreadState: Sending oneway calls to frozen process.
07-04 04:39:28.784   706   706 W IPCThreadState: Sending oneway calls to frozen process.
07-04 04:39:28.785   706   706 W IPCThreadState: Sending oneway calls to frozen process.
07-04 04:39:28.785   706   706 W IPCThreadState: Sending oneway calls to frozen process.
07-04 04:39:28.785   706   706 W IPCThreadState: Sending oneway calls to frozen process.
07-04 04:39:28.785   706   706 W IPCThreadState: Sending oneway calls to frozen process.
07-04 04:39:28.786   706   706 D BatterySaverPolicy: accessibility changed to false, updating policy.
07-04 04:39:29.542   706   877 D InetDiagMessage: Destroyed 0 sockets, proto=IPPROTO_TCP, family=AF_INET, states=14
07-04 04:39:29.543   706   877 D InetDiagMessage: Destroyed 0 sockets, proto=IPPROTO_TCP, family=AF_INET6, states=14
07-04 04:39:29.543   706   877 D InetDiagMessage: Destroyed live tcp sockets for uids={10159} in 2ms
07-04 04:39:29.544   706   877 D InetDiagMessage: Destroyed 0 sockets, proto=IPPROTO_TCP, family=AF_INET, states=14
07-04 04:39:29.544   706   877 D InetDiagMessage: Destroyed 0 sockets, proto=IPPROTO_TCP, family=AF_INET6, states=14
07-04 04:39:29.544   706   877 D InetDiagMessage: Destroyed live tcp sockets for uids={20159} in 0ms
07-04 04:39:29.682   706  2066 I ActivityManager: Force stopping com.tiarnanlarkin.danio appid=10217 user=0: from pid 19603
07-04 04:39:29.685   706  2066 I ActivityManager: Killing 19513:com.tiarnanlarkin.danio/u0a217 (adj 0): stop com.tiarnanlarkin.danio due to from pid 19603
07-04 04:39:29.687   706  2066 W ActivityTaskManager: Force removing ActivityRecord{64430518 u0 com.tiarnanlarkin.danio/.MainActivity t66 f}}: app died, no saved state
07-04 04:39:29.689   967  1045 V WindowManagerShell: Transition requested (#175): android.os.BinderProxy@9005f90 TransitionRequestInfo { type = CLOSE, triggerTask = TaskInfo{userId=0 taskId=66 effectiveUid=10217 displayId=0 isRunning=false baseIntent=Intent { act=android.intent.action.VIEW dat=danio://qa/... flg=0x10000000 pkg=com.tiarnanlarkin.danio cmp=com.tiarnanlarkin.danio/.MainActivity } baseActivity=null topActivity=null origActivity=null realActivity=ComponentInfo{com.tiarnanlarkin.danio/com.tiarnanlarkin.danio.MainActivity} numActivities=0 lastActiveTime=13877406 supportsMultiWindow=true resizeMode=1 isResizeable=true minWidth=-1 minHeight=-1 defaultMinSize=220 token=WCT{android.window.IWindowContainerToken$Stub$Proxy@ba6c089} topActivityType=1 pictureInPictureParams=null shouldDockBigOverlays=false launchIntoPipHostTaskId=-1 lastParentTaskIdBeforePip=-1 displayCutoutSafeInsets=Rect(0, 0 - 0, 0) topActivityInfo=null launchCookies=[] positionInParent=Point(0, 0) parentTaskId=-1 isFocused=true isVisible=true isVisibleRequested=true isTopActivityNoDisplay=false isSleeping=false locusId=null displayAreaFeatureId=1 isTopActivityTransparent=false isActivityStackTransparent=true lastNonFullscreenBounds=Rect(892, 102 - 1668, 1482) capturedLink=null capturedLinkTimestamp=0 requestedVisibleTypes=-9 topActivityRequestOpenInBrowserEducationTimestamp=0 appCompatTaskInfo=AppCompatTaskInfo { topActivityInSizeCompat=false eligibleForLetterboxEducation= false isLetterboxEducationEnabled= false isLetterboxDoubleTapEnabled= false eligibleForUserAspectRatioButton= false topActivityBoundsLetterboxed= false isFromLetterboxDoubleTap= false topActivityLetterboxVerticalPosition= -1 topActivityLetterboxHorizontalPosition= -1 topActivityLetterboxWidth=-1 topActivityLetterboxHeight=-1 topActivityAppBounds=Rect(0, 0 - 0, 0) isUserFullscreenOverrideEnabled=false isSystemFullscreenOverrideEnabled=false hasMinAspectRatioOverride=false topActivityLetterboxBounds=null cameraCompatTaskInfo=CameraCompatTaskInfo { freeformCameraCompatMode=undefined}} topActivityMainWindowFrame=null}, pipChange = null, remoteTransition = null, displayChange = null, flags = 0, debugId = 175 }
07-04 04:39:29.689   706   877 D InetDiagMessage: Destroyed 0 sockets, proto=IPPROTO_TCP, family=AF_INET, states=14
07-04 04:39:29.690   706   877 D InetDiagMessage: Destroyed 0 sockets, proto=IPPROTO_TCP, family=AF_INET6, states=14
07-04 04:39:29.690   706   877 D InetDiagMessage: Destroyed live tcp sockets for uids={10217} in 1ms
07-04 04:39:29.690   706   877 D InetDiagMessage: Destroyed 0 sockets, proto=IPPROTO_TCP, family=AF_INET, states=14
07-04 04:39:29.691   706   877 D InetDiagMessage: Destroyed 0 sockets, proto=IPPROTO_TCP, family=AF_INET6, states=14
07-04 04:39:29.691   706   877 D InetDiagMessage: Destroyed live tcp sockets for uids={20217} in 1ms
07-04 04:39:29.695   706   926 D BackgroundInstallControlService: Package event received: 0
07-04 04:39:29.699   558   824 I BpBinder: onLastStrongRef automatically unlinking death recipients: 
07-04 04:39:29.702  1129  1129 D ViewRootImpl: Skipping stats log for color mode
07-04 04:39:29.704  1129  1129 D StatsLog: LAUNCHER_ONRESUME
07-04 04:39:29.706   481   521 I netd    : tetherGetStats() -> {[]} <0.32ms>
07-04 04:39:29.706   706   926 D BackgroundInstallControlService: Package event received: 0
07-04 04:39:29.706   706   926 D BackgroundInstallControlService: Package event received: 0
07-04 04:39:29.708   706  2067 I AppWidgetServiceImpl: startListening() 0
07-04 04:39:29.709   558   558 I BpBinder: onLastStrongRef automatically unlinking death recipients: 
07-04 04:39:29.710  1129  1129 D NexusLauncherModelDelegate: notifySmartspaceEvent: SmartspaceTargetEvent{mSmartspaceTarget=null, mSmartspaceActionId='null', mEventType=6}
07-04 04:39:29.712   706  2116 I AppWidgetServiceImpl: startListening() 0
07-04 04:39:29.714   706  2066 W IPCThreadState: Sending oneway calls to frozen process.
07-04 04:39:29.714   706   826 W InputDispatcher: channel '6c7d50 com.tiarnanlarkin.danio/com.tiarnanlarkin.danio.MainActivity' ~ Consumer closed input channel or an error occurred.  events=0x9
07-04 04:39:29.714   967  1045 D WindowManagerShell: setLauncherKeepClearAreaHeight: visible=true, height=202
07-04 04:39:29.714   706   826 E InputDispatcher: channel '6c7d50 com.tiarnanlarkin.danio/com.tiarnanlarkin.danio.MainActivity' ~ Channel is unrecoverably broken and will be disposed!
07-04 04:39:29.715   706  1659 I ImeTracker: com.tiarnanlarkin.danio:fd7323d4: onRequestHide at ORIGIN_SERVER reason HIDE_REMOVE_CLIENT fromUser false
07-04 04:39:29.717   706  2066 W IPCThreadState: Sending oneway calls to frozen process.
07-04 04:39:29.718   706  2066 W IPCThreadState: Sending oneway calls to frozen process.
07-04 04:39:29.719   706  2066 W IPCThreadState: Sending oneway calls to frozen process.
07-04 04:39:29.719   706  2066 W IPCThreadState: Sending oneway calls to frozen process.
07-04 04:39:29.719   566   566 I adbd    : Remote process closed the socket (on MSG_PEEK)
07-04 04:39:29.719   706   877 D ConnectivityService: releasing NetworkRequest [ REQUEST id=353, [ Capabilities: INTERNET&NOT_RESTRICTED&TRUSTED&NOT_VCN_MANAGED&NOT_BANDWIDTH_CONSTRAINED Uid: 10217 RequestorUid: 10217 RequestorPkg: com.tiarnanlarkin.danio UnderlyingNetworks: Null] ] (release request)
07-04 04:39:29.720   706  1659 I ImeTracker: com.tiarnanlarkin.danio:fd7323d4: onCancelled at PHASE_SERVER_SHOULD_HIDE
07-04 04:39:29.721   706  2066 W IPCThreadState: Sending oneway calls to frozen process.
07-04 04:39:29.721   706  2066 W IPCThreadState: Sending oneway calls to frozen process.
07-04 04:39:29.721   484   484 I Zygote  : Process 19513 exited due to signal 9 (Killed)
07-04 04:39:29.721   706  2066 W IPCThreadState: Sending oneway calls to frozen process.
07-04 04:39:29.721   706  2066 W IPCThreadState: Sending oneway calls to frozen process.
07-04 04:39:29.722   706  2066 W IPCThreadState: Sending oneway calls to frozen process.
07-04 04:39:29.722   706   826 I WindowManager: WINDOW DIED Window{6c7d50 u0 com.tiarnanlarkin.danio/com.tiarnanlarkin.danio.MainActivity}
07-04 04:39:29.722   706  2066 W IPCThreadState: Sending oneway calls to frozen process.
07-04 04:39:29.723   706  2066 W IPCThreadState: Sending oneway calls to frozen process.
07-04 04:39:29.723   706  2066 W IPCThreadState: Sending oneway calls to frozen process.
07-04 04:39:29.725  1129  1167 D QuickstepModelDelegate: notifyAppTargetEvent action=1 launchLocation=workspace/0/[-1,-1]/[1,1]
07-04 04:39:29.725   706  2066 W IPCThreadState: Sending oneway calls to frozen process.
07-04 04:39:29.726   706  2063 I WindowManager: WIN DEATH: Window{6c7d50 u0 com.tiarnanlarkin.danio/com.tiarnanlarkin.danio.MainActivity EXITING}
07-04 04:39:29.727   706  2066 W IPCThreadState: Sending oneway calls to frozen process.
07-04 04:39:29.727   706  2066 W IPCThreadState: Sending oneway calls to frozen process.
07-04 04:39:29.727   706  2066 W IPCThreadState: Sending oneway calls to frozen process.
07-04 04:39:29.728   706  2066 W IPCThreadState: Sending oneway calls to frozen process.
07-04 04:39:29.729   706  2066 W IPCThreadState: Sending oneway calls to frozen process.
07-04 04:39:29.729   706  2066 W IPCThreadState: Sending oneway calls to frozen process.
07-04 04:39:29.729   706  2066 W IPCThreadState: Sending oneway calls to frozen process.
07-04 04:39:29.729   706  2066 W IPCThreadState: Sending oneway calls to frozen process.
07-04 04:39:29.729   706  2066 W IPCThreadState: Sending oneway calls to frozen process.
07-04 04:39:29.729   706  2066 W IPCThreadState: Sending oneway calls to frozen process.
07-04 04:39:29.733   706  2066 W IPCThreadState: Sending oneway calls to frozen process.
07-04 04:39:29.733   706  2066 W IPCThreadState: Sending oneway calls to frozen process.
07-04 04:39:29.733   706  2066 W IPCThreadState: Sending oneway calls to frozen process.
07-04 04:39:29.733   706  2066 W IPCThreadState: Sending oneway calls to frozen process.
07-04 04:39:29.734   706  2066 W IPCThreadState: Sending oneway calls to frozen process.
07-04 04:39:29.734   706  2066 W IPCThreadState: Sending oneway calls to frozen process.
07-04 04:39:29.734   706  2066 W IPCThreadState: Sending oneway calls to frozen process.
07-04 04:39:29.734   706  2066 W IPCThreadState: Sending oneway calls to frozen process.
07-04 04:39:29.735   706   745 I libprocessgroup: Removed cgroup /sys/fs/cgroup/apps/uid_10217/pid_19513
07-04 04:39:29.736   706  2066 W IPCThreadState: Sending oneway calls to frozen process.
07-04 04:39:29.737   706  2066 W IPCThreadState: Sending oneway calls to frozen process.
07-04 04:39:29.737   706  2066 W IPCThreadState: Sending oneway calls to frozen process.
07-04 04:39:29.739   706  2066 W IPCThreadState: Sending oneway calls to frozen process.
07-04 04:39:29.739   706  2066 W IPCThreadState: Sending oneway calls to frozen process.
07-04 04:39:29.740   706  2066 W IPCThreadState: Sending oneway calls to frozen process.
07-04 04:39:29.741   706  2066 W IPCThreadState: Sending oneway calls to frozen process.
07-04 04:39:29.741   706  2066 W IPCThreadState: Sending oneway calls to frozen process.
07-04 04:39:29.742   706  2066 W IPCThreadState: Sending oneway calls to frozen process.
07-04 04:39:29.742   706  2066 W IPCThreadState: Sending oneway calls to frozen process.
07-04 04:39:29.742   706  2066 W IPCThreadState: Sending oneway calls to frozen process.
07-04 04:39:29.742   706  2066 W IPCThreadState: Sending oneway calls to frozen process.
07-04 04:39:29.742   706  2066 W IPCThreadState: Sending oneway calls to frozen process.
07-04 04:39:29.742   706  2066 W IPCThreadState: Sending oneway calls to frozen process.
07-04 04:39:29.743   706  2066 W IPCThreadState: Sending oneway calls to frozen process.
07-04 04:39:29.743   706  2066 W IPCThreadState: Sending oneway calls to frozen process.
07-04 04:39:29.743   706  2066 W IPCThreadState: Sending oneway calls to frozen process.
07-04 04:39:29.743   706  2066 W IPCThreadState: Sending oneway calls to frozen process.
07-04 04:39:29.749  1129  1129 D BaseDepthController: setSurface:
07-04 04:39:29.749  1129  1129 D BaseDepthController: 	mWaitingOnSurfaceValidity: false
07-04 04:39:29.749  1129  1129 D BaseDepthController: 	mBaseSurface: Surface(name=com.google.android.apps.nexuslauncher/com.google.android.apps.nexuslauncher.NexusLauncherActivity)/@0x3030825
07-04 04:39:29.750   706  2066 I AppsFilter: interaction: PackageSetting{bd29363 com.android.microdroid.empty_payload/10194} -> PackageSetting{c53c51e com.tiarnanlarkin.danio/10217} BLOCKED
07-04 04:39:29.752  1528  1766 I AiAiEcho: Predicting[0]:  [CONTEXT sampling_count=5 ]
07-04 04:39:29.752  1528  1766 I AiAiEcho: EchoTargets: 
07-04 04:39:29.752  1528  1766 I AiAiEcho: Filtered by AiAi flag check: 
07-04 04:39:29.752  1528  1766 I AiAiEcho: [CONTEXT ratelimit_period="10 SECONDS" ]
07-04 04:39:29.752  1528  1766 I AiAiEcho: #remoteViewsTwiddler: feature disabled.
07-04 04:39:29.753  1528  1766 I AiAiEcho: #postPredictionTargets: Sending updates to UISurface home with targets# 0 (types=[])
07-04 04:39:29.767   706   836 I system_server: AssetManager2(0x749911601bb8) locale list changing from [] to [en-US]
07-04 04:39:29.769   706   737 W ActivityManager: setHasOverlayUi called on unknown pid: 19513
07-04 04:39:29.770   706  2067 V ActivityManager: Got obituary of 19513:com.tiarnanlarkin.danio
07-04 04:39:29.775   706   737 V WindowManager: Unknown focus tokens, dropping reportFocusChanged
07-04 04:39:29.780   706   836 I system_server: AssetManager2(0x7499115fb498) locale list changing from [] to [en-US]
07-04 04:39:29.782   706   738 W ActivityTaskManager: Unable to send transaction to client proc com.tiarnanlarkin.danio: no app thread
07-04 04:39:29.786  1121  1121 D CarrierSvcBindHelper: onHandleForceStop: [com.tiarnanlarkin.danio]
07-04 04:39:29.788  1121  1121 D CarrierSvcBindHelper: No carrier app for: 0
07-04 04:39:29.789   706   906 I AppWidgetServiceImpl: Received broadcast: android.intent.action.PACKAGE_RESTARTED on user 0
07-04 04:39:29.790   706   906 I AppWidgetServiceImpl: Updating package stopped masked state for uid 10217 package com.tiarnanlarkin.danio isStopped true
07-04 04:39:29.843  1129  1129 I NotificationListener: Handling notification state refresh for com.android.systemui#0
07-04 04:39:29.843  1129  1129 I NotificationListener: Handling notification state refresh for android#0
07-04 04:39:29.844  1129  1129 D SsBaseTemplateCard: No text view can be set up
07-04 04:39:29.844  1129  1129 D SsBaseTemplateCard: Passed-in item info is null
07-04 04:39:29.844  1129  1129 D SsBaseTemplateCard: Passed-in item info is null
07-04 04:39:29.844  1129  1129 D SsBaseTemplateCard: Passed-in item info is null
07-04 04:39:29.844  1129  1129 I SsBaseTemplateCard: Secondary card pane is null
07-04 04:39:29.854   967  1453 V WindowManagerShell: onTransitionReady(transaction=3032246923862)
07-04 04:39:29.856   967  1045 V WindowManagerShell: onTransitionReady (#175) android.os.BinderProxy@9005f90: {id=175 t=CLOSE f=0x0 trk=0 r=[0@Point(0, 0)] c=[
07-04 04:39:29.856   967  1045 V WindowManagerShell:         {m=TO_FRONT f=SHOW_WALLPAPER|MOVE_TO_TOP leash=Surface(name=Task=1)/@0x3c578af sb=Rect(0, 0 - 2560, 1600) eb=Rect(0, 0 - 2560, 1600) epz=Point(2560, 1600) d=0 taskParent=-1},
07-04 04:39:29.856   967  1045 V WindowManagerShell:         {m=CLOSE f=NONE leash=Surface(name=Task=66)/@0xc33e4bc sb=Rect(0, 0 - 2560, 1600) eb=Rect(0, 0 - 2560, 1600) epz=Point(2560, 1600) d=0 taskParent=-1},
07-04 04:39:29.856   967  1045 V WindowManagerShell:         {m=TO_FRONT f=IS_WALLPAPER leash=Surface(name=WallpaperWindowToken{ac4515e showWhenLocked=false})/@0x731dc45 sb=Rect(0, 0 - 2560, 1600) eb=Rect(0, 0 - 2560, 1600) epz=Point(2560, 1600) d=0}
07-04 04:39:29.856   967  1045 V WindowManagerShell:     ]}
07-04 04:39:29.856   967  1045 V WindowManagerShell: Playing animation for (#175) android.os.BinderProxy@9005f90@0
07-04 04:39:29.856   967  1045 V ShellRecents: RecentsTransitionHandler.startAnimation: no controller found
07-04 04:39:29.856   967  1045 V WindowManagerShell: Transition doesn't have explicit remote, search filters for match for {id=175 t=CLOSE f=0x0 trk=0 r=[0@Point(0, 0)] c=[{m=TO_FRONT f=SHOW_WALLPAPER|MOVE_TO_TOP leash=Surface(name=Task=1)/@0x3c578af sb=Rect(0, 0 - 2560, 1600) eb=Rect(0, 0 - 2560, 1600) epz=Point(2560, 1600) d=0 taskParent=-1},{m=CLOSE f=NONE leash=Surface(name=Task=66)/@0xc33e4bc sb=Rect(0, 0 - 2560, 1600) eb=Rect(0, 0 - 2560, 1600) epz=Point(2560, 1600) d=0 taskParent=-1},{m=TO_FRONT f=IS_WALLPAPER leash=Surface(name=WallpaperWindowToken{ac4515e showWhenLocked=false})/@0x731dc45 sb=Rect(0, 0 - 2560, 1600) eb=Rect(0, 0 - 2560, 1600) epz=Point(2560, 1600) d=0}]}
07-04 04:39:29.856   967  1045 V WindowManagerShell:  Checking filter Pair{{types=[] flags=0x0] notFlags=0x0 checks=[{atype=undefined independent=true modes=[CLOSE,TO_BACK] flags=IN_TASK_WITH_EMBEDDED_ACTIVITY mustBeTask=false order=ANY topActivity=null launchCookie=null taskFragmentToken=android.os.BinderProxy@fd88b14 windowingMode=undefined}]} RemoteTransition { remoteTransition = android.window.IRemoteTransition$Stub$Proxy@f0b7fbd, appThread = android.app.IApplicationThread$Stub$Proxy@1ff29b2, debugName = overlayBackTransition }}
07-04 04:39:29.856   967  1045 V WindowManagerShell:  Checking filter Pair{{types=[] flags=0x0] notFlags=0x0 checks=[{atype=dream independent=true modes=[OPEN,TO_FRONT] flags=NONE mustBeTask=false order=ANY topActivity=null launchCookie=null windowingMode=undefined},{atype=home independent=true modes=[CLOSE,TO_BACK] flags=NONE mustBeTask=false order=ANY topActivity=null launchCookie=null windowingMode=undefined}]} RemoteTransition { remoteTransition = android.window.IRemoteTransition$Stub$Proxy@a052d03, appThread = android.app.IApplicationThread$Stub$Proxy@b3d4480, debugName = LauncherToDream }}
07-04 04:39:29.857   967  1045 V WindowManagerShell:  Checking filter Pair{{types=[] flags=0x0] notFlags=0x100 checks=[{atype=home independent=true modes=[OPEN,TO_FRONT] flags=NONE mustBeTask=false order=TOP topActivity=ComponentInfo{com.google.android.apps.nexuslauncher/com.google.android.apps.nexuslauncher.NexusLauncherActivity} launchCookie=null windowingMode=undefined},{atype=standard independent=true modes=[CLOSE,TO_BACK] flags=NONE mustBeTask=false order=ANY topActivity=null launchCookie=null windowingMode=undefined},{NOT atype=undefined independent=true modes=[] flags=NONE mustBeTask=true order=ANY topActivity=null launchCookie=null customAnim=true windowingMode=undefined}]} RemoteTransition { remoteTransition = android.window.IRemoteTransition$Stub$Proxy@ef55ab9, appThread = android.app.IApplicationThread$Stub$Proxy@4322efe, debugName = QuickstepLaunchHome }}
07-04 04:39:29.857   967  1045 D RemoteTransitionHandler: Found filterPair{{types=[] flags=0x0] notFlags=0x100 checks=[{atype=home independent=true modes=[OPEN,TO_FRONT] flags=NONE mustBeTask=false order=TOP topActivity=ComponentInfo{com.google.android.apps.nexuslauncher/com.google.android.apps.nexuslauncher.NexusLauncherActivity} launchCookie=null windowingMode=undefined},{atype=standard independent=true modes=[CLOSE,TO_BACK] flags=NONE mustBeTask=false order=ANY topActivity=null launchCookie=null windowingMode=undefined},{NOT atype=undefined independent=true modes=[] flags=NONE mustBeTask=true order=ANY topActivity=null launchCookie=null customAnim=true windowingMode=undefined}]} RemoteTransition { remoteTransition = android.window.IRemoteTransition$Stub$Proxy@ef55ab9, appThread = android.app.IApplicationThread$Stub$Proxy@4322efe, debugName = QuickstepLaunchHome }}
07-04 04:39:29.858   967  1045 V WindowManagerShell:  Delegate animation for (#175) to RemoteTransition { remoteTransition = android.window.IRemoteTransition$Stub$Proxy@ef55ab9, appThread = android.app.IApplicationThread$Stub$Proxy@4322efe, debugName = QuickstepLaunchHome }
07-04 04:39:29.867   558   824 I BpBinder: onLastStrongRef automatically unlinking death recipients: 
07-04 04:39:29.870  1129  1129 D StateManager: createAtomicAnimation - fromState: Background, toState: Normal, partial trace:
07-04 04:39:29.870  1129  1129 D StateManager: 	at com.android.quickstep.util.WorkspaceRevealAnim.prepareToAnimate(go/retraceme 43e00d9cd0eb17b3d9dd30fc1741b1c71445c4c0f7c8c9b81300265c86c5b873:22)
07-04 04:39:29.870  1129  1129 D StateManager: 	at com.android.quickstep.util.WorkspaceRevealAnim.<init>(go/retraceme 43e00d9cd0eb17b3d9dd30fc1741b1c71445c4c0f7c8c9b81300265c86c5b873:11)
07-04 04:39:29.870  1129  1129 D StateManager: 	at com.android.launcher3.QuickstepTransitionManager.createWallpaperOpenAnimations(go/retraceme 43e00d9cd0eb17b3d9dd30fc1741b1c71445c4c0f7c8c9b81300265c86c5b873:339)
07-04 04:39:29.874  1129  1129 D b/311077782: LauncherAnimationRunner.setAnimation
07-04 04:39:29.897   706   734 V WindowManager: Sent Transition (#175) createdAt=07-04 04:39:29.688 via request=TransitionRequestInfo { type = CLOSE, triggerTask = TaskInfo{userId=0 taskId=66 effectiveUid=10217 displayId=0 isRunning=false baseIntent=Intent { act=android.intent.action.VIEW dat=danio://qa/... flg=0x10000000 pkg=com.tiarnanlarkin.danio cmp=com.tiarnanlarkin.danio/.MainActivity } baseActivity=null topActivity=null origActivity=null realActivity=ComponentInfo{com.tiarnanlarkin.danio/com.tiarnanlarkin.danio.MainActivity} numActivities=0 lastActiveTime=13877406 supportsMultiWindow=true resizeMode=1 isResizeable=true minWidth=-1 minHeight=-1 defaultMinSize=220 token=WCT{RemoteToken{8de1c4a Task{7a2feb7 #66 type=standard I=com.tiarnanlarkin.danio/.MainActivity}}} topActivityType=1 pictureInPictureParams=null shouldDockBigOverlays=false launchIntoPipHostTaskId=-1 lastParentTaskIdBeforePip=-1 displayCutoutSafeInsets=Rect(0, 0 - 0, 0) topActivityInfo=null launchCookies=[] positionInParent=Point(0, 0) parentTaskId=-1 isFocused=true isVisible=true isVisibleRequested=true isTopActivityNoDisplay=false isSleeping=false locusId=null displayAreaFeatureId=1 isTopActivityTransparent=false isActivityStackTransparent=true lastNonFullscreenBounds=Rect(892, 102 - 1668, 1482) capturedLink=null capturedLinkTimestamp=0 requestedVisibleTypes=-9 topActivityRequestOpenInBrowserEducationTimestamp=0 appCompatTaskInfo=AppCompatTaskInfo { topActivityInSizeCompat=false eligibleForLetterboxEducation= false isLetterboxEducationEnabled= false isLetterboxDoubleTapEnabled= false eligibleForUserAspectRatioButton= false topActivityBoundsLetterboxed= false isFromLetterboxDoubleTap= false topActivityLetterboxVerticalPosition= -1 topActivityLetterboxHorizontalPosition= -1 topActivityLetterboxWidth=-1 topActivityLetterboxHeight=-1 topActivityAppBounds=Rect(0, 0 - 0, 0) isUserFullscreenOverrideEnabled=false isSystemFullscreenOverrideEnabled=false hasMinAspectRatioOverride=false topActivityLetterboxBounds=null cameraCompatTaskInfo=CameraCompatTaskInfo { freeformCameraCompatMode=undefined}} topActivityMainWindowFrame=null}, pipChange = null, remoteTransition = null, displayChange = null, flags = 0, debugId = 175 }
07-04 04:39:29.897   706   734 V WindowManager:     startWCT=WindowContainerTransaction { changes= {} hops= [] errorCallbackToken=null taskFragmentOrganizer=null }
07-04 04:39:29.897   706   734 V WindowManager:     info={id=175 t=CLOSE f=0x0 trk=0 r=[0@Point(0, 0)] c=[
07-04 04:39:29.897   706   734 V WindowManager:         {WCT{RemoteToken{ea4a97b Task{8157c82 #1 type=home}}} m=TO_FRONT f=SHOW_WALLPAPER|MOVE_TO_TOP leash=Surface(name=Task=1)/@0xc5ac2f0 sb=Rect(0, 0 - 2560, 1600) eb=Rect(0, 0 - 2560, 1600) epz=Point(2560, 1600) d=0 taskParent=-1},
07-04 04:39:29.897   706   734 V WindowManager:         {WCT{RemoteToken{8de1c4a Task{7a2feb7 #66 type=standard I=com.tiarnanlarkin.danio/.MainActivity}}} m=CLOSE f=NONE leash=Surface(name=Task=66)/@0xe26a5ec sb=Rect(0, 0 - 2560, 1600) eb=Rect(0, 0 - 2560, 1600) epz=Point(2560, 1600) d=0 taskParent=-1},
07-04 04:39:29.897   706   734 V WindowManager:         {m=TO_FRONT f=IS_WALLPAPER leash=Surface(name=WallpaperWindowToken{ac4515e showWhenLocked=false})/@0x8f059b2 sb=Rect(0, 0 - 2560, 1600) eb=Rect(0, 0 - 2560, 1600) epz=Point(2560, 1600) d=0}
07-04 04:39:29.897   706   734 V WindowManager:     ]}
07-04 04:39:29.901   706  2119 W ActivityTaskManager: callingPackage for (uid=2000, pid=19609) has no WPC
07-04 04:39:29.902   706  2119 V GrammaticalInflectionUtils: AttributionSource: AttributionSource { uid = 10217, packageName = null, attributionTag = null, token = android.os.Binder@a09104d, deviceId = 0, next = null } does not have READ_SYSTEM_GRAMMATICAL_GENDER permission.
07-04 04:39:29.903   706  2119 W OptProp : Cannot read opt property android.window.PROPERTY_COMPAT_ALLOW_USER_ASPECT_RATIO_OVERRIDE
07-04 04:39:29.903   967  1045 V WindowManagerShell:  animated by com.android.wm.shell.transition.RemoteTransitionHandler@a23965f
07-04 04:39:29.903   706  2119 W OptProp : Cannot read opt property android.window.PROPERTY_COMPAT_ALLOW_USER_ASPECT_RATIO_FULLSCREEN_OVERRIDE
07-04 04:39:29.903   706  2119 W OptProp : Cannot read opt property android.window.PROPERTY_COMPAT_ALLOW_RESIZEABLE_ACTIVITY_OVERRIDES
07-04 04:39:29.903   967  1045 W Looper  : Slow dispatch took 47ms wmshell.main app=com.android.systemui main=false group=FOREGROUND h=android.os.Handler c=com.android.wm.shell.transition.Transitions$TransitionPlayerImpl$$ExternalSyntheticLambda0@8e47b66 m=0
07-04 04:39:29.903   706  2119 W OptProp : Cannot read opt property android.window.PROPERTY_COMPAT_ALLOW_MIN_ASPECT_RATIO_OVERRIDE
07-04 04:39:29.906   706  2119 W OptProp : Cannot read opt property android.window.PROPERTY_COMPAT_ALLOW_ORIENTATION_OVERRIDE
07-04 04:39:29.911   706  2119 I ActivityTaskManager: START u0 {act=android.intent.action.VIEW dat=danio://qa/... flg=0x10000000 xflg=0x4 pkg=com.tiarnanlarkin.danio cmp=com.tiarnanlarkin.danio/.MainActivity} with LAUNCH_SINGLE_TOP from uid 2000 (BAL_ALLOW_PERMISSION) result code=0
07-04 04:39:29.912   967  1045 V WindowManagerShell: Transition requested (#176): android.os.BinderProxy@f2ce7f2 TransitionRequestInfo { type = OPEN, triggerTask = TaskInfo{userId=0 taskId=67 effectiveUid=10217 displayId=0 isRunning=true baseIntent=Intent { act=android.intent.action.VIEW dat=danio://qa/... flg=0x10000000 pkg=com.tiarnanlarkin.danio cmp=com.tiarnanlarkin.danio/.MainActivity } baseActivity=ComponentInfo{com.tiarnanlarkin.danio/com.tiarnanlarkin.danio.MainActivity} topActivity=ComponentInfo{com.tiarnanlarkin.danio/com.tiarnanlarkin.danio.MainActivity} origActivity=null realActivity=ComponentInfo{com.tiarnanlarkin.danio/com.tiarnanlarkin.danio.MainActivity} numActivities=1 lastActiveTime=13889442 supportsMultiWindow=true resizeMode=1 isResizeable=true minWidth=-1 minHeight=-1 defaultMinSize=220 token=WCT{android.window.IWindowContainerToken$Stub$Proxy@bf6ae43} topActivityType=1 pictureInPictureParams=null shouldDockBigOverlays=false launchIntoPipHostTaskId=-1 lastParentTaskIdBeforePip=-1 displayCutoutSafeInsets=Rect(0, 0 - 0, 0) topActivityInfo=ActivityInfo{bf2ccc0 com.tiarnanlarkin.danio.MainActivity} launchCookies=[] positionInParent=Point(0, 0) parentTaskId=-1 isFocused=false isVisible=false isVisibleRequested=false isTopActivityNoDisplay=false isSleeping=false locusId=null displayAreaFeatureId=1 isTopActivityTransparent=false isActivityStackTransparent=false lastNonFullscreenBounds=Rect(892, 102 - 1668, 1482) capturedLink=null capturedLinkTimestamp=0 requestedVisibleTypes=-9 topActivityRequestOpenInBrowserEducationTimestamp=0 appCompatTaskInfo=AppCompatTaskInfo { topActivityInSizeCompat=false eligibleForLetterboxEducation= false isLetterboxEducationEnabled= true isLetterboxDoubleTapEnabled= false eligibleForUserAspectRatioButton= true topActivityBoundsLetterboxed= false isFromLetterboxDoubleTap= false topActivityLetterboxVerticalPosition= -1 topActivityLetterboxHorizontalPosition= -1 topActivityLetterboxWidth=-1 topActivityLetterboxHeight=-1 topActivityAppBounds=Rect(0, 0 - 2560, 1600) isUserFullscreenOverrideEnabled=false isSystemFullscreenOverrideEnabled=false hasMinAspectRatioOverride=false topActivityLetterboxBounds=null cameraCompatTaskInfo=CameraCompatTaskInfo { freeformCameraCompatMode=inactive}} topActivityMainWindowFrame=null}, pipChange = null, remoteTransition = null, displayChange = null, flags = 0, debugId = 176 }
07-04 04:39:29.912   967  1045 D ShellSplitScreen: logExit: no-op, mLoggerSessionId is null
07-04 04:39:29.916   706  2066 D CompatChangeReporter: Compat change id reported: 377864165; UID 10217; state: ENABLED
