07-04 01:20:17.320   706   706 W IPCThreadState: Sending oneway calls to frozen process.
07-04 01:20:17.321   706   706 W IPCThreadState: Sending oneway calls to frozen process.
07-04 01:20:17.321   706   706 W IPCThreadState: Sending oneway calls to frozen process.
07-04 01:20:17.321  1528  1937 I AiAiEcho: Settings changed for uri: content://settings/secure/accessibility_enabled
07-04 01:20:17.321   706   706 W IPCThreadState: Sending oneway calls to frozen process.
07-04 01:20:17.321   706   706 W IPCThreadState: Sending oneway calls to frozen process.
07-04 01:20:17.321   706   706 W IPCThreadState: Sending oneway calls to frozen process.
07-04 01:20:17.322   706   706 W IPCThreadState: Sending oneway calls to frozen process.
07-04 01:20:17.322   706   706 W IPCThreadState: Sending oneway calls to frozen process.
07-04 01:20:17.322   706   706 W IPCThreadState: Sending oneway calls to frozen process.
07-04 01:20:17.322  1528  1766 I AiAiEcho: Predicting[0]:  [CONTEXT sampling_count=5 ]
07-04 01:20:17.323   706   706 W IPCThreadState: Sending oneway calls to frozen process.
07-04 01:20:17.323  1528  1766 I AiAiEcho: EchoTargets: 
07-04 01:20:17.323  1528  1766 I AiAiEcho: Filtered by AiAi flag check: 
07-04 01:20:17.323  1528  1766 I AiAiEcho: [CONTEXT ratelimit_period="10 SECONDS" ]
07-04 01:20:17.323   706   706 W IPCThreadState: Sending oneway calls to frozen process.
07-04 01:20:17.323   706   706 W IPCThreadState: Sending oneway calls to frozen process.
07-04 01:20:17.323   706   706 W IPCThreadState: Sending oneway calls to frozen process.
07-04 01:20:17.324  1528  1766 I AiAiEcho: #remoteViewsTwiddler: feature disabled.
07-04 01:20:17.324   706   706 W IPCThreadState: Sending oneway calls to frozen process.
07-04 01:20:17.324   706   706 W IPCThreadState: Sending oneway calls to frozen process.
07-04 01:20:17.325   706   706 W IPCThreadState: Sending oneway calls to frozen process.
07-04 01:20:17.325   706   706 W IPCThreadState: Sending oneway calls to frozen process.
07-04 01:20:17.325   706   706 W IPCThreadState: Sending oneway calls to frozen process.
07-04 01:20:17.325   706   706 W IPCThreadState: Sending oneway calls to frozen process.
07-04 01:20:17.325   706   706 W IPCThreadState: Sending oneway calls to frozen process.
07-04 01:20:17.325   706   706 W IPCThreadState: Sending oneway calls to frozen process.
07-04 01:20:17.326   706   706 W IPCThreadState: Sending oneway calls to frozen process.
07-04 01:20:17.326   706   706 W IPCThreadState: Sending oneway calls to frozen process.
07-04 01:20:17.326   706   706 W IPCThreadState: Sending oneway calls to frozen process.
07-04 01:20:17.326   706   706 W IPCThreadState: Sending oneway calls to frozen process.
07-04 01:20:17.326   706   706 W IPCThreadState: Sending oneway calls to frozen process.
07-04 01:20:17.326   706   706 W IPCThreadState: Sending oneway calls to frozen process.
07-04 01:20:17.327   706   706 W IPCThreadState: Sending oneway calls to frozen process.
07-04 01:20:17.329   706   706 W IPCThreadState: Sending oneway calls to frozen process.
07-04 01:20:17.330   706   706 W IPCThreadState: Sending oneway calls to frozen process.
07-04 01:20:17.330   706   706 W IPCThreadState: Sending oneway calls to frozen process.
07-04 01:20:17.330   706   706 W IPCThreadState: Sending oneway calls to frozen process.
07-04 01:20:17.330   706   706 W IPCThreadState: Sending oneway calls to frozen process.
07-04 01:20:17.330   706   706 D BatterySaverPolicy: accessibility changed to true, updating policy.
07-04 01:20:17.331  1528  1766 I AiAiEcho: Predicting[0]:  [CONTEXT sampling_count=5 ]
07-04 01:20:17.331  1528  1766 I AiAiEcho: EchoTargets: 
07-04 01:20:17.331  1528  1766 I AiAiEcho: Filtered by AiAi flag check: 
07-04 01:20:17.331  1528  1766 I AiAiEcho: [CONTEXT ratelimit_period="10 SECONDS" ]
07-04 01:20:17.331  1528  1766 I AiAiEcho: #remoteViewsTwiddler: feature disabled.
07-04 01:20:17.332  1528  1766 I AiAiEcho: #postPredictionTargets: Sending updates to UISurface lockscreen with targets# 0 (types=[])
07-04 01:20:17.332  1528  1766 I AiAiEcho: #postPredictionTargets: Sending updates to UISurface home with targets# 0 (types=[])
07-04 01:20:17.333   967   967 W PageIndicator: Total number of pages invalid: 0. Assuming 1 page.
07-04 01:20:17.334  1129  1129 D SsBaseTemplateCard: No text view can be set up
07-04 01:20:17.334  1129  1129 D SsBaseTemplateCard: Passed-in item info is null
07-04 01:20:17.334  1129  1129 D SsBaseTemplateCard: Passed-in item info is null
07-04 01:20:17.334  1129  1129 D SsBaseTemplateCard: Passed-in item info is null
07-04 01:20:17.334  1129  1129 I SsBaseTemplateCard: Secondary card pane is null
07-04 01:20:17.400   706   742 W IPCThreadState: Sending oneway calls to frozen process.
07-04 01:20:18.086  1121  1337 D SatelliteController: iisInCarrierRoamingNbIotNtn: satellite is disabled
07-04 01:20:18.327   706   742 W IPCThreadState: Sending oneway calls to frozen process.
07-04 01:20:18.367  1506  1729 W MediaProvider: isAppCloneUserPair for user 0: false
07-04 01:20:18.380  1506  1506 D WM-DelayedWorkTracker: Scheduling work 34f96e13-ce1c-4ebe-ad9d-cbbf03437c1b
07-04 01:20:18.381  1506  1506 D WM-GreedyScheduler: Starting tracking for 34f96e13-ce1c-4ebe-ad9d-cbbf03437c1b
07-04 01:20:18.383  1506  1818 D WM-ConstraintTracker: BatteryNotLowTracker: initial state = true
07-04 01:20:18.385  1506  1818 D WM-BrdcstRcvrCnstrntTrc: BatteryNotLowTracker: registering receiver
07-04 01:20:18.386  1506  1818 D WM-GreedyScheduler: Constraints met: Scheduling work ID WorkGenerationalId(workSpecId=34f96e13-ce1c-4ebe-ad9d-cbbf03437c1b, generation=0)
07-04 01:20:18.387  6570  6570 W AccessibilityNodeInfoDumper: Fetch time: 26ms
07-04 01:20:18.390  1506  1818 D WM-Processor: Processor: processing WorkGenerationalId(workSpecId=34f96e13-ce1c-4ebe-ad9d-cbbf03437c1b, generation=0)
07-04 01:20:18.391   706  2114 V AccessibilityManagerService: onUserStateChangedLocked for userId: 0, forceUpdate: false
07-04 01:20:18.396   706  2114 W MagnificationConnectionManager: requestConnection duplicated request: connect=false, mConnectionState=DISCONNECTED
07-04 01:20:18.400   706  2114 D AccessibilityManagerService: restoreCurrentUserForTestAutomationIfNeededLocked(): ignoring because device doesn't support visible background users
07-04 01:20:18.402  1528  1937 I AiAiEcho: Settings changed for uri: content://settings/secure/accessibility_enabled
07-04 01:20:18.405   706   706 W IPCThreadState: Sending oneway calls to frozen process.
07-04 01:20:18.406   706   706 W IPCThreadState: Sending oneway calls to frozen process.
07-04 01:20:18.406   706   706 W IPCThreadState: Sending oneway calls to frozen process.
07-04 01:20:18.406   706   706 W IPCThreadState: Sending oneway calls to frozen process.
07-04 01:20:18.407   706   706 W IPCThreadState: Sending oneway calls to frozen process.
07-04 01:20:18.407   706   706 W IPCThreadState: Sending oneway calls to frozen process.
07-04 01:20:18.409  6570  6570 D AndroidRuntime: Shutting down VM
07-04 01:20:18.409  6570  6580 W IPCThreadState: call to talkWithDriver in joinThreadPool returned error: -9 (Bad file descriptor), FD: -1
07-04 01:20:18.412  1528  1766 I AiAiEcho: Predicting[0]:  [CONTEXT sampling_count=5 ]
07-04 01:20:18.412  1528  1766 I AiAiEcho: EchoTargets: 
07-04 01:20:18.412  1528  1766 I AiAiEcho: Filtered by AiAi flag check: 
07-04 01:20:18.412  1528  1766 I AiAiEcho: [CONTEXT ratelimit_period="10 SECONDS" ]
07-04 01:20:18.413   706   706 W IPCThreadState: Sending oneway calls to frozen process.
07-04 01:20:18.414   706   706 W IPCThreadState: Sending oneway calls to frozen process.
07-04 01:20:18.414  1528  1766 I AiAiEcho: #remoteViewsTwiddler: feature disabled.
07-04 01:20:18.414   706   706 W IPCThreadState: Sending oneway calls to frozen process.
07-04 01:20:18.414   706   706 W IPCThreadState: Sending oneway calls to frozen process.
07-04 01:20:18.414  1528  1766 I AiAiEcho: Predicting[0]:  [CONTEXT sampling_count=5 ]
07-04 01:20:18.414  1528  1766 I AiAiEcho: EchoTargets: 
07-04 01:20:18.414  1528  1766 I AiAiEcho: Filtered by AiAi flag check: 
07-04 01:20:18.414  1528  1766 I AiAiEcho: [CONTEXT ratelimit_period="10 SECONDS" ]
07-04 01:20:18.417  1528  1766 I AiAiEcho: #remoteViewsTwiddler: feature disabled.
07-04 01:20:18.418  1528  1766 I AiAiEcho: #postPredictionTargets: Sending updates to UISurface lockscreen with targets# 0 (types=[])
07-04 01:20:18.421   706   706 W IPCThreadState: Sending oneway calls to frozen process.
07-04 01:20:18.421   706   706 W IPCThreadState: Sending oneway calls to frozen process.
07-04 01:20:18.421   706   706 W IPCThreadState: Sending oneway calls to frozen process.
07-04 01:20:18.422   706   706 W IPCThreadState: Sending oneway calls to frozen process.
07-04 01:20:18.422  1506  1506 D WM-WorkerWrapper: Starting work for com.android.providers.media.photopicker.sync.ProactiveSyncWorker
07-04 01:20:18.423   706   706 W IPCThreadState: Sending oneway calls to frozen process.
07-04 01:20:18.425   967   967 W PageIndicator: Total number of pages invalid: 0. Assuming 1 page.
07-04 01:20:18.426   706   706 W IPCThreadState: Sending oneway calls to frozen process.
07-04 01:20:18.428   706   706 W IPCThreadState: Sending oneway calls to frozen process.
07-04 01:20:18.432   706   706 W IPCThreadState: Sending oneway calls to frozen process.
07-04 01:20:18.432   706   706 W IPCThreadState: Sending oneway calls to frozen process.
07-04 01:20:18.436   706   706 W IPCThreadState: Sending oneway calls to frozen process.
07-04 01:20:18.437  1528  1766 I AiAiEcho: #postPredictionTargets: Sending updates to UISurface home with targets# 0 (types=[])
07-04 01:20:18.437   706   706 W IPCThreadState: Sending oneway calls to frozen process.
07-04 01:20:18.437   706   706 W IPCThreadState: Sending oneway calls to frozen process.
07-04 01:20:18.438   706   706 W IPCThreadState: Sending oneway calls to frozen process.
07-04 01:20:18.438  1506  6079 I PSyncWorker: Starting proactive picker sync from sync source: 1
07-04 01:20:18.438  6570  6579 W IPCThreadState: call to talkWithDriver in joinThreadPool returned error: -9 (Bad file descriptor), FD: -1
07-04 01:20:18.441   706   706 W IPCThreadState: Sending oneway calls to frozen process.
07-04 01:20:18.444  1506  6079 I PickerSyncTracker: Created new sync future java.util.concurrent.CompletableFuture@66bbcc2[Not completed, 1 dependents]. Future map: {34f96e13-ce1c-4ebe-ad9d-cbbf03437c1b=java.util.concurrent.CompletableFuture@66bbcc2[Not completed, 1 dependents]}
07-04 01:20:18.444   706   706 W IPCThreadState: Sending oneway calls to frozen process.
07-04 01:20:18.444  1506  6079 D PickerSyncController: syncAllMediaFromProvider() LOCAL, auth=com.android.providers.media.photopicker, retry=true
07-04 01:20:18.449   706   706 W IPCThreadState: Sending oneway calls to frozen process.
07-04 01:20:18.450  1506  6079 D PickerSyncController: getSyncRequestParams() LOCAL, auth=com.android.providers.media.photopicker
07-04 01:20:18.451   706   706 W IPCThreadState: Sending oneway calls to frozen process.
07-04 01:20:18.454   706   706 W IPCThreadState: Sending oneway calls to frozen process.
07-04 01:20:18.454  1129  1129 D SsBaseTemplateCard: No text view can be set up
07-04 01:20:18.455  1129  1129 D SsBaseTemplateCard: Passed-in item info is null
07-04 01:20:18.455  1129  1129 D SsBaseTemplateCard: Passed-in item info is null
07-04 01:20:18.455  1129  1129 D SsBaseTemplateCard: Passed-in item info is null
07-04 01:20:18.455  1129  1129 I SsBaseTemplateCard: Secondary card pane is null
07-04 01:20:18.457   706   706 W IPCThreadState: Sending oneway calls to frozen process.
07-04 01:20:18.460   706   706 W IPCThreadState: Sending oneway calls to frozen process.
07-04 01:20:18.466  1506  1506 D WM-SystemJobService: onStartJob for WorkGenerationalId(workSpecId=34f96e13-ce1c-4ebe-ad9d-cbbf03437c1b, generation=0)
07-04 01:20:18.467  1506  6079 D PickerSyncController:    Latest ID/Gen=7cb2da8e3887eeff:external_primary/545
07-04 01:20:18.468  1506  6079 D PickerSyncController:    Cached ID/Gen=7cb2da8e3887eeff:external_primary/529
07-04 01:20:18.468  1506  6079 D PickerSyncController:    RESULT=SyncRequestParams{type=MEDIA_INCREMENTAL, gen=529, latest=Bundle[{last_media_sync_generation=545, media_collection_id=7cb2da8e3887eeff:external_primary}], pageSize=1000}
07-04 01:20:18.473  1506  1809 D WM-Processor: Work WorkGenerationalId(workSpecId=34f96e13-ce1c-4ebe-ad9d-cbbf03437c1b, generation=0) is already enqueued for processing
07-04 01:20:18.474   706   706 D BatterySaverPolicy: accessibility changed to false, updating policy.
07-04 01:20:18.475   706   871 D WifiClientModeImpl[23202:wlan0]: updateLinkLayerStatsRssiSpeedFrequencyCapabilities rssi=-50 TxLinkspeed=1 freq=2447 RxLinkSpeed=2
07-04 01:20:18.476   706   871 D WifiDataStall: tx tput in kbps: 11000
07-04 01:20:18.476   706   871 D WifiDataStall: rx tput in kbps: 11000
07-04 01:20:18.477   706   871 V WifiConfigManager: Updating scan detail cache freq=2447 BSSID=00:13:10:85:fe:01 RSSI=-50 for "AndroidWifi"NONE
07-04 01:20:18.477   706   871 D WifiThroughputPredictor:  utilization (LLS) 80 isBluetoothConnected: false final utilization: 80
07-04 01:20:18.477  1506  6079 I PickerSyncController: Executing SyncAdd. isLocal: true. authority: com.android.providers.media.photopicker
07-04 01:20:18.478  1506  6079 D PickerSyncLockManager: Trying to acquire lock com.android.providers.media.photopicker.sync.CloseableReentrantLock@ee89538[Unlocked]. Lock Name = CLOUD_PROVIDER_LOCK. Threads that may be waiting to acquire this lock = [] with timeout.
07-04 01:20:18.478  1506  6079 D CloseableReentrantLock: Successfully acquired lock com.android.providers.media.photopicker.sync.CloseableReentrantLock@ee89538[Locked by thread pool-4-thread-4]. Lock Name = CLOUD_PROVIDER_LOCK. Threads that may be waiting to acquire this lock = []
07-04 01:20:18.478  1506  6079 D CloseableReentrantLock: Successfully released lock com.android.providers.media.photopicker.sync.CloseableReentrantLock@ee89538[Unlocked]. Lock Name = CLOUD_PROVIDER_LOCK. Threads that may be waiting to acquire this lock = []
07-04 01:20:18.479  1506  6079 D ExternalDbFacade: Token received for queryMedia = null
07-04 01:20:18.481   706   871 D WifiThroughputPredictor:  BW: 0 RSSI: -50 Nss: 1 Mode: 1 symDur: 4000 snrDb 30 bitPerTone: 4500 rate: 54 throughput: 11
07-04 01:20:18.484   706   871 D WifiThroughputPredictor:  utilization (LLS) 80 isBluetoothConnected: false final utilization: 80
07-04 01:20:18.484   706   871 D WifiThroughputPredictor:  BW: 0 RSSI: -50 Nss: 1 Mode: 1 symDur: 4000 snrDb 30 bitPerTone: 4500 rate: 54 throughput: 11
07-04 01:20:18.485   706   871 D WifiThroughputPredictor:  utilization (LLS) 80 isBluetoothConnected: false final utilization: 80
07-04 01:20:18.486   706   871 D WifiThroughputPredictor:  BW: 0 RSSI: -50 Nss: 1 Mode: 1 symDur: 4000 snrDb 30 bitPerTone: 4500 rate: 54 throughput: 11
07-04 01:20:18.486  1506  6079 D PickerSyncLockManager: Trying to acquire lock com.android.providers.media.photopicker.sync.CloseableReentrantLock@ee89538[Unlocked]. Lock Name = CLOUD_PROVIDER_LOCK. Threads that may be waiting to acquire this lock = [] with timeout.
07-04 01:20:18.489   706   871 D WifiThroughputPredictor:  utilization (LLS) 80 isBluetoothConnected: false final utilization: 80
07-04 01:20:18.490   706   871 D WifiThroughputPredictor:  BW: 0 RSSI: -50 Nss: 1 Mode: 1 symDur: 4000 snrDb 30 bitPerTone: 4500 rate: 54 throughput: 11
07-04 01:20:18.491  1506  6079 D CloseableReentrantLock: Successfully acquired lock com.android.providers.media.photopicker.sync.CloseableReentrantLock@ee89538[Locked by thread pool-4-thread-4]. Lock Name = CLOUD_PROVIDER_LOCK. Threads that may be waiting to acquire this lock = []
07-04 01:20:18.491  1506  6079 D PickerSyncController: Clearing next page token for key: local_provider:media_add:resume
07-04 01:20:18.491   706   871 D WifiScoreCard: BSSID update SIGNAL_POLL ID: 2146055532 SSID: "AndroidWifi", BSSID: 00:13:10:85:fe:01, MAC: 02:15:b4:00:00:00, IP: /10.0.2.17, Security type: 0, Supplicant state: COMPLETED, Wi-Fi standard: legacy, RSSI: -50, Link speed: 1Mbps, Tx Link speed: 1Mbps, Max Supported Tx Link speed: 11Mbps, Rx Link speed: 2Mbps, Max Supported Rx Link speed: 11Mbps, Frequency: 2447MHz, Net ID: 0, Metered hint: false, score: 60, isUsable: true, CarrierMerged: false, SubscriptionId: -1, IsPrimary: 1, Trusted: true, Restricted: false, Ephemeral: false, OEM paid: false, OEM private: false, OSU AP: false, FQDN: <none>, Provider friendly name: <none>, Requesting package name: <none>"AndroidWifi"openMLO Information: , Is TID-To-Link negotiation supported by the AP: false, AP MLD Address: <none>, AP MLO Link Id: <none>, AP MLO Affiliated links: <none>, Vendor Data: <none>
07-04 01:20:18.492  1506  6079 D CloseableReentrantLock: Successfully released lock com.android.providers.media.photopicker.sync.CloseableReentrantLock@ee89538[Unlocked]. Lock Name = CLOUD_PROVIDER_LOCK. Threads that may be waiting to acquire this lock = []
07-04 01:20:18.493   706   871 D WifiScoreCard: txRate: 1 txSpeed: 1
07-04 01:20:18.493  1506  6079 D PickerNotificationSender: Sending a notification for media update
07-04 01:20:18.494   706   871 D WifiScoreCard: network update SIGNAL_POLL "AndroidWifi" ID: 290235138 RSSI -50 txSpeed -1
07-04 01:20:18.495  1506  6079 D PickerNotificationSender: Sending a notification for merged album media update Videos
07-04 01:20:18.496   706   871 D WifiClientModeImpl[23202:wlan0]:  ClientModeImpl$L2ConnectedState screen=on 1 0 "AndroidWifi" 00:13:10:85:fe:01 rssi=-50 f=2447 sc=60 link=1 tx=0.0, 0.0, 0.0 rx=0.0 bcn=0 [on:0 tx:0 rx:0 period:3045] from screen [on:0 period:712990656] score=60
07-04 01:20:18.496  1506  6079 D PickerNotificationSender: Sending a notification for album media update Videos
07-04 01:20:18.498  1506  6079 D PickerNotificationSender: Sending a notification for merged album media update Favorites
07-04 01:20:18.498  1506  6079 D PickerNotificationSender: Sending a notification for album media update Favorites
07-04 01:20:18.499  1506  6079 I PickerSyncController: Paged sync successful. QueryArgs: Bundle[{android.provider.extra.SYNC_GENERATION=529, android.provider.extra.PAGE_SIZE=1000}] Total Rows: 0
07-04 01:20:18.499  1506  6079 I PickerSyncController: Executing SyncRemove. isLocal: true. authority: com.android.providers.media.photopicker
07-04 01:20:18.500  1506  6079 D PickerSyncLockManager: Trying to acquire lock com.android.providers.media.photopicker.sync.CloseableReentrantLock@ee89538[Unlocked]. Lock Name = CLOUD_PROVIDER_LOCK. Threads that may be waiting to acquire this lock = [] with timeout.
07-04 01:20:18.500  1506  6079 D CloseableReentrantLock: Successfully acquired lock com.android.providers.media.photopicker.sync.CloseableReentrantLock@ee89538[Locked by thread pool-4-thread-4]. Lock Name = CLOUD_PROVIDER_LOCK. Threads that may be waiting to acquire this lock = []
07-04 01:20:18.500  1506  6079 D CloseableReentrantLock: Successfully released lock com.android.providers.media.photopicker.sync.CloseableReentrantLock@ee89538[Unlocked]. Lock Name = CLOUD_PROVIDER_LOCK. Threads that may be waiting to acquire this lock = []
07-04 01:20:18.513   967  1045 W Looper  : Slow dispatch took 86ms wmshell.main app=com.android.systemui main=false group=FOREGROUND h=android.view.ViewRootImpl$ViewRootHandler c=android.view.accessibility.AccessibilityManager$$ExternalSyntheticLambda0@e3b148b m=0
07-04 01:20:18.514  1506  6079 E PickerDbFacade: Could not get first date taken millis for media id: 70
07-04 01:20:18.515  1506  6079 W PickerDbFacade: Unable to promote cloud media with localId: 70
07-04 01:20:18.518  1506  6079 D PickerSyncLockManager: Trying to acquire lock com.android.providers.media.photopicker.sync.CloseableReentrantLock@ee89538[Unlocked]. Lock Name = CLOUD_PROVIDER_LOCK. Threads that may be waiting to acquire this lock = [] with timeout.
07-04 01:20:18.518  1506  6079 D CloseableReentrantLock: Successfully acquired lock com.android.providers.media.photopicker.sync.CloseableReentrantLock@ee89538[Locked by thread pool-4-thread-4]. Lock Name = CLOUD_PROVIDER_LOCK. Threads that may be waiting to acquire this lock = []
07-04 01:20:18.518  1506  6079 D PickerSyncController: Clearing next page token for key: local_provider:media_remove:resume
07-04 01:20:18.519  1506  6079 D CloseableReentrantLock: Successfully released lock com.android.providers.media.photopicker.sync.CloseableReentrantLock@ee89538[Unlocked]. Lock Name = CLOUD_PROVIDER_LOCK. Threads that may be waiting to acquire this lock = []
07-04 01:20:18.519  1506  6079 D PickerNotificationSender: Sending a notification for media update
07-04 01:20:18.525  1506  6079 D PickerNotificationSender: Sending a notification for merged album media update Videos
07-04 01:20:18.526  1506  6079 D PickerNotificationSender: Sending a notification for album media update Videos
07-04 01:20:18.528  1506  6079 D PickerNotificationSender: Sending a notification for merged album media update Favorites
07-04 01:20:18.528  1506  6079 D PickerNotificationSender: Sending a notification for album media update Favorites
07-04 01:20:18.533  1506  6079 I PickerSyncController: Paged sync successful. QueryArgs: Bundle[{android.provider.extra.SYNC_GENERATION=529, android.provider.extra.PAGE_SIZE=1000}] Total Rows: 0
07-04 01:20:18.533  1506  6079 I PickerSyncTracker: Marked sync future complete for work id: 34f96e13-ce1c-4ebe-ad9d-cbbf03437c1b. Future map: {}
07-04 01:20:18.533  1506  6079 I PSyncWorker: Completed picker proactive sync complete from local provider.
07-04 01:20:18.535  1506  1809 I WM-WorkerWrapper: Worker result SUCCESS for Work [ id=34f96e13-ce1c-4ebe-ad9d-cbbf03437c1b, tags={ com.android.providers.media.photopicker.sync.ProactiveSyncWorker } ]
07-04 01:20:18.540  1506  1506 D WM-Processor: Processor 34f96e13-ce1c-4ebe-ad9d-cbbf03437c1b executed; reschedule = false
07-04 01:20:18.541  1506  1506 D WM-GreedyScheduler: Stopping tracking for WorkGenerationalId(workSpecId=34f96e13-ce1c-4ebe-ad9d-cbbf03437c1b, generation=0)
07-04 01:20:18.541  1506  1506 D WM-SystemJobService: 34f96e13-ce1c-4ebe-ad9d-cbbf03437c1b executed on JobScheduler
07-04 01:20:18.558  1506  1662 D WM-GreedyScheduler: Cancelling work ID 34f96e13-ce1c-4ebe-ad9d-cbbf03437c1b
07-04 01:20:18.561  1506  1662 D WM-GreedyScheduler: Ignoring {WorkSpec: b7deacdd-77b4-4f95-8e2e-9470c54412a8}. Requires device idle.
07-04 01:20:18.568  1506  1662 D WM-GreedyScheduler: Ignoring {WorkSpec: 28d75524-0f78-4938-ae95-25d396d3275c}. Requires device idle.
07-04 01:20:18.569  1506  1662 D WM-BrdcstRcvrCnstrntTrc: BatteryNotLowTracker: unregistering receiver
07-04 01:20:18.605  1496  1568 I fkev    : Shared storage file not found for com.google.android.gms.usagereporting
07-04 01:20:18.605  1506  1511 W FuseDaemon: Suspending all threads took: 5.536ms
07-04 01:20:18.664   706  2066 D FileUtils: Rounded bytes from 4110143488 to 8000000000
07-04 01:20:18.723  1496  6583 I GmscoreIpa: Starting mediastore instant index [CONTEXT service_id=255 ]
07-04 01:20:20.785  1506  6408 W MediaProvider: Ignoring param:deletedata post U for external apps
07-04 01:20:20.789  1506  6408 I MediaProvider: Deleted 0 0 0 0 0 0 1 items on external_primary due to com.android.shell
07-04 01:20:21.455   706   742 W IPCThreadState: Sending oneway calls to frozen process.
07-04 01:20:21.500   706   871 D WifiClientModeImpl[23202:wlan0]: updateLinkLayerStatsRssiSpeedFrequencyCapabilities rssi=-50 TxLinkspeed=1 freq=2447 RxLinkSpeed=2
07-04 01:20:21.500   706   871 D WifiDataStall: tx tput in kbps: 11000
07-04 01:20:21.500   706   871 D WifiDataStall: rx tput in kbps: 11000
07-04 01:20:21.501   706   871 V WifiConfigManager: Updating scan detail cache freq=2447 BSSID=00:13:10:85:fe:01 RSSI=-50 for "AndroidWifi"NONE
07-04 01:20:21.501   706   871 D WifiThroughputPredictor:  utilization (LLS) 80 isBluetoothConnected: false final utilization: 80
07-04 01:20:21.501   706   871 D WifiThroughputPredictor:  BW: 0 RSSI: -50 Nss: 1 Mode: 1 symDur: 4000 snrDb 30 bitPerTone: 4500 rate: 54 throughput: 11
07-04 01:20:21.501   706   871 D WifiThroughputPredictor:  utilization (LLS) 80 isBluetoothConnected: false final utilization: 80
07-04 01:20:21.501   706   871 D WifiThroughputPredictor:  BW: 0 RSSI: -50 Nss: 1 Mode: 1 symDur: 4000 snrDb 30 bitPerTone: 4500 rate: 54 throughput: 11
07-04 01:20:21.502   706   871 D WifiThroughputPredictor:  utilization (LLS) 80 isBluetoothConnected: false final utilization: 80
07-04 01:20:21.502   706   871 D WifiThroughputPredictor:  BW: 0 RSSI: -50 Nss: 1 Mode: 1 symDur: 4000 snrDb 30 bitPerTone: 4500 rate: 54 throughput: 11
07-04 01:20:21.502   706   871 D WifiThroughputPredictor:  utilization (LLS) 80 isBluetoothConnected: false final utilization: 80
07-04 01:20:21.502   706   871 D WifiThroughputPredictor:  BW: 0 RSSI: -50 Nss: 1 Mode: 1 symDur: 4000 snrDb 30 bitPerTone: 4500 rate: 54 throughput: 11
07-04 01:20:21.503   706   871 D WifiScoreCard: BSSID update SIGNAL_POLL ID: 2146055532 SSID: "AndroidWifi", BSSID: 00:13:10:85:fe:01, MAC: 02:15:b4:00:00:00, IP: /10.0.2.17, Security type: 0, Supplicant state: COMPLETED, Wi-Fi standard: legacy, RSSI: -50, Link speed: 1Mbps, Tx Link speed: 1Mbps, Max Supported Tx Link speed: 11Mbps, Rx Link speed: 2Mbps, Max Supported Rx Link speed: 11Mbps, Frequency: 2447MHz, Net ID: 0, Metered hint: false, score: 60, isUsable: true, CarrierMerged: false, SubscriptionId: -1, IsPrimary: 1, Trusted: true, Restricted: false, Ephemeral: false, OEM paid: false, OEM private: false, OSU AP: false, FQDN: <none>, Provider friendly name: <none>, Requesting package name: <none>"AndroidWifi"openMLO Information: , Is TID-To-Link negotiation supported by the AP: false, AP MLD Address: <none>, AP MLO Link Id: <none>, AP MLO Affiliated links: <none>, Vendor Data: <none>
07-04 01:20:21.503   706   871 D WifiScoreCard: txRate: 1 txSpeed: 1
07-04 01:20:21.504   706   871 D WifiScoreCard: network update SIGNAL_POLL "AndroidWifi" ID: 290235138 RSSI -50 txSpeed -1
07-04 01:20:21.504   706   871 D WifiClientModeImpl[23202:wlan0]:  ClientModeImpl$L2ConnectedState screen=on 1 0 "AndroidWifi" 00:13:10:85:fe:01 rssi=-50 f=2447 sc=60 link=1 tx=0.0, 0.0, 0.0 rx=0.0 bcn=0 [on:0 tx:0 rx:0 period:3007] from screen [on:0 period:712993664] score=60
07-04 01:20:21.705   706   742 W IPCThreadState: Sending oneway calls to frozen process.
07-04 01:20:21.713   706   807 W CpuMonitorService: Current CPU frequency (3930693) is greater than maximum CPU frequency (2) for policy ID (0). Skipping CPU frequency policy
07-04 01:20:21.713   706   807 W CpuMonitorService: Current CPU frequency (3965532) is greater than maximum CPU frequency (2) for policy ID (1). Skipping CPU frequency policy
07-04 01:20:21.714   706   807 W CpuMonitorService: Current CPU frequency (3966449) is greater than maximum CPU frequency (2) for policy ID (3). Skipping CPU frequency policy
07-04 01:20:21.714   706   742 W IPCThreadState: Sending oneway calls to frozen process.
07-04 01:20:21.767   706  1212 W ActivityTaskManager: callingPackage for (uid=2000, pid=6590) has no WPC
07-04 01:20:21.768   706  1212 V GrammaticalInflectionUtils: AttributionSource: AttributionSource { uid = 10217, packageName = null, attributionTag = null, token = android.os.Binder@a09104d, deviceId = 0, next = null } does not have READ_SYSTEM_GRAMMATICAL_GENDER permission.
07-04 01:20:21.768   706  1212 W OptProp : Cannot read opt property android.window.PROPERTY_COMPAT_ALLOW_USER_ASPECT_RATIO_OVERRIDE
07-04 01:20:21.768   706  1212 W OptProp : Cannot read opt property android.window.PROPERTY_COMPAT_ALLOW_USER_ASPECT_RATIO_FULLSCREEN_OVERRIDE
07-04 01:20:21.768   706  1212 W OptProp : Cannot read opt property android.window.PROPERTY_COMPAT_ALLOW_RESIZEABLE_ACTIVITY_OVERRIDES
07-04 01:20:21.769   706  1212 W OptProp : Cannot read opt property android.window.PROPERTY_COMPAT_ALLOW_MIN_ASPECT_RATIO_OVERRIDE
07-04 01:20:21.772   967  5451 D KeyguardService: setOccluded(false)
07-04 01:20:21.772   967  5451 D KeyguardViewMediator: setOccluded(false)
07-04 01:20:21.772   706  1212 I ActivityTaskManager: START u0 {act=android.intent.action.VIEW dat=danio://qa/... flg=0x10000000 xflg=0x4 pkg=com.tiarnanlarkin.danio cmp=com.tiarnanlarkin.danio/.MainActivity} with LAUNCH_SINGLE_TOP from uid 2000 (BAL_ALLOW_PERMISSION) result code=3
07-04 01:20:21.775   967   967 D KeyguardViewMediator: handleSetOccluded(false)
07-04 01:20:21.776   967   967 D KeyguardViewMediator: KeyguardViewMediator queue processing message: SET_OCCLUDED
07-04 01:20:21.777   558   568 I BpBinder: onLastStrongRef automatically unlinking death recipients: 
07-04 01:20:21.777   967  1045 D WindowManagerShell: onActivityRestartAttempt: topActivity=ComponentInfo{com.tiarnanlarkin.danio/com.tiarnanlarkin.danio.MainActivity}, wasVisible=true
07-04 01:20:21.783  5335  5335 I flutter : [QA] Deep link: danio://qa/plants
07-04 01:20:22.196   706   753 I WifiService: isFeatureSupported uid=1000 returns [WIFI_FEATURE_INFRA, WIFI_FEATURE_P2P, WIFI_FEATURE_MOBILE_HOTSPOT, WIFI_FEATURE_WPA3_SAE, WIFI_FEATURE_WPA3_SUITE_B, WIFI_FEATURE_OWE, WIFI_FEATURE_DPP, WIFI_FEATURE_AP_RAND_MAC, WIFI_FEATURE_MBO, WIFI_FEATURE_FILS_SHA256, WIFI_FEATURE_FILS_SHA384, WIFI_FEATURE_SAE_PK, WIFI_FEATURE_DPP_ENROLLEE_RESPONDER, WIFI_FEATURE_PASSPOINT_TERMS_AND_CONDITIONS, WIFI_FEATURE_WFD_R2, WIFI_FEATURE_DECORATED_IDENTITY, WIFI_FEATURE_TRUST_ON_FIRST_USE, WIFI_FEATURE_SET_TLS_MINIMUM_VERSION, WIFI_FEATURE_TLS_V1_3, WIFI_FEATURE_WEP, WIFI_FEATURE_WPA_PERSONAL]
07-04 01:20:22.764   706   742 W IPCThreadState: Sending oneway calls to frozen process.
07-04 01:20:23.472   955   955 D wpa_supplicant: nl80211: Drv Event 64 (NL80211_CMD_NOTIFY_CQM) received for wlan0
07-04 01:20:23.473   955   955 D wpa_supplicant: nl80211: Beacon loss event
07-04 01:20:23.473   955   955 D wpa_supplicant: wlan0: Event BEACON_LOSS (53) received
07-04 01:20:23.473   955   955 I wpa_supplicant: wlan0: CTRL-EVENT-BEACON-LOSS 
07-04 01:20:23.710   706   742 W IPCThreadState: Sending oneway calls to frozen process.
07-04 01:20:23.765  3236  3236 D BoundBrokerSvc: onUnbind: Intent { act=com.google.android.gms.auth.aang.events.services.START dat=chimera-action:/... xflg=0x4 cmp=com.google.android.gms/.chimera.PersistentApiService }
07-04 01:20:24.511   706   871 D WifiClientModeImpl[23202:wlan0]: updateLinkLayerStatsRssiSpeedFrequencyCapabilities rssi=-50 TxLinkspeed=1 freq=2447 RxLinkSpeed=2
07-04 01:20:24.512   706   871 D WifiDataStall: tx tput in kbps: 11000
07-04 01:20:24.512   706   871 D WifiDataStall: rx tput in kbps: 11000
07-04 01:20:24.513   706   871 V WifiConfigManager: Updating scan detail cache freq=2447 BSSID=00:13:10:85:fe:01 RSSI=-50 for "AndroidWifi"NONE
07-04 01:20:24.513   706   871 D WifiThroughputPredictor:  utilization (LLS) 80 isBluetoothConnected: false final utilization: 80
07-04 01:20:24.513   706   871 D WifiThroughputPredictor:  BW: 0 RSSI: -50 Nss: 1 Mode: 1 symDur: 4000 snrDb 30 bitPerTone: 4500 rate: 54 throughput: 11
07-04 01:20:24.513   706   871 D WifiThroughputPredictor:  utilization (LLS) 80 isBluetoothConnected: false final utilization: 80
07-04 01:20:24.514   706   871 D WifiThroughputPredictor:  BW: 0 RSSI: -50 Nss: 1 Mode: 1 symDur: 4000 snrDb 30 bitPerTone: 4500 rate: 54 throughput: 11
07-04 01:20:24.514   706   871 D WifiThroughputPredictor:  utilization (LLS) 80 isBluetoothConnected: false final utilization: 80
07-04 01:20:24.514   706   871 D WifiThroughputPredictor:  BW: 0 RSSI: -50 Nss: 1 Mode: 1 symDur: 4000 snrDb 30 bitPerTone: 4500 rate: 54 throughput: 11
07-04 01:20:24.514   706   871 D WifiThroughputPredictor:  utilization (LLS) 80 isBluetoothConnected: false final utilization: 80
07-04 01:20:24.514   706   871 D WifiThroughputPredictor:  BW: 0 RSSI: -50 Nss: 1 Mode: 1 symDur: 4000 snrDb 30 bitPerTone: 4500 rate: 54 throughput: 11
07-04 01:20:24.515   706   871 D WifiScoreCard: BSSID update SIGNAL_POLL ID: 2146055532 SSID: "AndroidWifi", BSSID: 00:13:10:85:fe:01, MAC: 02:15:b4:00:00:00, IP: /10.0.2.17, Security type: 0, Supplicant state: COMPLETED, Wi-Fi standard: legacy, RSSI: -50, Link speed: 1Mbps, Tx Link speed: 1Mbps, Max Supported Tx Link speed: 11Mbps, Rx Link speed: 2Mbps, Max Supported Rx Link speed: 11Mbps, Frequency: 2447MHz, Net ID: 0, Metered hint: false, score: 60, isUsable: true, CarrierMerged: false, SubscriptionId: -1, IsPrimary: 1, Trusted: true, Restricted: false, Ephemeral: false, OEM paid: false, OEM private: false, OSU AP: false, FQDN: <none>, Provider friendly name: <none>, Requesting package name: <none>"AndroidWifi"openMLO Information: , Is TID-To-Link negotiation supported by the AP: false, AP MLD Address: <none>, AP MLO Link Id: <none>, AP MLO Affiliated links: <none>, Vendor Data: <none>
07-04 01:20:24.515   706   871 D WifiScoreCard: txRate: 1 txSpeed: 1
07-04 01:20:24.516   706   871 D WifiScoreCard: network update SIGNAL_POLL "AndroidWifi" ID: 290235138 RSSI -50 txSpeed -1
07-04 01:20:24.516   706   871 D WifiClientModeImpl[23202:wlan0]:  ClientModeImpl$L2ConnectedState screen=on 1 0 "AndroidWifi" 00:13:10:85:fe:01 rssi=-50 f=2447 sc=60 link=1 tx=0.0, 0.0, 0.0 rx=0.0 bcn=0 [on:0 tx:0 rx:0 period:3011] from screen [on:0 period:712996676] score=60
07-04 01:20:24.867  6594  6594 W screencap: Thread Pool max thread count is 0. Cannot cache binder as linkToDeath cannot be implemented. serviceName: SurfaceFlingerAIDL
07-04 01:20:24.868  6594  6594 W BpBinder: Linking to death on android.gui.ISurfaceComposer but there are no threads (yet?) listening to incoming transactions. See ProcessState::startThreadPool and ProcessState::setThreadPoolMaxThreadCount. Generally you should setup the binder threadpool before other initialization steps.
07-04 01:20:24.869  6594  6594 W ProcessState: Extra binder thread started, but 0 threads requested. Do not use *startThreadPool when zero threads are requested.
07-04 01:20:25.059   558   568 E HwcComposer: getLuts failed Status(-8, EX_SERVICE_SPECIFIC): '8: '
07-04 01:20:25.060   558   568 E HWComposer: getLuts: getLuts failed for display 4619827259835644672: UNSUPPORTED (8)
07-04 01:20:25.279     0     0 I servicemanager: Caller(pid=6594,uid=2000,sid=u:r:shell:s0) Found android.hardware.graphics.allocator.IAllocator/default in device VINTF manifest.
07-04 01:20:25.284     0     0 I servicemanager: Caller(pid=6594,uid=2000,sid=u:r:shell:s0) Found android.hardware.graphics.allocator.IAllocator/default in device VINTF manifest.
07-04 01:20:25.287     0     0 I servicemanager: Caller(pid=6594,uid=2000,sid=u:r:shell:s0) Found mapper/ranchu in device VINTF manifest.
07-04 01:20:26.028  1506  6408 W MediaProvider: isAppCloneUserPair for user 0: false
07-04 01:20:26.317   706  1212 I ActivityManager: Broadcasting: Intent { act=android.intent.action.MEDIA_SCANNER_SCAN_FILE dat=file:///... flg=0x400000 }
07-04 01:20:26.318   706  1212 I ActivityManager: Enqueued broadcast Intent { act=android.intent.action.MEDIA_SCANNER_SCAN_FILE dat=file:///... flg=0x400000 }: 0
07-04 01:20:26.320   706  1660 W JobInfo : Job 'com.google.android.providers.media.module/com.android.providers.media.MediaService#-300' has a deadline with no functional constraints. The deadline won't improve job execution latency. Consider removing the deadline.
07-04 01:20:26.337   706   734 I ActivityManager: Broadcast completed: result=0
07-04 01:20:26.346  1506  1779 I MediaProvider: Begin Intent { act=android.intent.action.MEDIA_SCANNER_SCAN_FILE dat=file:///... flg=0x1400010 cmp=com.google.android.providers.media.module/com.android.providers.media.MediaService }
07-04 01:20:26.379  1506  1779 I MediaProvider: End Intent { act=android.intent.action.MEDIA_SCANNER_SCAN_FILE dat=file:///... flg=0x1400010 cmp=com.google.android.providers.media.module/com.android.providers.media.MediaService }
07-04 01:20:26.393  1506  1818 D WM-SystemJobScheduler: Scheduling work ID 74766da5-c329-4c9e-b3fa-5a842ce657b1Job ID 44
07-04 01:20:26.400  1506  1818 D WM-GreedyScheduler: Ignoring {WorkSpec: b7deacdd-77b4-4f95-8e2e-9470c54412a8}. Requires device idle.
07-04 01:20:26.400  1506  1818 D WM-GreedyScheduler: Ignoring {WorkSpec: 28d75524-0f78-4938-ae95-25d396d3275c}. Requires device idle.
07-04 01:20:26.773   706   737 E BLASTSyncEngine: WM sent Transaction (#29, Transition-OPEN, tx=3032246912644) to organizer, but never received commit callback. Application ANR likely to follow.
07-04 01:20:27.029   706   742 W IPCThreadState: Sending oneway calls to frozen process.
07-04 01:20:27.310   706   742 W IPCThreadState: Sending oneway calls to frozen process.
07-04 01:20:27.321   706   742 W IPCThreadState: Sending oneway calls to frozen process.
07-04 01:20:27.521   706   871 D WifiClientModeImpl[23202:wlan0]: updateLinkLayerStatsRssiSpeedFrequencyCapabilities rssi=-50 TxLinkspeed=1 freq=2447 RxLinkSpeed=2
07-04 01:20:27.521   706   871 D WifiDataStall: tx tput in kbps: 11000
07-04 01:20:27.521   706   871 D WifiDataStall: rx tput in kbps: 11000
07-04 01:20:27.522   706   871 V WifiConfigManager: Updating scan detail cache freq=2447 BSSID=00:13:10:85:fe:01 RSSI=-50 for "AndroidWifi"NONE
07-04 01:20:27.522   706   871 D WifiThroughputPredictor:  utilization (LLS) 80 isBluetoothConnected: false final utilization: 80
07-04 01:20:27.522   706   871 D WifiThroughputPredictor:  BW: 0 RSSI: -50 Nss: 1 Mode: 1 symDur: 4000 snrDb 30 bitPerTone: 4500 rate: 54 throughput: 11
07-04 01:20:27.522   706   871 D WifiThroughputPredictor:  utilization (LLS) 80 isBluetoothConnected: false final utilization: 80
07-04 01:20:27.523   706   871 D WifiThroughputPredictor:  BW: 0 RSSI: -50 Nss: 1 Mode: 1 symDur: 4000 snrDb 30 bitPerTone: 4500 rate: 54 throughput: 11
07-04 01:20:27.525   706   871 D WifiThroughputPredictor:  utilization (LLS) 80 isBluetoothConnected: false final utilization: 80
07-04 01:20:27.525   706   871 D WifiThroughputPredictor:  BW: 0 RSSI: -50 Nss: 1 Mode: 1 symDur: 4000 snrDb 30 bitPerTone: 4500 rate: 54 throughput: 11
07-04 01:20:27.532   706   871 D WifiThroughputPredictor:  utilization (LLS) 80 isBluetoothConnected: false final utilization: 80
07-04 01:20:27.532   706   871 D WifiThroughputPredictor:  BW: 0 RSSI: -50 Nss: 1 Mode: 1 symDur: 4000 snrDb 30 bitPerTone: 4500 rate: 54 throughput: 11
07-04 01:20:27.533   706   871 D WifiScoreCard: BSSID update SIGNAL_POLL ID: 2146055532 SSID: "AndroidWifi", BSSID: 00:13:10:85:fe:01, MAC: 02:15:b4:00:00:00, IP: /10.0.2.17, Security type: 0, Supplicant state: COMPLETED, Wi-Fi standard: legacy, RSSI: -50, Link speed: 1Mbps, Tx Link speed: 1Mbps, Max Supported Tx Link speed: 11Mbps, Rx Link speed: 2Mbps, Max Supported Rx Link speed: 11Mbps, Frequency: 2447MHz, Net ID: 0, Metered hint: false, score: 60, isUsable: true, CarrierMerged: false, SubscriptionId: -1, IsPrimary: 1, Trusted: true, Restricted: false, Ephemeral: false, OEM paid: false, OEM private: false, OSU AP: false, FQDN: <none>, Provider friendly name: <none>, Requesting package name: <none>"AndroidWifi"openMLO Information: , Is TID-To-Link negotiation supported by the AP: false, AP MLD Address: <none>, AP MLO Link Id: <none>, AP MLO Affiliated links: <none>, Vendor Data: <none>
07-04 01:20:27.533   706   871 D WifiScoreCard: txRate: 1 txSpeed: 1
07-04 01:20:27.533   706   871 D WifiScoreCard: network update SIGNAL_POLL "AndroidWifi" ID: 290235138 RSSI -50 txSpeed -1
07-04 01:20:27.533   706   871 D WifiClientModeImpl[23202:wlan0]:  ClientModeImpl$L2ConnectedState screen=on 1 0 "AndroidWifi" 00:13:10:85:fe:01 rssi=-50 f=2447 sc=60 link=1 tx=0.0, 0.0, 0.0 rx=0.0 bcn=0 [on:0 tx:0 rx:0 period:3017] from screen [on:0 period:712999693] score=60
07-04 01:20:27.753  1506  3688 W MediaProvider: Ignoring param:deletedata post U for external apps
07-04 01:20:27.756  1506  3688 I MediaProvider: Deleted 0 1 0 0 0 0 0 items on external_primary due to com.android.shell
07-04 01:20:27.888  1506  1506 D WM-DelayedWorkTracker: Scheduling work 74766da5-c329-4c9e-b3fa-5a842ce657b1
07-04 01:20:27.889  1506  1506 D WM-GreedyScheduler: Starting tracking for 74766da5-c329-4c9e-b3fa-5a842ce657b1
07-04 01:20:27.894  1506  1818 D WM-ConstraintTracker: BatteryNotLowTracker: initial state = true
07-04 01:20:27.894  1506  1818 D WM-BrdcstRcvrCnstrntTrc: BatteryNotLowTracker: registering receiver
07-04 01:20:27.897  1506  1809 D WM-GreedyScheduler: Constraints met: Scheduling work ID WorkGenerationalId(workSpecId=74766da5-c329-4c9e-b3fa-5a842ce657b1, generation=0)
07-04 01:20:27.899  1506  1809 D WM-Processor: Processor: processing WorkGenerationalId(workSpecId=74766da5-c329-4c9e-b3fa-5a842ce657b1, generation=0)
07-04 01:20:27.910  1506  1506 D WM-WorkerWrapper: Starting work for com.android.providers.media.photopicker.sync.ProactiveSyncWorker
07-04 01:20:27.945  1506  6113 I PSyncWorker: Starting proactive picker sync from sync source: 1
07-04 01:20:27.945  1506  6113 I PickerSyncTracker: Created new sync future java.util.concurrent.CompletableFuture@dec0727[Not completed, 1 dependents]. Future map: {74766da5-c329-4c9e-b3fa-5a842ce657b1=java.util.concurrent.CompletableFuture@dec0727[Not completed, 1 dependents]}
07-04 01:20:27.946  1506  6113 D PickerSyncController: syncAllMediaFromProvider() LOCAL, auth=com.android.providers.media.photopicker, retry=true
07-04 01:20:27.946  1506  6113 D PickerSyncController: getSyncRequestParams() LOCAL, auth=com.android.providers.media.photopicker
07-04 01:20:27.949  1506  6113 D PickerSyncController:    Latest ID/Gen=7cb2da8e3887eeff:external_primary/561
07-04 01:20:27.949  1506  6113 D PickerSyncController:    Cached ID/Gen=7cb2da8e3887eeff:external_primary/545
07-04 01:20:27.950  1506  6113 D PickerSyncController:    RESULT=SyncRequestParams{type=MEDIA_INCREMENTAL, gen=545, latest=Bundle[{last_media_sync_generation=561, media_collection_id=7cb2da8e3887eeff:external_primary}], pageSize=1000}
07-04 01:20:27.950  1506  6113 I PickerSyncController: Executing SyncAdd. isLocal: true. authority: com.android.providers.media.photopicker
07-04 01:20:27.950  1506  6113 D PickerSyncLockManager: Trying to acquire lock com.android.providers.media.photopicker.sync.CloseableReentrantLock@ee89538[Unlocked]. Lock Name = CLOUD_PROVIDER_LOCK. Threads that may be waiting to acquire this lock = [] with timeout.
07-04 01:20:27.950  1506  6113 D CloseableReentrantLock: Successfully acquired lock com.android.providers.media.photopicker.sync.CloseableReentrantLock@ee89538[Locked by thread pool-4-thread-5]. Lock Name = CLOUD_PROVIDER_LOCK. Threads that may be waiting to acquire this lock = []
07-04 01:20:27.950  1506  6113 D CloseableReentrantLock: Successfully released lock com.android.providers.media.photopicker.sync.CloseableReentrantLock@ee89538[Unlocked]. Lock Name = CLOUD_PROVIDER_LOCK. Threads that may be waiting to acquire this lock = []
07-04 01:20:27.951  1506  6113 D ExternalDbFacade: Token received for queryMedia = null
07-04 01:20:27.952  1506  6113 D PickerSyncLockManager: Trying to acquire lock com.android.providers.media.photopicker.sync.CloseableReentrantLock@ee89538[Unlocked]. Lock Name = CLOUD_PROVIDER_LOCK. Threads that may be waiting to acquire this lock = [] with timeout.
07-04 01:20:27.952  1506  6113 D CloseableReentrantLock: Successfully acquired lock com.android.providers.media.photopicker.sync.CloseableReentrantLock@ee89538[Locked by thread pool-4-thread-5]. Lock Name = CLOUD_PROVIDER_LOCK. Threads that may be waiting to acquire this lock = []
07-04 01:20:27.953  1506  6113 D PickerSyncController: Clearing next page token for key: local_provider:media_add:resume
07-04 01:20:27.954  1506  6113 D CloseableReentrantLock: Successfully released lock com.android.providers.media.photopicker.sync.CloseableReentrantLock@ee89538[Unlocked]. Lock Name = CLOUD_PROVIDER_LOCK. Threads that may be waiting to acquire this lock = []
07-04 01:20:27.954  1506  6113 D PickerNotificationSender: Sending a notification for media update
07-04 01:20:27.958  1506  6113 D PickerNotificationSender: Sending a notification for merged album media update Videos
07-04 01:20:27.958  1506  6113 D PickerNotificationSender: Sending a notification for album media update Videos
07-04 01:20:27.969  1506  6113 D PickerNotificationSender: Sending a notification for merged album media update Favorites
07-04 01:20:27.969  1506  6113 D PickerNotificationSender: Sending a notification for album media update Favorites
07-04 01:20:27.971  1506  6113 I PickerSyncController: Paged sync successful. QueryArgs: Bundle[{android.provider.extra.SYNC_GENERATION=545, android.provider.extra.PAGE_SIZE=1000}] Total Rows: 0
07-04 01:20:27.971  1506  6113 I PickerSyncController: Executing SyncRemove. isLocal: true. authority: com.android.providers.media.photopicker
07-04 01:20:27.971  1506  6113 D PickerSyncLockManager: Trying to acquire lock com.android.providers.media.photopicker.sync.CloseableReentrantLock@ee89538[Unlocked]. Lock Name = CLOUD_PROVIDER_LOCK. Threads that may be waiting to acquire this lock = [] with timeout.
07-04 01:20:27.972  1506  6113 D CloseableReentrantLock: Successfully acquired lock com.android.providers.media.photopicker.sync.CloseableReentrantLock@ee89538[Locked by thread pool-4-thread-5]. Lock Name = CLOUD_PROVIDER_LOCK. Threads that may be waiting to acquire this lock = []
07-04 01:20:27.973  1506  6113 D CloseableReentrantLock: Successfully released lock com.android.providers.media.photopicker.sync.CloseableReentrantLock@ee89538[Unlocked]. Lock Name = CLOUD_PROVIDER_LOCK. Threads that may be waiting to acquire this lock = []
07-04 01:20:27.974  1506  6113 E PickerDbFacade: Could not get first date taken millis for media id: 72
07-04 01:20:27.975  1506  6113 W PickerDbFacade: Unable to promote cloud media with localId: 72
07-04 01:20:27.976  1506  6113 D PickerSyncLockManager: Trying to acquire lock com.android.providers.media.photopicker.sync.CloseableReentrantLock@ee89538[Unlocked]. Lock Name = CLOUD_PROVIDER_LOCK. Threads that may be waiting to acquire this lock = [] with timeout.
07-04 01:20:27.977  1506  6113 D CloseableReentrantLock: Successfully acquired lock com.android.providers.media.photopicker.sync.CloseableReentrantLock@ee89538[Locked by thread pool-4-thread-5]. Lock Name = CLOUD_PROVIDER_LOCK. Threads that may be waiting to acquire this lock = []
07-04 01:20:27.977  1506  6113 D PickerSyncController: Clearing next page token for key: local_provider:media_remove:resume
07-04 01:20:27.977  1506  6113 D CloseableReentrantLock: Successfully released lock com.android.providers.media.photopicker.sync.CloseableReentrantLock@ee89538[Unlocked]. Lock Name = CLOUD_PROVIDER_LOCK. Threads that may be waiting to acquire this lock = []
07-04 01:20:27.977  1506  6113 D PickerNotificationSender: Sending a notification for media update
07-04 01:20:27.986  1506  6113 D PickerNotificationSender: Sending a notification for merged album media update Videos
07-04 01:20:27.987  1506  6113 D PickerNotificationSender: Sending a notification for album media update Videos
07-04 01:20:27.996  1506  6113 D PickerNotificationSender: Sending a notification for merged album media update Favorites
07-04 01:20:27.997  1506  6113 D PickerNotificationSender: Sending a notification for album media update Favorites
07-04 01:20:27.998  1506  6113 I PickerSyncController: Paged sync successful. QueryArgs: Bundle[{android.provider.extra.SYNC_GENERATION=545, android.provider.extra.PAGE_SIZE=1000}] Total Rows: 0
07-04 01:20:27.999  1506  6113 I PickerSyncTracker: Marked sync future complete for work id: 74766da5-c329-4c9e-b3fa-5a842ce657b1. Future map: {}
07-04 01:20:28.000  1506  6113 I PSyncWorker: Completed picker proactive sync complete from local provider.
07-04 01:20:28.001  1506  1818 I WM-WorkerWrapper: Worker result SUCCESS for Work [ id=74766da5-c329-4c9e-b3fa-5a842ce657b1, tags={ com.android.providers.media.photopicker.sync.ProactiveSyncWorker } ]
07-04 01:20:28.004  1506  1506 D WM-Processor: Processor 74766da5-c329-4c9e-b3fa-5a842ce657b1 executed; reschedule = false
07-04 01:20:28.004  1506  1506 D WM-GreedyScheduler: Stopping tracking for WorkGenerationalId(workSpecId=74766da5-c329-4c9e-b3fa-5a842ce657b1, generation=0)
07-04 01:20:28.035  1506  1662 D WM-GreedyScheduler: Cancelling work ID 74766da5-c329-4c9e-b3fa-5a842ce657b1
07-04 01:20:28.036  1506  1662 D WM-GreedyScheduler: Ignoring {WorkSpec: b7deacdd-77b4-4f95-8e2e-9470c54412a8}. Requires device idle.
07-04 01:20:28.036  1506  1662 D WM-GreedyScheduler: Ignoring {WorkSpec: 28d75524-0f78-4938-ae95-25d396d3275c}. Requires device idle.
07-04 01:20:28.037  1506  1662 D WM-BrdcstRcvrCnstrntTrc: BatteryNotLowTracker: unregistering receiver
07-04 01:20:28.087  1121  1337 D SatelliteController: iisInCarrierRoamingNbIotNtn: satellite is disabled
07-04 01:20:28.405   706   742 W IPCThreadState: Sending oneway calls to frozen process.
07-04 01:20:28.767  3236  6208 I NetworkScheduler.Stats: Task com.google.android.gms/com.google.android.gms.ipa.base.IpaGcmTaskService started execution. cause:9 exec_start_elapsed_seconds: 1948 [CONTEXT service_id=218 ]
07-04 01:20:28.785  3236  5276 I NetworkScheduler.Stats: Task com.google.android.gms/com.google.android.gms.ipa.base.IpaGcmTaskService finished executing. cause:9 result: 1 elapsed_millis: 33 uptime_millis: 33 exec_start_elapsed_seconds: 1948 [CONTEXT service_id=218 ]
07-04 01:20:28.862  6604  6604 D AndroidRuntime: >>>>>> START com.android.internal.os.RuntimeInit uid 2000 <<<<<<
07-04 01:20:28.868  6604  6604 I AndroidRuntime: Using default boot image
07-04 01:20:28.868  6604  6604 I AndroidRuntime: Leaving lock profiling enabled
07-04 01:20:28.872  6604  6604 I app_process: Core platform API reporting enabled, enforcing=false
07-04 01:20:28.874  6604  6604 I app_process: Using CollectorTypeCMC GC.
