--------- beginning of main
07-04 04:38:36.493 19217 19217 I nanlarkin.danio: AssetManager2(0x7499115e8bb8) locale list changing from [] to [en-US]
07-04 04:38:36.520 19217 19217 W nanlarkin.danio: type=1400 audit(0.0:166): avc:  denied  { read } for  name="max_map_count" dev="proc" ino=21831 scontext=u:r:untrusted_app:s0:c217,c256,c512,c768 tcontext=u:object_r:proc_max_map_count:s0 tclass=file permissive=0 app=com.tiarnanlarkin.danio
07-04 04:38:36.568 19217 19217 D DesktopModeFlags: Toggle override initialized to: OVERRIDE_UNSET
07-04 04:38:36.666 19217 19238 I flutter : [IMPORTANT:flutter/shell/platform/android/android_context_gl_impeller.cc(104)] Using the Impeller rendering backend (OpenGLES).
--------- beginning of system
07-04 04:38:36.773   706   815 D ActivityManager: freezing 6131 com.google.android.apps.photos
07-04 04:38:36.777   967  1058 W Looper  : Slow delivery took 50ms wmshell.anim app=com.android.systemui main=false group=TOP_APP h=android.view.Choreographer$FrameHandler c=android.view.Choreographer$FrameDisplayEventReceiver@f04dfa5 m=0
07-04 04:38:36.781   706   877 D InetDiagMessage: Destroyed 0 sockets, proto=IPPROTO_TCP, family=AF_INET, states=14
07-04 04:38:36.781   706   877 D InetDiagMessage: Destroyed 0 sockets, proto=IPPROTO_TCP, family=AF_INET6, states=14
07-04 04:38:36.781   706   877 D InetDiagMessage: Destroyed live tcp sockets for uids={10159} in 1ms
07-04 04:38:36.796   967  1058 W Looper  : Drained
07-04 04:38:36.819 19217 19244 I flutter : The Dart VM service is listening on http://127.0.0.1:33989/7nF1iaSs3Rw=/
07-04 04:38:36.892   967  1045 V WindowManagerShell: Transition animation finished (aborted=false), notifying core (#169) android.os.BinderProxy@5b8b541@0
07-04 04:38:36.908   706   734 V WindowManager: Finish Transition (#169): created at 07-04 04:38:35.447 collect-started=0.066ms request-sent=0.175ms started=18.039ms ready=758.95ms sent=771.71ms commit=107.914ms finished=1461.069ms
--------- beginning of kernel
07-04 04:38:36.894     0     0 I binder  : 2116:706 cannot find target node
07-04 04:38:36.894     0     0 I binder  : 706:2116 transaction async to 0:0 failed 6761813/29189/-22, size 64-0 line 3348
07-04 04:38:36.923   706  2116 E IPCThreadState: Binder transaction failure. id: 6761813, BR_*: 29189, error: -22 (Invalid argument)
07-04 04:38:36.924   706  2116 W ActivityManager: pid 706 system sent binder code 7 with flags 1 to frozen apps and got error -32
07-04 04:38:36.925   706  2116 W WindowManager: Exception thrown during dispatchAppVisibility Window{d8fe188 u0 com.tiarnanlarkin.danio/com.tiarnanlarkin.danio.MainActivity EXITING}
07-04 04:38:36.925   706  2116 W WindowManager: android.os.DeadObjectException
07-04 04:38:36.925   706  2116 W WindowManager: 	at android.os.BinderProxy.transactNative(Native Method)
07-04 04:38:36.925   706  2116 W WindowManager: 	at android.os.BinderProxy.transact(BinderProxy.java:592)
07-04 04:38:36.925   706  2116 W WindowManager: 	at android.view.IWindow$Stub$Proxy.dispatchAppVisibility(IWindow.java:557)
07-04 04:38:36.925   706  2116 W WindowManager: 	at com.android.server.wm.WindowState.sendAppVisibilityToClients(WindowState.java:3151)
07-04 04:38:36.925   706  2116 W WindowManager: 	at com.android.server.wm.WindowContainer.sendAppVisibilityToClients(WindowContainer.java:1311)
07-04 04:38:36.925   706  2116 W WindowManager: 	at com.android.server.wm.WindowToken.setClientVisible(WindowToken.java:389)
07-04 04:38:36.925   706  2116 W WindowManager: 	at com.android.server.wm.ActivityRecord.setClientVisible(ActivityRecord.java:6650)
07-04 04:38:36.925   706  2116 W WindowManager: 	at com.android.server.wm.ActivityRecord.commitVisibility(ActivityRecord.java:5561)
07-04 04:38:36.925   706  2116 W WindowManager: 	at com.android.server.wm.Transition.finishTransition(Transition.java:1391)
07-04 04:38:36.925   706  2116 W WindowManager: 	at com.android.server.wm.TransitionController.finishTransition(TransitionController.java:1029)
07-04 04:38:36.925   706  2116 W WindowManager: 	at com.android.server.wm.WindowOrganizerController.finishTransition(WindowOrganizerController.java:496)
07-04 04:38:36.925   706  2116 W WindowManager: 	at android.window.IWindowOrganizerController$Stub.onTransact(IWindowOrganizerController.java:261)
07-04 04:38:36.925   706  2116 W WindowManager: 	at com.android.server.wm.WindowOrganizerController.onTransact(WindowOrganizerController.java:223)
07-04 04:38:36.925   706  2116 W WindowManager: 	at android.os.Binder.execTransactInternal(Binder.java:1426)
07-04 04:38:36.925   706  2116 W WindowManager: 	at android.os.Binder.execTransact(Binder.java:1365)
07-04 04:38:36.925   706  2116 W Process : Unable to open /proc/19118/status
07-04 04:38:36.940   706  2116 I ImeTracker: system_server:c552df58: onRequestHide at ORIGIN_SERVER reason IME_REQUESTED_CHANGED_LISTENER fromUser false
07-04 04:38:36.946   706   737 I ImeTracker: system_server:c552df58: onCancelled at PHASE_SERVER_SHOULD_HIDE
07-04 04:38:36.992   967  1045 V WindowManagerShell: Track 0 became idle
07-04 04:38:36.994   967  1045 V WindowManagerShell: All active transition animations finished
07-04 04:38:36.994   967  1045 W Looper  : Slow dispatch took 103ms wmshell.main app=com.android.systemui main=false group=TOP_APP h=android.os.Handler c=com.android.wm.shell.transition.DefaultSurfaceAnimator$$ExternalSyntheticLambda0@f76315 m=0
07-04 04:38:36.995   967  1045 W Looper  : Slow delivery took 56ms wmshell.main app=com.android.systemui main=false group=TOP_APP h=android.os.Handler c=android.window.TaskOrganizer$1$$ExternalSyntheticLambda4@c3c62a m=0
07-04 04:38:36.998   967  1045 W Looper  : Drained
07-04 04:38:37.028   558   558 E BpTransactionCompletedListener: Failed to transact (-32)
07-04 04:38:37.029   558   558 E BpTransactionCompletedListener: Failed to transact (-32)
07-04 04:38:37.030  1129  1129 D RecentsView: onTaskRemoved: 62, not handling task stack changes
07-04 04:38:37.030  1129  1129 D RecentsView: onTaskRemoved: 62, not handling task stack changes
07-04 04:38:37.304 19217 19217 D com.llfbandit.app_links: Intent { act=android.intent.action.VIEW dat=danio://qa/... flg=0x10000000 xflg=0x4 pkg=com.tiarnanlarkin.danio cmp=com.tiarnanlarkin.danio/.MainActivity }
07-04 04:38:37.305 19217 19217 D com.llfbandit.app_links: Handled intent: action: android.intent.action.VIEW / data: danio://qa/unlock-celebration
07-04 04:38:37.354   706   871 D WifiClientModeImpl[23202:wlan0]: updateLinkLayerStatsRssiSpeedFrequencyCapabilities rssi=-50 TxLinkspeed=1 freq=2447 RxLinkSpeed=2
07-04 04:38:37.354   706   871 D WifiDataStall: tx tput in kbps: 11000
07-04 04:38:37.354   706   871 D WifiDataStall: rx tput in kbps: 11000
07-04 04:38:37.354   706   871 V WifiConfigManager: Updating scan detail cache freq=2447 BSSID=00:13:10:85:fe:01 RSSI=-50 for "AndroidWifi"NONE
07-04 04:38:37.356   706   871 D WifiThroughputPredictor:  utilization (LLS) 80 isBluetoothConnected: false final utilization: 80
07-04 04:38:37.356   706   871 D WifiThroughputPredictor:  BW: 0 RSSI: -50 Nss: 1 Mode: 1 symDur: 4000 snrDb 30 bitPerTone: 4500 rate: 54 throughput: 11
07-04 04:38:37.356   706   871 D WifiThroughputPredictor:  utilization (LLS) 80 isBluetoothConnected: false final utilization: 80
07-04 04:38:37.357   706   871 D WifiThroughputPredictor:  BW: 0 RSSI: -50 Nss: 1 Mode: 1 symDur: 4000 snrDb 30 bitPerTone: 4500 rate: 54 throughput: 11
07-04 04:38:37.359   706   871 D WifiThroughputPredictor:  utilization (LLS) 80 isBluetoothConnected: false final utilization: 80
07-04 04:38:37.359   706   871 D WifiThroughputPredictor:  BW: 0 RSSI: -50 Nss: 1 Mode: 1 symDur: 4000 snrDb 30 bitPerTone: 4500 rate: 54 throughput: 11
07-04 04:38:37.359   706   871 D WifiThroughputPredictor:  utilization (LLS) 80 isBluetoothConnected: false final utilization: 80
07-04 04:38:37.359   706   871 D WifiThroughputPredictor:  BW: 0 RSSI: -50 Nss: 1 Mode: 1 symDur: 4000 snrDb 30 bitPerTone: 4500 rate: 54 throughput: 11
07-04 04:38:37.360   706   871 D WifiScoreCard: BSSID update SIGNAL_POLL ID: 2146055532 SSID: "AndroidWifi", BSSID: 00:13:10:85:fe:01, MAC: 02:15:b4:00:00:00, IP: /10.0.2.17, Security type: 0, Supplicant state: COMPLETED, Wi-Fi standard: legacy, RSSI: -50, Link speed: 1Mbps, Tx Link speed: 1Mbps, Max Supported Tx Link speed: 11Mbps, Rx Link speed: 2Mbps, Max Supported Rx Link speed: 11Mbps, Frequency: 2447MHz, Net ID: 0, Metered hint: false, score: 60, isUsable: true, CarrierMerged: false, SubscriptionId: -1, IsPrimary: 1, Trusted: true, Restricted: false, Ephemeral: false, OEM paid: false, OEM private: false, OSU AP: false, FQDN: <none>, Provider friendly name: <none>, Requesting package name: <none>"AndroidWifi"openMLO Information: , Is TID-To-Link negotiation supported by the AP: false, AP MLD Address: <none>, AP MLO Link Id: <none>, AP MLO Affiliated links: <none>, Vendor Data: <none>
07-04 04:38:37.360   706   871 D WifiScoreCard: txRate: 1 txSpeed: 1
07-04 04:38:37.361   706   871 D WifiScoreCard: network update SIGNAL_POLL "AndroidWifi" ID: 290235138 RSSI -50 txSpeed -1
07-04 04:38:37.361   706   871 D WifiClientModeImpl[23202:wlan0]:  ClientModeImpl$L2ConnectedState screen=on 1 0 "AndroidWifi" 00:13:10:85:fe:01 rssi=-50 f=2447 sc=60 link=1 tx=0.0, 0.0, 0.0 rx=0.0 bcn=0 [on:0 tx:0 rx:0 period:3010] from screen [on:0 period:724889521] score=60
07-04 04:38:37.531 19217 19217 I nanlarkin.danio: hiddenapi: Accessing hidden method Landroid/view/accessibility/AccessibilityNodeInfo;->getSourceNodeId()J (runtime_flags=0, domain=platform, api=unsupported,test-api) from Lio/flutter/view/AccessibilityViewEmbedder$ReflectionAccessors; (domain=app) using reflection: allowed
07-04 04:38:37.532 19217 19217 I nanlarkin.danio: hiddenapi: Accessing hidden method Landroid/view/accessibility/AccessibilityRecord;->getSourceNodeId()J (runtime_flags=0, domain=platform, api=unsupported) from Lio/flutter/view/AccessibilityViewEmbedder$ReflectionAccessors; (domain=app) using reflection: allowed
07-04 04:38:37.533 19217 19217 I nanlarkin.danio: hiddenapi: Accessing hidden field Landroid/view/accessibility/AccessibilityNodeInfo;->mChildNodeIds:Landroid/util/LongArray; (runtime_flags=0, domain=platform, api=unsupported) from Lio/flutter/view/AccessibilityViewEmbedder$ReflectionAccessors; (domain=app) using reflection: allowed
07-04 04:38:37.534 19217 19217 I nanlarkin.danio: hiddenapi: Accessing hidden method Landroid/util/LongArray;->get(I)J (runtime_flags=0, domain=platform, api=unsupported) from Lio/flutter/view/AccessibilityViewEmbedder$ReflectionAccessors; (domain=app) using reflection: allowed
07-04 04:38:37.561 19217 19217 D FlutterRenderer: Width is zero. 0,0
07-04 04:38:37.565 19217 19217 D CompatChangeReporter: Compat change id reported: 377864165; UID 10217; state: ENABLED
07-04 04:38:37.586 19217 19217 W HWUI    : Unknown dataspace 0
07-04 04:38:37.571     0     0 I servicemanager: Caller(pid=19217,uid=10217,sid=u:r:untrusted_app:s0:c217,c256,c512,c768) Found android.hardware.graphics.allocator.IAllocator/default in device VINTF manifest.
07-04 04:38:37.575     0     0 I servicemanager: Caller(pid=19217,uid=10217,sid=u:r:untrusted_app:s0:c217,c256,c512,c768) Found android.hardware.graphics.allocator.IAllocator/default in device VINTF manifest.
07-04 04:38:37.579     0     0 I servicemanager: Caller(pid=19217,uid=10217,sid=u:r:untrusted_app:s0:c217,c256,c512,c768) Found mapper/ranchu in device VINTF manifest.
07-04 04:38:37.865  1574  1731 I bbax    : (REDACTED) getHotwordActive::active query: %s, watch: %s, devices connected: %s
07-04 04:38:37.927   706  1659 D CoreBackPreview: Window{a0f94ff u0 com.tiarnanlarkin.danio/com.tiarnanlarkin.danio.MainActivity}: Setting back callback OnBackInvokedCallbackInfo{mCallback=android.window.IOnBackInvokedCallback$Stub$Proxy@b3f9915, mPriority=-1, mIsAnimationCallback=false, mOverrideBehavior=0}
07-04 04:38:38.111 19217 19217 I WindowExtensionsImpl: Initializing Window Extensions, vendor API level=9, activity embedding enabled=true
07-04 04:38:38.194 19217 19217 D FlutterRenderer: Width is zero. 0,0
07-04 04:38:38.205 19217 19217 D FlutterJNI: Sending viewport metrics to the engine.
07-04 04:38:38.334 19217 19222 I nanlarkin.danio: Compiler allocated 5042KB to compile void android.view.ViewRootImpl.performTraversals()
07-04 04:38:38.485  1121  1337 D SatelliteController: iisInCarrierRoamingNbIotNtn: satellite is disabled
07-04 04:38:38.582   706   807 W CpuMonitorService: Current CPU frequency (3578489) is greater than maximum CPU frequency (2) for policy ID (2). Skipping CPU frequency policy
07-04 04:38:38.583   706   807 W CpuMonitorService: Current CPU frequency (4195748) is greater than maximum CPU frequency (2) for policy ID (3). Skipping CPU frequency policy
07-04 04:38:39.062   706  2068 W OptProp : Cannot read opt property android.window.PROPERTY_COMPAT_IGNORE_REQUESTED_ORIENTATION
07-04 04:38:39.063   706  2068 W OptProp : Cannot read opt property android.window.PROPERTY_COMPAT_ALLOW_IGNORING_ORIENTATION_REQUEST_WHEN_LOOP_DETECTED
07-04 04:38:39.063   706  2068 D CompatChangeReporter: Compat change id reported: 357141415; UID 10217; state: ENABLED
07-04 04:38:39.066   706  2068 I ActivityTaskManager: Ignoring requested fixed orientation SCREEN_ORIENTATION_USER_PORTRAIT of ActivityRecord{122980449 u0 com.tiarnanlarkin.danio/.MainActivity t63} since target sdk 36
07-04 04:38:39.210 19217 19217 I Choreographer: Skipped 61 frames!  The application may be doing too much work on its main thread.
07-04 04:38:39.281   955   955 D wpa_supplicant: nl80211: Drv Event 64 (NL80211_CMD_NOTIFY_CQM) received for wlan0
07-04 04:38:39.281   955   955 D wpa_supplicant: nl80211: Beacon loss event
07-04 04:38:39.281   955   955 D wpa_supplicant: wlan0: Event BEACON_LOSS (53) received
07-04 04:38:39.282   955   955 I wpa_supplicant: wlan0: CTRL-EVENT-BEACON-LOSS 
07-04 04:38:39.665   706  1604 E TaskPersister: File error accessing recents directory (directory doesn't exist?).
07-04 04:38:40.368   706   871 D WifiClientModeImpl[23202:wlan0]: updateLinkLayerStatsRssiSpeedFrequencyCapabilities rssi=-50 TxLinkspeed=1 freq=2447 RxLinkSpeed=2
07-04 04:38:40.369   706   871 D WifiDataStall: tx tput in kbps: 11000
07-04 04:38:40.369   706   871 D WifiDataStall: rx tput in kbps: 11000
07-04 04:38:40.369   706   871 V WifiConfigManager: Updating scan detail cache freq=2447 BSSID=00:13:10:85:fe:01 RSSI=-50 for "AndroidWifi"NONE
07-04 04:38:40.369   706   871 D WifiThroughputPredictor:  utilization (LLS) 80 isBluetoothConnected: false final utilization: 80
07-04 04:38:40.369   706   871 D WifiThroughputPredictor:  BW: 0 RSSI: -50 Nss: 1 Mode: 1 symDur: 4000 snrDb 30 bitPerTone: 4500 rate: 54 throughput: 11
07-04 04:38:40.369   706   871 D WifiThroughputPredictor:  utilization (LLS) 80 isBluetoothConnected: false final utilization: 80
07-04 04:38:40.370   706   871 D WifiThroughputPredictor:  BW: 0 RSSI: -50 Nss: 1 Mode: 1 symDur: 4000 snrDb 30 bitPerTone: 4500 rate: 54 throughput: 11
07-04 04:38:40.371   706   871 D WifiThroughputPredictor:  utilization (LLS) 80 isBluetoothConnected: false final utilization: 80
07-04 04:38:40.371   706   871 D WifiThroughputPredictor:  BW: 0 RSSI: -50 Nss: 1 Mode: 1 symDur: 4000 snrDb 30 bitPerTone: 4500 rate: 54 throughput: 11
07-04 04:38:40.371   706   871 D WifiThroughputPredictor:  utilization (LLS) 80 isBluetoothConnected: false final utilization: 80
07-04 04:38:40.371   706   871 D WifiThroughputPredictor:  BW: 0 RSSI: -50 Nss: 1 Mode: 1 symDur: 4000 snrDb 30 bitPerTone: 4500 rate: 54 throughput: 11
07-04 04:38:40.372   706   871 D WifiScoreCard: BSSID update SIGNAL_POLL ID: 2146055532 SSID: "AndroidWifi", BSSID: 00:13:10:85:fe:01, MAC: 02:15:b4:00:00:00, IP: /10.0.2.17, Security type: 0, Supplicant state: COMPLETED, Wi-Fi standard: legacy, RSSI: -50, Link speed: 1Mbps, Tx Link speed: 1Mbps, Max Supported Tx Link speed: 11Mbps, Rx Link speed: 2Mbps, Max Supported Rx Link speed: 11Mbps, Frequency: 2447MHz, Net ID: 0, Metered hint: false, score: 60, isUsable: true, CarrierMerged: false, SubscriptionId: -1, IsPrimary: 1, Trusted: true, Restricted: false, Ephemeral: false, OEM paid: false, OEM private: false, OSU AP: false, FQDN: <none>, Provider friendly name: <none>, Requesting package name: <none>"AndroidWifi"openMLO Information: , Is TID-To-Link negotiation supported by the AP: false, AP MLD Address: <none>, AP MLO Link Id: <none>, AP MLO Affiliated links: <none>, Vendor Data: <none>
07-04 04:38:40.372   706   871 D WifiScoreCard: txRate: 1 txSpeed: 1
07-04 04:38:40.372   706   871 D WifiScoreCard: network update SIGNAL_POLL "AndroidWifi" ID: 290235138 RSSI -50 txSpeed -1
07-04 04:38:40.374   706   871 D WifiClientModeImpl[23202:wlan0]:  ClientModeImpl$L2ConnectedState screen=on 1 0 "AndroidWifi" 00:13:10:85:fe:01 rssi=-50 f=2447 sc=60 link=1 tx=0.0, 0.0, 0.0 rx=0.0 bcn=0 [on:0 tx:0 rx:0 period:3013] from screen [on:0 period:724892534] score=60
07-04 04:38:41.019 19217 19217 D WindowLayoutComponentImpl: Register WindowLayoutInfoListener on Context=com.tiarnanlarkin.danio.MainActivity@4a80582, of which baseContext=android.app.ContextImpl@523a5fc
07-04 04:38:41.074 19217 19217 I Choreographer: Skipped 110 frames!  The application may be doing too much work on its main thread.
07-04 04:38:41.201   706   734 I ActivityTaskManager: Displayed com.tiarnanlarkin.danio/.MainActivity for user 0: +5s583ms
07-04 04:38:41.201   706   734 I ActivityTaskManager: Fully drawn com.tiarnanlarkin.danio/.MainActivity: +5s583ms
07-04 04:38:41.789   623   623 W IPCThreadState: Sending oneway calls to frozen process.
07-04 04:38:41.796   623   623 W IPCThreadState: Sending oneway calls to frozen process.
07-04 04:38:41.811   481   521 I netd    : tetherGetStats() -> {[]} <1.68ms>
07-04 04:38:41.967  1129  1129 D BaseDepthController: setSurface:
07-04 04:38:41.967  1129  1129 D BaseDepthController: 	mWaitingOnSurfaceValidity: false
07-04 04:38:41.967  1129  1129 D BaseDepthController: 	mBaseSurface: null
07-04 04:38:41.969  1129  1129 D BaseDepthController: mSurface is null and mCurrentBlur is: 0
07-04 04:38:41.970  1129  1129 D StateManager: goToState - fromState: Normal, toState: Normal, partial trace:
07-04 04:38:41.970  1129  1129 D StateManager: 	at com.android.launcher3.statemanager.StateManager.moveToRestState(go/retraceme 43e00d9cd0eb17b3d9dd30fc1741b1c71445c4c0f7c8c9b81300265c86c5b873:4)
07-04 04:38:41.970  1129  1129 D StateManager: 	at com.android.launcher3.statemanager.StateManager.moveToRestState(go/retraceme 43e00d9cd0eb17b3d9dd30fc1741b1c71445c4c0f7c8c9b81300265c86c5b873:1)
07-04 04:38:41.970  1129  1129 D StateManager: 	at com.android.launcher3.statemanager.StatefulActivity.onStop(go/retraceme 43e00d9cd0eb17b3d9dd30fc1741b1c71445c4c0f7c8c9b81300265c86c5b873:34)
07-04 04:38:41.971  1129  1129 D StatsLog: LAUNCHER_ONSTOP
07-04 04:38:41.973   706  1661 I AppWidgetServiceImpl: setAppWidgetHidden() 0
07-04 04:38:41.975  1129  1129 D StatsLog: LAUNCHER_GOOGLE_SEARCH_RESTORE_LIST_SIZE_AFTER_ACTIVITY_RESTART
07-04 04:38:41.976  1129  1129 D NexusLauncherModelDelegate: notifySmartspaceEvent: SmartspaceTargetEvent{mSmartspaceTarget=null, mSmartspaceActionId='null', mEventType=7}
07-04 04:38:41.978  1129  1129 D NexusLauncherModelDelegate: notifySmartspaceEvent: SmartspaceTargetEvent{mSmartspaceTarget=null, mSmartspaceActionId='null', mEventType=7}
07-04 04:38:41.991   706   926 D BackgroundInstallControlService: Package event received: 0
07-04 04:38:41.997   706  1659 W IPCThreadState: Sending oneway calls to frozen process.
07-04 04:38:42.913   706   742 W IPCThreadState: Sending oneway calls to frozen process.
07-04 04:38:42.929   706   801 D ActivityManager: sync unfroze 6131 com.google.android.apps.photos for 6
07-04 04:38:42.949   706  1661 W ProcessStats: Tracking association SourceState{ee16824 system/1000 ImpBg #7494} whose proc state 6 is better than process ProcessState{dab8aa3 com.google.android.apps.photos/10159 pkg=com.google.android.apps.photos} proc state 14 (2 skipped)
07-04 04:38:42.950   481   521 I netd    : tetherGetStats() -> {[]} <0.30ms>
07-04 04:38:42.959  1496 19256 I GmscoreIpa: Starting mediastore instant index [CONTEXT service_id=255 ]
07-04 04:38:42.972   706  1661 W JobScheduler: Job didn't exist in JobStore: afd63fc #u0a159/1034 com.google.android.apps.photos/com.google.android.libraries.social.mediamonitor.MediaMonitorJobSchedulerService
07-04 04:38:42.987   706  1659 W UriGrantsManagerService: No permission grants found for com.google.android.apps.photos
07-04 04:38:42.988   706  1659 W UriGrantsManagerService: No permission grants found for com.google.android.apps.photos
07-04 04:38:43.051   706  1661 W UriGrantsManagerService: No permission grants found for com.google.android.apps.photos
07-04 04:38:43.052   706  1661 W UriGrantsManagerService: No permission grants found for com.google.android.apps.photos
07-04 04:38:43.071   706  2088 W UriGrantsManagerService: No permission grants found for com.google.android.apps.photos
07-04 04:38:43.071   706  2088 W UriGrantsManagerService: No permission grants found for com.google.android.apps.photos
07-04 04:38:43.266   706   742 W IPCThreadState: Sending oneway calls to frozen process.
07-04 04:38:43.277   706   742 W IPCThreadState: Sending oneway calls to frozen process.
07-04 04:38:43.374   706   871 D WifiClientModeImpl[23202:wlan0]: updateLinkLayerStatsRssiSpeedFrequencyCapabilities rssi=-50 TxLinkspeed=1 freq=2447 RxLinkSpeed=2
07-04 04:38:43.374   706   871 D WifiDataStall: tx tput in kbps: 11000
07-04 04:38:43.374   706   871 D WifiDataStall: rx tput in kbps: 11000
07-04 04:38:43.374   706   871 V WifiConfigManager: Updating scan detail cache freq=2447 BSSID=00:13:10:85:fe:01 RSSI=-50 for "AndroidWifi"NONE
07-04 04:38:43.375   706   871 D WifiThroughputPredictor:  utilization (LLS) 80 isBluetoothConnected: false final utilization: 80
07-04 04:38:43.375   706   871 D WifiThroughputPredictor:  BW: 0 RSSI: -50 Nss: 1 Mode: 1 symDur: 4000 snrDb 30 bitPerTone: 4500 rate: 54 throughput: 11
07-04 04:38:43.375   706   871 D WifiThroughputPredictor:  utilization (LLS) 80 isBluetoothConnected: false final utilization: 80
07-04 04:38:43.375   706   871 D WifiThroughputPredictor:  BW: 0 RSSI: -50 Nss: 1 Mode: 1 symDur: 4000 snrDb 30 bitPerTone: 4500 rate: 54 throughput: 11
07-04 04:38:43.377   706   871 D WifiThroughputPredictor:  utilization (LLS) 80 isBluetoothConnected: false final utilization: 80
07-04 04:38:43.377   706   871 D WifiThroughputPredictor:  BW: 0 RSSI: -50 Nss: 1 Mode: 1 symDur: 4000 snrDb 30 bitPerTone: 4500 rate: 54 throughput: 11
07-04 04:38:43.377   706   871 D WifiThroughputPredictor:  utilization (LLS) 80 isBluetoothConnected: false final utilization: 80
07-04 04:38:43.377   706   871 D WifiThroughputPredictor:  BW: 0 RSSI: -50 Nss: 1 Mode: 1 symDur: 4000 snrDb 30 bitPerTone: 4500 rate: 54 throughput: 11
07-04 04:38:43.379   706   871 D WifiScoreCard: BSSID update SIGNAL_POLL ID: 2146055532 SSID: "AndroidWifi", BSSID: 00:13:10:85:fe:01, MAC: 02:15:b4:00:00:00, IP: /10.0.2.17, Security type: 0, Supplicant state: COMPLETED, Wi-Fi standard: legacy, RSSI: -50, Link speed: 1Mbps, Tx Link speed: 1Mbps, Max Supported Tx Link speed: 11Mbps, Rx Link speed: 2Mbps, Max Supported Rx Link speed: 11Mbps, Frequency: 2447MHz, Net ID: 0, Metered hint: false, score: 60, isUsable: true, CarrierMerged: false, SubscriptionId: -1, IsPrimary: 1, Trusted: true, Restricted: false, Ephemeral: false, OEM paid: false, OEM private: false, OSU AP: false, FQDN: <none>, Provider friendly name: <none>, Requesting package name: <none>"AndroidWifi"openMLO Information: , Is TID-To-Link negotiation supported by the AP: false, AP MLD Address: <none>, AP MLO Link Id: <none>, AP MLO Affiliated links: <none>, Vendor Data: <none>
07-04 04:38:43.379   706   871 D WifiScoreCard: txRate: 1 txSpeed: 1
07-04 04:38:43.379   706   871 D WifiScoreCard: network update SIGNAL_POLL "AndroidWifi" ID: 290235138 RSSI -50 txSpeed -1
07-04 04:38:43.379   706   871 D WifiClientModeImpl[23202:wlan0]:  ClientModeImpl$L2ConnectedState screen=on 1 0 "AndroidWifi" 00:13:10:85:fe:01 rssi=-50 f=2447 sc=60 link=1 tx=0.0, 0.0, 0.0 rx=0.0 bcn=0 [on:0 tx:0 rx:0 period:3005] from screen [on:0 period:724895539] score=60
07-04 04:38:43.731 19217 19217 D FlutterJNI: Sending viewport metrics to the engine.
07-04 04:38:43.804 19217 19217 I flutter : [LocalJsonStorageService] ✅ Storage loaded successfully: 1 tanks, 2 livestock, 3 equipment
07-04 04:38:43.824 19217 19262 D ProfileInstaller: Installing profile for com.tiarnanlarkin.danio
07-04 04:38:44.053 19217 19217 W WindowOnBackDispatcher: sendCancelIfRunning: isInProgress=false callback=io.flutter.embedding.android.FlutterActivity$1@5d2ca00
07-04 04:38:44.053   706  2088 D CoreBackPreview: Window{a0f94ff u0 com.tiarnanlarkin.danio/com.tiarnanlarkin.danio.MainActivity}: Setting back callback OnBackInvokedCallbackInfo{mCallback=android.window.IOnBackInvokedCallback$Stub$Proxy@9629665, mPriority=0, mIsAnimationCallback=true, mOverrideBehavior=0}
07-04 04:38:44.055   706  2088 D CoreBackPreview: Window{a0f94ff u0 com.tiarnanlarkin.danio/com.tiarnanlarkin.danio.MainActivity}: Setting back callback OnBackInvokedCallbackInfo{mCallback=android.window.IOnBackInvokedCallback$Stub$Proxy@feaff3a, mPriority=-1, mIsAnimationCallback=false, mOverrideBehavior=0}
07-04 04:38:44.071 19217 19217 I flutter : [QA] Deep link: danio://qa/unlock-celebration
07-04 04:38:44.289 19217 19217 I Choreographer: Skipped 60 frames!  The application may be doing too much work on its main thread.
07-04 04:38:44.293   706   835 I ImeTracker: com.tiarnanlarkin.danio:7f4d7b8f: onRequestHide at ORIGIN_SERVER reason HIDE_UNSPECIFIED_WINDOW fromUser false
07-04 04:38:44.295 19217 19217 D FlutterJNI: Sending viewport metrics to the engine.
07-04 04:38:44.299  1398  1398 I GoogleInputMethodService: GoogleInputMethodService.onFinishInput():2043 
07-04 04:38:44.304  1398  1398 I Module  : DeviceLockedStatusModuleProvider$Module.updateDeviceLockedStatus():100 repeatCheckTimes = 0, locked = false
07-04 04:38:44.305   706  1661 I ImeTracker: system_server:11b4e088: onRequestHide at ORIGIN_SERVER reason IME_REQUESTED_CHANGED_LISTENER fromUser false
07-04 04:38:44.306   706   737 I ImeTracker: system_server:11b4e088: onCancelled at PHASE_SERVER_SHOULD_HIDE
07-04 04:38:44.309  1398  1398 I GoogleInputMethodService: GoogleInputMethodService.onStartInput():1293 onStartInput(EditorInfo{EditorInfo{packageName=com.tiarnanlarkin.danio, inputType=0, inputTypeString=NULL, enableLearning=false, autoCorrection=false, autoComplete=false, imeOptions=0, privateImeOptions=null, actionName=UNSPECIFIED, actionLabel=null, initialSelStart=-1, initialSelEnd=-1, initialCapsMode=0, label=null, fieldId=0, fieldName=null, extras=null, hintText=null, hintLocales=[]}}, false)
07-04 04:38:44.312  1398  1398 I Module  : DeviceLockedStatusModuleProvider$Module.updateDeviceLockedStatus():100 repeatCheckTimes = 1, locked = false
07-04 04:38:44.314   706  2088 W PackageConfigPersister: App-specific configuration not found for packageName: com.tiarnanlarkin.danio and userId: 0
07-04 04:38:44.496   706   742 W IPCThreadState: Sending oneway calls to frozen process.
07-04 04:38:44.665   706  1661 D CoreBackPreview: Window{a0f94ff u0 com.tiarnanlarkin.danio/com.tiarnanlarkin.danio.MainActivity}: Setting back callback OnBackInvokedCallbackInfo{mCallback=android.window.IOnBackInvokedCallback$Stub$Proxy@9ce3b92, mPriority=0, mIsAnimationCallback=true, mOverrideBehavior=0}
07-04 04:38:44.673   706  1661 D ConnectivityService: requestNetwork for uid/pid:10217/19217 activeRequest: null callbackRequest: 346 [NetworkRequest [ REQUEST id=347, [ Capabilities: INTERNET&NOT_RESTRICTED&TRUSTED&NOT_VCN_MANAGED&NOT_BANDWIDTH_CONSTRAINED Uid: 10217 RequestorUid: 10217 RequestorPkg: com.tiarnanlarkin.danio UnderlyingNetworks: Null] ]] callback flags: 0 order: 2147483647 isUidTracked: false declaredMethods: AVAIL|LOST|NC
07-04 04:38:44.675   706   871 D WifiNetworkFactory: got request NetworkRequest [ REQUEST id=347, [ Capabilities: INTERNET&NOT_RESTRICTED&TRUSTED&NOT_VCN_MANAGED&NOT_BANDWIDTH_CONSTRAINED Uid: 10217 RequestorUid: 10217 RequestorPkg: com.tiarnanlarkin.danio UnderlyingNetworks: Null] ]
07-04 04:38:44.675   706   871 V WifiNetworkFactory: Accepted network request NetworkRequest [ REQUEST id=347, [ Capabilities: INTERNET&NOT_RESTRICTED&TRUSTED&NOT_VCN_MANAGED&NOT_BANDWIDTH_CONSTRAINED Uid: 10217 RequestorUid: 10217 RequestorPkg: com.tiarnanlarkin.danio UnderlyingNetworks: Null] ]
07-04 04:38:44.675 19217 19217 D InsetsController: hide(ime(), fromIme=false)
07-04 04:38:44.675   706   877 D ConnectivityService: NetReassign [347 : null → 100] [c 0] [a 0] [i 1]
07-04 04:38:44.675   706   871 D UntrustedWifiNetworkFactory: got request NetworkRequest [ REQUEST id=347, [ Capabilities: INTERNET&NOT_RESTRICTED&TRUSTED&NOT_VCN_MANAGED&NOT_BANDWIDTH_CONSTRAINED Uid: 10217 RequestorUid: 10217 RequestorPkg: com.tiarnanlarkin.danio UnderlyingNetworks: Null] ]
07-04 04:38:44.676   706   871 D OemPaidWifiNetworkFactory: got request NetworkRequest [ REQUEST id=347, [ Capabilities: INTERNET&NOT_RESTRICTED&TRUSTED&NOT_VCN_MANAGED&NOT_BANDWIDTH_CONSTRAINED Uid: 10217 RequestorUid: 10217 RequestorPkg: com.tiarnanlarkin.danio UnderlyingNetworks: Null] ]
07-04 04:38:44.676   706   871 D MultiInternetWifiNetworkFactory: got request NetworkRequest [ REQUEST id=347, [ Capabilities: INTERNET&NOT_RESTRICTED&TRUSTED&NOT_VCN_MANAGED&NOT_BANDWIDTH_CONSTRAINED Uid: 10217 RequestorUid: 10217 RequestorPkg: com.tiarnanlarkin.danio UnderlyingNetworks: Null] ]
07-04 04:38:44.677 19217 19217 I ImeTracker: com.tiarnanlarkin.danio:7f4d7b8f: onCancelled at PHASE_CLIENT_ALREADY_HIDDEN
07-04 04:38:44.890 19217 19260 D SessionsDependencies: Dependency to CRASHLYTICS added.
07-04 04:38:44.911 19217 19260 I FirebaseApp: Device unlocked: initializing all Firebase APIs for app [DEFAULT]
07-04 04:38:45.190 19217 19260 D FirebaseSessions: Initializing Firebase Sessions SDK.
07-04 04:38:45.216 19217 19260 I FirebaseCrashlytics: Initializing Firebase Crashlytics 18.6.3 for com.tiarnanlarkin.danio
07-04 04:38:45.246 19217 19260 D SessionsDependencies: Subscriber CRASHLYTICS registered.
07-04 04:38:45.283 19217 19269 D LifecycleServiceBinder: Binding service to application.
07-04 04:38:45.297 19217 19217 D SessionLifecycleService: Service bound to new client on process 19217
07-04 04:38:45.302 19217 19217 D SessionLifecycleClient: Connected to SessionLifecycleService. Queue size 0
07-04 04:38:45.316 19217 19272 D SessionLifecycleService: App has not yet foregrounded. Using previously stored session: null
07-04 04:38:45.318 19217 19272 D SessionLifecycleService: Client android.os.Messenger@44aaea0 bound at 13844830. Clients: 1
07-04 04:38:45.554   706  2088 D FileUtils: Rounded bytes from 4110143488 to 8000000000
07-04 04:38:45.585   706  1661 D FileUtils: Rounded bytes from 4110143488 to 8000000000
07-04 04:38:45.586 19217 19217 I flutter : [Main] Firebase initialised successfully
07-04 04:38:45.586 19217 19217 I flutter : [ConsentScreen] ConsentScreen: diagnostics consent=true
07-04 04:38:45.592 19217 19270 I FirebaseCrashlytics: No version control information found
07-04 04:38:45.604 19217 19217 I flutter : [SupabaseService] [SupabaseService] Placeholder credentials detected - running in offline-only mode.
07-04 04:38:46.353 19281 19281 W screencap: Thread Pool max thread count is 0. Cannot cache binder as linkToDeath cannot be implemented. serviceName: SurfaceFlingerAIDL
07-04 04:38:46.355 19281 19281 W BpBinder: Linking to death on android.gui.ISurfaceComposer but there are no threads (yet?) listening to incoming transactions. See ProcessState::startThreadPool and ProcessState::setThreadPoolMaxThreadCount. Generally you should setup the binder threadpool before other initialization steps.
07-04 04:38:46.355 19281 19281 W ProcessState: Extra binder thread started, but 0 threads requested. Do not use *startThreadPool when zero threads are requested.
07-04 04:38:46.387   706   871 D WifiClientModeImpl[23202:wlan0]: updateLinkLayerStatsRssiSpeedFrequencyCapabilities rssi=-50 TxLinkspeed=1 freq=2447 RxLinkSpeed=2
07-04 04:38:46.387   706   871 D WifiDataStall: tx tput in kbps: 11000
07-04 04:38:46.387   706   871 D WifiDataStall: rx tput in kbps: 11000
07-04 04:38:46.387   706   871 V WifiConfigManager: Updating scan detail cache freq=2447 BSSID=00:13:10:85:fe:01 RSSI=-50 for "AndroidWifi"NONE
07-04 04:38:46.388   706   871 D WifiThroughputPredictor:  utilization (LLS) 80 isBluetoothConnected: false final utilization: 80
07-04 04:38:46.390   706   871 D WifiThroughputPredictor:  BW: 0 RSSI: -50 Nss: 1 Mode: 1 symDur: 4000 snrDb 30 bitPerTone: 4500 rate: 54 throughput: 11
07-04 04:38:46.390   706   871 D WifiThroughputPredictor:  utilization (LLS) 80 isBluetoothConnected: false final utilization: 80
07-04 04:38:46.391   706   871 D WifiThroughputPredictor:  BW: 0 RSSI: -50 Nss: 1 Mode: 1 symDur: 4000 snrDb 30 bitPerTone: 4500 rate: 54 throughput: 11
07-04 04:38:46.393   706   871 D WifiThroughputPredictor:  utilization (LLS) 80 isBluetoothConnected: false final utilization: 80
07-04 04:38:46.397   706   871 D WifiThroughputPredictor:  BW: 0 RSSI: -50 Nss: 1 Mode: 1 symDur: 4000 snrDb 30 bitPerTone: 4500 rate: 54 throughput: 11
07-04 04:38:46.398   706   871 D WifiThroughputPredictor:  utilization (LLS) 80 isBluetoothConnected: false final utilization: 80
07-04 04:38:46.398   706   871 D WifiThroughputPredictor:  BW: 0 RSSI: -50 Nss: 1 Mode: 1 symDur: 4000 snrDb 30 bitPerTone: 4500 rate: 54 throughput: 11
07-04 04:38:46.401   706   871 D WifiScoreCard: BSSID update SIGNAL_POLL ID: 2146055532 SSID: "AndroidWifi", BSSID: 00:13:10:85:fe:01, MAC: 02:15:b4:00:00:00, IP: /10.0.2.17, Security type: 0, Supplicant state: COMPLETED, Wi-Fi standard: legacy, RSSI: -50, Link speed: 1Mbps, Tx Link speed: 1Mbps, Max Supported Tx Link speed: 11Mbps, Rx Link speed: 2Mbps, Max Supported Rx Link speed: 11Mbps, Frequency: 2447MHz, Net ID: 0, Metered hint: false, score: 60, isUsable: true, CarrierMerged: false, SubscriptionId: -1, IsPrimary: 1, Trusted: true, Restricted: false, Ephemeral: false, OEM paid: false, OEM private: false, OSU AP: false, FQDN: <none>, Provider friendly name: <none>, Requesting package name: <none>"AndroidWifi"openMLO Information: , Is TID-To-Link negotiation supported by the AP: false, AP MLD Address: <none>, AP MLO Link Id: <none>, AP MLO Affiliated links: <none>, Vendor Data: <none>
07-04 04:38:46.401   706   871 D WifiScoreCard: txRate: 1 txSpeed: 1
07-04 04:38:46.401   706   871 D WifiScoreCard: network update SIGNAL_POLL "AndroidWifi" ID: 290235138 RSSI -50 txSpeed -1
07-04 04:38:46.401   706   871 D WifiClientModeImpl[23202:wlan0]:  ClientModeImpl$L2ConnectedState screen=on 1 0 "AndroidWifi" 00:13:10:85:fe:01 rssi=-50 f=2447 sc=60 link=1 tx=0.0, 0.0, 0.0 rx=0.0 bcn=0 [on:0 tx:0 rx:0 period:3021] from screen [on:0 period:724898561] score=60
07-04 04:38:46.405   558   567 E HwcComposer: getLuts failed Status(-8, EX_SERVICE_SPECIFIC): '8: '
07-04 04:38:46.406   558   567 E HWComposer: getLuts: getLuts failed for display 4619827259835644672: UNSUPPORTED (8)
07-04 04:38:46.409     0     0 I servicemanager: Caller(pid=19281,uid=2000,sid=u:r:shell:s0) Found android.hardware.graphics.allocator.IAllocator/default in device VINTF manifest.
07-04 04:38:46.422     0     0 I servicemanager: Caller(pid=19281,uid=2000,sid=u:r:shell:s0) Found android.hardware.graphics.allocator.IAllocator/default in device VINTF manifest.
07-04 04:38:46.427     0     0 I servicemanager: Caller(pid=19281,uid=2000,sid=u:r:shell:s0) Found mapper/ranchu in device VINTF manifest.
07-04 04:38:46.519  1506  6408 W MediaProvider: isAppCloneUserPair for user 0: false
07-04 04:38:46.863   706  1661 I ActivityManager: Broadcasting: Intent { act=android.intent.action.MEDIA_SCANNER_SCAN_FILE dat=file:///... flg=0x400000 }
07-04 04:38:46.865   706  1661 I ActivityManager: Enqueued broadcast Intent { act=android.intent.action.MEDIA_SCANNER_SCAN_FILE dat=file:///... flg=0x400000 }: 0
07-04 04:38:46.873   706  2088 W JobInfo : Job 'com.google.android.providers.media.module/com.android.providers.media.MediaService#-300' has a deadline with no functional constraints. The deadline won't improve job execution latency. Consider removing the deadline.
07-04 04:38:46.891   706   734 I ActivityManager: Broadcast completed: result=0
07-04 04:38:46.894  1506  1779 I MediaProvider: Begin Intent { act=android.intent.action.MEDIA_SCANNER_SCAN_FILE dat=file:///... flg=0x1400010 cmp=com.google.android.providers.media.module/com.android.providers.media.MediaService }
07-04 04:38:46.932  1506  1779 I MediaProvider: End Intent { act=android.intent.action.MEDIA_SCANNER_SCAN_FILE dat=file:///... flg=0x1400010 cmp=com.google.android.providers.media.module/com.android.providers.media.MediaService }
07-04 04:38:46.942  1506  1662 D WM-SystemJobScheduler: Scheduling work ID d3e51a7c-2e93-4c45-a0bb-f4cc2d5f369eJob ID 133
07-04 04:38:46.956  1506  1662 D WM-GreedyScheduler: Ignoring {WorkSpec: b7deacdd-77b4-4f95-8e2e-9470c54412a8}. Requires device idle.
07-04 04:38:46.957  1506  1662 D WM-GreedyScheduler: Ignoring {WorkSpec: 28d75524-0f78-4938-ae95-25d396d3275c}. Requires device idle.
07-04 04:38:47.059  1506  1729 W MediaProvider: Ignoring param:deletedata post U for external apps
07-04 04:38:47.063  1506  1729 I MediaProvider: Deleted 0 1 0 0 0 0 0 items on external_primary due to com.android.shell
07-04 04:38:47.244 19293 19293 D AndroidRuntime: >>>>>> START com.android.internal.os.RuntimeInit uid 2000 <<<<<<
07-04 04:38:47.251 19293 19293 I AndroidRuntime: Using default boot image
07-04 04:38:47.251 19293 19293 I AndroidRuntime: Leaving lock profiling enabled
07-04 04:38:47.253 19293 19293 I app_process: Core platform API reporting enabled, enforcing=false
07-04 04:38:47.255 19293 19293 I app_process: Using CollectorTypeCMC GC.
07-04 04:38:47.342 19293 19293 D nativeloader: InitDefaultPublicLibraries for_preload=1: libandroid.so:libaaudio.so:libamidi.so:libbinder_ndk.so:libc.so:libcamera2ndk.so:libdl.so:libEGL.so:libGLESv1_CM.so:libGLESv2.so:libGLESv3.so:libicu.so:libicui18n.so:libicuuc.so:libjnigraphics.so:liblog.so:libmediandk.so:libm.so:libnativehelper.so:libnativewindow.so:libOpenMAXAL.so:libOpenSLES.so:libRS.so:libstdc++.so:libsync.so:libvulkan.so:libwebviewchromium_plat_support.so:libz.so
07-04 04:38:47.351 19293 19293 D nativeloader: Load libicu_jni.so using APEX ns com_android_art for caller /apex/com.android.art/javalib/core-oj.jar: ok
07-04 04:38:47.351 19293 19293 D app_process: u_setTimeZoneFilesDirectory("/apex/com.android.tzdata/etc/tz/versioned/9/icu") succeeded. 
07-04 04:38:47.351 19293 19293 D app_process: I18n APEX ICU file found: /apex/com.android.i18n/etc/icu/icudt76l.dat
07-04 04:38:47.353 19293 19293 D nativeloader: Load libjavacore.so using APEX ns com_android_art for caller /apex/com.android.art/javalib/core-oj.jar: ok
07-04 04:38:47.353 19293 19293 D nativeloader: Load libopenjdk.so using APEX ns com_android_art for caller /apex/com.android.art/javalib/core-oj.jar: ok
07-04 04:38:47.355 19293 19293 W app_process: Unexpected CPU variant for x86: x86_64.
07-04 04:38:47.355 19293 19293 W app_process: Known variants: atom, sandybridge, silvermont, goldmont, goldmont-plus, goldmont-without-sha-xsaves, tremont, kabylake, alderlake, default
07-04 04:38:47.356 19293 19293 W app_process: ClassLoaderContext shared library size mismatch. Expected=2, found=0 (PCL[]{PCL[/system/framework/android.test.base.jar*2789897741]#PCL[/system/framework/android.test.mock.jar*3361312393]} | PCL[])
07-04 04:38:47.357 19293 19293 W app_process: ClassLoaderContext classpath size mismatch. expected=0, found=1 (PCL[]{PCL[/system/framework/android.test.runner.jar*895143020]#PCL[/system/framework/android.test.base.jar*2789897741]} | PCL[/system/framework/android.test.runner.jar*895143020])
07-04 04:38:47.376 19293 19293 D nativeloader: Load libframework-connectivity-tiramisu-jni.so using APEX ns com_android_tethering for caller /apex/com.android.tethering/javalib/framework-connectivity-t.jar: ok
07-04 04:38:47.377 19293 19293 D AndroidRuntime: Calling main entry com.android.commands.uiautomator.Launcher
07-04 04:38:47.382 19293 19293 I AconfigPackage: android.media.swcodec.flags is mapped to com.android.media.swcodec
07-04 04:38:47.383 19293 19293 I AconfigPackage: com.google.android.settings.simplemode.flags is mapped to system_ext
07-04 04:38:47.383 19293 19293 I AconfigPackage: com.google.android.systemui is mapped to system_ext
07-04 04:38:47.383 19293 19293 I AconfigPackage: com.google.android.apps.nexuslauncher is mapped to system_ext
07-04 04:38:47.383 19293 19293 I AconfigPackage: com.android.settings.accessibility is mapped to system_ext
07-04 04:38:47.383 19293 19293 I AconfigPackage: com.android.settings.flags is mapped to system_ext
07-04 04:38:47.384 19293 19293 I AconfigPackage: com.google.android.apps.miphone.aiai.matchmaker.overview.ui is mapped to system_ext
07-04 04:38:47.384 19293 19293 I AconfigPackage: com.google.android.settings.flags is mapped to system_ext
07-04 04:38:47.384 19293 19293 I AconfigPackage: com.android.launcher3 is mapped to system_ext
07-04 04:38:47.384 19293 19293 I AconfigPackage: com.android.wallpaper is mapped to system_ext
07-04 04:38:47.384 19293 19293 I AconfigPackage: com.android.settings.media_drm is mapped to system_ext
07-04 04:38:47.384 19293 19293 I AconfigPackage: com.android.systemui.accessibility.accessibilitymenu is mapped to system_ext
07-04 04:38:47.384 19293 19293 I AconfigPackage: com.android.settings.keyboard is mapped to system_ext
07-04 04:38:47.384 19293 19293 I AconfigPackage: com.android.server.policy.feature.flags is mapped to system_ext
07-04 04:38:47.384 19293 19293 I AconfigPackage: com.android.settings.factory_reset is mapped to system_ext
07-04 04:38:47.384 19293 19293 I AconfigPackage: com.google.android.haptics.flags is mapped to system_ext
07-04 04:38:47.385 19293 19293 I AconfigPackage: com.android.permission.flags is mapped to com.android.permission
07-04 04:38:47.385 19293 19293 I AconfigPackage: com.android.icu is mapped to com.android.i18n
07-04 04:38:47.385 19293 19293 I AconfigPackage: com.android.appsearch.flags is mapped to com.android.appsearch
07-04 04:38:47.385 19293 19293 I AconfigPackage: android.uprobestats.mainline.flags is mapped to com.android.uprobestats
07-04 04:38:47.385 19293 19293 I AconfigPackage: android.provider.flags is mapped to com.android.configinfrastructure
07-04 04:38:47.385 19293 19293 I AconfigPackage: com.android.server.deviceconfig is mapped to com.android.configinfrastructure
07-04 04:38:47.385 19293 19293 I AconfigPackage: com.android.nfc.flags is mapped to system
07-04 04:38:47.385 19293 19293 I AconfigPackage: android.app.admin.flags is mapped to system
07-04 04:38:47.385 19293 19293 I AconfigPackage: android.database.sqlite is mapped to system
07-04 04:38:47.386 19293 19293 I AconfigPackage: com.android.providers.calendar is mapped to system
07-04 04:38:47.386 19293 19293 I AconfigPackage: com.android.server.power.feature.flags is mapped to system
07-04 04:38:47.386 19293 19293 I AconfigPackage: com.android.media.performance.flags is mapped to system
07-04 04:38:47.386 19293 19293 I AconfigPackage: android.app.contextualsearch.flags is mapped to system
07-04 04:38:47.386 19293 19293 I AconfigPackage: android.app.ondeviceintelligence.flags is mapped to system
07-04 04:38:47.386 19293 19293 I AconfigPackage: com.android.media.projection.flags is mapped to system
07-04 04:38:47.386 19293 19293 I AconfigPackage: android.companion is mapped to system
07-04 04:38:47.386 19293 19293 I AconfigPackage: android.service.controls.flags is mapped to system
07-04 04:38:47.386 19293 19293 I AconfigPackage: com.android.text.flags is mapped to system
07-04 04:38:47.386 19293 19293 I AconfigPackage: com.android.providers.contactkeys.flags is mapped to system
07-04 04:38:47.386 19293 19293 I AconfigPackage: com.android.intentresolver is mapped to system
07-04 04:38:47.386 19293 19293 I AconfigPackage: android.companion.virtualdevice.flags is mapped to system
07-04 04:38:47.386 19293 19293 I AconfigPackage: android.uprobestats.flags is mapped to system
07-04 04:38:47.386 19293 19293 I AconfigPackage: com.android.net.thread.platform.flags is mapped to system
07-04 04:38:47.386 19293 19293 I AconfigPackage: android.view.contentprotection.flags is mapped to system
07-04 04:38:47.386 19293 19293 I AconfigPackage: com.android.server.dreams is mapped to system
07-04 04:38:47.387 19293 19293 I AconfigPackage: com.android.graphics.surfaceflinger.flags is mapped to system
07-04 04:38:47.387 19293 19293 I AconfigPackage: com.android.hardware.input is mapped to system
07-04 04:38:47.387 19293 19293 I AconfigPackage: android.sdk is mapped to system
07-04 04:38:47.387 19293 19293 I AconfigPackage: com.android.input.flags is mapped to system
07-04 04:38:47.387 19293 19293 I AconfigPackage: android.tracing is mapped to system
07-04 04:38:47.387 19293 19293 I AconfigPackage: com.android.server.biometrics is mapped to system
07-04 04:38:47.387 19293 19293 I AconfigPackage: android.view.contentcapture.flags is mapped to system
07-04 04:38:47.387 19293 19293 I AconfigPackage: android.app.job is mapped to system
07-04 04:38:47.387 19293 19293 I AconfigPackage: android.content.res is mapped to system
07-04 04:38:47.387 19293 19293 I AconfigPackage: android.net.platform.flags is mapped to system
07-04 04:38:47.387 19293 19293 I AconfigPackage: com.android.aconfig.flags is mapped to system
07-04 04:38:47.387 19293 19293 I AconfigPackage: com.android.graphics.flags is mapped to system
07-04 04:38:47.387 19293 19293 I AconfigPackage: android.server.app is mapped to system
07-04 04:38:47.387 19293 19293 I AconfigPackage: android.speech.flags is mapped to system
07-04 04:38:47.387 19293 19293 I AconfigPackage: com.android.server.stats is mapped to system
07-04 04:38:47.388 19293 19293 I AconfigPackage: android.hardware.biometrics is mapped to system
07-04 04:38:47.388 19293 19293 I AconfigPackage: android.car.feature is mapped to system
07-04 04:38:47.388 19293 19293 I AconfigPackage: android.adpf is mapped to system
07-04 04:38:47.389 19293 19293 I AconfigPackage: android.location.flags is mapped to system
07-04 04:38:47.389 19293 19293 I AconfigPackage: com.android.settingslib.flags is mapped to system
07-04 04:38:47.389 19293 19293 I AconfigPackage: com.android.managedprovisioning.flags is mapped to system
07-04 04:38:47.389 19293 19293 I AconfigPackage: android.app.assist.flags is mapped to system
07-04 04:38:47.389 19293 19293 I AconfigPackage: com.android.server.net is mapped to system
07-04 04:38:47.389 19293 19293 I AconfigPackage: com.android.settingslib.widget.flags is mapped to system
07-04 04:38:47.389 19293 19293 I AconfigPackage: com.android.internal.camera.flags is mapped to system
07-04 04:38:47.389 19293 19293 I AconfigPackage: com.android.hardware.libsensor.flags is mapped to system
07-04 04:38:47.389 19293 19293 I AconfigPackage: com.android.internal.jank is mapped to system
07-04 04:38:47.389 19293 19293 I AconfigPackage: com.android.providers.settings is mapped to system
07-04 04:38:47.389 19293 19293 I AconfigPackage: android.multiuser is mapped to system
07-04 04:38:47.390 19293 19293 I AconfigPackage: com.android.server.power.optimization is mapped to system
07-04 04:38:47.390 19293 19293 I AconfigPackage: com.android.calllogbackup is mapped to system
07-04 04:38:47.390 19293 19293 I AconfigPackage: com.android.media.flags is mapped to system
07-04 04:38:47.390 19293 19293 I AconfigPackage: com.android.server.flags is mapped to system
07-04 04:38:47.390 19293 19293 I AconfigPackage: com.android.graphics.libvulkan.flags is mapped to system
07-04 04:38:47.390 19293 19293 I AconfigPackage: android.app.appfunctions.flags is mapped to system
07-04 04:38:47.390 19293 19293 I AconfigPackage: android.app.smartspace.flags is mapped to system
07-04 04:38:47.390 19293 19293 I AconfigPackage: com.android.providers.contacts.flags is mapped to system
07-04 04:38:47.390 19293 19293 I AconfigPackage: com.android.shell.flags is mapped to system
07-04 04:38:47.390 19293 19293 I AconfigPackage: com.android.media.aaudio is mapped to system
07-04 04:38:47.390 19293 19293 I AconfigPackage: android.hardware.radio is mapped to system
07-04 04:38:47.390 19293 19293 I AconfigPackage: com.google.wear.services.infra.flags is mapped to system
07-04 04:38:47.390 19293 19293 I AconfigPackage: suspend_service.flags is mapped to system
07-04 04:38:47.390 19293 19293 I AconfigPackage: android.media.midi is mapped to system
07-04 04:38:47.390 19293 19293 I AconfigPackage: com.android.libcore.readonly is mapped to system
07-04 04:38:47.391 19293 19293 I AconfigPackage: com.android.settingslib.widget.selectorwithwidgetpreference.flags is mapped to system
07-04 04:38:47.391 19293 19293 I AconfigPackage: android.service.notification is mapped to system
07-04 04:38:47.391 19293 19293 I AconfigPackage: com.android.systemui.shared is mapped to system
07-04 04:38:47.391 19293 19293 I AconfigPackage: android.app.jank is mapped to system
07-04 04:38:47.391 19293 19293 I AconfigPackage: android.app.wearable is mapped to system
07-04 04:38:47.391 19293 19293 I AconfigPackage: com.android.media.audio is mapped to system
07-04 04:38:47.391 19293 19293 I AconfigPackage: android.service.chooser is mapped to system
07-04 04:38:47.391 19293 19293 I AconfigPackage: com.android.server.compat is mapped to system
07-04 04:38:47.391 19293 19293 I AconfigPackage: com.android.server.alarm is mapped to system
07-04 04:38:47.391 19293 19293 I AconfigPackage: com.android.apex.flags is mapped to system
07-04 04:38:47.391 19293 19293 I AconfigPackage: android.service.quickaccesswallet is mapped to system
