07-04 00:51:49.794  1214  2041 D PrefCtrlListHelper: Could not find Context-only controller for pref: com.android.settings.applications.AppBatteryUsagePreferenceController
07-04 00:51:49.795  1214  2041 D PrefCtrlListHelper: Could not find Context-only controller for pref: com.android.settings.applications.appcompat.UserAspectRatioAppsPreferenceController
07-04 00:51:49.821  1214  2041 D PrefCtrlListHelper: Could not find Context-only controller for pref: com.android.settings.users.MultiUserTopIntroPreferenceController
07-04 00:51:49.830  1214  2041 D PrefCtrlListHelper: Could not find Context-only controller for pref: com.android.settings.users.TimeoutToDockUserPreferenceController
07-04 00:51:49.831   706   871 D WifiClientModeImpl[23202:wlan0]: updateLinkLayerStatsRssiSpeedFrequencyCapabilities rssi=-50 TxLinkspeed=1 freq=2447 RxLinkSpeed=2
07-04 00:51:49.832   706   871 D WifiDataStall: tx tput in kbps: 11000
07-04 00:51:49.832   706   871 D WifiDataStall: rx tput in kbps: 11000
07-04 00:51:49.832   706   871 V WifiConfigManager: Updating scan detail cache freq=2447 BSSID=00:13:10:85:fe:01 RSSI=-50 for "AndroidWifi"NONE
07-04 00:51:49.833   706   871 D WifiThroughputPredictor:  utilization (LLS) 80 isBluetoothConnected: false final utilization: 80
07-04 00:51:49.851   706   871 D WifiThroughputPredictor:  BW: 0 RSSI: -50 Nss: 1 Mode: 1 symDur: 4000 snrDb 30 bitPerTone: 4500 rate: 54 throughput: 11
07-04 00:51:49.851   706   871 D WifiThroughputPredictor:  utilization (LLS) 80 isBluetoothConnected: false final utilization: 80
07-04 00:51:49.851  1214  2041 D PrefCtrlListHelper: Could not find Context-only controller for pref: com.android.settings.inputmethod.KeyboardAccessibilityMouseKeysController
07-04 00:51:49.851   706   871 D WifiThroughputPredictor:  BW: 0 RSSI: -50 Nss: 1 Mode: 1 symDur: 4000 snrDb 30 bitPerTone: 4500 rate: 54 throughput: 11
07-04 00:51:49.852  1214  2041 W PrefCtrlListHelper: Cannot instantiate controller from reflection: com.android.settings.inputmethod.KeyboardAccessibilityMouseKeysController
07-04 00:51:49.852   706   871 D WifiThroughputPredictor:  utilization (LLS) 80 isBluetoothConnected: false final utilization: 80
07-04 00:51:49.852   706   871 D WifiThroughputPredictor:  BW: 0 RSSI: -50 Nss: 1 Mode: 1 symDur: 4000 snrDb 30 bitPerTone: 4500 rate: 54 throughput: 11
07-04 00:51:49.852  1214  2041 D PrefCtrlListHelper: Could not find Context-only controller for pref: com.android.settings.accounts.WorkModePreferenceController
07-04 00:51:49.852   706   871 D WifiThroughputPredictor:  utilization (LLS) 80 isBluetoothConnected: false final utilization: 80
07-04 00:51:49.852  1214  2041 D PrefCtrlListHelper: Could not find Context-only controller for pref: com.android.settings.accounts.ContactSearchPreferenceController
07-04 00:51:49.853   706   871 D WifiThroughputPredictor:  BW: 0 RSSI: -50 Nss: 1 Mode: 1 symDur: 4000 snrDb 30 bitPerTone: 4500 rate: 54 throughput: 11
07-04 00:51:49.853  1214  2041 D PrefCtrlListHelper: Could not find Context-only controller for pref: com.android.settings.accounts.CrossProfileCalendarPreferenceController
07-04 00:51:49.853  1214  2041 D PrefCtrlListHelper: Could not find Context-only controller for pref: com.android.settings.gestures.TapScreenGesturePreferenceController
07-04 00:51:49.854   706   871 D WifiScoreCard: BSSID update SIGNAL_POLL ID: 2146055532 SSID: "AndroidWifi", BSSID: 00:13:10:85:fe:01, MAC: 02:15:b4:00:00:00, IP: /10.0.2.17, Security type: 0, Supplicant state: COMPLETED, Wi-Fi standard: legacy, RSSI: -50, Link speed: 1Mbps, Tx Link speed: 1Mbps, Max Supported Tx Link speed: 11Mbps, Rx Link speed: 2Mbps, Max Supported Rx Link speed: 11Mbps, Frequency: 2447MHz, Net ID: 0, Metered hint: false, score: 60, isUsable: true, CarrierMerged: false, SubscriptionId: -1, IsPrimary: 1, Trusted: true, Restricted: false, Ephemeral: false, OEM paid: false, OEM private: false, OSU AP: false, FQDN: <none>, Provider friendly name: <none>, Requesting package name: <none>"AndroidWifi"openMLO Information: , Is TID-To-Link negotiation supported by the AP: false, AP MLD Address: <none>, AP MLO Link Id: <none>, AP MLO Affiliated links: <none>, Vendor Data: <none>
07-04 00:51:49.854   706   871 D WifiScoreCard: txRate: 1 txSpeed: 1
07-04 00:51:49.854   706   871 D WifiScoreCard: network update SIGNAL_POLL "AndroidWifi" ID: 290235138 RSSI -50 txSpeed -1
07-04 00:51:49.855   706   871 D WifiClientModeImpl[23202:wlan0]:  ClientModeImpl$L2ConnectedState screen=on 1 0 "AndroidWifi" 00:13:10:85:fe:01 rssi=-50 f=2447 sc=60 link=1 tx=0.0, 0.0, 0.0 rx=0.0 bcn=0 [on:0 tx:0 rx:0 period:3031] from screen [on:0 period:711282015] score=60
07-04 00:51:49.859  1214  2041 D PrefCtrlListHelper: Could not find Context-only controller for pref: com.android.settings.accessibility.DaltonizerPreferenceController
07-04 00:51:49.859  1214  2041 D PrefCtrlListHelper: Could not find Context-only controller for pref: com.android.settings.accessibility.ColorInversionPreferenceController
07-04 00:51:49.859  1214  2041 D PrefCtrlListHelper: Could not find Context-only controller for pref: com.android.settings.display.DarkUIPreferenceController
07-04 00:51:49.860  1214  2041 D PrefCtrlListHelper: Could not find Context-only controller for pref: com.android.settings.accessibility.DisableAnimationsPreferenceController
07-04 00:51:49.860  1214  2041 D PrefCtrlListHelper: Could not find Context-only controller for pref: com.android.settings.gestures.DoubleTapPowerIllustrationPreferenceController
07-04 00:51:49.861  1214  2041 D PrefCtrlListHelper: Could not find Context-only controller for pref: com.android.settings.gestures.DoubleTapPowerMainSwitchPreferenceController
07-04 00:51:49.861  1214  2041 D PrefCtrlListHelper: Could not find Context-only controller for pref: com.android.settings.gestures.DoubleTapPowerForCameraPreferenceController
07-04 00:51:49.861  1214  2041 D PrefCtrlListHelper: Could not find Context-only controller for pref: com.android.settings.gestures.DoubleTapPowerForWalletPreferenceController
07-04 00:51:49.862  1214  2041 D PrefCtrlListHelper: Could not find Context-only controller for pref: com.android.settings.applications.managedomainurls.WebActionCategoryController
07-04 00:51:49.863  1214  2041 D PrefCtrlListHelper: Could not find Context-only controller for pref: com.android.settings.applications.managedomainurls.InstantAppWebActionPreferenceController
07-04 00:51:49.863  1214  2041 D PrefCtrlListHelper: Could not find Context-only controller for pref: com.android.settings.applications.managedomainurls.InstantAppAccountPreferenceController
07-04 00:51:49.864  1214  2041 D PrefCtrlListHelper: Could not find Context-only controller for pref: com.android.settings.applications.managedomainurls.DomainAppPreferenceController
07-04 00:51:49.868  1214  2041 D PrefCtrlListHelper: Could not find Context-only controller for pref: com.android.settings.emergency.EmergencyGesturePreferenceController
07-04 00:51:49.868  1214  2041 D PrefCtrlListHelper: Could not find Context-only controller for pref: com.android.settings.emergency.EmergencyGestureSoundPreferenceController
07-04 00:51:49.869  1214  2041 D PrefCtrlListHelper: Could not find Context-only controller for pref: com.android.settings.emergency.EmergencyGestureNumberOverridePreferenceController
07-04 00:51:49.869  1214  2041 V SettingsSearchProvider: com.android.settings.emergency.EmergencyGestureSettings$1@c3464f9 tried to add an empty non-indexable key
07-04 00:51:49.870  1214  2041 D PrefCtrlListHelper: Could not find Context-only controller for pref: com.android.settings.gestures.DoubleTapScreenPreferenceController
07-04 00:51:49.876  1214  2041 D PrefCtrlListHelper: Could not find Context-only controller for pref: com.android.settings.development.linuxterminal.EnableLinuxTerminalPreferenceController
07-04 00:51:49.877  1214  2041 W PrefCtrlListHelper: Cannot instantiate controller from reflection: com.android.settings.development.linuxterminal.EnableLinuxTerminalPreferenceController
07-04 00:51:49.877  1214  2041 V SettingsSearchProvider: com.android.settings.development.linuxterminal.LinuxTerminalDashboardFragment$1@fcb67ec tried to add an empty non-indexable key
07-04 00:51:49.901  1214  2041 D PrefCtrlListHelper: Could not find Context-only controller for pref: com.android.settings.development.snooplogger.SnoopLoggerFiltersPreferenceController
07-04 00:51:49.905  1214  2041 V SettingsSearchProvider: com.android.settings.development.snooplogger.SnoopLoggerFiltersDashboard$1@ebedd33 tried to add an empty non-indexable key
07-04 00:51:49.906  1214  2041 D PrefCtrlListHelper: Could not find Context-only controller for pref: com.google.android.settings.communal.GlanceableHubTogglePreferenceController
07-04 00:51:49.906  1214  2041 D PrefCtrlListHelper: Could not find Context-only controller for pref: com.android.settings.communal.WhenToStartHubPreferenceController
07-04 00:51:49.908  1214  2041 D PrefCtrlListHelper: Could not find Context-only controller for pref: com.android.settings.dream.DreamMainSwitchPreferenceController
07-04 00:51:49.909  1214  2041 D PrefCtrlListHelper: Could not find Context-only controller for pref: com.android.settings.dream.DreamComplicationPreferenceController
07-04 00:51:49.910  1214  2041 D PrefCtrlListHelper: Could not find Context-only controller for pref: com.google.android.settings.security.SecurityStatusPreferenceController
07-04 00:51:49.910  1214  2041 D PrefCtrlListHelper: Could not find Context-only controller for pref: com.google.android.settings.security.PrimarySecurityWarningPreferenceController
07-04 00:51:49.911  1214  2041 D PrefCtrlListHelper: Could not find Context-only controller for pref: com.google.android.settings.security.FingerprintStatusGooglePreferenceController
07-04 00:51:49.911  1214  2041 D PrefCtrlListHelper: Could not find Context-only controller for pref: com.google.android.settings.security.FaceStatusGooglePreferenceController
07-04 00:51:49.911  1214  2041 D PrefCtrlListHelper: Could not find Context-only controller for pref: com.google.android.settings.security.CombinedBiometricStatusGooglePreferenceController
07-04 00:51:49.912  1214  2041 W PrefCtrlListHelper: security_show_more_warnings already has a controller
07-04 00:51:49.912  1214  2041 V SettingsSearchProvider: com.google.android.settings.security.SecurityHubDashboard$1@a00198f tried to add an empty non-indexable key
07-04 00:51:49.914  1214  2041 D PrefCtrlListHelper: Could not find Context-only controller for pref: com.google.android.settings.accessibility.AdaptiveVibrationTogglePreferenceController
07-04 00:51:49.914  1214  2041 D PrefCtrlListHelper: Could not find Context-only controller for pref: com.google.android.settings.accessibility.AdaptiveVibrationFooterPreferenceController
07-04 00:51:49.915  1214  2041 V SettingsSearchProvider: com.google.android.settings.accessibility.AdaptiveVibrationSettings$1@7c49825 tried to add an empty non-indexable key
07-04 00:51:49.916  1214  2041 D PrefCtrlListHelper: Could not find Context-only controller for pref: com.google.android.settings.notification.ClearCallingTogglePreferenceController
07-04 00:51:49.918  1214  2041 D PrefCtrlListHelper: Could not find Context-only controller for pref: com.google.android.settings.notification.ClearCallingTipsButtonPreferenceController
07-04 00:51:49.919  1214  2041 V SettingsSearchProvider: com.android.settings.search.BaseSearchIndexProvider@86ebfab tried to add an empty non-indexable key
07-04 00:51:49.920  1214  2041 D PrefCtrlListHelper: Could not find Context-only controller for pref: com.google.android.settings.touch.AdaptiveTouchSensitivityPreferenceController
07-04 00:51:49.924  1214  2041 D PrefCtrlListHelper: Could not find Context-only controller for pref: com.google.android.settings.touch.TouchSensitivityPreferenceController
07-04 00:51:49.925  1214  2041 D PrefCtrlListHelper: Could not find Context-only controller for pref: com.google.android.settings.gestures.columbus.ColumbusEnabledPreferenceController
07-04 00:51:49.925  1214  2041 D PrefCtrlListHelper: Could not find Context-only controller for pref: com.google.android.settings.gestures.columbus.ColumbusActionsPreferenceController
07-04 00:51:49.926  1214  2041 D PrefCtrlListHelper: Could not find Context-only controller for pref: com.google.android.settings.gestures.columbus.ColumbusLowSensitivityPreferenceController
07-04 00:51:49.926  1214  2041 V SettingsSearchProvider: com.google.android.settings.gestures.columbus.ColumbusSettings$1@8923fc6 tried to add an empty non-indexable key
07-04 00:51:49.927  1214  2041 D PrefCtrlListHelper: Could not find Context-only controller for pref: com.google.android.settings.fuelgauge.reversecharging.ReverseChargingSwitchPreferenceController
07-04 00:51:49.927  1214  2041 D PrefCtrlListHelper: Could not find Context-only controller for pref: com.google.android.settings.fuelgauge.reversecharging.ReverseChargingTopIntroController
07-04 00:51:49.930  1214  2041 D PrefCtrlListHelper: Could not find Context-only controller for pref: com.google.android.settings.fuelgauge.reversecharging.ReverseChargingSeekBarController
07-04 00:51:49.930  1214  2041 D PrefCtrlListHelper: Could not find Context-only controller for pref: com.google.android.settings.fuelgauge.reversecharging.ReverseChargingAutoTurnOnSwitchPreferenceController
07-04 00:51:49.934  1214  2041 D PrefCtrlListHelper: Could not find Context-only controller for pref: com.google.android.settings.fuelgauge.batterysaver.BatterySaverSchedulePreferenceController
07-04 00:51:49.935  1214  2041 D PrefCtrlListHelper: Could not find Context-only controller for pref: com.android.settings.fuelgauge.batterysaver.BatterySaverStickyPreferenceController
07-04 00:51:49.935  1214  2041 D PrefCtrlListHelper: Could not find Context-only controller for pref: com.google.android.settings.fuelgauge.batterysaver.BatterySaverReminderPreferenceController
07-04 00:51:50.041   706   953 I ActivityManager: Broadcasting: Intent { act=android.intent.action.MEDIA_SCANNER_SCAN_FILE dat=file:///... flg=0x400000 }
07-04 00:51:50.043   706   953 I ActivityManager: Enqueued broadcast Intent { act=android.intent.action.MEDIA_SCANNER_SCAN_FILE dat=file:///... flg=0x400000 }: 0
07-04 00:51:50.047   706   729 W JobInfo : Job 'com.google.android.providers.media.module/com.android.providers.media.MediaService#-300' has a deadline with no functional constraints. The deadline won't improve job execution latency. Consider removing the deadline.
07-04 00:51:50.078   706   734 I ActivityManager: Broadcast completed: result=0
07-04 00:51:50.094  1506  1779 I MediaProvider: Begin Intent { act=android.intent.action.MEDIA_SCANNER_SCAN_FILE dat=file:///... flg=0x1400010 cmp=com.google.android.providers.media.module/com.android.providers.media.MediaService }
07-04 00:51:50.158  1703  2024 I gs.intelligence: AssetManager2(0x7499115e78f8) locale list changing from [] to [en-US]
07-04 00:51:50.167  1703  2024 I gs.intelligence: AssetManager2(0x7499115ec0d8) locale list changing from [] to [en-US]
07-04 00:51:50.170   706   953 D ActivityManager: sync unfroze 2519 com.android.traceur for 7
07-04 00:51:50.173  2519  2519 D ActivityThread: Package [com.tiarnanlarkin.danio] reported as REPLACED, but missing application info. Assuming REMOVED.
07-04 00:51:50.181  1703  2024 I gs.intelligence: AssetManager2(0x7499115e8ed8) locale list changing from [] to [en-US]
07-04 00:51:50.183   706  2114 D ActivityManager: sync unfroze 2581 com.google.android.accessibility.switchaccess for 7
07-04 00:51:50.202  1703  2024 I gs.intelligence: AssetManager2(0x7499115ebdb8) locale list changing from [] to [en-US]
07-04 00:51:50.213  2581  2581 D ActivityThread: Package [com.tiarnanlarkin.danio] reported as REPLACED, but missing application info. Assuming REMOVED.
07-04 00:51:50.266   481   521 I netd    : tetherGetStats() -> {[]} <0.76ms>
07-04 00:51:50.267  1703  2024 I gs.intelligence: AssetManager2(0x7499115e9e78) locale list changing from [] to [en-US]
07-04 00:51:50.275  1703  2024 I gs.intelligence: AssetManager2(0x7499115ddfd8) locale list changing from [] to [en-US]
07-04 00:51:50.277  1703  2510 W RemoteCallableBase: Null cursor. Cannot add index data for Uri: content://com.google.android.accessibility.switchaccess.systemsettings.search.SwitchAccessSearchIndexablesProvider/settings/dynamic_indexables_raw
07-04 00:51:50.278  1703  2036 W RemoteCallableBase: Null cursor. Cannot add index data for Uri: content://com.android.traceur/settings/dynamic_indexables_raw
07-04 00:51:50.279   706   953 D ActivityManager: sync unfroze 2340 com.google.android.apps.messaging for 7
07-04 00:51:50.289  1506  1779 I MediaProvider: End Intent { act=android.intent.action.MEDIA_SCANNER_SCAN_FILE dat=file:///... flg=0x1400010 cmp=com.google.android.providers.media.module/com.android.providers.media.MediaService }
07-04 00:51:50.302   706  2114 D ActivityManager: sync unfroze 2295 com.google.android.apps.safetyhub for 7
07-04 00:51:50.307  1703  2506 W RemoteCallableBase: Null cursor. Cannot add index data for Uri: content://com.google.android.apps.messaging.settings.search/settings/dynamic_indexables_raw
07-04 00:51:50.308  1703  2024 I gs.intelligence: AssetManager2(0x7499115dd038) locale list changing from [] to [en-US]
07-04 00:51:50.311  2295  2346 W FirebaseInstanceId: Token retrieval failed: SERVICE_NOT_AVAILABLE. Will retry token retrieval
07-04 00:51:50.337  1703  2543 W RemoteCallableBase: Null cursor. Cannot add index data for Uri: content://com.google.android.apps.nexuslauncher/settings/dynamic_indexables_raw
07-04 00:51:50.344  1506  1809 D WM-SystemJobScheduler: Scheduling work ID aac60eca-ee5c-468d-b584-edd0389ce022Job ID 28
07-04 00:51:50.363  2581  2698 W ty.switchaccess: Suspending all threads took: 98.648ms
07-04 00:51:50.366  1703  2038 W RemoteCallableBase: Null cursor. Cannot add index data for Uri: content://com.google.android.apps.safetyhub.platformsettings.searchindexablesprovider/settings/dynamic_indexables_raw
07-04 00:51:50.371  1703  2510 W RemoteCallableBase: Null cursor. Cannot add index data for Uri: content://com.google.android.accessibility.switchaccess.systemsettings.search.SwitchAccessSearchIndexablesProvider/settings/non_indexables_key
07-04 00:51:50.381   706  1661 D ActivityManager: sync unfroze 2595 com.google.android.cellbroadcastreceiver for 7
07-04 00:51:50.383  1506  1809 D WM-GreedyScheduler: Ignoring {WorkSpec: b7deacdd-77b4-4f95-8e2e-9470c54412a8}. Requires device idle.
07-04 00:51:50.383  1506  1809 D WM-GreedyScheduler: Ignoring {WorkSpec: 28d75524-0f78-4938-ae95-25d396d3275c}. Requires device idle.
07-04 00:51:50.391  1703  2024 I gs.intelligence: AssetManager2(0x7499115dff18) locale list changing from [] to [en-US]
07-04 00:51:50.403  2595  2595 D ActivityThread: Package [com.tiarnanlarkin.danio] reported as REPLACED, but missing application info. Assuming REMOVED.
07-04 00:51:50.410  2295  2295 D ActivityThread: Package [com.tiarnanlarkin.danio] reported as REPLACED, but missing application info. Assuming REMOVED.
07-04 00:51:50.413  1506  1729 W MediaProvider: Ignoring param:deletedata post U for external apps
07-04 00:51:50.430  2340  2921 I ForwardSyncCache: reclaimMemory: Clearing caches
07-04 00:51:50.431   706  1661 D ActivityManager: sync unfroze 2610 com.google.android.gms.ui for 7
07-04 00:51:50.444  1506  1729 I MediaProvider: Deleted 0 1 0 0 0 0 0 items on external_primary due to com.android.shell
07-04 00:51:50.454  2295  2295 W TimedProcessReaper: Scheduling killing of process to refresh configuration
07-04 00:51:50.466  1703  2024 I gs.intelligence: AssetManager2(0x7499115e75d8) locale list changing from [] to [en-US]
07-04 00:51:50.471  2340  3220 I Bugle   : MessagesSearchIndexablesProvider: Querying NonIndexableKeys.
07-04 00:51:50.471  1703  2542 W RemoteCallableBase: Null cursor. Cannot add index data for Uri: content://com.google.android.apps.wellbeing/settings/dynamic_indexables_raw
07-04 00:51:50.471  2340  2921 W BugleSpam: trimming memory: closing msg model.
07-04 00:51:50.496   706  1661 D ActivityManager: sync unfroze 4210 com.google.android.googlequicksearchbox:search for 7
07-04 00:51:50.500  2340  2921 W Bugle   : TextClassifierLibManagerImpl: Reclaiming memory at level: 40
07-04 00:51:50.511  1703  2037 W RemoteCallableBase: Null cursor. Cannot add index data for Uri: content://com.android.cellbroadcastreceiver/settings/dynamic_indexables_raw
07-04 00:51:50.521  2610  2610 D ActivityThread: Package [com.tiarnanlarkin.danio] reported as REPLACED, but missing application info. Assuming REMOVED.
07-04 00:51:50.524   706  1661 W ProcessStats: Tracking association SourceState{6e4e918 com.google.android.settings.intelligence/10135 Service #3434} whose proc state 8 is better than process ProcessState{bc7a1d7 com.google.android.gms.ui/10146 pkg=com.google.android.gms} proc state 15 (6 skipped)
07-04 00:51:50.548  4503  4503 W dumpsys : Thread Pool max thread count is 0. Cannot cache binder as linkToDeath cannot be implemented. serviceName: window
07-04 00:51:50.553   706  1682 W JobInfo : Job 'com.google.android.settings.intelligence/.modules.routines.impl.RoutinesJobIntentService#1728' has a deadline with no functional constraints. The deadline won't improve job execution latency. Consider removing the deadline.
07-04 00:51:50.571  1703  2024 I gs.intelligence: AssetManager2(0x7499115eaaf8) locale list changing from [] to [en-US]
07-04 00:51:50.586  1703  2507 W RemoteCallableBase: Null cursor. Cannot add index data for Uri: content://com.google.android.gms.accountsettings.content/settings/dynamic_indexables_raw
07-04 00:51:50.588  2340  2431 I Bugle   : BroadcastReceiverAsyncWorkTracker: Acknowledging broadcast of cump@e6bf686
07-04 00:51:50.644  2595  2612 D CellBroadcastSettings: isShowFullScreenMessageVisible : false
07-04 00:51:50.680  1703  2024 I gs.intelligence: AssetManager2(0x7499115eb138) locale list changing from [] to [en-US]
07-04 00:51:50.701  2295  2317 W Safetyhub.EmergencySearchIndexablesProvider: Error getting setting item searchables
07-04 00:51:50.701  2295  2317 W Safetyhub.EmergencySearchIndexablesProvider: java.util.concurrent.ExecutionException: java.lang.IllegalStateException: No account, cannot provide search indexables
07-04 00:51:50.701  2295  2317 W Safetyhub.EmergencySearchIndexablesProvider: 	at opu.r(PG:21)
07-04 00:51:50.701  2295  2317 W Safetyhub.EmergencySearchIndexablesProvider: 	at opu.get(PG:10)
07-04 00:51:50.701  2295  2317 W Safetyhub.EmergencySearchIndexablesProvider: 	at iun.a(PG:166)
07-04 00:51:50.701  2295  2317 W Safetyhub.EmergencySearchIndexablesProvider: 	at com.google.android.apps.safetyhub.platformsettings.search.EmergencySearchIndexablesProvider.a(PG:43)
07-04 00:51:50.701  2295  2317 W Safetyhub.EmergencySearchIndexablesProvider: 	at com.google.android.apps.safetyhub.platformsettings.search.EmergencySearchIndexablesProvider.queryNonIndexableKeys(PG:62)
07-04 00:51:50.701  2295  2317 W Safetyhub.EmergencySearchIndexablesProvider: 	at android.provider.SearchIndexablesProvider.query(SearchIndexablesProvider.java:127)
07-04 00:51:50.701  2295  2317 W Safetyhub.EmergencySearchIndexablesProvider: 	at android.content.ContentProvider.query(ContentProvider.java:1625)
07-04 00:51:50.701  2295  2317 W Safetyhub.EmergencySearchIndexablesProvider: 	at android.content.ContentProvider.query(ContentProvider.java:1721)
07-04 00:51:50.701  2295  2317 W Safetyhub.EmergencySearchIndexablesProvider: 	at android.content.ContentProvider$Transport.query(ContentProvider.java:296)
07-04 00:51:50.701  2295  2317 W Safetyhub.EmergencySearchIndexablesProvider: 	at android.content.ContentProviderNative.onTransact(ContentProviderNative.java:107)
07-04 00:51:50.701  2295  2317 W Safetyhub.EmergencySearchIndexablesProvider: 	at android.os.Binder.execTransactInternal(Binder.java:1421)
07-04 00:51:50.701  2295  2317 W Safetyhub.EmergencySearchIndexablesProvider: 	at android.os.Binder.execTransact(Binder.java:1365)
07-04 00:51:50.701  2295  2317 W Safetyhub.EmergencySearchIndexablesProvider: Caused by: java.lang.IllegalStateException: No account, cannot provide search indexables
07-04 00:51:50.701  2295  2317 W Safetyhub.EmergencySearchIndexablesProvider: 	at gxw.a(PG:628)
07-04 00:51:50.701  2295  2317 W Safetyhub.EmergencySearchIndexablesProvider: 	at oqi.a(PG:57)
07-04 00:51:50.701  2295  2317 W Safetyhub.EmergencySearchIndexablesProvider: 	at opw.d(PG:3)
07-04 00:51:50.701  2295  2317 W Safetyhub.EmergencySearchIndexablesProvider: 	at opy.run(PG:38)
07-04 00:51:50.701  2295  2317 W Safetyhub.EmergencySearchIndexablesProvider: 	at a.e(PG:1)
07-04 00:51:50.701  2295  2317 W Safetyhub.EmergencySearchIndexablesProvider: 	at oqw.execute(PG:1)
07-04 00:51:50.701  2295  2317 W Safetyhub.EmergencySearchIndexablesProvider: 	at opu.g(PG:1)
07-04 00:51:50.701  2295  2317 W Safetyhub.EmergencySearchIndexablesProvider: 	at opu.j(PG:95)
07-04 00:51:50.701  2295  2317 W Safetyhub.EmergencySearchIndexablesProvider: 	at opu.m(PG:15)
07-04 00:51:50.701  2295  2317 W Safetyhub.EmergencySearchIndexablesProvider: 	at rve.a(PG:3)
07-04 00:51:50.701  2295  2317 W Safetyhub.EmergencySearchIndexablesProvider: 	at btl.a(PG:29)
07-04 00:51:50.701  2295  2317 W Safetyhub.EmergencySearchIndexablesProvider: 	at rqv.a(PG:3)
07-04 00:51:50.701  2295  2317 W Safetyhub.EmergencySearchIndexablesProvider: 	at rrg.k(PG:91)
07-04 00:51:50.701  2295  2317 W Safetyhub.EmergencySearchIndexablesProvider: 	at rrg.cD(PG:292)
07-04 00:51:50.701  2295  2317 W Safetyhub.EmergencySearchIndexablesProvider: 	at rrg.e(PG:198)
07-04 00:51:50.701  2295  2317 W Safetyhub.EmergencySearchIndexablesProvider: 	at rrg.C(PG:5)
07-04 00:51:50.701  2295  2317 W Safetyhub.EmergencySearchIndexablesProvider: 	at ror.cC(PG:5)
07-04 00:51:50.701  2295  2317 W Safetyhub.EmergencySearchIndexablesProvider: 	at rlb.cC(PG:35)
07-04 00:51:50.701  2295  2317 W Safetyhub.EmergencySearchIndexablesProvider: 	at rqa.run(PG:107)
07-04 00:51:50.701  2295  2317 W Safetyhub.EmergencySearchIndexablesProvider: 	at kvu.run(PG:27)
07-04 00:51:50.701  2295  2317 W Safetyhub.EmergencySearchIndexablesProvider: 	at ngp.run(PG:835)
07-04 00:51:50.701  2295  2317 W Safetyhub.EmergencySearchIndexablesProvider: 	at itu.run(PG:3)
07-04 00:51:50.701  2295  2317 W Safetyhub.EmergencySearchIndexablesProvider: 	at omi.run(PG:50)
07-04 00:51:50.701  2295  2317 W Safetyhub.EmergencySearchIndexablesProvider: 	at goy.run(PG:37)
07-04 00:51:50.701  2295  2317 W Safetyhub.EmergencySearchIndexablesProvider: 	at java.lang.Thread.run(Thread.java:1119)
07-04 00:51:50.701  2295  2317 W Safetyhub.EmergencySearchIndexablesProvider: 	at ivg.run(PG:63)
07-04 00:51:50.712  1703  2024 I gs.intelligence: AssetManager2(0x7499115eb778) locale list changing from [] to [en-US]
07-04 00:51:50.732   706   953 D ActivityManager: sync unfroze 2624 com.google.android.healthconnect.controller for 7
07-04 00:51:50.740  2624  2624 D ActivityThread: Package [com.tiarnanlarkin.danio] reported as REPLACED, but missing application info. Assuming REMOVED.
07-04 00:51:50.773   706  1056 D ActivityManager: sync unfroze 2640 com.google.android.marvin.talkback for 7
